Avg_MHz	Busy%	Bzy_MHz	TSC_MHz	IPC	IRQ	SMI	POLL	C1	C1E	C3	C6	C7s	C8	C9	C10	POLL%	C1%	C1E%	C3%	C6%	C7s%	C8%	C9%	C10%	CPU%c1	CPU%c3	CPU%c6	CPU%c7	CoreTmp	CoreThr	PkgTmp	Totl%C0	Any%C0	GFX%C0	CPUGFX%	Pkg%pc2	Pkg%pc3	Pkg%pc6	Pkg%pc7	Pkg%pc8	Pkg%pc9	Pk%pc10	CPU%LPI	SYS%LPI	PkgWatt	CorWatt	GFXWatt	RAMWatt	PKG_%	RAM_%
370	9.15	3930	3185	0.79	67	0	2	7	1	3	15	0	6	0	0	0.25	16.86	0.89	7.22	47.01	0.00	21.27	0.00	0.00	59.99	10.34	18.23	2.28	53	0	53	73.50	64.82	0.00	0.00	0.00	0.00	0.00	0.00	0.00	0.00	0.00	0.00	0.00	22.27	17.95	0.00	1.22	0.00	0.00
338	8.42	4057	3067	0.83	27	0	0	0	3	3	26	0	0	0	0	0.00	0.00	1.43	8.80	80.13	0.00	0.00	0.00	0.00	15.22	13.91	62.45	0.00	54	0	53	66.28	61.75	0.00	0.00	1.67	25.47	0.00	0.00	0.00	0.00	0.00	0.00	0.00	15.26	12.49	0.00	1.10	0.00	0.00
707	18.27	4072	2942	0.84	27	0	0	0	4	3	26	0	0	0	0	0.00	0.00	1.97	3.97	69.51	0.00	0.00	0.00	0.00	27.91	3.69	50.13	0.00	56	0	54	120.69	90.04	0.00	0.00	0.00	0.00	0.00	0.00	0.00	0.00	0.00	0.00	0.00	20.49	17.95	0.00	1.20	0.00	0.00
979	25.37	3886	3074	0.85	30	0	0	1	4	4	34	0	0	0	0	0.00	0.06	1.82	2.11	68.18	0.00	0.00	0.00	0.00	35.34	2.17	37.12	0.00	56	0	57	184.45	90.01	0.00	0.00	0.00	0.00	0.00	0.00	0.00	0.00	0.00	0.00	0.00	26.69	24.01	0.00	1.37	0.00	0.00
778	19.59	3799	3235	1.04	27	0	0	1	2	4	26	0	0	0	0	0.00	0.10	0.43	3.67	79.96	0.00	0.00	0.00	0.00	21.44	4.30	54.67	0.00	58	0	57	158.45	101.64	0.00	0.00	0.00	0.00	0.00	0.00	0.00	0.00	0.00	0.00	0.00	22.89	20.20	0.00	1.26	0.00	0.00
730	20.98	3797	2839	0.77	27	0	0	0	3	2	34	0	0	0	0	0.00	0.00	0.92	2.07	69.62	0.00	0.00	0.00	0.00	22.58	2.13	54.32	0.00	57	0	56	152.71	94.90	0.00	0.00	0.00	0.00	0.00	0.00	0.00	0.00	0.00	0.00	0.00	20.56	17.46	0.00	1.08	0.00	0.00
712	21.29	3561	2910	0.65	35	0	0	1	16	10	51	0	2	0	0	0.00	0.05	2.70	8.28	58.03	0.00	5.09	0.00	0.00	28.53	9.73	40.46	0.00	55	0	55	145.46	94.22	0.00	0.00	0.00	0.00	0.00	0.00	0.00	0.00	0.00	0.00	0.00	19.67	15.78	0.00	1.19	0.00	0.00
805	20.45	3500	3480	0.62	36	0	0	3	20	9	48	0	0	0	0	0.00	0.06	14.59	6.86	68.22	0.00	0.00	0.00	0.00	44.09	2.15	33.31	0.00	55	0	56	156.71	103.57	0.00	0.00	0.00	0.00	0.00	0.00	0.00	0.00	0.00	0.00	0.00	23.65	19.10	0.00	1.43	0.00	0.00
787	24.59	3361	2949	0.62	28	0	1	12	67	10	29	0	0	0	0	0.05	3.20	20.97	5.30	42.65	0.00	0.00	0.00	0.00	51.86	5.04	18.51	0.00	56	0	56	172.27	94.50	0.00	0.00	0.00	0.00	0.00	0.00	0.00	0.00	0.00	0.00	0.00	16.71	15.96	0.00	0.95	0.00	0.00
776	24.04	3200	3124	0.66	32	0	0	24	17	17	63	0	0	0	0	0.00	12.26	5.39	9.51	49.92	0.00	0.00	0.00	0.00	38.33	9.70	27.93	0.00	55	0	55	145.06	85.23	0.00	0.00	0.00	0.00	0.00	0.00	0.00	0.00	0.00	0.00	0.00	16.68	12.30	0.00	1.10	0.00	0.00
473	16.62	3023	2912	0.41	90	0	0	5	3	10	70	0	0	0	0	0.00	2.59	0.57	5.55	69.86	0.00	0.00	0.00	0.00	23.74	7.68	51.96	0.00	55	0	55	131.40	98.69	0.00	0.00	0.00	0.00	0.00	0.00	0.00	0.00	0.00	0.00	0.00	11.94	8.67	0.00	1.07	0.00	0.00
277	28.02	2127	1441	0.09	88	0	0	1	1	2	73	0	36	0	7	0.00	0.00	0.01	0.15	8.46	0.00	4.99	0.00	19.90	15.57	0.47	14.27	41.67	55	0	55	18.55	12.25	0.00	0.00	0.00	0.00	0.00	0.00	0.00	0.00	0.00	0.00	0.00	0.67	0.52	0.00	0.07	0.00	0.00
234	11.44	1752	3608	0.06	340	0	0	1	0	2	87	0	128	0	58	0.00	0.00	0.00	0.06	9.22	0.00	15.48	0.00	78.53	11.68	0.09	10.98	65.81	52	0	52	82.77	75.49	0.00	0.00	0.00	0.00	0.00	0.00	0.00	0.00	0.00	0.00	0.00	5.96	3.15	0.00	0.89	0.00	0.00
221	11.46	1606	3724	0.09	289	0	0	3	1	4	161	0	69	0	51	0.00	0.11	0.00	0.04	17.05	0.00	7.57	0.00	81.83	13.33	0.03	23.14	52.04	52	0	52	122.21	112.96	0.00	0.00	0.00	0.00	0.00	0.00	0.00	0.00	0.00	0.00	0.00	7.24	2.99	0.00	1.37	0.00	0.00
407	10.33	1600	7618	0.75	286	0	0	0	2	1	18	0	52	0	23	0.00	0.00	0.25	0.48	36.00	0.00	107.38	0.00	77.17	57.14	0.34	17.85	14.34	51	0	52	487.84	448.37	0.00	0.00	0.00	0.00	0.00	0.00	0.00	0.00	0.00	0.00	0.00	56.63	22.02	0.00	11.19	0.00	0.00
369	23.09	1600	3091	0.76	50	0	0	0	0	0	30	0	12	0	0	0.00	0.00	0.00	0.00	53.92	0.00	23.21	0.00	0.00	22.28	0.00	53.35	1.27	51	0	51	169.37	99.56	0.00	0.00	0.00	0.00	0.00	0.00	0.00	0.00	0.00	0.00	0.00	6.15	3.74	0.00	0.91	0.00	0.00
370	23.07	1600	3104	0.78	42	0	0	0	2	3	33	0	9	0	0	0.00	0.00	0.20	0.50	61.99	0.00	14.79	0.00	0.00	22.47	0.00	50.94	3.52	51	0	52	172.80	100.32	0.00	0.00	0.00	0.00	0.00	0.00	0.00	0.00	0.00	0.00	0.00	7.49	3.84	0.00	1.11	0.00	0.00
368	23.04	1600	3093	0.76	50	0	0	0	1	3	38	0	4	0	0	0.00	0.00	0.11	0.81	69.25	0.00	7.05	0.00	0.00	22.81	0.00	52.66	1.48	52	0	52	169.72	99.68	0.00	0.00	0.00	0.00	0.00	0.00	0.00	0.00	0.00	0.00	0.00	6.00	3.61	0.00	0.91	0.00	0.00
324	23.64	1600	2655	0.77	42	0	1	0	0	3	34	0	11	0	1	0.01	0.00	0.00	1.03	50.96	0.00	13.55	0.00	0.19	23.07	0.85	48.67	3.77	52	0	52	143.24	83.01	0.00	0.00	0.00	0.00	0.00	0.00	0.00	0.00	0.00	0.00	0.00	5.34	2.69	0.00	0.78	0.00	0.00
324	20.48	1600	3056	0.76	67	0	0	1	3	5	45	0	13	0	3	0.00	0.01	0.16	0.35	55.29	0.00	19.45	0.00	3.56	21.35	0.00	50.04	8.13	51	0	52	151.55	98.68	0.00	0.00	0.00	0.00	0.00	0.00	0.00	0.00	0.00	0.00	0.00	6.58	3.38	0.00	1.01	0.00	0.00
327	20.24	1600	3128	0.76	66	0	0	0	2	1	35	0	19	0	1	0.00	0.00	0.29	0.39	51.63	0.00	26.61	0.00	1.95	20.80	0.69	44.43	13.83	51	0	51	154.47	100.95	0.00	0.00	0.00	0.00	0.00	0.00	0.00	0.00	0.00	0.00	0.00	6.69	3.54	0.00	1.02	0.00	0.00
371	19.23	1600	3735	0.76	64	0	0	0	2	4	36	0	17	0	0	0.00	0.00	0.20	0.87	63.11	0.00	33.68	0.00	0.00	19.91	0.81	49.60	10.45	51	0	51	179.12	117.05	0.00	0.00	0.00	0.00	0.00	0.00	0.00	0.00	0.00	0.00	0.00	9.35	4.70	0.00	1.45	0.00	0.00
373	23.17	1600	3117	0.77	51	0	0	0	0	0	35	0	7	0	0	0.00	0.00	0.00	0.00	64.47	0.00	13.20	0.00	0.00	22.49	0.00	54.34	0.00	51	0	52	170.91	99.87	0.00	0.00	0.00	0.00	0.00	0.00	0.00	0.00	0.00	0.00	0.00	6.03	3.73	0.00	0.90	0.00	0.00
373	24.17	1600	2986	0.75	41	0	0	0	1	2	26	0	12	0	0	0.00	0.00	0.19	0.96	52.63	0.00	19.61	0.00	0.00	20.61	0.83	51.40	2.99	51	0	52	169.32	98.05	0.00	0.00	0.00	0.00	0.00	0.00	0.00	0.00	0.00	0.00	0.00	7.29	3.52	0.00	1.05	0.00	0.00
345	23.68	1600	2816	0.75	50	0	0	0	2	2	35	0	13	0	0	0.00	0.00	0.36	0.59	50.37	0.00	18.37	0.00	0.00	22.68	1.01	50.49	2.13	51	0	51	150.70	89.00	0.00	0.00	0.00	0.00	0.00	0.00	0.00	0.00	0.00	0.00	0.00	5.70	3.15	0.00	0.83	0.00	0.00
303	24.19	1600	2420	0.74	57	0	0	0	2	2	48	0	11	0	2	0.00	0.00	0.11	0.10	47.66	0.00	10.31	0.00	1.30	18.35	0.00	52.80	4.66	51	0	51	128.33	81.08	0.00	0.00	0.00	0.00	0.00	0.00	0.00	0.00	0.00	0.00	0.00	4.07	2.20	0.00	0.63	0.00	0.00
381	15.80	1600	4665	0.74	96	0	0	0	1	1	32	0	36	0	0	0.00	0.00	0.15	0.48	56.48	0.00	70.24	0.00	0.00	20.01	0.57	42.55	21.07	51	0	52	175.94	125.17	0.00	0.00	0.00	0.00	0.00	0.00	0.00	0.00	0.00	0.00	0.00	11.55	6.16	0.00	1.83	0.00	0.00
392	24.21	1600	3136	0.73	47	0	0	0	1	1	29	0	13	0	0	0.00	0.00	0.10	0.47	56.42	0.00	20.07	0.00	0.00	19.81	0.00	54.37	1.62	52	0	51	168.61	101.15	0.00	0.00	0.00	0.00	0.00	0.00	0.00	0.00	0.00	0.00	0.00	7.08	3.85	0.00	1.04	0.00	0.00
328	26.47	1600	2399	0.73	46	0	0	1	0	1	27	0	19	0	2	0.00	0.02	0.00	0.33	32.27	0.00	22.08	0.00	2.51	17.25	0.74	47.88	7.67	52	0	52	138.99	81.99	0.00	0.00	0.00	0.00	0.00	0.00	0.00	0.00	0.00	0.00	0.00	4.51	2.36	0.00	0.66	0.00	0.00
370	17.08	1600	4198	0.75	81	0	0	0	2	1	24	0	33	0	2	0.00	0.00	0.19	0.43	43.65	0.00	64.64	0.00	3.94	22.39	0.53	35.50	24.50	52	0	52	170.59	116.00	0.00	0.00	0.00	0.00	0.00	0.00	0.00	0.00	0.00	0.00	0.00	9.92	5.22	0.00	1.55	0.00	0.00
322	25.90	1600	2405	0.74	42	0	0	1	0	2	33	0	14	0	0	0.00	0.00	0.00	0.67	41.07	0.00	16.05	0.00	0.00	17.68	0.00	49.94	6.48	51	0	52	138.15	82.05	0.00	0.00	0.00	0.00	0.00	0.00	0.00	0.00	0.00	0.00	0.00	4.41	2.31	0.00	0.66	0.00	0.00
392	16.84	1616	4462	0.75	82	0	0	0	1	1	31	0	28	0	2	0.00	0.00	0.20	0.09	59.96	0.00	57.29	0.00	2.74	22.78	0.00	44.25	16.13	52	0	52	172.12	117.30	0.00	0.00	0.00	0.00	0.00	0.00	0.00	0.00	0.00	0.00	0.00	10.61	5.56	0.00	1.67	0.00	0.00
464	22.95	1914	3273	0.75	43	0	0	0	1	2	23	0	15	0	0	0.00	0.00	0.21	0.73	47.08	0.00	33.70	0.00	0.00	20.80	0.00	38.14	18.12	52	0	52	174.78	105.08	0.00	0.00	0.00	0.00	0.00	0.00	0.00	0.00	0.00	0.00	0.00	8.30	5.39	0.00	1.08	0.00	0.00
486	22.91	2017	3256	0.77	38	0	0	0	2	1	27	0	7	0	0	0.00	0.00	0.16	0.65	63.97	0.00	16.51	0.00	0.00	20.91	0.00	51.01	5.18	52	0	53	169.17	101.47	0.00	0.00	0.00	0.00	0.00	0.00	0.00	0.00	0.00	0.00	0.00	9.64	5.51	0.00	1.14	0.00	0.00
517	22.04	2345	3098	0.78	39	0	0	0	2	2	27	0	7	0	0	0.00	0.00	0.50	0.26	59.43	0.00	17.99	0.00	0.00	22.55	0.00	55.41	0.00	53	0	53	164.23	100.36	0.00	0.00	0.00	0.00	0.00	0.00	0.00	0.00	0.00	0.00	0.00	9.31	6.90	0.00	0.97	0.00	0.00
540	21.69	2402	3211	0.77	34	0	0	1	0	2	28	0	3	0	0	0.00	0.03	0.00	1.69	70.62	0.00	9.06	0.00	0.00	21.11	0.00	57.21	0.00	53	0	53	164.03	101.45	0.00	0.00	0.00	0.00	0.00	0.00	0.00	0.00	0.00	0.00	0.00	10.13	7.00	0.00	1.05	0.00	0.00
591	21.57	2679	3167	0.79	35	0	0	0	2	0	25	0	4	0	0	0.00	0.00	0.71	0.00	71.10	0.00	8.48	0.00	0.00	21.11	0.00	57.33	0.00	54	0	54	164.85	102.08	0.00	0.00	0.00	0.00	0.00	0.00	0.00	0.00	0.00	0.00	0.00	12.13	8.94	0.00	1.09	0.00	0.00
593	21.26	2800	3081	0.78	27	0	1	0	1	0	21	0	7	0	0	0.08	0.00	0.22	0.00	60.83	0.00	17.43	0.00	0.00	21.21	0.00	57.52	0.00	55	0	55	159.11	99.99	0.00	0.00	0.00	0.00	0.00	0.00	0.00	0.00	0.00	0.00	0.00	13.47	8.49	0.00	1.13	0.00	0.00
655	21.35	2921	3250	0.79	34	0	0	0	1	2	23	0	4	0	0	0.00	0.00	0.42	1.47	70.04	0.00	10.78	0.00	0.00	20.80	1.24	56.61	0.00	54	0	54	161.14	101.71	0.00	0.00	0.00	0.00	0.00	0.00	0.00	0.00	0.00	0.00	0.00	10.94	10.83	0.00	0.88	0.00	0.00
665	20.83	3200	3088	0.78	26	0	0	0	2	0	24	0	4	0	0	0.00	0.00	0.67	0.00	69.76	0.00	8.68	0.00	0.00	21.26	0.00	57.91	0.00	56	0	56	157.17	100.00	0.00	0.00	0.00	0.00	0.00	0.00	0.00	0.00	0.00	0.00	0.00	14.05	11.74	0.00	0.92	0.00	0.00
665	20.81	3200	3092	0.79	34	0	0	0	0	2	23	0	3	0	0	0.00	0.00	0.00	1.64	69.26	0.00	8.34	0.00	0.00	20.88	2.72	55.59	0.00	56	0	56	156.32	99.97	0.00	0.00	0.00	0.00	0.00	0.00	0.00	0.00	0.00	0.00	0.00	18.09	12.84	0.00	1.20	0.00	0.00
587	25.49	3493	2041	0.76	26	0	0	0	3	2	30	0	4	0	1	0.00	0.00	0.34	0.58	43.93	0.00	4.08	0.00	0.24	15.98	1.36	56.60	0.57	57	0	57	100.58	65.00	0.00	0.00	0.00	0.00	0.00	0.00	0.00	0.00	0.00	0.00	0.00	6.47	5.65	0.00	0.40	0.00	0.00
722	12.85	3717	4680	0.76	57	0	0	0	1	1	25	0	23	0	0	0.00	0.00	0.22	0.79	66.36	0.00	64.31	0.00	0.00	19.71	0.00	50.42	17.02	59	0	59	153.99	122.52	0.00	0.00	0.00	0.00	0.00	0.00	0.00	0.00	0.00	0.00	0.00	33.80	25.43	0.00	2.00	0.00	0.00
616	24.51	3997	1948	0.76	33	0	1	0	0	1	26	0	8	0	1	0.03	0.00	0.00	0.43	35.51	0.00	10.69	0.00	0.33	26.38	1.17	47.95	0.00	61	0	61	108.96	78.16	0.00	0.00	0.00	0.00	0.00	0.00	0.00	0.00	0.00	0.00	0.00	11.44	9.86	0.00	0.51	0.00	0.00
862	10.02	4061	6558	0.70	63	0	0	0	0	1	30	0	19	0	3	0.00	0.00	0.00	1.07	106.64	0.00	61.26	0.00	20.00	13.14	0.88	46.42	29.54	60	0	60	135.51	115.29	0.00	0.00	0.00	0.00	0.00	0.00	0.00	0.00	0.00	0.00	0.00	52.42	45.37	0.00	2.55	0.00	0.00
750	21.12	4089	2687	0.73	33	0	0	0	1	4	23	0	6	0	0	0.00	0.00	0.00	0.47	52.14	0.00	14.56	0.00	0.00	21.40	0.00	57.47	0.00	62	0	62	126.52	89.31	0.00	0.00	0.00	0.00	0.00	0.00	0.00	0.00	0.00	0.00	0.00	19.27	17.95	0.00	0.80	0.00	0.00
686	24.09	4090	2155	0.72	25	0	1	0	1	0	27	0	4	0	0	0.05	0.00	0.36	0.00	48.85	0.00	2.62	0.00	0.00	14.90	0.00	61.02	0.00	63	0	63	119.50	90.35	0.00	0.00	0.00	0.00	0.00	0.00	0.00	0.00	0.00	0.00	0.00	15.88	13.02	0.00	0.69	0.00	0.00
691	12.86	4083	4078	0.75	49	0	0	0	1	3	35	0	8	0	0	0.00	0.00	0.15	0.43	95.20	0.00	17.61	0.00	0.00	19.51	0.00	64.06	3.56	64	0	64	120.89	97.52	0.00	0.00	0.00	0.00	0.00	0.00	0.00	0.00	0.00	0.00	0.00	28.36	26.45	0.00	1.27	0.00	0.00
692	16.66	4088	3145	0.77	33	0	0	0	2	1	27	0	4	0	0	0.00	0.00	0.47	0.72	72.68	0.00	9.65	0.00	0.00	19.64	0.00	63.71	0.00	65	0	64	123.64	94.54	0.00	0.00	0.00	0.00	0.00	0.00	0.00	0.00	0.00	0.00	0.00	22.81	19.76	0.00	1.02	0.00	0.00
666	16.58	4088	3041	0.78	33	0	1	1	0	1	24	0	7	0	0	0.12	0.00	0.00	0.53	63.50	0.00	16.85	0.00	0.00	19.57	0.00	62.24	1.61	65	0	65	123.85	93.82	0.00	0.00	0.00	0.00	0.00	0.00	0.00	0.00	0.00	0.00	0.00	23.94	20.42	0.00	1.01	0.00	0.00
666	16.20	4088	3115	0.77	33	0	0	0	2	1	25	0	6	0	0	0.00	0.00	0.50	0.75	66.99	0.00	15.05	0.00	0.00	19.98	0.00	61.99	1.83	65	0	65	123.79	94.49	0.00	0.00	0.00	0.00	0.00	0.00	0.00	0.00	0.00	0.00	0.00	22.74	19.80	0.00	1.01	0.00	0.00
667	16.46	4086	3072	0.77	33	0	0	0	2	1	24	0	7	0	0	0.00	0.00	0.32	0.65	64.41	0.00	16.24	0.00	0.00	19.96	0.00	61.86	1.71	65	0	65	123.90	93.88	0.00	0.00	0.00	0.00	0.00	0.00	0.00	0.00	0.00	0.00	0.00	23.60	20.26	0.00	1.02	0.00	0.00
663	16.34	4087	3076	0.78	34	0	0	0	2	1	23	0	8	0	0	0.00	0.00	0.49	0.71	61.65	0.00	18.88	0.00	0.00	20.43	0.00	61.36	1.88	65	0	65	122.83	93.79	0.00	0.00	0.00	0.00	0.00	0.00	0.00	0.00	0.00	0.00	0.00	22.21	19.48	0.00	0.97	0.00	0.00
737	13.86	4085	4033	0.78	33	0	0	0	2	1	30	0	2	0	0	0.00	0.00	0.36	0.83	105.11	0.00	4.28	0.00	0.00	20.73	0.00	65.42	0.00	66	0	66	127.75	96.97	0.00	0.00	0.00	0.00	0.00	0.00	0.00	0.00	0.00	0.00	0.00	31.43	27.68	0.00	1.36	0.00	0.00
654	20.40	4091	2425	0.79	25	0	0	1	0	2	19	0	5	0	0	0.00	0.00	0.00	1.41	49.26	0.00	10.69	0.00	0.00	19.89	1.94	57.77	0.00	66	0	66	125.40	89.91	0.00	0.00	0.00	0.00	0.00	0.00	0.00	0.00	0.00	0.00	0.00	17.98	16.00	0.00	0.74	0.00	0.00
633	18.44	4089	2597	0.77	34	0	0	0	1	1	23	0	8	0	0	0.00	0.00	0.28	0.59	51.87	0.00	14.53	0.00	0.00	19.17	1.20	54.79	6.40	65	0	66	119.86	91.38	0.00	0.00	0.00	0.00	0.00	0.00	0.00	0.00	0.00	0.00	0.00	18.78	15.98	0.00	0.82	0.00	0.00
681	13.97	4085	3694	0.77	44	0	0	0	2	1	32	0	8	0	0	0.00	0.00	0.60	0.70	82.71	0.00	17.54	0.00	0.00	20.69	0.98	61.34	3.03	66	0	66	124.40	96.55	0.00	0.00	0.00	0.00	0.00	0.00	0.00	0.00	0.00	0.00	0.00	28.56	24.42	0.00	1.26	0.00	0.00
672	16.11	4090	3160	0.77	33	0	0	1	0	1	20	0	11	0	0	0.00	0.08	0.00	0.46	57.08	0.00	27.42	0.00	0.00	19.23	0.00	62.57	2.09	66	0	66	124.50	95.29	0.00	0.00	0.00	0.00	0.00	0.00	0.00	0.00	0.00	0.00	0.00	23.18	20.31	0.00	1.03	0.00	0.00
663	16.67	4087	3012	0.79	34	0	0	1	0	2	22	0	8	0	0	0.00	0.02	0.00	0.88	59.70	0.00	19.21	0.00	0.00	19.75	0.00	61.58	2.00	66	0	66	122.89	93.15	0.00	0.00	0.00	0.00	0.00	0.00	0.00	0.00	0.00	0.00	0.00	22.94	19.66	0.00	0.97	0.00	0.00
678	16.10	4089	3187	0.76	34	0	0	0	2	1	26	0	6	0	0	0.00	0.00	0.28	0.67	72.98	0.00	11.76	0.00	0.00	19.55	0.00	62.27	2.07	66	0	66	125.25	95.53	0.00	0.00	0.00	0.00	0.00	0.00	0.00	0.00	0.00	0.00	0.00	23.58	20.62	0.00	1.05	0.00	0.00
659	16.68	4089	2993	0.78	34	0	0	1	0	1	22	0	9	0	0	0.00	0.02	0.00	0.44	57.84	0.00	21.25	0.00	0.00	19.71	0.00	63.61	0.00	67	0	66	123.06	93.60	0.00	0.00	0.00	0.00	0.00	0.00	0.00	0.00	0.00	0.00	0.00	22.49	19.23	0.00	0.97	0.00	0.00
666	15.79	4087	3195	0.77	33	0	0	0	2	1	29	0	4	0	0	0.00	0.00	0.30	0.66	78.30	0.00	6.46	0.00	0.00	20.25	0.00	61.52	2.44	66	0	66	122.69	93.83	0.00	0.00	0.00	0.00	0.00	0.00	0.00	0.00	0.00	0.00	0.00	23.22	20.52	0.00	1.02	0.00	0.00
665	16.82	4088	2996	0.79	33	0	0	0	0	2	25	0	7	0	0	0.00	0.00	0.00	1.15	66.96	0.00	11.40	0.00	0.00	19.39	1.28	60.38	2.13	66	0	66	123.85	94.04	0.00	0.00	0.00	0.00	0.00	0.00	0.00	0.00	0.00	0.00	0.00	23.04	19.51	0.00	0.98	0.00	0.00
654	15.41	4090	3210	0.76	33	0	0	1	0	1	29	0	4	0	0	0.00	0.00	0.00	0.46	76.73	0.00	9.64	0.00	0.00	19.47	0.00	62.32	2.79	67	0	67	123.85	95.13	0.00	0.00	0.00	0.00	0.00	0.00	0.00	0.00	0.00	0.00	0.00	23.23	20.74	0.00	1.03	0.00	0.00
839	16.05	4087	3957	0.69	33	0	0	0	3	4	29	0	4	0	0	0.00	0.00	0.78	1.43	90.94	0.00	11.98	0.00	0.00	18.68	0.00	65.26	0.00	67	0	67	126.35	96.63	0.00	0.00	0.00	0.00	0.00	0.00	0.00	0.00	0.00	0.00	0.00	29.39	26.67	0.00	1.27	0.00	0.00
803	19.48	4089	3119	0.71	26	0	0	0	1	0	25	0	3	0	0	0.00	0.00	0.33	0.00	70.58	0.00	8.62	0.00	0.00	17.89	0.00	62.63	0.00	67	0	68	127.21	93.06	0.00	0.00	0.00	0.00	0.00	0.00	0.00	0.00	0.00	0.00	0.00	27.10	19.79	0.00	1.20	0.00	0.00
645	30.75	4092	1586	0.72	34	0	0	0	2	0	24	0	2	0	0	0.00	0.00	0.37	0.00	32.31	0.00	1.79	0.00	0.00	16.26	0.00	52.99	0.00	67	0	67	109.47	79.40	0.00	0.00	0.00	0.00	0.00	0.00	0.00	0.00	0.00	0.00	0.00	9.62	8.96	0.00	0.41	0.00	0.00
698	10.43	4080	5073	0.76	58	0	0	0	1	0	35	0	18	0	0	0.00	0.00	0.37	0.00	98.54	0.00	46.63	0.00	0.00	18.51	0.00	61.02	10.04	68	0	67	120.71	100.77	0.00	0.00	0.00	0.00	0.00	0.00	0.00	0.00	0.00	0.00	0.00	37.70	32.17	0.00	1.74	0.00	0.00
684	16.70	4087	3103	0.77	33	0	0	0	2	1	22	0	9	0	0	0.00	0.00	0.52	0.71	60.87	0.00	20.11	0.00	0.00	19.79	0.00	61.58	1.93	67	0	67	122.30	93.63	0.00	0.00	0.00	0.00	0.00	0.00	0.00	0.00	0.00	0.00	0.00	23.15	20.30	0.00	0.99	0.00	0.00
667	16.39	4089	3082	0.78	33	0	0	1	1	1	23	0	9	0	0	0.00	0.05	0.07	0.54	61.70	0.00	19.98	0.00	0.00	19.47	0.00	62.07	2.08	67	0	67	124.27	94.88	0.00	0.00	0.00	0.00	0.00	0.00	0.00	0.00	0.00	0.00	0.00	22.49	19.60	0.00	1.00	0.00	0.00
670	15.49	4089	3276	0.77	33	0	0	1	0	1	26	0	6	0	0	0.00	0.03	0.00	0.44	73.42	0.00	14.62	0.00	0.00	19.54	0.00	64.97	0.00	67	0	67	123.15	94.43	0.00	0.00	0.00	0.00	0.00	0.00	0.00	0.00	0.00	0.00	0.00	24.83	22.10	0.00	1.05	0.00	0.00
660	17.13	4088	2919	0.77	33	0	0	0	2	3	25	0	6	0	0	0.00	0.00	0.42	0.44	62.86	0.00	13.18	0.00	0.00	20.59	0.00	62.28	0.00	68	0	67	123.97	93.38	0.00	0.00	0.00	0.00	0.00	0.00	0.00	0.00	0.00	0.00	0.00	22.97	19.05	0.00	0.99	0.00	0.00
660	16.01	4087	3122	0.78	34	0	0	0	2	0	29	0	4	0	0	0.00	0.00	0.64	0.00	74.53	0.00	8.41	0.00	0.00	20.17	0.00	63.82	0.00	68	0	68	122.56	94.12	0.00	0.00	0.00	0.00	0.00	0.00	0.00	0.00	0.00	0.00	0.00	22.72	19.74	0.00	0.99	0.00	0.00
688	17.09	4086	3049	0.76	35	0	0	2	0	1	29	0	5	0	0	0.00	0.07	0.00	0.51	68.44	0.00	11.52	0.00	0.00	19.58	0.00	63.32	0.00	68	0	68	126.05	93.97	0.00	0.00	0.00	0.00	0.00	0.00	0.00	0.00	0.00	0.00	0.00	22.37	19.66	0.00	0.97	0.00	0.00
668	15.59	4054	3273	0.78	33	0	0	0	0	1	29	0	3	0	0	0.00	0.00	0.00	0.44	79.59	0.00	8.44	0.00	0.00	19.38	0.00	65.03	0.00	68	0	68	123.24	94.45	0.00	0.00	0.00	0.00	0.00	0.00	0.00	0.00	0.00	0.00	0.00	24.25	21.42	0.00	1.05	0.00	0.00
671	17.04	4002	3046	0.77	33	0	0	1	1	1	24	0	5	0	0	0.00	0.08	0.26	0.77	64.64	0.00	15.06	0.00	0.00	19.91	0.00	56.89	6.16	67	0	67	127.00	95.85	0.00	0.00	0.00	0.00	0.00	0.00	0.00	0.00	0.00	0.00	0.00	22.60	18.69	0.00	1.02	0.00	0.00
667	16.93	3996	3054	0.78	33	0	1	0	0	1	21	0	10	0	0	0.12	0.00	0.00	0.45	56.37	0.00	24.61	0.00	0.00	19.00	0.00	64.07	0.00	68	0	67	126.23	96.05	0.00	0.00	0.00	0.00	0.00	0.00	0.00	0.00	0.00	0.00	0.00	21.88	18.92	0.00	1.01	0.00	0.00
724	14.44	3995	3889	0.78	34	0	0	0	2	1	26	0	6	0	0	0.00	0.00	0.39	0.84	87.49	0.00	17.85	0.00	0.00	20.09	0.00	65.47	0.00	67	0	67	130.23	99.15	0.00	0.00	0.00	0.00	0.00	0.00	0.00	0.00	0.00	0.00	0.00	28.52	24.03	0.00	1.31	0.00	0.00
660	20.59	3996	2484	0.78	25	0	0	0	2	1	23	0	2	0	0	0.00	0.00	0.40	0.70	59.46	0.00	2.58	0.00	0.00	19.99	0.00	59.42	0.00	67	0	67	128.81	93.16	0.00	0.00	0.00	0.00	0.00	0.00	0.00	0.00	0.00	0.00	0.00	17.29	15.55	0.00	0.76	0.00	0.00
631	18.58	4054	2594	0.76	33	0	0	0	1	1	25	0	6	0	0	0.00	0.00	0.29	0.63	56.63	0.00	9.85	0.00	0.00	18.88	1.30	57.61	3.62	67	0	67	122.76	93.55	0.00	0.00	0.00	0.00	0.00	0.00	0.00	0.00	0.00	0.00	0.00	18.24	15.52	0.00	0.81	0.00	0.00
584	10.75	4083	4122	0.78	41	0	0	0	0	3	36	0	21	0	1	0.00	0.00	0.00	1.52	73.55	0.00	42.71	0.00	0.09	18.58	1.60	57.63	11.44	60	0	63	123.92	97.02	0.00	0.00	0.00	0.00	0.00	0.00	0.00	0.00	0.00	0.00	0.00	33.49	26.79	0.00	1.50	0.00	0.00
720	17.60	4087	3101	0.78	41	0	0	0	1	1	25	0	8	0	0	0.00	0.00	0.08	0.61	63.18	0.00	17.44	0.00	0.00	21.00	1.07	48.60	11.73	63	0	63	134.83	94.41	0.00	0.00	0.00	0.00	0.00	0.00	0.00	0.00	0.00	0.00	0.00	24.09	20.93	0.00	1.02	0.00	0.00
754	18.46	4083	3094	0.79	33	0	0	0	1	5	25	0	3	0	0	0.00	0.00	0.10	0.90	70.47	0.00	8.45	0.00	0.00	23.37	0.00	58.17	0.00	64	0	64	140.05	93.43	0.00	0.00	0.00	0.00	0.00	0.00	0.00	0.00	0.00	0.00	0.00	24.77	22.12	0.00	1.00	0.00	0.00
768	18.77	4087	3101	0.77	25	0	0	0	1	1	23	0	2	0	0	0.00	0.00	0.41	1.05	70.72	0.00	7.71	0.00	0.00	23.00	0.00	58.23	0.00	65	0	65	141.64	93.71	0.00	0.00	0.00	0.00	0.00	0.00	0.00	0.00	0.00	0.00	0.00	25.29	21.71	0.00	1.02	0.00	0.00
664	16.26	4085	3096	0.78	26	0	0	0	1	3	36	0	3	0	0	0.00	0.00	0.22	0.85	76.24	0.00	5.26	0.00	0.00	20.40	0.00	63.34	0.00	65	0	65	125.35	94.54	0.00	0.00	0.00	0.00	0.00	0.00	0.00	0.00	0.00	0.00	0.00	23.10	20.28	0.00	0.99	0.00	0.00
770	18.88	4085	3090	0.77	41	0	0	0	1	1	25	0	1	0	0	0.00	0.00	0.44	1.08	74.75	0.00	3.46	0.00	0.00	22.87	0.00	58.26	0.00	66	0	66	142.60	93.74	0.00	0.00	0.00	0.00	0.00	0.00	0.00	0.00	0.00	0.00	0.00	24.87	21.91	0.00	1.03	0.00	0.00
766	18.71	4084	3104	0.79	26	0	0	0	1	3	26	0	1	0	0	0.00	0.00	0.23	0.59	75.28	0.00	3.99	0.00	0.00	22.64	0.00	58.65	0.00	67	0	67	141.73	94.36	0.00	0.00	0.00	0.00	0.00	0.00	0.00	0.00	0.00	0.00	0.00	25.62	22.36	0.00	1.00	0.00	0.00
769	18.80	4087	3097	0.79	26	0	0	0	1	1	24	0	1	0	0	0.00	0.00	0.41	1.05	74.72	0.00	3.50	0.00	0.00	22.97	0.00	58.23	0.00	67	0	67	142.25	93.73	0.00	0.00	0.00	0.00	0.00	0.00	0.00	0.00	0.00	0.00	0.00	24.82	21.83	0.00	1.02	0.00	0.00
758	18.55	4085	3095	0.80	26	0	0	1	1	4	25	0	1	0	0	0.00	0.00	0.23	0.74	75.24	0.00	3.71	0.00	0.00	22.65	0.00	58.79	0.00	67	0	67	140.62	93.94	0.00	0.00	0.00	0.00	0.00	0.00	0.00	0.00	0.00	0.00	0.00	24.11	21.16	0.00	0.99	0.00	0.00
767	18.81	4087	3089	0.78	25	0	0	0	1	1	24	0	1	0	0	0.00	0.00	0.24	0.88	74.53	0.00	3.69	0.00	0.00	22.75	0.00	58.45	0.00	67	0	67	142.19	93.50	0.00	0.00	0.00	0.00	0.00	0.00	0.00	0.00	0.00	0.00	0.00	24.98	21.62	0.00	1.01	0.00	0.00
665	16.27	4086	3100	0.78	26	0	0	0	1	1	36	0	3	0	0	0.00	0.00	0.28	0.66	75.62	0.00	6.17	0.00	0.00	20.46	0.00	63.28	0.00	67	0	67	125.35	94.35	0.00	0.00	0.00	0.00	0.00	0.00	0.00	0.00	0.00	0.00	0.00	22.83	19.89	0.00	1.00	0.00	0.00
768	18.80	4087	3094	0.78	41	0	0	0	1	1	23	0	2	0	0	0.00	0.00	0.34	0.99	71.30	0.00	6.97	0.00	0.00	22.81	0.00	58.38	0.00	67	0	68	141.48	93.63	0.00	0.00	0.00	0.00	0.00	0.00	0.00	0.00	0.00	0.00	0.00	25.09	21.81	0.00	1.02	0.00	0.00
663	16.24	4085	3095	0.78	26	0	0	0	1	3	35	0	6	0	0	0.00	0.00	0.10	0.36	73.06	0.00	9.26	0.00	0.00	20.47	0.00	62.11	1.18	68	0	69	125.56	94.56	0.00	0.00	0.00	0.00	0.00	0.00	0.00	0.00	0.00	0.00	0.00	23.20	19.94	0.00	1.00	0.00	0.00
769	18.79	4086	3099	0.77	41	0	0	0	1	1	24	0	1	0	0	0.00	0.00	0.34	1.05	74.76	0.00	3.50	0.00	0.00	22.88	0.00	58.33	0.00	68	0	68	141.87	93.74	0.00	0.00	0.00	0.00	0.00	0.00	0.00	0.00	0.00	0.00	0.00	25.31	21.72	0.00	1.02	0.00	0.00
660	16.17	4086	3094	0.78	26	0	0	0	1	3	38	0	3	0	0	0.00	0.00	0.12	0.34	76.27	0.00	5.81	0.00	0.00	20.31	0.00	63.52	0.00	69	0	69	124.76	94.30	0.00	0.00	0.00	0.00	0.00	0.00	0.00	0.00	0.00	0.00	0.00	23.01	20.17	0.00	1.00	0.00	0.00
766	18.74	4086	3097	0.77	41	0	0	0	1	1	24	0	1	0	0	0.00	0.00	0.41	1.05	74.24	0.00	4.14	0.00	0.00	22.81	0.00	58.46	0.00	69	0	69	141.47	93.65	0.00	0.00	0.00	0.00	0.00	0.00	0.00	0.00	0.00	0.00	0.00	24.96	22.12	0.00	1.01	0.00	0.00
767	18.80	4085	3090	0.80	26	0	0	0	1	3	26	0	1	0	0	0.00	0.00	0.20	0.64	74.81	0.00	4.10	0.00	0.00	22.89	0.00	58.31	0.00	69	0	69	142.44	93.80	0.00	0.00	0.00	0.00	0.00	0.00	0.00	0.00	0.00	0.00	0.00	26.14	22.24	0.00	1.03	0.00	0.00
335	8.86	4077	2868	0.76	26	0	0	0	2	5	40	0	11	0	2	0.00	0.00	0.18	0.75	66.05	0.00	16.29	0.00	0.65	20.54	0.00	69.70	0.91	68	0	68	126.59	101.93	0.00	0.00	0.00	0.00	0.00	0.00	0.00	0.00	0.00	0.00	0.00	21.91	19.03	0.00	0.99	0.00	0.00
1192	25.82	4089	3495	0.78	60	0	0	0	1	1	22	0	10	0	0	0.00	0.00	0.37	0.84	58.09	0.00	22.31	0.00	0.00	19.52	0.00	47.87	6.79	69	0	69	116.20	83.62	0.00	0.00	0.00	0.00	0.00	0.00	0.00	0.00	0.00	0.00	0.00	23.81	21.25	0.00	0.99	0.00	0.00
766	18.76	4088	3093	0.79	42	0	0	0	1	1	24	0	2	0	0	0.00	0.00	0.23	0.87	69.99	0.00	8.07	0.00	0.00	22.58	0.00	58.66	0.00	69	0	69	141.48	93.62	0.00	0.00	0.00	0.00	0.00	0.00	0.00	0.00	0.00	0.00	0.00	25.04	21.87	0.00	1.02	0.00	0.00
770	18.84	4088	3096	0.79	27	0	0	0	1	1	23	0	2	0	0	0.00	0.00	0.30	0.94	70.63	0.00	7.89	0.00	0.00	22.46	0.00	58.70	0.00	69	0	69	142.57	93.79	0.00	0.00	0.00	0.00	0.00	0.00	0.00	0.00	0.00	0.00	0.00	25.47	22.39	0.00	1.00	0.00	0.00
767	18.74	4087	3098	0.77	17	0	0	0	1	1	25	0	0	0	0	0.00	0.00	0.34	0.98	78.48	0.00	0.00	0.00	0.00	22.74	0.00	58.52	0.00	69	0	69	141.54	93.67	0.00	0.00	0.00	0.00	0.00	0.00	0.00	0.00	0.00	0.00	0.00	25.11	21.32	0.00	1.01	0.00	0.00
768	18.79	4086	3100	0.79	28	0	0	0	1	1	26	0	1	0	0	0.00	0.00	0.30	0.20	75.81	0.00	3.49	0.00	0.00	23.22	0.00	57.99	0.00	69	0	69	142.10	93.77	0.00	0.00	0.00	0.00	0.00	0.00	0.00	0.00	0.00	0.00	0.00	25.65	21.92	0.00	1.03	0.00	0.00
701	17.21	4087	3085	0.78	28	0	0	1	1	2	30	0	2	0	0	0.00	0.03	0.28	0.40	75.12	0.00	5.61	0.00	0.00	21.47	0.00	61.32	0.00	69	0	69	131.71	94.52	0.00	0.00	0.00	0.00	0.00	0.00	0.00	0.00	0.00	0.00	0.00	24.55	21.42	0.00	1.02	0.00	0.00
759	18.50	4090	3105	0.79	34	0	1	0	1	1	23	0	3	0	0	0.10	0.00	0.10	0.83	70.80	0.00	8.15	0.00	0.00	22.56	1.47	57.46	0.00	69	0	69	140.28	93.42	0.00	0.00	0.00	0.00	0.00	0.00	0.00	0.00	0.00	0.00	0.00	23.88	21.39	0.00	0.98	0.00	0.00
667	16.30	4087	3098	0.77	26	0	0	0	1	1	35	0	5	0	0	0.00	0.00	0.20	0.58	73.26	0.00	8.71	0.00	0.00	20.30	0.00	63.40	0.00	69	0	69	125.26	94.56	0.00	0.00	0.00	0.00	0.00	0.00	0.00	0.00	0.00	0.00	0.00	23.07	19.92	0.00	1.00	0.00	0.00
772	18.88	4086	3096	0.79	46	0	0	0	1	1	26	0	0	0	0	0.00	0.00	0.33	0.96	78.22	0.00	0.00	0.00	0.00	22.66	0.00	58.46	0.00	69	0	69	142.42	93.94	0.00	0.00	0.00	0.00	0.00	0.00	0.00	0.00	0.00	0.00	0.00	24.39	21.95	0.00	0.99	0.00	0.00
769	18.81	4087	3096	0.79	23	0	0	0	1	1	24	0	2	0	0	0.00	0.00	0.20	0.83	70.54	0.00	7.96	0.00	0.00	22.39	0.00	58.79	0.00	69	0	69	141.56	93.67	0.00	0.00	0.00	0.00	0.00	0.00	0.00	0.00	0.00	0.00	0.00	25.89	22.88	0.00	1.02	0.00	0.00
644	15.79	4088	3087	0.77	34	0	0	0	1	2	37	0	8	0	0	0.00	0.00	0.10	1.06	71.24	0.00	10.60	0.00	0.00	19.67	1.09	62.73	0.71	70	0	70	122.40	94.87	0.00	0.00	0.00	0.00	0.00	0.00	0.00	0.00	0.00	0.00	0.00	23.04	19.20	0.00	1.02	0.00	0.00
705	17.17	4090	3109	0.77	42	0	0	1	1	1	25	0	7	0	0	0.00	0.00	0.15	0.65	62.21	0.00	19.03	0.00	0.00	20.93	1.14	44.32	16.44	69	0	69	130.93	94.23	0.00	0.00	0.00	0.00	0.00	0.00	0.00	0.00	0.00	0.00	0.00	23.94	20.83	0.00	1.01	0.00	0.00
702	17.17	4091	3096	0.78	34	0	1	0	1	1	27	0	5	0	0	0.10	0.00	0.13	0.70	67.23	0.00	13.87	0.00	0.00	20.86	1.15	54.89	5.93	69	0	69	131.70	94.65	0.00	0.00	0.00	0.00	0.00	0.00	0.00	0.00	0.00	0.00	0.00	23.83	20.72	0.00	1.01	0.00	0.00
694	16.95	4089	3097	0.78	35	0	0	1	1	1	28	0	6	0	0	0.00	0.00	0.22	0.63	67.54	0.00	13.64	0.00	0.00	20.98	1.13	50.03	10.91	69	0	69	129.46	93.95	0.00	0.00	0.00	0.00	0.00	0.00	0.00	0.00	0.00	0.00	0.00	23.12	20.83	0.00	0.96	0.00	0.00
771	18.85	4087	3099	0.79	34	0	0	0	1	1	21	0	4	0	0	0.00	0.00	0.34	0.98	63.01	0.00	15.05	0.00	0.00	22.80	0.00	58.35	0.00	70	0	70	142.36	93.85	0.00	0.00	0.00	0.00	0.00	0.00	0.00	0.00	0.00	0.00	0.00	24.98	21.94	0.00	1.03	0.00	0.00
760	18.60	4085	3098	0.79	26	0	0	0	1	0	25	0	1	0	0	0.00	0.00	0.45	0.00	75.40	0.00	4.21	0.00	0.00	22.48	0.00	58.92	0.00	70	0	70	140.29	94.21	0.00	0.00	0.00	0.00	0.00	0.00	0.00	0.00	0.00	0.00	0.00	24.51	21.68	0.00	0.97	0.00	0.00
643	15.77	4089	3088	0.77	34	0	0	0	1	2	32	0	12	0	1	0.00	0.00	0.05	0.96	61.86	0.00	19.75	0.00	0.43	19.53	1.02	61.18	2.50	70	0	70	122.16	94.69	0.00	0.00	0.00	0.00	0.00	0.00	0.00	0.00	0.00	0.00	0.00	23.69	19.82	0.00	1.03	0.00	0.00
697	17.04	4090	3096	0.78	42	0	0	0	1	1	25	0	8	0	0	0.00	0.00	0.12	0.65	61.25	0.00	19.82	0.00	0.00	21.13	1.06	59.70	1.07	70	0	70	130.47	93.83	0.00	0.00	0.00	0.00	0.00	0.00	0.00	0.00	0.00	0.00	0.00	24.08	20.98	0.00	1.01	0.00	0.00
700	17.12	4090	3093	0.78	33	0	0	1	0	1	29	0	3	0	0	0.00	0.05	0.00	0.60	73.98	0.00	6.97	0.00	0.00	21.15	1.06	60.67	0.00	70	0	70	131.15	93.71	0.00	0.00	0.00	0.00	0.00	0.00	0.00	0.00	0.00	0.00	0.00	24.05	20.92	0.00	1.01	0.00	0.00
698	17.05	4089	3100	0.78	33	0	0	0	1	1	28	0	5	0	0	0.00	0.00	0.13	0.60	71.12	0.00	10.04	0.00	0.00	20.85	1.06	55.00	6.03	69	0	69	130.53	93.89	0.00	0.00	0.00	0.00	0.00	0.00	0.00	0.00	0.00	0.00	0.00	24.27	21.14	0.00	1.01	0.00	0.00
715	17.49	4085	3098	0.77	34	0	0	1	1	7	36	0	0	0	0	0.00	0.05	0.35	1.78	79.11	0.00	0.00	0.00	0.00	22.65	0.00	59.85	0.00	70	0	70	133.16	94.52	0.00	0.00	0.00	0.00	0.00	0.00	0.00	0.00	0.00	0.00	0.00	24.07	20.99	0.00	1.01	0.00	0.00
696	17.02	4084	3101	0.78	35	0	0	0	2	3	30	0	4	0	0	0.00	0.00	0.41	0.51	72.97	0.00	7.98	0.00	0.00	21.77	0.00	61.21	0.00	70	0	70	130.13	94.66	0.00	0.00	0.00	0.00	0.00	0.00	0.00	0.00	0.00	0.00	0.00	23.25	21.16	0.00	0.96	0.00	0.00
771	18.85	4088	3097	0.79	41	0	0	0	1	1	22	0	3	0	0	0.00	0.00	0.27	0.91	69.96	0.00	8.51	0.00	0.00	22.60	0.00	58.55	0.00	70	0	70	142.57	93.83	0.00	0.00	0.00	0.00	0.00	0.00	0.00	0.00	0.00	0.00	0.00	24.94	21.61	0.00	1.02	0.00	0.00
766	18.76	4087	3094	0.77	18	0	0	0	1	1	24	0	2	0	0	0.00	0.00	0.34	0.98	70.71	0.00	7.71	0.00	0.00	23.27	0.00	57.97	0.00	70	0	70	142.07	93.62	0.00	0.00	0.00	0.00	0.00	0.00	0.00	0.00	0.00	0.00	0.00	25.81	22.02	0.00	1.02	0.00	0.00
664	16.26	4085	3096	0.78	26	0	0	0	1	2	38	0	2	0	0	0.00	0.00	0.20	0.34	79.63	0.00	2.48	0.00	0.00	20.53	0.00	63.20	0.00	70	0	70	125.22	94.55	0.00	0.00	0.00	0.00	0.00	0.00	0.00	0.00	0.00	0.00	0.00	23.26	20.27	0.00	1.01	0.00	0.00
766	18.76	4086	3093	0.77	41	0	0	0	1	1	23	0	2	0	0	0.00	0.00	0.34	1.09	70.74	0.00	7.60	0.00	0.00	22.83	0.00	58.40	0.00	71	0	71	141.81	93.77	0.00	0.00	0.00	0.00	0.00	0.00	0.00	0.00	0.00	0.00	0.00	25.59	21.73	0.00	1.02	0.00	0.00
642	16.91	4086	2875	0.75	26	0	0	0	1	5	41	0	7	0	0	0.00	0.00	0.03	0.37	65.68	0.00	10.14	0.00	0.00	13.14	0.00	66.55	3.39	70	0	70	69.58	46.23	0.00	0.00	0.00	0.00	0.00	0.00	0.00	0.00	0.00	0.00	0.00	11.04	10.04	0.00	0.45	0.00	0.00
718	16.26	4086	3348	0.80	59	0	0	0	1	1	24	0	11	0	0	0.00	0.00	0.27	0.74	59.14	0.00	28.93	0.00	0.00	26.67	0.00	54.06	3.01	70	0	70	179.84	143.95	0.00	0.00	0.00	0.00	0.00	0.00	0.00	0.00	0.00	0.00	0.00	33.60	32.35	0.00	1.51	0.00	0.00
769	18.20	4088	3199	0.89	33	0	0	0	2	2	23	0	3	0	0	0.00	0.00	0.38	1.89	70.35	0.00	10.47	0.00	0.00	24.23	1.77	55.80	0.00	71	0	71	162.91	116.68	0.00	0.00	0.00	0.00	0.00	0.00	0.00	0.00	0.00	0.00	0.00	31.09	28.75	0.00	1.27	0.00	0.00
744	18.07	4090	3117	0.89	26	0	0	0	2	1	27	0	6	0	0	0.00	0.00	0.39	0.81	64.90	0.00	15.12	0.00	0.00	20.42	1.35	60.16	0.00	71	0	71	133.21	96.21	0.00	0.00	0.00	0.00	0.00	0.00	0.00	0.00	0.00	0.00	0.00	30.07	21.36	0.00	1.24	0.00	0.00
623	16.24	4085	2906	0.92	33	0	0	0	1	3	41	0	12	0	2	0.00	0.00	0.05	0.22	57.58	0.00	17.03	0.00	2.76	13.61	0.00	60.42	9.73	71	0	71	72.72	52.10	0.00	0.00	0.00	0.00	0.00	0.00	0.00	0.00	0.00	0.00	0.00	12.73	11.16	0.00	0.53	0.00	0.00
699	15.34	4088	3453	0.91	65	0	0	1	0	2	25	0	14	0	0	0.00	0.00	0.00	1.32	61.27	0.00	30.43	0.00	0.00	28.57	1.26	54.83	0.00	72	0	71	194.65	159.25	0.00	0.00	0.00	0.00	0.00	0.00	0.00	0.00	0.00	0.00	0.00	42.89	37.05	0.00	1.89	0.00	0.00
623	16.27	4086	2900	0.92	33	0	0	0	1	1	39	0	15	0	1	0.00	0.00	0.10	0.09	54.50	0.00	21.32	0.00	1.48	13.60	0.00	57.30	12.82	71	0	71	73.14	52.34	0.00	0.00	0.00	0.00	0.00	0.00	0.00	0.00	0.00	0.00	0.00	12.76	11.19	0.00	0.52	0.00	0.00
722	16.25	4087	3364	0.90	65	0	0	0	1	1	26	0	9	0	0	0.00	0.00	0.18	0.65	65.48	0.00	23.25	0.00	0.00	26.90	0.00	53.87	2.98	71	0	71	182.36	145.88	0.00	0.00	0.00	0.00	0.00	0.00	0.00	0.00	0.00	0.00	0.00	34.15	33.35	0.00	1.51	0.00	0.00
713	17.48	4089	3089	0.90	33	0	0	1	1	2	24	0	7	0	0	0.00	0.00	0.17	1.53	62.61	0.00	16.66	0.00	0.00	20.85	1.53	60.14	0.00	71	0	71	131.45	94.13	0.00	0.00	0.00	0.00	0.00	0.00	0.00	0.00	0.00	0.00	0.00	24.02	20.91	0.00	1.00	0.00	0.00
640	16.34	4088	2968	0.91	33	0	0	1	0	2	28	0	28	0	0	0.00	0.03	0.00	0.68	39.49	0.00	39.06	0.00	0.00	14.68	0.74	47.53	20.71	72	0	72	86.26	65.46	0.00	0.00	0.00	0.00	0.00	0.00	0.00	0.00	0.00	0.00	0.00	18.37	14.03	0.00	0.76	0.00	0.00
589	20.41	4090	2186	0.94	66	0	0	0	1	0	29	0	45	0	2	0.00	0.00	0.07	0.00	19.86	0.00	35.23	0.00	0.17	24.21	0.00	30.52	24.87	72	0	72	88.61	72.40	0.00	0.00	0.00	0.00	0.00	0.00	0.00	0.00	0.00	0.00	0.00	11.93	10.46	0.00	0.53	0.00	0.00
854	8.16	4079	7946	0.80	123	0	0	0	0	0	30	0	35	0	0	0.00	0.00	0.00	0.00	105.99	0.00	128.49	0.00	0.00	15.87	0.00	39.52	36.45	64	0	62	184.90	163.80	0.00	0.00	0.00	0.00	0.00	0.00	0.00	0.00	0.00	0.00	0.00	96.05	81.39	0.00	4.51	0.00	0.00
806	19.58	4088	3115	0.84	34	0	0	1	0	1	20	0	6	0	0	0.00	0.06	0.00	0.89	61.43	0.00	17.00	0.00	0.00	18.83	1.60	52.99	7.00	65	0	64	131.58	93.50	0.00	0.00	0.00	0.00	0.00	0.00	0.00	0.00	0.00	0.00	0.00	23.73	21.64	0.00	0.97	0.00	0.00
807	19.81	4088	3083	0.85	26	0	0	0	1	2	21	0	3	0	0	0.00	0.00	0.13	1.82	65.27	0.00	11.24	0.00	0.00	19.09	0.00	61.10	0.00	65	0	65	130.14	93.52	0.00	0.00	0.00	0.00	0.00	0.00	0.00	0.00	0.00	0.00	0.00	23.24	20.49	0.00	0.97	0.00	0.00
796	19.34	4087	3119	0.83	28	0	0	0	2	0	23	0	3	0	0	0.00	0.00	0.73	0.00	71.25	0.00	8.05	0.00	0.00	18.25	0.00	62.41	0.00	66	0	66	133.90	95.24	0.00	0.00	0.00	0.00	0.00	0.00	0.00	0.00	0.00	0.00	0.00	23.51	21.96	0.00	0.95	0.00	0.00
778	19.32	4086	3050	0.85	26	0	0	0	2	3	22	0	4	0	0	0.00	0.00	0.51	0.48	67.56	0.00	9.67	0.00	0.00	19.46	0.00	61.22	0.00	67	0	66	130.94	93.90	0.00	0.00	0.00	0.00	0.00	0.00	0.00	0.00	0.00	0.00	0.00	24.08	21.65	0.00	0.96	0.00	0.00
780	19.76	4090	2986	0.84	27	0	0	0	1	2	24	0	2	0	0	0.00	0.00	0.21	1.66	66.92	0.00	7.44	0.00	0.00	19.29	0.00	60.95	0.00	68	0	67	128.19	92.48	0.00	0.00	0.00	0.00	0.00	0.00	0.00	0.00	0.00	0.00	0.00	22.32	20.08	0.00	0.92	0.00	0.00
721	20.35	4091	2683	0.86	25	0	0	1	2	3	28	0	0	0	0	0.00	0.02	0.42	0.47	66.77	0.00	0.00	0.00	0.00	21.39	0.00	58.27	0.00	67	0	67	122.95	89.06	0.00	0.00	0.00	0.00	0.00	0.00	0.00	0.00	0.00	0.00	0.00	24.64	18.11	0.00	1.02	0.00	0.00
730	17.67	4087	3130	0.85	33	0	0	0	1	1	31	0	2	0	0	0.00	0.00	0.07	0.80	77.92	0.00	3.30	0.00	0.00	18.13	1.31	62.89	0.00	68	0	68	122.93	94.23	0.00	0.00	0.00	0.00	0.00	0.00	0.00	0.00	0.00	0.00	0.00	23.18	20.80	0.00	0.99	0.00	0.00
723	18.19	4086	3010	0.86	33	0	0	1	0	5	33	0	0	0	0	0.00	0.00	0.00	0.61	77.46	0.00	0.00	0.00	0.00	19.79	0.00	62.02	0.00	68	0	68	123.06	93.32	0.00	0.00	0.00	0.00	0.00	0.00	0.00	0.00	0.00	0.00	0.00	23.89	20.14	0.00	0.99	0.00	0.00
648	26.38	4091	1858	0.89	35	0	0	0	1	1	26	0	6	0	0	0.00	0.00	0.07	0.43	35.69	0.00	7.01	0.00	0.00	15.46	1.33	56.83	0.00	69	0	69	110.56	84.93	0.00	0.00	0.00	0.00	0.00	0.00	0.00	0.00	0.00	0.00	0.00	12.27	10.96	0.00	0.53	0.00	0.00
696	9.91	4081	5329	0.89	63	0	0	0	1	1	30	0	21	0	3	0.00	0.00	0.25	0.73	85.92	0.00	60.83	0.00	6.32	17.73	0.00	53.47	18.89	69	0	69	122.29	102.67	0.00	0.00	0.00	0.00	0.00	0.00	0.00	0.00	0.00	0.00	0.00	40.25	36.87	0.00	1.77	0.00	0.00
705	13.76	4086	3881	0.89	32	0	0	0	2	1	15	0	16	0	0	0.00	0.00	0.45	0.88	52.32	0.00	53.29	0.00	0.00	20.56	0.00	46.19	19.49	69	0	69	127.90	97.69	0.00	0.00	0.00	0.00	0.00	0.00	0.00	0.00	0.00	0.00	0.00	31.30	27.62	0.00	1.31	0.00	0.00
730	21.20	4090	2606	0.86	27	0	0	0	2	2	25	0	3	0	0	0.00	0.00	0.38	1.19	57.35	0.00	6.02	0.00	0.00	20.91	0.00	57.89	0.00	69	0	69	120.16	87.63	0.00	0.00	0.00	0.00	0.00	0.00	0.00	0.00	0.00	0.00	0.00	17.54	16.26	0.00	0.71	0.00	0.00
631	25.48	4091	1873	0.90	33	0	0	0	1	1	28	0	5	0	0	0.00	0.00	0.08	0.32	37.85	0.00	5.87	0.00	0.00	16.04	0.00	58.48	0.00	69	0	70	111.32	85.82	0.00	0.00	0.00	0.00	0.00	0.00	0.00	0.00	0.00	0.00	0.00	15.09	11.37	0.00	0.65	0.00	0.00
687	9.87	4079	5279	0.89	66	0	0	0	1	3	37	0	18	0	1	0.00	0.00	0.12	0.42	103.70	0.00	45.52	0.00	2.76	18.29	0.00	62.46	9.37	69	0	69	121.96	102.45	0.00	0.00	0.00	0.00	0.00	0.00	0.00	0.00	0.00	0.00	0.00	39.49	36.04	0.00	1.75	0.00	0.00
743	17.24	4088	3265	0.84	35	0	0	0	3	2	24	0	11	0	0	0.00	0.00	0.52	1.04	60.42	0.00	23.83	0.00	0.00	20.14	0.00	53.44	9.18	70	0	69	119.00	91.66	0.00	0.00	0.00	0.00	0.00	0.00	0.00	0.00	0.00	0.00	0.00	22.90	21.99	0.00	0.96	0.00	0.00
623	25.73	4092	1832	0.90	33	0	0	1	0	1	27	0	5	0	0	0.00	0.00	0.00	0.26	36.30	0.00	6.51	0.00	0.00	15.94	0.00	58.33	0.00	69	0	70	110.88	85.09	0.00	0.00	0.00	0.00	0.00	0.00	0.00	0.00	0.00	0.00	0.00	15.25	10.98	0.00	0.65	0.00	0.00
688	9.69	4083	5388	0.89	63	0	0	1	0	1	29	0	19	0	4	0.00	0.00	0.00	0.69	82.15	0.00	57.16	0.00	15.74	18.05	0.65	49.59	22.02	70	0	69	120.71	101.92	0.00	0.00	0.00	0.00	0.00	0.00	0.00	0.00	0.00	0.00	0.00	39.86	36.81	0.00	1.76	0.00	0.00
626	25.22	4092	1876	0.90	31	0	0	2	0	2	18	0	16	0	0	0.00	0.04	0.00	0.55	21.64	0.00	22.13	0.00	0.00	18.43	0.00	39.56	16.78	69	0	69	106.86	82.35	0.00	0.00	0.00	0.00	0.00	0.00	0.00	0.00	0.00	0.00	0.00	12.18	11.21	0.00	0.50	0.00	0.00
684	9.29	4082	5589	0.89	65	0	0	0	1	1	23	0	27	0	5	0.00	0.00	0.13	0.60	65.78	0.00	80.05	0.00	15.93	17.94	0.00	48.64	24.13	69	0	69	121.69	102.62	0.00	0.00	0.00	0.00	0.00	0.00	0.00	0.00	0.00	0.00	0.00	45.13	38.08	0.00	2.02	0.00	0.00
660	16.75	4089	2986	0.90	30	0	0	0	0	1	16	0	15	0	0	0.00	0.00	0.00	0.41	37.87	0.00	40.84	0.00	0.00	19.50	0.00	43.99	19.76	70	0	69	123.33	93.60	0.00	0.00	0.00	0.00	0.00	0.00	0.00	0.00	0.00	0.00	0.00	22.88	19.15	0.00	0.98	0.00	0.00
826	15.08	4088	4149	0.81	33	0	0	0	3	1	23	0	11	0	0	0.00	0.00	0.44	0.73	77.16	0.00	34.18	0.00	0.00	18.23	0.00	62.62	4.07	70	0	70	126.32	97.39	0.00	0.00	0.00	0.00	0.00	0.00	0.00	0.00	0.00	0.00	0.00	38.44	30.44	0.00	1.58	0.00	0.00
742	21.37	4087	2630	0.85	27	0	0	0	1	0	23	0	5	0	0	0.00	0.00	0.18	0.00	55.12	0.00	10.05	0.00	0.00	20.23	0.00	58.40	0.00	70	0	71	122.01	87.69	0.00	0.00	0.00	0.00	0.00	0.00	0.00	0.00	0.00	0.00	0.00	19.53	17.73	0.00	0.78	0.00	0.00
746	18.49	4087	3055	0.85	33	0	0	0	1	3	31	0	2	0	0	0.00	0.00	0.12	0.45	73.04	0.00	5.47	0.00	0.00	18.79	0.00	62.72	0.00	70	0	71	123.87	94.00	0.00	0.00	0.00	0.00	0.00	0.00	0.00	0.00	0.00	0.00	0.00	23.76	20.09	0.00	1.01	0.00	0.00
723	17.77	4090	3079	0.86	33	0	0	2	0	1	27	0	4	0	0	0.00	0.03	0.00	0.70	68.35	0.00	11.43	0.00	0.00	18.52	1.18	58.13	4.40	70	0	70	123.08	93.72	0.00	0.00	0.00	0.00	0.00	0.00	0.00	0.00	0.00	0.00	0.00	24.78	21.67	0.00	1.01	0.00	0.00
683	23.28	4090	2220	0.86	33	0	0	0	1	1	23	0	8	0	0	0.00	0.00	0.05	0.55	38.27	0.00	14.94	0.00	0.00	14.76	1.29	56.34	4.33	70	0	70	119.78	91.03	0.00	0.00	0.00	0.00	0.00	0.00	0.00	0.00	0.00	0.00	0.00	16.06	14.22	0.00	0.69	0.00	0.00
681	12.60	4085	4094	0.90	49	0	0	1	0	1	30	0	12	0	0	0.00	0.05	0.00	0.74	85.57	0.00	27.95	0.00	0.00	19.22	0.95	57.45	9.78	70	0	70	120.62	97.64	0.00	0.00	0.00	0.00	0.00	0.00	0.00	0.00	0.00	0.00	0.00	29.61	28.10	0.00	1.24	0.00	0.00
668	16.67	4086	3037	0.90	33	0	0	0	2	1	21	0	10	0	0	0.00	0.00	0.36	0.67	56.24	0.00	22.93	0.00	0.00	20.09	0.00	61.23	2.01	70	0	71	123.08	93.55	0.00	0.00	0.00	0.00	0.00	0.00	0.00	0.00	0.00	0.00	0.00	23.40	20.44	0.00	0.98	0.00	0.00
826	15.02	4090	4163	0.81	33	0	0	2	1	1	28	0	6	0	0	0.00	0.10	0.19	0.67	95.39	0.00	16.59	0.00	0.00	18.11	0.00	62.81	4.06	70	0	71	126.74	97.85	0.00	0.00	0.00	0.00	0.00	0.00	0.00	0.00	0.00	0.00	0.00	37.79	29.19	0.00	1.60	0.00	0.00
751	21.46	4087	2650	0.84	26	0	0	0	1	0	23	0	5	0	0	0.00	0.00	0.20	0.00	55.19	0.00	10.25	0.00	0.00	20.03	0.00	58.51	0.00	71	0	71	122.49	88.06	0.00	0.00	0.00	0.00	0.00	0.00	0.00	0.00	0.00	0.00	0.00	19.31	17.89	0.00	0.78	0.00	0.00
738	18.51	4088	3020	0.85	33	0	0	1	1	0	28	0	3	0	0	0.00	0.00	0.32	0.00	68.28	0.00	9.47	0.00	0.00	18.99	0.00	62.50	0.00	70	0	70	123.23	93.37	0.00	0.00	0.00	0.00	0.00	0.00	0.00	0.00	0.00	0.00	0.00	23.69	20.06	0.00	0.99	0.00	0.00
735	17.80	4085	3129	0.85	33	0	0	0	1	1	22	0	11	0	0	0.00	0.00	0.08	0.78	53.28	0.00	27.56	0.00	0.00	18.07	1.30	49.76	13.07	70	0	71	123.55	93.91	0.00	0.00	0.00	0.00	0.00	0.00	0.00	0.00	0.00	0.00	0.00	23.83	20.91	0.00	1.01	0.00	0.00
644	25.36	4090	1923	0.89	33	0	0	1	0	5	30	0	2	0	0	0.00	0.01	0.00	0.40	42.70	0.00	2.29	0.00	0.00	15.76	0.00	58.89	0.00	71	0	71	116.78	88.72	0.00	0.00	0.00	0.00	0.00	0.00	0.00	0.00	0.00	0.00	0.00	14.04	12.04	0.00	0.59	0.00	0.00
686	10.82	4084	4806	0.90	57	0	0	1	0	1	32	0	17	0	0	0.00	0.05	0.00	0.77	90.16	0.00	46.14	0.00	0.00	19.00	0.83	54.68	14.67	71	0	71	119.68	99.12	0.00	0.00	0.00	0.00	0.00	0.00	0.00	0.00	0.00	0.00	0.00	33.68	31.16	0.00	1.50	0.00	0.00
664	16.72	4087	3006	0.90	34	0	0	0	2	1	25	0	6	0	0	0.00	0.00	0.27	0.58	63.74	0.00	14.98	0.00	0.00	19.74	0.00	63.54	0.00	71	0	71	122.84	93.54	0.00	0.00	0.00	0.00	0.00	0.00	0.00	0.00	0.00	0.00	0.00	23.27	20.46	0.00	0.96	0.00	0.00
633	24.70	4091	1941	0.89	34	0	0	0	3	1	25	0	9	0	0	0.00	0.00	0.28	0.33	34.35	0.00	11.24	0.00	0.00	18.07	0.00	53.85	3.38	70	0	71	108.41	83.77	0.00	0.00	0.00	0.00	0.00	0.00	0.00	0.00	0.00	0.00	0.00	14.90	11.55	0.00	0.64	0.00	0.00
696	9.54	4082	5532	0.88	67	0	0	0	3	0	32	0	26	0	0	0.00	0.00	0.56	0.00	87.45	0.00	72.00	0.00	0.00	18.67	0.00	53.09	18.70	71	0	70	121.65	101.83	0.00	0.00	0.00	0.00	0.00	0.00	0.00	0.00	0.00	0.00	0.00	39.48	36.87	0.00	1.79	0.00	0.00
663	16.92	4088	2969	0.90	34	0	0	2	0	1	19	0	12	0	0	0.00	0.02	0.00	0.50	49.45	0.00	28.45	0.00	0.00	19.48	0.00	49.84	13.76	71	0	71	123.05	93.44	0.00	0.00	0.00	0.00	0.00	0.00	0.00	0.00	0.00	0.00	0.00	23.18	19.95	0.00	0.96	0.00	0.00
834	15.06	4089	4194	0.81	35	0	0	1	2	1	26	0	8	0	0	0.00	0.06	0.29	0.74	87.98	0.00	24.72	0.00	0.00	17.89	0.00	62.99	4.05	70	0	70	127.08	98.02	0.00	0.00	0.00	0.00	0.00	0.00	0.00	0.00	0.00	0.00	0.00	37.61	29.24	0.00	1.60	0.00	0.00
747	21.29	4088	2656	0.85	28	0	0	0	1	0	23	0	6	0	0	0.00	0.00	0.20	0.00	53.82	0.00	11.99	0.00	0.00	20.31	0.00	58.40	0.00	70	0	71	122.64	88.14	0.00	0.00	0.00	0.00	0.00	0.00	0.00	0.00	0.00	0.00	0.00	18.55	16.81	0.00	0.78	0.00	0.00
734	18.47	4088	3010	0.85	31	0	0	1	1	1	28	0	2	0	0	0.00	0.02	0.30	0.77	74.25	0.00	2.47	0.00	0.00	18.93	0.00	62.60	0.00	71	0	71	123.12	93.19	0.00	0.00	0.00	0.00	0.00	0.00	0.00	0.00	0.00	0.00	0.00	23.52	20.18	0.00	0.99	0.00	0.00
732	17.66	4086	3139	0.86	33	0	0	0	1	1	24	0	9	0	0	0.00	0.00	0.10	0.75	58.07	0.00	23.25	0.00	0.00	17.89	1.33	58.41	4.71	70	0	71	123.09	94.09	0.00	0.00	0.00	0.00	0.00	0.00	0.00	0.00	0.00	0.00	0.00	23.89	20.75	0.00	1.01	0.00	0.00
722	17.93	4087	3051	0.86	33	0	0	1	0	5	30	0	3	0	0	0.00	0.02	0.00	0.55	72.96	0.00	6.10	0.00	0.00	19.37	0.00	62.70	0.00	70	0	71	123.15	93.71	0.00	0.00	0.00	0.00	0.00	0.00	0.00	0.00	0.00	0.00	0.00	23.67	20.21	0.00	1.01	0.00	0.00
648	24.99	4089	1964	0.88	33	0	0	0	1	1	24	0	8	0	0	0.00	0.00	0.07	0.46	35.27	0.00	10.79	0.00	0.00	14.48	1.30	54.85	4.37	71	0	71	115.78	88.49	0.00	0.00	0.00	0.00	0.00	0.00	0.00	0.00	0.00	0.00	0.00	14.36	12.82	0.00	0.59	0.00	0.00
707	11.20	4080	4788	0.89	58	0	0	0	1	5	36	0	12	0	2	0.00	0.00	0.10	0.63	101.93	0.00	29.91	0.00	3.41	19.40	0.00	58.97	10.43	71	0	71	120.45	99.67	0.00	0.00	0.00	0.00	0.00	0.00	0.00	0.00	0.00	0.00	0.00	33.88	31.57	0.00	1.51	0.00	0.00
680	16.59	4087	3107	0.90	32	0	0	0	2	1	25	0	6	0	0	0.00	0.00	0.45	0.70	70.63	0.00	10.75	0.00	0.00	19.44	0.00	62.12	1.85	71	0	71	123.27	94.11	0.00	0.00	0.00	0.00	0.00	0.00	0.00	0.00	0.00	0.00	0.00	24.29	21.07	0.00	0.99	0.00	0.00
666	16.36	4087	3085	0.91	33	0	0	0	2	1	25	0	6	0	0	0.00	0.00	0.30	0.65	68.68	0.00	12.55	0.00	0.00	20.16	0.00	61.90	1.58	70	0	71	123.59	93.86	0.00	0.00	0.00	0.00	0.00	0.00	0.00	0.00	0.00	0.00	0.00	23.53	20.22	0.00	1.01	0.00	0.00
722	13.72	4085	3988	0.90	34	0	0	0	2	1	23	0	8	0	0	0.00	0.00	0.66	0.99	82.11	0.00	26.28	0.00	0.00	20.45	0.00	64.02	1.82	71	0	71	127.86	97.45	0.00	0.00	0.00	0.00	0.00	0.00	0.00	0.00	0.00	0.00	0.00	31.85	27.75	0.00	1.35	0.00	0.00
623	23.51	4089	2006	0.93	26	0	0	0	2	1	23	0	1	0	0	0.00	0.00	0.36	0.56	45.72	0.00	1.76	0.00	0.00	19.96	0.00	56.53	0.00	70	0	71	120.97	86.33	0.00	0.00	0.00	0.00	0.00	0.00	0.00	0.00	0.00	0.00	0.00	14.71	12.71	0.00	0.60	0.00	0.00
672	13.39	4086	3801	0.91	42	0	0	0	2	1	27	0	11	0	0	0.00	0.00	0.48	0.73	76.71	0.00	27.30	0.00	0.00	19.84	0.00	62.62	4.15	71	0	70	121.93	96.76	0.00	0.00	0.00	0.00	0.00	0.00	0.00	0.00	0.00	0.00	0.00	29.44	25.83	0.00	1.25	0.00	0.00
723	13.83	4085	3963	0.90	34	0	0	0	2	1	23	0	8	0	0	0.00	0.00	0.43	0.83	82.79	0.00	24.97	0.00	0.00	20.56	0.00	63.90	1.72	71	0	71	128.08	97.22	0.00	0.00	0.00	0.00	0.00	0.00	0.00	0.00	0.00	0.00	0.00	31.49	27.00	0.00	1.34	0.00	0.00
692	18.78	4087	2793	0.91	26	0	0	0	2	1	23	0	1	0	0	0.00	0.00	0.64	0.88	67.69	0.00	2.71	0.00	0.00	20.98	0.00	60.24	0.00	71	0	71	128.94	92.43	0.00	0.00	0.00	0.00	0.00	0.00	0.00	0.00	0.00	0.00	0.00	21.40	19.06	0.00	0.87	0.00	0.00
671	17.33	4089	2934	0.91	27	0	0	0	2	1	20	0	7	0	0	0.00	0.00	0.30	0.71	59.73	0.00	16.28	0.00	0.00	20.34	0.00	62.34	0.00	70	0	71	126.65	93.09	0.00	0.00	0.00	0.00	0.00	0.00	0.00	0.00	0.00	0.00	0.00	26.08	19.59	0.00	1.10	0.00	0.00
659	17.34	4089	2879	0.92	33	0	0	0	1	1	24	0	6	0	0	0.00	0.00	0.15	0.80	60.13	0.00	14.60	0.00	0.00	20.11	1.55	58.30	2.71	70	0	71	123.10	92.12	0.00	0.00	0.00	0.00	0.00	0.00	0.00	0.00	0.00	0.00	0.00	19.08	20.10	0.00	0.75	0.00	0.00
736	13.89	4087	4016	0.89	33	0	0	0	0	2	25	0	5	0	0	0.00	0.00	0.00	1.57	97.78	0.00	11.04	0.00	0.00	20.59	1.30	62.15	2.07	71	0	71	129.70	97.82	0.00	0.00	0.00	0.00	0.00	0.00	0.00	0.00	0.00	0.00	0.00	33.39	28.35	0.00	1.39	0.00	0.00
702	17.50	4088	3036	0.91	25	0	0	2	0	1	21	0	3	0	0	0.00	0.13	0.00	0.70	69.73	0.00	9.24	0.00	0.00	20.86	0.00	61.63	0.00	71	0	71	131.95	93.79	0.00	0.00	0.00	0.00	0.00	0.00	0.00	0.00	0.00	0.00	0.00	24.03	21.09	0.00	0.99	0.00	0.00
809	19.71	4088	3110	0.82	26	0	0	0	1	2	22	0	4	0	0	0.00	0.00	0.22	1.71	64.87	0.00	12.19	0.00	0.00	18.46	0.00	61.83	0.00	71	0	71	127.65	92.69	0.00	0.00	0.00	0.00	0.00	0.00	0.00	0.00	0.00	0.00	0.00	23.73	22.29	0.00	0.93	0.00	0.00
813	19.24	4088	3200	0.83	26	0	0	1	1	1	22	0	5	0	0	0.00	0.06	0.31	0.92	70.08	0.00	10.45	0.00	0.00	18.33	0.00	61.30	1.14	71	0	71	130.64	94.86	0.00	0.00	0.00	0.00	0.00	0.00	0.00	0.00	0.00	0.00	0.00	29.34	21.84	0.00	1.23	0.00	0.00
678	26.01	4091	1973	0.87	34	0	0	0	1	2	23	0	2	0	0	0.00	0.00	0.13	1.06	42.31	0.00	2.46	0.00	0.00	18.55	0.00	55.44	0.00	71	0	71	115.84	83.62	0.00	0.00	0.00	0.00	0.00	0.00	0.00	0.00	0.00	0.00	0.00	13.67	12.52	0.00	0.56	0.00	0.00
643	15.40	4087	3163	0.91	41	0	0	0	1	0	31	0	9	0	0	0.00	0.00	0.24	0.00	68.27	0.00	16.64	0.00	0.00	17.79	0.00	58.06	8.75	71	0	71	120.44	96.42	0.00	0.00	0.00	0.00	0.00	0.00	0.00	0.00	0.00	0.00	0.00	23.18	20.81	0.00	0.99	0.00	0.00
666	13.80	4085	3656	0.90	41	0	0	0	2	1	26	0	12	0	0	0.00	0.00	0.39	0.65	72.06	0.00	27.41	0.00	0.00	19.70	0.00	65.11	1.39	71	0	71	121.87	96.48	0.00	0.00	0.00	0.00	0.00	0.00	0.00	0.00	0.00	0.00	0.00	28.90	25.21	0.00	1.22	0.00	0.00
826	14.99	4088	4174	0.81	33	0	0	0	3	1	26	0	8	0	0	0.00	0.00	0.57	0.82	87.25	0.00	24.34	0.00	0.00	18.28	0.00	62.64	4.09	71	0	71	126.19	97.71	0.00	0.00	0.00	0.00	0.00	0.00	0.00	0.00	0.00	0.00	0.00	37.03	28.63	0.00	1.58	0.00	0.00
735	21.08	4088	2641	0.85	26	0	0	0	1	0	22	0	6	0	0	0.00	0.00	0.13	0.00	52.44	0.00	13.46	0.00	0.00	20.10	0.00	58.83	0.00	71	0	71	122.07	87.98	0.00	0.00	0.00	0.00	0.00	0.00	0.00	0.00	0.00	0.00	0.00	19.63	18.22	0.00	0.77	0.00	0.00
805	16.66	4086	3662	0.83	33	0	0	0	1	1	29	0	4	0	0	0.00	0.00	0.28	0.18	84.92	0.00	11.72	0.00	0.00	16.69	0.00	66.64	0.00	71	0	71	129.34	98.72	0.00	0.00	0.00	0.00	0.00	0.00	0.00	0.00	0.00	0.00	0.00	29.20	25.43	0.00	1.23	0.00	0.00
789	19.57	4088	3053	0.84	35	0	0	0	1	2	24	0	1	0	0	0.00	0.00	0.25	1.93	71.72	0.00	3.92	0.00	0.00	19.28	0.00	61.15	0.00	71	0	71	129.45	93.17	0.00	0.00	0.00	0.00	0.00	0.00	0.00	0.00	0.00	0.00	0.00	24.16	22.16	0.00	0.96	0.00	0.00
709	18.80	4089	2856	0.83	26	0	0	0	2	0	25	0	2	0	0	0.00	0.00	0.65	0.00	69.31	0.00	3.80	0.00	0.00	19.09	0.00	62.11	0.00	71	0	71	127.98	92.86	0.00	0.00	0.00	0.00	0.00	0.00	0.00	0.00	0.00	0.00	0.00	21.19	19.21	0.00	0.85	0.00	0.00
754	20.76	4090	2750	0.87	27	0	0	0	2	1	25	0	3	0	0	0.00	0.00	0.48	0.78	63.21	0.00	4.65	0.00	0.00	20.53	0.00	58.71	0.00	71	0	71	121.03	88.83	0.00	0.00	0.00	0.00	0.00	0.00	0.00	0.00	0.00	0.00	0.00	23.00	17.74	0.00	0.96	0.00	0.00
736	17.41	4087	3204	0.86	33	0	0	0	1	0	27	0	7	0	0	0.00	0.00	0.18	0.00	68.09	0.00	15.87	0.00	0.00	17.53	0.00	60.01	5.04	71	0	72	123.62	94.99	0.00	0.00	0.00	0.00	0.00	0.00	0.00	0.00	0.00	0.00	0.00	24.59	22.38	0.00	1.02	0.00	0.00
726	17.88	4086	3078	0.86	33	0	0	0	1	0	28	0	5	0	0	0.00	0.00	0.33	0.00	68.78	0.00	11.23	0.00	0.00	18.92	0.00	63.21	0.00	71	0	71	123.38	93.75	0.00	0.00	0.00	0.00	0.00	0.00	0.00	0.00	0.00	0.00	0.00	23.41	19.71	0.00	1.01	0.00	0.00
613	27.61	4090	1680	0.90	33	0	0	0	1	5	32	0	2	0	0	0.00	0.00	0.01	0.25	36.46	0.00	1.60	0.00	0.00	18.57	0.00	53.81	0.00	71	0	72	106.29	80.78	0.00	0.00	0.00	0.00	0.00	0.00	0.00	0.00	0.00	0.00	0.00	11.26	10.12	0.00	0.46	0.00	0.00
716	9.19	4079	5914	0.88	73	0	0	0	1	1	38	0	22	0	0	0.00	0.00	0.38	0.85	111.46	0.00	59.39	0.00	0.00	16.66	0.00	62.42	11.73	71	0	70	122.20	104.27	0.00	0.00	0.00	0.00	0.00	0.00	0.00	0.00	0.00	0.00	0.00	44.85	40.56	0.00	2.02	0.00	0.00
729	13.88	4085	3981	0.89	33	0	0	0	2	1	17	0	14	0	0	0.00	0.00	0.72	0.99	59.66	0.00	47.99	0.00	0.00	20.58	0.00	51.67	13.88	71	0	71	126.88	96.81	0.00	0.00	0.00	0.00	0.00	0.00	0.00	0.00	0.00	0.00	0.00	30.94	26.50	0.00	1.32	0.00	0.00
715	17.29	4091	3131	0.90	25	0	0	0	2	1	18	0	6	0	0	0.00	0.00	0.40	0.88	63.16	0.00	18.29	0.00	0.00	20.73	0.00	61.98	0.00	71	0	71	132.34	95.12	0.00	0.00	0.00	0.00	0.00	0.00	0.00	0.00	0.00	0.00	0.00	25.18	22.67	0.00	1.01	0.00	0.00
623	23.69	4090	1990	0.93	25	0	0	0	2	1	24	0	1	0	0	0.00	0.00	0.20	0.49	47.24	0.00	0.04	0.00	0.00	19.72	0.00	56.59	0.00	71	0	71	120.36	85.90	0.00	0.00	0.00	0.00	0.00	0.00	0.00	0.00	0.00	0.00	0.00	14.43	12.23	0.00	0.60	0.00	0.00
676	13.39	4087	3826	0.91	41	0	0	0	2	1	29	0	9	0	0	0.00	0.00	0.30	0.63	81.84	0.00	23.24	0.00	0.00	19.53	0.00	65.35	1.73	71	0	71	122.45	97.26	0.00	0.00	0.00	0.00	0.00	0.00	0.00	0.00	0.00	0.00	0.00	29.37	26.23	0.00	1.26	0.00	0.00
665	16.30	4089	3090	0.92	33	0	0	1	0	1	23	0	8	0	0	0.00	0.02	0.00	0.45	62.16	0.00	19.98	0.00	0.00	19.29	0.00	62.26	2.16	71	0	71	123.77	94.60	0.00	0.00	0.00	0.00	0.00	0.00	0.00	0.00	0.00	0.00	0.00	23.69	20.06	0.00	1.00	0.00	0.00
666	16.06	4090	3140	0.91	35	0	0	1	0	1	24	0	7	0	0	0.00	0.03	0.00	0.46	67.10	0.00	16.67	0.00	0.00	19.62	0.00	64.31	0.00	71	0	71	124.17	94.42	0.00	0.00	0.00	0.00	0.00	0.00	0.00	0.00	0.00	0.00	0.00	24.02	20.94	0.00	1.03	0.00	0.00
725	13.91	4088	3949	0.90	33	0	1	1	0	2	24	0	6	0	0	0.17	0.07	0.00	1.90	88.13	0.00	18.53	0.00	0.00	19.90	1.62	64.58	0.00	71	0	71	127.72	97.11	0.00	0.00	0.00	0.00	0.00	0.00	0.00	0.00	0.00	0.00	0.00	32.47	27.77	0.00	1.34	0.00	0.00
657	20.66	4089	2406	0.92	25	0	0	0	2	1	20	0	4	0	0	0.00	0.00	0.34	0.64	49.42	0.00	10.03	0.00	0.00	20.49	0.00	58.84	0.00	70	0	71	125.21	89.48	0.00	0.00	0.00	0.00	0.00	0.00	0.00	0.00	0.00	0.00	0.00	17.79	15.70	0.00	0.73	0.00	0.00
667	15.96	4089	3166	0.91	33	0	0	1	1	1	25	0	8	0	0	0.00	0.05	0.08	0.55	65.60	0.00	18.51	0.00	0.00	19.99	0.00	61.58	2.47	71	0	71	123.71	94.19	0.00	0.00	0.00	0.00	0.00	0.00	0.00	0.00	0.00	0.00	0.00	24.24	21.52	0.00	1.01	0.00	0.00
651	16.53	4088	2983	0.91	33	0	0	0	0	2	27	0	3	0	0	0.00	0.00	0.00	1.13	71.30	0.00	6.80	0.00	0.00	19.70	1.29	62.49	0.00	71	0	71	123.87	93.92	0.00	0.00	0.00	0.00	0.00	0.00	0.00	0.00	0.00	0.00	0.00	23.40	19.83	0.00	0.99	0.00	0.00
828	15.24	4087	4113	0.81	33	0	0	0	3	1	24	0	10	0	0	0.00	0.00	0.54	0.72	81.35	0.00	28.79	0.00	0.00	18.10	0.00	62.72	3.93	71	0	71	127.26	97.96	0.00	0.00	0.00	0.00	0.00	0.00	0.00	0.00	0.00	0.00	0.00	37.85	29.57	0.00	1.58	0.00	0.00
743	21.54	4087	2614	0.85	26	0	0	0	1	0	23	0	5	0	0	0.00	0.00	0.25	0.00	54.73	0.00	9.87	0.00	0.00	20.03	0.00	58.44	0.00	71	0	71	122.51	88.05	0.00	0.00	0.00	0.00	0.00	0.00	0.00	0.00	0.00	0.00	0.00	18.58	16.70	0.00	0.78	0.00	0.00
726	21.45	4087	2565	0.85	33	0	0	0	0	5	32	0	1	0	0	0.00	0.00	0.00	0.50	61.28	0.00	1.96	0.00	0.00	16.15	0.00	62.40	0.00	71	0	72	124.46	94.16	0.00	0.00	0.00	0.00	0.00	0.00	0.00	0.00	0.00	0.00	0.00	20.16	17.63	0.00	0.83	0.00	0.00
730	12.34	4085	4479	0.88	41	0	0	1	0	1	29	0	6	0	0	0.00	0.03	0.00	0.90	101.47	0.00	23.03	0.00	0.00	19.62	1.10	61.45	5.49	71	0	71	125.72	98.34	0.00	0.00	0.00	0.00	0.00	0.00	0.00	0.00	0.00	0.00	0.00	31.86	30.15	0.00	1.35	0.00	0.00
727	21.20	4091	2595	0.85	26	0	0	0	1	2	26	0	2	0	0	0.00	0.00	0.14	1.12	61.05	0.00	2.57	0.00	0.00	20.80	0.00	58.00	0.00	71	0	71	120.06	86.96	0.00	0.00	0.00	0.00	0.00	0.00	0.00	0.00	0.00	0.00	0.00	18.00	17.81	0.00	0.73	0.00	0.00
729	17.34	4090	3183	0.86	33	0	0	1	1	1	29	0	3	0	0	0.00	0.02	0.10	0.57	76.38	0.00	6.52	0.00	0.00	17.89	0.00	64.77	0.00	71	0	71	123.18	94.82	0.00	0.00	0.00	0.00	0.00	0.00	0.00	0.00	0.00	0.00	0.00	29.47	21.43	0.00	1.24	0.00	0.00
739	17.88	4085	3135	0.85	33	0	0	0	1	1	26	0	8	0	0	0.00	0.00	0.12	0.77	61.67	0.00	19.05	0.00	0.00	18.10	1.37	56.81	5.85	71	0	71	123.19	93.91	0.00	0.00	0.00	0.00	0.00	0.00	0.00	0.00	0.00	0.00	0.00	24.46	21.47	0.00	1.01	0.00	0.00
725	17.87	4088	3073	0.86	33	0	0	1	0	6	30	0	2	0	0	0.00	0.00	0.00	0.80	73.27	0.00	6.28	0.00	0.00	19.31	0.00	62.82	0.00	71	0	71	123.25	93.90	0.00	0.00	0.00	0.00	0.00	0.00	0.00	0.00	0.00	0.00	0.00	24.85	21.23	0.00	1.03	0.00	0.00
725	18.02	4087	3048	0.87	33	0	0	0	1	1	25	0	8	0	0	0.00	0.00	0.07	0.78	58.00	0.00	20.42	0.00	0.00	18.56	1.44	51.70	10.27	71	0	71	123.03	93.43	0.00	0.00	0.00	0.00	0.00	0.00	0.00	0.00	0.00	0.00	0.00	22.79	20.20	0.00	0.97	0.00	0.00
735	17.44	4088	3191	0.85	33	0	0	0	1	1	28	0	5	0	0	0.00	0.00	0.08	0.79	70.75	0.00	12.50	0.00	0.00	17.82	1.31	63.42	0.00	71	0	71	124.36	95.01	0.00	0.00	0.00	0.00	0.00	0.00	0.00	0.00	0.00	0.00	0.00	25.23	22.00	0.00	1.03	0.00	0.00
612	17.21	4088	2693	0.90	65	0	0	0	1	5	45	0	12	0	2	0.00	0.00	0.02	0.27	53.53	0.00	15.95	0.00	1.32	19.32	0.00	52.87	10.60	71	0	71	107.31	90.37	0.00	0.00	0.00	0.00	0.00	0.00	0.00	0.00	0.00	0.00	0.00	17.70	16.43	0.00	0.78	0.00	0.00
731	13.99	4088	3954	0.85	42	0	0	0	2	0	27	0	14	0	0	0.00	0.00	0.38	0.00	70.33	0.00	38.10	0.00	0.00	15.56	0.00	57.75	12.69	70	0	71	125.91	101.30	0.00	0.00	0.00	0.00	0.00	0.00	0.00	0.00	0.00	0.00	0.00	34.51	26.86	0.00	1.51	0.00	0.00
733	18.12	4089	3063	0.86	33	0	0	0	1	1	24	0	7	0	0	0.00	0.00	0.15	0.84	58.03	0.00	20.81	0.00	0.00	17.59	1.44	62.84	0.00	71	0	71	123.33	94.44	0.00	0.00	0.00	0.00	0.00	0.00	0.00	0.00	0.00	0.00	0.00	23.80	20.73	0.00	1.00	0.00	0.00
631	26.66	4091	1793	0.89	35	0	0	0	1	1	27	0	4	0	0	0.00	0.00	0.08	0.41	34.98	0.00	5.83	0.00	0.00	16.38	1.28	46.54	9.14	71	0	71	109.26	83.23	0.00	0.00	0.00	0.00	0.00	0.00	0.00	0.00	0.00	0.00	0.00	12.23	10.64	0.00	0.52	0.00	0.00
764	10.53	4084	5498	0.83	70	0	0	0	2	2	35	0	26	0	2	0.00	0.00	0.41	1.10	80.04	0.00	71.14	0.00	4.85	18.76	0.72	53.68	16.31	71	0	71	120.02	100.01	0.00	0.00	0.00	0.00	0.00	0.00	0.00	0.00	0.00	0.00	0.00	38.23	37.14	0.00	1.68	0.00	0.00
727	17.31	4090	3179	0.85	33	0	0	1	0	1	25	0	7	0	0	0.00	0.03	0.00	0.43	66.37	0.00	16.95	0.00	0.00	17.66	0.00	60.75	4.28	70	0	71	123.17	94.80	0.00	0.00	0.00	0.00	0.00	0.00	0.00	0.00	0.00	0.00	0.00	29.70	21.48	0.00	1.27	0.00	0.00
736	18.28	4088	3051	0.86	35	0	0	0	2	3	27	0	6	0	0	0.00	0.00	0.27	1.03	60.59	0.00	17.33	0.00	0.00	18.91	1.40	57.12	4.29	71	0	70	123.93	94.38	0.00	0.00	0.00	0.00	0.00	0.00	0.00	0.00	0.00	0.00	0.00	23.18	20.12	0.00	0.98	0.00	0.00
724	17.68	4089	3098	0.86	35	0	0	0	1	1	28	0	5	0	0	0.00	0.00	0.12	0.79	68.22	0.00	11.80	0.00	0.00	18.74	1.42	62.16	0.00	71	0	71	122.66	93.31	0.00	0.00	0.00	0.00	0.00	0.00	0.00	0.00	0.00	0.00	0.00	23.98	21.44	0.00	0.99	0.00	0.00
740	17.38	4088	3223	0.85	43	0	1	0	0	1	28	0	5	0	0	0.10	0.00	0.00	0.67	73.53	0.00	10.67	0.00	0.00	17.34	1.13	58.32	5.83	71	0	72	124.25	95.24	0.00	0.00	0.00	0.00	0.00	0.00	0.00	0.00	0.00	0.00	0.00	24.31	21.52	0.00	1.03	0.00	0.00
776	16.79	4088	3501	0.84	25	0	0	0	1	1	26	0	3	0	0	0.00	0.00	0.27	0.88	81.13	0.00	10.41	0.00	0.00	17.71	0.00	65.50	0.00	71	0	71	129.04	97.59	0.00	0.00	0.00	0.00	0.00	0.00	0.00	0.00	0.00	0.00	0.00	30.01	25.70	0.00	1.23	0.00	0.00
742	19.65	4090	2859	0.86	34	0	0	1	0	2	18	0	9	0	0	0.00	0.05	0.00	1.48	48.49	0.00	22.87	0.00	0.00	19.08	1.45	52.16	7.66	71	0	71	124.20	91.34	0.00	0.00	0.00	0.00	0.00	0.00	0.00	0.00	0.00	0.00	0.00	19.73	18.84	0.00	0.81	0.00	0.00
720	18.82	4091	2897	0.86	25	0	0	1	1	1	25	0	4	0	0	0.00	0.03	0.15	0.83	65.05	0.00	8.73	0.00	0.00	19.41	1.60	60.17	0.00	71	0	71	122.42	91.54	0.00	0.00	0.00	0.00	0.00	0.00	0.00	0.00	0.00	0.00	0.00	24.44	19.27	0.00	1.01	0.00	0.00
721	17.85	4088	3061	0.87	33	0	0	0	1	1	25	0	8	0	0	0.00	0.00	0.10	0.74	59.80	0.00	19.11	0.00	0.00	18.50	1.36	57.89	4.41	71	0	71	122.39	93.21	0.00	0.00	0.00	0.00	0.00	0.00	0.00	0.00	0.00	0.00	0.00	23.58	20.51	0.00	1.00	0.00	0.00
727	17.39	4086	3169	0.85	33	0	0	0	1	1	29	0	4	0	0	0.00	0.00	0.08	0.74	70.47	0.00	12.14	0.00	0.00	17.92	1.32	63.37	0.00	71	0	71	123.81	94.51	0.00	0.00	0.00	0.00	0.00	0.00	0.00	0.00	0.00	0.00	0.00	24.07	22.01	0.00	1.01	0.00	0.00
689	23.82	4088	2189	0.86	33	0	0	0	1	5	30	0	2	0	0	0.00	0.00	0.03	0.42	48.56	0.00	3.78	0.00	0.00	15.27	0.00	60.91	0.00	71	0	72	120.04	91.04	0.00	0.00	0.00	0.00	0.00	0.00	0.00	0.00	0.00	0.00	0.00	16.46	13.84	0.00	0.70	0.00	0.00
708	13.00	4084	4124	0.89	49	0	0	1	0	1	33	0	9	0	1	0.00	0.05	0.00	0.75	89.97	0.00	22.89	0.00	0.95	18.84	0.91	57.03	10.21	71	0	71	121.19	97.92	0.00	0.00	0.00	0.00	0.00	0.00	0.00	0.00	0.00	0.00	0.00	29.71	28.18	0.00	1.25	0.00	0.00
665	16.31	4087	3090	0.91	33	0	0	0	2	1	22	0	9	0	0	0.00	0.00	0.47	0.72	59.52	0.00	21.47	0.00	0.00	20.15	0.00	61.67	1.86	71	0	71	123.41	94.10	0.00	0.00	0.00	0.00	0.00	0.00	0.00	0.00	0.00	0.00	0.00	23.45	20.28	0.00	1.00	0.00	0.00
673	16.24	4089	3137	0.91	33	0	0	0	2	1	25	0	6	0	0	0.00	0.00	0.25	0.66	68.84	0.00	14.12	0.00	0.00	19.75	0.00	64.01	0.00	71	0	71	124.52	94.83	0.00	0.00	0.00	0.00	0.00	0.00	0.00	0.00	0.00	0.00	0.00	24.82	21.73	0.00	1.02	0.00	0.00
664	16.40	4088	3066	0.92	33	0	0	0	2	1	24	0	7	0	0	0.00	0.00	0.27	0.60	62.45	0.00	18.42	0.00	0.00	19.79	0.00	63.81	0.00	71	0	71	124.19	94.56	0.00	0.00	0.00	0.00	0.00	0.00	0.00	0.00	0.00	0.00	0.00	24.58	21.38	0.00	1.00	0.00	0.00
724	13.91	4084	3945	0.89	33	0	0	0	2	1	24	0	7	0	0	0.00	0.00	0.53	0.92	86.91	0.00	19.95	0.00	0.00	20.79	0.00	65.30	0.00	71	0	71	127.51	96.81	0.00	0.00	0.00	0.00	0.00	0.00	0.00	0.00	0.00	0.00	0.00	31.06	26.59	0.00	1.33	0.00	0.00
715	17.04	4089	3176	0.90	25	0	0	0	2	1	21	0	3	0	0	0.00	0.00	0.71	1.01	72.81	0.00	9.49	0.00	0.00	20.98	0.00	61.98	0.00	71	0	71	131.86	94.30	0.00	0.00	0.00	0.00	0.00	0.00	0.00	0.00	0.00	0.00	0.00	25.96	23.23	0.00	1.03	0.00	0.00
655	21.18	4089	2342	0.93	26	0	0	0	2	1	20	0	4	0	0	0.00	0.00	0.12	0.54	46.68	0.00	10.94	0.00	0.00	20.40	0.00	58.42	0.00	71	0	71	125.59	89.06	0.00	0.00	0.00	0.00	0.00	0.00	0.00	0.00	0.00	0.00	0.00	17.58	15.07	0.00	0.72	0.00	0.00
630	18.02	4088	2647	0.92	33	0	0	0	2	1	29	0	4	0	0	0.00	0.00	0.38	0.58	59.45	0.00	8.61	0.00	0.00	19.81	0.00	62.17	0.00	71	0	71	119.63	91.38	0.00	0.00	0.00	0.00	0.00	0.00	0.00	0.00	0.00	0.00	0.00	19.71	17.86	0.00	0.81	0.00	0.00
731	11.52	4085	4808	0.89	41	0	0	0	1	1	25	0	11	0	1	0.00	0.00	0.50	1.00	96.84	0.00	35.45	0.00	2.16	19.89	1.08	62.92	4.59	71	0	71	125.57	99.04	0.00	0.00	0.00	0.00	0.00	0.00	0.00	0.00	0.00	0.00	0.00	38.71	32.67	0.00	1.66	0.00	0.00
660	20.54	4091	2431	0.92	25	0	0	0	2	1	20	0	4	0	0	0.00	0.00	0.22	0.57	50.05	0.00	10.23	0.00	0.00	20.82	0.00	58.64	0.00	71	0	71	126.09	90.53	0.00	0.00	0.00	0.00	0.00	0.00	0.00	0.00	0.00	0.00	0.00	18.82	16.62	0.00	0.77	0.00	0.00
666	16.17	4089	3118	0.91	34	0	0	1	0	1	24	0	7	0	0	0.00	0.00	0.00	0.48	62.80	0.00	20.04	0.00	0.00	19.72	0.00	64.12	0.00	71	0	71	123.69	94.25	0.00	0.00	0.00	0.00	0.00	0.00	0.00	0.00	0.00	0.00	0.00	23.40	20.37	0.00	1.00	0.00	0.00
731	13.67	4088	4052	0.89	33	0	0	1	0	1	27	0	4	0	0	0.00	0.03	0.00	0.64	97.15	0.00	14.06	0.00	0.00	20.28	0.00	66.04	0.00	71	0	71	128.69	97.53	0.00	0.00	0.00	0.00	0.00	0.00	0.00	0.00	0.00	0.00	0.00	32.84	29.12	0.00	1.37	0.00	0.00
601	26.73	4091	1701	0.94	25	0	0	2	0	1	18	0	6	0	0	0.00	0.05	0.00	0.35	27.98	0.00	10.91	0.00	0.00	19.13	0.00	54.14	0.00	70	0	71	116.02	82.30	0.00	0.00	0.00	0.00	0.00	0.00	0.00	0.00	0.00	0.00	0.00	11.96	9.90	0.00	0.49	0.00	0.00
748	9.54	4082	5945	0.88	49	0	0	0	2	1	33	0	10	0	3	0.00	0.00	0.64	0.98	127.06	0.00	37.96	0.00	6.06	19.90	0.00	65.02	5.54	71	0	71	124.15	101.22	0.00	0.00	0.00	0.00	0.00	0.00	0.00	0.00	0.00	0.00	0.00	47.45	41.54	0.00	2.04	0.00	0.00
657	20.98	4090	2369	0.92	25	0	0	2	0	1	12	0	12	0	0	0.00	0.08	0.00	0.53	28.17	0.00	30.70	0.00	0.00	20.04	0.00	44.21	14.78	71	0	71	126.68	89.51	0.00	0.00	0.00	0.00	0.00	0.00	0.00	0.00	0.00	0.00	0.00	19.16	16.69	0.00	0.76	0.00	0.00
722	13.80	4086	3962	0.90	33	0	0	0	2	1	26	0	5	0	0	0.00	0.00	0.59	0.95	94.67	0.00	12.76	0.00	0.00	20.51	0.00	65.69	0.00	71	0	71	127.11	97.18	0.00	0.00	0.00	0.00	0.00	0.00	0.00	0.00	0.00	0.00	0.00	30.57	26.69	0.00	1.30	0.00	0.00
700	16.96	4091	3123	0.90	25	0	0	0	2	1	22	0	2	0	0	0.00	0.00	0.37	0.84	74.50	0.00	6.88	0.00	0.00	21.24	0.00	61.80	0.00	71	0	71	131.99	95.01	0.00	0.00	0.00	0.00	0.00	0.00	0.00	0.00	0.00	0.00	0.00	25.68	22.61	0.00	1.02	0.00	0.00
814	19.45	4089	3168	0.82	26	0	0	1	0	3	21	0	5	0	0	0.00	0.00	0.00	2.23	62.63	0.00	15.83	0.00	0.00	18.21	0.00	62.34	0.00	71	0	71	129.77	93.71	0.00	0.00	0.00	0.00	0.00	0.00	0.00	0.00	0.00	0.00	0.00	22.75	21.75	0.00	0.94	0.00	0.00
749	21.93	4091	2586	0.85	26	0	0	2	0	1	26	0	1	0	0	0.00	0.07	0.00	0.52	60.24	0.00	3.22	0.00	0.00	19.98	0.00	58.09	0.00	71	0	71	121.95	88.11	0.00	0.00	0.00	0.00	0.00	0.00	0.00	0.00	0.00	0.00	0.00	23.76	16.27	0.00	0.99	0.00	0.00
649	24.77	4090	1985	0.88	34	0	0	0	1	1	24	0	7	0	0	0.00	0.00	0.09	0.50	35.65	0.00	10.85	0.00	0.00	16.26	1.33	57.65	0.00	71	0	71	113.19	86.37	0.00	0.00	0.00	0.00	0.00	0.00	0.00	0.00	0.00	0.00	0.00	14.04	12.48	0.00	0.60	0.00	0.00
745	11.68	4084	4834	0.84	58	0	0	1	0	2	37	0	15	0	0	0.00	0.02	0.00	1.18	99.98	0.00	35.27	0.00	0.00	18.56	0.76	58.80	10.20	71	0	71	119.62	98.87	0.00	0.00	0.00	0.00	0.00	0.00	0.00	0.00	0.00	0.00	0.00	33.34	32.63	0.00	1.44	0.00	0.00
734	17.25	4089	3221	0.85	33	0	0	0	1	1	24	0	10	0	0	0.00	0.00	0.13	0.60	61.00	0.00	23.30	0.00	0.00	17.77	0.00	60.48	4.49	71	0	72	123.87	95.19	0.00	0.00	0.00	0.00	0.00	0.00	0.00	0.00	0.00	0.00	0.00	29.06	21.36	0.00	1.27	0.00	0.00
732	18.04	4090	3072	0.85	34	0	0	1	0	1	28	0	3	0	0	0.00	0.03	0.00	0.68	73.64	0.00	5.60	0.00	0.00	18.14	1.11	62.71	0.00	71	0	71	122.73	93.54	0.00	0.00	0.00	0.00	0.00	0.00	0.00	0.00	0.00	0.00	0.00	24.16	20.88	0.00	1.01	0.00	0.00
674	23.25	4090	2195	0.87	33	0	0	0	1	1	23	0	8	0	0	0.00	0.00	0.05	0.55	40.20	0.00	12.45	0.00	0.00	14.58	1.41	55.04	5.72	71	0	71	119.36	90.94	0.00	0.00	0.00	0.00	0.00	0.00	0.00	0.00	0.00	0.00	0.00	16.33	13.91	0.00	0.69	0.00	0.00
741	13.21	4087	4251	0.84	49	0	0	1	0	2	30	0	16	0	0	0.00	0.02	0.00	1.17	78.29	0.00	38.27	0.00	0.00	19.78	0.87	51.23	14.91	70	0	71	117.69	95.40	0.00	0.00	0.00	0.00	0.00	0.00	0.00	0.00	0.00	0.00	0.00	27.87	27.94	0.00	1.20	0.00	0.00
802	15.66	4084	3881	0.83	33	0	0	0	1	1	27	0	6	0	0	0.00	0.00	0.09	0.72	86.79	0.00	16.26	0.00	0.00	16.25	0.00	68.09	0.00	71	0	71	129.56	99.62	0.00	0.00	0.00	0.00	0.00	0.00	0.00	0.00	0.00	0.00	0.00	37.63	28.82	0.00	1.57	0.00	0.00
603	31.84	4091	1433	0.91	35	0	0	0	1	4	27	0	2	0	0	0.00	0.00	0.02	0.21	28.81	0.00	1.63	0.00	0.00	20.65	0.00	47.51	0.00	71	0	71	101.80	73.34	0.00	0.00	0.00	0.00	0.00	0.00	0.00	0.00	0.00	0.00	0.00	8.73	7.87	0.00	0.35	0.00	0.00
759	9.58	4083	6003	0.83	67	0	0	0	2	1	43	0	21	0	0	0.00	0.00	0.43	0.58	116.81	0.00	56.15	0.00	0.00	17.30	0.00	59.82	13.30	71	0	71	119.96	102.38	0.00	0.00	0.00	0.00	0.00	0.00	0.00	0.00	0.00	0.00	0.00	43.55	40.93	0.00	1.93	0.00	0.00
733	17.64	4088	3147	0.85	33	0	0	1	0	1	27	0	5	0	0	0.00	0.00	0.00	0.37	66.42	0.00	15.25	0.00	0.00	18.04	0.00	64.32	0.00	71	0	71	123.31	94.24	0.00	0.00	0.00	0.00	0.00	0.00	0.00	0.00	0.00	0.00	0.00	29.26	20.94	0.00	1.26	0.00	0.00
630	26.47	4090	1803	0.89	34	0	0	1	0	1	26	0	6	0	0	0.00	0.01	0.00	0.39	35.67	0.00	5.76	0.00	0.00	16.34	1.22	51.70	4.28	71	0	71	111.16	84.47	0.00	0.00	0.00	0.00	0.00	0.00	0.00	0.00	0.00	0.00	0.00	12.57	10.95	0.00	0.52	0.00	0.00
708	10.04	4079	5352	0.88	66	0	0	0	1	4	41	0	16	0	0	0.00	0.00	0.05	0.45	112.32	0.00	41.22	0.00	0.00	17.93	0.00	58.80	13.24	71	0	71	121.23	102.04	0.00	0.00	0.00	0.00	0.00	0.00	0.00	0.00	0.00	0.00	0.00	39.78	36.63	0.00	1.75	0.00	0.00
739	17.23	4089	3246	0.85	34	0	0	0	2	2	25	0	10	0	0	0.00	0.00	0.28	1.02	62.82	0.00	21.33	0.00	0.00	20.30	0.00	57.88	4.59	70	0	70	119.90	91.94	0.00	0.00	0.00	0.00	0.00	0.00	0.00	0.00	0.00	0.00	0.00	22.49	20.91	0.00	0.96	0.00	0.00
634	14.64	4083	3284	0.70	33	0	0	2	2	1	32	0	9	0	1	0.00	0.05	0.62	0.49	63.09	0.00	24.71	0.00	0.28	17.31	0.00	62.18	5.87	65	0	70	128.22	91.45	0.00	0.00	0.00	0.00	0.00	0.00	0.00	0.00	0.00	0.00	0.00	24.67	22.51	0.00	1.09	0.00	0.00
766	17.78	4047	3296	0.65	34	0	0	2	20	10	50	0	1	0	0	0.00	0.05	5.93	3.84	70.24	0.00	1.98	0.00	0.00	38.97	1.81	41.43	0.00	64	0	65	135.04	80.82	0.00	0.00	0.00	0.00	0.00	0.00	0.00	0.00	0.00	0.00	0.00	32.05	23.68	0.00	1.61	0.00	0.00
826	19.08	4040	3321	0.64	35	0	0	2	30	18	44	0	1	0	0	0.00	0.21	12.36	10.62	56.69	0.00	2.13	0.00	0.00	44.62	10.29	26.02	0.00	62	0	63	144.42	86.42	0.00	0.00	0.00	0.00	0.00	0.00	0.00	0.00	0.00	0.00	0.00	23.25	25.70	0.00	1.12	0.00	0.00
1013	25.53	3962	3102	0.63	35	0	0	9	68	17	27	0	0	0	0	0.00	3.33	28.16	9.91	31.42	0.00	0.00	0.00	0.00	57.29	3.04	14.14	0.00	61	0	62	180.41	94.36	0.00	0.00	0.00	0.00	0.00	0.00	0.00	0.00	0.00	0.00	0.00	37.05	27.37	0.00	1.52	0.00	0.00
614	14.84	3981	3217	0.74	26	0	0	1	7	9	24	0	0	0	0	0.00	0.51	5.81	14.87	66.51	0.00	0.00	0.00	0.00	27.94	11.37	45.85	0.00	60	0	61	125.81	84.69	0.00	0.00	2.56	7.54	0.00	0.00	0.00	0.00	0.00	0.00	0.00	23.14	20.19	0.00	1.24	0.00	0.00
326	8.16	3989	3098	0.87	25	0	0	1	1	2	28	0	0	0	0	0.00	0.10	0.77	3.11	87.67	0.00	0.00	0.00	0.00	14.60	5.28	71.96	0.00	59	0	60	66.50	59.56	0.00	0.00	6.65	23.67	0.00	0.00	0.00	0.00	0.00	0.00	0.00	14.54	11.36	0.00	1.08	0.00	0.00
373	9.36	3989	3094	0.80	25	0	0	1	0	1	33	0	0	0	0	0.00	0.10	0.00	0.78	89.34	0.00	0.00	0.00	0.00	16.83	0.00	73.81	0.00	59	0	59	75.67	69.30	0.00	0.00	5.74	12.94	0.00	0.00	0.00	0.00	0.00	0.00	0.00	16.30	12.97	0.00	1.12	0.00	0.00
317	7.93	3991	3098	0.87	25	0	0	0	1	1	29	0	0	0	0	0.00	0.00	0.30	0.97	90.68	0.00	0.00	0.00	0.00	14.93	0.00	77.14	0.00	59	0	59	64.04	58.73	0.00	0.00	6.24	24.46	0.00	0.00	0.00	0.00	0.00	0.00	0.00	14.36	11.19	0.00	1.02	0.00	0.00
321	8.49	3988	2938	0.84	19	0	0	0	1	1	32	0	2	0	0	0.00	0.00	0.34	0.94	81.09	0.00	3.62	0.00	0.00	15.80	0.00	75.71	0.00	58	0	59	61.32	56.35	0.00	0.00	6.77	23.34	0.00	0.00	0.00	0.00	0.00	0.00	0.00	14.17	11.18	0.00	0.95	0.00	0.00
809	19.53	3990	3214	0.82	67	0	0	1	11	7	52	0	0	0	0	0.00	0.03	16.08	4.92	61.31	0.00	0.00	0.00	0.00	41.21	3.82	35.44	0.00	61	0	61	150.19	94.42	0.00	0.00	0.00	0.00	0.00	0.00	0.00	0.00	0.00	0.00	0.00	26.08	23.27	0.00	1.35	0.00	0.00
714	23.83	3996	2321	0.94	26	0	0	1	2	1	30	0	0	0	0	0.00	0.04	0.74	0.76	54.87	0.00	0.00	0.00	0.00	21.55	1.62	53.00	0.00	58	0	61	128.38	77.64	0.00	0.00	0.00	0.00	0.00	0.00	0.00	0.00	0.00	0.00	0.00	15.92	13.83	0.00	0.80	0.00	0.00
442	7.92	3990	4333	0.71	34	0	0	0	2	3	43	0	1	0	0	0.00	0.00	0.96	2.84	123.63	0.00	1.16	0.00	0.00	19.75	1.70	70.63	0.00	58	0	58	117.61	89.28	0.00	0.00	4.63	14.33	0.00	0.00	0.00	0.00	0.00	0.00	0.00	30.13	24.25	0.00	2.09	0.00	0.00
332	8.24	3989	3123	0.84	27	0	0	0	0	1	28	0	0	0	0	0.00	0.00	0.00	0.89	91.45	0.00	0.00	0.00	0.00	14.58	1.48	75.70	0.00	57	0	58	68.00	60.56	0.00	0.00	6.46	24.02	0.00	0.00	0.00	0.00	0.00	0.00	0.00	15.53	11.90	0.00	1.13	0.00	0.00
345	8.65	3992	3090	0.86	27	0	0	2	0	1	28	0	0	0	0	0.00	0.10	0.00	1.09	89.94	0.00	0.00	0.00	0.00	14.37	1.84	75.14	0.00	57	0	58	68.67	61.14	0.00	0.00	4.98	24.54	0.00	0.00	0.00	0.00	0.00	0.00	0.00	14.11	11.06	0.00	1.10	0.00	0.00
318	7.91	3992	3114	0.86	25	0	0	0	2	0	30	0	0	0	0	0.00	0.00	0.79	0.00	91.75	0.00	0.00	0.00	0.00	14.62	0.00	77.47	0.00	58	0	57	63.69	58.47	0.00	0.00	6.08	25.03	0.00	0.00	0.00	0.00	0.00	0.00	0.00	10.13	9.98	0.00	0.71	0.00	0.00
319	8.09	3991	3063	0.87	25	0	0	0	1	3	29	0	1	0	0	0.00	0.00	0.27	0.90	84.85	0.00	4.35	0.00	0.00	15.51	0.00	76.40	0.00	57	0	57	64.23	58.82	0.00	0.00	6.54	23.89	0.00	0.00	0.00	0.00	0.00	0.00	0.00	13.73	12.04	0.00	1.02	0.00	0.00
310	7.75	3993	3100	0.87	25	0	0	0	1	2	25	0	3	0	0	0.00	0.00	0.10	1.66	78.39	0.00	12.04	0.00	0.00	14.04	1.45	76.75	0.00	57	0	57	61.69	58.31	0.00	0.00	7.23	23.82	0.00	0.00	0.00	0.00	0.00	0.00	0.00	14.28	10.36	0.00	1.03	0.00	0.00
307	7.90	3920	3071	0.87	25	0	0	0	2	3	28	0	2	0	0	0.00	0.00	0.56	1.21	81.61	0.00	7.67	0.00	0.00	15.38	0.00	76.72	0.00	57	0	57	64.97	58.72	0.00	0.00	6.67	23.46	0.00	0.00	0.00	0.00	0.00	0.00	0.00	13.75	10.46	0.00	0.98	0.00	0.00
310	8.31	3700	3121	0.87	25	0	0	0	1	1	27	0	1	0	0	0.00	0.00	0.53	0.67	88.03	0.00	3.37	0.00	0.00	14.23	0.00	77.45	0.00	57	0	57	66.29	61.21	0.00	0.00	4.19	26.74	0.00	0.00	0.00	0.00	0.00	0.00	0.00	12.44	9.22	0.00	1.12	0.00	0.00
