Core	CPU	C1%	C3%	C6%	C8%	C9%
-	-	0.10	0.78	71.11	16.30	0.00
0	0	0.00	0.51	73.19	15.60	0.00
0	4	0.16	0.78	69.70	19.59	0.00
1	1	0.11	0.54	73.38	16.11	0.00
1	5	0.14	0.56	69.16	21.10	0.00
2	2	0.12	0.58	69.33	20.25	0.00
2	6	0.11	0.65	68.76	21.02	0.00
3	3	0.14	0.60	80.45	8.97	0.00
3	7	0.02	2.02	65.50	7.90	0.00
Core	CPU	C1%	C3%	C6%	C8%	C9%
-	-	0.01	0.66	72.36	15.77	0.00
0	0	0.01	0.54	75.71	13.12	0.00
0	4	0.00	0.43	71.99	18.56	0.00
1	1	0.01	0.31	72.38	17.72	0.00
1	5	0.00	0.38	70.08	20.71	0.00
2	2	0.01	0.64	70.49	19.25	0.00
2	6	0.01	0.38	69.89	20.89	0.00
3	3	0.00	0.46	80.96	9.07	0.00
3	7	0.01	2.13	66.82	6.73	0.00
Core	CPU	C1%	C3%	C6%	C8%	C9%
-	-	0.01	0.65	71.96	16.04	0.00
0	0	0.01	0.46	75.76	13.30	0.00
0	4	0.00	0.48	72.14	18.44	0.00
1	1	0.01	0.45	73.74	16.24	0.00
1	5	0.00	0.47	69.84	20.83	0.00
2	2	0.01	0.50	69.24	20.63	0.00
2	6	0.00	0.48	70.07	20.62	0.00
3	3	0.00	0.46	79.39	10.62	0.00
3	7	0.01	1.93	65.74	7.70	0.00
Core	CPU	C1%	C3%	C6%	C8%	C9%
-	-	0.00	0.65	71.63	16.30	0.00
0	0	0.01	0.49	73.70	15.25	0.00
0	4	0.00	0.37	74.35	16.09	0.00
1	1	0.01	0.40	71.90	18.10	0.00
1	5	0.00	0.47	69.84	20.79	0.00
2	2	0.01	0.50	68.96	20.78	0.00
2	6	0.00	0.46	69.07	21.53	0.00
3	3	0.00	0.50	80.10	9.88	0.00
3	7	0.01	2.04	65.56	8.05	0.00
Core	CPU	C1%	C3%	C6%	C8%	C9%
-	-	0.01	0.68	69.38	16.55	0.20
0	0	0.00	0.37	73.86	13.23	0.00
0	4	0.00	0.59	71.58	16.34	0.00
1	1	0.01	0.42	70.09	18.05	0.00
1	5	0.01	0.58	67.92	19.29	1.60
2	2	0.01	0.54	66.56	21.42	0.00
2	6	0.00	0.52	66.63	22.12	0.00
3	3	0.01	0.49	75.97	12.10	0.00
3	7	0.06	1.92	62.27	9.85	0.00
Core	CPU	C1%	C3%	C6%	C8%	C9%
-	-	0.00	0.66	71.35	16.62	0.00
0	0	0.01	0.32	75.95	13.08	0.00
0	4	0.00	0.59	72.55	17.93	0.00
1	1	0.01	0.48	72.03	17.87	0.00
1	5	0.00	0.33	69.19	20.81	0.00
2	2	0.00	0.48	69.61	20.34	0.00
2	6	0.00	0.52	69.87	20.87	0.00
3	3	0.00	0.49	77.45	12.60	0.00
3	7	0.01	2.03	64.01	9.43	0.00
Core	CPU	C1%	C3%	C6%	C8%	C9%
-	-	0.03	0.83	72.20	15.62	0.00
0	0	0.01	0.39	75.53	13.65	0.00
0	4	0.00	0.50	73.21	17.34	0.00
1	1	0.01	0.49	74.72	14.96	0.00
1	5	0.10	1.11	69.16	20.37	0.00
2	2	0.00	1.09	69.47	19.65	0.00
2	6	0.00	0.48	69.71	21.09	0.00
3	3	0.00	0.52	80.29	9.69	0.00
3	7	0.14	2.03	65.13	8.11	0.00
Core	CPU	C1%	C3%	C6%	C8%	C9%
-	-	0.00	0.69	71.98	15.99	0.00
0	0	0.00	0.47	72.97	15.99	0.00
0	4	0.00	0.55	72.62	17.93	0.00
1	1	0.01	0.44	74.31	15.54	0.00
1	5	0.00	0.44	70.24	20.48	0.00
2	2	0.01	0.64	70.89	18.86	0.00
2	6	0.00	0.45	69.65	21.11	0.00
3	3	0.00	0.42	79.82	10.24	0.00
3	7	0.01	2.11	65.59	7.86	0.00
Core	CPU	C1%	C3%	C6%	C8%	C9%
-	-	0.00	0.70	71.81	16.12	0.00
0	0	0.00	0.46	72.72	16.42	0.00
0	4	0.00	0.47	73.07	17.55	0.00
1	1	0.01	0.39	76.69	13.04	0.00
1	5	0.00	0.56	69.29	21.30	0.00
2	2	0.01	0.57	69.07	20.75	0.00
2	6	0.00	0.55	69.31	21.36	0.00
3	3	0.01	0.59	79.77	10.15	0.00
3	7	0.01	1.99	64.96	8.47	0.00
Core	CPU	C1%	C3%	C6%	C8%	C9%
-	-	0.02	0.67	70.39	15.55	0.00
0	0	0.00	0.50	75.10	11.91	0.00
0	4	0.01	0.46	71.28	16.88	0.00
1	1	0.01	0.32	70.30	17.76	0.00
1	5	0.01	0.43	66.97	20.26	0.00
2	2	0.01	0.58	68.91	19.01	0.00
2	6	0.00	0.40	66.96	21.76	0.00
3	3	0.00	0.46	78.45	10.03	0.00
3	7	0.11	2.22	65.12	6.75	0.00
Core	CPU	C1%	C3%	C6%	C8%	C9%
-	-	0.01	0.70	72.53	15.55	0.00
0	0	0.01	0.41	75.87	13.19	0.00
0	4	0.00	0.53	73.28	17.18	0.00
1	1	0.01	0.56	72.37	17.33	0.00
1	5	0.00	0.38	70.14	20.44	0.00
2	2	0.00	0.47	71.25	18.69	0.00
2	6	0.00	0.54	69.27	21.46	0.00
3	3	0.00	0.50	81.27	8.73	0.00
3	7	0.01	2.18	66.16	7.25	0.00
Core	CPU	C1%	C3%	C6%	C8%	C9%
-	-	0.00	0.84	70.71	16.99	0.00
0	0	0.00	0.37	74.27	14.95	0.00
0	4	0.00	0.52	76.30	13.95	0.00
1	1	0.00	0.51	69.92	19.65	0.00
1	5	0.00	1.28	69.99	19.77	0.00
2	2	0.01	0.55	66.79	22.86	0.00
2	6	0.00	0.48	67.24	23.51	0.00
3	3	0.00	0.61	76.76	13.23	0.00
3	7	0.01	2.44	64.99	8.11	0.00
Core	CPU	C1%	C3%	C6%	C8%	C9%
-	-	0.01	0.68	71.29	16.65	0.00
0	0	0.00	0.41	73.55	15.55	0.00
0	4	0.00	0.70	72.80	17.26	0.00
1	1	0.01	0.49	73.13	16.67	0.00
1	5	0.01	0.43	69.94	20.37	0.00
2	2	0.01	0.49	68.88	20.99	0.00
2	6	0.01	0.61	69.38	21.23	0.00
3	3	0.00	0.45	77.92	12.06	0.00
3	7	0.03	1.85	64.47	8.97	0.00
Core	CPU	C1%	C3%	C6%	C8%	C9%
-	-	0.01	0.65	69.43	18.07	0.00
0	0	0.00	0.34	71.71	17.11	0.00
0	4	0.00	0.55	74.65	15.93	0.00
1	1	0.01	0.51	68.92	20.82	0.00
1	5	0.00	0.48	66.35	24.49	0.00
2	2	0.01	0.58	67.83	22.20	0.00
2	6	0.01	0.44	67.61	23.33	0.00
3	3	0.00	0.38	76.14	13.04	0.00
3	7	0.02	1.90	61.88	7.55	0.00
Core	CPU	C1%	C3%	C6%	C8%	C9%
-	-	0.01	1.07	69.77	15.84	0.00
0	0	0.01	0.33	71.19	15.64	0.00
0	4	0.00	0.39	72.93	15.41	0.00
1	1	0.01	0.40	70.04	17.21	0.00
1	5	0.00	2.40	68.24	18.88	0.00
2	2	0.01	0.52	68.38	19.48	0.00
2	6	0.00	0.44	67.73	21.06	0.00
3	3	0.01	0.54	76.94	10.99	0.00
3	7	0.01	3.57	63.15	8.18	0.00
Core	CPU	C1%	C3%	C6%	C8%	C9%
-	-	0.01	0.68	71.23	16.81	0.00
0	0	0.00	0.43	75.59	13.40	0.00
0	4	0.00	0.54	75.35	14.99	0.00
1	1	0.01	0.41	71.06	18.79	0.00
1	5	0.00	0.41	68.90	21.90	0.00
2	2	0.01	0.59	69.50	20.34	0.00
2	6	0.00	0.47	68.74	22.01	0.00
3	3	0.01	0.45	77.03	13.09	0.00
3	7	0.01	2.11	63.51	9.91	0.00
Core	CPU	C1%	C3%	C6%	C8%	C9%
-	-	0.02	0.84	71.38	16.42	0.00
0	0	0.00	0.44	75.72	13.30	0.00
0	4	0.00	0.47	72.66	17.60	0.00
1	1	0.01	0.37	74.54	15.45	0.00
1	5	0.00	1.21	70.73	19.19	0.00
2	2	0.01	0.66	68.85	20.98	0.00
2	6	0.01	0.41	68.75	22.06	0.00
3	3	0.00	0.45	77.77	12.35	0.00
3	7	0.11	2.68	62.33	10.51	0.00
Core	CPU	C1%	C3%	C6%	C8%	C9%
-	-	0.00	0.68	71.66	16.42	0.00
0	0	0.00	0.47	73.27	15.82	0.00
0	4	0.00	0.49	73.57	16.93	0.00
1	1	0.01	0.31	73.40	16.48	0.00
1	5	0.00	0.49	70.61	20.08	0.00
2	2	0.01	0.57	68.70	21.18	0.00
2	6	0.01	0.46	68.38	22.40	0.00
3	3	0.00	0.50	79.69	10.37	0.00
3	7	0.01	2.09	65.38	8.04	0.00
Core	CPU	C1%	C3%	C6%	C8%	C9%
-	-	0.01	0.64	71.83	16.14	0.00
0	0	0.01	0.35	75.42	13.72	0.00
0	4	0.00	0.47	77.19	13.17	0.00
1	1	0.01	0.44	73.04	16.71	0.00
1	5	0.00	0.31	71.35	19.39	0.00
2	2	0.00	0.51	67.77	22.13	0.00
2	6	0.00	0.51	68.37	22.38	0.00
3	3	0.00	0.47	78.30	11.76	0.00
3	7	0.01	2.07	63.53	9.93	0.00
Core	CPU	C1%	C3%	C6%	C8%	C9%
-	-	0.01	0.87	69.41	16.24	0.26
0	0	0.01	0.42	72.66	14.42	0.00
0	4	0.00	0.45	73.17	15.11	0.00
1	1	0.00	0.41	69.91	17.81	0.00
1	5	0.00	1.64	68.39	18.90	2.08
2	2	0.01	0.55	66.14	21.53	0.00
2	6	0.00	0.47	66.57	21.59	0.00
3	3	0.00	0.58	76.31	11.47	0.00
3	7	0.01	2.40	62.09	9.07	0.00
Core	CPU	C1%	C3%	C6%	C8%	C9%
-	-	0.01	0.69	71.83	16.31	0.00
0	0	0.01	0.43	76.24	12.72	0.00
0	4	0.00	0.50	71.76	18.94	0.00
1	1	0.02	0.44	73.88	16.07	0.00
1	5	0.00	0.45	69.99	20.75	0.00
2	2	0.00	0.61	69.85	19.86	0.00
2	6	0.01	0.59	69.96	20.70	0.00
3	3	0.01	0.51	78.04	11.95	0.00
3	7	0.00	1.96	64.27	9.32	0.00
Core	CPU	C1%	C3%	C6%	C8%	C9%
-	-	0.00	0.79	71.58	15.99	0.00
0	0	0.00	0.43	76.66	11.80	0.00
0	4	0.00	0.50	72.47	18.05	0.00
1	1	0.00	0.37	73.54	16.47	0.00
1	5	0.00	0.36	70.91	19.82	0.00
2	2	0.00	0.59	68.87	20.38	0.00
2	6	0.00	0.77	68.30	21.11	0.00
3	3	0.00	0.60	78.89	11.11	0.00
3	7	0.02	2.70	63.48	9.28	0.00
Core	CPU	C1%	C3%	C6%	C8%	C9%
-	-	0.00	0.63	71.61	16.49	0.00
0	0	0.00	0.32	75.59	13.55	0.00
0	4	0.00	0.57	72.49	17.98	0.00
1	1	0.01	0.49	72.86	17.07	0.00
1	5	0.00	0.24	69.07	21.81	0.00
2	2	0.01	0.52	69.49	20.31	0.00
2	6	0.00	0.57	68.55	22.18	0.00
3	3	0.00	0.51	80.14	9.84	0.00
3	7	0.01	1.82	64.55	9.10	0.00
Core	CPU	C1%	C3%	C6%	C8%	C9%
-	-	0.01	0.66	71.63	16.36	0.00
0	0	0.00	0.37	78.13	10.76	0.00
0	4	0.00	0.52	72.52	18.01	0.00
1	1	0.01	0.39	72.74	17.37	0.00
1	5	0.00	0.41	70.59	20.14	0.00
2	2	0.01	0.61	70.02	19.67	0.00
2	6	0.01	0.56	68.97	21.68	0.00
3	3	0.00	0.56	76.93	13.02	0.00
3	7	0.01	1.84	63.42	10.30	0.00
Core	CPU	C1%	C3%	C6%	C8%	C9%
-	-	0.01	1.13	69.48	16.24	0.00
0	0	0.00	0.41	73.95	13.11	0.00
0	4	0.00	0.55	70.30	18.30	0.00
1	1	0.01	0.37	69.42	18.28	0.00
1	5	0.01	2.46	66.21	21.20	0.00
2	2	0.01	0.70	70.98	16.45	0.00
2	6	0.00	0.50	67.56	21.03	0.00
3	3	0.00	0.46	74.77	12.69	0.00
3	7	0.02	3.60	62.62	8.86	0.00
Core	CPU	C1%	C3%	C6%	C8%	C9%
-	-	0.01	0.69	71.88	16.18	0.00
0	0	0.00	0.49	75.39	13.67	0.00
0	4	0.00	0.46	72.92	17.75	0.00
1	1	0.01	0.42	74.29	15.66	0.00
1	5	0.00	0.45	70.84	19.90	0.00
2	2	0.01	0.59	68.77	20.97	0.00
2	6	0.00	0.48	68.90	21.84	0.00
3	3	0.01	0.66	79.10	10.83	0.00
3	7	0.01	1.99	64.58	8.74	0.00
Core	CPU	C1%	C3%	C6%	C8%	C9%
-	-	0.00	0.82	70.97	16.72	0.00
0	0	0.01	0.36	74.52	14.67	0.00
0	4	0.00	0.65	73.37	16.86	0.00
1	1	0.01	0.32	69.81	19.77	0.00
1	5	0.00	0.38	68.53	21.79	0.00
2	2	0.00	0.54	68.48	21.08	0.00
2	6	0.00	0.87	68.15	21.67	0.00
3	3	0.00	0.56	80.54	9.44	0.00
3	7	0.01	2.90	64.37	8.46	0.00
Core	CPU	C1%	C3%	C6%	C8%	C9%
-	-	0.00	0.67	71.64	16.28	0.00
0	0	0.00	0.48	74.98	14.00	0.00
0	4	0.00	0.43	75.75	14.55	0.00
1	1	0.01	0.33	70.18	19.57	0.00
1	5	0.00	0.45	68.90	21.80	0.00
2	2	0.01	0.61	68.17	21.62	0.00
2	6	0.00	0.41	68.22	22.53	0.00
3	3	0.00	0.46	80.83	9.23	0.00
3	7	0.01	2.21	66.37	7.01	0.00
Core	CPU	C1%	C3%	C6%	C8%	C9%
-	-	0.04	0.73	71.74	16.25	0.00
0	0	0.00	0.58	73.34	15.62	0.00
0	4	0.00	0.51	73.28	17.11	0.00
1	1	0.01	0.29	71.06	19.05	0.00
1	5	0.00	0.55	69.30	21.39	0.00
2	2	0.01	0.61	70.61	19.13	0.00
2	6	0.00	0.38	69.78	21.01	0.00
3	3	0.00	0.68	80.91	8.97	0.00
3	7	0.30	2.21	65.32	7.68	0.00
Core	CPU	C1%	C3%	C6%	C8%	C9%
-	-	0.02	1.21	69.44	16.98	0.00
0	0	0.00	0.52	68.71	18.74	0.00
0	4	0.00	0.46	68.93	20.36	0.00
1	1	0.01	0.38	70.54	18.06	0.00
1	5	0.00	2.45	65.85	21.39	0.00
2	2	0.01	0.68	69.09	18.84	0.00
2	6	0.00	0.38	70.01	20.15	0.00
3	3	0.00	0.45	78.36	11.08	0.00
3	7	0.10	4.34	64.07	7.27	0.00
Core	CPU	C1%	C3%	C6%	C8%	C9%
-	-	0.01	0.69	71.54	16.40	0.00
0	0	0.01	0.52	72.84	16.22	0.00
0	4	0.00	0.54	72.09	18.37	0.00
1	1	0.01	0.36	74.58	15.04	0.00
1	5	0.00	0.51	69.42	21.26	0.00
2	2	0.01	0.61	69.53	20.27	0.00
2	6	0.00	0.38	69.73	21.09	0.00
3	3	0.01	0.48	80.04	9.99	0.00
3	7	0.01	2.12	64.40	9.03	0.00
Core	CPU	C1%	C3%	C6%	C8%	C9%
-	-	0.01	0.69	71.43	16.56	0.00
0	0	0.00	0.50	71.44	17.79	0.00
0	4	0.00	0.50	71.02	19.60	0.00
1	1	0.01	0.44	73.56	16.30	0.00
1	5	0.00	0.40	69.51	21.22	0.00
2	2	0.01	0.58	70.92	18.84	0.00
2	6	0.01	0.57	69.94	20.73	0.00
3	3	0.01	0.60	79.84	10.16	0.00
3	7	0.02	1.91	65.18	7.78	0.00
Core	CPU	C1%	C3%	C6%	C8%	C9%
-	-	0.01	0.66	72.06	16.09	0.00
0	0	0.00	0.37	75.91	13.17	0.00
0	4	0.00	0.54	72.98	17.60	0.00
1	1	0.01	0.38	75.09	14.89	0.00
1	5	0.00	0.35	70.24	20.63	0.00
2	2	0.00	0.55	69.05	20.79	0.00
2	6	0.01	0.54	67.67	23.01	0.00
3	3	0.00	0.56	79.42	10.51	0.00
3	7	0.01	2.02	65.54	7.98	0.00
Core	CPU	C1%	C3%	C6%	C8%	C9%
-	-	0.00	0.70	71.38	16.59	0.00
0	0	0.01	0.55	72.28	16.78	0.00
0	4	0.00	0.51	71.26	19.36	0.00
1	1	0.00	0.40	74.41	15.42	0.00
1	5	0.00	0.52	70.02	20.71	0.00
2	2	0.01	0.56	68.94	20.89	0.00
2	6	0.01	0.44	70.14	20.63	0.00
3	3	0.00	0.60	79.75	10.15	0.00
3	7	0.01	1.99	64.58	8.86	0.00
Core	CPU	C1%	C3%	C6%	C8%	C9%
-	-	0.01	1.22	69.93	16.35	0.00
0	0	0.00	0.49	69.77	18.54	0.00
0	4	0.00	0.46	69.30	20.16	0.00
1	1	0.01	0.29	74.18	14.46	0.00
1	5	0.00	2.41	68.28	19.07	0.00
2	2	0.01	0.54	68.20	19.77	0.00
2	6	0.00	0.40	68.11	20.66	0.00
3	3	0.01	0.51	77.94	10.15	0.00
3	7	0.01	4.67	63.36	7.89	0.00
Core	CPU	C1%	C3%	C6%	C8%	C9%
-	-	0.01	0.67	70.01	17.42	0.00
0	0	0.01	0.32	72.25	16.55	0.00
0	4	0.00	0.77	71.62	18.97	0.00
1	1	0.01	0.50	72.56	17.18	0.00
1	5	0.00	0.26	68.64	22.43	0.00
2	2	0.00	0.48	68.67	21.39	0.00
2	6	0.01	0.54	68.27	22.60	0.00
3	3	0.01	0.51	77.21	12.20	0.00
3	7	0.01	1.96	60.88	8.04	0.00
Core	CPU	C1%	C3%	C6%	C8%	C9%
-	-	0.01	0.91	71.48	16.20	0.00
0	0	0.01	0.58	71.07	18.00	0.00
0	4	0.00	0.55	73.33	17.02	0.00
1	1	0.01	0.24	73.80	15.86	0.00
1	5	0.00	1.43	70.13	19.54	0.00
2	2	0.01	0.63	69.18	20.63	0.00
2	6	0.00	0.42	69.88	20.57	0.00
3	3	0.00	0.56	79.87	10.15	0.00
3	7	0.01	2.88	64.94	7.89	0.00
Core	CPU	C1%	C3%	C6%	C8%	C9%
-	-	0.01	0.71	71.13	16.83	0.00
0	0	0.01	0.52	73.47	15.60	0.00
0	4	0.00	0.56	70.89	19.71	0.00
1	1	0.01	0.27	70.65	19.41	0.00
1	5	0.00	0.41	69.51	21.20	0.00
2	2	0.01	0.63	71.05	18.63	0.00
2	6	0.01	0.46	69.20	21.49	0.00
3	3	0.01	0.53	79.25	10.66	0.00
3	7	0.01	2.28	65.32	8.06	0.00
Core	CPU	C1%	C3%	C6%	C8%	C9%
-	-	0.01	0.65	71.50	16.64	0.00
0	0	0.02	0.48	72.99	16.09	0.00
0	4	0.00	0.47	71.22	19.49	0.00
1	1	0.01	0.37	75.07	14.86	0.00
1	5	0.00	0.42	69.09	21.73	0.00
2	2	0.01	0.54	68.73	21.10	0.00
2	6	0.01	0.38	68.84	21.98	0.00
3	3	0.00	0.42	80.34	9.72	0.00
3	7	0.00	2.14	65.41	8.05	0.00
Core	CPU	C1%	C3%	C6%	C8%	C9%
-	-	0.02	1.07	70.14	16.41	0.00
0	0	0.00	0.47	71.85	15.74	0.00
0	4	0.00	0.38	71.11	18.96	0.00
1	1	0.00	0.30	73.81	14.86	0.00
1	5	0.01	1.73	67.52	19.74	0.00
2	2	0.01	0.63	66.43	22.17	0.00
2	6	0.01	0.39	67.99	22.04	0.00
3	3	0.00	0.51	78.08	10.52	0.00
3	7	0.12	4.19	64.01	7.19	0.00
Core	CPU	C1%	C3%	C6%	C8%	C9%
-	-	0.01	0.67	72.55	15.48	0.00
0	0	0.01	0.48	76.44	12.49	0.00
0	4	0.00	0.32	71.61	19.19	0.00
1	1	0.01	0.34	73.47	16.57	0.00
1	5	0.00	0.44	71.65	19.00	0.00
2	2	0.01	0.50	71.59	18.23	0.00
2	6	0.00	0.39	69.25	21.57	0.00
3	3	0.00	0.67	80.30	9.53	0.00
3	7	0.01	2.21	66.12	7.24	0.00
Core	CPU	C1%	C3%	C6%	C8%	C9%
-	-	0.00	0.82	72.23	15.62	0.00
0	0	0.00	0.52	76.16	12.88	0.00
0	4	0.00	0.46	72.70	17.88	0.00
1	1	0.01	0.35	71.30	18.80	0.00
1	5	0.00	0.34	69.98	20.94	0.00
2	2	0.01	0.60	71.30	18.39	0.00
2	6	0.01	1.22	72.12	17.64	0.00
3	3	0.00	0.57	79.27	10.71	0.00
3	7	0.01	2.47	65.03	7.76	0.00
Core	CPU	C1%	C3%	C6%	C8%	C9%
-	-	0.00	0.69	71.45	16.56	0.00
0	0	0.00	0.48	73.67	15.41	0.00
0	4	0.00	0.61	71.17	19.38	0.00
1	1	0.01	0.42	73.23	16.77	0.00
1	5	0.00	0.34	69.76	21.02	0.00
2	2	0.00	0.55	70.92	18.74	0.00
2	6	0.00	0.55	69.45	21.21	0.00
3	3	0.01	0.66	78.63	11.21	0.00
3	7	0.01	1.92	64.78	8.75	0.00
Core	CPU	C1%	C3%	C6%	C8%	C9%
-	-	0.02	0.68	71.23	16.32	0.00
0	0	0.04	0.46	72.59	16.18	0.00
0	4	0.00	0.54	72.25	17.93	0.00
1	1	0.01	0.30	71.04	18.46	0.00
1	5	0.00	0.44	70.42	19.41	0.00
2	2	0.01	0.61	72.03	17.57	0.00
2	6	0.00	0.46	68.67	21.76	0.00
3	3	0.00	0.51	78.70	11.29	0.00
3	7	0.07	2.15	64.75	8.16	0.00
Core	CPU	C1%	C3%	C6%	C8%	C9%
-	-	0.00	1.33	69.67	16.90	0.00
0	0	0.01	0.30	70.74	17.70	0.00
0	4	0.00	0.51	71.43	18.73	0.00
1	1	0.01	0.36	72.97	15.45	0.00
1	5	0.00	3.29	67.70	19.67	0.00
2	2	0.01	0.49	66.96	21.55	0.00
2	6	0.00	0.57	67.70	21.05	0.00
3	3	0.00	0.63	78.39	10.95	0.00
3	7	0.01	4.47	61.31	10.07	0.00
Core	CPU	C1%	C3%	C6%	C8%	C9%
-	-	0.02	0.74	71.62	16.42	0.00
0	0	0.01	0.49	72.33	16.76	0.00
0	4	0.00	0.64	72.41	17.98	0.00
1	1	0.01	0.38	72.28	17.72	0.00
1	5	0.00	0.44	69.78	20.98	0.00
2	2	0.01	0.54	70.05	19.83	0.00
2	6	0.00	0.40	69.93	20.90	0.00
3	3	0.01	0.78	80.55	9.04	0.00
3	7	0.14	2.23	65.15	8.06	0.00
Core	CPU	C1%	C3%	C6%	C8%	C9%
-	-	0.01	0.90	70.85	16.92	0.00
0	0	0.00	1.28	71.09	17.22	0.00
0	4	0.00	0.58	73.99	16.30	0.00
1	1	0.02	0.40	71.06	19.02	0.00
1	5	0.00	0.44	69.56	21.26	0.00
2	2	0.01	0.56	68.98	21.00	0.00
2	6	0.00	0.39	68.67	22.23	0.00
3	3	0.00	0.55	78.88	10.97	0.00
3	7	0.02	3.00	65.15	7.47	0.00
Core	CPU	C1%	C3%	C6%	C8%	C9%
-	-	0.01	0.69	72.41	15.68	0.00
0	0	0.00	0.61	72.27	16.64	0.00
0	4	0.00	0.46	71.49	19.17	0.00
1	1	0.01	0.34	75.19	14.70	0.00
1	5	0.00	0.49	69.33	21.37	0.00
2	2	0.01	0.51	71.25	18.67	0.00
2	6	0.01	0.43	71.07	19.72	0.00
3	3	0.01	0.62	81.51	8.23	0.00
3	7	0.07	2.08	66.60	6.80	0.00
Core	CPU	C1%	C3%	C6%	C8%	C9%
-	-	0.00	0.67	72.23	15.76	0.00
0	0	0.01	0.44	75.87	13.21	0.00
0	4	0.00	0.47	73.42	17.30	0.00
1	1	0.01	0.29	73.98	16.12	0.00
1	5	0.00	0.32	70.52	20.37	0.00
2	2	0.01	0.64	70.78	18.83	0.00
2	6	0.00	0.49	69.31	21.38	0.00
3	3	0.01	0.55	79.76	10.07	0.00
3	7	0.01	2.14	64.52	8.86	0.00
Core	CPU	C1%	C3%	C6%	C8%	C9%
-	-	0.00	1.02	70.18	16.00	0.00
0	0	0.00	0.44	74.03	13.34	0.00
0	4	0.00	0.43	69.90	19.44	0.00
1	1	0.00	0.43	72.11	15.55	0.00
1	5	0.00	1.34	68.20	19.22	0.00
2	2	0.00	0.42	67.01	21.43	0.00
2	6	0.01	0.51	67.25	21.99	0.00
3	3	0.01	0.60	77.63	10.61	0.00
3	7	0.01	4.02	64.95	6.34	0.00
Core	CPU	C1%	C3%	C6%	C8%	C9%
-	-	0.00	0.68	72.18	15.81	0.00
0	0	0.00	0.41	77.70	11.25	0.00
0	4	0.00	0.41	73.28	17.52	0.00
1	1	0.01	0.32	74.02	16.07	0.00
1	5	0.00	0.31	68.96	21.85	0.00
2	2	0.00	0.54	68.27	21.60	0.00
2	6	0.00	0.48	67.57	23.08	0.00
3	3	0.00	0.66	81.56	8.06	0.00
3	7	0.01	2.29	66.24	7.08	0.00
Core	CPU	C1%	C3%	C6%	C8%	C9%
-	-	0.01	0.70	71.48	16.39	0.00
0	0	0.00	0.51	75.89	13.09	0.00
0	4	0.00	0.44	71.29	19.09	0.00
1	1	0.01	0.41	73.92	16.09	0.00
1	5	0.00	0.46	69.69	20.64	0.00
2	2	0.01	0.64	69.75	19.87	0.00
2	6	0.00	0.50	69.64	21.04	0.00
3	3	0.00	0.52	77.67	12.32	0.00
3	7	0.01	2.12	63.99	8.95	0.00
Core	CPU	C1%	C3%	C6%	C8%	C9%
-	-	0.01	0.68	71.50	16.40	0.00
0	0	0.01	0.48	72.60	16.35	0.00
0	4	0.00	0.45	71.81	18.86	0.00
1	1	0.01	0.35	72.41	17.67	0.00
1	5	0.00	0.38	70.34	20.36	0.00
2	2	0.01	0.59	69.06	20.64	0.00
2	6	0.01	0.38	69.32	21.38	0.00
3	3	0.01	0.58	80.80	8.82	0.00
3	7	0.01	2.24	66.22	7.23	0.00
Core	CPU	C1%	C3%	C6%	C8%	C9%
-	-	0.00	0.66	71.06	17.07	0.00
0	0	0.00	0.43	74.69	14.48	0.00
0	4	0.00	0.41	71.92	18.81	0.00
1	1	0.01	0.32	72.15	17.94	0.00
1	5	0.00	0.38	69.77	21.02	0.00
2	2	0.01	0.52	68.23	21.62	0.00
2	6	0.00	0.59	69.79	20.70	0.00
3	3	0.00	0.66	77.50	12.00	0.00
3	7	0.00	1.99	63.77	9.80	0.00
Core	CPU	C1%	C3%	C6%	C8%	C9%
-	-	0.01	0.97	69.84	16.00	0.00
0	0	0.00	0.46	75.61	11.39	0.00
0	4	0.00	0.42	71.18	18.36	0.00
1	1	0.00	0.35	71.73	15.87	0.00
1	5	0.02	1.23	67.10	20.27	0.00
2	2	0.01	0.68	67.39	20.24	0.00
2	6	0.00	0.51	67.29	21.69	0.00
3	3	0.00	0.53	76.53	11.40	0.00
3	7	0.01	3.61	62.40	8.93	0.00
Core	CPU	C1%	C3%	C6%	C8%	C9%
-	-	0.01	0.66	71.70	16.46	0.00
0	0	0.01	0.48	74.81	14.15	0.00
0	4	0.00	0.54	72.06	18.52	0.00
1	1	0.01	0.32	72.88	17.25	0.00
1	5	0.00	0.38	69.61	21.19	0.00
2	2	0.01	0.62	69.72	20.07	0.00
2	6	0.00	0.44	69.63	21.16	0.00
3	3	0.01	0.47	79.37	10.55	0.00
3	7	0.01	2.02	64.94	8.63	0.00
Core	CPU	C1%	C3%	C6%	C8%	C9%
-	-	0.01	0.87	71.16	16.58	0.00
0	0	0.01	1.27	73.59	14.66	0.00
0	4	0.00	0.60	73.42	16.94	0.00
1	1	0.02	0.42	70.06	19.59	0.00
1	5	0.00	0.35	69.86	21.01	0.00
2	2	0.00	0.55	68.72	21.18	0.00
2	6	0.00	0.45	69.73	20.96	0.00
3	3	0.00	0.55	78.78	11.14	0.00
3	7	0.01	2.75	65.64	7.29	0.00
Core	CPU	C1%	C3%	C6%	C8%	C9%
-	-	0.00	0.67	71.90	15.98	0.00
0	0	0.00	0.57	74.91	13.98	0.00
0	4	0.00	0.48	72.06	18.59	0.00
1	1	0.01	0.36	74.18	15.87	0.00
1	5	0.00	0.43	69.11	21.74	0.00
2	2	0.01	0.63	70.25	19.61	0.00
2	6	0.00	0.46	70.13	20.66	0.00
3	3	0.00	0.48	80.09	9.73	0.00
3	7	0.01	2.00	64.72	7.68	0.00
Core	CPU	C1%	C3%	C6%	C8%	C9%
-	-	0.01	0.67	69.99	17.40	0.00
0	0	0.02	0.47	74.00	14.77	0.00
0	4	0.00	0.51	70.54	19.87	0.00
1	1	0.01	0.34	71.88	18.12	0.00
1	5	0.00	0.49	68.95	21.93	0.00
2	2	0.01	0.60	69.25	20.71	0.00
2	6	0.01	0.38	67.31	23.66	0.00
3	3	0.04	0.53	76.31	12.17	0.00
3	7	0.02	2.04	61.49	7.90	0.00
Core	CPU	C1%	C3%	C6%	C8%	C9%
-	-	0.01	1.35	70.29	16.31	0.00
0	0	0.01	0.36	73.51	14.80	0.00
0	4	0.00	0.57	70.56	19.04	0.00
1	1	0.01	0.39	73.99	14.78	0.00
1	5	0.00	3.47	68.18	19.07	0.00
2	2	0.01	0.50	69.68	19.70	0.00
2	6	0.00	0.47	67.33	21.57	0.00
3	3	0.00	0.57	76.60	12.68	0.00
3	7	0.01	4.45	62.45	8.85	0.00
Core	CPU	C1%	C3%	C6%	C8%	C9%
-	-	0.01	0.69	71.34	16.75	0.00
0	0	0.01	0.50	74.05	15.02	0.00
0	4	0.00	0.63	71.74	18.82	0.00
1	1	0.01	0.30	75.70	14.28	0.00
1	5	0.00	0.45	69.38	21.41	0.00
2	2	0.01	0.71	67.09	22.69	0.00
2	6	0.01	0.45	68.52	22.24	0.00
3	3	0.01	0.50	79.74	10.19	0.00
3	7	0.00	2.00	64.26	9.25	0.00
Core	CPU	C1%	C3%	C6%	C8%	C9%
-	-	0.01	0.76	71.71	16.18	0.00
0	0	0.02	0.87	73.29	14.91	0.00
0	4	0.00	0.56	71.98	18.56	0.00
1	1	0.01	0.33	74.48	15.58	0.00
1	5	0.00	0.37	69.91	20.88	0.00
2	2	0.01	0.56	70.66	19.23	0.00
2	6	0.01	0.43	69.13	21.65	0.00
3	3	0.00	0.54	79.30	10.59	0.00
3	7	0.02	2.39	65.20	8.08	0.00
Core	CPU	C1%	C3%	C6%	C8%	C9%
-	-	0.00	0.68	71.37	16.77	0.00
0	0	0.01	0.35	75.78	13.37	0.00
0	4	0.00	0.52	70.79	19.87	0.00
1	1	0.01	0.49	74.64	15.19	0.00
1	5	0.00	0.38	69.35	21.46	0.00
2	2	0.01	0.48	68.89	21.06	0.00
2	6	0.00	0.56	68.56	22.16	0.00
3	3	0.00	0.65	78.57	11.17	0.00
3	7	0.01	2.02	63.74	9.72	0.00
Core	CPU	C1%	C3%	C6%	C8%	C9%
-	-	0.01	0.65	72.19	15.81	0.00
0	0	0.00	0.45	74.21	14.84	0.00
0	4	0.00	0.46	71.14	19.47	0.00
1	1	0.00	0.37	74.62	15.34	0.00
1	5	0.00	0.44	71.08	19.67	0.00
2	2	0.01	0.61	71.84	18.01	0.00
2	6	0.01	0.39	70.61	20.20	0.00
3	3	0.00	0.59	78.81	11.00	0.00
3	7	0.01	1.95	65.55	8.03	0.00
Core	CPU	C1%	C3%	C6%	C8%	C9%
-	-	0.01	0.99	68.95	16.78	0.00
0	0	0.01	0.33	72.67	14.51	0.00
0	4	0.00	0.46	73.04	15.58	0.00
1	1	0.01	0.56	68.65	18.98	0.00
1	5	0.00	2.57	65.42	21.88	0.00
2	2	0.01	0.49	66.16	21.25	0.00
2	6	0.01	0.54	65.82	22.97	0.00
3	3	0.00	0.56	77.24	10.04	0.00
3	7	0.01	2.41	62.38	8.99	0.00
Core	CPU	C1%	C3%	C6%	C8%	C9%
-	-	0.01	0.68	72.61	15.40	0.00
0	0	0.01	0.34	75.56	13.66	0.00
0	4	0.00	0.63	75.99	14.37	0.00
1	1	0.01	0.45	74.59	15.29	0.00
1	5	0.00	0.27	71.37	19.54	0.00
2	2	0.00	0.52	69.55	20.33	0.00
2	6	0.01	0.55	68.24	22.51	0.00
3	3	0.00	0.52	81.33	8.63	0.00
3	7	0.01	2.16	64.43	8.90	0.00
Core	CPU	C1%	C3%	C6%	C8%	C9%
-	-	0.01	0.87	71.05	16.87	0.00
0	0	0.00	1.36	70.38	17.54	0.00
0	4	0.00	0.55	70.75	19.47	0.00
1	1	0.02	0.22	74.52	15.50	0.00
1	5	0.00	0.47	69.27	21.61	0.00
2	2	0.01	0.65	69.39	20.55	0.00
2	6	0.00	0.39	69.45	21.44	0.00
3	3	0.00	0.51	78.98	11.03	0.00
3	7	0.01	2.84	65.33	7.75	0.00
Core	CPU	C1%	C3%	C6%	C8%	C9%
-	-	0.00	0.70	71.51	16.43	0.00
0	0	0.00	0.39	72.55	16.52	0.00
0	4	0.00	0.64	72.21	18.28	0.00
1	1	0.00	0.45	74.38	15.54	0.00
1	5	0.00	0.40	68.36	22.45	0.00
2	2	0.01	0.58	70.00	19.84	0.00
2	6	0.01	0.58	69.88	20.77	0.00
3	3	0.00	0.52	80.36	9.35	0.00
3	7	0.00	2.04	64.65	8.77	0.00
Core	CPU	C1%	C3%	C6%	C8%	C9%
-	-	0.01	0.66	71.61	16.50	0.00
0	0	0.00	0.38	72.54	16.60	0.00
0	4	0.00	0.54	72.93	17.55	0.00
1	1	0.01	0.33	72.42	17.65	0.00
1	5	0.00	0.41	69.46	21.33	0.00
2	2	0.01	0.58	70.39	19.45	0.00
2	6	0.00	0.39	67.74	23.07	0.00
3	3	0.00	0.48	81.09	8.79	0.00
3	7	0.01	2.12	66.02	7.46	0.00
Core	CPU	C1%	C3%	C6%	C8%	C9%
-	-	0.01	0.96	69.95	15.69	0.00
0	0	0.01	0.49	72.86	13.69	0.00
0	4	0.00	0.57	69.59	18.67	0.00
1	1	0.01	0.39	70.32	16.96	0.00
1	5	0.01	1.24	66.91	20.47	0.00
2	2	0.01	0.54	68.91	18.75	0.00
2	6	0.00	0.41	69.02	19.70	0.00
3	3	0.00	0.43	78.05	9.87	0.00
3	7	0.01	3.63	63.96	7.40	0.00
Core	CPU	C1%	C3%	C6%	C8%	C9%
-	-	0.01	0.69	71.88	16.06	0.00
0	0	0.01	0.43	76.62	12.40	0.00
0	4	0.00	0.51	74.07	16.48	0.00
1	1	0.00	0.47	73.84	16.02	0.00
1	5	0.00	0.42	70.35	20.41	0.00
2	2	0.01	0.51	69.35	20.55	0.00
2	6	0.00	0.55	69.29	21.39	0.00
3	3	0.00	0.63	78.74	11.15	0.00
3	7	0.01	2.02	63.09	10.14	0.00
Core	CPU	C1%	C3%	C6%	C8%	C9%
-	-	0.07	0.82	71.06	16.69	0.00
0	0	0.00	0.56	71.41	17.51	0.00
0	4	0.00	0.46	71.56	18.72	0.00
1	1	0.01	0.24	71.17	19.04	0.00
1	5	0.00	0.40	68.89	21.59	0.00
2	2	0.01	0.67	71.02	18.86	0.00
2	6	0.00	1.17	70.41	19.55	0.00
3	3	0.01	0.47	80.29	9.36	0.00
3	7	0.49	2.63	63.68	8.88	0.00
Core	CPU	C1%	C3%	C6%	C8%	C9%
-	-	0.01	0.69	71.89	16.19	0.00
0	0	0.01	0.50	73.65	15.47	0.00
0	4	0.00	0.62	73.19	17.27	0.00
1	1	0.01	0.37	75.03	14.90	0.00
1	5	0.01	0.45	69.97	20.82	0.00
2	2	0.01	0.58	69.87	19.97	0.00
2	6	0.01	0.34	68.54	22.30	0.00
3	3	0.00	0.54	79.56	10.28	0.00
3	7	0.01	2.13	65.03	8.43	0.00
Core	CPU	C1%	C3%	C6%	C8%	C9%
-	-	0.01	0.67	71.27	16.66	0.00
0	0	0.01	0.45	73.66	15.43	0.00
0	4	0.00	0.64	71.75	18.74	0.00
1	1	0.01	0.34	74.17	15.78	0.00
1	5	0.00	0.39	68.60	22.17	0.00
2	2	0.00	0.55	68.98	20.81	0.00
2	6	0.01	0.49	68.63	22.04	0.00
3	3	0.00	0.51	80.24	9.62	0.00
3	7	0.01	2.02	64.73	8.83	0.00
Core	CPU	C1%	C3%	C6%	C8%	C9%
-	-	0.01	1.31	69.30	17.29	0.00
0	0	0.01	0.55	69.35	17.90	0.00
0	4	0.00	0.42	68.67	21.03	0.00
1	1	0.01	0.35	73.40	15.68	0.00
1	5	0.00	3.23	66.48	20.84	0.00
2	2	0.01	0.49	68.28	21.08	0.00
2	6	0.00	0.44	67.40	22.73	0.00
3	3	0.01	0.54	77.91	10.75	0.00
3	7	0.01	4.46	62.96	8.31	0.00
Core	CPU	C1%	C3%	C6%	C8%	C9%
-	-	0.00	0.70	71.90	16.22	0.00
0	0	0.00	0.48	72.28	16.86	0.00
0	4	0.00	0.51	72.07	18.62	0.00
1	1	0.01	0.35	77.28	12.53	0.00
1	5	0.00	0.46	69.61	21.09	0.00
2	2	0.01	0.64	71.07	18.75	0.00
2	6	0.00	0.49	70.10	20.55	0.00
3	3	0.00	0.61	77.90	11.89	0.00
3	7	0.00	2.02	64.25	9.30	0.00
Core	CPU	C1%	C3%	C6%	C8%	C9%
-	-	0.01	0.81	71.55	16.13	0.00
0	0	0.00	1.04	72.81	15.48	0.00
0	4	0.00	0.52	71.22	19.43	0.00
1	1	0.01	0.36	76.94	12.95	0.00
1	5	0.00	0.43	69.56	20.70	0.00
2	2	0.01	0.54	70.21	19.76	0.00
2	6	0.00	0.45	69.07	20.99	0.00
3	3	0.00	0.49	78.81	11.18	0.00
3	7	0.01	2.67	64.36	8.70	0.00
Core	CPU	C1%	C3%	C6%	C8%	C9%
-	-	0.01	0.67	71.96	16.17	0.00
0	0	0.01	0.50	73.94	15.14	0.00
0	4	0.00	0.49	73.06	17.55	0.00
1	1	0.01	0.31	73.13	16.82	0.00
1	5	0.01	0.43	70.31	20.45	0.00
2	2	0.01	0.59	70.79	19.04	0.00
2	6	0.00	0.48	70.13	20.58	0.00
3	3	0.00	0.56	78.88	10.95	0.00
3	7	0.00	2.02	64.87	8.69	0.00
Core	CPU	C1%	C3%	C6%	C8%	C9%
-	-	0.00	0.69	71.51	16.51	0.00
0	0	0.00	0.38	74.00	15.14	0.00
0	4	0.00	0.57	72.63	17.93	0.00
1	1	0.01	0.48	74.05	15.65	0.00
1	5	0.00	0.41	69.28	21.55	0.00
2	2	0.01	0.55	68.60	21.29	0.00
2	6	0.01	0.53	69.38	21.23	0.00
3	3	0.00	0.52	78.82	11.09	0.00
3	7	0.01	2.07	65.31	8.21	0.00
Core	CPU	C1%	C3%	C6%	C8%	C9%
-	-	0.00	1.02	69.15	16.44	0.00
0	0	0.00	0.46	72.10	14.63	0.00
0	4	0.00	0.59	70.27	17.75	0.00
1	1	0.00	0.32	73.45	14.31	0.00
1	5	0.00	1.39	66.97	20.19	0.00
2	2	0.01	0.74	67.38	20.47	0.00
2	6	0.00	0.45	66.72	22.14	0.00
3	3	0.00	0.55	75.20	12.73	0.00
3	7	0.00	3.71	61.79	9.48	0.00
Core	CPU	C1%	C3%	C6%	C8%	C9%
-	-	0.01	0.68	69.76	17.54	0.00
0	0	0.01	0.50	72.66	16.53	0.00
0	4	0.00	0.63	70.13	20.56	0.00
1	1	0.01	0.35	74.68	15.38	0.00
1	5	0.00	0.41	68.61	21.56	0.00
2	2	0.01	0.47	66.53	22.80	0.00
2	6	0.00	0.44	66.53	24.19	0.00
3	3	0.00	0.56	77.46	11.67	0.00
3	7	0.02	2.10	61.45	7.60	0.00
Core	CPU	C1%	C3%	C6%	C8%	C9%
-	-	0.02	0.76	71.44	16.60	0.00
0	0	0.01	0.45	70.41	18.75	0.00
0	4	0.00	0.58	70.54	20.12	0.00
1	1	0.11	0.36	74.65	14.53	0.00
1	5	0.00	0.44	70.25	20.53	0.00
2	2	0.00	0.52	68.38	21.64	0.00
2	6	0.01	0.53	70.09	20.58	0.00
3	3	0.00	0.58	81.25	8.61	0.00
3	7	0.01	2.58	65.33	7.84	0.00
Core	CPU	C1%	C3%	C6%	C8%	C9%
-	-	0.01	0.65	71.36	16.67	0.00
0	0	0.00	0.35	75.24	13.89	0.00
0	4	0.00	0.68	75.44	14.89	0.00
1	1	0.01	0.41	72.45	17.28	0.00
1	5	0.00	0.28	69.35	21.60	0.00
2	2	0.01	0.56	69.24	20.62	0.00
2	6	0.00	0.49	68.42	22.33	0.00
3	3	0.00	0.47	77.43	12.53	0.00
3	7	0.01	1.95	63.37	10.18	0.00
Core	CPU	C1%	C3%	C6%	C8%	C9%
-	-	0.00	0.71	71.05	16.92	0.00
0	0	0.00	0.43	73.03	16.07	0.00
0	4	0.00	0.72	71.63	18.87	0.00
1	1	0.00	0.46	74.39	15.48	0.00
1	5	0.00	0.48	69.40	21.29	0.00
2	2	0.00	0.56	68.51	21.29	0.00
2	6	0.01	0.51	68.63	22.08	0.00
3	3	0.00	0.53	78.49	11.35	0.00
3	7	0.00	1.99	64.57	9.01	0.00
Core	CPU	C1%	C3%	C6%	C8%	C9%
-	-	0.01	1.32	69.12	17.16	0.00
0	0	0.01	0.33	72.16	15.31	0.00
0	4	0.00	0.61	69.45	20.04	0.00
1	1	0.01	0.38	72.70	16.19	0.00
1	5	0.02	3.18	66.37	21.01	0.00
2	2	0.01	0.44	67.80	20.96	0.00
2	6	0.01	0.56	67.81	21.74	0.00
3	3	0.01	0.55	76.11	11.79	0.00
3	7	0.02	4.48	60.98	10.34	0.00
Core	CPU	C1%	C3%	C6%	C8%	C9%
-	-	0.00	0.67	71.15	16.98	0.00
0	0	0.01	0.35	75.97	13.32	0.00
0	4	0.00	0.74	76.29	14.13	0.00
1	1	0.00	0.45	75.18	14.68	0.00
1	5	0.00	0.25	68.95	21.98	0.00
2	2	0.01	0.59	67.94	21.91	0.00
2	6	0.00	0.54	66.90	23.81	0.00
3	3	0.00	0.51	75.94	13.95	0.00
3	7	0.00	1.94	61.58	12.00	0.00
Core	CPU	C1%	C3%	C6%	C8%	C9%
-	-	0.00	0.83	70.22	17.56	0.01
0	0	0.01	0.46	74.34	14.84	0.00
0	4	0.00	0.62	71.93	18.69	0.00
1	1	0.00	0.39	76.32	13.50	0.00
1	5	0.01	0.32	70.30	20.26	0.00
2	2	0.01	0.57	67.29	22.68	0.00
2	6	0.00	1.11	66.22	23.39	0.10
3	3	0.00	0.49	74.59	15.40	0.00
3	7	0.00	2.68	61.17	11.83	0.00
Core	CPU	C1%	C3%	C6%	C8%	C9%
-	-	0.00	0.69	71.76	16.30	0.00
0	0	0.00	0.49	75.03	14.04	0.00
0	4	0.01	0.64	72.75	17.81	0.00
1	1	0.00	0.44	74.61	15.27	0.00
1	5	0.00	0.51	70.60	20.12	0.00
2	2	0.01	0.59	69.40	20.38	0.00
2	6	0.01	0.39	68.08	22.66	0.00
3	3	0.00	0.49	78.76	11.12	0.00
3	7	0.01	1.93	64.67	8.94	0.00
Core	CPU	C1%	C3%	C6%	C8%	C9%
-	-	0.00	0.67	71.18	16.93	0.00
0	0	0.01	0.47	74.56	14.49	0.00
0	4	0.00	0.59	74.94	15.46	0.00
1	1	0.01	0.31	71.76	18.36	0.00
1	5	0.00	0.31	69.95	20.92	0.00
2	2	0.01	0.73	68.12	21.59	0.00
2	6	0.00	0.49	69.22	21.47	0.00
3	3	0.00	0.46	77.37	12.62	0.00
3	7	0.01	1.98	63.14	10.45	0.00
Core	CPU	C1%	C3%	C6%	C8%	C9%
-	-	0.01	0.84	68.78	17.11	0.00
0	0	0.00	0.38	72.85	14.52	0.00
0	4	0.00	0.58	70.27	18.61	0.00
1	1	0.01	0.44	71.02	16.33	0.00
1	5	0.01	1.19	65.59	21.81	0.00
2	2	0.01	0.59	66.45	21.53	0.00
2	6	0.01	0.55	65.98	22.69	0.00
3	3	0.00	0.52	75.66	13.03	0.00
3	7	0.01	2.50	63.01	8.52	0.00
Core	CPU	C1%	C3%	C6%	C8%	C9%
-	-	0.00	0.67	70.92	17.22	0.00
0	0	0.00	0.39	75.71	13.23	0.00
0	4	0.00	0.66	73.93	16.54	0.00
1	1	0.00	0.40	69.90	20.21	0.00
1	5	0.00	0.41	67.10	23.75	0.00
2	2	0.01	0.68	68.38	21.35	0.00
2	6	0.01	0.52	69.90	20.79	0.00
3	3	0.00	0.43	77.96	12.07	0.00
3	7	0.01	1.85	63.99	9.69	0.00
Core	CPU	C1%	C3%	C6%	C8%	C9%
-	-	0.01	0.86	70.68	17.21	0.00
0	0	0.00	0.44	75.61	13.44	0.00
0	4	0.00	0.61	72.27	18.19	0.00
1	1	0.01	0.38	70.71	19.34	0.00
1	5	0.00	0.45	68.35	22.43	0.00
2	2	0.01	0.58	69.84	20.07	0.00
2	6	0.00	1.28	67.62	22.25	0.00
3	3	0.00	0.56	77.13	12.77	0.00
3	7	0.01	2.58	63.82	9.20	0.00
Core	CPU	C1%	C3%	C6%	C8%	C9%
-	-	0.01	0.66	71.97	16.04	0.00
0	0	0.01	0.35	72.71	16.47	0.00
0	4	0.00	0.62	71.25	19.24	0.00
1	1	0.01	0.42	72.30	17.78	0.00
1	5	0.01	0.30	73.74	16.98	0.00
2	2	0.01	0.54	70.81	19.03	0.00
2	6	0.01	0.53	70.41	20.27	0.00
3	3	0.00	0.52	79.61	10.15	0.00
3	7	0.01	1.99	64.95	8.39	0.00
Core	CPU	C1%	C3%	C6%	C8%	C9%
-	-	0.01	0.67	71.68	16.31	0.00
0	0	0.01	0.40	74.79	14.42	0.00
0	4	0.00	0.47	74.24	16.11	0.00
1	1	0.01	0.40	71.07	18.73	0.00
1	5	0.00	0.38	69.79	21.04	0.00
2	2	0.01	0.49	71.09	18.84	0.00
2	6	0.01	0.47	69.56	21.21	0.00
3	3	0.00	0.69	77.87	11.86	0.00
3	7	0.00	2.09	65.17	8.32	0.00
Core	CPU	C1%	C3%	C6%	C8%	C9%
-	-	0.02	1.40	69.20	17.65	0.00
0	0	0.00	0.46	71.23	17.31	0.00
0	4	0.00	0.59	70.91	18.61	0.00
1	1	0.01	0.39	71.32	17.91	0.00
1	5	0.00	3.60	65.86	21.82	0.00
2	2	0.01	0.58	69.17	19.82	0.00
2	6	0.01	0.48	68.53	21.60	0.00
3	3	0.00	0.45	75.52	14.38	0.00
3	7	0.12	4.64	61.57	9.87	0.00
Core	CPU	C1%	C3%	C6%	C8%	C9%
-	-	0.00	0.69	71.68	16.40	0.00
0	0	0.00	0.56	74.08	14.91	0.00
0	4	0.00	0.68	70.62	19.88	0.00
1	1	0.00	0.29	73.89	16.16	0.00
1	5	0.00	0.36	69.74	21.07	0.00
2	2	0.01	0.53	71.27	18.60	0.00
2	6	0.01	0.47	70.07	20.70	0.00
3	3	0.00	0.55	79.36	10.39	0.00
3	7	0.01	2.08	64.15	9.39	0.00
Core	CPU	C1%	C3%	C6%	C8%	C9%
-	-	0.00	0.84	70.57	17.20	0.00
0	0	0.01	0.44	72.85	15.92	0.00
0	4	0.00	0.59	70.77	19.46	0.00
1	1	0.01	0.37	73.25	16.34	0.00
1	5	0.00	0.39	68.33	22.49	0.00
2	2	0.00	0.53	68.35	21.68	0.00
2	6	0.01	1.23	69.42	20.39	0.00
3	3	0.00	0.51	77.84	12.05	0.00
3	7	0.01	2.68	63.78	9.26	0.00
Core	CPU	C1%	C3%	C6%	C8%	C9%
-	-	0.01	0.71	71.36	16.64	0.00
0	0	0.00	0.44	73.28	15.74	0.00
0	4	0.00	0.72	73.15	17.26	0.00
1	1	0.00	0.44	72.24	17.75	0.00
1	5	0.01	0.46	71.77	18.82	0.00
2	2	0.01	0.53	69.73	20.19	0.00
2	6	0.00	0.48	69.77	20.94	0.00
3	3	0.00	0.67	77.31	12.42	0.00
3	7	0.01	1.93	63.62	10.00	0.00
Core	CPU	C1%	C3%	C6%	C8%	C9%
-	-	0.01	0.71	71.52	16.49	0.00
0	0	0.00	0.45	71.02	18.08	0.00
0	4	0.00	0.67	73.36	17.09	0.00
1	1	0.01	0.42	72.78	16.99	0.00
1	5	0.01	0.44	69.14	21.63	0.00
2	2	0.00	0.65	71.28	18.47	0.00
2	6	0.00	0.47	70.33	20.39	0.00
3	3	0.00	0.53	79.53	10.35	0.00
3	7	0.01	2.02	64.73	8.88	0.00
Core	CPU	C1%	C3%	C6%	C8%	C9%
-	-	0.03	1.09	69.15	16.61	0.00
0	0	0.01	0.44	73.14	13.93	0.00
0	4	0.00	0.56	70.85	17.78	0.00
1	1	0.00	0.39	71.76	15.74	0.00
1	5	0.01	2.40	69.13	18.10	0.00
2	2	0.01	0.56	67.51	19.90	0.00
2	6	0.00	0.37	65.74	23.11	0.00
3	3	0.00	0.54	73.07	14.57	0.00
3	7	0.21	3.49	61.59	9.63	0.00
Core	CPU	C1%	C3%	C6%	C8%	C9%
-	-	0.01	0.67	71.07	16.96	0.00
0	0	0.00	0.46	77.59	11.37	0.00
0	4	0.00	0.49	74.03	16.58	0.00
1	1	0.01	0.34	71.41	18.53	0.00
1	5	0.00	0.39	66.88	23.98	0.00
2	2	0.01	0.65	69.41	20.40	0.00
2	6	0.01	0.46	68.50	22.27	0.00
3	3	0.00	0.47	76.81	13.14	0.00
3	7	0.01	2.06	64.04	9.46	0.00
Core	CPU	C1%	C3%	C6%	C8%	C9%
-	-	0.00	0.85	70.80	17.12	0.00
0	0	0.00	0.45	71.44	17.80	0.00
0	4	0.00	0.48	72.03	18.67	0.00
1	1	0.00	0.45	74.45	15.39	0.00
1	5	0.00	1.28	68.74	21.20	0.00
2	2	0.01	0.51	70.04	19.87	0.00
2	6	0.01	0.56	68.50	22.21	0.00
3	3	0.00	0.63	77.85	12.02	0.00
3	7	0.01	2.43	63.32	9.82	0.00
Core	CPU	C1%	C3%	C6%	C8%	C9%
-	-	0.01	0.67	70.64	17.01	0.00
0	0	0.00	0.46	73.45	15.64	0.00
0	4	0.00	0.65	73.76	16.77	0.00
1	1	0.01	0.29	73.42	16.54	0.00
1	5	0.00	0.34	69.80	21.07	0.00
2	2	0.01	0.62	70.10	19.53	0.00
2	6	0.00	0.44	67.35	23.33	0.00
3	3	0.01	0.51	76.85	12.73	0.00
3	7	0.03	2.05	60.81	10.55	0.00
Core	CPU	C1%	C3%	C6%	C8%	C9%
-	-	0.03	0.69	71.16	16.55	0.00
0	0	0.00	0.45	74.53	14.64	0.00
0	4	0.00	0.64	74.27	16.07	0.00
1	1	0.01	0.46	71.64	18.33	0.00
1	5	0.00	0.41	68.80	22.11	0.00
2	2	0.01	0.66	69.96	19.83	0.00
2	6	0.00	0.50	69.97	20.83	0.00
3	3	0.00	0.52	77.33	12.39	0.00
3	7	0.20	1.84	62.91	8.25	0.00
Core	CPU	C1%	C3%	C6%	C8%	C9%
-	-	0.01	1.07	69.15	16.91	0.00
0	0	0.00	0.50	74.09	13.16	0.00
0	4	0.00	0.42	71.55	17.30	0.00
1	1	0.00	0.33	72.23	15.88	0.00
1	5	0.01	2.19	67.04	20.44	0.00
2	2	0.01	0.54	66.70	21.40	0.00
2	6	0.00	0.46	66.35	22.29	0.00
3	3	0.00	0.48	74.57	13.97	0.00
3	7	0.01	3.62	60.72	10.83	0.00
Core	CPU	C1%	C3%	C6%	C8%	C9%
-	-	0.01	0.67	72.11	16.03	0.00
0	0	0.01	0.40	75.85	13.23	0.00
0	4	0.01	0.66	75.79	14.59	0.00
1	1	0.01	0.41	74.39	15.47	0.00
1	5	0.00	0.28	71.67	19.25	0.00
2	2	0.01	0.59	69.01	20.82	0.00
2	6	0.00	0.50	69.34	21.38	0.00
3	3	0.00	0.53	76.65	13.32	0.00
3	7	0.01	1.96	63.62	10.00	0.00
Core	CPU	C1%	C3%	C6%	C8%	C9%
-	-	0.01	0.87	71.47	16.35	0.00
0	0	0.00	1.41	74.43	13.63	0.00
0	4	0.00	0.55	70.71	19.94	0.00
1	1	0.00	0.32	74.55	15.50	0.00
1	5	0.00	0.47	70.31	20.49	0.00
2	2	0.01	0.58	71.29	18.65	0.00
2	6	0.01	0.42	70.23	20.61	0.00
3	3	0.01	0.62	77.99	11.95	0.00
3	7	0.01	2.61	62.83	10.20	0.00
Core	CPU	C1%	C3%	C6%	C8%	C9%
-	-	0.00	0.70	71.62	16.48	0.00
0	0	0.00	0.40	73.80	15.46	0.00
0	4	0.00	0.54	73.21	17.24	0.00
1	1	0.01	0.40	75.89	13.92	0.00
1	5	0.00	0.39	70.08	20.73	0.00
2	2	0.01	0.55	68.27	21.60	0.00
2	6	0.01	0.62	68.08	22.43	0.00
3	3	0.01	0.63	79.12	10.77	0.00
3	7	0.01	2.04	63.86	9.57	0.00
Core	CPU	C1%	C3%	C6%	C8%	C9%
-	-	0.00	0.67	71.82	16.22	0.00
0	0	0.00	0.40	74.94	14.15	0.00
0	4	0.00	0.56	73.60	16.92	0.00
1	1	0.01	0.44	74.06	15.90	0.00
1	5	0.00	0.38	70.95	19.84	0.00
2	2	0.01	0.68	69.84	19.92	0.00
2	6	0.01	0.54	69.14	21.51	0.00
3	3	0.00	0.50	77.81	12.12	0.00
3	7	0.01	1.87	64.22	9.43	0.00
Core	CPU	C1%	C3%	C6%	C8%	C9%
-	-	0.01	1.15	69.49	17.12	0.00
0	0	0.00	0.53	72.09	15.12	0.00
0	4	0.00	0.52	69.64	19.78	0.00
1	1	0.01	0.30	73.05	16.39	0.00
1	5	0.02	1.91	68.50	19.02	0.00
2	2	0.01	0.51	67.31	21.54	0.00
2	6	0.00	0.44	68.14	21.43	0.00
3	3	0.01	0.59	75.46	14.57	0.00
3	7	0.01	4.37	62.18	9.18	0.00
Core	CPU	C1%	C3%	C6%	C8%	C9%
-	-	0.01	0.68	71.27	16.83	0.00
0	0	0.00	0.49	73.64	15.45	0.00
0	4	0.00	0.60	71.73	18.72	0.00
1	1	0.01	0.40	75.88	13.91	0.00
1	5	0.00	0.45	68.62	22.17	0.00
2	2	0.01	0.54	68.89	21.08	0.00
2	6	0.01	0.57	70.01	20.65	0.00
3	3	0.01	0.55	77.96	11.89	0.00
3	7	0.01	1.82	63.01	10.67	0.00
Core	CPU	C1%	C3%	C6%	C8%	C9%
-	-	0.00	0.79	72.17	15.72	0.00
0	0	0.00	1.31	74.58	13.56	0.00
0	4	0.00	0.45	72.24	18.44	0.00
1	1	0.01	0.38	75.36	14.63	0.00
1	5	0.00	0.42	69.58	21.28	0.00
2	2	0.00	0.57	69.55	20.41	0.00
2	6	0.01	0.46	70.61	19.82	0.00
3	3	0.00	0.50	79.99	9.93	0.00
3	7	0.00	2.27	65.60	7.74	0.00
Core	CPU	C1%	C3%	C6%	C8%	C9%
-	-	0.01	0.67	71.09	16.85	0.00
0	0	0.00	0.50	72.69	16.20	0.00
0	4	0.00	0.53	72.23	18.24	0.00
1	1	0.01	0.32	70.97	19.06	0.00
1	5	0.00	0.46	69.33	21.34	0.00
2	2	0.00	0.70	68.75	21.01	0.00
2	6	0.01	0.36	69.65	21.14	0.00
3	3	0.00	0.56	78.99	10.82	0.00
3	7	0.01	1.90	66.64	7.12	0.00
Core	CPU	C1%	C3%	C6%	C8%	C9%
-	-	0.10	0.71	70.85	17.18	0.00
0	0	0.01	0.53	70.77	18.31	0.00
0	4	0.00	0.55	70.41	20.18	0.00
1	1	0.01	0.37	72.57	17.52	0.00
1	5	0.00	0.42	69.03	21.76	0.00
2	2	0.01	0.60	68.53	21.35	0.00
2	6	0.00	0.44	70.14	20.50	0.00
3	3	0.00	0.47	79.31	10.59	0.00
3	7	0.76	2.32	65.36	7.06	0.00
Core	CPU	C1%	C3%	C6%	C8%	C9%
-	-	0.01	1.17	69.32	16.92	0.00
0	0	0.01	0.52	70.24	17.39	0.00
0	4	0.01	0.48	69.12	20.42	0.00
1	1	0.01	0.32	71.58	17.12	0.00
1	5	0.01	2.26	67.72	19.49	0.00
2	2	0.01	0.65	67.78	20.79	0.00
2	6	0.01	0.48	69.21	19.61	0.00
3	3	0.00	0.45	75.70	12.96	0.00
3	7	0.01	4.18	63.77	7.69	0.00
Core	CPU	C1%	C3%	C6%	C8%	C9%
-	-	0.01	0.68	72.16	15.90	0.00
0	0	0.00	0.55	70.57	18.40	0.00
0	4	0.01	0.67	71.61	18.85	0.00
1	1	0.02	0.18	77.00	12.90	0.00
1	5	0.00	0.46	70.06	20.70	0.00
2	2	0.01	0.71	70.20	19.59	0.00
2	6	0.01	0.34	71.12	19.68	0.00
3	3	0.00	0.40	80.13	9.93	0.00
3	7	0.01	2.11	66.31	7.10	0.00
Core	CPU	C1%	C3%	C6%	C8%	C9%
-	-	0.01	0.80	70.96	16.88	0.00
0	0	0.00	0.40	75.95	13.02	0.00
0	4	0.00	0.33	71.52	19.20	0.00
1	1	0.01	0.43	71.40	18.53	0.00
1	5	0.00	0.37	70.06	20.79	0.00
2	2	0.01	1.10	67.78	21.04	0.00
2	6	0.01	0.52	68.96	21.79	0.00
3	3	0.01	0.59	78.70	11.25	0.00
3	7	0.01	2.66	63.57	9.46	0.00
Core	CPU	C1%	C3%	C6%	C8%	C9%
-	-	0.00	0.65	72.02	16.14	0.00
0	0	0.01	0.38	76.26	12.82	0.00
0	4	0.00	0.51	72.77	17.92	0.00
1	1	0.01	0.47	75.22	14.68	0.00
1	5	0.00	0.33	70.29	20.60	0.00
2	2	0.00	0.56	69.95	19.80	0.00
2	6	0.01	0.54	69.14	21.55	0.00
3	3	0.00	0.62	78.50	11.32	0.00
3	7	0.01	1.78	63.41	10.30	0.00
Core	CPU	C1%	C3%	C6%	C8%	C9%
-	-	0.01	0.69	71.80	16.20	0.00
0	0	0.00	0.59	75.36	13.42	0.00
0	4	0.00	0.49	70.48	20.21	0.00
1	1	0.01	0.25	73.55	16.60	0.00
1	5	0.00	0.43	70.94	19.83	0.00
2	2	0.01	0.63	70.03	19.82	0.00
2	6	0.01	0.33	69.84	21.01	0.00
3	3	0.01	0.51	79.38	10.57	0.00
3	7	0.01	2.28	65.09	8.21	0.00
Core	CPU	C1%	C3%	C6%	C8%	C9%
-	-	0.01	0.88	68.79	16.69	0.01
0	0	0.02	0.39	71.24	14.71	0.00
0	4	0.00	0.37	69.06	19.71	0.00
1	1	0.01	0.49	70.97	16.51	0.00
1	5	0.00	1.79	67.61	20.09	0.04
2	2	0.00	0.45	67.44	20.19	0.00
2	6	0.01	0.54	67.89	20.81	0.00
3	3	0.00	0.60	75.37	11.83	0.00
3	7	0.01	2.42	60.69	9.62	0.00
Core	CPU	C1%	C3%	C6%	C8%	C9%
-	-	0.01	0.66	72.20	15.91	0.00
0	0	0.00	0.41	74.82	14.36	0.00
0	4	0.00	0.57	72.83	17.76	0.00
1	1	0.01	0.40	74.60	15.31	0.00
1	5	0.00	0.37	69.86	20.96	0.00
2	2	0.01	0.52	69.75	20.16	0.00
2	6	0.01	0.40	68.26	22.55	0.00
3	3	0.00	0.53	80.83	9.09	0.00
3	7	0.01	2.10	66.44	7.03	0.00
Core	CPU	C1%	C3%	C6%	C8%	C9%
-	-	0.03	0.78	71.77	16.08	0.00
0	0	0.00	0.55	74.39	14.59	0.00
0	4	0.00	0.45	73.00	17.73	0.00
1	1	0.01	0.73	72.19	16.79	0.00
1	5	0.00	0.41	70.48	20.31	0.00
2	2	0.00	0.55	71.20	18.72	0.00
2	6	0.01	0.40	70.01	20.80	0.00
3	3	0.00	0.56	77.64	12.20	0.00
3	7	0.21	2.56	65.22	7.50	0.00
Core	CPU	C1%	C3%	C6%	C8%	C9%
-	-	0.00	0.65	71.73	16.31	0.00
0	0	0.01	0.35	74.82	14.24	0.00
0	4	0.00	0.52	72.95	17.73	0.00
1	1	0.01	0.29	76.04	14.01	0.00
1	5	0.00	0.32	69.45	21.38	0.00
2	2	0.01	0.59	68.77	21.03	0.00
2	6	0.00	0.56	68.42	22.25	0.00
3	3	0.00	0.52	79.53	10.39	0.00
3	7	0.00	2.07	63.96	9.48	0.00
Core	CPU	C1%	C3%	C6%	C8%	C9%
-	-	0.01	0.68	71.88	16.15	0.00
0	0	0.01	0.45	73.77	15.29	0.00
0	4	0.00	0.60	71.77	18.78	0.00
1	1	0.01	0.41	73.85	16.15	0.00
1	5	0.00	0.42	69.83	20.92	0.00
2	2	0.01	0.58	71.85	17.91	0.00
2	6	0.00	0.49	70.58	20.16	0.00
3	3	0.00	0.50	78.98	10.94	0.00
3	7	0.01	2.01	64.44	9.10	0.00
Core	CPU	C1%	C3%	C6%	C8%	C9%
-	-	0.24	1.10	69.40	14.82	0.00
0	0	0.01	0.51	66.76	12.87	0.00
0	4	0.21	0.63	70.19	17.41	0.00
1	1	0.15	0.51	71.22	15.81	0.00
1	5	0.48	1.90	68.42	17.45	0.00
2	2	0.66	0.57	68.69	18.09	0.00
2	6	0.01	0.52	68.39	20.36	0.00
3	3	0.30	0.54	77.58	9.44	0.00
3	7	0.10	3.60	64.03	7.16	0.00
Core	CPU	C1%	C3%	C6%	C8%	C9%
-	-	0.01	0.64	69.45	17.97	0.00
0	0	0.00	0.42	70.59	18.12	0.00
0	4	0.00	0.59	70.08	20.65	0.00
1	1	0.00	0.33	74.96	15.05	0.00
1	5	0.00	0.42	68.33	22.49	0.00
2	2	0.01	0.57	66.95	22.99	0.00
2	6	0.00	0.42	66.89	24.06	0.00
3	3	0.00	0.52	76.28	13.02	0.00
3	7	0.02	1.86	61.86	7.44	0.00
Core	CPU	C1%	C3%	C6%	C8%	C9%
-	-	0.02	0.90	70.93	16.85	0.00
0	0	0.01	0.46	72.54	16.43	0.00
0	4	0.00	0.64	70.58	19.98	0.00
1	1	0.14	1.03	71.99	17.06	0.00
1	5	0.01	0.71	68.10	21.80	0.00
2	2	0.00	0.59	69.10	20.80	0.00
2	6	0.00	1.23	70.43	19.44	0.00
3	3	0.01	0.60	79.44	10.42	0.00
3	7	0.01	1.96	64.66	8.74	0.00
Core	CPU	C1%	C3%	C6%	C8%	C9%
-	-	0.00	0.65	71.90	15.96	0.00
0	0	0.00	0.46	76.10	12.88	0.00
0	4	0.01	0.49	72.37	18.18	0.00
1	1	0.00	0.40	73.51	16.42	0.00
1	5	0.01	0.47	70.79	19.83	0.00
2	2	0.01	0.49	70.18	18.99	0.00
2	6	0.00	0.46	70.70	20.07	0.00
3	3	0.00	0.62	77.27	12.60	0.00
3	7	0.01	1.85	64.79	8.78	0.00
Core	CPU	C1%	C3%	C6%	C8%	C9%
-	-	0.01	0.66	71.89	16.23	0.00
0	0	0.00	0.37	73.72	15.55	0.00
0	4	0.01	0.57	72.76	17.83	0.00
1	1	0.01	0.47	75.89	13.95	0.00
1	5	0.01	0.29	71.49	19.40	0.00
2	2	0.01	0.51	69.55	20.28	0.00
2	6	0.00	0.54	68.37	22.38	0.00
3	3	0.00	0.58	78.40	11.49	0.00
3	7	0.01	1.92	64.68	8.86	0.00
Core	CPU	C1%	C3%	C6%	C8%	C9%
-	-	0.00	0.96	69.16	16.50	0.00
0	0	0.00	0.50	71.37	15.67	0.00
0	4	0.01	0.57	71.85	16.65	0.00
1	1	0.01	0.38	70.02	17.76	0.00
1	5	0.00	2.34	67.69	19.55	0.00
2	2	0.00	0.68	67.65	20.17	0.00
2	6	0.00	0.42	68.57	20.00	0.00
3	3	0.00	0.48	74.84	12.57	0.00
3	7	0.01	2.33	61.73	9.71	0.00
Core	CPU	C1%	C3%	C6%	C8%	C9%
-	-	0.01	0.70	71.01	17.11	0.00
0	0	0.00	0.48	73.58	15.41	0.00
0	4	0.00	0.51	71.86	18.65	0.00
1	1	0.01	0.37	70.43	19.54	0.00
1	5	0.00	0.56	69.59	21.03	0.00
2	2	0.01	0.54	69.40	20.54	0.00
2	6	0.01	0.46	69.87	20.90	0.00
3	3	0.01	0.61	78.00	11.86	0.00
3	7	0.01	2.07	64.71	8.77	0.00
Core	CPU	C1%	C3%	C6%	C8%	C9%
-	-	0.00	0.85	71.01	16.35	0.00
0	0	0.00	0.48	73.06	15.87	0.00
0	4	0.00	0.57	71.65	18.89	0.00
1	1	0.00	0.43	75.07	13.75	0.00
1	5	0.00	1.29	69.69	19.85	0.00
2	2	0.01	0.60	69.40	19.98	0.00
2	6	0.01	0.46	68.73	21.49	0.00
3	3	0.00	0.56	76.65	12.59	0.00
3	7	0.01	2.41	64.44	8.48	0.00
Core	CPU	C1%	C3%	C6%	C8%	C9%
-	-	0.01	0.66	72.06	15.88	0.00
0	0	0.00	0.38	78.44	10.48	0.00
0	4	0.00	0.46	72.50	17.78	0.00
1	1	0.01	0.40	72.63	17.39	0.00
1	5	0.01	0.44	70.49	19.92	0.00
2	2	0.01	0.56	70.63	19.15	0.00
2	6	0.00	0.46	69.89	20.95	0.00
3	3	0.00	0.64	77.38	12.36	0.00
3	7	0.01	1.97	64.57	8.97	0.00
Core	CPU	C1%	C3%	C6%	C8%	C9%
-	-	0.00	0.68	71.91	16.24	0.00
0	0	0.01	0.42	75.09	13.97	0.00
0	4	0.00	0.65	72.50	17.94	0.00
1	1	0.01	0.34	72.50	17.52	0.00
1	5	0.00	0.45	69.28	21.43	0.00
2	2	0.01	0.64	69.76	20.03	0.00
2	6	0.00	0.48	70.55	20.21	0.00
3	3	0.00	0.45	79.43	10.63	0.00
3	7	0.01	2.00	65.49	8.04	0.00
Core	CPU	C1%	C3%	C6%	C8%	C9%
-	-	0.00	0.98	68.90	16.91	0.00
0	0	0.00	0.47	72.16	14.95	0.00
0	4	0.00	0.59	71.53	16.75	0.00
1	1	0.01	0.41	68.58	19.95	0.00
1	5	0.00	2.29	65.49	21.62	0.00
2	2	0.00	0.64	68.65	18.88	0.00
2	6	0.00	0.48	69.20	19.97	0.00
3	3	0.01	0.44	74.35	13.72	0.00
3	7	0.01	2.53	61.87	9.59	0.00
Core	CPU	C1%	C3%	C6%	C8%	C9%
-	-	0.00	0.69	72.32	15.77	0.00
0	0	0.00	0.48	76.99	11.98	0.00
0	4	0.01	0.68	74.96	15.37	0.00
1	1	0.01	0.36	74.44	15.44	0.00
1	5	0.00	0.40	70.14	20.66	0.00
2	2	0.01	0.58	68.68	21.08	0.00
2	6	0.01	0.46	69.09	21.68	0.00
3	3	0.00	0.50	78.83	11.10	0.00
3	7	0.00	2.08	64.74	8.73	0.00
Core	CPU	C1%	C3%	C6%	C8%	C9%
-	-	0.01	0.75	71.22	16.60	0.00
0	0	0.00	0.52	75.21	13.74	0.00
0	4	0.01	0.61	72.29	18.16	0.00
1	1	0.01	0.75	72.52	16.62	0.00
1	5	0.00	0.39	68.42	22.19	0.00
2	2	0.00	0.57	69.61	20.24	0.00
2	6	0.01	0.46	69.89	20.86	0.00
3	3	0.00	0.55	78.44	11.50	0.00
3	7	0.01	2.14	63.65	9.57	0.00
Core	CPU	C1%	C3%	C6%	C8%	C9%
-	-	0.01	0.68	71.41	16.64	0.00
0	0	0.01	0.50	73.21	15.81	0.00
0	4	0.00	0.53	72.90	17.54	0.00
1	1	0.01	0.36	72.82	17.15	0.00
1	5	0.00	0.37	68.67	22.18	0.00
2	2	0.01	0.63	70.79	18.90	0.00
2	6	0.01	0.47	69.11	21.63	0.00
3	3	0.01	0.56	78.81	11.12	0.00
3	7	0.01	2.02	64.68	8.68	0.00
Core	CPU	C1%	C3%	C6%	C8%	C9%
-	-	0.01	0.67	71.03	16.98	0.00
0	0	0.00	0.48	73.47	15.56	0.00
0	4	0.00	0.60	72.17	18.23	0.00
1	1	0.00	0.41	73.69	16.16	0.00
1	5	0.00	0.39	68.11	22.62	0.00
2	2	0.01	0.57	69.85	20.01	0.00
2	6	0.00	0.51	67.66	23.08	0.00
3	3	0.01	0.60	78.68	11.18	0.00
3	7	0.01	1.84	64.65	9.02	0.00
Core	CPU	C1%	C3%	C6%	C8%	C9%
-	-	0.00	0.97	69.10	16.84	0.00
0	0	0.00	0.51	71.04	16.37	0.00
0	4	0.00	0.51	69.11	19.58	0.00
1	1	0.00	0.32	69.27	18.40	0.00
1	5	0.00	2.36	68.30	18.83	0.00
2	2	0.00	0.55	68.41	19.34	0.00
2	6	0.00	0.48	68.33	20.70	0.00
3	3	0.00	0.61	76.27	12.46	0.00
3	7	0.01	2.39	62.33	9.09	0.00
Core	CPU	C1%	C3%	C6%	C8%	C9%
-	-	0.01	0.67	71.95	16.12	0.00
0	0	0.00	0.45	76.58	12.51	0.00
0	4	0.00	0.58	73.03	17.55	0.00
1	1	0.01	0.38	75.83	14.06	0.00
1	5	0.00	0.43	69.59	21.08	0.00
2	2	0.01	0.61	68.82	21.06	0.00
2	6	0.01	0.43	68.61	22.19	0.00
3	3	0.00	0.58	78.44	11.37	0.00
3	7	0.01	1.92	64.45	9.08	0.00
Core	CPU	C1%	C3%	C6%	C8%	C9%
-	-	0.01	0.88	71.50	16.23	0.00
0	0	0.01	0.44	72.81	16.28	0.00
0	4	0.00	0.53	71.29	19.37	0.00
1	1	0.01	0.37	75.04	14.96	0.00
1	5	0.00	1.32	70.88	18.66	0.00
2	2	0.00	0.58	70.11	19.83	0.00
2	6	0.01	0.43	69.42	21.33	0.00
3	3	0.00	0.54	79.21	10.66	0.00
3	7	0.01	2.84	63.84	8.86	0.00
Core	CPU	C1%	C3%	C6%	C8%	C9%
-	-	0.01	0.67	71.72	16.41	0.00
0	0	0.01	0.45	72.67	16.49	0.00
0	4	0.00	0.47	71.42	19.24	0.00
1	1	0.01	0.35	74.65	15.29	0.00
1	5	0.00	0.41	69.65	21.12	0.00
2	2	0.01	0.63	71.08	18.70	0.00
2	6	0.01	0.43	69.16	21.64	0.00
3	3	0.00	0.61	79.12	10.65	0.00
3	7	0.01	2.03	65.42	8.05	0.00
Core	CPU	C1%	C3%	C6%	C8%	C9%
-	-	0.00	0.68	71.80	16.19	0.00
0	0	0.00	0.48	73.71	15.31	0.00
0	4	0.00	0.68	72.71	17.62	0.00
1	1	0.01	0.34	73.17	16.75	0.00
1	5	0.00	0.49	70.51	20.06	0.00
2	2	0.01	0.66	69.37	20.37	0.00
2	6	0.01	0.44	69.91	20.84	0.00
3	3	0.00	0.47	79.98	9.97	0.00
3	7	0.01	1.85	65.01	8.62	0.00
Core	CPU	C1%	C3%	C6%	C8%	C9%
-	-	0.01	1.19	69.17	17.55	0.00
0	0	0.00	0.43	69.45	18.98	0.00
0	4	0.00	0.52	69.99	20.36	0.00
1	1	0.00	0.35	69.58	19.62	0.00
1	5	0.00	2.23	68.71	18.33	0.00
2	2	0.01	0.51	69.10	19.93	0.00
2	6	0.00	0.45	68.07	22.14	0.00
3	3	0.00	0.67	76.56	12.30	0.00
3	7	0.02	4.35	62.55	8.94	0.00
Core	CPU	C1%	C3%	C6%	C8%	C9%
-	-	0.01	0.65	71.99	16.19	0.00
0	0	0.00	0.44	76.37	12.62	0.00
0	4	0.00	0.39	72.25	18.47	0.00
1	1	0.01	0.30	73.72	16.37	0.00
1	5	0.00	0.46	70.76	19.97	0.00
2	2	0.01	0.56	69.06	20.83	0.00
2	6	0.00	0.40	69.21	21.62	0.00
3	3	0.00	0.65	79.15	10.59	0.00
3	7	0.01	1.99	64.72	8.92	0.00
Core	CPU	C1%	C3%	C6%	C8%	C9%
-	-	0.00	0.81	71.45	16.42	0.00
0	0	0.00	0.40	77.53	11.46	0.00
0	4	0.00	0.49	72.67	17.87	0.00
1	1	0.00	0.40	71.08	18.92	0.00
1	5	0.00	1.22	68.70	21.25	0.00
2	2	0.01	0.59	71.35	18.55	0.00
2	6	0.00	0.51	69.06	21.72	0.00
3	3	0.00	0.58	77.08	12.83	0.00
3	7	0.01	2.31	64.41	8.81	0.00
Core	CPU	C1%	C3%	C6%	C8%	C9%
-	-	0.00	0.65	71.32	16.25	0.00
0	0	0.00	0.43	74.58	14.53	0.00
0	4	0.00	0.61	71.74	18.83	0.00
1	1	0.01	0.40	74.13	15.74	0.00
1	5	0.00	0.46	68.83	21.86	0.00
2	2	0.00	0.64	70.47	19.43	0.00
2	6	0.01	0.50	70.73	20.12	0.00
3	3	0.00	0.49	77.89	11.61	0.00
3	7	0.02	1.68	62.71	8.03	0.00
Core	CPU	C1%	C3%	C6%	C8%	C9%
-	-	0.00	0.65	71.29	16.66	0.00
0	0	0.00	0.41	74.69	14.57	0.00
0	4	0.00	0.57	73.14	17.42	0.00
1	1	0.00	0.46	73.73	16.22	0.00
1	5	0.01	0.43	71.80	18.91	0.00
2	2	0.01	0.51	70.20	19.69	0.00
2	6	0.00	0.52	68.93	21.86	0.00
3	3	0.00	0.63	75.58	14.05	0.00
3	7	0.01	1.69	61.99	10.48	0.00
Core	CPU	C1%	C3%	C6%	C8%	C9%
-	-	0.01	1.26	69.68	17.18	0.00
0	0	0.00	0.44	72.77	15.66	0.00
0	4	0.00	0.54	69.57	20.30	0.00
1	1	0.01	0.40	73.15	16.30	0.00
1	5	0.00	3.09	66.39	20.99	0.00
2	2	0.01	0.53	67.33	21.04	0.00
2	6	0.01	0.39	68.51	22.30	0.00
3	3	0.00	0.60	76.73	12.26	0.00
3	7	0.01	4.07	62.97	8.57	0.00
Core	CPU	C1%	C3%	C6%	C8%	C9%
-	-	0.00	0.69	71.50	16.63	0.00
0	0	0.00	0.51	73.38	15.67	0.00
0	4	0.00	0.69	72.00	18.35	0.00
1	1	0.00	0.35	74.95	15.01	0.00
1	5	0.00	0.41	68.17	22.60	0.00
2	2	0.01	0.76	69.61	20.05	0.00
2	6	0.00	0.45	69.25	21.54	0.00
3	3	0.00	0.32	78.04	12.00	0.00
3	7	0.01	2.01	66.02	7.64	0.00
Core	CPU	C1%	C3%	C6%	C8%	C9%
-	-	0.01	0.84	71.68	16.13	0.00
0	0	0.00	0.53	73.07	15.92	0.00
0	4	0.00	0.52	71.11	19.39	0.00
1	1	0.01	0.32	72.00	17.65	0.00
1	5	0.00	1.29	69.93	19.68	0.00
2	2	0.01	0.58	71.25	18.59	0.00
2	6	0.00	0.42	70.45	20.39	0.00
3	3	0.01	0.55	79.64	10.23	0.00
3	7	0.02	2.54	66.01	7.18	0.00
Core	CPU	C1%	C3%	C6%	C8%	C9%
-	-	0.00	0.66	72.01	15.99	0.00
0	0	0.01	0.32	77.08	12.07	0.00
0	4	0.00	0.64	71.81	18.82	0.00
1	1	0.01	0.39	76.15	13.77	0.00
1	5	0.00	0.32	70.25	20.45	0.00
2	2	0.00	0.46	68.99	20.95	0.00
2	6	0.00	0.64	68.64	22.00	0.00
3	3	0.00	0.62	79.50	10.33	0.00
3	7	0.00	1.92	63.96	9.60	0.00
Core	CPU	C1%	C3%	C6%	C8%	C9%
-	-	0.01	0.66	70.90	17.20	0.00
0	0	0.01	0.38	74.43	14.69	0.00
0	4	0.00	0.60	73.74	16.74	0.00
1	1	0.01	0.46	73.51	16.42	0.00
1	5	0.00	0.35	69.43	21.30	0.00
2	2	0.01	0.53	67.47	22.46	0.00
2	6	0.01	0.57	68.22	22.48	0.00
3	3	0.01	0.49	76.58	13.33	0.00
3	7	0.00	1.88	63.52	10.13	0.00
Core	CPU	C1%	C3%	C6%	C8%	C9%
-	-	0.01	1.20	69.97	16.47	0.16
0	0	0.00	0.48	71.48	15.82	0.00
0	4	0.01	0.43	72.53	17.82	0.00
1	1	0.01	0.30	71.27	17.44	0.00
1	5	0.01	2.24	68.51	18.96	1.26
2	2	0.00	0.67	67.28	20.52	0.00
2	6	0.00	0.40	67.68	22.00	0.00
3	3	0.00	0.55	77.48	11.83	0.00
3	7	0.02	4.53	63.93	7.50	0.00
Core	CPU	C1%	C3%	C6%	C8%	C9%
-	-	0.01	0.70	71.60	16.39	0.00
0	0	0.00	0.54	75.48	13.47	0.00
0	4	0.00	0.61	72.30	18.21	0.00
1	1	0.01	0.44	70.82	19.16	0.00
1	5	0.01	0.42	69.20	21.55	0.00
2	2	0.01	0.66	71.96	17.73	0.00
2	6	0.00	0.42	68.90	21.70	0.00
3	3	0.00	0.56	78.23	11.66	0.00
3	7	0.01	1.99	65.90	7.64	0.00
Core	CPU	C1%	C3%	C6%	C8%	C9%
-	-	0.06	0.89	70.81	16.76	0.00
0	0	0.00	0.39	75.07	13.81	0.00
0	4	0.00	0.60	72.31	18.19	0.00
1	1	0.00	0.45	70.94	18.64	0.00
1	5	0.00	0.50	68.76	21.32	0.00
2	2	0.01	1.48	68.93	20.06	0.00
2	6	0.01	0.52	68.58	22.16	0.00
3	3	0.00	0.56	78.46	11.35	0.00
3	7	0.48	2.60	63.74	8.64	0.00
Core	CPU	C1%	C3%	C6%	C8%	C9%
-	-	0.01	0.70	71.18	16.91	0.00
0	0	0.00	0.44	74.35	14.67	0.00
0	4	0.00	0.62	71.72	18.73	0.00
1	1	0.01	0.39	72.99	16.91	0.00
1	5	0.01	0.42	69.37	21.44	0.00
2	2	0.01	0.52	68.95	21.02	0.00
2	6	0.00	0.49	68.90	21.88	0.00
3	3	0.00	0.61	78.44	11.34	0.00
3	7	0.01	2.08	64.20	9.15	0.00
Core	CPU	C1%	C3%	C6%	C8%	C9%
-	-	0.05	0.71	71.27	16.67	0.00
0	0	0.00	0.48	74.89	14.12	0.00
0	4	0.00	0.52	72.01	18.49	0.00
1	1	0.00	0.43	70.96	18.87	0.00
1	5	0.01	0.47	69.35	21.35	0.00
2	2	0.01	0.63	69.12	20.70	0.00
2	6	0.00	0.54	70.06	20.58	0.00
3	3	0.00	0.52	78.95	11.00	0.00
3	7	0.40	2.13	64.72	8.24	0.00
Core	CPU	C1%	C3%	C6%	C8%	C9%
-	-	0.01	0.92	69.76	15.97	0.00
0	0	0.01	0.42	71.55	15.65	0.00
0	4	0.00	0.60	69.71	18.65	0.00
1	1	0.00	0.48	69.11	18.84	0.00
1	5	0.01	1.63	66.64	20.59	0.00
2	2	0.01	0.48	71.22	16.88	0.00
2	6	0.01	0.50	68.58	19.62	0.00
3	3	0.00	0.55	77.36	10.06	0.00
3	7	0.01	2.67	63.88	7.47	0.00
Core	CPU	C1%	C3%	C6%	C8%	C9%
-	-	0.05	0.69	71.65	16.28	0.00
0	0	0.01	0.43	74.86	14.26	0.00
0	4	0.01	0.55	72.00	18.50	0.00
1	1	0.01	0.48	73.88	16.02	0.00
1	5	0.00	0.39	70.47	20.29	0.00
2	2	0.01	0.57	70.04	19.85	0.00
2	6	0.00	0.49	68.28	22.51	0.00
3	3	0.00	0.57	78.74	11.08	0.00
3	7	0.40	2.00	65.04	7.75	0.00
Core	CPU	C1%	C3%	C6%	C8%	C9%
-	-	0.01	0.82	71.55	16.05	0.00
0	0	0.01	0.48	73.23	15.76	0.00
0	4	0.00	0.49	69.49	21.13	0.00
1	1	0.01	0.33	72.40	17.43	0.00
1	5	0.01	0.66	72.19	18.12	0.00
2	2	0.01	0.59	71.01	18.13	0.00
2	6	0.00	0.72	70.22	19.50	0.00
3	3	0.01	0.60	79.01	10.87	0.00
3	7	0.01	2.72	65.09	7.51	0.00
Core	CPU	C1%	C3%	C6%	C8%	C9%
-	-	0.00	0.68	71.69	16.34	0.00
0	0	0.01	0.44	76.64	12.37	0.00
0	4	0.00	0.66	72.37	18.14	0.00
1	1	0.00	0.45	73.38	16.51	0.00
1	5	0.00	0.40	70.42	20.36	0.00
2	2	0.00	0.55	68.18	21.68	0.00
2	6	0.01	0.51	69.91	20.78	0.00
3	3	0.00	0.51	77.60	12.30	0.00
3	7	0.01	1.88	65.02	8.54	0.00
Core	CPU	C1%	C3%	C6%	C8%	C9%
-	-	0.10	0.71	71.79	15.56	0.00
0	0	0.03	0.43	73.51	14.39	0.00
0	4	0.71	0.62	71.69	17.25	0.00
1	1	0.00	0.33	73.60	16.02	0.00
1	5	0.01	0.69	70.29	19.35	0.00
2	2	0.01	0.65	70.61	18.76	0.00
2	6	0.00	0.51	70.84	19.59	0.00
3	3	0.00	0.50	77.56	12.16	0.00
3	7	0.02	1.94	66.49	7.01	0.00
Core	CPU	C1%	C3%	C6%	C8%	C9%
-	-	0.00	1.35	69.93	16.18	0.00
0	0	0.00	0.49	70.97	15.93	0.00
0	4	0.00	0.52	69.23	19.43	0.00
1	1	0.00	0.40	70.10	18.38	0.00
1	5	0.00	3.30	68.76	18.36	0.00
2	2	0.01	0.56	69.10	18.85	0.00
2	6	0.01	0.45	69.81	19.67	0.00
3	3	0.00	0.56	77.40	11.79	0.00
3	7	0.01	4.50	63.77	6.96	0.00
Core	CPU	C1%	C3%	C6%	C8%	C9%
-	-	0.10	0.68	71.58	16.37	0.00
0	0	0.00	0.54	76.45	12.39	0.00
0	4	0.00	0.55	72.31	18.12	0.00
1	1	0.01	0.35	71.63	18.32	0.00
1	5	0.00	0.35	70.51	20.38	0.00
2	2	0.01	0.49	68.92	20.99	0.00
2	6	0.00	0.47	69.83	20.88	0.00
3	3	0.00	0.56	78.26	11.61	0.00
3	7	0.78	2.09	64.46	8.17	0.00
Core	CPU	C1%	C3%	C6%	C8%	C9%
-	-	0.03	0.88	69.78	17.36	0.05
0	0	0.00	0.55	70.09	18.78	0.00
0	4	0.00	0.55	70.55	18.71	0.00
1	1	0.00	0.39	69.46	19.74	0.00
1	5	0.01	1.10	68.12	20.61	0.40
2	2	0.01	0.45	69.41	20.22	0.00
2	6	0.00	0.47	68.97	21.69	0.00
3	3	0.00	0.67	77.76	11.84	0.00
3	7	0.17	2.85	64.55	7.49	0.00
Core	CPU	C1%	C3%	C6%	C8%	C9%
-	-	0.01	0.72	71.94	15.96	0.00
0	0	0.01	0.54	75.42	13.60	0.00
0	4	0.00	0.58	73.22	17.35	0.00
1	1	0.01	0.41	74.57	15.21	0.00
1	5	0.00	0.44	71.05	19.43	0.00
2	2	0.01	0.65	69.48	20.20	0.00
2	6	0.00	0.62	71.35	19.06	0.00
3	3	0.01	0.55	76.05	13.86	0.00
3	7	0.01	1.97	64.25	8.95	0.00
Core	CPU	C1%	C3%	C6%	C8%	C9%
-	-	0.01	0.70	71.84	16.23	0.00
0	0	0.00	0.45	75.01	14.10	0.00
0	4	0.00	0.68	75.50	14.74	0.00
1	1	0.01	0.36	73.32	16.50	0.00
1	5	0.00	0.42	71.25	19.51	0.00
2	2	0.01	0.52	67.72	22.16	0.00
2	6	0.01	0.46	68.13	22.58	0.00
3	3	0.00	0.55	78.48	11.50	0.00
3	7	0.01	2.15	64.84	8.60	0.00
Core	CPU	C1%	C3%	C6%	C8%	C9%
-	-	0.02	0.86	68.79	16.47	0.00
0	0	0.01	0.52	70.76	15.88	0.00
0	4	0.00	0.50	68.11	19.65	0.00
1	1	0.01	0.40	70.75	15.99	0.00
1	5	0.02	1.17	68.27	18.74	0.00
2	2	0.01	0.63	67.96	19.47	0.00
2	6	0.01	0.42	68.13	20.53	0.00
3	3	0.00	0.49	75.23	12.76	0.00
3	7	0.12	2.78	61.75	8.88	0.00
Core	CPU	C1%	C3%	C6%	C8%	C9%
-	-	0.01	0.67	70.07	17.34	0.00
0	0	0.00	0.40	76.07	13.19	0.00
0	4	0.00	0.57	75.29	14.97	0.00
1	1	0.00	0.39	69.67	19.91	0.00
1	5	0.00	0.35	66.63	24.34	0.00
2	2	0.01	0.53	67.28	22.43	0.00
2	6	0.00	0.44	65.79	24.85	0.00
3	3	0.00	0.54	76.86	12.28	0.00
3	7	0.07	2.11	62.34	6.54	0.00
Core	CPU	C1%	C3%	C6%	C8%	C9%
-	-	0.01	0.76	70.79	16.95	0.00
0	0	0.00	0.43	76.83	12.09	0.00
0	4	0.00	0.61	73.86	16.36	0.00
1	1	0.01	0.40	71.34	18.49	0.00
1	5	0.01	0.42	68.17	22.31	0.00
2	2	0.01	0.59	68.37	21.50	0.00
2	6	0.00	0.69	67.74	21.78	0.00
3	3	0.00	0.59	76.70	13.36	0.00
3	7	0.01	2.35	63.44	9.72	0.00
Core	CPU	C1%	C3%	C6%	C8%	C9%
-	-	0.00	0.69	72.06	15.86	0.00
0	0	0.00	0.43	75.52	13.53	0.00
0	4	0.00	0.62	72.23	18.21	0.00
1	1	0.01	0.32	76.21	13.63	0.00
1	5	0.00	0.36	71.57	19.16	0.00
2	2	0.00	0.67	68.96	20.68	0.00
2	6	0.00	0.57	70.54	20.05	0.00
3	3	0.00	0.50	77.22	12.80	0.00
3	7	0.01	2.05	64.45	8.85	0.00
Core	CPU	C1%	C3%	C6%	C8%	C9%
-	-	0.01	0.70	71.87	16.16	0.00
0	0	0.00	0.43	72.79	16.34	0.00
0	4	0.00	0.52	71.21	19.33	0.00
1	1	0.01	0.42	76.76	13.08	0.00
1	5	0.01	0.40	69.50	21.34	0.00
2	2	0.01	0.57	69.27	20.58	0.00
2	6	0.01	0.46	70.02	20.73	0.00
3	3	0.00	0.68	79.79	9.98	0.00
3	7	0.01	2.10	65.63	7.86	0.00
Core	CPU	C1%	C3%	C6%	C8%	C9%
-	-	0.06	1.11	69.28	16.12	0.00
0	0	0.02	0.52	70.04	15.67	0.00
0	4	0.37	0.63	70.64	16.18	0.00
1	1	0.00	0.49	71.08	15.96	0.00
1	5	0.00	2.24	68.95	18.38	0.00
2	2	0.01	0.56	66.41	21.26	0.00
2	6	0.01	0.47	66.55	21.98	0.00
3	3	0.00	0.47	76.87	11.64	0.00
3	7	0.04	3.46	63.39	7.77	0.00
Core	CPU	C1%	C3%	C6%	C8%	C9%
-	-	0.01	0.71	71.29	16.56	0.00
0	0	0.00	0.43	73.93	15.03	0.00
0	4	0.00	0.49	75.09	15.30	0.00
1	1	0.01	0.44	70.33	19.12	0.00
1	5	0.00	0.63	69.23	21.30	0.00
2	2	0.01	0.55	68.78	21.14	0.00
2	6	0.01	0.53	70.40	20.29	0.00
3	3	0.01	0.76	79.03	10.64	0.00
3	7	0.01	1.83	63.86	9.74	0.00
Core	CPU	C1%	C3%	C6%	C8%	C9%
-	-	0.01	0.82	70.43	17.41	0.00
0	0	0.00	0.37	75.61	13.22	0.00
0	4	0.00	0.52	72.44	18.03	0.00
1	1	0.00	0.42	72.79	17.07	0.00
1	5	0.00	0.41	69.32	21.54	0.00
2	2	0.00	1.25	67.45	21.52	0.00
2	6	0.01	0.53	67.59	23.16	0.00
3	3	0.01	0.67	77.05	12.76	0.00
3	7	0.01	2.35	61.22	12.00	0.00
Core	CPU	C1%	C3%	C6%	C8%	C9%
-	-	0.01	0.67	71.57	16.50	0.00
0	0	0.00	0.45	72.10	17.06	0.00
0	4	0.01	0.59	75.62	14.72	0.00
1	1	0.00	0.37	72.53	17.28	0.00
1	5	0.01	0.39	69.78	20.99	0.00
2	2	0.01	0.59	68.36	21.51	0.00
2	6	0.01	0.44	68.78	22.01	0.00
3	3	0.00	0.56	79.84	9.99	0.00
3	7	0.01	1.99	65.16	8.38	0.00
Core	CPU	C1%	C3%	C6%	C8%	C9%
-	-	0.01	0.68	71.83	16.18	0.00
0	0	0.01	0.47	73.16	15.90	0.00
0	4	0.01	0.45	70.64	20.00	0.00
1	1	0.01	0.34	75.78	14.21	0.00
1	5	0.00	0.43	70.08	20.64	0.00
2	2	0.01	0.56	68.89	20.99	0.00
2	6	0.00	0.40	70.28	20.50	0.00
3	3	0.00	0.58	80.78	9.03	0.00
3	7	0.01	2.24	65.02	8.19	0.00
Core	CPU	C1%	C3%	C6%	C8%	C9%
-	-	0.01	0.97	69.77	15.78	0.00
0	0	0.01	0.47	74.93	11.92	0.00
0	4	0.01	0.70	69.05	18.79	0.00
1	1	0.01	0.35	71.08	16.92	0.00
1	5	0.00	1.18	70.31	16.90	0.00
2	2	0.01	0.55	66.51	21.36	0.00
2	6	0.00	0.43	67.00	21.66	0.00
3	3	0.00	0.52	76.36	11.39	0.00
3	7	0.06	3.59	63.48	7.43	0.00
Core	CPU	C1%	C3%	C6%	C8%	C9%
-	-	0.04	0.69	71.48	16.36	0.00
0	0	0.17	0.52	73.09	14.79	0.00
0	4	0.16	0.57	70.57	19.80	0.00
1	1	0.01	0.34	75.21	14.67	0.00
1	5	0.00	0.40	70.54	20.25	0.00
2	2	0.01	0.54	69.65	20.30	0.00
2	6	0.00	0.50	69.75	20.96	0.00
3	3	0.00	0.55	78.51	11.34	0.00
3	7	0.01	2.10	64.00	8.61	0.00
Core	CPU	C1%	C3%	C6%	C8%	C9%
-	-	0.03	0.84	70.41	16.98	0.00
0	0	0.22	0.46	70.36	17.74	0.00
0	4	0.00	0.50	70.10	20.55	0.00
1	1	0.01	0.47	73.81	15.31	0.00
1	5	0.00	1.17	69.26	20.63	0.00
2	2	0.01	0.59	68.48	20.51	0.00
2	6	0.00	0.44	69.75	20.46	0.00
3	3	0.00	0.46	77.96	11.89	0.00
3	7	0.01	2.64	64.09	8.88	0.00
Core	CPU	C1%	C3%	C6%	C8%	C9%
-	-	0.01	0.72	71.81	16.23	0.00
0	0	0.00	0.56	73.22	15.79	0.00
0	4	0.00	0.55	72.06	18.56	0.00
1	1	0.01	0.30	74.44	15.46	0.00
1	5	0.00	0.48	69.03	21.65	0.00
2	2	0.00	0.64	69.90	19.98	0.00
2	6	0.00	0.38	69.48	21.37	0.00
3	3	0.00	0.51	80.55	9.40	0.00
3	7	0.02	2.34	65.59	7.59	0.00
Core	CPU	C1%	C3%	C6%	C8%	C9%
-	-	0.00	0.70	71.26	16.79	0.00
0	0	0.00	0.44	75.05	14.03	0.00
0	4	0.00	0.49	74.07	16.44	0.00
1	1	0.00	0.39	74.04	15.78	0.00
1	5	0.00	0.50	70.65	20.00	0.00
2	2	0.01	0.57	68.79	21.11	0.00
2	6	0.00	0.56	69.06	21.61	0.00
3	3	0.01	0.77	75.97	13.78	0.00
3	7	0.01	1.84	62.13	11.45	0.00
Core	CPU	C1%	C3%	C6%	C8%	C9%
-	-	0.01	0.95	69.48	16.22	0.00
0	0	0.00	0.59	70.96	15.94	0.00
0	4	0.00	0.54	69.84	18.08	0.00
1	1	0.01	0.24	71.88	15.54	0.00
1	5	0.00	1.57	66.55	21.24	0.00
2	2	0.01	0.79	68.10	19.69	0.00
2	6	0.00	0.31	68.12	20.62	0.00
3	3	0.00	0.44	75.74	11.87	0.00
3	7	0.01	3.10	64.66	6.79	0.00
Core	CPU	C1%	C3%	C6%	C8%	C9%
-	-	0.14	0.73	71.74	16.04	0.00
0	0	0.00	0.57	73.83	15.09	0.00
0	4	0.01	0.53	71.14	19.36	0.00
1	1	0.02	0.30	75.01	14.87	0.00
1	5	0.00	0.50	70.75	19.88	0.00
2	2	0.01	0.75	69.29	20.46	0.00
2	6	0.00	0.44	70.64	20.11	0.00
3	3	0.00	0.54	79.47	10.45	0.00
3	7	1.07	2.18	64.10	8.19	0.00
Core	CPU	C1%	C3%	C6%	C8%	C9%
-	-	0.04	0.88	72.00	15.88	0.00
0	0	0.01	0.45	73.34	15.80	0.00
0	4	0.00	0.40	71.93	18.87	0.00
1	1	0.01	0.42	75.79	14.10	0.00
1	5	0.00	1.29	70.67	19.09	0.00
2	2	0.00	0.60	69.49	20.40	0.00
2	6	0.00	0.41	71.17	19.69	0.00
3	3	0.00	0.54	78.61	11.36	0.00
3	7	0.30	2.95	64.85	7.71	0.00
Core	CPU	C1%	C3%	C6%	C8%	C9%
-	-	0.04	0.73	71.98	15.91	0.00
0	0	0.00	0.50	73.03	16.04	0.00
0	4	0.00	0.55	70.71	19.81	0.00
1	1	0.02	0.38	73.51	16.20	0.00
1	5	0.00	0.41	69.05	21.69	0.00
2	2	0.00	0.63	70.44	19.36	0.00
2	6	0.00	0.60	72.25	18.34	0.00
3	3	0.00	0.51	81.39	8.58	0.00
3	7	0.30	2.24	65.64	7.32	0.00
Core	CPU	C1%	C3%	C6%	C8%	C9%
-	-	0.07	0.70	71.61	16.27	0.00
0	0	0.00	0.56	71.06	17.91	0.00
0	4	0.00	0.50	73.61	16.82	0.00
1	1	0.01	0.32	72.87	17.04	0.00
1	5	0.00	0.44	69.90	20.75	0.00
2	2	0.01	0.75	70.69	19.06	0.00
2	6	0.01	0.39	70.32	20.47	0.00
3	3	0.00	0.51	79.53	10.42	0.00
3	7	0.49	2.14	65.18	7.76	0.00
Core	CPU	C1%	C3%	C6%	C8%	C9%
-	-	0.01	1.24	70.22	16.05	0.00
0	0	0.00	0.38	72.48	15.60	0.00
0	4	0.00	0.56	70.62	17.95	0.00
1	1	0.01	0.43	73.34	14.87	0.00
1	5	0.01	3.18	68.53	17.83	0.00
2	2	0.00	0.52	67.91	20.93	0.00
2	6	0.01	0.51	69.66	20.05	0.00
3	3	0.00	0.53	75.76	13.03	0.00
3	7	0.01	3.82	63.14	8.02	0.00
Core	CPU	C1%	C3%	C6%	C8%	C9%
-	-	0.00	0.74	71.95	16.06	0.00
0	0	0.00	0.53	75.43	13.40	0.00
0	4	0.00	0.61	72.41	18.02	0.00
1	1	0.01	0.38	73.04	16.94	0.00
1	5	0.00	0.52	69.20	21.47	0.00
2	2	0.01	0.62	70.28	19.60	0.00
2	6	0.00	0.51	70.84	19.86	0.00
3	3	0.00	0.59	79.50	10.39	0.00
3	7	0.01	2.11	64.60	8.76	0.00
Core	CPU	C1%	C3%	C6%	C8%	C9%
-	-	0.06	0.86	71.65	15.71	0.00
0	0	0.31	0.47	73.45	14.72	0.00
0	4	0.01	0.49	71.52	19.12	0.00
1	1	0.01	0.38	76.72	12.32	0.00
1	5	0.00	1.24	69.91	19.72	0.00
2	2	0.02	0.65	69.29	19.79	0.00
2	6	0.00	0.53	69.83	20.03	0.00
3	3	0.00	0.58	78.31	11.52	0.00
3	7	0.12	2.56	64.09	8.46	0.00
Core	CPU	C1%	C3%	C6%	C8%	C9%
-	-	0.01	0.66	70.28	17.12	0.00
0	0	0.01	0.40	74.01	15.06	0.00
0	4	0.00	0.62	72.33	18.09	0.00
1	1	0.01	0.42	71.26	18.07	0.00
1	5	0.00	0.35	68.46	22.38	0.00
2	2	0.00	0.60	68.10	21.76	0.00
2	6	0.01	0.41	68.00	22.91	0.00
3	3	0.00	0.45	77.96	11.32	0.00
3	7	0.02	2.00	62.75	7.55	0.00
Core	CPU	C1%	C3%	C6%	C8%	C9%
-	-	0.00	0.68	71.49	16.47	0.00
0	0	0.01	0.38	75.25	13.96	0.00
0	4	0.00	0.67	73.12	16.90	0.00
1	1	0.01	0.42	71.73	18.17	0.00
1	5	0.00	0.35	70.26	20.61	0.00
2	2	0.00	0.54	69.47	20.52	0.00
2	6	0.00	0.49	68.75	22.11	0.00
3	3	0.00	0.52	79.42	10.40	0.00
3	7	0.01	2.07	63.29	8.92	0.00
Core	CPU	C1%	C3%	C6%	C8%	C9%
-	-	0.01	1.43	69.96	16.80	0.00
0	0	0.01	0.36	72.66	15.76	0.00
0	4	0.00	0.50	71.04	18.80	0.00
1	1	0.00	0.43	73.42	15.48	0.00
1	5	0.00	3.76	68.44	18.87	0.00
2	2	0.00	0.44	67.27	21.91	0.00
2	6	0.00	0.47	66.71	23.48	0.00
3	3	0.00	0.61	78.67	10.28	0.00
3	7	0.02	4.91	61.48	9.82	0.00
Core	CPU	C1%	C3%	C6%	C8%	C9%
-	-	0.01	0.68	71.18	16.79	0.00
0	0	0.01	0.42	73.20	15.93	0.00
0	4	0.00	0.49	72.62	17.81	0.00
1	1	0.01	0.43	71.20	18.66	0.00
1	5	0.01	0.40	69.47	21.31	0.00
2	2	0.01	0.54	69.80	20.10	0.00
2	6	0.01	0.58	69.83	20.40	0.00
3	3	0.01	0.65	78.43	11.36	0.00
3	7	0.01	1.94	64.80	8.75	0.00
Core	CPU	C1%	C3%	C6%	C8%	C9%
-	-	0.01	0.81	71.43	16.39	0.00
0	0	0.00	0.54	73.61	15.41	0.00
0	4	0.00	0.51	72.91	17.68	0.00
1	1	0.01	0.32	72.46	17.53	0.00
1	5	0.00	0.38	71.36	19.36	0.00
2	2	0.01	0.62	68.72	21.18	0.00
2	6	0.00	1.14	69.07	20.83	0.00
3	3	0.00	0.58	79.00	10.88	0.00
3	7	0.01	2.37	64.90	8.37	0.00
Core	CPU	C1%	C3%	C6%	C8%	C9%
-	-	0.01	0.70	71.53	16.60	0.00
0	0	0.00	0.46	76.41	12.65	0.00
0	4	0.00	0.67	74.99	15.42	0.00
1	1	0.01	0.38	73.01	16.79	0.00
1	5	0.00	0.42	69.12	21.69	0.00
2	2	0.01	0.70	67.83	21.94	0.00
2	6	0.01	0.47	68.72	22.03	0.00
3	3	0.00	0.48	77.57	12.50	0.00
3	7	0.01	1.99	63.98	9.59	0.00
Core	CPU	C1%	C3%	C6%	C8%	C9%
-	-	0.01	0.69	71.27	16.76	0.00
0	0	0.00	0.45	74.93	14.08	0.00
0	4	0.00	0.51	71.14	19.50	0.00
1	1	0.01	0.39	74.07	15.79	0.00
1	5	0.00	0.43	70.30	20.48	0.00
2	2	0.01	0.68	68.87	20.89	0.00
2	6	0.00	0.38	69.24	21.58	0.00
3	3	0.00	0.59	77.11	12.83	0.00
3	7	0.01	2.11	64.54	8.98	0.00
Core	CPU	C1%	C3%	C6%	C8%	C9%
-	-	0.01	1.26	69.78	16.70	0.00
0	0	0.01	0.45	71.05	17.15	0.00
0	4	0.00	0.59	71.30	18.60	0.00
1	1	0.01	0.31	74.77	14.02	0.00
1	5	0.00	3.06	67.36	19.94	0.00
2	2	0.01	0.61	66.28	22.40	0.00
2	6	0.01	0.39	67.14	22.38	0.00
3	3	0.01	0.58	78.28	10.76	0.00
3	7	0.01	4.10	62.60	8.48	0.00
Core	CPU	C1%	C3%	C6%	C8%	C9%
-	-	0.00	0.67	71.90	16.25	0.00
0	0	0.01	0.41	74.34	14.86	0.00
0	4	0.00	0.62	72.85	17.71	0.00
1	1	0.00	0.38	73.69	16.19	0.00
1	5	0.00	0.37	68.92	21.94	0.00
2	2	0.01	0.54	71.98	17.89	0.00
2	6	0.00	0.50	69.56	21.20	0.00
3	3	0.01	0.58	79.01	10.78	0.00
3	7	0.01	1.96	64.26	9.29	0.00
Core	CPU	C1%	C3%	C6%	C8%	C9%
-	-	0.01	0.81	71.50	16.41	0.00
0	0	0.01	0.32	74.39	14.85	0.00
0	4	0.00	0.66	72.07	18.46	0.00
1	1	0.00	0.52	75.32	14.44	0.00
1	5	0.00	1.10	70.21	19.82	0.00
2	2	0.01	0.54	68.47	21.49	0.00
2	6	0.01	0.54	68.70	22.05	0.00
3	3	0.00	0.58	79.32	10.56	0.00
3	7	0.01	2.23	63.48	9.61	0.00
Core	CPU	C1%	C3%	C6%	C8%	C9%
-	-	0.00	0.72	71.45	16.50	0.00
0	0	0.00	0.49	72.69	16.37	0.00
0	4	0.01	0.64	73.24	17.10	0.00
1	1	0.00	0.47	71.95	17.69	0.00
1	5	0.00	0.51	69.55	21.06	0.00
2	2	0.00	0.58	70.18	19.69	0.00
2	6	0.00	0.49	69.58	21.14	0.00
3	3	0.00	0.56	78.94	10.98	0.00
3	7	0.01	2.00	65.52	8.01	0.00
Core	CPU	C1%	C3%	C6%	C8%	C9%
-	-	0.02	0.74	71.79	15.99	0.00
0	0	0.01	0.58	74.00	14.79	0.00
0	4	0.00	0.76	73.89	16.21	0.00
1	1	0.01	0.56	71.30	18.08	0.00
1	5	0.00	0.49	68.62	22.09	0.00
2	2	0.00	0.56	69.83	20.00	0.00
2	6	0.10	0.49	72.10	17.92	0.00
3	3	0.00	0.52	78.62	11.32	0.00
3	7	0.01	1.95	65.95	7.49	0.00
Core	CPU	C1%	C3%	C6%	C8%	C9%
-	-	0.00	0.94	68.91	16.77	0.00
0	0	0.00	0.41	74.52	12.44	0.00
0	4	0.00	0.52	70.75	17.70	0.00
1	1	0.00	0.38	71.28	16.19	0.00
1	5	0.00	1.15	68.16	19.45	0.00
2	2	0.01	0.54	66.80	20.52	0.00
2	6	0.00	0.50	67.06	22.05	0.00
3	3	0.00	0.51	72.51	15.45	0.00
3	7	0.00	3.50	60.85	10.49	0.00
Core	CPU	C1%	C3%	C6%	C8%	C9%
-	-	0.02	0.65	71.53	16.28	0.00
0	0	0.00	0.38	75.17	13.96	0.00
0	4	0.00	0.54	74.50	15.41	0.00
1	1	0.00	0.57	75.36	13.40	0.00
1	5	0.00	0.34	68.79	22.13	0.00
2	2	0.01	0.57	68.90	20.57	0.00
2	6	0.01	0.62	69.34	21.29	0.00
3	3	0.00	0.52	76.48	13.49	0.00
3	7	0.10	1.63	63.05	9.82	0.00
Core	CPU	C1%	C3%	C6%	C8%	C9%
-	-	0.00	0.84	70.89	16.64	0.00
0	0	0.01	0.44	75.79	13.10	0.00
0	4	0.00	0.56	73.52	16.89	0.00
1	1	0.01	0.37	73.28	16.31	0.00
1	5	0.00	0.90	67.84	22.08	0.00
2	2	0.01	0.62	67.86	21.71	0.00
2	6	0.00	0.53	68.27	21.64	0.00
3	3	0.00	0.40	77.18	12.74	0.00
3	7	0.01	2.91	64.06	8.77	0.00
Core	CPU	C1%	C3%	C6%	C8%	C9%
-	-	0.01	0.72	71.51	16.50	0.00
0	0	0.00	0.50	72.50	16.60	0.00
0	4	0.01	0.61	71.97	18.55	0.00
1	1	0.01	0.43	74.44	15.35	0.00
1	5	0.01	0.42	68.03	22.82	0.00
2	2	0.01	0.64	70.95	18.88	0.00
2	6	0.00	0.60	70.78	19.75	0.00
3	3	0.00	0.60	78.73	11.07	0.00
3	7	0.00	1.99	64.57	8.94	0.00
Core	CPU	C1%	C3%	C6%	C8%	C9%
-	-	0.01	0.63	71.67	16.44	0.00
0	0	0.00	0.47	74.65	14.38	0.00
0	4	0.00	0.53	72.30	18.35	0.00
1	1	0.01	0.33	74.45	15.53	0.00
1	5	0.00	0.28	69.51	21.43	0.00
2	2	0.01	0.50	71.51	18.38	0.00
2	6	0.00	0.47	69.84	20.89	0.00
3	3	0.01	0.52	77.44	12.46	0.00
3	7	0.01	1.91	63.54	10.09	0.00
Core	CPU	C1%	C3%	C6%	C8%	C9%
-	-	0.01	1.20	70.03	16.34	0.00
0	0	0.00	0.43	74.93	12.70	0.00
0	4	0.00	0.54	72.80	16.49	0.00
1	1	0.00	0.33	70.98	17.55	0.00
1	5	0.01	2.78	67.64	19.90	0.00
2	2	0.01	0.58	67.35	20.83	0.00
2	6	0.00	0.41	66.71	22.91	0.00
3	3	0.00	0.61	76.55	11.81	0.00
3	7	0.01	3.92	62.87	8.46	0.00
Core	CPU	C1%	C3%	C6%	C8%	C9%
-	-	0.00	0.71	71.89	16.11	0.00
0	0	0.00	0.47	77.18	11.79	0.00
0	4	0.00	0.73	71.60	18.75	0.00
1	1	0.01	0.42	76.08	13.76	0.00
1	5	0.01	0.43	69.33	21.51	0.00
2	2	0.01	0.56	69.17	20.76	0.00
2	6	0.01	0.46	69.87	20.91	0.00
3	3	0.00	0.56	77.22	12.61	0.00
3	7	0.01	2.04	64.72	8.79	0.00
Core	CPU	C1%	C3%	C6%	C8%	C9%
-	-	0.01	0.81	71.67	16.03	0.00
0	0	0.00	0.46	77.07	11.86	0.00
0	4	0.00	0.65	72.19	18.02	0.00
1	1	0.01	0.34	74.18	15.56	0.00
1	5	0.00	0.36	68.64	22.20	0.00
2	2	0.01	0.60	69.32	20.22	0.00
2	6	0.00	1.22	69.15	20.62	0.00
3	3	0.00	0.49	78.44	11.49	0.00
3	7	0.01	2.40	64.94	8.42	0.00
Core	CPU	C1%	C3%	C6%	C8%	C9%
-	-	0.02	0.69	71.31	16.76	0.00
0	0	0.01	0.45	75.63	13.34	0.00
0	4	0.00	0.55	71.27	19.32	0.00
1	1	0.00	0.42	70.92	18.92	0.00
1	5	0.01	0.45	69.73	21.04	0.00
2	2	0.01	0.47	69.52	20.45	0.00
2	6	0.00	0.49	69.58	21.17	0.00
3	3	0.01	0.60	78.47	11.34	0.00
3	7	0.10	2.06	64.88	8.40	0.00
Core	CPU	C1%	C3%	C6%	C8%	C9%
-	-	0.01	0.65	71.15	16.84	0.00
0	0	0.00	0.41	75.55	13.56	0.00
0	4	0.00	0.50	73.61	16.87	0.00
1	1	0.01	0.41	71.95	17.97	0.00
1	5	0.00	0.28	68.73	22.18	0.00
2	2	0.02	0.56	70.21	19.63	0.00
2	6	0.01	0.53	68.14	22.60	0.00
3	3	0.00	0.53	77.37	12.49	0.00
3	7	0.01	1.99	64.00	9.49	0.00
Core	CPU	C1%	C3%	C6%	C8%	C9%
-	-	0.01	1.25	69.27	17.34	0.00
0	0	0.00	0.41	70.74	17.83	0.00
0	4	0.00	0.56	70.47	19.30	0.00
1	1	0.00	0.38	72.34	16.43	0.00
1	5	0.01	2.88	67.63	19.84	0.00
2	2	0.01	0.51	67.87	20.89	0.00
2	6	0.00	0.54	67.30	21.92	0.00
3	3	0.01	0.52	76.61	12.38	0.00
3	7	0.01	4.19	61.30	10.11	0.00
Core	CPU	C1%	C3%	C6%	C8%	C9%
-	-	0.01	0.64	69.96	17.33	0.00
0	0	0.01	0.50	75.18	13.80	0.00
0	4	0.01	0.60	72.20	17.89	0.00
1	1	0.00	0.50	72.31	16.75	0.00
1	5	0.00	0.36	68.71	22.32	0.00
2	2	0.00	0.46	68.84	21.37	0.00
2	6	0.01	0.50	67.73	22.79	0.00
3	3	0.00	0.53	74.87	14.47	0.00
3	7	0.01	1.68	59.83	9.28	0.00
Core	CPU	C1%	C3%	C6%	C8%	C9%
-	-	0.01	0.86	71.86	16.03	0.00
0	0	0.01	0.53	74.05	14.97	0.00
0	4	0.00	0.62	70.35	20.24	0.00
1	1	0.01	1.22	73.29	15.76	0.00
1	5	0.00	0.46	69.45	21.40	0.00
2	2	0.01	0.52	71.17	18.85	0.00
2	6	0.00	0.37	70.09	20.77	0.00
3	3	0.01	0.58	80.94	8.98	0.00
3	7	0.01	2.59	65.59	7.30	0.00
Core	CPU	C1%	C3%	C6%	C8%	C9%
-	-	0.00	0.68	71.54	16.59	0.00
0	0	0.00	0.42	75.54	13.58	0.00
0	4	0.00	0.68	73.22	17.30	0.00
1	1	0.01	0.35	74.63	15.28	0.00
1	5	0.00	0.30	70.13	20.78	0.00
2	2	0.01	0.59	69.65	20.10	0.00
2	6	0.00	0.49	67.57	23.18	0.00
3	3	0.00	0.55	78.23	11.73	0.00
3	7	0.00	2.04	62.83	10.67	0.00
Core	CPU	C1%	C3%	C6%	C8%	C9%
-	-	0.01	0.67	71.79	16.27	0.00
0	0	0.00	0.47	75.66	13.42	0.00
0	4	0.01	0.65	72.95	17.60	0.00
1	1	0.00	0.33	75.87	13.88	0.00
1	5	0.00	0.35	70.04	20.75	0.00
2	2	0.01	0.61	69.40	20.48	0.00
2	6	0.01	0.62	69.94	20.58	0.00
3	3	0.00	0.48	77.30	12.72	0.00
3	7	0.01	1.85	63.01	10.69	0.00
Core	CPU	C1%	C3%	C6%	C8%	C9%
-	-	0.01	1.07	69.62	15.87	0.00
0	0	0.00	0.41	69.78	17.28	0.00
0	4	0.01	0.60	69.82	18.58	0.00
1	1	0.01	0.36	71.28	16.20	0.00
1	5	0.01	2.44	68.75	18.40	0.00
2	2	0.01	0.57	68.40	18.98	0.00
2	6	0.01	0.39	68.60	19.53	0.00
3	3	0.00	0.66	76.76	10.98	0.00
3	7	0.01	3.16	64.18	7.22	0.00
Core	CPU	C1%	C3%	C6%	C8%	C9%
-	-	0.00	0.69	72.23	15.90	0.00
0	0	0.00	0.52	77.59	11.37	0.00
0	4	0.01	0.58	72.77	17.70	0.00
1	1	0.01	0.27	74.15	15.91	0.00
1	5	0.00	0.45	69.63	21.18	0.00
2	2	0.01	0.63	68.92	20.94	0.00
2	6	0.00	0.37	68.41	22.41	0.00
3	3	0.00	0.55	80.01	9.96	0.00
3	7	0.01	2.11	65.84	7.64	0.00
Core	CPU	C1%	C3%	C6%	C8%	C9%
-	-	0.07	0.83	70.71	16.97	0.00
0	0	0.01	0.99	73.45	14.88	0.00
0	4	0.00	0.58	72.63	17.92	0.00
1	1	0.01	0.45	73.14	16.18	0.00
1	5	0.00	0.25	69.40	21.59	0.00
2	2	0.00	0.56	67.74	22.26	0.00
2	6	0.00	0.52	68.13	22.63	0.00
3	3	0.00	0.53	78.82	11.16	0.00
3	7	0.49	2.76	62.87	9.28	0.00
Core	CPU	C1%	C3%	C6%	C8%	C9%
-	-	0.04	0.67	70.80	17.28	0.00
0	0	0.00	0.45	75.37	13.58	0.00
0	4	0.00	0.55	72.52	17.98	0.00
1	1	0.02	0.40	70.51	19.54	0.00
1	5	0.01	0.36	68.42	22.42	0.00
2	2	0.00	0.66	69.46	20.37	0.00
2	6	0.01	0.46	68.67	22.08	0.00
3	3	0.00	0.42	78.13	11.96	0.00
3	7	0.29	2.03	63.01	10.22	0.00
Core	CPU	C1%	C3%	C6%	C8%	C9%
-	-	0.01	0.71	72.57	15.35	0.00
0	0	0.00	0.52	78.32	10.44	0.00
0	4	0.00	0.49	71.13	19.47	0.00
1	1	0.01	0.40	73.69	16.22	0.00
1	5	0.01	0.45	69.88	20.91	0.00
2	2	0.01	0.53	70.89	18.98	0.00
2	6	0.00	0.55	72.28	18.26	0.00
3	3	0.00	0.62	78.66	11.24	0.00
3	7	0.01	2.12	65.90	7.37	0.00
Core	CPU	C1%	C3%	C6%	C8%	C9%
-	-	0.04	1.31	69.75	16.23	0.00
0	0	0.00	0.40	73.78	13.16	0.00
0	4	0.18	0.69	71.41	17.55	0.00
1	1	0.01	0.46	70.41	16.91	0.00
1	5	0.00	2.97	66.73	20.96	0.00
2	2	0.01	0.60	68.46	19.64	0.00
2	6	0.00	0.58	67.34	21.63	0.00
3	3	0.00	0.43	75.97	12.87	0.00
3	7	0.15	4.37	63.70	7.07	0.00
Core	CPU	C1%	C3%	C6%	C8%	C9%
-	-	0.01	0.71	71.83	16.10	0.00
0	0	0.01	0.44	73.91	15.25	0.00
0	4	0.00	0.56	71.36	19.19	0.00
1	1	0.01	0.45	76.51	13.12	0.00
1	5	0.00	0.38	69.23	21.58	0.00
2	2	0.00	0.51	68.90	21.04	0.00
2	6	0.00	0.57	69.66	20.98	0.00
3	3	0.01	0.59	81.60	8.15	0.00
3	7	0.01	2.22	63.77	9.57	0.00
Core	CPU	C1%	C3%	C6%	C8%	C9%
-	-	0.01	0.72	72.00	15.95	0.00
0	0	0.01	0.41	73.05	16.10	0.00
0	4	0.00	0.44	72.41	17.46	0.00
1	1	0.01	0.43	72.99	17.05	0.00
1	5	0.00	0.31	73.58	17.18	0.00
2	2	0.01	0.57	69.89	20.05	0.00
2	6	0.01	0.56	71.29	19.43	0.00
3	3	0.01	0.52	78.79	10.89	0.00
3	7	0.01	2.54	63.67	9.35	0.00
Core	CPU	C1%	C3%	C6%	C8%	C9%
-	-	0.01	0.69	71.94	16.00	0.00
0	0	0.01	0.45	76.72	12.11	0.00
0	4	0.00	0.60	71.48	19.13	0.00
1	1	0.01	0.37	73.89	16.05	0.00
1	5	0.00	0.35	68.76	22.07	0.00
2	2	0.00	0.63	69.27	20.59	0.00
2	6	0.00	0.53	70.00	20.61	0.00
3	3	0.00	0.51	80.92	8.92	0.00
3	7	0.01	2.10	64.86	8.65	0.00
Core	CPU	C1%	C3%	C6%	C8%	C9%
-	-	0.01	0.72	71.81	16.29	0.00
0	0	0.00	0.53	73.87	15.09	0.00
0	4	0.00	0.56	71.98	18.54	0.00
1	1	0.01	0.36	73.21	16.71	0.00
1	5	0.00	0.48	69.07	21.68	0.00
2	2	0.01	0.62	69.97	19.95	0.00
2	6	0.01	0.44	69.38	21.37	0.00
3	3	0.00	0.53	80.97	8.88	0.00
3	7	0.00	2.21	65.44	7.96	0.00
Core	CPU	C1%	C3%	C6%	C8%	C9%
-	-	0.00	1.23	68.85	17.34	0.00
0	0	0.00	0.40	73.38	14.16	0.00
0	4	0.00	0.64	71.82	17.42	0.00
1	1	0.00	0.35	73.00	15.78	0.00
1	5	0.01	2.29	67.32	20.17	0.00
2	2	0.01	0.52	65.23	22.99	0.00
2	6	0.01	0.52	65.35	23.38	0.00
3	3	0.00	0.58	74.89	14.02	0.00
3	7	0.01	4.53	60.38	10.93	0.00
Core	CPU	C1%	C3%	C6%	C8%	C9%
-	-	0.00	0.70	71.63	16.47	0.00
0	0	0.00	0.50	73.15	15.97	0.00
0	4	0.00	0.58	72.44	18.07	0.00
1	1	0.01	0.40	74.99	14.72	0.00
1	5	0.00	0.43	69.44	21.37	0.00
2	2	0.01	0.70	69.44	20.43	0.00
2	6	0.01	0.42	69.20	21.61	0.00
3	3	0.00	0.53	78.80	10.98	0.00
3	7	0.00	2.03	65.00	8.43	0.00
Core	CPU	C1%	C3%	C6%	C8%	C9%
-	-	0.03	0.86	71.97	15.91	0.00
0	0	0.01	0.49	72.50	16.71	0.00
0	4	0.00	0.72	70.89	19.70	0.00
1	1	0.01	1.22	75.65	13.32	0.00
1	5	0.00	0.35	70.58	20.33	0.00
2	2	0.01	0.52	70.80	19.17	0.00
2	6	0.01	0.38	69.60	21.28	0.00
3	3	0.00	0.60	80.38	9.35	0.00
3	7	0.20	2.59	65.38	7.47	0.00
Core	CPU	C1%	C3%	C6%	C8%	C9%
-	-	0.00	0.70	72.07	15.88	0.00
0	0	0.01	0.31	74.77	14.52	0.00
0	4	0.00	0.73	71.60	18.97	0.00
1	1	0.01	0.39	79.30	10.44	0.00
1	5	0.00	0.20	70.75	20.06	0.00
2	2	0.00	0.49	68.92	21.02	0.00
2	6	0.01	0.61	69.09	21.52	0.00
3	3	0.00	0.57	79.77	10.00	0.00
3	7	0.00	2.30	62.66	10.55	0.00
Core	CPU	C1%	C3%	C6%	C8%	C9%
-	-	0.00	0.68	72.12	15.98	0.00
0	0	0.00	0.56	74.97	14.09	0.00
0	4	0.00	0.44	73.06	17.69	0.00
1	1	0.01	0.38	73.81	16.13	0.00
1	5	0.00	0.40	70.29	20.56	0.00
2	2	0.01	0.73	72.19	17.39	0.00
2	6	0.00	0.53	69.37	21.30	0.00
3	3	0.00	0.46	78.15	11.75	0.00
3	7	0.01	1.93	64.76	8.86	0.00
Core	CPU	C1%	C3%	C6%	C8%	C9%
-	-	0.00	1.14	69.31	16.51	0.00
0	0	0.01	0.35	69.42	17.77	0.00
0	4	0.00	0.52	67.01	21.58	0.00
1	1	0.01	0.48	71.58	16.24	0.00
1	5	0.00	2.38	71.15	16.05	0.00
2	2	0.00	0.53	67.02	21.04	0.00
2	6	0.00	0.51	66.81	21.88	0.00
3	3	0.01	0.48	78.57	9.26	0.00
3	7	0.01	3.91	62.90	8.27	0.00
Core	CPU	C1%	C3%	C6%	C8%	C9%
-	-	0.01	0.69	71.39	16.57	0.00
0	0	0.01	0.43	75.07	14.00	0.00
0	4	0.00	0.55	71.84	18.72	0.00
1	1	0.01	0.35	74.40	15.52	0.00
1	5	0.00	0.29	69.88	21.01	0.00
2	2	0.01	0.53	69.64	20.31	0.00
2	6	0.01	0.66	69.22	21.34	0.00
3	3	0.00	0.54	78.22	11.64	0.00
3	7	0.01	2.19	63.20	10.09	0.00
Core	CPU	C1%	C3%	C6%	C8%	C9%
-	-	0.00	0.70	71.11	16.73	0.00
0	0	0.00	0.48	72.49	16.31	0.00
0	4	0.00	0.49	72.90	17.62	0.00
1	1	0.01	0.30	71.65	18.03	0.00
1	5	0.00	0.43	69.84	20.93	0.00
2	2	0.01	0.71	69.57	19.93	0.00
2	6	0.01	0.43	69.13	21.69	0.00
3	3	0.00	0.60	78.76	10.78	0.00
3	7	0.01	2.19	64.24	8.47	0.00
Core	CPU	C1%	C3%	C6%	C8%	C9%
-	-	0.01	0.70	70.59	16.88	0.00
0	0	0.00	0.39	73.87	15.32	0.00
0	4	0.00	0.60	70.25	20.48	0.00
1	1	0.01	0.33	73.36	16.65	0.00
1	5	0.00	0.40	68.40	22.53	0.00
2	2	0.01	0.50	68.77	21.13	0.00
2	6	0.01	0.59	68.76	21.99	0.00
3	3	0.00	0.56	79.61	9.63	0.00
3	7	0.03	2.26	61.90	7.35	0.00
Core	CPU	C1%	C3%	C6%	C8%	C9%
-	-	0.00	0.71	71.70	16.18	0.00
0	0	0.01	0.50	73.44	15.66	0.00
0	4	0.00	0.58	71.98	18.60	0.00
1	1	0.01	0.45	74.30	15.50	0.00
1	5	0.00	0.40	68.37	22.37	0.00
2	2	0.00	0.54	70.59	19.35	0.00
2	6	0.00	0.47	68.90	21.86	0.00
3	3	0.00	0.60	81.56	8.17	0.00
3	7	0.00	2.18	64.79	8.06	0.00
Core	CPU	C1%	C3%	C6%	C8%	C9%
-	-	0.00	1.04	69.62	16.09	0.00
0	0	0.01	0.42	75.00	11.80	0.00
0	4	0.00	0.48	69.10	19.01	0.00
1	1	0.00	0.35	71.93	16.18	0.00
1	5	0.00	2.41	68.27	19.07	0.00
2	2	0.01	0.50	65.79	22.23	0.00
2	6	0.00	0.50	66.50	22.11	0.00
3	3	0.01	0.63	77.40	10.04	0.00
3	7	0.01	3.02	63.03	8.34	0.00
Core	CPU	C1%	C3%	C6%	C8%	C9%
-	-	0.00	0.68	71.37	16.77	0.00
0	0	0.01	0.48	73.51	15.46	0.00
0	4	0.00	0.58	73.85	16.68	0.00
1	1	0.01	0.45	73.00	16.81	0.00
1	5	0.00	0.43	68.07	22.77	0.00
2	2	0.01	0.59	68.42	21.51	0.00
2	6	0.00	0.45	69.77	20.92	0.00
3	3	0.00	0.52	78.43	11.53	0.00
3	7	0.01	1.95	65.27	8.30	0.00
Core	CPU	C1%	C3%	C6%	C8%	C9%
-	-	0.01	0.84	71.64	16.19	0.00
0	0	0.00	1.23	73.73	14.60	0.00
0	4	0.00	0.70	76.86	13.29	0.00
1	1	0.01	0.38	71.15	18.11	0.00
1	5	0.00	0.36	69.60	21.28	0.00
2	2	0.00	0.62	68.65	21.32	0.00
2	6	0.01	0.48	69.61	21.16	0.00
3	3	0.00	0.44	78.92	11.18	0.00
3	7	0.01	2.47	64.61	8.58	0.00
Core	CPU	C1%	C3%	C6%	C8%	C9%
-	-	0.01	0.69	71.35	16.40	0.00
0	0	0.02	0.35	73.62	14.76	0.00
0	4	0.00	0.60	72.56	18.01	0.00
1	1	0.00	0.41	73.06	16.93	0.00
1	5	0.00	0.30	70.60	20.20	0.00
2	2	0.01	0.53	70.86	18.97	0.00
2	6	0.00	0.70	69.41	21.05	0.00
3	3	0.01	0.61	79.37	10.57	0.00
3	7	0.02	2.03	61.42	10.74	0.00
Core	CPU	C1%	C3%	C6%	C8%	C9%
-	-	0.00	0.70	71.41	16.52	0.00
0	0	0.00	0.41	73.37	15.75	0.00
0	4	0.00	0.57	72.92	17.60	0.00
1	1	0.01	0.30	74.92	15.04	0.00
1	5	0.00	0.40	69.62	21.14	0.00
2	2	0.01	0.56	69.28	20.54	0.00
2	6	0.01	0.66	68.61	21.95	0.00
3	3	0.00	0.65	79.70	10.17	0.00
3	7	0.00	2.09	63.37	10.06	0.00
Core	CPU	C1%	C3%	C6%	C8%	C9%
-	-	0.01	1.07	69.12	16.53	0.00
0	0	0.01	0.36	74.54	12.27	0.00
0	4	0.00	0.39	70.00	18.23	0.00
1	1	0.01	0.36	69.97	17.48	0.00
1	5	0.01	2.12	66.45	21.05	0.00
2	2	0.01	0.49	66.34	21.59	0.00
2	6	0.00	0.51	66.05	22.55	0.00
3	3	0.00	0.59	77.14	10.34	0.00
3	7	0.01	3.72	62.51	8.71	0.00
Core	CPU	C1%	C3%	C6%	C8%	C9%
-	-	0.00	0.68	71.11	17.03	0.00
0	0	0.00	0.43	74.01	15.04	0.00
0	4	0.00	0.62	72.36	18.08	0.00
1	1	0.00	0.46	71.09	18.84	0.00
1	5	0.00	0.42	69.05	21.76	0.00
2	2	0.01	0.55	70.22	19.62	0.00
2	6	0.01	0.53	69.77	20.89	0.00
3	3	0.00	0.50	77.68	12.28	0.00
3	7	0.01	1.92	64.08	9.59	0.00
Core	CPU	C1%	C3%	C6%	C8%	C9%
-	-	0.00	0.85	71.19	16.68	0.00
0	0	0.01	0.39	72.61	16.63	0.00
0	4	0.00	1.30	72.95	16.67	0.00
1	1	0.01	0.38	73.93	15.78	0.00
1	5	0.00	0.41	70.04	20.74	0.00
2	2	0.01	0.60	68.21	21.74	0.00
2	6	0.00	0.50	68.89	21.87	0.00
3	3	0.00	0.60	79.14	10.84	0.00
3	7	0.01	2.61	63.74	9.14	0.00
Core	CPU	C1%	C3%	C6%	C8%	C9%
-	-	0.01	0.69	71.03	16.96	0.00
0	0	0.00	0.51	70.76	18.33	0.00
0	4	0.00	0.62	73.68	16.58	0.00
1	1	0.01	0.40	73.31	16.33	0.00
1	5	0.00	0.41	69.55	21.21	0.00
2	2	0.01	0.58	68.97	20.90	0.00
2	6	0.00	0.53	70.06	20.62	0.00
3	3	0.01	0.50	77.85	12.19	0.00
3	7	0.01	1.95	64.03	9.53	0.00
Core	CPU	C1%	C3%	C6%	C8%	C9%
-	-	0.01	0.68	71.26	16.77	0.00
0	0	0.01	0.40	72.76	16.49	0.00
0	4	0.00	0.57	73.63	16.79	0.00
1	1	0.01	0.40	70.51	19.44	0.00
1	5	0.00	0.31	71.15	19.64	0.00
2	2	0.00	0.54	69.50	20.42	0.00
2	6	0.01	0.54	68.38	22.31	0.00
3	3	0.00	0.61	79.73	10.17	0.00
3	7	0.01	2.11	64.44	8.93	0.00
Core	CPU	C1%	C3%	C6%	C8%	C9%
-	-	0.00	1.09	69.81	15.97	0.00
0	0	0.00	0.52	72.34	14.25	0.00
0	4	0.00	0.47	70.17	18.49	0.00
1	1	0.01	0.29	71.72	16.39	0.00
1	5	0.00	2.15	67.18	20.38	0.00
2	2	0.01	0.62	70.91	16.86	0.00
2	6	0.00	0.47	65.84	22.83	0.00
3	3	0.00	0.54	77.56	9.93	0.00
3	7	0.01	3.67	62.72	8.61	0.00
Core	CPU	C1%	C3%	C6%	C8%	C9%
-	-	0.01	0.69	71.42	16.40	0.00
0	0	0.00	0.47	74.17	14.69	0.00
0	4	0.00	0.52	71.50	18.28	0.00
1	1	0.01	0.41	73.22	16.73	0.00
1	5	0.00	0.54	70.02	20.70	0.00
2	2	0.01	0.56	69.67	20.22	0.00
2	6	0.01	0.47	69.37	21.28	0.00
3	3	0.00	0.53	78.74	11.30	0.00
3	7	0.01	2.00	65.34	8.18	0.00
Core	CPU	C1%	C3%	C6%	C8%	C9%
-	-	0.00	0.92	71.29	16.30	0.00
0	0	0.01	0.38	74.49	14.14	0.00
0	4	0.00	1.51	71.15	18.46	0.00
1	1	0.00	0.40	74.99	14.91	0.00
1	5	0.00	0.39	69.28	21.01	0.00
2	2	0.00	0.49	67.10	22.26	0.00
2	6	0.00	0.64	68.82	20.77	0.00
3	3	0.01	0.58	80.10	9.59	0.00
3	7	0.01	2.99	63.70	9.08	0.00
Core	CPU	C1%	C3%	C6%	C8%	C9%
-	-	0.01	0.70	72.66	15.21	0.00
0	0	0.01	0.49	78.18	10.64	0.00
0	4	0.01	0.45	71.58	18.99	0.00
1	1	0.01	0.39	74.02	15.90	0.00
1	5	0.01	0.37	74.06	16.62	0.00
2	2	0.00	0.57	68.50	21.29	0.00
2	6	0.00	0.50	71.02	19.57	0.00
3	3	0.00	0.61	78.56	11.33	0.00
3	7	0.01	2.21	65.58	7.38	0.00
Core	CPU	C1%	C3%	C6%	C8%	C9%
-	-	0.01	0.71	72.61	15.43	0.00
0	0	0.00	0.63	75.38	13.49	0.00
0	4	0.00	0.55	72.09	18.50	0.00
1	1	0.01	0.30	73.24	16.87	0.00
1	5	0.00	0.44	72.01	18.77	0.00
2	2	0.01	0.56	71.82	17.99	0.00
2	6	0.00	0.39	70.25	20.51	0.00
3	3	0.00	0.60	80.01	9.87	0.00
3	7	0.01	2.19	65.92	7.41	0.00
Core	CPU	C1%	C3%	C6%	C8%	C9%
-	-	0.05	1.22	69.29	16.50	0.00
0	0	0.15	0.48	73.63	13.11	0.00
0	4	0.01	0.64	71.51	16.98	0.00
1	1	0.01	0.40	72.49	15.95	0.00
1	5	0.02	2.30	67.65	19.52	0.00
2	2	0.01	0.55	68.96	18.45	0.00
2	6	0.00	0.49	67.37	22.19	0.00
3	3	0.00	0.47	73.03	15.06	0.00
3	7	0.21	4.46	59.73	10.70	0.00
Core	CPU	C1%	C3%	C6%	C8%	C9%
-	-	0.01	0.72	71.05	16.88	0.00
0	0	0.01	0.41	75.16	13.88	0.00
0	4	0.00	0.53	72.96	17.50	0.00
1	1	0.01	0.46	72.61	17.24	0.00
1	5	0.00	0.42	70.07	20.73	0.00
2	2	0.01	0.59	67.78	22.07	0.00
2	6	0.00	0.58	68.08	22.55	0.00
3	3	0.00	0.61	78.59	11.19	0.00
3	7	0.01	2.15	63.33	9.97	0.00
Core	CPU	C1%	C3%	C6%	C8%	C9%
-	-	0.01	0.82	71.18	16.61	0.00
0	0	0.00	1.25	76.05	12.08	0.00
0	4	0.00	0.62	75.52	14.76	0.00
1	1	0.01	0.36	70.10	19.70	0.00
1	5	0.00	0.36	68.94	21.93	0.00
2	2	0.01	0.62	69.80	20.07	0.00
2	6	0.00	0.48	69.36	21.41	0.00
3	3	0.00	0.50	77.53	12.35	0.00
3	7	0.01	2.39	62.54	10.65	0.00
Core	CPU	C1%	C3%	C6%	C8%	C9%
-	-	0.01	0.69	71.79	16.35	0.00
0	0	0.00	0.51	75.45	13.52	0.00
0	4	0.00	0.60	72.80	17.81	0.00
1	1	0.01	0.24	74.49	15.50	0.00
1	5	0.00	0.35	68.57	22.34	0.00
2	2	0.01	0.68	70.31	19.49	0.00
2	6	0.01	0.50	69.93	20.73	0.00
3	3	0.00	0.43	78.00	11.98	0.00
3	7	0.01	2.17	64.13	9.27	0.00
Core	CPU	C1%	C3%	C6%	C8%	C9%
-	-	0.01	0.67	71.24	16.74	0.00
0	0	0.00	0.48	73.59	15.32	0.00
0	4	0.00	0.58	71.55	18.75	0.00
1	1	0.01	0.43	72.06	17.86	0.00
1	5	0.01	0.39	68.85	22.03	0.00
2	2	0.01	0.57	67.79	22.10	0.00
2	6	0.01	0.52	69.92	20.73	0.00
3	3	0.00	0.49	81.82	7.91	0.00
3	7	0.01	1.93	64.34	9.21	0.00
Core	CPU	C1%	C3%	C6%	C8%	C9%
-	-	0.01	1.14	69.51	16.55	0.00
0	0	0.01	0.51	72.34	15.31	0.00
0	4	0.00	0.53	70.08	18.68	0.00
1	1	0.00	0.33	74.60	13.66	0.00
1	5	0.00	2.40	68.39	19.02	0.00
2	2	0.01	0.55	66.48	21.43	0.00
2	6	0.00	0.48	67.06	22.67	0.00
3	3	0.00	0.61	76.99	11.35	0.00
3	7	0.01	3.69	60.78	10.40	0.00
Core	CPU	C1%	C3%	C6%	C8%	C9%
-	-	0.00	0.67	70.11	17.43	0.00
0	0	0.01	0.34	75.50	13.77	0.00
0	4	0.00	0.71	71.53	19.23	0.00
1	1	0.01	0.40	74.12	15.90	0.00
1	5	0.00	0.28	67.87	23.29	0.00
2	2	0.00	0.53	66.97	22.76	0.00
2	6	0.01	0.52	67.34	23.65	0.00
3	3	0.00	0.49	76.90	12.31	0.00
3	7	0.01	2.05	60.30	8.44	0.00
Core	CPU	C1%	C3%	C6%	C8%	C9%
-	-	0.02	0.80	71.39	16.49	0.00
0	0	0.00	0.48	72.50	16.53	0.00
0	4	0.00	0.51	74.41	16.11	0.00
1	1	0.01	0.36	71.99	17.91	0.00
1	5	0.00	1.03	68.22	21.86	0.00
2	2	0.00	0.70	70.56	19.25	0.00
2	6	0.01	0.45	69.99	20.79	0.00
3	3	0.00	0.46	78.90	11.08	0.00
3	7	0.10	2.39	64.85	8.42	0.00
Core	CPU	C1%	C3%	C6%	C8%	C9%
-	-	0.01	0.69	71.15	16.94	0.00
0	0	0.00	0.44	74.68	14.39	0.00
0	4	0.00	0.53	75.04	15.44	0.00
1	1	0.01	0.39	70.39	19.24	0.00
1	5	0.00	0.37	69.56	21.33	0.00
2	2	0.01	0.62	68.43	21.37	0.00
2	6	0.00	0.51	68.86	21.81	0.00
3	3	0.01	0.66	78.10	11.74	0.00
3	7	0.01	1.97	63.51	10.02	0.00
Core	CPU	C1%	C3%	C6%	C8%	C9%
-	-	0.00	0.68	71.38	16.63	0.00
0	0	0.00	0.40	73.42	15.66	0.00
0	4	0.01	0.59	75.70	14.70	0.00
1	1	0.01	0.35	71.69	18.04	0.00
1	5	0.01	0.44	69.39	21.43	0.00
2	2	0.00	0.57	68.89	20.95	0.00
2	6	0.00	0.47	68.80	21.97	0.00
3	3	0.00	0.55	78.86	11.08	0.00
3	7	0.01	2.08	64.26	9.20	0.00
Core	CPU	C1%	C3%	C6%	C8%	C9%
-	-	0.01	1.09	69.12	16.45	0.00
0	0	0.01	0.40	72.37	14.81	0.00
0	4	0.00	0.64	71.34	16.89	0.00
1	1	0.01	0.46	71.11	15.91	0.00
1	5	0.01	2.26	66.59	20.72	0.00
2	2	0.00	0.52	67.41	20.45	0.00
2	6	0.01	0.53	67.62	21.06	0.00
3	3	0.00	0.49	75.18	12.33	0.00
3	7	0.01	3.40	61.83	9.56	0.00
Core	CPU	C1%	C3%	C6%	C8%	C9%
-	-	0.00	0.70	71.58	16.53	0.00
0	0	0.00	0.59	73.17	15.83	0.00
0	4	0.00	0.55	73.54	16.98	0.00
1	1	0.01	0.38	73.81	15.95	0.00
1	5	0.00	0.47	69.39	21.42	0.00
2	2	0.01	0.54	68.41	21.54	0.00
2	6	0.01	0.47	69.23	21.55	0.00
3	3	0.00	0.64	80.56	9.27	0.00
3	7	0.00	1.98	64.00	9.59	0.00
Core	CPU	C1%	C3%	C6%	C8%	C9%
-	-	0.00	0.83	71.18	16.62	0.00
0	0	0.00	0.40	75.04	14.10	0.00
0	4	0.00	0.55	74.68	15.86	0.00
1	1	0.01	0.39	72.28	17.59	0.00
1	5	0.00	0.36	68.28	22.22	0.00
2	2	0.00	0.61	68.80	21.11	0.00
2	6	0.00	1.38	69.50	20.27	0.00
3	3	0.00	0.54	77.37	12.53	0.00
3	7	0.01	2.38	63.75	9.38	0.00
Core	CPU	C1%	C3%	C6%	C8%	C9%
-	-	0.00	0.70	71.39	16.62	0.00
0	0	0.00	0.47	71.19	17.91	0.00
0	4	0.00	0.68	71.24	19.27	0.00
1	1	0.01	0.27	75.57	14.30	0.00
1	5	0.00	0.50	69.64	21.09	0.00
2	2	0.01	0.69	69.63	20.11	0.00
2	6	0.01	0.43	68.93	21.59	0.00
3	3	0.00	0.50	80.07	9.81	0.00
3	7	0.00	2.08	64.62	8.82	0.00
Core	CPU	C1%	C3%	C6%	C8%	C9%
-	-	0.07	1.37	69.82	17.24	0.00
0	0	0.00	0.53	71.96	16.94	0.00
0	4	0.02	3.17	67.64	19.87	0.00
1	1	0.01	0.27	70.72	19.24	0.00
1	5	0.00	3.24	65.69	21.98	0.00
2	2	0.01	0.63	70.20	19.59	0.00
2	6	0.01	0.45	69.97	20.64	0.00
3	3	0.00	0.54	78.40	11.42	0.00
3	7	0.49	2.12	64.50	8.36	0.00
Core	CPU	C1%	C3%	C6%	C8%	C9%
-	-	0.00	0.62	71.29	16.84	0.00
0	0	0.00	0.35	75.96	13.22	0.00
0	4	0.01	0.59	73.73	16.93	0.00
1	1	0.00	0.57	75.58	14.05	0.00
1	5	0.00	0.26	69.39	21.56	0.00
2	2	0.01	0.56	68.68	21.27	0.00
2	6	0.00	0.56	68.67	22.02	0.00
3	3	0.00	0.49	75.61	14.25	0.00
3	7	0.01	1.57	62.48	11.42	0.00
Core	CPU	C1%	C3%	C6%	C8%	C9%
-	-	0.00	0.84	70.51	17.45	0.00
0	0	0.00	1.16	71.82	16.54	0.00
0	4	0.00	0.54	71.63	18.85	0.00
1	1	0.00	0.36	70.62	19.31	0.00
1	5	0.00	0.54	70.34	20.32	0.00
2	2	0.01	0.55	67.17	22.77	0.00
2	6	0.01	0.48	68.54	22.22	0.00
3	3	0.00	0.57	79.39	10.48	0.00
3	7	0.01	2.53	64.16	9.01	0.00
Core	CPU	C1%	C3%	C6%	C8%	C9%
-	-	0.01	0.68	71.84	16.17	0.00
0	0	0.01	0.50	73.83	15.19	0.00
0	4	0.00	0.48	73.69	16.91	0.00
1	1	0.01	0.31	73.95	16.01	0.00
1	5	0.00	0.42	70.04	20.73	0.00
2	2	0.00	0.67	70.13	19.63	0.00
2	6	0.00	0.44	69.53	21.18	0.00
3	3	0.00	0.68	78.63	11.16	0.00
3	7	0.02	1.96	64.94	8.58	0.00
Core	CPU	C1%	C3%	C6%	C8%	C9%
-	-	0.00	0.65	72.09	15.88	0.00
0	0	0.00	0.49	77.43	11.51	0.00
0	4	0.00	0.59	72.59	18.00	0.00
1	1	0.01	0.24	73.96	16.12	0.00
1	5	0.00	0.31	69.37	21.57	0.00
2	2	0.00	0.51	68.85	21.04	0.00
2	6	0.01	0.51	69.08	21.59	0.00
3	3	0.00	0.57	81.05	8.82	0.00
3	7	0.01	1.99	64.69	8.50	0.00
Core	CPU	C1%	C3%	C6%	C8%	C9%
-	-	0.00	0.90	69.34	16.33	0.00
0	0	0.00	0.43	73.68	13.45	0.00
0	4	0.00	0.63	70.75	17.98	0.00
1	1	0.01	0.33	71.83	15.65	0.00
1	5	0.00	0.37	66.64	22.14	0.00
2	2	0.01	0.60	66.77	20.65	0.00
2	6	0.01	1.80	66.79	20.30	0.00
3	3	0.00	0.49	75.77	11.79	0.00
3	7	0.01	2.53	62.68	8.73	0.00
Core	CPU	C1%	C3%	C6%	C8%	C9%
-	-	0.00	0.69	71.45	16.60	0.00
0	0	0.00	0.49	75.61	13.35	0.00
0	4	0.00	0.68	72.34	18.13	0.00
1	1	0.00	0.46	74.69	15.06	0.00
1	5	0.01	0.44	69.37	21.49	0.00
2	2	0.01	0.58	69.60	20.30	0.00
2	6	0.00	0.49	69.29	21.44	0.00
3	3	0.00	0.54	76.08	13.79	0.00
3	7	0.01	1.84	64.46	9.22	0.00
Core	CPU	C1%	C3%	C6%	C8%	C9%
-	-	0.01	0.85	71.11	16.60	0.00
0	0	0.00	0.49	71.09	18.05	0.00
0	4	0.00	0.57	71.33	19.09	0.00
1	1	0.01	0.42	72.34	17.61	0.00
1	5	0.01	0.47	70.64	19.89	0.00
2	2	0.01	0.54	69.43	19.83	0.00
2	6	0.00	1.15	69.25	20.46	0.00
3	3	0.00	0.56	79.35	10.55	0.00
3	7	0.01	2.63	65.69	7.42	0.00
Core	CPU	C1%	C3%	C6%	C8%	C9%
-	-	0.00	0.66	71.44	16.67	0.00
0	0	0.00	0.46	76.53	12.54	0.00
0	4	0.00	0.55	73.21	17.35	0.00
1	1	0.01	0.32	73.58	16.46	0.00
1	5	0.00	0.41	68.67	22.21	0.00
2	2	0.01	0.72	71.65	17.89	0.00
2	6	0.01	0.47	68.44	22.31	0.00
3	3	0.00	0.47	76.16	13.87	0.00
3	7	0.01	1.88	62.97	10.67	0.00
Core	CPU	C1%	C3%	C6%	C8%	C9%
-	-	0.01	0.69	71.89	16.18	0.00
0	0	0.01	0.47	74.76	14.18	0.00
0	4	0.01	0.58	71.24	19.28	0.00
1	1	0.01	0.34	74.89	15.04	0.00
1	5	0.01	0.43	70.49	20.32	0.00
2	2	0.00	0.62	69.31	20.54	0.00
2	6	0.00	0.46	69.87	20.88	0.00
3	3	0.01	0.48	79.41	10.54	0.00
3	7	0.01	2.12	64.92	8.58	0.00
Core	CPU	C1%	C3%	C6%	C8%	C9%
-	-	0.01	1.05	69.34	16.25	0.00
0	0	0.01	0.46	73.00	13.98	0.00
0	4	0.01	0.46	68.36	19.63	0.00
1	1	0.01	0.47	73.83	13.97	0.00
1	5	0.00	0.39	68.58	20.34	0.00
2	2	0.01	0.52	67.22	20.58	0.00
2	6	0.00	1.88	67.22	20.13	0.03
3	3	0.00	0.66	75.77	11.58	0.00
3	7	0.01	3.55	61.35	9.94	0.00
Core	CPU	C1%	C3%	C6%	C8%	C9%
-	-	0.00	0.65	71.99	16.19	0.00
0	0	0.00	0.41	77.00	11.99	0.00
0	4	0.01	0.49	72.69	18.01	0.00
1	1	0.01	0.40	73.86	16.10	0.00
1	5	0.00	0.38	68.64	22.23	0.00
2	2	0.01	0.59	69.72	20.11	0.00
2	6	0.01	0.45	68.97	21.80	0.00
3	3	0.00	0.65	79.49	10.30	0.00
3	7	0.00	1.84	64.91	8.78	0.00
Core	CPU	C1%	C3%	C6%	C8%	C9%
-	-	0.14	0.89	70.68	16.96	0.00
0	0	0.01	0.47	75.47	13.55	0.00
0	4	0.01	0.43	70.86	19.99	0.00
1	1	0.01	1.18	72.39	16.65	0.00
1	5	0.00	0.36	70.81	20.13	0.00
2	2	0.01	0.58	67.78	22.13	0.00
2	6	0.00	0.41	68.35	22.47	0.00
3	3	0.01	0.50	77.40	12.55	0.00
3	7	1.06	3.16	63.05	8.36	0.00
Core	CPU	C1%	C3%	C6%	C8%	C9%
-	-	0.01	0.69	71.88	16.26	0.00
0	0	0.00	0.46	71.34	17.81	0.00
0	4	0.00	0.54	71.76	18.86	0.00
1	1	0.01	0.43	75.27	14.40	0.00
1	5	0.01	0.49	69.95	20.85	0.00
2	2	0.01	0.55	70.96	18.89	0.00
2	6	0.01	0.45	70.51	20.25	0.00
3	3	0.00	0.65	79.24	10.57	0.00
3	7	0.01	1.95	65.34	8.31	0.00
Core	CPU	C1%	C3%	C6%	C8%	C9%
-	-	0.01	0.64	68.73	18.44	0.00
0	0	0.00	0.31	72.60	16.62	0.00
0	4	0.00	0.54	71.77	18.62	0.00
1	1	0.00	0.56	68.40	21.02	0.00
1	5	0.00	0.27	67.50	23.49	0.00
2	2	0.01	0.51	68.51	20.56	0.00
2	6	0.01	0.56	65.70	24.91	0.00
3	3	0.00	0.50	76.43	12.85	0.00
3	7	0.02	1.84	59.49	9.60	0.00
Core	CPU	C1%	C3%	C6%	C8%	C9%
-	-	0.00	0.84	69.81	16.01	0.00
0	0	0.00	0.45	73.66	13.51	0.00
0	4	0.01	0.59	75.02	13.40	0.00
1	1	0.01	0.42	70.16	17.54	0.00
1	5	0.00	0.40	68.16	20.65	0.00
2	2	0.01	0.55	67.42	20.62	0.00
2	6	0.00	1.28	66.41	20.61	0.00
3	3	0.00	0.64	75.47	12.60	0.00
3	7	0.01	2.38	62.22	9.16	0.00
Core	CPU	C1%	C3%	C6%	C8%	C9%
-	-	0.01	0.68	71.78	16.39	0.00
0	0	0.01	0.39	74.71	14.25	0.00
0	4	0.00	0.52	72.36	18.44	0.00
1	1	0.01	0.40	72.25	17.81	0.00
1	5	0.01	0.35	69.81	21.10	0.00
2	2	0.01	0.50	70.18	19.66	0.00
2	6	0.00	0.56	70.25	20.40	0.00
3	3	0.00	0.69	79.24	10.56	0.00
3	7	0.01	2.00	64.81	8.74	0.00
Core	CPU	C1%	C3%	C6%	C8%	C9%
-	-	0.01	0.85	71.12	16.72	0.00
0	0	0.00	1.22	73.07	15.01	0.00
0	4	0.00	0.39	71.58	19.16	0.00
1	1	0.01	0.46	73.32	16.67	0.00
1	5	0.01	0.43	69.25	21.64	0.00
2	2	0.01	0.60	69.58	20.35	0.00
2	6	0.00	0.42	70.12	20.72	0.00
3	3	0.00	0.51	78.43	11.60	0.00
3	7	0.01	2.74	64.07	8.76	0.00
Core	CPU	C1%	C3%	C6%	C8%	C9%
-	-	0.00	0.68	71.23	16.92	0.00
0	0	0.00	0.48	75.34	13.65	0.00
0	4	0.00	0.44	72.96	17.68	0.00
1	1	0.01	0.34	72.72	17.42	0.00
1	5	0.00	0.31	69.49	21.47	0.00
2	2	0.01	0.62	68.39	21.44	0.00
2	6	0.00	0.49	69.26	21.48	0.00
3	3	0.00	0.55	77.66	12.29	0.00
3	7	0.01	2.19	63.59	9.85	0.00
Core	CPU	C1%	C3%	C6%	C8%	C9%
-	-	0.00	0.68	71.17	16.82	0.00
0	0	0.01	0.45	77.34	11.52	0.00
0	4	0.00	0.62	73.26	17.26	0.00
1	1	0.00	0.41	72.22	17.78	0.00
1	5	0.00	0.35	69.12	21.73	0.00
2	2	0.01	0.51	68.77	21.12	0.00
2	6	0.00	0.50	68.71	22.01	0.00
3	3	0.00	0.61	76.61	13.37	0.00
3	7	0.00	1.96	63.67	9.84	0.00
Core	CPU	C1%	C3%	C6%	C8%	C9%
-	-	0.00	1.08	69.33	16.63	0.00
0	0	0.01	0.40	73.96	13.06	0.00
0	4	0.00	0.43	70.16	18.84	0.00
1	1	0.01	0.33	69.85	18.46	0.00
1	5	0.00	0.37	67.84	21.58	0.00
2	2	0.01	0.52	66.78	21.20	0.00
2	6	0.00	2.52	66.67	20.41	0.00
3	3	0.00	0.51	76.71	10.51	0.00
3	7	0.00	3.51	62.52	8.92	0.00
Core	CPU	C1%	C3%	C6%	C8%	C9%
-	-	0.00	0.67	71.43	16.60	0.00
0	0	0.00	0.38	77.92	11.08	0.00
0	4	0.00	0.65	75.87	14.53	0.00
1	1	0.01	0.40	71.98	17.84	0.00
1	5	0.00	0.34	68.41	22.48	0.00
2	2	0.00	0.58	68.38	21.50	0.00
2	6	0.01	0.52	68.18	22.54	0.00
3	3	0.00	0.53	77.24	12.76	0.00
3	7	0.00	1.95	63.43	10.11	0.00
Core	CPU	C1%	C3%	C6%	C8%	C9%
-	-	0.00	0.81	71.28	16.57	0.00
0	0	0.00	0.52	74.10	15.01	0.00
0	4	0.00	1.24	72.28	17.41	0.00
1	1	0.01	0.38	72.52	16.87	0.00
1	5	0.00	0.36	70.76	20.11	0.00
2	2	0.01	0.63	69.31	20.51	0.00
2	6	0.00	0.39	69.29	21.57	0.00
3	3	0.00	0.46	78.30	11.80	0.00
3	7	0.00	2.46	63.85	9.28	0.00
Core	CPU	C1%	C3%	C6%	C8%	C9%
-	-	0.01	0.68	71.36	16.68	0.00
0	0	0.00	0.45	76.44	12.62	0.00
0	4	0.00	0.69	74.44	15.80	0.00
1	1	0.00	0.38	72.74	17.25	0.00
1	5	0.00	0.41	72.27	18.49	0.00
2	2	0.02	0.59	67.37	22.48	0.00
2	6	0.00	0.49	68.50	22.14	0.00
3	3	0.00	0.54	76.11	13.91	0.00
3	7	0.01	1.91	62.85	10.69	0.00
Core	CPU	C1%	C3%	C6%	C8%	C9%
-	-	0.00	0.68	71.80	16.19	0.00
0	0	0.00	0.43	73.68	15.40	0.00
0	4	0.00	0.60	74.19	16.10	0.00
1	1	0.01	0.44	71.73	17.79	0.00
1	5	0.00	0.50	71.25	19.48	0.00
2	2	0.01	0.56	69.73	20.08	0.00
2	6	0.01	0.48	69.65	21.10	0.00
3	3	0.00	0.54	79.40	10.55	0.00
3	7	0.01	1.87	64.65	8.97	0.00
Core	CPU	C1%	C3%	C6%	C8%	C9%
-	-	0.01	0.82	69.29	16.41	0.00
0	0	0.00	0.49	73.50	12.79	0.00
0	4	0.00	0.61	72.25	16.22	0.00
1	1	0.01	0.24	69.24	18.81	0.00
1	5	0.00	0.37	67.08	21.30	0.00
2	2	0.01	0.63	67.53	20.46	0.00
2	6	0.01	1.17	66.36	20.99	0.03
3	3	0.00	0.44	76.21	11.85	0.00
3	7	0.01	2.59	62.40	8.89	0.00
Core	CPU	C1%	C3%	C6%	C8%	C9%
-	-	0.01	0.69	71.88	16.18	0.00
0	0	0.01	0.54	74.74	14.23	0.00
0	4	0.00	0.47	72.54	18.05	0.00
1	1	0.01	0.37	73.01	16.87	0.00
1	5	0.00	0.38	70.17	20.71	0.00
2	2	0.00	0.60	68.52	21.30	0.00
2	6	0.01	0.50	69.69	21.06	0.00
3	3	0.00	0.59	80.93	8.86	0.00
3	7	0.01	2.07	65.16	8.29	0.00
Core	CPU	C1%	C3%	C6%	C8%	C9%
-	-	0.00	0.84	71.68	16.08	0.00
0	0	0.00	0.57	75.57	13.26	0.00
0	4	0.00	1.33	71.43	18.26	0.00
1	1	0.00	0.40	73.55	16.32	0.00
1	5	0.01	0.48	71.87	18.74	0.00
2	2	0.01	0.62	69.18	20.64	0.00
2	6	0.00	0.47	69.13	21.58	0.00
3	3	0.00	0.60	77.98	11.88	0.00
3	7	0.01	2.28	64.74	7.98	0.00
Core	CPU	C1%	C3%	C6%	C8%	C9%
-	-	0.00	0.65	71.72	16.33	0.00
0	0	0.00	0.43	79.43	9.44	0.00
0	4	0.00	0.52	73.58	17.00	0.00
1	1	0.00	0.31	72.88	17.21	0.00
1	5	0.00	0.36	70.41	20.44	0.00
2	2	0.01	0.57	68.46	21.39	0.00
2	6	0.00	0.50	68.97	21.77	0.00
3	3	0.00	0.62	76.97	12.82	0.00
3	7	0.01	1.86	63.04	10.55	0.00
Core	CPU	C1%	C3%	C6%	C8%	C9%
-	-	0.04	0.72	71.45	16.11	0.00
0	0	0.01	0.51	74.43	14.24	0.00
0	4	0.21	0.53	70.93	19.33	0.00
1	1	0.01	0.43	75.01	14.79	0.00
1	5	0.00	0.51	71.11	18.89	0.00
2	2	0.00	0.47	68.34	21.08	0.00
2	6	0.00	0.47	69.00	21.36	0.00
3	3	0.01	0.67	78.38	11.38	0.00
3	7	0.06	2.16	64.95	7.97	0.00
Core	CPU	C1%	C3%	C6%	C8%	C9%
-	-	0.01	1.04	68.68	17.16	0.01
0	0	0.00	0.62	72.03	14.76	0.00
0	4	0.00	0.45	69.87	18.84	0.00
1	1	0.01	0.31	68.29	20.01	0.00
1	5	0.00	0.41	67.32	21.80	0.00
2	2	0.01	0.60	65.76	21.44	0.00
2	6	0.00	1.85	65.92	21.42	0.10
3	3	0.00	0.46	76.76	11.21	0.00
3	7	0.01	3.58	63.57	7.81	0.00
