Core	CPU	C1%	C3%	C6%	C8%	C9%
-	-	0.10	0.03	13.46	1.38	0.13
0	0	0.00	0.09	97.45	0.00	0.00
0	4	0.00	0.00	1.42	3.64	1.00
1	1	0.00	0.00	2.58	2.93	0.00
1	5	0.74	0.00	0.30	0.00	0.00
2	2	0.00	0.00	0.44	0.00	0.00
2	6	0.02	0.00	2.76	1.52	0.00
3	3	0.01	0.02	0.46	0.30	0.00
3	7	0.03	0.13	2.23	2.66	0.00
Core	CPU	C1%	C3%	C6%	C8%	C9%
-	-	0.00	0.01	12.81	0.63	0.00
0	0	0.00	0.00	97.81	0.00	0.00
0	4	0.00	0.00	0.13	0.40	0.00
1	1	0.00	0.00	0.49	0.99	0.00
1	5	0.00	0.00	1.08	0.79	0.00
2	2	0.00	0.00	0.76	0.89	0.00
2	6	0.00	0.00	0.25	0.89	0.00
3	3	0.00	0.07	1.09	0.30	0.00
3	7	0.00	0.02	0.90	0.79	0.00
Core	CPU	C1%	C3%	C6%	C8%	C9%
-	-	0.03	0.04	12.66	0.96	0.09
0	0	0.00	0.26	96.83	0.00	0.00
0	4	0.00	0.02	0.45	1.78	0.00
1	1	0.00	0.00	1.34	0.99	0.00
1	5	0.00	0.00	0.81	1.58	0.00
2	2	0.27	0.00	0.20	0.53	0.69
2	6	0.00	0.00	0.27	0.89	0.00
3	3	0.00	0.00	1.01	0.59	0.00
3	7	0.00	0.00	0.40	1.29	0.00
Core	CPU	C1%	C3%	C6%	C8%	C9%
-	-	0.09	0.02	12.73	0.90	0.00
0	0	0.00	0.17	97.61	0.00	0.00
0	4	0.00	0.00	0.04	0.60	0.00
1	1	0.00	0.00	0.54	1.19	0.00
1	5	0.00	0.00	0.49	0.99	0.00
2	2	0.00	0.00	0.55	0.59	0.00
2	6	0.00	0.00	1.74	1.39	0.00
3	3	0.00	0.02	0.62	1.48	0.00
3	7	0.71	0.00	0.29	0.99	0.00
Core	CPU	C1%	C3%	C6%	C8%	C9%
-	-	0.00	0.02	12.63	0.89	0.00
0	0	0.00	0.10	97.66	0.00	0.00
0	4	0.01	0.03	0.81	0.79	0.00
1	1	0.00	0.00	0.52	0.00	0.00
1	5	0.00	0.01	0.79	0.92	0.00
2	2	0.00	0.00	0.10	1.09	0.00
2	6	0.00	0.00	0.46	1.68	0.00
3	3	0.00	0.02	0.55	1.28	0.00
3	7	0.00	0.00	0.14	1.38	0.00
Core	CPU	C1%	C3%	C6%	C8%	C9%
-	-	0.00	0.06	12.61	0.56	0.00
0	0	0.00	0.13	97.63	0.00	0.00
0	4	0.00	0.02	0.21	0.99	0.00
1	1	0.00	0.00	0.36	0.79	0.00
1	5	0.00	0.00	0.25	0.89	0.00
2	2	0.00	0.00	0.82	0.30	0.00
2	6	0.00	0.22	0.60	0.48	0.00
3	3	0.00	0.07	0.56	0.31	0.00
3	7	0.00	0.00	0.45	0.69	0.00
Core	CPU	C1%	C3%	C6%	C8%	C9%
-	-	0.00	0.02	12.99	0.87	0.00
0	0	0.00	0.08	97.75	0.00	0.00
0	4	0.00	0.00	0.51	1.18	0.00
1	1	0.00	0.00	0.20	1.39	0.00
1	5	0.00	0.00	0.72	0.99	0.00
2	2	0.00	0.00	0.86	0.69	0.00
2	6	0.00	0.00	0.94	1.48	0.00
3	3	0.00	0.05	1.30	0.29	0.00
3	7	0.00	0.01	1.66	0.99	0.00
Core	CPU	C1%	C3%	C6%	C8%	C9%
-	-	0.12	0.05	12.68	4.70	0.10
0	0	0.00	0.14	96.66	0.00	0.00
0	4	0.20	0.01	0.48	0.89	0.00
1	1	0.02	0.23	0.72	30.16	0.00
1	5	0.00	0.00	0.43	0.10	0.00
2	2	0.00	0.00	0.14	0.89	0.00
2	6	0.00	0.00	1.55	2.18	0.00
3	3	0.00	0.03	0.91	1.87	0.00
3	7	0.71	0.00	0.56	1.48	0.79
Core	CPU	C1%	C3%	C6%	C8%	C9%
-	-	0.01	0.03	12.78	1.03	0.00
0	0	0.00	0.21	97.44	0.00	0.00
0	4	0.10	0.00	0.18	0.79	0.01
1	1	0.00	0.00	1.27	0.69	0.00
1	5	0.00	0.00	0.37	1.29	0.00
2	2	0.00	0.00	0.94	1.39	0.00
2	6	0.00	0.03	0.43	1.25	0.00
3	3	0.00	0.04	0.61	1.59	0.00
3	7	0.00	0.00	0.99	1.28	0.00
Core	CPU	C1%	C3%	C6%	C8%	C9%
-	-	0.01	0.00	12.63	0.99	0.00
0	0	0.00	0.00	97.63	0.00	0.00
0	4	0.10	0.00	0.46	1.49	0.01
1	1	0.00	0.00	0.22	0.69	0.00
1	5	0.00	0.00	0.69	0.90	0.00
2	2	0.00	0.00	0.39	1.08	0.00
2	6	0.00	0.00	0.28	0.89	0.00
3	3	0.00	0.00	1.18	1.08	0.00
3	7	0.00	0.00	0.23	1.78	0.00
Core	CPU	C1%	C3%	C6%	C8%	C9%
-	-	0.04	0.01	12.82	0.91	0.00
0	0	0.00	0.01	97.67	0.00	0.00
0	4	0.10	0.02	1.42	1.15	0.00
1	1	0.00	0.00	0.26	0.87	0.00
1	5	0.00	0.00	0.90	0.86	0.00
2	2	0.00	0.00	0.23	1.06	0.00
2	6	0.00	0.02	0.18	1.25	0.00
3	3	0.00	0.03	0.84	1.35	0.00
3	7	0.18	0.02	1.04	0.77	0.00
Core	CPU	C1%	C3%	C6%	C8%	C9%
-	-	0.00	0.06	12.60	0.56	0.00
0	0	0.00	0.41	97.08	0.00	0.00
0	4	0.00	0.01	0.26	0.49	0.00
1	1	0.00	0.00	0.25	0.69	0.00
1	5	0.00	0.00	0.43	0.29	0.00
2	2	0.00	0.01	0.30	0.40	0.00
2	6	0.00	0.00	0.10	0.69	0.00
3	3	0.00	0.01	1.97	1.12	0.00
3	7	0.00	0.00	0.45	0.79	0.00
Core	CPU	C1%	C3%	C6%	C8%	C9%
-	-	0.04	0.01	12.62	1.05	0.00
0	0	0.10	0.03	96.48	0.00	0.00
0	4	0.21	0.00	0.62	0.00	0.01
1	1	0.00	0.00	0.69	1.38	0.00
1	5	0.00	0.00	0.33	1.19	0.00
2	2	0.00	0.00	0.91	2.37	0.01
2	6	0.00	0.00	0.91	1.48	0.00
3	3	0.00	0.02	0.67	1.02	0.00
3	7	0.00	0.00	0.33	0.98	0.00
Core	CPU	C1%	C3%	C6%	C8%	C9%
-	-	0.04	0.03	12.55	1.16	0.00
0	0	0.12	0.19	96.84	0.00	0.00
0	4	0.00	0.02	0.44	0.10	0.00
1	1	0.00	0.02	0.30	1.09	0.00
1	5	0.17	0.00	0.19	2.29	0.00
2	2	0.00	0.00	0.29	1.38	0.00
2	6	0.00	0.00	0.86	1.43	0.00
3	3	0.00	0.01	1.27	1.60	0.00
3	7	0.00	0.00	0.18	1.38	0.00
Core	CPU	C1%	C3%	C6%	C8%	C9%
-	-	0.00	0.08	12.87	1.01	0.00
0	0	0.00	0.58	97.01	0.00	0.00
0	4	0.00	0.00	0.27	1.19	0.00
1	1	0.00	0.00	0.56	0.70	0.00
1	5	0.00	0.00	0.86	1.09	0.00
2	2	0.00	0.00	0.73	1.19	0.00
2	6	0.00	0.02	1.15	1.88	0.00
3	3	0.00	0.03	1.44	0.73	0.00
3	7	0.00	0.00	0.94	1.28	0.00
Core	CPU	C1%	C3%	C6%	C8%	C9%
-	-	0.04	0.19	12.73	1.26	0.00
0	0	0.20	0.25	96.75	0.00	0.00
0	4	0.00	0.01	0.75	1.68	0.00
1	1	0.00	0.00	0.10	1.19	0.00
1	5	0.14	0.00	0.88	1.49	0.00
2	2	0.00	0.00	0.68	1.27	0.00
2	6	0.00	0.78	0.26	0.50	0.00
3	3	0.02	0.47	1.86	2.58	0.00
3	7	0.00	0.03	0.54	1.39	0.02
Core	CPU	C1%	C3%	C6%	C8%	C9%
-	-	0.00	0.01	12.71	0.84	0.00
0	0	0.00	0.05	97.75	0.00	0.00
0	4	0.03	0.00	0.66	0.79	0.00
1	1	0.00	0.00	0.24	0.89	0.00
1	5	0.00	0.00	0.23	0.69	0.00
2	2	0.00	0.00	0.29	0.90	0.00
2	6	0.00	0.00	0.78	1.38	0.00
3	3	0.00	0.02	1.01	1.14	0.00
3	7	0.00	0.00	0.75	0.89	0.00
Core	CPU	C1%	C3%	C6%	C8%	C9%
-	-	0.02	0.01	12.40	1.04	0.00
0	0	0.17	0.02	96.54	0.00	0.00
0	4	0.00	0.01	0.42	0.39	0.00
1	1	0.00	0.00	0.19	1.19	0.00
1	5	0.00	0.00	0.33	1.19	0.00
2	2	0.00	0.00	0.42	2.23	0.00
2	6	0.00	0.00	0.24	1.28	0.00
3	3	0.00	0.07	0.64	1.21	0.00
3	7	0.00	0.00	0.41	0.80	0.00
Core	CPU	C1%	C3%	C6%	C8%	C9%
-	-	0.01	0.03	12.86	0.75	0.00
0	0	0.00	0.15	97.54	0.00	0.00
0	4	0.00	0.00	0.77	0.09	0.00
1	1	0.07	0.00	1.14	0.00	0.00
1	5	0.00	0.01	1.35	0.30	0.00
2	2	0.00	0.00	0.49	0.89	0.00
2	6	0.00	0.00	0.37	0.98	0.00
3	3	0.00	0.05	0.63	1.45	0.00
3	7	0.00	0.00	0.57	2.27	0.00
Core	CPU	C1%	C3%	C6%	C8%	C9%
-	-	0.05	0.06	12.87	0.74	0.00
0	0	0.22	0.33	96.35	0.00	0.00
0	4	0.00	0.05	1.00	1.47	0.00
1	1	0.00	0.03	1.43	0.42	0.00
1	5	0.18	0.00	0.77	1.60	0.00
2	2	0.00	0.00	1.47	0.98	0.00
2	6	0.00	0.02	0.67	0.00	0.00
3	3	0.00	0.01	0.91	0.50	0.00
3	7	0.00	0.00	0.39	0.98	0.00
Core	CPU	C1%	C3%	C6%	C8%	C9%
-	-	0.00	0.15	12.54	0.60	0.03
0	0	0.00	0.15	97.59	0.00	0.00
0	4	0.00	0.00	0.28	0.69	0.27
1	1	0.00	0.04	0.80	0.47	0.00
1	5	0.00	0.00	0.19	0.99	0.00
2	2	0.00	0.00	0.47	0.99	0.00
2	6	0.00	0.00	0.64	0.59	0.00
3	3	0.01	0.99	0.23	0.00	0.00
3	7	0.00	0.00	0.10	1.10	0.00
Core	CPU	C1%	C3%	C6%	C8%	C9%
-	-	0.00	0.04	12.66	0.63	0.00
0	0	0.00	0.25	97.51	0.00	0.00
0	4	0.00	0.00	0.69	0.39	0.00
1	1	0.00	0.04	0.91	0.40	0.00
1	5	0.00	0.02	0.20	0.69	0.00
2	2	0.00	0.00	0.49	0.99	0.00
2	6	0.00	0.00	0.19	1.09	0.00
3	3	0.00	0.00	0.96	0.39	0.00
3	7	0.00	0.00	0.35	1.09	0.00
Core	CPU	C1%	C3%	C6%	C8%	C9%
-	-	0.02	0.06	12.66	1.12	0.10
0	0	0.16	0.41	96.09	0.00	0.00
0	4	0.00	0.00	0.20	0.59	0.00
1	1	0.00	0.04	1.12	1.37	0.00
1	5	0.00	0.00	1.52	2.56	0.80
2	2	0.00	0.00	0.25	0.99	0.00
2	6	0.00	0.00	0.32	1.09	0.00
3	3	0.00	0.01	0.50	0.89	0.00
3	7	0.00	0.00	1.26	1.48	0.00
Core	CPU	C1%	C3%	C6%	C8%	C9%
-	-	0.00	0.03	12.56	0.72	0.00
0	0	0.00	0.19	97.48	0.00	0.00
0	4	0.00	0.00	0.18	0.99	0.00
1	1	0.00	0.05	0.50	0.50	0.00
1	5	0.00	0.00	0.42	0.40	0.00
2	2	0.00	0.00	0.78	1.28	0.00
2	6	0.00	0.00	0.28	0.89	0.00
3	3	0.00	0.00	0.36	1.08	0.00
3	7	0.00	0.00	0.49	0.64	0.00
Core	CPU	C1%	C3%	C6%	C8%	C9%
-	-	0.03	0.05	12.44	1.26	0.00
0	0	0.12	0.35	96.61	0.00	0.00
0	4	0.00	0.00	0.19	1.19	0.00
1	1	0.00	0.00	0.51	2.18	0.00
1	5	0.13	0.00	0.64	1.19	0.00
2	2	0.00	0.00	0.33	1.38	0.00
2	6	0.00	0.02	0.19	0.99	0.00
3	3	0.00	0.02	0.31	1.39	0.00
3	7	0.00	0.00	0.75	1.78	0.00
Core	CPU	C1%	C3%	C6%	C8%	C9%
-	-	0.00	0.02	12.54	0.76	0.43
0	0	0.00	0.19	97.54	0.00	0.00
0	4	0.00	0.00	0.13	0.50	0.00
1	1	0.00	0.01	0.52	1.29	0.00
1	5	0.00	0.00	0.39	1.09	0.00
2	2	0.00	0.00	0.38	1.04	0.00
2	6	0.00	0.00	0.62	0.30	0.00
3	3	0.00	0.00	0.63	0.80	3.42
3	7	0.00	0.00	0.13	1.09	0.00
Core	CPU	C1%	C3%	C6%	C8%	C9%
-	-	0.00	0.02	12.57	1.14	0.00
0	0	0.00	0.16	97.55	0.00	0.00
0	4	0.00	0.00	0.28	0.89	0.00
1	1	0.00	0.02	0.48	1.08	0.00
1	5	0.00	0.00	0.81	1.97	0.00
2	2	0.00	0.00	0.31	1.21	0.00
2	6	0.00	0.01	0.39	1.59	0.00
3	3	0.00	0.00	0.34	1.48	0.00
3	7	0.00	0.00	0.37	0.89	0.00
Core	CPU	C1%	C3%	C6%	C8%	C9%
-	-	0.09	0.03	12.51	0.82	0.10
0	0	0.00	0.22	96.59	0.00	0.00
0	4	0.00	0.00	0.00	0.50	0.00
1	1	0.00	0.00	1.10	0.99	0.00
1	5	0.72	0.00	0.87	0.87	0.80
2	2	0.00	0.00	0.25	1.28	0.00
2	6	0.00	0.00	0.83	0.79	0.00
3	3	0.00	0.02	0.30	0.90	0.00
3	7	0.00	0.00	0.10	1.19	0.00
Core	CPU	C1%	C3%	C6%	C8%	C9%
-	-	0.00	0.02	12.79	0.90	0.00
0	0	0.00	0.15	97.56	0.00	0.00
0	4	0.00	0.00	0.75	1.09	0.00
1	1	0.00	0.01	1.15	0.00	0.00
1	5	0.00	0.02	0.89	0.81	0.00
2	2	0.00	0.00	0.10	0.89	0.00
2	6	0.00	0.00	0.38	1.38	0.00
3	3	0.00	0.00	0.86	1.28	0.00
3	7	0.00	0.00	0.63	1.78	0.00
Core	CPU	C1%	C3%	C6%	C8%	C9%
-	-	0.00	0.10	12.54	4.60	0.13
0	0	0.00	0.59	96.99	0.00	0.00
0	4	0.00	0.00	0.24	1.19	1.01
1	1	0.02	0.18	1.41	29.53	0.00
1	5	0.00	0.00	0.35	0.79	0.00
2	2	0.00	0.00	0.24	1.19	0.00
2	6	0.00	0.02	0.10	1.09	0.00
3	3	0.00	0.00	0.40	1.69	0.00
3	7	0.00	0.00	0.59	1.28	0.00
Core	CPU	C1%	C3%	C6%	C8%	C9%
-	-	0.00	0.03	12.57	0.96	0.00
0	0	0.00	0.23	97.48	0.00	0.00
0	4	0.00	0.00	0.13	0.58	0.00
1	1	0.00	0.00	0.91	1.00	0.00
1	5	0.00	0.00	0.65	1.39	0.00
2	2	0.00	0.00	0.58	1.18	0.00
2	6	0.00	0.00	0.46	0.89	0.00
3	3	0.00	0.00	0.15	1.29	0.00
3	7	0.00	0.03	0.19	1.38	0.00
Core	CPU	C1%	C3%	C6%	C8%	C9%
-	-	0.04	0.06	12.62	0.88	0.00
0	0	0.18	0.40	96.31	0.00	0.00
0	4	0.00	0.00	0.50	0.69	0.00
1	1	0.01	0.01	0.81	0.99	0.00
1	5	0.17	0.01	0.34	0.89	0.00
2	2	0.00	0.02	1.64	1.42	0.00
2	6	0.00	0.00	0.18	0.70	0.00
3	3	0.00	0.00	0.47	1.05	0.00
3	7	0.00	0.00	0.69	1.28	0.00
Core	CPU	C1%	C3%	C6%	C8%	C9%
-	-	0.01	0.04	12.75	0.89	0.00
0	0	0.12	0.26	96.42	0.00	0.00
0	4	0.00	0.01	0.69	0.00	0.00
1	1	0.00	0.02	1.32	2.08	0.00
1	5	0.00	0.00	0.87	0.79	0.00
2	2	0.00	0.00	0.75	0.79	0.00
2	6	0.00	0.00	0.33	1.29	0.00
3	3	0.00	0.00	0.79	0.99	0.00
3	7	0.00	0.00	0.79	1.19	0.00
Core	CPU	C1%	C3%	C6%	C8%	C9%
-	-	0.00	0.02	12.74	0.88	0.00
0	0	0.00	0.16	97.40	0.00	0.00
0	4	0.00	0.00	0.75	0.69	0.00
1	1	0.00	0.01	0.89	1.17	0.00
1	5	0.00	0.02	0.79	0.61	0.00
2	2	0.00	0.00	0.69	1.09	0.00
2	6	0.00	0.00	0.19	0.99	0.00
3	3	0.00	0.00	0.37	1.08	0.00
3	7	0.00	0.00	0.84	1.38	0.00
Core	CPU	C1%	C3%	C6%	C8%	C9%
-	-	0.02	0.02	12.72	0.96	0.00
0	0	0.00	0.15	97.50	0.00	0.00
0	4	0.19	0.00	0.38	1.37	0.00
1	1	0.00	0.04	1.29	0.69	0.00
1	5	0.00	0.00	0.91	0.89	0.00
2	2	0.00	0.00	0.64	1.09	0.00
2	6	0.00	0.00	0.32	1.19	0.00
3	3	0.00	0.00	0.20	1.34	0.00
3	7	0.00	0.00	0.50	1.09	0.00
Core	CPU	C1%	C3%	C6%	C8%	C9%
-	-	0.00	0.02	12.82	1.26	0.98
0	0	0.00	0.08	97.68	0.00	0.00
0	4	0.00	0.00	0.43	2.67	1.00
1	1	0.00	0.05	0.49	0.59	0.00
1	5	0.00	0.00	0.60	0.73	0.00
2	2	0.00	0.00	0.28	1.38	0.00
2	6	0.00	0.00	1.11	1.38	3.43
3	3	0.00	0.00	1.17	1.78	3.45
3	7	0.00	0.00	0.83	1.58	0.00
Core	CPU	C1%	C3%	C6%	C8%	C9%
-	-	0.02	0.00	12.80	0.74	0.00
0	0	0.00	0.00	97.73	0.00	0.00
0	4	0.18	0.00	0.67	0.99	0.00
1	1	0.00	0.00	1.07	0.99	0.00
1	5	0.00	0.00	0.24	0.89	0.00
2	2	0.00	0.00	0.72	0.90	0.00
2	6	0.00	0.00	0.89	0.40	0.00
3	3	0.00	0.00	0.57	1.18	0.00
3	7	0.00	0.00	0.47	0.59	0.00
Core	CPU	C1%	C3%	C6%	C8%	C9%
-	-	0.05	0.02	12.47	0.89	0.00
0	0	0.00	0.09	96.89	0.00	0.00
0	4	0.00	0.01	0.64	0.00	0.00
1	1	0.00	0.02	0.60	0.99	0.00
1	5	0.41	0.00	0.19	0.90	0.00
2	2	0.00	0.00	0.26	0.99	0.00
2	6	0.00	0.00	0.15	1.19	0.00
3	3	0.00	0.04	0.94	1.78	0.00
3	7	0.00	0.00	0.10	1.29	0.00
Core	CPU	C1%	C3%	C6%	C8%	C9%
-	-	0.00	0.01	12.63	0.79	0.00
0	0	0.00	0.01	97.86	0.00	0.00
0	4	0.00	0.00	0.46	0.49	0.00
1	1	0.00	0.02	0.36	1.27	0.00
1	5	0.00	0.00	0.68	0.90	0.00
2	2	0.00	0.00	0.49	0.79	0.00
2	6	0.00	0.00	0.29	0.99	0.00
3	3	0.00	0.04	0.67	0.89	0.00
3	7	0.00	0.00	0.25	0.99	0.00
Core	CPU	C1%	C3%	C6%	C8%	C9%
-	-	0.00	0.01	12.77	1.04	0.00
0	0	0.00	0.00	97.80	0.00	0.00
0	4	0.00	0.00	0.10	0.40	0.00
1	1	0.00	0.02	1.18	0.89	0.00
1	5	0.00	0.00	0.36	0.79	0.00
2	2	0.00	0.00	0.25	1.09	0.00
2	6	0.00	0.00	0.13	1.09	0.00
3	3	0.00	0.06	1.91	2.31	0.00
3	7	0.00	0.01	0.47	1.74	0.00
Core	CPU	C1%	C3%	C6%	C8%	C9%
-	-	0.00	0.01	12.92	1.09	0.87
0	0	0.00	0.02	97.87	0.00	0.00
0	4	0.00	0.00	0.84	1.39	0.00
1	1	0.00	0.02	0.64	0.28	0.00
1	5	0.00	0.00	0.60	1.21	0.00
2	2	0.00	0.00	0.29	1.48	0.00
2	6	0.00	0.00	1.16	1.28	3.43
3	3	0.00	0.01	0.96	1.88	0.00
3	7	0.00	0.00	0.96	1.18	3.50
Core	CPU	C1%	C3%	C6%	C8%	C9%
-	-	0.02	0.03	12.76	0.99	0.12
0	0	0.12	0.17	96.85	0.00	0.00
0	4	0.00	0.00	0.21	1.78	0.98
1	1	0.00	0.01	1.03	1.29	0.00
1	5	0.02	0.00	0.31	1.56	0.00
2	2	0.00	0.00	1.37	0.49	0.00
2	6	0.00	0.01	0.80	0.39	0.00
3	3	0.00	0.00	1.01	1.29	0.00
3	7	0.00	0.00	0.47	1.14	0.00
Core	CPU	C1%	C3%	C6%	C8%	C9%
-	-	0.01	0.00	12.83	0.65	0.00
0	0	0.00	0.01	97.82	0.00	0.00
0	4	0.00	0.00	0.13	0.40	0.00
1	1	0.00	0.02	1.10	0.49	0.00
1	5	0.11	0.00	1.45	0.00	0.00
2	2	0.00	0.00	0.57	0.99	0.00
2	6	0.00	0.00	0.54	0.89	0.00
3	3	0.00	0.00	0.75	1.49	0.00
3	7	0.00	0.00	0.29	0.91	0.00
Core	CPU	C1%	C3%	C6%	C8%	C9%
-	-	0.00	0.00	12.60	0.80	0.00
0	0	0.00	0.00	97.84	0.00	0.00
0	4	0.00	0.00	0.58	0.69	0.00
1	1	0.00	0.04	0.68	0.88	0.00
1	5	0.00	0.00	0.23	0.69	0.00
2	2	0.00	0.00	0.10	0.99	0.00
2	6	0.00	0.00	0.10	1.19	0.00
3	3	0.00	0.00	0.80	1.18	0.00
3	7	0.00	0.00	0.46	0.76	0.00
Core	CPU	C1%	C3%	C6%	C8%	C9%
-	-	0.00	0.02	12.67	0.87	0.00
0	0	0.00	0.14	97.66	0.00	0.00
0	4	0.00	0.00	0.57	0.49	0.00
1	1	0.00	0.03	1.06	0.79	0.00
1	5	0.00	0.00	0.77	1.29	0.00
2	2	0.00	0.00	0.25	0.99	0.00
2	6	0.00	0.00	0.23	0.99	0.00
3	3	0.00	0.02	0.60	1.48	0.00
3	7	0.00	0.00	0.20	0.93	0.00
Core	CPU	C1%	C3%	C6%	C8%	C9%
-	-	0.00	0.01	12.61	0.70	0.00
0	0	0.00	0.00	97.76	0.00	0.00
0	4	0.00	0.00	0.18	0.60	0.00
1	1	0.00	0.04	0.61	0.50	0.00
1	5	0.00	0.00	0.69	0.80	0.00
2	2	0.00	0.00	0.19	0.99	0.00
2	6	0.00	0.00	0.28	0.99	0.00
3	3	0.00	0.00	0.88	0.79	0.00
3	7	0.00	0.00	0.30	0.98	0.00
Core	CPU	C1%	C3%	C6%	C8%	C9%
-	-	0.00	0.01	12.56	0.91	0.12
0	0	0.00	0.06	97.58	0.00	0.00
0	4	0.00	0.00	0.19	1.09	0.96
1	1	0.00	0.01	0.39	1.38	0.00
1	5	0.00	0.00	0.82	0.50	0.00
2	2	0.00	0.00	0.23	0.99	0.00
2	6	0.00	0.02	0.29	1.19	0.00
3	3	0.00	0.02	0.59	1.29	0.00
3	7	0.00	0.00	0.38	0.84	0.00
Core	CPU	C1%	C3%	C6%	C8%	C9%
-	-	0.03	0.01	12.49	0.74	0.00
0	0	0.00	0.02	96.89	0.00	0.00
0	4	0.00	0.00	0.00	0.49	0.00
1	1	0.00	0.02	1.00	0.00	0.00
1	5	0.23	0.00	0.46	1.28	0.00
2	2	0.00	0.00	0.27	0.99	0.00
2	6	0.00	0.00	0.35	0.99	0.00
3	3	0.00	0.04	0.73	1.26	0.00
3	7	0.00	0.02	0.19	0.91	0.00
Core	CPU	C1%	C3%	C6%	C8%	C9%
-	-	0.00	0.01	12.69	0.95	0.00
0	0	0.00	0.04	97.77	0.00	0.00
0	4	0.00	0.00	0.27	1.09	0.00
1	1	0.00	0.00	1.16	1.29	0.00
1	5	0.00	0.00	0.23	1.29	0.00
2	2	0.00	0.02	0.32	1.19	0.00
2	6	0.00	0.00	0.19	1.49	0.00
3	3	0.00	0.01	1.30	0.30	0.00
3	7	0.00	0.00	0.26	0.96	0.00
Core	CPU	C1%	C3%	C6%	C8%	C9%
-	-	0.01	0.01	12.59	0.94	0.00
0	0	0.00	0.02	97.79	0.00	0.00
0	4	0.07	0.00	0.14	1.58	0.00
1	1	0.00	0.00	0.48	1.29	0.00
1	5	0.00	0.00	0.27	0.99	0.00
2	2	0.00	0.00	0.55	1.19	0.00
2	6	0.00	0.00	0.14	1.19	0.00
3	3	0.00	0.03	1.15	0.39	0.00
3	7	0.00	0.00	0.19	0.92	0.00
Core	CPU	C1%	C3%	C6%	C8%	C9%
-	-	0.00	0.03	12.75	0.86	0.00
0	0	0.00	0.15	97.64	0.00	0.00
0	4	0.00	0.00	0.79	0.10	0.00
1	1	0.00	0.04	0.52	0.99	0.00
1	5	0.00	0.02	0.86	0.50	0.00
2	2	0.00	0.00	0.10	0.99	0.00
2	6	0.00	0.00	0.87	1.68	0.00
3	3	0.00	0.00	0.91	1.09	0.00
3	7	0.00	0.00	0.34	1.57	0.00
Core	CPU	C1%	C3%	C6%	C8%	C9%
-	-	0.01	0.01	12.59	0.99	0.13
0	0	0.10	0.06	97.66	0.00	0.00
0	4	0.00	0.00	0.57	0.69	1.00
1	1	0.00	0.00	0.39	1.39	0.00
1	5	0.00	0.00	0.36	1.09	0.00
2	2	0.00	0.00	0.73	1.19	0.00
2	6	0.00	0.00	0.22	1.29	0.00
3	3	0.00	0.00	0.48	1.49	0.00
3	7	0.00	0.00	0.29	0.83	0.00
Core	CPU	C1%	C3%	C6%	C8%	C9%
-	-	0.07	0.04	12.62	4.48	0.26
0	0	0.00	0.05	97.83	0.00	0.00
0	4	0.00	0.00	0.17	1.27	0.00
1	1	0.01	0.24	1.17	28.81	0.00
1	5	0.54	0.00	0.00	0.59	0.67
2	2	0.00	0.00	0.19	1.18	0.00
2	6	0.00	0.00	0.46	0.79	0.00
3	3	0.00	0.00	0.95	1.82	1.42
3	7	0.00	0.00	0.23	1.39	0.00
Core	CPU	C1%	C3%	C6%	C8%	C9%
-	-	0.00	0.01	12.63	1.09	0.00
0	0	0.00	0.04	97.73	0.00	0.00
0	4	0.00	0.00	0.27	1.08	0.00
1	1	0.00	0.03	1.06	0.69	0.00
1	5	0.00	0.00	0.43	2.58	0.00
2	2	0.00	0.02	0.40	1.29	0.00
2	6	0.00	0.00	0.10	1.19	0.00
3	3	0.00	0.02	0.53	0.99	0.00
3	7	0.00	0.00	0.48	0.87	0.00
Core	CPU	C1%	C3%	C6%	C8%	C9%
-	-	0.01	0.02	12.62	0.79	0.00
0	0	0.00	0.17	97.69	0.00	0.00
0	4	0.10	0.01	0.54	0.10	0.00
1	1	0.00	0.01	0.41	1.19	0.00
1	5	0.00	0.00	0.95	0.29	0.00
2	2	0.00	0.00	0.16	1.19	0.00
2	6	0.00	0.00	0.24	1.57	0.00
3	3	0.00	0.00	0.65	1.19	0.00
3	7	0.00	0.00	0.32	0.82	0.00
Core	CPU	C1%	C3%	C6%	C8%	C9%
-	-	0.02	0.07	12.64	0.83	0.12
0	0	0.16	0.45	96.72	0.00	0.00
0	4	0.00	0.00	0.75	0.19	0.96
1	1	0.00	0.03	0.54	0.60	0.00
1	5	0.01	0.02	0.62	1.20	0.00
2	2	0.00	0.02	0.76	0.97	0.00
2	6	0.00	0.00	0.19	1.18	0.00
3	3	0.00	0.00	0.97	1.08	0.00
3	7	0.00	0.02	0.56	1.41	0.00
Core	CPU	C1%	C3%	C6%	C8%	C9%
-	-	0.10	0.00	12.81	0.97	0.00
0	0	0.00	0.00	97.85	0.00	0.00
0	4	0.78	0.01	1.19	1.40	0.00
1	1	0.00	0.00	0.58	0.79	0.00
1	5	0.00	0.00	0.36	1.49	0.00
2	2	0.00	0.00	0.84	0.50	0.00
2	6	0.00	0.00	0.32	1.19	0.00
3	3	0.00	0.01	0.61	1.30	0.00
3	7	0.00	0.00	0.75	1.13	0.00
Core	CPU	C1%	C3%	C6%	C8%	C9%
-	-	0.01	0.01	12.59	0.67	0.00
0	0	0.12	0.00	96.77	0.00	0.00
0	4	0.00	0.00	0.87	0.49	0.00
1	1	0.00	0.04	0.70	0.30	0.00
1	5	0.00	0.02	0.17	0.42	0.00
2	2	0.00	0.00	0.68	1.18	0.00
2	6	0.00	0.00	0.37	0.79	0.00
3	3	0.00	0.00	0.89	1.19	0.00
3	7	0.00	0.00	0.23	0.98	0.00
Core	CPU	C1%	C3%	C6%	C8%	C9%
-	-	0.00	0.03	12.72	0.82	0.00
0	0	0.00	0.08	97.80	0.00	0.00
0	4	0.00	0.00	0.19	0.99	0.00
1	1	0.00	0.02	0.38	1.38	0.00
1	5	0.00	0.05	1.19	0.79	0.00
2	2	0.00	0.11	0.81	0.59	0.00
2	6	0.00	0.02	0.69	0.49	0.00
3	3	0.00	0.00	0.47	1.48	0.00
3	7	0.00	0.00	0.27	0.85	0.00
Core	CPU	C1%	C3%	C6%	C8%	C9%
-	-	0.00	0.01	12.73	0.59	0.00
0	0	0.00	0.00	97.81	0.00	0.00
0	4	0.00	0.02	0.14	0.40	0.00
1	1	0.00	0.01	0.91	0.30	0.00
1	5	0.00	0.00	0.19	0.99	0.00
2	2	0.00	0.00	0.37	0.98	0.00
2	6	0.00	0.00	0.35	0.89	0.00
3	3	0.00	0.00	1.23	0.39	0.00
3	7	0.00	0.02	0.81	0.79	0.00
Core	CPU	C1%	C3%	C6%	C8%	C9%
-	-	0.00	0.01	12.62	1.05	0.00
0	0	0.00	0.03	97.77	0.00	0.00
0	4	0.00	0.00	0.27	1.09	0.00
1	1	0.00	0.04	0.62	1.47	0.00
1	5	0.00	0.00	0.23	1.09	0.00
2	2	0.00	0.01	0.63	0.60	0.00
2	6	0.00	0.00	0.27	0.99	0.00
3	3	0.00	0.02	0.75	2.27	0.00
3	7	0.00	0.00	0.41	0.86	0.00
Core	CPU	C1%	C3%	C6%	C8%	C9%
-	-	0.00	0.02	12.63	0.88	0.00
0	0	0.00	0.07	97.73	0.00	0.00
0	4	0.00	0.00	0.20	0.70	0.00
1	1	0.00	0.00	1.29	0.70	0.00
1	5	0.00	0.00	0.50	1.00	0.00
2	2	0.00	0.05	0.49	1.19	0.00
2	6	0.00	0.00	0.14	1.19	0.00
3	3	0.00	0.02	0.47	1.19	0.00
3	7	0.00	0.00	0.19	1.11	0.00
Core	CPU	C1%	C3%	C6%	C8%	C9%
-	-	0.09	0.03	12.63	0.77	0.00
0	0	0.00	0.14	96.76	0.00	0.00
0	4	0.00	0.00	0.79	0.29	0.00
1	1	0.00	0.02	0.65	1.09	0.00
1	5	0.71	0.02	0.79	0.39	0.00
2	2	0.00	0.00	0.79	0.90	0.00
2	6	0.00	0.00	0.28	0.89	0.00
3	3	0.00	0.03	0.82	1.27	0.00
3	7	0.00	0.00	0.15	1.36	0.00
Core	CPU	C1%	C3%	C6%	C8%	C9%
-	-	0.00	0.03	12.49	0.96	0.12
0	0	0.00	0.13	97.62	0.00	0.00
0	4	0.00	0.01	0.29	0.99	0.96
1	1	0.00	0.04	0.47	1.29	0.00
1	5	0.00	0.00	0.36	0.89	0.00
2	2	0.00	0.00	0.14	0.99	0.00
2	6	0.00	0.00	0.13	1.29	0.00
3	3	0.00	0.02	0.65	1.38	0.00
3	7	0.00	0.00	0.29	0.83	0.00
Core	CPU	C1%	C3%	C6%	C8%	C9%
-	-	0.00	0.01	12.70	0.99	0.00
0	0	0.00	0.00	97.65	0.00	0.00
0	4	0.02	0.00	0.83	2.07	0.00
1	1	0.00	0.04	1.01	0.10	0.00
1	5	0.00	0.00	0.00	0.60	0.00
2	2	0.00	0.00	0.58	1.08	0.00
2	6	0.00	0.00	0.45	1.18	0.00
3	3	0.00	0.03	0.85	1.87	0.00
3	7	0.00	0.00	0.23	0.99	0.00
Core	CPU	C1%	C3%	C6%	C8%	C9%
-	-	0.00	0.02	12.66	0.89	0.12
0	0	0.00	0.10	97.70	0.00	0.00
0	4	0.00	0.00	0.57	0.59	0.96
1	1	0.00	0.02	0.76	0.79	0.00
1	5	0.00	0.00	0.44	1.30	0.00
2	2	0.00	0.02	0.49	0.99	0.00
2	6	0.00	0.00	0.20	1.29	0.00
3	3	0.00	0.00	0.75	0.89	0.00
3	7	0.00	0.03	0.36	1.25	0.00
Core	CPU	C1%	C3%	C6%	C8%	C9%
-	-	0.00	0.02	12.71	0.54	0.00
0	0	0.00	0.15	97.68	0.00	0.00
0	4	0.02	0.02	0.80	0.49	0.00
1	1	0.00	0.01	0.40	1.19	0.00
1	5	0.00	0.00	0.58	0.49	0.00
2	2	0.00	0.00	0.85	0.69	0.00
2	6	0.00	0.00	0.24	0.60	0.00
3	3	0.00	0.00	0.66	0.80	0.00
3	7	0.00	0.00	0.49	0.03	0.00
Core	CPU	C1%	C3%	C6%	C8%	C9%
-	-	0.07	0.03	12.69	1.06	0.10
0	0	0.00	0.18	97.66	0.00	0.00
0	4	0.04	0.00	0.75	0.10	0.00
1	1	0.00	0.02	1.04	0.49	0.00
1	5	0.00	0.02	0.35	0.90	0.81
2	2	0.00	0.00	0.20	1.09	0.00
2	6	0.00	0.00	0.39	1.68	0.00
3	3	0.50	0.00	0.78	2.37	0.00
3	7	0.00	0.00	0.35	1.85	0.00
Core	CPU	C1%	C3%	C6%	C8%	C9%
-	-	0.00	0.02	12.55	0.92	0.25
0	0	0.00	0.13	97.67	0.00	0.00
0	4	0.00	0.00	0.20	0.70	1.96
1	1	0.00	0.03	0.65	1.47	0.00
1	5	0.00	0.00	0.27	1.09	0.00
2	2	0.00	0.00	0.44	0.99	0.00
2	6	0.00	0.00	0.22	1.09	0.00
3	3	0.00	0.01	0.68	1.19	0.00
3	7	0.00	0.00	0.29	0.83	0.00
Core	CPU	C1%	C3%	C6%	C8%	C9%
-	-	0.02	0.00	12.76	1.04	0.00
0	0	0.00	0.01	97.63	0.00	0.00
0	4	0.18	0.01	0.26	1.39	0.00
1	1	0.00	0.02	0.91	0.40	0.00
1	5	0.00	0.00	0.99	0.70	0.00
2	2	0.00	0.00	0.48	1.38	0.00
2	6	0.00	0.00	0.77	1.28	0.00
3	3	0.00	0.00	0.68	1.48	0.00
3	7	0.00	0.00	0.40	1.67	0.00
Core	CPU	C1%	C3%	C6%	C8%	C9%
-	-	0.00	0.01	12.84	0.72	0.00
0	0	0.00	0.03	97.76	0.00	0.00
0	4	0.00	0.00	0.92	0.79	0.00
1	1	0.00	0.03	0.66	0.89	0.00
1	5	0.00	0.00	0.35	0.89	0.00
2	2	0.00	0.00	0.92	0.79	0.00
2	6	0.00	0.02	1.18	0.39	0.00
3	3	0.00	0.01	0.56	1.19	0.00
3	7	0.01	0.00	0.37	0.85	0.00
Core	CPU	C1%	C3%	C6%	C8%	C9%
-	-	0.00	0.02	12.76	0.65	0.00
0	0	0.00	0.09	97.72	0.00	0.00
0	4	0.00	0.02	0.36	0.50	0.00
1	1	0.00	0.00	1.01	0.10	0.00
1	5	0.00	0.00	0.19	0.99	0.00
2	2	0.00	0.00	0.37	0.99	0.00
2	6	0.00	0.00	0.38	1.19	0.00
3	3	0.00	0.03	1.26	0.30	0.00
3	7	0.00	0.02	0.79	1.11	0.00
Core	CPU	C1%	C3%	C6%	C8%	C9%
-	-	0.01	0.01	12.50	0.56	0.00
0	0	0.11	0.00	96.76	0.00	0.00
0	4	0.00	0.00	0.26	0.50	0.00
1	1	0.00	0.02	0.66	0.50	0.00
1	5	0.00	0.01	0.20	0.50	0.00
2	2	0.00	0.01	0.30	0.60	0.00
2	6	0.00	0.00	0.19	0.89	0.00
3	3	0.00	0.02	1.40	0.55	0.00
3	7	0.00	0.00	0.26	0.96	0.00
Core	CPU	C1%	C3%	C6%	C8%	C9%
-	-	0.01	0.04	12.69	1.18	0.12
0	0	0.00	0.22	97.56	0.00	0.00
0	4	0.08	0.00	0.20	0.50	0.96
1	1	0.00	0.03	0.59	1.28	0.00
1	5	0.00	0.00	1.08	0.89	0.00
2	2	0.00	0.00	0.23	1.58	0.00
2	6	0.00	0.00	0.83	0.79	0.00
3	3	0.00	0.08	0.79	2.70	0.00
3	7	0.00	0.00	0.27	1.71	0.00
Core	CPU	C1%	C3%	C6%	C8%	C9%
-	-	0.05	0.08	12.84	4.59	0.00
0	0	0.09	0.23	96.41	0.00	0.00
0	4	0.00	0.00	0.59	0.98	0.00
1	1	0.01	0.32	1.69	28.19	0.00
1	5	0.29	0.02	0.30	0.59	0.00
2	2	0.00	0.00	0.43	0.67	0.00
2	6	0.00	0.00	0.28	1.17	0.00
3	3	0.00	0.03	1.73	2.33	0.00
3	7	0.00	0.02	1.34	2.80	0.00
Core	CPU	C1%	C3%	C6%	C8%	C9%
-	-	0.00	0.01	12.66	0.88	0.01
0	0	0.00	0.07	97.71	0.00	0.00
0	4	0.00	0.00	0.39	0.89	0.00
1	1	0.00	0.02	1.29	0.68	0.00
1	5	0.00	0.00	0.36	1.09	0.00
2	2	0.00	0.00	0.44	0.99	0.00
2	6	0.00	0.00	0.13	1.19	0.00
3	3	0.00	0.02	0.57	1.39	0.00
3	7	0.00	0.00	0.39	0.84	0.07
Core	CPU	C1%	C3%	C6%	C8%	C9%
-	-	0.00	0.01	12.70	0.84	0.00
0	0	0.00	0.04	97.74	0.00	0.00
0	4	0.00	0.00	0.21	1.67	0.00
1	1	0.00	0.00	0.91	0.39	0.00
1	5	0.00	0.00	0.10	0.99	0.00
2	2	0.00	0.00	0.58	1.18	0.00
2	6	0.00	0.00	0.36	0.99	0.00
3	3	0.00	0.03	0.56	0.98	0.00
3	7	0.00	0.03	1.15	0.51	0.00
Core	CPU	C1%	C3%	C6%	C8%	C9%
-	-	0.01	0.01	12.55	0.97	0.00
0	0	0.05	0.03	96.63	0.00	0.00
0	4	0.00	0.00	0.31	1.19	0.00
1	1	0.00	0.04	0.69	1.19	0.00
1	5	0.00	0.00	1.20	1.19	0.00
2	2	0.00	0.02	0.30	0.80	0.00
2	6	0.00	0.00	0.21	0.70	0.00
3	3	0.00	0.02	0.81	0.98	0.00
3	7	0.00	0.00	0.30	1.73	0.00
Core	CPU	C1%	C3%	C6%	C8%	C9%
-	-	0.00	0.03	12.64	0.77	0.25
0	0	0.00	0.18	97.62	0.00	0.00
0	4	0.02	0.02	0.50	0.00	1.96
1	1	0.00	0.01	0.37	1.48	0.00
1	5	0.00	0.00	0.97	0.99	0.00
2	2	0.00	0.00	0.16	1.09	0.00
2	6	0.00	0.00	0.55	0.59	0.00
3	3	0.00	0.05	0.75	1.09	0.00
3	7	0.00	0.00	0.19	0.92	0.00
Core	CPU	C1%	C3%	C6%	C8%	C9%
-	-	0.01	0.02	12.71	0.63	0.00
0	0	0.00	0.11	97.67	0.00	0.00
0	4	0.00	0.00	0.55	0.09	0.00
1	1	0.07	0.00	1.55	0.10	0.00
1	5	0.00	0.02	0.69	0.89	0.00
2	2	0.00	0.00	0.10	0.89	0.00
2	6	0.00	0.00	0.19	1.18	0.00
3	3	0.00	0.02	0.67	0.88	0.00
3	7	0.00	0.00	0.25	0.96	0.00
Core	CPU	C1%	C3%	C6%	C8%	C9%
-	-	0.00	0.02	12.62	0.75	0.12
0	0	0.00	0.10	97.68	0.00	0.00
0	4	0.00	0.00	0.50	0.00	0.96
1	1	0.00	0.02	1.09	0.79	0.00
1	5	0.00	0.00	0.27	1.09	0.00
2	2	0.00	0.00	0.35	0.89	0.00
2	6	0.00	0.00	0.23	1.29	0.00
3	3	0.00	0.03	0.61	0.99	0.00
3	7	0.01	0.00	0.25	0.93	0.00
Core	CPU	C1%	C3%	C6%	C8%	C9%
-	-	0.00	0.03	12.66	0.96	0.00
0	0	0.00	0.17	97.63	0.00	0.00
0	4	0.00	0.00	0.26	1.39	0.00
1	1	0.00	0.02	0.41	0.60	0.00
1	5	0.00	0.01	0.51	0.70	0.00
2	2	0.00	0.00	0.29	1.18	0.00
2	6	0.00	0.00	0.77	1.18	0.00
3	3	0.00	0.04	1.07	0.69	0.00
3	7	0.00	0.00	0.30	1.97	0.00
Core	CPU	C1%	C3%	C6%	C8%	C9%
-	-	0.01	0.02	12.66	1.12	0.11
0	0	0.11	0.02	96.70	0.00	0.00
0	4	0.00	0.00	0.19	1.18	0.00
1	1	0.00	0.02	0.57	1.19	0.00
1	5	0.00	0.00	0.63	1.29	0.00
2	2	0.00	0.00	0.73	1.39	0.00
2	6	0.00	0.02	0.29	1.19	0.00
3	3	0.00	0.06	1.87	1.51	0.89
3	7	0.00	0.00	0.28	1.24	0.00
Core	CPU	C1%	C3%	C6%	C8%	C9%
-	-	0.00	0.02	12.56	1.01	0.00
0	0	0.00	0.04	97.75	0.00	0.00
0	4	0.00	0.00	0.33	1.19	0.00
1	1	0.00	0.07	0.35	1.18	0.00
1	5	0.00	0.00	0.19	0.99	0.00
2	2	0.00	0.00	0.56	1.08	0.00
2	6	0.00	0.00	0.36	1.08	0.00
3	3	0.00	0.02	0.72	1.68	0.00
3	7	0.00	0.02	0.20	0.90	0.00
Core	CPU	C1%	C3%	C6%	C8%	C9%
-	-	0.00	0.01	12.70	0.80	0.00
0	0	0.00	0.00	97.79	0.00	0.00
0	4	0.00	0.00	0.57	0.69	0.00
1	1	0.00	0.00	1.45	0.79	0.00
1	5	0.00	0.00	0.23	1.19	0.00
2	2	0.00	0.02	0.30	0.69	0.00
2	6	0.00	0.00	0.09	0.79	0.00
3	3	0.00	0.04	0.89	1.28	0.00
3	7	0.00	0.00	0.26	0.96	0.00
Core	CPU	C1%	C3%	C6%	C8%	C9%
-	-	0.00	0.01	12.89	1.21	0.55
0	0	0.00	0.03	97.79	0.00	0.00
0	4	0.00	0.00	0.14	0.50	0.00
1	1	0.00	0.00	0.68	1.19	0.00
1	5	0.00	0.00	0.84	0.99	0.00
2	2	0.00	0.00	1.06	1.09	0.00
2	6	0.00	0.00	0.92	2.56	0.00
3	3	0.00	0.04	1.21	0.89	0.98
3	7	0.00	0.01	0.52	2.48	3.40
Core	CPU	C1%	C3%	C6%	C8%	C9%
-	-	0.00	0.04	12.98	0.73	0.00
0	0	0.00	0.11	97.74	0.00	0.00
0	4	0.00	0.00	0.55	0.00	0.00
1	1	0.00	0.00	0.63	0.79	0.00
1	5	0.00	0.02	0.30	0.79	0.00
2	2	0.00	0.04	0.68	1.38	0.00
2	6	0.00	0.00	1.06	1.48	0.00
3	3	0.00	0.03	1.39	0.39	0.00
3	7	0.00	0.09	1.49	0.98	0.00
Core	CPU	C1%	C3%	C6%	C8%	C9%
-	-	0.05	0.01	12.63	0.97	0.00
0	0	0.00	0.00	97.82	0.00	0.00
0	4	0.00	0.00	0.39	1.29	0.00
1	1	0.00	0.00	0.10	1.19	0.00
1	5	0.00	0.00	0.35	1.09	0.00
2	2	0.00	0.00	1.15	0.99	0.00
2	6	0.00	0.00	0.22	0.99	0.00
3	3	0.00	0.05	0.71	1.39	0.00
3	7	0.41	0.00	0.29	0.83	0.00
Core	CPU	C1%	C3%	C6%	C8%	C9%
-	-	0.00	0.01	12.60	0.80	0.00
0	0	0.00	0.00	97.84	0.00	0.00
0	4	0.00	0.00	0.18	0.40	0.00
1	1	0.00	0.02	0.60	0.12	0.00
1	5	0.00	0.00	0.10	0.83	0.00
2	2	0.00	0.02	0.70	1.18	0.00
2	6	0.00	0.00	0.36	1.57	0.00
3	3	0.00	0.03	0.84	1.18	0.00
3	7	0.00	0.00	0.23	1.08	0.00
Core	CPU	C1%	C3%	C6%	C8%	C9%
-	-	0.00	0.01	12.70	0.78	0.00
0	0	0.00	0.01	97.82	0.00	0.00
0	4	0.00	0.00	0.36	1.09	0.00
1	1	0.00	0.00	0.25	0.99	0.00
1	5	0.00	0.00	0.64	0.89	0.00
2	2	0.00	0.04	0.50	0.99	0.00
2	6	0.00	0.00	0.10	1.29	0.00
3	3	0.00	0.02	1.52	0.30	0.00
3	7	0.00	0.00	0.37	0.69	0.00
Core	CPU	C1%	C3%	C6%	C8%	C9%
-	-	0.01	0.02	12.56	0.88	0.00
0	0	0.00	0.07	97.78	0.00	0.00
0	4	0.07	0.02	0.54	0.10	0.01
1	1	0.00	0.00	0.10	1.09	0.00
1	5	0.00	0.00	0.48	0.69	0.00
2	2	0.00	0.00	0.38	1.49	0.00
2	6	0.00	0.00	0.34	1.29	0.00
3	3	0.00	0.04	0.70	1.29	0.00
3	7	0.04	0.00	0.19	1.09	0.00
Core	CPU	C1%	C3%	C6%	C8%	C9%
-	-	0.00	0.03	12.63	0.68	0.00
0	0	0.00	0.11	97.72	0.00	0.00
0	4	0.00	0.00	0.55	0.00	0.00
1	1	0.00	0.00	0.19	0.50	0.00
1	5	0.00	0.02	0.10	0.81	0.00
2	2	0.00	0.04	0.49	0.99	0.00
2	6	0.00	0.00	0.28	1.08	0.00
3	3	0.00	0.04	1.36	1.08	0.00
3	7	0.00	0.00	0.35	0.99	0.00
Core	CPU	C1%	C3%	C6%	C8%	C9%
-	-	0.06	0.00	12.59	0.82	0.10
0	0	0.00	0.00	97.84	0.00	0.00
0	4	0.00	0.00	0.50	0.00	0.00
1	1	0.00	0.00	0.28	0.89	0.00
1	5	0.00	0.00	0.26	0.89	0.00
2	2	0.00	0.00	0.36	1.28	0.00
2	6	0.00	0.00	0.22	1.38	0.00
3	3	0.50	0.01	0.79	1.10	0.00
3	7	0.00	0.00	0.45	1.03	0.80
Core	CPU	C1%	C3%	C6%	C8%	C9%
-	-	0.00	0.00	12.58	0.92	0.00
0	0	0.00	0.00	97.83	0.00	0.00
0	4	0.00	0.00	0.07	0.69	0.00
1	1	0.00	0.01	0.20	0.69	0.00
1	5	0.00	0.00	0.51	0.99	0.00
2	2	0.00	0.03	0.74	1.18	0.00
2	6	0.00	0.00	0.46	1.18	0.00
3	3	0.00	0.00	0.60	1.18	0.00
3	7	0.00	0.00	0.23	1.48	0.00
Core	CPU	C1%	C3%	C6%	C8%	C9%
-	-	0.00	0.04	12.78	4.53	0.00
0	0	0.00	0.00	97.87	0.00	0.00
0	4	0.00	0.00	0.17	0.70	0.00
1	1	0.01	0.24	0.93	29.56	0.00
1	5	0.00	0.00	0.34	0.89	0.00
2	2	0.00	0.05	1.22	1.18	0.00
2	6	0.00	0.00	0.60	0.89	0.00
3	3	0.00	0.06	0.83	2.17	0.00
3	7	0.00	0.00	0.27	0.85	0.00
Core	CPU	C1%	C3%	C6%	C8%	C9%
-	-	0.00	0.01	12.73	0.80	0.00
0	0	0.00	0.07	97.77	0.00	0.00
0	4	0.00	0.01	0.60	0.00	0.00
1	1	0.00	0.00	0.89	0.79	0.00
1	5	0.00	0.00	0.18	1.09	0.00
2	2	0.00	0.01	1.08	0.79	0.00
2	6	0.00	0.00	0.31	1.37	0.00
3	3	0.00	0.00	0.72	1.39	0.00
3	7	0.02	0.00	0.26	1.01	0.00
Core	CPU	C1%	C3%	C6%	C8%	C9%
-	-	0.00	0.00	12.64	0.69	0.00
0	0	0.00	0.00	97.70	0.00	0.00
0	4	0.00	0.00	0.37	0.49	0.00
1	1	0.00	0.00	0.64	0.59	0.00
1	5	0.00	0.00	0.13	0.79	0.00
2	2	0.00	0.03	0.51	0.99	0.00
2	6	0.00	0.00	0.88	0.49	0.00
3	3	0.00	0.00	0.63	1.17	0.00
3	7	0.00	0.00	0.26	0.96	0.00
Core	CPU	C1%	C3%	C6%	C8%	C9%
-	-	0.03	0.01	12.73	0.84	0.00
0	0	0.00	0.03	97.80	0.00	0.00
0	4	0.00	0.00	0.00	0.39	0.00
1	1	0.21	0.00	0.39	1.09	0.00
1	5	0.00	0.00	0.83	0.99	0.00
2	2	0.00	0.03	1.25	0.59	0.00
2	6	0.00	0.00	0.73	1.09	0.00
3	3	0.00	0.06	0.68	0.89	0.00
3	7	0.00	0.00	0.20	1.72	0.00
Core	CPU	C1%	C3%	C6%	C8%	C9%
-	-	0.00	0.02	12.79	0.47	0.00
0	0	0.00	0.02	97.83	0.00	0.00
0	4	0.00	0.00	0.55	0.39	0.00
1	1	0.00	0.00	0.62	0.00	0.00
1	5	0.00	0.01	0.50	0.00	0.00
2	2	0.00	0.02	0.60	1.08	0.00
2	6	0.00	0.00	0.28	1.08	0.00
3	3	0.00	0.02	1.33	0.30	0.00
3	7	0.00	0.09	0.63	0.89	0.00
Core	CPU	C1%	C3%	C6%	C8%	C9%
-	-	0.01	0.01	12.87	0.93	0.00
0	0	0.00	0.00	97.85	0.00	0.00
0	4	0.00	0.00	0.18	0.99	0.01
1	1	0.00	0.00	0.56	0.59	0.00
1	5	0.00	0.00	0.65	0.59	0.00
2	2	0.00	0.00	1.33	0.89	0.00
2	6	0.00	0.02	1.08	0.39	0.00
3	3	0.00	0.05	0.98	3.16	0.00
3	7	0.06	0.00	0.28	0.79	0.00
Core	CPU	C1%	C3%	C6%	C8%	C9%
-	-	0.00	0.01	12.58	0.93	0.00
0	0	0.00	0.01	97.51	0.00	0.00
0	4	0.00	0.00	0.17	0.49	0.00
1	1	0.00	0.00	0.50	0.10	0.00
1	5	0.00	0.00	0.20	1.38	0.00
2	2	0.00	0.01	0.49	1.48	0.00
2	6	0.00	0.00	0.86	1.18	0.00
3	3	0.00	0.00	0.81	1.38	0.00
3	7	0.00	0.02	0.14	1.38	0.00
Core	CPU	C1%	C3%	C6%	C8%	C9%
-	-	0.00	0.02	12.86	0.89	0.00
0	0	0.00	0.14	97.74	0.00	0.00
0	4	0.00	0.00	0.60	0.99	0.00
1	1	0.00	0.00	0.25	0.89	0.00
1	5	0.00	0.00	1.04	1.38	0.00
2	2	0.00	0.05	0.59	0.50	0.00
2	6	0.00	0.00	0.19	0.40	0.00
3	3	0.00	0.00	0.96	1.19	0.00
3	7	0.00	0.00	1.52	1.78	0.00
Core	CPU	C1%	C3%	C6%	C8%	C9%
-	-	0.04	0.05	12.65	1.39	0.01
0	0	0.00	0.33	97.41	0.00	0.00
0	4	0.02	0.01	0.64	0.19	0.00
1	1	0.00	0.00	0.10	1.09	0.00
1	5	0.00	0.00	0.28	0.99	0.00
2	2	0.00	0.02	1.22	0.90	0.00
2	6	0.00	0.00	0.15	1.29	0.00
3	3	0.32	0.00	0.98	4.83	0.11
3	7	0.00	0.00	0.40	1.84	0.00
Core	CPU	C1%	C3%	C6%	C8%	C9%
-	-	0.00	0.02	12.76	0.78	0.00
0	0	0.00	0.06	97.75	0.00	0.00
0	4	0.00	0.00	0.59	0.00	0.00
1	1	0.00	0.00	0.82	0.79	0.00
1	5	0.00	0.02	0.73	0.59	0.00
2	2	0.00	0.04	0.99	1.69	0.00
2	6	0.00	0.00	0.19	1.18	0.00
3	3	0.00	0.00	0.81	1.09	0.00
3	7	0.00	0.02	0.25	0.89	0.00
Core	CPU	C1%	C3%	C6%	C8%	C9%
-	-	0.03	0.04	12.77	1.18	0.00
0	0	0.16	0.27	96.91	0.00	0.00
0	4	0.00	0.00	0.29	0.89	0.00
1	1	0.00	0.00	0.37	1.19	0.00
1	5	0.05	0.00	0.46	0.69	0.00
2	2	0.00	0.00	0.90	1.97	0.00
2	6	0.00	0.00	1.68	1.38	0.00
3	3	0.00	0.03	0.69	1.48	0.00
3	7	0.00	0.00	0.88	1.83	0.00
Core	CPU	C1%	C3%	C6%	C8%	C9%
-	-	0.00	0.01	12.71	0.87	0.10
0	0	0.00	0.01	97.83	0.00	0.00
0	4	0.00	0.00	0.17	0.50	0.00
1	1	0.00	0.00	0.49	0.99	0.00
1	5	0.00	0.00	0.67	1.28	0.00
2	2	0.00	0.02	0.58	1.18	0.00
2	6	0.00	0.00	0.45	0.89	0.00
3	3	0.00	0.00	1.29	0.69	0.00
3	7	0.00	0.06	0.18	1.39	0.76
Core	CPU	C1%	C3%	C6%	C8%	C9%
-	-	0.01	0.01	12.63	1.00	0.00
0	0	0.00	0.06	97.77	0.00	0.00
0	4	0.00	0.02	0.41	1.48	0.00
1	1	0.10	0.01	0.35	1.09	0.00
1	5	0.00	0.00	0.34	0.99	0.00
2	2	0.00	0.02	0.54	1.00	0.00
2	6	0.00	0.00	0.79	0.80	0.00
3	3	0.00	0.00	0.57	1.68	0.00
3	7	0.00	0.00	0.26	0.96	0.00
Core	CPU	C1%	C3%	C6%	C8%	C9%
-	-	0.02	0.01	12.55	0.92	0.00
0	0	0.04	0.05	96.86	0.00	0.00
0	4	0.00	0.00	0.50	0.09	0.00
1	1	0.00	0.00	0.88	0.79	0.00
1	5	0.00	0.00	0.28	0.99	0.00
2	2	0.00	0.02	0.56	1.19	0.00
2	6	0.00	0.00	0.33	1.18	0.00
3	3	0.12	0.02	0.79	2.20	0.00
3	7	0.00	0.00	0.19	0.92	0.00
Core	CPU	C1%	C3%	C6%	C8%	C9%
-	-	0.00	0.03	12.60	0.76	0.00
0	0	0.00	0.19	97.66	0.00	0.00
0	4	0.01	0.00	0.65	0.10	0.01
1	1	0.00	0.00	0.82	1.09	0.00
1	5	0.00	0.02	0.10	0.99	0.00
2	2	0.00	0.02	0.31	1.08	0.00
2	6	0.00	0.00	0.19	0.99	0.00
3	3	0.00	0.00	0.82	0.89	0.00
3	7	0.00	0.00	0.24	0.98	0.00
Core	CPU	C1%	C3%	C6%	C8%	C9%
-	-	0.00	0.01	12.75	0.96	0.00
0	0	0.00	0.00	97.81	0.00	0.00
0	4	0.00	0.00	0.78	0.79	0.00
1	1	0.00	0.00	0.10	1.19	0.00
1	5	0.00	0.00	0.76	1.19	0.00
2	2	0.00	0.02	1.14	0.49	0.00
2	6	0.00	0.02	0.78	1.09	0.00
3	3	0.00	0.00	0.47	1.59	0.00
3	7	0.00	0.00	0.19	1.33	0.00
Core	CPU	C1%	C3%	C6%	C8%	C9%
-	-	0.00	0.01	12.53	0.85	0.12
0	0	0.00	0.08	97.64	0.00	0.00
0	4	0.00	0.00	0.18	1.09	1.00
1	1	0.00	0.01	0.30	0.60	0.00
1	5	0.00	0.00	0.30	0.60	0.00
2	2	0.00	0.02	0.48	1.18	0.00
2	6	0.00	0.00	0.37	0.89	0.00
3	3	0.00	0.00	0.72	1.48	0.00
3	7	0.02	0.00	0.23	1.00	0.00
Core	CPU	C1%	C3%	C6%	C8%	C9%
-	-	0.01	0.01	12.65	0.89	0.00
0	0	0.00	0.00	97.79	0.00	0.00
0	4	0.07	0.00	0.79	1.27	0.00
1	1	0.00	0.00	0.25	0.99	0.00
1	5	0.00	0.00	0.63	1.19	0.00
2	2	0.00	0.03	0.50	1.00	0.00
2	6	0.00	0.00	0.27	0.70	0.00
3	3	0.00	0.02	0.67	0.99	0.00
3	7	0.00	0.00	0.27	0.95	0.00
Core	CPU	C1%	C3%	C6%	C8%	C9%
-	-	0.03	0.04	12.48	0.93	0.12
0	0	0.00	0.25	96.65	0.00	0.00
0	4	0.00	0.02	0.80	0.79	0.96
1	1	0.00	0.00	0.49	1.19	0.00
1	5	0.00	0.00	0.18	1.09	0.00
2	2	0.00	0.03	0.57	1.39	0.00
2	6	0.00	0.00	0.15	1.28	0.00
3	3	0.22	0.03	0.81	0.80	0.00
3	7	0.00	0.00	0.19	0.92	0.00
Core	CPU	C1%	C3%	C6%	C8%	C9%
-	-	0.00	0.04	12.60	0.74	0.13
0	0	0.00	0.20	97.59	0.00	0.00
0	4	0.02	0.00	0.55	0.09	1.00
1	1	0.00	0.00	0.13	0.79	0.00
1	5	0.00	0.02	0.86	0.89	0.00
2	2	0.00	0.02	0.40	0.70	0.00
2	6	0.00	0.00	0.28	0.99	0.00
3	3	0.00	0.05	0.77	0.98	0.00
3	7	0.00	0.00	0.25	1.46	0.00
Core	CPU	C1%	C3%	C6%	C8%	C9%
-	-	0.00	0.01	12.64	0.82	0.00
0	0	0.00	0.00	97.79	0.00	0.00
0	4	0.00	0.00	0.50	0.89	0.00
1	1	0.00	0.00	0.28	1.19	0.00
1	5	0.00	0.00	0.37	0.79	0.00
2	2	0.00	0.02	0.86	0.79	0.00
2	6	0.00	0.00	0.33	0.79	0.00
3	3	0.00	0.06	0.72	1.09	0.00
3	7	0.00	0.00	0.26	1.03	0.00
Core	CPU	C1%	C3%	C6%	C8%	C9%
-	-	0.00	0.02	12.65	0.77	0.00
0	0	0.00	0.09	97.70	0.00	0.00
0	4	0.00	0.00	0.14	0.49	0.01
1	1	0.00	0.01	0.59	0.30	0.00
1	5	0.00	0.00	0.79	0.80	0.00
2	2	0.00	0.00	0.40	1.77	0.00
2	6	0.00	0.00	0.46	0.79	0.00
3	3	0.00	0.02	0.83	0.89	0.00
3	7	0.00	0.00	0.30	1.08	0.00
Core	CPU	C1%	C3%	C6%	C8%	C9%
-	-	0.00	0.03	12.86	4.44	0.00
0	0	0.00	0.00	97.82	0.00	0.00
0	4	0.00	0.00	0.28	1.99	0.00
1	1	0.01	0.17	0.88	29.38	0.00
1	5	0.00	0.00	0.25	1.68	0.00
2	2	0.00	0.02	1.30	0.60	0.00
2	6	0.00	0.01	0.99	0.39	0.00
3	3	0.00	0.02	1.05	0.59	0.00
3	7	0.00	0.00	0.27	0.85	0.00
Core	CPU	C1%	C3%	C6%	C8%	C9%
-	-	0.07	0.03	12.66	0.81	0.00
0	0	0.00	0.18	96.56	0.00	0.00
0	4	0.00	0.02	0.20	0.40	0.00
1	1	0.51	0.00	0.73	0.79	0.00
1	5	0.00	0.00	0.70	0.99	0.00
2	2	0.00	0.01	0.47	1.39	0.00
2	6	0.00	0.00	0.44	0.99	0.00
3	3	0.04	0.01	1.30	0.39	0.00
3	7	0.00	0.01	0.89	1.50	0.00
Core	CPU	C1%	C3%	C6%	C8%	C9%
-	-	0.00	0.00	12.84	0.71	0.00
0	0	0.00	0.00	97.82	0.00	0.00
0	4	0.00	0.00	0.30	0.98	0.00
1	1	0.00	0.00	0.64	0.89	0.00
1	5	0.00	0.00	0.53	0.89	0.00
2	2	0.00	0.02	1.56	0.69	0.00
2	6	0.00	0.00	0.49	0.80	0.00
3	3	0.00	0.01	1.10	0.49	0.00
3	7	0.00	0.00	0.25	0.96	0.00
Core	CPU	C1%	C3%	C6%	C8%	C9%
-	-	0.00	0.02	12.55	0.80	0.12
0	0	0.00	0.15	97.65	0.00	0.00
0	4	0.00	0.00	0.09	0.50	0.96
1	1	0.00	0.00	0.19	0.99	0.00
1	5	0.00	0.00	0.27	0.99	0.00
2	2	0.00	0.03	0.45	1.37	0.00
2	6	0.00	0.00	0.23	1.18	0.00
3	3	0.00	0.02	1.32	0.40	0.00
3	7	0.00	0.00	0.19	0.93	0.00
Core	CPU	C1%	C3%	C6%	C8%	C9%
-	-	0.00	0.01	12.76	0.56	0.00
0	0	0.00	0.07	97.76	0.00	0.00
0	4	0.00	0.00	0.55	0.09	0.01
1	1	0.00	0.00	0.82	0.79	0.00
1	5	0.00	0.01	0.70	0.00	0.00
2	2	0.00	0.00	0.81	0.80	0.00
2	6	0.00	0.00	0.28	0.98	0.00
3	3	0.00	0.00	0.84	0.89	0.00
3	7	0.00	0.00	0.32	0.98	0.00
Core	CPU	C1%	C3%	C6%	C8%	C9%
-	-	0.00	0.01	12.66	1.27	0.00
0	0	0.00	0.01	97.78	0.00	0.00
0	4	0.00	0.00	0.19	2.07	0.00
1	1	0.00	0.00	0.27	1.88	0.00
1	5	0.00	0.00	1.11	0.99	0.00
2	2	0.00	0.02	0.65	1.29	0.00
2	6	0.00	0.02	0.28	1.38	0.00
3	3	0.00	0.00	0.61	1.29	0.00
3	7	0.00	0.00	0.39	1.22	0.00
Core	CPU	C1%	C3%	C6%	C8%	C9%
-	-	0.10	0.03	12.56	0.87	0.34
0	0	0.00	0.13	97.69	0.00	0.00
0	4	0.00	0.00	0.14	0.59	0.96
1	1	0.80	0.01	0.30	0.62	0.89
1	5	0.00	0.00	0.59	0.89	0.00
2	2	0.00	0.03	0.54	1.08	0.90
2	6	0.00	0.00	0.47	1.18	0.00
3	3	0.00	0.00	0.61	1.18	0.00
3	7	0.00	0.03	0.19	1.39	0.00
Core	CPU	C1%	C3%	C6%	C8%	C9%
-	-	0.00	0.00	12.65	1.02	0.00
0	0	0.00	0.00	97.65	0.00	0.00
0	4	0.00	0.00	0.41	2.06	0.00
1	1	0.00	0.00	0.55	0.69	0.00
1	5	0.00	0.00	0.24	1.09	0.00
2	2	0.00	0.02	1.19	1.49	0.00
2	6	0.00	0.00	0.19	0.79	0.00
3	3	0.00	0.00	0.67	1.08	0.00
3	7	0.00	0.00	0.27	0.95	0.00
Core	CPU	C1%	C3%	C6%	C8%	C9%
-	-	0.00	0.02	12.62	1.03	0.00
0	0	0.00	0.11	97.73	0.00	0.00
0	4	0.00	0.01	0.59	0.29	0.01
1	1	0.00	0.00	0.59	1.18	0.00
1	5	0.00	0.00	0.28	0.99	0.00
2	2	0.00	0.01	0.41	2.46	0.00
2	6	0.00	0.00	0.15	1.29	0.00
3	3	0.00	0.05	0.99	1.09	0.00
3	7	0.00	0.00	0.19	0.92	0.00
Core	CPU	C1%	C3%	C6%	C8%	C9%
-	-	0.02	0.02	12.78	0.80	0.00
0	0	0.16	0.14	97.53	0.00	0.00
0	4	0.04	0.00	0.68	0.10	0.00
1	1	0.00	0.00	0.82	0.79	0.00
1	5	0.00	0.02	1.10	0.79	0.00
2	2	0.00	0.02	0.31	0.60	0.00
2	6	0.00	0.00	0.38	1.28	0.00
3	3	0.00	0.00	0.93	1.18	0.00
3	7	0.00	0.00	0.50	1.66	0.00
Core	CPU	C1%	C3%	C6%	C8%	C9%
-	-	0.00	0.02	12.63	0.70	0.12
0	0	0.00	0.15	97.68	0.00	0.00
0	4	0.02	0.00	0.30	0.20	0.99
1	1	0.00	0.00	0.67	0.79	0.00
1	5	0.00	0.00	0.37	0.89	0.00
2	2	0.00	0.02	0.54	1.28	0.00
2	6	0.00	0.00	0.13	0.99	0.00
3	3	0.00	0.02	0.68	0.99	0.00
3	7	0.00	0.00	0.68	0.44	0.00
Core	CPU	C1%	C3%	C6%	C8%	C9%
-	-	0.00	0.04	12.69	1.01	0.00
0	0	0.00	0.14	97.65	0.00	0.00
0	4	0.00	0.00	0.28	1.97	0.00
1	1	0.00	0.20	0.36	0.40	0.00
1	5	0.00	0.00	0.42	0.99	0.00
2	2	0.00	0.00	1.29	0.99	0.00
2	6	0.00	0.00	0.46	0.88	0.00
3	3	0.00	0.01	0.77	0.79	0.00
3	7	0.01	0.00	0.33	2.08	0.00
Core	CPU	C1%	C3%	C6%	C8%	C9%
-	-	0.00	0.01	12.85	0.81	0.00
0	0	0.00	0.00	97.84	0.00	0.00
0	4	0.00	0.00	0.87	0.49	0.00
1	1	0.00	0.02	0.26	1.19	0.00
1	5	0.00	0.00	0.54	0.99	0.00
2	2	0.00	0.02	1.24	1.50	0.00
2	6	0.00	0.01	0.80	0.49	0.00
3	3	0.00	0.00	0.87	0.79	0.00
3	7	0.00	0.00	0.40	0.99	0.00
Core	CPU	C1%	C3%	C6%	C8%	C9%
-	-	0.00	0.03	12.66	0.90	0.12
0	0	0.00	0.16	97.54	0.00	0.00
0	4	0.00	0.02	0.58	0.00	0.99
1	1	0.00	0.00	0.89	0.79	0.00
1	5	0.00	0.00	0.74	0.99	0.00
2	2	0.00	0.02	0.47	1.46	0.00
2	6	0.00	0.00	0.32	1.38	0.00
3	3	0.00	0.00	0.61	1.39	0.00
3	7	0.00	0.00	0.10	1.19	0.00
Core	CPU	C1%	C3%	C6%	C8%	C9%
-	-	0.01	0.00	12.70	0.83	0.27
0	0	0.00	0.00	97.82	0.00	0.00
0	4	0.00	0.00	0.56	0.98	0.00
1	1	0.00	0.00	0.54	1.09	0.00
1	5	0.00	0.00	0.72	0.89	0.00
2	2	0.00	0.03	0.59	0.90	0.00
2	6	0.00	0.00	0.10	0.99	0.00
3	3	0.00	0.00	0.75	1.09	0.00
3	7	0.05	0.01	0.56	0.69	2.13
Core	CPU	C1%	C3%	C6%	C8%	C9%
-	-	0.00	0.02	12.66	0.73	0.25
0	0	0.00	0.08	97.72	0.00	0.00
0	4	0.00	0.00	0.19	0.40	2.01
1	1	0.00	0.00	0.58	1.09	0.00
1	5	0.00	0.00	0.27	0.89	0.00
2	2	0.00	0.03	0.83	0.69	0.00
2	6	0.00	0.00	0.32	1.19	0.00
3	3	0.00	0.02	0.67	1.19	0.00
3	7	0.00	0.00	0.70	0.39	0.00
Core	CPU	C1%	C3%	C6%	C8%	C9%
-	-	0.23	0.02	12.60	0.80	0.00
0	0	0.00	0.11	97.56	0.00	0.00
0	4	1.50	0.00	0.96	1.19	0.00
1	1	0.00	0.00	0.30	0.99	0.00
1	5	0.00	0.02	0.20	0.89	0.00
2	2	0.00	0.01	0.81	0.34	0.00
2	6	0.00	0.00	0.19	0.89	0.00
3	3	0.00	0.00	0.66	0.99	0.00
3	7	0.31	0.00	0.15	1.09	0.00
Core	CPU	C1%	C3%	C6%	C8%	C9%
-	-	0.00	0.01	12.83	0.88	0.13
0	0	0.00	0.04	97.76	0.00	0.00
0	4	0.00	0.00	0.89	0.79	1.00
1	1	0.00	0.00	0.57	1.08	0.00
1	5	0.00	0.00	0.66	1.10	0.00
2	2	0.00	0.04	0.92	1.09	0.00
2	6	0.00	0.00	0.91	1.09	0.00
3	3	0.00	0.00	0.61	1.09	0.00
3	7	0.00	0.00	0.29	0.79	0.00
Core	CPU	C1%	C3%	C6%	C8%	C9%
-	-	0.02	0.00	12.68	1.08	0.00
0	0	0.00	0.00	97.66	0.00	0.00
0	4	0.18	0.00	0.24	1.68	0.00
1	1	0.00	0.02	0.49	0.60	0.00
1	5	0.00	0.00	0.10	1.09	0.00
2	2	0.00	0.00	1.09	0.89	0.00
2	6	0.00	0.00	0.47	1.38	0.00
3	3	0.00	0.00	0.71	1.38	0.00
3	7	0.00	0.00	0.72	1.58	0.00
Core	CPU	C1%	C3%	C6%	C8%	C9%
-	-	0.00	0.01	12.59	1.21	0.00
0	0	0.00	0.03	97.77	0.00	0.00
0	4	0.00	0.00	0.31	0.40	0.00
1	1	0.00	0.00	0.35	0.69	0.00
1	5	0.00	0.00	0.24	0.69	0.00
2	2	0.00	0.06	0.63	1.18	0.00
2	6	0.00	0.00	0.19	0.79	0.00
3	3	0.00	0.03	0.78	1.58	0.00
3	7	0.03	0.00	0.45	4.33	0.00
Core	CPU	C1%	C3%	C6%	C8%	C9%
-	-	0.00	0.01	12.80	0.99	0.00
0	0	0.00	0.10	97.74	0.00	0.00
0	4	0.02	0.02	0.61	0.09	0.00
1	1	0.00	0.00	0.49	0.50	0.00
1	5	0.00	0.00	0.28	1.68	0.00
2	2	0.00	0.00	1.27	0.79	0.00
2	6	0.00	0.00	0.64	1.39	0.00
3	3	0.00	0.00	0.84	1.99	0.00
3	7	0.00	0.00	0.49	1.49	0.00
Core	CPU	C1%	C3%	C6%	C8%	C9%
-	-	0.01	0.02	12.71	1.22	0.00
0	0	0.00	0.12	97.65	0.00	0.00
0	4	0.00	0.00	0.65	0.89	0.00
1	1	0.00	0.00	0.23	0.40	0.00
1	5	0.00	0.02	0.76	1.10	0.00
2	2	0.00	0.01	0.51	0.60	0.00
2	6	0.11	0.00	0.19	1.67	0.00
3	3	0.00	0.00	1.26	4.22	0.00
3	7	0.00	0.00	0.39	0.86	0.00
Core	CPU	C1%	C3%	C6%	C8%	C9%
-	-	0.00	0.04	12.66	1.00	0.12
0	0	0.00	0.16	97.31	0.00	0.00
0	4	0.00	0.00	0.40	0.10	0.96
1	1	0.01	0.04	0.19	3.49	0.00
1	5	0.00	0.00	0.37	0.89	0.00
2	2	0.00	0.03	0.63	0.88	0.00
2	6	0.00	0.00	0.63	0.49	0.00
3	3	0.00	0.07	0.97	0.89	0.00
3	7	0.00	0.00	0.79	1.28	0.00
Core	CPU	C1%	C3%	C6%	C8%	C9%
-	-	0.18	0.02	12.93	3.83	0.13
0	0	0.00	0.02	97.85	0.00	0.00
0	4	0.72	0.00	0.84	1.39	1.00
1	1	0.01	0.10	0.93	25.65	0.00
1	5	0.00	0.00	0.49	0.42	0.00
2	2	0.00	0.00	0.90	0.79	0.00
2	6	0.00	0.02	0.86	0.69	0.00
3	3	0.00	0.00	0.71	0.89	0.00
3	7	0.71	0.00	0.83	0.79	0.00
Core	CPU	C1%	C3%	C6%	C8%	C9%
-	-	0.00	0.01	12.70	0.84	0.00
0	0	0.00	0.00	97.81	0.00	0.00
0	4	0.00	0.00	0.78	0.40	0.00
1	1	0.00	0.00	0.66	0.49	0.00
1	5	0.00	0.00	0.25	0.89	0.00
2	2	0.00	0.01	0.55	0.99	0.00
2	6	0.00	0.02	0.20	0.99	0.00
3	3	0.00	0.04	0.93	2.07	0.00
3	7	0.01	0.00	0.42	0.89	0.00
Core	CPU	C1%	C3%	C6%	C8%	C9%
-	-	0.01	0.04	12.89	0.76	0.00
0	0	0.00	0.25	97.58	0.00	0.00
0	4	0.02	0.02	0.19	1.09	0.00
1	1	0.09	0.01	1.01	0.33	0.00
1	5	0.00	0.01	0.79	0.99	0.00
2	2	0.00	0.01	0.48	1.38	0.00
2	6	0.00	0.00	0.54	1.09	0.00
3	3	0.00	0.04	1.45	0.59	0.00
3	7	0.00	0.02	1.09	0.61	0.00
Core	CPU	C1%	C3%	C6%	C8%	C9%
-	-	0.09	0.01	12.78	0.72	0.00
0	0	0.00	0.02	97.79	0.00	0.00
0	4	0.00	0.00	0.33	1.08	0.00
1	1	0.72	0.00	0.74	0.20	0.00
1	5	0.00	0.00	0.23	0.89	0.00
2	2	0.00	0.01	1.04	0.22	0.00
2	6	0.00	0.00	0.49	0.90	0.00
3	3	0.00	0.01	1.27	1.26	0.00
3	7	0.00	0.00	0.35	1.26	0.00
Core	CPU	C1%	C3%	C6%	C8%	C9%
-	-	0.00	0.01	12.69	0.89	0.00
0	0	0.00	0.02	97.80	0.00	0.00
0	4	0.00	0.00	0.57	0.51	0.00
1	1	0.00	0.00	0.29	1.09	0.00
1	5	0.00	0.00	0.60	1.18	0.00
2	2	0.00	0.01	0.77	1.66	0.00
2	6	0.00	0.00	0.23	0.99	0.00
3	3	0.00	0.02	1.06	0.79	0.00
3	7	0.00	0.00	0.19	0.93	0.00
Core	CPU	C1%	C3%	C6%	C8%	C9%
-	-	0.00	0.02	12.64	0.66	0.00
0	0	0.00	0.10	97.75	0.00	0.00
0	4	0.00	0.00	0.54	0.00	0.00
1	1	0.00	0.00	0.63	0.49	0.00
1	5	0.00	0.01	0.60	0.00	0.00
2	2	0.00	0.02	0.40	1.76	0.00
2	6	0.00	0.00	0.19	1.08	0.00
3	3	0.00	0.00	0.64	1.08	0.00
3	7	0.00	0.00	0.34	0.88	0.00
Core	CPU	C1%	C3%	C6%	C8%	C9%
-	-	0.01	0.01	12.68	1.26	0.00
0	0	0.00	0.01	97.77	0.00	0.00
0	4	0.07	0.00	0.23	1.09	0.00
1	1	0.00	0.00	0.63	2.08	0.00
1	5	0.00	0.00	0.96	1.09	0.00
2	2	0.00	0.03	0.59	1.69	0.00
2	6	0.00	0.02	0.29	0.99	0.00
3	3	0.00	0.00	0.51	1.88	0.00
3	7	0.00	0.00	0.47	1.24	0.00
Core	CPU	C1%	C3%	C6%	C8%	C9%
-	-	0.00	0.01	12.82	1.23	0.00
0	0	0.00	0.00	97.84	0.00	0.00
0	4	0.00	0.00	0.91	2.66	0.00
1	1	0.00	0.01	0.40	0.88	0.00
1	5	0.00	0.00	0.20	0.50	0.00
2	2	0.00	0.01	0.76	1.58	0.00
2	6	0.00	0.00	0.37	0.89	0.00
3	3	0.00	0.00	0.93	0.79	0.00
3	7	0.00	0.02	1.19	2.58	0.00
Core	CPU	C1%	C3%	C6%	C8%	C9%
-	-	0.13	0.07	12.71	1.14	0.22
0	0	0.19	0.42	96.67	0.00	0.00
0	4	0.00	0.00	0.37	1.09	0.97
1	1	0.00	0.00	0.39	1.19	0.81
1	5	0.67	0.00	0.73	1.29	0.00
2	2	0.21	0.04	1.23	2.05	0.00
2	6	0.00	0.00	0.19	1.00	0.00
3	3	0.00	0.05	1.29	0.69	0.00
3	7	0.00	0.02	0.83	1.80	0.00
Core	CPU	C1%	C3%	C6%	C8%	C9%
-	-	0.02	0.01	12.74	0.99	0.00
0	0	0.00	0.03	97.68	0.00	0.00
0	4	0.18	0.00	0.20	1.39	0.00
1	1	0.00	0.00	0.49	1.09	0.00
1	5	0.00	0.00	0.97	1.19	0.00
2	2	0.00	0.00	0.77	1.78	0.00
2	6	0.00	0.00	0.14	1.38	0.00
3	3	0.00	0.05	1.04	0.49	0.00
3	7	0.00	0.00	0.59	0.63	0.00
Core	CPU	C1%	C3%	C6%	C8%	C9%
-	-	0.15	0.02	12.58	0.81	0.00
0	0	0.00	0.08	97.62	0.00	0.00
0	4	1.18	0.00	0.62	0.00	0.01
1	1	0.00	0.02	0.20	0.69	0.00
1	5	0.00	0.02	0.50	1.00	0.00
2	2	0.00	0.01	0.39	1.68	0.00
2	6	0.00	0.00	0.37	0.99	0.00
3	3	0.00	0.05	0.84	0.69	0.00
3	7	0.00	0.00	0.14	1.47	0.00
Core	CPU	C1%	C3%	C6%	C8%	C9%
-	-	0.00	0.01	12.64	0.98	0.00
0	0	0.00	0.00	97.86	0.00	0.00
0	4	0.00	0.00	0.63	1.67	0.01
1	1	0.00	0.00	0.27	0.89	0.00
1	5	0.00	0.00	0.35	0.89	0.00
2	2	0.00	0.00	0.35	1.30	0.00
2	6	0.00	0.02	0.10	1.19	0.00
3	3	0.00	0.03	1.23	1.08	0.00
3	7	0.02	0.00	0.35	0.84	0.00
Core	CPU	C1%	C3%	C6%	C8%	C9%
-	-	0.01	0.02	12.60	1.05	0.00
0	0	0.00	0.00	97.78	0.00	0.00
0	4	0.00	0.03	0.63	0.10	0.00
1	1	0.10	0.02	0.14	1.87	0.00
1	5	0.00	0.00	0.19	0.99	0.00
2	2	0.00	0.04	0.63	2.17	0.00
2	6	0.00	0.00	0.45	0.89	0.00
3	3	0.00	0.05	0.66	1.57	0.00
3	7	0.00	0.03	0.29	0.80	0.00
Core	CPU	C1%	C3%	C6%	C8%	C9%
-	-	0.03	0.02	12.73	1.01	0.12
0	0	0.00	0.10	97.71	0.00	0.00
0	4	0.00	0.00	0.67	0.59	0.96
1	1	0.22	0.00	1.64	1.59	0.00
1	5	0.00	0.00	0.14	1.19	0.00
2	2	0.00	0.04	0.67	0.90	0.00
2	6	0.00	0.00	0.10	1.19	0.00
3	3	0.00	0.04	0.64	0.89	0.00
3	7	0.00	0.00	0.26	1.75	0.00
Core	CPU	C1%	C3%	C6%	C8%	C9%
-	-	0.01	0.01	12.65	0.97	0.00
0	0	0.00	0.06	97.55	0.00	0.00
0	4	0.10	0.00	0.10	1.38	0.00
1	1	0.00	0.00	0.58	0.99	0.00
1	5	0.00	0.00	0.85	1.00	0.00
2	2	0.00	0.03	0.47	1.38	0.00
2	6	0.00	0.00	0.23	1.28	0.00
3	3	0.00	0.02	1.25	0.39	0.00
3	7	0.00	0.00	0.19	1.32	0.00
Core	CPU	C1%	C3%	C6%	C8%	C9%
-	-	0.00	0.02	12.73	0.47	0.00
0	0	0.00	0.11	97.71	0.00	0.00
0	4	0.00	0.00	0.74	0.10	0.00
1	1	0.00	0.00	0.63	0.10	0.00
1	5	0.00	0.02	0.50	0.00	0.00
2	2	0.00	0.01	1.00	0.39	0.00
2	6	0.00	0.00	0.19	0.99	0.00
3	3	0.00	0.00	0.70	1.27	0.00
3	7	0.00	0.00	0.34	0.88	0.00
Core	CPU	C1%	C3%	C6%	C8%	C9%
-	-	0.00	0.01	12.75	1.09	0.00
0	0	0.00	0.00	97.80	0.00	0.00
0	4	0.00	0.00	0.69	1.76	0.00
1	1	0.00	0.00	0.57	0.79	0.00
1	5	0.00	0.00	0.95	0.79	0.00
2	2	0.00	0.00	0.53	1.60	0.00
2	6	0.00	0.02	0.29	1.29	0.00
3	3	0.00	0.07	0.81	1.19	0.00
3	7	0.02	0.02	0.38	1.32	0.00
Core	CPU	C1%	C3%	C6%	C8%	C9%
-	-	0.00	0.02	12.66	0.74	0.00
0	0	0.00	0.00	97.82	0.00	0.00
0	4	0.00	0.00	0.26	0.98	0.00
1	1	0.00	0.01	0.30	0.60	0.00
1	5	0.00	0.00	0.10	0.80	0.00
2	2	0.00	0.04	0.49	1.08	0.00
2	6	0.00	0.00	0.37	0.79	0.00
3	3	0.00	0.05	1.19	0.89	0.00
3	7	0.00	0.03	0.80	0.79	0.00
Core	CPU	C1%	C3%	C6%	C8%	C9%
-	-	0.03	0.02	12.73	1.23	0.12
0	0	0.00	0.15	97.66	0.00	0.00
0	4	0.00	0.00	1.15	0.79	0.96
1	1	0.22	0.00	0.25	1.19	0.00
1	5	0.01	0.00	1.00	2.28	0.00
2	2	0.00	0.04	0.70	1.29	0.00
2	6	0.00	0.00	0.19	1.09	0.00
3	3	0.00	0.00	0.64	1.08	0.00
3	7	0.00	0.00	0.27	2.14	0.00
Core	CPU	C1%	C3%	C6%	C8%	C9%
-	-	0.00	0.02	12.58	0.78	0.00
0	0	0.00	0.11	97.57	0.00	0.00
0	4	0.00	0.03	0.50	0.17	0.00
1	1	0.00	0.00	0.50	0.69	0.00
1	5	0.00	0.00	0.87	0.89	0.00
2	2	0.00	0.00	0.38	1.38	0.00
2	6	0.00	0.00	0.15	1.19	0.00
3	3	0.00	0.04	0.51	1.00	0.00
3	7	0.00	0.00	0.19	0.92	0.00
Core	CPU	C1%	C3%	C6%	C8%	C9%
-	-	0.00	0.03	12.57	0.60	0.00
0	0	0.00	0.11	97.70	0.00	0.00
0	4	0.00	0.00	0.51	0.00	0.00
1	1	0.00	0.00	0.19	0.50	0.00
1	5	0.00	0.15	0.20	0.50	0.00
2	2	0.00	0.00	0.25	1.40	0.00
2	6	0.00	0.00	0.28	0.99	0.00
3	3	0.00	0.00	1.06	0.59	0.00
3	7	0.00	0.00	0.35	0.87	0.00
Core	CPU	C1%	C3%	C6%	C8%	C9%
-	-	0.00	0.01	12.58	0.77	0.33
0	0	0.00	0.07	97.73	0.00	0.00
0	4	0.00	0.00	0.53	0.58	2.62
1	1	0.00	0.00	0.58	1.09	0.00
1	5	0.00	0.00	0.37	0.79	0.00
2	2	0.00	0.00	0.15	1.09	0.00
2	6	0.00	0.00	0.13	1.09	0.00
3	3	0.00	0.03	0.82	0.60	0.00
3	7	0.02	0.00	0.36	0.93	0.00
Core	CPU	C1%	C3%	C6%	C8%	C9%
-	-	0.00	0.05	12.84	4.74	0.00
0	0	0.00	0.14	97.70	0.00	0.00
0	4	0.00	0.02	0.54	1.67	0.00
1	1	0.02	0.25	0.77	29.17	0.00
1	5	0.00	0.00	1.56	1.29	0.00
2	2	0.00	0.00	0.28	1.28	0.00
2	6	0.00	0.00	0.66	1.68	0.00
3	3	0.00	0.03	0.88	1.09	0.00
3	7	0.00	0.00	0.33	1.76	0.00
Core	CPU	C1%	C3%	C6%	C8%	C9%
-	-	0.03	0.01	12.66	0.75	0.00
0	0	0.00	0.03	97.69	0.00	0.00
0	4	0.20	0.01	0.27	0.99	0.00
1	1	0.00	0.00	0.76	0.39	0.00
1	5	0.00	0.00	0.25	1.19	0.00
2	2	0.02	0.00	0.73	0.40	0.00
2	6	0.00	0.00	0.60	0.59	0.00
3	3	0.00	0.05	0.75	1.59	0.00
3	7	0.00	0.00	0.27	0.85	0.00
Core	CPU	C1%	C3%	C6%	C8%	C9%
-	-	0.00	0.02	12.70	0.62	0.00
0	0	0.00	0.06	97.58	0.00	0.00
0	4	0.00	0.04	0.46	0.58	0.03
1	1	0.00	0.00	0.59	0.29	0.00
1	5	0.00	0.00	0.19	1.09	0.00
2	2	0.00	0.00	0.17	0.99	0.00
2	6	0.00	0.00	0.44	0.89	0.00
3	3	0.00	0.03	1.34	0.30	0.00
3	7	0.00	0.01	0.80	0.80	0.00
Core	CPU	C1%	C3%	C6%	C8%	C9%
-	-	0.00	0.01	12.58	0.93	0.00
0	0	0.00	0.07	97.73	0.00	0.00
0	4	0.00	0.01	0.86	1.47	0.00
1	1	0.00	0.00	0.24	0.60	0.00
1	5	0.00	0.00	0.13	0.99	0.00
2	2	0.00	0.01	0.39	0.79	0.00
2	6	0.00	0.00	0.10	0.89	0.00
3	3	0.00	0.01	0.85	1.57	0.00
3	7	0.00	0.00	0.30	1.16	0.00
Core	CPU	C1%	C3%	C6%	C8%	C9%
-	-	0.00	0.01	12.74	0.55	0.13
0	0	0.00	0.02	97.68	0.00	0.00
0	4	0.00	0.00	0.54	0.00	1.00
1	1	0.00	0.00	0.19	0.99	0.00
1	5	0.00	0.00	0.80	1.19	0.00
2	2	0.00	0.00	0.51	0.53	0.00
2	6	0.00	0.00	0.23	1.09	0.00
3	3	0.00	0.02	1.34	0.00	0.00
3	7	0.02	0.01	0.67	0.63	0.00
Core	CPU	C1%	C3%	C6%	C8%	C9%
-	-	0.00	0.02	12.69	0.61	0.10
0	0	0.00	0.09	97.63	0.00	0.00
0	4	0.00	0.00	0.71	0.18	0.81
1	1	0.00	0.00	0.82	0.69	0.00
1	5	0.00	0.01	0.70	0.19	0.00
2	2	0.00	0.00	0.10	1.09	0.00
2	6	0.00	0.00	0.18	1.08	0.00
3	3	0.00	0.05	0.89	0.99	0.00
3	7	0.00	0.00	0.53	0.68	0.00
Core	CPU	C1%	C3%	C6%	C8%	C9%
-	-	0.03	0.00	12.68	0.93	0.00
0	0	0.00	0.00	97.70	0.00	0.00
0	4	0.10	0.00	0.44	1.18	0.00
1	1	0.00	0.00	0.27	1.19	0.00
1	5	0.12	0.00	0.36	0.79	0.00
2	2	0.00	0.00	0.69	1.29	0.00
2	6	0.00	0.02	0.29	1.09	0.00
3	3	0.00	0.00	1.41	1.08	0.00
3	7	0.00	0.00	0.28	0.84	0.00
Core	CPU	C1%	C3%	C6%	C8%	C9%
-	-	0.00	0.02	12.54	0.61	0.00
0	0	0.00	0.07	97.71	0.00	0.00
0	4	0.00	0.03	0.57	0.09	0.00
1	1	0.00	0.00	0.30	0.30	0.00
1	5	0.00	0.00	0.10	1.09	0.00
2	2	0.00	0.00	0.28	0.89	0.00
2	6	0.00	0.00	0.37	0.89	0.00
3	3	0.00	0.00	0.88	0.61	0.00
3	7	0.00	0.03	0.10	1.00	0.00
Core	CPU	C1%	C3%	C6%	C8%	C9%
-	-	0.03	0.01	12.71	0.73	0.00
0	0	0.00	0.08	97.61	0.00	0.00
0	4	0.20	0.01	0.78	0.79	0.01
1	1	0.00	0.00	0.35	0.79	0.00
1	5	0.00	0.00	0.71	0.60	0.00
2	2	0.00	0.01	0.30	0.60	0.00
2	6	0.00	0.00	0.68	0.90	0.00
3	3	0.00	0.00	0.91	0.88	0.00
3	7	0.00	0.00	0.36	1.25	0.00
Core	CPU	C1%	C3%	C6%	C8%	C9%
-	-	0.00	0.01	12.62	0.97	0.00
0	0	0.00	0.05	97.75	0.00	0.00
0	4	0.00	0.02	0.54	1.38	0.00
1	1	0.00	0.00	0.88	1.09	0.00
1	5	0.00	0.00	0.58	0.98	0.00
2	2	0.00	0.00	0.16	1.19	0.00
2	6	0.00	0.00	0.15	1.09	0.00
3	3	0.00	0.00	0.68	1.08	0.00
3	7	0.02	0.00	0.27	0.93	0.00
Core	CPU	C1%	C3%	C6%	C8%	C9%
-	-	0.03	0.02	12.63	0.72	0.00
0	0	0.00	0.10	97.60	0.00	0.00
0	4	0.20	0.01	0.73	0.18	0.00
1	1	0.00	0.00	0.78	0.59	0.00
1	5	0.00	0.01	0.70	0.79	0.00
2	2	0.00	0.00	0.19	1.09	0.00
2	6	0.00	0.00	0.27	0.99	0.00
3	3	0.00	0.00	0.60	1.08	0.00
3	7	0.00	0.00	0.14	1.07	0.00
Core	CPU	C1%	C3%	C6%	C8%	C9%
-	-	0.10	0.02	12.52	1.03	0.00
0	0	0.00	0.11	97.64	0.00	0.00
0	4	0.00	0.05	0.70	1.66	0.00
1	1	0.79	0.01	0.21	1.19	0.00
1	5	0.00	0.00	0.35	0.99	0.00
2	2	0.00	0.00	0.14	1.19	0.00
2	6	0.00	0.00	0.13	1.19	0.00
3	3	0.00	0.02	0.58	1.29	0.00
3	7	0.00	0.00	0.38	0.74	0.00
Core	CPU	C1%	C3%	C6%	C8%	C9%
-	-	0.00	0.03	12.68	0.83	0.00
0	0	0.00	0.18	97.59	0.00	0.00
0	4	0.00	0.02	0.16	1.18	0.00
1	1	0.00	0.00	0.80	0.79	0.00
1	5	0.00	0.01	0.40	1.19	0.00
2	2	0.00	0.00	0.28	0.89	0.00
2	6	0.00	0.00	0.45	0.99	0.00
3	3	0.00	0.01	1.44	0.39	0.00
3	7	0.00	0.00	0.33	1.20	0.00
Core	CPU	C1%	C3%	C6%	C8%	C9%
-	-	0.00	0.01	12.72	0.90	0.00
0	0	0.00	0.06	97.66	0.00	0.00
0	4	0.00	0.02	0.94	1.18	0.00
1	1	0.00	0.00	0.25	0.99	0.00
1	5	0.00	0.00	0.24	1.09	0.00
2	2	0.00	0.02	0.55	0.69	0.00
2	6	0.00	0.00	0.79	1.38	0.00
3	3	0.00	0.01	0.98	0.59	0.00
3	7	0.00	0.00	0.36	1.25	0.00
Core	CPU	C1%	C3%	C6%	C8%	C9%
-	-	0.03	0.09	12.74	0.84	0.00
0	0	0.00	0.03	97.67	0.00	0.00
0	4	0.20	0.01	0.40	1.18	0.00
1	1	0.00	0.00	0.19	1.09	0.00
1	5	0.00	0.00	0.57	1.09	0.00
2	2	0.00	0.00	0.65	1.28	0.00
2	6	0.00	0.00	0.24	1.19	0.00
3	3	0.00	0.06	1.45	0.70	0.00
3	7	0.00	0.62	0.70	0.23	0.00
Core	CPU	C1%	C3%	C6%	C8%	C9%
-	-	0.00	0.01	12.81	0.65	0.00
0	0	0.00	0.02	97.78	0.00	0.00
0	4	0.00	0.04	0.83	0.19	0.00
1	1	0.00	0.00	0.82	0.79	0.00
1	5	0.00	0.02	0.70	0.69	0.00
2	2	0.00	0.00	0.79	0.89	0.00
2	6	0.00	0.00	0.19	1.09	0.00
3	3	0.00	0.00	0.92	0.79	0.00
3	7	0.00	0.00	0.44	0.78	0.00
Core	CPU	C1%	C3%	C6%	C8%	C9%
-	-	0.03	0.01	12.77	1.03	0.00
0	0	0.00	0.01	97.77	0.00	0.00
0	4	0.00	0.02	0.75	0.69	0.00
1	1	0.00	0.00	1.42	1.49	0.00
1	5	0.00	0.00	1.02	0.69	0.00
2	2	0.00	0.00	0.24	1.09	0.00
2	6	0.20	0.02	0.20	1.19	0.00
3	3	0.00	0.01	0.50	1.49	0.00
3	7	0.00	0.00	0.29	1.62	0.00
Core	CPU	C1%	C3%	C6%	C8%	C9%
-	-	0.00	0.01	12.54	0.63	0.00
0	0	0.00	0.03	97.78	0.00	0.00
0	4	0.00	0.02	0.22	0.50	0.00
1	1	0.00	0.01	0.30	0.60	0.00
1	5	0.00	0.00	0.20	0.50	0.00
2	2	0.00	0.00	0.28	1.08	0.00
2	6	0.00	0.00	0.37	0.89	0.00
3	3	0.00	0.03	1.03	0.59	0.00
3	7	0.00	0.03	0.19	0.90	0.00
Core	CPU	C1%	C3%	C6%	C8%	C9%
-	-	0.00	0.02	12.65	1.01	0.00
0	0	0.00	0.13	97.67	0.00	0.00
0	4	0.00	0.02	0.35	1.18	0.00
1	1	0.00	0.00	0.74	1.38	0.00
1	5	0.00	0.00	0.53	1.29	0.00
2	2	0.00	0.02	0.69	0.90	0.00
2	6	0.00	0.00	0.28	1.29	0.00
3	3	0.00	0.00	0.64	1.08	0.00
3	7	0.00	0.00	0.27	0.95	0.00
Core	CPU	C1%	C3%	C6%	C8%	C9%
-	-	0.01	0.02	12.56	0.88	0.00
0	0	0.00	0.14	97.56	0.00	0.00
0	4	0.10	0.02	0.97	0.77	0.01
1	1	0.00	0.00	0.49	1.09	0.00
1	5	0.00	0.00	0.18	0.99	0.00
2	2	0.00	0.00	0.26	1.09	0.00
2	6	0.00	0.00	0.15	0.99	0.00
3	3	0.00	0.03	0.64	1.18	0.00
3	7	0.00	0.00	0.27	0.92	0.00
Core	CPU	C1%	C3%	C6%	C8%	C9%
-	-	0.03	0.03	12.68	1.01	0.00
0	0	0.00	0.11	97.59	0.00	0.00
0	4	0.20	0.06	0.87	0.10	0.00
1	1	0.00	0.00	0.23	0.99	0.00
1	5	0.00	0.03	0.61	0.89	0.00
2	2	0.00	0.00	0.49	0.99	0.00
2	6	0.00	0.00	0.77	2.07	0.00
3	3	0.00	0.03	0.63	1.57	0.00
3	7	0.00	0.00	0.25	1.46	0.00
Core	CPU	C1%	C3%	C6%	C8%	C9%
-	-	0.06	0.04	12.70	4.54	0.11
0	0	0.00	0.06	97.67	0.00	0.00
0	4	0.18	0.02	0.88	1.66	0.00
1	1	0.33	0.18	1.28	29.28	0.00
1	5	0.00	0.00	0.37	0.89	0.00
2	2	0.00	0.00	0.25	1.18	0.00
2	6	0.00	0.00	0.24	1.08	0.90
3	3	0.00	0.03	0.72	0.89	0.00
3	7	0.00	0.00	0.19	1.32	0.00
Core	CPU	C1%	C3%	C6%	C8%	C9%
-	-	0.00	0.02	12.62	0.59	0.00
0	0	0.00	0.09	97.67	0.00	0.00
0	4	0.00	0.02	0.81	0.10	0.00
1	1	0.00	0.02	0.66	0.00	0.00
1	5	0.00	0.00	0.10	0.99	0.00
2	2	0.00	0.00	0.19	0.99	0.00
2	6	0.00	0.00	0.36	0.99	0.00
3	3	0.00	0.00	0.94	0.69	0.00
3	7	0.00	0.00	0.23	0.98	0.00
Core	CPU	C1%	C3%	C6%	C8%	C9%
-	-	0.03	0.01	12.74	0.80	0.00
0	0	0.00	0.06	97.66	0.00	0.00
0	4	0.20	0.01	0.96	1.27	0.00
1	1	0.00	0.00	0.36	0.79	0.00
1	5	0.00	0.00	0.15	1.09	0.00
2	2	0.00	0.00	0.92	0.59	0.00
2	6	0.00	0.01	0.90	0.49	0.00
3	3	0.00	0.00	0.58	1.38	0.00
3	7	0.00	0.00	0.37	0.75	0.00
Core	CPU	C1%	C3%	C6%	C8%	C9%
-	-	0.00	0.04	12.93	0.91	0.12
0	0	0.00	0.19	97.62	0.00	0.00
0	4	0.00	0.13	0.79	0.66	0.96
1	1	0.00	0.00	0.49	1.19	0.00
1	5	0.00	0.00	1.38	0.79	0.00
2	2	0.00	0.00	0.26	1.19	0.00
2	6	0.00	0.00	0.83	1.88	0.00
3	3	0.00	0.00	1.28	0.39	0.00
3	7	0.00	0.01	0.79	1.20	0.00
Core	CPU	C1%	C3%	C6%	C8%	C9%
-	-	0.00	0.00	12.52	0.87	0.00
0	0	0.00	0.00	97.81	0.00	0.00
0	4	0.00	0.02	0.73	0.79	0.00
1	1	0.00	0.00	0.15	0.59	0.00
1	5	0.00	0.00	0.23	0.50	0.00
2	2	0.00	0.00	0.10	0.99	0.00
2	6	0.00	0.00	0.20	1.29	0.00
3	3	0.00	0.00	0.73	1.87	0.00
3	7	0.00	0.00	0.26	0.96	0.00
Core	CPU	C1%	C3%	C6%	C8%	C9%
-	-	0.03	0.01	12.57	0.96	0.00
0	0	0.00	0.02	97.78	0.00	0.00
0	4	0.00	0.00	0.34	0.89	0.00
1	1	0.22	0.00	0.19	1.19	0.00
1	5	0.00	0.00	0.86	0.89	0.00
2	2	0.00	0.00	0.25	1.09	0.00
2	6	0.00	0.00	0.23	1.28	0.00
3	3	0.00	0.05	0.74	1.00	0.00
3	7	0.00	0.00	0.19	1.32	0.00
Core	CPU	C1%	C3%	C6%	C8%	C9%
-	-	0.00	0.03	12.62	0.60	0.00
0	0	0.00	0.16	97.65	0.00	0.00
0	4	0.00	0.05	0.63	0.00	0.00
1	1	0.00	0.00	0.13	0.79	0.00
1	5	0.00	0.02	0.20	0.40	0.00
2	2	0.00	0.00	0.69	0.70	0.00
2	6	0.00	0.00	0.19	1.08	0.00
3	3	0.00	0.00	0.83	0.89	0.00
3	7	0.00	0.00	0.63	0.97	0.00
Core	CPU	C1%	C3%	C6%	C8%	C9%
-	-	0.00	0.01	12.62	1.01	0.00
0	0	0.00	0.02	97.61	0.00	0.00
0	4	0.00	0.02	0.47	0.79	0.00
1	1	0.00	0.00	0.17	1.09	0.00
1	5	0.00	0.01	0.87	0.99	0.00
2	2	0.00	0.00	0.52	1.18	0.00
2	6	0.00	0.00	0.31	1.58	0.00
3	3	0.00	0.00	0.69	1.19	0.00
3	7	0.00	0.00	0.29	1.23	0.00
Core	CPU	C1%	C3%	C6%	C8%	C9%
-	-	0.00	0.00	12.51	0.71	0.00
0	0	0.00	0.00	97.87	0.00	0.00
0	4	0.00	0.00	0.14	1.19	0.00
1	1	0.00	0.01	0.30	0.20	0.00
1	5	0.00	0.00	0.30	0.30	0.00
2	2	0.00	0.00	0.19	0.99	0.00
2	6	0.00	0.00	0.37	0.99	0.00
3	3	0.00	0.00	0.68	0.99	0.00
3	7	0.00	0.00	0.23	1.00	0.00
Core	CPU	C1%	C3%	C6%	C8%	C9%
-	-	0.00	0.01	12.77	1.10	0.00
0	0	0.00	0.05	97.74	0.00	0.00
0	4	0.00	0.02	0.89	1.78	0.00
1	1	0.00	0.00	0.25	1.19	0.00
1	5	0.00	0.00	0.24	0.99	0.00
2	2	0.00	0.02	0.20	0.50	0.00
2	6	0.00	0.00	0.88	1.59	0.00
3	3	0.00	0.00	0.85	1.18	0.00
3	7	0.00	0.00	1.13	1.54	0.00
Core	CPU	C1%	C3%	C6%	C8%	C9%
-	-	0.03	0.03	12.49	0.94	0.00
0	0	0.00	0.15	97.61	0.00	0.00
0	4	0.00	0.01	0.50	0.09	0.00
1	1	0.23	0.02	0.10	1.98	0.00
1	5	0.00	0.00	0.18	0.99	0.00
2	2	0.00	0.00	0.26	1.09	0.00
2	6	0.00	0.00	0.25	0.99	0.00
3	3	0.00	0.03	0.80	1.09	0.00
3	7	0.00	0.00	0.19	1.32	0.00
Core	CPU	C1%	C3%	C6%	C8%	C9%
-	-	0.00	0.04	12.62	0.77	0.00
0	0	0.00	0.22	97.56	0.00	0.00
0	4	0.00	0.03	0.73	0.89	0.00
1	1	0.00	0.04	0.70	0.19	0.00
1	5	0.00	0.02	0.72	0.90	0.00
2	2	0.00	0.00	0.10	0.79	0.00
2	6	0.00	0.00	0.28	0.99	0.00
3	3	0.00	0.00	0.59	1.09	0.00
3	7	0.00	0.00	0.25	1.36	0.00
Core	CPU	C1%	C3%	C6%	C8%	C9%
-	-	0.00	0.01	12.73	0.94	0.00
0	0	0.00	0.06	97.75	0.00	0.00
0	4	0.00	0.02	0.30	0.20	0.00
1	1	0.00	0.00	0.39	0.79	0.00
1	5	0.00	0.00	0.47	0.79	0.00
2	2	0.00	0.00	0.44	1.28	0.00
2	6	0.00	0.00	0.14	1.19	0.00
3	3	0.00	0.02	1.26	1.88	0.00
3	7	0.00	0.00	1.10	1.38	0.00
Core	CPU	C1%	C3%	C6%	C8%	C9%
-	-	0.01	0.01	12.58	0.92	0.00
0	0	0.00	0.00	97.68	0.00	0.00
0	4	0.10	0.00	0.34	0.50	0.00
1	1	0.00	0.02	0.20	0.69	0.00
1	5	0.00	0.00	0.10	0.99	0.00
2	2	0.00	0.00	0.29	0.99	0.00
2	6	0.00	0.00	0.86	2.07	0.00
3	3	0.00	0.03	0.81	1.08	0.00
3	7	0.01	0.00	0.33	1.07	0.00
Core	CPU	C1%	C3%	C6%	C8%	C9%
-	-	0.00	0.02	12.47	0.93	0.00
0	0	0.00	0.00	97.81	0.00	0.00
0	4	0.00	0.02	0.26	1.18	0.00
1	1	0.00	0.00	0.26	0.89	0.00
1	5	0.00	0.00	0.25	1.09	0.00
2	2	0.00	0.00	0.33	1.29	0.00
2	6	0.00	0.12	0.10	1.18	0.00
3	3	0.00	0.05	0.48	0.99	0.00
3	7	0.00	0.00	0.27	0.85	0.00
Core	CPU	C1%	C3%	C6%	C8%	C9%
-	-	0.08	0.01	12.60	0.76	0.20
0	0	0.00	0.01	97.62	0.00	0.00
0	4	0.30	0.04	0.62	0.00	0.00
1	1	0.00	0.00	0.16	0.60	0.00
1	5	0.00	0.00	0.70	0.99	0.00
2	2	0.00	0.00	0.27	0.99	0.00
2	6	0.00	0.00	0.45	0.79	0.00
3	3	0.00	0.02	0.82	1.18	0.00
3	7	0.31	0.02	0.20	1.50	1.60
Core	CPU	C1%	C3%	C6%	C8%	C9%
-	-	0.00	0.00	12.63	0.82	0.00
0	0	0.00	0.00	97.81	0.00	0.00
0	4	0.00	0.00	0.45	0.89	0.00
1	1	0.00	0.00	0.25	1.28	0.00
1	5	0.00	0.00	0.93	0.99	0.00
2	2	0.00	0.01	0.22	0.69	0.00
2	6	0.00	0.00	0.59	0.60	0.00
3	3	0.00	0.00	0.52	1.18	0.00
3	7	0.00	0.00	0.26	0.96	0.00
Core	CPU	C1%	C3%	C6%	C8%	C9%
-	-	0.00	0.02	12.52	0.92	0.00
0	0	0.00	0.06	97.73	0.00	0.00
0	4	0.00	0.02	0.10	0.40	0.00
1	1	0.00	0.00	0.19	1.19	0.00
1	5	0.00	0.00	0.77	1.18	0.00
2	2	0.00	0.00	0.25	1.19	0.00
2	6	0.00	0.00	0.33	1.67	0.00
3	3	0.00	0.07	0.47	1.09	0.00
3	7	0.00	0.00	0.29	0.63	0.00
Core	CPU	C1%	C3%	C6%	C8%	C9%
-	-	0.00	0.03	12.67	0.74	0.56
0	0	0.00	0.16	97.65	0.00	0.00
0	4	0.00	0.04	0.63	0.00	0.00
1	1	0.00	0.00	0.63	0.99	0.00
1	5	0.00	0.02	0.59	1.09	0.00
2	2	0.00	0.00	0.10	0.89	0.00
2	6	0.00	0.00	0.19	0.99	0.00
3	3	0.00	0.00	0.89	1.27	1.00
3	7	0.01	0.00	0.70	0.68	3.44
Core	CPU	C1%	C3%	C6%	C8%	C9%
-	-	0.00	0.00	12.71	1.01	0.00
0	0	0.00	0.01	97.77	0.00	0.00
0	4	0.00	0.02	0.56	0.79	0.00
1	1	0.00	0.00	0.27	0.99	0.00
1	5	0.00	0.00	0.92	0.99	0.00
2	2	0.00	0.00	0.24	1.29	0.00
2	6	0.00	0.00	0.91	1.88	0.00
3	3	0.00	0.00	0.75	0.80	0.00
3	7	0.00	0.00	0.29	1.32	0.00
Core	CPU	C1%	C3%	C6%	C8%	C9%
-	-	0.04	0.04	12.67	2.20	0.10
0	0	0.00	0.02	97.79	0.00	0.00
0	4	0.00	0.05	0.37	1.77	0.00
1	1	0.04	0.19	1.04	10.97	0.00
1	5	0.00	0.00	0.20	0.50	0.00
2	2	0.00	0.00	0.68	0.99	0.00
2	6	0.00	0.00	0.27	0.99	0.00
3	3	0.00	0.04	0.80	1.18	0.00
3	7	0.30	0.00	0.23	1.18	0.79
Core	CPU	C1%	C3%	C6%	C8%	C9%
-	-	0.00	0.03	12.68	2.94	0.00
0	0	0.00	0.15	97.63	0.00	0.00
0	4	0.00	0.02	0.44	0.99	0.00
1	1	0.00	0.00	1.18	17.23	0.00
1	5	0.00	0.00	0.47	1.19	0.00
2	2	0.00	0.00	0.13	0.99	0.00
2	6	0.00	0.02	0.29	1.19	0.00
3	3	0.00	0.01	1.13	0.99	0.00
3	7	0.00	0.00	0.19	0.93	0.00
Core	CPU	C1%	C3%	C6%	C8%	C9%
-	-	0.03	0.01	12.76	0.61	0.00
0	0	0.00	0.07	97.65	0.00	0.00
0	4	0.20	0.01	0.22	0.49	0.00
1	1	0.00	0.02	0.60	0.09	0.00
1	5	0.00	0.00	0.10	0.60	0.00
2	2	0.00	0.00	1.13	0.79	0.00
2	6	0.00	0.00	0.77	1.18	0.00
3	3	0.00	0.01	1.30	0.70	0.00
3	7	0.00	0.00	0.33	0.99	0.00
Core	CPU	C1%	C3%	C6%	C8%	C9%
-	-	0.00	0.03	13.01	1.13	0.35
0	0	0.00	0.13	97.68	0.00	0.00
0	4	0.00	0.00	0.28	1.18	2.81
1	1	0.00	0.00	0.26	1.09	0.00
1	5	0.01	0.00	1.15	0.99	0.00
2	2	0.00	0.02	0.98	1.48	0.00
2	6	0.00	0.00	1.85	1.98	0.00
3	3	0.00	0.07	0.76	0.50	0.00
3	7	0.02	0.00	1.12	1.84	0.00
Core	CPU	C1%	C3%	C6%	C8%	C9%
-	-	0.00	0.01	12.61	0.85	0.00
0	0	0.00	0.07	97.75	0.00	0.00
0	4	0.00	0.02	0.10	0.78	0.00
1	1	0.00	0.00	0.10	0.99	0.00
1	5	0.00	0.00	0.88	0.69	0.00
2	2	0.00	0.00	0.37	0.88	0.00
2	6	0.00	0.00	0.35	0.99	0.00
3	3	0.00	0.00	1.12	1.58	0.00
3	7	0.00	0.00	0.19	0.91	0.00
Core	CPU	C1%	C3%	C6%	C8%	C9%
-	-	0.03	0.02	12.60	0.92	0.19
0	0	0.00	0.04	97.74	0.00	0.00
0	4	0.00	0.00	0.54	0.40	0.00
1	1	0.00	0.00	0.10	0.59	0.00
1	5	0.00	0.00	0.13	0.40	0.00
2	2	0.22	0.00	0.59	1.10	0.78
2	6	0.00	0.00	0.19	1.19	0.00
3	3	0.00	0.08	1.26	2.30	0.77
3	7	0.00	0.00	0.26	1.35	0.00
Core	CPU	C1%	C3%	C6%	C8%	C9%
-	-	0.00	0.01	12.58	0.97	0.00
0	0	0.00	0.02	97.71	0.00	0.00
0	4	0.00	0.00	0.00	0.69	0.00
1	1	0.00	0.00	0.48	0.99	0.00
1	5	0.00	0.00	0.28	0.99	0.00
2	2	0.00	0.00	0.36	1.19	0.00
2	6	0.00	0.00	0.15	1.19	0.00
3	3	0.00	0.07	1.43	1.78	0.00
3	7	0.00	0.00	0.23	0.98	0.00
Core	CPU	C1%	C3%	C6%	C8%	C9%
-	-	0.00	0.01	12.64	0.94	0.00
0	0	0.00	0.06	97.72	0.00	0.00
0	4	0.00	0.00	0.15	0.40	0.00
1	1	0.00	0.00	0.22	0.30	0.00
1	5	0.00	0.00	0.65	0.60	0.00
2	2	0.00	0.00	0.20	0.98	0.00
2	6	0.00	0.00	0.47	1.48	0.00
3	3	0.00	0.04	1.26	2.51	0.00
3	7	0.00	0.00	0.49	1.27	0.00
Core	CPU	C1%	C3%	C6%	C8%	C9%
-	-	0.00	0.02	12.63	0.92	0.00
0	0	0.00	0.08	97.70	0.00	0.00
0	4	0.00	0.00	0.19	1.19	0.00
1	1	0.00	0.00	0.27	1.19	0.00
1	5	0.00	0.00	0.35	0.79	0.00
2	2	0.00	0.00	0.40	1.25	0.00
2	6	0.00	0.02	0.10	1.09	0.00
3	3	0.00	0.05	1.24	0.69	0.00
3	7	0.00	0.00	0.80	1.19	0.00
Core	CPU	C1%	C3%	C6%	C8%	C9%
-	-	0.04	0.03	12.55	1.40	0.00
0	0	0.16	0.21	96.81	0.00	0.00
0	4	0.00	0.00	0.59	0.99	0.00
1	1	0.01	0.00	0.11	1.29	0.00
1	5	0.16	0.00	0.10	1.29	0.00
2	2	0.00	0.00	0.94	2.03	0.00
2	6	0.00	0.00	0.45	1.08	0.00
3	3	0.00	0.00	1.11	2.48	0.00
3	7	0.00	0.03	0.27	2.03	0.00
Core	CPU	C1%	C3%	C6%	C8%	C9%
-	-	0.04	0.01	12.62	1.15	0.10
0	0	0.00	0.00	97.82	0.00	0.00
0	4	0.00	0.00	0.77	0.49	0.00
1	1	0.00	0.00	0.25	1.09	0.00
1	5	0.00	0.00	0.24	1.19	0.00
2	2	0.00	0.02	0.64	0.89	0.00
2	6	0.00	0.00	0.10	1.49	0.00
3	3	0.32	0.04	0.77	2.78	0.79
3	7	0.00	0.00	0.36	1.26	0.00
Core	CPU	C1%	C3%	C6%	C8%	C9%
-	-	0.00	0.03	12.70	1.08	0.00
0	0	0.00	0.20	97.58	0.00	0.00
0	4	0.00	0.00	0.10	0.59	0.00
1	1	0.00	0.00	0.19	0.99	0.00
1	5	0.00	0.00	0.78	0.99	0.00
2	2	0.00	0.00	0.26	1.09	0.00
2	6	0.00	0.00	1.52	1.09	0.00
3	3	0.00	0.05	0.99	2.57	0.00
3	7	0.00	0.00	0.19	1.32	0.00
Core	CPU	C1%	C3%	C6%	C8%	C9%
-	-	0.00	0.01	12.81	0.85	0.00
0	0	0.00	0.02	97.79	0.00	0.00
0	4	0.00	0.00	0.55	0.19	0.00
1	1	0.00	0.00	0.82	0.79	0.00
1	5	0.00	0.02	0.78	0.59	0.00
2	2	0.00	0.00	0.20	1.19	0.00
2	6	0.00	0.00	0.97	0.79	0.00
3	3	0.00	0.03	1.12	2.27	0.00
3	7	0.00	0.00	0.24	0.98	0.00
Core	CPU	C1%	C3%	C6%	C8%	C9%
-	-	0.00	0.03	12.70	0.94	0.00
0	0	0.00	0.19	97.41	0.00	0.00
0	4	0.00	0.00	0.19	0.99	0.00
1	1	0.00	0.01	0.47	0.99	0.00
1	5	0.00	0.00	0.95	0.99	0.00
2	2	0.00	0.00	0.58	1.18	0.00
2	6	0.00	0.02	0.29	0.99	0.00
3	3	0.00	0.00	0.48	0.99	0.00
3	7	0.02	0.00	1.22	1.39	0.00
Core	CPU	C1%	C3%	C6%	C8%	C9%
-	-	0.00	0.03	12.48	0.74	0.00
0	0	0.00	0.21	97.44	0.00	0.00
0	4	0.00	0.00	0.13	0.40	0.00
1	1	0.00	0.00	0.60	0.10	0.00
1	5	0.00	0.00	0.68	1.59	0.00
2	2	0.00	0.00	0.18	0.99	0.00
2	6	0.00	0.00	0.37	0.89	0.00
3	3	0.00	0.00	0.25	1.09	0.00
3	7	0.00	0.03	0.19	0.90	0.00
Core	CPU	C1%	C3%	C6%	C8%	C9%
-	-	0.03	0.03	12.69	0.91	0.00
0	0	0.00	0.18	97.47	0.00	0.00
0	4	0.00	0.00	0.27	1.09	0.00
1	1	0.00	0.00	0.64	1.19	0.00
1	5	0.00	0.02	1.46	0.69	0.00
2	2	0.22	0.02	0.29	1.00	0.00
2	6	0.00	0.00	0.85	0.90	0.00
3	3	0.00	0.03	0.31	0.69	0.00
3	7	0.00	0.00	0.27	1.74	0.00
Core	CPU	C1%	C3%	C6%	C8%	C9%
-	-	0.00	0.03	12.54	0.73	0.00
0	0	0.00	0.21	97.45	0.00	0.00
0	4	0.00	0.01	0.50	0.00	0.00
1	1	0.00	0.00	0.20	0.99	0.00
1	5	0.00	0.00	0.67	0.99	0.00
2	2	0.00	0.00	0.26	0.89	0.00
2	6	0.00	0.00	0.34	0.99	0.00
3	3	0.00	0.00	0.72	1.09	0.00
3	7	0.00	0.00	0.19	0.92	0.00
Core	CPU	C1%	C3%	C6%	C8%	C9%
-	-	0.10	0.06	12.52	1.01	0.00
0	0	0.00	0.39	96.95	0.00	0.00
0	4	0.00	0.00	0.65	0.09	0.00
1	1	0.00	0.00	0.63	1.09	0.00
1	5	0.00	0.05	0.20	0.99	0.00
2	2	0.79	0.01	0.19	0.70	0.00
2	6	0.00	0.00	0.58	2.17	0.00
3	3	0.00	0.00	0.67	1.29	0.00
3	7	0.00	0.00	0.25	1.75	0.00
Core	CPU	C1%	C3%	C6%	C8%	C9%
-	-	0.00	0.02	12.79	0.88	0.00
0	0	0.00	0.16	97.57	0.00	0.00
0	4	0.00	0.00	0.89	0.79	0.00
1	1	0.00	0.01	0.70	0.89	0.00
1	5	0.00	0.00	0.37	0.89	0.00
2	2	0.00	0.00	1.04	0.79	0.00
2	6	0.00	0.00	0.63	1.28	0.00
3	3	0.00	0.01	0.68	1.11	0.00
3	7	0.02	0.00	0.43	1.28	0.00
Core	CPU	C1%	C3%	C6%	C8%	C9%
-	-	0.00	0.04	12.61	0.85	0.00
0	0	0.00	0.29	97.46	0.00	0.00
0	4	0.00	0.00	0.63	1.09	0.00
1	1	0.00	0.03	0.52	0.39	0.00
1	5	0.00	0.01	0.30	0.71	0.00
2	2	0.00	0.00	0.98	0.89	0.00
2	6	0.00	0.00	0.36	0.89	0.00
3	3	0.00	0.00	0.44	1.47	0.00
3	7	0.00	0.00	0.23	1.38	0.00
Core	CPU	C1%	C3%	C6%	C8%	C9%
-	-	0.04	0.02	12.67	0.91	0.00
0	0	0.00	0.14	97.61	0.00	0.00
0	4	0.00	0.00	0.48	0.99	0.00
1	1	0.00	0.00	1.07	1.78	0.00
1	5	0.00	0.00	0.25	1.09	0.00
2	2	0.00	0.00	0.62	0.69	0.00
2	6	0.00	0.01	0.71	0.50	0.00
3	3	0.00	0.00	0.27	1.28	0.00
3	7	0.30	0.00	0.37	0.96	0.00
Core	CPU	C1%	C3%	C6%	C8%	C9%
-	-	0.00	0.03	12.59	0.83	0.00
0	0	0.00	0.21	97.54	0.00	0.00
0	4	0.00	0.01	0.50	0.00	0.00
1	1	0.00	0.01	0.51	1.28	0.00
1	5	0.00	0.00	0.88	1.29	0.00
2	2	0.00	0.00	0.16	1.09	0.00
2	6	0.00	0.00	0.24	1.29	0.00
3	3	0.00	0.00	0.71	0.79	0.00
3	7	0.00	0.00	0.19	0.91	0.00
Core	CPU	C1%	C3%	C6%	C8%	C9%
-	-	0.00	0.04	12.54	0.71	0.00
0	0	0.00	0.27	97.49	0.00	0.00
0	4	0.00	0.00	0.56	0.49	0.00
1	1	0.00	0.00	0.05	0.50	0.00
1	5	0.00	0.01	0.35	0.89	0.00
2	2	0.00	0.01	0.30	0.59	0.00
2	6	0.00	0.01	0.79	0.69	0.00
3	3	0.00	0.00	0.45	1.65	0.00
3	7	0.00	0.00	0.35	0.86	0.00
Core	CPU	C1%	C3%	C6%	C8%	C9%
-	-	0.01	0.06	12.73	4.39	0.31
0	0	0.00	0.21	97.57	0.00	0.00
0	4	0.00	0.00	0.10	0.50	0.00
1	1	0.01	0.19	0.99	29.63	0.00
1	5	0.00	0.04	1.32	1.19	0.00
2	2	0.00	0.00	0.25	1.09	0.00
2	6	0.00	0.00	0.92	0.39	0.00
3	3	0.00	0.02	0.43	0.99	2.49
3	7	0.03	0.00	0.28	1.32	0.00
Core	CPU	C1%	C3%	C6%	C8%	C9%
-	-	0.02	0.03	12.65	0.89	0.11
0	0	0.11	0.19	96.51	0.00	0.00
0	4	0.00	0.00	0.55	0.00	0.00
1	1	0.00	0.03	1.30	1.58	0.84
1	5	0.00	0.02	1.01	0.10	0.00
2	2	0.00	0.00	0.49	1.18	0.00
2	6	0.00	0.00	0.28	1.09	0.00
3	3	0.00	0.00	0.86	1.28	0.00
3	7	0.02	0.00	0.24	1.87	0.03
Core	CPU	C1%	C3%	C6%	C8%	C9%
-	-	0.00	0.03	12.42	1.02	0.00
0	0	0.00	0.19	97.53	0.00	0.00
0	4	0.00	0.00	0.19	1.09	0.00
1	1	0.00	0.00	0.31	1.58	0.00
1	5	0.00	0.01	0.57	1.29	0.00
2	2	0.00	0.00	0.23	1.18	0.00
2	6	0.00	0.02	0.19	1.19	0.00
3	3	0.00	0.00	0.10	0.99	0.00
3	7	0.00	0.00	0.28	0.84	0.00
Core	CPU	C1%	C3%	C6%	C8%	C9%
-	-	0.00	0.03	12.50	0.75	0.18
0	0	0.00	0.16	97.57	0.00	0.00
0	4	0.00	0.00	0.23	0.40	0.00
1	1	0.00	0.01	0.39	0.70	0.00
1	5	0.00	0.02	0.51	0.89	0.00
2	2	0.00	0.00	0.48	1.17	0.66
2	6	0.00	0.00	0.37	0.99	0.00
3	3	0.00	0.00	0.15	0.99	0.78
3	7	0.00	0.03	0.31	0.89	0.00
Core	CPU	C1%	C3%	C6%	C8%	C9%
-	-	0.03	0.04	12.48	0.73	0.00
0	0	0.00	0.29	97.42	0.00	0.00
0	4	0.00	0.00	0.27	1.19	0.00
1	1	0.00	0.00	0.45	0.59	0.00
1	5	0.00	0.01	0.83	1.20	0.00
2	2	0.16	0.00	0.00	0.11	0.00
2	6	0.00	0.00	0.47	0.11	0.00
3	3	0.08	0.04	0.16	1.27	0.00
3	7	0.00	0.00	0.26	1.36	0.00
Core	CPU	C1%	C3%	C6%	C8%	C9%
-	-	0.00	0.03	12.63	0.82	0.00
0	0	0.00	0.18	97.56	0.00	0.00
0	4	0.00	0.00	0.60	0.59	0.00
1	1	0.00	0.00	0.39	0.79	0.00
1	5	0.00	0.01	0.69	1.69	0.00
2	2	0.00	0.00	0.26	0.99	0.00
2	6	0.00	0.00	0.45	0.89	0.00
3	3	0.00	0.02	0.80	0.79	0.00
3	7	0.00	0.00	0.29	0.83	0.00
Core	CPU	C1%	C3%	C6%	C8%	C9%
-	-	0.00	0.03	12.64	0.72	0.00
0	0	0.00	0.22	97.52	0.00	0.00
0	4	0.00	0.00	0.15	0.49	0.00
1	1	0.00	0.00	0.72	0.40	0.00
1	5	0.00	0.01	0.92	0.98	0.00
2	2	0.00	0.00	0.59	0.69	0.00
2	6	0.00	0.00	0.47	1.08	0.00
3	3	0.00	0.00	0.55	1.18	0.00
3	7	0.00	0.00	0.24	0.97	0.00
Core	CPU	C1%	C3%	C6%	C8%	C9%
-	-	0.00	0.02	12.59	0.76	0.00
0	0	0.00	0.16	97.56	0.00	0.00
0	4	0.00	0.00	0.19	0.99	0.00
1	1	0.00	0.00	0.17	1.28	0.00
1	5	0.00	0.00	0.77	0.99	0.00
2	2	0.00	0.00	0.14	1.09	0.00
2	6	0.00	0.00	0.82	0.79	0.00
3	3	0.00	0.00	0.77	0.01	0.00
3	7	0.00	0.00	0.27	0.95	0.00
Core	CPU	C1%	C3%	C6%	C8%	C9%
-	-	0.00	0.03	12.81	1.00	0.00
0	0	0.00	0.18	97.55	0.00	0.00
0	4	0.00	0.02	0.20	0.40	0.00
1	1	0.00	0.00	0.30	1.59	0.00
1	5	0.00	0.01	1.01	1.57	0.00
2	2	0.00	0.00	1.36	1.09	0.00
2	6	0.00	0.00	1.34	0.89	0.00
3	3	0.00	0.00	0.44	0.69	0.00
3	7	0.00	0.02	0.29	1.79	0.00
Core	CPU	C1%	C3%	C6%	C8%	C9%
-	-	0.03	0.05	12.51	0.97	0.11
0	0	0.03	0.16	97.40	0.00	0.00
0	4	0.00	0.00	0.27	1.19	0.00
1	1	0.00	0.01	0.46	1.29	0.00
1	5	0.00	0.00	0.34	0.89	0.00
2	2	0.00	0.20	0.15	0.60	0.00
2	6	0.20	0.00	0.80	0.80	0.89
3	3	0.00	0.00	0.40	2.04	0.00
3	7	0.00	0.00	0.26	0.96	0.00
Core	CPU	C1%	C3%	C6%	C8%	C9%
-	-	0.00	0.03	12.47	0.88	0.00
0	0	0.00	0.21	97.51	0.00	0.00
0	4	0.00	0.00	0.10	0.50	0.00
1	1	0.00	0.04	0.49	1.37	0.00
1	5	0.00	0.00	0.77	1.19	0.00
2	2	0.00	0.00	0.25	0.99	0.00
2	6	0.00	0.00	0.23	1.19	0.00
3	3	0.00	0.02	0.20	0.90	0.00
3	7	0.00	0.00	0.19	0.93	0.00
Core	CPU	C1%	C3%	C6%	C8%	C9%
-	-	0.01	0.04	12.59	0.61	0.00
0	0	0.00	0.19	97.57	0.00	0.00
0	4	0.00	0.00	0.55	0.10	0.00
1	1	0.10	0.03	1.02	0.89	0.00
1	5	0.00	0.01	0.60	0.69	0.00
2	2	0.00	0.00	0.10	0.40	0.00
2	6	0.00	0.00	0.18	0.99	0.00
3	3	0.00	0.00	0.44	0.89	0.00
3	7	0.00	0.08	0.24	0.89	0.00
Core	CPU	C1%	C3%	C6%	C8%	C9%
-	-	0.00	0.02	12.82	1.11	0.43
0	0	0.00	0.15	97.54	0.00	0.00
0	4	0.00	0.00	1.07	1.58	0.00
1	1	0.00	0.03	0.68	0.89	0.00
1	5	0.00	0.00	0.86	1.08	0.00
2	2	0.00	0.00	0.73	1.19	0.00
2	6	0.00	0.00	0.31	1.29	0.00
3	3	0.00	0.00	0.34	1.19	3.39
3	7	0.00	0.01	1.06	1.62	0.04
Core	CPU	C1%	C3%	C6%	C8%	C9%
-	-	0.00	0.02	12.55	0.63	0.00
0	0	0.00	0.14	97.60	0.00	0.00
0	4	0.00	0.00	0.14	0.50	0.00
1	1	0.00	0.04	1.09	0.00	0.00
1	5	0.00	0.00	0.20	0.90	0.00
2	2	0.00	0.00	0.19	1.08	0.00
2	6	0.00	0.00	0.27	0.89	0.00
3	3	0.00	0.00	0.65	0.69	0.00
3	7	0.00	0.00	0.23	0.99	0.00
Core	CPU	C1%	C3%	C6%	C8%	C9%
-	-	0.18	0.08	12.54	0.99	0.00
0	0	0.00	0.21	97.54	0.00	0.00
0	4	0.00	0.00	0.27	0.89	0.00
1	1	0.00	0.00	0.47	1.29	0.00
1	5	0.00	0.00	0.14	0.99	0.00
2	2	0.00	0.02	0.36	0.89	0.00
2	6	0.72	0.00	0.88	1.10	0.00
3	3	0.00	0.00	0.37	1.88	0.00
3	7	0.71	0.39	0.27	0.85	0.00
Core	CPU	C1%	C3%	C6%	C8%	C9%
-	-	0.00	0.03	12.44	0.75	0.00
0	0	0.00	0.25	97.50	0.00	0.00
0	4	0.00	0.02	0.50	0.00	0.00
1	1	0.00	0.01	0.10	0.99	0.00
1	5	0.00	0.00	0.29	1.08	0.00
2	2	0.00	0.00	0.56	0.79	0.00
2	6	0.00	0.00	0.15	1.29	0.00
3	3	0.00	0.00	0.23	0.90	0.00
3	7	0.00	0.00	0.19	0.92	0.00
Core	CPU	C1%	C3%	C6%	C8%	C9%
-	-	0.00	0.04	12.69	0.84	0.00
0	0	0.00	0.29	97.43	0.00	0.00
0	4	0.00	0.00	0.65	0.00	0.00
1	1	0.00	0.00	0.49	1.09	0.00
1	5	0.00	0.02	1.62	0.99	0.00
2	2	0.00	0.00	0.10	0.79	0.00
2	6	0.00	0.00	0.47	0.99	0.00
3	3	0.00	0.02	0.43	1.17	0.00
3	7	0.00	0.00	0.30	1.65	0.00
Core	CPU	C1%	C3%	C6%	C8%	C9%
-	-	0.01	0.03	12.52	0.77	0.00
0	0	0.00	0.20	97.53	0.00	0.00
0	4	0.00	0.00	0.40	0.20	0.00
1	1	0.00	0.00	0.28	0.99	0.00
1	5	0.00	0.03	0.67	1.09	0.00
2	2	0.00	0.00	0.15	0.99	0.00
2	6	0.00	0.00	0.53	1.29	0.00
3	3	0.00	0.01	0.35	0.69	0.00
3	7	0.05	0.00	0.29	0.94	0.00
Core	CPU	C1%	C3%	C6%	C8%	C9%
-	-	0.00	0.03	12.67	0.77	0.00
0	0	0.00	0.17	97.55	0.00	0.00
0	4	0.00	0.00	0.24	1.19	0.00
1	1	0.00	0.02	0.35	0.50	0.00
1	5	0.00	0.03	1.19	0.90	0.00
2	2	0.00	0.00	0.88	0.79	0.00
2	6	0.00	0.00	0.36	0.89	0.00
3	3	0.00	0.00	0.45	0.98	0.00
3	7	0.00	0.00	0.33	0.89	0.00
Core	CPU	C1%	C3%	C6%	C8%	C9%
-	-	0.03	0.02	12.65	0.91	0.00
0	0	0.00	0.10	97.63	0.00	0.00
0	4	0.00	0.00	0.18	0.99	0.00
1	1	0.00	0.00	0.26	0.99	0.00
1	5	0.00	0.01	0.46	1.09	0.00
2	2	0.00	0.00	0.92	0.49	0.00
2	6	0.22	0.01	1.10	0.70	0.00
3	3	0.00	0.00	0.23	1.86	0.00
3	7	0.00	0.00	0.41	1.15	0.00
Core	CPU	C1%	C3%	C6%	C8%	C9%
-	-	0.00	0.03	12.69	1.04	0.00
0	0	0.00	0.21	97.52	0.00	0.00
0	4	0.00	0.02	0.50	0.00	0.00
1	1	0.00	0.00	0.40	1.19	0.00
1	5	0.00	0.03	0.98	1.58	0.00
2	2	0.00	0.00	0.56	1.19	0.00
2	6	0.00	0.00	1.03	1.78	0.00
3	3	0.00	0.00	0.32	1.29	0.00
3	7	0.00	0.00	0.20	1.31	0.00
Core	CPU	C1%	C3%	C6%	C8%	C9%
-	-	0.00	0.03	12.61	0.76	0.00
0	0	0.00	0.20	97.55	0.00	0.00
0	4	0.00	0.00	0.56	0.39	0.00
1	1	0.00	0.00	0.15	0.60	0.00
1	5	0.00	0.00	0.45	0.70	0.00
2	2	0.00	0.01	0.49	0.60	0.00
2	6	0.00	0.00	0.80	0.88	0.00
3	3	0.00	0.00	0.55	1.96	0.00
3	7	0.00	0.00	0.35	0.96	0.00
Core	CPU	C1%	C3%	C6%	C8%	C9%
-	-	0.00	0.05	12.63	2.30	0.43
0	0	0.00	0.16	97.59	0.00	0.00
0	4	0.00	0.00	0.10	0.50	0.00
1	1	0.00	0.10	0.78	12.87	0.00
1	5	0.00	0.04	0.57	1.18	0.00
2	2	0.00	0.05	0.20	1.19	0.00
2	6	0.00	0.00	0.82	0.79	0.00
3	3	0.00	0.02	0.76	0.81	0.00
3	7	0.02	0.01	0.19	1.03	3.43
Core	CPU	C1%	C3%	C6%	C8%	C9%
-	-	0.02	0.03	12.78	2.70	0.00
0	0	0.00	0.19	97.55	0.00	0.00
0	4	0.00	0.00	0.55	0.00	0.00
1	1	0.00	0.06	0.72	15.89	0.00
1	5	0.17	0.03	1.00	0.09	0.00
2	2	0.00	0.00	0.69	0.89	0.00
2	6	0.00	0.00	0.29	1.96	0.00
3	3	0.00	0.00	1.24	1.57	0.00
3	7	0.00	0.00	0.24	1.17	0.00
Core	CPU	C1%	C3%	C6%	C8%	C9%
-	-	0.03	0.04	12.76	0.94	0.00
0	0	0.00	0.21	97.51	0.00	0.00
0	4	0.00	0.00	0.68	1.09	0.00
1	1	0.00	0.00	0.97	1.48	0.00
1	5	0.00	0.00	1.72	0.70	0.00
2	2	0.00	0.00	0.53	1.19	0.00
2	6	0.22	0.13	0.10	1.39	0.00
3	3	0.00	0.00	0.25	0.89	0.00
3	7	0.00	0.00	0.28	0.79	0.00
Core	CPU	C1%	C3%	C6%	C8%	C9%
-	-	0.00	0.03	12.53	0.79	0.00
0	0	0.00	0.16	97.57	0.00	0.00
0	4	0.00	0.00	0.27	1.29	0.00
1	1	0.00	0.03	0.70	0.50	0.00
1	5	0.00	0.01	0.20	0.50	0.00
2	2	0.00	0.00	0.38	0.98	0.00
2	6	0.00	0.00	0.27	0.89	0.00
3	3	0.00	0.00	0.15	1.28	0.00
3	7	0.00	0.03	0.70	0.89	0.00
Core	CPU	C1%	C3%	C6%	C8%	C9%
-	-	0.00	0.02	12.63	1.00	0.00
0	0	0.00	0.16	97.62	0.00	0.00
0	4	0.00	0.00	0.37	0.60	0.00
1	1	0.00	0.02	0.47	1.67	0.00
1	5	0.00	0.00	0.63	0.70	0.00
2	2	0.00	0.02	0.59	0.50	0.00
2	6	0.00	0.00	0.88	1.59	0.00
3	3	0.00	0.00	0.19	1.18	0.00
3	7	0.00	0.00	0.27	1.78	0.00
Core	CPU	C1%	C3%	C6%	C8%	C9%
-	-	0.00	0.03	12.70	1.02	0.43
0	0	0.00	0.17	97.56	0.00	0.00
0	4	0.00	0.01	0.50	0.00	0.00
1	1	0.00	0.00	1.30	0.89	0.00
1	5	0.00	0.00	0.38	1.58	0.00
2	2	0.00	0.06	0.69	1.39	0.00
2	6	0.00	0.00	0.25	1.28	0.00
3	3	0.00	0.00	0.42	1.39	0.00
3	7	0.00	0.00	0.47	1.61	3.44
Core	CPU	C1%	C3%	C6%	C8%	C9%
-	-	0.00	0.06	12.69	0.74	0.00
0	0	0.00	0.44	97.27	0.00	0.00
0	4	0.00	0.00	0.80	0.19	0.00
1	1	0.00	0.01	0.55	0.50	0.00
1	5	0.00	0.03	0.70	1.09	0.00
2	2	0.00	0.00	0.10	0.79	0.00
2	6	0.00	0.00	1.36	0.79	0.00
3	3	0.00	0.00	0.37	1.18	0.00
3	7	0.00	0.00	0.37	1.38	0.00
Core	CPU	C1%	C3%	C6%	C8%	C9%
-	-	0.05	0.03	12.51	1.10	0.00
0	0	0.00	0.21	97.50	0.00	0.00
0	4	0.00	0.00	0.49	1.57	0.00
1	1	0.00	0.00	0.48	0.99	0.00
1	5	0.00	0.01	0.48	1.29	0.00
2	2	0.00	0.00	0.25	0.89	0.00
2	6	0.39	0.00	0.14	1.28	0.00
3	3	0.00	0.02	0.30	1.19	0.00
3	7	0.00	0.00	0.44	1.58	0.00
Core	CPU	C1%	C3%	C6%	C8%	C9%
-	-	0.07	0.02	12.49	0.84	0.00
0	0	0.00	0.16	97.53	0.00	0.00
0	4	0.00	0.00	0.44	0.49	0.00
1	1	0.00	0.02	0.49	0.01	0.00
1	5	0.00	0.01	0.41	1.28	0.00
2	2	0.00	0.00	0.19	0.99	0.00
2	6	0.58	0.00	0.28	0.99	0.00
3	3	0.00	0.00	0.44	1.78	0.00
3	7	0.00	0.00	0.14	1.18	0.00
Core	CPU	C1%	C3%	C6%	C8%	C9%
-	-	0.00	0.04	12.54	1.06	0.00
0	0	0.00	0.20	97.54	0.00	0.00
0	4	0.00	0.00	0.22	0.99	0.00
1	1	0.00	0.00	0.76	1.29	0.00
1	5	0.00	0.00	0.47	1.39	0.00
2	2	0.00	0.00	0.24	0.99	0.00
2	6	0.00	0.12	0.10	1.09	0.00
3	3	0.00	0.00	0.20	1.48	0.00
3	7	0.00	0.00	0.77	1.28	0.00
Core	CPU	C1%	C3%	C6%	C8%	C9%
-	-	0.00	0.03	12.59	0.84	0.00
0	0	0.00	0.23	97.49	0.00	0.00
0	4	0.00	0.00	0.21	0.40	0.00
1	1	0.00	0.00	0.20	0.90	0.00
1	5	0.00	0.01	1.17	1.09	0.00
2	2	0.00	0.00	0.27	1.08	0.00
2	6	0.00	0.00	0.45	0.89	0.00
3	3	0.00	0.00	0.63	1.08	0.00
3	7	0.02	0.03	0.27	1.28	0.00
Core	CPU	C1%	C3%	C6%	C8%	C9%
-	-	0.00	0.02	12.61	0.78	0.00
0	0	0.00	0.14	97.57	0.00	0.00
0	4	0.00	0.00	0.86	0.50	0.00
1	1	0.00	0.01	0.84	0.69	0.00
1	5	0.00	0.02	0.56	0.97	0.00
2	2	0.00	0.01	0.30	0.40	0.00
2	6	0.00	0.00	0.01	0.70	0.00
3	3	0.00	0.00	0.28	1.38	0.00
3	7	0.00	0.00	0.46	1.58	0.00
Core	CPU	C1%	C3%	C6%	C8%	C9%
-	-	0.09	0.03	12.56	0.94	0.00
0	0	0.00	0.20	97.47	0.00	0.00
0	4	0.00	0.00	0.10	0.50	0.00
1	1	0.00	0.01	0.89	0.69	0.00
1	5	0.00	0.02	0.57	1.19	0.00
2	2	0.00	0.00	0.25	0.99	0.00
2	6	0.00	0.00	0.34	1.21	0.00
3	3	0.70	0.02	0.47	1.59	0.00
3	7	0.00	0.00	0.35	1.39	0.00
Core	CPU	C1%	C3%	C6%	C8%	C9%
-	-	0.00	0.03	12.78	0.70	0.00
0	0	0.00	0.21	97.52	0.00	0.00
0	4	0.00	0.00	0.55	0.19	0.00
1	1	0.00	0.01	1.01	0.39	0.00
1	5	0.00	0.02	1.21	0.59	0.00
2	2	0.00	0.00	0.59	1.09	0.00
2	6	0.00	0.00	0.38	0.89	0.00
3	3	0.00	0.00	0.36	1.09	0.00
3	7	0.00	0.00	0.63	1.38	0.00
Core	CPU	C1%	C3%	C6%	C8%	C9%
-	-	0.01	0.03	12.53	1.04	0.00
0	0	0.10	0.21	97.41	0.00	0.00
0	4	0.00	0.00	0.23	0.99	0.00
1	1	0.00	0.00	0.27	1.19	0.00
1	5	0.00	0.04	1.34	1.98	0.00
2	2	0.00	0.00	0.24	0.99	0.00
2	6	0.00	0.02	0.29	1.09	0.00
3	3	0.00	0.00	0.10	1.09	0.00
3	7	0.00	0.00	0.39	0.99	0.00
Core	CPU	C1%	C3%	C6%	C8%	C9%
-	-	0.00	0.03	12.51	0.73	0.25
0	0	0.00	0.22	97.51	0.00	0.00
0	4	0.00	0.00	0.14	0.40	0.00
1	1	0.00	0.01	0.30	0.60	0.00
1	5	0.00	0.00	0.61	0.70	0.00
2	2	0.00	0.00	0.87	0.79	0.00
2	6	0.00	0.00	0.37	0.89	0.00
3	3	0.00	0.00	0.15	1.18	1.99
3	7	0.01	0.03	0.15	1.28	0.00
Core	CPU	C1%	C3%	C6%	C8%	C9%
-	-	0.09	0.03	12.69	0.84	0.00
0	0	0.00	0.20	97.51	0.00	0.00
0	4	0.00	0.00	0.47	1.28	0.00
1	1	0.01	0.00	1.05	0.59	0.00
1	5	0.00	0.04	0.64	0.99	0.00
2	2	0.00	0.02	0.42	0.80	0.00
2	6	0.72	0.00	0.63	0.80	0.00
3	3	0.00	0.00	0.21	1.38	0.00
3	7	0.00	0.01	0.56	0.89	0.00
Core	CPU	C1%	C3%	C6%	C8%	C9%
-	-	0.04	0.09	12.56	0.92	0.00
0	0	0.00	0.28	97.28	0.00	0.00
0	4	0.00	0.01	0.63	0.00	0.00
1	1	0.00	0.38	0.57	0.69	0.00
1	5	0.00	0.01	0.39	1.38	0.00
2	2	0.31	0.00	0.46	1.48	0.00
2	6	0.00	0.00	0.25	0.99	0.00
3	3	0.00	0.00	0.41	1.68	0.00
3	7	0.00	0.00	0.49	1.09	0.00
Core	CPU	C1%	C3%	C6%	C8%	C9%
-	-	0.00	0.04	12.57	0.74	0.00
0	0	0.00	0.31	97.39	0.00	0.00
0	4	0.00	0.00	0.30	0.69	0.00
1	1	0.00	0.00	0.23	0.99	0.00
1	5	0.00	0.03	1.67	0.59	0.00
2	2	0.00	0.00	0.00	0.50	0.00
2	6	0.00	0.00	0.28	0.99	0.00
3	3	0.00	0.00	0.37	1.28	0.00
3	7	0.00	0.00	0.35	0.89	0.00
Core	CPU	C1%	C3%	C6%	C8%	C9%
-	-	0.00	0.02	12.54	1.01	0.00
0	0	0.00	0.14	97.42	0.00	0.00
0	4	0.00	0.02	0.34	2.16	0.00
1	1	0.00	0.00	0.28	0.89	0.00
1	5	0.00	0.00	0.58	1.19	0.00
2	2	0.00	0.00	0.34	0.99	0.00
2	6	0.00	0.00	0.54	0.79	0.00
3	3	0.00	0.01	0.39	1.09	0.00
3	7	0.00	0.00	0.39	0.99	0.00
Core	CPU	C1%	C3%	C6%	C8%	C9%
-	-	0.00	0.04	12.69	0.96	0.43
0	0	0.00	0.20	97.52	0.00	0.00
0	4	0.00	0.07	0.90	0.00	0.00
1	1	0.00	0.01	0.94	0.70	0.00
1	5	0.00	0.01	0.52	1.29	0.00
2	2	0.00	0.00	0.29	1.68	0.00
2	6	0.00	0.00	0.76	1.38	0.00
3	3	0.00	0.00	0.35	1.18	0.00
3	7	0.00	0.00	0.27	1.48	3.45
Core	CPU	C1%	C3%	C6%	C8%	C9%
-	-	0.00	0.02	12.66	0.82	0.00
0	0	0.00	0.16	97.57	0.00	0.00
0	4	0.00	0.00	0.77	0.89	0.00
1	1	0.00	0.00	0.36	0.99	0.00
1	5	0.00	0.01	0.47	1.18	0.00
2	2	0.00	0.00	0.92	0.49	0.00
2	6	0.00	0.01	0.80	0.79	0.00
3	3	0.00	0.00	0.10	1.38	0.00
3	7	0.00	0.00	0.27	0.85	0.00
Core	CPU	C1%	C3%	C6%	C8%	C9%
-	-	0.07	0.05	12.77	2.47	0.10
0	0	0.00	0.25	97.03	0.00	0.00
0	4	0.00	0.01	0.50	0.00	0.00
1	1	0.01	0.13	1.13	14.80	0.00
1	5	0.00	0.01	1.60	0.70	0.00
2	2	0.01	0.00	0.32	0.99	0.00
2	6	0.52	0.00	0.64	1.09	0.80
3	3	0.00	0.00	0.72	0.90	0.00
3	7	0.00	0.00	0.19	1.32	0.00
Core	CPU	C1%	C3%	C6%	C8%	C9%
-	-	0.00	0.03	12.68	2.38	0.00
0	0	0.00	0.19	97.54	0.00	0.00
0	4	0.00	0.00	0.56	0.39	0.00
1	1	0.00	0.05	0.65	14.31	0.00
1	5	0.00	0.04	0.91	0.00	0.00
2	2	0.00	0.00	0.10	0.80	0.00
2	6	0.00	0.00	0.98	1.00	0.00
3	3	0.00	0.00	0.46	1.28	0.00
3	7	0.00	0.00	0.25	1.26	0.00
Core	CPU	C1%	C3%	C6%	C8%	C9%
-	-	0.01	0.02	12.79	1.10	0.00
0	0	0.00	0.17	97.38	0.00	0.00
0	4	0.10	0.00	1.04	1.89	0.00
1	1	0.00	0.00	0.87	0.39	0.00
1	5	0.00	0.00	0.68	1.10	0.00
2	2	0.00	0.00	0.84	1.09	0.00
2	6	0.00	0.02	0.98	1.09	0.00
3	3	0.00	0.01	0.32	2.28	0.00
3	7	0.00	0.00	0.19	0.93	0.00
Core	CPU	C1%	C3%	C6%	C8%	C9%
-	-	0.00	0.03	12.77	0.77	0.00
0	0	0.00	0.19	97.54	0.00	0.00
0	4	0.00	0.00	0.51	0.77	0.00
1	1	0.00	0.00	0.82	0.79	0.00
1	5	0.00	0.02	1.19	0.89	0.00
2	2	0.00	0.00	0.29	0.99	0.00
2	6	0.00	0.00	1.16	0.69	0.00
3	3	0.00	0.00	0.36	0.99	0.00
3	7	0.00	0.00	0.26	1.08	0.00
Core	CPU	C1%	C3%	C6%	C8%	C9%
-	-	0.00	0.03	12.73	0.79	0.00
0	0	0.00	0.19	97.53	0.00	0.00
0	4	0.00	0.00	0.28	1.09	0.00
1	1	0.00	0.00	0.26	1.09	0.00
1	5	0.00	0.00	1.25	0.98	0.00
2	2	0.00	0.00	1.02	0.39	0.00
2	6	0.00	0.02	1.08	0.39	0.00
3	3	0.00	0.00	0.10	1.18	0.00
3	7	0.00	0.00	0.28	1.23	0.00
Core	CPU	C1%	C3%	C6%	C8%	C9%
-	-	0.03	0.03	12.62	0.76	0.00
0	0	0.00	0.24	97.50	0.00	0.00
0	4	0.02	0.00	0.04	0.68	0.00
1	1	0.00	0.00	0.10	0.80	0.00
1	5	0.00	0.00	0.61	0.99	0.00
2	2	0.00	0.00	0.27	0.99	0.00
2	6	0.22	0.00	0.66	1.19	0.00
3	3	0.00	0.00	0.89	0.30	0.00
3	7	0.00	0.01	0.89	1.10	0.00
Core	CPU	C1%	C3%	C6%	C8%	C9%
-	-	0.00	0.02	12.47	0.80	0.00
0	0	0.00	0.16	97.56	0.00	0.00
0	4	0.00	0.00	0.36	1.29	0.00
1	1	0.00	0.00	0.15	1.19	0.00
1	5	0.00	0.01	0.55	0.99	0.00
2	2	0.00	0.01	0.30	0.40	0.00
2	6	0.00	0.00	0.19	0.80	0.00
3	3	0.00	0.00	0.28	0.89	0.00
3	7	0.00	0.00	0.36	0.86	0.00
Core	CPU	C1%	C3%	C6%	C8%	C9%
-	-	0.00	0.03	12.56	0.86	0.00
0	0	0.00	0.20	97.53	0.00	0.00
0	4	0.00	0.00	0.50	0.40	0.00
1	1	0.00	0.00	0.78	1.18	0.00
1	5	0.00	0.01	0.90	1.27	0.00
2	2	0.00	0.00	0.16	1.09	0.00
2	6	0.00	0.00	0.14	1.19	0.00
3	3	0.00	0.02	0.29	0.79	0.00
3	7	0.00	0.00	0.19	0.93	0.00
Core	CPU	C1%	C3%	C6%	C8%	C9%
-	-	0.00	0.04	12.66	0.74	0.00
0	0	0.00	0.31	97.40	0.00	0.00
0	4	0.00	0.00	0.20	0.40	0.00
1	1	0.00	0.02	0.59	0.81	0.00
1	5	0.00	0.01	1.42	0.40	0.00
2	2	0.00	0.00	0.59	1.18	0.00
2	6	0.00	0.00	0.37	0.99	0.00
3	3	0.00	0.00	0.36	0.79	0.00
3	7	0.02	0.00	0.34	1.38	0.00
Core	CPU	C1%	C3%	C6%	C8%	C9%
-	-	0.00	0.03	12.74	1.09	0.00
0	0	0.00	0.18	97.57	0.00	0.00
0	4	0.00	0.00	0.58	0.59	0.00
1	1	0.00	0.00	0.46	1.79	0.00
1	5	0.00	0.04	0.92	1.58	0.00
2	2	0.00	0.00	0.34	1.08	0.00
2	6	0.00	0.02	0.79	1.78	0.00
3	3	0.00	0.00	0.59	1.38	0.00
3	7	0.00	0.00	0.67	0.55	0.00
Core	CPU	C1%	C3%	C6%	C8%	C9%
-	-	0.18	0.02	12.82	0.51	0.00
0	0	0.00	0.16	97.56	0.00	0.00
0	4	0.01	0.00	0.42	0.20	0.01
1	1	0.00	0.00	0.59	0.20	0.00
1	5	0.00	0.03	1.08	0.19	0.00
2	2	0.00	0.00	0.27	0.99	0.00
2	6	0.72	0.00	0.84	1.08	0.00
3	3	0.00	0.00	1.01	0.60	0.00
3	7	0.70	0.02	0.79	0.80	0.00
Core	CPU	C1%	C3%	C6%	C8%	C9%
-	-	0.00	0.02	12.63	0.71	0.00
0	0	0.00	0.12	97.62	0.00	0.00
0	4	0.00	0.00	0.37	0.89	0.00
1	1	0.00	0.00	0.45	0.99	0.00
1	5	0.00	0.01	1.24	0.49	0.00
2	2	0.00	0.01	0.59	0.60	0.00
2	6	0.00	0.00	0.10	0.99	0.00
3	3	0.00	0.00	0.28	0.89	0.00
3	7	0.00	0.00	0.36	0.86	0.00
Core	CPU	C1%	C3%	C6%	C8%	C9%
-	-	0.00	0.04	12.50	0.91	0.00
0	0	0.00	0.23	97.46	0.00	0.00
0	4	0.00	0.00	0.10	0.40	0.00
1	1	0.00	0.04	0.29	1.28	0.00
1	5	0.00	0.01	1.16	1.27	0.00
2	2	0.00	0.00	0.25	1.09	0.00
2	6	0.00	0.00	0.23	1.09	0.00
3	3	0.00	0.02	0.30	0.80	0.00
3	7	0.00	0.00	0.19	1.32	0.00
Core	CPU	C1%	C3%	C6%	C8%	C9%
-	-	0.01	0.03	12.63	0.72	0.00
0	0	0.00	0.19	97.55	0.00	0.00
0	4	0.02	0.00	0.59	0.00	0.01
1	1	0.00	0.00	0.73	0.69	0.00
1	5	0.00	0.00	1.01	0.99	0.00
2	2	0.00	0.00	0.39	1.09	0.00
2	6	0.00	0.00	0.19	0.99	0.00
3	3	0.00	0.00	0.36	0.89	0.00
3	7	0.05	0.09	0.24	1.08	0.03
Core	CPU	C1%	C3%	C6%	C8%	C9%
-	-	0.02	0.03	12.58	1.14	0.00
0	0	0.01	0.19	97.36	0.00	0.00
0	4	0.00	0.00	1.10	1.58	0.00
1	1	0.00	0.00	0.37	1.19	0.00
1	5	0.00	0.02	0.78	1.17	0.00
2	2	0.00	0.00	0.14	1.19	0.00
2	6	0.00	0.00	0.22	1.09	0.00
3	3	0.00	0.00	0.15	1.29	0.00
3	7	0.19	0.00	0.56	1.62	0.00
Core	CPU	C1%	C3%	C6%	C8%	C9%
-	-	0.03	0.03	12.72	1.13	0.11
0	0	0.03	0.20	96.93	0.00	0.00
0	4	0.21	0.01	0.43	1.78	0.88
1	1	0.00	0.02	0.30	0.60	0.00
1	5	0.00	0.00	1.01	0.99	0.00
2	2	0.00	0.00	0.38	0.99	0.00
2	6	0.00	0.00	0.38	0.89	0.00
3	3	0.00	0.00	1.47	1.77	0.00
3	7	0.00	0.00	0.85	2.00	0.00
Core	CPU	C1%	C3%	C6%	C8%	C9%
-	-	0.00	0.04	12.70	0.87	0.00
0	0	0.00	0.28	97.42	0.00	0.00
0	4	0.00	0.00	0.87	0.30	0.00
1	1	0.00	0.00	0.15	1.29	0.00
1	5	0.00	0.04	0.84	1.19	0.00
2	2	0.00	0.02	0.89	0.90	0.00
2	6	0.00	0.00	0.19	1.09	0.00
3	3	0.00	0.00	0.39	0.69	0.00
3	7	0.00	0.00	0.84	1.54	0.00
Core	CPU	C1%	C3%	C6%	C8%	C9%
-	-	0.00	0.03	12.50	0.77	0.00
0	0	0.00	0.21	97.52	0.00	0.00
0	4	0.00	0.02	0.54	0.19	0.00
1	1	0.00	0.00	0.20	0.79	0.00
1	5	0.00	0.01	0.51	1.08	0.00
2	2	0.00	0.00	0.55	1.19	0.00
2	6	0.00	0.00	0.15	1.19	0.00
3	3	0.00	0.00	0.22	0.90	0.00
3	7	0.00	0.00	0.29	0.83	0.00
Core	CPU	C1%	C3%	C6%	C8%	C9%
-	-	0.00	0.03	12.67	0.55	0.00
0	0	0.00	0.26	97.47	0.00	0.00
0	4	0.02	0.00	0.61	0.00	0.00
1	1	0.00	0.00	0.63	0.30	0.00
1	5	0.00	0.00	0.92	0.30	0.00
2	2	0.00	0.00	0.10	0.40	0.00
2	6	0.00	0.00	0.28	1.09	0.00
3	3	0.00	0.00	0.88	1.49	0.00
3	7	0.00	0.00	0.48	0.87	0.00
Core	CPU	C1%	C3%	C6%	C8%	C9%
-	-	0.00	0.02	12.55	0.91	0.00
0	0	0.00	0.15	97.57	0.00	0.00
0	4	0.00	0.00	0.49	0.69	0.00
1	1	0.00	0.00	0.67	1.09	0.00
1	5	0.00	0.01	0.78	0.99	0.00
2	2	0.00	0.00	0.44	1.28	0.00
2	6	0.00	0.00	0.13	1.29	0.00
3	3	0.00	0.00	0.10	0.99	0.00
3	7	0.00	0.00	0.19	0.93	0.00
Core	CPU	C1%	C3%	C6%	C8%	C9%
-	-	0.06	0.03	12.55	0.95	0.11
0	0	0.00	0.19	97.38	0.00	0.00
0	4	0.51	0.00	0.33	2.30	0.89
1	1	0.00	0.01	0.30	0.40	0.00
1	5	0.00	0.01	1.07	0.99	0.00
2	2	0.00	0.00	0.24	0.99	0.00
2	6	0.00	0.00	0.36	0.89	0.00
3	3	0.00	0.00	0.35	0.79	0.00
3	7	0.00	0.02	0.37	1.28	0.00
Core	CPU	C1%	C3%	C6%	C8%	C9%
-	-	0.00	0.03	12.78	0.86	0.00
0	0	0.00	0.20	97.54	0.00	0.00
0	4	0.00	0.00	0.39	1.28	0.00
1	1	0.00	0.00	0.26	0.89	0.00
1	5	0.00	0.01	0.94	1.28	0.00
2	2	0.00	0.00	0.93	0.39	0.00
2	6	0.00	0.01	0.80	0.79	0.00
3	3	0.00	0.00	0.59	1.38	0.00
3	7	0.00	0.00	0.82	0.85	0.00
Core	CPU	C1%	C3%	C6%	C8%	C9%
-	-	0.02	0.06	12.63	2.65	0.00
0	0	0.00	0.27	97.32	0.00	0.00
0	4	0.18	0.02	0.78	0.69	0.00
1	1	0.01	0.19	0.67	15.78	0.00
1	5	0.00	0.00	0.40	1.09	0.00
2	2	0.00	0.00	0.20	1.19	0.00
2	6	0.00	0.00	0.24	0.91	0.00
3	3	0.00	0.00	0.73	1.18	0.00
3	7	0.00	0.00	0.71	0.40	0.00
Core	CPU	C1%	C3%	C6%	C8%	C9%
-	-	0.00	0.03	12.71	2.30	0.00
0	0	0.00	0.14	97.60	0.00	0.00
0	4	0.00	0.03	0.68	0.68	0.00
1	1	0.00	0.02	0.75	13.10	0.00
1	5	0.00	0.01	0.55	0.99	0.00
2	2	0.00	0.01	0.30	0.90	0.00
2	6	0.00	0.00	0.79	0.99	0.00
3	3	0.00	0.00	0.38	1.08	0.00
3	7	0.00	0.02	0.65	0.67	0.00
Core	CPU	C1%	C3%	C6%	C8%	C9%
-	-	0.00	0.04	12.88	1.19	0.00
0	0	0.00	0.29	97.28	0.00	0.00
0	4	0.00	0.00	0.30	0.40	0.00
1	1	0.00	0.00	1.37	1.28	0.00
1	5	0.00	0.04	2.06	2.96	0.00
2	2	0.00	0.00	0.25	0.99	0.00
2	6	0.00	0.00	0.23	0.99	0.00
3	3	0.00	0.02	0.38	1.09	0.00
3	7	0.00	0.00	1.17	1.81	0.00
Core	CPU	C1%	C3%	C6%	C8%	C9%
-	-	0.06	0.03	12.69	1.04	0.00
0	0	0.00	0.20	97.37	0.00	0.00
0	4	0.24	0.00	0.10	1.09	0.00
1	1	0.22	0.00	0.82	0.70	0.00
1	5	0.00	0.03	1.21	0.89	0.00
2	2	0.00	0.00	0.20	1.39	0.00
2	6	0.00	0.00	0.96	1.38	0.00
3	3	0.00	0.00	0.51	1.57	0.00
3	7	0.00	0.00	0.34	1.27	0.00
Core	CPU	C1%	C3%	C6%	C8%	C9%
-	-	0.00	0.02	12.77	0.86	0.00
0	0	0.00	0.16	97.56	0.00	0.00
0	4	0.00	0.00	0.78	0.59	0.00
1	1	0.00	0.00	0.96	0.99	0.00
1	5	0.00	0.00	1.11	1.09	0.00
2	2	0.00	0.00	0.24	1.09	0.00
2	6	0.00	0.02	0.38	0.89	0.00
3	3	0.00	0.00	0.81	1.40	0.00
3	7	0.00	0.00	0.28	0.84	0.00
Core	CPU	C1%	C3%	C6%	C8%	C9%
-	-	0.00	0.03	12.46	0.87	0.00
0	0	0.00	0.20	97.37	0.00	0.00
0	4	0.00	0.01	0.21	1.08	0.00
1	1	0.00	0.01	0.30	0.40	0.00
1	5	0.00	0.01	0.45	1.18	0.00
2	2	0.00	0.00	0.28	1.08	0.00
2	6	0.00	0.00	0.20	1.28	0.00
3	3	0.00	0.00	0.64	0.99	0.00
3	7	0.00	0.02	0.21	0.98	0.00
Core	CPU	C1%	C3%	C6%	C8%	C9%
-	-	0.00	0.03	12.75	1.06	0.05
0	0	0.00	0.20	97.52	0.00	0.00
0	4	0.00	0.00	0.80	2.27	0.38
1	1	0.00	0.00	0.64	1.19	0.00
1	5	0.00	0.02	2.10	0.89	0.00
2	2	0.00	0.02	0.20	0.70	0.00
2	6	0.00	0.00	0.19	0.99	0.00
3	3	0.00	0.00	0.19	1.08	0.00
3	7	0.03	0.00	0.34	1.34	0.00
Core	CPU	C1%	C3%	C6%	C8%	C9%
-	-	0.00	0.03	12.52	0.76	0.00
0	0	0.00	0.23	97.49	0.00	0.00
0	4	0.00	0.01	0.50	0.00	0.00
1	1	0.00	0.00	0.68	0.39	0.00
1	5	0.00	0.04	0.58	1.38	0.00
2	2	0.00	0.00	0.26	1.09	0.00
2	6	0.00	0.00	0.15	1.09	0.00
3	3	0.00	0.00	0.32	1.09	0.00
3	7	0.00	0.00	0.19	1.02	0.00
