Core	CPU	C1%	C3%	C6%	C8%	C9%
-	-	0.02	0.72	71.98	15.83	0.00
0	0	0.01	0.43	73.80	15.23	0.00
0	4	0.01	0.58	72.20	17.90	0.00
1	1	0.06	0.43	73.45	15.68	0.00
1	5	0.06	0.40	71.01	19.67	0.00
2	2	0.01	0.49	70.33	19.57	0.00
2	6	0.01	0.55	70.76	19.74	0.00
3	3	0.00	0.59	79.50	10.26	0.00
3	7	0.02	2.27	64.61	8.58	0.00
Core	CPU	C1%	C3%	C6%	C8%	C9%
-	-	0.03	0.71	71.67	16.22	0.00
0	0	0.00	0.49	73.82	15.14	0.00
0	4	0.01	0.49	72.11	18.52	0.00
1	1	0.01	0.31	75.08	14.93	0.00
1	5	0.00	0.53	70.82	19.95	0.00
2	2	0.01	0.53	69.15	20.73	0.00
2	6	0.00	0.38	70.31	20.47	0.00
3	3	0.00	0.47	78.12	11.81	0.00
3	7	0.20	2.45	64.44	8.35	0.00
Core	CPU	C1%	C3%	C6%	C8%	C9%
-	-	0.01	0.68	71.66	16.38	0.00
0	0	0.01	0.55	71.80	17.26	0.00
0	4	0.00	0.53	70.90	19.72	0.00
1	1	0.01	0.25	74.56	15.33	0.00
1	5	0.00	0.31	69.66	21.31	0.00
2	2	0.01	0.57	70.81	19.08	0.00
2	6	0.00	0.36	69.17	21.71	0.00
3	3	0.00	0.57	79.95	9.84	0.00
3	7	0.01	2.29	66.50	6.76	0.00
Core	CPU	C1%	C3%	C6%	C8%	C9%
-	-	0.01	0.72	71.28	16.65	0.00
0	0	0.00	0.56	71.03	17.90	0.00
0	4	0.01	0.53	69.76	20.69	0.00
1	1	0.01	0.35	73.95	15.97	0.00
1	5	0.00	0.45	70.08	20.62	0.00
2	2	0.01	0.55	68.69	21.18	0.00
2	6	0.00	0.39	71.04	19.59	0.00
3	3	0.00	0.51	79.84	9.98	0.00
3	7	0.02	2.44	65.80	7.28	0.00
Core	CPU	C1%	C3%	C6%	C8%	C9%
-	-	0.01	0.77	68.71	17.19	0.04
0	0	0.00	0.57	68.81	18.34	0.00
0	4	0.00	0.42	68.16	20.60	0.00
1	1	0.01	0.33	69.04	18.90	0.00
1	5	0.00	0.47	67.35	21.38	0.00
2	2	0.01	0.78	69.83	16.97	0.00
2	6	0.00	0.43	67.87	20.43	0.00
3	3	0.01	0.44	75.36	12.24	0.35
3	7	0.02	2.72	62.66	8.47	0.00
Core	CPU	C1%	C3%	C6%	C8%	C9%
-	-	0.01	0.68	71.27	16.46	0.00
0	0	0.04	0.59	74.26	13.04	0.00
0	4	0.00	0.35	71.23	19.37	0.00
1	1	0.01	0.38	71.82	18.22	0.00
1	5	0.00	0.48	68.71	22.12	0.00
2	2	0.01	0.51	72.03	17.75	0.00
2	6	0.00	0.41	70.05	20.73	0.00
3	3	0.00	0.53	78.12	11.80	0.00
3	7	0.01	2.19	64.55	8.84	0.00
Core	CPU	C1%	C3%	C6%	C8%	C9%
-	-	0.05	0.70	71.68	16.07	0.00
0	0	0.00	0.51	74.91	13.92	0.00
0	4	0.08	0.47	71.72	18.17	0.00
1	1	0.26	0.35	73.41	15.38	0.00
1	5	0.00	0.27	70.41	20.52	0.00
2	2	0.00	0.53	68.25	21.59	0.00
2	6	0.00	0.51	69.25	21.41	0.00
3	3	0.01	0.56	80.02	9.81	0.00
3	7	0.01	2.38	65.51	7.75	0.00
Core	CPU	C1%	C3%	C6%	C8%	C9%
-	-	0.01	0.71	72.03	15.98	0.00
0	0	0.01	0.62	72.82	16.18	0.00
0	4	0.01	0.44	71.88	18.78	0.00
1	1	0.01	0.33	72.46	17.63	0.00
1	5	0.00	0.52	72.54	18.01	0.00
2	2	0.01	0.48	69.52	20.31	0.00
2	6	0.00	0.39	69.92	20.88	0.00
3	3	0.00	0.66	80.95	8.77	0.00
3	7	0.02	2.24	66.10	7.29	0.00
Core	CPU	C1%	C3%	C6%	C8%	C9%
-	-	0.00	0.67	72.07	15.97	0.00
0	0	0.00	0.55	75.07	13.80	0.00
0	4	0.01	0.41	71.56	19.09	0.00
1	1	0.01	0.39	72.80	17.21	0.00
1	5	0.00	0.35	69.76	21.13	0.00
2	2	0.00	0.51	70.92	18.86	0.00
2	6	0.00	0.48	70.52	20.22	0.00
3	3	0.00	0.54	79.80	10.11	0.00
3	7	0.01	2.14	66.15	7.30	0.00
Core	CPU	C1%	C3%	C6%	C8%	C9%
-	-	0.01	0.99	69.50	16.00	0.00
0	0	0.01	0.44	72.27	14.57	0.00
0	4	0.00	0.42	69.54	18.59	0.00
1	1	0.00	0.43	69.40	18.58	0.00
1	5	0.00	0.39	67.38	21.66	0.00
2	2	0.01	2.11	66.44	17.08	0.00
2	6	0.00	0.46	68.33	20.07	0.00
3	3	0.00	0.53	78.12	9.90	0.00
3	7	0.01	3.13	64.04	7.42	0.00
Core	CPU	C1%	C3%	C6%	C8%	C9%
-	-	0.01	0.68	71.47	16.11	0.00
0	0	0.01	0.54	75.96	12.87	0.00
0	4	0.00	0.49	71.12	19.63	0.00
1	1	0.01	0.28	73.02	16.69	0.00
1	5	0.00	0.34	69.66	21.08	0.00
2	2	0.01	0.55	68.89	18.72	0.00
2	6	0.00	0.45	69.46	20.80	0.00
3	3	0.01	0.60	79.51	10.36	0.00
3	7	0.01	2.19	64.67	8.87	0.00
Core	CPU	C1%	C3%	C6%	C8%	C9%
-	-	0.00	0.77	70.67	17.10	0.03
0	0	0.00	0.48	70.87	18.10	0.00
0	4	0.00	0.59	69.40	20.25	0.20
1	1	0.00	0.39	74.73	15.16	0.00
1	5	0.00	0.46	70.45	19.87	0.00
2	2	0.01	0.56	69.63	19.94	0.00
2	6	0.00	0.41	68.89	22.01	0.00
3	3	0.01	0.58	76.19	13.03	0.00
3	7	0.01	2.69	64.59	8.32	0.00
Core	CPU	C1%	C3%	C6%	C8%	C9%
-	-	0.01	0.76	73.03	14.73	0.00
0	0	0.01	0.72	71.80	16.94	0.00
0	4	0.00	0.66	73.24	17.07	0.00
1	1	0.01	0.34	74.64	15.26	0.00
1	5	0.00	0.61	73.04	17.50	0.00
2	2	0.01	0.53	72.20	17.62	0.00
2	6	0.00	0.32	71.13	19.75	0.00
3	3	0.00	0.48	81.28	8.54	0.00
3	7	0.02	2.40	67.55	5.28	0.00
Core	CPU	C1%	C3%	C6%	C8%	C9%
-	-	0.03	0.71	71.63	15.92	0.00
0	0	0.06	0.50	76.16	12.22	0.00
0	4	0.02	0.47	70.25	19.35	0.00
1	1	0.01	0.39	73.12	16.16	0.00
1	5	0.12	0.55	69.80	19.97	0.00
2	2	0.00	0.43	69.38	20.18	0.00
2	6	0.00	0.49	69.75	20.94	0.00
3	3	0.00	0.53	79.17	10.58	0.00
3	7	0.01	2.29	65.40	7.93	0.00
Core	CPU	C1%	C3%	C6%	C8%	C9%
-	-	0.01	1.02	70.22	15.69	0.00
0	0	0.01	0.58	73.51	12.80	0.00
0	4	0.01	0.42	69.24	19.42	0.00
1	1	0.01	0.28	71.39	16.93	0.00
1	5	0.00	0.32	67.01	22.01	0.00
2	2	0.01	2.89	69.94	16.30	0.00
2	6	0.00	0.42	68.37	20.33	0.00
3	3	0.00	0.42	77.22	10.95	0.00
3	7	0.02	2.84	64.42	6.63	0.00
Core	CPU	C1%	C3%	C6%	C8%	C9%
-	-	0.00	0.73	71.48	16.39	0.00
0	0	0.00	0.61	73.34	15.56	0.00
0	4	0.01	0.55	70.73	19.82	0.00
1	1	0.00	0.38	73.77	16.06	0.00
1	5	0.00	0.50	70.13	20.66	0.00
2	2	0.00	0.52	69.78	20.16	0.00
2	6	0.00	0.47	69.55	21.22	0.00
3	3	0.01	0.57	79.50	10.32	0.00
3	7	0.01	2.29	65.73	7.46	0.00
Core	CPU	C1%	C3%	C6%	C8%	C9%
-	-	0.01	0.75	71.73	16.17	0.00
0	0	0.01	0.43	73.66	15.45	0.00
0	4	0.00	0.50	71.68	18.98	0.00
1	1	0.01	0.34	74.21	15.81	0.00
1	5	0.00	0.47	71.60	18.33	0.00
2	2	0.00	0.50	70.39	19.51	0.00
2	6	0.00	0.39	68.55	22.40	0.00
3	3	0.01	0.54	78.64	11.19	0.00
3	7	0.02	2.81	65.12	7.69	0.00
Core	CPU	C1%	C3%	C6%	C8%	C9%
-	-	0.01	0.69	71.56	16.48	0.00
0	0	0.01	0.58	73.97	14.86	0.00
0	4	0.00	0.45	70.57	20.16	0.00
1	1	0.01	0.38	73.00	16.92	0.00
1	5	0.00	0.37	69.31	21.65	0.00
2	2	0.00	0.49	71.23	18.69	0.00
2	6	0.00	0.51	71.28	19.47	0.00
3	3	0.01	0.67	79.35	10.39	0.00
3	7	0.02	2.05	63.71	9.64	0.00
Core	CPU	C1%	C3%	C6%	C8%	C9%
-	-	0.01	0.68	71.87	16.15	0.00
0	0	0.01	0.49	75.66	13.20	0.00
0	4	0.01	0.43	71.25	19.55	0.00
1	1	0.01	0.30	74.09	16.01	0.00
1	5	0.00	0.33	71.26	19.70	0.00
2	2	0.00	0.55	68.78	21.12	0.00
2	6	0.00	0.43	70.14	20.68	0.00
3	3	0.01	0.52	79.61	10.24	0.00
3	7	0.02	2.39	64.21	8.74	0.00
Core	CPU	C1%	C3%	C6%	C8%	C9%
-	-	0.00	0.89	70.66	15.21	0.00
0	0	0.01	0.55	72.39	14.52	0.00
0	4	0.00	0.43	69.34	18.86	0.00
1	1	0.01	0.38	71.75	16.40	0.00
1	5	0.00	0.38	69.82	18.85	0.00
2	2	0.00	1.41	68.41	18.07	0.00
2	6	0.00	0.44	69.08	19.77	0.00
3	3	0.00	0.60	78.63	9.07	0.00
3	7	0.02	2.89	65.24	6.04	0.00
Core	CPU	C1%	C3%	C6%	C8%	C9%
-	-	0.01	0.68	72.58	15.29	0.00
0	0	0.00	0.56	72.93	15.94	0.00
0	4	0.01	0.42	74.32	16.19	0.00
1	1	0.01	0.32	72.69	17.03	0.00
1	5	0.00	0.42	71.16	19.67	0.00
2	2	0.00	0.60	71.01	18.84	0.00
2	6	0.00	0.33	71.06	19.85	0.00
3	3	0.00	0.44	80.59	9.34	0.00
3	7	0.02	2.38	67.53	5.63	0.00
Core	CPU	C1%	C3%	C6%	C8%	C9%
-	-	0.01	0.80	72.98	15.02	0.00
0	0	0.01	0.59	73.42	15.54	0.00
0	4	0.01	0.41	73.09	17.61	0.00
1	1	0.01	0.30	73.13	16.98	0.00
1	5	0.00	0.70	70.69	19.35	0.00
2	2	0.00	0.52	72.67	17.28	0.00
2	6	0.00	0.37	71.66	19.19	0.00
3	3	0.00	0.47	80.96	8.99	0.00
3	7	0.02	3.02	67.55	5.09	0.00
Core	CPU	C1%	C3%	C6%	C8%	C9%
-	-	0.01	0.69	72.53	15.43	0.00
0	0	0.01	0.57	75.71	13.09	0.00
0	4	0.00	0.39	70.77	20.00	0.00
1	1	0.01	0.36	73.96	15.95	0.00
1	5	0.00	0.47	71.12	19.68	0.00
2	2	0.01	0.51	71.54	18.22	0.00
2	6	0.00	0.43	71.01	19.76	0.00
3	3	0.00	0.43	80.14	9.77	0.00
3	7	0.02	2.32	66.22	7.03	0.00
Core	CPU	C1%	C3%	C6%	C8%	C9%
-	-	0.01	0.83	72.04	15.67	0.00
0	0	0.01	0.66	71.66	17.18	0.00
0	4	0.01	0.37	69.82	20.94	0.00
1	1	0.01	0.28	74.64	15.31	0.00
1	5	0.00	1.15	69.96	19.94	0.00
2	2	0.01	0.56	73.17	16.69	0.00
2	6	0.00	0.81	71.57	18.36	0.00
3	3	0.01	0.49	80.19	9.68	0.00
3	7	0.02	2.27	65.68	7.38	0.00
Core	CPU	C1%	C3%	C6%	C8%	C9%
-	-	0.01	0.70	72.33	15.64	0.00
0	0	0.00	0.70	71.78	17.12	0.00
0	4	0.01	0.40	72.61	17.96	0.00
1	1	0.01	0.25	71.86	18.23	0.00
1	5	0.00	0.53	69.89	20.64	0.00
2	2	0.00	0.59	74.07	15.67	0.00
2	6	0.00	0.36	71.95	18.84	0.00
3	3	0.00	0.47	80.07	9.86	0.00
3	7	0.02	2.30	66.45	6.84	0.00
Core	CPU	C1%	C3%	C6%	C8%	C9%
-	-	0.00	0.78	70.89	16.94	0.00
0	0	0.00	0.50	74.90	14.04	0.00
0	4	0.00	0.49	70.88	19.63	0.00
1	1	0.01	0.37	72.60	16.72	0.00
1	5	0.00	0.76	70.58	19.32	0.00
2	2	0.00	0.58	69.43	20.21	0.00
2	6	0.00	0.45	68.55	22.25	0.00
3	3	0.01	0.51	76.95	13.01	0.00
3	7	0.01	2.54	62.58	10.20	0.00
Core	CPU	C1%	C3%	C6%	C8%	C9%
-	-	0.01	0.69	71.88	16.05	0.00
0	0	0.01	0.51	75.66	13.16	0.00
0	4	0.00	0.41	70.74	19.78	0.00
1	1	0.01	0.36	73.87	16.02	0.00
1	5	0.00	0.41	70.55	20.31	0.00
2	2	0.01	0.53	70.48	19.41	0.00
2	6	0.00	0.47	70.98	19.73	0.00
3	3	0.00	0.53	78.14	11.66	0.00
3	7	0.01	2.33	64.85	8.40	0.00
Core	CPU	C1%	C3%	C6%	C8%	C9%
-	-	0.00	0.68	71.97	15.99	0.00
0	0	0.00	0.49	75.21	13.67	0.00
0	4	0.00	0.48	71.31	19.36	0.00
1	1	0.00	0.29	72.56	17.47	0.00
1	5	0.00	0.41	69.35	21.51	0.00
2	2	0.01	0.48	71.16	18.80	0.00
2	6	0.00	0.50	70.60	20.09	0.00
3	3	0.00	0.58	81.02	8.77	0.00
3	7	0.01	2.24	64.95	8.33	0.00
Core	CPU	C1%	C3%	C6%	C8%	C9%
-	-	0.01	0.91	70.06	15.70	0.00
0	0	0.01	0.49	73.24	13.40	0.00
0	4	0.00	0.37	70.45	17.77	0.00
1	1	0.01	0.41	70.19	17.63	0.00
1	5	0.00	0.43	68.16	20.71	0.00
2	2	0.00	2.23	69.01	17.40	0.00
2	6	0.00	0.40	69.07	19.84	0.00
3	3	0.00	0.63	76.19	11.53	0.00
3	7	0.01	2.34	63.86	7.27	0.00
Core	CPU	C1%	C3%	C6%	C8%	C9%
-	-	0.01	0.68	71.59	16.40	0.00
0	0	0.01	0.52	73.80	15.11	0.00
0	4	0.00	0.42	71.45	19.13	0.00
1	1	0.00	0.42	73.14	16.74	0.00
1	5	0.00	0.44	69.57	21.31	0.00
2	2	0.01	0.44	71.95	17.92	0.00
2	6	0.00	0.51	70.89	19.77	0.00
3	3	0.00	0.64	77.70	12.09	0.00
3	7	0.02	2.06	64.28	9.15	0.00
Core	CPU	C1%	C3%	C6%	C8%	C9%
-	-	0.01	0.91	72.27	15.61	0.00
0	0	0.00	0.31	74.51	14.71	0.00
0	4	0.00	1.45	70.07	19.62	0.00
1	1	0.01	0.44	77.44	12.48	0.00
1	5	0.00	0.34	72.32	18.50	0.00
2	2	0.00	0.46	68.14	21.88	0.00
2	6	0.00	0.49	70.55	20.29	0.00
3	3	0.01	0.58	80.55	9.27	0.00
3	7	0.01	3.17	64.36	8.07	0.00
Core	CPU	C1%	C3%	C6%	C8%	C9%
-	-	0.01	0.72	71.95	15.98	0.00
0	0	0.01	0.52	72.43	16.55	0.00
0	4	0.01	0.63	73.12	17.20	0.00
1	1	0.01	0.33	71.99	17.93	0.00
1	5	0.00	0.56	69.78	20.97	0.00
2	2	0.00	0.54	71.96	17.87	0.00
2	6	0.00	0.44	71.50	19.20	0.00
3	3	0.00	0.53	78.94	10.86	0.00
3	7	0.01	2.20	66.00	7.35	0.00
Core	CPU	C1%	C3%	C6%	C8%	C9%
-	-	0.01	0.69	71.66	15.60	0.00
0	0	0.01	0.55	75.33	13.67	0.00
0	4	0.01	0.33	71.67	18.97	0.00
1	1	0.00	0.37	72.00	17.94	0.00
1	5	0.00	0.41	68.54	21.93	0.00
2	2	0.02	0.58	70.16	14.43	0.00
2	6	0.01	0.53	71.34	18.54	0.00
3	3	0.00	0.54	79.00	10.96	0.00
3	7	0.02	2.19	65.44	8.39	0.00
Core	CPU	C1%	C3%	C6%	C8%	C9%
-	-	0.01	1.02	69.40	16.28	0.00
0	0	0.01	0.56	71.35	14.98	0.00
0	4	0.00	0.48	68.94	19.72	0.00
1	1	0.01	0.33	70.27	17.44	0.00
1	5	0.00	0.41	68.25	20.00	0.00
2	2	0.01	2.48	68.72	17.68	0.00
2	6	0.00	0.36	69.59	18.82	0.00
3	3	0.00	0.53	75.29	12.41	0.00
3	7	0.02	2.99	62.20	9.07	0.00
Core	CPU	C1%	C3%	C6%	C8%	C9%
-	-	0.01	0.69	72.09	15.80	0.00
0	0	0.01	0.48	72.53	16.51	0.00
0	4	0.01	0.53	74.27	16.10	0.00
1	1	0.01	0.32	73.46	16.42	0.00
1	5	0.00	0.36	71.89	18.98	0.00
2	2	0.00	0.59	69.88	19.96	0.00
2	6	0.00	0.37	69.88	20.94	0.00
3	3	0.00	0.54	79.62	10.25	0.00
3	7	0.02	2.35	65.88	7.38	0.00
Core	CPU	C1%	C3%	C6%	C8%	C9%
-	-	0.01	0.85	72.43	15.45	0.00
0	0	0.01	0.44	74.50	14.52	0.00
0	4	0.00	0.51	73.16	17.57	0.00
1	1	0.01	0.36	74.66	15.22	0.00
1	5	0.00	0.31	70.75	20.25	0.00
2	2	0.00	0.52	69.69	19.68	0.00
2	6	0.00	1.06	71.06	18.71	0.00
3	3	0.01	0.54	80.00	9.94	0.00
3	7	0.02	3.02	65.02	7.57	0.00
Core	CPU	C1%	C3%	C6%	C8%	C9%
-	-	0.01	0.68	71.37	16.63	0.00
0	0	0.01	0.50	74.26	14.52	0.00
0	4	0.00	0.46	70.67	19.97	0.00
1	1	0.01	0.40	72.11	17.91	0.00
1	5	0.00	0.45	69.14	21.69	0.00
2	2	0.00	0.47	70.46	19.47	0.00
2	6	0.01	0.46	71.35	19.37	0.00
3	3	0.01	0.46	78.72	11.20	0.00
3	7	0.01	2.27	64.39	8.95	0.00
Core	CPU	C1%	C3%	C6%	C8%	C9%
-	-	0.01	0.71	72.41	15.53	0.00
0	0	0.01	0.58	72.28	16.74	0.00
0	4	0.01	0.56	70.33	20.25	0.00
1	1	0.00	0.36	72.99	16.91	0.00
1	5	0.00	0.38	69.73	21.08	0.00
2	2	0.00	0.48	72.59	17.31	0.00
2	6	0.00	0.39	73.17	17.56	0.00
3	3	0.00	0.55	81.80	8.07	0.00
3	7	0.02	2.40	66.78	6.38	0.00
Core	CPU	C1%	C3%	C6%	C8%	C9%
-	-	0.01	0.95	69.28	16.63	0.00
0	0	0.01	0.44	71.66	15.30	0.00
0	4	0.00	0.56	70.50	18.08	0.00
1	1	0.01	0.36	69.43	18.11	0.00
1	5	0.00	0.32	68.89	19.99	0.00
2	2	0.00	2.32	68.16	18.30	0.00
2	6	0.00	0.43	69.47	19.23	0.00
3	3	0.00	0.53	74.63	13.43	0.00
3	7	0.02	2.61	60.87	10.46	0.00
Core	CPU	C1%	C3%	C6%	C8%	C9%
-	-	0.00	0.68	72.56	15.36	0.00
0	0	0.00	0.60	77.47	11.29	0.00
0	4	0.00	0.59	73.27	17.26	0.00
1	1	0.01	0.26	72.92	17.10	0.00
1	5	0.00	0.32	69.50	21.44	0.00
2	2	0.01	0.59	70.93	18.90	0.00
2	6	0.00	0.38	71.78	18.95	0.00
3	3	0.01	0.54	78.56	11.34	0.00
3	7	0.01	2.18	66.68	6.72	0.00
Core	CPU	C1%	C3%	C6%	C8%	C9%
-	-	0.00	0.88	71.92	15.95	0.00
0	0	0.00	0.55	73.96	14.99	0.00
0	4	0.01	0.44	71.50	19.22	0.00
1	1	0.00	0.39	71.87	18.13	0.00
1	5	0.00	0.41	69.55	21.40	0.00
2	2	0.00	0.54	71.21	18.68	0.00
2	6	0.00	1.23	71.59	17.96	0.00
3	3	0.01	0.61	79.22	10.34	0.00
3	7	0.02	2.90	65.94	6.71	0.00
Core	CPU	C1%	C3%	C6%	C8%	C9%
-	-	0.02	0.69	73.24	14.66	0.00
0	0	0.00	0.58	73.70	15.25	0.00
0	4	0.01	0.54	73.04	17.39	0.00
1	1	0.01	0.36	74.56	15.27	0.00
1	5	0.00	0.29	70.20	20.78	0.00
2	2	0.00	0.46	72.11	17.86	0.00
2	6	0.00	0.45	72.85	17.87	0.00
3	3	0.00	0.48	81.65	8.27	0.00
3	7	0.11	2.33	68.31	4.75	0.00
Core	CPU	C1%	C3%	C6%	C8%	C9%
-	-	0.01	0.69	72.01	15.99	0.00
0	0	0.00	0.50	72.06	17.03	0.00
0	4	0.01	0.54	72.49	18.01	0.00
1	1	0.01	0.37	73.63	16.23	0.00
1	5	0.00	0.37	70.52	20.39	0.00
2	2	0.00	0.50	72.00	17.79	0.00
2	6	0.00	0.53	71.44	19.24	0.00
3	3	0.00	0.42	79.43	10.53	0.00
3	7	0.02	2.26	64.55	8.68	0.00
Core	CPU	C1%	C3%	C6%	C8%	C9%
-	-	0.02	1.29	70.47	16.07	0.09
0	0	0.00	0.52	70.60	17.47	0.00
0	4	0.01	0.69	70.10	19.06	0.00
1	1	0.00	0.35	71.78	17.00	0.00
1	5	0.00	0.45	69.40	20.27	0.00
2	2	0.01	2.47	68.64	17.91	0.75
2	6	0.00	0.44	69.37	20.03	0.00
3	3	0.00	0.45	79.30	9.73	0.00
3	7	0.11	4.95	63.88	6.93	0.00
Core	CPU	C1%	C3%	C6%	C8%	C9%
-	-	0.00	0.72	71.53	16.34	0.00
0	0	0.00	0.46	73.67	15.15	0.00
0	4	0.00	0.57	71.88	18.68	0.00
1	1	0.01	0.41	73.43	16.51	0.00
1	5	0.00	0.38	71.09	19.77	0.00
2	2	0.00	0.53	70.30	19.48	0.00
2	6	0.00	0.52	71.68	19.01	0.00
3	3	0.01	0.41	77.79	12.21	0.00
3	7	0.01	2.46	63.06	10.07	0.00
Core	CPU	C1%	C3%	C6%	C8%	C9%
-	-	0.00	0.84	71.32	16.59	0.00
0	0	0.00	0.54	73.92	15.11	0.00
0	4	0.01	0.57	71.50	19.02	0.00
1	1	0.00	0.42	74.89	14.99	0.00
1	5	0.00	0.37	70.26	20.69	0.00
2	2	0.00	1.28	69.86	19.23	0.00
2	6	0.00	0.52	71.52	19.21	0.00
3	3	0.00	0.51	76.20	13.75	0.00
3	7	0.01	2.54	62.43	10.68	0.00
Core	CPU	C1%	C3%	C6%	C8%	C9%
-	-	0.03	0.67	71.14	16.87	0.00
0	0	0.00	0.40	73.53	15.50	0.00
0	4	0.01	0.59	73.89	16.57	0.00
1	1	0.01	0.38	71.87	18.16	0.00
1	5	0.00	0.39	68.51	22.36	0.00
2	2	0.00	0.56	69.77	20.10	0.00
2	6	0.00	0.44	69.76	20.94	0.00
3	3	0.00	0.42	77.97	11.95	0.00
3	7	0.21	2.17	63.79	9.40	0.00
Core	CPU	C1%	C3%	C6%	C8%	C9%
-	-	0.01	0.71	72.50	15.51	0.00
0	0	0.01	0.65	73.74	15.13	0.00
0	4	0.00	0.58	70.48	20.12	0.00
1	1	0.01	0.27	73.24	16.86	0.00
1	5	0.00	0.40	70.94	19.94	0.00
2	2	0.00	0.54	72.61	17.18	0.00
2	6	0.00	0.42	71.24	19.47	0.00
3	3	0.01	0.48	81.14	8.79	0.00
3	7	0.02	2.35	66.64	6.61	0.00
Core	CPU	C1%	C3%	C6%	C8%	C9%
-	-	0.01	1.18	69.64	16.29	0.00
0	0	0.01	0.49	72.67	14.44	0.00
0	4	0.01	0.64	69.62	18.78	0.00
1	1	0.01	0.38	70.11	18.21	0.00
1	5	0.00	0.32	68.14	20.76	0.00
2	2	0.01	2.71	67.28	19.16	0.00
2	6	0.00	0.45	69.50	18.58	0.00
3	3	0.00	0.44	76.41	11.74	0.00
3	7	0.01	3.98	62.71	8.47	0.00
Core	CPU	C1%	C3%	C6%	C8%	C9%
-	-	0.01	0.71	72.73	15.14	0.00
0	0	0.00	0.62	75.11	13.81	0.00
0	4	0.01	0.42	73.48	17.05	0.00
1	1	0.01	0.39	73.58	16.26	0.00
1	5	0.00	0.47	69.23	21.53	0.00
2	2	0.00	0.51	71.87	17.96	0.00
2	6	0.00	0.45	72.29	18.40	0.00
3	3	0.00	0.59	80.90	8.96	0.00
3	7	0.01	2.22	66.07	7.31	0.00
Core	CPU	C1%	C3%	C6%	C8%	C9%
-	-	0.01	0.80	71.27	16.52	0.00
0	0	0.00	0.50	73.17	15.91	0.00
0	4	0.00	0.47	71.19	19.44	0.00
1	1	0.01	0.46	71.72	17.99	0.00
1	5	0.00	0.29	69.16	21.49	0.00
2	2	0.00	1.16	69.94	18.97	0.00
2	6	0.00	0.51	70.24	20.02	0.00
3	3	0.01	0.59	79.95	9.92	0.00
3	7	0.02	2.45	64.81	8.44	0.00
Core	CPU	C1%	C3%	C6%	C8%	C9%
-	-	0.01	0.73	72.02	15.91	0.00
0	0	0.00	0.59	72.38	16.57	0.00
0	4	0.00	0.69	71.90	18.36	0.00
1	1	0.01	0.32	73.36	16.35	0.00
1	5	0.00	0.38	69.59	21.33	0.00
2	2	0.00	0.47	71.02	18.85	0.00
2	6	0.00	0.49	71.53	19.12	0.00
3	3	0.01	0.59	80.80	9.04	0.00
3	7	0.01	2.34	65.54	7.66	0.00
Core	CPU	C1%	C3%	C6%	C8%	C9%
-	-	0.01	0.72	72.30	15.68	0.00
0	0	0.00	0.57	76.05	12.78	0.00
0	4	0.00	0.63	69.67	20.91	0.00
1	1	0.01	0.34	75.21	14.68	0.00
1	5	0.00	0.44	69.69	21.13	0.00
2	2	0.00	0.51	71.23	18.69	0.00
2	6	0.01	0.48	71.77	18.94	0.00
3	3	0.01	0.58	79.90	9.95	0.00
3	7	0.01	2.24	64.93	8.35	0.00
Core	CPU	C1%	C3%	C6%	C8%	C9%
-	-	0.01	1.05	69.93	15.89	0.00
0	0	0.00	0.53	70.85	16.15	0.00
0	4	0.01	0.56	69.28	19.79	0.00
1	1	0.01	0.30	71.28	17.32	0.00
1	5	0.00	0.46	67.54	20.65	0.00
2	2	0.02	2.08	70.10	16.21	0.00
2	6	0.00	0.38	69.80	18.52	0.00
3	3	0.00	0.43	76.84	10.51	0.00
3	7	0.02	3.68	63.27	7.90	0.00
Core	CPU	C1%	C3%	C6%	C8%	C9%
-	-	0.03	0.69	71.70	15.58	0.00
0	0	0.01	0.61	73.59	15.00	0.00
0	4	0.00	0.50	70.99	19.32	0.00
1	1	0.01	0.28	74.24	15.88	0.00
1	5	0.00	0.35	68.59	22.38	0.00
2	2	0.02	0.61	72.85	12.25	0.00
2	6	0.00	0.53	72.70	17.53	0.00
3	3	0.01	0.56	76.99	13.04	0.00
3	7	0.22	2.12	64.08	9.32	0.00
Core	CPU	C1%	C3%	C6%	C8%	C9%
-	-	0.20	0.71	70.83	16.23	0.00
0	0	0.62	0.58	72.25	15.62	0.00
0	4	0.75	0.45	71.16	17.76	0.00
1	1	0.00	0.31	70.72	19.27	0.00
1	5	0.00	0.59	69.83	19.93	0.00
2	2	0.00	0.45	70.53	18.49	0.00
2	6	0.00	0.42	69.53	20.55	0.00
3	3	0.00	0.61	78.17	10.20	0.00
3	7	0.24	2.30	64.47	7.99	0.00
Core	CPU	C1%	C3%	C6%	C8%	C9%
-	-	0.01	0.68	71.11	16.90	0.00
0	0	0.01	0.33	76.28	12.68	0.00
0	4	0.00	0.52	70.89	19.82	0.00
1	1	0.00	0.39	73.96	16.11	0.00
1	5	0.00	0.30	69.54	21.36	0.00
2	2	0.00	0.49	68.60	21.26	0.00
2	6	0.00	0.54	69.56	21.16	0.00
3	3	0.01	0.63	77.92	11.79	0.00
3	7	0.01	2.23	62.17	11.07	0.00
Core	CPU	C1%	C3%	C6%	C8%	C9%
-	-	0.00	0.70	71.46	16.64	0.00
0	0	0.00	0.50	72.57	16.42	0.00
0	4	0.00	0.40	69.90	20.70	0.00
1	1	0.01	0.44	72.32	17.69	0.00
1	5	0.00	0.43	69.59	21.26	0.00
2	2	0.00	0.54	70.34	19.52	0.00
2	6	0.00	0.48	71.27	19.34	0.00
3	3	0.00	0.61	80.22	9.51	0.00
3	7	0.01	2.19	64.77	8.48	0.00
Core	CPU	C1%	C3%	C6%	C8%	C9%
-	-	0.01	1.05	69.64	16.09	0.00
0	0	0.01	0.55	71.72	15.17	0.00
0	4	0.00	0.49	69.42	19.98	0.00
1	1	0.00	0.37	70.14	17.46	0.00
1	5	0.00	0.30	67.72	21.35	0.00
2	2	0.00	2.14	67.65	18.65	0.00
2	6	0.00	0.42	70.20	18.59	0.00
3	3	0.01	0.54	77.87	9.42	0.00
3	7	0.02	3.61	63.02	8.29	0.00
Core	CPU	C1%	C3%	C6%	C8%	C9%
-	-	0.01	0.74	73.00	14.96	0.00
0	0	0.00	0.66	72.15	16.79	0.00
0	4	0.00	0.46	72.56	17.98	0.00
1	1	0.01	0.34	72.94	17.08	0.00
1	5	0.00	0.55	71.21	19.50	0.00
2	2	0.01	0.53	73.77	16.06	0.00
2	6	0.00	0.42	73.63	17.05	0.00
3	3	0.00	0.57	81.12	8.66	0.00
3	7	0.02	2.36	66.61	6.55	0.00
Core	CPU	C1%	C3%	C6%	C8%	C9%
-	-	0.01	0.81	71.63	16.19	0.00
0	0	0.00	0.59	75.47	13.40	0.00
0	4	0.01	0.42	72.17	18.56	0.00
1	1	0.01	0.35	71.27	18.57	0.00
1	5	0.00	0.31	69.20	21.85	0.00
2	2	0.00	1.32	71.69	17.20	0.00
2	6	0.00	0.42	72.53	18.20	0.00
3	3	0.01	0.62	76.59	13.13	0.00
3	7	0.02	2.43	64.11	8.55	0.00
Core	CPU	C1%	C3%	C6%	C8%	C9%
-	-	0.01	0.69	71.67	16.32	0.00
0	0	0.01	0.39	77.42	11.42	0.00
0	4	0.00	0.57	73.08	17.49	0.00
1	1	0.01	0.36	72.43	17.67	0.00
1	5	0.00	0.30	68.83	22.13	0.00
2	2	0.00	0.48	69.56	20.31	0.00
2	6	0.00	0.60	70.86	19.74	0.00
3	3	0.01	0.57	78.96	10.81	0.00
3	7	0.01	2.22	62.24	11.01	0.00
Core	CPU	C1%	C3%	C6%	C8%	C9%
-	-	0.01	0.69	71.88	16.14	0.00
0	0	0.01	0.66	71.81	17.15	0.00
0	4	0.00	0.44	71.64	19.03	0.00
1	1	0.01	0.30	72.19	17.88	0.00
1	5	0.00	0.48	70.89	19.90	0.00
2	2	0.00	0.51	71.60	18.30	0.00
2	6	0.00	0.42	72.59	18.04	0.00
3	3	0.00	0.63	78.77	10.95	0.00
3	7	0.02	2.05	65.51	7.90	0.00
Core	CPU	C1%	C3%	C6%	C8%	C9%
-	-	0.01	0.96	69.74	15.93	0.00
0	0	0.00	0.51	69.01	17.78	0.00
0	4	0.01	0.53	68.37	19.56	0.00
1	1	0.01	0.31	72.64	15.25	0.00
1	5	0.00	0.48	68.49	20.41	0.00
2	2	0.01	1.73	67.32	19.55	0.00
2	6	0.00	0.51	68.46	19.78	0.00
3	3	0.00	0.64	79.49	7.92	0.00
3	7	0.01	3.00	63.92	7.12	0.00
Core	CPU	C1%	C3%	C6%	C8%	C9%
-	-	0.00	0.68	71.51	16.58	0.00
0	0	0.01	0.46	72.94	16.20	0.00
0	4	0.00	0.62	72.41	18.07	0.00
1	1	0.01	0.46	73.20	16.71	0.00
1	5	0.00	0.33	71.60	19.26	0.00
2	2	0.01	0.45	70.07	19.89	0.00
2	6	0.00	0.56	69.84	20.96	0.00
3	3	0.01	0.57	77.83	11.96	0.00
3	7	0.01	1.99	63.84	9.52	0.00
Core	CPU	C1%	C3%	C6%	C8%	C9%
-	-	0.01	0.90	71.03	16.49	0.00
0	0	0.01	0.40	72.50	16.75	0.00
0	4	0.00	0.74	69.95	19.94	0.00
1	1	0.01	0.51	74.49	14.75	0.00
1	5	0.00	0.34	71.33	19.29	0.00
2	2	0.00	0.47	70.54	18.67	0.00
2	6	0.00	0.57	69.17	21.45	0.00
3	3	0.01	1.22	77.46	11.22	0.00
3	7	0.01	2.98	62.84	9.82	0.00
Core	CPU	C1%	C3%	C6%	C8%	C9%
-	-	0.01	0.69	71.58	16.24	0.00
0	0	0.03	0.46	72.13	15.55	0.00
0	4	0.01	0.57	71.72	18.77	0.00
1	1	0.01	0.36	73.22	16.75	0.00
1	5	0.00	0.38	69.56	21.26	0.00
2	2	0.01	0.52	72.61	17.22	0.00
2	6	0.00	0.56	70.77	20.01	0.00
3	3	0.01	0.47	78.48	11.34	0.00
3	7	0.01	2.22	64.19	9.03	0.00
Core	CPU	C1%	C3%	C6%	C8%	C9%
-	-	0.01	0.69	72.10	15.80	0.00
0	0	0.00	0.56	76.71	12.04	0.00
0	4	0.01	0.47	71.96	18.67	0.00
1	1	0.01	0.31	73.21	16.83	0.00
1	5	0.00	0.37	70.81	20.09	0.00
2	2	0.01	0.56	72.26	17.56	0.00
2	6	0.00	0.54	71.84	18.86	0.00
3	3	0.01	0.64	77.07	12.58	0.00
3	7	0.01	2.06	63.53	9.90	0.00
Core	CPU	C1%	C3%	C6%	C8%	C9%
-	-	0.01	0.99	68.85	16.92	0.29
0	0	0.00	0.42	71.90	15.06	0.00
0	4	0.00	0.54	67.11	21.46	0.00
1	1	0.02	0.35	71.48	17.12	0.00
1	5	0.00	0.36	68.52	19.92	0.00
2	2	0.00	2.41	67.18	19.26	0.00
2	6	0.00	0.50	67.33	20.96	0.00
3	3	0.01	0.67	76.31	11.01	0.00
3	7	0.01	2.69	60.62	10.49	2.30
Core	CPU	C1%	C3%	C6%	C8%	C9%
-	-	0.12	0.69	72.73	15.21	0.00
0	0	0.00	0.62	72.77	16.07	0.00
0	4	0.01	0.31	70.81	19.92	0.00
1	1	0.01	0.32	72.23	17.61	0.00
1	5	0.00	0.47	71.49	19.42	0.00
2	2	0.01	0.57	72.44	17.52	0.00
2	6	0.00	0.33	72.63	18.30	0.00
3	3	0.00	0.49	82.03	7.75	0.00
3	7	0.92	2.42	67.13	5.01	0.00
Core	CPU	C1%	C3%	C6%	C8%	C9%
-	-	0.19	0.85	71.97	15.56	0.00
0	0	0.00	0.64	73.71	15.10	0.00
0	4	0.01	0.45	71.41	19.09	0.00
1	1	0.01	0.28	71.59	18.10	0.00
1	5	0.00	0.47	70.77	20.09	0.00
2	2	0.01	0.54	72.38	17.60	0.00
2	6	0.00	0.40	71.71	19.13	0.00
3	3	0.00	1.28	79.03	9.94	0.00
3	7	1.50	2.78	65.59	5.58	0.00
Core	CPU	C1%	C3%	C6%	C8%	C9%
-	-	0.07	0.73	72.92	14.91	0.00
0	0	0.01	0.58	76.55	12.28	0.00
0	4	0.01	0.43	70.84	19.73	0.00
1	1	0.01	0.35	72.23	17.75	0.00
1	5	0.00	0.50	69.62	21.19	0.00
2	2	0.01	0.50	72.44	17.53	0.00
2	6	0.00	0.40	73.00	17.87	0.00
3	3	0.00	0.57	81.81	7.76	0.00
3	7	0.50	2.51	67.13	5.21	0.00
Core	CPU	C1%	C3%	C6%	C8%	C9%
-	-	0.01	0.71	72.25	15.87	0.00
0	0	0.00	0.62	71.44	17.58	0.00
0	4	0.01	0.65	71.35	19.11	0.00
1	1	0.01	0.28	75.81	14.05	0.00
1	5	0.00	0.51	71.11	19.64	0.00
2	2	0.01	0.52	71.10	18.89	0.00
2	6	0.00	0.35	70.62	20.31	0.00
3	3	0.01	0.56	80.23	9.60	0.00
3	7	0.02	2.20	65.65	7.63	0.00
Core	CPU	C1%	C3%	C6%	C8%	C9%
-	-	0.01	0.97	69.59	16.32	0.00
0	0	0.01	0.45	73.02	13.96	0.00
0	4	0.00	0.46	68.55	20.44	0.00
1	1	0.01	0.39	72.47	15.53	0.00
1	5	0.00	0.42	68.66	20.28	0.00
2	2	0.00	1.40	68.39	17.97	0.00
2	6	0.00	0.48	68.38	20.42	0.00
3	3	0.01	0.47	75.03	12.96	0.00
3	7	0.02	3.73	62.23	8.98	0.00
Core	CPU	C1%	C3%	C6%	C8%	C9%
-	-	0.01	0.71	71.89	16.03	0.00
0	0	0.01	0.57	72.56	16.41	0.00
0	4	0.00	0.64	71.46	18.98	0.00
1	1	0.01	0.30	73.90	15.93	0.00
1	5	0.00	0.45	69.86	20.92	0.00
2	2	0.01	0.59	71.54	18.34	0.00
2	6	0.00	0.50	72.21	18.50	0.00
3	3	0.00	0.56	78.71	11.04	0.00
3	7	0.01	2.09	65.26	8.19	0.00
Core	CPU	C1%	C3%	C6%	C8%	C9%
-	-	0.01	0.78	72.62	15.28	0.00
0	0	0.01	0.52	73.12	16.01	0.00
0	4	0.01	0.45	71.56	19.22	0.00
1	1	0.01	0.30	76.40	13.51	0.00
1	5	0.00	1.06	71.40	18.65	0.00
2	2	0.00	0.46	72.07	17.87	0.00
2	6	0.00	0.41	70.63	20.26	0.00
3	3	0.00	0.49	80.72	9.10	0.00
3	7	0.01	2.58	65.32	7.67	0.00
Core	CPU	C1%	C3%	C6%	C8%	C9%
-	-	0.01	0.70	71.39	16.64	0.00
0	0	0.00	0.54	72.82	16.13	0.00
0	4	0.00	0.55	71.21	19.32	0.00
1	1	0.01	0.35	72.14	17.51	0.00
1	5	0.00	0.37	68.57	22.32	0.00
2	2	0.01	0.59	72.57	17.27	0.00
2	6	0.00	0.50	70.81	19.66	0.00
3	3	0.01	0.52	77.79	12.03	0.00
3	7	0.01	2.17	64.58	8.76	0.00
Core	CPU	C1%	C3%	C6%	C8%	C9%
-	-	0.01	0.68	70.90	16.46	0.00
0	0	0.00	0.60	69.78	19.07	0.00
0	4	0.01	0.55	68.75	22.02	0.00
1	1	0.02	0.23	73.24	16.80	0.00
1	5	0.00	0.48	67.47	22.88	0.00
2	2	0.04	0.68	69.38	15.14	0.00
2	6	0.00	0.34	71.00	19.25	0.00
3	3	0.00	0.41	80.67	9.38	0.00
3	7	0.02	2.17	66.87	7.13	0.00
Core	CPU	C1%	C3%	C6%	C8%	C9%
-	-	0.01	0.99	68.76	16.96	0.00
0	0	0.00	0.56	67.90	18.98	0.00
0	4	0.01	0.45	68.02	21.62	0.00
1	1	0.01	0.37	71.88	15.41	0.00
1	5	0.00	0.49	68.06	20.71	0.00
2	2	0.00	2.33	68.10	18.40	0.00
2	6	0.00	0.44	68.64	20.02	0.00
3	3	0.01	0.57	75.94	11.60	0.00
3	7	0.01	2.75	62.19	9.07	0.00
Core	CPU	C1%	C3%	C6%	C8%	C9%
-	-	0.01	0.65	72.89	15.30	0.00
0	0	0.00	0.69	71.68	17.32	0.00
0	4	0.02	0.34	71.49	19.34	0.00
1	1	0.01	0.24	75.78	14.21	0.00
1	5	0.00	0.38	70.77	20.17	0.00
2	2	0.00	0.58	74.49	15.34	0.00
2	6	0.00	0.30	73.01	17.95	0.00
3	3	0.00	0.49	78.88	10.87	0.00
3	7	0.02	2.22	66.33	7.07	0.00
Core	CPU	C1%	C3%	C6%	C8%	C9%
-	-	0.01	0.84	71.62	16.10	0.00
0	0	0.00	0.48	72.40	16.76	0.00
0	4	0.01	0.40	72.09	18.57	0.00
1	1	0.01	0.43	71.77	17.74	0.00
1	5	0.00	0.37	71.58	19.33	0.00
2	2	0.01	0.52	70.58	19.36	0.00
2	6	0.00	1.21	71.14	18.90	0.00
3	3	0.01	0.52	79.92	9.78	0.00
3	7	0.02	2.76	64.17	8.56	0.00
Core	CPU	C1%	C3%	C6%	C8%	C9%
-	-	0.01	0.68	71.80	16.32	0.00
0	0	0.00	0.56	71.63	17.41	0.00
0	4	0.01	0.54	74.65	15.76	0.00
1	1	0.01	0.34	72.38	17.39	0.00
1	5	0.00	0.50	72.19	18.60	0.00
2	2	0.01	0.43	71.02	19.07	0.00
2	6	0.00	0.45	69.79	21.11	0.00
3	3	0.00	0.57	78.36	11.37	0.00
3	7	0.01	2.07	63.75	9.67	0.00
Core	CPU	C1%	C3%	C6%	C8%	C9%
-	-	0.01	0.69	72.67	15.25	0.00
0	0	0.00	0.68	70.45	18.42	0.00
0	4	0.00	0.41	75.59	14.86	0.00
1	1	0.01	0.21	72.88	17.14	0.00
1	5	0.00	0.52	70.17	20.65	0.00
2	2	0.01	0.68	72.83	16.99	0.00
2	6	0.00	0.30	71.27	19.71	0.00
3	3	0.00	0.52	81.23	8.50	0.00
3	7	0.01	2.23	67.50	5.87	0.00
Core	CPU	C1%	C3%	C6%	C8%	C9%
-	-	0.01	0.97	70.16	15.92	0.00
0	0	0.01	0.54	69.62	17.78	0.00
0	4	0.01	0.44	68.76	20.31	0.00
1	1	0.02	0.27	71.74	16.35	0.00
1	5	0.00	0.40	67.69	21.43	0.00
2	2	0.01	1.98	69.36	16.95	0.00
2	6	0.00	0.31	67.95	21.14	0.00
3	3	0.00	0.52	80.17	7.73	0.00
3	7	0.02	3.33	65.49	5.56	0.00
Core	CPU	C1%	C3%	C6%	C8%	C9%
-	-	0.01	0.69	72.25	15.75	0.00
0	0	0.01	0.33	74.75	14.45	0.00
0	4	0.00	0.64	74.77	15.58	0.00
1	1	0.01	0.50	72.23	17.38	0.00
1	5	0.00	0.33	70.73	20.16	0.00
2	2	0.01	0.42	70.42	19.54	0.00
2	6	0.01	0.52	69.47	21.40	0.00
3	3	0.00	0.57	80.14	9.70	0.00
3	7	0.02	2.18	65.44	7.79	0.00
Core	CPU	C1%	C3%	C6%	C8%	C9%
-	-	0.01	0.87	71.57	16.06	0.00
0	0	0.01	0.51	70.49	18.70	0.00
0	4	0.00	0.58	70.86	19.06	0.00
1	1	0.01	0.36	72.36	17.62	0.00
1	5	0.00	0.38	72.01	18.40	0.00
2	2	0.01	1.32	72.37	16.39	0.00
2	6	0.00	0.34	70.11	20.83	0.00
3	3	0.00	0.49	78.49	11.06	0.00
3	7	0.02	2.98	66.19	6.49	0.00
Core	CPU	C1%	C3%	C6%	C8%	C9%
-	-	0.01	0.70	71.65	16.28	0.00
0	0	0.01	0.40	72.47	16.68	0.00
0	4	0.00	0.57	72.48	18.02	0.00
1	1	0.01	0.36	73.58	16.27	0.00
1	5	0.00	0.34	71.54	19.30	0.00
2	2	0.01	0.49	69.80	20.02	0.00
2	6	0.00	0.50	68.96	21.89	0.00
3	3	0.01	0.64	80.24	9.49	0.00
3	7	0.01	2.28	64.49	8.66	0.00
Core	CPU	C1%	C3%	C6%	C8%	C9%
-	-	0.01	0.68	72.26	15.91	0.00
0	0	0.01	0.34	77.63	11.42	0.00
0	4	0.00	0.60	71.46	19.19	0.00
1	1	0.01	0.43	74.61	15.36	0.00
1	5	0.01	0.28	70.09	20.91	0.00
2	2	0.00	0.50	70.15	19.80	0.00
2	6	0.00	0.55	68.62	22.21	0.00
3	3	0.00	0.52	80.09	9.84	0.00
3	7	0.02	2.20	64.80	8.43	0.00
Core	CPU	C1%	C3%	C6%	C8%	C9%
-	-	0.01	1.11	69.40	16.19	0.00
0	0	0.00	0.49	71.22	15.75	0.00
0	4	0.01	0.48	67.89	21.00	0.00
1	1	0.01	0.33	72.38	15.46	0.00
1	5	0.00	0.39	67.91	20.24	0.00
2	2	0.01	2.40	68.30	18.15	0.00
2	6	0.00	0.44	67.13	21.09	0.00
3	3	0.01	0.53	77.64	10.21	0.00
3	7	0.01	3.81	63.36	7.83	0.00
Core	CPU	C1%	C3%	C6%	C8%	C9%
-	-	0.01	0.69	71.34	16.80	0.00
0	0	0.00	0.55	73.76	15.26	0.00
0	4	0.01	0.60	70.19	20.40	0.00
1	1	0.01	0.30	73.34	16.60	0.00
1	5	0.00	0.40	70.70	20.14	0.00
2	2	0.01	0.54	71.08	18.66	0.00
2	6	0.00	0.37	69.56	21.31	0.00
3	3	0.00	0.53	77.43	12.54	0.00
3	7	0.02	2.22	63.98	9.33	0.00
Core	CPU	C1%	C3%	C6%	C8%	C9%
-	-	0.01	0.78	71.76	15.88	0.00
0	0	0.01	0.64	71.34	16.78	0.00
0	4	0.01	0.49	70.38	20.32	0.00
1	1	0.01	0.32	75.77	13.73	0.00
1	5	0.00	0.34	71.78	19.11	0.00
2	2	0.00	0.51	71.12	18.73	0.00
2	6	0.00	0.46	70.76	20.04	0.00
3	3	0.01	0.45	79.25	10.39	0.00
3	7	0.02	3.03	64.34	8.12	0.00
Core	CPU	C1%	C3%	C6%	C8%	C9%
-	-	0.01	0.70	71.65	16.40	0.00
0	0	0.00	0.53	72.01	17.08	0.00
0	4	0.01	0.49	70.55	20.16	0.00
1	1	0.01	0.43	75.08	14.69	0.00
1	5	0.00	0.46	69.54	21.29	0.00
2	2	0.00	0.53	72.13	17.77	0.00
2	6	0.00	0.34	70.61	20.34	0.00
3	3	0.01	0.46	78.97	10.91	0.00
3	7	0.02	2.35	64.28	8.96	0.00
Core	CPU	C1%	C3%	C6%	C8%	C9%
-	-	0.01	0.71	72.76	15.25	0.00
0	0	0.01	0.54	74.27	14.65	0.00
0	4	0.01	0.37	71.64	19.14	0.00
1	1	0.01	0.32	75.94	13.98	0.00
1	5	0.00	0.39	71.09	19.79	0.00
2	2	0.00	0.55	71.15	18.77	0.00
2	6	0.00	0.43	70.56	20.33	0.00
3	3	0.01	0.50	81.41	8.43	0.00
3	7	0.01	2.55	66.07	6.94	0.00
Core	CPU	C1%	C3%	C6%	C8%	C9%
-	-	0.01	1.14	69.73	16.05	0.00
0	0	0.00	0.53	72.77	14.50	0.00
0	4	0.01	0.56	70.28	17.93	0.00
1	1	0.01	0.29	71.43	16.75	0.00
1	5	0.00	0.26	67.92	20.53	0.00
2	2	0.00	2.59	67.74	18.67	0.00
2	6	0.00	0.48	67.43	20.79	0.00
3	3	0.00	0.59	77.48	10.28	0.00
3	7	0.01	3.81	62.24	8.84	0.00
Core	CPU	C1%	C3%	C6%	C8%	C9%
-	-	0.00	0.67	72.05	15.93	0.00
0	0	0.00	0.52	73.73	15.30	0.00
0	4	0.01	0.49	72.47	18.16	0.00
1	1	0.01	0.40	73.89	16.08	0.00
1	5	0.00	0.43	69.30	21.53	0.00
2	2	0.01	0.54	71.00	18.94	0.00
2	6	0.00	0.48	70.70	20.12	0.00
3	3	0.01	0.44	79.84	10.13	0.00
3	7	0.01	2.06	66.03	7.33	0.00
Core	CPU	C1%	C3%	C6%	C8%	C9%
-	-	0.01	0.78	71.95	16.00	0.00
0	0	0.00	1.20	76.63	11.40	0.00
0	4	0.00	0.47	72.96	17.76	0.00
1	1	0.01	0.31	72.45	17.65	0.00
1	5	0.00	0.34	69.19	21.80	0.00
2	2	0.01	0.58	72.93	16.90	0.00
2	6	0.00	0.40	71.42	19.48	0.00
3	3	0.01	0.53	76.77	13.11	0.00
3	7	0.02	2.40	63.24	9.94	0.00
Core	CPU	C1%	C3%	C6%	C8%	C9%
-	-	0.01	0.70	72.50	15.55	0.00
0	0	0.01	0.54	74.59	14.43	0.00
0	4	0.01	0.48	71.56	19.18	0.00
1	1	0.01	0.33	74.27	15.73	0.00
1	5	0.00	0.36	71.43	19.37	0.00
2	2	0.01	0.56	71.00	18.88	0.00
2	6	0.00	0.46	70.32	20.52	0.00
3	3	0.01	0.49	80.39	9.46	0.00
3	7	0.02	2.36	66.39	6.85	0.00
Core	CPU	C1%	C3%	C6%	C8%	C9%
-	-	0.01	0.72	72.16	15.97	0.00
0	0	0.00	0.55	72.70	16.43	0.00
0	4	0.01	0.46	70.42	20.38	0.00
1	1	0.01	0.28	73.60	16.59	0.00
1	5	0.00	0.43	71.94	18.86	0.00
2	2	0.01	0.55	70.54	19.28	0.00
2	6	0.00	0.38	71.62	19.23	0.00
3	3	0.01	0.58	80.30	9.32	0.00
3	7	0.02	2.53	65.53	7.48	0.00
Core	CPU	C1%	C3%	C6%	C8%	C9%
-	-	0.01	1.25	70.73	15.67	0.00
0	0	0.00	0.68	68.82	19.68	0.00
0	4	0.00	0.38	69.63	19.67	0.00
1	1	0.01	0.21	71.11	17.88	0.00
1	5	0.00	0.41	69.05	20.37	0.00
2	2	0.01	3.60	71.12	15.22	0.00
2	6	0.00	0.33	71.24	18.38	0.00
3	3	0.01	0.51	79.35	8.73	0.00
3	7	0.02	3.85	65.58	5.44	0.00
Core	CPU	C1%	C3%	C6%	C8%	C9%
-	-	0.01	0.66	71.58	15.68	0.00
0	0	0.00	0.64	69.54	19.07	0.00
0	4	0.01	0.45	70.05	20.63	0.00
1	1	0.02	0.20	74.28	15.46	0.00
1	5	0.00	0.44	69.26	21.82	0.00
2	2	0.01	0.66	71.65	12.89	0.00
2	6	0.00	0.32	71.71	18.56	0.00
3	3	0.01	0.39	80.31	9.75	0.00
3	7	0.02	2.21	66.41	7.37	0.00
Core	CPU	C1%	C3%	C6%	C8%	C9%
-	-	0.01	0.80	71.39	16.52	0.00
0	0	0.00	0.50	70.23	18.93	0.00
0	4	0.00	0.65	70.33	20.09	0.00
1	1	0.01	0.31	74.91	14.92	0.00
1	5	0.00	0.37	70.86	20.07	0.00
2	2	0.00	0.53	70.23	19.75	0.00
2	6	0.01	0.41	68.73	22.22	0.00
3	3	0.01	1.21	80.03	8.94	0.00
3	7	0.01	2.40	65.80	7.30	0.00
Core	CPU	C1%	C3%	C6%	C8%	C9%
-	-	0.01	0.68	71.81	16.35	0.00
0	0	0.00	0.58	70.92	18.25	0.00
0	4	0.00	0.67	69.72	20.82	0.00
1	1	0.02	0.35	75.17	14.77	0.00
1	5	0.00	0.33	71.44	19.48	0.00
2	2	0.01	0.53	71.55	18.30	0.00
2	6	0.00	0.37	69.74	21.22	0.00
3	3	0.01	0.46	79.96	9.90	0.00
3	7	0.01	2.16	65.39	7.90	0.00
Core	CPU	C1%	C3%	C6%	C8%	C9%
-	-	0.01	0.73	70.83	17.06	0.00
0	0	0.00	0.45	73.79	15.15	0.00
0	4	0.00	0.66	70.96	19.54	0.00
1	1	0.00	0.44	72.97	16.91	0.00
1	5	0.00	0.42	69.99	20.86	0.00
2	2	0.01	0.47	70.37	19.51	0.00
2	6	0.00	0.59	70.27	20.51	0.00
3	3	0.01	0.66	77.19	12.52	0.00
3	7	0.01	2.14	61.70	11.60	0.00
Core	CPU	C1%	C3%	C6%	C8%	C9%
-	-	0.04	1.01	69.52	16.26	0.00
0	0	0.00	0.56	72.29	14.64	0.00
0	4	0.01	0.58	68.42	20.33	0.00
1	1	0.02	0.40	70.90	16.36	0.00
1	5	0.00	0.48	67.56	20.91	0.00
2	2	0.01	1.62	68.06	18.64	0.00
2	6	0.01	0.31	67.79	21.13	0.00
3	3	0.00	0.37	77.17	10.76	0.00
3	7	0.30	3.79	63.64	7.24	0.00
Core	CPU	C1%	C3%	C6%	C8%	C9%
-	-	0.01	0.69	72.67	15.40	0.00
0	0	0.00	0.52	75.18	13.92	0.00
0	4	0.01	0.50	75.45	14.92	0.00
1	1	0.01	0.29	73.68	16.17	0.00
1	5	0.00	0.33	71.24	19.75	0.00
2	2	0.00	0.62	70.04	19.82	0.00
2	6	0.00	0.35	70.16	20.78	0.00
3	3	0.01	0.56	79.86	9.92	0.00
3	7	0.02	2.32	65.45	7.83	0.00
Core	CPU	C1%	C3%	C6%	C8%	C9%
-	-	0.03	0.79	71.91	15.92	0.00
0	0	0.01	1.20	76.74	11.39	0.00
0	4	0.00	0.40	72.54	18.25	0.00
1	1	0.01	0.42	73.79	16.09	0.00
1	5	0.01	0.29	71.53	19.44	0.00
2	2	0.00	0.49	68.84	21.09	0.00
2	6	0.00	0.39	69.09	21.90	0.00
3	3	0.00	0.62	78.82	10.98	0.00
3	7	0.22	2.53	64.54	8.34	0.00
Core	CPU	C1%	C3%	C6%	C8%	C9%
-	-	0.01	0.68	72.12	16.05	0.00
0	0	0.01	0.51	74.42	14.69	0.00
0	4	0.01	0.63	71.21	19.35	0.00
1	1	0.02	0.38	76.63	13.20	0.00
1	5	0.00	0.26	70.95	20.09	0.00
2	2	0.01	0.48	69.37	20.58	0.00
2	6	0.00	0.43	69.57	21.36	0.00
3	3	0.01	0.46	79.54	10.41	0.00
3	7	0.02	2.27	64.66	8.56	0.00
Core	CPU	C1%	C3%	C6%	C8%	C9%
-	-	0.01	0.70	72.01	15.93	0.00
0	0	0.01	0.67	72.74	16.25	0.00
0	4	0.01	0.49	70.36	20.25	0.00
1	1	0.02	0.22	74.20	15.86	0.00
1	5	0.00	0.46	69.32	21.48	0.00
2	2	0.01	0.57	72.20	17.52	0.00
2	6	0.00	0.33	70.31	20.60	0.00
3	3	0.00	0.42	81.10	8.82	0.00
3	7	0.02	2.45	66.41	6.79	0.00
Core	CPU	C1%	C3%	C6%	C8%	C9%
-	-	0.01	1.15	70.75	16.09	0.00
0	0	0.00	0.68	70.98	17.04	0.00
0	4	0.01	0.40	70.62	19.73	0.00
1	1	0.01	0.30	73.37	16.12	0.00
1	5	0.00	0.38	69.07	20.12	0.00
2	2	0.01	2.06	71.05	15.81	0.00
2	6	0.00	0.37	69.17	20.59	0.00
3	3	0.00	0.60	77.43	11.70	0.00
3	7	0.02	4.42	63.81	7.51	0.00
Core	CPU	C1%	C3%	C6%	C8%	C9%
-	-	0.01	0.69	72.09	15.83	0.00
0	0	0.00	0.47	74.67	14.32	0.00
0	4	0.00	0.46	72.10	18.39	0.00
1	1	0.01	0.48	75.24	14.55	0.00
1	5	0.00	0.42	70.23	20.66	0.00
2	2	0.01	0.46	70.46	19.46	0.00
2	6	0.00	0.49	70.35	20.46	0.00
3	3	0.00	0.54	78.92	10.87	0.00
3	7	0.02	2.18	65.37	8.04	0.00
Core	CPU	C1%	C3%	C6%	C8%	C9%
-	-	0.01	0.82	71.04	16.78	0.00
0	0	0.01	0.59	74.94	13.68	0.00
0	4	0.00	0.46	70.40	19.80	0.00
1	1	0.01	0.34	72.33	17.73	0.00
1	5	0.00	0.66	69.81	20.15	0.00
2	2	0.00	0.49	70.84	19.14	0.00
2	6	0.00	0.48	69.25	21.40	0.00
3	3	0.01	0.47	76.61	13.03	0.00
3	7	0.01	3.05	63.59	9.19	0.00
Core	CPU	C1%	C3%	C6%	C8%	C9%
-	-	0.01	0.71	72.84	15.07	0.00
0	0	0.00	0.58	76.31	12.57	0.00
0	4	0.01	0.48	72.65	17.79	0.00
1	1	0.01	0.35	74.52	15.42	0.00
1	5	0.00	0.42	71.03	19.86	0.00
2	2	0.01	0.55	72.10	17.72	0.00
2	6	0.00	0.43	70.16	20.65	0.00
3	3	0.00	0.61	80.11	9.63	0.00
3	7	0.01	2.27	66.33	7.05	0.00
Core	CPU	C1%	C3%	C6%	C8%	C9%
-	-	0.01	0.67	71.71	16.33	0.00
0	0	0.01	0.51	73.28	15.70	0.00
0	4	0.01	0.40	69.61	21.08	0.00
1	1	0.01	0.39	72.21	17.79	0.00
1	5	0.00	0.45	69.41	21.43	0.00
2	2	0.00	0.43	70.61	19.11	0.00
2	6	0.00	0.40	70.62	20.21	0.00
3	3	0.00	0.57	81.23	8.53	0.00
3	7	0.02	2.22	66.68	6.76	0.00
Core	CPU	C1%	C3%	C6%	C8%	C9%
-	-	0.01	1.01	69.74	16.10	0.00
0	0	0.00	0.58	67.62	19.33	0.00
0	4	0.01	0.40	66.71	21.45	0.00
1	1	0.01	0.26	74.15	13.70	0.00
1	5	0.00	0.40	69.14	19.69	0.00
2	2	0.03	1.99	68.88	17.76	0.00
2	6	0.00	0.29	68.39	20.57	0.00
3	3	0.00	0.55	77.78	9.61	0.00
3	7	0.01	3.61	64.71	6.52	0.00
Core	CPU	C1%	C3%	C6%	C8%	C9%
-	-	0.01	0.68	71.86	16.12	0.00
0	0	0.01	0.48	71.63	17.47	0.00
0	4	0.00	0.51	70.30	20.34	0.00
1	1	0.01	0.37	74.97	14.83	0.00
1	5	0.00	0.36	70.59	19.94	0.00
2	2	0.00	0.50	70.80	18.89	0.00
2	6	0.00	0.39	70.23	20.60	0.00
3	3	0.01	0.48	81.27	8.59	0.00
3	7	0.02	2.33	65.06	8.31	0.00
Core	CPU	C1%	C3%	C6%	C8%	C9%
-	-	0.01	0.87	71.53	15.81	0.00
0	0	0.01	0.44	73.45	15.49	0.00
0	4	0.00	0.66	70.58	19.31	0.00
1	1	0.02	0.31	74.13	15.33	0.00
1	5	0.00	0.38	70.14	19.75	0.00
2	2	0.01	0.47	69.64	19.65	0.00
2	6	0.00	1.24	70.24	19.48	0.00
3	3	0.01	0.51	79.30	10.31	0.00
3	7	0.01	2.97	65.34	7.28	0.00
Core	CPU	C1%	C3%	C6%	C8%	C9%
-	-	0.01	0.73	72.36	15.68	0.00
0	0	0.01	0.55	72.69	16.45	0.00
0	4	0.01	0.67	70.70	19.87	0.00
1	1	0.01	0.35	75.43	14.41	0.00
1	5	0.00	0.40	71.61	19.22	0.00
2	2	0.00	0.63	71.72	17.93	0.00
2	6	0.00	0.42	70.81	20.11	0.00
3	3	0.00	0.48	80.43	9.41	0.00
3	7	0.01	2.34	65.23	7.96	0.00
Core	CPU	C1%	C3%	C6%	C8%	C9%
-	-	0.01	0.72	72.80	15.09	0.00
0	0	0.01	0.43	75.56	13.55	0.00
0	4	0.01	0.64	72.38	18.16	0.00
1	1	0.01	0.61	76.63	12.88	0.00
1	5	0.00	0.32	71.58	19.31	0.00
2	2	0.00	0.41	72.20	17.65	0.00
2	6	0.00	0.50	69.83	21.00	0.00
3	3	0.01	0.45	79.59	10.32	0.00
3	7	0.02	2.41	64.96	7.95	0.00
Core	CPU	C1%	C3%	C6%	C8%	C9%
-	-	0.01	1.08	70.15	15.72	0.00
0	0	0.00	0.48	73.41	13.94	0.00
0	4	0.00	0.44	71.28	16.92	0.00
1	1	0.01	0.39	72.79	14.81	0.00
1	5	0.00	0.36	68.61	19.85	0.00
2	2	0.01	2.44	68.12	18.37	0.00
2	6	0.01	0.44	67.41	20.97	0.00
3	3	0.00	0.55	76.50	11.86	0.00
3	7	0.01	3.57	62.42	8.86	0.00
Core	CPU	C1%	C3%	C6%	C8%	C9%
-	-	0.03	0.73	71.71	15.73	0.00
0	0	0.19	0.38	72.13	16.19	0.00
0	4	0.00	0.61	71.60	18.30	0.00
1	1	0.01	0.56	75.07	14.04	0.00
1	5	0.00	0.44	71.98	18.11	0.00
2	2	0.00	0.58	69.71	19.70	0.00
2	6	0.01	0.55	70.33	20.44	0.00
3	3	0.02	0.60	79.21	9.99	0.00
3	7	0.01	2.16	64.30	9.18	0.00
Core	CPU	C1%	C3%	C6%	C8%	C9%
-	-	0.01	0.85	71.83	16.00	0.00
0	0	0.00	0.46	72.71	16.32	0.00
0	4	0.00	0.51	73.66	16.77	0.00
1	1	0.01	0.45	73.05	16.78	0.00
1	5	0.00	1.17	70.30	19.67	0.00
2	2	0.00	0.53	69.09	20.64	0.00
2	6	0.00	0.45	68.69	22.19	0.00
3	3	0.00	0.48	80.69	9.21	0.00
3	7	0.02	2.78	66.47	6.44	0.00
Core	CPU	C1%	C3%	C6%	C8%	C9%
-	-	0.01	0.68	71.92	16.10	0.00
0	0	0.00	0.62	72.38	16.46	0.00
0	4	0.01	0.41	71.49	19.16	0.00
1	1	0.01	0.31	72.70	17.26	0.00
1	5	0.00	0.46	70.99	19.85	0.00
2	2	0.01	0.56	72.10	17.66	0.00
2	6	0.00	0.35	68.75	22.10	0.00
3	3	0.00	0.53	80.32	9.53	0.00
3	7	0.02	2.20	66.61	6.73	0.00
Core	CPU	C1%	C3%	C6%	C8%	C9%
-	-	0.01	0.68	71.20	16.31	0.00
0	0	0.00	0.44	73.28	15.84	0.00
0	4	0.01	0.48	69.92	21.00	0.00
1	1	0.01	0.41	74.59	15.34	0.00
1	5	0.00	0.32	70.00	20.83	0.00
2	2	0.01	0.64	68.50	16.10	0.00
2	6	0.01	0.53	69.70	20.37	0.00
3	3	0.01	0.40	79.10	11.09	0.00
3	7	0.02	2.25	63.96	9.77	0.00
Core	CPU	C1%	C3%	C6%	C8%	C9%
-	-	0.01	1.33	70.10	16.15	0.00
0	0	0.01	0.44	71.71	16.33	0.00
0	4	0.00	0.51	70.89	17.68	0.00
1	1	0.01	0.46	69.05	18.82	0.00
1	5	0.00	0.37	67.52	22.10	0.00
2	2	0.01	3.15	68.69	17.81	0.00
2	6	0.00	0.52	69.33	20.43	0.00
3	3	0.01	0.64	79.01	9.37	0.00
3	7	0.02	4.56	64.43	6.64	0.00
Core	CPU	C1%	C3%	C6%	C8%	C9%
-	-	0.01	0.69	71.11	16.82	0.00
0	0	0.01	0.50	71.77	17.31	0.00
0	4	0.00	0.50	69.00	21.66	0.00
1	1	0.01	0.46	74.44	15.07	0.00
1	5	0.00	0.42	70.78	19.89	0.00
2	2	0.01	0.47	69.74	20.21	0.00
2	6	0.00	0.38	69.30	21.65	0.00
3	3	0.01	0.54	79.44	10.37	0.00
3	7	0.02	2.24	64.83	8.50	0.00
Core	CPU	C1%	C3%	C6%	C8%	C9%
-	-	0.01	0.80	71.35	16.53	0.00
0	0	0.00	0.51	71.05	18.04	0.00
0	4	0.00	0.41	72.79	17.85	0.00
1	1	0.01	0.41	72.52	17.34	0.00
1	5	0.01	1.33	69.98	19.83	0.00
2	2	0.01	0.51	70.56	19.39	0.00
2	6	0.00	0.37	68.99	22.00	0.00
3	3	0.00	0.53	79.85	9.98	0.00
3	7	0.01	2.35	65.17	7.83	0.00
Core	CPU	C1%	C3%	C6%	C8%	C9%
-	-	0.13	0.70	71.94	15.93	0.00
0	0	0.00	0.57	75.11	13.72	0.00
0	4	0.00	0.56	71.52	19.00	0.00
1	1	0.01	0.38	73.22	16.63	0.00
1	5	0.00	0.39	71.69	19.18	0.00
2	2	0.01	0.56	69.37	20.47	0.00
2	6	0.00	0.36	69.59	21.38	0.00
3	3	0.01	0.59	79.83	10.02	0.00
3	7	0.98	2.20	65.30	7.03	0.00
Core	CPU	C1%	C3%	C6%	C8%	C9%
-	-	0.14	0.69	72.02	15.86	0.00
0	0	0.01	0.58	73.40	15.51	0.00
0	4	0.01	0.40	70.67	20.04	0.00
1	1	0.01	0.34	72.99	16.86	0.00
1	5	0.00	0.45	70.29	20.46	0.00
2	2	0.01	0.52	70.97	18.96	0.00
2	6	0.00	0.40	70.10	20.80	0.00
3	3	0.00	0.56	81.29	8.59	0.00
3	7	1.07	2.28	66.47	5.66	0.00
Core	CPU	C1%	C3%	C6%	C8%	C9%
-	-	0.06	1.01	69.08	16.41	0.00
0	0	0.01	0.55	74.22	12.67	0.00
0	4	0.02	0.60	69.22	17.83	0.00
1	1	0.01	0.37	69.96	17.19	0.00
1	5	0.00	0.33	67.77	20.25	0.00
2	2	0.00	2.49	66.21	20.14	0.00
2	6	0.00	0.51	66.90	21.94	0.00
3	3	0.00	0.48	75.65	12.37	0.00
3	7	0.40	2.73	62.08	8.74	0.00
Core	CPU	C1%	C3%	C6%	C8%	C9%
-	-	0.01	0.67	71.77	16.17	0.00
0	0	0.00	0.51	72.94	16.01	0.00
0	4	0.00	0.51	72.88	17.60	0.00
1	1	0.01	0.35	73.56	16.43	0.00
1	5	0.00	0.42	70.50	20.30	0.00
2	2	0.01	0.53	70.46	19.48	0.00
2	6	0.00	0.38	70.11	20.83	0.00
3	3	0.00	0.51	78.63	11.32	0.00
3	7	0.02	2.19	65.72	7.56	0.00
Core	CPU	C1%	C3%	C6%	C8%	C9%
-	-	0.01	0.90	71.85	16.14	0.00
0	0	0.01	0.48	71.21	17.96	0.00
0	4	0.00	0.56	70.73	19.97	0.00
1	1	0.01	0.34	74.89	15.07	0.00
1	5	0.00	1.13	70.15	19.84	0.00
2	2	0.01	0.50	71.43	18.56	0.00
2	6	0.00	0.52	70.46	20.46	0.00
3	3	0.01	0.58	80.33	9.53	0.00
3	7	0.01	3.12	64.96	7.54	0.00
Core	CPU	C1%	C3%	C6%	C8%	C9%
-	-	0.00	0.74	72.02	15.86	0.00
0	0	0.00	0.55	71.43	17.57	0.00
0	4	0.01	0.54	70.22	20.39	0.00
1	1	0.00	0.32	75.85	13.96	0.00
1	5	0.00	0.51	70.32	20.30	0.00
2	2	0.01	0.53	70.76	19.15	0.00
2	6	0.00	0.41	69.96	20.92	0.00
3	3	0.00	0.56	80.88	8.93	0.00
3	7	0.01	2.48	67.30	5.83	0.00
Core	CPU	C1%	C3%	C6%	C8%	C9%
-	-	0.01	0.70	72.71	15.31	0.00
0	0	0.00	0.61	72.82	16.12	0.00
0	4	0.01	0.46	72.51	18.11	0.00
1	1	0.01	0.33	74.35	15.55	0.00
1	5	0.00	0.43	69.88	20.91	0.00
2	2	0.01	0.56	72.25	17.69	0.00
2	6	0.00	0.34	71.49	19.50	0.00
3	3	0.00	0.55	81.05	8.80	0.00
3	7	0.02	2.34	67.40	5.82	0.00
Core	CPU	C1%	C3%	C6%	C8%	C9%
-	-	0.01	0.97	70.23	15.70	0.00
0	0	0.01	0.44	72.71	14.50	0.00
0	4	0.01	0.52	68.77	19.94	0.00
1	1	0.01	0.36	71.77	16.03	0.00
1	5	0.00	0.41	68.68	20.16	0.00
2	2	0.00	2.13	68.69	17.82	0.00
2	6	0.00	0.41	67.43	21.45	0.00
3	3	0.01	0.55	79.09	8.92	0.00
3	7	0.01	2.95	64.26	6.68	0.00
Core	CPU	C1%	C3%	C6%	C8%	C9%
-	-	0.01	0.70	71.72	16.20	0.00
0	0	0.01	0.57	73.41	15.44	0.00
0	4	0.00	0.41	71.25	19.42	0.00
1	1	0.01	0.34	73.21	16.70	0.00
1	5	0.00	0.43	69.92	20.85	0.00
2	2	0.01	0.57	72.62	17.06	0.00
2	6	0.00	0.47	70.54	20.30	0.00
3	3	0.00	0.57	78.62	11.29	0.00
3	7	0.01	2.25	64.60	8.65	0.00
Core	CPU	C1%	C3%	C6%	C8%	C9%
-	-	0.01	0.82	72.01	15.82	0.00
0	0	0.00	0.52	72.13	16.92	0.00
0	4	0.01	0.48	71.11	19.51	0.00
1	1	0.01	0.36	74.98	14.87	0.00
1	5	0.00	0.47	70.99	19.69	0.00
2	2	0.01	0.51	71.67	18.17	0.00
2	6	0.00	0.41	71.09	19.55	0.00
3	3	0.01	1.21	78.38	10.73	0.00
3	7	0.02	2.57	65.70	7.13	0.00
Core	CPU	C1%	C3%	C6%	C8%	C9%
-	-	0.01	0.75	70.79	17.16	0.00
0	0	0.00	0.55	73.46	15.51	0.00
0	4	0.00	0.67	71.28	19.16	0.00
1	1	0.01	0.47	75.05	14.63	0.00
1	5	0.00	0.51	70.45	20.24	0.00
2	2	0.01	0.51	68.85	21.09	0.00
2	6	0.00	0.52	68.16	22.65	0.00
3	3	0.01	0.65	77.28	12.63	0.00
3	7	0.01	2.08	61.88	11.40	0.00
Core	CPU	C1%	C3%	C6%	C8%	C9%
-	-	0.01	0.69	72.55	15.46	0.00
0	0	0.00	0.56	76.59	12.27	0.00
0	4	0.01	0.52	72.91	17.63	0.00
1	1	0.01	0.34	71.73	18.05	0.00
1	5	0.00	0.35	69.68	21.18	0.00
2	2	0.00	0.56	71.02	18.91	0.00
2	6	0.00	0.35	69.76	21.18	0.00
3	3	0.00	0.47	81.43	8.57	0.00
3	7	0.02	2.41	67.26	5.90	0.00
Core	CPU	C1%	C3%	C6%	C8%	C9%
-	-	0.01	0.97	69.25	16.69	0.00
0	0	0.00	0.45	74.40	12.72	0.00
0	4	0.00	0.49	69.83	18.72	0.00
1	1	0.01	0.34	70.16	17.50	0.00
1	5	0.00	0.37	68.41	20.69	0.00
2	2	0.01	2.45	67.28	19.31	0.00
2	6	0.00	0.46	66.26	22.04	0.00
3	3	0.00	0.60	75.19	13.07	0.00
3	7	0.01	2.60	61.82	9.34	0.00
Core	CPU	C1%	C3%	C6%	C8%	C9%
-	-	0.01	0.71	71.73	16.13	0.00
0	0	0.00	0.57	73.76	15.15	0.00
0	4	0.01	0.56	69.97	20.57	0.00
1	1	0.01	0.34	74.06	15.94	0.00
1	5	0.00	0.48	71.37	19.31	0.00
2	2	0.01	0.50	71.02	18.81	0.00
2	6	0.00	0.36	70.33	20.36	0.00
3	3	0.00	0.59	78.89	10.99	0.00
3	7	0.04	2.29	65.06	8.06	0.00
Core	CPU	C1%	C3%	C6%	C8%	C9%
-	-	0.01	0.83	72.18	15.63	0.00
0	0	0.01	0.48	71.43	17.67	0.00
0	4	0.00	0.51	69.73	20.78	0.00
1	1	0.01	0.36	76.00	13.81	0.00
1	5	0.00	0.51	70.18	20.02	0.00
2	2	0.01	0.48	71.86	18.20	0.00
2	6	0.00	0.45	70.90	20.03	0.00
3	3	0.01	1.27	81.06	7.82	0.00
3	7	0.01	2.58	66.25	6.72	0.00
Core	CPU	C1%	C3%	C6%	C8%	C9%
-	-	0.01	0.69	71.24	16.78	0.00
0	0	0.00	0.54	73.54	15.34	0.00
0	4	0.01	0.54	70.93	19.56	0.00
1	1	0.01	0.33	72.84	17.14	0.00
1	5	0.00	0.45	70.35	20.48	0.00
2	2	0.01	0.49	71.10	18.87	0.00
2	6	0.00	0.48	69.89	20.96	0.00
3	3	0.01	0.46	78.05	11.99	0.00
3	7	0.02	2.27	63.28	9.87	0.00
Core	CPU	C1%	C3%	C6%	C8%	C9%
-	-	0.01	0.72	72.94	15.09	0.00
0	0	0.01	0.58	74.03	14.96	0.00
0	4	0.01	0.52	72.69	17.78	0.00
1	1	0.02	0.33	72.52	17.60	0.00
1	5	0.00	0.47	71.94	18.74	0.00
2	2	0.00	0.44	72.56	17.45	0.00
2	6	0.00	0.44	71.03	19.78	0.00
3	3	0.00	0.49	81.33	8.64	0.00
3	7	0.02	2.44	67.39	5.73	0.00
Core	CPU	C1%	C3%	C6%	C8%	C9%
-	-	0.04	0.85	69.19	16.61	0.00
0	0	0.01	0.47	71.07	16.04	0.00
0	4	0.01	0.41	67.73	20.98	0.00
1	1	0.01	0.39	69.97	18.00	0.00
1	5	0.10	0.33	67.46	20.85	0.00
2	2	0.00	1.49	67.89	18.51	0.00
2	6	0.01	0.47	68.04	20.34	0.00
3	3	0.00	0.60	77.10	10.78	0.00
3	7	0.21	2.65	63.71	7.26	0.00
Core	CPU	C1%	C3%	C6%	C8%	C9%
-	-	0.01	0.71	70.85	16.31	0.00
0	0	0.01	0.55	70.60	18.29	0.00
0	4	0.01	0.48	66.96	23.44	0.00
1	1	0.01	0.39	74.47	15.55	0.00
1	5	0.00	0.48	68.16	21.79	0.00
2	2	0.02	0.62	70.09	14.51	0.00
2	6	0.01	0.38	71.56	18.56	0.00
3	3	0.00	0.41	79.33	10.49	0.00
3	7	0.02	2.37	65.78	7.85	0.00
Core	CPU	C1%	C3%	C6%	C8%	C9%
-	-	0.01	0.88	72.37	15.51	0.00
0	0	0.00	1.32	75.83	12.17	0.00
0	4	0.00	0.37	71.18	19.68	0.00
1	1	0.01	0.38	72.93	17.05	0.00
1	5	0.00	0.44	71.65	19.24	0.00
2	2	0.01	0.51	70.35	19.65	0.00
2	6	0.00	0.44	70.40	20.57	0.00
3	3	0.00	0.56	80.42	9.40	0.00
3	7	0.02	3.04	66.32	6.37	0.00
Core	CPU	C1%	C3%	C6%	C8%	C9%
-	-	0.01	0.71	72.36	15.60	0.00
0	0	0.00	0.63	72.68	16.11	0.00
0	4	0.01	0.46	70.46	20.19	0.00
1	1	0.01	0.28	73.98	16.04	0.00
1	5	0.00	0.47	70.17	20.60	0.00
2	2	0.01	0.59	72.94	16.96	0.00
2	6	0.00	0.35	71.32	19.61	0.00
3	3	0.00	0.54	80.63	9.26	0.00
3	7	0.02	2.37	67.07	6.09	0.00
Core	CPU	C1%	C3%	C6%	C8%	C9%
-	-	0.01	0.67	71.66	16.39	0.00
0	0	0.01	0.46	72.60	16.44	0.00
0	4	0.01	0.51	72.30	18.29	0.00
1	1	0.01	0.28	73.46	16.32	0.00
1	5	0.00	0.39	70.21	20.57	0.00
2	2	0.01	0.47	69.42	20.61	0.00
2	6	0.00	0.43	69.45	21.44	0.00
3	3	0.00	0.52	80.69	9.25	0.00
3	7	0.02	2.26	65.12	8.16	0.00
Core	CPU	C1%	C3%	C6%	C8%	C9%
-	-	0.01	0.99	69.40	16.61	0.00
0	0	0.00	0.52	70.01	17.17	0.00
0	4	0.00	0.55	69.19	19.61	0.00
1	1	0.01	0.39	74.13	13.49	0.00
1	5	0.00	0.31	66.70	22.29	0.00
2	2	0.00	1.51	68.04	18.71	0.00
2	6	0.00	0.57	67.63	21.16	0.00
3	3	0.01	0.50	75.96	11.96	0.00
3	7	0.02	3.61	62.92	8.33	0.00
Core	CPU	C1%	C3%	C6%	C8%	C9%
-	-	0.01	0.70	71.55	16.35	0.00
0	0	0.01	0.55	72.35	16.55	0.00
0	4	0.01	0.34	71.22	19.52	0.00
1	1	0.00	0.44	72.71	17.33	0.00
1	5	0.00	0.47	70.95	19.75	0.00
2	2	0.00	0.54	71.57	18.27	0.00
2	6	0.00	0.40	70.38	20.49	0.00
3	3	0.00	0.62	78.55	11.16	0.00
3	7	0.02	2.26	65.28	7.90	0.00
Core	CPU	C1%	C3%	C6%	C8%	C9%
-	-	0.00	0.85	71.82	16.01	0.00
0	0	0.00	0.61	71.71	16.97	0.00
0	4	0.00	0.58	76.01	14.23	0.00
1	1	0.00	0.35	71.85	18.29	0.00
1	5	0.00	0.45	69.81	21.05	0.00
2	2	0.01	0.59	71.19	18.64	0.00
2	6	0.00	0.41	69.58	21.11	0.00
3	3	0.00	1.34	78.57	10.32	0.00
3	7	0.01	2.47	65.62	7.42	0.00
Core	CPU	C1%	C3%	C6%	C8%	C9%
-	-	0.01	0.68	72.13	15.87	0.00
0	0	0.01	0.53	71.35	17.66	0.00
0	4	0.00	0.47	73.27	17.20	0.00
1	1	0.01	0.36	72.97	17.15	0.00
1	5	0.00	0.37	70.93	19.92	0.00
2	2	0.00	0.55	71.41	18.50	0.00
2	6	0.00	0.42	70.93	19.94	0.00
3	3	0.00	0.50	80.28	9.61	0.00
3	7	0.02	2.27	66.20	7.04	0.00
Core	CPU	C1%	C3%	C6%	C8%	C9%
-	-	0.01	0.71	71.36	16.67	0.00
0	0	0.00	0.59	70.20	18.71	0.00
0	4	0.01	0.51	71.45	19.10	0.00
1	1	0.01	0.33	73.75	16.25	0.00
1	5	0.00	0.51	69.56	21.16	0.00
2	2	0.01	0.58	71.36	18.54	0.00
2	6	0.01	0.42	70.21	20.63	0.00
3	3	0.00	0.41	78.61	11.40	0.00
3	7	0.01	2.29	65.69	7.58	0.00
Core	CPU	C1%	C3%	C6%	C8%	C9%
-	-	0.01	0.98	70.04	15.92	0.00
0	0	0.00	0.68	69.94	17.20	0.00
0	4	0.01	0.47	70.09	18.90	0.00
1	1	0.01	0.19	72.70	15.26	0.00
1	5	0.00	0.43	68.66	20.18	0.00
2	2	0.01	2.38	69.24	17.23	0.00
2	6	0.00	0.30	68.07	20.92	0.00
3	3	0.00	0.51	77.19	10.68	0.00
3	7	0.02	2.93	64.15	6.95	0.00
Core	CPU	C1%	C3%	C6%	C8%	C9%
-	-	0.01	0.72	72.14	15.94	0.00
0	0	0.00	0.38	73.31	15.70	0.00
0	4	0.00	0.69	71.45	19.20	0.00
1	1	0.01	0.32	74.04	16.04	0.00
1	5	0.00	0.39	71.20	19.64	0.00
2	2	0.00	0.55	69.71	20.19	0.00
2	6	0.00	0.45	71.46	19.36	0.00
3	3	0.01	0.54	80.83	9.05	0.00
3	7	0.01	2.40	64.82	8.26	0.00
Core	CPU	C1%	C3%	C6%	C8%	C9%
-	-	0.01	0.83	72.45	15.40	0.00
0	0	0.00	0.55	75.29	13.65	0.00
0	4	0.01	0.56	72.18	18.44	0.00
1	1	0.01	0.35	73.75	16.27	0.00
1	5	0.01	1.11	70.52	19.57	0.00
2	2	0.01	0.60	70.56	19.35	0.00
2	6	0.00	0.34	70.73	20.22	0.00
3	3	0.00	0.43	80.66	9.36	0.00
3	7	0.01	2.69	66.52	6.49	0.00
Core	CPU	C1%	C3%	C6%	C8%	C9%
-	-	0.03	0.70	72.63	15.31	0.00
0	0	0.01	0.60	73.05	15.81	0.00
0	4	0.01	0.57	72.23	18.30	0.00
1	1	0.02	0.30	73.77	15.98	0.00
1	5	0.00	0.41	69.41	21.47	0.00
2	2	0.00	0.63	71.46	18.19	0.00
2	6	0.00	0.32	71.12	19.76	0.00
3	3	0.00	0.41	81.95	8.11	0.00
3	7	0.20	2.40	68.09	4.86	0.00
Core	CPU	C1%	C3%	C6%	C8%	C9%
-	-	0.15	0.71	70.83	17.01	0.00
0	0	0.00	0.59	73.91	14.85	0.00
0	4	0.01	0.59	70.21	20.41	0.00
1	1	0.01	0.29	71.36	18.56	0.00
1	5	0.00	0.46	69.94	20.88	0.00
2	2	0.00	0.50	70.86	19.03	0.00
2	6	0.00	0.48	69.91	20.89	0.00
3	3	0.01	0.56	77.44	12.54	0.00
3	7	1.17	2.22	63.07	8.91	0.00
Core	CPU	C1%	C3%	C6%	C8%	C9%
-	-	0.01	0.87	69.42	16.52	0.30
0	0	0.00	0.58	71.00	16.46	0.00
0	4	0.00	0.49	70.11	18.63	0.00
1	1	0.01	0.27	68.55	19.16	0.00
1	5	0.00	0.50	67.86	20.73	0.00
2	2	0.02	1.47	68.97	17.43	0.00
2	6	0.00	0.41	67.68	22.24	0.00
3	3	0.01	0.54	76.90	10.38	0.00
3	7	0.02	2.67	63.99	7.08	2.42
Core	CPU	C1%	C3%	C6%	C8%	C9%
-	-	0.01	0.71	71.50	16.59	0.00
0	0	0.01	0.47	74.97	13.97	0.00
0	4	0.00	0.64	71.79	18.81	0.00
1	1	0.01	0.42	73.48	16.55	0.00
1	5	0.00	0.35	71.00	19.93	0.00
2	2	0.00	0.40	69.18	20.77	0.00
2	6	0.00	0.52	69.54	21.27	0.00
3	3	0.01	0.59	79.18	10.75	0.00
3	7	0.01	2.31	62.52	10.56	0.00
Core	CPU	C1%	C3%	C6%	C8%	C9%
-	-	0.00	0.92	71.25	16.60	0.00
0	0	0.00	1.33	75.82	12.25	0.00
0	4	0.00	0.64	72.78	17.81	0.00
1	1	0.00	0.50	73.54	16.33	0.00
1	5	0.00	0.34	69.52	21.44	0.00
2	2	0.00	0.47	68.98	20.98	0.00
2	6	0.01	0.53	69.43	21.46	0.00
3	3	0.01	0.69	77.98	11.91	0.00
3	7	0.01	2.84	62.07	10.63	0.00
Core	CPU	C1%	C3%	C6%	C8%	C9%
-	-	0.01	0.67	71.76	16.28	0.00
0	0	0.01	0.37	74.97	14.10	0.00
0	4	0.00	0.65	73.35	17.12	0.00
1	1	0.01	0.44	73.32	16.48	0.00
1	5	0.00	0.29	70.96	19.96	0.00
2	2	0.00	0.38	69.60	20.41	0.00
2	6	0.00	0.53	68.83	22.00	0.00
3	3	0.00	0.59	79.77	10.05	0.00
3	7	0.01	2.12	63.25	10.13	0.00
Core	CPU	C1%	C3%	C6%	C8%	C9%
-	-	0.01	0.71	70.82	17.07	0.00
0	0	0.01	0.42	71.39	17.62	0.00
0	4	0.00	0.60	70.27	20.28	0.00
1	1	0.01	0.36	73.27	16.49	0.00
1	5	0.00	0.40	69.45	21.29	0.00
2	2	0.00	0.45	68.95	20.96	0.00
2	6	0.01	0.60	68.76	21.96	0.00
3	3	0.01	0.62	80.85	8.91	0.00
3	7	0.01	2.27	64.11	9.15	0.00
Core	CPU	C1%	C3%	C6%	C8%	C9%
-	-	0.01	1.02	69.55	16.22	0.00
0	0	0.01	0.49	73.27	13.90	0.00
0	4	0.00	0.60	70.04	18.48	0.00
1	1	0.01	0.44	71.43	16.65	0.00
1	5	0.00	0.42	67.52	21.36	0.00
2	2	0.01	2.60	67.18	19.19	0.00
2	6	0.01	0.47	67.84	20.45	0.00
3	3	0.00	0.57	76.70	10.71	0.00
3	7	0.01	2.54	62.20	9.01	0.00
Core	CPU	C1%	C3%	C6%	C8%	C9%
-	-	0.01	0.72	71.25	16.71	0.00
0	0	0.01	0.54	71.40	17.64	0.00
0	4	0.00	0.61	71.61	18.93	0.00
1	1	0.01	0.45	73.29	16.57	0.00
1	5	0.00	0.34	71.11	19.68	0.00
2	2	0.01	0.50	69.40	20.51	0.00
2	6	0.01	0.49	69.05	21.72	0.00
3	3	0.00	0.49	80.42	9.52	0.00
3	7	0.01	2.38	63.99	9.18	0.00
Core	CPU	C1%	C3%	C6%	C8%	C9%
-	-	0.01	0.81	71.28	16.61	0.00
0	0	0.01	0.24	76.79	12.09	0.00
0	4	0.01	0.72	72.48	17.66	0.00
1	1	0.01	0.39	74.86	15.25	0.00
1	5	0.00	0.23	71.49	19.11	0.00
2	2	0.00	0.47	67.50	22.47	0.00
2	6	0.00	1.15	68.11	21.90	0.00
3	3	0.01	0.46	77.55	12.50	0.00
3	7	0.01	2.85	60.89	11.80	0.00
Core	CPU	C1%	C3%	C6%	C8%	C9%
-	-	0.01	0.71	71.77	16.13	0.00
0	0	0.00	0.58	76.44	12.20	0.00
0	4	0.00	0.69	72.49	17.95	0.00
1	1	0.02	0.27	73.35	16.74	0.00
1	5	0.00	0.42	69.49	21.35	0.00
2	2	0.01	0.64	69.11	20.45	0.00
2	6	0.01	0.40	69.03	21.83	0.00
3	3	0.00	0.50	79.47	10.51	0.00
3	7	0.01	2.21	65.33	8.10	0.00
Core	CPU	C1%	C3%	C6%	C8%	C9%
-	-	0.01	0.72	70.59	16.70	0.00
0	0	0.01	0.54	71.62	16.88	0.00
0	4	0.00	0.84	72.47	17.96	0.00
1	1	0.01	0.27	72.22	16.84	0.00
1	5	0.00	0.33	69.39	21.39	0.00
2	2	0.01	0.51	68.08	16.84	0.00
2	6	0.00	0.45	69.58	20.50	0.00
3	3	0.01	0.41	78.02	12.20	0.00
3	7	0.01	2.44	62.79	10.88	0.00
Core	CPU	C1%	C3%	C6%	C8%	C9%
-	-	0.01	1.12	68.98	16.77	0.00
0	0	0.00	0.39	70.37	16.95	0.00
0	4	0.00	0.60	66.90	21.18	0.00
1	1	0.02	0.36	72.77	14.76	0.00
1	5	0.00	0.33	69.99	18.70	0.00
2	2	0.00	2.50	66.60	19.84	0.00
2	6	0.00	0.46	68.45	20.50	0.00
3	3	0.01	0.47	75.04	12.90	0.00
3	7	0.02	3.86	61.77	9.34	0.00
Core	CPU	C1%	C3%	C6%	C8%	C9%
-	-	0.00	0.72	71.44	16.57	0.00
0	0	0.00	0.48	76.13	12.70	0.00
0	4	0.00	0.61	71.82	18.79	0.00
1	1	0.01	0.38	72.99	16.98	0.00
1	5	0.00	0.35	69.18	21.64	0.00
2	2	0.00	0.50	68.65	21.28	0.00
2	6	0.00	0.60	69.52	21.23	0.00
3	3	0.00	0.67	79.10	10.74	0.00
3	7	0.02	2.19	64.14	9.19	0.00
Core	CPU	C1%	C3%	C6%	C8%	C9%
-	-	0.02	0.88	71.38	16.26	0.00
0	0	0.00	0.47	73.25	15.16	0.00
0	4	0.00	0.67	71.20	18.81	0.00
1	1	0.01	0.29	73.07	17.04	0.00
1	5	0.00	0.49	68.99	21.77	0.00
2	2	0.00	1.38	69.38	19.64	0.00
2	6	0.00	0.49	70.14	20.65	0.00
3	3	0.00	0.43	80.06	9.98	0.00
3	7	0.12	2.83	65.61	7.20	0.00
Core	CPU	C1%	C3%	C6%	C8%	C9%
-	-	0.01	0.69	70.71	17.42	0.00
0	0	0.01	0.45	73.14	15.90	0.00
0	4	0.00	0.61	72.69	17.84	0.00
1	1	0.01	0.40	72.90	16.89	0.00
1	5	0.00	0.34	71.07	19.77	0.00
2	2	0.00	0.54	66.74	23.14	0.00
2	6	0.00	0.50	68.26	22.57	0.00
3	3	0.01	0.48	78.03	12.00	0.00
3	7	0.01	2.22	62.16	11.10	0.00
Core	CPU	C1%	C3%	C6%	C8%	C9%
-	-	0.01	0.72	72.19	15.70	0.00
0	0	0.01	0.51	75.11	13.87	0.00
0	4	0.00	0.70	74.81	15.36	0.00
1	1	0.01	0.33	72.85	16.94	0.00
1	5	0.00	0.35	70.52	20.33	0.00
2	2	0.01	0.54	68.97	20.89	0.00
2	6	0.00	0.44	68.60	22.26	0.00
3	3	0.00	0.55	82.14	7.83	0.00
3	7	0.01	2.37	65.00	8.21	0.00
Core	CPU	C1%	C3%	C6%	C8%	C9%
-	-	0.01	1.14	69.33	16.28	0.00
0	0	0.01	0.40	72.80	13.74	0.00
0	4	0.01	0.61	69.61	18.81	0.00
1	1	0.01	0.36	71.57	16.09	0.00
1	5	0.00	0.28	69.08	19.31	0.00
2	2	0.01	2.52	65.57	20.87	0.00
2	6	0.00	0.54	66.75	21.95	0.00
3	3	0.00	0.59	77.10	10.74	0.00
3	7	0.01	3.86	62.27	8.78	0.00
Core	CPU	C1%	C3%	C6%	C8%	C9%
-	-	0.00	0.72	71.67	16.44	0.00
0	0	0.00	0.45	71.16	17.95	0.00
0	4	0.00	0.57	71.80	18.83	0.00
1	1	0.00	0.36	75.88	14.02	0.00
1	5	0.00	0.48	69.24	21.52	0.00
2	2	0.01	0.52	70.45	19.41	0.00
2	6	0.00	0.45	68.15	22.72	0.00
3	3	0.00	0.57	81.22	8.70	0.00
3	7	0.01	2.31	64.99	8.24	0.00
Core	CPU	C1%	C3%	C6%	C8%	C9%
-	-	0.01	0.86	71.68	16.08	0.00
0	0	0.00	0.64	71.08	17.82	0.00
0	4	0.00	0.66	71.70	18.31	0.00
1	1	0.01	0.19	75.11	14.98	0.00
1	5	0.00	0.34	70.39	20.58	0.00
2	2	0.01	1.45	70.19	18.65	0.00
2	6	0.00	0.31	67.94	22.99	0.00
3	3	0.00	0.43	80.69	9.40	0.00
3	7	0.01	2.87	66.93	6.07	0.00
Core	CPU	C1%	C3%	C6%	C8%	C9%
-	-	0.00	0.71	71.44	16.70	0.00
0	0	0.00	0.60	73.28	15.63	0.00
0	4	0.00	0.62	71.04	19.48	0.00
1	1	0.01	0.31	74.29	15.65	0.00
1	5	0.00	0.46	69.67	21.10	0.00
2	2	0.00	0.52	70.74	19.17	0.00
2	6	0.00	0.41	69.84	21.11	0.00
3	3	0.01	0.56	78.05	11.93	0.00
3	7	0.01	2.20	63.92	9.33	0.00
Core	CPU	C1%	C3%	C6%	C8%	C9%
-	-	0.01	0.68	70.96	16.97	0.00
0	0	0.01	0.40	73.72	15.23	0.00
0	4	0.00	0.66	71.39	19.15	0.00
1	1	0.01	0.44	74.48	14.60	0.00
1	5	0.00	0.29	69.67	21.27	0.00
2	2	0.01	0.51	68.05	21.88	0.00
2	6	0.00	0.59	67.65	23.16	0.00
3	3	0.01	0.55	78.79	11.19	0.00
3	7	0.01	2.03	64.23	9.35	0.00
Core	CPU	C1%	C3%	C6%	C8%	C9%
-	-	0.01	1.00	69.06	16.81	0.00
0	0	0.01	0.38	70.99	16.29	0.00
0	4	0.00	0.80	68.14	20.18	0.00
1	1	0.01	0.40	72.75	15.62	0.00
1	5	0.00	0.33	68.26	20.77	0.00
2	2	0.01	2.35	66.72	19.64	0.00
2	6	0.00	0.41	66.93	21.52	0.00
3	3	0.01	0.45	76.67	11.52	0.00
3	7	0.01	2.83	62.10	8.94	0.00
Core	CPU	C1%	C3%	C6%	C8%	C9%
-	-	0.01	0.71	71.43	16.48	0.00
0	0	0.01	0.44	71.67	17.39	0.00
0	4	0.00	0.73	71.17	19.10	0.00
1	1	0.01	0.36	74.30	15.40	0.00
1	5	0.00	0.34	70.25	20.60	0.00
2	2	0.00	0.43	69.15	20.74	0.00
2	6	0.01	0.55	69.18	21.57	0.00
3	3	0.01	0.57	80.81	9.07	0.00
3	7	0.02	2.29	65.25	8.04	0.00
Core	CPU	C1%	C3%	C6%	C8%	C9%
-	-	0.03	0.85	71.58	16.25	0.00
0	0	0.01	0.53	74.87	14.10	0.00
0	4	0.00	0.68	71.58	18.78	0.00
1	1	0.01	0.21	72.73	17.32	0.00
1	5	0.00	0.37	69.09	21.75	0.00
2	2	0.01	1.30	69.00	20.06	0.00
2	6	0.00	0.39	69.25	21.68	0.00
3	3	0.00	0.57	80.56	9.07	0.00
3	7	0.21	2.76	65.55	7.20	0.00
Core	CPU	C1%	C3%	C6%	C8%	C9%
-	-	0.00	0.71	71.08	17.01	0.00
0	0	0.00	0.47	73.36	15.63	0.00
0	4	0.00	0.64	70.86	19.63	0.00
1	1	0.01	0.39	74.60	15.31	0.00
1	5	0.00	0.38	69.92	20.92	0.00
2	2	0.00	0.61	68.91	20.90	0.00
2	6	0.01	0.57	68.55	22.20	0.00
3	3	0.01	0.61	78.17	11.73	0.00
3	7	0.01	2.00	63.79	9.61	0.00
Core	CPU	C1%	C3%	C6%	C8%	C9%
-	-	0.01	0.72	71.78	16.16	0.00
0	0	0.01	0.31	74.58	14.51	0.00
0	4	0.00	0.67	72.34	18.17	0.00
1	1	0.01	0.41	75.24	14.69	0.00
1	5	0.00	0.21	70.83	20.18	0.00
2	2	0.01	0.83	69.66	19.75	0.00
2	6	0.00	0.49	68.64	22.22	0.00
3	3	0.01	0.49	79.67	10.28	0.00
3	7	0.01	2.35	63.64	9.56	0.00
Core	CPU	C1%	C3%	C6%	C8%	C9%
-	-	0.01	0.90	69.96	15.99	0.00
0	0	0.01	0.44	72.79	14.34	0.00
0	4	0.00	0.77	72.10	16.47	0.00
1	1	0.01	0.45	70.97	16.98	0.00
1	5	0.00	0.36	68.85	19.64	0.00
2	2	0.00	2.12	67.85	19.02	0.00
2	6	0.01	0.48	67.74	20.62	0.00
3	3	0.01	0.36	76.15	12.08	0.00
3	7	0.01	2.20	62.71	8.63	0.00
Core	CPU	C1%	C3%	C6%	C8%	C9%
-	-	0.00	0.71	71.21	16.69	0.00
0	0	0.00	0.54	74.96	13.84	0.00
0	4	0.00	0.57	71.48	19.01	0.00
1	1	0.00	0.43	73.12	16.76	0.00
1	5	0.00	0.47	70.32	20.50	0.00
2	2	0.00	0.52	69.92	19.89	0.00
2	6	0.00	0.60	69.76	20.95	0.00
3	3	0.01	0.69	77.69	12.17	0.00
3	7	0.01	1.84	63.11	10.52	0.00
Core	CPU	C1%	C3%	C6%	C8%	C9%
-	-	0.01	0.90	72.05	15.91	0.00
0	0	0.01	0.50	73.40	15.73	0.00
0	4	0.00	0.65	70.88	19.75	0.00
1	1	0.01	0.35	76.84	13.05	0.00
1	5	0.00	0.31	69.62	21.39	0.00
2	2	0.00	0.54	69.36	20.32	0.00
2	6	0.00	0.49	69.86	21.01	0.00
3	3	0.00	1.26	80.61	8.42	0.00
3	7	0.02	3.07	65.23	7.45	0.00
Core	CPU	C1%	C3%	C6%	C8%	C9%
-	-	0.01	0.74	71.58	16.30	0.00
0	0	0.01	0.30	76.80	12.26	0.00
0	4	0.00	0.74	72.81	17.70	0.00
1	1	0.01	0.49	77.35	12.44	0.00
1	5	0.00	0.32	68.88	21.97	0.00
2	2	0.00	0.48	67.78	22.16	0.00
2	6	0.01	0.68	67.68	23.02	0.00
3	3	0.01	0.64	80.21	9.63	0.00
3	7	0.01	2.31	61.79	11.34	0.00
Core	CPU	C1%	C3%	C6%	C8%	C9%
-	-	0.01	0.97	69.35	16.55	0.00
0	0	0.01	0.36	72.04	15.38	0.00
0	4	0.00	0.74	69.21	18.90	0.00
1	1	0.01	0.39	74.22	13.72	0.00
1	5	0.00	0.28	68.32	20.72	0.00
2	2	0.01	1.52	65.82	20.60	0.00
2	6	0.00	0.52	67.54	21.42	0.00
3	3	0.01	0.46	76.58	11.39	0.00
3	7	0.01	3.47	60.86	10.18	0.00
Core	CPU	C1%	C3%	C6%	C8%	C9%
-	-	0.01	0.68	71.84	16.31	0.00
0	0	0.00	0.53	73.23	15.81	0.00
0	4	0.01	0.60	69.38	21.34	0.00
1	1	0.01	0.30	76.60	13.36	0.00
1	5	0.00	0.31	70.48	20.42	0.00
2	2	0.01	0.54	69.99	19.96	0.00
2	6	0.00	0.42	69.33	21.49	0.00
3	3	0.01	0.47	79.66	10.30	0.00
3	7	0.01	2.30	65.59	7.71	0.00
Core	CPU	C1%	C3%	C6%	C8%	C9%
-	-	0.02	0.72	69.69	17.29	0.00
0	0	0.00	0.45	70.47	18.53	0.00
0	4	0.02	0.67	67.79	21.14	0.00
1	1	0.01	0.33	71.20	18.71	0.00
1	5	0.00	0.32	67.96	22.45	0.00
2	2	0.08	0.69	68.66	15.80	0.00
2	6	0.00	0.59	69.89	19.80	0.00
3	3	0.01	0.58	77.86	11.86	0.00
3	7	0.01	2.15	63.86	10.07	0.00
Core	CPU	C1%	C3%	C6%	C8%	C9%
-	-	0.01	0.69	71.25	16.74	0.00
0	0	0.01	0.39	73.61	15.47	0.00
0	4	0.01	0.70	71.00	19.52	0.00
1	1	0.01	0.47	75.68	14.09	0.00
1	5	0.00	0.37	69.29	21.62	0.00
2	2	0.00	0.45	69.11	20.83	0.00
2	6	0.00	0.50	69.57	21.39	0.00
3	3	0.00	0.51	78.00	11.81	0.00
3	7	0.01	2.11	63.68	9.14	0.00
Core	CPU	C1%	C3%	C6%	C8%	C9%
-	-	0.01	0.72	71.67	16.22	0.00
0	0	0.01	0.57	74.38	14.40	0.00
0	4	0.00	0.65	72.24	18.16	0.00
1	1	0.00	0.45	72.51	17.24	0.00
1	5	0.00	0.34	70.93	20.01	0.00
2	2	0.01	0.42	70.28	19.71	0.00
2	6	0.00	0.54	71.27	19.55	0.00
3	3	0.01	0.64	78.37	11.46	0.00
3	7	0.02	2.16	63.97	9.32	0.00
Core	CPU	C1%	C3%	C6%	C8%	C9%
-	-	0.01	1.14	69.67	16.83	0.00
0	0	0.01	0.60	69.94	17.14	0.00
0	4	0.01	0.54	70.22	18.32	0.00
1	1	0.01	0.28	71.75	17.35	0.00
1	5	0.00	0.41	69.19	21.00	0.00
2	2	0.00	2.09	68.06	18.92	0.00
2	6	0.00	0.30	68.12	21.66	0.00
3	3	0.00	0.51	76.56	12.07	0.00
3	7	0.02	4.36	63.11	8.04	0.00
Core	CPU	C1%	C3%	C6%	C8%	C9%
-	-	0.01	0.69	71.85	16.11	0.00
0	0	0.00	0.62	71.66	17.18	0.00
0	4	0.00	0.64	71.37	19.12	0.00
1	1	0.01	0.26	74.22	15.76	0.00
1	5	0.00	0.38	69.20	21.72	0.00
2	2	0.00	0.53	72.32	17.58	0.00
2	6	0.00	0.44	71.74	19.09	0.00
3	3	0.01	0.41	79.15	10.86	0.00
3	7	0.02	2.23	65.61	7.70	0.00
Core	CPU	C1%	C3%	C6%	C8%	C9%
-	-	0.01	0.73	71.39	16.60	0.00
0	0	0.01	0.59	73.67	15.07	0.00
0	4	0.00	0.64	70.47	19.84	0.00
1	1	0.01	0.38	70.97	19.11	0.00
1	5	0.00	0.45	68.23	22.61	0.00
2	2	0.00	0.52	72.14	17.73	0.00
2	6	0.00	0.44	70.74	20.10	0.00
3	3	0.01	0.55	79.08	10.85	0.00
3	7	0.02	2.26	65.73	7.49	0.00
Core	CPU	C1%	C3%	C6%	C8%	C9%
-	-	0.01	0.82	71.34	16.51	0.00
0	0	0.01	0.54	73.84	15.08	0.00
0	4	0.00	0.64	70.67	19.53	0.00
1	1	0.01	0.37	73.38	16.35	0.00
1	5	0.00	0.51	69.20	21.18	0.00
2	2	0.01	0.44	69.98	20.09	0.00
2	6	0.00	0.38	68.72	21.89	0.00
3	3	0.01	1.14	78.06	10.99	0.00
3	7	0.02	2.57	66.26	6.84	0.00
Core	CPU	C1%	C3%	C6%	C8%	C9%
-	-	0.00	0.66	72.55	15.40	0.00
0	0	0.00	0.49	75.21	13.68	0.00
0	4	0.00	0.41	73.32	17.27	0.00
1	1	0.00	0.42	73.67	16.36	0.00
1	5	0.00	0.36	71.26	19.59	0.00
2	2	0.00	0.49	72.29	17.59	0.00
2	6	0.00	0.49	71.35	19.44	0.00
3	3	0.01	0.49	78.76	11.24	0.00
3	7	0.01	2.16	65.09	8.13	0.00
Core	CPU	C1%	C3%	C6%	C8%	C9%
-	-	0.01	1.02	69.59	16.34	0.00
0	0	0.01	0.48	72.71	14.19	0.00
0	4	0.00	0.51	71.26	16.78	0.00
1	1	0.01	0.37	70.67	17.51	0.00
1	5	0.00	0.35	67.99	20.44	0.00
2	2	0.01	2.31	67.86	18.83	0.00
2	6	0.00	0.43	67.37	21.52	0.00
3	3	0.01	0.53	76.02	12.37	0.00
3	7	0.02	3.20	62.30	8.92	0.00
Core	CPU	C1%	C3%	C6%	C8%	C9%
-	-	0.01	0.69	71.77	16.17	0.00
0	0	0.00	0.62	72.80	16.05	0.00
0	4	0.01	0.60	69.08	21.40	0.00
1	1	0.02	0.35	74.00	15.90	0.00
1	5	0.00	0.48	70.48	20.35	0.00
2	2	0.01	0.51	72.57	17.40	0.00
2	6	0.00	0.41	70.71	20.18	0.00
3	3	0.01	0.56	79.61	10.34	0.00
3	7	0.02	2.05	65.48	7.94	0.00
Core	CPU	C1%	C3%	C6%	C8%	C9%
-	-	0.01	0.73	72.31	15.67	0.00
0	0	0.00	0.58	74.29	14.57	0.00
0	4	0.00	0.70	70.88	19.59	0.00
1	1	0.01	0.33	73.04	16.95	0.00
1	5	0.00	0.35	70.68	20.22	0.00
2	2	0.01	0.59	71.96	17.81	0.00
2	6	0.00	0.43	71.59	19.28	0.00
3	3	0.00	0.49	80.37	9.57	0.00
3	7	0.01	2.36	65.75	7.42	0.00
Core	CPU	C1%	C3%	C6%	C8%	C9%
-	-	0.04	0.73	71.65	16.19	0.00
0	0	0.00	0.44	73.42	15.68	0.00
0	4	0.00	0.61	76.09	14.20	0.00
1	1	0.09	0.38	71.08	17.79	0.00
1	5	0.00	0.39	70.70	20.18	0.00
2	2	0.00	0.57	68.67	21.25	0.00
2	6	0.00	0.43	69.60	21.34	0.00
3	3	0.00	0.52	78.60	11.35	0.00
3	7	0.21	2.53	65.03	7.77	0.00
Core	CPU	C1%	C3%	C6%	C8%	C9%
-	-	0.01	0.68	71.07	16.94	0.00
0	0	0.00	0.50	71.83	17.04	0.00
0	4	0.00	0.55	71.90	18.56	0.00
1	1	0.01	0.41	73.37	16.48	0.00
1	5	0.00	0.51	69.36	21.41	0.00
2	2	0.01	0.54	70.29	19.43	0.00
2	6	0.00	0.42	70.45	20.42	0.00
3	3	0.01	0.51	77.06	12.88	0.00
3	7	0.02	2.01	64.23	9.29	0.00
Core	CPU	C1%	C3%	C6%	C8%	C9%
-	-	0.01	1.09	69.24	17.49	0.00
0	0	0.00	0.39	69.67	18.92	0.00
0	4	0.00	0.66	71.22	18.81	0.00
1	1	0.01	0.41	70.75	18.18	0.00
1	5	0.00	0.34	67.86	21.70	0.00
2	2	0.00	2.07	67.38	19.19	0.00
2	6	0.01	0.48	67.04	22.34	0.00
3	3	0.01	0.56	77.37	11.70	0.00
3	7	0.01	3.79	62.30	8.98	0.00
Core	CPU	C1%	C3%	C6%	C8%	C9%
-	-	0.01	0.72	70.99	16.95	0.00
0	0	0.01	0.53	72.93	16.03	0.00
0	4	0.00	0.76	70.89	19.55	0.00
1	1	0.01	0.48	72.98	16.91	0.00
1	5	0.00	0.36	69.90	21.02	0.00
2	2	0.00	0.45	72.39	17.41	0.00
2	6	0.00	0.57	70.53	20.25	0.00
3	3	0.01	0.59	76.92	12.85	0.00
3	7	0.01	1.99	61.70	11.69	0.00
Core	CPU	C1%	C3%	C6%	C8%	C9%
-	-	0.01	0.81	71.98	16.03	0.00
0	0	0.00	0.61	73.30	15.64	0.00
0	4	0.01	0.64	71.41	19.16	0.00
1	1	0.01	0.41	72.09	17.31	0.00
1	5	0.00	0.39	70.63	20.32	0.00
2	2	0.01	0.63	72.84	16.98	0.00
2	6	0.00	0.46	70.57	20.30	0.00
3	3	0.01	0.47	79.15	10.86	0.00
3	7	0.02	2.84	65.22	7.50	0.00
Core	CPU	C1%	C3%	C6%	C8%	C9%
-	-	0.01	0.70	71.46	16.53	0.00
0	0	0.00	0.52	72.40	16.59	0.00
0	4	0.01	0.46	69.48	21.30	0.00
1	1	0.01	0.47	71.28	18.68	0.00
1	5	0.00	0.45	71.87	18.83	0.00
2	2	0.00	0.48	71.91	18.10	0.00
2	6	0.00	0.50	71.64	19.19	0.00
3	3	0.01	0.50	78.92	10.93	0.00
3	7	0.01	2.22	64.22	8.69	0.00
Core	CPU	C1%	C3%	C6%	C8%	C9%
-	-	0.01	0.74	71.18	16.69	0.00
0	0	0.00	0.60	71.79	17.12	0.00
0	4	0.01	0.77	71.03	19.31	0.00
1	1	0.02	0.33	75.44	14.32	0.00
1	5	0.00	0.44	71.37	19.38	0.00
2	2	0.00	0.57	69.25	20.59	0.00
2	6	0.00	0.38	69.74	21.16	0.00
3	3	0.01	0.48	78.00	11.84	0.00
3	7	0.01	2.36	63.28	9.93	0.00
Core	CPU	C1%	C3%	C6%	C8%	C9%
-	-	0.01	0.99	69.59	16.33	0.00
0	0	0.00	0.50	70.59	16.32	0.00
0	4	0.01	0.47	69.34	18.85	0.00
1	1	0.02	0.32	71.50	17.17	0.00
1	5	0.00	0.44	67.54	21.37	0.00
2	2	0.00	2.46	68.95	17.41	0.00
2	6	0.00	0.46	68.51	20.28	0.00
3	3	0.00	0.61	76.42	11.24	0.00
3	7	0.02	2.67	63.44	7.89	0.00
Core	CPU	C1%	C3%	C6%	C8%	C9%
-	-	0.01	0.71	72.50	15.51	0.00
0	0	0.00	0.59	76.70	12.15	0.00
0	4	0.02	0.62	73.19	17.23	0.00
1	1	0.01	0.28	72.40	17.52	0.00
1	5	0.00	0.41	71.36	19.56	0.00
2	2	0.00	0.57	70.54	19.37	0.00
2	6	0.00	0.34	70.41	20.56	0.00
3	3	0.01	0.45	79.60	10.35	0.00
3	7	0.01	2.44	65.77	7.28	0.00
Core	CPU	C1%	C3%	C6%	C8%	C9%
-	-	0.01	0.82	72.30	15.50	0.00
0	0	0.01	0.42	72.69	16.47	0.00
0	4	0.00	0.59	73.12	17.31	0.00
1	1	0.01	0.36	73.49	16.01	0.00
1	5	0.00	0.33	72.00	18.96	0.00
2	2	0.00	0.52	70.88	18.94	0.00
2	6	0.00	0.35	69.58	21.45	0.00
3	3	0.01	1.25	80.44	8.53	0.00
3	7	0.02	2.76	66.23	6.31	0.00
Core	CPU	C1%	C3%	C6%	C8%	C9%
-	-	0.03	0.73	71.38	16.46	0.00
0	0	0.00	0.55	73.00	15.87	0.00
0	4	0.01	0.61	70.09	20.39	0.00
1	1	0.01	0.37	72.61	17.31	0.00
1	5	0.00	0.43	69.79	21.04	0.00
2	2	0.00	0.52	70.13	19.73	0.00
2	6	0.00	0.53	71.51	19.26	0.00
3	3	0.01	0.46	79.43	10.47	0.00
3	7	0.20	2.34	65.11	7.78	0.00
Core	CPU	C1%	C3%	C6%	C8%	C9%
-	-	0.03	0.74	73.29	14.49	0.00
0	0	0.00	0.58	76.93	11.71	0.00
0	4	0.01	0.67	71.53	18.97	0.00
1	1	0.02	0.22	73.59	16.47	0.00
1	5	0.00	0.37	71.65	19.32	0.00
2	2	0.01	0.59	71.74	16.79	0.00
2	6	0.00	0.47	74.61	15.94	0.00
3	3	0.00	0.51	80.03	9.87	0.00
3	7	0.22	2.49	65.98	6.77	0.00
Core	CPU	C1%	C3%	C6%	C8%	C9%
-	-	0.01	1.00	68.87	16.60	0.00
0	0	0.00	0.55	72.75	14.23	0.00
0	4	0.01	0.65	68.28	21.15	0.00
1	1	0.01	0.22	69.49	18.63	0.00
1	5	0.00	0.39	67.11	21.99	0.00
2	2	0.01	2.40	65.41	17.04	0.00
2	6	0.00	0.45	68.41	19.52	0.00
3	3	0.01	0.34	76.37	11.50	0.00
3	7	0.02	3.02	62.77	8.65	0.00
Core	CPU	C1%	C3%	C6%	C8%	C9%
-	-	0.01	0.72	72.32	15.19	0.00
0	0	0.00	0.66	76.60	11.90	0.00
0	4	0.01	0.60	71.78	18.07	0.00
1	1	0.01	0.34	73.84	15.07	0.00
1	5	0.00	0.37	70.12	20.15	0.00
2	2	0.01	0.51	70.53	18.85	0.00
2	6	0.00	0.37	69.83	21.00	0.00
3	3	0.05	0.60	79.24	9.73	0.00
3	7	0.02	2.28	66.65	6.72	0.00
Core	CPU	C1%	C3%	C6%	C8%	C9%
-	-	0.00	0.70	73.20	14.77	0.00
0	0	0.01	0.61	78.36	10.41	0.00
0	4	0.01	0.57	71.60	18.99	0.00
1	1	0.00	0.39	73.10	16.90	0.00
1	5	0.00	0.32	70.63	20.24	0.00
2	2	0.00	0.48	73.69	16.10	0.00
2	6	0.00	0.51	71.91	18.85	0.00
3	3	0.00	0.51	80.82	9.05	0.00
3	7	0.02	2.25	65.57	7.66	0.00
Core	CPU	C1%	C3%	C6%	C8%	C9%
-	-	0.01	0.82	71.91	15.79	0.00
0	0	0.01	0.57	75.33	13.60	0.00
0	4	0.01	0.45	71.55	19.13	0.00
1	1	0.01	0.39	73.25	16.37	0.00
1	5	0.00	0.34	70.72	19.98	0.00
2	2	0.00	0.51	70.48	18.79	0.00
2	6	0.00	0.39	70.85	20.07	0.00
3	3	0.01	0.99	78.44	10.37	0.00
3	7	0.01	2.94	64.78	8.01	0.00
Core	CPU	C1%	C3%	C6%	C8%	C9%
-	-	0.01	0.71	73.24	14.72	0.00
0	0	0.00	0.69	74.73	13.88	0.00
0	4	0.01	0.56	73.56	16.75	0.00
1	1	0.01	0.33	72.96	17.03	0.00
1	5	0.00	0.40	71.60	19.25	0.00
2	2	0.00	0.55	73.00	16.84	0.00
2	6	0.01	0.40	72.00	18.85	0.00
3	3	0.00	0.53	80.89	8.95	0.00
3	7	0.02	2.22	67.18	6.22	0.00
Core	CPU	C1%	C3%	C6%	C8%	C9%
-	-	0.01	0.99	69.32	16.41	0.00
0	0	0.01	0.54	71.36	15.61	0.00
0	4	0.00	0.39	67.63	21.29	0.00
1	1	0.01	0.36	69.68	17.88	0.00
1	5	0.00	0.38	68.33	20.01	0.00
2	2	0.00	1.46	69.30	17.19	0.00
2	6	0.00	0.42	68.31	19.82	0.00
3	3	0.00	0.52	76.24	11.64	0.00
3	7	0.02	3.82	63.47	7.78	0.00
Core	CPU	C1%	C3%	C6%	C8%	C9%
-	-	0.02	0.71	72.53	15.36	0.00
0	0	0.00	0.63	73.11	15.77	0.00
0	4	0.00	0.59	71.82	18.63	0.00
1	1	0.01	0.25	74.15	15.81	0.00
1	5	0.00	0.54	70.76	20.00	0.00
2	2	0.01	0.58	71.86	17.97	0.00
2	6	0.00	0.28	70.31	20.67	0.00
3	3	0.00	0.45	81.53	8.34	0.00
3	7	0.12	2.37	67.31	5.82	0.00
Core	CPU	C1%	C3%	C6%	C8%	C9%
-	-	0.00	0.73	72.22	15.75	0.00
0	0	0.00	0.49	75.31	13.53	0.00
0	4	0.00	0.60	71.46	19.13	0.00
1	1	0.01	0.37	75.10	14.90	0.00
1	5	0.00	0.37	69.93	20.94	0.00
2	2	0.00	0.66	69.94	19.71	0.00
2	6	0.00	0.54	70.83	19.96	0.00
3	3	0.00	0.45	80.49	9.39	0.00
3	7	0.01	2.39	64.65	8.45	0.00
Core	CPU	C1%	C3%	C6%	C8%	C9%
-	-	0.00	0.83	72.12	15.64	0.00
0	0	0.01	0.48	73.22	15.52	0.00
0	4	0.00	0.52	70.34	20.44	0.00
1	1	0.00	0.39	75.86	14.06	0.00
1	5	0.00	0.39	70.73	19.82	0.00
2	2	0.00	1.09	69.70	19.50	0.00
2	6	0.00	0.48	70.65	19.79	0.00
3	3	0.00	0.57	80.83	8.79	0.00
3	7	0.01	2.73	65.67	7.18	0.00
Core	CPU	C1%	C3%	C6%	C8%	C9%
-	-	0.01	0.68	71.51	16.53	0.00
0	0	0.00	0.51	73.29	15.64	0.00
0	4	0.00	0.63	70.48	20.17	0.00
1	1	0.01	0.37	74.87	15.08	0.00
1	5	0.00	0.36	70.32	20.56	0.00
2	2	0.01	0.47	70.52	19.39	0.00
2	6	0.00	0.49	70.93	19.87	0.00
3	3	0.00	0.49	77.72	12.10	0.00
3	7	0.01	2.10	64.00	9.41	0.00
Core	CPU	C1%	C3%	C6%	C8%	C9%
-	-	0.01	0.95	69.51	16.43	0.00
0	0	0.00	0.54	70.55	16.51	0.00
0	4	0.00	0.54	70.46	18.27	0.00
1	1	0.02	0.28	68.95	19.23	0.00
1	5	0.00	0.53	68.86	19.84	0.00
2	2	0.01	2.24	68.02	18.46	0.00
2	6	0.00	0.30	68.73	19.67	0.00
3	3	0.00	0.42	76.23	11.91	0.00
3	7	0.01	2.73	63.65	7.40	0.00
Core	CPU	C1%	C3%	C6%	C8%	C9%
-	-	0.01	0.68	72.13	15.79	0.00
0	0	0.01	0.50	74.94	13.82	0.00
0	4	0.01	0.43	70.54	20.07	0.00
1	1	0.01	0.39	72.98	17.04	0.00
1	5	0.00	0.35	70.15	20.76	0.00
2	2	0.00	0.47	70.68	19.24	0.00
2	6	0.00	0.39	71.27	19.57	0.00
3	3	0.00	0.50	80.77	9.12	0.00
3	7	0.02	2.39	66.36	6.87	0.00
Core	CPU	C1%	C3%	C6%	C8%	C9%
-	-	0.18	0.74	71.60	14.83	0.00
0	0	0.01	0.69	70.98	16.64	0.00
0	4	0.14	0.52	70.93	18.06	0.00
1	1	0.01	0.44	69.46	15.95	0.00
1	5	0.22	0.48	69.17	19.41	0.00
2	2	0.01	0.50	74.90	13.94	0.00
2	6	0.32	0.65	72.54	17.29	0.00
3	3	0.36	0.64	79.62	9.26	0.00
3	7	0.41	2.02	65.17	8.13	0.00
Core	CPU	C1%	C3%	C6%	C8%	C9%
-	-	0.01	0.70	72.22	15.80	0.00
0	0	0.00	0.59	73.04	15.93	0.00
0	4	0.00	0.47	70.54	20.12	0.00
1	1	0.01	0.35	74.67	15.19	0.00
1	5	0.00	0.51	70.99	19.79	0.00
2	2	0.01	0.55	71.54	18.32	0.00
2	6	0.00	0.33	71.22	19.68	0.00
3	3	0.01	0.56	79.57	10.15	0.00
3	7	0.01	2.25	66.12	7.25	0.00
Core	CPU	C1%	C3%	C6%	C8%	C9%
-	-	0.02	0.82	72.95	14.78	0.00
0	0	0.00	0.53	74.38	14.59	0.00
0	4	0.01	0.56	73.99	16.56	0.00
1	1	0.00	0.35	72.95	17.08	0.00
1	5	0.00	0.39	71.44	19.35	0.00
2	2	0.00	0.63	74.39	15.29	0.00
2	6	0.08	0.67	71.53	18.25	0.00
3	3	0.00	1.25	79.50	9.29	0.00
3	7	0.03	2.19	65.50	7.81	0.00
Core	CPU	C1%	C3%	C6%	C8%	C9%
-	-	0.00	0.70	71.85	16.11	0.00
0	0	0.00	0.62	72.36	16.46	0.00
0	4	0.00	0.52	74.32	15.99	0.00
1	1	0.01	0.32	71.29	18.60	0.00
1	5	0.00	0.36	70.22	20.69	0.00
2	2	0.01	0.59	70.76	18.98	0.00
2	6	0.01	0.39	70.78	19.98	0.00
3	3	0.00	0.48	79.75	10.17	0.00
3	7	0.01	2.36	65.23	7.99	0.00
Core	CPU	C1%	C3%	C6%	C8%	C9%
-	-	0.01	0.71	72.02	16.00	0.00
0	0	0.01	0.45	73.25	15.81	0.00
0	4	0.00	0.65	71.34	19.17	0.00
1	1	0.01	0.34	76.27	13.63	0.00
1	5	0.00	0.39	71.32	19.55	0.00
2	2	0.01	0.48	69.50	20.47	0.00
2	6	0.00	0.45	69.28	21.52	0.00
3	3	0.01	0.51	80.22	9.70	0.00
3	7	0.02	2.41	65.04	8.12	0.00
Core	CPU	C1%	C3%	C6%	C8%	C9%
-	-	0.01	1.28	69.72	16.97	0.00
0	0	0.00	0.43	72.83	15.08	0.00
0	4	0.00	0.51	69.74	19.16	0.00
1	1	0.01	0.44	71.32	17.77	0.00
1	5	0.00	0.35	69.06	22.03	0.00
2	2	0.01	2.84	67.16	19.24	0.00
2	6	0.01	0.52	69.58	20.73	0.00
3	3	0.01	0.70	75.81	11.96	0.00
3	7	0.06	4.41	61.65	9.63	0.00
Core	CPU	C1%	C3%	C6%	C8%	C9%
-	-	0.01	0.70	72.63	15.28	0.00
0	0	0.00	0.78	70.51	18.36	0.00
0	4	0.00	0.42	74.56	15.85	0.00
1	1	0.02	0.13	72.97	17.27	0.00
1	5	0.00	0.53	71.90	18.77	0.00
2	2	0.01	0.68	71.03	18.78	0.00
2	6	0.00	0.26	70.43	20.37	0.00
3	3	0.00	0.37	81.82	8.12	0.00
3	7	0.02	2.44	68.47	4.87	0.00
Core	CPU	C1%	C3%	C6%	C8%	C9%
-	-	0.01	0.87	70.79	16.99	0.00
0	0	0.00	0.51	70.27	18.82	0.00
0	4	0.01	1.08	72.88	16.69	0.00
1	1	0.01	0.38	72.19	17.86	0.00
1	5	0.00	0.48	69.70	21.11	0.00
2	2	0.01	0.53	69.08	20.88	0.00
2	6	0.00	0.39	69.41	21.39	0.00
3	3	0.00	1.11	78.48	10.50	0.00
3	7	0.01	2.44	64.32	8.71	0.00
Core	CPU	C1%	C3%	C6%	C8%	C9%
-	-	0.01	0.71	71.75	16.25	0.00
0	0	0.00	0.65	73.59	15.26	0.00
0	4	0.00	0.41	71.02	19.67	0.00
1	1	0.01	0.37	73.07	16.88	0.00
1	5	0.00	0.46	68.92	21.87	0.00
2	2	0.00	0.49	70.27	19.71	0.00
2	6	0.00	0.43	71.73	18.93	0.00
3	3	0.00	0.65	79.76	9.90	0.00
3	7	0.02	2.24	65.59	7.81	0.00
Core	CPU	C1%	C3%	C6%	C8%	C9%
-	-	0.01	0.70	72.52	15.49	0.00
0	0	0.01	0.56	72.79	16.24	0.00
0	4	0.00	0.52	72.84	17.71	0.00
1	1	0.01	0.29	71.50	18.60	0.00
1	5	0.00	0.42	72.34	18.24	0.00
2	2	0.01	0.57	70.32	19.48	0.00
2	6	0.00	0.46	70.26	20.53	0.00
3	3	0.00	0.56	82.38	7.37	0.00
3	7	0.01	2.18	67.76	5.74	0.00
Core	CPU	C1%	C3%	C6%	C8%	C9%
-	-	0.01	0.98	69.37	15.72	0.51
0	0	0.00	0.56	71.12	15.91	0.00
0	4	0.01	0.47	69.08	19.55	0.00
1	1	0.01	0.15	71.26	16.62	0.00
1	5	0.00	0.47	68.32	20.29	0.00
2	2	0.02	1.48	67.33	14.05	2.49
2	6	0.00	0.42	69.93	17.68	1.56
3	3	0.00	0.66	75.45	12.41	0.00
3	7	0.01	3.59	62.52	9.25	0.00
Core	CPU	C1%	C3%	C6%	C8%	C9%
-	-	0.01	0.70	71.81	16.33	0.00
0	0	0.01	0.47	76.73	12.11	0.00
0	4	0.01	0.53	70.76	19.83	0.00
1	1	0.01	0.42	74.00	16.05	0.00
1	5	0.00	0.30	70.62	20.32	0.00
2	2	0.00	0.47	67.92	22.07	0.00
2	6	0.00	0.52	67.94	22.84	0.00
3	3	0.01	0.52	81.04	8.83	0.00
3	7	0.01	2.38	64.83	8.42	0.00
Core	CPU	C1%	C3%	C6%	C8%	C9%
-	-	0.01	0.72	71.15	16.62	0.00
0	0	0.00	0.55	70.06	18.99	0.00
0	4	0.00	0.31	72.19	18.45	0.00
1	1	0.01	0.28	72.11	18.07	0.00
1	5	0.00	0.54	70.15	19.85	0.00
2	2	0.01	0.56	70.41	19.60	0.00
2	6	0.00	0.28	68.49	21.61	0.00
3	3	0.00	0.56	79.68	10.22	0.00
3	7	0.02	2.72	66.73	6.35	0.00
Core	CPU	C1%	C3%	C6%	C8%	C9%
-	-	0.01	0.68	71.94	16.10	0.00
0	0	0.00	0.52	69.82	19.24	0.00
0	4	0.00	0.60	74.99	15.35	0.00
1	1	0.01	0.29	72.81	17.34	0.00
1	5	0.00	0.41	71.11	19.70	0.00
2	2	0.00	0.59	70.87	19.01	0.00
2	6	0.00	0.37	71.07	19.72	0.00
3	3	0.01	0.42	79.59	10.24	0.00
3	7	0.01	2.27	65.21	8.23	0.00
Core	CPU	C1%	C3%	C6%	C8%	C9%
-	-	0.01	0.72	71.64	16.24	0.00
0	0	0.01	0.40	71.02	17.87	0.00
0	4	0.00	0.52	71.25	18.98	0.00
1	1	0.01	0.36	74.00	15.24	0.00
1	5	0.00	0.48	70.07	20.66	0.00
2	2	0.00	0.54	70.19	19.77	0.00
2	6	0.01	0.40	68.67	22.22	0.00
3	3	0.00	0.53	82.53	7.33	0.00
3	7	0.01	2.51	65.34	7.87	0.00
Core	CPU	C1%	C3%	C6%	C8%	C9%
-	-	0.01	1.11	69.82	16.01	0.00
0	0	0.01	0.42	71.09	15.59	0.00
0	4	0.00	0.62	70.68	17.76	0.00
1	1	0.01	0.34	72.95	14.96	0.00
1	5	0.00	0.32	69.54	19.55	0.00
2	2	0.00	2.20	66.57	19.95	0.00
2	6	0.01	0.41	67.76	21.17	0.00
3	3	0.01	0.40	77.29	10.64	0.00
3	7	0.01	4.16	62.45	8.45	0.00
Core	CPU	C1%	C3%	C6%	C8%	C9%
-	-	0.00	0.71	71.83	16.21	0.00
0	0	0.01	0.40	75.42	13.65	0.00
0	4	0.00	0.47	72.48	18.28	0.00
1	1	0.00	0.38	75.29	14.59	0.00
1	5	0.00	0.35	70.09	20.81	0.00
2	2	0.00	0.56	68.83	21.12	0.00
2	6	0.00	0.54	68.55	22.24	0.00
3	3	0.00	0.70	80.14	9.56	0.00
3	7	0.01	2.29	63.68	9.44	0.00
Core	CPU	C1%	C3%	C6%	C8%	C9%
-	-	0.00	0.71	71.59	16.36	0.00
0	0	0.00	0.44	74.26	14.76	0.00
0	4	0.00	0.63	76.39	13.95	0.00
1	1	0.00	0.40	72.52	17.26	0.00
1	5	0.00	0.30	70.33	20.62	0.00
2	2	0.00	0.48	69.40	20.63	0.00
2	6	0.00	0.56	69.96	20.79	0.00
3	3	0.00	0.64	77.05	12.75	0.00
3	7	0.01	2.21	62.74	10.13	0.00
Core	CPU	C1%	C3%	C6%	C8%	C9%
-	-	0.01	0.74	72.73	15.26	0.00
0	0	0.00	0.64	74.65	14.08	0.00
0	4	0.01	0.60	72.77	17.69	0.00
1	1	0.01	0.18	72.33	17.74	0.00
1	5	0.00	0.52	70.29	20.46	0.00
2	2	0.01	0.66	71.38	18.50	0.00
2	6	0.00	0.33	70.93	19.99	0.00
3	3	0.00	0.62	81.71	8.03	0.00
3	7	0.01	2.34	67.68	5.58	0.00
Core	CPU	C1%	C3%	C6%	C8%	C9%
-	-	0.01	0.73	71.62	16.29	0.00
0	0	0.01	0.30	74.21	14.95	0.00
0	4	0.00	0.81	70.90	19.57	0.00
1	1	0.01	0.41	76.69	13.10	0.00
1	5	0.00	0.26	70.53	20.32	0.00
2	2	0.00	0.51	68.46	21.52	0.00
2	6	0.00	0.54	69.30	21.47	0.00
3	3	0.01	0.43	80.13	9.78	0.00
3	7	0.01	2.56	63.25	9.78	0.00
Core	CPU	C1%	C3%	C6%	C8%	C9%
-	-	0.01	1.19	68.85	17.35	0.00
0	0	0.00	0.57	70.55	16.73	0.00
0	4	0.00	0.60	68.50	20.19	0.00
1	1	0.01	0.32	71.82	16.54	0.00
1	5	0.00	0.34	67.61	21.75	0.00
2	2	0.01	2.49	69.17	17.31	0.00
2	6	0.00	0.50	67.67	21.60	0.00
3	3	0.01	0.57	74.37	14.02	0.00
3	7	0.02	4.09	60.72	10.54	0.00
Core	CPU	C1%	C3%	C6%	C8%	C9%
-	-	0.00	0.75	72.23	15.79	0.00
0	0	0.01	0.56	73.79	15.16	0.00
0	4	0.00	0.68	70.32	20.23	0.00
1	1	0.01	0.28	73.68	16.31	0.00
1	5	0.00	0.33	71.13	19.72	0.00
2	2	0.00	0.57	71.98	17.93	0.00
2	6	0.00	0.39	70.63	20.29	0.00
3	3	0.00	0.69	80.92	8.82	0.00
3	7	0.01	2.51	65.18	7.82	0.00
Core	CPU	C1%	C3%	C6%	C8%	C9%
-	-	0.00	0.88	71.57	16.16	0.00
0	0	0.00	0.54	74.55	14.40	0.00
0	4	0.00	1.47	73.36	16.10	0.00
1	1	0.01	0.29	72.28	17.74	0.00
1	5	0.00	0.34	70.87	20.05	0.00
2	2	0.01	0.63	69.43	20.19	0.00
2	6	0.00	0.47	70.65	20.19	0.00
3	3	0.00	0.53	78.12	11.79	0.00
3	7	0.01	2.79	63.96	8.97	0.00
Core	CPU	C1%	C3%	C6%	C8%	C9%
-	-	0.01	0.70	72.06	16.02	0.00
0	0	0.01	0.44	75.00	14.07	0.00
0	4	0.00	0.68	74.97	15.35	0.00
1	1	0.01	0.37	72.53	17.08	0.00
1	5	0.00	0.30	70.91	20.06	0.00
2	2	0.01	0.52	68.88	21.04	0.00
2	6	0.00	0.36	69.07	21.86	0.00
3	3	0.00	0.53	80.14	9.78	0.00
3	7	0.01	2.37	64.44	8.78	0.00
Core	CPU	C1%	C3%	C6%	C8%	C9%
-	-	0.00	0.71	72.26	15.60	0.00
0	0	0.00	0.49	75.23	13.77	0.00
0	4	0.00	0.60	75.54	14.70	0.00
1	1	0.00	0.29	71.32	18.44	0.00
1	5	0.00	0.36	68.93	21.89	0.00
2	2	0.01	0.62	70.24	19.61	0.00
2	6	0.01	0.43	70.01	20.80	0.00
3	3	0.00	0.57	81.56	8.36	0.00
3	7	0.01	2.29	65.71	7.29	0.00
Core	CPU	C1%	C3%	C6%	C8%	C9%
-	-	0.01	1.31	70.21	16.21	0.00
0	0	0.01	0.38	72.31	14.95	0.00
0	4	0.00	0.80	71.69	17.25	0.00
1	1	0.01	0.35	71.48	17.34	0.00
1	5	0.00	0.25	70.90	19.10	0.00
2	2	0.01	3.05	67.10	19.42	0.00
2	6	0.00	0.50	67.68	22.06	0.00
3	3	0.01	0.51	78.29	10.43	0.00
3	7	0.01	4.67	62.00	9.03	0.00
Core	CPU	C1%	C3%	C6%	C8%	C9%
-	-	0.01	0.71	71.41	16.35	0.00
0	0	0.01	0.30	73.59	15.59	0.00
0	4	0.01	0.72	71.25	17.51	0.00
1	1	0.01	0.43	75.61	14.31	0.00
1	5	0.01	0.34	71.04	19.30	0.00
2	2	0.00	0.52	67.01	22.85	0.00
2	6	0.00	0.52	68.62	22.16	0.00
3	3	0.01	0.66	79.64	10.12	0.00
3	7	0.01	2.19	64.46	8.90	0.00
Core	CPU	C1%	C3%	C6%	C8%	C9%
-	-	0.02	0.82	71.62	16.27	0.00
0	0	0.00	1.17	72.19	16.21	0.00
0	4	0.00	0.57	69.09	21.44	0.00
1	1	0.01	0.29	75.44	14.55	0.00
1	5	0.00	0.47	71.11	19.57	0.00
2	2	0.01	0.52	70.35	19.58	0.00
2	6	0.00	0.36	71.26	19.59	0.00
3	3	0.00	0.48	78.43	11.56	0.00
3	7	0.10	2.66	65.35	7.71	0.00
Core	CPU	C1%	C3%	C6%	C8%	C9%
-	-	0.01	0.69	71.53	16.60	0.00
0	0	0.00	0.37	73.86	15.33	0.00
0	4	0.00	0.83	71.50	18.93	0.00
1	1	0.01	0.37	77.41	12.44	0.00
1	5	0.00	0.29	70.30	20.53	0.00
2	2	0.01	0.51	68.02	21.94	0.00
2	6	0.01	0.51	69.29	21.50	0.00
3	3	0.01	0.49	78.07	11.93	0.00
3	7	0.01	2.16	63.26	10.12	0.00
Core	CPU	C1%	C3%	C6%	C8%	C9%
-	-	0.01	0.70	71.73	16.21	0.00
0	0	0.01	0.54	72.70	16.34	0.00
0	4	0.01	0.69	71.84	18.53	0.00
1	1	0.01	0.34	75.77	13.94	0.00
1	5	0.00	0.42	69.42	21.38	0.00
2	2	0.01	0.52	69.63	20.33	0.00
2	6	0.00	0.34	68.75	22.09	0.00
3	3	0.00	0.44	80.47	9.55	0.00
3	7	0.02	2.31	65.73	7.65	0.00
Core	CPU	C1%	C3%	C6%	C8%	C9%
-	-	0.01	0.83	69.32	16.94	0.00
0	0	0.01	0.42	72.19	15.43	0.00
0	4	0.00	0.65	69.17	19.78	0.00
1	1	0.01	0.39	71.75	16.40	0.00
1	5	0.00	0.36	68.42	21.59	0.00
2	2	0.01	1.20	67.81	18.82	0.00
2	6	0.00	0.54	67.67	20.53	0.00
3	3	0.01	0.49	76.32	12.70	0.00
3	7	0.01	2.60	61.05	10.20	0.00
Core	CPU	C1%	C3%	C6%	C8%	C9%
-	-	0.01	0.69	72.14	15.97	0.00
0	0	0.00	0.45	74.58	14.53	0.00
0	4	0.00	0.65	70.80	19.79	0.00
1	1	0.02	0.31	74.85	15.20	0.00
1	5	0.00	0.28	69.82	21.15	0.00
2	2	0.01	0.50	71.68	18.09	0.00
2	6	0.00	0.44	69.96	20.82	0.00
3	3	0.00	0.55	80.24	9.69	0.00
3	7	0.01	2.31	64.82	8.42	0.00
Core	CPU	C1%	C3%	C6%	C8%	C9%
-	-	0.01	0.88	70.62	16.81	0.00
0	0	0.00	0.49	71.28	17.85	0.00
0	4	0.00	0.68	69.25	21.39	0.00
1	1	0.01	0.33	72.98	17.00	0.00
1	5	0.00	0.35	71.19	19.69	0.00
2	2	0.02	0.68	70.91	16.00	0.00
2	6	0.00	1.18	70.23	19.32	0.00
3	3	0.01	0.49	76.56	13.50	0.00
3	7	0.01	2.87	63.21	9.86	0.00
Core	CPU	C1%	C3%	C6%	C8%	C9%
-	-	0.01	0.67	70.99	16.78	0.00
0	0	0.01	0.48	72.79	16.14	0.00
0	4	0.00	0.62	70.40	20.21	0.00
1	1	0.01	0.27	73.53	16.01	0.00
1	5	0.00	0.33	69.34	21.25	0.00
2	2	0.01	0.60	68.35	19.12	0.00
2	6	0.00	0.40	69.08	21.32	0.00
3	3	0.00	0.45	78.52	11.57	0.00
3	7	0.02	2.20	65.27	8.44	0.00
Core	CPU	C1%	C3%	C6%	C8%	C9%
-	-	0.01	0.72	71.64	16.27	0.00
0	0	0.01	0.51	71.86	17.12	0.00
0	4	0.00	0.73	70.43	19.98	0.00
1	1	0.01	0.37	75.41	14.46	0.00
1	5	0.00	0.46	71.15	19.67	0.00
2	2	0.01	0.54	69.54	20.36	0.00
2	6	0.00	0.36	70.02	20.74	0.00
3	3	0.00	0.53	79.81	10.11	0.00
3	7	0.01	2.28	65.47	7.90	0.00
Core	CPU	C1%	C3%	C6%	C8%	C9%
-	-	0.01	1.17	69.61	16.32	0.00
0	0	0.00	0.55	71.73	15.71	0.00
0	4	0.00	0.61	68.90	19.61	0.00
1	1	0.01	0.31	70.69	17.23	0.00
1	5	0.00	0.42	66.78	22.08	0.00
2	2	0.01	2.46	67.98	18.37	0.00
2	6	0.00	0.46	67.49	21.11	0.00
3	3	0.00	0.48	77.94	9.96	0.00
3	7	0.01	4.03	64.89	6.34	0.00
Core	CPU	C1%	C3%	C6%	C8%	C9%
-	-	0.01	0.70	71.39	16.67	0.00
0	0	0.00	0.47	77.41	11.46	0.00
0	4	0.00	0.74	72.02	18.46	0.00
1	1	0.01	0.43	74.15	15.90	0.00
1	5	0.01	0.29	69.74	21.23	0.00
2	2	0.01	0.54	68.60	21.27	0.00
2	6	0.00	0.54	69.77	20.94	0.00
3	3	0.02	0.44	77.35	12.69	0.00
3	7	0.01	2.16	61.97	11.42	0.00
Core	CPU	C1%	C3%	C6%	C8%	C9%
-	-	0.01	0.84	71.26	16.41	0.00
0	0	0.00	0.53	73.63	15.32	0.00
0	4	0.00	0.50	72.77	17.81	0.00
1	1	0.00	0.35	74.89	15.07	0.00
1	5	0.01	0.34	70.63	20.24	0.00
2	2	0.01	0.54	69.56	20.00	0.00
2	6	0.00	1.22	69.22	20.63	0.00
3	3	0.00	0.68	77.28	12.08	0.00
3	7	0.01	2.60	62.75	10.26	0.00
Core	CPU	C1%	C3%	C6%	C8%	C9%
-	-	0.01	0.71	72.44	15.69	0.00
0	0	0.00	0.77	70.30	18.56	0.00
0	4	0.01	0.53	71.68	18.80	0.00
1	1	0.02	0.06	73.41	16.82	0.00
1	5	0.00	0.49	70.01	20.83	0.00
2	2	0.01	0.69	72.27	17.58	0.00
2	6	0.00	0.18	70.89	19.99	0.00
3	3	0.00	0.40	82.02	8.01	0.00
3	7	0.01	2.59	68.40	4.82	0.00
Core	CPU	C1%	C3%	C6%	C8%	C9%
-	-	0.01	0.71	71.81	16.13	0.00
0	0	0.00	0.35	75.52	13.60	0.00
0	4	0.00	0.66	73.12	17.21	0.00
1	1	0.01	0.40	73.18	16.86	0.00
1	5	0.00	0.36	69.93	20.91	0.00
2	2	0.00	0.55	68.58	21.27	0.00
2	6	0.00	0.46	69.40	21.27	0.00
3	3	0.01	0.39	80.50	9.57	0.00
3	7	0.01	2.53	64.76	8.47	0.00
Core	CPU	C1%	C3%	C6%	C8%	C9%
-	-	0.01	0.99	69.93	15.91	0.28
0	0	0.00	0.54	72.70	14.21	0.00
0	4	0.00	0.46	70.62	18.05	0.00
1	1	0.00	0.36	68.73	18.76	0.00
1	5	0.00	0.39	67.69	21.18	0.00
2	2	0.01	2.38	68.44	17.88	0.00
2	6	0.00	0.45	67.13	21.44	0.00
3	3	0.00	0.60	78.88	8.92	0.00
3	7	0.02	2.73	64.62	6.67	2.23
Core	CPU	C1%	C3%	C6%	C8%	C9%
-	-	0.01	0.70	71.91	16.11	0.00
0	0	0.01	0.36	76.66	12.31	0.00
0	4	0.00	0.68	71.12	19.48	0.00
1	1	0.01	0.46	73.76	16.25	0.00
1	5	0.00	0.31	70.79	20.12	0.00
2	2	0.00	0.52	70.26	19.58	0.00
2	6	0.00	0.55	69.72	21.01	0.00
3	3	0.01	0.53	80.17	9.63	0.00
3	7	0.01	2.21	62.78	10.49	0.00
Core	CPU	C1%	C3%	C6%	C8%	C9%
-	-	0.00	0.86	71.66	16.18	0.00
0	0	0.00	0.47	73.15	15.95	0.00
0	4	0.00	1.35	70.41	19.38	0.00
1	1	0.01	0.33	74.29	15.30	0.00
1	5	0.01	0.27	71.38	19.58	0.00
2	2	0.00	0.55	72.02	17.73	0.00
2	6	0.00	0.43	70.30	20.58	0.00
3	3	0.00	0.48	78.35	11.49	0.00
3	7	0.01	2.97	63.40	9.41	0.00
Core	CPU	C1%	C3%	C6%	C8%	C9%
-	-	0.01	0.69	71.66	16.24	0.00
0	0	0.01	0.28	75.07	14.05	0.00
0	4	0.00	0.66	72.52	18.05	0.00
1	1	0.01	0.41	76.23	13.63	0.00
1	5	0.00	0.27	69.99	20.90	0.00
2	2	0.01	0.50	68.37	21.50	0.00
2	6	0.01	0.66	69.29	21.33	0.00
3	3	0.01	0.65	79.72	10.03	0.00
3	7	0.01	2.09	62.72	10.61	0.00
Core	CPU	C1%	C3%	C6%	C8%	C9%
-	-	0.01	0.72	71.46	16.59	0.00
0	0	0.01	0.51	73.55	15.47	0.00
0	4	0.00	0.73	71.19	19.18	0.00
1	1	0.01	0.30	71.65	18.38	0.00
1	5	0.00	0.37	68.74	22.19	0.00
2	2	0.01	0.54	71.05	18.77	0.00
2	6	0.00	0.54	69.26	21.40	0.00
3	3	0.01	0.55	80.82	9.02	0.00
3	7	0.01	2.27	65.00	8.21	0.00
Core	CPU	C1%	C3%	C6%	C8%	C9%
-	-	0.01	1.11	69.75	16.42	0.09
0	0	0.00	0.64	71.06	16.04	0.00
0	4	0.00	0.63	70.68	18.90	0.00
1	1	0.01	0.21	72.03	16.53	0.00
1	5	0.00	0.42	68.56	20.51	0.00
2	2	0.03	1.78	68.77	17.69	0.70
2	6	0.00	0.42	67.89	21.23	0.00
3	3	0.01	0.60	75.67	12.26	0.00
3	7	0.01	4.15	63.11	8.15	0.00
Core	CPU	C1%	C3%	C6%	C8%	C9%
-	-	0.00	0.71	70.82	17.04	0.00
0	0	0.00	0.36	73.62	15.58	0.00
0	4	0.00	0.66	73.02	17.40	0.00
1	1	0.00	0.47	75.20	14.49	0.00
1	5	0.00	0.41	68.84	21.93	0.00
2	2	0.01	0.44	68.40	21.52	0.00
2	6	0.00	0.63	67.90	22.77	0.00
3	3	0.01	0.78	77.76	11.94	0.00
3	7	0.01	1.93	62.45	10.87	0.00
Core	CPU	C1%	C3%	C6%	C8%	C9%
-	-	0.01	0.85	70.68	17.28	0.00
0	0	0.00	0.40	73.95	15.21	0.00
0	4	0.00	0.54	69.95	20.33	0.00
1	1	0.01	0.48	73.99	15.96	0.00
1	5	0.01	0.35	70.08	20.78	0.00
2	2	0.01	1.31	69.09	20.00	0.00
2	6	0.00	0.63	69.03	21.61	0.00
3	3	0.01	0.66	76.55	13.25	0.00
3	7	0.02	2.43	62.16	10.90	0.00
Core	CPU	C1%	C3%	C6%	C8%	C9%
-	-	0.01	0.74	72.10	15.74	0.00
0	0	0.01	0.45	73.14	16.01	0.00
0	4	0.00	0.77	71.75	18.64	0.00
1	1	0.01	0.34	76.20	13.66	0.00
1	5	0.00	0.46	70.12	20.37	0.00
2	2	0.01	0.55	70.80	19.02	0.00
2	6	0.00	0.44	69.61	21.15	0.00
3	3	0.00	0.52	80.94	8.88	0.00
3	7	0.01	2.37	64.85	8.31	0.00
Core	CPU	C1%	C3%	C6%	C8%	C9%
-	-	0.01	0.70	71.73	16.30	0.00
0	0	0.01	0.47	73.76	15.35	0.00
0	4	0.01	0.71	73.09	17.32	0.00
1	1	0.01	0.37	74.29	15.47	0.00
1	5	0.00	0.37	71.23	19.56	0.00
2	2	0.00	0.49	68.91	21.03	0.00
2	6	0.00	0.54	69.83	20.86	0.00
3	3	0.01	0.58	79.36	10.45	0.00
3	7	0.01	2.11	63.03	10.27	0.00
Core	CPU	C1%	C3%	C6%	C8%	C9%
-	-	0.01	1.12	69.89	15.88	0.00
0	0	0.00	0.57	68.81	17.99	0.00
0	4	0.01	0.65	71.52	16.65	0.00
1	1	0.01	0.26	70.29	17.69	0.00
1	5	0.00	0.36	67.37	20.97	0.00
2	2	0.00	2.43	68.84	17.52	0.00
2	6	0.00	0.42	68.95	19.86	0.00
3	3	0.00	0.49	78.87	9.36	0.00
3	7	0.02	3.80	64.17	6.97	0.00
Core	CPU	C1%	C3%	C6%	C8%	C9%
-	-	0.00	0.70	71.24	16.61	0.00
0	0	0.00	0.57	70.08	18.85	0.00
0	4	0.00	0.65	75.94	14.20	0.00
1	1	0.01	0.21	69.93	20.15	0.00
1	5	0.00	0.53	68.52	22.21	0.00
2	2	0.01	0.69	69.85	19.92	0.00
2	6	0.00	0.30	68.96	21.85	0.00
3	3	0.00	0.50	80.51	9.31	0.00
3	7	0.01	2.16	66.83	6.54	0.00
Core	CPU	C1%	C3%	C6%	C8%	C9%
-	-	0.01	0.87	71.24	16.57	0.00
0	0	0.01	0.48	73.46	15.62	0.00
0	4	0.00	0.57	73.16	17.27	0.00
1	1	0.02	1.10	70.73	18.28	0.00
1	5	0.00	0.32	69.44	21.48	0.00
2	2	0.00	0.56	70.49	19.42	0.00
2	6	0.00	0.48	70.36	20.43	0.00
3	3	0.01	0.57	78.84	10.85	0.00
3	7	0.01	2.91	63.47	9.25	0.00
Core	CPU	C1%	C3%	C6%	C8%	C9%
-	-	0.01	0.70	71.55	16.47	0.00
0	0	0.00	0.41	75.34	13.77	0.00
0	4	0.00	0.76	75.89	14.36	0.00
1	1	0.01	0.40	71.20	18.41	0.00
1	5	0.00	0.32	71.06	19.83	0.00
2	2	0.00	0.57	67.33	22.58	0.00
2	6	0.01	0.49	68.75	21.95	0.00
3	3	0.01	0.47	78.79	11.12	0.00
3	7	0.01	2.13	63.68	9.67	0.00
Core	CPU	C1%	C3%	C6%	C8%	C9%
-	-	0.00	0.65	72.51	15.41	0.00
0	0	0.01	0.25	77.92	11.18	0.00
0	4	0.00	0.60	76.52	13.83	0.00
1	1	0.00	0.53	71.12	18.36	0.00
1	5	0.00	0.27	71.07	19.82	0.00
2	2	0.00	0.39	68.92	21.08	0.00
2	6	0.01	0.60	69.40	21.30	0.00
3	3	0.00	0.64	80.67	9.07	0.00
3	7	0.01	1.96	64.76	8.69	0.00
Core	CPU	C1%	C3%	C6%	C8%	C9%
-	-	0.01	0.94	67.73	17.49	0.00
0	0	0.00	0.52	67.80	18.39	0.00
0	4	0.00	0.54	68.53	19.87	0.00
1	1	0.01	0.18	67.70	20.68	0.00
1	5	0.00	0.37	66.52	22.20	0.00
2	2	0.04	2.14	66.97	15.50	0.00
2	6	0.01	0.43	68.30	19.83	0.00
3	3	0.01	0.50	74.91	12.76	0.00
3	7	0.01	2.80	61.10	10.69	0.00
Core	CPU	C1%	C3%	C6%	C8%	C9%
-	-	0.01	0.71	71.88	16.24	0.00
0	0	0.00	0.56	75.27	13.69	0.00
0	4	0.00	0.58	74.01	16.40	0.00
1	1	0.01	0.33	72.56	17.55	0.00
1	5	0.00	0.35	69.77	21.16	0.00
2	2	0.00	0.56	69.82	19.98	0.00
2	6	0.00	0.51	68.92	21.81	0.00
3	3	0.01	0.61	79.25	10.59	0.00
3	7	0.02	2.18	64.74	8.55	0.00
Core	CPU	C1%	C3%	C6%	C8%	C9%
-	-	0.01	0.84	72.09	15.79	0.00
0	0	0.00	0.56	75.93	12.83	0.00
0	4	0.00	0.59	71.53	19.00	0.00
1	1	0.00	0.29	73.54	16.64	0.00
1	5	0.00	1.02	70.24	19.87	0.00
2	2	0.01	0.54	69.93	19.92	0.00
2	6	0.00	0.42	70.24	20.55	0.00
3	3	0.00	0.45	79.81	10.17	0.00
3	7	0.02	2.84	65.55	7.31	0.00
Core	CPU	C1%	C3%	C6%	C8%	C9%
-	-	0.01	0.73	72.34	15.65	0.00
0	0	0.00	0.63	71.37	17.52	0.00
0	4	0.01	0.65	69.10	21.32	0.00
1	1	0.01	0.19	76.48	13.60	0.00
1	5	0.00	0.49	71.25	19.54	0.00
2	2	0.01	0.68	70.74	19.07	0.00
2	6	0.01	0.38	70.78	20.04	0.00
3	3	0.00	0.35	81.57	8.42	0.00
3	7	0.01	2.50	67.54	5.68	0.00
Core	CPU	C1%	C3%	C6%	C8%	C9%
-	-	0.01	0.72	71.03	16.88	0.00
0	0	0.00	0.50	75.44	13.46	0.00
0	4	0.00	0.64	71.10	19.42	0.00
1	1	0.01	0.39	72.54	17.45	0.00
1	5	0.00	0.37	69.20	21.66	0.00
2	2	0.00	0.52	70.54	19.28	0.00
2	6	0.01	0.52	70.01	20.71	0.00
3	3	0.01	0.60	77.69	12.01	0.00
3	7	0.01	2.21	62.17	11.19	0.00
Core	CPU	C1%	C3%	C6%	C8%	C9%
-	-	0.01	0.97	69.77	16.06	0.00
0	0	0.00	0.48	70.72	16.49	0.00
0	4	0.01	0.65	71.17	17.15	0.00
1	1	0.01	0.28	72.56	15.00	0.00
1	5	0.00	0.37	68.29	20.43	0.00
2	2	0.01	2.02	66.71	19.74	0.00
2	6	0.00	0.35	67.21	21.56	0.00
3	3	0.00	0.38	78.01	10.22	0.00
3	7	0.01	3.20	63.39	7.84	0.00
Core	CPU	C1%	C3%	C6%	C8%	C9%
-	-	0.01	0.71	71.53	16.53	0.00
0	0	0.00	0.37	73.28	15.93	0.00
0	4	0.00	0.70	75.21	15.07	0.00
1	1	0.02	0.32	71.41	18.40	0.00
1	5	0.00	0.32	69.40	21.41	0.00
2	2	0.01	0.60	68.98	20.92	0.00
2	6	0.00	0.50	69.26	21.60	0.00
3	3	0.00	0.43	80.24	9.65	0.00
3	7	0.01	2.46	63.94	9.14	0.00
Core	CPU	C1%	C3%	C6%	C8%	C9%
-	-	0.00	0.80	71.64	16.12	0.00
0	0	0.01	0.31	75.29	13.96	0.00
0	4	0.01	0.77	75.36	14.97	0.00
1	1	0.00	0.39	72.69	17.06	0.00
1	5	0.00	0.23	69.77	21.09	0.00
2	2	0.00	0.43	68.73	20.81	0.00
2	6	0.01	0.62	69.33	21.45	0.00
3	3	0.00	0.82	79.45	9.24	0.00
3	7	0.01	2.79	62.47	10.35	0.00
Core	CPU	C1%	C3%	C6%	C8%	C9%
-	-	0.01	0.70	71.74	16.10	0.00
0	0	0.01	0.39	77.26	11.71	0.00
0	4	0.00	0.90	71.03	19.01	0.00
1	1	0.01	0.36	73.60	16.28	0.00
1	5	0.00	0.26	70.76	20.09	0.00
2	2	0.00	0.45	66.98	22.97	0.00
2	6	0.01	0.54	67.74	23.00	0.00
3	3	0.00	0.48	82.53	7.25	0.00
3	7	0.01	2.23	64.64	8.66	0.00
Core	CPU	C1%	C3%	C6%	C8%	C9%
-	-	0.01	0.71	71.98	16.13	0.00
0	0	0.00	0.48	73.99	15.04	0.00
0	4	0.00	0.69	70.71	19.85	0.00
1	1	0.01	0.28	75.80	14.28	0.00
1	5	0.00	0.41	70.66	20.11	0.00
2	2	0.01	0.56	68.59	21.35	0.00
2	6	0.00	0.32	68.79	22.20	0.00
3	3	0.01	0.49	81.34	8.51	0.00
3	7	0.01	2.47	65.50	7.62	0.00
Core	CPU	C1%	C3%	C6%	C8%	C9%
-	-	0.01	0.92	69.91	15.85	0.00
0	0	0.01	0.60	74.72	12.30	0.00
0	4	0.01	0.79	69.34	19.18	0.00
1	1	0.01	0.19	72.53	15.59	0.00
1	5	0.00	0.44	67.48	20.74	0.00
2	2	0.01	1.63	66.84	19.52	0.00
2	6	0.01	0.34	67.69	21.16	0.00
3	3	0.00	0.44	77.13	10.93	0.00
3	7	0.01	2.93	63.69	7.45	0.00
Core	CPU	C1%	C3%	C6%	C8%	C9%
-	-	0.01	0.73	72.06	15.85	0.00
0	0	0.00	0.61	75.66	13.20	0.00
0	4	0.01	0.67	69.53	20.93	0.00
1	1	0.02	0.23	75.92	14.10	0.00
1	5	0.00	0.43	69.58	21.02	0.00
2	2	0.01	0.63	69.38	20.47	0.00
2	6	0.00	0.45	69.99	20.80	0.00
3	3	0.01	0.43	81.37	8.48	0.00
3	7	0.02	2.39	65.40	7.89	0.00
Core	CPU	C1%	C3%	C6%	C8%	C9%
-	-	0.01	0.84	71.81	15.93	0.00
0	0	0.01	0.47	74.47	14.57	0.00
0	4	0.00	0.67	73.29	17.09	0.00
1	1	0.01	0.31	73.01	16.58	0.00
1	5	0.00	0.40	71.86	18.90	0.00
2	2	0.01	1.17	69.40	19.41	0.00
2	6	0.00	0.45	69.00	21.89	0.00
3	3	0.01	0.61	79.47	10.15	0.00
3	7	0.02	2.64	64.03	8.88	0.00
Core	CPU	C1%	C3%	C6%	C8%	C9%
-	-	0.00	0.72	71.70	16.41	0.00
0	0	0.01	0.42	74.42	14.66	0.00
0	4	0.00	0.61	70.68	19.93	0.00
1	1	0.01	0.31	73.33	16.82	0.00
1	5	0.00	0.39	69.43	21.27	0.00
2	2	0.01	0.48	69.39	20.51	0.00
2	6	0.00	0.53	69.70	21.01	0.00
3	3	0.01	0.70	81.12	8.58	0.00
3	7	0.01	2.33	64.82	8.35	0.00
Core	CPU	C1%	C3%	C6%	C8%	C9%
-	-	0.01	0.70	72.52	15.41	0.00
0	0	0.00	0.76	72.38	16.50	0.00
0	4	0.01	0.50	71.46	19.12	0.00
1	1	0.01	0.13	72.60	17.66	0.00
1	5	0.00	0.36	71.14	19.76	0.00
2	2	0.02	0.72	73.81	15.69	0.00
2	6	0.00	0.28	70.04	20.84	0.00
3	3	0.00	0.56	82.00	7.80	0.00
3	7	0.02	2.31	67.32	6.03	0.00
Core	CPU	C1%	C3%	C6%	C8%	C9%
-	-	0.01	1.28	70.02	16.70	0.00
0	0	0.00	0.45	69.62	17.74	0.00
0	4	0.01	0.65	70.45	18.79	0.00
1	1	0.01	0.30	70.70	18.44	0.00
1	5	0.00	0.43	69.83	20.14	0.00
2	2	0.01	2.96	68.18	18.51	0.00
2	6	0.01	0.41	67.84	21.93	0.00
3	3	0.00	0.50	79.73	10.26	0.00
3	7	0.01	4.52	63.58	7.73	0.00
Core	CPU	C1%	C3%	C6%	C8%	C9%
-	-	0.01	0.71	71.25	16.70	0.00
0	0	0.01	0.39	75.55	13.59	0.00
0	4	0.00	0.64	74.85	15.47	0.00
1	1	0.01	0.44	71.25	18.11	0.00
1	5	0.01	0.34	71.47	19.32	0.00
2	2	0.01	0.45	68.06	21.91	0.00
2	6	0.00	0.60	66.44	24.34	0.00
3	3	0.00	0.74	79.34	10.33	0.00
3	7	0.00	2.04	62.80	10.49	0.00
Core	CPU	C1%	C3%	C6%	C8%	C9%
-	-	0.01	0.89	71.03	16.76	0.00
0	0	0.01	0.52	71.79	17.27	0.00
0	4	0.01	0.67	71.18	19.32	0.00
1	1	0.01	0.31	73.09	17.04	0.00
1	5	0.01	1.27	70.15	19.57	0.00
2	2	0.00	0.61	68.33	21.59	0.00
2	6	0.01	0.44	69.90	20.99	0.00
3	3	0.01	0.49	79.46	10.41	0.00
3	7	0.01	2.80	64.91	8.07	0.00
Core	CPU	C1%	C3%	C6%	C8%	C9%
-	-	0.01	0.72	71.42	16.70	0.00
0	0	0.01	0.43	75.59	13.46	0.00
0	4	0.00	0.79	71.43	19.04	0.00
1	1	0.01	0.41	74.61	15.34	0.00
1	5	0.00	0.24	70.29	20.67	0.00
2	2	0.01	0.50	67.83	22.14	0.00
2	6	0.00	0.51	68.58	22.25	0.00
3	3	0.01	0.48	79.43	10.48	0.00
3	7	0.01	2.38	63.01	10.07	0.00
Core	CPU	C1%	C3%	C6%	C8%	C9%
-	-	0.00	0.70	72.08	15.86	0.00
0	0	0.01	0.34	78.40	10.51	0.00
0	4	0.00	0.75	71.73	18.76	0.00
1	1	0.01	0.38	74.59	15.50	0.00
1	5	0.00	0.34	71.60	19.21	0.00
2	2	0.00	0.48	68.71	21.26	0.00
2	6	0.00	0.52	69.66	21.14	0.00
3	3	0.01	0.44	79.07	10.82	0.00
3	7	0.01	2.34	63.41	9.83	0.00
