Core	CPU	C1%	C3%	C6%	C8%	C9%
-	-	0.03	0.80	71.89	15.53	0.00
0	0	0.10	0.71	77.70	10.86	0.00
0	4	0.03	0.72	70.63	19.24	0.00
1	1	0.01	0.50	72.00	17.50	0.00
1	5	0.09	0.38	69.43	20.76	0.00
2	2	0.00	0.64	73.48	16.17	0.00
2	6	0.01	0.63	71.16	18.75	0.00
3	3	0.01	0.61	77.10	12.60	0.00
3	7	0.01	2.21	64.25	8.50	0.00
Core	CPU	C1%	C3%	C6%	C8%	C9%
-	-	0.04	0.69	70.25	17.72	0.00
0	0	0.00	0.53	75.26	13.66	0.00
0	4	0.00	0.63	73.48	17.03	0.00
1	1	0.01	0.49	69.91	19.92	0.00
1	5	0.01	0.31	69.91	20.97	0.00
2	2	0.00	0.53	68.50	21.34	0.00
2	6	0.00	0.50	69.22	21.43	0.00
3	3	0.00	0.58	73.43	16.35	0.00
3	7	0.30	1.93	62.26	11.05	0.00
Core	CPU	C1%	C3%	C6%	C8%	C9%
-	-	0.03	0.67	69.53	18.00	0.00
0	0	0.00	0.69	76.10	12.68	0.00
0	4	0.00	0.57	71.08	19.47	0.00
1	1	0.01	0.41	69.58	19.46	0.00
1	5	0.00	0.27	68.63	22.06	0.00
2	2	0.01	0.44	69.47	19.84	0.00
2	6	0.00	0.60	67.97	21.85	0.00
3	3	0.00	0.56	71.79	17.03	0.00
3	7	0.20	1.78	61.40	11.56	0.00
Core	CPU	C1%	C3%	C6%	C8%	C9%
-	-	0.01	0.67	70.16	17.86	0.00
0	0	0.00	0.62	74.01	14.50	0.00
0	4	0.00	0.65	70.28	20.32	0.00
1	1	0.01	0.36	73.48	16.46	0.00
1	5	0.01	0.25	70.98	20.03	0.00
2	2	0.01	0.56	70.14	19.64	0.00
2	6	0.01	0.55	69.52	20.79	0.00
3	3	0.00	0.57	73.39	16.42	0.00
3	7	0.01	1.78	59.18	14.66	0.00
Core	CPU	C1%	C3%	C6%	C8%	C9%
-	-	0.01	0.92	68.16	17.57	0.00
0	0	0.00	0.52	71.74	15.43	0.00
0	4	0.01	0.60	68.79	19.32	0.00
1	1	0.00	0.48	71.67	16.08	0.00
1	5	0.01	0.44	69.10	19.08	0.00
2	2	0.01	2.54	64.17	22.23	0.00
2	6	0.00	0.45	65.54	23.15	0.00
3	3	0.00	0.50	73.35	14.52	0.00
3	7	0.05	1.84	61.43	10.86	0.00
Core	CPU	C1%	C3%	C6%	C8%	C9%
-	-	0.01	0.63	69.80	18.26	0.00
0	0	0.00	0.52	74.82	14.17	0.00
0	4	0.01	0.56	69.77	20.93	0.00
1	1	0.01	0.55	72.71	17.05	0.00
1	5	0.01	0.29	70.52	20.23	0.00
2	2	0.01	0.52	70.89	18.87	0.00
2	6	0.01	0.31	69.62	21.25	0.00
3	3	0.00	0.48	72.33	17.54	0.00
3	7	0.01	1.84	57.70	16.00	0.00
Core	CPU	C1%	C3%	C6%	C8%	C9%
-	-	0.00	0.76	69.52	18.32	0.00
0	0	0.00	0.59	72.31	15.81	0.00
0	4	0.01	0.63	69.09	21.53	0.00
1	1	0.00	1.19	73.88	14.71	0.00
1	5	0.00	0.37	70.63	20.23	0.00
2	2	0.01	0.55	69.48	20.34	0.00
2	6	0.01	0.43	68.24	22.52	0.00
3	3	0.00	0.50	72.85	17.05	0.00
3	7	0.01	1.83	59.48	14.28	0.00
Core	CPU	C1%	C3%	C6%	C8%	C9%
-	-	0.01	0.69	70.83	17.14	0.00
0	0	0.00	0.57	75.49	13.45	0.00
0	4	0.01	0.66	74.01	16.32	0.00
1	1	0.01	0.44	70.67	19.18	0.00
1	5	0.01	0.31	71.86	19.03	0.00
2	2	0.01	0.48	69.28	20.67	0.00
2	6	0.01	0.42	68.59	22.17	0.00
3	3	0.00	0.61	75.45	14.33	0.00
3	7	0.01	2.05	61.51	12.02	0.00
Core	CPU	C1%	C3%	C6%	C8%	C9%
-	-	0.01	0.70	70.72	17.31	0.00
0	0	0.01	0.55	75.23	13.87	0.00
0	4	0.00	0.63	71.20	19.32	0.00
1	1	0.01	0.46	73.95	15.73	0.00
1	5	0.01	0.35	70.90	19.92	0.00
2	2	0.01	0.52	70.13	19.69	0.00
2	6	0.01	0.49	69.14	21.52	0.00
3	3	0.00	0.60	74.19	15.57	0.00
3	7	0.01	2.01	60.78	12.80	0.00
Core	CPU	C1%	C3%	C6%	C8%	C9%
-	-	0.01	0.85	68.70	17.07	0.00
0	0	0.00	0.53	71.59	15.48	0.00
0	4	0.00	0.68	69.18	19.15	0.00
1	1	0.01	0.47	70.29	17.44	0.00
1	5	0.01	0.38	67.49	21.33	0.00
2	2	0.00	0.83	67.80	18.52	0.00
2	6	0.01	0.48	67.25	20.76	0.00
3	3	0.00	0.47	73.76	14.17	0.00
3	7	0.01	2.94	61.93	9.65	0.00
Core	CPU	C1%	C3%	C6%	C8%	C9%
-	-	0.01	0.69	71.09	16.89	0.00
0	0	0.00	0.53	72.96	16.09	0.00
0	4	0.00	0.67	71.27	19.16	0.00
1	1	0.00	0.37	74.08	15.83	0.00
1	5	0.01	0.48	71.75	18.92	0.00
2	2	0.01	0.54	70.10	19.79	0.00
2	6	0.01	0.49	69.62	21.05	0.00
3	3	0.00	0.52	76.52	13.31	0.00
3	7	0.02	1.90	62.42	11.01	0.00
Core	CPU	C1%	C3%	C6%	C8%	C9%
-	-	0.03	0.77	70.36	17.04	0.00
0	0	0.00	0.60	72.87	15.81	0.00
0	4	0.20	0.63	69.50	20.26	0.00
1	1	0.00	0.50	74.34	14.78	0.00
1	5	0.01	0.46	72.08	18.55	0.00
2	2	0.00	0.95	70.11	18.17	0.00
2	6	0.00	0.43	68.32	21.95	0.00
3	3	0.00	0.49	74.11	15.76	0.00
3	7	0.04	2.12	61.87	11.09	0.00
Core	CPU	C1%	C3%	C6%	C8%	C9%
-	-	0.01	0.70	71.21	16.73	0.00
0	0	0.00	0.52	72.69	16.41	0.00
0	4	0.01	0.59	69.69	20.83	0.00
1	1	0.01	0.41	72.12	17.49	0.00
1	5	0.01	0.45	72.09	18.53	0.00
2	2	0.00	0.51	71.12	18.67	0.00
2	6	0.01	0.43	69.00	21.80	0.00
3	3	0.00	0.68	78.99	10.65	0.00
3	7	0.01	2.02	64.08	9.53	0.00
Core	CPU	C1%	C3%	C6%	C8%	C9%
-	-	0.01	0.67	71.24	16.82	0.00
0	0	0.00	0.56	74.82	14.22	0.00
0	4	0.01	0.64	72.57	17.86	0.00
1	1	0.01	0.44	74.43	15.27	0.00
1	5	0.01	0.37	71.96	18.87	0.00
2	2	0.00	0.65	68.74	20.96	0.00
2	6	0.00	0.33	69.75	21.13	0.00
3	3	0.00	0.56	75.20	14.60	0.00
3	7	0.01	1.82	62.17	11.63	0.00
Core	CPU	C1%	C3%	C6%	C8%	C9%
-	-	0.00	1.06	68.71	16.96	0.00
0	0	0.00	0.53	72.36	13.40	0.00
0	4	0.00	0.62	70.28	18.17	0.00
1	1	0.01	0.31	69.30	18.60	0.00
1	5	0.01	0.35	67.89	21.06	0.00
2	2	0.00	2.25	66.53	19.95	0.00
2	6	0.01	0.51	67.08	21.67	0.00
3	3	0.00	0.60	74.37	12.87	0.00
3	7	0.01	3.31	61.72	9.95	0.00
Core	CPU	C1%	C3%	C6%	C8%	C9%
-	-	0.00	0.65	69.90	17.72	0.00
0	0	0.01	0.52	69.00	15.98	0.00
0	4	0.01	0.60	70.46	19.55	0.00
1	1	0.00	0.42	70.98	18.96	0.00
1	5	0.00	0.48	70.07	20.79	0.00
2	2	0.00	0.48	70.77	19.23	0.00
2	6	0.00	0.33	68.97	22.08	0.00
3	3	0.00	0.60	75.40	14.45	0.00
3	7	0.01	1.74	63.51	10.71	0.00
Core	CPU	C1%	C3%	C6%	C8%	C9%
-	-	0.01	0.88	70.74	16.98	0.00
0	0	0.00	0.52	72.94	16.06	0.00
0	4	0.00	0.63	70.41	20.08	0.00
1	1	0.01	0.53	72.89	16.96	0.00
1	5	0.01	0.54	71.17	19.11	0.00
2	2	0.01	1.31	70.26	18.72	0.00
2	6	0.00	0.42	68.72	22.16	0.00
3	3	0.00	0.67	76.43	12.91	0.00
3	7	0.02	2.45	63.34	9.90	0.00
Core	CPU	C1%	C3%	C6%	C8%	C9%
-	-	0.01	0.68	71.37	16.64	0.00
0	0	0.00	0.50	73.21	15.80	0.00
0	4	0.00	0.64	69.23	21.32	0.00
1	1	0.01	0.50	73.95	15.79	0.00
1	5	0.01	0.47	72.22	18.59	0.00
2	2	0.02	0.58	72.19	17.56	0.00
2	6	0.00	0.32	69.94	20.99	0.00
3	3	0.00	0.53	77.46	12.30	0.00
3	7	0.02	1.90	62.92	10.77	0.00
Core	CPU	C1%	C3%	C6%	C8%	C9%
-	-	0.01	0.66	71.58	16.35	0.00
0	0	0.00	0.63	74.25	14.63	0.00
0	4	0.00	0.54	70.27	20.37	0.00
1	1	0.00	0.52	74.72	14.65	0.00
1	5	0.01	0.36	71.36	19.54	0.00
2	2	0.01	0.44	72.08	17.83	0.00
2	6	0.00	0.33	69.45	21.49	0.00
3	3	0.00	0.59	77.97	11.72	0.00
3	7	0.01	1.89	62.86	10.61	0.00
Core	CPU	C1%	C3%	C6%	C8%	C9%
-	-	0.01	0.94	69.11	16.65	0.00
0	0	0.00	0.41	73.31	13.11	0.00
0	4	0.00	0.46	68.36	20.34	0.00
1	1	0.00	0.41	70.58	17.40	0.00
1	5	0.01	0.41	67.90	20.85	0.00
2	2	0.01	2.70	67.92	18.52	0.00
2	6	0.01	0.41	66.86	21.93	0.00
3	3	0.00	0.59	75.12	12.23	0.00
3	7	0.02	2.17	62.80	8.82	0.00
Core	CPU	C1%	C3%	C6%	C8%	C9%
-	-	0.01	0.67	71.75	16.40	0.00
0	0	0.00	0.50	72.99	16.02	0.00
0	4	0.01	0.72	69.53	21.00	0.00
1	1	0.00	0.44	74.72	14.95	0.00
1	5	0.01	0.43	72.59	18.23	0.00
2	2	0.01	0.46	71.50	18.47	0.00
2	6	0.01	0.34	70.44	20.47	0.00
3	3	0.00	0.65	77.88	11.82	0.00
3	7	0.01	1.85	63.68	10.09	0.00
Core	CPU	C1%	C3%	C6%	C8%	C9%
-	-	0.01	0.70	71.04	16.86	0.00
0	0	0.01	0.63	72.93	15.19	0.00
0	4	0.00	0.58	70.58	20.06	0.00
1	1	0.00	0.41	73.20	16.63	0.00
1	5	0.01	0.44	70.16	20.36	0.00
2	2	0.01	0.52	69.86	20.07	0.00
2	6	0.00	0.43	69.02	21.63	0.00
3	3	0.00	0.59	78.09	11.73	0.00
3	7	0.01	1.97	64.49	9.25	0.00
Core	CPU	C1%	C3%	C6%	C8%	C9%
-	-	0.01	0.65	71.71	16.30	0.00
0	0	0.00	0.40	75.73	13.30	0.00
0	4	0.00	0.62	70.80	19.74	0.00
1	1	0.00	0.41	72.70	17.19	0.00
1	5	0.01	0.32	72.05	18.89	0.00
2	2	0.01	0.53	70.39	19.51	0.00
2	6	0.01	0.36	69.57	21.31	0.00
3	3	0.00	0.61	78.03	11.70	0.00
3	7	0.01	1.94	64.81	8.85	0.00
Core	CPU	C1%	C3%	C6%	C8%	C9%
-	-	0.00	0.65	72.00	16.02	0.00
0	0	0.00	0.54	77.50	11.45	0.00
0	4	0.00	0.58	73.45	17.18	0.00
1	1	0.00	0.31	74.31	15.57	0.00
1	5	0.01	0.27	71.62	19.32	0.00
2	2	0.01	0.51	71.19	18.74	0.00
2	6	0.00	0.46	69.02	21.77	0.00
3	3	0.00	0.68	75.82	13.74	0.00
3	7	0.01	1.88	63.08	10.36	0.00
Core	CPU	C1%	C3%	C6%	C8%	C9%
-	-	0.03	1.02	69.10	16.49	0.00
0	0	0.00	0.54	72.35	14.44	0.00
0	4	0.00	0.53	68.12	19.89	0.00
1	1	0.00	0.47	69.75	18.32	0.00
1	5	0.01	0.48	68.70	19.87	0.00
2	2	0.01	2.36	68.06	18.26	0.00
2	6	0.00	0.53	66.22	22.47	0.00
3	3	0.00	0.70	76.08	11.30	0.00
3	7	0.21	2.57	63.73	7.39	0.00
Core	CPU	C1%	C3%	C6%	C8%	C9%
-	-	0.02	0.70	71.29	16.23	0.00
0	0	0.02	0.60	74.43	12.74	0.00
0	4	0.00	0.58	72.29	17.64	0.00
1	1	0.00	0.44	71.36	18.16	0.00
1	5	0.01	0.35	71.11	19.43	0.00
2	2	0.00	0.44	68.22	20.79	0.00
2	6	0.15	0.47	68.95	21.32	0.00
3	3	0.00	0.62	78.32	11.41	0.00
3	7	0.01	2.06	65.06	8.26	0.00
Core	CPU	C1%	C3%	C6%	C8%	C9%
-	-	0.01	0.80	70.37	17.18	0.03
0	0	0.00	0.95	71.73	16.52	0.20
0	4	0.00	0.60	72.60	17.79	0.00
1	1	0.00	0.32	71.42	18.44	0.00
1	5	0.01	0.35	69.53	20.67	0.00
2	2	0.00	0.57	69.32	20.23	0.00
2	6	0.01	0.52	68.41	21.67	0.00
3	3	0.00	0.56	76.96	12.60	0.00
3	7	0.01	2.53	63.57	9.72	0.00
Core	CPU	C1%	C3%	C6%	C8%	C9%
-	-	0.01	0.69	70.87	17.19	0.00
0	0	0.00	0.52	74.11	14.80	0.00
0	4	0.00	0.67	69.80	20.77	0.00
1	1	0.00	0.48	73.17	16.48	0.00
1	5	0.01	0.41	70.09	20.76	0.00
2	2	0.00	0.49	70.10	19.84	0.00
2	6	0.00	0.35	67.99	22.91	0.00
3	3	0.00	0.63	78.13	11.63	0.00
3	7	0.02	1.93	63.38	10.32	0.00
Core	CPU	C1%	C3%	C6%	C8%	C9%
-	-	0.00	0.69	71.61	16.46	0.00
0	0	0.01	0.61	76.37	12.46	0.00
0	4	0.00	0.64	71.19	19.44	0.00
1	1	0.00	0.43	74.56	15.25	0.00
1	5	0.00	0.32	71.76	19.15	0.00
2	2	0.00	0.44	70.41	19.56	0.00
2	6	0.00	0.52	68.47	22.29	0.00
3	3	0.00	0.52	76.35	13.40	0.00
3	7	0.01	2.05	63.53	10.05	0.00
Core	CPU	C1%	C3%	C6%	C8%	C9%
-	-	0.01	1.00	68.33	17.60	0.00
0	0	0.00	0.48	71.16	16.08	0.00
0	4	0.01	0.54	69.02	19.63	0.00
1	1	0.00	0.49	68.95	18.95	0.00
1	5	0.01	0.40	69.38	19.36	0.00
2	2	0.01	1.90	67.49	18.92	0.00
2	6	0.00	0.35	67.49	21.64	0.00
3	3	0.00	0.47	73.05	14.44	0.00
3	7	0.02	3.35	59.88	11.69	0.00
Core	CPU	C1%	C3%	C6%	C8%	C9%
-	-	0.01	0.69	71.67	16.36	0.00
0	0	0.01	0.43	74.34	14.63	0.00
0	4	0.00	0.66	70.67	19.86	0.00
1	1	0.01	0.43	71.86	18.02	0.00
1	5	0.01	0.50	70.05	20.61	0.00
2	2	0.00	0.52	70.62	19.11	0.00
2	6	0.01	0.57	70.17	20.52	0.00
3	3	0.00	0.57	79.68	10.21	0.00
3	7	0.01	1.88	65.99	7.89	0.00
Core	CPU	C1%	C3%	C6%	C8%	C9%
-	-	0.02	0.72	71.19	16.62	0.00
0	0	0.01	0.49	72.55	16.52	0.00
0	4	0.00	0.70	69.21	21.31	0.00
1	1	0.08	0.42	74.30	14.74	0.00
1	5	0.01	0.42	72.88	17.87	0.00
2	2	0.01	0.51	69.19	20.52	0.00
2	6	0.00	0.40	69.13	21.72	0.00
3	3	0.00	0.61	79.19	10.64	0.00
3	7	0.02	2.23	63.72	9.84	0.00
Core	CPU	C1%	C3%	C6%	C8%	C9%
-	-	0.00	0.70	71.29	16.78	0.00
0	0	0.00	0.50	73.98	15.00	0.00
0	4	0.00	0.72	70.29	20.11	0.00
1	1	0.00	0.45	71.60	18.18	0.00
1	5	0.01	0.46	69.94	20.73	0.00
2	2	0.00	0.54	70.71	19.07	0.00
2	6	0.00	0.56	69.25	21.45	0.00
3	3	0.00	0.58	78.84	10.89	0.00
3	7	0.01	1.75	65.26	8.71	0.00
Core	CPU	C1%	C3%	C6%	C8%	C9%
-	-	0.01	0.70	71.67	16.34	0.00
0	0	0.00	0.48	72.00	17.01	0.00
0	4	0.00	0.72	68.68	21.80	0.00
1	1	0.00	0.43	72.94	16.88	0.00
1	5	0.01	0.45	71.44	19.35	0.00
2	2	0.01	0.58	72.65	17.09	0.00
2	6	0.00	0.47	71.88	18.84	0.00
3	3	0.00	0.57	79.41	10.39	0.00
3	7	0.01	1.93	64.46	9.34	0.00
Core	CPU	C1%	C3%	C6%	C8%	C9%
-	-	0.01	1.04	69.58	16.40	0.00
0	0	0.00	0.39	70.83	17.06	0.00
0	4	0.00	0.67	67.78	20.19	0.00
1	1	0.00	0.45	70.57	17.67	0.00
1	5	0.02	0.43	67.29	21.50	0.00
2	2	0.00	1.93	68.84	17.67	0.01
2	6	0.00	0.47	69.60	19.80	0.00
3	3	0.00	0.56	77.53	10.24	0.00
3	7	0.01	3.40	64.59	7.14	0.00
Core	CPU	C1%	C3%	C6%	C8%	C9%
-	-	0.01	0.68	70.96	17.15	0.00
0	0	0.00	0.55	72.02	16.88	0.00
0	4	0.01	0.66	68.53	22.08	0.00
1	1	0.01	0.55	73.74	16.15	0.00
1	5	0.00	0.46	72.27	18.54	0.00
2	2	0.00	0.39	71.68	18.22	0.00
2	6	0.00	0.34	70.14	20.77	0.00
3	3	0.00	0.60	76.20	13.49	0.00
3	7	0.02	1.93	62.77	10.97	0.00
Core	CPU	C1%	C3%	C6%	C8%	C9%
-	-	0.05	0.79	71.11	16.62	0.00
0	0	0.00	0.49	74.30	14.60	0.00
0	4	0.00	0.59	68.98	21.73	0.00
1	1	0.01	0.88	73.41	15.73	0.00
1	5	0.01	0.37	71.57	19.37	0.00
2	2	0.01	0.46	72.67	16.72	0.00
2	6	0.12	0.39	70.25	20.53	0.00
3	3	0.00	0.59	75.65	13.66	0.00
3	7	0.21	2.54	62.07	10.61	0.00
Core	CPU	C1%	C3%	C6%	C8%	C9%
-	-	0.05	0.67	69.69	17.66	0.00
0	0	0.01	0.58	70.21	13.69	0.00
0	4	0.01	0.45	69.37	20.66	0.00
1	1	0.01	0.42	69.97	19.76	0.00
1	5	0.00	0.38	70.74	20.05	0.00
2	2	0.01	0.53	69.33	20.73	0.00
2	6	0.00	0.52	69.83	21.03	0.00
3	3	0.00	0.55	75.42	14.54	0.00
3	7	0.38	1.93	62.91	10.86	0.00
Core	CPU	C1%	C3%	C6%	C8%	C9%
-	-	0.03	0.64	71.15	16.88	0.00
0	0	0.00	0.45	73.22	15.90	0.00
0	4	0.20	0.64	72.30	17.78	0.00
1	1	0.00	0.47	71.54	17.87	0.00
1	5	0.01	0.44	71.78	18.98	0.00
2	2	0.01	0.39	69.18	20.83	0.00
2	6	0.01	0.44	69.50	21.34	0.00
3	3	0.00	0.65	76.42	13.23	0.00
3	7	0.02	1.66	64.87	9.06	0.00
Core	CPU	C1%	C3%	C6%	C8%	C9%
-	-	0.02	0.96	69.23	16.57	0.00
0	0	0.00	0.56	72.61	14.38	0.00
0	4	0.00	0.60	68.63	19.94	0.00
1	1	0.00	0.33	71.74	15.77	0.00
1	5	0.00	0.36	69.81	19.27	0.00
2	2	0.01	2.32	67.16	19.42	0.00
2	6	0.00	0.40	67.23	21.66	0.00
3	3	0.00	0.63	75.31	12.55	0.00
3	7	0.10	2.46	61.71	9.67	0.00
Core	CPU	C1%	C3%	C6%	C8%	C9%
-	-	0.03	0.67	70.37	17.61	0.00
0	0	0.00	0.57	74.55	14.23	0.00
0	4	0.01	0.56	71.00	19.66	0.00
1	1	0.00	0.46	72.37	17.35	0.00
1	5	0.01	0.33	71.18	19.69	0.00
2	2	0.01	0.38	69.30	20.71	0.00
2	6	0.01	0.45	68.43	22.31	0.00
3	3	0.00	0.78	73.99	15.57	0.00
3	7	0.20	1.81	62.13	11.31	0.00
Core	CPU	C1%	C3%	C6%	C8%	C9%
-	-	0.01	0.86	70.28	17.66	0.00
0	0	0.00	0.48	69.73	19.40	0.00
0	4	0.00	0.56	68.66	22.05	0.00
1	1	0.00	1.34	74.42	14.32	0.00
1	5	0.01	0.42	71.65	19.15	0.00
2	2	0.00	0.51	69.99	20.02	0.00
2	6	0.01	0.37	69.03	21.95	0.00
3	3	0.00	0.59	76.77	13.06	0.00
3	7	0.02	2.63	61.68	11.24	0.00
Core	CPU	C1%	C3%	C6%	C8%	C9%
-	-	0.01	0.66	70.77	17.31	0.00
0	0	0.01	0.46	70.71	18.36	0.00
0	4	0.00	0.67	69.79	20.71	0.00
1	1	0.00	0.50	74.11	15.57	0.00
1	5	0.01	0.45	72.33	18.41	0.00
2	2	0.01	0.46	70.31	19.65	0.00
2	6	0.00	0.33	69.43	21.52	0.00
3	3	0.00	0.65	76.77	12.88	0.00
3	7	0.01	1.74	62.58	11.32	0.00
Core	CPU	C1%	C3%	C6%	C8%	C9%
-	-	0.01	0.66	71.04	17.00	0.00
0	0	0.00	0.55	73.78	15.24	0.00
0	4	0.00	0.57	70.06	20.52	0.00
1	1	0.01	0.41	75.10	14.73	0.00
1	5	0.01	0.34	73.64	17.10	0.00
2	2	0.01	0.46	69.31	20.55	0.00
2	6	0.00	0.45	70.77	19.93	0.00
3	3	0.00	0.73	74.70	14.84	0.00
3	7	0.01	1.74	60.78	13.06	0.00
Core	CPU	C1%	C3%	C6%	C8%	C9%
-	-	0.01	0.99	68.98	16.50	0.00
0	0	0.00	0.45	70.06	17.01	0.00
0	4	0.00	0.71	69.28	19.12	0.00
1	1	0.00	0.52	69.70	17.96	0.00
1	5	0.01	0.60	71.40	16.50	0.00
2	2	0.00	2.30	67.39	19.01	0.00
2	6	0.01	0.43	69.46	18.51	0.00
3	3	0.00	0.50	73.84	14.17	0.00
3	7	0.01	2.40	61.33	9.90	0.00
Core	CPU	C1%	C3%	C6%	C8%	C9%
-	-	0.01	0.67	70.92	16.70	0.00
0	0	0.00	0.45	73.80	15.05	0.00
0	4	0.00	0.70	70.74	19.69	0.00
1	1	0.01	0.35	70.14	19.38	0.00
1	5	0.01	0.35	70.34	19.61	0.00
2	2	0.01	0.50	69.00	20.84	0.00
2	6	0.02	0.54	70.43	19.36	0.00
3	3	0.01	0.62	77.95	10.86	0.00
3	7	0.01	1.89	64.93	8.79	0.00
Core	CPU	C1%	C3%	C6%	C8%	C9%
-	-	0.01	0.80	71.03	16.67	0.04
0	0	0.00	0.49	73.40	15.66	0.00
0	4	0.00	0.64	69.81	20.09	0.00
1	1	0.01	0.45	70.58	19.22	0.00
1	5	0.01	0.40	69.10	20.89	0.30
2	2	0.00	0.49	71.69	17.49	0.00
2	6	0.01	0.49	71.47	19.10	0.00
3	3	0.00	0.67	77.67	11.78	0.00
3	7	0.01	2.79	64.00	9.01	0.00
Core	CPU	C1%	C3%	C6%	C8%	C9%
-	-	0.01	0.68	70.98	17.01	0.00
0	0	0.00	0.59	70.52	18.38	0.00
0	4	0.01	0.66	68.06	22.50	0.00
1	1	0.00	0.46	75.62	14.12	0.00
1	5	0.01	0.42	73.12	17.56	0.00
2	2	0.01	0.54	69.64	20.22	0.00
2	6	0.01	0.37	70.49	20.34	0.00
3	3	0.01	0.58	77.58	12.25	0.00
3	7	0.01	1.86	63.02	10.73	0.00
Core	CPU	C1%	C3%	C6%	C8%	C9%
-	-	0.01	0.70	71.98	16.09	0.00
0	0	0.01	0.55	75.79	13.11	0.00
0	4	0.01	0.67	69.69	20.83	0.00
1	1	0.00	0.42	74.11	15.81	0.00
1	5	0.02	0.42	73.34	17.41	0.00
2	2	0.01	0.46	70.09	19.85	0.00
2	6	0.01	0.42	70.95	19.82	0.00
3	3	0.01	0.71	77.58	12.01	0.00
3	7	0.01	1.91	63.94	9.83	0.00
Core	CPU	C1%	C3%	C6%	C8%	C9%
-	-	0.01	0.96	68.06	17.65	0.00
0	0	0.00	0.50	74.07	12.92	0.00
0	4	0.00	0.58	67.90	20.16	0.00
1	1	0.01	0.38	70.06	17.71	0.00
1	5	0.01	0.32	68.89	19.54	0.00
2	2	0.01	1.83	65.97	20.46	0.00
2	6	0.01	0.38	66.87	22.18	0.00
3	3	0.00	0.60	72.79	15.14	0.00
3	7	0.01	3.12	58.57	13.24	0.00
Core	CPU	C1%	C3%	C6%	C8%	C9%
-	-	0.01	0.66	70.52	17.60	0.00
0	0	0.00	0.54	71.77	17.20	0.00
0	4	0.01	0.63	68.66	21.98	0.00
1	1	0.00	0.43	75.18	14.55	0.00
1	5	0.00	0.40	71.06	19.61	0.00
2	2	0.01	0.58	69.45	20.36	0.00
2	6	0.00	0.37	69.50	21.34	0.00
3	3	0.00	0.65	76.38	13.40	0.00
3	7	0.01	1.68	61.68	12.24	0.00
Core	CPU	C1%	C3%	C6%	C8%	C9%
-	-	0.01	0.79	70.68	16.99	0.00
0	0	0.00	0.50	75.39	13.44	0.00
0	4	0.01	0.64	69.72	19.99	0.00
1	1	0.01	0.88	73.43	15.59	0.00
1	5	0.01	0.40	71.17	19.11	0.00
2	2	0.00	0.44	69.21	20.71	0.00
2	6	0.01	0.35	69.51	21.30	0.00
3	3	0.01	0.50	75.70	13.92	0.00
3	7	0.01	2.62	61.26	11.84	0.00
Core	CPU	C1%	C3%	C6%	C8%	C9%
-	-	0.00	0.69	71.17	16.82	0.00
0	0	0.00	0.47	74.95	14.00	0.00
0	4	0.00	0.61	72.50	17.91	0.00
1	1	0.00	0.35	71.65	18.22	0.00
1	5	0.01	0.46	72.00	18.79	0.00
2	2	0.00	0.50	67.38	22.54	0.00
2	6	0.01	0.56	67.07	23.61	0.00
3	3	0.00	0.75	78.95	10.64	0.00
3	7	0.01	1.81	65.01	8.84	0.00
Core	CPU	C1%	C3%	C6%	C8%	C9%
-	-	0.01	0.69	71.43	16.58	0.00
0	0	0.00	0.47	72.34	16.76	0.00
0	4	0.00	0.68	72.62	17.59	0.00
1	1	0.01	0.46	69.91	19.63	0.00
1	5	0.01	0.42	70.71	20.10	0.00
2	2	0.01	0.50	69.28	20.65	0.00
2	6	0.01	0.48	69.44	21.31	0.00
3	3	0.00	0.73	79.89	9.68	0.00
3	7	0.02	1.78	67.03	6.85	0.00
Core	CPU	C1%	C3%	C6%	C8%	C9%
-	-	0.03	1.08	68.69	16.82	0.00
0	0	0.00	0.54	70.74	16.14	0.00
0	4	0.00	0.50	68.49	19.97	0.00
1	1	0.00	0.51	69.34	17.56	0.00
1	5	0.00	0.44	68.65	19.21	0.00
2	2	0.01	2.28	65.83	20.66	0.00
2	6	0.00	0.43	65.91	22.92	0.00
3	3	0.00	0.70	77.18	10.39	0.00
3	7	0.22	3.27	63.62	7.78	0.00
Core	CPU	C1%	C3%	C6%	C8%	C9%
-	-	0.03	0.69	70.94	16.97	0.00
0	0	0.00	0.53	72.59	16.31	0.00
0	4	0.00	0.60	74.27	16.07	0.00
1	1	0.00	0.44	70.63	19.16	0.00
1	5	0.01	0.35	69.73	21.17	0.00
2	2	0.01	0.46	69.97	19.97	0.00
2	6	0.01	0.54	70.35	20.32	0.00
3	3	0.00	0.60	77.05	12.74	0.00
3	7	0.21	2.02	63.29	10.13	0.00
Core	CPU	C1%	C3%	C6%	C8%	C9%
-	-	0.00	0.77	71.25	16.50	0.00
0	0	0.00	0.49	73.05	15.96	0.00
0	4	0.01	0.67	69.65	20.52	0.00
1	1	0.00	0.46	72.88	16.81	0.00
1	5	0.00	0.44	71.63	19.16	0.00
2	2	0.01	0.47	71.01	18.33	0.00
2	6	0.00	0.62	70.99	18.99	0.00
3	3	0.00	0.62	76.64	13.16	0.00
3	7	0.01	2.37	64.21	9.05	0.00
Core	CPU	C1%	C3%	C6%	C8%	C9%
-	-	0.00	0.67	70.81	17.30	0.00
0	0	0.00	0.53	73.40	15.64	0.00
0	4	0.00	0.59	70.20	20.46	0.00
1	1	0.01	0.45	73.34	16.55	0.00
1	5	0.01	0.39	70.89	19.95	0.00
2	2	0.00	0.45	71.44	18.45	0.00
2	6	0.00	0.41	69.28	21.51	0.00
3	3	0.00	0.66	76.03	13.66	0.00
3	7	0.01	1.89	61.65	12.11	0.00
Core	CPU	C1%	C3%	C6%	C8%	C9%
-	-	0.00	0.68	70.50	17.51	0.00
0	0	0.00	0.56	72.62	16.37	0.00
0	4	0.00	0.66	73.29	16.99	0.00
1	1	0.00	0.49	70.44	19.33	0.00
1	5	0.00	0.48	71.12	19.59	0.00
2	2	0.00	0.46	66.34	23.56	0.00
2	6	0.00	0.42	67.90	22.85	0.00
3	3	0.00	0.64	77.38	12.41	0.00
3	7	0.02	1.72	64.94	8.99	0.00
Core	CPU	C1%	C3%	C6%	C8%	C9%
-	-	0.01	1.01	68.88	16.66	0.00
0	0	0.01	0.53	68.14	16.99	0.00
0	4	0.01	0.66	69.85	18.32	0.00
1	1	0.00	0.39	71.89	16.21	0.00
1	5	0.01	0.44	68.97	19.70	0.00
2	2	0.02	1.79	68.17	18.42	0.00
2	6	0.01	0.37	68.29	20.34	0.00
3	3	0.01	0.53	74.42	13.00	0.00
3	7	0.01	3.39	61.51	10.37	0.00
Core	CPU	C1%	C3%	C6%	C8%	C9%
-	-	0.01	0.66	70.77	16.96	0.00
0	0	0.01	0.59	71.18	14.71	0.00
0	4	0.00	0.62	70.13	20.08	0.00
1	1	0.01	0.40	71.23	18.56	0.00
1	5	0.01	0.42	70.00	20.58	0.00
2	2	0.01	0.45	71.09	18.92	0.00
2	6	0.01	0.44	70.95	19.87	0.00
3	3	0.00	0.75	77.09	12.57	0.00
3	7	0.01	1.62	63.91	10.25	0.00
Core	CPU	C1%	C3%	C6%	C8%	C9%
-	-	0.01	0.87	70.86	16.63	0.00
0	0	0.01	0.46	70.75	17.86	0.00
0	4	0.01	0.55	68.61	21.95	0.00
1	1	0.01	0.50	73.88	15.83	0.00
1	5	0.01	0.53	71.44	18.52	0.00
2	2	0.00	0.47	71.23	18.40	0.00
2	6	0.00	0.77	70.55	19.02	0.00
3	3	0.00	0.72	77.88	11.87	0.00
3	7	0.01	2.95	63.21	9.75	0.00
Core	CPU	C1%	C3%	C6%	C8%	C9%
-	-	0.01	0.67	71.62	16.52	0.00
0	0	0.01	0.42	73.32	15.86	0.00
0	4	0.01	0.64	73.38	16.96	0.00
1	1	0.01	0.45	71.75	18.26	0.00
1	5	0.01	0.45	71.19	19.57	0.00
2	2	0.01	0.36	70.06	19.99	0.00
2	6	0.00	0.52	69.78	20.90	0.00
3	3	0.00	0.68	78.51	11.22	0.00
3	7	0.01	1.86	64.50	9.33	0.00
Core	CPU	C1%	C3%	C6%	C8%	C9%
-	-	0.00	0.68	70.71	17.32	0.00
0	0	0.00	0.51	73.60	15.38	0.00
0	4	0.00	0.63	70.78	19.78	0.00
1	1	0.01	0.52	71.50	18.37	0.00
1	5	0.01	0.40	71.28	19.38	0.00
2	2	0.01	0.47	70.55	19.43	0.00
2	6	0.00	0.45	70.01	20.76	0.00
3	3	0.00	0.60	75.78	14.07	0.00
3	7	0.01	1.86	62.31	11.43	0.00
Core	CPU	C1%	C3%	C6%	C8%	C9%
-	-	0.04	1.01	69.23	16.33	0.00
0	0	0.00	0.52	71.67	14.98	0.00
0	4	0.01	0.65	70.78	17.65	0.00
1	1	0.00	0.44	71.10	16.36	0.00
1	5	0.01	0.43	69.20	19.45	0.00
2	2	0.01	1.59	68.06	18.23	0.00
2	6	0.00	0.40	67.84	20.39	0.00
3	3	0.00	0.59	74.99	12.92	0.00
3	7	0.30	3.45	60.57	10.77	0.00
Core	CPU	C1%	C3%	C6%	C8%	C9%
-	-	0.01	0.72	72.33	15.77	0.00
0	0	0.00	0.49	70.69	18.39	0.00
0	4	0.01	0.83	71.69	18.60	0.00
1	1	0.00	0.47	71.62	18.13	0.00
1	5	0.02	0.50	71.65	19.02	0.00
2	2	0.01	0.56	72.57	17.17	0.00
2	6	0.00	0.41	72.88	17.86	0.00
3	3	0.00	0.59	80.83	9.06	0.00
3	7	0.02	1.88	66.09	7.73	0.00
Core	CPU	C1%	C3%	C6%	C8%	C9%
-	-	0.01	0.79	71.96	15.81	0.00
0	0	0.00	0.46	72.86	16.24	0.00
0	4	0.00	0.70	70.68	19.50	0.00
1	1	0.01	0.50	72.21	17.63	0.00
1	5	0.01	0.65	68.65	21.17	0.00
2	2	0.01	0.52	71.18	18.75	0.00
2	6	0.01	0.48	71.30	19.47	0.00
3	3	0.00	0.52	81.59	8.40	0.00
3	7	0.03	2.48	67.73	5.48	0.00
Core	CPU	C1%	C3%	C6%	C8%	C9%
-	-	0.01	0.65	71.99	16.08	0.00
0	0	0.00	0.50	74.67	14.33	0.00
0	4	0.01	0.70	69.38	21.18	0.00
1	1	0.00	0.45	75.52	14.31	0.00
1	5	0.01	0.41	72.33	18.44	0.00
2	2	0.00	0.56	71.62	18.06	0.00
2	6	0.01	0.31	70.96	19.84	0.00
3	3	0.00	0.58	77.37	12.50	0.00
3	7	0.02	1.73	63.96	9.94	0.00
Core	CPU	C1%	C3%	C6%	C8%	C9%
-	-	0.01	0.71	72.37	15.66	0.00
0	0	0.01	0.50	72.88	16.20	0.00
0	4	0.01	0.78	73.15	17.14	0.00
1	1	0.00	0.39	73.66	16.25	0.00
1	5	0.01	0.48	72.48	18.23	0.00
2	2	0.00	0.57	72.30	17.31	0.00
2	6	0.01	0.46	72.06	18.66	0.00
3	3	0.00	0.63	77.93	11.86	0.00
3	7	0.01	1.89	64.23	9.58	0.00
Core	CPU	C1%	C3%	C6%	C8%	C9%
-	-	0.01	0.96	69.27	16.56	0.00
0	0	0.00	0.52	71.68	15.41	0.00
0	4	0.01	0.55	69.41	19.48	0.00
1	1	0.01	0.38	71.51	16.29	0.00
1	5	0.01	0.40	67.59	21.26	0.00
2	2	0.01	2.38	68.03	18.43	0.00
2	6	0.00	0.49	69.15	20.10	0.00
3	3	0.00	0.71	75.08	12.10	0.00
3	7	0.02	2.27	62.10	9.51	0.00
Core	CPU	C1%	C3%	C6%	C8%	C9%
-	-	0.01	0.68	70.75	17.35	0.00
0	0	0.00	0.60	70.36	18.64	0.00
0	4	0.01	0.60	69.03	21.68	0.00
1	1	0.01	0.49	73.15	16.58	0.00
1	5	0.00	0.46	71.81	18.90	0.00
2	2	0.01	0.52	71.45	18.48	0.00
2	6	0.01	0.40	70.22	20.58	0.00
3	3	0.01	0.59	76.57	13.22	0.00
3	7	0.01	1.78	63.10	10.66	0.00
Core	CPU	C1%	C3%	C6%	C8%	C9%
-	-	0.01	0.83	71.55	16.24	0.00
0	0	0.00	0.62	74.24	14.49	0.00
0	4	0.00	0.64	70.09	20.27	0.00
1	1	0.00	0.44	74.79	14.92	0.00
1	5	0.01	0.44	72.98	17.73	0.00
2	2	0.00	1.10	69.32	19.75	0.00
2	6	0.00	0.43	69.33	21.45	0.00
3	3	0.01	0.70	77.41	12.20	0.00
3	7	0.01	2.31	64.12	9.09	0.00
Core	CPU	C1%	C3%	C6%	C8%	C9%
-	-	0.01	0.73	72.35	15.51	0.00
0	0	0.00	0.50	72.06	16.90	0.00
0	4	0.00	0.63	69.15	21.52	0.00
1	1	0.00	0.51	75.62	14.02	0.00
1	5	0.01	0.58	74.62	15.82	0.00
2	2	0.01	0.45	72.10	17.89	0.00
2	6	0.00	0.41	72.35	18.45	0.00
3	3	0.01	0.64	77.81	11.95	0.00
3	7	0.01	2.15	65.57	7.64	0.00
Core	CPU	C1%	C3%	C6%	C8%	C9%
-	-	0.10	0.70	70.61	16.94	0.00
0	0	0.01	0.61	75.39	13.27	0.00
0	4	0.01	0.64	72.31	18.12	0.00
1	1	0.01	0.54	73.54	15.43	0.00
1	5	0.50	0.25	73.11	16.61	0.00
2	2	0.01	0.39	70.24	19.80	0.00
2	6	0.22	0.36	69.00	21.23	0.00
3	3	0.01	0.84	71.34	17.43	0.00
3	7	0.00	1.97	59.48	13.52	0.00
Core	CPU	C1%	C3%	C6%	C8%	C9%
-	-	0.01	0.95	68.76	17.01	0.00
0	0	0.00	0.52	69.86	17.98	0.00
0	4	0.00	0.66	68.61	19.33	0.00
1	1	0.01	0.50	71.92	15.73	0.00
1	5	0.01	0.42	69.29	18.85	0.00
2	2	0.01	1.27	65.35	21.12	0.00
2	6	0.00	0.37	67.13	21.66	0.00
3	3	0.00	0.65	75.72	12.05	0.00
3	7	0.01	3.21	62.23	9.40	0.00
Core	CPU	C1%	C3%	C6%	C8%	C9%
-	-	0.01	0.64	70.48	17.62	0.00
0	0	0.00	0.50	74.12	14.82	0.00
0	4	0.01	0.64	70.50	20.13	0.00
1	1	0.01	0.48	73.63	16.24	0.00
1	5	0.01	0.32	71.70	19.17	0.00
2	2	0.01	0.42	69.89	20.06	0.00
2	6	0.00	0.41	70.20	20.51	0.00
3	3	0.00	0.59	73.63	16.21	0.00
3	7	0.01	1.73	60.06	13.81	0.00
Core	CPU	C1%	C3%	C6%	C8%	C9%
-	-	0.01	0.90	70.80	16.81	0.00
0	0	0.00	0.47	72.16	16.99	0.00
0	4	0.00	0.69	69.80	20.21	0.00
1	1	0.00	0.57	72.00	17.83	0.00
1	5	0.01	0.44	72.04	18.34	0.00
2	2	0.01	0.43	72.31	17.06	0.00
2	6	0.00	1.33	70.57	19.06	0.00
3	3	0.00	0.65	75.38	14.19	0.00
3	7	0.02	2.61	62.26	10.79	0.00
Core	CPU	C1%	C3%	C6%	C8%	C9%
-	-	0.01	0.67	71.14	16.87	0.00
0	0	0.00	0.53	72.07	16.89	0.00
0	4	0.00	0.58	68.51	22.18	0.00
1	1	0.01	0.45	73.84	15.99	0.00
1	5	0.01	0.44	71.82	18.87	0.00
2	2	0.01	0.52	70.28	19.59	0.00
2	6	0.01	0.35	69.95	20.88	0.00
3	3	0.00	0.66	79.06	10.70	0.00
3	7	0.01	1.87	63.79	9.87	0.00
Core	CPU	C1%	C3%	C6%	C8%	C9%
-	-	0.01	0.65	71.01	17.06	0.00
0	0	0.00	0.54	75.10	13.83	0.00
0	4	0.01	0.45	71.01	19.79	0.00
1	1	0.01	0.57	74.53	15.24	0.00
1	5	0.01	0.43	71.05	19.73	0.00
2	2	0.01	0.51	69.98	19.93	0.00
2	6	0.00	0.38	70.26	20.52	0.00
3	3	0.00	0.53	74.16	15.77	0.00
3	7	0.01	1.81	62.02	11.65	0.00
Core	CPU	C1%	C3%	C6%	C8%	C9%
-	-	0.01	1.09	68.56	17.23	0.00
0	0	0.00	0.51	67.19	20.21	0.00
0	4	0.00	0.60	66.67	21.84	0.00
1	1	0.01	0.50	69.76	18.10	0.00
1	5	0.02	0.42	70.12	18.55	0.00
2	2	0.00	2.40	68.91	17.60	0.00
2	6	0.01	0.32	70.09	18.11	0.00
3	3	0.01	0.61	75.64	12.23	0.00
3	7	0.02	3.40	60.36	11.31	0.00
Core	CPU	C1%	C3%	C6%	C8%	C9%
-	-	0.01	0.67	70.94	17.13	0.00
0	0	0.01	0.46	74.61	14.42	0.00
0	4	0.00	0.55	73.20	17.40	0.00
1	1	0.01	0.60	71.87	17.74	0.00
1	5	0.01	0.39	72.15	18.59	0.00
2	2	0.01	0.46	70.38	19.61	0.00
2	6	0.00	0.44	69.54	21.21	0.00
3	3	0.00	0.61	73.21	16.57	0.00
3	7	0.01	1.84	62.30	11.42	0.00
Core	CPU	C1%	C3%	C6%	C8%	C9%
-	-	0.13	0.84	70.15	17.45	0.00
0	0	0.00	0.45	73.41	15.37	0.00
0	4	0.01	0.53	69.20	21.68	0.00
1	1	0.00	0.43	72.37	16.86	0.00
1	5	0.01	0.40	71.18	18.96	0.00
2	2	0.01	0.46	71.46	18.51	0.00
2	6	0.00	1.26	70.02	19.61	0.00
3	3	0.00	0.66	72.41	17.16	0.00
3	7	0.97	2.55	60.76	11.34	0.00
Core	CPU	C1%	C3%	C6%	C8%	C9%
-	-	0.01	0.68	69.97	17.37	0.00
0	0	0.01	0.58	72.35	11.42	0.00
0	4	0.01	0.50	71.38	18.71	0.00
1	1	0.00	0.51	70.31	19.17	0.00
1	5	0.01	0.37	68.11	22.47	0.00
2	2	0.01	0.57	70.91	19.06	0.00
2	6	0.00	0.50	69.03	21.74	0.00
3	3	0.00	0.54	74.15	15.97	0.00
3	7	0.01	1.88	63.71	10.46	0.00
Core	CPU	C1%	C3%	C6%	C8%	C9%
-	-	0.01	0.69	71.31	16.71	0.00
0	0	0.00	0.46	74.14	14.85	0.00
0	4	0.01	0.51	70.50	20.17	0.00
1	1	0.01	0.51	72.67	17.16	0.00
1	5	0.01	0.41	71.65	19.12	0.00
2	2	0.01	0.53	71.06	18.84	0.00
2	6	0.00	0.43	71.46	19.29	0.00
3	3	0.00	0.62	76.06	13.77	0.00
3	7	0.01	2.05	63.08	10.51	0.00
Core	CPU	C1%	C3%	C6%	C8%	C9%
-	-	0.00	0.83	69.02	16.86	0.00
0	0	0.00	0.43	71.97	15.14	0.00
0	4	0.00	0.56	67.06	21.52	0.00
1	1	0.00	0.39	71.31	16.62	0.00
1	5	0.01	0.36	68.35	20.23	0.00
2	2	0.00	1.47	67.38	19.38	0.00
2	6	0.00	0.49	66.40	22.41	0.00
3	3	0.00	0.66	76.06	11.80	0.00
3	7	0.02	2.28	63.88	7.84	0.00
Core	CPU	C1%	C3%	C6%	C8%	C9%
-	-	0.01	0.72	72.05	16.00	0.00
0	0	0.00	0.50	71.21	17.68	0.00
0	4	0.01	0.62	69.32	21.16	0.00
1	1	0.00	0.47	72.12	17.79	0.00
1	5	0.01	0.52	71.27	19.50	0.00
2	2	0.00	0.46	72.89	16.96	0.00
2	6	0.00	0.45	71.61	19.10	0.00
3	3	0.00	0.70	80.95	8.71	0.00
3	7	0.02	2.01	66.71	7.03	0.00
Core	CPU	C1%	C3%	C6%	C8%	C9%
-	-	0.01	0.70	71.24	16.47	0.00
0	0	0.01	0.54	69.99	17.26	0.00
0	4	0.01	0.64	70.19	19.20	0.00
1	1	0.01	0.43	72.63	17.43	0.00
1	5	0.01	0.48	70.92	19.94	0.00
2	2	0.01	0.44	71.98	18.05	0.00
2	6	0.00	0.32	71.73	19.08	0.00
3	3	0.01	0.50	77.78	12.13	0.00
3	7	0.01	2.23	64.73	8.68	0.00
Core	CPU	C1%	C3%	C6%	C8%	C9%
-	-	0.01	0.70	71.71	16.38	0.00
0	0	0.00	0.44	74.07	14.97	0.00
0	4	0.00	0.65	70.54	19.92	0.00
1	1	0.00	0.46	70.72	19.24	0.00
1	5	0.02	0.46	70.27	20.53	0.00
2	2	0.00	0.40	72.87	17.13	0.00
2	6	0.00	0.49	71.22	19.41	0.00
3	3	0.00	0.68	78.28	11.39	0.00
3	7	0.01	2.04	65.35	8.34	0.00
Core	CPU	C1%	C3%	C6%	C8%	C9%
-	-	0.01	0.74	71.90	16.02	0.00
0	0	0.00	0.45	72.95	15.96	0.00
0	4	0.01	0.60	69.33	21.28	0.00
1	1	0.01	0.47	73.32	16.53	0.00
1	5	0.01	0.57	72.60	18.06	0.00
2	2	0.00	0.53	72.75	17.08	0.00
2	6	0.00	0.53	72.06	18.59	0.00
3	3	0.00	0.68	78.68	10.91	0.00
3	7	0.01	2.08	63.81	9.85	0.00
Core	CPU	C1%	C3%	C6%	C8%	C9%
-	-	0.01	0.97	69.07	16.54	0.00
0	0	0.00	0.51	70.61	16.27	0.00
0	4	0.00	0.58	67.71	20.32	0.00
1	1	0.01	0.47	69.83	17.63	0.00
1	5	0.01	0.43	69.07	19.16	0.00
2	2	0.01	2.37	69.07	17.17	0.00
2	6	0.00	0.40	68.52	20.29	0.00
3	3	0.00	0.54	75.31	12.40	0.00
3	7	0.01	2.46	62.57	9.12	0.00
Core	CPU	C1%	C3%	C6%	C8%	C9%
-	-	0.01	0.69	70.63	17.37	0.00
0	0	0.00	0.62	74.33	14.64	0.00
0	4	0.01	0.63	70.05	20.54	0.00
1	1	0.00	0.39	73.92	15.74	0.00
1	5	0.01	0.45	71.22	19.47	0.00
2	2	0.00	0.61	68.28	21.46	0.00
2	6	0.01	0.38	67.95	22.85	0.00
3	3	0.01	0.52	76.11	13.76	0.00
3	7	0.01	1.96	63.20	10.48	0.00
Core	CPU	C1%	C3%	C6%	C8%	C9%
-	-	0.01	0.77	71.34	16.51	0.00
0	0	0.00	0.51	72.02	17.00	0.00
0	4	0.01	0.96	70.50	19.09	0.00
1	1	0.01	0.48	76.03	13.70	0.00
1	5	0.01	0.42	71.60	18.84	0.00
2	2	0.01	0.47	69.61	20.38	0.00
2	6	0.01	0.41	68.74	22.10	0.00
3	3	0.00	0.57	77.75	11.88	0.00
3	7	0.02	2.32	64.34	9.05	0.00
Core	CPU	C1%	C3%	C6%	C8%	C9%
-	-	0.01	0.67	70.70	17.31	0.00
0	0	0.00	0.49	73.30	15.75	0.00
0	4	0.01	0.60	72.73	17.61	0.00
1	1	0.01	0.59	72.36	17.22	0.00
1	5	0.02	0.38	71.09	19.75	0.00
2	2	0.01	0.45	70.99	19.04	0.00
2	6	0.00	0.40	69.36	21.47	0.00
3	3	0.00	0.63	74.74	15.02	0.00
3	7	0.01	1.87	61.08	12.67	0.00
Core	CPU	C1%	C3%	C6%	C8%	C9%
-	-	0.00	0.67	70.99	17.04	0.00
0	0	0.00	0.50	74.84	14.16	0.00
0	4	0.00	0.66	71.79	18.58	0.00
1	1	0.00	0.44	71.47	18.39	0.00
1	5	0.00	0.37	70.58	20.28	0.00
2	2	0.00	0.45	70.58	19.43	0.00
2	6	0.00	0.40	68.62	22.18	0.00
3	3	0.00	0.64	77.06	12.64	0.00
3	7	0.01	1.91	63.02	10.67	0.00
Core	CPU	C1%	C3%	C6%	C8%	C9%
-	-	0.01	1.12	69.44	16.14	0.00
0	0	0.00	0.51	73.29	13.53	0.00
0	4	0.01	0.64	67.64	20.44	0.00
1	1	0.00	0.39	74.41	13.50	0.00
1	5	0.01	0.40	70.55	17.75	0.00
2	2	0.01	2.52	67.83	18.51	0.00
2	6	0.01	0.33	67.38	20.85	0.00
3	3	0.00	0.52	74.00	13.86	0.00
3	7	0.01	3.63	60.66	10.73	0.00
Core	CPU	C1%	C3%	C6%	C8%	C9%
-	-	0.01	0.67	70.60	17.45	0.00
0	0	0.00	0.50	72.13	16.83	0.00
0	4	0.01	0.76	68.69	21.82	0.00
1	1	0.00	0.48	73.50	16.17	0.00
1	5	0.01	0.47	71.77	18.87	0.00
2	2	0.02	0.57	70.62	19.22	0.00
2	6	0.01	0.38	69.23	21.55	0.00
3	3	0.00	0.55	76.87	12.98	0.00
3	7	0.02	1.68	61.77	12.11	0.00
Core	CPU	C1%	C3%	C6%	C8%	C9%
-	-	0.01	0.82	70.75	17.13	0.00
0	0	0.00	0.54	73.42	15.61	0.00
0	4	0.01	0.54	72.11	18.45	0.00
1	1	0.01	0.46	73.95	15.76	0.00
1	5	0.01	1.06	71.92	17.98	0.00
2	2	0.01	0.46	69.80	20.11	0.00
2	6	0.01	0.42	69.26	21.32	0.00
3	3	0.00	0.64	74.40	15.26	0.00
3	7	0.01	2.42	60.79	12.45	0.00
Core	CPU	C1%	C3%	C6%	C8%	C9%
-	-	0.01	0.69	70.40	17.54	0.00
0	0	0.00	0.56	71.84	17.07	0.00
0	4	0.00	0.69	71.02	19.50	0.00
1	1	0.00	0.57	73.69	15.90	0.00
1	5	0.01	0.42	71.77	18.91	0.00
2	2	0.01	0.50	69.59	20.29	0.00
2	6	0.00	0.40	68.61	22.17	0.00
3	3	0.00	0.61	75.46	14.36	0.00
3	7	0.01	1.78	61.59	12.20	0.00
Core	CPU	C1%	C3%	C6%	C8%	C9%
-	-	0.01	0.66	70.67	17.36	0.00
0	0	0.00	0.53	73.58	15.41	0.00
0	4	0.01	0.63	70.76	19.81	0.00
1	1	0.01	0.46	74.32	15.49	0.00
1	5	0.01	0.33	71.90	18.93	0.00
2	2	0.01	0.51	69.04	20.77	0.00
2	6	0.00	0.41	69.67	21.11	0.00
3	3	0.00	0.58	76.29	13.47	0.00
3	7	0.01	1.89	59.83	13.86	0.00
Core	CPU	C1%	C3%	C6%	C8%	C9%
-	-	0.01	1.00	69.86	15.79	0.09
0	0	0.00	0.33	71.14	15.89	0.00
0	4	0.00	0.59	69.17	18.94	0.00
1	1	0.00	0.43	71.13	16.12	0.00
1	5	0.02	0.47	68.76	20.01	0.00
2	2	0.02	1.86	70.97	15.47	0.70
2	6	0.01	0.47	69.46	19.26	0.00
3	3	0.00	0.56	76.03	11.37	0.00
3	7	0.02	3.27	62.37	9.27	0.00
Core	CPU	C1%	C3%	C6%	C8%	C9%
-	-	0.01	0.66	70.61	17.47	0.00
0	0	0.00	0.53	72.40	16.53	0.00
0	4	0.00	0.64	69.69	20.95	0.00
1	1	0.00	0.49	73.88	15.86	0.00
1	5	0.01	0.36	72.08	18.79	0.00
2	2	0.01	0.55	70.50	19.33	0.00
2	6	0.01	0.42	69.06	21.62	0.00
3	3	0.00	0.59	75.73	14.08	0.00
3	7	0.01	1.67	61.35	12.57	0.00
Core	CPU	C1%	C3%	C6%	C8%	C9%
-	-	0.01	0.82	72.05	15.97	0.00
0	0	0.00	0.41	75.94	13.04	0.00
0	4	0.00	0.54	70.54	20.21	0.00
1	1	0.01	0.56	73.70	16.12	0.00
1	5	0.02	0.45	70.85	19.99	0.00
2	2	0.01	1.20	71.81	17.41	0.00
2	6	0.00	0.43	71.48	19.38	0.00
3	3	0.00	0.57	77.76	12.08	0.00
3	7	0.02	2.41	63.89	9.46	0.00
Core	CPU	C1%	C3%	C6%	C8%	C9%
-	-	0.01	0.69	71.53	16.46	0.00
0	0	0.00	0.47	72.26	16.82	0.00
0	4	0.01	0.63	69.42	21.18	0.00
1	1	0.01	0.57	74.61	14.95	0.00
1	5	0.01	0.46	72.29	18.49	0.00
2	2	0.01	0.56	70.61	19.25	0.00
2	6	0.00	0.34	70.06	20.81	0.00
3	3	0.01	0.68	79.41	10.34	0.00
3	7	0.01	1.85	63.91	9.91	0.00
Core	CPU	C1%	C3%	C6%	C8%	C9%
-	-	0.01	0.67	71.11	16.86	0.00
0	0	0.00	0.53	74.69	14.28	0.00
0	4	0.01	0.63	72.88	17.51	0.00
1	1	0.00	0.50	71.37	18.02	0.00
1	5	0.01	0.38	72.16	18.67	0.00
2	2	0.01	0.48	70.86	19.12	0.00
2	6	0.01	0.41	69.33	21.46	0.00
3	3	0.00	0.68	75.46	14.28	0.00
3	7	0.01	1.74	62.22	11.56	0.00
Core	CPU	C1%	C3%	C6%	C8%	C9%
-	-	0.01	0.93	67.37	18.08	0.00
0	0	0.01	0.52	69.62	14.15	0.00
0	4	0.01	0.56	69.91	18.11	0.00
1	1	0.01	0.51	69.83	17.59	0.00
1	5	0.01	0.43	68.78	20.00	0.00
2	2	0.01	2.36	66.37	20.23	0.00
2	6	0.00	0.40	66.24	22.64	0.00
3	3	0.00	0.44	70.87	17.14	0.00
3	7	0.02	2.23	57.32	14.75	0.00
Core	CPU	C1%	C3%	C6%	C8%	C9%
-	-	0.01	0.65	71.56	16.21	0.00
0	0	0.01	0.54	73.24	13.50	0.00
0	4	0.00	0.64	72.98	17.09	0.00
1	1	0.00	0.30	72.00	17.78	0.00
1	5	0.01	0.35	72.80	18.06	0.00
2	2	0.00	0.46	70.27	19.70	0.00
2	6	0.01	0.40	70.86	20.00	0.00
3	3	0.00	0.66	76.98	12.74	0.00
3	7	0.01	1.84	63.09	10.76	0.00
Core	CPU	C1%	C3%	C6%	C8%	C9%
-	-	0.02	0.89	70.58	17.16	0.00
0	0	0.00	0.46	73.11	15.50	0.00
0	4	0.01	0.63	72.23	18.37	0.00
1	1	0.01	0.62	72.83	16.63	0.00
1	5	0.01	0.40	71.42	19.44	0.00
2	2	0.01	1.37	69.85	18.98	0.00
2	6	0.00	0.40	68.52	22.37	0.00
3	3	0.00	0.53	75.24	14.72	0.00
3	7	0.11	2.69	61.54	11.31	0.00
Core	CPU	C1%	C3%	C6%	C8%	C9%
-	-	0.01	0.69	71.56	16.51	0.00
0	0	0.00	0.49	76.38	12.52	0.00
0	4	0.00	0.56	68.86	21.81	0.00
1	1	0.01	0.48	72.34	17.49	0.00
1	5	0.01	0.45	70.63	20.10	0.00
2	2	0.01	0.44	71.60	18.36	0.00
2	6	0.00	0.44	71.37	19.41	0.00
3	3	0.00	0.69	77.25	12.47	0.00
3	7	0.02	1.99	63.83	9.86	0.00
Core	CPU	C1%	C3%	C6%	C8%	C9%
-	-	0.11	0.68	70.99	16.91	0.00
0	0	0.00	0.49	74.29	14.63	0.00
0	4	0.00	0.59	70.89	19.73	0.00
1	1	0.01	0.50	72.70	17.07	0.00
1	5	0.01	0.45	71.07	19.63	0.00
2	2	0.01	0.55	69.75	20.12	0.00
2	6	0.01	0.47	69.79	20.91	0.00
3	3	0.01	0.57	76.56	13.28	0.00
3	7	0.80	1.83	62.98	9.97	0.00
Core	CPU	C1%	C3%	C6%	C8%	C9%
-	-	0.01	1.00	68.55	17.42	0.03
0	0	0.00	0.49	69.94	17.41	0.00
0	4	0.00	0.62	69.03	20.24	0.00
1	1	0.01	0.47	69.79	17.90	0.00
1	5	0.01	0.37	69.56	19.19	0.00
2	2	0.01	2.41	68.39	18.08	0.00
2	6	0.01	0.41	66.77	21.44	0.00
3	3	0.00	0.59	74.33	13.66	0.27
3	7	0.01	2.63	60.46	11.38	0.00
Core	CPU	C1%	C3%	C6%	C8%	C9%
-	-	0.01	0.73	71.69	16.25	0.00
0	0	0.00	0.45	70.43	18.54	0.00
0	4	0.00	0.75	72.54	17.65	0.00
1	1	0.00	0.50	70.79	18.93	0.00
1	5	0.01	0.56	71.28	19.34	0.00
2	2	0.00	0.48	71.32	18.63	0.00
2	6	0.00	0.41	70.86	19.95	0.00
3	3	0.00	0.76	79.91	9.61	0.00
3	7	0.01	1.94	66.40	7.37	0.00
Core	CPU	C1%	C3%	C6%	C8%	C9%
-	-	0.01	0.83	70.34	17.09	0.00
0	0	0.00	0.44	74.32	14.00	0.00
0	4	0.00	0.55	69.95	20.11	0.00
1	1	0.01	0.49	74.59	15.23	0.00
1	5	0.00	0.44	71.03	19.04	0.00
2	2	0.01	0.48	67.33	22.43	0.00
2	6	0.00	1.01	68.31	21.27	0.00
3	3	0.00	0.63	74.86	14.46	0.00
3	7	0.01	2.56	62.90	10.33	0.00
Core	CPU	C1%	C3%	C6%	C8%	C9%
-	-	0.01	0.69	70.88	17.11	0.00
0	0	0.00	0.54	71.65	17.36	0.00
0	4	0.01	0.76	71.86	18.35	0.00
1	1	0.01	0.47	70.90	18.79	0.00
1	5	0.01	0.42	70.84	19.88	0.00
2	2	0.01	0.44	71.40	18.56	0.00
2	6	0.01	0.33	70.44	20.41	0.00
3	3	0.00	0.62	76.92	12.85	0.00
3	7	0.01	1.96	63.01	10.65	0.00
Core	CPU	C1%	C3%	C6%	C8%	C9%
-	-	0.00	0.68	70.72	17.28	0.00
0	0	0.00	0.64	76.17	12.76	0.00
0	4	0.00	0.63	72.59	17.81	0.00
1	1	0.01	0.44	71.98	17.85	0.00
1	5	0.00	0.40	70.95	19.85	0.00
2	2	0.00	0.46	69.15	20.69	0.00
2	6	0.00	0.40	66.08	24.71	0.00
3	3	0.00	0.67	75.68	13.96	0.00
3	7	0.01	1.84	63.17	10.62	0.00
Core	CPU	C1%	C3%	C6%	C8%	C9%
-	-	0.00	1.15	69.14	16.79	0.00
0	0	0.00	0.39	71.06	16.12	0.00
0	4	0.00	0.63	71.07	17.49	0.00
1	1	0.00	0.49	69.88	18.03	0.00
1	5	0.01	0.37	69.37	19.60	0.00
2	2	0.01	2.37	68.31	18.17	0.00
2	6	0.00	0.43	67.78	21.01	0.00
3	3	0.00	0.62	73.75	13.87	0.00
3	7	0.01	3.86	61.43	9.87	0.00
Core	CPU	C1%	C3%	C6%	C8%	C9%
-	-	0.01	0.66	71.07	16.76	0.00
0	0	0.00	0.53	75.18	13.81	0.00
0	4	0.01	0.65	72.62	17.99	0.00
1	1	0.00	0.42	75.28	14.48	0.00
1	5	0.01	0.35	71.49	19.32	0.00
2	2	0.01	0.47	69.98	19.65	0.00
2	6	0.01	0.30	68.54	22.37	0.00
3	3	0.01	0.61	73.98	14.86	0.00
3	7	0.00	1.92	61.78	11.67	0.00
Core	CPU	C1%	C3%	C6%	C8%	C9%
-	-	0.03	0.82	71.01	16.52	0.00
0	0	0.00	0.54	74.17	14.89	0.00
0	4	0.00	1.14	71.36	18.28	0.00
1	1	0.01	0.55	72.72	16.43	0.00
1	5	0.00	0.36	71.56	18.69	0.00
2	2	0.01	0.40	68.62	21.50	0.00
2	6	0.20	0.46	69.18	21.01	0.00
3	3	0.00	0.70	76.18	12.42	0.00
3	7	0.01	2.40	63.94	8.87	0.00
Core	CPU	C1%	C3%	C6%	C8%	C9%
-	-	0.01	0.71	71.56	16.37	0.00
0	0	0.00	0.46	71.35	17.59	0.00
0	4	0.00	0.71	72.87	17.34	0.00
1	1	0.01	0.50	71.14	18.54	0.00
1	5	0.01	0.53	71.13	19.48	0.00
2	2	0.00	0.48	70.07	19.86	0.00
2	6	0.00	0.49	70.57	20.19	0.00
3	3	0.00	0.65	79.71	9.83	0.00
3	7	0.01	1.87	65.64	8.14	0.00
Core	CPU	C1%	C3%	C6%	C8%	C9%
-	-	0.01	0.68	70.53	17.37	0.00
0	0	0.00	0.63	74.54	14.31	0.00
0	4	0.01	0.58	72.37	18.10	0.00
1	1	0.01	0.49	74.08	15.59	0.00
1	5	0.00	0.28	72.62	18.29	0.00
2	2	0.01	0.50	70.57	19.32	0.00
2	6	0.01	0.47	68.92	21.78	0.00
3	3	0.00	0.58	71.81	17.95	0.00
3	7	0.01	1.93	59.88	13.74	0.00
Core	CPU	C1%	C3%	C6%	C8%	C9%
-	-	0.01	1.14	69.03	17.01	0.00
0	0	0.00	0.46	72.74	15.19	0.00
0	4	0.00	0.55	68.72	19.94	0.00
1	1	0.00	0.52	71.87	15.88	0.00
1	5	0.01	0.34	69.61	19.35	0.00
2	2	0.00	2.81	67.41	18.96	0.00
2	6	0.01	0.41	68.34	20.38	0.00
3	3	0.00	0.47	73.10	14.71	0.00
3	7	0.01	3.55	59.90	11.50	0.00
Core	CPU	C1%	C3%	C6%	C8%	C9%
-	-	0.11	0.70	70.00	17.84	0.00
0	0	0.00	0.61	74.03	14.88	0.00
0	4	0.00	0.60	71.01	19.60	0.00
1	1	0.00	0.56	72.29	17.20	0.00
1	5	0.00	0.34	71.12	19.45	0.00
2	2	0.01	0.49	67.38	22.53	0.00
2	6	0.00	0.47	67.17	23.55	0.00
3	3	0.00	0.64	74.96	14.69	0.00
3	7	0.88	1.88	62.04	10.80	0.00
Core	CPU	C1%	C3%	C6%	C8%	C9%
-	-	0.10	0.83	70.35	17.32	0.00
0	0	0.00	0.57	77.09	11.76	0.00
0	4	0.00	1.38	71.70	18.04	0.00
1	1	0.00	0.40	71.15	18.76	0.00
1	5	0.01	0.27	69.94	21.02	0.00
2	2	0.00	0.48	69.46	20.55	0.00
2	6	0.01	0.53	68.46	22.24	0.00
3	3	0.00	0.60	73.87	15.84	0.00
3	7	0.78	2.39	61.76	10.53	0.00
Core	CPU	C1%	C3%	C6%	C8%	C9%
-	-	0.03	0.69	70.60	17.40	0.00
0	0	0.00	0.56	76.58	12.13	0.00
0	4	0.01	0.64	72.71	17.55	0.00
1	1	0.01	0.44	71.33	18.60	0.00
1	5	0.00	0.31	71.87	19.03	0.00
2	2	0.01	0.51	69.42	20.48	0.00
2	6	0.01	0.42	68.42	22.06	0.00
3	3	0.00	0.56	72.43	17.38	0.00
3	7	0.20	2.04	61.40	11.78	0.00
Core	CPU	C1%	C3%	C6%	C8%	C9%
-	-	0.00	0.65	70.17	17.76	0.00
0	0	0.00	0.62	74.05	14.88	0.00
0	4	0.00	0.60	71.60	18.98	0.00
1	1	0.00	0.43	73.82	15.92	0.00
1	5	0.00	0.27	70.89	20.02	0.00
2	2	0.00	0.56	69.09	20.74	0.00
2	6	0.01	0.37	68.42	22.33	0.00
3	3	0.00	0.55	73.98	15.79	0.00
3	7	0.01	1.83	60.10	13.59	0.00
Core	CPU	C1%	C3%	C6%	C8%	C9%
-	-	0.03	1.05	69.21	16.65	0.00
0	0	0.00	0.58	72.50	14.41	0.00
0	4	0.00	0.65	68.45	20.15	0.00
1	1	0.00	0.53	72.65	14.50	0.00
1	5	0.01	0.31	69.06	19.76	0.00
2	2	0.00	2.02	67.39	19.29	0.00
2	6	0.00	0.45	66.94	21.72	0.00
3	3	0.00	0.52	74.15	13.76	0.00
3	7	0.21	3.34	61.97	9.47	0.00
Core	CPU	C1%	C3%	C6%	C8%	C9%
-	-	0.01	0.67	70.41	17.56	0.00
0	0	0.00	0.55	75.63	13.29	0.00
0	4	0.00	0.68	71.67	18.86	0.00
1	1	0.01	0.45	73.14	16.74	0.00
1	5	0.01	0.30	70.12	20.71	0.00
2	2	0.01	0.50	69.20	20.73	0.00
2	6	0.00	0.53	67.64	23.00	0.00
3	3	0.00	0.64	74.02	15.66	0.00
3	7	0.01	1.70	62.20	11.55	0.00
Core	CPU	C1%	C3%	C6%	C8%	C9%
-	-	0.00	0.76	70.09	17.73	0.00
0	0	0.00	0.52	75.40	13.65	0.00
0	4	0.01	0.58	72.63	17.80	0.00
1	1	0.01	0.51	71.77	18.16	0.00
1	5	0.01	0.22	70.42	20.51	0.00
2	2	0.00	0.48	70.72	19.23	0.00
2	6	0.00	0.47	68.07	22.66	0.00
3	3	0.00	0.60	72.51	16.40	0.00
3	7	0.01	2.66	59.53	13.53	0.00
Core	CPU	C1%	C3%	C6%	C8%	C9%
-	-	0.00	0.64	70.06	17.32	0.00
0	0	0.01	0.63	72.96	10.79	0.00
0	4	0.00	0.58	72.23	17.68	0.00
1	1	0.01	0.45	75.25	14.59	0.00
1	5	0.00	0.37	69.57	21.10	0.00
2	2	0.00	0.51	69.23	20.78	0.00
2	6	0.01	0.35	68.00	22.96	0.00
3	3	0.00	0.55	72.48	17.11	0.00
3	7	0.00	1.69	60.74	13.57	0.00
Core	CPU	C1%	C3%	C6%	C8%	C9%
-	-	0.00	0.70	71.00	17.09	0.00
0	0	0.00	0.50	74.16	14.85	0.00
0	4	0.00	0.60	71.51	19.01	0.00
1	1	0.01	0.52	71.84	18.06	0.00
1	5	0.01	0.42	69.41	21.41	0.00
2	2	0.00	0.47	70.81	19.14	0.00
2	6	0.00	0.44	68.59	22.11	0.00
3	3	0.00	0.63	77.82	11.86	0.00
3	7	0.01	2.02	63.48	10.20	0.00
Core	CPU	C1%	C3%	C6%	C8%	C9%
-	-	0.01	0.90	68.93	16.87	0.16
0	0	0.00	0.60	74.51	12.28	0.00
0	4	0.01	0.54	69.23	18.73	0.00
1	1	0.01	0.35	69.80	18.35	0.00
1	5	0.01	0.27	68.84	19.59	0.00
2	2	0.01	1.88	67.63	19.10	1.27
2	6	0.01	0.46	67.54	21.21	0.00
3	3	0.00	0.57	72.85	14.99	0.00
3	7	0.00	2.54	60.76	10.68	0.00
Core	CPU	C1%	C3%	C6%	C8%	C9%
-	-	0.00	0.66	71.14	16.86	0.00
0	0	0.00	0.52	77.33	11.51	0.00
0	4	0.00	0.65	73.62	16.92	0.00
1	1	0.01	0.42	71.14	18.70	0.00
1	5	0.00	0.25	70.39	20.57	0.00
2	2	0.00	0.45	69.92	20.03	0.00
2	6	0.01	0.65	68.55	21.91	0.00
3	3	0.00	0.66	74.89	14.70	0.00
3	7	0.01	1.71	63.29	10.57	0.00
Core	CPU	C1%	C3%	C6%	C8%	C9%
-	-	0.02	0.80	71.22	16.54	0.00
0	0	0.00	0.48	76.63	12.29	0.00
0	4	0.00	0.54	72.27	18.43	0.00
1	1	0.01	0.50	73.52	16.12	0.00
1	5	0.01	0.32	72.13	18.80	0.00
2	2	0.01	0.48	70.18	19.84	0.00
2	6	0.00	1.10	70.28	19.40	0.00
3	3	0.00	0.56	73.55	16.12	0.00
3	7	0.12	2.43	61.71	11.45	0.00
Core	CPU	C1%	C3%	C6%	C8%	C9%
-	-	0.00	0.64	70.78	17.25	0.00
0	0	0.01	0.56	78.79	9.97	0.00
0	4	0.00	0.57	72.59	18.13	0.00
1	1	0.01	0.51	72.17	17.55	0.00
1	5	0.00	0.23	70.06	20.91	0.00
2	2	0.00	0.46	69.53	20.48	0.00
2	6	0.00	0.41	67.77	22.92	0.00
3	3	0.00	0.54	73.97	15.88	0.00
3	7	0.01	1.79	61.48	12.16	0.00
Core	CPU	C1%	C3%	C6%	C8%	C9%
-	-	0.01	0.66	70.84	17.23	0.00
0	0	0.00	0.54	76.06	12.85	0.00
0	4	0.00	0.66	71.08	19.59	0.00
1	1	0.01	0.41	74.62	15.22	0.00
1	5	0.01	0.25	71.28	19.71	0.00
2	2	0.01	0.51	71.84	18.12	0.00
2	6	0.01	0.45	69.42	21.30	0.00
3	3	0.00	0.60	73.29	16.48	0.00
3	7	0.01	1.83	59.15	14.60	0.00
Core	CPU	C1%	C3%	C6%	C8%	C9%
-	-	0.00	1.19	68.96	17.30	0.00
0	0	0.00	0.48	74.55	12.85	0.00
0	4	0.00	0.49	71.65	17.43	0.00
1	1	0.00	0.41	67.44	20.76	0.00
1	5	0.01	0.28	66.97	22.34	0.00
2	2	0.01	3.12	67.64	18.93	0.00
2	6	0.00	0.63	67.60	22.27	0.00
3	3	0.00	0.75	74.14	13.64	0.00
3	7	0.01	3.36	61.23	10.05	0.00
Core	CPU	C1%	C3%	C6%	C8%	C9%
-	-	0.01	0.71	71.87	16.15	0.00
0	0	0.00	0.48	78.01	10.97	0.00
0	4	0.00	0.68	74.54	15.98	0.00
1	1	0.01	0.44	71.87	18.01	0.00
1	5	0.01	0.35	70.12	20.79	0.00
2	2	0.01	0.49	72.01	17.96	0.00
2	6	0.00	0.59	71.41	19.08	0.00
3	3	0.00	0.65	74.68	15.02	0.00
3	7	0.01	2.04	62.16	11.37	0.00
Core	CPU	C1%	C3%	C6%	C8%	C9%
-	-	0.00	0.78	69.01	18.71	0.00
0	0	0.00	0.61	75.88	12.85	0.00
0	4	0.00	0.54	70.88	19.85	0.00
1	1	0.00	0.43	71.40	18.18	0.00
1	5	0.01	0.22	69.51	20.97	0.00
2	2	0.01	1.13	66.66	22.50	0.00
2	6	0.00	0.44	66.60	24.13	0.00
3	3	0.00	0.60	71.67	18.13	0.00
3	7	0.01	2.26	60.11	13.23	0.00
Core	CPU	C1%	C3%	C6%	C8%	C9%
-	-	0.01	0.70	71.43	16.56	0.00
0	0	0.00	0.47	77.00	11.87	0.00
0	4	0.00	0.57	71.49	19.13	0.00
1	1	0.01	0.54	73.03	16.79	0.00
1	5	0.01	0.31	70.64	20.29	0.00
2	2	0.01	0.44	71.04	19.01	0.00
2	6	0.00	0.44	70.16	20.60	0.00
3	3	0.00	0.74	75.93	13.58	0.00
3	7	0.01	2.12	62.20	11.24	0.00
Core	CPU	C1%	C3%	C6%	C8%	C9%
-	-	0.00	0.69	71.07	16.98	0.00
0	0	0.00	0.63	77.68	10.82	0.00
0	4	0.01	0.61	72.77	17.97	0.00
1	1	0.00	0.47	73.41	16.33	0.00
1	5	0.00	0.32	70.54	20.40	0.00
2	2	0.00	0.56	68.46	21.46	0.00
2	6	0.01	0.45	67.88	22.87	0.00
3	3	0.00	0.59	74.99	14.68	0.00
3	7	0.01	1.90	62.17	11.13	0.00
Core	CPU	C1%	C3%	C6%	C8%	C9%
-	-	0.00	0.96	69.14	16.56	0.00
0	0	0.01	0.55	73.08	13.87	0.00
0	4	0.00	0.60	70.36	18.03	0.00
1	1	0.01	0.43	71.09	16.16	0.00
1	5	0.00	0.33	68.20	21.11	0.00
2	2	0.00	2.29	67.06	19.53	0.00
2	6	0.00	0.48	68.30	20.22	0.00
3	3	0.00	0.50	74.03	13.59	0.00
3	7	0.00	2.48	61.50	10.10	0.00
Core	CPU	C1%	C3%	C6%	C8%	C9%
-	-	0.01	0.68	72.24	15.78	0.00
0	0	0.01	0.52	79.86	8.95	0.00
0	4	0.01	0.58	71.47	19.29	0.00
1	1	0.01	0.44	74.45	15.41	0.00
1	5	0.01	0.28	70.97	19.99	0.00
2	2	0.01	0.43	72.02	17.95	0.00
2	6	0.00	0.38	71.13	19.68	0.00
3	3	0.00	0.59	76.60	13.12	0.00
3	7	0.00	2.20	61.49	11.85	0.00
Core	CPU	C1%	C3%	C6%	C8%	C9%
-	-	0.00	0.76	70.14	17.80	0.00
0	0	0.00	0.58	74.41	14.54	0.00
0	4	0.00	0.57	69.68	21.01	0.00
1	1	0.01	0.40	70.61	19.29	0.00
1	5	0.00	0.39	69.46	21.44	0.00
2	2	0.00	0.36	68.72	21.36	0.00
2	6	0.00	0.48	68.60	22.17	0.00
3	3	0.00	0.94	76.53	12.19	0.00
3	7	0.01	2.34	62.96	10.39	0.00
Core	CPU	C1%	C3%	C6%	C8%	C9%
-	-	0.00	0.68	70.87	17.09	0.00
0	0	0.00	0.67	79.30	9.43	0.00
0	4	0.01	0.64	73.24	17.32	0.00
1	1	0.00	0.49	73.21	16.56	0.00
1	5	0.00	0.23	71.83	19.15	0.00
2	2	0.00	0.46	67.70	22.24	0.00
2	6	0.00	0.42	67.24	23.54	0.00
3	3	0.00	0.62	74.02	15.64	0.00
3	7	0.00	1.92	60.68	12.90	0.00
Core	CPU	C1%	C3%	C6%	C8%	C9%
-	-	0.01	0.70	70.42	17.60	0.00
0	0	0.01	0.52	70.61	18.46	0.00
0	4	0.01	0.65	68.31	22.25	0.00
1	1	0.01	0.48	74.94	14.66	0.00
1	5	0.01	0.42	72.58	18.10	0.00
2	2	0.00	0.56	71.64	18.25	0.00
2	6	0.00	0.39	69.51	21.32	0.00
3	3	0.00	0.57	75.07	14.68	0.00
3	7	0.01	2.03	60.51	13.03	0.00
Core	CPU	C1%	C3%	C6%	C8%	C9%
-	-	0.02	0.92	67.73	18.05	0.00
0	0	0.00	0.56	74.05	13.09	0.00
0	4	0.01	0.60	68.86	19.77	0.00
1	1	0.01	0.42	70.95	17.07	0.00
1	5	0.01	0.26	67.75	21.16	0.00
2	2	0.11	2.37	64.71	21.65	0.00
2	6	0.00	0.36	65.91	22.35	0.00
3	3	0.01	0.55	71.28	16.22	0.00
3	7	0.01	2.25	58.53	13.12	0.00
Core	CPU	C1%	C3%	C6%	C8%	C9%
-	-	0.01	0.70	70.92	17.05	0.00
0	0	0.00	0.54	77.90	11.10	0.00
0	4	0.00	0.58	71.66	18.80	0.00
1	1	0.01	0.45	71.34	18.30	0.00
1	5	0.01	0.36	70.36	20.50	0.00
2	2	0.01	0.51	68.91	20.86	0.00
2	6	0.00	0.46	68.80	21.85	0.00
3	3	0.00	0.58	76.39	13.37	0.00
3	7	0.00	2.11	61.98	11.58	0.00
Core	CPU	C1%	C3%	C6%	C8%	C9%
-	-	0.01	0.87	70.33	17.60	0.00
0	0	0.00	0.53	74.77	14.28	0.00
0	4	0.00	0.64	71.09	19.48	0.00
1	1	0.00	0.36	72.83	17.09	0.00
1	5	0.01	1.12	70.81	19.24	0.00
2	2	0.01	0.53	67.99	21.93	0.00
2	6	0.01	0.49	68.08	22.68	0.00
3	3	0.00	0.67	75.47	14.26	0.00
3	7	0.01	2.59	61.38	11.76	0.00
Core	CPU	C1%	C3%	C6%	C8%	C9%
-	-	0.01	0.65	70.92	17.16	0.00
0	0	0.01	0.57	77.30	11.58	0.00
0	4	0.01	0.58	72.74	17.80	0.00
1	1	0.01	0.42	71.90	17.95	0.00
1	5	0.00	0.32	70.59	20.28	0.00
2	2	0.01	0.43	68.06	21.85	0.00
2	6	0.01	0.51	68.62	22.09	0.00
3	3	0.00	0.58	74.49	15.25	0.00
3	7	0.01	1.78	63.33	10.41	0.00
Core	CPU	C1%	C3%	C6%	C8%	C9%
-	-	0.01	0.67	70.63	17.04	0.00
0	0	0.02	0.54	74.94	12.84	0.00
0	4	0.01	0.61	72.51	17.08	0.00
1	1	0.00	0.44	69.85	19.97	0.00
1	5	0.01	0.37	69.18	21.65	0.00
2	2	0.00	0.40	69.87	20.18	0.00
2	6	0.00	0.49	68.48	22.24	0.00
3	3	0.00	0.66	76.27	13.33	0.00
3	7	0.01	1.83	64.55	9.17	0.00
Core	CPU	C1%	C3%	C6%	C8%	C9%
-	-	0.01	0.94	68.36	16.99	0.00
0	0	0.02	0.50	70.60	12.30	0.00
0	4	0.00	0.70	68.48	19.58	0.00
1	1	0.01	0.42	68.53	19.48	0.00
1	5	0.01	0.37	68.59	20.22	0.00
2	2	0.01	2.04	66.92	19.88	0.00
2	6	0.01	0.42	67.43	21.28	0.00
3	3	0.00	0.61	74.71	12.90	0.00
3	7	0.01	2.42	61.64	10.28	0.00
Core	CPU	C1%	C3%	C6%	C8%	C9%
-	-	0.01	0.66	70.28	17.62	0.00
0	0	0.00	0.48	73.81	13.61	0.00
0	4	0.00	0.56	72.10	18.40	0.00
1	1	0.01	0.43	71.78	18.16	0.00
1	5	0.01	0.31	70.27	20.65	0.00
2	2	0.00	0.51	69.44	20.50	0.00
2	6	0.00	0.48	68.45	22.31	0.00
3	3	0.00	0.70	74.50	15.20	0.00
3	7	0.01	1.79	61.91	12.12	0.00
Core	CPU	C1%	C3%	C6%	C8%	C9%
-	-	0.00	0.81	70.64	17.39	0.00
0	0	0.00	0.53	73.79	15.21	0.00
0	4	0.00	0.68	70.49	20.19	0.00
1	1	0.00	0.44	74.09	15.75	0.00
1	5	0.01	0.29	71.19	19.80	0.00
2	2	0.01	0.62	69.06	20.71	0.00
2	6	0.00	0.36	68.10	22.77	0.00
3	3	0.00	1.21	75.47	13.58	0.00
3	7	0.01	2.37	62.29	10.97	0.00
Core	CPU	C1%	C3%	C6%	C8%	C9%
-	-	0.00	0.70	70.99	16.90	0.00
0	0	0.00	0.65	79.46	9.17	0.00
0	4	0.01	0.65	71.76	18.84	0.00
1	1	0.00	0.49	72.42	17.42	0.00
1	5	0.00	0.30	70.49	20.44	0.00
2	2	0.00	0.53	69.80	20.08	0.00
2	6	0.00	0.33	68.80	22.04	0.00
3	3	0.01	0.68	74.73	14.92	0.00
3	7	0.00	2.00	61.10	12.47	0.00
Core	CPU	C1%	C3%	C6%	C8%	C9%
-	-	0.01	0.70	70.66	17.35	0.00
0	0	0.00	0.61	75.61	13.18	0.00
0	4	0.01	0.60	70.59	19.98	0.00
1	1	0.00	0.50	71.96	17.79	0.00
1	5	0.01	0.38	69.73	21.13	0.00
2	2	0.01	0.51	68.87	21.06	0.00
2	6	0.01	0.42	68.75	22.07	0.00
3	3	0.00	0.69	76.83	12.84	0.00
3	7	0.01	1.89	63.01	10.80	0.00
Core	CPU	C1%	C3%	C6%	C8%	C9%
-	-	0.01	1.20	68.62	17.71	0.00
0	0	0.00	0.53	72.68	14.69	0.00
0	4	0.00	0.65	67.95	20.73	0.00
1	1	0.01	0.50	71.74	16.50	0.00
1	5	0.01	0.39	68.84	20.66	0.00
2	2	0.01	2.94	66.91	19.53	0.00
2	6	0.01	0.28	66.55	22.79	0.00
3	3	0.00	0.48	73.34	15.38	0.00
3	7	0.01	3.83	60.34	11.22	0.00
Core	CPU	C1%	C3%	C6%	C8%	C9%
-	-	0.01	0.68	71.28	16.67	0.00
0	0	0.00	0.58	78.02	10.81	0.00
0	4	0.00	0.68	73.45	16.95	0.00
1	1	0.00	0.49	73.64	16.17	0.00
1	5	0.00	0.34	71.11	19.79	0.00
2	2	0.01	0.64	69.09	20.53	0.00
2	6	0.00	0.46	68.71	22.00	0.00
3	3	0.01	0.51	74.80	15.11	0.00
3	7	0.01	1.77	61.72	12.11	0.00
Core	CPU	C1%	C3%	C6%	C8%	C9%
-	-	0.01	0.90	70.66	16.89	0.00
0	0	0.00	0.46	73.69	15.37	0.00
0	4	0.01	0.60	73.09	17.08	0.00
1	1	0.01	0.48	71.42	17.91	0.00
1	5	0.01	0.41	68.42	22.43	0.00
2	2	0.00	0.60	71.62	17.87	0.00
2	6	0.00	1.33	70.66	18.75	0.00
3	3	0.00	0.48	74.92	14.68	0.00
3	7	0.01	2.83	61.76	11.12	0.00
Core	CPU	C1%	C3%	C6%	C8%	C9%
-	-	0.00	0.69	70.80	17.18	0.00
0	0	0.00	0.57	76.80	12.20	0.00
0	4	0.01	0.53	74.00	16.61	0.00
1	1	0.01	0.41	71.28	18.46	0.00
1	5	0.00	0.20	70.81	20.15	0.00
2	2	0.01	0.48	69.40	20.53	0.00
2	6	0.01	0.51	68.39	22.22	0.00
3	3	0.00	0.67	74.59	14.93	0.00
3	7	0.00	2.10	61.15	12.35	0.00
Core	CPU	C1%	C3%	C6%	C8%	C9%
-	-	0.01	0.69	70.36	17.64	0.00
0	0	0.00	0.49	76.31	12.66	0.00
0	4	0.00	0.71	71.64	18.74	0.00
1	1	0.00	0.50	70.52	19.34	0.00
1	5	0.01	0.29	70.01	20.65	0.00
2	2	0.01	0.46	69.03	20.91	0.00
2	6	0.01	0.50	68.88	21.77	0.00
3	3	0.00	0.67	75.26	14.43	0.00
3	7	0.01	1.87	61.18	12.60	0.00
Core	CPU	C1%	C3%	C6%	C8%	C9%
-	-	0.01	0.95	69.45	16.48	0.00
0	0	0.00	0.51	71.99	14.86	0.00
0	4	0.00	0.53	67.88	20.19	0.00
1	1	0.01	0.51	70.56	17.23	0.00
1	5	0.01	0.40	67.49	21.64	0.00
2	2	0.01	1.04	70.06	16.62	0.00
2	6	0.00	0.49	69.41	19.20	0.00
3	3	0.00	0.63	75.65	12.20	0.00
3	7	0.02	3.50	61.95	9.75	0.00
Core	CPU	C1%	C3%	C6%	C8%	C9%
-	-	0.00	0.67	71.84	16.10	0.00
0	0	0.00	0.56	77.89	10.85	0.00
0	4	0.00	0.61	72.69	17.58	0.00
1	1	0.00	0.39	71.02	19.00	0.00
1	5	0.00	0.34	71.33	19.62	0.00
2	2	0.00	0.46	69.62	20.24	0.00
2	6	0.00	0.54	69.82	20.74	0.00
3	3	0.00	0.64	77.24	12.46	0.00
3	7	0.01	1.83	65.44	8.41	0.00
Core	CPU	C1%	C3%	C6%	C8%	C9%
-	-	0.01	0.83	70.62	17.24	0.00
0	0	0.00	0.58	76.42	12.40	0.00
0	4	0.00	0.59	69.89	20.67	0.00
1	1	0.01	0.40	70.48	19.60	0.00
1	5	0.01	1.12	69.72	20.23	0.00
2	2	0.01	0.44	68.47	21.54	0.00
2	6	0.01	0.48	69.23	21.50	0.00
3	3	0.00	0.59	77.26	12.21	0.00
3	7	0.02	2.45	63.59	9.78	0.00
Core	CPU	C1%	C3%	C6%	C8%	C9%
-	-	0.00	0.66	70.78	17.20	0.00
0	0	0.00	0.59	78.27	10.39	0.00
0	4	0.00	0.67	72.82	17.67	0.00
1	1	0.00	0.43	73.32	16.55	0.00
1	5	0.00	0.21	70.85	20.20	0.00
2	2	0.00	0.52	68.60	21.29	0.00
2	6	0.01	0.40	67.56	23.20	0.00
3	3	0.00	0.59	74.17	15.58	0.00
3	7	0.00	1.88	60.96	12.80	0.00
Core	CPU	C1%	C3%	C6%	C8%	C9%
-	-	0.00	0.67	70.96	17.12	0.00
0	0	0.00	0.51	74.49	14.53	0.00
0	4	0.00	0.61	70.92	19.73	0.00
1	1	0.01	0.42	74.36	15.50	0.00
1	5	0.01	0.35	71.37	19.57	0.00
2	2	0.00	0.40	68.22	21.82	0.00
2	6	0.00	0.50	68.92	21.67	0.00
3	3	0.00	0.68	75.84	13.76	0.00
3	7	0.01	1.90	63.43	10.38	0.00
Core	CPU	C1%	C3%	C6%	C8%	C9%
-	-	0.00	0.94	69.56	16.40	0.00
0	0	0.00	0.47	72.61	14.59	0.00
0	4	0.01	0.62	69.93	18.61	0.00
1	1	0.01	0.42	71.61	16.59	0.00
1	5	0.00	0.38	70.15	19.07	0.00
2	2	0.00	2.02	67.82	18.77	0.00
2	6	0.00	0.44	68.59	19.72	0.00
3	3	0.00	0.62	74.95	12.90	0.00
3	7	0.01	2.55	60.51	10.84	0.00
Core	CPU	C1%	C3%	C6%	C8%	C9%
-	-	0.00	0.67	70.64	17.45	0.00
0	0	0.00	0.64	76.78	12.05	0.00
0	4	0.00	0.63	72.40	18.06	0.00
1	1	0.01	0.48	73.48	16.33	0.00
1	5	0.00	0.25	70.22	20.73	0.00
2	2	0.01	0.49	68.36	21.65	0.00
2	6	0.00	0.48	66.87	23.81	0.00
3	3	0.00	0.59	74.19	15.53	0.00
3	7	0.01	1.82	62.49	11.34	0.00
Core	CPU	C1%	C3%	C6%	C8%	C9%
-	-	0.01	0.81	70.51	17.35	0.00
0	0	0.01	0.54	75.39	13.58	0.00
0	4	0.00	0.66	69.95	20.67	0.00
1	1	0.01	0.38	72.95	16.99	0.00
1	5	0.01	0.34	70.63	20.22	0.00
2	2	0.01	0.43	68.43	21.64	0.00
2	6	0.00	1.20	69.28	20.65	0.00
3	3	0.01	0.57	76.61	13.25	0.00
3	7	0.00	2.34	61.46	11.91	0.00
Core	CPU	C1%	C3%	C6%	C8%	C9%
-	-	0.00	0.75	71.72	16.25	0.00
0	0	0.00	0.57	76.91	11.97	0.00
0	4	0.00	0.67	70.78	19.79	0.00
1	1	0.00	0.39	70.82	19.07	0.00
1	5	0.01	0.36	68.55	22.38	0.00
2	2	0.01	0.56	71.16	18.71	0.00
2	6	0.00	0.63	70.37	20.18	0.00
3	3	0.00	0.65	79.59	10.14	0.00
3	7	0.01	2.19	65.70	7.83	0.00
Core	CPU	C1%	C3%	C6%	C8%	C9%
-	-	0.01	0.66	70.10	17.96	0.00
0	0	0.00	0.56	77.07	11.73	0.00
0	4	0.00	0.59	71.90	18.71	0.00
1	1	0.01	0.41	72.79	17.04	0.00
1	5	0.01	0.28	70.60	20.39	0.00
2	2	0.00	0.48	67.23	22.78	0.00
2	6	0.01	0.43	67.10	23.64	0.00
3	3	0.00	0.62	73.54	16.16	0.00
3	7	0.01	1.93	60.50	13.19	0.00
Core	CPU	C1%	C3%	C6%	C8%	C9%
-	-	0.00	1.13	67.91	18.36	0.00
0	0	0.00	0.58	76.15	11.18	0.00
0	4	0.00	0.54	70.32	18.83	0.00
1	1	0.01	0.44	69.92	18.87	0.00
1	5	0.00	0.17	66.16	22.92	0.00
2	2	0.01	2.59	65.46	21.09	0.00
2	6	0.00	0.50	65.22	23.76	0.00
3	3	0.00	0.67	71.28	17.06	0.00
3	7	0.01	3.58	58.51	13.07	0.00
Core	CPU	C1%	C3%	C6%	C8%	C9%
-	-	0.00	0.69	70.04	18.02	0.00
0	0	0.00	0.61	74.42	14.46	0.00
0	4	0.00	0.69	71.01	19.48	0.00
1	1	0.01	0.45	72.54	17.32	0.00
1	5	0.00	0.22	70.50	20.51	0.00
2	2	0.01	0.59	69.75	19.88	0.00
2	6	0.00	0.46	68.10	22.59	0.00
3	3	0.00	0.62	73.46	16.40	0.00
3	7	0.01	1.86	60.29	13.44	0.00
Core	CPU	C1%	C3%	C6%	C8%	C9%
-	-	0.01	0.83	70.95	16.66	0.00
0	0	0.01	0.63	75.45	12.97	0.00
0	4	0.00	0.75	73.02	17.20	0.00
1	1	0.01	0.43	69.15	20.26	0.00
1	5	0.00	0.36	69.38	21.05	0.00
2	2	0.01	0.55	70.19	19.73	0.00
2	6	0.01	0.86	70.20	19.27	0.00
3	3	0.00	0.57	77.23	12.70	0.00
3	7	0.01	2.45	63.20	10.15	0.00
Core	CPU	C1%	C3%	C6%	C8%	C9%
-	-	0.01	0.64	68.80	18.54	0.00
0	0	0.01	0.62	73.05	10.81	0.00
0	4	0.00	0.47	70.81	19.00	0.00
1	1	0.01	0.42	72.48	17.22	0.00
1	5	0.00	0.26	67.13	23.82	0.00
2	2	0.00	0.43	68.00	22.15	0.00
2	6	0.00	0.56	67.17	23.42	0.00
3	3	0.01	0.62	72.75	17.01	0.00
3	7	0.01	1.74	59.38	14.95	0.00
Core	CPU	C1%	C3%	C6%	C8%	C9%
-	-	0.01	0.68	70.42	17.62	0.00
0	0	0.00	0.64	75.42	13.59	0.00
0	4	0.00	0.76	71.34	19.15	0.00
1	1	0.01	0.41	75.15	14.55	0.00
1	5	0.01	0.20	69.59	21.22	0.00
2	2	0.01	0.50	68.49	21.49	0.00
2	6	0.01	0.41	66.90	23.89	0.00
3	3	0.00	0.66	75.66	14.09	0.00
3	7	0.01	1.83	60.79	12.99	0.00
Core	CPU	C1%	C3%	C6%	C8%	C9%
-	-	0.00	1.30	68.76	18.06	0.00
0	0	0.00	0.61	73.18	14.81	0.00
0	4	0.00	0.50	69.21	20.46	0.00
1	1	0.01	0.44	71.67	17.35	0.00
1	5	0.00	0.28	67.51	22.57	0.00
2	2	0.01	2.53	67.21	19.81	0.00
2	6	0.00	0.40	68.18	21.89	0.00
3	3	0.00	0.62	73.00	15.82	0.00
3	7	0.01	5.00	59.60	11.68	0.00
Core	CPU	C1%	C3%	C6%	C8%	C9%
-	-	0.00	0.72	70.37	17.63	0.00
0	0	0.00	0.60	79.01	9.72	0.00
0	4	0.00	0.71	72.35	18.24	0.00
1	1	0.01	0.46	71.00	18.87	0.00
1	5	0.01	0.27	68.90	22.06	0.00
2	2	0.00	0.40	69.73	20.34	0.00
2	6	0.00	0.56	67.66	22.97	0.00
3	3	0.00	0.70	73.49	16.15	0.00
3	7	0.01	2.08	60.87	12.66	0.00
Core	CPU	C1%	C3%	C6%	C8%	C9%
-	-	0.00	0.81	69.51	18.38	0.00
0	0	0.00	0.53	74.47	14.52	0.00
0	4	0.00	0.63	69.80	20.88	0.00
1	1	0.01	0.46	71.93	17.96	0.00
1	5	0.00	1.12	68.95	21.21	0.00
2	2	0.01	0.44	66.98	23.10	0.00
2	6	0.00	0.52	67.41	23.31	0.00
3	3	0.00	0.67	74.76	14.19	0.00
3	7	0.01	2.08	61.69	11.84	0.00
Core	CPU	C1%	C3%	C6%	C8%	C9%
-	-	0.01	0.66	69.45	18.46	0.00
0	0	0.00	0.58	74.90	14.02	0.00
0	4	0.01	0.65	72.86	17.58	0.00
1	1	0.01	0.45	71.67	17.92	0.00
1	5	0.00	0.25	69.53	21.38	0.00
2	2	0.00	0.48	64.95	24.98	0.00
2	6	0.01	0.56	66.10	24.48	0.00
3	3	0.00	0.66	74.64	14.92	0.00
3	7	0.01	1.69	61.36	12.55	0.00
Core	CPU	C1%	C3%	C6%	C8%	C9%
-	-	0.00	0.71	70.89	17.09	0.00
0	0	0.00	0.61	76.10	12.75	0.00
0	4	0.00	0.68	72.79	17.81	0.00
1	1	0.01	0.53	72.61	17.08	0.00
1	5	0.00	0.21	69.03	21.93	0.00
2	2	0.00	0.48	67.47	22.54	0.00
2	6	0.00	0.62	69.84	20.56	0.00
3	3	0.00	0.62	76.08	13.46	0.00
3	7	0.01	1.93	62.83	10.53	0.00
Core	CPU	C1%	C3%	C6%	C8%	C9%
-	-	0.01	1.02	68.33	17.81	0.25
0	0	0.00	0.56	74.60	13.34	0.00
0	4	0.00	0.58	70.87	17.86	0.00
1	1	0.01	0.40	68.95	18.98	0.00
1	5	0.01	0.24	67.09	22.52	0.00
2	2	0.01	1.37	67.86	18.93	2.02
2	6	0.01	0.53	66.38	22.47	0.00
3	3	0.00	0.67	72.01	15.72	0.00
3	7	0.01	3.80	58.79	12.60	0.00
Core	CPU	C1%	C3%	C6%	C8%	C9%
-	-	0.01	0.70	70.52	17.06	0.00
0	0	0.00	0.63	75.07	13.82	0.00
0	4	0.00	0.66	71.39	18.92	0.00
1	1	0.01	0.45	71.19	17.64	0.00
1	5	0.01	0.32	69.19	21.21	0.00
2	2	0.01	0.55	69.73	20.04	0.00
2	6	0.00	0.56	69.38	20.65	0.00
3	3	0.00	0.59	75.92	13.39	0.00
3	7	0.01	1.82	62.31	10.84	0.00
Core	CPU	C1%	C3%	C6%	C8%	C9%
-	-	0.00	0.79	70.84	17.01	0.00
0	0	0.00	0.55	77.75	11.17	0.00
0	4	0.00	0.57	71.93	18.83	0.00
1	1	0.01	1.25	72.24	16.93	0.00
1	5	0.01	0.30	70.60	20.35	0.00
2	2	0.00	0.46	71.23	18.61	0.00
2	6	0.00	0.38	70.27	20.47	0.00
3	3	0.00	0.56	73.24	16.34	0.00
3	7	0.01	2.26	59.79	13.45	0.00
Core	CPU	C1%	C3%	C6%	C8%	C9%
-	-	0.00	0.67	70.57	17.53	0.00
0	0	0.00	0.63	74.40	14.46	0.00
0	4	0.00	0.63	70.67	19.97	0.00
1	1	0.01	0.50	73.84	15.93	0.00
1	5	0.01	0.39	70.38	20.47	0.00
2	2	0.00	0.48	69.96	19.96	0.00
2	6	0.01	0.32	69.78	21.13	0.00
3	3	0.00	0.51	74.60	15.21	0.00
3	7	0.01	1.94	60.63	13.05	0.00
Core	CPU	C1%	C3%	C6%	C8%	C9%
-	-	0.01	0.70	69.99	17.96	0.00
0	0	0.00	0.61	73.14	15.79	0.00
0	4	0.00	0.65	69.70	20.92	0.00
1	1	0.01	0.43	73.49	16.36	0.00
1	5	0.00	0.40	70.11	20.55	0.00
2	2	0.01	0.52	69.44	20.36	0.00
2	6	0.00	0.37	68.28	22.58	0.00
3	3	0.00	0.65	74.62	15.07	0.00
3	7	0.01	1.94	61.44	12.14	0.00
Core	CPU	C1%	C3%	C6%	C8%	C9%
-	-	0.01	0.97	68.14	17.66	0.00
0	0	0.00	0.52	68.32	18.43	0.00
0	4	0.01	0.68	66.62	21.88	0.00
1	1	0.00	0.47	73.95	13.76	0.00
1	5	0.01	0.37	68.87	19.54	0.00
2	2	0.01	1.36	68.74	17.74	0.00
2	6	0.01	0.36	67.42	20.94	0.00
3	3	0.00	0.53	72.48	15.86	0.00
3	7	0.01	3.46	58.47	13.02	0.00
Core	CPU	C1%	C3%	C6%	C8%	C9%
-	-	0.01	0.65	70.33	17.71	0.00
0	0	0.00	0.58	72.79	16.23	0.00
0	4	0.01	0.69	69.78	20.80	0.00
1	1	0.00	0.34	75.81	14.00	0.00
1	5	0.00	0.30	70.92	20.03	0.00
2	2	0.01	0.53	68.41	21.39	0.00
2	6	0.01	0.40	69.55	21.21	0.00
3	3	0.00	0.51	74.84	14.96	0.00
3	7	0.01	1.88	60.55	13.07	0.00
Core	CPU	C1%	C3%	C6%	C8%	C9%
-	-	0.01	0.90	71.24	16.52	0.00
0	0	0.00	0.52	73.22	15.79	0.00
0	4	0.00	0.69	71.48	18.96	0.00
1	1	0.00	0.52	70.89	19.10	0.00
1	5	0.01	0.51	67.66	23.11	0.00
2	2	0.01	0.52	72.57	17.21	0.00
2	6	0.00	1.20	71.08	18.76	0.00
3	3	0.00	0.51	77.98	11.87	0.00
3	7	0.02	2.69	65.66	7.49	0.00
Core	CPU	C1%	C3%	C6%	C8%	C9%
-	-	0.01	0.67	71.00	17.05	0.00
0	0	0.00	0.52	73.52	15.44	0.00
0	4	0.00	0.70	70.41	20.07	0.00
1	1	0.01	0.49	74.67	15.14	0.00
1	5	0.01	0.46	71.54	19.15	0.00
2	2	0.01	0.52	69.19	20.56	0.00
2	6	0.01	0.37	69.49	21.31	0.00
3	3	0.00	0.50	76.29	13.52	0.00
3	7	0.01	1.83	62.63	11.09	0.00
Core	CPU	C1%	C3%	C6%	C8%	C9%
-	-	0.01	0.67	71.39	16.65	0.00
0	0	0.01	0.54	74.81	14.19	0.00
0	4	0.01	0.64	74.42	15.91	0.00
1	1	0.00	0.53	72.90	16.95	0.00
1	5	0.01	0.30	71.17	19.78	0.00
2	2	0.01	0.49	69.78	20.10	0.00
2	6	0.01	0.40	69.52	21.26	0.00
3	3	0.00	0.51	76.01	13.81	0.00
3	7	0.01	1.91	62.53	11.16	0.00
Core	CPU	C1%	C3%	C6%	C8%	C9%
-	-	0.01	1.02	69.32	16.31	0.00
0	0	0.01	0.45	73.13	13.72	0.00
0	4	0.01	0.65	69.84	18.59	0.00
1	1	0.00	0.37	71.87	15.42	0.00
1	5	0.01	0.26	73.04	15.84	0.00
2	2	0.01	2.44	66.43	19.97	0.00
2	6	0.01	0.35	68.79	19.53	0.00
3	3	0.00	0.60	72.42	15.30	0.00
3	7	0.00	3.05	59.33	12.21	0.00
Core	CPU	C1%	C3%	C6%	C8%	C9%
-	-	0.01	0.68	71.55	16.54	0.00
0	0	0.00	0.45	70.86	18.23	0.00
0	4	0.00	0.75	70.93	19.33	0.00
1	1	0.00	0.41	72.02	17.75	0.00
1	5	0.01	0.50	72.69	18.03	0.00
2	2	0.00	0.42	70.07	19.93	0.00
2	6	0.01	0.37	70.27	20.59	0.00
3	3	0.00	0.74	79.74	9.88	0.00
3	7	0.02	1.80	65.34	8.50	0.00
Core	CPU	C1%	C3%	C6%	C8%	C9%
-	-	0.01	0.87	69.78	18.13	0.00
0	0	0.01	0.60	73.31	15.63	0.00
0	4	0.00	0.67	70.70	19.87	0.00
1	1	0.00	1.41	73.10	15.93	0.00
1	5	0.00	0.32	70.26	20.67	0.00
2	2	0.01	0.50	67.62	22.44	0.00
2	6	0.01	0.28	68.65	22.31	0.00
3	3	0.00	0.66	74.18	15.55	0.00
3	7	0.01	2.50	60.52	12.66	0.00
Core	CPU	C1%	C3%	C6%	C8%	C9%
-	-	0.00	0.71	70.04	17.95	0.00
0	0	0.00	0.51	72.03	16.92	0.00
0	4	0.00	0.67	68.64	21.91	0.00
1	1	0.01	0.50	73.75	16.05	0.00
1	5	0.00	0.41	70.19	20.53	0.00
2	2	0.01	0.53	69.13	20.75	0.00
2	6	0.00	0.33	68.97	21.91	0.00
3	3	0.01	0.63	76.91	12.78	0.00
3	7	0.01	2.07	60.74	12.79	0.00
Core	CPU	C1%	C3%	C6%	C8%	C9%
-	-	0.00	0.70	70.88	17.16	0.00
0	0	0.00	0.57	71.23	17.79	0.00
0	4	0.00	0.68	67.88	22.69	0.00
1	1	0.00	0.43	75.80	13.93	0.00
1	5	0.01	0.44	71.76	18.97	0.00
2	2	0.01	0.55	69.21	20.70	0.00
2	6	0.00	0.40	69.02	21.82	0.00
3	3	0.00	0.67	78.51	11.15	0.00
3	7	0.01	1.87	63.49	10.23	0.00
Core	CPU	C1%	C3%	C6%	C8%	C9%
-	-	0.01	1.30	67.88	17.92	0.00
0	0	0.06	0.53	66.53	16.88	0.00
0	4	0.00	0.63	66.21	22.52	0.00
1	1	0.01	0.54	72.00	16.36	0.00
1	5	0.01	0.53	66.45	22.69	0.00
2	2	0.01	3.37	66.53	20.16	0.00
2	6	0.00	0.37	68.48	21.76	0.00
3	3	0.01	0.51	74.71	13.30	0.00
3	7	0.02	3.91	62.51	9.82	0.00
Core	CPU	C1%	C3%	C6%	C8%	C9%
-	-	0.01	0.72	70.45	17.51	0.00
0	0	0.00	0.62	70.69	17.59	0.00
0	4	0.00	0.65	69.40	21.10	0.00
1	1	0.00	0.41	74.66	15.10	0.00
1	5	0.00	0.39	70.68	20.19	0.00
2	2	0.01	0.56	70.65	19.27	0.00
2	6	0.01	0.43	69.69	21.03	0.00
3	3	0.00	0.55	76.41	13.40	0.00
3	7	0.01	2.12	61.09	12.33	0.00
Core	CPU	C1%	C3%	C6%	C8%	C9%
-	-	0.01	0.83	69.72	18.04	0.00
0	0	0.00	1.35	72.05	16.09	0.00
0	4	0.00	0.63	69.43	21.00	0.00
1	1	0.00	0.48	73.12	16.63	0.00
1	5	0.00	0.27	72.06	18.53	0.00
2	2	0.01	0.52	67.42	22.45	0.00
2	6	0.00	0.34	67.64	23.17	0.00
3	3	0.01	0.57	75.40	14.16	0.00
3	7	0.01	2.46	60.91	12.41	0.00
Core	CPU	C1%	C3%	C6%	C8%	C9%
-	-	0.01	0.66	71.89	16.18	0.00
0	0	0.00	0.47	73.26	15.73	0.00
0	4	0.01	0.45	69.64	21.07	0.00
1	1	0.00	0.48	72.63	17.13	0.00
1	5	0.01	0.44	71.75	19.03	0.00
2	2	0.00	0.43	70.62	19.27	0.00
2	6	0.00	0.44	69.39	21.42	0.00
3	3	0.00	0.68	80.65	8.96	0.00
3	7	0.02	1.92	67.01	6.79	0.00
Core	CPU	C1%	C3%	C6%	C8%	C9%
-	-	0.01	0.68	70.73	17.37	0.00
0	0	0.00	0.52	74.41	14.41	0.00
0	4	0.00	0.58	68.81	21.93	0.00
1	1	0.00	0.58	73.97	15.85	0.00
1	5	0.01	0.42	70.78	20.04	0.00
2	2	0.01	0.45	71.06	18.90	0.00
2	6	0.00	0.37	68.86	21.97	0.00
3	3	0.00	0.59	76.34	13.48	0.00
3	7	0.02	1.92	61.34	12.35	0.00
Core	CPU	C1%	C3%	C6%	C8%	C9%
-	-	0.01	0.97	69.45	16.27	0.00
0	0	0.01	0.56	68.70	17.83	0.00
0	4	0.01	0.53	66.33	22.40	0.00
1	1	0.00	0.36	73.66	14.27	0.00
1	5	0.01	0.49	69.22	19.39	0.00
2	2	0.00	2.56	68.18	18.16	0.00
2	6	0.01	0.40	68.52	20.14	0.00
3	3	0.00	0.59	77.94	9.68	0.00
3	7	0.02	2.28	63.47	8.38	0.00
Core	CPU	C1%	C3%	C6%	C8%	C9%
-	-	0.01	0.68	71.98	16.11	0.00
0	0	0.00	0.49	74.48	14.60	0.00
0	4	0.00	0.47	71.10	19.72	0.00
1	1	0.00	0.47	76.00	13.45	0.00
1	5	0.01	0.38	71.70	19.15	0.00
2	2	0.01	0.53	70.48	19.44	0.00
2	6	0.07	0.49	70.70	19.93	0.00
3	3	0.00	0.62	77.00	12.74	0.00
3	7	0.01	1.95	63.92	9.77	0.00
Core	CPU	C1%	C3%	C6%	C8%	C9%
-	-	0.01	0.82	70.87	16.95	0.00
0	0	0.01	0.55	71.74	17.35	0.00
0	4	0.01	0.52	70.18	20.44	0.00
1	1	0.00	0.55	73.38	16.00	0.00
1	5	0.01	0.44	71.94	18.85	0.00
2	2	0.00	1.14	70.14	19.01	0.00
2	6	0.00	0.26	69.95	21.07	0.00
3	3	0.00	0.57	76.83	12.50	0.00
3	7	0.01	2.52	62.76	10.35	0.00
Core	CPU	C1%	C3%	C6%	C8%	C9%
-	-	0.01	0.66	70.93	17.12	0.00
0	0	0.00	0.50	71.82	17.11	0.00
0	4	0.00	0.62	68.73	21.89	0.00
1	1	0.00	0.54	75.19	14.38	0.00
1	5	0.01	0.48	72.45	18.20	0.00
2	2	0.01	0.47	70.54	19.38	0.00
2	6	0.00	0.42	69.40	21.44	0.00
3	3	0.00	0.60	76.59	13.26	0.00
3	7	0.02	1.61	62.72	11.30	0.00
Core	CPU	C1%	C3%	C6%	C8%	C9%
-	-	0.01	0.72	72.10	15.88	0.00
0	0	0.00	0.52	74.70	14.27	0.00
0	4	0.00	0.77	72.58	17.74	0.00
1	1	0.01	0.49	73.18	16.41	0.00
1	5	0.01	0.45	71.44	19.35	0.00
2	2	0.00	0.51	71.20	18.72	0.00
2	6	0.01	0.50	71.12	19.66	0.00
3	3	0.00	0.61	78.62	11.21	0.00
3	7	0.01	1.93	64.04	9.70	0.00
Core	CPU	C1%	C3%	C6%	C8%	C9%
-	-	0.01	1.00	69.57	16.16	0.00
0	0	0.00	0.49	69.84	17.24	0.00
0	4	0.00	0.65	69.64	18.75	0.00
1	1	0.00	0.59	72.30	15.26	0.00
1	5	0.01	0.38	69.40	19.37	0.00
2	2	0.03	1.52	66.29	20.17	0.00
2	6	0.00	0.31	67.74	21.39	0.00
3	3	0.00	0.52	77.75	9.59	0.00
3	7	0.01	3.52	64.05	7.56	0.00
Core	CPU	C1%	C3%	C6%	C8%	C9%
-	-	0.01	0.71	72.05	16.00	0.00
0	0	0.01	0.52	71.68	17.34	0.00
0	4	0.01	0.66	72.96	17.29	0.00
1	1	0.01	0.54	71.85	17.76	0.00
1	5	0.01	0.52	71.84	18.92	0.00
2	2	0.01	0.44	70.64	19.35	0.00
2	6	0.00	0.36	70.17	20.72	0.00
3	3	0.00	0.59	80.75	9.07	0.00
3	7	0.01	2.06	66.21	7.49	0.00
Core	CPU	C1%	C3%	C6%	C8%	C9%
-	-	0.01	0.86	70.99	16.90	0.00
0	0	0.00	1.34	71.94	16.24	0.00
0	4	0.01	0.61	71.70	18.83	0.00
1	1	0.00	0.44	71.57	18.46	0.00
1	5	0.01	0.44	72.11	18.74	0.00
2	2	0.01	0.52	71.51	18.33	0.00
2	6	0.00	0.37	69.33	21.58	0.00
3	3	0.00	0.64	77.91	11.90	0.00
3	7	0.01	2.53	62.05	11.14	0.00
Core	CPU	C1%	C3%	C6%	C8%	C9%
-	-	0.01	0.68	71.35	16.65	0.00
0	0	0.00	0.57	75.76	12.96	0.00
0	4	0.00	0.68	69.55	20.92	0.00
1	1	0.01	0.57	75.34	14.40	0.00
1	5	0.01	0.34	70.83	20.04	0.00
2	2	0.00	0.46	70.23	19.69	0.00
2	6	0.00	0.43	69.02	21.78	0.00
3	3	0.00	0.60	76.89	12.84	0.00
3	7	0.02	1.83	63.23	10.60	0.00
Core	CPU	C1%	C3%	C6%	C8%	C9%
-	-	0.00	0.69	70.92	17.19	0.00
0	0	0.00	0.49	73.13	15.82	0.00
0	4	0.00	0.58	69.63	20.96	0.00
1	1	0.00	0.47	73.73	16.01	0.00
1	5	0.01	0.45	71.19	19.63	0.00
2	2	0.01	0.55	69.63	20.23	0.00
2	6	0.00	0.35	69.55	21.34	0.00
3	3	0.00	0.71	77.04	12.63	0.00
3	7	0.01	1.94	62.91	10.77	0.00
Core	CPU	C1%	C3%	C6%	C8%	C9%
-	-	0.01	0.96	68.79	16.45	0.00
0	0	0.00	0.57	67.57	17.83	0.00
0	4	0.01	0.57	65.25	22.19	0.00
1	1	0.01	0.55	74.72	12.79	0.00
1	5	0.00	0.46	69.46	18.45	0.00
2	2	0.00	1.49	67.98	18.50	0.00
2	6	0.01	0.28	67.10	21.31	0.00
3	3	0.00	0.60	76.25	11.54	0.00
3	7	0.01	3.20	62.55	9.18	0.00
Core	CPU	C1%	C3%	C6%	C8%	C9%
-	-	0.01	0.67	71.68	16.47	0.00
0	0	0.00	0.48	74.23	14.78	0.00
0	4	0.01	0.63	69.50	21.03	0.00
1	1	0.01	0.52	75.11	14.50	0.00
1	5	0.01	0.34	71.82	19.04	0.00
2	2	0.00	0.52	69.88	20.06	0.00
2	6	0.00	0.40	69.33	21.51	0.00
3	3	0.00	0.56	78.33	11.53	0.00
3	7	0.02	1.92	64.63	9.12	0.00
Core	CPU	C1%	C3%	C6%	C8%	C9%
-	-	0.01	0.81	70.67	17.24	0.00
0	0	0.00	0.45	71.55	17.54	0.00
0	4	0.00	0.60	69.08	21.58	0.00
1	1	0.01	0.59	75.22	14.36	0.00
1	5	0.01	1.04	71.50	18.37	0.00
2	2	0.01	0.54	69.07	20.90	0.00
2	6	0.01	0.46	68.97	21.86	0.00
3	3	0.00	0.58	77.24	12.64	0.00
3	7	0.01	2.19	62.83	10.67	0.00
Core	CPU	C1%	C3%	C6%	C8%	C9%
-	-	0.01	0.64	71.18	16.89	0.00
0	0	0.00	0.53	72.54	16.50	0.00
0	4	0.01	0.61	69.64	20.93	0.00
1	1	0.01	0.45	73.98	15.73	0.00
1	5	0.01	0.40	71.65	19.13	0.00
2	2	0.00	0.55	70.00	19.80	0.00
2	6	0.01	0.39	69.19	21.62	0.00
3	3	0.00	0.56	78.02	11.83	0.00
3	7	0.01	1.62	64.42	9.61	0.00
Core	CPU	C1%	C3%	C6%	C8%	C9%
-	-	0.01	0.64	71.26	16.79	0.00
0	0	0.00	0.48	74.59	14.49	0.00
0	4	0.00	0.61	71.69	18.95	0.00
1	1	0.01	0.54	75.53	14.07	0.00
1	5	0.01	0.34	70.50	20.38	0.00
2	2	0.01	0.45	70.03	19.87	0.00
2	6	0.00	0.34	68.37	22.54	0.00
3	3	0.00	0.63	76.03	13.73	0.00
3	7	0.01	1.72	63.55	10.35	0.00
Core	CPU	C1%	C3%	C6%	C8%	C9%
-	-	0.01	1.13	69.42	16.28	0.00
0	0	0.00	0.56	74.21	12.80	0.00
0	4	0.01	0.60	68.90	19.79	0.00
1	1	0.01	0.53	72.75	14.95	0.00
1	5	0.01	0.35	69.25	19.47	0.00
2	2	0.01	2.52	68.24	18.23	0.00
2	6	0.00	0.41	67.46	21.24	0.00
3	3	0.01	0.47	73.43	13.93	0.00
3	7	0.01	3.64	61.58	9.93	0.00
Core	CPU	C1%	C3%	C6%	C8%	C9%
-	-	0.01	0.71	72.27	15.80	0.00
0	0	0.00	0.38	71.10	18.00	0.00
0	4	0.01	0.67	71.64	18.75	0.00
1	1	0.00	0.50	73.71	16.08	0.00
1	5	0.02	0.50	71.70	19.10	0.00
2	2	0.01	0.48	73.21	16.66	0.00
2	6	0.01	0.43	72.61	18.25	0.00
3	3	0.00	0.68	79.16	10.53	0.00
3	7	0.02	2.04	64.67	8.97	0.00
Core	CPU	C1%	C3%	C6%	C8%	C9%
-	-	0.01	0.85	70.74	17.10	0.00
0	0	0.00	0.57	72.22	16.74	0.00
0	4	0.00	1.53	69.73	19.85	0.00
1	1	0.00	0.39	72.95	16.80	0.00
1	5	0.01	0.42	71.65	19.18	0.00
2	2	0.01	0.45	69.89	20.13	0.00
2	6	0.01	0.28	69.18	21.79	0.00
3	3	0.00	0.72	77.58	12.14	0.00
3	7	0.01	2.48	63.02	10.28	0.00
Core	CPU	C1%	C3%	C6%	C8%	C9%
-	-	0.01	0.65	69.66	17.74	0.00
0	0	0.01	0.46	68.75	15.08	0.00
0	4	0.01	0.61	68.73	21.06	0.00
1	1	0.01	0.45	73.03	16.84	0.00
1	5	0.01	0.41	68.50	21.42	0.00
2	2	0.01	0.51	70.29	19.81	0.00
2	6	0.00	0.31	69.14	21.66	0.00
3	3	0.01	0.60	76.10	13.72	0.00
3	7	0.01	1.82	62.12	12.21	0.00
Core	CPU	C1%	C3%	C6%	C8%	C9%
-	-	0.01	0.68	71.09	16.92	0.00
0	0	0.00	0.51	68.83	20.16	0.00
0	4	0.00	0.57	67.32	23.29	0.00
1	1	0.01	0.55	74.64	14.98	0.00
1	5	0.01	0.59	71.73	18.86	0.00
2	2	0.01	0.46	70.80	19.16	0.00
2	6	0.01	0.34	70.23	20.68	0.00
3	3	0.00	0.58	80.07	9.63	0.00
3	7	0.03	1.85	65.15	8.63	0.00
Core	CPU	C1%	C3%	C6%	C8%	C9%
-	-	0.01	1.28	69.07	17.48	0.00
0	0	0.00	0.53	70.28	17.14	0.00
0	4	0.01	0.55	68.35	21.81	0.00
1	1	0.00	0.56	72.49	16.06	0.00
1	5	0.01	0.38	70.72	19.28	0.00
2	2	0.01	3.23	67.67	18.92	0.00
2	6	0.01	0.41	67.73	21.91	0.00
3	3	0.00	0.61	74.17	14.82	0.00
3	7	0.01	3.98	61.66	10.07	0.00
Core	CPU	C1%	C3%	C6%	C8%	C9%
-	-	0.01	0.66	71.92	16.23	0.00
0	0	0.00	0.57	77.67	11.26	0.00
0	4	0.00	0.64	70.69	19.97	0.00
1	1	0.00	0.43	75.19	14.66	0.00
1	5	0.00	0.26	71.34	19.53	0.00
2	2	0.01	0.39	69.48	20.52	0.00
2	6	0.01	0.50	69.26	21.45	0.00
3	3	0.01	0.72	77.31	12.22	0.00
3	7	0.01	1.77	63.75	10.11	0.00
Core	CPU	C1%	C3%	C6%	C8%	C9%
-	-	0.01	0.85	70.20	17.42	0.00
0	0	0.00	0.54	73.02	15.81	0.00
0	4	0.01	0.61	70.16	19.89	0.00
1	1	0.01	1.31	73.10	16.00	0.00
1	5	0.00	0.30	70.83	19.34	0.00
2	2	0.01	0.42	70.87	18.90	0.00
2	6	0.01	0.43	67.61	23.08	0.00
3	3	0.00	0.76	73.92	15.42	0.00
3	7	0.01	2.40	62.07	10.94	0.00
Core	CPU	C1%	C3%	C6%	C8%	C9%
-	-	0.01	0.69	71.24	16.80	0.00
0	0	0.00	0.60	72.19	16.82	0.00
0	4	0.00	0.71	72.07	18.38	0.00
1	1	0.00	0.46	72.43	17.42	0.00
1	5	0.00	0.40	71.72	19.03	0.00
2	2	0.00	0.50	70.94	18.91	0.00
2	6	0.01	0.43	68.81	22.00	0.00
3	3	0.00	0.57	78.00	11.79	0.00
3	7	0.01	1.86	63.75	10.01	0.00
Core	CPU	C1%	C3%	C6%	C8%	C9%
-	-	0.01	0.68	71.46	16.47	0.00
0	0	0.00	0.53	76.32	12.45	0.00
0	4	0.00	0.39	68.92	21.88	0.00
1	1	0.01	0.60	71.30	18.46	0.00
1	5	0.01	0.48	69.45	21.27	0.00
2	2	0.00	0.30	72.54	17.45	0.00
2	6	0.00	0.52	71.56	19.16	0.00
3	3	0.00	0.73	78.27	11.32	0.00
3	7	0.01	1.92	63.94	9.90	0.00
Core	CPU	C1%	C3%	C6%	C8%	C9%
-	-	0.01	1.14	68.15	17.91	0.00
0	0	0.01	0.48	69.09	17.94	0.00
0	4	0.00	0.57	67.40	21.61	0.00
1	1	0.01	0.46	69.45	18.46	0.00
1	5	0.01	0.49	68.05	20.86	0.00
2	2	0.01	2.38	66.56	19.96	0.00
2	6	0.00	0.52	67.51	21.95	0.00
3	3	0.00	0.58	75.41	12.55	0.00
3	7	0.02	3.66	61.74	9.92	0.00
Core	CPU	C1%	C3%	C6%	C8%	C9%
-	-	0.01	0.66	70.91	17.24	0.00
0	0	0.00	0.58	72.60	16.30	0.00
0	4	0.00	0.53	68.92	21.80	0.00
1	1	0.00	0.37	72.76	17.27	0.00
1	5	0.01	0.46	70.24	20.59	0.00
2	2	0.01	0.46	70.97	19.01	0.00
2	6	0.01	0.43	68.96	21.76	0.00
3	3	0.01	0.67	78.01	11.56	0.00
3	7	0.02	1.76	64.22	9.49	0.00
Core	CPU	C1%	C3%	C6%	C8%	C9%
-	-	0.01	0.77	71.13	16.84	0.00
0	0	0.00	0.53	71.60	17.51	0.00
0	4	0.00	1.31	70.01	19.81	0.00
1	1	0.01	0.43	73.94	15.99	0.00
1	5	0.01	0.47	71.71	19.10	0.00
2	2	0.01	0.48	70.80	19.15	0.00
2	6	0.01	0.41	70.04	20.81	0.00
3	3	0.00	0.60	77.48	12.26	0.00
3	7	0.02	1.95	63.40	10.05	0.00
Core	CPU	C1%	C3%	C6%	C8%	C9%
-	-	0.00	0.67	71.68	16.39	0.00
0	0	0.00	0.53	75.60	13.30	0.00
0	4	0.00	0.51	71.60	19.08	0.00
1	1	0.00	0.53	70.88	18.96	0.00
1	5	0.01	0.40	70.52	20.28	0.00
2	2	0.00	0.48	70.37	19.54	0.00
2	6	0.00	0.52	70.60	20.17	0.00
3	3	0.00	0.63	78.42	11.24	0.00
3	7	0.01	1.72	65.45	8.57	0.00
Core	CPU	C1%	C3%	C6%	C8%	C9%
-	-	0.00	0.66	71.51	16.54	0.00
0	0	0.00	0.49	73.80	15.15	0.00
0	4	0.00	0.55	71.27	19.40	0.00
1	1	0.00	0.42	72.79	17.13	0.00
1	5	0.01	0.39	71.37	19.46	0.00
2	2	0.00	0.44	70.29	19.72	0.00
2	6	0.00	0.45	70.21	20.56	0.00
3	3	0.00	0.62	78.22	11.39	0.00
3	7	0.01	1.94	64.19	9.57	0.00
Core	CPU	C1%	C3%	C6%	C8%	C9%
-	-	0.01	1.13	69.65	16.20	0.00
0	0	0.00	0.39	71.15	16.10	0.00
0	4	0.00	0.64	68.15	20.89	0.00
1	1	0.00	0.51	69.14	18.79	0.00
1	5	0.02	0.49	70.75	18.51	0.00
2	2	0.00	2.44	69.61	16.65	0.00
2	6	0.01	0.44	68.71	20.04	0.00
3	3	0.00	0.53	76.34	10.84	0.00
3	7	0.01	3.66	63.68	7.82	0.00
Core	CPU	C1%	C3%	C6%	C8%	C9%
-	-	0.00	0.70	71.65	16.42	0.00
0	0	0.00	0.45	74.59	14.39	0.00
0	4	0.00	0.65	70.38	20.17	0.00
1	1	0.01	0.53	74.99	14.64	0.00
1	5	0.01	0.42	72.68	18.01	0.00
2	2	0.00	0.53	70.36	19.53	0.00
2	6	0.00	0.47	69.51	21.19	0.00
3	3	0.00	0.55	76.43	13.47	0.00
3	7	0.01	2.03	63.85	9.85	0.00
Core	CPU	C1%	C3%	C6%	C8%	C9%
-	-	0.01	0.86	70.80	17.01	0.00
0	0	0.00	0.46	72.74	16.41	0.00
0	4	0.00	0.67	70.48	20.00	0.00
1	1	0.01	0.51	72.04	17.76	0.00
1	5	0.01	0.44	69.26	21.52	0.00
2	2	0.01	0.46	70.74	19.07	0.00
2	6	0.00	1.31	69.22	20.67	0.00
3	3	0.01	0.61	78.20	11.71	0.00
3	7	0.02	2.46	64.21	9.07	0.00
Core	CPU	C1%	C3%	C6%	C8%	C9%
-	-	0.00	0.63	71.36	16.77	0.00
0	0	0.00	0.51	75.72	13.30	0.00
0	4	0.00	0.63	72.98	17.49	0.00
1	1	0.00	0.49	72.13	17.70	0.00
1	5	0.00	0.32	71.69	18.93	0.00
2	2	0.01	0.46	70.09	19.83	0.00
2	6	0.00	0.42	69.33	21.45	0.00
3	3	0.00	0.54	75.99	13.88	0.00
3	7	0.01	1.69	62.50	11.47	0.00
Core	CPU	C1%	C3%	C6%	C8%	C9%
-	-	0.01	0.69	71.37	16.60	0.00
0	0	0.00	0.50	74.20	14.84	0.00
0	4	0.00	0.69	71.03	19.35	0.00
1	1	0.00	0.43	72.77	17.07	0.00
1	5	0.01	0.39	71.78	19.00	0.00
2	2	0.01	0.51	68.25	21.63	0.00
2	6	0.01	0.57	68.55	22.05	0.00
3	3	0.00	0.52	79.70	10.25	0.00
3	7	0.01	1.89	65.05	8.69	0.00
Core	CPU	C1%	C3%	C6%	C8%	C9%
-	-	0.01	1.13	68.23	17.58	0.00
0	0	0.00	0.38	67.78	19.64	0.00
0	4	0.00	0.66	69.93	18.40	0.00
1	1	0.00	0.46	67.66	19.98	0.00
1	5	0.01	0.47	66.15	22.08	0.00
2	2	0.01	2.58	67.37	19.19	0.00
2	6	0.00	0.50	66.85	21.88	0.00
3	3	0.00	0.60	76.86	11.34	0.00
3	7	0.02	3.36	63.54	8.17	0.00
Core	CPU	C1%	C3%	C6%	C8%	C9%
-	-	0.01	0.69	70.97	17.12	0.00
0	0	0.01	0.56	75.45	13.47	0.00
0	4	0.01	0.56	70.78	19.88	0.00
1	1	0.00	0.52	73.93	15.85	0.00
1	5	0.01	0.41	69.79	20.92	0.00
2	2	0.01	0.39	69.69	20.36	0.00
2	6	0.01	0.44	68.58	22.24	0.00
3	3	0.00	0.73	75.87	13.76	0.00
3	7	0.00	1.91	63.31	10.38	0.00
Core	CPU	C1%	C3%	C6%	C8%	C9%
-	-	0.01	0.85	70.67	17.06	0.00
0	0	0.00	0.55	74.01	14.85	0.00
0	4	0.00	0.54	67.94	22.55	0.00
1	1	0.01	0.56	73.34	16.39	0.00
1	5	0.01	0.51	70.49	20.07	0.00
2	2	0.01	0.43	70.73	19.36	0.00
2	6	0.01	0.80	68.86	20.86	0.00
3	3	0.00	0.68	76.74	13.02	0.00
3	7	0.01	2.72	63.65	9.48	0.00
Core	CPU	C1%	C3%	C6%	C8%	C9%
-	-	0.01	0.67	71.74	16.35	0.00
0	0	0.00	0.42	72.89	16.26	0.00
0	4	0.00	0.69	74.17	16.03	0.00
1	1	0.01	0.53	71.78	17.93	0.00
1	5	0.01	0.43	70.61	20.19	0.00
2	2	0.01	0.46	71.50	18.45	0.00
2	6	0.00	0.43	70.59	20.23	0.00
3	3	0.00	0.55	77.76	12.05	0.00
3	7	0.01	1.85	64.25	9.56	0.00
Core	CPU	C1%	C3%	C6%	C8%	C9%
-	-	0.01	0.69	70.76	17.11	0.00
0	0	0.00	0.51	73.63	15.27	0.00
0	4	0.00	0.58	71.18	19.43	0.00
1	1	0.01	0.48	71.72	17.63	0.00
1	5	0.01	0.35	71.55	18.94	0.00
2	2	0.01	0.46	68.72	21.14	0.00
2	6	0.00	0.51	69.38	21.35	0.00
3	3	0.00	0.63	77.08	12.68	0.00
3	7	0.01	1.98	63.18	10.49	0.00
Core	CPU	C1%	C3%	C6%	C8%	C9%
-	-	0.12	0.94	67.23	18.11	0.01
0	0	0.01	0.47	68.99	13.47	0.00
0	4	0.01	0.35	68.50	19.43	0.00
1	1	0.00	0.53	68.54	19.53	0.00
1	5	0.01	0.35	67.42	21.44	0.00
2	2	0.02	2.72	67.26	19.58	0.05
2	6	0.00	0.52	66.29	21.81	0.00
3	3	0.00	0.53	71.77	17.32	0.00
3	7	0.88	2.06	59.08	12.34	0.00
Core	CPU	C1%	C3%	C6%	C8%	C9%
-	-	0.01	0.70	71.34	16.76	0.00
0	0	0.00	0.55	73.05	15.85	0.00
0	4	0.01	0.64	68.82	21.84	0.00
1	1	0.00	0.61	74.58	15.03	0.00
1	5	0.01	0.49	72.11	18.58	0.00
2	2	0.00	0.56	71.51	18.36	0.00
2	6	0.01	0.33	70.56	20.34	0.00
3	3	0.00	0.49	76.94	13.03	0.00
3	7	0.02	1.90	62.81	10.95	0.00
Core	CPU	C1%	C3%	C6%	C8%	C9%
-	-	0.01	0.82	70.57	17.31	0.00
0	0	0.00	0.56	73.11	15.93	0.00
0	4	0.00	0.68	69.63	21.05	0.00
1	1	0.00	0.48	73.80	15.79	0.00
1	5	0.01	0.41	70.94	19.84	0.00
2	2	0.01	0.52	68.44	21.36	0.00
2	6	0.00	1.21	68.53	21.42	0.00
3	3	0.00	0.60	77.22	12.42	0.00
3	7	0.01	2.09	62.90	10.69	0.00
Core	CPU	C1%	C3%	C6%	C8%	C9%
-	-	0.04	0.68	71.17	16.74	0.00
0	0	0.01	0.55	73.43	15.49	0.00
0	4	0.01	0.67	69.84	20.47	0.00
1	1	0.00	0.49	73.80	15.88	0.00
1	5	0.01	0.41	71.49	19.24	0.00
2	2	0.26	0.42	70.11	19.24	0.00
2	6	0.00	0.38	70.78	20.01	0.00
3	3	0.00	0.63	76.99	12.77	0.00
3	7	0.01	1.88	63.00	10.84	0.00
Core	CPU	C1%	C3%	C6%	C8%	C9%
-	-	0.01	0.67	70.98	17.10	0.00
0	0	0.00	0.45	75.18	13.74	0.00
0	4	0.00	0.65	71.02	19.60	0.00
1	1	0.01	0.54	74.43	15.37	0.00
1	5	0.01	0.46	71.52	19.33	0.00
2	2	0.01	0.55	69.79	20.13	0.00
2	6	0.00	0.33	69.32	21.55	0.00
3	3	0.00	0.66	75.53	14.25	0.00
3	7	0.01	1.75	61.01	12.85	0.00
Core	CPU	C1%	C3%	C6%	C8%	C9%
-	-	0.01	0.94	69.06	16.91	0.00
0	0	0.00	0.45	71.92	15.50	0.00
0	4	0.00	0.63	67.60	20.48	0.00
1	1	0.01	0.47	72.46	15.35	0.00
1	5	0.01	0.35	68.46	19.89	0.00
2	2	0.02	2.13	69.59	17.18	0.00
2	6	0.01	0.44	67.84	21.16	0.00
3	3	0.00	0.60	73.61	14.73	0.00
3	7	0.01	2.47	60.69	10.90	0.00
Core	CPU	C1%	C3%	C6%	C8%	C9%
-	-	0.01	0.69	71.24	16.78	0.00
0	0	0.00	0.45	70.88	18.18	0.00
0	4	0.00	0.71	68.75	21.78	0.00
1	1	0.01	0.45	74.34	15.51	0.00
1	5	0.01	0.45	70.65	20.21	0.00
2	2	0.01	0.55	71.98	17.72	0.00
2	6	0.00	0.46	70.36	20.41	0.00
3	3	0.00	0.68	79.13	10.63	0.00
3	7	0.02	1.78	63.97	9.89	0.00
Core	CPU	C1%	C3%	C6%	C8%	C9%
-	-	0.01	0.89	69.82	17.99	0.00
0	0	0.00	0.53	70.82	18.20	0.00
0	4	0.01	0.69	67.69	22.82	0.00
1	1	0.00	0.50	74.55	15.20	0.00
1	5	0.01	0.43	71.73	19.03	0.00
2	2	0.00	0.44	70.39	19.61	0.00
2	6	0.00	1.29	68.92	21.07	0.00
3	3	0.01	0.63	74.32	15.58	0.00
3	7	0.01	2.64	60.63	12.51	0.00
Core	CPU	C1%	C3%	C6%	C8%	C9%
-	-	0.01	0.69	71.86	16.21	0.00
0	0	0.00	0.47	75.57	13.30	0.00
0	4	0.01	0.63	70.56	20.06	0.00
1	1	0.00	0.62	75.39	14.18	0.00
1	5	0.02	0.43	72.10	18.62	0.00
2	2	0.01	0.53	70.89	19.04	0.00
2	6	0.00	0.39	70.78	20.11	0.00
3	3	0.00	0.53	76.48	13.44	0.00
3	7	0.02	1.87	62.90	10.86	0.00
Core	CPU	C1%	C3%	C6%	C8%	C9%
-	-	0.01	0.67	70.51	17.53	0.00
0	0	0.01	0.54	75.14	13.70	0.00
0	4	0.00	0.63	69.81	20.83	0.00
1	1	0.01	0.57	74.26	15.40	0.00
1	5	0.01	0.42	71.35	19.30	0.00
2	2	0.01	0.47	68.80	21.17	0.00
2	6	0.01	0.31	69.09	21.81	0.00
3	3	0.00	0.50	74.89	15.09	0.00
3	7	0.02	1.93	60.79	12.91	0.00
Core	CPU	C1%	C3%	C6%	C8%	C9%
-	-	0.01	1.08	68.58	17.06	0.00
0	0	0.00	0.48	69.60	17.10	0.00
0	4	0.00	0.55	68.73	19.83	0.00
1	1	0.00	0.54	73.72	13.30	0.00
1	5	0.01	0.33	69.02	19.66	0.00
2	2	0.01	2.33	67.47	19.15	0.00
2	6	0.01	0.38	67.03	21.84	0.00
3	3	0.00	0.60	73.89	13.47	0.00
3	7	0.01	3.44	59.35	12.22	0.00
Core	CPU	C1%	C3%	C6%	C8%	C9%
-	-	0.01	0.72	71.87	16.20	0.00
0	0	0.00	0.50	73.14	16.02	0.00
0	4	0.00	0.73	69.75	20.76	0.00
1	1	0.00	0.54	77.40	12.11	0.00
1	5	0.01	0.42	71.86	18.86	0.00
2	2	0.01	0.54	71.43	18.50	0.00
2	6	0.01	0.41	70.83	20.03	0.00
3	3	0.00	0.61	76.61	13.18	0.00
3	7	0.01	1.97	63.58	10.10	0.00
Core	CPU	C1%	C3%	C6%	C8%	C9%
-	-	0.01	0.81	70.77	17.18	0.00
0	0	0.00	0.56	72.55	16.57	0.00
0	4	0.01	0.67	70.72	19.81	0.00
1	1	0.00	1.18	75.95	12.96	0.00
1	5	0.01	0.39	73.19	17.64	0.00
2	2	0.00	0.50	68.67	21.30	0.00
2	6	0.00	0.36	68.24	22.65	0.00
3	3	0.00	0.64	75.40	14.41	0.00
3	7	0.01	2.14	61.44	12.07	0.00
Core	CPU	C1%	C3%	C6%	C8%	C9%
-	-	0.00	0.67	70.16	17.92	0.00
0	0	0.00	0.55	74.19	14.62	0.00
0	4	0.00	0.62	73.79	16.55	0.00
1	1	0.01	0.54	71.21	18.58	0.00
1	5	0.00	0.36	71.14	19.67	0.00
2	2	0.01	0.48	67.77	22.16	0.00
2	6	0.00	0.44	67.65	23.13	0.00
3	3	0.00	0.58	74.17	15.70	0.00
3	7	0.01	1.78	61.00	12.84	0.00
Core	CPU	C1%	C3%	C6%	C8%	C9%
-	-	0.01	0.64	69.78	18.22	0.00
0	0	0.00	0.56	76.13	12.75	0.00
0	4	0.01	0.56	70.51	20.19	0.00
1	1	0.01	0.49	75.09	14.63	0.00
1	5	0.00	0.32	70.90	19.91	0.00
2	2	0.01	0.41	65.85	24.16	0.00
2	6	0.01	0.35	66.20	24.65	0.00
3	3	0.00	0.60	74.63	15.20	0.00
3	7	0.01	1.81	59.39	14.36	0.00
Core	CPU	C1%	C3%	C6%	C8%	C9%
-	-	0.01	1.07	67.76	18.06	0.00
0	0	0.01	0.56	70.35	16.56	0.00
0	4	0.00	0.58	65.96	21.99	0.00
1	1	0.01	0.46	71.35	16.55	0.00
1	5	0.01	0.38	69.17	19.64	0.00
2	2	0.02	2.35	63.69	22.84	0.00
2	6	0.00	0.38	65.33	23.52	0.00
3	3	0.00	0.60	75.26	12.17	0.00
3	7	0.01	3.26	60.53	11.11	0.00
Core	CPU	C1%	C3%	C6%	C8%	C9%
-	-	0.02	0.67	70.32	17.71	0.00
0	0	0.01	0.53	74.02	14.95	0.00
0	4	0.00	0.62	73.14	17.22	0.00
1	1	0.01	0.55	71.20	18.49	0.00
1	5	0.00	0.40	71.37	19.40	0.00
2	2	0.00	0.42	68.09	21.93	0.00
2	6	0.00	0.49	68.63	22.12	0.00
3	3	0.00	0.57	73.74	16.10	0.00
3	7	0.13	1.75	62.35	11.50	0.00
Core	CPU	C1%	C3%	C6%	C8%	C9%
-	-	0.00	0.81	69.28	18.53	0.00
0	0	0.00	0.60	74.75	14.15	0.00
0	4	0.00	0.63	72.70	17.70	0.00
1	1	0.01	0.59	70.91	18.71	0.00
1	5	0.01	0.29	70.87	19.88	0.00
2	2	0.01	0.41	66.61	23.50	0.00
2	6	0.00	1.25	66.02	23.75	0.00
3	3	0.01	0.60	73.48	16.20	0.00
3	7	0.01	2.10	59.06	14.40	0.00
Core	CPU	C1%	C3%	C6%	C8%	C9%
-	-	0.00	0.68	71.55	16.48	0.00
0	0	0.00	0.63	76.37	12.44	0.00
0	4	0.00	0.72	71.70	18.86	0.00
1	1	0.00	0.46	73.34	16.47	0.00
1	5	0.00	0.25	73.46	17.33	0.00
2	2	0.01	0.45	70.69	19.15	0.00
2	6	0.00	0.34	69.33	21.52	0.00
3	3	0.00	0.61	75.04	14.78	0.00
3	7	0.00	2.00	62.36	11.28	0.00
Core	CPU	C1%	C3%	C6%	C8%	C9%
-	-	0.01	0.67	70.95	16.92	0.00
0	0	0.00	0.51	73.83	14.84	0.00
0	4	0.00	0.71	72.38	17.85	0.00
1	1	0.01	0.54	72.09	17.71	0.00
1	5	0.01	0.39	71.12	19.69	0.00
2	2	0.01	0.49	69.28	20.69	0.00
2	6	0.00	0.40	69.75	20.78	0.00
3	3	0.00	0.59	76.80	13.04	0.00
3	7	0.01	1.72	62.97	10.92	0.00
Core	CPU	C1%	C3%	C6%	C8%	C9%
-	-	0.03	0.95	68.62	17.09	0.00
0	0	0.00	0.46	72.21	14.72	0.00
0	4	0.00	0.61	70.41	18.07	0.00
1	1	0.01	0.49	69.21	18.96	0.00
1	5	0.01	0.36	68.98	19.47	0.00
2	2	0.01	2.16	66.35	20.16	0.00
2	6	0.00	0.37	66.72	21.90	0.00
3	3	0.00	0.72	73.98	13.47	0.00
3	7	0.20	2.48	61.12	9.94	0.00
Core	CPU	C1%	C3%	C6%	C8%	C9%
-	-	0.01	0.65	70.30	17.77	0.00
0	0	0.00	0.57	76.97	11.93	0.00
0	4	0.01	0.60	74.30	16.06	0.00
1	1	0.01	0.53	72.61	17.10	0.00
1	5	0.01	0.26	71.30	19.65	0.00
2	2	0.01	0.48	67.64	22.35	0.00
2	6	0.01	0.42	67.86	22.95	0.00
3	3	0.00	0.55	72.20	17.74	0.00
3	7	0.00	1.77	59.38	14.39	0.00
Core	CPU	C1%	C3%	C6%	C8%	C9%
-	-	0.00	0.81	70.69	17.25	0.00
0	0	0.00	0.55	76.50	12.54	0.00
0	4	0.00	0.65	74.26	16.14	0.00
1	1	0.00	0.47	73.01	16.81	0.00
1	5	0.00	0.31	70.85	20.10	0.00
2	2	0.01	0.40	68.91	21.19	0.00
2	6	0.00	1.13	67.28	22.67	0.00
3	3	0.00	0.60	74.59	15.31	0.00
3	7	0.00	2.39	60.15	13.21	0.00
Core	CPU	C1%	C3%	C6%	C8%	C9%
-	-	0.01	0.71	70.31	17.13	0.00
0	0	0.02	0.74	71.84	12.03	0.00
0	4	0.00	0.79	71.08	18.75	0.00
1	1	0.01	0.51	73.57	16.16	0.00
1	5	0.01	0.28	70.01	20.72	0.00
2	2	0.01	0.46	69.76	20.39	0.00
2	6	0.01	0.42	67.27	23.46	0.00
3	3	0.00	0.64	75.89	13.73	0.00
3	7	0.01	1.80	62.58	11.71	0.00
Core	CPU	C1%	C3%	C6%	C8%	C9%
-	-	0.01	0.67	70.48	17.50	0.00
0	0	0.01	0.50	72.64	16.40	0.00
0	4	0.00	0.67	71.43	19.06	0.00
1	1	0.01	0.58	71.20	18.55	0.00
1	5	0.01	0.33	70.05	20.82	0.00
2	2	0.01	0.51	71.56	18.37	0.00
2	6	0.00	0.47	70.46	20.28	0.00
3	3	0.00	0.57	75.34	14.49	0.00
3	7	0.01	1.73	61.63	12.14	0.00
Core	CPU	C1%	C3%	C6%	C8%	C9%
-	-	0.01	0.88	69.39	16.54	0.00
0	0	0.00	0.55	71.80	15.11	0.00
0	4	0.00	0.60	68.88	19.93	0.00
1	1	0.00	0.41	75.59	12.67	0.00
1	5	0.01	0.39	71.18	17.54	0.00
2	2	0.02	1.50	67.48	18.99	0.00
2	6	0.01	0.27	68.20	20.95	0.00
3	3	0.01	0.53	72.11	15.69	0.00
3	7	0.01	2.79	60.09	11.46	0.00
Core	CPU	C1%	C3%	C6%	C8%	C9%
-	-	0.01	0.67	71.27	16.84	0.00
0	0	0.00	0.54	74.43	14.36	0.00
0	4	0.01	0.58	68.84	21.87	0.00
1	1	0.00	0.56	74.26	15.47	0.00
1	5	0.01	0.47	72.27	18.50	0.00
2	2	0.01	0.50	70.66	19.33	0.00
2	6	0.01	0.31	70.09	20.85	0.00
3	3	0.00	0.55	76.26	13.56	0.00
3	7	0.01	1.88	63.12	10.69	0.00
Core	CPU	C1%	C3%	C6%	C8%	C9%
-	-	0.01	0.80	70.78	17.17	0.00
0	0	0.00	0.54	72.19	16.81	0.00
0	4	0.00	0.63	68.16	22.47	0.00
1	1	0.01	0.40	75.05	14.79	0.00
1	5	0.01	0.47	70.39	20.41	0.00
2	2	0.00	0.44	71.15	18.91	0.00
2	6	0.01	0.31	69.75	21.23	0.00
3	3	0.00	1.22	77.16	11.84	0.00
3	7	0.01	2.41	62.40	10.90	0.00
Core	CPU	C1%	C3%	C6%	C8%	C9%
-	-	0.10	0.68	70.86	17.04	0.00
0	0	0.00	0.56	74.48	14.34	0.00
0	4	0.00	0.51	71.50	19.19	0.00
1	1	0.00	0.50	71.48	18.12	0.00
1	5	0.00	0.42	70.02	20.78	0.00
2	2	0.01	0.44	68.15	21.85	0.00
2	6	0.00	0.46	67.30	23.48	0.00
3	3	0.00	0.62	78.05	11.68	0.00
3	7	0.79	1.95	65.91	6.86	0.00
Core	CPU	C1%	C3%	C6%	C8%	C9%
-	-	0.01	1.38	70.72	16.58	0.00
0	0	0.02	0.68	77.14	11.48	0.00
0	4	0.01	0.53	71.52	19.21	0.00
1	1	0.01	3.31	71.77	14.78	0.00
1	5	0.01	0.35	71.49	19.39	0.00
2	2	0.01	3.24	66.89	19.94	0.00
2	6	0.00	0.42	68.27	22.55	0.00
3	3	0.01	0.60	75.64	14.18	0.00
3	7	0.01	1.89	62.64	11.02	0.00
Core	CPU	C1%	C3%	C6%	C8%	C9%
-	-	0.01	0.73	71.77	16.18	0.00
0	0	0.00	0.41	73.64	15.22	0.00
0	4	0.01	0.73	70.46	20.04	0.00
1	1	0.01	0.63	73.25	16.51	0.00
1	5	0.01	0.53	71.42	19.33	0.00
2	2	0.00	0.45	71.92	18.07	0.00
2	6	0.00	0.48	71.38	19.45	0.00
3	3	0.01	0.57	78.27	11.58	0.00
3	7	0.02	2.04	64.27	9.39	0.00
Core	CPU	C1%	C3%	C6%	C8%	C9%
-	-	0.01	0.81	70.35	17.32	0.00
0	0	0.00	0.59	71.72	17.28	0.00
0	4	0.01	0.72	67.91	21.00	0.00
1	1	0.01	1.15	72.86	15.96	0.00
1	5	0.01	0.41	71.58	18.77	0.00
2	2	0.00	0.46	69.93	20.11	0.00
2	6	0.01	0.38	69.98	20.91	0.00
3	3	0.01	0.60	76.34	13.43	0.00
3	7	0.01	2.20	62.37	11.09	0.00
Core	CPU	C1%	C3%	C6%	C8%	C9%
-	-	0.01	0.69	70.91	17.09	0.00
0	0	0.00	0.44	73.54	15.58	0.00
0	4	0.00	0.68	73.18	17.13	0.00
1	1	0.01	0.50	72.49	17.31	0.00
1	5	0.01	0.46	71.82	18.97	0.00
2	2	0.01	0.46	69.06	20.92	0.00
2	6	0.00	0.42	68.66	22.18	0.00
3	3	0.00	0.65	76.05	13.67	0.00
3	7	0.01	1.93	62.60	11.01	0.00
Core	CPU	C1%	C3%	C6%	C8%	C9%
-	-	0.01	0.67	71.21	16.78	0.00
0	0	0.00	0.53	76.47	12.43	0.00
0	4	0.01	0.59	69.40	21.24	0.00
1	1	0.01	0.54	72.90	16.76	0.00
1	5	0.01	0.40	71.80	18.70	0.00
2	2	0.01	0.43	70.95	19.03	0.00
2	6	0.01	0.37	70.54	20.35	0.00
3	3	0.01	0.57	76.00	13.84	0.00
3	7	0.01	1.95	61.68	11.91	0.00
Core	CPU	C1%	C3%	C6%	C8%	C9%
-	-	0.01	1.12	69.76	16.94	0.10
0	0	0.02	1.65	71.93	14.17	0.78
0	4	0.00	0.61	69.58	20.10	0.00
1	1	0.00	0.50	71.03	16.98	0.00
1	5	0.01	0.40	69.19	20.89	0.00
2	2	0.01	0.34	67.73	21.58	0.00
2	6	0.00	0.44	67.01	22.90	0.00
3	3	0.00	0.56	76.80	12.17	0.00
3	7	0.01	4.45	64.40	6.64	0.00
Core	CPU	C1%	C3%	C6%	C8%	C9%
-	-	0.05	0.74	71.13	16.26	0.00
0	0	0.00	0.61	74.82	13.90	0.00
0	4	0.00	0.69	72.71	17.27	0.00
1	1	0.01	0.70	72.89	16.13	0.00
1	5	0.18	0.30	71.85	18.40	0.00
2	2	0.01	0.49	70.42	18.68	0.00
2	6	0.19	0.37	69.09	21.07	0.00
3	3	0.00	0.64	75.97	13.77	0.00
3	7	0.01	2.08	61.93	10.98	0.00
Core	CPU	C1%	C3%	C6%	C8%	C9%
-	-	0.00	0.81	69.97	17.96	0.00
0	0	0.00	0.54	74.17	14.75	0.00
0	4	0.00	0.66	69.09	21.58	0.00
1	1	0.00	1.18	73.47	15.43	0.00
1	5	0.00	0.40	71.89	18.93	0.00
2	2	0.01	0.52	66.97	23.00	0.00
2	6	0.00	0.50	68.86	21.88	0.00
3	3	0.00	0.56	74.49	15.30	0.00
3	7	0.01	2.14	60.49	12.71	0.00
Core	CPU	C1%	C3%	C6%	C8%	C9%
-	-	0.01	0.66	70.25	17.78	0.00
0	0	0.00	0.54	74.31	14.70	0.00
0	4	0.00	0.60	69.19	21.50	0.00
1	1	0.01	0.47	73.26	16.46	0.00
1	5	0.00	0.40	71.27	19.42	0.00
2	2	0.01	0.45	68.23	21.66	0.00
2	6	0.01	0.41	67.93	22.88	0.00
3	3	0.00	0.61	75.83	13.91	0.00
3	7	0.01	1.81	62.01	11.71	0.00
Core	CPU	C1%	C3%	C6%	C8%	C9%
-	-	0.00	0.68	70.43	17.55	0.00
0	0	0.00	0.53	73.00	16.05	0.00
0	4	0.00	0.56	71.09	19.57	0.00
1	1	0.00	0.56	72.25	17.58	0.00
1	5	0.00	0.32	72.92	17.77	0.00
2	2	0.01	0.45	68.92	21.03	0.00
2	6	0.00	0.49	68.53	22.23	0.00
3	3	0.00	0.64	75.64	13.93	0.00
3	7	0.01	1.89	61.37	12.31	0.00
Core	CPU	C1%	C3%	C6%	C8%	C9%
-	-	0.04	1.13	68.50	18.13	0.00
0	0	0.01	2.51	71.80	13.97	0.00
0	4	0.29	0.56	69.99	19.18	0.00
1	1	0.01	0.51	68.99	19.26	0.00
1	5	0.00	0.41	70.14	19.08	0.00
2	2	0.01	0.41	65.56	24.20	0.00
2	6	0.00	0.46	64.93	24.19	0.00
3	3	0.00	0.56	74.55	14.85	0.00
3	7	0.01	3.62	61.46	10.11	0.00
Core	CPU	C1%	C3%	C6%	C8%	C9%
-	-	0.01	0.68	71.94	16.03	0.00
0	0	0.00	0.49	74.74	14.31	0.00
0	4	0.01	0.68	72.56	17.91	0.00
1	1	0.01	0.51	73.67	16.01	0.00
1	5	0.01	0.42	71.85	18.90	0.00
2	2	0.01	0.54	72.07	17.81	0.00
2	6	0.01	0.43	71.19	19.61	0.00
3	3	0.00	0.58	76.90	12.91	0.00
3	7	0.01	1.76	62.91	10.87	0.00
Core	CPU	C1%	C3%	C6%	C8%	C9%
-	-	0.01	0.82	70.29	17.28	0.00
0	0	0.00	0.61	74.41	14.22	0.00
0	4	0.01	0.61	68.90	21.08	0.00
1	1	0.00	0.83	74.83	13.90	0.00
1	5	0.00	0.41	71.19	19.50	0.00
2	2	0.01	0.46	67.64	22.25	0.00
2	6	0.01	0.46	67.27	23.41	0.00
3	3	0.00	0.59	75.96	13.33	0.00
3	7	0.01	2.61	62.36	10.58	0.00
Core	CPU	C1%	C3%	C6%	C8%	C9%
-	-	0.01	0.66	70.40	17.65	0.00
0	0	0.01	0.47	75.92	12.98	0.00
0	4	0.01	0.51	71.70	19.10	0.00
1	1	0.01	0.47	72.54	17.29	0.00
1	5	0.01	0.33	70.14	20.69	0.00
2	2	0.01	0.52	68.61	21.34	0.00
2	6	0.00	0.43	68.72	22.06	0.00
3	3	0.00	0.67	74.94	14.67	0.00
3	7	0.01	1.91	60.52	13.07	0.00
Core	CPU	C1%	C3%	C6%	C8%	C9%
-	-	0.01	0.69	70.89	17.15	0.00
0	0	0.00	0.51	71.81	17.17	0.00
0	4	0.00	0.69	69.79	20.81	0.00
1	1	0.01	0.56	75.88	13.72	0.00
1	5	0.01	0.45	70.87	19.95	0.00
2	2	0.00	0.50	69.17	20.81	0.00
2	6	0.00	0.37	69.38	21.48	0.00
3	3	0.00	0.58	77.26	12.47	0.00
3	7	0.02	1.86	62.88	10.82	0.00
Core	CPU	C1%	C3%	C6%	C8%	C9%
-	-	0.00	0.85	68.63	17.18	0.00
0	0	0.00	1.32	71.08	14.81	0.00
0	4	0.00	0.72	67.35	20.65	0.00
1	1	0.00	0.38	70.89	17.28	0.00
1	5	0.00	0.41	69.39	18.76	0.00
2	2	0.00	0.46	66.17	21.84	0.00
2	6	0.01	0.45	65.62	23.07	0.00
3	3	0.01	0.65	75.97	11.33	0.00
3	7	0.01	2.42	62.20	9.58	0.00
Core	CPU	C1%	C3%	C6%	C8%	C9%
-	-	0.01	0.68	69.95	17.27	0.00
0	0	0.01	0.61	71.10	12.59	0.00
0	4	0.00	0.53	70.58	18.96	0.00
1	1	0.01	0.58	73.63	16.03	0.00
1	5	0.01	0.52	69.20	21.38	0.00
2	2	0.00	0.48	68.96	20.94	0.00
2	6	0.01	0.41	68.17	22.80	0.00
3	3	0.00	0.49	74.81	15.07	0.00
3	7	0.01	1.84	63.75	10.51	0.00
Core	CPU	C1%	C3%	C6%	C8%	C9%
-	-	0.00	0.86	70.16	17.67	0.00
0	0	0.00	0.54	74.99	13.62	0.00
0	4	0.00	0.63	73.92	16.54	0.00
1	1	0.00	0.50	70.14	19.58	0.00
1	5	0.01	0.40	69.41	21.38	0.00
2	2	0.01	0.43	68.23	21.76	0.00
2	6	0.00	0.49	68.13	22.65	0.00
3	3	0.00	1.31	74.22	14.82	0.00
3	7	0.01	2.62	62.14	11.01	0.00
Core	CPU	C1%	C3%	C6%	C8%	C9%
-	-	0.01	0.64	70.04	18.10	0.00
0	0	0.00	0.51	74.27	14.57	0.00
0	4	0.01	0.64	69.40	21.32	0.00
1	1	0.01	0.46	72.63	17.26	0.00
1	5	0.00	0.37	71.66	19.15	0.00
2	2	0.01	0.37	68.90	21.18	0.00
2	6	0.00	0.38	68.38	22.48	0.00
3	3	0.01	0.65	74.78	14.88	0.00
3	7	0.01	1.71	59.97	13.85	0.00
Core	CPU	C1%	C3%	C6%	C8%	C9%
-	-	0.00	0.68	70.73	17.26	0.00
0	0	0.00	0.52	76.74	12.10	0.00
0	4	0.00	0.68	70.40	20.25	0.00
1	1	0.00	0.45	74.56	15.28	0.00
1	5	0.01	0.32	72.86	17.94	0.00
2	2	0.01	0.42	66.82	23.17	0.00
2	6	0.00	0.42	67.86	22.89	0.00
3	3	0.00	0.72	75.31	14.25	0.00
3	7	0.01	1.88	61.45	12.26	0.00
Core	CPU	C1%	C3%	C6%	C8%	C9%
-	-	0.01	1.26	68.88	17.72	0.00
0	0	0.02	2.72	71.66	14.01	0.00
0	4	0.00	0.57	71.26	18.40	0.00
1	1	0.01	0.64	69.24	18.92	0.00
1	5	0.01	0.34	68.31	22.18	0.00
2	2	0.01	0.47	67.81	21.02	0.00
2	6	0.01	0.45	68.17	20.74	0.00
3	3	0.00	0.45	72.74	16.22	0.00
3	7	0.01	4.43	61.46	10.15	0.00
Core	CPU	C1%	C3%	C6%	C8%	C9%
-	-	0.01	0.69	71.29	16.73	0.00
0	0	0.01	0.57	74.66	14.20	0.00
0	4	0.00	0.59	73.73	16.77	0.00
1	1	0.01	0.55	73.16	16.54	0.00
1	5	0.01	0.42	71.51	19.20	0.00
2	2	0.01	0.40	69.59	20.48	0.00
2	6	0.00	0.51	69.00	21.75	0.00
3	3	0.00	0.58	75.59	14.20	0.00
3	7	0.01	1.94	63.04	10.69	0.00
Core	CPU	C1%	C3%	C6%	C8%	C9%
-	-	0.01	0.76	70.47	17.37	0.00
0	0	0.00	1.22	73.04	15.07	0.00
0	4	0.01	0.55	70.23	20.55	0.00
1	1	0.01	0.52	75.08	14.67	0.00
1	5	0.00	0.37	71.50	18.93	0.00
2	2	0.01	0.48	68.57	21.50	0.00
2	6	0.00	0.34	68.29	22.37	0.00
3	3	0.00	0.54	76.59	13.30	0.00
3	7	0.02	2.01	60.78	12.69	0.00
Core	CPU	C1%	C3%	C6%	C8%	C9%
-	-	0.01	0.66	70.70	17.34	0.00
0	0	0.00	0.50	74.97	14.04	0.00
0	4	0.01	0.68	70.41	20.15	0.00
1	1	0.00	0.47	74.29	15.52	0.00
1	5	0.01	0.34	72.57	18.12	0.00
2	2	0.01	0.44	67.95	22.05	0.00
2	6	0.00	0.43	69.21	21.61	0.00
3	3	0.01	0.53	75.78	14.10	0.00
3	7	0.01	1.93	60.47	13.12	0.00
Core	CPU	C1%	C3%	C6%	C8%	C9%
-	-	0.01	0.70	71.06	16.98	0.00
0	0	0.00	0.49	71.90	17.09	0.00
0	4	0.00	0.68	69.04	21.56	0.00
1	1	0.01	0.61	74.48	15.06	0.00
1	5	0.01	0.43	70.91	19.86	0.00
2	2	0.01	0.50	69.67	20.33	0.00
2	6	0.00	0.42	70.09	20.73	0.00
3	3	0.00	0.58	78.23	11.52	0.00
3	7	0.02	1.87	64.09	9.67	0.00
Core	CPU	C1%	C3%	C6%	C8%	C9%
-	-	0.00	1.02	69.65	15.91	0.00
0	0	0.00	2.36	72.75	12.88	0.00
0	4	0.00	0.68	66.21	22.26	0.00
1	1	0.01	0.45	70.63	16.91	0.00
1	5	0.01	0.49	69.28	19.30	0.00
2	2	0.00	0.47	67.89	20.03	0.00
2	6	0.00	0.41	68.22	20.09	0.00
3	3	0.00	0.67	77.69	9.34	0.00
3	7	0.01	2.68	64.77	6.59	0.00
Core	CPU	C1%	C3%	C6%	C8%	C9%
-	-	0.01	0.72	71.32	16.68	0.00
0	0	0.00	0.56	73.32	15.67	0.00
0	4	0.00	0.68	71.65	18.85	0.00
1	1	0.00	0.48	73.84	15.78	0.00
1	5	0.01	0.36	71.75	19.15	0.00
2	2	0.01	0.50	72.13	17.73	0.00
2	6	0.01	0.43	69.39	21.43	0.00
3	3	0.00	0.75	75.70	13.94	0.00
3	7	0.01	2.00	62.68	10.89	0.00
Core	CPU	C1%	C3%	C6%	C8%	C9%
-	-	0.01	0.84	71.08	16.92	0.00
0	0	0.00	0.46	75.68	13.29	0.00
0	4	0.01	0.49	70.84	19.90	0.00
1	1	0.00	1.26	72.86	16.15	0.00
1	5	0.01	0.45	70.26	20.59	0.00
2	2	0.01	0.52	70.29	19.72	0.00
2	6	0.00	0.52	69.54	21.26	0.00
3	3	0.00	0.57	75.63	14.20	0.00
3	7	0.01	2.42	63.08	10.15	0.00
Core	CPU	C1%	C3%	C6%	C8%	C9%
-	-	0.00	0.67	70.13	17.77	0.00
0	0	0.00	0.57	75.16	13.63	0.00
0	4	0.00	0.61	70.50	20.11	0.00
1	1	0.00	0.59	72.57	17.11	0.00
1	5	0.01	0.29	72.30	18.56	0.00
2	2	0.00	0.37	69.46	20.50	0.00
2	6	0.00	0.28	67.04	23.87	0.00
3	3	0.00	0.70	73.97	15.72	0.00
3	7	0.01	1.99	60.68	12.86	0.00
Core	CPU	C1%	C3%	C6%	C8%	C9%
-	-	0.01	0.61	71.12	17.00	0.00
0	0	0.00	0.55	72.61	16.39	0.00
0	4	0.00	0.61	68.56	22.11	0.00
1	1	0.01	0.43	77.83	11.90	0.00
1	5	0.01	0.37	72.60	18.27	0.00
2	2	0.01	0.52	70.25	19.71	0.00
2	6	0.01	0.29	70.03	20.92	0.00
3	3	0.01	0.57	76.64	13.13	0.00
3	7	0.01	1.57	60.39	13.58	0.00
Core	CPU	C1%	C3%	C6%	C8%	C9%
-	-	0.00	1.22	68.61	17.84	0.00
0	0	0.00	2.23	72.53	13.15	0.00
0	4	0.00	0.62	68.34	21.57	0.00
1	1	0.01	0.46	69.97	18.06	0.00
1	5	0.01	0.24	68.10	21.82	0.00
2	2	0.00	0.47	68.58	19.35	0.00
2	6	0.00	0.55	68.96	21.22	0.00
3	3	0.00	0.68	72.36	16.24	0.00
3	7	0.01	4.46	60.12	11.30	0.00
