Core	CPU	C1%	C3%	C6%	C8%	C9%
-	-	0.03	0.10	1.34	0.95	0.00
0	0	0.00	0.00	1.70	1.00	0.00
0	4	0.00	0.01	1.40	0.98	0.00
1	1	0.09	0.00	1.18	0.78	0.00
1	5	0.00	0.07	1.19	0.79	0.00
2	2	0.00	0.00	1.05	0.40	0.00
2	6	0.07	0.70	1.67	0.50	0.00
3	3	0.00	0.00	1.07	0.79	0.00
3	7	0.09	0.02	1.48	2.32	0.00
Core	CPU	C1%	C3%	C6%	C8%	C9%
-	-	0.72	1.01	9.77	6.78	0.03
0	0	3.18	1.37	19.61	4.70	0.00
0	4	0.00	0.16	12.06	5.76	0.26
1	1	0.00	0.10	4.50	6.64	0.00
1	5	0.03	2.79	8.02	5.79	0.00
2	2	0.00	0.02	4.39	15.25	0.00
2	6	0.00	0.29	11.70	6.04	0.00
3	3	0.00	1.59	3.27	3.72	0.00
3	7	2.54	1.79	14.61	6.36	0.00
Core	CPU	C1%	C3%	C6%	C8%	C9%
-	-	2.05	1.33	6.35	13.68	3.54
0	0	7.36	2.39	35.12	8.93	0.00
0	4	0.00	0.00	1.15	0.46	28.29
1	1	0.00	0.02	0.30	1.19	0.00
1	5	9.06	8.14	6.95	2.18	0.00
2	2	0.00	0.01	4.95	93.52	0.00
2	6	0.00	0.00	0.27	0.89	0.00
3	3	0.00	0.02	0.92	1.49	0.00
3	7	0.00	0.03	1.18	0.79	0.00
Core	CPU	C1%	C3%	C6%	C8%	C9%
-	-	0.00	0.60	9.13	11.93	10.24
0	0	0.02	4.77	63.04	0.00	0.00
0	4	0.00	0.00	0.82	0.10	81.93
1	1	0.00	0.00	0.56	0.59	0.00
1	5	0.00	0.00	0.65	0.49	0.00
2	2	0.00	0.01	5.94	91.92	0.00
2	6	0.00	0.01	0.69	0.39	0.00
3	3	0.00	0.01	0.99	0.79	0.00
3	7	0.00	0.00	0.38	1.19	0.00
Core	CPU	C1%	C3%	C6%	C8%	C9%
-	-	0.63	0.77	6.21	9.55	4.66
0	0	2.33	2.43	30.64	5.24	0.00
0	4	0.00	0.00	1.09	0.78	37.30
1	1	0.00	0.00	3.20	4.23	0.00
1	5	0.00	0.02	0.66	1.11	0.00
2	2	0.00	0.00	3.85	53.76	0.00
2	6	0.00	0.00	3.25	3.15	0.00
3	3	2.70	3.69	4.33	3.26	0.00
3	7	0.00	0.01	2.71	4.86	0.00
Core	CPU	C1%	C3%	C6%	C8%	C9%
-	-	0.00	0.03	0.75	4.40	0.00
0	0	0.00	0.02	0.49	0.89	0.00
0	4	0.00	0.02	0.40	0.10	0.00
1	1	0.00	0.00	0.41	0.79	0.00
1	5	0.00	0.00	0.36	0.79	0.00
2	2	0.00	0.02	0.71	2.16	0.00
2	6	0.00	0.00	1.14	2.19	0.00
3	3	0.00	0.00	0.28	0.89	0.00
3	7	0.02	0.18	2.23	27.40	0.00
Core	CPU	C1%	C3%	C6%	C8%	C9%
-	-	0.11	0.00	0.66	1.10	0.11
0	0	0.00	0.01	1.24	1.85	0.00
0	4	0.00	0.00	0.45	0.79	0.00
1	1	0.00	0.00	0.70	0.90	0.00
1	5	0.00	0.00	0.38	1.20	0.00
2	2	0.92	0.00	0.37	0.71	0.90
2	6	0.00	0.02	0.77	1.10	0.00
3	3	0.00	0.00	0.52	1.67	0.00
3	7	0.00	0.00	0.87	0.59	0.00
Core	CPU	C1%	C3%	C6%	C8%	C9%
-	-	0.00	0.01	0.32	0.69	0.00
0	0	0.00	0.04	0.51	0.50	0.00
0	4	0.00	0.02	0.10	0.61	0.00
1	1	0.00	0.00	0.20	0.30	0.00
1	5	0.00	0.00	0.36	0.90	0.00
2	2	0.00	0.00	0.35	0.82	0.00
2	6	0.00	0.00	0.44	0.70	0.00
3	3	0.00	0.02	0.49	0.60	0.00
3	7	0.00	0.00	0.09	1.10	0.00
Core	CPU	C1%	C3%	C6%	C8%	C9%
-	-	0.00	0.00	0.42	0.89	0.00
0	0	0.00	0.01	0.99	0.89	0.00
0	4	0.00	0.02	0.20	0.30	0.00
1	1	0.00	0.00	0.20	0.98	0.00
1	5	0.00	0.00	0.27	0.89	0.00
2	2	0.00	0.00	0.82	1.14	0.00
2	6	0.00	0.00	0.32	0.89	0.00
3	3	0.00	0.00	0.20	1.09	0.00
3	7	0.00	0.00	0.36	0.99	0.00
Core	CPU	C1%	C3%	C6%	C8%	C9%
-	-	0.00	0.01	0.37	1.05	0.00
0	0	0.00	0.05	0.74	1.27	0.00
0	4	0.00	0.00	0.28	0.99	0.00
1	1	0.00	0.00	0.35	0.80	0.00
1	5	0.00	0.00	0.23	1.09	0.00
2	2	0.00	0.00	0.38	1.09	0.00
2	6	0.00	0.00	0.41	1.30	0.00
3	3	0.00	0.03	0.36	0.98	0.00
3	7	0.00	0.00	0.23	0.89	0.00
Core	CPU	C1%	C3%	C6%	C8%	C9%
-	-	0.00	0.15	0.48	0.82	0.00
0	0	0.00	0.02	1.06	0.89	0.00
0	4	0.00	0.00	0.25	1.08	0.00
1	1	0.00	0.00	0.60	0.99	0.00
1	5	0.00	0.00	0.10	0.81	0.00
2	2	0.00	0.00	0.28	1.08	0.00
2	6	0.00	0.00	0.44	0.99	0.00
3	3	0.00	1.19	0.28	0.00	0.00
3	7	0.00	0.00	0.88	0.69	0.00
Core	CPU	C1%	C3%	C6%	C8%	C9%
-	-	0.00	0.00	0.45	0.67	0.00
0	0	0.00	0.02	0.72	0.50	0.00
0	4	0.00	0.00	0.18	0.50	0.00
1	1	0.00	0.00	0.28	0.89	0.00
1	5	0.00	0.00	0.25	0.93	0.00
2	2	0.00	0.00	0.73	0.59	0.00
2	6	0.00	0.00	0.48	0.69	0.00
3	3	0.00	0.00	0.48	0.69	0.00
3	7	0.00	0.00	0.45	0.59	0.00
Core	CPU	C1%	C3%	C6%	C8%	C9%
-	-	0.00	0.01	0.47	1.14	0.00
0	0	0.00	0.01	0.58	1.88	0.00
0	4	0.00	0.00	0.88	0.79	0.00
1	1	0.00	0.00	0.36	0.79	0.00
1	5	0.00	0.00	0.42	1.48	0.00
2	2	0.00	0.01	0.54	0.89	0.00
2	6	0.00	0.00	0.29	0.98	0.00
3	3	0.00	0.01	0.56	1.70	0.00
3	7	0.00	0.00	0.14	0.59	0.00
Core	CPU	C1%	C3%	C6%	C8%	C9%
-	-	0.00	0.00	0.47	1.07	0.00
0	0	0.00	0.01	0.84	0.91	0.00
0	4	0.00	0.00	0.52	1.60	0.00
1	1	0.00	0.00	0.21	0.41	0.00
1	5	0.00	0.00	0.18	0.80	0.00
2	2	0.00	0.00	0.35	1.00	0.00
2	6	0.00	0.00	0.70	0.81	0.00
3	3	0.00	0.00	0.52	1.41	0.00
3	7	0.00	0.00	0.46	1.61	0.00
Core	CPU	C1%	C3%	C6%	C8%	C9%
-	-	0.00	0.00	0.34	0.95	0.00
0	0	0.00	0.01	0.55	1.08	0.00
0	4	0.00	0.00	0.31	0.99	0.00
1	1	0.00	0.00	0.19	0.70	0.00
1	5	0.00	0.00	0.27	1.00	0.00
2	2	0.00	0.00	0.44	0.70	0.00
2	6	0.00	0.00	0.31	1.10	0.00
3	3	0.00	0.00	0.18	1.10	0.00
3	7	0.00	0.00	0.45	0.90	0.00
Core	CPU	C1%	C3%	C6%	C8%	C9%
-	-	0.00	0.00	0.41	1.04	0.00
0	0	0.00	0.00	0.83	0.71	0.00
0	4	0.00	0.00	0.19	0.98	0.00
1	1	0.00	0.00	0.25	0.99	0.00
1	5	0.00	0.00	0.14	0.98	0.00
2	2	0.00	0.01	0.36	1.19	0.00
2	6	0.00	0.00	0.37	1.09	0.00
3	3	0.00	0.00	0.69	1.67	0.00
3	7	0.00	0.00	0.42	0.69	0.00
Core	CPU	C1%	C3%	C6%	C8%	C9%
-	-	0.00	0.19	0.32	0.92	0.00
0	0	0.00	0.01	1.02	2.08	0.00
0	4	0.00	0.00	0.35	0.89	0.00
1	1	0.00	0.00	0.31	1.18	0.00
1	5	0.00	0.00	0.00	0.40	0.00
2	2	0.00	0.00	0.28	1.08	0.00
2	6	0.00	0.00	0.36	0.79	0.00
3	3	0.00	1.48	0.13	0.00	0.00
3	7	0.00	0.00	0.10	0.99	0.00
Core	CPU	C1%	C3%	C6%	C8%	C9%
-	-	0.00	0.01	0.68	0.79	0.00
0	0	0.00	0.01	1.03	0.10	0.00
0	4	0.00	0.00	0.59	0.49	0.00
1	1	0.00	0.00	0.37	1.19	0.00
1	5	0.00	0.00	0.45	1.09	0.00
2	2	0.00	0.00	1.03	0.78	0.00
2	6	0.00	0.02	1.07	0.40	0.00
3	3	0.00	0.00	0.38	1.09	0.00
3	7	0.00	0.04	0.55	1.20	0.00
Core	CPU	C1%	C3%	C6%	C8%	C9%
-	-	0.00	0.01	0.52	1.13	0.04
0	0	0.00	0.04	0.48	0.79	0.00
0	4	0.00	0.00	0.28	0.99	0.00
1	1	0.00	0.01	0.86	2.20	0.00
1	5	0.00	0.00	0.23	1.18	0.00
2	2	0.00	0.00	0.20	0.90	0.00
2	6	0.00	0.00	0.46	0.89	0.00
3	3	0.00	0.00	0.36	0.79	0.00
3	7	0.00	0.04	1.32	1.30	0.31
Core	CPU	C1%	C3%	C6%	C8%	C9%
-	-	0.00	0.00	0.49	0.73	0.00
0	0	0.00	0.01	0.66	0.78	0.00
0	4	0.00	0.00	0.14	0.78	0.00
1	1	0.00	0.00	0.57	0.10	0.00
1	5	0.00	0.00	0.28	0.99	0.00
2	2	0.00	0.00	0.35	0.99	0.00
2	6	0.00	0.00	0.40	0.89	0.00
3	3	0.00	0.00	0.49	0.79	0.00
3	7	0.00	0.00	1.03	0.48	0.00
Core	CPU	C1%	C3%	C6%	C8%	C9%
-	-	0.02	0.01	0.50	1.07	0.00
0	0	0.00	0.04	1.57	1.17	0.00
0	4	0.12	0.00	0.46	0.91	0.00
1	1	0.00	0.00	0.34	1.09	0.00
1	5	0.00	0.00	0.13	0.99	0.00
2	2	0.00	0.00	0.19	1.09	0.00
2	6	0.00	0.00	0.42	1.09	0.00
3	3	0.00	0.00	0.60	1.49	0.00
3	7	0.00	0.00	0.27	0.70	0.00
Core	CPU	C1%	C3%	C6%	C8%	C9%
-	-	0.01	0.01	0.46	0.99	0.00
0	0	0.00	0.02	1.15	0.40	0.00
0	4	0.00	0.00	0.05	0.59	0.00
1	1	0.00	0.02	0.58	0.61	0.00
1	5	0.07	0.00	0.46	0.60	0.00
2	2	0.00	0.00	0.37	1.58	0.00
2	6	0.00	0.00	0.63	0.80	0.00
3	3	0.00	0.00	0.23	1.69	0.00
3	7	0.00	0.03	0.18	1.69	0.00
Core	CPU	C1%	C3%	C6%	C8%	C9%
-	-	0.00	0.19	0.46	0.73	0.00
0	0	0.00	0.01	0.67	0.78	0.00
0	4	0.00	0.00	0.25	0.39	0.00
1	1	0.00	0.02	0.69	0.89	0.00
1	5	0.00	0.00	0.69	0.49	0.00
2	2	0.00	0.00	0.27	1.08	0.00
2	6	0.00	0.00	0.73	0.98	0.00
3	3	0.00	1.48	0.13	0.00	0.00
3	7	0.00	0.00	0.24	1.20	0.00
Core	CPU	C1%	C3%	C6%	C8%	C9%
-	-	0.00	0.00	0.42	0.90	0.00
0	0	0.00	0.00	0.94	0.68	0.00
0	4	0.00	0.00	0.20	0.98	0.00
1	1	0.00	0.00	0.27	0.89	0.00
1	5	0.00	0.00	0.45	0.69	0.00
2	2	0.00	0.00	0.22	0.89	0.00
2	6	0.00	0.00	0.27	0.99	0.00
3	3	0.00	0.00	0.28	1.08	0.00
3	7	0.00	0.00	0.74	1.02	0.00
Core	CPU	C1%	C3%	C6%	C8%	C9%
-	-	0.00	0.01	0.50	1.09	0.00
0	0	0.00	0.03	0.81	1.50	0.00
0	4	0.00	0.00	0.37	1.08	0.00
1	1	0.00	0.00	0.15	0.99	0.00
1	5	0.00	0.00	0.13	1.08	0.00
2	2	0.00	0.00	0.36	1.48	0.00
2	6	0.00	0.00	0.29	0.79	0.00
3	3	0.00	0.00	0.90	0.29	0.00
3	7	0.00	0.02	1.01	1.52	0.00
Core	CPU	C1%	C3%	C6%	C8%	C9%
-	-	0.00	0.01	0.46	0.94	0.00
0	0	0.00	0.03	0.75	1.18	0.00
0	4	0.00	0.00	0.24	0.99	0.00
1	1	0.00	0.02	0.29	0.99	0.00
1	5	0.00	0.00	0.67	0.90	0.00
2	2	0.00	0.00	0.36	1.09	0.00
2	6	0.00	0.00	0.52	0.69	0.00
3	3	0.00	0.00	0.50	0.81	0.00
3	7	0.00	0.00	0.32	0.89	0.00
Core	CPU	C1%	C3%	C6%	C8%	C9%
-	-	0.00	0.00	0.50	1.29	0.00
0	0	0.00	0.00	1.58	1.69	0.00
0	4	0.00	0.02	0.10	0.99	0.00
1	1	0.00	0.00	0.46	1.38	0.00
1	5	0.00	0.00	0.67	1.40	0.00
2	2	0.00	0.00	0.24	1.09	0.00
2	6	0.00	0.00	0.22	1.29	0.00
3	3	0.00	0.00	0.29	0.90	0.00
3	7	0.00	0.00	0.48	1.61	0.00
Core	CPU	C1%	C3%	C6%	C8%	C9%
-	-	0.01	0.04	0.59	4.34	0.00
0	0	0.00	0.06	0.46	0.50	0.00
0	4	0.00	0.00	0.36	0.81	0.00
1	1	0.00	0.00	0.46	0.71	0.00
1	5	0.00	0.00	0.68	1.41	0.00
2	2	0.00	0.00	0.37	0.92	0.00
2	6	0.00	0.00	0.44	0.71	0.00
3	3	0.00	0.00	0.59	1.11	0.00
3	7	0.09	0.23	1.38	28.52	0.00
Core	CPU	C1%	C3%	C6%	C8%	C9%
-	-	0.00	0.34	0.85	1.21	0.00
0	0	0.00	0.02	1.57	1.60	0.00
0	4	0.00	0.00	0.26	1.38	0.00
1	1	0.00	0.00	1.05	0.59	0.00
1	5	0.00	0.01	1.08	0.59	0.00
2	2	0.00	0.00	0.38	1.87	0.00
2	6	0.00	0.00	0.85	1.87	0.00
3	3	0.00	2.67	0.13	0.00	0.00
3	7	0.00	0.00	1.48	1.76	0.00
Core	CPU	C1%	C3%	C6%	C8%	C9%
-	-	0.00	0.00	0.31	0.84	0.00
0	0	0.00	0.02	0.45	0.49	0.00
0	4	0.00	0.00	0.13	0.40	0.00
1	1	0.00	0.00	0.10	0.99	0.00
1	5	0.00	0.00	0.38	0.99	0.00
2	2	0.00	0.00	0.45	0.79	0.00
2	6	0.00	0.00	0.31	0.89	0.00
3	3	0.00	0.00	0.39	1.28	0.00
3	7	0.00	0.00	0.28	0.90	0.00
Core	CPU	C1%	C3%	C6%	C8%	C9%
-	-	0.00	0.00	0.39	0.95	0.00
0	0	0.00	0.03	0.69	0.40	0.00
0	4	0.00	0.00	0.10	0.79	0.00
1	1	0.00	0.00	0.89	1.90	0.00
1	5	0.00	0.00	0.34	0.79	0.00
2	2	0.00	0.00	0.31	0.80	0.00
2	6	0.00	0.00	0.18	1.10	0.00
3	3	0.00	0.00	0.27	0.89	0.00
3	7	0.00	0.00	0.33	0.93	0.00
Core	CPU	C1%	C3%	C6%	C8%	C9%
-	-	0.00	0.00	0.72	0.69	0.00
0	0	0.00	0.01	1.09	0.48	0.00
0	4	0.00	0.00	0.36	0.79	0.00
1	1	0.00	0.00	1.02	0.78	0.00
1	5	0.00	0.01	0.99	0.79	0.00
2	2	0.00	0.00	0.29	0.89	0.00
2	6	0.00	0.00	0.44	0.79	0.00
3	3	0.00	0.00	0.83	0.79	0.00
3	7	0.00	0.01	0.77	0.18	0.00
Core	CPU	C1%	C3%	C6%	C8%	C9%
-	-	0.00	0.00	0.53	1.13	0.00
0	0	0.00	0.03	1.48	2.09	0.00
0	4	0.00	0.00	0.12	0.59	0.00
1	1	0.00	0.00	0.69	0.79	0.00
1	5	0.00	0.00	0.39	1.08	0.00
2	2	0.00	0.00	0.45	0.89	0.00
2	6	0.00	0.00	0.24	0.99	0.00
3	3	0.00	0.00	0.39	0.99	0.00
3	7	0.00	0.00	0.47	1.59	0.00
Core	CPU	C1%	C3%	C6%	C8%	C9%
-	-	0.00	0.00	0.37	0.86	0.00
0	0	0.00	0.00	0.50	0.61	0.00
0	4	0.00	0.00	0.36	0.91	0.00
1	1	0.00	0.00	0.44	0.81	0.00
1	5	0.00	0.00	0.23	0.90	0.00
2	2	0.00	0.01	0.28	0.81	0.00
2	6	0.00	0.00	0.35	1.00	0.00
3	3	0.00	0.00	0.44	0.91	0.00
3	7	0.00	0.00	0.32	0.95	0.00
Core	CPU	C1%	C3%	C6%	C8%	C9%
-	-	0.00	0.24	0.75	1.06	0.00
0	0	0.00	0.01	0.68	1.57	0.00
0	4	0.00	0.00	0.95	1.28	0.00
1	1	0.00	0.00	1.52	0.79	0.00
1	5	0.00	0.02	1.09	0.69	0.00
2	2	0.00	0.00	0.29	1.48	0.00
2	6	0.00	0.00	1.15	1.18	0.00
3	3	0.01	1.88	0.13	0.00	0.00
3	7	0.00	0.00	0.20	1.47	0.00
Core	CPU	C1%	C3%	C6%	C8%	C9%
-	-	0.00	0.01	0.36	0.77	0.00
0	0	0.00	0.03	0.45	0.57	0.00
0	4	0.00	0.02	0.20	0.40	0.00
1	1	0.00	0.00	0.38	0.90	0.00
1	5	0.00	0.00	0.36	0.80	0.00
2	2	0.00	0.00	0.24	0.99	0.00
2	6	0.00	0.00	0.40	0.99	0.00
3	3	0.00	0.00	0.39	0.70	0.00
3	7	0.00	0.00	0.46	0.82	0.00
Core	CPU	C1%	C3%	C6%	C8%	C9%
-	-	0.00	0.01	0.57	1.17	0.00
0	0	0.00	0.02	1.63	1.78	0.00
0	4	0.00	0.00	0.28	1.00	0.00
1	1	0.00	0.00	0.36	0.99	0.00
1	5	0.00	0.00	0.34	0.79	0.00
2	2	0.00	0.04	0.71	1.59	0.00
2	6	0.00	0.00	0.20	1.09	0.00
3	3	0.00	0.00	0.34	0.89	0.00
3	7	0.00	0.00	0.71	1.23	0.00
Core	CPU	C1%	C3%	C6%	C8%	C9%
-	-	0.00	0.00	0.40	0.82	0.00
0	0	0.00	0.01	0.77	0.41	0.00
0	4	0.00	0.00	0.15	0.59	0.00
1	1	0.00	0.00	0.40	0.51	0.00
1	5	0.00	0.00	0.22	0.90	0.00
2	2	0.00	0.00	0.27	1.29	0.00
2	6	0.00	0.00	0.43	0.79	0.00
3	3	0.00	0.00	0.41	1.30	0.00
3	7	0.00	0.00	0.53	0.78	0.00
Core	CPU	C1%	C3%	C6%	C8%	C9%
-	-	0.00	0.00	0.32	0.80	0.00
0	0	0.00	0.01	0.46	0.59	0.00
0	4	0.00	0.00	0.21	0.30	0.00
1	1	0.00	0.00	0.18	1.00	0.00
1	5	0.00	0.00	0.35	0.80	0.00
2	2	0.00	0.00	0.23	0.90	0.00
2	6	0.00	0.00	0.53	1.00	0.00
3	3	0.00	0.00	0.18	1.10	0.00
3	7	0.00	0.00	0.44	0.73	0.00
Core	CPU	C1%	C3%	C6%	C8%	C9%
-	-	0.00	0.00	0.37	0.91	0.00
0	0	0.00	0.01	0.71	0.38	0.00
0	4	0.00	0.00	0.27	0.90	0.00
1	1	0.00	0.00	0.52	1.20	0.00
1	5	0.00	0.00	0.22	1.09	0.00
2	2	0.00	0.00	0.27	1.40	0.00
2	6	0.00	0.00	0.26	0.99	0.00
3	3	0.00	0.00	0.36	0.70	0.00
3	7	0.00	0.00	0.35	0.59	0.00
Core	CPU	C1%	C3%	C6%	C8%	C9%
-	-	0.00	0.30	0.70	1.37	0.00
0	0	0.00	0.01	2.02	1.38	0.00
0	4	0.00	0.00	0.25	1.18	0.00
1	1	0.00	0.00	0.49	0.99	0.00
1	5	0.00	0.00	0.39	1.77	0.00
2	2	0.00	0.00	0.65	1.77	0.00
2	6	0.00	0.00	0.34	1.77	0.00
3	3	0.00	2.38	0.11	0.01	0.00
3	7	0.00	0.00	1.34	2.10	0.00
Core	CPU	C1%	C3%	C6%	C8%	C9%
-	-	0.00	0.00	0.45	0.79	0.00
0	0	0.00	0.01	0.50	0.60	0.00
0	4	0.00	0.00	0.19	0.99	0.00
1	1	0.00	0.00	0.45	0.79	0.00
1	5	0.00	0.00	0.42	0.99	0.00
2	2	0.00	0.00	0.59	0.60	0.00
2	6	0.00	0.00	0.27	0.89	0.00
3	3	0.00	0.00	0.85	0.78	0.00
3	7	0.00	0.00	0.29	0.65	0.00
Core	CPU	C1%	C3%	C6%	C8%	C9%
-	-	0.00	0.00	0.47	0.68	0.00
0	0	0.00	0.01	0.87	0.40	0.00
0	4	0.00	0.00	0.45	0.50	0.00
1	1	0.00	0.00	0.63	0.30	0.00
1	5	0.00	0.00	0.69	0.39	0.00
2	2	0.00	0.00	0.28	1.09	0.00
2	6	0.00	0.00	0.36	0.89	0.00
3	3	0.00	0.00	0.31	0.90	0.00
3	7	0.00	0.00	0.19	0.98	0.00
Core	CPU	C1%	C3%	C6%	C8%	C9%
-	-	0.00	0.00	0.42	1.00	0.00
0	0	0.00	0.04	0.70	0.91	0.00
0	4	0.00	0.00	0.30	1.30	0.00
1	1	0.00	0.00	0.18	1.29	0.00
1	5	0.00	0.00	0.35	0.81	0.00
2	2	0.00	0.00	0.52	0.91	0.00
2	6	0.00	0.00	0.57	1.02	0.00
3	3	0.00	0.00	0.37	0.92	0.00
3	7	0.00	0.00	0.36	0.82	0.00
Core	CPU	C1%	C3%	C6%	C8%	C9%
-	-	0.00	0.01	0.43	1.23	0.00
0	0	0.00	0.06	0.82	0.92	0.00
0	4	0.00	0.00	0.38	1.29	0.00
1	1	0.00	0.00	0.54	1.39	0.00
1	5	0.00	0.00	0.33	1.30	0.00
2	2	0.00	0.00	0.39	1.40	0.00
2	6	0.00	0.00	0.28	1.39	0.00
3	3	0.00	0.00	0.36	1.20	0.00
3	7	0.00	0.00	0.35	0.95	0.00
Core	CPU	C1%	C3%	C6%	C8%	C9%
-	-	0.00	0.00	0.58	0.73	0.00
0	0	0.00	0.00	0.29	0.70	0.00
0	4	0.00	0.00	0.35	0.59	0.00
1	1	0.00	0.00	0.82	0.79	0.00
1	5	0.00	0.01	0.78	0.59	0.00
2	2	0.00	0.00	0.19	0.99	0.00
2	6	0.00	0.00	0.53	0.90	0.00
3	3	0.00	0.00	0.91	0.40	0.00
3	7	0.00	0.01	0.79	0.86	0.00
Core	CPU	C1%	C3%	C6%	C8%	C9%
-	-	0.00	0.26	0.36	1.47	0.00
0	0	0.00	0.01	0.75	1.28	0.00
0	4	0.00	0.00	0.23	1.18	0.00
1	1	0.00	0.00	0.20	1.19	0.00
1	5	0.00	0.00	0.47	1.98	0.00
2	2	0.00	0.00	0.36	2.07	0.00
2	6	0.00	0.00	0.34	1.97	0.00
3	3	0.01	2.09	0.10	0.15	0.00
3	7	0.00	0.00	0.46	1.90	0.00
Core	CPU	C1%	C3%	C6%	C8%	C9%
-	-	0.00	0.01	0.41	0.83	0.00
0	0	0.00	0.01	0.53	0.40	0.00
0	4	0.00	0.00	0.28	0.89	0.00
1	1	0.00	0.00	0.45	0.93	0.00
1	5	0.00	0.00	0.34	0.79	0.00
2	2	0.00	0.01	0.39	0.70	0.00
2	6	0.00	0.00	0.27	0.99	0.00
3	3	0.00	0.00	0.66	0.40	0.00
3	7	0.00	0.02	0.32	1.52	0.00
Core	CPU	C1%	C3%	C6%	C8%	C9%
-	-	0.00	0.00	0.62	0.94	0.00
0	0	0.00	0.02	1.37	1.29	0.00
0	4	0.00	0.00	0.41	1.09	0.00
1	1	0.00	0.00	0.92	0.50	0.00
1	5	0.00	0.01	0.89	0.59	0.00
2	2	0.00	0.00	0.38	1.18	0.00
2	6	0.00	0.00	0.36	0.89	0.00
3	3	0.00	0.00	0.23	0.90	0.00
3	7	0.00	0.00	0.41	1.09	0.00
Core	CPU	C1%	C3%	C6%	C8%	C9%
-	-	0.00	0.00	0.33	0.86	0.00
0	0	0.00	0.04	0.42	0.60	0.00
0	4	0.00	0.00	0.30	0.90	0.00
1	1	0.00	0.00	0.27	0.99	0.00
1	5	0.00	0.00	0.27	1.00	0.00
2	2	0.00	0.00	0.53	0.80	0.00
2	6	0.00	0.00	0.30	0.90	0.00
3	3	0.00	0.00	0.18	0.91	0.00
3	7	0.00	0.00	0.41	0.80	0.00
Core	CPU	C1%	C3%	C6%	C8%	C9%
-	-	0.00	0.02	0.65	4.20	0.00
0	0	0.00	0.03	0.31	0.59	0.00
0	4	0.00	0.00	0.69	0.59	0.00
1	1	0.00	0.00	0.31	0.89	0.00
1	5	0.00	0.00	0.45	0.89	0.00
2	2	0.00	0.00	0.62	0.49	0.00
2	6	0.00	0.00	0.65	1.08	0.00
3	3	0.00	0.00	0.48	0.79	0.00
3	7	0.02	0.15	1.71	28.26	0.00
Core	CPU	C1%	C3%	C6%	C8%	C9%
-	-	0.00	0.00	0.55	0.95	0.00
0	0	0.00	0.00	1.35	1.29	0.00
0	4	0.00	0.00	0.37	1.08	0.00
1	1	0.00	0.00	0.33	1.19	0.00
1	5	0.00	0.00	0.31	1.29	0.00
2	2	0.00	0.00	0.20	1.08	0.00
2	6	0.00	0.00	0.76	0.79	0.00
3	3	0.00	0.00	0.35	0.70	0.00
3	7	0.00	0.03	0.75	0.17	0.00
Core	CPU	C1%	C3%	C6%	C8%	C9%
-	-	0.00	0.33	0.65	1.65	0.00
0	0	0.00	0.05	1.62	3.95	0.00
0	4	0.00	0.00	0.33	1.18	0.00
1	1	0.00	0.02	0.64	1.18	0.00
1	5	0.00	0.00	0.20	1.08	0.00
2	2	0.00	0.00	0.83	1.87	0.00
2	6	0.00	0.00	0.55	1.67	0.00
3	3	0.00	2.57	0.13	0.00	0.00
3	7	0.00	0.00	0.88	2.27	0.00
Core	CPU	C1%	C3%	C6%	C8%	C9%
-	-	0.00	0.00	0.65	0.68	0.00
0	0	0.00	0.02	0.54	0.49	0.00
0	4	0.00	0.00	0.10	0.40	0.00
1	1	0.00	0.00	0.28	0.99	0.00
1	5	0.00	0.00	0.36	0.79	0.00
2	2	0.00	0.00	1.02	0.39	0.00
2	6	0.00	0.02	1.85	0.78	0.00
3	3	0.00	0.00	0.67	0.79	0.00
3	7	0.00	0.00	0.36	0.82	0.00
Core	CPU	C1%	C3%	C6%	C8%	C9%
-	-	0.00	0.01	0.37	0.92	0.00
0	0	0.00	0.04	0.54	0.71	0.00
0	4	0.00	0.00	0.41	1.39	0.00
1	1	0.00	0.00	0.44	0.80	0.00
1	5	0.00	0.00	0.31	1.00	0.00
2	2	0.00	0.00	0.18	0.91	0.00
2	6	0.00	0.00	0.37	1.00	0.00
3	3	0.00	0.00	0.42	0.70	0.00
3	7	0.00	0.00	0.30	0.85	0.00
Core	CPU	C1%	C3%	C6%	C8%	C9%
-	-	0.00	0.00	0.39	0.93	0.00
0	0	0.00	0.00	0.65	0.99	0.00
0	4	0.00	0.00	0.32	0.41	0.00
1	1	0.00	0.02	0.36	1.01	0.00
1	5	0.00	0.00	0.18	0.99	0.00
2	2	0.00	0.00	0.45	1.30	0.00
2	6	0.00	0.00	0.51	0.71	0.00
3	3	0.00	0.00	0.39	1.11	0.00
3	7	0.00	0.00	0.27	0.91	0.00
Core	CPU	C1%	C3%	C6%	C8%	C9%
-	-	0.00	0.01	0.54	0.71	0.00
0	0	0.00	0.03	0.56	0.91	0.00
0	4	0.00	0.02	0.38	0.20	0.00
1	1	0.00	0.00	0.59	0.68	0.00
1	5	0.00	0.01	0.27	0.59	0.00
2	2	0.00	0.00	0.93	0.79	0.00
2	6	0.00	0.04	0.79	0.59	0.00
3	3	0.00	0.00	0.29	0.88	0.00
3	7	0.00	0.00	0.53	1.04	0.00
Core	CPU	C1%	C3%	C6%	C8%	C9%
-	-	0.00	0.00	0.57	0.77	0.00
0	0	0.00	0.01	0.38	0.59	0.00
0	4	0.00	0.00	0.64	0.01	0.00
1	1	0.00	0.00	0.52	0.40	0.00
1	5	0.00	0.00	0.79	0.79	0.00
2	2	0.00	0.00	0.27	0.89	0.00
2	6	0.00	0.00	1.50	1.38	0.00
3	3	0.00	0.00	0.22	0.99	0.00
3	7	0.00	0.00	0.19	1.09	0.00
Core	CPU	C1%	C3%	C6%	C8%	C9%
-	-	0.00	0.32	0.41	1.44	0.00
0	0	0.00	0.02	0.52	1.29	0.00
0	4	0.00	0.00	0.28	1.38	0.00
1	1	0.00	0.00	0.48	1.77	0.00
1	5	0.00	0.00	0.65	1.58	0.00
2	2	0.00	0.00	0.52	1.68	0.00
2	6	0.00	0.00	0.39	1.87	0.00
3	3	0.00	2.57	0.13	0.00	0.00
3	7	0.00	0.00	0.33	1.94	0.00
Core	CPU	C1%	C3%	C6%	C8%	C9%
-	-	0.00	0.00	0.51	0.79	0.00
0	0	0.00	0.01	0.68	0.69	0.00
0	4	0.00	0.00	0.16	0.40	0.00
1	1	0.00	0.00	0.32	0.79	0.00
1	5	0.00	0.00	0.18	0.70	0.00
2	2	0.00	0.00	0.69	1.79	0.00
2	6	0.00	0.00	0.44	0.88	0.00
3	3	0.00	0.00	0.92	0.21	0.00
3	7	0.00	0.00	0.69	0.86	0.00
Core	CPU	C1%	C3%	C6%	C8%	C9%
-	-	0.00	0.01	0.37	0.90	0.00
0	0	0.00	0.04	0.87	0.90	0.00
0	4	0.00	0.00	0.29	0.40	0.00
1	1	0.00	0.00	0.19	0.90	0.00
1	5	0.00	0.00	0.28	0.89	0.00
2	2	0.00	0.00	0.25	1.09	0.00
2	6	0.00	0.00	0.33	1.09	0.00
3	3	0.00	0.01	0.29	0.80	0.00
3	7	0.00	0.00	0.50	1.10	0.00
Core	CPU	C1%	C3%	C6%	C8%	C9%
-	-	0.00	0.01	0.45	0.95	0.00
0	0	0.00	0.06	0.85	0.00	0.00
0	4	0.00	0.00	0.19	0.98	0.00
1	1	0.00	0.00	0.36	1.18	0.00
1	5	0.00	0.00	0.24	1.08	0.00
2	2	0.00	0.02	0.53	0.85	0.00
2	6	0.00	0.00	0.46	1.39	0.00
3	3	0.00	0.00	0.27	0.79	0.00
3	7	0.00	0.00	0.67	1.31	0.00
Core	CPU	C1%	C3%	C6%	C8%	C9%
-	-	0.00	0.01	0.37	0.95	0.00
0	0	0.00	0.02	0.98	0.89	0.00
0	4	0.00	0.00	0.36	1.09	0.00
1	1	0.00	0.00	0.28	0.99	0.00
1	5	0.00	0.00	0.23	1.09	0.00
2	2	0.00	0.00	0.19	0.89	0.00
2	6	0.00	0.00	0.38	0.99	0.00
3	3	0.00	0.00	0.35	0.79	0.00
3	7	0.00	0.04	0.17	0.86	0.00
Core	CPU	C1%	C3%	C6%	C8%	C9%
-	-	0.00	0.00	0.48	0.80	0.00
0	0	0.00	0.02	0.86	0.49	0.00
0	4	0.00	0.00	0.14	0.40	0.00
1	1	0.00	0.01	0.40	0.69	0.00
1	5	0.00	0.00	0.37	1.39	0.00
2	2	0.00	0.00	0.46	0.89	0.00
2	6	0.00	0.00	0.23	0.99	0.00
3	3	0.00	0.00	0.61	0.69	0.00
3	7	0.00	0.00	0.78	0.89	0.00
Core	CPU	C1%	C3%	C6%	C8%	C9%
-	-	0.00	0.33	0.56	1.65	0.00
0	0	0.00	0.00	0.92	1.68	0.00
0	4	0.00	0.00	0.20	1.38	0.00
1	1	0.00	0.00	0.85	1.87	0.00
1	5	0.00	0.00	0.83	1.77	0.00
2	2	0.00	0.00	0.82	2.17	0.00
2	6	0.00	0.00	0.30	2.07	0.00
3	3	0.00	2.66	0.13	0.00	0.00
3	7	0.00	0.00	0.43	2.23	0.00
Core	CPU	C1%	C3%	C6%	C8%	C9%
-	-	0.00	0.00	0.79	0.73	0.00
0	0	0.00	0.01	0.80	0.80	0.00
0	4	0.00	0.00	0.45	0.40	0.00
1	1	0.00	0.00	0.72	0.39	0.00
1	5	0.00	0.00	0.79	0.60	0.00
2	2	0.00	0.00	0.46	1.09	0.00
2	6	0.00	0.00	1.41	1.58	0.00
3	3	0.00	0.00	0.92	0.50	0.00
3	7	0.00	0.00	0.79	0.46	0.00
Core	CPU	C1%	C3%	C6%	C8%	C9%
-	-	0.00	0.00	0.39	0.81	0.00
0	0	0.00	0.02	0.54	0.50	0.00
0	4	0.00	0.00	0.31	0.40	0.00
1	1	0.00	0.00	0.38	1.09	0.00
1	5	0.00	0.00	0.28	0.99	0.00
2	2	0.00	0.00	0.54	1.00	0.00
2	6	0.00	0.00	0.33	0.80	0.00
3	3	0.00	0.01	0.36	0.80	0.00
3	7	0.00	0.00	0.37	0.92	0.00
Core	CPU	C1%	C3%	C6%	C8%	C9%
-	-	0.00	0.00	0.67	0.87	0.00
0	0	0.00	0.02	0.99	0.30	0.00
0	4	0.00	0.00	0.28	0.89	0.00
1	1	0.00	0.00	0.35	0.88	0.00
1	5	0.00	0.00	1.51	1.59	0.00
2	2	0.00	0.00	0.29	0.89	0.00
2	6	0.00	0.00	0.75	0.59	0.00
3	3	0.00	0.00	0.86	0.90	0.00
3	7	0.00	0.00	0.31	0.94	0.00
Core	CPU	C1%	C3%	C6%	C8%	C9%
-	-	0.00	0.01	0.47	1.03	0.00
0	0	0.00	0.03	1.30	1.30	0.00
0	4	0.00	0.00	0.17	0.60	0.00
1	1	0.00	0.02	0.46	1.67	0.00
1	5	0.00	0.00	0.68	0.69	0.00
2	2	0.00	0.00	0.28	0.99	0.00
2	6	0.00	0.03	0.45	0.71	0.00
3	3	0.00	0.00	0.22	0.90	0.00
3	7	0.00	0.00	0.19	1.38	0.00
Core	CPU	C1%	C3%	C6%	C8%	C9%
-	-	0.00	0.00	0.67	0.67	0.00
0	0	0.00	0.01	0.93	0.10	0.00
0	4	0.00	0.00	0.60	0.10	0.00
1	1	0.00	0.00	0.28	1.09	0.00
1	5	0.00	0.00	0.54	0.89	0.00
2	2	0.00	0.00	1.12	0.40	0.00
2	6	0.00	0.02	1.15	0.40	0.00
3	3	0.00	0.00	0.47	1.39	0.00
3	7	0.00	0.00	0.26	1.01	0.00
Core	CPU	C1%	C3%	C6%	C8%	C9%
-	-	0.00	0.33	0.46	1.58	0.00
0	0	0.00	0.05	0.46	1.39	0.00
0	4	0.00	0.00	0.38	1.87	0.00
1	1	0.00	0.00	0.45	1.87	0.00
1	5	0.00	0.00	0.33	2.07	0.00
2	2	0.00	0.00	0.98	1.68	0.00
2	6	0.00	0.00	0.67	1.77	0.00
3	3	0.00	2.57	0.13	0.00	0.00
3	7	0.00	0.02	0.29	1.96	0.00
Core	CPU	C1%	C3%	C6%	C8%	C9%
-	-	0.00	0.00	0.61	1.04	0.00
0	0	0.00	0.01	1.35	1.26	0.00
0	4	0.00	0.00	0.24	0.39	0.00
1	1	0.00	0.01	0.78	0.40	0.00
1	5	0.00	0.00	0.46	1.20	0.00
2	2	0.00	0.00	0.64	1.00	0.00
2	6	0.00	0.00	0.24	0.98	0.00
3	3	0.00	0.02	0.81	1.48	0.00
3	7	0.00	0.00	0.38	1.58	0.00
Core	CPU	C1%	C3%	C6%	C8%	C9%
-	-	0.00	0.04	0.72	4.13	0.00
0	0	0.00	0.06	1.08	0.58	0.00
0	4	0.00	0.00	0.10	0.50	0.00
1	1	0.00	0.00	0.30	0.89	0.00
1	5	0.00	0.02	0.46	0.89	0.00
2	2	0.00	0.00	0.82	0.40	0.00
2	6	0.00	0.01	0.79	0.40	0.00
3	3	0.00	0.00	0.39	0.98	0.00
3	7	0.02	0.26	1.81	28.36	0.00
Core	CPU	C1%	C3%	C6%	C8%	C9%
-	-	0.00	0.00	0.52	1.07	0.00
0	0	0.00	0.02	1.00	0.49	0.00
0	4	0.00	0.00	0.27	0.69	0.00
1	1	0.00	0.00	0.25	1.08	0.00
1	5	0.00	0.00	0.50	1.99	0.00
2	2	0.00	0.00	0.38	0.71	0.00
2	6	0.00	0.00	0.27	0.89	0.00
3	3	0.00	0.00	0.44	1.89	0.00
3	7	0.00	0.02	1.01	0.86	0.00
Core	CPU	C1%	C3%	C6%	C8%	C9%
-	-	0.00	0.00	0.42	0.74	0.00
0	0	0.00	0.02	0.66	0.77	0.00
0	4	0.00	0.00	0.45	0.49	0.00
1	1	0.00	0.00	0.52	0.29	0.00
1	5	0.00	0.00	0.00	0.59	0.00
2	2	0.00	0.00	0.38	0.89	0.00
2	6	0.00	0.00	0.45	1.19	0.00
3	3	0.00	0.00	0.43	0.89	0.00
3	7	0.00	0.00	0.49	0.78	0.00
Core	CPU	C1%	C3%	C6%	C8%	C9%
-	-	0.00	0.01	0.57	0.69	0.00
0	0	0.00	0.00	1.12	0.00	0.00
0	4	0.00	0.01	0.50	0.00	0.00
1	1	0.00	0.00	0.47	0.89	0.00
1	5	0.00	0.00	0.45	0.99	0.00
2	2	0.00	0.00	0.63	0.98	0.00
2	6	0.00	0.02	0.27	1.08	0.00
3	3	0.00	0.00	0.79	0.79	0.00
3	7	0.00	0.00	0.36	0.81	0.00
Core	CPU	C1%	C3%	C6%	C8%	C9%
-	-	0.00	0.33	0.63	1.88	0.00
0	0	0.00	0.00	1.06	2.38	0.00
0	4	0.00	0.02	0.97	1.68	0.00
1	1	0.00	0.00	0.54	2.36	0.00
1	5	0.00	0.00	0.34	2.07	0.00
2	2	0.00	0.00	0.77	1.88	0.00
2	6	0.00	0.00	0.98	1.97	0.00
3	3	0.00	2.57	0.13	0.00	0.00
3	7	0.00	0.02	0.29	2.74	0.00
Core	CPU	C1%	C3%	C6%	C8%	C9%
-	-	0.00	0.01	0.46	0.66	0.00
0	0	0.00	0.02	0.87	0.18	0.00
0	4	0.00	0.00	0.24	0.30	0.00
1	1	0.00	0.01	0.39	0.78	0.00
1	5	0.00	0.00	0.37	0.99	0.00
2	2	0.00	0.00	0.46	0.70	0.00
2	6	0.00	0.00	0.51	0.90	0.00
3	3	0.00	0.02	0.59	0.50	0.00
3	7	0.00	0.00	0.28	0.90	0.00
Core	CPU	C1%	C3%	C6%	C8%	C9%
-	-	0.00	0.01	0.55	0.73	0.00
0	0	0.00	0.05	1.20	0.21	0.00
0	4	0.00	0.00	0.10	0.50	0.00
1	1	0.00	0.00	0.28	0.99	0.00
1	5	0.00	0.00	0.35	1.07	0.00
2	2	0.00	0.00	0.63	0.49	0.00
2	6	0.00	0.00	0.98	0.79	0.00
3	3	0.00	0.00	0.36	1.08	0.00
3	7	0.00	0.00	0.48	0.73	0.00
Core	CPU	C1%	C3%	C6%	C8%	C9%
-	-	0.00	0.00	0.59	0.82	0.00
0	0	0.00	0.02	0.58	1.28	0.00
0	4	0.00	0.00	0.36	0.78	0.00
1	1	0.00	0.00	0.82	0.60	0.00
1	5	0.00	0.00	0.69	1.08	0.00
2	2	0.00	0.00	0.19	1.09	0.00
2	6	0.00	0.00	0.54	0.89	0.00
3	3	0.00	0.00	0.83	0.78	0.00
3	7	0.00	0.02	0.69	0.08	0.00
Core	CPU	C1%	C3%	C6%	C8%	C9%
-	-	0.00	0.02	0.63	0.85	0.00
0	0	0.00	0.00	1.43	1.10	0.00
0	4	0.00	0.00	0.14	0.40	0.00
1	1	0.00	0.01	0.99	0.89	0.00
1	5	0.00	0.00	0.30	1.17	0.00
2	2	0.00	0.00	0.36	0.89	0.00
2	6	0.00	0.00	0.84	0.79	0.00
3	3	0.00	0.12	0.39	0.59	0.00
3	7	0.00	0.00	0.56	1.00	0.00
Core	CPU	C1%	C3%	C6%	C8%	C9%
-	-	0.00	0.01	0.41	0.97	0.00
0	0	0.00	0.06	0.66	0.81	0.00
0	4	0.00	0.00	0.27	1.10	0.00
1	1	0.00	0.00	0.53	1.11	0.00
1	5	0.00	0.00	0.32	0.90	0.00
2	2	0.00	0.02	0.53	1.21	0.00
2	6	0.00	0.00	0.26	0.90	0.00
3	3	0.00	0.00	0.36	0.81	0.00
3	7	0.00	0.00	0.33	0.95	0.00
Core	CPU	C1%	C3%	C6%	C8%	C9%
-	-	0.01	0.24	0.68	1.46	0.00
0	0	0.00	0.00	0.67	2.26	0.00
0	4	0.00	0.00	1.06	1.38	0.00
1	1	0.00	0.00	0.34	1.48	0.00
1	5	0.07	0.02	1.10	1.67	0.00
2	2	0.00	0.00	0.69	1.48	0.00
2	6	0.01	0.00	1.06	1.18	0.00
3	3	0.00	1.88	0.13	0.00	0.00
3	7	0.00	0.00	0.39	2.23	0.00
Core	CPU	C1%	C3%	C6%	C8%	C9%
-	-	0.00	0.01	0.64	0.68	0.00
0	0	0.00	0.01	0.85	0.99	0.00
0	4	0.00	0.00	0.24	0.99	0.00
1	1	0.00	0.02	0.38	0.50	0.00
1	5	0.00	0.00	0.78	0.40	0.00
2	2	0.00	0.00	0.28	0.89	0.00
2	6	0.00	0.00	0.84	0.50	0.00
3	3	0.00	0.00	0.93	0.79	0.00
3	7	0.00	0.02	0.79	0.37	0.00
Core	CPU	C1%	C3%	C6%	C8%	C9%
-	-	0.00	0.00	0.49	0.82	0.00
0	0	0.00	0.01	1.13	0.97	0.00
0	4	0.00	0.00	0.14	0.40	0.00
1	1	0.00	0.00	0.27	0.60	0.00
1	5	0.00	0.00	0.57	0.99	0.00
2	2	0.00	0.00	0.36	0.89	0.00
2	6	0.00	0.00	0.83	0.79	0.00
3	3	0.00	0.02	0.29	0.70	0.00
3	7	0.00	0.00	0.36	1.21	0.00
Core	CPU	C1%	C3%	C6%	C8%	C9%
-	-	0.00	0.01	0.36	0.83	0.00
0	0	0.00	0.03	0.80	0.20	0.00
0	4	0.00	0.00	0.19	0.99	0.00
1	1	0.00	0.00	0.36	0.79	0.00
1	5	0.00	0.00	0.24	0.99	0.00
2	2	0.00	0.01	0.29	0.80	0.00
2	6	0.00	0.00	0.28	1.08	0.00
3	3	0.00	0.00	0.27	0.79	0.00
3	7	0.00	0.01	0.46	1.03	0.00
Core	CPU	C1%	C3%	C6%	C8%	C9%
-	-	0.00	0.01	0.40	0.86	0.00
0	0	0.00	0.02	0.59	0.99	0.00
0	4	0.00	0.00	0.37	0.89	0.00
1	1	0.00	0.00	0.23	1.18	0.00
1	5	0.00	0.00	0.51	0.98	0.00
2	2	0.00	0.00	0.29	1.09	0.00
2	6	0.00	0.00	0.28	0.79	0.00
3	3	0.00	0.00	0.24	0.90	0.00
3	7	0.00	0.03	0.66	0.08	0.00
Core	CPU	C1%	C3%	C6%	C8%	C9%
-	-	0.00	0.00	0.39	0.94	0.00
0	0	0.00	0.03	1.06	0.00	0.00
0	4	0.00	0.00	0.13	0.40	0.00
1	1	0.00	0.00	0.20	0.79	0.00
1	5	0.00	0.00	0.39	1.18	0.00
2	2	0.00	0.00	0.44	1.29	0.00
2	6	0.00	0.00	0.31	1.38	0.00
3	3	0.00	0.00	0.20	1.29	0.00
3	7	0.00	0.00	0.38	1.19	0.00
Core	CPU	C1%	C3%	C6%	C8%	C9%
-	-	0.00	0.32	0.55	1.41	0.00
0	0	0.00	0.04	0.91	1.39	0.00
0	4	0.00	0.00	0.20	1.48	0.00
1	1	0.00	0.00	0.57	1.77	0.00
1	5	0.00	0.00	0.55	1.67	0.00
2	2	0.00	0.00	0.82	1.28	0.00
2	6	0.00	0.00	0.79	1.38	0.00
3	3	0.00	2.55	0.13	0.00	0.00
3	7	0.00	0.00	0.41	2.33	0.00
Core	CPU	C1%	C3%	C6%	C8%	C9%
-	-	0.00	0.01	0.79	0.69	0.00
0	0	0.00	0.01	1.08	0.59	0.00
0	4	0.00	0.00	0.36	0.79	0.00
1	1	0.00	0.00	1.02	0.79	0.00
1	5	0.00	0.01	0.99	0.39	0.00
2	2	0.00	0.00	0.87	0.89	0.00
2	6	0.00	0.00	0.45	0.98	0.00
3	3	0.00	0.00	0.84	0.79	0.00
3	7	0.00	0.02	0.69	0.28	0.00
Core	CPU	C1%	C3%	C6%	C8%	C9%
-	-	0.00	0.00	0.40	0.66	0.00
0	0	0.00	0.00	1.02	0.40	0.00
0	4	0.00	0.00	0.14	0.40	0.00
1	1	0.00	0.00	0.20	0.40	0.00
1	5	0.00	0.00	0.28	0.90	0.00
2	2	0.00	0.00	0.36	0.79	0.00
2	6	0.00	0.00	0.33	1.09	0.00
3	3	0.00	0.01	0.39	0.60	0.00
3	7	0.00	0.00	0.46	0.72	0.00
Core	CPU	C1%	C3%	C6%	C8%	C9%
-	-	0.00	0.00	0.45	0.75	0.00
0	0	0.00	0.03	0.53	0.50	0.00
0	4	0.00	0.00	0.48	0.69	0.00
1	1	0.00	0.00	0.46	0.88	0.00
1	5	0.00	0.00	0.83	0.79	0.00
2	2	0.00	0.01	0.29	0.79	0.00
2	6	0.00	0.00	0.28	0.88	0.00
3	3	0.00	0.00	0.37	0.78	0.00
3	7	0.00	0.00	0.32	0.64	0.00
Core	CPU	C1%	C3%	C6%	C8%	C9%
-	-	0.00	0.00	0.50	0.98	0.00
0	0	0.00	0.00	1.02	1.41	0.00
0	4	0.00	0.00	0.36	0.89	0.00
1	1	0.00	0.00	0.67	0.20	0.00
1	5	0.00	0.00	0.69	0.39	0.00
2	2	0.00	0.00	0.30	1.29	0.00
2	6	0.00	0.02	0.46	1.29	0.00
3	3	0.00	0.00	0.23	1.10	0.00
3	7	0.00	0.00	0.28	1.28	0.00
Core	CPU	C1%	C3%	C6%	C8%	C9%
-	-	0.00	0.00	0.32	0.81	0.00
0	0	0.00	0.02	0.36	0.77	0.00
0	4	0.00	0.00	0.13	0.40	0.00
1	1	0.00	0.00	0.59	0.49	0.00
1	5	0.00	0.00	0.27	0.89	0.00
2	2	0.00	0.00	0.25	1.09	0.00
2	6	0.00	0.00	0.31	0.99	0.00
3	3	0.00	0.00	0.20	1.19	0.00
3	7	0.00	0.00	0.47	0.70	0.00
Core	CPU	C1%	C3%	C6%	C8%	C9%
-	-	0.00	0.33	0.74	1.54	0.00
0	0	0.00	0.02	1.10	0.88	0.00
0	4	0.00	0.00	0.49	1.77	0.00
1	1	0.00	0.00	0.84	1.77	0.00
1	5	0.00	0.00	1.13	1.57	0.00
2	2	0.00	0.02	0.98	1.68	0.00
2	6	0.00	0.00	0.79	1.97	0.00
3	3	0.00	2.57	0.13	0.00	0.00
3	7	0.00	0.02	0.49	2.71	0.00
Core	CPU	C1%	C3%	C6%	C8%	C9%
-	-	0.00	0.05	0.53	4.22	0.00
0	0	0.00	0.03	0.98	0.28	0.00
0	4	0.00	0.00	0.46	0.49	0.00
1	1	0.00	0.00	0.27	0.69	0.00
1	5	0.00	0.10	0.13	0.49	0.00
2	2	0.00	0.00	0.20	0.89	0.00
2	6	0.00	0.00	0.46	1.19	0.00
3	3	0.00	0.00	0.55	1.00	0.00
3	7	0.02	0.27	1.16	28.73	0.00
Core	CPU	C1%	C3%	C6%	C8%	C9%
-	-	0.00	0.00	0.61	1.06	0.00
0	0	0.00	0.00	1.33	1.39	0.00
0	4	0.00	0.00	0.84	0.50	0.00
1	1	0.00	0.00	0.50	0.89	0.00
1	5	0.00	0.00	0.29	1.19	0.00
2	2	0.00	0.00	0.28	0.89	0.00
2	6	0.00	0.00	0.36	0.99	0.00
3	3	0.00	0.00	0.41	1.49	0.00
3	7	0.00	0.00	0.88	1.18	0.00
Core	CPU	C1%	C3%	C6%	C8%	C9%
-	-	0.00	0.01	0.59	0.91	0.00
0	0	0.00	0.01	1.03	0.10	0.00
0	4	0.00	0.01	0.60	0.00	0.00
1	1	0.00	0.00	0.28	1.09	0.00
1	5	0.00	0.00	0.69	1.60	0.00
2	2	0.00	0.00	0.24	1.19	0.00
2	6	0.00	0.02	0.19	0.98	0.00
3	3	0.00	0.00	0.96	1.69	0.00
3	7	0.00	0.00	0.74	0.62	0.00
Core	CPU	C1%	C3%	C6%	C8%	C9%
-	-	0.00	0.00	0.59	0.70	0.00
0	0	0.00	0.00	0.69	0.20	0.00
0	4	0.00	0.00	0.95	0.50	0.00
1	1	0.00	0.00	0.45	1.08	0.00
1	5	0.00	0.00	0.23	0.98	0.00
2	2	0.00	0.00	0.52	0.32	0.00
2	6	0.00	0.00	1.16	0.88	0.00
3	3	0.00	0.02	0.53	1.10	0.00
3	7	0.00	0.00	0.22	0.56	0.00
Core	CPU	C1%	C3%	C6%	C8%	C9%
-	-	0.00	0.00	0.41	0.92	0.00
0	0	0.00	0.00	0.65	1.29	0.00
0	4	0.00	0.00	0.33	0.21	0.00
1	1	0.00	0.02	0.36	1.01	0.00
1	5	0.00	0.00	0.27	0.82	0.00
2	2	0.00	0.00	0.44	0.82	0.00
2	6	0.00	0.00	0.43	0.71	0.00
3	3	0.00	0.00	0.49	1.61	0.00
3	7	0.00	0.00	0.27	0.90	0.00
Core	CPU	C1%	C3%	C6%	C8%	C9%
-	-	0.00	0.27	0.49	1.72	0.00
0	0	0.00	0.02	1.07	1.50	0.00
0	4	0.00	0.02	0.26	1.77	0.00
1	1	0.00	0.00	0.79	2.07	0.00
1	5	0.00	0.00	0.47	1.77	0.00
2	2	0.00	0.00	0.35	1.97	0.00
2	6	0.00	0.00	0.33	2.07	0.00
3	3	0.00	2.09	0.20	0.32	0.00
3	7	0.00	0.00	0.45	2.30	0.00
Core	CPU	C1%	C3%	C6%	C8%	C9%
-	-	0.00	0.00	0.35	0.80	0.00
0	0	0.00	0.01	0.30	0.60	0.00
0	4	0.00	0.00	0.18	0.99	0.00
1	1	0.00	0.00	0.55	0.79	0.00
1	5	0.00	0.00	0.52	0.90	0.00
2	2	0.00	0.00	0.20	0.99	0.00
2	6	0.00	0.00	0.36	0.80	0.00
3	3	0.00	0.00	0.36	0.69	0.00
3	7	0.00	0.00	0.32	0.65	0.00
Core	CPU	C1%	C3%	C6%	C8%	C9%
-	-	0.00	0.01	0.46	0.96	0.00
0	0	0.00	0.05	0.63	0.71	0.00
0	4	0.00	0.00	0.44	0.60	0.00
1	1	0.00	0.00	0.28	0.91	0.00
1	5	0.00	0.00	0.27	1.00	0.00
2	2	0.00	0.00	0.45	1.21	0.00
2	6	0.00	0.00	0.62	0.91	0.00
3	3	0.00	0.00	0.56	1.11	0.00
3	7	0.00	0.00	0.47	1.20	0.00
Core	CPU	C1%	C3%	C6%	C8%	C9%
-	-	0.01	0.01	0.49	0.75	0.00
0	0	0.10	0.00	0.95	0.00	0.00
0	4	0.00	0.01	0.68	0.38	0.00
1	1	0.00	0.00	0.86	1.09	0.00
1	5	0.00	0.00	0.36	1.18	0.00
2	2	0.00	0.00	0.34	0.89	0.00
2	6	0.00	0.02	0.19	1.09	0.00
3	3	0.00	0.00	0.19	0.88	0.00
3	7	0.00	0.00	0.36	0.52	0.00
Core	CPU	C1%	C3%	C6%	C8%	C9%
-	-	0.00	0.00	0.44	0.81	0.00
0	0	0.00	0.00	0.98	0.69	0.00
0	4	0.00	0.02	0.48	0.69	0.00
1	1	0.00	0.00	0.45	0.79	0.00
1	5	0.00	0.00	0.24	0.89	0.00
2	2	0.00	0.00	0.19	0.90	0.00
2	6	0.00	0.00	0.37	0.98	0.00
3	3	0.00	0.00	0.36	0.79	0.00
3	7	0.00	0.00	0.42	0.75	0.00
Core	CPU	C1%	C3%	C6%	C8%	C9%
-	-	0.00	0.00	0.53	1.34	0.00
0	0	0.00	0.00	0.85	1.98	0.00
0	4	0.00	0.00	0.52	1.79	0.00
1	1	0.00	0.02	0.38	0.89	0.00
1	5	0.00	0.00	0.18	1.10	0.00
2	2	0.00	0.00	0.46	1.10	0.00
2	6	0.00	0.00	0.54	1.09	0.00
3	3	0.00	0.00	0.79	1.40	0.00
3	7	0.00	0.00	0.55	1.42	0.00
Core	CPU	C1%	C3%	C6%	C8%	C9%
-	-	0.00	0.29	0.86	1.11	0.00
0	0	0.00	0.05	1.40	0.67	0.00
0	4	0.00	0.02	1.09	0.69	0.00
1	1	0.00	0.00	0.38	1.87	0.00
1	5	0.00	0.00	0.56	1.57	0.00
2	2	0.00	0.00	1.12	1.28	0.00
2	6	0.00	0.01	1.17	1.18	0.00
3	3	0.00	2.28	0.13	0.00	0.00
3	7	0.00	0.00	1.06	1.58	0.00
Core	CPU	C1%	C3%	C6%	C8%	C9%
-	-	0.00	0.01	0.47	0.79	0.00
0	0	0.00	0.00	1.08	0.89	0.00
0	4	0.00	0.00	0.54	0.40	0.00
1	1	0.00	0.01	0.24	0.70	0.00
1	5	0.00	0.03	0.68	0.90	0.00
2	2	0.00	0.00	0.10	0.79	0.00
2	6	0.00	0.00	0.28	0.89	0.00
3	3	0.00	0.00	0.54	0.89	0.00
3	7	0.03	0.01	0.33	0.85	0.00
Core	CPU	C1%	C3%	C6%	C8%	C9%
-	-	0.00	0.01	0.56	0.92	0.00
0	0	0.00	0.05	0.94	1.30	0.00
0	4	0.00	0.00	0.63	0.99	0.00
1	1	0.00	0.02	0.50	0.00	0.00
1	5	0.00	0.00	0.10	0.50	0.00
2	2	0.00	0.00	0.37	1.19	0.00
2	6	0.00	0.00	0.45	1.19	0.00
3	3	0.00	0.00	0.41	1.30	0.00
3	7	0.00	0.00	1.06	0.89	0.00
Core	CPU	C1%	C3%	C6%	C8%	C9%
-	-	0.01	0.01	0.65	0.58	0.00
0	0	0.00	0.05	0.53	0.40	0.00
0	4	0.00	0.00	0.10	0.59	0.00
1	1	0.00	0.00	1.27	0.69	0.00
1	5	0.00	0.00	0.66	0.79	0.00
2	2	0.00	0.00	1.12	0.39	0.00
2	6	0.10	0.02	0.88	0.29	0.00
3	3	0.00	0.00	0.29	0.89	0.00
3	7	0.00	0.00	0.36	0.62	0.00
Core	CPU	C1%	C3%	C6%	C8%	C9%
-	-	0.00	0.00	0.39	0.78	0.00
0	0	0.00	0.02	0.46	0.88	0.00
0	4	0.00	0.00	0.28	0.89	0.00
1	1	0.00	0.00	0.45	0.69	0.00
1	5	0.00	0.00	0.24	1.08	0.00
2	2	0.00	0.00	0.19	0.99	0.00
2	6	0.00	0.00	0.65	0.69	0.00
3	3	0.00	0.00	0.26	0.49	0.00
3	7	0.00	0.00	0.57	0.49	0.00
Core	CPU	C1%	C3%	C6%	C8%	C9%
-	-	0.00	0.00	0.56	1.44	0.00
0	0	0.00	0.02	0.77	1.08	0.00
0	4	0.00	0.00	0.86	1.80	0.00
1	1	0.00	0.02	0.76	0.91	0.00
1	5	0.00	0.00	0.20	1.18	0.00
2	2	0.00	0.00	0.46	1.59	0.00
2	6	0.00	0.00	0.43	1.39	0.00
3	3	0.00	0.00	0.50	1.69	0.00
3	7	0.00	0.00	0.48	1.87	0.00
Core	CPU	C1%	C3%	C6%	C8%	C9%
-	-	0.00	0.30	0.61	1.49	0.00
0	0	0.00	0.01	1.24	1.76	0.00
0	4	0.00	0.00	0.22	1.08	0.00
1	1	0.00	0.00	0.19	1.28	0.00
1	5	0.00	0.00	0.47	1.77	0.00
2	2	0.00	0.00	0.35	1.87	0.00
2	6	0.00	0.00	1.98	1.47	0.00
3	3	0.00	2.38	0.10	0.02	0.00
3	7	0.00	0.00	0.35	2.68	0.00
Core	CPU	C1%	C3%	C6%	C8%	C9%
-	-	0.00	0.01	0.53	1.08	0.00
0	0	0.00	0.04	0.48	0.98	0.00
0	4	0.00	0.00	0.28	1.19	0.00
1	1	0.00	0.02	0.93	1.32	0.00
1	5	0.00	0.00	0.24	1.09	0.00
2	2	0.00	0.02	0.39	1.00	0.00
2	6	0.00	0.00	0.31	0.89	0.00
3	3	0.00	0.00	0.87	0.79	0.00
3	7	0.00	0.00	0.80	1.35	0.00
Core	CPU	C1%	C3%	C6%	C8%	C9%
-	-	0.00	0.01	0.61	0.84	0.00
0	0	0.00	0.04	1.14	0.80	0.00
0	4	0.00	0.00	0.36	0.89	0.00
1	1	0.00	0.00	0.82	0.78	0.00
1	5	0.00	0.01	0.79	0.39	0.00
2	2	0.00	0.00	0.37	0.99	0.00
2	6	0.00	0.00	0.71	0.90	0.00
3	3	0.00	0.00	0.32	0.80	0.00
3	7	0.00	0.00	0.37	1.18	0.00
Core	CPU	C1%	C3%	C6%	C8%	C9%
-	-	0.01	0.00	0.45	1.03	0.00
0	0	0.00	0.00	0.64	1.31	0.00
0	4	0.10	0.00	0.09	0.41	0.00
1	1	0.00	0.00	0.52	1.01	0.00
1	5	0.00	0.00	0.44	0.71	0.00
2	2	0.00	0.00	0.65	1.11	0.00
2	6	0.00	0.00	0.40	1.02	0.00
3	3	0.00	0.00	0.26	0.99	0.00
3	7	0.00	0.00	0.62	1.70	0.00
Core	CPU	C1%	C3%	C6%	C8%	C9%
-	-	0.00	0.00	0.71	0.76	0.00
0	0	0.00	0.01	0.91	1.30	0.00
0	4	0.00	0.00	0.36	0.89	0.00
1	1	0.00	0.00	1.12	0.39	0.00
1	5	0.00	0.02	0.79	0.78	0.00
2	2	0.00	0.00	0.49	0.69	0.00
2	6	0.00	0.00	0.44	0.88	0.00
3	3	0.00	0.00	0.82	0.79	0.00
3	7	0.00	0.00	0.78	0.38	0.00
Core	CPU	C1%	C3%	C6%	C8%	C9%
-	-	0.00	0.03	0.51	4.54	0.00
0	0	0.00	0.04	0.90	1.11	0.00
0	4	0.00	0.00	0.12	0.40	0.00
1	1	0.00	0.00	0.22	0.30	0.00
1	5	0.00	0.00	0.69	1.51	0.00
2	2	0.00	0.00	0.33	1.30	0.00
2	6	0.00	0.00	0.31	1.39	0.00
3	3	0.00	0.00	0.37	1.20	0.00
3	7	0.02	0.17	1.15	29.08	0.00
Core	CPU	C1%	C3%	C6%	C8%	C9%
-	-	0.00	0.32	0.80	1.27	0.00
0	0	0.00	0.03	0.60	1.18	0.00
0	4	0.00	0.00	0.19	1.18	0.00
1	1	0.00	0.00	0.39	1.97	0.00
1	5	0.00	0.00	0.45	1.78	0.00
2	2	0.00	0.00	1.20	1.48	0.00
2	6	0.00	0.00	1.95	1.49	0.00
3	3	0.00	2.47	0.12	0.00	0.00
3	7	0.00	0.09	1.53	1.10	0.00
Core	CPU	C1%	C3%	C6%	C8%	C9%
-	-	0.00	0.00	0.45	0.94	0.00
0	0	0.00	0.01	1.19	0.50	0.00
0	4	0.00	0.00	0.28	0.89	0.00
1	1	0.00	0.00	0.43	1.39	0.00
1	5	0.00	0.00	0.34	1.10	0.00
2	2	0.00	0.00	0.32	0.80	0.00
2	6	0.00	0.00	0.29	1.10	0.00
3	3	0.00	0.00	0.38	0.89	0.00
3	7	0.00	0.00	0.36	0.82	0.00
Core	CPU	C1%	C3%	C6%	C8%	C9%
-	-	0.00	0.01	0.42	0.89	0.00
0	0	0.00	0.05	0.82	0.92	0.00
0	4	0.00	0.00	0.37	0.80	0.00
1	1	0.00	0.00	0.44	0.71	0.00
1	5	0.00	0.00	0.31	1.01	0.00
2	2	0.00	0.00	0.27	1.11	0.00
2	6	0.00	0.00	0.35	0.80	0.00
3	3	0.00	0.01	0.44	0.70	0.00
3	7	0.00	0.03	0.35	1.05	0.00
Core	CPU	C1%	C3%	C6%	C8%	C9%
-	-	0.00	0.00	0.41	0.89	0.00
0	0	0.00	0.01	0.58	0.89	0.00
0	4	0.00	0.00	0.62	0.59	0.00
1	1	0.00	0.02	0.10	0.99	0.00
1	5	0.00	0.00	0.49	0.69	0.00
2	2	0.00	0.00	0.46	0.99	0.00
2	6	0.00	0.00	0.34	1.19	0.00
3	3	0.00	0.00	0.41	0.80	0.00
3	7	0.00	0.00	0.29	0.98	0.00
Core	CPU	C1%	C3%	C6%	C8%	C9%
-	-	0.00	0.00	0.33	0.88	0.00
0	0	0.00	0.00	0.45	0.59	0.00
0	4	0.00	0.02	0.27	0.70	0.00
1	1	0.00	0.00	0.36	1.01	0.00
1	5	0.00	0.00	0.26	0.90	0.00
2	2	0.00	0.00	0.43	0.90	0.00
2	6	0.00	0.00	0.30	0.90	0.00
3	3	0.00	0.00	0.18	1.19	0.00
3	7	0.00	0.00	0.35	0.85	0.00
Core	CPU	C1%	C3%	C6%	C8%	C9%
-	-	0.00	0.02	0.61	0.65	0.00
0	0	0.00	0.00	0.58	1.09	0.00
0	4	0.00	0.00	0.16	0.99	0.00
1	1	0.00	0.03	0.80	0.78	0.00
1	5	0.00	0.05	0.98	0.78	0.00
2	2	0.00	0.00	0.48	0.69	0.00
2	6	0.00	0.00	0.36	0.70	0.00
3	3	0.00	0.03	0.71	0.00	0.00
3	7	0.00	0.02	0.78	0.18	0.00
Core	CPU	C1%	C3%	C6%	C8%	C9%
-	-	0.00	0.33	0.65	1.47	0.00
0	0	0.00	0.00	1.20	2.27	0.00
0	4	0.00	0.00	0.81	0.79	0.00
1	1	0.00	0.00	0.69	0.79	0.00
1	5	0.00	0.04	0.66	1.97	0.00
2	2	0.00	0.00	0.68	1.87	0.00
2	6	0.00	0.00	0.42	1.87	0.00
3	3	0.01	2.58	0.16	0.00	0.00
3	7	0.00	0.00	0.55	2.20	0.00
Core	CPU	C1%	C3%	C6%	C8%	C9%
-	-	0.00	0.01	0.56	0.78	0.00
0	0	0.00	0.01	0.10	0.30	0.00
0	4	0.00	0.01	0.77	0.90	0.00
1	1	0.00	0.00	0.36	0.80	0.00
1	5	0.00	0.02	1.22	1.18	0.00
2	2	0.00	0.02	0.68	0.80	0.00
2	6	0.00	0.00	0.20	0.90	0.00
3	3	0.00	0.01	0.82	0.50	0.00
3	7	0.00	0.00	0.34	0.84	0.00
Core	CPU	C1%	C3%	C6%	C8%	C9%
-	-	0.00	0.00	0.56	0.87	0.00
0	0	0.00	0.00	0.28	0.89	0.00
0	4	0.00	0.00	0.53	0.89	0.00
1	1	0.00	0.00	1.02	0.79	0.00
1	5	0.00	0.03	1.29	0.61	0.00
2	2	0.00	0.00	0.38	1.19	0.00
2	6	0.00	0.00	0.44	0.99	0.00
3	3	0.00	0.00	0.23	0.89	0.00
3	7	0.00	0.00	0.27	0.69	0.00
Core	CPU	C1%	C3%	C6%	C8%	C9%
-	-	0.00	0.01	0.58	1.09	0.00
0	0	0.00	0.00	0.15	0.50	0.00
0	4	0.00	0.02	1.15	0.31	0.00
1	1	0.00	0.00	0.29	1.00	0.00
1	5	0.00	0.06	1.02	1.86	0.00
2	2	0.00	0.00	0.34	0.80	0.00
2	6	0.00	0.00	0.57	1.70	0.00
3	3	0.00	0.00	0.46	1.25	0.00
3	7	0.00	0.00	0.67	1.31	0.00
Core	CPU	C1%	C3%	C6%	C8%	C9%
-	-	0.00	0.01	0.49	0.87	0.00
0	0	0.00	0.01	0.59	0.60	0.00
0	4	0.00	0.00	0.29	0.89	0.00
1	1	0.00	0.00	0.36	0.79	0.00
1	5	0.00	0.03	1.18	0.70	0.00
2	2	0.00	0.02	0.29	0.89	0.00
2	6	0.00	0.00	0.27	1.18	0.00
3	3	0.00	0.03	0.51	0.80	0.00
3	7	0.00	0.00	0.43	1.14	0.00
Core	CPU	C1%	C3%	C6%	C8%	C9%
-	-	0.00	0.01	0.66	0.65	0.00
0	0	0.00	0.00	0.86	0.49	0.00
0	4	0.00	0.00	0.83	0.49	0.00
1	1	0.00	0.02	0.32	0.79	0.00
1	5	0.00	0.00	0.94	0.39	0.00
2	2	0.00	0.00	0.66	1.09	0.00
2	6	0.00	0.00	0.45	0.69	0.00
3	3	0.00	0.04	1.03	0.30	0.00
3	7	0.00	0.01	0.19	0.98	0.00
Core	CPU	C1%	C3%	C6%	C8%	C9%
-	-	0.00	0.31	0.60	1.25	0.01
0	0	0.00	0.00	0.24	1.67	0.00
0	4	0.00	0.02	0.48	1.08	0.00
1	1	0.00	0.00	1.08	0.49	0.00
1	5	0.00	0.02	0.78	1.87	0.00
2	2	0.00	0.00	0.45	1.77	0.00
2	6	0.00	0.00	0.41	1.97	0.00
3	3	0.00	2.47	0.15	0.07	0.11
3	7	0.00	0.00	1.18	1.11	0.00
Core	CPU	C1%	C3%	C6%	C8%	C9%
-	-	0.00	0.00	0.43	1.00	0.00
0	0	0.00	0.00	0.20	0.30	0.00
0	4	0.00	0.00	0.28	0.89	0.00
1	1	0.00	0.00	0.72	1.30	0.00
1	5	0.00	0.02	0.35	1.18	0.00
2	2	0.00	0.01	0.58	1.59	0.00
2	6	0.00	0.00	0.29	1.19	0.00
3	3	0.00	0.00	0.55	0.69	0.00
3	7	0.00	0.00	0.45	0.83	0.00
Core	CPU	C1%	C3%	C6%	C8%	C9%
-	-	0.00	0.00	0.56	1.12	0.00
0	0	0.00	0.00	0.55	2.27	0.00
0	4	0.00	0.00	0.51	1.28	0.00
1	1	0.00	0.00	0.83	0.79	0.00
1	5	0.00	0.04	1.29	0.79	0.00
2	2	0.00	0.00	0.25	1.43	0.00
2	6	0.00	0.00	0.35	0.79	0.00
3	3	0.00	0.00	0.49	0.64	0.00
3	7	0.00	0.00	0.19	0.97	0.00
Core	CPU	C1%	C3%	C6%	C8%	C9%
-	-	0.00	0.01	0.40	0.99	0.00
0	0	0.00	0.00	0.32	0.41	0.00
0	4	0.00	0.00	0.12	0.40	0.00
1	1	0.00	0.00	0.37	1.30	0.00
1	5	0.00	0.05	0.87	1.30	0.00
2	2	0.00	0.00	0.42	1.40	0.00
2	6	0.00	0.00	0.31	1.30	0.00
3	3	0.00	0.00	0.36	1.02	0.00
3	7	0.00	0.00	0.40	0.83	0.00
Core	CPU	C1%	C3%	C6%	C8%	C9%
-	-	0.00	0.01	0.45	0.92	0.00
0	0	0.00	0.01	0.67	0.00	0.00
0	4	0.00	0.00	0.29	0.89	0.00
1	1	0.00	0.00	0.75	1.08	0.00
1	5	0.00	0.04	0.69	1.68	0.00
2	2	0.00	0.02	0.29	0.90	0.00
2	6	0.00	0.00	0.28	1.08	0.00
3	3	0.00	0.00	0.28	0.89	0.00
3	7	0.00	0.00	0.34	0.85	0.00
Core	CPU	C1%	C3%	C6%	C8%	C9%
-	-	0.00	0.00	0.56	0.76	0.43
0	0	0.00	0.00	0.27	0.79	0.00
0	4	0.00	0.00	0.15	0.40	0.00
1	1	0.00	0.00	0.30	0.60	0.00
1	5	0.00	0.04	1.01	0.40	0.00
2	2	0.00	0.00	1.13	1.19	3.41
2	6	0.00	0.00	0.36	0.89	0.00
3	3	0.00	0.00	0.70	0.51	0.00
3	7	0.00	0.00	0.52	1.27	0.00
Core	CPU	C1%	C3%	C6%	C8%	C9%
-	-	0.00	0.00	0.52	1.10	0.00
0	0	0.00	0.00	0.54	0.91	0.00
0	4	0.00	0.00	0.22	0.30	0.00
1	1	0.00	0.00	0.19	0.41	0.00
1	5	0.00	0.01	0.76	1.29	0.00
2	2	0.00	0.00	0.33	1.29	0.00
2	6	0.00	0.00	1.18	1.29	0.00
3	3	0.00	0.00	0.37	1.20	0.00
3	7	0.00	0.00	0.59	2.07	0.00
Core	CPU	C1%	C3%	C6%	C8%	C9%
-	-	0.00	0.00	0.56	0.92	0.00
0	0	0.00	0.00	0.00	0.50	0.00
0	4	0.00	0.00	0.45	1.28	0.00
1	1	0.00	0.00	0.26	0.98	0.00
1	5	0.00	0.00	1.06	0.50	0.00
2	2	0.00	0.01	0.69	1.09	0.00
2	6	0.00	0.00	0.79	1.08	0.00
3	3	0.00	0.00	0.28	0.78	0.00
3	7	0.00	0.00	0.93	1.12	0.00
Core	CPU	C1%	C3%	C6%	C8%	C9%
-	-	0.00	0.00	0.48	0.82	0.00
0	0	0.00	0.00	0.44	1.00	0.00
0	4	0.00	0.00	0.53	0.71	0.00
1	1	0.00	0.00	0.32	0.81	0.00
1	5	0.00	0.04	0.76	1.01	0.00
2	2	0.00	0.00	0.54	1.11	0.00
2	6	0.00	0.00	0.52	0.80	0.00
3	3	0.00	0.00	0.39	0.52	0.00
3	7	0.00	0.00	0.35	0.60	0.00
Core	CPU	C1%	C3%	C6%	C8%	C9%
-	-	0.00	0.03	0.60	4.26	0.00
0	0	0.00	0.00	0.25	0.98	0.00
0	4	0.00	0.00	0.03	0.49	0.00
1	1	0.00	0.00	0.70	0.69	0.00
1	5	0.00	0.04	1.05	0.77	0.00
2	2	0.00	0.00	0.35	0.88	0.00
2	6	0.00	0.00	0.33	0.98	0.00
3	3	0.00	0.00	0.85	0.79	0.00
3	7	0.02	0.18	1.21	28.46	0.00
Core	CPU	C1%	C3%	C6%	C8%	C9%
-	-	0.00	0.00	0.44	1.13	0.00
0	0	0.00	0.00	0.58	1.60	0.00
0	4	0.00	0.00	0.17	0.50	0.00
1	1	0.00	0.00	0.38	0.89	0.00
1	5	0.00	0.00	0.67	0.89	0.00
2	2	0.00	0.00	0.32	1.19	0.00
2	6	0.00	0.02	0.27	1.19	0.00
3	3	0.00	0.00	0.20	0.89	0.00
3	7	0.00	0.00	0.93	1.90	0.00
Core	CPU	C1%	C3%	C6%	C8%	C9%
-	-	0.00	0.33	0.46	1.54	0.00
0	0	0.00	0.00	0.30	1.18	0.00
0	4	0.00	0.00	0.66	1.87	0.00
1	1	0.00	0.00	0.34	1.87	0.00
1	5	0.00	0.05	0.70	1.97	0.00
2	2	0.00	0.00	0.89	1.87	0.00
2	6	0.00	0.00	0.38	1.77	0.00
3	3	0.00	2.58	0.02	0.00	0.00
3	7	0.00	0.00	0.42	1.75	0.00
Core	CPU	C1%	C3%	C6%	C8%	C9%
-	-	0.00	0.00	0.43	0.88	0.00
0	0	0.00	0.00	0.46	0.99	0.00
0	4	0.00	0.00	0.53	1.48	0.00
1	1	0.00	0.02	0.40	0.30	0.00
1	5	0.00	0.01	0.41	1.10	0.00
2	2	0.00	0.00	0.28	0.89	0.00
2	6	0.00	0.00	0.53	0.79	0.00
3	3	0.00	0.00	0.52	0.60	0.00
3	7	0.00	0.00	0.29	0.89	0.00
Core	CPU	C1%	C3%	C6%	C8%	C9%
-	-	0.00	0.00	0.49	0.67	0.00
0	0	0.00	0.00	0.43	0.10	0.00
0	4	0.00	0.00	0.00	0.50	0.00
1	1	0.00	0.00	0.28	1.08	0.00
1	5	0.00	0.00	0.77	0.89	0.00
2	2	0.00	0.00	0.92	0.49	0.00
2	6	0.00	0.01	0.79	0.50	0.00
3	3	0.00	0.00	0.28	1.08	0.00
3	7	0.00	0.00	0.46	0.71	0.00
Core	CPU	C1%	C3%	C6%	C8%	C9%
-	-	0.00	0.01	0.45	0.82	0.00
0	0	0.00	0.00	0.53	0.51	0.00
0	4	0.00	0.00	0.26	0.90	0.00
1	1	0.00	0.00	0.44	0.80	0.00
1	5	0.02	0.00	0.58	0.90	0.00
2	2	0.00	0.00	0.28	1.00	0.00
2	6	0.00	0.00	0.44	1.00	0.00
3	3	0.00	0.00	0.44	0.60	0.00
3	7	0.00	0.07	0.61	0.87	0.00
Core	CPU	C1%	C3%	C6%	C8%	C9%
-	-	0.00	0.00	0.55	0.69	0.00
0	0	0.00	0.00	0.46	0.59	0.00
0	4	0.00	0.00	0.14	0.98	0.00
1	1	0.00	0.01	0.40	0.00	0.00
1	5	0.00	0.00	0.78	0.68	0.00
2	2	0.00	0.00	0.36	0.98	0.00
2	6	0.00	0.00	0.83	0.79	0.00
3	3	0.00	0.02	0.66	1.09	0.00
3	7	0.00	0.00	0.78	0.40	0.00
Core	CPU	C1%	C3%	C6%	C8%	C9%
-	-	0.00	0.01	0.45	0.70	0.00
0	0	0.00	0.00	0.21	0.50	0.00
0	4	0.00	0.00	0.10	0.60	0.00
1	1	0.00	0.00	0.28	0.89	0.00
1	5	0.00	0.00	0.45	0.89	0.00
2	2	0.00	0.00	0.63	0.59	0.00
2	6	0.00	0.00	0.67	0.49	0.00
3	3	0.00	0.07	0.90	0.79	0.00
3	7	0.00	0.00	0.34	0.84	0.00
Core	CPU	C1%	C3%	C6%	C8%	C9%
-	-	0.00	0.16	0.89	1.17	0.00
0	0	0.00	0.00	0.38	1.67	0.00
0	4	0.00	0.00	0.55	1.58	0.00
1	1	0.00	0.03	1.07	1.09	0.00
1	5	0.00	0.00	1.28	0.99	0.00
2	2	0.00	0.00	1.17	1.48	0.00
2	6	0.00	0.00	1.15	1.18	0.00
3	3	0.01	1.22	0.23	0.00	0.04
3	7	0.00	0.04	1.27	1.37	0.00
Core	CPU	C1%	C3%	C6%	C8%	C9%
-	-	0.00	0.00	0.48	0.71	0.00
0	0	0.00	0.00	0.53	0.90	0.00
0	4	0.00	0.00	0.13	0.40	0.00
1	1	0.00	0.00	0.28	0.60	0.00
1	5	0.00	0.00	0.28	0.89	0.00
2	2	0.00	0.00	0.46	0.79	0.00
2	6	0.00	0.00	0.32	0.89	0.00
3	3	0.00	0.00	1.19	0.30	0.00
3	7	0.00	0.00	0.66	0.92	0.00
Core	CPU	C1%	C3%	C6%	C8%	C9%
-	-	0.00	0.01	0.49	1.22	0.00
0	0	0.00	0.00	0.10	0.98	0.00
0	4	0.00	0.00	0.53	1.10	0.00
1	1	0.00	0.00	0.54	1.00	0.00
1	5	0.00	0.00	0.41	1.79	0.00
2	2	0.00	0.01	0.56	1.31	0.00
2	6	0.00	0.00	0.38	1.68	0.00
3	3	0.00	0.06	1.08	0.70	0.00
3	7	0.00	0.00	0.32	1.15	0.00
Core	CPU	C1%	C3%	C6%	C8%	C9%
-	-	0.00	0.01	0.49	0.90	0.00
0	0	0.00	0.00	0.37	0.59	0.00
0	4	0.00	0.00	0.35	0.68	0.00
1	1	0.00	0.00	0.13	0.99	0.00
1	5	0.00	0.00	0.68	0.69	0.00
2	2	0.00	0.00	0.65	1.49	0.00
2	6	0.00	0.00	0.44	1.08	0.00
3	3	0.00	0.07	1.06	0.59	0.00
3	7	0.00	0.00	0.28	1.09	0.00
Core	CPU	C1%	C3%	C6%	C8%	C9%
-	-	0.00	0.02	0.56	0.57	0.00
0	0	0.00	0.00	0.48	0.00	0.00
0	4	0.00	0.00	0.40	0.19	0.00
1	1	0.00	0.00	0.37	1.00	0.00
1	5	0.00	0.00	0.54	0.89	0.00
2	2	0.00	0.03	0.59	0.79	0.00
2	6	0.00	0.00	0.50	0.69	0.00
3	3	0.00	0.10	0.97	0.40	0.00
3	7	0.00	0.00	0.65	0.63	0.00
Core	CPU	C1%	C3%	C6%	C8%	C9%
-	-	0.00	0.01	0.62	0.91	0.00
0	0	0.00	0.00	0.83	1.00	0.00
0	4	0.00	0.00	0.45	0.89	0.00
1	1	0.00	0.00	0.25	0.98	0.00
1	5	0.00	0.00	0.82	0.79	0.00
2	2	0.00	0.00	0.20	1.09	0.00
2	6	0.00	0.00	0.36	0.79	0.00
3	3	0.00	0.04	1.21	0.79	0.00
3	7	0.00	0.02	0.83	0.96	0.00
Core	CPU	C1%	C3%	C6%	C8%	C9%
-	-	0.00	0.34	0.55	1.38	0.00
0	0	0.00	0.00	0.94	1.18	0.00
0	4	0.00	0.00	0.24	1.48	0.00
1	1	0.00	0.00	0.47	1.48	0.00
1	5	0.00	0.00	0.39	1.77	0.00
2	2	0.00	0.00	0.46	1.77	0.00
2	6	0.00	0.00	1.03	1.58	0.00
3	3	0.01	2.69	0.38	0.00	0.00
3	7	0.00	0.00	0.48	1.78	0.00
Core	CPU	C1%	C3%	C6%	C8%	C9%
-	-	0.00	0.02	0.44	0.73	0.00
0	0	0.00	0.00	0.52	0.10	0.00
0	4	0.00	0.00	0.28	0.40	0.00
1	1	0.00	0.00	0.28	0.99	0.00
1	5	0.00	0.00	0.45	1.00	0.00
2	2	0.00	0.00	0.23	1.09	0.00
2	6	0.00	0.12	0.37	1.09	0.00
3	3	0.00	0.07	1.03	0.39	0.00
3	7	0.00	0.00	0.36	0.82	0.00
Core	CPU	C1%	C3%	C6%	C8%	C9%
-	-	0.00	0.01	0.44	1.08	0.00
0	0	0.00	0.00	0.20	0.69	0.00
0	4	0.00	0.00	0.34	0.89	0.00
1	1	0.00	0.00	0.52	1.69	0.00
1	5	0.00	0.00	0.30	1.39	0.00
2	2	0.00	0.00	0.20	0.99	0.00
2	6	0.00	0.00	0.47	1.59	0.00
3	3	0.00	0.03	1.10	0.49	0.00
3	7	0.00	0.05	0.42	0.94	0.00
Core	CPU	C1%	C3%	C6%	C8%	C9%
-	-	0.00	0.00	0.58	0.82	0.00
0	0	0.00	0.03	0.65	0.80	0.00
0	4	0.00	0.00	0.64	0.49	0.00
1	1	0.00	0.00	0.12	0.40	0.00
1	5	0.00	0.00	0.69	0.60	0.00
2	2	0.00	0.00	0.36	1.19	0.00
2	6	0.00	0.00	0.27	1.19	0.00
3	3	0.00	0.00	0.42	1.19	0.00
3	7	0.00	0.01	1.49	0.70	0.00
Core	CPU	C1%	C3%	C6%	C8%	C9%
-	-	0.00	0.00	0.40	0.76	0.00
0	0	0.00	0.00	0.12	0.40	0.00
0	4	0.00	0.00	0.20	0.40	0.00
1	1	0.00	0.00	0.37	1.00	0.00
1	5	0.00	0.00	0.60	0.88	0.00
2	2	0.00	0.00	0.32	1.09	0.00
2	6	0.00	0.00	0.18	1.09	0.00
3	3	0.00	0.00	0.28	0.79	0.00
3	7	0.00	0.03	1.14	0.43	0.00
Core	CPU	C1%	C3%	C6%	C8%	C9%
-	-	0.00	0.01	0.47	0.93	0.00
0	0	0.00	0.00	0.36	1.01	0.00
0	4	0.00	0.00	0.26	0.90	0.00
1	1	0.00	0.00	0.42	0.91	0.00
1	5	0.00	0.00	0.35	1.50	0.00
2	2	0.00	0.00	0.18	0.91	0.00
2	6	0.00	0.00	1.22	0.90	0.00
3	3	0.00	0.00	0.44	0.70	0.00
3	7	0.00	0.05	0.50	0.64	0.00
Core	CPU	C1%	C3%	C6%	C8%	C9%
-	-	0.00	0.20	0.52	1.23	0.00
0	0	0.00	0.00	0.36	1.08	0.00
0	4	0.00	0.00	0.24	1.28	0.00
1	1	0.00	0.02	0.19	1.39	0.00
1	5	0.00	0.00	0.39	1.19	0.00
2	2	0.00	0.00	0.75	1.98	0.00
2	6	0.00	0.00	0.55	1.68	0.00
3	3	0.00	1.52	0.22	0.05	0.00
3	7	0.00	0.04	1.44	1.18	0.00
Core	CPU	C1%	C3%	C6%	C8%	C9%
-	-	0.00	0.00	0.54	0.94	0.00
0	0	0.00	0.00	0.42	1.58	0.00
0	4	0.00	0.00	0.13	0.40	0.00
1	1	0.00	0.00	0.28	0.60	0.00
1	5	0.00	0.00	0.29	0.99	0.00
2	2	0.00	0.00	0.36	0.89	0.00
2	6	0.00	0.00	1.39	0.99	0.00
3	3	0.00	0.02	0.30	0.79	0.00
3	7	0.00	0.00	1.17	1.29	0.00
Core	CPU	C1%	C3%	C6%	C8%	C9%
-	-	0.00	0.02	0.69	4.17	0.12
0	0	0.00	0.00	0.12	0.40	0.00
0	4	0.00	0.00	0.10	0.50	0.00
1	1	0.00	0.00	0.30	1.09	0.00
1	5	0.00	0.00	0.36	0.79	0.00
2	2	0.00	0.00	0.83	0.79	0.00
2	6	0.00	0.02	0.89	0.79	0.00
3	3	0.00	0.00	0.76	0.78	0.96
3	7	0.02	0.16	2.13	28.19	0.00
Core	CPU	C1%	C3%	C6%	C8%	C9%
-	-	0.00	0.00	0.43	0.76	0.00
0	0	0.00	0.00	0.18	0.71	0.00
0	4	0.00	0.00	0.67	0.99	0.00
1	1	0.00	0.00	0.36	0.80	0.00
1	5	0.00	0.00	0.24	0.99	0.00
2	2	0.00	0.02	0.30	0.70	0.00
2	6	0.00	0.00	0.37	0.89	0.00
3	3	0.00	0.00	0.27	0.89	0.00
3	7	0.00	0.01	1.04	0.14	0.00
Core	CPU	C1%	C3%	C6%	C8%	C9%
-	-	0.00	0.01	0.57	0.85	0.00
0	0	0.00	0.00	1.11	1.39	0.00
0	4	0.00	0.00	0.34	0.21	0.00
1	1	0.00	0.00	0.29	0.61	0.00
1	5	0.00	0.00	0.18	0.91	0.00
2	2	0.00	0.00	0.36	0.81	0.00
2	6	0.00	0.00	0.54	0.71	0.00
3	3	0.00	0.02	0.97	1.00	0.00
3	7	0.00	0.05	0.73	1.17	0.00
Core	CPU	C1%	C3%	C6%	C8%	C9%
-	-	0.00	0.01	0.56	0.84	0.00
0	0	0.00	0.00	0.68	0.81	0.00
0	4	0.00	0.00	0.04	0.50	0.00
1	1	0.00	0.01	0.38	0.30	0.00
1	5	0.00	0.02	0.19	1.10	0.00
2	2	0.00	0.00	0.27	0.99	0.00
2	6	0.00	0.00	1.30	0.99	0.00
3	3	0.00	0.00	0.53	0.59	0.00
3	7	0.00	0.02	1.05	1.44	0.00
Core	CPU	C1%	C3%	C6%	C8%	C9%
-	-	0.00	0.26	0.64	1.01	0.00
0	0	0.00	0.00	0.84	0.69	0.00
0	4	0.00	0.00	0.03	0.59	0.00
1	1	0.00	0.00	0.19	0.99	0.00
1	5	0.00	0.00	0.78	1.58	0.00
2	2	0.00	0.00	1.05	1.28	0.00
2	6	0.00	0.00	0.83	1.57	0.00
3	3	0.00	2.08	0.11	0.01	0.00
3	7	0.00	0.00	1.30	1.40	0.00
Core	CPU	C1%	C3%	C6%	C8%	C9%
-	-	0.00	0.00	0.65	0.66	0.00
0	0	0.00	0.00	0.23	0.30	0.00
0	4	0.00	0.00	0.28	0.40	0.00
1	1	0.00	0.00	0.36	0.89	0.00
1	5	0.00	0.00	0.58	1.20	0.00
2	2	0.00	0.01	0.81	0.60	0.00
2	6	0.00	0.00	0.77	0.60	0.00
3	3	0.00	0.00	0.92	0.70	0.00
3	7	0.00	0.01	1.22	0.64	0.00
Core	CPU	C1%	C3%	C6%	C8%	C9%
-	-	0.00	0.01	0.43	0.86	0.00
0	0	0.00	0.00	0.36	0.81	0.00
0	4	0.00	0.00	0.44	0.71	0.00
1	1	0.00	0.00	0.41	0.91	0.00
1	5	0.00	0.02	0.27	0.81	0.00
2	2	0.00	0.00	0.27	0.90	0.00
2	6	0.00	0.00	0.45	0.71	0.00
3	3	0.00	0.00	0.63	1.01	0.00
3	7	0.00	0.04	0.59	0.99	0.00
Core	CPU	C1%	C3%	C6%	C8%	C9%
-	-	0.00	0.00	0.43	1.25	0.00
0	0	0.00	0.00	0.57	1.89	0.00
0	4	0.00	0.00	0.04	0.49	0.00
1	1	0.00	0.00	0.18	0.71	0.00
1	5	0.00	0.00	0.37	1.10	0.00
2	2	0.00	0.00	0.89	2.09	0.00
2	6	0.00	0.00	0.30	0.99	0.00
3	3	0.00	0.00	0.29	0.80	0.00
3	7	0.00	0.02	0.84	1.91	0.00
Core	CPU	C1%	C3%	C6%	C8%	C9%
-	-	0.00	0.00	0.41	0.73	0.00
0	0	0.00	0.00	0.09	0.41	0.00
0	4	0.00	0.00	0.46	0.71	0.00
1	1	0.00	0.00	0.60	0.92	0.00
1	5	0.00	0.00	0.31	0.81	0.00
2	2	0.00	0.00	0.27	0.81	0.00
2	6	0.00	0.00	0.46	0.91	0.00
3	3	0.00	0.00	0.44	0.71	0.00
3	7	0.00	0.01	0.63	0.57	0.00
Core	CPU	C1%	C3%	C6%	C8%	C9%
-	-	0.00	0.00	0.55	0.92	0.00
0	0	0.00	0.00	0.86	0.49	0.00
0	4	0.00	0.00	0.84	0.59	0.00
1	1	0.00	0.00	0.12	0.99	0.00
1	5	0.00	0.00	0.20	1.29	0.00
2	2	0.00	0.00	0.76	1.28	0.00
2	6	0.00	0.00	0.43	0.79	0.00
3	3	0.00	0.00	0.23	1.29	0.00
3	7	0.00	0.02	0.99	0.68	0.00
Core	CPU	C1%	C3%	C6%	C8%	C9%
-	-	0.00	0.23	0.64	1.26	0.00
0	0	0.00	0.09	0.62	0.79	0.00
0	4	0.00	0.00	0.20	1.09	0.00
1	1	0.00	0.00	0.48	1.88	0.00
1	5	0.00	0.00	0.78	1.44	0.00
2	2	0.00	0.03	1.08	1.29	0.00
2	6	0.00	0.01	0.99	1.38	0.00
3	3	0.00	1.67	0.23	0.50	0.00
3	7	0.00	0.05	0.77	1.70	0.00
Core	CPU	C1%	C3%	C6%	C8%	C9%
-	-	0.00	0.01	0.56	0.85	0.12
0	0	0.00	0.00	0.51	0.70	0.00
0	4	0.00	0.00	0.77	0.99	0.00
1	1	0.00	0.00	0.45	0.88	0.00
1	5	0.00	0.00	0.24	1.18	0.00
2	2	0.00	0.00	0.48	0.80	0.00
2	6	0.00	0.00	0.37	0.89	0.00
3	3	0.00	0.00	0.56	0.20	0.99
3	7	0.00	0.05	1.09	1.12	0.00
Core	CPU	C1%	C3%	C6%	C8%	C9%
-	-	0.00	0.01	0.48	0.93	0.00
0	0	0.00	0.00	0.37	0.89	0.00
0	4	0.00	0.00	0.68	1.20	0.00
1	1	0.00	0.02	0.29	0.60	0.00
1	5	0.00	0.00	0.38	0.99	0.00
2	2	0.00	0.00	0.28	0.98	0.00
2	6	0.00	0.00	0.45	0.69	0.00
3	3	0.00	0.00	0.22	0.89	0.00
3	7	0.00	0.05	1.15	1.17	0.00
Core	CPU	C1%	C3%	C6%	C8%	C9%
-	-	0.00	0.01	0.36	0.76	0.00
0	0	0.00	0.00	0.14	0.39	0.00
0	4	0.00	0.02	0.49	0.10	0.00
1	1	0.00	0.00	0.38	1.18	0.00
1	5	0.00	0.00	0.37	0.80	0.00
2	2	0.00	0.00	0.14	0.99	0.00
2	6	0.00	0.00	0.20	0.99	0.00
3	3	0.00	0.00	0.19	0.90	0.00
3	7	0.00	0.05	0.93	0.74	0.00
Core	CPU	C1%	C3%	C6%	C8%	C9%
-	-	0.00	0.01	0.48	0.98	0.00
0	0	0.00	0.00	0.18	0.70	0.00
0	4	0.00	0.00	0.28	0.89	0.00
1	1	0.00	0.00	0.44	1.08	0.00
1	5	0.00	0.00	0.96	0.89	0.00
2	2	0.00	0.00	0.10	0.99	0.00
2	6	0.00	0.00	0.32	1.37	0.00
3	3	0.00	0.00	0.41	0.97	0.00
3	7	0.00	0.04	1.17	0.94	0.00
Core	CPU	C1%	C3%	C6%	C8%	C9%
-	-	0.00	0.02	0.40	0.82	0.00
0	0	0.00	0.00	0.46	1.00	0.00
0	4	0.00	0.00	0.15	0.40	0.00
1	1	0.00	0.10	0.22	0.79	0.00
1	5	0.00	0.00	0.15	0.70	0.00
2	2	0.00	0.00	0.28	0.89	0.00
2	6	0.00	0.00	0.53	0.69	0.00
3	3	0.00	0.00	0.23	0.90	0.00
3	7	0.00	0.03	1.19	1.19	0.00
Core	CPU	C1%	C3%	C6%	C8%	C9%
-	-	0.00	0.34	0.48	1.51	0.00
0	0	0.00	0.00	0.84	1.58	0.00
0	4	0.00	0.00	0.24	1.68	0.00
1	1	0.00	0.02	0.30	1.19	0.00
1	5	0.00	0.01	0.40	1.60	0.00
2	2	0.00	0.00	0.30	1.97	0.00
2	6	0.00	0.00	0.38	1.88	0.00
3	3	0.00	2.68	0.12	0.00	0.00
3	7	0.00	0.00	1.26	2.14	0.00
Core	CPU	C1%	C3%	C6%	C8%	C9%
-	-	0.00	0.00	0.65	0.84	0.00
0	0	0.00	0.00	0.47	1.59	0.00
0	4	0.00	0.00	0.36	0.98	0.00
1	1	0.00	0.00	0.83	0.79	0.00
1	5	0.00	0.01	0.89	0.78	0.00
2	2	0.00	0.00	0.38	1.09	0.00
2	6	0.00	0.00	0.54	0.90	0.00
3	3	0.00	0.00	0.64	0.50	0.00
3	7	0.00	0.01	1.09	0.09	0.00
Core	CPU	C1%	C3%	C6%	C8%	C9%
-	-	0.10	0.00	0.28	0.69	0.13
0	0	0.00	0.00	0.05	0.49	0.00
0	4	0.00	0.00	0.19	0.39	0.00
1	1	0.78	0.00	0.00	0.00	0.00
1	5	0.00	0.00	0.27	0.90	0.00
2	2	0.00	0.00	0.64	0.99	0.00
2	6	0.00	0.00	0.13	1.09	0.00
3	3	0.00	0.00	0.29	0.79	1.01
3	7	0.00	0.03	0.67	0.90	0.00
Core	CPU	C1%	C3%	C6%	C8%	C9%
-	-	0.00	0.01	0.59	0.92	0.00
0	0	0.00	0.01	0.93	1.30	0.00
0	4	0.00	0.00	0.47	0.99	0.00
1	1	0.00	0.00	0.75	0.59	0.00
1	5	0.00	0.00	0.24	0.89	0.00
2	2	0.00	0.01	0.39	0.60	0.00
2	6	0.00	0.00	0.27	0.99	0.00
3	3	0.00	0.00	0.50	1.49	0.00
3	7	0.00	0.04	1.19	0.53	0.00
Core	CPU	C1%	C3%	C6%	C8%	C9%
-	-	0.00	0.01	0.51	0.91	0.12
0	0	0.00	0.00	0.28	0.88	0.00
0	4	0.00	0.00	0.45	0.50	0.00
1	1	0.00	0.00	0.53	0.00	0.00
1	5	0.00	0.01	0.60	0.09	0.00
2	2	0.00	0.00	0.48	1.98	0.00
2	6	0.00	0.00	0.46	1.19	0.00
3	3	0.00	0.00	0.42	1.49	0.98
3	7	0.00	0.04	0.88	1.15	0.00
Core	CPU	C1%	C3%	C6%	C8%	C9%
-	-	0.00	0.00	0.83	0.82	0.00
0	0	0.00	0.00	0.85	0.49	0.00
0	4	0.00	0.00	0.14	0.49	0.00
1	1	0.00	0.02	0.50	0.59	0.00
1	5	0.00	0.00	0.89	0.88	0.00
2	2	0.00	0.00	0.86	1.28	0.00
2	6	0.00	0.00	1.60	1.18	0.00
3	3	0.00	0.00	0.42	1.09	0.00
3	7	0.00	0.00	1.39	0.58	0.00
Core	CPU	C1%	C3%	C6%	C8%	C9%
-	-	0.00	0.32	0.67	4.88	0.00
0	0	0.00	0.00	0.92	0.49	0.00
0	4	0.00	0.01	0.89	0.59	0.00
1	1	0.00	0.00	0.42	1.97	0.00
1	5	0.00	0.00	0.38	2.07	0.00
2	2	0.00	0.00	0.35	2.07	0.00
2	6	0.00	0.00	0.33	1.97	0.00
3	3	0.00	2.26	0.09	0.09	0.00
3	7	0.01	0.33	1.95	29.82	0.00
Core	CPU	C1%	C3%	C6%	C8%	C9%
-	-	0.09	0.01	0.91	1.20	0.00
0	0	0.00	0.03	1.19	0.90	0.00
0	4	0.00	0.00	0.20	0.99	0.00
1	1	0.00	0.00	0.38	1.28	0.00
1	5	0.00	0.00	0.93	1.30	0.00
2	2	0.00	0.00	0.34	1.19	0.00
2	6	0.72	0.02	1.65	1.09	0.00
3	3	0.00	0.03	0.94	1.59	0.00
3	7	0.00	0.04	1.64	1.29	0.00
Core	CPU	C1%	C3%	C6%	C8%	C9%
-	-	0.01	0.01	0.43	0.77	0.00
0	0	0.00	0.00	0.10	0.40	0.00
0	4	0.00	0.00	0.73	0.50	0.00
1	1	0.00	0.00	0.45	0.89	0.00
1	5	0.00	0.00	0.43	1.28	0.00
2	2	0.00	0.02	0.29	0.80	0.00
2	6	0.10	0.00	0.10	1.00	0.00
3	3	0.00	0.00	0.28	0.79	0.00
3	7	0.00	0.02	1.04	0.53	0.00
Core	CPU	C1%	C3%	C6%	C8%	C9%
-	-	0.00	0.00	0.44	0.81	0.00
0	0	0.00	0.00	0.10	0.49	0.00
0	4	0.00	0.00	0.36	1.09	0.00
1	1	0.00	0.00	0.15	1.18	0.00
1	5	0.00	0.00	0.51	0.89	0.00
2	2	0.00	0.00	0.20	0.99	0.00
2	6	0.00	0.00	0.36	0.79	0.00
3	3	0.00	0.00	0.85	0.78	0.00
3	7	0.00	0.04	0.99	0.29	0.00
Core	CPU	C1%	C3%	C6%	C8%	C9%
-	-	0.00	0.01	0.54	1.09	0.00
0	0	0.00	0.00	0.94	1.18	0.00
0	4	0.00	0.00	0.14	0.49	0.00
1	1	0.00	0.00	0.10	0.99	0.00
1	5	0.00	0.00	0.35	1.29	0.00
2	2	0.00	0.00	0.45	1.19	0.00
2	6	0.00	0.00	0.24	1.29	0.00
3	3	0.00	0.03	0.77	1.68	0.00
3	7	0.00	0.02	1.37	0.60	0.00
Core	CPU	C1%	C3%	C6%	C8%	C9%
-	-	0.00	0.00	0.51	0.79	0.00
0	0	0.00	0.00	0.49	1.48	0.00
0	4	0.00	0.00	0.10	0.40	0.00
1	1	0.00	0.00	0.41	1.09	0.00
1	5	0.00	0.00	0.36	0.79	0.00
2	2	0.00	0.00	0.63	0.59	0.00
2	6	0.00	0.00	0.68	0.59	0.00
3	3	0.00	0.00	0.28	0.80	0.00
3	7	0.00	0.00	1.15	0.55	0.00
Core	CPU	C1%	C3%	C6%	C8%	C9%
-	-	0.00	0.33	0.75	1.51	0.00
0	0	0.00	0.00	0.48	1.77	0.00
0	4	0.00	0.00	0.46	1.87	0.00
1	1	0.00	0.00	1.40	1.48	0.00
1	5	0.00	0.01	1.09	1.48	0.00
2	2	0.00	0.00	0.38	2.07	0.00
2	6	0.00	0.00	0.46	1.87	0.00
3	3	0.01	2.57	0.13	0.00	0.00
3	7	0.00	0.02	1.58	1.57	0.00
Core	CPU	C1%	C3%	C6%	C8%	C9%
-	-	0.00	0.01	0.36	0.73	0.00
0	0	0.00	0.00	0.16	0.39	0.00
0	4	0.00	0.00	0.32	0.40	0.00
1	1	0.00	0.00	0.20	0.69	0.00
1	5	0.00	0.00	0.19	0.99	0.00
2	2	0.00	0.00	0.54	0.89	0.00
2	6	0.00	0.00	0.32	0.99	0.00
3	3	0.00	0.00	0.39	0.70	0.00
3	7	0.00	0.05	0.75	0.81	0.00
Core	CPU	C1%	C3%	C6%	C8%	C9%
-	-	0.00	0.01	0.43	0.71	0.00
0	0	0.00	0.01	0.39	0.10	0.00
0	4	0.00	0.00	0.28	0.89	0.00
1	1	0.00	0.00	0.43	0.79	0.00
1	5	0.00	0.00	0.24	0.99	0.00
2	2	0.00	0.01	0.19	0.80	0.00
2	6	0.00	0.00	0.20	1.08	0.00
3	3	0.00	0.00	0.63	0.89	0.00
3	7	0.00	0.05	1.10	0.15	0.00
Core	CPU	C1%	C3%	C6%	C8%	C9%
-	-	0.00	0.00	0.65	0.98	0.00
0	0	0.00	0.00	0.50	1.19	0.00
0	4	0.00	0.00	0.36	0.98	0.00
1	1	0.00	0.00	0.92	0.78	0.00
1	5	0.00	0.01	1.04	0.50	0.00
2	2	0.00	0.00	0.37	1.68	0.00
2	6	0.00	0.00	0.54	0.89	0.00
3	3	0.00	0.00	0.32	1.39	0.00
3	7	0.00	0.03	1.17	0.38	0.00
Core	CPU	C1%	C3%	C6%	C8%	C9%
-	-	0.00	0.00	0.28	0.89	0.00
0	0	0.00	0.00	0.13	0.60	0.00
0	4	0.00	0.02	0.10	0.40	0.00
1	1	0.00	0.00	0.19	0.99	0.00
1	5	0.00	0.00	0.36	1.00	0.00
2	2	0.00	0.00	0.14	0.99	0.00
2	6	0.00	0.00	0.21	1.19	0.00
3	3	0.00	0.00	0.22	1.19	0.00
3	7	0.00	0.00	0.88	0.73	0.00
Core	CPU	C1%	C3%	C6%	C8%	C9%
-	-	0.00	0.01	0.43	0.98	0.00
0	0	0.00	0.01	0.39	0.79	0.00
0	4	0.00	0.00	0.29	1.09	0.00
1	1	0.00	0.00	0.36	1.09	0.00
1	5	0.00	0.00	0.24	1.28	0.00
2	2	0.00	0.02	0.39	1.09	0.00
2	6	0.00	0.00	0.27	1.19	0.00
3	3	0.00	0.00	0.44	0.78	0.00
3	7	0.00	0.04	1.02	0.55	0.00
Core	CPU	C1%	C3%	C6%	C8%	C9%
-	-	0.00	0.28	0.53	1.45	0.10
0	0	0.00	0.00	0.47	1.48	0.00
0	4	0.00	0.00	0.53	1.48	0.00
1	1	0.00	0.00	0.32	1.48	0.00
1	5	0.00	0.00	0.20	1.38	0.00
2	2	0.00	0.00	0.96	1.97	0.00
2	6	0.00	0.00	0.55	1.77	0.00
3	3	0.00	2.18	0.34	0.29	0.80
3	7	0.00	0.05	0.85	1.77	0.00
Core	CPU	C1%	C3%	C6%	C8%	C9%
-	-	0.00	0.00	0.44	0.90	0.00
0	0	0.00	0.00	0.47	1.58	0.00
0	4	0.00	0.00	0.22	0.30	0.00
1	1	0.00	0.00	0.20	0.80	0.00
1	5	0.00	0.00	0.37	0.81	0.00
2	2	0.00	0.00	0.35	0.88	0.00
2	6	0.00	0.00	0.40	0.99	0.00
3	3	0.00	0.00	0.28	0.90	0.00
3	7	0.00	0.00	1.25	0.92	0.00
Core	CPU	C1%	C3%	C6%	C8%	C9%
-	-	0.00	0.00	0.49	0.67	0.00
0	0	0.00	0.00	0.66	0.69	0.00
0	4	0.00	0.00	0.18	0.99	0.00
1	1	0.00	0.00	0.80	0.50	0.00
1	5	0.00	0.00	0.14	1.08	0.00
2	2	0.00	0.00	0.10	0.99	0.00
2	6	0.00	0.00	0.38	0.89	0.00
3	3	0.00	0.01	0.74	0.00	0.00
3	7	0.00	0.03	0.94	0.25	0.00
Core	CPU	C1%	C3%	C6%	C8%	C9%
-	-	0.00	0.01	0.34	0.83	0.00
0	0	0.00	0.00	0.47	0.40	0.00
0	4	0.00	0.00	0.15	0.50	0.00
1	1	0.00	0.00	0.10	1.19	0.00
1	5	0.00	0.00	0.19	1.09	0.00
2	2	0.00	0.00	0.37	0.99	0.00
2	6	0.00	0.00	0.44	0.79	0.00
3	3	0.00	0.00	0.32	0.80	0.00
3	7	0.00	0.05	0.67	0.89	0.00
Core	CPU	C1%	C3%	C6%	C8%	C9%
-	-	0.00	0.01	0.53	0.66	0.00
0	0	0.00	0.00	0.30	0.40	0.00
0	4	0.00	0.00	0.19	0.30	0.00
1	1	0.00	0.00	0.28	0.89	0.00
1	5	0.00	0.00	0.35	1.09	0.00
2	2	0.00	0.00	0.83	0.40	0.00
2	6	0.00	0.01	0.89	0.40	0.00
3	3	0.00	0.02	0.32	0.91	0.00
3	7	0.00	0.05	1.12	0.91	0.00
Core	CPU	C1%	C3%	C6%	C8%	C9%
-	-	0.00	0.00	0.53	0.74	0.00
0	0	0.00	0.00	0.33	0.71	0.00
0	4	0.00	0.00	0.28	0.89	0.00
1	1	0.00	0.00	0.35	0.88	0.00
1	5	0.00	0.00	0.42	0.69	0.00
2	2	0.00	0.00	0.20	0.89	0.00
2	6	0.00	0.00	1.04	0.69	0.00
3	3	0.00	0.00	0.45	0.78	0.00
3	7	0.00	0.03	1.19	0.37	0.00
Core	CPU	C1%	C3%	C6%	C8%	C9%
-	-	0.00	0.35	0.55	1.52	0.00
0	0	0.00	0.00	0.63	1.38	0.00
0	4	0.00	0.00	0.33	2.07	0.00
1	1	0.00	0.01	0.69	0.69	0.00
1	5	0.00	0.00	0.88	1.97	0.00
2	2	0.00	0.00	0.84	1.97	0.00
2	6	0.00	0.00	0.34	1.97	0.00
3	3	0.01	2.78	0.00	0.01	0.00
3	7	0.00	0.01	0.70	2.06	0.00
Core	CPU	C1%	C3%	C6%	C8%	C9%
-	-	0.07	0.01	0.55	0.87	0.00
0	0	0.00	0.00	0.53	0.00	0.00
0	4	0.00	0.01	0.50	0.00	0.00
1	1	0.00	0.00	0.47	0.99	0.00
1	5	0.00	0.00	0.47	1.88	0.00
2	2	0.00	0.00	0.43	1.29	0.00
2	6	0.57	0.01	0.32	1.00	0.00
3	3	0.00	0.00	0.60	0.50	0.00
3	7	0.00	0.05	1.06	1.29	0.00
Core	CPU	C1%	C3%	C6%	C8%	C9%
-	-	0.01	0.02	0.45	0.69	0.13
0	0	0.00	0.02	0.49	0.00	0.00
0	4	0.00	0.00	0.40	0.49	0.00
1	1	0.00	0.00	0.33	0.99	0.00
1	5	0.00	0.00	0.36	0.79	0.00
2	2	0.00	0.00	0.23	1.00	0.00
2	6	0.00	0.11	0.87	0.50	0.00
3	3	0.07	0.00	0.19	0.89	1.00
3	7	0.00	0.02	0.75	0.82	0.00
Core	CPU	C1%	C3%	C6%	C8%	C9%
-	-	0.00	0.01	0.58	0.81	0.00
0	0	0.00	0.00	0.38	0.61	0.00
0	4	0.00	0.00	0.28	0.89	0.00
1	1	0.00	0.00	0.25	1.08	0.00
1	5	0.00	0.00	0.33	0.79	0.00
2	2	0.00	0.00	0.79	0.89	0.00
2	6	0.00	0.00	0.95	0.69	0.00
3	3	0.00	0.00	0.36	0.79	0.00
3	7	0.00	0.06	1.29	0.75	0.00
Core	CPU	C1%	C3%	C6%	C8%	C9%
-	-	0.09	0.01	0.61	2.03	0.00
0	0	0.00	0.00	0.36	0.59	0.00
0	4	0.00	0.00	0.05	0.69	0.00
1	1	0.00	0.02	1.49	0.89	0.00
1	5	0.03	0.00	0.56	0.89	0.00
2	2	0.00	0.00	0.27	0.89	0.00
2	6	0.00	0.00	0.52	1.19	0.00
3	3	0.00	0.00	0.12	1.09	0.00
3	7	0.70	0.09	1.49	10.03	0.00
Core	CPU	C1%	C3%	C6%	C8%	C9%
-	-	0.00	0.03	0.60	3.09	0.00
0	0	0.00	0.00	0.23	1.40	0.00
0	4	0.00	0.00	0.22	1.20	0.00
1	1	0.00	0.00	0.10	0.91	0.00
1	5	0.00	0.00	0.70	0.30	0.00
2	2	0.00	0.00	0.28	1.19	0.00
2	6	0.00	0.00	1.23	1.29	0.00
3	3	0.00	0.11	1.00	0.60	0.00
3	7	0.01	0.12	1.02	17.81	0.00
Core	CPU	C1%	C3%	C6%	C8%	C9%
-	-	0.00	0.12	0.40	0.82	0.00
0	0	0.00	0.00	0.00	0.50	0.00
0	4	0.00	0.00	0.37	0.99	0.00
1	1	0.00	0.00	0.26	0.90	0.00
1	5	0.00	0.00	0.25	0.89	0.00
2	2	0.00	0.00	0.22	0.89	0.00
2	6	0.00	0.00	0.79	0.80	0.00
3	3	0.01	0.95	0.53	0.83	0.00
3	7	0.00	0.00	0.76	0.79	0.00
Core	CPU	C1%	C3%	C6%	C8%	C9%
-	-	0.00	0.04	0.87	1.30	0.00
0	0	0.00	0.00	1.27	1.50	0.00
0	4	0.00	0.09	0.55	1.39	0.00
1	1	0.00	0.00	0.67	2.00	0.00
1	5	0.00	0.00	0.66	1.50	0.00
2	2	0.00	0.02	0.57	1.49	0.00
2	6	0.00	0.00	1.36	1.30	0.00
3	3	0.00	0.19	1.38	0.31	0.00
3	7	0.00	0.00	0.53	0.90	0.00
Core	CPU	C1%	C3%	C6%	C8%	C9%
-	-	0.00	0.00	0.46	0.94	0.00
0	0	0.00	0.00	0.58	0.99	0.00
0	4	0.00	0.00	0.44	1.39	0.00
1	1	0.00	0.00	0.41	1.18	0.00
1	5	0.00	0.00	0.32	0.79	0.00
2	2	0.00	0.00	0.10	1.29	0.00
2	6	0.00	0.00	0.68	1.09	0.00
3	3	0.00	0.02	1.12	0.10	0.00
3	7	0.00	0.00	0.05	0.69	0.00
Core	CPU	C1%	C3%	C6%	C8%	C9%
-	-	0.00	0.01	0.61	1.22	0.00
0	0	0.00	0.00	0.37	1.29	0.00
0	4	0.00	0.00	0.54	1.68	0.00
1	1	0.00	0.00	0.22	0.99	0.00
1	5	0.00	0.00	0.10	0.40	0.00
2	2	0.00	0.00	0.37	1.19	0.00
2	6	0.00	0.00	1.51	1.79	0.00
3	3	0.00	0.11	1.42	0.50	0.00
3	7	0.00	0.00	0.38	1.88	0.00
Core	CPU	C1%	C3%	C6%	C8%	C9%
-	-	0.00	0.02	0.54	0.91	0.00
0	0	0.00	0.00	0.71	0.20	0.00
0	4	0.00	0.00	0.69	0.39	0.00
1	1	0.00	0.00	0.58	1.28	0.00
1	5	0.00	0.00	0.45	1.39	0.00
2	2	0.00	0.00	0.25	1.19	0.00
2	6	0.00	0.00	0.33	1.18	0.00
3	3	0.00	0.15	1.04	0.69	0.00
3	7	0.00	0.00	0.28	0.98	0.00
Core	CPU	C1%	C3%	C6%	C8%	C9%
-	-	0.08	0.01	0.72	0.85	0.00
0	0	0.00	0.04	0.69	0.30	0.00
0	4	0.10	0.00	0.10	0.90	0.00
1	1	0.00	0.00	0.27	1.09	0.00
1	5	0.00	0.00	0.50	1.32	0.00
2	2	0.00	0.00	0.92	0.79	0.00
2	6	0.10	0.01	1.56	0.79	0.00
3	3	0.00	0.02	1.36	0.90	0.00
3	7	0.48	0.00	0.35	0.70	0.00
Core	CPU	C1%	C3%	C6%	C8%	C9%
-	-	0.00	0.16	0.39	0.78	0.00
0	0	0.00	0.00	0.49	0.00	0.00
0	4	0.00	0.00	0.18	0.99	0.00
1	1	0.00	0.00	0.45	0.99	0.00
1	5	0.00	0.00	0.83	1.01	0.00
2	2	0.00	0.00	0.32	0.89	0.00
2	6	0.00	0.00	0.10	0.89	0.00
3	3	0.00	1.25	0.34	0.79	0.00
3	7	0.00	0.00	0.36	0.70	0.00
Core	CPU	C1%	C3%	C6%	C8%	C9%
-	-	0.00	0.01	0.57	0.66	0.00
0	0	0.00	0.01	0.40	0.10	0.00
0	4	0.00	0.00	0.29	0.90	0.00
1	1	0.00	0.00	0.28	0.89	0.00
1	5	0.00	0.00	0.25	0.93	0.00
2	2	0.00	0.00	0.93	0.30	0.00
2	6	0.00	0.01	0.87	0.30	0.00
3	3	0.00	0.07	1.20	1.20	0.00
3	7	0.00	0.00	0.36	0.69	0.00
Core	CPU	C1%	C3%	C6%	C8%	C9%
-	-	0.00	0.00	0.46	0.84	0.00
0	0	0.00	0.00	0.10	0.40	0.00
0	4	0.00	0.00	0.18	0.99	0.00
1	1	0.00	0.00	0.36	0.79	0.00
1	5	0.00	0.02	0.48	1.64	0.00
2	2	0.00	0.01	0.39	0.80	0.00
2	6	0.00	0.00	0.58	0.60	0.00
3	3	0.00	0.00	1.21	0.79	0.00
3	7	0.00	0.00	0.35	0.69	0.00
Core	CPU	C1%	C3%	C6%	C8%	C9%
-	-	0.00	0.01	0.65	1.00	0.00
0	0	0.00	0.00	0.82	2.08	0.00
0	4	0.00	0.00	0.36	0.79	0.00
1	1	0.00	0.00	0.83	0.79	0.00
1	5	0.00	0.02	1.02	1.48	0.00
2	2	0.00	0.00	0.18	0.99	0.00
2	6	0.00	0.00	0.27	0.80	0.00
3	3	0.00	0.07	1.07	0.39	0.00
3	7	0.00	0.00	0.68	0.70	0.00
Core	CPU	C1%	C3%	C6%	C8%	C9%
-	-	0.00	0.01	0.45	0.95	0.00
0	0	0.00	0.00	0.42	1.38	0.00
0	4	0.00	0.00	0.13	1.28	0.00
1	1	0.00	0.00	0.19	0.69	0.00
1	5	0.00	0.00	0.27	1.09	0.00
2	2	0.00	0.00	0.46	0.79	0.00
2	6	0.00	0.00	0.83	0.79	0.00
3	3	0.00	0.05	1.14	0.59	0.00
3	7	0.00	0.00	0.20	0.98	0.00
Core	CPU	C1%	C3%	C6%	C8%	C9%
-	-	0.00	0.00	0.78	1.28	0.00
0	0	0.00	0.00	0.42	1.00	0.00
0	4	0.00	0.00	0.10	0.51	0.00
1	1	0.00	0.00	0.54	1.30	0.00
1	5	0.00	0.00	0.54	1.79	0.00
2	2	0.00	0.00	0.81	1.49	0.00
2	6	0.00	0.00	1.65	1.49	0.00
3	3	0.00	0.02	1.66	0.91	0.00
3	7	0.00	0.00	0.53	1.79	0.00
Core	CPU	C1%	C3%	C6%	C8%	C9%
-	-	0.00	0.14	0.42	0.92	0.00
0	0	0.00	0.00	0.18	0.99	0.00
0	4	0.00	0.00	0.26	0.89	0.00
1	1	0.00	0.00	0.14	1.08	0.00
1	5	0.00	0.02	0.79	0.79	0.00
2	2	0.00	0.00	0.10	0.99	0.00
2	6	0.00	0.00	0.28	0.89	0.00
3	3	0.00	1.11	0.75	0.94	0.00
3	7	0.00	0.00	0.82	0.79	0.00
Core	CPU	C1%	C3%	C6%	C8%	C9%
-	-	0.00	0.01	0.66	1.06	0.00
0	0	0.00	0.00	0.59	1.01	0.00
0	4	0.00	0.00	0.34	1.09	0.00
1	1	0.00	0.02	0.29	0.90	0.00
1	5	0.00	0.00	0.29	0.79	0.00
2	2	0.00	0.00	0.48	1.30	0.00
2	6	0.00	0.00	1.42	1.30	0.00
3	3	0.00	0.08	1.41	0.98	0.00
3	7	0.00	0.01	0.47	1.10	0.00
Core	CPU	C1%	C3%	C6%	C8%	C9%
-	-	0.00	0.02	0.49	0.79	0.00
0	0	0.00	0.00	0.72	0.50	0.00
0	4	0.00	0.00	0.50	0.39	0.00
1	1	0.00	0.00	0.28	0.90	0.00
1	5	0.00	0.00	0.62	0.81	0.00
2	2	0.00	0.00	0.14	1.00	0.00
2	6	0.00	0.10	0.21	1.00	0.00
3	3	0.00	0.03	1.01	0.89	0.00
3	7	0.00	0.00	0.44	0.80	0.00
Core	CPU	C1%	C3%	C6%	C8%	C9%
-	-	0.00	0.01	0.44	0.83	0.00
0	0	0.00	0.02	0.29	0.59	0.00
0	4	0.00	0.00	0.28	0.90	0.00
1	1	0.00	0.00	0.45	0.99	0.00
1	5	0.00	0.00	0.15	0.99	0.00
2	2	0.00	0.02	0.29	1.00	0.00
2	6	0.00	0.00	0.18	1.09	0.00
3	3	0.00	0.06	1.15	0.40	0.00
3	7	0.00	0.00	0.71	0.69	0.00
Core	CPU	C1%	C3%	C6%	C8%	C9%
-	-	0.00	0.01	0.47	0.80	0.00
0	0	0.00	0.00	0.55	0.69	0.00
0	4	0.00	0.00	0.15	0.49	0.00
1	1	0.00	0.00	0.12	0.40	0.00
1	5	0.00	0.00	0.15	0.50	0.00
2	2	0.00	0.00	0.37	1.21	0.00
2	6	0.00	0.00	0.72	1.30	0.00
3	3	0.00	0.05	1.44	0.60	0.00
3	7	0.00	0.00	0.29	1.19	0.00
Core	CPU	C1%	C3%	C6%	C8%	C9%
-	-	0.00	0.01	0.45	1.08	0.00
0	0	0.00	0.00	0.51	2.18	0.00
0	4	0.00	0.02	0.38	0.99	0.00
1	1	0.00	0.00	0.10	0.89	0.00
1	5	0.00	0.00	0.36	1.13	0.00
2	2	0.00	0.00	0.25	0.99	0.00
2	6	0.00	0.00	0.51	0.89	0.00
3	3	0.00	0.03	1.17	0.59	0.00
3	7	0.00	0.00	0.37	0.99	0.00
Core	CPU	C1%	C3%	C6%	C8%	C9%
-	-	0.00	0.19	0.27	0.70	0.00
0	0	0.00	0.00	0.00	0.59	0.00
0	4	0.00	0.00	0.28	0.89	0.00
1	1	0.00	0.00	0.35	0.79	0.00
1	5	0.00	0.00	0.23	0.89	0.00
2	2	0.00	0.00	0.20	0.89	0.00
2	6	0.00	0.00	0.39	0.78	0.00
3	3	0.00	1.51	0.41	0.09	0.00
3	7	0.00	0.00	0.30	0.69	0.00
Core	CPU	C1%	C3%	C6%	C8%	C9%
-	-	0.00	0.00	0.50	1.08	0.00
0	0	0.00	0.00	0.56	1.19	0.00
0	4	0.00	0.00	0.34	1.29	0.00
1	1	0.00	0.00	0.31	0.89	0.00
1	5	0.00	0.00	0.29	1.20	0.00
2	2	0.00	0.00	0.28	1.18	0.00
2	6	0.00	0.00	0.53	0.99	0.00
3	3	0.00	0.03	1.29	0.89	0.00
3	7	0.00	0.00	0.39	0.99	0.00
Core	CPU	C1%	C3%	C6%	C8%	C9%
-	-	0.00	0.01	0.39	0.80	0.00
0	0	0.00	0.00	0.63	0.10	0.00
0	4	0.00	0.01	0.78	0.59	0.00
1	1	0.00	0.00	0.24	0.99	0.00
1	5	0.00	0.00	0.26	0.93	0.00
2	2	0.00	0.00	0.14	0.99	0.00
2	6	0.00	0.02	0.20	0.99	0.00
3	3	0.00	0.01	0.60	0.99	0.00
3	7	0.00	0.00	0.27	0.79	0.00
Core	CPU	C1%	C3%	C6%	C8%	C9%
-	-	0.01	0.05	0.69	4.55	0.08
0	0	0.00	0.00	0.63	0.82	0.00
0	4	0.00	0.02	0.45	1.01	0.00
1	1	0.00	0.00	0.35	0.81	0.00
1	5	0.00	0.02	0.40	1.20	0.00
2	2	0.00	0.00	0.47	1.30	0.00
2	6	0.00	0.03	1.22	1.01	0.00
3	3	0.00	0.05	0.74	0.80	0.00
3	7	0.08	0.25	1.23	29.41	0.63
Core	CPU	C1%	C3%	C6%	C8%	C9%
-	-	0.00	0.01	0.52	0.77	0.00
0	0	0.00	0.00	0.36	0.99	0.00
0	4	0.00	0.00	0.14	1.09	0.00
1	1	0.00	0.02	0.77	0.51	0.00
1	5	0.00	0.00	0.10	0.79	0.00
2	2	0.00	0.00	0.28	1.19	0.00
2	6	0.00	0.00	0.37	0.79	0.00
3	3	0.00	0.00	1.24	0.40	0.00
3	7	0.00	0.03	0.89	0.40	0.00
Core	CPU	C1%	C3%	C6%	C8%	C9%
-	-	0.00	0.02	0.39	0.98	0.00
0	0	0.00	0.00	0.46	1.49	0.00
0	4	0.00	0.00	0.34	1.39	0.00
1	1	0.00	0.00	0.32	0.20	0.00
1	5	0.00	0.00	0.19	0.79	0.00
2	2	0.00	0.00	0.37	1.09	0.00
2	6	0.00	0.00	0.44	0.99	0.00
3	3	0.00	0.18	0.83	0.80	0.00
3	7	0.00	0.00	0.19	1.10	0.00
Core	CPU	C1%	C3%	C6%	C8%	C9%
-	-	0.00	0.19	0.34	1.03	0.00
0	0	0.00	0.00	0.14	1.48	0.00
0	4	0.00	0.12	0.19	0.59	0.00
1	1	0.00	0.00	0.20	0.88	0.00
1	5	0.00	0.00	0.37	1.20	0.00
2	2	0.00	0.00	0.64	1.48	0.00
2	6	0.00	0.00	0.13	1.38	0.00
3	3	0.00	1.44	0.59	0.00	0.04
3	7	0.00	0.00	0.43	1.19	0.00
Core	CPU	C1%	C3%	C6%	C8%	C9%
-	-	0.00	0.01	0.55	0.81	0.00
0	0	0.00	0.04	0.58	0.41	0.00
0	4	0.00	0.02	0.20	0.99	0.00
1	1	0.00	0.00	0.27	0.89	0.00
1	5	0.00	0.00	0.44	1.72	0.00
2	2	0.00	0.01	0.72	0.50	0.00
2	6	0.00	0.00	0.77	0.39	0.00
3	3	0.00	0.05	1.14	0.60	0.00
3	7	0.00	0.00	0.25	0.99	0.00
Core	CPU	C1%	C3%	C6%	C8%	C9%
-	-	0.00	0.00	0.71	1.22	0.00
0	0	0.00	0.00	0.89	0.78	0.00
0	4	0.00	0.01	0.85	2.44	0.00
1	1	0.00	0.00	0.25	0.99	0.00
1	5	0.00	0.00	0.62	1.59	0.00
2	2	0.00	0.00	1.43	1.83	0.00
2	6	0.00	0.00	0.28	0.79	0.00
3	3	0.00	0.01	0.98	0.59	0.00
3	7	0.00	0.00	0.35	0.77	0.00
Core	CPU	C1%	C3%	C6%	C8%	C9%
-	-	0.00	0.01	0.53	0.79	0.00
0	0	0.00	0.00	0.37	0.98	0.00
0	4	0.00	0.01	1.01	0.22	0.00
1	1	0.00	0.00	0.30	0.60	0.00
1	5	0.00	0.00	0.10	0.81	0.00
2	2	0.00	0.00	0.37	0.99	0.00
2	6	0.00	0.00	0.43	0.79	0.00
3	3	0.00	0.10	1.21	0.50	0.00
3	7	0.00	0.00	0.47	1.39	0.00
Core	CPU	C1%	C3%	C6%	C8%	C9%
-	-	0.00	0.00	0.50	0.65	0.13
0	0	0.00	0.00	0.22	0.40	0.00
0	4	0.00	0.00	0.20	0.30	0.00
1	1	0.00	0.00	0.27	0.89	0.00
1	5	0.00	0.00	0.34	1.14	0.00
2	2	0.00	0.00	0.91	0.59	0.00
2	6	0.00	0.00	0.50	0.59	0.00
3	3	0.00	0.02	1.07	0.59	0.00
3	7	0.00	0.00	0.51	0.69	1.01
Core	CPU	C1%	C3%	C6%	C8%	C9%
-	-	0.11	0.01	0.80	1.30	0.13
0	0	0.00	0.00	0.36	1.68	0.00
0	4	0.11	0.01	0.96	1.48	0.00
1	1	0.00	0.00	0.25	0.88	0.00
1	5	0.00	0.00	0.96	1.29	0.00
2	2	0.79	0.00	0.50	0.31	0.00
2	6	0.00	0.00	0.45	1.92	0.00
3	3	0.00	0.02	1.87	1.28	0.00
3	7	0.00	0.01	1.06	1.59	1.01
Core	CPU	C1%	C3%	C6%	C8%	C9%
-	-	0.00	0.13	0.45	0.65	0.00
0	0	0.00	0.00	0.35	0.69	0.00
0	4	0.00	0.00	0.70	0.49	0.00
1	1	0.00	0.00	0.10	0.40	0.00
1	5	0.00	0.00	0.28	0.88	0.00
2	2	0.00	0.00	0.74	0.88	0.00
2	6	0.00	0.00	0.32	0.86	0.00
3	3	0.00	1.00	0.61	0.39	0.00
3	7	0.00	0.02	0.47	0.59	0.00
Core	CPU	C1%	C3%	C6%	C8%	C9%
-	-	0.01	0.01	0.51	0.93	0.05
0	0	0.00	0.00	0.10	0.79	0.00
0	4	0.07	0.00	0.60	1.48	0.00
1	1	0.00	0.00	0.36	0.79	0.00
1	5	0.00	0.00	0.24	0.99	0.00
2	2	0.00	0.01	0.48	0.81	0.00
2	6	0.00	0.00	0.56	1.38	0.00
3	3	0.00	0.03	0.72	0.67	0.00
3	7	0.00	0.04	1.02	0.50	0.38
Core	CPU	C1%	C3%	C6%	C8%	C9%
-	-	0.00	0.00	0.79	1.24	0.00
0	0	0.00	0.00	0.36	1.39	0.00
0	4	0.00	0.00	0.45	1.39	0.00
1	1	0.00	0.00	0.89	0.79	0.00
1	5	0.00	0.02	1.15	1.09	0.00
2	2	0.00	0.00	0.97	1.50	0.00
2	6	0.00	0.00	0.37	1.59	0.00
3	3	0.00	0.00	1.54	0.71	0.00
3	7	0.00	0.00	0.55	1.49	0.00
Core	CPU	C1%	C3%	C6%	C8%	C9%
-	-	0.00	0.01	0.80	1.17	0.03
0	0	0.00	0.00	0.58	1.00	0.00
0	4	0.00	0.00	1.07	1.00	0.00
1	1	0.00	0.02	0.68	0.31	0.00
1	5	0.00	0.00	1.02	1.01	0.00
2	2	0.00	0.00	0.27	0.98	0.00
2	6	0.00	0.00	0.50	1.64	0.00
3	3	0.00	0.05	1.28	0.87	0.00
3	7	0.00	0.03	0.96	2.55	0.24
Core	CPU	C1%	C3%	C6%	C8%	C9%
-	-	0.00	0.00	0.45	0.93	0.00
0	0	0.00	0.02	0.10	0.40	0.00
0	4	0.00	0.00	0.46	1.11	0.00
1	1	0.00	0.00	0.27	0.89	0.00
1	5	0.00	0.00	0.44	0.89	0.00
2	2	0.00	0.00	0.23	0.90	0.00
2	6	0.00	0.00	0.28	1.28	0.00
3	3	0.00	0.00	1.09	0.50	0.00
3	7	0.00	0.00	0.76	1.49	0.00
Core	CPU	C1%	C3%	C6%	C8%	C9%
-	-	0.05	0.01	0.31	0.38	0.12
0	0	0.00	0.00	0.28	0.20	0.00
0	4	0.09	0.00	0.36	0.00	0.00
1	1	0.00	0.00	0.35	0.88	0.00
1	5	0.34	0.00	0.07	0.21	0.00
2	2	0.00	0.00	0.26	0.00	0.00
2	6	0.00	0.00	0.37	0.81	0.00
3	3	0.00	0.01	0.67	0.78	0.00
3	7	0.00	0.03	0.07	0.16	1.00
Core	CPU	C1%	C3%	C6%	C8%	C9%
-	-	0.00	0.27	0.69	0.52	0.00
0	0	0.00	0.00	0.65	0.39	0.00
0	4	0.00	0.05	1.20	0.29	0.00
1	1	0.00	0.00	0.10	0.40	0.00
1	5	0.00	0.00	1.27	0.79	0.00
2	2	0.00	0.00	0.75	0.79	0.00
2	6	0.00	0.00	0.44	1.14	0.00
3	3	0.00	2.07	0.01	0.00	0.00
3	7	0.00	0.00	1.08	0.40	0.00
Core	CPU	C1%	C3%	C6%	C8%	C9%
-	-	0.00	0.01	0.66	0.82	0.00
0	0	0.00	0.00	0.59	1.29	0.00
0	4	0.00	0.04	0.71	0.65	0.00
1	1	0.00	0.00	0.28	0.99	0.00
1	5	0.00	0.00	0.36	0.80	0.00
2	2	0.00	0.00	0.93	0.30	0.00
2	6	0.00	0.01	0.96	1.18	0.00
3	3	0.00	0.00	0.98	0.79	0.00
3	7	0.00	0.00	0.47	0.59	0.00
Core	CPU	C1%	C3%	C6%	C8%	C9%
-	-	0.00	0.01	0.52	1.02	0.00
0	0	0.00	0.00	0.48	0.79	0.00
0	4	0.00	0.00	1.91	1.81	0.00
1	1	0.00	0.00	0.34	1.18	0.00
1	5	0.00	0.02	0.29	1.08	0.00
2	2	0.00	0.00	0.29	0.78	0.00
2	6	0.00	0.00	0.46	1.13	0.00
3	3	0.00	0.00	0.23	0.69	0.00
3	7	0.00	0.02	0.18	0.69	0.00
Core	CPU	C1%	C3%	C6%	C8%	C9%
-	-	0.08	0.00	0.71	1.46	0.00
0	0	0.00	0.00	0.53	0.70	0.00
0	4	0.05	0.03	1.08	0.91	0.00
1	1	0.00	0.00	0.18	0.91	0.00
1	5	0.58	0.00	0.63	1.68	0.00
2	2	0.00	0.00	0.93	1.01	0.00
2	6	0.00	0.00	0.94	2.47	0.00
3	3	0.00	0.00	0.87	2.19	0.00
3	7	0.00	0.00	0.51	1.81	0.00
Core	CPU	C1%	C3%	C6%	C8%	C9%
-	-	0.00	0.01	0.45	1.28	0.00
0	0	0.00	0.00	0.22	1.51	0.00
0	4	0.00	0.05	1.03	1.42	0.00
1	1	0.00	0.01	0.38	1.11	0.00
1	5	0.00	0.00	0.29	1.22	0.00
2	2	0.00	0.00	0.77	1.22	0.00
2	6	0.00	0.00	0.28	1.48	0.00
3	3	0.00	0.00	0.27	0.90	0.00
3	7	0.00	0.00	0.35	1.41	0.00
Core	CPU	C1%	C3%	C6%	C8%	C9%
-	-	0.00	0.00	0.43	1.05	0.00
0	0	0.00	0.00	0.31	0.72	0.00
0	4	0.00	0.02	0.65	1.39	0.00
1	1	0.00	0.00	0.67	1.11	0.00
1	5	0.00	0.00	0.41	1.59	0.00
2	2	0.00	0.01	0.18	0.90	0.00
2	6	0.00	0.00	0.45	1.10	0.00
3	3	0.00	0.00	0.44	0.71	0.00
3	7	0.00	0.00	0.31	0.90	0.00
Core	CPU	C1%	C3%	C6%	C8%	C9%
-	-	0.00	0.20	0.40	0.81	0.00
0	0	0.00	0.00	0.73	0.88	0.00
0	4	0.00	0.02	0.54	1.19	0.00
1	1	0.00	0.02	0.68	0.69	0.00
1	5	0.00	0.00	0.10	0.99	0.00
2	2	0.00	0.00	0.27	0.88	0.00
2	6	0.00	0.00	0.45	0.72	0.00
3	3	0.00	1.58	0.11	0.31	0.00
3	7	0.00	0.00	0.30	0.80	0.00
Core	CPU	C1%	C3%	C6%	C8%	C9%
-	-	0.10	0.02	0.58	2.41	0.00
0	0	0.00	0.00	0.05	0.49	0.00
0	4	0.00	0.05	0.43	0.59	0.00
1	1	0.79	0.00	0.82	0.00	0.00
1	5	0.00	0.00	0.28	0.90	0.00
2	2	0.00	0.00	0.36	0.89	0.00
2	6	0.00	0.00	1.59	0.94	0.00
3	3	0.00	0.01	0.24	1.28	0.00
3	7	0.01	0.13	0.85	14.18	0.00
Core	CPU	C1%	C3%	C6%	C8%	C9%
-	-	0.00	0.01	0.77	2.62	0.00
0	0	0.00	0.00	0.73	0.00	0.00
0	4	0.00	0.01	0.92	0.41	0.00
1	1	0.00	0.00	0.38	1.96	0.00
1	5	0.00	0.00	1.47	1.19	0.00
2	2	0.00	0.00	0.69	1.29	0.00
2	6	0.00	0.00	0.72	1.23	0.00
3	3	0.00	0.00	0.46	0.89	0.00
3	7	0.00	0.05	0.81	14.02	0.00
Core	CPU	C1%	C3%	C6%	C8%	C9%
-	-	0.09	0.01	0.82	1.32	0.00
0	0	0.00	0.02	0.98	1.51	0.00
0	4	0.00	0.02	0.89	0.11	0.00
1	1	0.00	0.00	0.98	3.11	0.00
1	5	0.00	0.00	0.45	0.70	0.00
2	2	0.00	0.00	0.82	0.79	0.00
2	6	0.71	0.01	1.14	2.27	0.00
3	3	0.00	0.00	0.29	0.89	0.00
3	7	0.00	0.00	1.03	1.19	0.00
Core	CPU	C1%	C3%	C6%	C8%	C9%
-	-	0.00	0.01	0.42	1.01	0.00
0	0	0.00	0.00	0.20	1.18	0.00
0	4	0.01	0.01	0.68	0.89	0.00
1	1	0.00	0.00	0.51	1.21	0.00
1	5	0.00	0.02	0.18	0.99	0.00
2	2	0.00	0.00	0.41	0.99	0.00
2	6	0.00	0.00	0.56	1.84	0.00
3	3	0.00	0.00	0.25	0.79	0.00
3	7	0.00	0.03	0.54	0.20	0.00
Core	CPU	C1%	C3%	C6%	C8%	C9%
-	-	0.11	0.01	0.30	0.99	0.00
0	0	0.08	0.01	0.87	0.81	0.00
0	4	0.76	0.00	0.00	0.99	0.00
1	1	0.00	0.06	0.74	0.88	0.00
1	5	0.00	0.00	0.00	0.61	0.00
2	2	0.00	0.03	0.30	0.80	0.00
2	6	0.00	0.02	0.17	1.44	0.00
3	3	0.00	0.00	0.15	1.21	0.00
3	7	0.00	0.00	0.19	1.20	0.00
Core	CPU	C1%	C3%	C6%	C8%	C9%
-	-	0.00	0.19	0.50	0.54	0.00
0	0	0.00	0.01	0.52	0.00	0.00
0	4	0.00	0.00	0.50	0.19	0.00
1	1	0.00	0.01	0.90	0.68	0.00
1	5	0.00	0.00	0.27	0.89	0.00
2	2	0.00	0.00	0.94	0.79	0.00
2	6	0.00	0.00	0.47	0.69	0.00
3	3	0.00	1.48	0.14	0.21	0.00
3	7	0.00	0.02	0.27	0.89	0.00
Core	CPU	C1%	C3%	C6%	C8%	C9%
-	-	0.09	0.01	0.63	0.66	0.00
0	0	0.00	0.00	0.87	0.21	0.00
0	4	0.00	0.03	0.60	0.00	0.00
1	1	0.00	0.02	1.17	0.59	0.00
1	5	0.00	0.00	0.27	0.89	0.00
2	2	0.00	0.00	0.25	0.89	0.00
2	6	0.00	0.00	0.50	1.16	0.00
3	3	0.00	0.00	0.50	0.79	0.00
3	7	0.71	0.00	0.86	0.79	0.00
Core	CPU	C1%	C3%	C6%	C8%	C9%
-	-	0.00	0.00	0.47	0.85	0.00
0	0	0.00	0.01	0.67	0.79	0.00
0	4	0.00	0.00	0.19	0.99	0.00
1	1	0.00	0.00	1.25	0.42	0.00
1	5	0.00	0.00	0.25	0.99	0.00
2	2	0.00	0.02	0.39	0.90	0.00
2	6	0.00	0.00	0.19	1.00	0.00
3	3	0.00	0.00	0.28	0.89	0.00
3	7	0.00	0.00	0.54	0.79	0.00
Core	CPU	C1%	C3%	C6%	C8%	C9%
-	-	0.00	0.01	0.59	0.85	0.00
0	0	0.00	0.00	0.28	1.00	0.00
0	4	0.00	0.00	0.36	1.09	0.00
1	1	0.00	0.05	1.37	0.57	0.00
1	5	0.00	0.02	0.99	0.39	0.00
2	2	0.00	0.00	0.56	0.31	0.00
2	6	0.00	0.00	0.34	0.93	0.00
3	3	0.00	0.00	0.57	1.30	0.00
3	7	0.00	0.00	0.28	1.19	0.00
Core	CPU	C1%	C3%	C6%	C8%	C9%
-	-	0.00	0.00	0.41	0.82	0.00
0	0	0.00	0.00	0.35	0.79	0.00
0	4	0.00	0.00	0.13	0.59	0.00
1	1	0.00	0.00	1.04	0.88	0.00
1	5	0.00	0.00	0.56	0.99	0.00
2	2	0.00	0.00	0.36	0.79	0.00
2	6	0.00	0.00	0.49	0.69	0.00
3	3	0.00	0.00	0.19	0.99	0.00
3	7	0.00	0.00	0.19	0.88	0.00
Core	CPU	C1%	C3%	C6%	C8%	C9%
-	-	0.06	0.01	0.44	0.77	0.00
0	0	0.00	0.00	0.31	0.81	0.00
0	4	0.00	0.02	0.10	0.69	0.00
1	1	0.00	0.04	0.65	0.89	0.00
1	5	0.00	0.00	0.46	0.79	0.00
2	2	0.00	0.00	0.63	0.50	0.00
2	6	0.00	0.00	0.86	0.79	0.00
3	3	0.00	0.00	0.29	0.79	0.00
3	7	0.48	0.00	0.25	0.89	0.00
Core	CPU	C1%	C3%	C6%	C8%	C9%
-	-	0.00	0.08	0.41	0.94	0.00
0	0	0.00	0.00	0.48	0.69	0.00
0	4	0.00	0.00	0.49	1.18	0.00
1	1	0.00	0.04	0.53	1.17	0.00
1	5	0.00	0.00	0.23	1.18	0.00
2	2	0.00	0.00	0.36	0.98	0.00
2	6	0.00	0.00	0.37	0.71	0.00
3	3	0.00	0.59	0.25	0.46	0.00
3	7	0.00	0.00	0.57	1.10	0.00
Core	CPU	C1%	C3%	C6%	C8%	C9%
-	-	0.00	0.01	0.61	0.96	0.00
0	0	0.00	0.00	0.27	1.19	0.00
0	4	0.00	0.00	1.52	0.77	0.00
1	1	0.00	0.05	1.18	0.79	0.00
1	5	0.00	0.00	0.29	1.20	0.00
2	2	0.00	0.00	0.28	0.89	0.00
2	6	0.00	0.00	0.33	1.33	0.00
3	3	0.00	0.00	0.42	0.90	0.00
3	7	0.00	0.00	0.61	0.59	0.00
Core	CPU	C1%	C3%	C6%	C8%	C9%
-	-	0.02	0.00	0.64	0.76	0.00
0	0	0.15	0.00	0.28	0.31	0.00
0	4	0.00	0.00	0.64	0.30	0.00
1	1	0.00	0.01	1.17	0.59	0.00
1	5	0.00	0.00	0.71	1.60	0.00
2	2	0.00	0.00	0.72	0.60	0.00
2	6	0.00	0.00	0.69	1.30	0.00
3	3	0.00	0.00	0.28	0.79	0.00
3	7	0.00	0.00	0.61	0.59	0.00
Core	CPU	C1%	C3%	C6%	C8%	C9%
-	-	0.00	0.01	0.38	0.94	0.00
0	0	0.00	0.01	0.56	0.90	0.00
0	4	0.00	0.00	0.00	0.50	0.00
1	1	0.00	0.02	0.50	1.09	0.00
1	5	0.00	0.03	0.37	1.40	0.00
2	2	0.00	0.00	0.57	0.60	0.00
2	6	0.00	0.00	0.25	1.40	0.00
3	3	0.00	0.00	0.35	0.80	0.00
3	7	0.00	0.00	0.43	0.80	0.00
Core	CPU	C1%	C3%	C6%	C8%	C9%
-	-	0.00	0.00	0.48	1.20	0.00
0	0	0.00	0.00	0.95	1.29	0.00
0	4	0.00	0.00	0.74	0.89	0.00
1	1	0.00	0.03	0.51	1.00	0.00
1	5	0.00	0.00	0.30	0.89	0.00
2	2	0.00	0.00	0.38	1.38	0.00
2	6	0.00	0.00	0.35	1.23	0.00
3	3	0.00	0.00	0.33	1.48	0.00
3	7	0.00	0.00	0.30	1.48	0.00
Core	CPU	C1%	C3%	C6%	C8%	C9%
-	-	0.01	0.00	0.44	0.76	0.00
0	0	0.00	0.00	0.24	0.30	0.00
0	4	0.00	0.00	0.48	0.80	0.00
1	1	0.00	0.01	0.59	0.41	0.00
1	5	0.06	0.01	0.86	1.19	0.00
2	2	0.00	0.00	0.43	0.70	0.00
2	6	0.00	0.00	0.29	0.95	0.00
3	3	0.00	0.00	0.18	1.00	0.00
3	7	0.00	0.00	0.44	0.70	0.00
Core	CPU	C1%	C3%	C6%	C8%	C9%
-	-	0.00	0.20	0.42	0.70	0.00
0	0	0.00	0.01	0.20	0.50	0.00
0	4	0.00	0.00	0.10	0.40	0.00
1	1	0.00	0.05	0.55	1.08	0.00
1	5	0.00	0.00	0.86	0.79	0.00
2	2	0.00	0.00	0.83	0.79	0.00
2	6	0.00	0.00	0.33	0.84	0.00
3	3	0.01	1.57	0.05	0.30	0.00
3	7	0.00	0.00	0.47	0.89	0.00
Core	CPU	C1%	C3%	C6%	C8%	C9%
-	-	0.06	0.01	0.44	0.86	0.00
0	0	0.00	0.00	0.54	0.51	0.00
0	4	0.00	0.00	0.10	0.50	0.00
1	1	0.00	0.02	0.75	1.39	0.00
1	5	0.00	0.00	0.46	0.69	0.00
2	2	0.00	0.00	0.33	1.00	0.00
2	6	0.00	0.02	0.47	1.16	0.00
3	3	0.00	0.00	0.53	0.99	0.00
3	7	0.48	0.00	0.36	0.68	0.00
Core	CPU	C1%	C3%	C6%	C8%	C9%
-	-	0.00	0.00	0.50	1.06	0.00
0	0	0.00	0.00	0.47	0.99	0.00
0	4	0.00	0.00	0.46	0.90	0.00
1	1	0.00	0.00	0.77	1.48	0.00
1	5	0.00	0.00	0.51	0.99	0.00
2	2	0.00	0.00	0.67	0.91	0.00
2	6	0.00	0.00	0.38	0.80	0.00
3	3	0.00	0.00	0.54	1.00	0.00
3	7	0.00	0.00	0.23	1.37	0.00
Core	CPU	C1%	C3%	C6%	C8%	C9%
-	-	0.00	0.00	0.43	0.78	0.00
0	0	0.00	0.00	0.35	1.01	0.00
0	4	0.00	0.00	0.51	0.92	0.00
1	1	0.00	0.02	0.70	0.83	0.00
1	5	0.00	0.00	0.18	0.32	0.00
2	2	0.00	0.00	0.35	0.74	0.00
2	6	0.00	0.00	0.50	0.77	0.00
3	3	0.00	0.00	0.37	0.62	0.00
3	7	0.00	0.00	0.42	1.02	0.00
Core	CPU	C1%	C3%	C6%	C8%	C9%
-	-	0.00	0.00	0.66	0.87	0.00
0	0	0.00	0.00	0.72	0.69	0.00
0	4	0.00	0.01	0.79	0.79	0.00
1	1	0.00	0.01	1.04	1.09	0.00
1	5	0.00	0.00	0.36	0.89	0.00
2	2	0.00	0.00	0.83	0.79	0.00
2	6	0.00	0.02	0.79	0.87	0.00
3	3	0.00	0.00	0.38	0.99	0.00
3	7	0.00	0.00	0.37	0.89	0.00
Core	CPU	C1%	C3%	C6%	C8%	C9%
-	-	0.00	0.01	0.36	1.02	0.00
0	0	0.00	0.00	0.44	1.49	0.00
0	4	0.00	0.00	0.27	0.89	0.00
1	1	0.00	0.02	0.54	1.10	0.00
1	5	0.00	0.00	0.33	0.79	0.00
2	2	0.00	0.00	0.30	0.99	0.00
2	6	0.00	0.00	0.55	1.00	0.00
3	3	0.00	0.00	0.36	0.69	0.00
3	7	0.00	0.03	0.10	1.18	0.00
Core	CPU	C1%	C3%	C6%	C8%	C9%
-	-	0.01	0.24	0.37	4.11	0.00
0	0	0.00	0.00	0.46	0.49	0.00
0	4	0.00	0.00	0.05	0.49	0.00
1	1	0.00	0.03	0.53	0.50	0.00
1	5	0.00	0.00	0.10	0.89	0.00
2	2	0.00	0.00	0.45	0.99	0.00
2	6	0.00	0.00	0.45	0.72	0.00
3	3	0.00	1.68	0.02	0.00	0.00
3	7	0.10	0.20	0.90	28.82	0.00
Core	CPU	C1%	C3%	C6%	C8%	C9%
-	-	0.00	0.00	0.46	0.76	0.00
0	0	0.00	0.00	0.22	0.49	0.00
0	4	0.00	0.00	0.32	0.48	0.00
1	1	0.00	0.02	0.51	0.59	0.00
1	5	0.00	0.00	0.57	0.89	0.00
2	2	0.00	0.00	0.36	0.79	0.00
2	6	0.00	0.00	0.42	0.95	0.00
3	3	0.00	0.02	0.39	1.10	0.00
3	7	0.00	0.00	0.88	0.79	0.00
Core	CPU	C1%	C3%	C6%	C8%	C9%
-	-	0.00	0.00	0.51	0.84	0.00
0	0	0.00	0.00	0.63	0.10	0.00
0	4	0.00	0.00	0.15	0.99	0.00
1	1	0.00	0.00	1.13	0.88	0.00
1	5	0.00	0.00	0.44	0.79	0.00
2	2	0.00	0.00	1.00	0.79	0.00
2	6	0.00	0.00	0.31	1.26	0.00
3	3	0.00	0.00	0.10	0.99	0.00
3	7	0.00	0.00	0.37	0.88	0.00
Core	CPU	C1%	C3%	C6%	C8%	C9%
-	-	0.00	0.01	0.52	0.90	0.00
0	0	0.00	0.01	0.52	0.51	0.00
0	4	0.00	0.03	0.80	1.11	0.00
1	1	0.00	0.02	0.65	0.99	0.00
1	5	0.00	0.00	0.24	1.09	0.00
2	2	0.00	0.01	0.39	0.70	0.00
2	6	0.00	0.00	0.56	1.00	0.00
3	3	0.00	0.00	0.37	0.69	0.00
3	7	0.00	0.00	0.63	1.07	0.00
Core	CPU	C1%	C3%	C6%	C8%	C9%
-	-	0.04	0.00	0.45	1.03	0.07
0	0	0.32	0.00	0.35	1.09	0.00
0	4	0.00	0.00	0.43	1.09	0.00
1	1	0.00	0.02	1.15	0.82	0.53
1	5	0.00	0.00	0.15	0.60	0.00
2	2	0.00	0.00	0.37	1.03	0.00
2	6	0.00	0.00	0.34	1.77	0.00
3	3	0.00	0.00	0.31	1.10	0.00
3	7	0.00	0.00	0.53	0.70	0.00
Core	CPU	C1%	C3%	C6%	C8%	C9%
-	-	0.00	0.01	0.40	1.19	0.00
0	0	0.00	0.00	0.55	1.20	0.00
0	4	0.00	0.00	0.45	1.10	0.00
1	1	0.00	0.05	0.51	1.49	0.00
1	5	0.00	0.00	0.23	1.30	0.00
2	2	0.00	0.02	0.80	0.80	0.00
2	6	0.00	0.00	0.18	1.06	0.00
3	3	0.00	0.00	0.19	1.30	0.00
3	7	0.00	0.00	0.28	1.30	0.00
Core	CPU	C1%	C3%	C6%	C8%	C9%
-	-	0.00	0.19	0.56	0.69	0.00
0	0	0.00	0.02	0.10	0.50	0.00
0	4	0.00	0.00	0.68	0.70	0.00
1	1	0.00	0.02	1.06	0.50	0.00
1	5	0.00	0.00	0.36	0.89	0.00
2	2	0.00	0.00	0.99	1.09	0.00
2	6	0.00	0.02	0.79	0.86	0.00
3	3	0.00	1.48	0.13	0.00	0.00
3	7	0.00	0.00	0.36	0.99	0.00
Core	CPU	C1%	C3%	C6%	C8%	C9%
-	-	0.00	0.00	0.53	1.12	0.00
0	0	0.00	0.00	0.65	2.49	0.00
0	4	0.00	0.00	0.29	0.99	0.00
1	1	0.00	0.02	1.33	0.49	0.00
1	5	0.00	0.00	0.24	1.18	0.00
2	2	0.00	0.02	0.39	0.89	0.00
2	6	0.00	0.00	0.85	1.50	0.00
3	3	0.00	0.00	0.47	0.69	0.00
3	7	0.00	0.00	0.05	0.69	0.00
Core	CPU	C1%	C3%	C6%	C8%	C9%
-	-	0.00	0.00	0.42	0.85	0.00
0	0	0.00	0.00	0.35	1.01	0.00
0	4	0.00	0.00	0.71	1.11	0.00
1	1	0.00	0.01	0.65	0.89	0.00
1	5	0.00	0.00	0.25	0.31	0.00
2	2	0.00	0.00	0.36	0.81	0.00
2	6	0.00	0.00	0.33	0.85	0.00
3	3	0.00	0.00	0.40	1.02	0.00
3	7	0.00	0.00	0.27	0.82	0.00
Core	CPU	C1%	C3%	C6%	C8%	C9%
-	-	0.00	0.01	0.43	0.76	0.00
0	0	0.00	0.00	0.35	0.69	0.00
0	4	0.00	0.00	0.61	0.59	0.00
1	1	0.00	0.05	0.88	0.11	0.00
1	5	0.00	0.00	0.18	0.98	0.00
2	2	0.00	0.00	0.35	0.79	0.00
2	6	0.00	0.00	0.51	0.76	0.00
3	3	0.00	0.00	0.28	1.38	0.00
3	7	0.00	0.00	0.27	0.78	0.00
Core	CPU	C1%	C3%	C6%	C8%	C9%
-	-	0.00	0.01	0.43	0.76	0.00
0	0	0.00	0.01	0.29	0.30	0.00
0	4	0.00	0.00	0.27	0.90	0.00
1	1	0.00	0.02	0.65	0.81	0.00
1	5	0.00	0.00	0.52	0.99	0.00
2	2	0.00	0.01	0.67	0.90	0.00
2	6	0.00	0.00	0.38	0.70	0.00
3	3	0.00	0.00	0.45	0.50	0.00
3	7	0.00	0.00	0.22	0.98	0.00
Core	CPU	C1%	C3%	C6%	C8%	C9%
-	-	0.00	0.01	0.61	0.69	0.00
0	0	0.00	0.00	0.52	1.31	0.00
0	4	0.00	0.00	0.36	1.09	0.00
1	1	0.00	0.04	0.94	0.00	0.00
1	5	0.00	0.02	0.68	0.00	0.00
2	2	0.00	0.00	0.29	0.99	0.00
2	6	0.00	0.00	0.54	1.11	0.00
3	3	0.00	0.00	0.74	0.50	0.00
3	7	0.00	0.01	0.79	0.50	0.00
Core	CPU	C1%	C3%	C6%	C8%	C9%
-	-	0.00	0.22	0.38	0.60	0.00
0	0	0.00	0.00	0.85	0.49	0.00
0	4	0.00	0.00	0.04	0.59	0.00
1	1	0.00	0.04	0.66	0.59	0.00
1	5	0.00	0.00	0.49	0.69	0.00
2	2	0.00	0.00	0.36	0.79	0.00
2	6	0.00	0.00	0.44	0.74	0.00
3	3	0.00	1.70	0.00	0.00	0.00
3	7	0.00	0.01	0.20	0.89	0.00
Core	CPU	C1%	C3%	C6%	C8%	C9%
-	-	0.00	0.01	0.69	0.66	0.00
0	0	0.00	0.00	0.53	0.00	0.00
0	4	0.00	0.01	0.60	0.00	0.00
1	1	0.00	0.02	1.15	0.98	0.00
1	5	0.00	0.00	0.36	0.89	0.00
2	2	0.00	0.00	0.83	0.79	0.00
2	6	0.00	0.02	0.37	1.26	0.00
3	3	0.00	0.00	0.69	0.39	0.00
3	7	0.00	0.00	1.01	0.99	0.00
Core	CPU	C1%	C3%	C6%	C8%	C9%
-	-	0.00	0.00	0.41	0.84	0.00
0	0	0.00	0.00	0.40	0.49	0.00
0	4	0.00	0.00	0.38	0.78	0.00
1	1	0.00	0.01	0.87	1.08	0.00
1	5	0.00	0.00	0.32	1.00	0.00
2	2	0.00	0.00	0.20	0.89	0.00
2	6	0.00	0.00	0.39	0.70	0.00
3	3	0.00	0.00	0.49	0.69	0.00
3	7	0.00	0.00	0.24	1.09	0.00
Core	CPU	C1%	C3%	C6%	C8%	C9%
-	-	0.00	0.00	0.52	0.97	0.00
0	0	0.00	0.00	0.59	1.60	0.00
0	4	0.00	0.00	0.36	0.99	0.00
1	1	0.00	0.00	1.14	0.39	0.00
1	5	0.00	0.03	0.70	0.11	0.00
2	2	0.00	0.00	0.18	0.98	0.00
2	6	0.00	0.00	0.43	1.23	0.00
3	3	0.00	0.00	0.23	1.09	0.00
3	7	0.00	0.00	0.55	1.39	0.00
Core	CPU	C1%	C3%	C6%	C8%	C9%
-	-	0.00	0.01	0.48	0.71	0.00
0	0	0.00	0.00	0.70	0.00	0.00
0	4	0.00	0.02	0.49	0.38	0.00
1	1	0.00	0.01	0.50	1.08	0.00
1	5	0.00	0.00	0.46	0.79	0.00
2	2	0.00	0.00	0.62	0.90	0.00
2	6	0.00	0.02	0.19	0.97	0.00
3	3	0.00	0.00	0.29	0.99	0.00
3	7	0.00	0.00	0.56	0.59	0.00
Core	CPU	C1%	C3%	C6%	C8%	C9%
-	-	0.00	0.00	0.52	0.69	0.00
0	0	0.00	0.00	0.58	0.10	0.00
0	4	0.00	0.00	0.68	0.49	0.00
1	1	0.00	0.01	0.75	0.89	0.00
1	5	0.00	0.00	0.14	0.99	0.00
2	2	0.00	0.01	0.39	0.69	0.00
2	6	0.00	0.00	0.47	0.70	0.00
3	3	0.00	0.00	0.36	0.88	0.00
3	7	0.00	0.00	0.82	0.79	0.00
Core	CPU	C1%	C3%	C6%	C8%	C9%
-	-	0.00	0.25	0.45	1.02	0.00
0	0	0.00	0.00	0.96	1.28	0.00
0	4	0.00	0.00	0.35	1.28	0.00
1	1	0.00	0.03	1.01	0.49	0.00
1	5	0.00	0.00	0.10	1.09	0.00
2	2	0.00	0.00	0.77	1.28	0.00
2	6	0.00	0.00	0.25	1.31	0.00
3	3	0.00	1.98	0.02	0.00	0.00
3	7	0.00	0.00	0.18	1.39	0.00
Core	CPU	C1%	C3%	C6%	C8%	C9%
-	-	0.00	0.01	0.49	0.70	0.00
0	0	0.00	0.00	0.82	1.30	0.00
0	4	0.00	0.00	0.13	0.40	0.00
1	1	0.00	0.01	0.63	0.51	0.00
1	5	0.00	0.02	0.45	0.70	0.00
2	2	0.00	0.00	0.51	0.50	0.00
2	6	0.00	0.00	0.57	0.94	0.00
3	3	0.00	0.01	0.46	0.50	0.00
3	7	0.00	0.00	0.35	0.80	0.00
Core	CPU	C1%	C3%	C6%	C8%	C9%
-	-	0.01	0.00	0.65	0.60	0.00
0	0	0.00	0.00	0.62	0.00	0.00
0	4	0.10	0.01	0.75	0.10	0.00
1	1	0.00	0.01	1.28	0.70	0.00
1	5	0.00	0.00	0.27	0.99	0.00
2	2	0.00	0.00	0.84	0.79	0.00
2	6	0.00	0.00	0.52	0.66	0.00
3	3	0.00	0.00	0.10	1.19	0.00
3	7	0.00	0.00	0.85	0.39	0.00
Core	CPU	C1%	C3%	C6%	C8%	C9%
-	-	0.00	0.01	0.35	0.77	0.00
0	0	0.00	0.02	0.50	0.00	0.00
0	4	0.00	0.00	0.30	0.59	0.00
1	1	0.00	0.04	0.67	1.21	0.00
1	5	0.00	0.00	0.25	0.99	0.00
2	2	0.00	0.00	0.32	0.79	0.00
2	6	0.00	0.00	0.27	0.90	0.00
3	3	0.00	0.00	0.28	0.79	0.00
3	7	0.00	0.00	0.24	0.89	0.00
Core	CPU	C1%	C3%	C6%	C8%	C9%
-	-	0.01	0.03	0.67	2.96	0.00
0	0	0.07	0.00	0.77	0.99	0.00
0	4	0.00	0.00	0.36	0.99	0.00
1	1	0.00	0.01	1.16	0.79	0.00
1	5	0.00	0.02	0.20	1.38	0.00
2	2	0.00	0.00	0.74	0.51	0.00
2	6	0.00	0.00	0.47	0.69	0.00
3	3	0.00	0.00	0.35	0.98	0.00
3	7	0.01	0.23	1.33	17.39	0.00
Core	CPU	C1%	C3%	C6%	C8%	C9%
-	-	0.00	0.02	0.83	1.98	0.00
0	0	0.00	0.03	0.75	0.82	0.00
0	4	0.00	0.04	1.07	1.05	0.00
1	1	0.00	0.02	0.55	1.27	0.00
1	5	0.00	0.05	0.27	0.79	0.00
2	2	0.00	0.00	0.69	0.79	0.00
2	6	0.00	0.02	0.91	0.42	0.00
3	3	0.00	0.02	0.92	0.79	0.00
3	7	0.00	0.01	1.47	9.91	0.00
Core	CPU	C1%	C3%	C6%	C8%	C9%
-	-	0.00	0.20	0.49	0.50	0.00
0	0	0.00	0.00	0.65	0.19	0.00
0	4	0.00	0.00	0.24	0.49	0.00
1	1	0.00	0.03	0.98	0.11	0.00
1	5	0.00	0.00	0.39	0.79	0.00
2	2	0.00	0.00	0.36	0.79	0.00
2	6	0.00	0.00	0.44	0.74	0.00
3	3	0.00	1.59	0.00	0.01	0.00
3	7	0.00	0.00	0.87	0.89	0.00
Core	CPU	C1%	C3%	C6%	C8%	C9%
-	-	0.02	0.00	0.69	0.70	0.00
0	0	0.15	0.00	0.21	0.41	0.00
0	4	0.00	0.00	0.76	0.80	0.00
1	1	0.00	0.02	0.58	1.00	0.00
1	5	0.00	0.00	0.36	0.79	0.00
2	2	0.00	0.00	1.38	0.44	0.00
2	6	0.00	0.01	0.97	1.18	0.00
3	3	0.00	0.00	0.68	0.50	0.00
3	7	0.00	0.00	0.54	0.49	0.00
Core	CPU	C1%	C3%	C6%	C8%	C9%
-	-	0.00	0.01	0.98	1.07	0.00
0	0	0.00	0.00	0.58	0.79	0.00
0	4	0.00	0.00	0.36	0.89	0.00
1	1	0.00	0.01	1.79	1.50	0.00
1	5	0.00	0.02	1.66	2.00	0.00
2	2	0.00	0.00	0.58	0.49	0.00
2	6	0.00	0.00	0.64	2.00	0.00
3	3	0.00	0.00	1.09	0.58	0.00
3	7	0.00	0.02	1.14	0.30	0.00
Core	CPU	C1%	C3%	C6%	C8%	C9%
-	-	0.00	0.00	0.56	1.55	0.00
0	0	0.00	0.00	1.16	2.00	0.00
0	4	0.00	0.00	0.23	0.41	0.00
1	1	0.00	0.02	0.49	1.28	0.00
1	5	0.00	0.00	0.37	1.60	0.00
2	2	0.00	0.00	0.61	1.41	0.00
2	6	0.00	0.00	0.64	2.51	0.00
3	3	0.00	0.00	0.63	2.11	0.00
3	7	0.00	0.00	0.37	1.11	0.00
Core	CPU	C1%	C3%	C6%	C8%	C9%
-	-	0.00	0.01	0.27	0.74	0.00
0	0	0.00	0.00	0.04	0.49	0.00
0	4	0.00	0.00	0.03	0.59	0.00
1	1	0.00	0.04	1.01	0.11	0.00
1	5	0.00	0.00	0.19	0.99	0.00
2	2	0.00	0.00	0.36	0.80	0.00
2	6	0.00	0.00	0.24	0.93	0.00
3	3	0.00	0.02	0.10	1.00	0.00
3	7	0.00	0.00	0.20	0.99	0.00
Core	CPU	C1%	C3%	C6%	C8%	C9%
-	-	0.00	0.00	0.40	1.14	0.00
0	0	0.00	0.00	0.31	0.41	0.00
0	4	0.00	0.02	0.19	0.31	0.00
1	1	0.00	0.01	0.58	2.26	0.00
1	5	0.00	0.00	0.53	1.02	0.00
2	2	0.00	0.00	0.42	1.40	0.00
2	6	0.00	0.00	0.38	0.98	0.00
3	3	0.00	0.00	0.37	1.31	0.00
3	7	0.00	0.00	0.44	1.40	0.00
Core	CPU	C1%	C3%	C6%	C8%	C9%
-	-	0.00	0.21	1.39	1.09	0.00
0	0	0.00	0.01	2.87	1.48	0.00
0	4	0.00	0.00	0.29	1.08	0.00
1	1	0.00	0.02	0.97	1.07	0.00
1	5	0.00	0.07	2.06	1.92	0.00
2	2	0.00	0.01	0.20	0.89	0.00
2	6	0.00	0.09	1.96	0.91	0.00
3	3	0.00	1.50	1.79	0.63	0.00
3	7	0.00	0.00	0.98	0.70	0.00
