Core	CPU	C1%	C3%	C6%	C8%	C9%
-	-	0.16	0.01	2.52	10.57	0.00
0	0	0.00	0.00	4.62	59.26	0.00
0	4	0.00	0.00	1.44	0.40	0.00
1	1	0.07	0.03	3.17	14.65	0.00
1	5	0.62	0.01	0.79	0.49	0.00
2	2	0.00	0.03	4.79	6.32	0.00
2	6	0.61	0.00	2.03	2.18	0.00
3	3	0.00	0.00	2.05	0.40	0.00
3	7	0.00	0.01	1.20	0.60	0.00
Core	CPU	C1%	C3%	C6%	C8%	C9%
-	-	0.08	0.03	1.32	2.50	0.00
0	0	0.00	0.12	1.96	4.40	0.00
0	4	0.00	0.00	0.09	0.60	0.00
1	1	0.00	0.03	3.10	6.61	0.00
1	5	0.00	0.00	0.97	0.00	0.00
2	2	0.00	0.08	3.07	6.21	0.00
2	6	0.51	0.00	0.00	0.00	0.00
3	3	0.14	0.00	0.82	1.69	0.00
3	7	0.00	0.01	0.57	0.50	0.00
Core	CPU	C1%	C3%	C6%	C8%	C9%
-	-	0.10	0.01	1.10	1.35	0.00
0	0	0.00	0.02	1.44	0.61	0.00
0	4	0.00	0.00	0.36	0.99	0.00
1	1	0.00	0.01	2.59	2.58	0.00
1	5	0.00	0.00	0.96	1.88	0.00
2	2	0.80	0.00	1.14	3.13	0.00
2	6	0.00	0.00	0.62	0.20	0.00
3	3	0.00	0.03	1.41	1.19	0.00
3	7	0.00	0.00	0.30	0.20	0.00
Core	CPU	C1%	C3%	C6%	C8%	C9%
-	-	0.00	0.01	0.63	1.11	0.43
0	0	0.00	0.00	0.48	1.43	0.00
0	4	0.00	0.00	0.92	1.10	0.00
1	1	0.00	0.00	0.62	1.51	0.00
1	5	0.00	0.02	0.82	1.01	0.00
2	2	0.00	0.01	0.68	1.21	0.00
2	6	0.00	0.00	0.20	0.31	0.00
3	3	0.00	0.00	0.87	1.51	0.00
3	7	0.00	0.00	0.48	0.81	3.44
Core	CPU	C1%	C3%	C6%	C8%	C9%
-	-	0.00	0.00	0.36	0.93	0.07
0	0	0.00	0.00	0.22	0.71	0.00
0	4	0.00	0.02	0.18	0.50	0.00
1	1	0.00	0.00	0.09	0.41	0.00
1	5	0.00	0.01	0.58	1.01	0.00
2	2	0.00	0.00	0.43	1.60	0.00
2	6	0.00	0.00	0.41	1.30	0.00
3	3	0.00	0.00	0.58	1.12	0.00
3	7	0.00	0.00	0.37	0.82	0.55
Core	CPU	C1%	C3%	C6%	C8%	C9%
-	-	0.10	0.01	0.71	1.44	0.00
0	0	0.00	0.00	0.28	1.09	0.00
0	4	0.00	0.00	0.76	1.30	0.00
1	1	0.00	0.01	0.47	1.69	0.00
1	5	0.00	0.02	1.18	2.07	0.00
2	2	0.59	0.00	0.47	0.99	0.00
2	6	0.00	0.03	1.29	1.70	0.00
3	3	0.19	0.00	0.82	1.79	0.00
3	7	0.00	0.00	0.41	0.92	0.00
Core	CPU	C1%	C3%	C6%	C8%	C9%
-	-	0.00	0.00	0.38	1.00	0.00
0	0	0.00	0.00	0.36	0.81	0.00
0	4	0.00	0.00	0.45	1.10	0.00
1	1	0.00	0.00	0.23	0.44	0.00
1	5	0.00	0.02	0.43	0.99	0.00
2	2	0.00	0.00	0.26	1.01	0.00
2	6	0.00	0.00	0.46	1.31	0.00
3	3	0.00	0.00	0.44	1.01	0.00
3	7	0.00	0.00	0.41	1.31	0.00
Core	CPU	C1%	C3%	C6%	C8%	C9%
-	-	0.00	0.01	0.46	1.22	0.00
0	0	0.00	0.00	0.95	1.79	0.00
0	4	0.00	0.00	0.35	1.19	0.00
1	1	0.00	0.02	0.13	0.40	0.00
1	5	0.00	0.06	0.47	1.89	0.00
2	2	0.00	0.00	0.77	1.00	0.00
2	6	0.00	0.00	0.37	0.99	0.00
3	3	0.00	0.00	0.25	1.18	0.00
3	7	0.03	0.03	0.39	1.30	0.00
Core	CPU	C1%	C3%	C6%	C8%	C9%
-	-	0.00	0.00	0.57	0.94	0.00
0	0	0.00	0.00	0.75	1.50	0.00
0	4	0.00	0.00	0.54	1.41	0.00
1	1	0.00	0.03	0.50	0.00	0.00
1	5	0.00	0.00	1.01	0.51	0.00
2	2	0.00	0.00	0.28	1.10	0.00
2	6	0.00	0.00	0.44	1.10	0.00
3	3	0.00	0.00	0.14	1.09	0.00
3	7	0.00	0.00	0.89	0.79	0.00
Core	CPU	C1%	C3%	C6%	C8%	C9%
-	-	0.00	0.02	0.38	0.75	0.00
0	0	0.00	0.00	0.35	0.98	0.00
0	4	0.00	0.00	0.14	1.08	0.00
1	1	0.00	0.00	0.59	0.29	0.00
1	5	0.00	0.01	0.60	0.99	0.00
2	2	0.00	0.00	0.36	0.87	0.00
2	6	0.00	0.10	0.34	0.01	0.00
3	3	0.00	0.01	0.38	0.89	0.00
3	7	0.00	0.00	0.29	0.88	0.00
Core	CPU	C1%	C3%	C6%	C8%	C9%
-	-	0.00	0.00	0.60	1.18	0.00
0	0	0.00	0.00	0.22	0.50	0.00
0	4	0.00	0.00	0.19	1.87	0.00
1	1	0.00	0.00	0.28	0.99	0.00
1	5	0.00	0.01	0.47	1.10	0.00
2	2	0.00	0.01	0.81	0.00	0.00
2	6	0.00	0.00	1.57	1.75	0.00
3	3	0.00	0.00	0.80	2.49	0.00
3	7	0.00	0.00	0.45	0.69	0.00
Core	CPU	C1%	C3%	C6%	C8%	C9%
-	-	1.20	3.84	26.87	9.20	0.00
0	0	1.06	4.54	29.19	9.06	0.00
0	4	0.81	3.29	25.83	16.40	0.00
1	1	0.96	3.74	19.79	11.32	0.00
1	5	1.56	4.21	28.84	9.19	0.00
2	2	1.41	3.22	29.03	8.71	0.00
2	6	1.65	4.86	31.09	4.15	0.00
3	3	1.50	3.94	30.94	9.12	0.00
3	7	0.70	3.01	20.78	5.84	0.00
Core	CPU	C1%	C3%	C6%	C8%	C9%
-	-	1.10	8.32	46.67	8.81	0.11
0	0	2.03	10.74	45.63	6.67	0.00
0	4	0.78	5.55	41.19	7.80	0.01
1	1	0.76	8.21	40.74	10.33	0.00
1	5	1.06	8.93	53.44	7.53	0.00
2	2	1.31	7.64	49.66	11.30	0.00
2	6	0.89	8.27	42.07	7.96	0.84
3	3	0.97	7.50	51.59	9.82	0.00
3	7	0.96	9.54	48.24	8.91	0.00
Core	CPU	C1%	C3%	C6%	C8%	C9%
-	-	0.84	7.23	51.24	7.86	0.16
0	0	1.48	8.60	47.39	5.66	0.45
0	4	0.44	7.84	54.93	8.25	0.00
1	1	0.64	9.59	51.80	5.83	0.01
1	5	0.97	5.75	51.36	8.41	0.81
2	2	0.92	6.81	56.95	6.70	0.00
2	6	0.58	5.74	45.43	11.40	0.00
3	3	0.80	5.42	48.02	10.72	0.00
3	7	0.91	8.11	54.02	5.91	0.01
Core	CPU	C1%	C3%	C6%	C8%	C9%
-	-	1.90	8.97	41.58	5.30	0.00
0	0	2.13	11.44	43.45	1.77	0.00
0	4	1.63	7.44	37.74	11.50	0.00
1	1	1.88	10.30	45.06	3.41	0.00
1	5	2.11	8.80	44.43	3.90	0.00
2	2	1.79	8.80	40.97	5.94	0.00
2	6	2.13	8.46	42.12	3.70	0.00
3	3	1.79	8.23	39.87	5.72	0.00
3	7	1.73	8.28	39.00	6.47	0.00
Core	CPU	C1%	C3%	C6%	C8%	C9%
-	-	0.85	8.15	49.07	11.99	0.05
0	0	0.88	8.86	48.33	9.83	0.00
0	4	0.52	7.78	49.31	9.66	0.00
1	1	1.05	8.03	50.67	11.15	0.04
1	5	0.58	7.23	48.96	17.11	0.00
2	2	0.49	8.62	50.34	11.07	0.00
2	6	1.78	9.87	44.28	8.31	0.32
3	3	0.95	7.66	49.89	15.91	0.00
3	7	0.53	7.19	50.88	12.90	0.00
Core	CPU	C1%	C3%	C6%	C8%	C9%
-	-	0.83	9.68	51.78	6.88	0.12
0	0	1.00	10.78	48.02	6.12	0.05
0	4	0.27	9.10	52.93	8.45	0.00
1	1	0.92	9.14	54.91	5.62	0.00
1	5	1.03	8.77	53.40	8.05	0.00
2	2	1.14	9.58	52.72	7.19	0.00
2	6	0.68	11.66	45.71	5.34	0.92
3	3	0.74	9.75	54.37	7.34	0.00
3	7	0.89	8.63	52.11	6.94	0.00
Core	CPU	C1%	C3%	C6%	C8%	C9%
-	-	0.81	9.64	46.03	7.45	0.32
0	0	1.14	10.47	46.25	7.89	0.00
0	4	0.70	8.14	48.76	8.08	0.00
1	1	0.95	11.29	49.61	6.66	0.00
1	5	1.01	6.96	46.40	8.99	0.00
2	2	0.34	8.52	45.05	5.73	0.00
2	6	0.86	13.18	39.02	3.85	1.28
3	3	0.77	9.24	43.39	11.26	0.00
3	7	0.70	9.32	49.87	7.12	1.29
Core	CPU	C1%	C3%	C6%	C8%	C9%
-	-	0.70	7.33	40.76	11.85	0.92
0	0	0.96	8.54	41.89	10.83	0.00
0	4	0.67	6.99	40.33	8.98	0.00
1	1	0.75	7.26	44.50	11.68	0.11
1	5	0.55	6.89	41.62	9.91	0.00
2	2	0.38	6.53	36.19	9.90	0.00
2	6	0.85	8.72	40.92	8.42	7.21
3	3	0.87	7.50	40.51	13.75	0.00
3	7	0.55	6.21	40.12	21.32	0.00
Core	CPU	C1%	C3%	C6%	C8%	C9%
-	-	1.24	9.72	50.44	5.44	0.09
0	0	1.50	11.30	45.99	3.10	0.00
0	4	1.14	9.41	49.77	7.16	0.00
1	1	1.32	9.81	55.95	2.61	0.68
1	5	1.08	8.03	53.74	5.97	0.00
2	2	0.72	8.56	57.38	6.23	0.01
2	6	1.25	11.67	43.18	4.15	0.00
3	3	1.03	8.07	49.15	10.08	0.00
3	7	1.91	10.92	48.19	4.20	0.00
Core	CPU	C1%	C3%	C6%	C8%	C9%
-	-	1.47	12.56	46.79	3.40	0.03
0	0	2.22	15.34	41.90	1.29	0.00
0	4	0.53	10.03	50.18	7.06	0.00
1	1	2.06	12.51	48.82	1.20	0.00
1	5	1.55	12.68	47.33	4.88	0.00
2	2	1.20	11.99	48.63	2.48	0.00
2	6	1.96	12.76	41.81	2.42	0.19
3	3	1.00	12.92	51.63	2.25	0.01
3	7	1.22	12.23	44.00	5.60	0.00
Core	CPU	C1%	C3%	C6%	C8%	C9%
-	-	1.45	13.75	44.66	2.15	0.05
0	0	1.89	16.04	38.18	1.41	0.00
0	4	0.95	12.32	46.34	2.55	0.09
1	1	1.10	14.22	46.88	2.15	0.00
1	5	1.19	14.29	46.55	2.14	0.00
2	2	1.29	13.38	48.12	1.84	0.00
2	6	1.65	13.74	41.77	3.36	0.34
3	3	1.66	12.35	47.69	2.29	0.00
3	7	1.86	13.64	41.78	1.51	0.00
Core	CPU	C1%	C3%	C6%	C8%	C9%
-	-	2.03	11.63	41.60	9.27	0.04
0	0	2.91	14.19	33.36	9.46	0.09
0	4	1.36	10.58	43.94	10.38	0.00
1	1	2.08	11.08	42.35	12.64	0.00
1	5	1.70	12.49	44.22	8.69	0.03
2	2	1.74	9.89	47.29	10.46	0.00
2	6	2.56	11.73	40.54	10.40	0.22
3	3	2.05	10.52	41.39	2.47	0.00
3	7	1.83	12.54	39.64	9.63	0.00
Core	CPU	C1%	C3%	C6%	C8%	C9%
-	-	1.71	14.91	43.49	1.83	0.00
0	0	2.72	17.31	35.76	0.35	0.00
0	4	1.02	14.53	42.42	2.09	0.00
1	1	1.98	14.23	44.86	2.33	0.00
1	5	1.77	13.89	46.42	1.72	0.00
2	2	1.71	15.60	41.83	2.81	0.00
2	6	1.61	13.57	45.80	2.49	0.00
3	3	1.85	16.16	41.53	0.57	0.00
3	7	0.99	13.99	49.25	2.27	0.00
Core	CPU	C1%	C3%	C6%	C8%	C9%
-	-	1.12	10.38	50.13	5.20	0.08
0	0	1.52	12.01	44.09	3.86	0.00
0	4	0.47	9.77	52.36	3.78	0.00
1	1	0.97	10.11	51.72	5.00	0.01
1	5	0.90	10.61	49.60	8.48	0.00
2	2	1.16	9.53	50.32	7.23	0.00
2	6	1.06	10.84	48.44	5.89	0.42
3	3	1.26	9.27	53.81	3.24	0.21
3	7	1.66	10.86	50.72	4.10	0.00
Core	CPU	C1%	C3%	C6%	C8%	C9%
-	-	0.98	9.29	50.56	5.87	0.00
0	0	0.96	10.56	45.98	5.15	0.01
0	4	0.51	9.39	53.18	7.95	0.00
1	1	1.04	9.37	52.15	4.90	0.00
1	5	0.84	9.21	49.02	8.58	0.00
2	2	1.13	8.73	51.31	6.62	0.00
2	6	1.66	9.68	52.88	3.33	0.00
3	3	0.83	7.81	53.53	5.21	0.00
3	7	0.91	9.53	46.43	5.20	0.00
Core	CPU	C1%	C3%	C6%	C8%	C9%
-	-	1.45	10.78	47.78	5.64	0.03
0	0	2.30	14.38	39.95	2.13	0.00
0	4	0.85	8.08	50.31	8.88	0.00
1	1	1.31	9.31	50.90	6.55	0.00
1	5	1.57	11.91	46.28	3.91	0.21
2	2	1.76	10.79	47.35	6.81	0.00
2	6	1.32	10.28	50.50	5.60	0.00
3	3	1.07	10.63	47.23	4.93	0.00
3	7	1.42	10.87	49.66	6.28	0.00
Core	CPU	C1%	C3%	C6%	C8%	C9%
-	-	1.54	12.72	46.62	3.46	0.00
0	0	1.47	15.41	41.78	2.07	0.00
0	4	1.70	11.98	49.51	4.22	0.00
1	1	1.54	12.35	46.61	3.16	0.00
1	5	1.46	13.64	48.55	2.80	0.00
2	2	1.47	11.52	48.53	3.33	0.00
2	6	1.12	12.87	47.91	3.37	0.00
3	3	2.40	12.08	43.90	3.51	0.03
3	7	1.16	11.91	46.19	5.24	0.00
Core	CPU	C1%	C3%	C6%	C8%	C9%
-	-	1.69	11.99	45.93	2.91	0.00
0	0	2.40	16.20	37.56	2.01	0.00
0	4	0.66	8.83	52.78	3.90	0.00
1	1	1.52	11.40	47.36	3.26	0.00
1	5	2.04	11.30	46.35	2.02	0.00
2	2	1.91	11.46	46.01	4.06	0.00
2	6	0.99	11.17	47.46	4.36	0.00
3	3	1.45	11.07	47.19	2.28	0.00
3	7	2.56	14.43	42.70	1.43	0.00
Core	CPU	C1%	C3%	C6%	C8%	C9%
-	-	1.15	10.05	45.33	10.87	0.16
0	0	1.27	10.78	46.49	9.64	0.00
0	4	1.05	9.05	47.75	13.25	0.00
1	1	0.90	10.71	44.70	12.44	0.11
1	5	1.54	8.52	48.67	10.31	0.00
2	2	1.06	10.68	43.29	13.89	0.00
2	6	1.63	11.48	36.31	4.39	0.82
3	3	0.99	10.41	46.16	10.78	0.21
3	7	0.74	8.75	49.32	12.24	0.11
Core	CPU	C1%	C3%	C6%	C8%	C9%
-	-	0.81	7.50	54.79	7.91	0.09
0	0	1.41	9.47	51.90	3.52	0.00
0	4	0.68	5.29	54.77	6.96	0.01
1	1	0.79	7.60	54.68	11.46	0.00
1	5	0.46	7.35	57.18	7.69	0.00
2	2	0.85	8.37	57.84	7.80	0.01
2	6	1.03	7.41	49.89	12.65	0.40
3	3	0.49	7.65	56.00	6.69	0.21
3	7	0.81	6.87	56.08	6.51	0.09
Core	CPU	C1%	C3%	C6%	C8%	C9%
-	-	0.98	10.08	50.85	5.28	0.06
0	0	1.01	11.71	43.94	5.82	0.00
0	4	0.60	9.83	54.00	4.27	0.00
1	1	0.87	10.18	50.21	2.66	0.00
1	5	1.27	9.46	52.77	3.49	0.00
2	2	1.78	10.86	51.92	5.28	0.00
2	6	0.85	9.85	51.84	7.11	0.29
3	3	0.77	9.39	54.75	5.82	0.00
3	7	0.68	9.32	47.37	7.76	0.18
Core	CPU	C1%	C3%	C6%	C8%	C9%
-	-	0.93	8.53	53.99	5.21	0.04
0	0	1.35	9.94	50.54	3.30	0.01
0	4	0.63	8.78	54.16	5.07	0.00
1	1	0.60	8.00	56.38	3.91	0.00
1	5	0.90	8.50	56.24	4.50	0.00
2	2	0.88	9.30	52.55	4.26	0.00
2	6	0.98	6.70	54.94	8.81	0.33
3	3	0.86	8.71	54.03	7.57	0.00
3	7	1.21	8.30	53.15	4.22	0.00
Core	CPU	C1%	C3%	C6%	C8%	C9%
-	-	1.11	11.37	46.46	5.21	0.05
0	0	1.68	12.75	44.34	3.24	0.00
0	4	0.83	9.46	50.58	7.30	0.00
1	1	0.84	11.49	48.47	5.12	0.00
1	5	1.13	9.74	45.68	7.87	0.14
2	2	1.07	11.67	45.29	4.02	0.00
2	6	0.85	12.95	44.23	1.76	0.04
3	3	1.17	11.73	44.98	6.97	0.22
3	7	1.31	11.20	48.12	5.44	0.00
Core	CPU	C1%	C3%	C6%	C8%	C9%
-	-	0.91	7.84	49.45	11.07	0.04
0	0	1.27	8.97	46.33	12.04	0.00
0	4	0.67	6.31	46.38	6.97	0.00
1	1	0.87	8.52	52.54	8.30	0.00
1	5	0.96	7.62	48.95	12.47	0.00
2	2	0.66	6.52	48.17	17.90	0.00
2	6	1.10	9.63	49.77	7.45	0.31
3	3	1.40	8.81	50.86	8.49	0.00
3	7	0.36	6.32	52.56	14.91	0.00
Core	CPU	C1%	C3%	C6%	C8%	C9%
-	-	0.88	7.29	53.45	7.62	0.07
0	0	0.79	8.59	52.87	5.26	0.00
0	4	0.63	6.62	53.59	7.34	0.00
1	1	1.06	6.32	53.80	8.90	0.00
1	5	1.14	7.69	56.61	5.64	0.00
2	2	0.79	6.99	55.54	7.49	0.01
2	6	1.02	7.67	52.35	8.67	0.18
3	3	0.54	8.32	50.78	9.02	0.00
3	7	1.07	6.13	52.03	8.66	0.34
Core	CPU	C1%	C3%	C6%	C8%	C9%
-	-	0.93	9.08	52.11	5.78	0.01
0	0	1.79	10.84	50.18	3.84	0.00
0	4	0.68	7.90	50.05	7.70	0.00
1	1	0.65	8.63	50.17	8.17	0.00
1	5	1.16	9.32	52.42	3.98	0.00
2	2	0.57	9.14	57.80	5.73	0.00
2	6	1.13	9.66	48.96	6.82	0.00
3	3	0.68	8.73	54.94	4.21	0.00
3	7	0.83	8.39	52.34	5.80	0.10
Core	CPU	C1%	C3%	C6%	C8%	C9%
-	-	0.75	7.15	52.71	7.74	0.12
0	0	0.57	8.11	52.96	3.09	0.00
0	4	0.90	7.04	51.53	8.09	0.00
1	1	0.31	6.37	55.23	9.22	0.00
1	5	0.96	7.33	52.34	8.44	0.00
2	2	0.52	7.32	53.69	9.02	0.00
2	6	1.18	7.30	49.42	8.80	0.97
3	3	0.84	7.07	56.25	6.18	0.00
3	7	0.71	6.64	50.26	9.09	0.00
Core	CPU	C1%	C3%	C6%	C8%	C9%
-	-	1.30	11.21	48.70	4.78	0.03
0	0	1.29	12.75	42.63	3.71	0.00
0	4	0.98	9.88	49.82	6.40	0.00
1	1	0.99	9.85	53.75	5.15	0.00
1	5	1.34	10.25	49.06	5.71	0.00
2	2	1.14	11.25	51.92	2.32	0.00
2	6	1.96	11.91	45.09	4.94	0.21
3	3	1.05	10.86	50.30	5.70	0.00
3	7	1.67	12.97	47.13	4.29	0.01
Core	CPU	C1%	C3%	C6%	C8%	C9%
-	-	1.31	8.59	48.66	11.42	0.01
0	0	1.32	9.95	47.67	9.73	0.00
0	4	1.50	8.29	48.22	12.55	0.00
1	1	1.21	7.76	52.94	11.04	0.00
1	5	1.30	7.72	47.22	4.70	0.00
2	2	1.24	7.92	52.25	11.77	0.00
2	6	1.51	11.06	47.50	12.18	0.06
3	3	0.90	8.20	49.85	15.32	0.00
3	7	1.52	7.82	43.54	14.05	0.00
Core	CPU	C1%	C3%	C6%	C8%	C9%
-	-	0.92	6.32	49.09	8.86	0.24
0	0	0.31	5.97	51.14	6.25	0.07
0	4	0.63	6.25	42.54	7.19	0.49
1	1	1.70	5.25	48.70	12.78	0.10
1	5	0.75	6.84	45.90	7.25	0.00
2	2	0.87	7.39	49.21	6.83	0.00
2	6	1.34	6.16	53.13	8.66	0.91
3	3	0.80	7.45	51.65	8.67	0.00
3	7	0.94	5.27	50.46	13.26	0.38
Core	CPU	C1%	C3%	C6%	C8%	C9%
-	-	0.74	6.09	52.36	8.56	0.22
0	0	0.86	7.10	52.26	4.83	0.00
0	4	0.83	5.45	51.28	12.00	0.18
1	1	0.64	5.90	53.62	8.66	0.00
1	5	0.81	6.13	47.72	10.28	0.00
2	2	0.36	5.37	53.37	8.38	0.00
2	6	1.31	6.98	52.20	9.12	1.61
3	3	0.64	5.06	51.75	6.92	0.00
3	7	0.49	6.75	56.68	8.29	0.00
Core	CPU	C1%	C3%	C6%	C8%	C9%
-	-	1.06	9.45	46.12	5.83	0.01
0	0	1.16	10.43	47.57	5.94	0.12
0	4	0.90	8.17	46.57	9.16	0.00
1	1	1.07	9.03	50.68	6.56	0.00
1	5	0.78	10.13	44.27	2.58	0.00
2	2	0.88	9.08	45.23	6.89	0.00
2	6	1.69	9.69	41.49	6.51	0.00
3	3	1.21	10.20	48.83	2.13	0.00
3	7	0.78	8.93	44.63	6.95	0.00
Core	CPU	C1%	C3%	C6%	C8%	C9%
-	-	1.08	11.26	47.57	5.60	0.10
0	0	1.47	12.92	45.30	3.26	0.00
0	4	0.92	10.05	49.75	6.35	0.00
1	1	0.70	11.65	47.14	5.48	0.00
1	5	1.58	11.42	46.81	6.13	0.00
2	2	1.00	10.62	48.04	4.99	0.00
2	6	0.94	13.41	41.03	6.45	0.80
3	3	1.10	9.49	52.34	7.10	0.00
3	7	0.96	10.51	49.97	5.02	0.00
Core	CPU	C1%	C3%	C6%	C8%	C9%
-	-	0.76	8.82	49.75	11.35	0.02
0	0	1.24	9.89	48.28	12.16	0.00
0	4	0.83	7.53	52.41	14.12	0.00
1	1	0.33	7.48	49.06	13.15	0.00
1	5	0.53	8.18	47.33	7.47	0.00
2	2	0.72	8.16	53.43	8.77	0.14
2	6	0.84	13.11	41.88	10.49	0.00
3	3	1.02	8.62	52.21	13.44	0.00
3	7	0.62	7.58	53.24	11.19	0.00
Core	CPU	C1%	C3%	C6%	C8%	C9%
-	-	0.80	7.93	52.95	10.09	0.06
0	0	0.48	7.56	56.30	6.43	0.00
0	4	0.76	7.82	50.55	13.84	0.00
1	1	1.15	7.18	49.21	10.88	0.01
1	5	1.21	8.70	55.44	9.60	0.00
2	2	0.58	6.59	54.89	9.75	0.00
2	6	0.84	10.62	47.73	8.79	0.44
3	3	0.57	7.42	53.81	12.05	0.00
3	7	0.83	7.59	55.78	9.39	0.00
Core	CPU	C1%	C3%	C6%	C8%	C9%
-	-	2.53	9.63	49.50	5.14	0.15
0	0	3.28	11.20	47.90	3.63	0.00
0	4	2.00	8.36	51.27	4.07	0.00
1	1	2.66	9.71	50.27	4.59	0.00
1	5	2.79	8.72	48.51	6.17	0.00
2	2	1.95	9.30	49.69	7.27	0.00
2	6	2.45	11.47	46.50	4.82	0.52
3	3	2.60	9.16	52.20	5.33	0.00
3	7	2.47	9.06	49.47	5.22	0.71
Core	CPU	C1%	C3%	C6%	C8%	C9%
-	-	1.22	11.65	46.17	5.28	0.14
0	0	1.72	13.42	42.56	4.30	0.00
0	4	0.93	10.01	48.13	6.48	0.00
1	1	0.78	10.44	50.45	7.55	0.00
1	5	1.19	12.20	46.27	3.41	0.72
2	2	1.46	10.99	48.20	7.46	0.21
2	6	1.77	13.27	37.91	3.70	0.04
3	3	1.08	11.77	48.28	4.43	0.11
3	7	0.84	11.13	47.71	4.91	0.00
Core	CPU	C1%	C3%	C6%	C8%	C9%
-	-	1.01	10.12	50.83	4.57	0.29
0	0	1.62	12.12	44.95	3.70	0.00
0	4	0.48	7.66	52.92	4.54	0.00
1	1	0.82	10.56	51.69	3.84	0.00
1	5	1.01	8.31	55.27	8.56	0.00
2	2	1.00	9.22	51.62	5.53	1.69
2	6	1.45	12.57	49.63	3.25	0.59
3	3	0.56	9.81	50.74	4.09	0.00
3	7	1.13	10.72	49.78	3.02	0.00
Core	CPU	C1%	C3%	C6%	C8%	C9%
-	-	1.46	11.05	42.85	9.95	0.46
0	0	2.90	12.67	31.65	1.87	0.00
0	4	0.98	10.75	44.02	13.64	0.00
1	1	1.39	10.12	45.91	16.55	0.00
1	5	1.87	12.00	42.50	12.87	0.00
2	2	0.97	10.09	47.20	3.64	0.00
2	6	1.44	11.68	39.73	13.47	0.48
3	3	1.25	11.78	47.16	10.41	0.00
3	7	0.91	9.33	44.70	7.13	3.19
Core	CPU	C1%	C3%	C6%	C8%	C9%
-	-	1.68	12.27	43.18	3.26	0.00
0	0	2.40	14.24	39.50	1.97	0.00
0	4	1.24	12.08	47.54	1.78	0.01
1	1	1.24	12.17	44.21	4.93	0.00
1	5	1.76	12.16	45.85	2.64	0.00
2	2	1.95	11.67	43.77	3.13	0.00
2	6	2.31	11.14	37.68	5.04	0.00
3	3	1.22	12.98	42.45	4.75	0.00
3	7	1.38	11.94	45.31	1.87	0.00
Core	CPU	C1%	C3%	C6%	C8%	C9%
-	-	1.11	10.30	42.95	6.27	0.32
0	0	1.21	12.57	38.33	6.55	0.01
0	4	0.68	9.36	45.51	6.27	0.00
1	1	1.13	10.44	48.61	8.43	0.00
1	5	0.79	9.72	40.52	5.51	0.37
2	2	1.15	9.49	46.38	7.18	0.00
2	6	1.72	11.79	38.80	3.16	2.20
3	3	0.85	10.03	43.55	4.94	0.00
3	7	1.29	8.75	41.00	8.01	0.00
Core	CPU	C1%	C3%	C6%	C8%	C9%
-	-	0.79	7.68	50.71	6.48	0.18
0	0	0.91	9.14	53.86	6.29	0.00
0	4	0.51	6.11	50.47	8.61	0.00
1	1	1.43	8.34	50.11	5.91	0.00
1	5	0.83	5.78	51.98	7.18	0.00
2	2	0.51	6.99	49.87	5.37	0.01
2	6	0.96	9.37	44.50	5.96	0.76
3	3	0.60	7.92	52.67	7.82	0.00
3	7	0.55	7.78	52.18	4.73	0.67
Core	CPU	C1%	C3%	C6%	C8%	C9%
-	-	0.94	10.30	50.63	4.69	0.29
0	0	0.97	12.04	47.42	3.68	0.00
0	4	0.99	11.11	53.52	2.27	0.00
1	1	1.16	8.74	49.03	6.50	0.00
1	5	0.76	9.73	56.39	5.20	0.00
2	2	1.16	9.86	54.29	4.15	0.00
2	6	0.97	11.23	44.80	3.04	2.29
3	3	0.85	9.89	48.79	7.86	0.00
3	7	0.64	9.76	50.76	4.83	0.00
Core	CPU	C1%	C3%	C6%	C8%	C9%
-	-	1.44	14.18	44.25	2.95	0.01
0	0	2.01	16.06	35.12	2.85	0.00
0	4	1.39	13.04	48.62	3.80	0.00
1	1	0.87	13.90	47.64	2.85	0.00
1	5	1.73	15.38	45.44	1.63	0.00
2	2	1.32	12.41	44.48	4.24	0.00
2	6	1.31	15.38	40.91	1.87	0.08
3	3	1.62	13.82	45.31	2.64	0.00
3	7	1.30	13.49	46.53	3.69	0.00
Core	CPU	C1%	C3%	C6%	C8%	C9%
-	-	1.63	9.89	42.49	13.82	0.08
0	0	2.28	12.03	41.96	13.63	0.00
0	4	1.56	9.10	45.73	16.08	0.50
1	1	1.81	9.55	42.39	16.19	0.00
1	5	1.43	9.65	48.62	12.03	0.01
2	2	1.45	8.80	44.40	17.08	0.00
2	6	1.63	11.53	31.70	3.27	0.15
3	3	1.17	8.34	40.55	20.09	0.00
3	7	1.71	10.16	44.61	12.19	0.00
Core	CPU	C1%	C3%	C6%	C8%	C9%
-	-	1.61	11.92	47.97	4.08	0.08
0	0	2.62	14.47	42.56	2.91	0.00
0	4	0.95	9.82	51.91	4.93	0.00
1	1	1.79	12.23	48.81	3.21	0.00
1	5	1.89	10.63	53.40	2.82	0.00
2	2	0.54	11.48	51.18	6.66	0.00
2	6	2.18	13.07	39.36	3.73	0.54
3	3	1.30	11.52	50.40	4.39	0.00
3	7	1.57	12.15	46.19	3.97	0.10
Core	CPU	C1%	C3%	C6%	C8%	C9%
-	-	0.99	9.91	52.82	5.31	0.17
0	0	1.19	11.89	52.09	2.24	0.00
0	4	0.63	8.52	56.02	7.86	0.00
1	1	1.08	8.18	51.48	5.65	0.51
1	5	1.19	9.88	52.83	5.99	0.00
2	2	0.88	10.07	54.09	6.31	0.00
2	6	0.98	10.65	47.88	5.45	0.84
3	3	1.08	9.84	53.49	5.35	0.00
3	7	0.89	10.29	54.61	3.60	0.00
Core	CPU	C1%	C3%	C6%	C8%	C9%
-	-	1.04	8.94	48.12	6.50	0.42
0	0	1.30	10.69	44.59	5.45	0.11
0	4	0.43	7.00	48.00	11.60	0.37
1	1	0.82	8.84	49.36	4.00	0.01
1	5	0.95	8.43	54.31	7.21	0.00
2	2	1.37	8.82	47.04	6.61	0.00
2	6	1.17	10.54	44.78	4.57	2.27
3	3	1.64	9.74	50.21	4.44	0.35
3	7	0.68	7.60	47.22	8.21	0.26
Core	CPU	C1%	C3%	C6%	C8%	C9%
-	-	0.98	10.60	53.08	3.93	0.01
0	0	1.49	12.00	47.25	3.41	0.00
0	4	0.77	10.89	51.09	3.85	0.00
1	1	0.89	11.05	51.94	4.51	0.00
1	5	0.59	9.90	52.70	4.72	0.00
2	2	1.34	11.13	51.81	3.33	0.00
2	6	0.96	9.01	56.36	5.16	0.05
3	3	0.81	9.12	60.05	3.63	0.00
3	7	0.98	11.55	52.79	2.81	0.00
Core	CPU	C1%	C3%	C6%	C8%	C9%
-	-	0.86	11.08	50.30	3.85	0.03
0	0	1.21	12.32	45.25	2.34	0.00
0	4	0.28	9.77	50.59	5.55	0.00
1	1	0.70	10.87	52.35	5.00	0.00
1	5	0.76	10.15	51.99	5.16	0.00
2	2	0.81	11.48	52.77	3.41	0.00
2	6	1.28	12.63	45.56	2.45	0.27
3	3	1.22	11.30	53.99	3.32	0.00
3	7	0.63	10.14	50.05	3.54	0.00
Core	CPU	C1%	C3%	C6%	C8%	C9%
-	-	1.19	11.47	41.44	12.93	0.00
0	0	1.80	12.73	40.95	11.50	0.00
0	4	0.87	11.19	46.13	12.09	0.00
1	1	1.06	11.52	43.28	12.76	0.00
1	5	1.25	10.50	45.27	15.51	0.00
2	2	1.09	10.48	42.49	16.78	0.00
2	6	1.54	13.32	34.74	15.00	0.00
3	3	1.10	11.89	43.95	16.77	0.00
3	7	0.84	10.01	34.35	2.96	0.00
Core	CPU	C1%	C3%	C6%	C8%	C9%
-	-	1.14	5.47	37.38	14.09	1.60
0	0	1.28	5.55	36.07	15.49	0.01
0	4	0.64	4.68	36.95	13.90	0.00
1	1	1.48	5.82	40.47	17.47	0.00
1	5	0.97	5.06	36.69	13.38	1.41
2	2	1.03	4.46	38.13	17.78	0.00
2	6	2.03	7.53	33.62	6.91	10.86
3	3	1.04	5.24	45.65	14.60	0.00
3	7	0.65	5.49	31.61	13.27	0.49
Core	CPU	C1%	C3%	C6%	C8%	C9%
-	-	1.13	11.23	48.34	4.77	0.03
0	0	1.56	12.28	47.43	4.13	0.00
0	4	0.50	10.44	50.98	5.11	0.11
1	1	1.49	11.33	48.85	2.96	0.00
1	5	0.40	11.71	46.39	7.12	0.00
2	2	1.69	10.48	48.37	6.52	0.00
2	6	1.36	12.72	44.82	4.91	0.11
3	3	0.97	11.09	52.61	2.76	0.00
3	7	1.09	9.78	47.22	4.65	0.00
Core	CPU	C1%	C3%	C6%	C8%	C9%
-	-	1.20	11.22	50.40	4.14	0.15
0	0	2.70	12.48	45.06	3.30	0.10
0	4	0.56	10.46	53.58	4.08	0.00
1	1	1.18	11.16	49.29	3.35	0.00
1	5	1.27	11.11	50.54	5.95	0.00
2	2	0.73	9.97	54.92	4.91	0.00
2	6	1.41	12.93	47.57	3.51	1.11
3	3	0.79	11.73	51.02	2.61	0.00
3	7	0.95	9.91	51.22	5.38	0.00
Core	CPU	C1%	C3%	C6%	C8%	C9%
-	-	1.36	11.25	48.82	3.71	0.37
0	0	1.69	12.27	45.65	3.67	0.00
0	4	1.02	9.83	52.12	5.26	0.00
1	1	1.27	10.26	46.45	5.80	0.00
1	5	1.39	11.44	50.36	2.84	0.00
2	2	1.05	12.01	52.92	2.85	0.00
2	6	1.69	12.38	42.57	2.48	2.95
3	3	1.22	11.26	49.56	3.71	0.00
3	7	1.53	10.54	51.00	3.09	0.00
Core	CPU	C1%	C3%	C6%	C8%	C9%
-	-	1.33	11.34	48.06	3.24	0.06
0	0	1.74	13.08	41.72	2.09	0.01
0	4	1.17	11.24	51.64	2.47	0.11
1	1	1.46	11.02	48.37	2.66	0.00
1	5	1.37	9.53	52.22	4.36	0.00
2	2	1.23	12.79	49.78	1.73	0.00
2	6	1.33	11.86	47.50	4.88	0.35
3	3	1.29	11.05	44.74	3.07	0.00
3	7	1.02	10.20	48.57	4.64	0.00
Core	CPU	C1%	C3%	C6%	C8%	C9%
-	-	0.81	7.14	46.92	6.18	0.60
0	0	1.35	9.01	47.30	4.77	0.00
0	4	0.44	6.28	43.57	7.47	1.41
1	1	0.94	7.76	53.41	8.01	0.10
1	5	0.72	6.33	48.98	3.63	0.00
2	2	0.84	6.98	46.78	6.62	0.00
2	6	0.80	7.57	37.38	4.28	3.17
3	3	0.55	6.54	53.07	6.79	0.11
3	7	0.89	6.71	45.20	7.92	0.00
Core	CPU	C1%	C3%	C6%	C8%	C9%
-	-	1.22	8.71	49.54	5.76	0.08
0	0	1.18	8.92	49.98	4.76	0.07
0	4	0.44	6.80	51.53	10.86	0.00
1	1	1.37	8.88	51.02	6.05	0.00
1	5	0.89	8.67	53.52	4.96	0.02
2	2	1.39	9.51	49.07	4.90	0.00
2	6	2.03	10.59	43.35	4.74	0.32
3	3	1.41	9.45	46.83	3.75	0.26
3	7	1.08	6.77	50.67	6.04	0.00
Core	CPU	C1%	C3%	C6%	C8%	C9%
-	-	1.31	10.49	40.38	10.13	0.54
0	0	1.69	12.05	31.64	4.89	0.73
0	4	0.90	8.95	47.52	15.26	0.00
1	1	1.45	10.67	35.61	1.52	0.00
1	5	0.99	9.28	41.01	15.45	0.00
2	2	1.61	12.10	44.39	11.90	0.00
2	6	1.38	9.57	42.22	16.82	0.50
3	3	1.45	11.65	41.75	13.15	0.00
3	7	0.99	9.61	38.70	1.98	3.11
Core	CPU	C1%	C3%	C6%	C8%	C9%
-	-	2.48	10.65	46.15	6.79	0.08
0	0	3.51	13.00	39.49	3.81	0.00
0	4	2.19	9.60	49.43	10.54	0.00
1	1	2.60	10.10	48.25	5.25	0.00
1	5	1.46	9.67	49.96	7.91	0.00
2	2	2.79	10.61	48.45	5.91	0.00
2	6	2.99	10.61	41.97	7.41	0.67
3	3	2.00	9.83	47.42	9.04	0.00
3	7	2.35	11.97	44.93	4.56	0.00
Core	CPU	C1%	C3%	C6%	C8%	C9%
-	-	1.05	10.37	52.29	4.77	0.00
0	0	1.76	10.96	49.99	3.49	0.02
0	4	1.53	10.00	52.43	3.55	0.00
1	1	0.86	11.44	52.15	4.43	0.00
1	5	0.93	9.92	53.27	4.70	0.00
2	2	1.26	11.06	51.28	4.70	0.00
2	6	0.82	10.43	53.08	4.79	0.00
3	3	0.70	11.32	47.91	3.13	0.00
3	7	0.54	7.73	57.57	9.30	0.00
Core	CPU	C1%	C3%	C6%	C8%	C9%
-	-	1.01	9.26	49.09	5.28	0.13
0	0	0.87	10.07	49.14	5.52	0.01
0	4	0.91	8.10	48.56	6.18	1.01
1	1	1.52	9.44	50.91	4.06	0.00
1	5	0.91	8.82	48.25	3.90	0.00
2	2	0.70	9.29	50.87	4.76	0.00
2	6	1.11	9.59	46.37	5.88	0.00
3	3	1.30	10.11	50.61	2.79	0.00
3	7	0.78	8.67	48.03	9.14	0.00
Core	CPU	C1%	C3%	C6%	C8%	C9%
-	-	1.18	11.77	45.71	4.32	0.02
0	0	1.96	12.71	41.20	3.03	0.01
0	4	0.51	9.26	44.90	6.44	0.05
1	1	1.44	12.15	46.39	3.07	0.06
1	5	0.90	11.34	49.01	6.27	0.00
2	2	1.06	12.47	47.21	4.50	0.00
2	6	0.96	12.17	44.94	3.67	0.00
3	3	1.18	11.98	45.98	2.55	0.01
3	7	1.41	12.11	46.01	5.02	0.00
Core	CPU	C1%	C3%	C6%	C8%	C9%
-	-	1.49	12.40	46.75	2.54	0.01
0	0	3.28	15.06	36.26	1.07	0.00
0	4	0.69	11.77	47.84	3.90	0.00
1	1	1.34	12.89	49.12	2.38	0.00
1	5	1.27	11.70	47.31	3.05	0.00
2	2	1.00	12.03	47.24	2.69	0.04
2	6	1.95	10.38	46.39	3.42	0.03
3	3	1.12	13.79	48.52	2.18	0.00
3	7	1.27	11.60	51.35	1.67	0.00
Core	CPU	C1%	C3%	C6%	C8%	C9%
-	-	1.69	14.13	45.57	2.03	0.00
0	0	2.22	17.49	39.78	0.85	0.00
0	4	1.24	13.15	48.54	2.56	0.00
1	1	1.87	13.31	45.93	1.97	0.00
1	5	1.90	12.70	45.80	2.86	0.00
2	2	1.80	16.40	45.29	2.08	0.00
2	6	1.76	12.65	46.32	1.79	0.00
3	3	1.42	15.25	44.24	1.19	0.00
3	7	1.30	12.13	48.65	2.93	0.00
Core	CPU	C1%	C3%	C6%	C8%	C9%
-	-	1.55	14.25	45.20	1.61	0.00
0	0	2.18	16.31	38.68	0.91	0.00
0	4	0.80	12.91	48.25	1.34	0.00
1	1	1.95	13.36	45.66	2.34	0.00
1	5	1.58	13.88	46.25	2.37	0.00
2	2	1.26	14.90	45.54	0.96	0.00
2	6	1.58	14.55	43.65	1.91	0.00
3	3	1.59	14.26	47.29	0.64	0.00
3	7	1.51	13.84	46.26	2.38	0.00
Core	CPU	C1%	C3%	C6%	C8%	C9%
-	-	1.47	14.38	44.52	1.75	0.00
0	0	2.66	16.74	35.42	0.34	0.00
0	4	0.39	12.16	48.09	3.33	0.00
1	1	1.45	14.81	43.44	1.32	0.00
1	5	1.25	13.94	47.26	1.92	0.00
2	2	1.50	14.16	47.12	1.48	0.00
2	6	1.38	14.93	41.59	2.07	0.00
3	3	1.38	15.20	45.54	1.57	0.00
3	7	1.79	13.11	47.71	1.97	0.00
Core	CPU	C1%	C3%	C6%	C8%	C9%
-	-	1.10	11.27	42.77	11.83	0.02
0	0	1.50	12.46	39.53	10.92	0.00
0	4	0.97	11.01	42.22	16.05	0.00
1	1	1.32	11.14	46.15	11.61	0.00
1	5	1.10	10.33	42.70	16.96	0.19
2	2	0.78	10.40	46.58	12.77	0.00
2	6	1.27	13.14	38.83	12.51	0.00
3	3	0.99	11.30	34.46	2.34	0.00
3	7	0.89	10.31	51.54	11.47	0.00
Core	CPU	C1%	C3%	C6%	C8%	C9%
-	-	2.15	11.66	48.24	5.15	0.01
0	0	2.76	12.28	42.77	5.21	0.00
0	4	1.98	11.66	50.41	5.06	0.00
1	1	1.81	11.50	49.69	6.92	0.00
1	5	2.32	11.04	53.75	3.33	0.00
2	2	2.16	12.09	49.32	5.51	0.00
2	6	2.18	11.16	47.66	4.08	0.11
3	3	2.02	11.88	45.66	4.22	0.00
3	7	2.01	11.72	46.85	6.86	0.00
Core	CPU	C1%	C3%	C6%	C8%	C9%
-	-	1.38	11.95	47.29	3.51	0.03
0	0	1.74	14.16	39.98	2.23	0.00
0	4	0.91	9.81	45.68	6.90	0.00
1	1	1.97	12.66	51.93	2.40	0.00
1	5	1.57	10.97	51.04	2.56	0.00
2	2	1.18	10.93	48.23	5.58	0.00
2	6	1.38	12.08	47.27	1.65	0.23
3	3	1.38	12.58	47.60	1.93	0.01
3	7	0.91	12.40	46.62	4.82	0.00
Core	CPU	C1%	C3%	C6%	C8%	C9%
-	-	1.49	12.49	47.02	2.58	0.03
0	0	2.13	14.06	39.39	2.82	0.00
0	4	1.13	11.66	51.69	2.32	0.00
1	1	2.14	13.97	43.17	2.93	0.00
1	5	1.15	10.71	54.16	3.21	0.00
2	2	1.48	11.86	48.04	2.17	0.00
2	6	1.47	11.30	44.05	2.83	0.24
3	3	1.30	13.73	46.08	2.14	0.00
3	7	1.12	12.65	49.58	2.20	0.00
Core	CPU	C1%	C3%	C6%	C8%	C9%
-	-	1.52	16.00	41.34	1.49	0.00
0	0	2.42	17.34	34.74	0.70	0.00
0	4	1.17	15.16	42.60	1.23	0.00
1	1	1.72	16.06	40.95	1.32	0.00
1	5	1.42	15.97	41.79	1.55	0.00
2	2	2.03	15.18	44.43	1.78	0.00
2	6	1.34	15.98	38.94	2.05	0.00
3	3	0.96	16.71	42.81	0.44	0.00
3	7	1.08	15.61	44.46	2.86	0.00
Core	CPU	C1%	C3%	C6%	C8%	C9%
-	-	1.26	13.71	43.85	3.06	0.01
0	0	1.48	15.05	37.50	1.46	0.00
0	4	0.65	12.51	47.40	5.28	0.00
1	1	1.15	14.00	41.51	5.37	0.00
1	5	1.00	12.80	47.64	4.17	0.00
2	2	1.21	13.28	48.20	1.00	0.00
2	6	1.50	15.87	37.83	2.39	0.08
3	3	1.49	13.63	46.25	2.19	0.00
3	7	1.58	12.63	44.65	2.67	0.00
Core	CPU	C1%	C3%	C6%	C8%	C9%
-	-	1.39	13.91	44.93	2.84	0.01
0	0	2.39	15.62	39.08	0.52	0.00
0	4	1.04	14.08	46.12	3.85	0.00
1	1	1.85	13.51	48.42	2.68	0.00
1	5	1.21	13.73	47.53	2.77	0.00
2	2	0.91	11.44	44.38	4.62	0.00
2	6	1.56	15.17	38.89	1.82	0.10
3	3	1.07	13.17	45.63	3.72	0.00
3	7	1.05	14.46	49.16	2.73	0.00
Core	CPU	C1%	C3%	C6%	C8%	C9%
-	-	1.72	14.53	43.37	1.98	0.04
0	0	2.55	15.39	37.39	1.59	0.00
0	4	1.53	12.77	46.44	4.44	0.00
1	1	1.90	14.99	43.38	1.36	0.00
1	5	1.60	15.57	44.59	3.60	0.00
2	2	1.43	14.51	43.79	1.52	0.00
2	6	2.02	15.50	41.23	1.40	0.36
3	3	1.55	14.29	44.75	0.51	0.00
3	7	1.19	13.24	45.45	1.40	0.00
Core	CPU	C1%	C3%	C6%	C8%	C9%
-	-	1.83	8.20	37.71	15.50	0.13
0	0	3.48	9.34	31.14	7.51	0.03
0	4	1.27	7.38	41.24	21.44	0.00
1	1	1.51	8.99	36.22	20.39	0.50
1	5	1.54	7.29	42.90	18.97	0.50
2	2	2.02	8.56	36.88	3.50	0.00
2	6	1.80	7.80	36.93	11.53	0.00
3	3	1.65	8.53	38.20	18.58	0.00
3	7	1.39	7.69	38.15	22.07	0.00
Core	CPU	C1%	C3%	C6%	C8%	C9%
-	-	1.23	11.29	49.48	3.81	0.04
0	0	1.99	13.86	43.70	2.09	0.00
0	4	1.03	9.55	51.15	2.38	0.00
1	1	1.49	11.69	47.61	4.94	0.00
1	5	1.02	11.10	52.55	3.50	0.00
2	2	0.73	11.14	53.46	4.43	0.00
2	6	1.21	11.12	47.33	4.10	0.00
3	3	1.15	11.38	48.09	4.70	0.29
3	7	1.24	10.47	51.95	4.32	0.00
Core	CPU	C1%	C3%	C6%	C8%	C9%
-	-	3.64	13.85	42.26	2.08	0.00
0	0	5.40	15.43	32.34	0.89	0.00
0	4	3.13	12.84	47.99	1.27	0.00
1	1	4.32	14.96	39.16	2.39	0.00
1	5	3.07	12.26	47.03	1.50	0.00
2	2	3.62	14.81	39.70	2.03	0.00
2	6	3.47	12.21	46.65	2.78	0.00
3	3	3.41	14.77	44.40	1.78	0.00
3	7	2.71	13.57	40.86	3.99	0.00
Core	CPU	C1%	C3%	C6%	C8%	C9%
-	-	1.14	10.95	48.05	4.32	0.01
0	0	1.45	14.12	43.24	4.17	0.00
0	4	0.75	9.54	46.13	3.38	0.00
1	1	1.16	9.55	46.87	5.05	0.00
1	5	1.40	12.18	46.63	3.28	0.00
2	2	0.59	10.24	52.09	5.10	0.00
2	6	1.66	11.00	49.56	5.07	0.00
3	3	0.91	11.12	51.41	3.89	0.00
3	7	1.20	9.86	48.36	4.63	0.04
Core	CPU	C1%	C3%	C6%	C8%	C9%
-	-	0.85	6.36	53.51	8.49	0.11
0	0	1.52	8.83	54.48	4.80	0.11
0	4	0.56	6.15	54.44	8.77	0.00
1	1	0.50	5.99	51.09	12.85	0.00
1	5	0.88	6.13	54.04	6.17	0.00
2	2	0.85	5.58	47.34	10.04	0.20
2	6	0.83	5.83	56.44	5.39	0.27
3	3	0.53	7.24	54.89	8.92	0.31
3	7	1.18	5.20	55.83	11.03	0.00
Core	CPU	C1%	C3%	C6%	C8%	C9%
-	-	0.93	8.05	51.54	7.70	0.03
0	0	0.92	9.65	49.51	4.17	0.01
0	4	0.78	7.25	53.21	9.62	0.00
1	1	1.05	6.87	52.00	5.14	0.02
1	5	0.53	7.16	52.52	13.48	0.00
2	2	1.39	9.11	53.07	6.15	0.00
2	6	1.12	8.26	48.52	5.48	0.13
3	3	1.01	9.99	50.04	5.92	0.00
3	7	0.63	6.05	53.07	11.62	0.07
Core	CPU	C1%	C3%	C6%	C8%	C9%
-	-	1.17	10.71	48.33	4.58	0.01
0	0	1.47	13.39	40.99	4.15	0.01
0	4	0.98	9.74	48.53	4.60	0.00
1	1	1.00	10.28	52.17	3.01	0.00
1	5	0.99	8.49	45.96	7.72	0.11
2	2	0.85	10.99	51.27	4.27	0.00
2	6	1.80	11.56	44.42	4.53	0.00
3	3	1.32	11.26	50.05	4.77	0.00
3	7	0.92	9.95	53.25	3.58	0.00
Core	CPU	C1%	C3%	C6%	C8%	C9%
-	-	0.79	8.43	52.45	7.87	0.06
0	0	1.12	9.21	52.19	8.08	0.00
0	4	0.86	7.93	53.88	6.97	0.00
1	1	0.58	9.19	54.46	7.70	0.00
1	5	0.42	6.72	53.15	9.29	0.00
2	2	0.84	8.65	56.69	6.41	0.00
2	6	1.22	10.25	46.24	7.51	0.18
3	3	0.46	8.54	50.13	8.97	0.00
3	7	0.80	7.00	52.90	8.05	0.33
Core	CPU	C1%	C3%	C6%	C8%	C9%
-	-	1.41	15.05	43.85	2.19	0.03
0	0	2.16	17.84	37.00	1.28	0.00
0	4	1.10	13.48	47.14	2.20	0.00
1	1	1.75	14.70	44.06	2.08	0.03
1	5	1.00	15.52	44.34	1.33	0.16
2	2	1.21	14.11	46.17	3.12	0.00
2	6	1.68	17.18	39.86	1.87	0.08
3	3	1.16	13.67	44.49	3.27	0.00
3	7	1.18	13.88	47.75	2.40	0.00
Core	CPU	C1%	C3%	C6%	C8%	C9%
-	-	0.93	9.81	54.63	4.54	0.07
0	0	1.30	11.40	48.78	2.77	0.00
0	4	0.89	9.05	55.62	6.70	0.00
1	1	0.51	10.03	55.37	4.47	0.00
1	5	0.75	10.26	53.60	4.41	0.00
2	2	1.20	9.25	54.60	5.12	0.00
2	6	1.37	9.54	52.16	4.05	0.58
3	3	1.11	9.99	57.01	4.11	0.00
3	7	0.35	9.06	60.22	4.74	0.00
Core	CPU	C1%	C3%	C6%	C8%	C9%
-	-	2.40	8.34	38.90	16.77	0.21
0	0	4.20	10.23	33.24	22.31	0.00
0	4	2.22	6.84	36.67	3.19	0.00
1	1	2.05	9.04	42.74	19.00	0.50
1	5	2.01	8.37	43.15	20.38	0.00
2	2	2.29	9.09	38.96	20.79	0.00
2	6	2.54	6.76	35.96	5.17	0.17
3	3	2.00	8.06	37.00	22.62	0.00
3	7	1.83	8.26	43.19	20.53	1.01
Core	CPU	C1%	C3%	C6%	C8%	C9%
-	-	1.16	9.12	53.51	4.88	0.01
0	0	1.74	9.98	52.46	4.01	0.00
0	4	0.61	8.51	55.17	4.31	0.00
1	1	1.05	9.13	54.41	3.38	0.00
1	5	1.31	9.37	55.16	5.00	0.00
2	2	1.17	8.85	47.21	6.76	0.00
2	6	1.00	9.52	52.03	4.80	0.09
3	3	1.39	9.09	57.53	3.75	0.00
3	7	0.97	8.49	54.08	7.04	0.00
Core	CPU	C1%	C3%	C6%	C8%	C9%
-	-	0.76	7.61	53.07	7.14	0.01
0	0	1.09	8.19	51.78	5.60	0.00
0	4	0.41	6.71	55.16	6.99	0.00
1	1	0.92	7.82	50.68	6.79	0.00
1	5	0.80	8.25	54.09	5.68	0.00
2	2	0.55	7.20	50.88	11.09	0.00
2	6	0.93	8.31	55.51	4.69	0.02
3	3	0.75	6.65	51.28	9.43	0.07
3	7	0.66	7.75	55.19	6.89	0.00
Core	CPU	C1%	C3%	C6%	C8%	C9%
-	-	1.00	9.92	50.85	5.79	0.00
0	0	1.08	11.48	45.34	3.74	0.00
0	4	0.58	8.05	51.09	8.18	0.00
1	1	1.20	10.94	49.04	6.15	0.00
1	5	1.07	9.26	50.47	7.47	0.00
2	2	0.66	10.37	51.96	6.00	0.00
2	6	1.17	9.43	50.52	6.10	0.00
3	3	0.85	10.23	52.73	3.55	0.00
3	7	1.41	9.58	55.67	5.11	0.01
Core	CPU	C1%	C3%	C6%	C8%	C9%
-	-	1.15	9.32	50.89	5.77	0.00
0	0	1.74	10.87	48.39	2.98	0.00
0	4	0.62	8.54	53.04	4.30	0.00
1	1	0.83	9.77	51.34	5.65	0.00
1	5	0.75	10.35	52.26	5.84	0.00
2	2	1.12	9.02	49.94	5.76	0.01
2	6	1.74	8.67	53.17	6.20	0.00
3	3	1.57	9.49	52.05	5.05	0.00
3	7	0.80	7.92	47.35	10.46	0.00
Core	CPU	C1%	C3%	C6%	C8%	C9%
-	-	0.91	6.28	53.63	7.88	0.01
0	0	1.30	7.57	52.26	6.05	0.01
0	4	0.59	6.56	58.10	6.87	0.00
1	1	0.82	6.97	57.36	6.81	0.00
1	5	1.07	5.84	53.09	9.07	0.00
2	2	0.92	5.74	51.62	7.91	0.00
2	6	0.84	6.16	52.20	9.43	0.00
3	3	1.18	5.97	52.96	5.81	0.00
3	7	0.57	5.44	51.52	11.13	0.08
Core	CPU	C1%	C3%	C6%	C8%	C9%
-	-	1.14	8.82	51.94	6.04	0.01
0	0	1.69	10.29	45.24	4.62	0.08
0	4	1.18	7.07	53.14	8.80	0.00
1	1	1.09	10.53	55.73	1.75	0.00
1	5	1.10	7.70	49.91	8.35	0.02
2	2	0.82	8.17	51.09	5.47	0.00
2	6	1.34	7.90	53.43	6.34	0.00
3	3	0.99	9.82	53.03	7.19	0.00
3	7	0.86	8.97	53.41	5.70	0.00
Core	CPU	C1%	C3%	C6%	C8%	C9%
-	-	2.50	11.76	45.93	3.71	0.04
0	0	2.91	13.64	41.33	2.29	0.00
0	4	2.39	10.51	48.30	6.17	0.00
1	1	2.77	11.24	44.12	3.24	0.04
1	5	2.67	11.72	48.29	2.49	0.00
2	2	2.26	11.20	51.44	3.36	0.00
2	6	1.99	11.89	44.55	4.38	0.29
3	3	2.36	12.13	44.11	3.59	0.00
3	7	2.64	11.71	45.25	4.15	0.00
Core	CPU	C1%	C3%	C6%	C8%	C9%
-	-	1.54	9.97	50.40	4.35	0.00
0	0	2.62	12.03	48.06	3.87	0.00
0	4	0.74	9.40	51.37	5.05	0.00
1	1	1.53	10.59	52.72	2.51	0.00
1	5	1.35	9.11	49.66	3.95	0.00
2	2	1.07	10.07	51.09	4.19	0.00
2	6	1.51	8.80	49.42	3.60	0.00
3	3	1.71	10.41	48.92	5.48	0.00
3	7	1.84	9.35	52.12	6.18	0.00
Core	CPU	C1%	C3%	C6%	C8%	C9%
-	-	1.52	14.25	45.88	1.93	0.00
0	0	2.04	17.28	38.48	2.02	0.00
0	4	1.40	12.96	50.08	1.55	0.00
1	1	1.28	14.67	46.20	1.65	0.00
1	5	1.63	14.08	45.75	1.94	0.00
2	2	1.63	13.80	47.69	1.13	0.00
2	6	1.00	13.40	47.58	2.66	0.00
3	3	1.59	14.81	42.18	2.66	0.00
3	7	1.58	13.00	49.02	1.85	0.00
Core	CPU	C1%	C3%	C6%	C8%	C9%
-	-	1.41	11.62	47.22	4.24	0.02
0	0	1.27	13.75	44.34	5.51	0.03
0	4	1.10	11.01	48.56	2.60	0.00
1	1	1.63	10.81	49.21	5.46	0.00
1	5	1.86	11.72	47.13	5.27	0.00
2	2	1.09	10.13	48.38	5.24	0.00
2	6	1.64	13.54	44.09	1.85	0.00
3	3	1.66	11.50	46.08	2.76	0.11
3	7	1.06	10.49	49.94	5.22	0.00
Core	CPU	C1%	C3%	C6%	C8%	C9%
-	-	3.11	14.53	40.99	2.07	0.00
0	0	5.61	16.67	31.30	1.30	0.00
0	4	1.56	13.07	48.05	2.36	0.00
1	1	2.43	15.05	43.68	1.83	0.00
1	5	2.84	15.40	42.79	1.51	0.00
2	2	2.85	14.58	40.36	1.69	0.00
2	6	3.50	13.66	37.23	3.37	0.01
3	3	3.56	13.16	42.06	2.50	0.00
3	7	2.52	14.69	42.42	2.00	0.00
Core	CPU	C1%	C3%	C6%	C8%	C9%
-	-	2.89	10.84	33.33	13.45	0.53
0	0	3.77	11.97	30.48	13.36	0.00
0	4	2.21	8.94	33.13	2.65	0.00
1	1	3.15	10.24	38.83	17.76	0.00
1	5	2.61	9.93	35.68	16.85	3.56
2	2	3.05	11.17	28.15	0.97	0.00
2	6	3.19	11.02	32.04	17.10	0.00
3	3	2.92	11.84	32.32	20.70	0.64
3	7	2.24	11.62	36.02	18.23	0.00
Core	CPU	C1%	C3%	C6%	C8%	C9%
-	-	1.23	9.78	48.71	6.11	0.04
0	0	1.35	12.12	42.65	6.08	0.05
0	4	0.41	7.37	48.08	12.15	0.00
1	1	1.26	10.84	49.75	4.55	0.00
1	5	1.37	8.43	50.77	6.12	0.00
2	2	1.21	10.52	54.16	1.25	0.00
2	6	1.24	10.43	45.63	7.29	0.17
3	3	2.01	8.72	50.69	5.79	0.13
3	7	0.99	9.78	47.95	5.63	0.00
Core	CPU	C1%	C3%	C6%	C8%	C9%
-	-	1.05	8.05	50.36	6.26	0.10
0	0	1.30	9.78	51.72	7.44	0.00
0	4	0.37	5.91	44.73	9.76	0.82
1	1	0.57	7.67	52.51	5.64	0.00
1	5	1.06	8.42	58.69	3.17	0.00
2	2	1.07	7.51	49.38	9.65	0.01
2	6	2.32	9.16	44.63	4.54	0.00
3	3	1.00	8.49	52.25	6.06	0.00
3	7	0.68	7.50	48.92	3.82	0.00
Core	CPU	C1%	C3%	C6%	C8%	C9%
-	-	1.06	7.09	51.57	7.60	0.03
0	0	1.56	9.54	48.85	7.04	0.01
0	4	0.83	5.26	50.69	13.05	0.00
1	1	0.79	6.75	59.88	5.00	0.00
1	5	0.94	6.83	52.83	7.66	0.00
2	2	1.03	6.93	52.08	7.77	0.00
2	6	0.91	6.48	47.49	6.84	0.26
3	3	1.32	7.94	46.85	7.25	0.00
3	7	1.12	6.99	53.87	6.20	0.00
Core	CPU	C1%	C3%	C6%	C8%	C9%
-	-	0.64	6.94	53.10	8.31	0.02
0	0	0.77	8.14	53.05	7.02	0.01
0	4	0.82	5.75	49.40	8.59	0.01
1	1	0.74	7.80	57.99	6.89	0.00
1	5	0.47	5.76	53.51	7.24	0.00
2	2	0.70	7.62	51.96	6.80	0.00
2	6	0.35	7.60	54.38	7.74	0.16
3	3	0.98	7.25	52.48	8.75	0.00
3	7	0.32	5.62	52.03	13.47	0.00
Core	CPU	C1%	C3%	C6%	C8%	C9%
-	-	0.98	8.03	50.99	7.22	0.04
0	0	0.85	10.32	51.21	4.00	0.00
0	4	0.63	7.85	51.40	5.81	0.00
1	1	1.43	8.56	52.56	3.76	0.00
1	5	0.86	6.99	49.09	11.01	0.00
2	2	0.77	7.43	50.05	6.50	0.31
2	6	1.44	8.49	49.60	6.43	0.00
3	3	0.79	7.05	49.61	10.45	0.00
3	7	1.07	7.58	54.46	9.81	0.00
Core	CPU	C1%	C3%	C6%	C8%	C9%
-	-	1.27	10.68	49.30	4.31	0.10
0	0	1.76	11.79	46.85	3.27	0.00
0	4	0.65	9.66	51.27	5.70	0.00
1	1	0.83	11.00	51.22	2.45	0.00
1	5	0.86	10.01	50.41	5.86	0.00
2	2	1.80	10.55	49.68	5.14	0.00
2	6	1.41	11.44	47.26	4.41	0.82
3	3	1.46	9.00	46.58	5.12	0.00
3	7	1.38	12.00	51.11	2.52	0.00
Core	CPU	C1%	C3%	C6%	C8%	C9%
-	-	1.60	13.06	44.59	2.03	0.02
0	0	2.18	16.46	38.66	0.24	0.00
0	4	1.20	12.98	47.79	1.38	0.00
1	1	1.22	11.39	46.42	3.64	0.14
1	5	1.66	12.10	45.29	1.74	0.00
2	2	2.32	13.88	44.42	1.25	0.00
2	6	1.97	12.25	44.61	3.01	0.00
3	3	1.47	14.42	41.10	1.46	0.00
3	7	0.78	10.97	48.41	3.48	0.00
Core	CPU	C1%	C3%	C6%	C8%	C9%
-	-	1.05	11.32	48.36	4.33	0.05
0	0	1.10	11.72	47.30	3.35	0.00
0	4	0.75	10.97	51.14	4.60	0.29
1	1	0.74	9.79	54.32	3.79	0.00
1	5	0.97	11.01	49.17	3.92	0.00
2	2	1.14	10.20	47.28	6.09	0.00
2	6	1.63	12.45	42.32	4.61	0.02
3	3	1.25	13.13	49.91	3.66	0.00
3	7	0.80	11.27	45.41	4.60	0.08
Core	CPU	C1%	C3%	C6%	C8%	C9%
-	-	0.82	7.17	52.38	7.77	0.13
0	0	1.20	8.10	53.41	4.31	0.21
0	4	0.58	6.26	51.53	9.47	0.00
1	1	1.32	8.09	50.95	8.30	0.00
1	5	0.44	5.30	51.65	10.95	0.36
2	2	1.11	6.86	52.63	9.42	0.00
2	6	0.72	7.65	51.73	7.30	0.46
3	3	0.73	8.34	56.21	5.09	0.00
3	7	0.43	6.88	51.96	7.49	0.00
Core	CPU	C1%	C3%	C6%	C8%	C9%
-	-	0.94	8.13	51.33	8.38	0.32
0	0	1.35	10.12	53.38	5.70	0.00
0	4	0.39	6.25	51.13	13.89	0.00
1	1	0.89	7.03	55.61	8.93	0.00
1	5	0.52	7.90	50.36	7.76	1.11
2	2	1.47	8.58	52.10	4.66	0.00
2	6	1.36	9.83	47.05	5.96	1.39
3	3	0.83	8.55	47.03	11.28	0.01
3	7	0.68	6.64	52.93	8.69	0.00
Core	CPU	C1%	C3%	C6%	C8%	C9%
-	-	0.87	8.82	50.01	7.64	0.01
0	0	0.96	9.54	51.93	5.93	0.00
0	4	0.81	7.33	52.40	9.86	0.00
1	1	0.55	9.84	53.41	5.95	0.00
1	5	0.87	6.40	47.42	10.97	0.00
2	2	0.53	7.68	53.08	7.12	0.00
2	6	1.19	12.19	44.37	7.25	0.08
3	3	0.54	8.04	49.43	8.26	0.00
3	7	1.52	9.55	48.10	5.80	0.00
Core	CPU	C1%	C3%	C6%	C8%	C9%
-	-	0.70	5.12	45.35	21.71	0.00
0	0	0.62	4.17	33.77	6.86	0.01
0	4	0.57	4.90	44.51	30.38	0.00
1	1	0.66	5.00	43.78	28.23	0.01
1	5	0.93	4.69	46.56	24.29	0.00
2	2	0.59	4.43	45.17	28.24	0.01
2	6	0.55	7.50	50.05	19.86	0.00
3	3	0.89	5.60	52.02	17.58	0.00
3	7	0.79	4.79	47.87	18.74	0.00
Core	CPU	C1%	C3%	C6%	C8%	C9%
-	-	0.60	6.08	54.57	8.85	0.29
0	0	0.54	6.92	53.46	8.45	0.00
0	4	0.19	5.07	56.05	9.00	0.00
1	1	0.53	6.19	49.75	9.37	0.00
1	5	0.36	5.92	56.83	6.73	0.00
2	2	0.93	5.88	53.95	10.68	0.00
2	6	0.35	6.36	53.58	9.78	2.33
3	3	1.02	6.58	52.77	6.52	0.00
3	7	0.85	5.61	59.10	10.08	0.00
Core	CPU	C1%	C3%	C6%	C8%	C9%
-	-	0.90	7.71	54.44	7.26	0.02
0	0	1.50	9.09	51.69	4.61	0.00
0	4	0.71	6.76	52.64	10.92	0.00
1	1	0.26	6.77	56.67	8.03	0.00
1	5	0.70	8.41	55.98	5.16	0.00
2	2	0.85	8.20	56.34	5.14	0.00
2	6	1.15	7.43	54.67	6.07	0.17
3	3	1.00	8.27	55.50	5.95	0.01
3	7	1.08	6.85	52.79	12.28	0.00
Core	CPU	C1%	C3%	C6%	C8%	C9%
-	-	0.65	6.69	55.50	7.86	0.01
0	0	1.09	7.01	52.03	8.45	0.03
0	4	0.42	6.40	56.79	5.73	0.00
1	1	0.37	7.06	60.32	7.28	0.00
1	5	0.47	6.81	58.06	9.95	0.00
2	2	0.35	5.76	51.33	10.62	0.00
2	6	1.39	7.18	53.07	7.90	0.03
3	3	0.52	6.42	55.50	6.65	0.00
3	7	0.63	6.82	56.13	6.22	0.00
Core	CPU	C1%	C3%	C6%	C8%	C9%
-	-	0.67	8.28	54.28	7.72	0.05
0	0	0.64	9.56	56.03	4.78	0.00
0	4	0.74	7.28	58.48	6.38	0.00
1	1	0.54	8.98	58.10	7.21	0.00
1	5	0.99	8.49	54.46	7.51	0.00
2	2	0.58	7.90	54.97	7.76	0.00
2	6	0.62	9.02	49.01	8.56	0.36
3	3	0.51	7.98	49.74	10.08	0.01
3	7	0.77	7.04	53.44	9.50	0.00
Core	CPU	C1%	C3%	C6%	C8%	C9%
-	-	0.69	9.87	51.79	7.18	0.04
0	0	1.23	10.92	50.52	6.28	0.12
0	4	0.35	8.62	53.86	9.17	0.00
1	1	0.45	8.73	55.08	7.19	0.00
1	5	0.53	8.81	52.23	7.37	0.00
2	2	0.96	9.11	51.37	9.07	0.00
2	6	0.87	12.79	43.90	4.87	0.19
3	3	0.77	9.43	50.28	10.82	0.00
3	7	0.37	10.62	57.22	2.67	0.00
Core	CPU	C1%	C3%	C6%	C8%	C9%
-	-	0.97	11.74	47.14	5.82	0.01
0	0	0.79	12.92	42.96	4.96	0.00
0	4	0.74	9.50	49.19	7.47	0.00
1	1	0.84	12.13	48.64	5.59	0.00
1	5	1.38	10.83	52.91	5.58	0.00
2	2	1.07	12.19	48.22	4.11	0.00
2	6	1.21	13.11	44.64	3.31	0.05
3	3	0.88	11.29	45.86	7.36	0.00
3	7	0.82	11.95	44.60	8.17	0.00
Core	CPU	C1%	C3%	C6%	C8%	C9%
-	-	0.81	8.54	54.59	6.75	0.03
0	0	0.93	8.91	52.34	6.47	0.00
0	4	0.43	7.45	52.51	8.40	0.00
1	1	0.90	8.72	55.94	6.86	0.00
1	5	1.01	9.24	56.03	3.59	0.00
2	2	0.73	8.25	51.73	9.19	0.00
2	6	0.85	8.93	52.94	7.02	0.27
3	3	0.55	8.33	59.55	4.51	0.00
3	7	1.10	8.49	55.66	7.95	0.00
Core	CPU	C1%	C3%	C6%	C8%	C9%
-	-	0.78	9.39	54.02	5.79	0.13
0	0	0.83	9.76	50.24	6.30	0.33
0	4	0.83	9.47	57.15	4.90	0.00
1	1	0.91	8.89	54.74	5.30	0.00
1	5	0.73	10.13	52.04	5.18	0.00
2	2	0.68	9.74	55.64	4.44	0.00
2	6	0.71	9.08	52.04	7.20	0.75
3	3	0.62	9.62	54.84	5.69	0.00
3	7	0.97	8.49	55.58	7.35	0.00
Core	CPU	C1%	C3%	C6%	C8%	C9%
-	-	0.74	10.49	50.58	6.17	0.01
0	0	1.17	11.08	51.65	5.81	0.00
0	4	0.64	10.24	52.56	4.86	0.00
1	1	0.79	9.75	53.56	5.41	0.00
1	5	0.56	10.22	52.07	6.53	0.00
2	2	0.60	10.16	49.58	6.34	0.00
2	6	1.00	13.56	43.61	3.56	0.05
3	3	0.50	9.44	49.85	9.39	0.00
3	7	0.68	9.47	51.65	7.45	0.03
Core	CPU	C1%	C3%	C6%	C8%	C9%
-	-	0.83	10.29	50.93	5.93	0.00
0	0	1.17	10.71	50.37	6.36	0.00
0	4	0.39	8.29	51.21	9.15	0.00
1	1	0.51	10.03	51.98	6.74	0.00
1	5	0.63	8.90	51.82	7.11	0.00
2	2	0.97	11.20	51.82	4.41	0.00
2	6	1.34	13.04	46.58	2.75	0.00
3	3	1.12	9.48	53.25	6.59	0.00
3	7	0.52	10.70	50.66	4.35	0.00
Core	CPU	C1%	C3%	C6%	C8%	C9%
-	-	0.65	7.54	56.18	7.56	0.05
0	0	0.89	8.12	54.05	6.34	0.01
0	4	0.23	5.94	57.90	8.66	0.01
1	1	0.90	7.07	55.49	10.81	0.00
1	5	0.69	8.26	58.64	6.28	0.00
2	2	0.77	7.46	57.86	6.63	0.00
2	6	0.70	8.94	53.69	5.09	0.25
3	3	0.35	7.61	54.34	7.94	0.10
3	7	0.65	6.86	57.15	8.73	0.00
Core	CPU	C1%	C3%	C6%	C8%	C9%
-	-	2.01	14.03	43.46	2.39	0.00
0	0	3.54	17.75	32.52	0.63	0.00
0	4	1.17	9.71	52.08	4.69	0.00
1	1	1.86	12.76	42.49	4.30	0.00
1	5	1.76	13.99	47.50	1.87	0.00
2	2	2.50	14.74	41.92	1.50	0.00
2	6	2.27	15.19	41.06	1.97	0.00
3	3	1.75	13.07	45.78	2.69	0.00
3	7	1.23	15.02	44.22	1.51	0.00
Core	CPU	C1%	C3%	C6%	C8%	C9%
-	-	3.16	10.05	45.05	10.48	0.00
0	0	3.95	9.68	22.25	3.64	0.00
0	4	2.14	10.13	49.19	10.47	0.00
1	1	3.54	10.98	47.81	9.36	0.00
1	5	2.74	7.73	48.58	18.29	0.00
2	2	3.27	9.99	46.13	12.88	0.00
2	6	3.88	12.74	49.37	5.91	0.01
3	3	2.57	8.94	48.70	14.19	0.00
3	7	3.21	10.35	48.96	9.25	0.00
Core	CPU	C1%	C3%	C6%	C8%	C9%
-	-	1.15	9.35	51.10	6.03	0.31
0	0	2.01	10.63	47.40	5.79	0.62
0	4	0.74	8.89	51.37	6.79	0.00
1	1	0.86	9.19	52.51	5.82	0.00
1	5	1.22	8.77	52.95	6.31	0.00
2	2	1.50	9.43	51.77	5.11	0.00
2	6	1.07	9.65	48.51	7.59	1.28
3	3	1.11	9.49	51.27	5.81	0.00
3	7	0.70	8.69	52.59	5.00	0.60
Core	CPU	C1%	C3%	C6%	C8%	C9%
-	-	0.59	8.11	54.94	8.56	0.03
0	0	1.00	8.94	53.39	6.57	0.00
0	4	0.52	8.37	57.75	8.70	0.00
1	1	0.44	6.99	52.31	9.67	0.00
1	5	0.56	7.51	54.09	13.15	0.00
2	2	0.49	7.95	56.04	7.09	0.00
2	6	0.48	9.09	53.96	5.67	0.24
3	3	1.04	8.03	53.26	8.45	0.00
3	7	0.17	8.02	58.64	9.20	0.00
Core	CPU	C1%	C3%	C6%	C8%	C9%
-	-	0.80	8.86	53.80	8.21	0.02
0	0	0.78	9.56	52.92	5.36	0.00
0	4	0.56	8.07	54.25	8.63	0.00
1	1	0.39	9.54	55.45	6.30	0.00
1	5	0.49	8.83	56.59	8.52	0.00
2	2	0.64	9.05	52.41	8.90	0.00
2	6	1.24	9.09	53.15	6.53	0.06
3	3	1.11	9.21	53.11	9.20	0.00
3	7	1.21	7.51	52.65	12.25	0.07
Core	CPU	C1%	C3%	C6%	C8%	C9%
-	-	0.86	6.97	54.79	8.60	0.10
0	0	0.87	7.42	52.04	10.24	0.09
0	4	0.77	7.24	55.07	7.41	0.00
1	1	0.78	7.42	58.02	7.84	0.00
1	5	0.57	7.29	54.74	6.44	0.00
2	2	1.88	6.98	54.71	7.31	0.00
2	6	0.75	6.77	54.56	9.40	0.66
3	3	0.47	5.94	51.64	12.51	0.00
3	7	0.78	6.73	57.55	7.64	0.01
Core	CPU	C1%	C3%	C6%	C8%	C9%
-	-	0.66	8.63	53.84	6.84	0.00
0	0	0.72	9.30	53.80	5.94	0.00
0	4	1.04	7.95	50.79	7.91	0.00
1	1	0.53	7.93	54.42	8.63	0.00
1	5	0.42	8.25	58.24	7.78	0.00
2	2	0.64	7.72	52.95	8.99	0.00
2	6	0.94	11.38	50.25	3.17	0.00
3	3	0.52	7.39	53.35	6.49	0.00
3	7	0.48	9.10	56.91	5.77	0.00
Core	CPU	C1%	C3%	C6%	C8%	C9%
-	-	1.09	10.95	49.48	5.51	0.00
0	0	1.88	12.62	45.39	3.14	0.00
0	4	1.20	9.27	53.33	7.25	0.00
1	1	0.81	11.61	48.88	5.51	0.00
1	5	0.52	9.61	53.22	4.24	0.00
2	2	1.33	10.87	48.04	3.29	0.00
2	6	0.92	13.52	46.66	5.10	0.00
3	3	1.25	10.83	50.75	5.21	0.00
3	7	0.83	9.23	49.50	10.31	0.00
Core	CPU	C1%	C3%	C6%	C8%	C9%
-	-	0.88	10.60	51.65	5.33	0.08
0	0	1.28	10.63	47.62	3.85	0.34
0	4	0.36	10.18	55.00	4.87	0.00
1	1	0.72	10.09	54.98	4.69	0.00
1	5	0.95	9.69	50.96	7.06	0.19
2	2	0.72	10.42	52.06	6.03	0.00
2	6	1.10	13.11	46.21	2.27	0.12
3	3	1.23	11.22	51.12	5.75	0.00
3	7	0.66	9.44	55.31	8.08	0.00
Core	CPU	C1%	C3%	C6%	C8%	C9%
-	-	1.07	11.59	49.67	4.81	0.01
0	0	1.59	12.20	46.85	3.47	0.00
0	4	0.75	10.86	50.51	5.75	0.00
1	1	0.73	10.46	55.25	5.06	0.00
1	5	1.07	10.37	52.00	4.54	0.00
2	2	1.01	10.62	50.92	6.30	0.01
2	6	1.67	15.77	41.31	3.29	0.08
3	3	0.96	10.65	49.95	4.93	0.00
3	7	0.79	11.76	50.53	5.19	0.00
Core	CPU	C1%	C3%	C6%	C8%	C9%
-	-	0.62	9.54	52.04	6.86	0.01
0	0	0.94	8.90	47.53	8.78	0.00
0	4	0.45	9.98	57.10	3.59	0.00
1	1	0.42	8.81	53.87	8.00	0.00
1	5	0.40	8.83	53.57	7.90	0.00
2	2	0.64	9.23	51.24	6.96	0.00
2	6	1.09	13.79	40.43	3.79	0.06
3	3	0.36	9.10	56.24	5.83	0.00
3	7	0.67	7.68	56.65	10.07	0.00
Core	CPU	C1%	C3%	C6%	C8%	C9%
-	-	0.51	8.73	53.53	8.71	0.01
0	0	0.54	8.26	55.80	7.46	0.00
0	4	0.54	8.09	54.63	12.30	0.00
1	1	0.50	8.72	57.58	7.04	0.00
1	5	0.43	7.12	52.36	9.94	0.00
2	2	0.17	7.13	56.54	8.80	0.00
2	6	1.16	14.09	41.16	4.89	0.04
3	3	0.24	7.93	54.04	10.18	0.00
3	7	0.48	8.60	56.73	9.19	0.00
Core	CPU	C1%	C3%	C6%	C8%	C9%
-	-	0.61	8.97	55.24	7.05	0.02
0	0	0.91	9.30	54.63	4.12	0.00
0	4	0.43	7.25	58.71	6.70	0.00
1	1	0.63	8.21	56.83	5.46	0.00
1	5	0.56	8.28	57.10	10.21	0.00
2	2	0.63	8.24	57.20	6.34	0.00
2	6	0.76	12.66	45.02	5.98	0.19
3	3	0.40	8.84	55.20	8.96	0.00
3	7	0.58	8.85	56.47	8.56	0.00
Core	CPU	C1%	C3%	C6%	C8%	C9%
-	-	1.02	8.22	54.64	7.38	0.10
0	0	1.24	10.25	54.69	4.49	0.01
0	4	0.58	6.44	56.18	10.87	0.00
1	1	0.92	8.37	58.04	6.64	0.00
1	5	0.40	7.50	52.90	7.38	0.00
2	2	2.07	8.09	52.35	8.72	0.00
2	6	1.44	9.68	52.58	3.72	0.77
3	3	0.39	7.51	54.17	9.85	0.00
3	7	1.15	7.99	56.74	7.47	0.00
Core	CPU	C1%	C3%	C6%	C8%	C9%
-	-	0.42	6.53	46.81	21.87	0.09
0	0	0.61	7.52	46.41	25.99	0.70
0	4	0.25	6.34	51.48	22.17	0.00
1	1	0.46	7.41	48.09	26.72	0.00
1	5	0.27	6.11	50.56	25.99	0.00
2	2	0.32	5.43	43.29	28.16	0.00
2	6	0.50	7.92	54.54	17.93	0.06
3	3	0.63	7.08	49.13	22.44	0.00
3	7	0.32	4.41	30.80	5.48	0.00
Core	CPU	C1%	C3%	C6%	C8%	C9%
-	-	1.11	6.28	55.21	7.72	0.28
0	0	1.96	7.49	51.92	7.47	0.00
0	4	0.59	5.68	55.92	9.59	0.00
1	1	1.24	6.88	56.79	8.95	0.09
1	5	0.76	5.31	57.23	10.58	0.94
2	2	1.10	6.46	57.83	5.03	0.00
2	6	0.70	6.48	50.34	4.50	1.24
3	3	1.60	5.89	50.75	9.53	0.00
3	7	0.92	6.02	60.97	6.13	0.00
Core	CPU	C1%	C3%	C6%	C8%	C9%
-	-	0.59	6.29	54.61	9.08	0.15
0	0	0.53	7.24	50.42	9.62	0.00
0	4	0.51	6.32	53.14	9.05	0.90
1	1	0.44	6.15	57.14	8.38	0.01
1	5	0.57	5.69	51.11	11.05	0.00
2	2	0.54	6.21	56.79	9.76	0.00
2	6	0.70	7.08	55.34	4.92	0.28
3	3	0.54	5.75	54.88	10.89	0.01
3	7	0.86	5.90	58.01	8.98	0.00
Core	CPU	C1%	C3%	C6%	C8%	C9%
-	-	0.59	6.68	56.01	7.65	0.13
0	0	0.84	8.59	56.28	6.40	0.00
0	4	0.72	6.05	55.62	7.21	0.00
1	1	0.47	6.03	57.36	7.24	0.00
1	5	0.42	6.44	56.23	7.51	0.00
2	2	0.47	6.75	58.37	6.53	0.00
2	6	0.41	6.37	53.33	9.52	1.05
3	3	0.84	7.24	52.28	8.81	0.00
3	7	0.51	5.94	58.09	7.91	0.00
Core	CPU	C1%	C3%	C6%	C8%	C9%
-	-	0.85	8.89	51.73	7.86	0.11
0	0	1.35	8.80	48.36	9.55	0.00
0	4	0.58	8.24	56.24	5.99	0.00
1	1	1.09	7.73	50.99	10.88	0.00
1	5	0.63	8.53	53.10	8.40	0.00
2	2	0.99	9.78	52.25	5.70	0.00
2	6	0.62	11.25	44.66	6.60	0.84
3	3	0.79	9.28	55.01	6.60	0.00
3	7	0.79	7.54	53.39	9.17	0.00
Core	CPU	C1%	C3%	C6%	C8%	C9%
-	-	0.78	7.75	53.67	7.58	0.22
0	0	1.07	10.72	54.64	3.40	0.00
0	4	0.48	5.83	51.36	10.35	0.00
1	1	0.66	6.94	53.57	8.25	0.00
1	5	0.68	6.83	52.06	9.52	0.98
2	2	1.37	6.96	56.71	6.61	0.38
2	6	0.86	9.00	53.32	5.27	0.43
3	3	0.47	7.71	51.17	9.74	0.00
3	7	0.64	8.03	56.44	7.45	0.00
Core	CPU	C1%	C3%	C6%	C8%	C9%
-	-	0.69	8.57	53.38	6.88	0.11
0	0	0.73	9.69	52.18	4.68	0.00
0	4	0.72	7.89	54.24	8.38	0.00
1	1	0.49	8.05	54.79	7.79	0.36
1	5	1.37	8.16	55.45	7.78	0.00
2	2	0.12	6.64	52.76	11.16	0.00
2	6	1.10	11.69	49.06	2.81	0.54
3	3	0.48	7.89	54.02	7.55	0.00
3	7	0.51	8.55	54.54	4.93	0.01
Core	CPU	C1%	C3%	C6%	C8%	C9%
-	-	1.17	8.70	52.77	6.06	0.14
0	0	1.92	10.33	51.82	4.01	0.06
0	4	0.53	7.20	57.22	6.52	0.00
1	1	0.99	8.86	53.84	6.42	0.00
1	5	1.68	8.33	52.13	6.42	0.39
2	2	0.89	9.05	53.46	5.98	0.00
2	6	0.94	9.29	49.94	5.50	0.55
3	3	1.27	8.68	50.19	6.96	0.09
3	7	1.13	7.87	53.45	6.65	0.00
Core	CPU	C1%	C3%	C6%	C8%	C9%
-	-	1.14	10.57	52.67	4.77	0.00
0	0	1.65	11.07	47.02	4.87	0.00
0	4	0.94	9.71	56.58	4.70	0.00
1	1	0.74	9.85	55.67	5.53	0.00
1	5	1.36	10.73	53.65	4.56	0.00
2	2	0.64	8.92	56.68	4.63	0.00
2	6	1.70	14.49	44.27	3.60	0.00
3	3	1.09	10.60	52.46	3.27	0.00
3	7	1.03	9.18	55.04	6.97	0.00
Core	CPU	C1%	C3%	C6%	C8%	C9%
-	-	1.10	9.65	51.72	4.94	0.11
0	0	1.69	11.17	46.55	2.44	0.02
0	4	1.16	9.60	50.96	5.45	0.00
1	1	0.72	9.16	56.40	5.64	0.00
1	5	1.21	9.33	52.28	4.89	0.00
2	2	1.21	9.73	47.82	3.64	0.00
2	6	0.91	9.95	52.66	4.61	0.83
3	3	1.40	8.64	52.89	7.19	0.00
3	7	0.48	9.59	54.24	5.71	0.00
Core	CPU	C1%	C3%	C6%	C8%	C9%
-	-	0.91	6.97	53.33	6.40	0.00
0	0	1.25	9.05	51.65	3.50	0.00
0	4	0.32	6.14	54.04	7.74	0.00
1	1	0.68	6.27	49.22	8.31	0.00
1	5	1.35	7.79	61.00	6.19	0.00
2	2	0.98	5.64	51.95	10.30	0.00
2	6	0.80	8.05	53.92	3.50	0.02
3	3	1.53	6.39	50.30	6.21	0.00
3	7	0.37	6.51	55.20	5.52	0.00
Core	CPU	C1%	C3%	C6%	C8%	C9%
-	-	0.84	5.07	51.72	9.90	0.09
0	0	1.37	6.72	51.54	5.50	0.00
0	4	0.80	4.19	55.05	9.80	0.00
1	1	0.67	5.35	55.38	16.26	0.00
1	5	0.62	4.50	52.75	15.81	0.00
2	2	0.91	5.57	48.26	9.71	0.00
2	6	1.05	4.80	51.81	6.98	0.70
3	3	0.37	5.00	56.41	7.91	0.00
3	7	0.89	4.41	41.97	7.09	0.01
Core	CPU	C1%	C3%	C6%	C8%	C9%
-	-	0.83	6.34	53.90	6.72	0.10
0	0	0.94	6.17	52.28	9.59	0.01
0	4	0.77	7.08	54.56	4.81	0.01
1	1	0.46	6.38	52.60	3.91	0.35
1	5	0.64	6.22	53.56	5.20	0.00
2	2	1.21	6.41	53.46	8.52	0.00
2	6	1.16	6.08	53.10	7.26	0.47
3	3	0.52	6.29	53.94	8.56	0.00
3	7	0.97	6.20	58.73	6.06	0.00
Core	CPU	C1%	C3%	C6%	C8%	C9%
-	-	0.87	7.80	52.44	7.27	0.25
0	0	0.60	9.58	53.66	4.45	0.01
0	4	0.64	6.34	54.44	6.76	0.00
1	1	0.63	6.66	51.17	13.66	0.00
1	5	0.95	8.04	56.07	6.44	0.00
2	2	1.44	6.85	50.94	5.97	0.39
2	6	1.52	9.72	44.36	6.62	1.57
3	3	0.49	7.54	56.44	7.25	0.00
3	7	0.71	7.48	51.33	6.82	0.00
Core	CPU	C1%	C3%	C6%	C8%	C9%
-	-	0.82	6.88	52.17	7.93	0.11
0	0	0.71	7.09	55.57	7.24	0.05
0	4	0.70	6.66	47.65	7.90	0.00
1	1	0.70	6.90	55.77	9.36	0.00
1	5	0.93	6.05	54.42	4.98	0.71
2	2	1.28	6.96	48.74	9.36	0.00
2	6	0.91	8.01	47.83	9.60	0.11
3	3	0.59	8.23	58.66	5.28	0.00
3	7	0.74	5.10	48.63	9.68	0.00
Core	CPU	C1%	C3%	C6%	C8%	C9%
-	-	1.04	8.21	51.95	7.86	0.03
0	0	1.58	9.55	51.43	3.75	0.01
0	4	1.01	6.42	51.98	8.66	0.00
1	1	1.04	8.41	54.55	6.40	0.00
1	5	0.90	7.24	50.24	13.01	0.00
2	2	0.72	8.45	50.79	7.67	0.00
2	6	1.45	10.22	52.03	4.45	0.24
3	3	0.75	7.46	51.87	12.67	0.00
3	7	0.92	7.91	52.73	6.23	0.00
Core	CPU	C1%	C3%	C6%	C8%	C9%
-	-	0.60	8.67	55.01	6.81	0.12
0	0	0.85	10.43	54.68	6.43	0.00
0	4	0.20	7.91	58.21	7.68	0.00
1	1	0.89	8.91	56.76	5.08	0.00
1	5	0.54	7.60	54.58	7.53	0.79
2	2	0.83	8.25	50.77	8.86	0.00
2	6	0.57	10.75	54.99	4.77	0.18
3	3	0.26	8.06	54.28	6.20	0.00
3	7	0.62	7.45	55.82	7.88	0.00
Core	CPU	C1%	C3%	C6%	C8%	C9%
-	-	0.61	8.23	54.85	6.73	0.02
0	0	0.97	10.06	55.67	4.28	0.00
0	4	0.30	6.88	51.82	8.63	0.00
1	1	0.80	9.63	56.28	5.64	0.00
1	5	0.51	6.82	54.59	7.32	0.00
2	2	0.54	8.21	57.95	4.29	0.00
2	6	0.43	8.25	53.30	6.52	0.16
3	3	0.94	8.73	54.72	8.19	0.00
3	7	0.40	7.25	54.50	8.99	0.00
Core	CPU	C1%	C3%	C6%	C8%	C9%
-	-	0.70	8.53	52.98	7.00	0.06
0	0	1.10	9.33	47.56	6.01	0.15
0	4	0.63	7.88	52.50	10.02	0.00
1	1	0.78	8.06	55.65	5.53	0.00
1	5	0.71	9.05	53.00	6.97	0.32
2	2	0.63	7.32	53.62	8.11	0.00
2	6	0.74	8.99	53.11	6.26	0.00
3	3	0.47	8.47	52.37	7.97	0.00
3	7	0.56	9.11	55.98	5.15	0.00
Core	CPU	C1%	C3%	C6%	C8%	C9%
-	-	0.71	8.37	53.74	7.21	0.08
0	0	1.64	9.86	51.48	3.04	0.00
0	4	0.30	6.43	52.54	10.21	0.66
1	1	0.75	8.67	54.97	8.16	0.01
1	5	0.65	7.88	54.58	6.57	0.00
2	2	0.36	8.52	52.67	7.10	0.00
2	6	0.56	7.81	53.94	8.41	0.00
3	3	0.51	9.48	55.94	5.56	0.00
3	7	0.95	8.28	53.85	8.64	0.00
Core	CPU	C1%	C3%	C6%	C8%	C9%
-	-	0.56	5.34	49.36	11.73	0.09
0	0	0.40	5.66	47.26	8.32	0.00
0	4	0.74	5.33	53.00	14.92	0.00
1	1	0.95	5.69	49.30	18.31	0.00
1	5	0.52	4.92	50.88	6.33	0.50
2	2	0.82	6.78	53.49	11.31	0.00
2	6	0.31	4.39	46.11	6.99	0.00
3	3	0.39	5.45	49.89	17.33	0.00
3	7	0.34	4.50	44.98	10.37	0.19
Core	CPU	C1%	C3%	C6%	C8%	C9%
-	-	1.41	5.83	36.56	22.65	1.87
0	0	1.86	6.79	35.58	34.97	0.01
0	4	0.98	5.63	34.84	35.28	0.55
1	1	1.42	5.43	30.84	11.10	4.26
1	5	0.87	5.53	41.93	32.34	0.00
2	2	2.32	5.67	31.46	13.53	0.00
2	6	1.07	6.69	29.56	3.07	10.07
3	3	1.50	5.25	37.73	34.17	0.00
3	7	1.22	5.68	50.58	16.74	0.04
Core	CPU	C1%	C3%	C6%	C8%	C9%
-	-	0.78	6.64	50.72	8.99	0.21
0	0	1.19	8.16	56.30	6.77	0.00
0	4	0.85	5.06	46.76	12.72	0.00
1	1	0.77	6.69	52.22	8.57	0.00
1	5	0.40	6.37	46.27	4.48	0.27
2	2	0.70	7.13	54.11	7.65	0.00
2	6	0.80	7.35	48.04	10.17	0.57
3	3	0.90	5.87	51.06	12.96	0.67
3	7	0.66	6.47	50.89	8.56	0.14
Core	CPU	C1%	C3%	C6%	C8%	C9%
-	-	0.70	8.19	51.94	8.61	0.02
0	0	0.94	8.88	54.04	6.87	0.00
0	4	0.53	7.15	51.70	12.72	0.00
1	1	0.54	7.55	53.67	9.69	0.00
1	5	0.34	7.82	55.08	7.61	0.08
2	2	0.65	7.19	50.47	8.59	0.01
2	6	0.87	11.42	45.99	5.35	0.07
3	3	1.22	8.60	50.69	10.39	0.00
3	7	0.54	6.89	53.86	7.70	0.00
Core	CPU	C1%	C3%	C6%	C8%	C9%
-	-	0.88	9.91	49.39	6.78	0.01
0	0	1.45	12.11	45.38	3.33	0.10
0	4	0.53	8.74	54.74	7.13	0.00
1	1	0.81	8.52	51.29	8.83	0.00
1	5	0.81	8.88	51.47	7.62	0.00
2	2	0.88	9.57	49.30	6.33	0.01
2	6	1.29	12.82	43.41	5.62	0.01
3	3	0.56	8.97	49.14	10.13	0.00
3	7	0.72	9.64	50.43	5.22	0.00
Core	CPU	C1%	C3%	C6%	C8%	C9%
-	-	0.65	8.55	51.01	8.93	0.02
0	0	0.82	7.84	54.68	7.99	0.00
0	4	0.56	7.62	53.67	8.94	0.00
1	1	0.43	7.70	49.80	14.16	0.00
1	5	0.21	8.23	51.30	8.81	0.00
2	2	0.89	8.85	51.57	6.12	0.00
2	6	1.15	12.57	44.38	4.56	0.15
3	3	0.85	8.29	49.56	10.70	0.00
3	7	0.33	7.32	53.11	10.15	0.00
Core	CPU	C1%	C3%	C6%	C8%	C9%
-	-	0.75	8.69	52.67	6.98	0.10
0	0	0.95	10.06	51.83	4.63	0.00
0	4	0.36	7.31	52.74	9.24	0.00
1	1	1.07	9.15	58.88	2.62	0.00
1	5	0.81	7.81	51.52	7.74	0.00
2	2	0.77	7.37	51.90	9.77	0.22
2	6	0.94	11.64	46.92	6.35	0.61
3	3	0.46	8.99	54.37	5.12	0.00
3	7	0.64	7.19	53.21	10.40	0.00
Core	CPU	C1%	C3%	C6%	C8%	C9%
-	-	0.69	6.71	55.84	8.54	0.07
0	0	0.68	7.89	58.46	4.82	0.11
0	4	1.01	6.37	54.17	11.21	0.00
1	1	0.50	5.76	56.81	11.20	0.00
1	5	0.71	7.06	58.91	6.47	0.00
2	2	1.06	6.85	52.95	8.32	0.00
2	6	0.52	8.29	55.76	8.42	0.45
3	3	0.64	6.66	55.70	6.75	0.00
3	7	0.37	4.80	54.12	11.11	0.00
Core	CPU	C1%	C3%	C6%	C8%	C9%
-	-	0.59	5.52	52.85	9.12	0.16
0	0	0.87	6.43	52.11	10.93	0.00
0	4	0.30	4.36	48.66	12.16	0.00
1	1	0.73	5.03	55.98	8.36	0.80
1	5	0.57	5.31	49.14	8.54	0.00
2	2	0.46	5.15	58.06	11.06	0.00
2	6	1.05	7.75	52.84	6.60	0.51
3	3	0.54	5.60	58.80	6.80	0.00
3	7	0.22	4.55	47.06	8.48	0.00
Core	CPU	C1%	C3%	C6%	C8%	C9%
-	-	0.79	5.38	51.76	9.13	0.28
0	0	0.80	5.97	46.47	8.10	0.00
0	4	0.37	5.32	55.20	4.25	0.89
1	1	1.11	5.55	51.90	9.21	0.00
1	5	1.71	4.51	54.73	6.19	0.00
2	2	0.59	4.73	52.41	13.72	0.00
2	6	0.71	5.96	53.42	5.14	1.20
3	3	0.37	5.23	48.40	18.27	0.00
3	7	0.65	5.77	51.60	8.15	0.15
Core	CPU	C1%	C3%	C6%	C8%	C9%
-	-	0.91	7.59	48.86	8.63	0.07
0	0	1.06	7.69	47.41	10.36	0.31
0	4	0.79	7.10	49.40	8.09	0.11
1	1	0.66	7.92	49.06	12.95	0.00
1	5	1.13	6.64	49.73	9.65	0.00
2	2	0.70	6.23	50.46	7.33	0.00
2	6	1.12	9.63	45.08	7.18	0.12
3	3	1.11	7.14	48.58	6.39	0.00
3	7	0.67	8.34	51.16	7.09	0.00
Core	CPU	C1%	C3%	C6%	C8%	C9%
-	-	0.62	6.01	52.54	9.43	0.19
0	0	0.78	6.02	50.74	9.00	0.11
0	4	0.54	5.01	53.22	11.22	0.00
1	1	0.68	6.14	58.87	5.85	0.00
1	5	0.40	5.22	49.21	10.52	0.00
2	2	0.34	5.39	52.99	10.25	0.05
2	6	0.97	7.58	50.28	9.70	1.38
3	3	0.82	7.98	50.69	10.24	0.00
3	7	0.43	4.75	54.35	8.65	0.00
Core	CPU	C1%	C3%	C6%	C8%	C9%
-	-	0.75	6.74	50.84	10.12	0.38
0	0	0.59	7.09	53.66	8.50	0.00
0	4	0.68	5.97	45.27	13.57	0.00
1	1	0.84	5.31	50.70	14.20	0.00
1	5	0.52	6.19	53.01	8.24	0.00
2	2	0.85	6.80	53.51	7.68	0.01
2	6	0.81	9.01	42.40	10.63	2.51
3	3	0.91	6.82	52.44	9.09	0.42
3	7	0.80	6.70	55.75	9.02	0.13
Core	CPU	C1%	C3%	C6%	C8%	C9%
-	-	0.58	5.08	52.43	10.38	0.43
0	0	0.70	5.73	54.53	8.54	0.01
0	4	0.78	4.61	47.95	8.93	0.00
1	1	0.79	4.60	58.28	9.56	0.00
1	5	0.18	4.97	53.08	11.08	0.00
2	2	0.68	5.59	53.95	13.19	0.01
2	6	0.48	5.76	50.27	6.12	3.42
3	3	0.43	5.55	49.45	14.38	0.01
3	7	0.59	3.79	51.90	11.25	0.00
Core	CPU	C1%	C3%	C6%	C8%	C9%
-	-	0.46	5.14	51.30	8.86	0.26
0	0	0.71	6.07	53.35	6.63	0.00
0	4	0.39	4.97	49.66	9.11	0.31
1	1	0.34	5.65	52.12	10.19	0.00
1	5	0.55	5.03	48.27	6.69	0.00
2	2	0.42	4.56	47.29	10.46	0.00
2	6	0.53	5.93	53.42	6.87	1.06
3	3	0.21	3.83	50.07	14.32	0.00
3	7	0.54	5.17	56.80	6.73	0.71
Core	CPU	C1%	C3%	C6%	C8%	C9%
-	-	0.90	6.63	51.99	8.25	0.26
0	0	0.91	9.23	53.60	3.70	0.01
0	4	0.55	4.84	50.24	10.99	0.00
1	1	1.15	7.32	54.54	7.31	0.00
1	5	0.65	5.18	46.67	10.98	0.55
2	2	0.73	6.18	48.13	13.21	0.00
2	6	1.12	7.49	59.95	4.08	0.05
3	3	0.67	5.87	49.43	8.14	0.09
3	7	1.41	6.89	53.14	7.57	1.36
Core	CPU	C1%	C3%	C6%	C8%	C9%
-	-	1.17	8.24	49.00	5.24	0.09
0	0	2.04	9.81	39.78	3.24	0.08
0	4	0.78	6.92	52.87	5.31	0.00
1	1	0.81	8.17	51.21	7.29	0.00
1	5	1.32	7.83	48.48	3.21	0.00
2	2	1.45	8.70	46.35	4.85	0.00
2	6	0.96	8.04	50.82	5.60	0.66
3	3	1.14	8.00	52.13	6.88	0.00
3	7	0.86	8.39	50.04	5.52	0.00
Core	CPU	C1%	C3%	C6%	C8%	C9%
-	-	0.56	6.32	56.30	7.09	0.04
0	0	0.63	7.66	57.09	5.73	0.00
0	4	0.21	5.93	59.48	8.28	0.00
1	1	1.26	6.91	52.42	7.34	0.00
1	5	0.39	4.89	55.88	8.24	0.30
2	2	0.35	5.61	56.15	7.13	0.01
2	6	0.79	7.27	55.89	7.10	0.00
3	3	0.26	5.56	51.87	11.06	0.01
3	7	0.61	6.85	62.34	1.96	0.00
Core	CPU	C1%	C3%	C6%	C8%	C9%
-	-	0.64	6.89	53.30	9.63	0.01
0	0	0.62	7.06	53.56	9.74	0.01
0	4	0.59	7.18	58.49	6.21	0.00
1	1	0.73	6.49	52.83	10.33	0.00
1	5	0.47	5.96	53.57	8.53	0.00
2	2	0.25	5.51	52.17	15.19	0.00
2	6	1.04	10.18	49.25	8.34	0.00
3	3	0.64	6.33	49.18	9.11	0.01
3	7	0.77	6.37	57.19	9.56	0.04
Core	CPU	C1%	C3%	C6%	C8%	C9%
-	-	0.69	9.26	51.93	7.67	0.03
0	0	0.80	9.14	53.12	4.70	0.00
0	4	0.40	8.12	51.64	10.28	0.00
1	1	0.55	9.03	51.79	6.97	0.00
1	5	0.70	8.13	54.22	8.05	0.17
2	2	0.83	9.18	54.60	7.99	0.00
2	6	1.17	14.32	40.80	3.67	0.04
3	3	0.70	8.17	53.83	9.70	0.00
3	7	0.32	7.92	54.86	9.95	0.00
Core	CPU	C1%	C3%	C6%	C8%	C9%
-	-	0.80	11.89	48.01	4.85	0.00
0	0	0.72	11.40	46.14	7.23	0.00
0	4	0.54	10.47	48.20	7.70	0.00
1	1	0.80	10.95	56.00	3.19	0.00
1	5	0.88	11.65	48.00	4.38	0.00
2	2	0.58	11.33	46.71	5.34	0.00
2	6	1.70	15.99	39.03	1.35	0.00
3	3	0.79	11.91	49.47	3.99	0.00
3	7	0.43	11.49	50.82	5.62	0.00
Core	CPU	C1%	C3%	C6%	C8%	C9%
-	-	0.72	9.90	50.80	8.16	0.07
0	0	0.54	10.72	50.38	5.97	0.00
0	4	0.33	9.14	54.22	7.82	0.31
1	1	0.83	10.54	50.86	8.85	0.00
1	5	0.26	9.11	54.51	5.71	0.00
2	2	1.13	8.04	51.66	12.79	0.00
2	6	1.25	13.19	40.39	5.48	0.26
3	3	0.74	9.15	52.65	9.15	0.00
3	7	0.66	9.26	51.37	9.51	0.00
Core	CPU	C1%	C3%	C6%	C8%	C9%
-	-	0.55	10.71	49.67	10.68	0.00
0	0	0.69	9.64	49.88	18.54	0.00
0	4	0.63	12.08	59.08	9.01	0.00
1	1	0.77	11.12	56.34	14.61	0.00
1	5	0.23	12.37	56.92	12.36	0.00
2	2	0.22	3.60	22.89	3.18	0.00
2	6	1.03	17.38	39.03	3.79	0.00
3	3	0.28	9.24	55.52	11.47	0.00
3	7	0.53	10.24	57.73	12.49	0.00
Core	CPU	C1%	C3%	C6%	C8%	C9%
-	-	0.75	9.10	52.53	8.68	0.05
0	0	1.33	11.20	51.81	4.52	0.00
0	4	0.49	7.39	51.77	12.78	0.00
1	1	1.34	8.40	54.69	8.30	0.00
1	5	0.30	7.37	55.23	10.20	0.00
2	2	0.37	8.08	53.47	9.54	0.00
2	6	0.85	14.64	43.09	5.87	0.40
3	3	0.89	7.76	53.86	10.44	0.00
3	7	0.45	8.16	57.45	7.96	0.00
Core	CPU	C1%	C3%	C6%	C8%	C9%
-	-	0.49	7.14	51.60	12.35	0.14
0	0	0.38	6.18	48.47	14.34	0.01
0	4	0.55	6.28	54.86	13.21	0.00
1	1	0.65	7.30	53.19	9.77	0.31
1	5	0.34	7.56	54.80	11.06	0.00
2	2	0.41	6.59	51.43	13.98	0.00
2	6	0.88	11.59	43.12	7.25	0.80
3	3	0.46	5.53	54.54	14.32	0.00
3	7	0.28	5.97	51.73	14.71	0.00
Core	CPU	C1%	C3%	C6%	C8%	C9%
-	-	0.90	7.93	51.46	9.65	0.19
0	0	0.72	9.21	51.19	5.96	0.21
0	4	0.81	7.38	54.06	12.81	0.00
1	1	1.32	7.64	51.98	11.93	0.01
1	5	0.84	7.13	55.78	8.73	0.00
2	2	1.43	6.53	50.24	11.19	0.21
2	6	0.82	10.42	48.32	6.54	1.08
3	3	0.63	6.80	46.83	10.98	0.00
3	7	0.64	8.37	53.45	9.08	0.05
Core	CPU	C1%	C3%	C6%	C8%	C9%
-	-	0.56	7.04	54.20	8.14	0.10
0	0	0.44	8.04	53.27	3.96	0.01
0	4	0.30	6.14	52.69	10.71	0.00
1	1	0.85	7.18	56.03	7.46	0.00
1	5	0.47	6.49	54.49	10.12	0.00
2	2	0.46	6.50	54.31	8.13	0.00
2	6	0.40	9.19	54.92	5.50	0.77
3	3	0.57	6.74	56.09	9.48	0.00
3	7	0.97	5.94	51.14	9.68	0.00
Core	CPU	C1%	C3%	C6%	C8%	C9%
-	-	1.14	10.01	49.83	3.95	0.21
0	0	2.17	12.24	43.58	2.36	0.01
0	4	0.99	9.27	51.07	3.44	0.00
1	1	0.99	9.57	50.73	4.65	0.00
1	5	1.42	9.81	45.51	5.58	1.40
2	2	0.58	8.22	48.63	5.61	0.00
2	6	0.88	10.98	50.97	2.90	0.23
3	3	1.06	11.86	48.52	3.60	0.00
3	7	1.07	8.16	59.60	3.44	0.00
Core	CPU	C1%	C3%	C6%	C8%	C9%
-	-	1.32	11.42	46.81	3.87	0.02
0	0	1.70	14.81	40.46	3.31	0.00
0	4	0.71	10.08	51.54	3.32	0.00
1	1	1.88	10.69	48.19	4.14	0.00
1	5	1.30	9.58	49.03	6.28	0.00
2	2	1.19	11.69	48.28	4.27	0.00
2	6	0.70	11.72	46.44	2.89	0.16
3	3	1.44	11.96	43.07	3.60	0.00
3	7	1.65	10.83	47.45	3.17	0.00
Core	CPU	C1%	C3%	C6%	C8%	C9%
-	-	0.93	9.16	52.49	4.45	0.09
0	0	0.95	11.52	48.07	3.02	0.04
0	4	0.43	7.62	46.47	7.63	0.01
1	1	0.96	9.54	53.24	5.36	0.00
1	5	1.56	8.80	52.24	2.84	0.00
2	2	0.34	8.07	54.85	3.33	0.00
2	6	1.55	9.68	52.92	2.88	0.66
3	3	1.03	8.95	54.19	6.66	0.00
3	7	0.64	9.09	57.95	3.92	0.00
Core	CPU	C1%	C3%	C6%	C8%	C9%
-	-	0.86	12.30	46.11	4.84	0.00
0	0	0.99	12.31	44.49	6.07	0.00
0	4	1.10	10.76	51.73	4.60	0.00
1	1	0.92	12.06	47.10	5.59	0.00
1	5	0.56	11.92	49.77	3.28	0.00
2	2	0.51	11.37	48.19	7.76	0.00
2	6	1.29	16.22	31.15	3.10	0.00
3	3	0.84	12.66	49.33	3.37	0.00
3	7	0.69	11.12	47.19	4.95	0.00
Core	CPU	C1%	C3%	C6%	C8%	C9%
-	-	1.02	13.63	44.43	3.51	0.08
0	0	1.42	13.53	44.03	4.54	0.00
0	4	0.95	13.20	46.55	3.91	0.00
1	1	0.83	13.54	46.19	6.37	0.00
1	5	1.03	14.42	45.70	2.13	0.00
2	2	0.64	12.99	47.02	4.97	0.00
2	6	1.43	15.71	34.22	2.15	0.33
3	3	0.92	13.01	46.50	2.13	0.00
3	7	0.95	12.64	45.20	1.87	0.27
Core	CPU	C1%	C3%	C6%	C8%	C9%
-	-	1.04	13.72	45.18	3.55	0.00
0	0	0.98	13.58	43.64	3.73	0.00
0	4	1.02	13.38	47.45	2.55	0.00
1	1	1.07	12.65	48.50	5.03	0.00
1	5	0.51	12.72	47.59	5.28	0.00
2	2	1.01	12.53	47.05	3.56	0.00
2	6	1.47	18.03	31.20	1.56	0.00
3	3	1.23	12.81	49.60	4.06	0.00
3	7	0.99	14.02	46.35	2.58	0.00
Core	CPU	C1%	C3%	C6%	C8%	C9%
-	-	0.84	12.52	49.51	4.47	0.00
0	0	0.80	13.75	48.79	4.06	0.00
0	4	0.47	11.77	54.22	3.08	0.00
1	1	0.86	12.27	50.31	5.28	0.00
1	5	1.08	11.47	48.54	5.19	0.00
2	2	0.72	11.66	51.55	6.30	0.00
2	6	1.24	16.24	39.75	1.68	0.00
3	3	0.57	10.61	50.45	6.53	0.00
3	7	0.97	12.36	52.47	3.60	0.00
Core	CPU	C1%	C3%	C6%	C8%	C9%
-	-	0.81	12.40	47.63	4.34	0.00
0	0	1.33	12.35	46.58	3.47	0.00
0	4	0.69	10.64	48.62	6.70	0.00
1	1	0.89	12.33	50.28	4.85	0.00
1	5	0.40	13.25	50.94	2.53	0.00
2	2	0.53	11.19	50.99	3.06	0.00
2	6	1.33	16.74	32.91	3.00	0.00
3	3	0.67	11.55	50.95	4.95	0.00
3	7	0.62	11.11	49.70	6.17	0.00
Core	CPU	C1%	C3%	C6%	C8%	C9%
-	-	1.18	12.72	46.01	4.24	0.07
0	0	1.14	14.83	42.99	3.10	0.00
0	4	0.86	10.75	47.81	6.39	0.00
1	1	1.47	12.15	47.98	4.96	0.00
1	5	1.21	11.23	50.28	4.54	0.34
2	2	0.96	11.46	48.33	5.16	0.00
2	6	1.74	15.40	37.24	1.67	0.21
3	3	1.10	13.09	47.57	4.71	0.00
3	7	0.93	12.86	45.96	3.40	0.00
Core	CPU	C1%	C3%	C6%	C8%	C9%
-	-	1.07	10.06	51.67	5.88	0.03
0	0	1.23	11.82	50.70	4.42	0.00
0	4	0.58	8.24	55.41	4.54	0.01
1	1	1.45	9.71	51.98	4.76	0.00
1	5	0.95	9.88	54.83	2.45	0.00
2	2	1.18	9.54	52.20	7.03	0.00
2	6	0.95	11.79	47.24	7.81	0.23
3	3	1.40	10.54	52.68	6.19	0.00
3	7	0.85	9.02	48.50	9.87	0.00
Core	CPU	C1%	C3%	C6%	C8%	C9%
-	-	1.47	10.76	48.82	3.50	0.13
0	0	1.06	12.93	48.30	3.09	0.00
0	4	0.92	8.90	51.67	6.34	0.00
1	1	1.95	11.34	46.64	2.90	0.00
1	5	0.94	9.73	46.89	2.29	0.17
2	2	1.49	10.70	47.99	3.28	0.00
2	6	1.61	12.20	48.43	1.49	0.76
3	3	2.01	10.57	48.23	4.25	0.00
3	7	1.81	9.66	52.24	4.35	0.11
Core	CPU	C1%	C3%	C6%	C8%	C9%
-	-	1.00	10.66	43.80	12.51	0.01
0	0	1.42	11.90	42.58	15.77	0.00
0	4	0.76	10.60	46.20	11.66	0.00
1	1	0.80	9.84	48.32	13.82	0.00
1	5	1.05	9.52	47.15	15.04	0.00
2	2	1.13	10.90	45.80	13.19	0.00
2	6	1.03	11.55	27.89	1.86	0.04
3	3	1.08	11.23	42.16	16.11	0.00
3	7	0.68	9.66	50.09	12.61	0.00
Core	CPU	C1%	C3%	C6%	C8%	C9%
-	-	1.92	10.56	43.01	14.27	0.00
0	0	2.57	10.39	41.50	17.69	0.00
0	4	1.23	10.13	45.15	19.68	0.00
1	1	2.15	9.45	49.90	13.96	0.00
1	5	2.07	10.31	46.48	16.13	0.00
2	2	1.42	7.75	22.67	1.13	0.00
2	6	1.85	16.05	52.75	5.18	0.00
3	3	2.40	10.75	39.09	21.46	0.00
3	7	1.64	9.68	46.75	19.01	0.00
Core	CPU	C1%	C3%	C6%	C8%	C9%
-	-	1.15	11.43	50.94	3.70	0.07
0	0	1.56	14.86	45.09	1.32	0.00
0	4	0.92	9.71	51.29	8.39	0.00
1	1	1.09	11.06	52.29	3.32	0.00
1	5	0.89	10.42	51.84	4.78	0.00
2	2	1.05	11.17	52.76	2.19	0.00
2	6	1.67	11.54	50.92	2.22	0.54
3	3	1.36	11.58	50.66	3.00	0.00
3	7	0.66	11.12	52.64	4.40	0.00
Core	CPU	C1%	C3%	C6%	C8%	C9%
-	-	1.02	9.12	51.25	5.23	0.09
0	0	1.22	11.54	50.31	3.79	0.00
0	4	0.69	8.47	52.24	4.81	0.00
1	1	1.67	8.76	49.09	5.12	0.00
1	5	0.92	8.11	55.68	6.37	0.00
2	2	0.85	8.88	51.11	5.62	0.00
2	6	0.83	9.59	49.21	4.75	0.48
3	3	1.07	9.21	50.61	4.89	0.20
3	7	0.94	8.43	51.76	6.49	0.01
Core	CPU	C1%	C3%	C6%	C8%	C9%
-	-	0.99	10.48	50.66	3.92	0.00
0	0	1.39	12.73	48.11	3.57	0.00
0	4	0.56	8.24	50.94	4.28	0.00
1	1	1.25	9.65	53.84	1.55	0.00
1	5	1.09	10.88	52.17	1.55	0.00
2	2	0.83	10.17	48.31	7.18	0.01
2	6	1.09	10.57	47.93	4.24	0.01
3	3	0.98	10.20	50.91	5.51	0.00
3	7	0.74	11.41	53.29	3.48	0.00
Core	CPU	C1%	C3%	C6%	C8%	C9%
-	-	0.85	7.38	51.34	6.23	0.07
0	0	1.32	9.57	48.38	6.11	0.00
0	4	0.39	6.33	45.57	3.76	0.00
1	1	0.60	7.86	54.56	6.41	0.00
1	5	1.21	7.07	51.64	6.10	0.00
2	2	0.87	6.74	52.75	5.50	0.00
2	6	1.11	7.14	48.19	4.08	0.59
3	3	0.74	6.82	53.46	10.69	0.00
3	7	0.57	7.47	55.98	7.17	0.00
Core	CPU	C1%	C3%	C6%	C8%	C9%
-	-	0.97	10.44	50.06	5.69	0.08
0	0	0.85	11.25	46.46	5.87	0.00
0	4	1.35	9.18	53.44	5.38	0.00
1	1	1.33	10.45	51.68	3.86	0.00
1	5	0.71	9.08	52.34	6.43	0.00
2	2	0.58	9.74	52.94	6.95	0.00
2	6	1.04	12.11	44.94	3.85	0.53
3	3	0.87	10.47	48.81	5.67	0.10
3	7	1.02	11.23	49.81	7.55	0.00
Core	CPU	C1%	C3%	C6%	C8%	C9%
-	-	0.73	9.00	48.47	8.91	0.08
0	0	0.86	11.58	48.51	5.12	0.00
0	4	0.57	7.29	50.49	12.96	0.00
1	1	0.68	8.41	54.10	6.10	0.00
1	5	0.60	7.57	49.00	10.79	0.21
2	2	0.60	8.58	45.01	9.86	0.00
2	6	1.08	12.96	42.47	5.44	0.44
3	3	0.97	7.91	47.33	10.44	0.00
3	7	0.48	7.67	50.93	10.60	0.00
Core	CPU	C1%	C3%	C6%	C8%	C9%
-	-	0.81	10.07	48.83	6.59	0.05
0	0	0.84	9.58	46.78	7.04	0.09
0	4	0.73	9.43	54.07	5.76	0.00
1	1	0.89	7.97	48.88	10.51	0.00
1	5	0.78	8.61	49.32	8.99	0.00
2	2	0.26	9.10	49.68	7.91	0.00
2	6	1.03	15.68	38.41	2.21	0.02
3	3	0.94	9.81	51.51	6.24	0.00
3	7	0.98	10.45	52.45	4.11	0.28
Core	CPU	C1%	C3%	C6%	C8%	C9%
-	-	0.89	10.82	48.79	7.01	0.01
0	0	1.51	10.45	46.81	7.91	0.00
0	4	0.45	10.02	52.84	6.16	0.00
1	1	0.78	10.53	50.77	7.70	0.00
1	5	0.77	9.52	49.19	9.29	0.00
2	2	1.22	10.21	48.63	7.33	0.00
2	6	1.13	15.58	36.69	2.98	0.11
3	3	0.67	10.12	50.50	8.07	0.00
3	7	0.60	10.06	54.45	6.58	0.00
Core	CPU	C1%	C3%	C6%	C8%	C9%
-	-	1.04	13.36	45.11	3.32	0.03
0	0	1.30	13.43	44.81	3.38	0.00
0	4	1.00	12.49	46.41	3.92	0.00
1	1	0.71	12.63	48.74	3.38	0.00
1	5	0.68	13.08	49.45	2.82	0.00
2	2	1.03	13.03	46.59	3.78	0.00
2	6	1.52	16.44	31.15	1.87	0.23
3	3	1.02	13.38	49.12	2.94	0.00
3	7	1.07	12.40	44.65	4.47	0.00
Core	CPU	C1%	C3%	C6%	C8%	C9%
-	-	0.82	12.92	47.59	3.78	0.04
0	0	0.99	13.17	46.60	2.96	0.00
0	4	0.56	9.83	52.16	6.37	0.00
1	1	0.86	12.09	51.65	5.41	0.00
1	5	0.81	13.71	47.56	2.89	0.00
2	2	0.92	12.29	47.92	4.39	0.00
2	6	1.06	17.30	35.22	2.14	0.33
3	3	0.98	12.67	48.12	2.84	0.00
3	7	0.40	12.26	51.44	3.26	0.00
Core	CPU	C1%	C3%	C6%	C8%	C9%
-	-	0.99	12.41	50.39	3.65	0.03
0	0	0.97	14.79	47.24	2.33	0.00
0	4	0.89	10.56	53.40	6.65	0.04
1	1	1.35	12.79	50.18	2.81	0.00
1	5	0.80	10.61	53.31	6.03	0.00
2	2	1.25	11.61	53.97	3.42	0.00
2	6	1.37	14.79	42.51	2.15	0.20
3	3	0.36	11.51	49.70	4.18	0.00
3	7	0.93	12.60	52.83	1.62	0.00
Core	CPU	C1%	C3%	C6%	C8%	C9%
-	-	1.03	10.47	52.04	4.40	0.11
0	0	1.25	12.33	48.46	3.31	0.00
0	4	0.63	8.87	53.74	6.06	0.00
1	1	0.87	10.03	56.67	4.22	0.00
1	5	0.99	10.20	50.99	3.00	0.87
2	2	0.73	10.54	50.41	5.18	0.00
2	6	1.85	13.26	47.46	1.89	0.02
3	3	1.05	8.95	56.85	6.07	0.00
3	7	0.87	9.55	51.74	5.49	0.00
Core	CPU	C1%	C3%	C6%	C8%	C9%
-	-	1.15	9.79	50.27	5.36	0.06
0	0	1.66	12.02	45.64	3.11	0.00
0	4	1.22	7.86	51.89	7.08	0.00
1	1	1.56	10.37	50.59	5.02	0.00
1	5	0.67	8.43	50.24	4.98	0.08
2	2	1.26	9.87	51.49	4.51	0.00
2	6	1.15	10.63	45.46	4.82	0.44
3	3	0.77	9.98	53.12	8.82	0.01
3	7	0.92	9.21	53.80	4.50	0.00
Core	CPU	C1%	C3%	C6%	C8%	C9%
-	-	1.48	9.28	49.54	5.26	0.19
0	0	1.75	10.25	46.86	4.72	0.00
0	4	0.60	7.87	55.59	7.10	0.61
1	1	1.70	9.98	53.44	3.44	0.00
1	5	1.65	9.90	45.49	5.93	0.00
2	2	2.39	7.95	49.37	5.97	0.00
2	6	1.64	10.71	45.71	3.05	0.89
3	3	0.85	8.78	47.82	8.64	0.00
3	7	1.23	8.79	51.92	3.21	0.00
Core	CPU	C1%	C3%	C6%	C8%	C9%
-	-	1.08	11.19	49.10	3.86	0.02
0	0	1.53	14.06	44.16	1.97	0.01
0	4	0.84	8.84	50.39	6.48	0.11
1	1	1.65	11.27	48.12	3.93	0.00
1	5	0.87	9.53	52.36	4.04	0.00
2	2	1.05	10.83	47.59	3.11	0.00
2	6	1.21	12.43	50.18	3.90	0.02
3	3	0.74	10.98	51.06	3.33	0.00
3	7	0.77	11.62	48.92	4.12	0.00
Core	CPU	C1%	C3%	C6%	C8%	C9%
-	-	1.14	11.56	47.39	3.59	0.01
0	0	1.02	13.09	45.10	2.17	0.00
0	4	0.90	10.43	49.06	3.39	0.00
1	1	1.78	12.18	48.30	2.93	0.00
1	5	0.96	11.13	49.20	3.79	0.00
2	2	1.15	10.74	48.62	5.89	0.01
2	6	1.52	12.81	42.75	3.59	0.09
3	3	0.94	10.96	49.74	3.30	0.00
3	7	0.89	11.15	46.35	3.71	0.00
Core	CPU	C1%	C3%	C6%	C8%	C9%
-	-	2.05	13.64	45.34	3.51	0.03
0	0	2.79	15.05	44.33	1.90	0.00
0	4	1.61	12.29	49.40	6.42	0.00
1	1	1.75	14.28	51.60	3.37	0.21
1	5	1.51	12.79	49.60	5.07	0.00
2	2	1.81	13.75	50.33	3.50	0.00
2	6	2.64	16.94	35.75	1.33	0.02
3	3	1.80	9.47	34.73	2.78	0.00
3	7	2.50	14.51	46.81	3.70	0.00
Core	CPU	C1%	C3%	C6%	C8%	C9%
-	-	1.84	12.59	45.44	5.98	0.00
0	0	2.26	13.21	50.53	7.31	0.00
0	4	2.23	11.39	53.31	9.13	0.00
1	1	1.75	12.86	54.28	5.92	0.00
1	5	0.89	12.94	55.12	7.34	0.00
2	2	1.66	12.47	52.27	8.94	0.00
2	6	2.19	13.96	48.33	5.56	0.00
3	3	1.56	5.42	16.67	1.15	0.00
3	7	2.15	18.52	33.24	2.54	0.00
Core	CPU	C1%	C3%	C6%	C8%	C9%
-	-	1.05	13.39	45.44	4.32	0.01
0	0	1.31	12.84	42.03	5.99	0.00
0	4	0.56	12.03	49.09	4.73	0.00
1	1	0.83	11.11	54.25	4.41	0.00
1	5	0.89	14.95	45.16	2.73	0.11
2	2	0.63	12.98	49.23	3.18	0.00
2	6	2.23	17.83	28.82	1.92	0.00
3	3	0.77	12.53	48.95	4.77	0.00
3	7	1.16	12.86	46.00	6.85	0.00
Core	CPU	C1%	C3%	C6%	C8%	C9%
-	-	0.66	10.59	49.64	6.72	0.03
0	0	0.80	11.14	51.53	4.37	0.00
0	4	0.45	9.21	54.24	7.28	0.00
1	1	0.62	9.73	49.74	9.66	0.00
1	5	0.77	9.76	48.61	10.34	0.00
2	2	0.25	9.45	52.54	7.02	0.00
2	6	1.21	14.41	35.48	3.98	0.22
3	3	0.79	10.85	52.87	4.87	0.00
3	7	0.41	10.13	52.11	6.27	0.00
Core	CPU	C1%	C3%	C6%	C8%	C9%
-	-	0.69	10.74	49.19	6.26	0.01
0	0	0.85	10.43	50.30	6.78	0.00
0	4	0.59	11.09	52.34	5.34	0.00
1	1	0.62	10.39	52.25	4.92	0.00
1	5	0.28	9.95	50.72	5.12	0.00
2	2	0.83	10.53	51.36	6.92	0.00
2	6	1.25	14.25	36.06	3.69	0.08
3	3	0.73	9.94	46.75	9.47	0.00
3	7	0.34	9.31	53.74	7.83	0.00
Core	CPU	C1%	C3%	C6%	C8%	C9%
-	-	0.47	4.69	47.14	15.15	0.82
0	0	0.58	5.62	46.49	17.84	0.01
0	4	0.19	3.89	44.12	12.10	0.21
1	1	0.34	4.11	50.23	15.84	0.31
1	5	0.39	4.31	48.56	14.00	0.00
2	2	0.09	3.61	46.41	20.25	0.00
2	6	1.28	7.57	42.73	9.14	5.82
3	3	0.77	4.02	43.97	13.85	0.18
3	7	0.16	4.42	54.57	18.14	0.00
Core	CPU	C1%	C3%	C6%	C8%	C9%
-	-	0.69	8.76	52.61	7.68	0.08
0	0	0.81	9.95	53.37	7.25	0.06
0	4	0.66	7.17	56.75	8.90	0.00
1	1	0.62	8.59	55.60	5.25	0.00
1	5	0.64	7.59	51.33	9.47	0.00
2	2	0.71	6.63	48.40	12.51	0.00
2	6	0.96	14.49	45.50	3.84	0.57
3	3	0.54	8.31	55.04	7.03	0.01
3	7	0.54	7.34	54.86	7.20	0.00
Core	CPU	C1%	C3%	C6%	C8%	C9%
-	-	0.73	8.39	49.96	7.67	0.33
0	0	1.03	9.32	46.71	6.99	0.05
0	4	0.57	7.91	53.78	7.45	0.00
1	1	0.52	7.44	52.79	6.49	0.00
1	5	0.78	8.01	47.76	12.79	0.00
2	2	1.04	8.27	50.24	7.68	0.00
2	6	1.19	10.49	45.56	6.54	2.45
3	3	0.43	7.93	52.75	5.11	0.08
3	7	0.30	7.79	50.24	8.29	0.05
Core	CPU	C1%	C3%	C6%	C8%	C9%
-	-	0.74	6.86	49.17	8.46	0.56
0	0	0.62	7.91	48.80	7.16	0.48
0	4	0.68	6.66	48.09	7.37	0.00
1	1	0.60	5.43	45.99	12.53	0.01
1	5	0.79	7.13	49.81	6.46	0.00
2	2	0.60	7.26	52.24	10.42	0.00
2	6	0.76	9.14	51.54	7.04	2.30
3	3	0.94	5.56	52.16	6.43	0.03
3	7	0.96	5.82	44.63	10.25	1.62
Core	CPU	C1%	C3%	C6%	C8%	C9%
-	-	0.84	8.20	50.89	6.56	0.16
0	0	0.78	9.67	54.20	3.26	0.00
0	4	0.45	6.57	48.33	9.51	0.00
1	1	0.82	7.77	54.14	6.26	0.01
1	5	1.63	8.79	54.69	5.08	0.03
2	2	0.63	7.47	51.11	10.05	0.00
2	6	0.89	9.71	45.17	5.24	1.25
3	3	0.59	7.07	50.13	7.20	0.00
3	7	0.95	8.55	49.31	5.89	0.00
Core	CPU	C1%	C3%	C6%	C8%	C9%
-	-	1.09	9.73	50.45	4.23	0.15
0	0	1.28	11.16	42.20	3.46	0.01
0	4	1.12	8.93	53.86	4.75	0.00
1	1	1.30	8.43	50.90	5.89	0.19
1	5	0.73	10.02	57.34	3.41	0.00
2	2	1.21	9.07	51.40	4.67	0.00
2	6	1.06	11.44	49.15	3.56	0.99
3	3	1.25	8.55	50.50	4.65	0.00
3	7	0.77	10.27	48.19	3.43	0.00
Core	CPU	C1%	C3%	C6%	C8%	C9%
-	-	1.97	11.95	46.53	3.09	0.00
0	0	2.75	14.51	42.09	2.92	0.01
0	4	1.72	10.45	49.25	3.17	0.00
1	1	1.72	12.00	49.57	2.62	0.00
1	5	1.95	10.92	47.45	4.71	0.00
2	2	2.04	10.34	44.93	5.24	0.00
2	6	2.23	15.06	40.90	0.88	0.00
3	3	1.52	10.88	48.29	2.44	0.00
3	7	1.87	11.45	49.75	2.77	0.00
Core	CPU	C1%	C3%	C6%	C8%	C9%
-	-	1.37	14.48	43.15	2.65	0.01
0	0	2.14	15.73	38.56	1.42	0.00
0	4	0.88	13.25	48.15	1.77	0.00
1	1	1.15	15.45	44.44	3.35	0.00
1	5	1.11	14.26	46.12	3.32	0.00
2	2	1.66	14.13	42.78	2.38	0.00
2	6	1.68	17.25	32.25	2.02	0.03
3	3	1.47	13.26	45.99	3.56	0.00
3	7	0.91	12.52	46.93	3.36	0.05
Core	CPU	C1%	C3%	C6%	C8%	C9%
-	-	1.25	15.57	43.38	1.83	0.00
0	0	1.29	15.26	38.38	2.41	0.00
0	4	0.99	16.22	45.04	1.35	0.00
1	1	1.24	15.31	44.69	1.77	0.00
1	5	1.37	15.91	46.85	1.75	0.00
2	2	1.24	14.66	45.64	1.36	0.00
2	6	1.98	17.24	35.06	1.88	0.03
3	3	0.95	14.90	45.77	1.72	0.00
3	7	0.91	15.05	45.51	2.43	0.00
Core	CPU	C1%	C3%	C6%	C8%	C9%
-	-	1.19	14.91	43.73	2.97	0.02
0	0	1.91	16.28	37.37	2.36	0.00
0	4	1.00	12.66	48.89	4.43	0.00
1	1	1.59	13.37	45.40	2.77	0.00
1	5	1.22	15.88	43.20	3.82	0.05
2	2	0.67	14.19	46.60	2.29	0.00
2	6	1.36	18.35	32.69	0.70	0.07
3	3	1.21	15.91	44.21	4.25	0.00
3	7	0.60	12.74	51.66	3.19	0.00
Core	CPU	C1%	C3%	C6%	C8%	C9%
-	-	0.96	14.03	45.82	3.41	0.00
0	0	1.06	14.50	44.52	4.25	0.00
0	4	0.85	13.72	47.47	3.17	0.00
1	1	1.24	13.17	46.99	4.36	0.00
1	5	0.98	14.41	47.86	4.73	0.00
2	2	0.72	12.57	47.16	4.39	0.00
2	6	1.06	17.22	33.35	1.40	0.00
3	3	0.92	13.09	48.21	3.04	0.00
3	7	0.85	13.51	50.90	1.92	0.00
Core	CPU	C1%	C3%	C6%	C8%	C9%
-	-	0.96	13.79	46.76	3.58	0.00
0	0	1.17	15.15	45.58	1.86	0.00
0	4	1.62	13.37	47.94	4.85	0.00
1	1	0.63	13.47	48.52	3.87	0.00
1	5	1.06	14.09	46.20	5.36	0.00
2	2	0.63	12.42	47.95	3.43	0.00
2	6	1.02	16.46	37.39	1.69	0.00
3	3	0.87	12.79	48.16	4.66	0.01
3	7	0.71	12.68	52.66	2.93	0.00
Core	CPU	C1%	C3%	C6%	C8%	C9%
-	-	0.65	7.49	54.83	8.35	0.09
0	0	0.68	8.46	59.82	3.51	0.00
0	4	0.33	6.16	55.48	14.40	0.00
1	1	0.54	7.63	55.86	7.09	0.00
1	5	0.40	5.55	53.10	11.83	0.00
2	2	0.57	6.74	51.65	9.44	0.00
2	6	1.01	11.90	48.03	3.34	0.75
3	3	0.84	6.21	54.05	10.05	0.00
3	7	0.83	7.25	60.34	7.08	0.00
Core	CPU	C1%	C3%	C6%	C8%	C9%
-	-	0.59	7.20	51.86	10.17	0.29
0	0	0.45	8.03	55.62	7.63	0.00
0	4	0.31	6.15	53.37	10.04	1.03
1	1	0.46	7.13	55.77	8.32	0.00
1	5	0.33	6.35	55.15	11.85	0.00
2	2	1.00	6.29	48.25	11.48	0.11
2	6	0.74	11.31	47.70	8.12	1.22
3	3	0.55	6.08	50.33	11.41	0.00
3	7	0.90	6.35	49.67	12.70	0.00
Core	CPU	C1%	C3%	C6%	C8%	C9%
-	-	0.73	7.51	52.32	8.33	0.22
0	0	0.66	8.06	53.27	8.96	0.00
0	4	0.77	6.43	50.63	10.28	0.00
1	1	0.91	7.34	53.83	7.56	0.01
1	5	0.64	7.46	49.60	6.68	0.00
2	2	0.75	7.18	49.05	10.72	0.00
2	6	0.51	8.66	55.14	7.36	1.06
3	3	1.26	7.59	50.36	8.02	0.67
3	7	0.34	7.22	55.54	6.89	0.00
Core	CPU	C1%	C3%	C6%	C8%	C9%
-	-	0.67	7.79	52.88	7.76	0.27
0	0	0.58	8.45	49.29	7.99	0.00
0	4	0.62	6.97	50.88	11.63	1.37
1	1	0.71	7.53	59.41	5.49	0.00
1	5	0.55	7.08	55.55	6.83	0.00
2	2	0.56	5.98	48.39	7.90	0.02
2	6	1.31	10.39	53.42	4.54	0.67
3	3	0.64	7.35	51.31	12.36	0.00
3	7	0.39	8.59	54.92	5.34	0.10
Core	CPU	C1%	C3%	C6%	C8%	C9%
-	-	0.87	7.92	51.09	6.68	0.06
0	0	1.10	10.18	51.90	7.03	0.00
0	4	0.55	6.46	52.52	8.57	0.32
1	1	0.93	7.16	46.63	6.87	0.01
1	5	0.87	7.46	50.36	3.68	0.00
2	2	1.16	8.19	56.86	7.53	0.00
2	6	1.10	8.34	48.43	7.48	0.17
3	3	0.59	7.88	53.32	6.65	0.00
3	7	0.60	7.66	48.53	5.58	0.00
Core	CPU	C1%	C3%	C6%	C8%	C9%
-	-	1.01	8.55	50.83	6.24	0.00
0	0	1.19	10.54	51.88	4.27	0.00
0	4	1.02	8.34	49.23	5.50	0.00
1	1	0.85	7.80	52.60	8.76	0.00
1	5	0.86	8.95	53.29	6.53	0.00
2	2	0.72	6.33	45.65	11.37	0.01
2	6	1.08	10.49	53.52	2.76	0.00
3	3	0.90	7.84	47.77	5.48	0.01
3	7	1.47	8.11	52.76	5.29	0.00
Core	CPU	C1%	C3%	C6%	C8%	C9%
-	-	1.22	10.35	48.64	4.66	0.04
0	0	1.82	12.80	45.76	2.17	0.00
0	4	0.87	7.60	47.43	7.63	0.00
1	1	0.60	10.10	45.54	5.46	0.00
1	5	1.36	11.65	49.09	6.64	0.00
2	2	1.25	10.15	51.12	3.70	0.00
2	6	1.36	9.73	47.86	4.04	0.00
3	3	1.15	9.94	52.59	3.67	0.30
3	7	1.33	10.87	49.68	3.97	0.00
Core	CPU	C1%	C3%	C6%	C8%	C9%
-	-	0.12	3.10	26.38	42.06	0.21
0	0	0.16	3.82	33.63	50.74	0.22
0	4	0.09	3.25	30.02	56.98	0.51
1	1	0.02	2.94	28.54	28.63	0.00
1	5	0.12	3.34	24.75	52.02	0.50
2	2	0.08	3.58	31.85	57.36	0.00
2	6	0.14	4.08	37.67	48.83	0.43
3	3	0.18	1.78	11.61	12.39	0.00
3	7	0.21	2.04	13.34	30.03	0.00
Core	CPU	C1%	C3%	C6%	C8%	C9%
-	-	1.66	9.44	45.34	9.84	0.09
0	0	2.01	9.90	41.98	9.79	0.18
0	4	1.29	8.70	48.74	10.75	0.00
1	1	1.79	10.03	43.79	11.38	0.00
1	5	1.50	9.25	49.10	7.84	0.00
2	2	1.93	8.40	43.29	15.83	0.01
2	6	1.74	13.41	42.50	6.25	0.32
3	3	1.61	8.27	51.33	9.55	0.10
3	7	1.42	7.49	41.50	7.25	0.12
Core	CPU	C1%	C3%	C6%	C8%	C9%
-	-	0.79	8.70	49.60	7.76	0.08
0	0	0.91	8.54	51.11	8.89	0.00
0	4	0.83	7.83	51.73	6.75	0.00
1	1	0.66	7.28	45.93	9.86	0.00
1	5	1.00	8.30	50.95	6.57	0.00
2	2	0.40	8.13	54.10	7.18	0.00
2	6	0.92	12.90	45.15	4.66	0.62
3	3	1.44	8.83	48.88	10.87	0.00
3	7	0.19	7.74	48.86	7.31	0.00
Core	CPU	C1%	C3%	C6%	C8%	C9%
-	-	0.86	10.19	50.60	6.08	0.02
0	0	0.72	12.04	50.72	5.09	0.00
0	4	0.73	7.83	49.97	9.90	0.00
1	1	0.92	8.94	54.26	5.26	0.00
1	5	1.21	10.76	50.98	5.41	0.00
2	2	1.17	10.69	52.25	3.89	0.01
2	6	0.87	13.23	42.93	4.38	0.14
3	3	0.81	9.90	50.49	6.43	0.00
3	7	0.42	8.18	53.32	8.26	0.00
Core	CPU	C1%	C3%	C6%	C8%	C9%
-	-	1.00	12.55	47.61	4.13	0.01
0	0	1.19	13.26	45.83	3.07	0.00
0	4	1.05	10.68	49.90	5.88	0.00
1	1	0.78	11.89	52.22	3.82	0.00
1	5	0.65	11.82	51.68	3.71	0.00
2	2	1.14	10.45	45.63	8.21	0.00
2	6	1.41	18.23	34.93	2.14	0.08
3	3	0.75	12.55	50.10	2.92	0.00
3	7	1.03	11.65	51.05	3.32	0.00
Core	CPU	C1%	C3%	C6%	C8%	C9%
-	-	0.96	11.39	49.72	4.89	0.01
0	0	0.95	12.28	48.54	3.80	0.00
0	4	1.03	9.34	51.98	5.19	0.00
1	1	1.13	11.26	51.56	5.22	0.00
1	5	1.11	10.57	51.51	5.83	0.00
2	2	0.46	10.04	49.74	8.58	0.00
2	6	1.44	15.13	38.18	3.23	0.05
3	3	0.95	11.10	55.31	2.79	0.00
3	7	0.63	11.30	50.68	4.48	0.00
Core	CPU	C1%	C3%	C6%	C8%	C9%
-	-	0.89	12.02	49.52	4.64	0.02
0	0	1.35	12.75	46.53	3.85	0.00
0	4	0.46	11.90	51.23	3.90	0.00
1	1	0.91	11.32	49.83	5.16	0.00
1	5	0.80	11.63	53.85	5.30	0.05
2	2	0.84	11.00	50.92	6.02	0.00
2	6	1.37	14.95	43.53	3.08	0.08
3	3	0.42	10.98	48.24	5.87	0.00
3	7	0.93	11.53	51.71	3.88	0.00
Core	CPU	C1%	C3%	C6%	C8%	C9%
-	-	0.93	9.96	52.38	6.62	0.01
0	0	1.51	11.48	48.39	5.44	0.05
0	4	0.45	8.45	54.66	9.68	0.00
1	1	1.21	9.35	53.40	8.57	0.00
1	5	0.66	9.10	52.56	8.65	0.00
2	2	1.43	9.71	53.51	4.47	0.00
2	6	0.65	11.85	50.15	4.84	0.06
3	3	0.72	10.83	53.44	4.29	0.00
3	7	0.79	8.92	52.92	7.05	0.00
Core	CPU	C1%	C3%	C6%	C8%	C9%
-	-	0.94	9.79	51.56	5.32	0.05
0	0	1.06	11.99	48.31	1.70	0.00
0	4	0.49	8.98	51.85	5.42	0.00
1	1	1.10	9.11	50.37	6.78	0.00
1	5	0.65	10.26	52.68	3.72	0.00
2	2	1.77	8.64	53.48	8.26	0.00
2	6	0.96	11.01	48.22	5.00	0.37
3	3	0.85	9.24	54.86	3.38	0.00
3	7	0.64	9.12	52.74	8.30	0.00
Core	CPU	C1%	C3%	C6%	C8%	C9%
-	-	0.69	8.15	53.37	8.33	0.19
0	0	1.12	10.39	52.94	4.21	0.00
0	4	1.01	6.55	54.71	7.30	0.00
1	1	0.38	7.86	54.76	9.83	0.30
1	5	0.57	7.37	51.00	8.85	0.00
2	2	0.93	8.08	54.91	11.00	0.00
2	6	0.46	9.42	53.05	4.87	1.25
3	3	0.39	7.94	51.82	10.61	0.01
3	7	0.67	7.56	53.70	9.95	0.00
Core	CPU	C1%	C3%	C6%	C8%	C9%
-	-	0.94	10.24	50.98	5.86	0.08
0	0	1.05	11.68	48.82	3.82	0.00
0	4	0.31	9.69	54.79	4.64	0.01
1	1	0.75	9.27	51.45	5.95	0.00
1	5	0.87	9.62	50.27	7.94	0.00
2	2	0.98	9.78	50.40	8.02	0.00
2	6	1.01	11.07	48.16	4.29	0.61
3	3	1.07	10.57	50.17	6.57	0.00
3	7	1.46	10.23	53.75	5.67	0.00
Core	CPU	C1%	C3%	C6%	C8%	C9%
-	-	1.07	11.24	44.69	4.73	0.44
0	0	1.54	11.37	43.60	6.86	0.13
0	4	0.57	10.14	46.28	4.41	0.00
1	1	0.83	9.90	45.27	6.93	0.16
1	5	1.18	12.74	47.09	2.65	0.00
2	2	0.56	10.48	50.02	5.21	0.00
2	6	1.48	13.49	30.57	3.31	3.22
3	3	1.18	10.74	46.44	5.34	0.00
3	7	1.22	11.07	48.40	3.11	0.00
Core	CPU	C1%	C3%	C6%	C8%	C9%
-	-	1.17	14.94	41.53	2.70	0.00
0	0	1.44	15.84	37.68	1.93	0.00
0	4	0.82	14.31	45.11	2.43	0.00
1	1	1.32	14.40	43.03	3.48	0.00
1	5	1.41	13.45	45.96	4.31	0.00
2	2	0.83	12.51	46.07	5.73	0.00
2	6	1.69	18.47	29.81	0.28	0.00
3	3	0.88	15.44	41.95	1.77	0.00
3	7	0.97	15.06	42.57	1.66	0.00
Core	CPU	C1%	C3%	C6%	C8%	C9%
-	-	0.99	15.05	44.03	2.24	0.00
0	0	1.60	16.54	38.75	0.85	0.00
0	4	0.55	13.20	50.21	2.63	0.00
1	1	1.11	14.46	45.41	3.11	0.00
1	5	0.51	14.15	47.85	2.37	0.00
2	2	0.68	13.06	48.09	2.54	0.00
2	6	1.78	19.10	28.26	0.52	0.00
3	3	0.58	14.17	48.98	2.43	0.00
3	7	1.08	15.75	44.72	3.48	0.00
Core	CPU	C1%	C3%	C6%	C8%	C9%
-	-	1.08	14.21	44.97	3.26	0.04
0	0	1.67	15.06	42.00	1.44	0.00
0	4	0.97	13.59	45.90	4.47	0.00
1	1	1.28	13.43	46.42	4.40	0.11
1	5	1.07	13.03	47.40	3.79	0.00
2	2	0.67	12.61	49.76	3.90	0.00
2	6	1.57	19.32	33.21	0.92	0.22
3	3	0.64	13.17	46.77	4.04	0.00
3	7	0.76	13.44	48.20	3.10	0.00
Core	CPU	C1%	C3%	C6%	C8%	C9%
-	-	1.86	13.83	43.81	2.93	0.00
0	0	2.10	13.84	44.64	1.17	0.00
0	4	1.50	12.52	46.74	5.12	0.00
1	1	2.54	12.85	46.88	2.58	0.00
1	5	1.57	12.47	46.07	3.80	0.00
2	2	1.79	14.52	43.67	3.80	0.00
2	6	2.37	17.77	27.59	1.60	0.00
3	3	1.22	12.91	47.02	2.82	0.00
3	7	1.80	13.68	47.73	2.52	0.00
Core	CPU	C1%	C3%	C6%	C8%	C9%
-	-	0.95	9.87	50.63	7.02	0.03
0	0	0.81	10.49	53.69	5.50	0.00
0	4	0.64	8.61	52.93	7.99	0.00
1	1	1.55	7.74	53.64	8.56	0.00
1	5	1.02	10.60	50.43	7.08	0.00
2	2	1.06	8.36	50.54	8.07	0.21
2	6	1.25	14.65	38.99	3.94	0.05
3	3	0.88	8.80	50.38	8.58	0.00
3	7	0.35	9.74	54.61	6.49	0.00
Core	CPU	C1%	C3%	C6%	C8%	C9%
-	-	0.45	7.09	53.59	9.06	0.16
0	0	0.55	7.50	54.21	7.82	0.00
0	4	0.27	5.86	54.62	11.47	0.00
1	1	0.41	6.61	56.78	9.55	0.00
1	5	0.54	6.71	53.85	10.40	0.00
2	2	0.50	6.28	55.53	8.62	0.05
2	6	0.48	11.77	45.09	5.97	1.20
3	3	0.35	6.36	54.39	9.78	0.00
3	7	0.53	5.74	55.09	9.01	0.00
Core	CPU	C1%	C3%	C6%	C8%	C9%
-	-	0.72	7.36	54.93	7.58	0.01
0	0	0.84	7.77	50.65	5.15	0.00
0	4	0.55	7.55	55.14	8.19	0.00
1	1	0.46	7.63	53.81	8.93	0.00
1	5	1.21	6.60	56.75	7.90	0.00
2	2	0.53	6.20	57.45	7.69	0.00
2	6	0.78	8.94	53.27	5.72	0.02
3	3	0.65	7.30	52.69	10.53	0.00
3	7	0.76	6.78	58.93	6.44	0.03
Core	CPU	C1%	C3%	C6%	C8%	C9%
-	-	0.60	6.97	54.45	7.02	0.22
0	0	0.87	6.99	53.52	6.82	0.00
0	4	0.60	6.96	53.11	10.46	0.00
1	1	0.57	7.62	57.67	6.20	0.00
1	5	0.55	5.57	56.58	8.27	0.00
2	2	0.84	7.04	50.08	8.95	0.21
2	6	0.35	7.68	59.00	2.50	1.50
3	3	0.48	5.42	51.84	10.75	0.07
3	7	0.51	8.45	53.78	2.24	0.00
Core	CPU	C1%	C3%	C6%	C8%	C9%
-	-	0.69	6.79	52.08	7.10	0.18
0	0	0.40	8.08	54.97	3.70	0.00
0	4	0.52	7.04	50.82	9.19	0.00
1	1	0.58	5.97	51.86	6.42	0.00
1	5	0.53	6.86	51.62	7.24	0.00
2	2	0.90	7.19	48.54	8.15	0.00
2	6	1.04	6.12	53.60	9.29	0.17
3	3	1.04	6.62	49.15	6.85	0.00
3	7	0.49	6.46	56.04	5.97	1.30
Core	CPU	C1%	C3%	C6%	C8%	C9%
-	-	1.02	7.94	50.00	6.61	0.15
0	0	1.38	10.74	53.05	1.63	0.00
0	4	0.74	6.18	46.87	14.43	0.12
1	1	1.14	7.52	47.69	9.16	0.00
1	5	1.19	8.08	52.96	5.76	0.00
2	2	0.87	8.06	48.57	4.38	0.00
2	6	0.90	7.51	52.01	6.40	1.07
3	3	0.85	6.71	46.76	6.24	0.03
3	7	1.11	8.72	52.06	4.87	0.00
Core	CPU	C1%	C3%	C6%	C8%	C9%
-	-	1.02	7.52	52.04	5.81	0.17
0	0	1.22	8.98	50.57	4.77	0.00
0	4	0.50	5.84	46.79	8.16	0.00
1	1	0.89	8.40	51.90	2.36	0.00
1	5	0.91	5.18	54.28	7.38	0.73
2	2	1.30	8.34	54.39	5.13	0.00
2	6	1.22	7.87	53.12	3.58	0.65
3	3	1.09	7.97	49.15	5.97	0.00
3	7	1.00	7.56	56.12	9.14	0.00
Core	CPU	C1%	C3%	C6%	C8%	C9%
-	-	1.20	9.03	50.66	6.31	0.08
0	0	1.54	10.28	49.78	5.69	0.00
0	4	0.47	8.37	50.33	5.96	0.00
1	1	0.84	9.61	54.77	4.34	0.01
1	5	1.01	8.01	50.83	6.06	0.26
2	2	1.14	6.99	52.46	9.65	0.00
2	6	2.13	12.44	43.39	5.14	0.34
3	3	1.47	8.95	53.38	7.01	0.00
3	7	0.98	7.56	50.46	6.61	0.01
Core	CPU	C1%	C3%	C6%	C8%	C9%
-	-	0.99	11.25	47.51	6.85	0.06
0	0	1.13	11.63	44.99	7.13	0.00
0	4	0.74	9.75	51.11	6.83	0.00
1	1	0.93	10.49	50.39	7.76	0.00
1	5	1.00	11.26	51.32	6.40	0.00
2	2	0.74	10.37	43.94	6.35	0.00
2	6	1.10	13.60	39.73	6.55	0.22
3	3	1.52	11.29	48.87	6.52	0.00
3	7	0.77	11.61	49.72	7.28	0.27
Core	CPU	C1%	C3%	C6%	C8%	C9%
-	-	0.82	11.49	48.21	5.65	0.05
0	0	1.14	12.59	47.43	5.36	0.00
0	4	0.63	9.84	49.90	7.18	0.01
1	1	0.97	11.26	48.76	3.77	0.00
1	5	1.00	11.23	48.98	4.90	0.00
2	2	0.81	11.75	50.88	5.06	0.00
2	6	0.89	14.80	41.88	5.46	0.38
3	3	0.23	11.24	50.67	5.77	0.00
3	7	0.89	9.26	47.29	7.74	0.00
Core	CPU	C1%	C3%	C6%	C8%	C9%
-	-	0.75	10.80	46.38	12.44	0.04
0	0	0.64	9.62	30.25	2.96	0.00
0	4	1.19	9.81	47.33	15.49	0.00
1	1	0.32	9.88	48.75	13.68	0.00
1	5	0.80	10.65	50.01	16.48	0.00
2	2	0.68	9.78	47.89	17.39	0.00
2	6	1.48	15.44	45.53	6.32	0.33
3	3	0.43	9.91	51.80	12.21	0.00
3	7	0.42	11.22	49.15	14.90	0.00
Core	CPU	C1%	C3%	C6%	C8%	C9%
-	-	1.47	11.85	46.91	8.11	0.00
0	0	1.34	4.32	8.31	0.89	0.00
0	4	0.64	13.86	33.66	7.14	0.00
1	1	2.25	12.66	57.31	6.18	0.00
1	5	1.45	12.09	55.66	11.52	0.00
2	2	1.21	13.74	50.70	14.41	0.00
2	6	1.79	13.48	52.60	8.15	0.00
3	3	1.45	12.21	55.43	10.97	0.00
3	7	1.68	12.46	61.70	5.62	0.00
Core	CPU	C1%	C3%	C6%	C8%	C9%
-	-	2.10	14.86	43.69	2.28	0.01
0	0	3.56	17.45	35.29	1.25	0.00
0	4	1.50	11.85	49.99	4.36	0.00
1	1	1.75	15.06	44.89	1.99	0.00
1	5	2.25	13.29	46.83	1.93	0.00
2	2	1.44	14.56	49.13	2.52	0.00
2	6	2.66	18.45	31.12	0.88	0.00
3	3	1.93	13.35	49.01	2.46	0.00
3	7	1.69	14.88	43.25	2.82	0.11
Core	CPU	C1%	C3%	C6%	C8%	C9%
-	-	1.20	12.23	47.79	4.41	0.03
0	0	1.78	13.75	42.77	2.90	0.00
0	4	0.73	11.56	49.23	4.97	0.00
1	1	1.53	13.11	51.13	3.04	0.00
1	5	0.85	11.40	49.45	5.38	0.00
2	2	1.29	12.25	42.62	5.56	0.00
2	6	1.40	12.04	47.16	5.29	0.27
3	3	1.12	13.03	49.84	2.01	0.00
3	7	0.92	10.72	50.17	6.11	0.00
Core	CPU	C1%	C3%	C6%	C8%	C9%
-	-	0.84	10.55	52.29	5.31	0.00
0	0	0.80	11.76	49.51	5.36	0.00
0	4	1.03	9.43	54.22	7.03	0.00
1	1	0.79	10.57	53.08	4.85	0.00
1	5	0.72	10.36	49.89	6.93	0.00
2	2	1.22	9.76	52.83	3.67	0.00
2	6	0.57	11.86	51.12	3.62	0.02
3	3	0.62	10.76	55.00	5.88	0.00
3	7	1.00	9.92	52.64	5.15	0.00
Core	CPU	C1%	C3%	C6%	C8%	C9%
-	-	1.00	10.48	51.73	4.59	0.05
0	0	1.63	12.06	49.49	2.12	0.00
0	4	0.61	9.47	49.75	3.77	0.00
1	1	1.13	10.98	53.05	3.62	0.00
1	5	0.86	10.64	50.48	3.56	0.00
2	2	0.95	9.67	55.26	5.91	0.00
2	6	0.87	10.35	50.46	6.54	0.41
3	3	1.04	9.74	52.65	6.07	0.00
3	7	0.93	10.95	52.76	5.12	0.00
Core	CPU	C1%	C3%	C6%	C8%	C9%
-	-	0.99	9.98	52.24	4.27	0.08
0	0	1.03	10.25	49.84	3.48	0.03
0	4	0.55	10.11	56.16	4.49	0.00
1	1	1.35	9.77	54.74	4.27	0.00
1	5	1.52	10.47	47.96	5.13	0.00
2	2	1.19	9.79	51.22	4.73	0.00
2	6	0.98	10.88	50.68	4.63	0.62
3	3	0.65	8.86	52.80	3.02	0.00
3	7	0.69	9.73	54.64	4.44	0.00
Core	CPU	C1%	C3%	C6%	C8%	C9%
-	-	0.96	7.70	51.72	5.86	0.09
0	0	1.32	9.25	52.66	5.60	0.00
0	4	0.84	8.35	52.80	5.78	0.00
1	1	0.63	6.85	53.22	7.01	0.00
1	5	1.43	6.88	47.53	4.93	0.00
2	2	1.01	6.89	52.08	11.19	0.00
2	6	0.42	8.69	51.24	4.43	0.74
3	3	1.43	5.92	48.73	6.13	0.00
3	7	0.56	8.79	55.40	1.84	0.00
Core	CPU	C1%	C3%	C6%	C8%	C9%
-	-	1.02	8.02	51.15	6.62	0.00
0	0	1.00	10.20	53.09	3.90	0.01
0	4	0.84	7.20	52.37	7.20	0.00
1	1	0.80	7.92	53.83	6.82	0.01
1	5	1.28	9.01	51.08	4.99	0.00
2	2	1.09	6.93	47.75	8.99	0.00
2	6	1.03	8.20	47.90	5.58	0.00
3	3	0.87	7.30	47.32	10.31	0.00
3	7	1.24	7.38	55.84	5.18	0.00
Core	CPU	C1%	C3%	C6%	C8%	C9%
-	-	0.56	7.31	47.12	11.18	0.01
0	0	0.80	6.92	50.33	9.61	0.00
0	4	0.47	5.61	47.10	15.27	0.00
1	1	1.04	6.58	46.65	12.19	0.00
1	5	0.39	5.14	44.72	15.89	0.00
2	2	0.74	5.76	41.49	16.06	0.00
2	6	0.39	13.09	46.67	4.29	0.09
3	3	0.30	6.64	41.29	11.97	0.00
3	7	0.39	8.75	58.66	4.16	0.00
Core	CPU	C1%	C3%	C6%	C8%	C9%
-	-	0.75	8.43	48.60	9.68	0.12
0	0	1.13	8.51	46.62	8.13	0.00
0	4	0.52	7.40	49.83	10.53	0.00
1	1	1.06	7.67	49.43	9.33	0.01
1	5	0.74	8.23	48.29	10.20	0.12
2	2	0.60	7.30	50.19	12.03	0.10
2	6	0.89	13.37	43.91	6.13	0.72
3	3	0.24	6.75	50.00	14.40	0.00
3	7	0.87	8.30	50.81	6.79	0.00
Core	CPU	C1%	C3%	C6%	C8%	C9%
-	-	0.70	8.78	51.52	8.15	0.13
0	0	1.46	9.79	52.62	5.40	0.03
0	4	0.61	7.98	49.79	12.01	0.00
1	1	0.39	8.74	59.61	4.91	0.00
1	5	0.34	7.93	53.09	8.23	0.00
2	2	0.63	6.90	53.00	9.34	0.00
2	6	0.84	12.83	43.27	6.07	1.04
3	3	0.66	9.02	51.63	8.18	0.00
3	7	0.62	7.04	48.89	11.00	0.00
Core	CPU	C1%	C3%	C6%	C8%	C9%
-	-	0.92	6.73	52.68	9.37	0.10
0	0	0.76	6.76	57.58	9.19	0.00
0	4	0.69	6.28	50.07	9.62	0.00
1	1	0.50	6.45	51.27	11.80	0.11
1	5	1.22	5.33	52.11	12.30	0.00
2	2	0.98	4.48	52.34	10.88	0.00
2	6	1.31	12.27	46.99	5.03	0.65
3	3	0.70	5.48	50.92	11.60	0.00
3	7	1.16	6.78	60.04	4.53	0.00
Core	CPU	C1%	C3%	C6%	C8%	C9%
-	-	0.66	7.72	50.73	8.74	0.28
0	0	0.87	8.54	51.83	5.87	0.22
0	4	0.39	7.64	52.50	10.07	0.00
1	1	0.66	7.49	46.70	7.17	0.00
1	5	0.35	6.10	53.24	12.21	0.50
2	2	0.35	6.08	49.02	9.98	0.00
2	6	0.97	11.01	48.36	5.54	1.50
3	3	1.06	7.28	53.50	7.75	0.00
3	7	0.63	7.64	50.74	11.37	0.00
Core	CPU	C1%	C3%	C6%	C8%	C9%
-	-	1.01	8.80	50.01	7.45	0.29
0	0	1.17	9.39	49.08	7.74	0.00
0	4	1.08	9.00	49.18	7.14	0.00
1	1	0.79	8.65	52.22	7.08	0.00
1	5	0.90	7.19	54.71	8.99	0.00
2	2	0.85	8.30	48.24	9.69	0.00
2	6	1.32	11.26	42.75	4.60	2.18
3	3	0.85	9.36	49.87	6.90	0.00
3	7	1.09	7.24	54.09	7.49	0.15
Core	CPU	C1%	C3%	C6%	C8%	C9%
-	-	0.93	10.54	48.45	6.71	0.14
0	0	1.05	10.93	46.79	6.12	0.00
0	4	0.93	10.08	49.86	5.42	0.00
1	1	1.09	9.70	49.09	10.67	0.00
1	5	0.73	11.06	51.71	3.82	0.00
2	2	1.10	10.10	48.87	8.71	0.00
2	6	1.22	12.01	43.64	4.67	1.04
3	3	0.76	11.59	49.29	5.63	0.01
3	7	0.55	8.84	48.30	8.66	0.08
Core	CPU	C1%	C3%	C6%	C8%	C9%
-	-	1.09	11.06	47.58	5.13	0.08
0	0	1.84	14.02	43.89	3.23	0.02
0	4	0.67	9.26	51.62	8.40	0.01
1	1	1.06	10.37	44.71	3.72	0.00
1	5	1.07	11.84	49.83	4.71	0.39
2	2	1.45	10.14	48.93	6.32	0.21
2	6	0.61	12.09	47.01	2.88	0.00
3	3	1.16	10.87	47.80	7.39	0.00
3	7	0.91	9.93	46.99	4.39	0.00
Core	CPU	C1%	C3%	C6%	C8%	C9%
-	-	1.93	12.66	48.30	2.43	0.00
0	0	3.24	14.83	43.80	0.83	0.00
0	4	1.27	11.98	50.15	3.25	0.00
1	1	1.97	12.79	48.03	2.88	0.00
1	5	1.53	11.55	47.69	4.15	0.00
2	2	1.41	11.81	49.11	3.81	0.00
2	6	2.73	12.56	46.21	1.69	0.00
3	3	1.70	12.09	52.36	0.98	0.00
3	7	1.56	13.63	48.94	1.80	0.00
Core	CPU	C1%	C3%	C6%	C8%	C9%
-	-	1.64	13.52	45.09	1.99	0.04
0	0	2.13	16.05	38.18	2.51	0.00
0	4	1.29	12.30	44.94	1.37	0.00
1	1	1.97	13.06	44.32	2.43	0.00
1	5	1.69	13.84	46.56	1.67	0.00
2	2	1.45	13.13	47.71	1.78	0.00
2	6	1.62	14.23	45.97	1.97	0.00
3	3	1.81	13.13	46.58	1.36	0.00
3	7	1.16	12.43	46.45	2.79	0.29
Core	CPU	C1%	C3%	C6%	C8%	C9%
-	-	2.99	13.83	42.75	1.81	0.00
0	0	4.09	14.67	31.54	0.92	0.00
0	4	2.60	13.04	45.10	1.74	0.00
1	1	1.97	13.53	47.12	1.28	0.00
1	5	3.40	14.36	42.09	2.60	0.00
2	2	3.44	13.63	41.33	3.50	0.00
2	6	2.56	12.93	47.67	1.80	0.00
3	3	2.76	14.37	44.36	1.06	0.00
3	7	3.15	14.23	43.00	1.55	0.00
Core	CPU	C1%	C3%	C6%	C8%	C9%
-	-	1.83	14.08	44.74	2.20	0.02
0	0	2.65	15.92	38.14	1.00	0.00
0	4	0.81	12.06	49.36	2.76	0.00
1	1	2.07	14.92	41.47	3.48	0.00
1	5	1.41	14.19	47.16	2.41	0.10
2	2	1.82	13.77	46.30	2.66	0.00
2	6	2.40	14.30	44.54	1.29	0.02
3	3	1.80	13.27	47.14	1.61	0.00
3	7	1.62	14.10	43.40	2.36	0.00
Core	CPU	C1%	C3%	C6%	C8%	C9%
-	-	1.67	10.75	48.02	5.24	0.10
0	0	1.92	11.26	45.98	3.22	0.00
0	4	1.17	10.27	51.13	6.32	0.00
1	1	1.47	10.00	48.47	6.07	0.03
1	5	1.66	10.73	46.80	6.69	0.60
2	2	1.49	10.79	49.61	5.46	0.00
2	6	2.12	11.88	44.76	4.29	0.08
3	3	1.65	10.46	51.06	4.66	0.00
3	7	1.89	10.62	46.52	5.21	0.09
Core	CPU	C1%	C3%	C6%	C8%	C9%
-	-	0.96	9.71	49.20	7.36	0.03
0	0	1.04	10.76	46.53	5.20	0.00
0	4	0.59	8.06	54.33	7.11	0.01
1	1	1.40	9.48	53.62	7.85	0.11
1	5	0.99	8.97	48.81	6.66	0.00
2	2	0.89	9.06	46.71	11.92	0.00
2	6	1.03	12.37	46.01	4.30	0.13
3	3	0.91	9.24	48.99	6.79	0.00
3	7	0.86	9.72	48.61	9.03	0.00
Core	CPU	C1%	C3%	C6%	C8%	C9%
-	-	1.22	10.11	49.36	4.84	0.02
0	0	1.77	11.39	48.52	2.03	0.01
0	4	1.15	9.11	51.43	4.91	0.00
1	1	1.04	9.84	51.56	5.06	0.00
1	5	1.29	9.34	47.55	6.36	0.00
2	2	0.93	10.10	46.86	6.47	0.00
2	6	1.65	11.86	50.00	1.79	0.00
3	3	0.81	8.61	44.95	8.61	0.15
3	7	1.14	10.58	53.99	3.45	0.00
Core	CPU	C1%	C3%	C6%	C8%	C9%
-	-	1.04	8.18	48.38	6.66	0.12
0	0	1.06	9.59	47.92	4.77	0.01
0	4	0.77	7.82	50.23	9.75	0.00
1	1	0.81	7.69	50.88	8.38	0.41
1	5	1.67	8.16	43.25	4.33	0.00
2	2	0.94	7.82	43.04	3.57	0.00
2	6	0.61	8.93	53.05	4.44	0.53
3	3	1.67	8.61	53.16	6.71	0.00
3	7	0.82	6.81	45.61	11.35	0.00
Core	CPU	C1%	C3%	C6%	C8%	C9%
-	-	0.93	6.97	50.37	7.42	0.30
0	0	1.11	8.17	54.93	3.25	0.00
0	4	0.88	5.35	47.51	12.66	0.00
1	1	0.48	7.61	58.11	5.73	0.00
1	5	0.70	5.43	43.46	8.38	0.00
2	2	0.71	7.11	50.08	3.87	0.57
2	6	0.97	9.46	47.79	5.26	1.79
3	3	1.10	6.00	48.42	8.07	0.00
3	7	1.49	6.62	52.76	12.16	0.01
Core	CPU	C1%	C3%	C6%	C8%	C9%
-	-	0.88	6.74	49.37	7.66	0.14
0	0	1.81	8.79	50.14	5.36	0.00
0	4	0.40	5.77	47.56	13.31	0.00
1	1	1.62	6.03	48.22	7.44	0.00
1	5	1.04	6.06	44.60	5.78	0.89
2	2	0.23	5.44	49.77	5.25	0.06
2	6	0.48	8.00	52.74	7.34	0.16
3	3	0.67	7.12	51.29	6.30	0.00
3	7	0.78	6.71	50.58	10.47	0.00
Core	CPU	C1%	C3%	C6%	C8%	C9%
-	-	1.19	10.41	49.50	3.80	0.07
0	0	1.10	11.89	46.81	3.57	0.00
0	4	0.64	10.00	53.02	5.63	0.01
1	1	1.12	9.79	47.14	3.92	0.11
1	5	1.60	9.67	53.31	3.43	0.38
2	2	0.99	10.19	46.88	3.90	0.00
2	6	1.19	11.60	48.74	2.23	0.04
3	3	1.24	8.64	49.19	4.71	0.00
3	7	1.60	11.51	50.82	3.02	0.00
Core	CPU	C1%	C3%	C6%	C8%	C9%
-	-	1.21	10.01	49.96	4.24	0.04
0	0	1.41	11.95	47.12	2.38	0.00
0	4	1.05	10.18	49.65	3.35	0.00
1	1	1.26	9.66	52.11	5.44	0.00
1	5	0.94	10.00	50.20	4.96	0.00
2	2	1.51	8.90	49.53	5.62	0.00
2	6	1.40	10.51	49.73	2.90	0.29
3	3	0.97	9.32	48.65	4.37	0.00
3	7	1.13	9.53	52.65	4.88	0.00
Core	CPU	C1%	C3%	C6%	C8%	C9%
-	-	1.56	13.38	45.31	2.71	0.00
0	0	2.46	16.43	36.42	1.28	0.00
0	4	1.44	12.32	50.26	3.55	0.00
1	1	1.29	12.99	45.18	3.96	0.00
1	5	1.53	13.60	45.39	3.60	0.00
2	2	1.33	12.39	46.55	3.30	0.00
2	6	1.67	13.72	42.98	0.96	0.00
3	3	1.30	12.53	48.59	2.77	0.00
3	7	1.47	13.08	47.22	2.30	0.00
Core	CPU	C1%	C3%	C6%	C8%	C9%
-	-	9.87	12.76	32.27	1.18	0.00
0	0	12.70	15.29	18.19	0.42	0.00
0	4	8.45	11.25	36.39	2.92	0.00
1	1	9.24	12.24	34.17	0.59	0.00
1	5	9.54	12.71	34.05	1.41	0.00
2	2	10.30	12.63	33.79	1.25	0.00
2	6	9.41	13.32	32.73	0.91	0.00
3	3	10.18	12.62	32.17	0.95	0.00
3	7	9.12	11.97	36.47	1.00	0.00
Core	CPU	C1%	C3%	C6%	C8%	C9%
-	-	1.56	8.03	50.20	5.84	0.11
0	0	1.25	9.94	47.87	6.09	0.00
0	4	1.20	7.05	50.32	4.89	0.00
1	1	1.71	6.95	54.49	7.09	0.01
1	5	1.38	7.38	48.70	6.81	0.00
2	2	1.83	9.85	49.36	6.66	0.00
2	6	1.79	7.38	48.15	6.47	0.08
3	3	2.29	8.94	50.46	4.40	0.00
3	7	1.08	6.83	52.71	4.40	0.76
Core	CPU	C1%	C3%	C6%	C8%	C9%
-	-	1.14	8.49	49.54	6.35	0.21
0	0	1.70	11.17	48.67	4.20	0.00
0	4	0.85	7.58	51.63	6.45	0.50
1	1	1.12	8.06	49.93	7.79	0.00
1	5	1.40	8.59	49.43	6.17	0.30
2	2	0.87	8.74	46.96	7.51	0.00
2	6	1.25	8.57	45.95	5.94	0.89
3	3	1.10	7.39	51.59	7.01	0.00
3	7	0.84	7.76	51.89	5.64	0.00
Core	CPU	C1%	C3%	C6%	C8%	C9%
-	-	1.01	8.14	50.96	5.44	0.16
0	0	1.23	9.13	51.31	4.41	0.00
0	4	0.97	7.97	50.85	5.71	0.05
1	1	1.47	8.87	53.85	7.63	0.00
1	5	0.67	7.00	47.24	3.52	0.61
2	2	1.02	7.78	51.76	6.13	0.00
2	6	0.76	7.84	51.88	2.97	0.60
3	3	1.01	7.90	50.47	7.91	0.00
3	7	0.98	8.66	50.36	5.21	0.00
Core	CPU	C1%	C3%	C6%	C8%	C9%
-	-	0.68	5.52	39.27	16.18	0.15
0	0	0.68	6.83	45.43	23.86	0.00
0	4	0.70	5.46	41.31	23.20	0.50
1	1	0.39	5.73	39.49	6.38	0.09
1	5	1.16	4.95	36.99	21.24	0.53
2	2	0.94	4.20	39.00	7.76	0.00
2	6	0.31	6.39	37.97	23.68	0.00
3	3	0.53	5.61	32.66	2.91	0.10
3	7	0.77	5.01	41.21	20.38	0.00
Core	CPU	C1%	C3%	C6%	C8%	C9%
-	-	0.90	2.04	18.89	38.69	2.10
0	0	0.86	2.89	36.84	50.72	0.13
0	4	0.91	1.97	17.61	59.36	1.83
1	1	1.24	1.76	13.94	26.89	0.00
1	5	0.43	0.77	8.97	16.41	0.50
2	2	1.03	2.25	17.76	50.22	1.01
2	6	1.02	3.29	22.18	46.51	13.35
3	3	0.73	1.05	6.71	0.53	0.00
3	7	0.97	2.37	27.20	59.01	0.00
Core	CPU	C1%	C3%	C6%	C8%	C9%
-	-	1.00	6.73	50.06	6.69	0.16
0	0	0.76	7.86	50.85	5.05	0.00
0	4	0.70	5.69	50.83	4.75	0.00
1	1	1.70	7.03	50.09	5.37	0.00
1	5	0.52	6.01	46.18	10.84	0.11
2	2	0.71	6.78	52.05	6.97	0.00
2	6	1.04	7.69	47.04	6.27	0.07
3	3	1.64	6.42	52.72	10.61	0.00
3	7	0.87	6.37	50.76	3.69	1.13
