Core	CPU	C1%	C3%	C6%	C8%	C9%
-	-	0.13	0.04	1.96	1.39	0.00
0	0	0.01	0.17	2.94	1.76	0.00
0	4	0.00	0.03	0.79	0.40	0.00
1	1	0.00	0.01	0.94	0.60	0.00
1	5	0.58	0.01	1.68	3.26	0.00
2	2	0.16	0.02	3.59	1.81	0.00
2	6	0.15	0.02	1.91	0.81	0.00
3	3	0.14	0.00	0.78	0.30	0.00
3	7	0.00	0.03	3.03	2.21	0.00
Core	CPU	C1%	C3%	C6%	C8%	C9%
-	-	0.04	2.16	16.44	8.14	0.19
0	0	0.00	2.56	11.23	8.55	0.00
0	4	0.08	5.23	17.01	3.03	0.39
1	1	0.08	0.68	19.91	6.51	0.00
1	5	0.01	0.43	18.50	10.32	0.00
2	2	0.02	0.28	13.48	7.37	1.10
2	6	0.12	3.75	13.89	6.57	0.00
3	3	0.03	3.80	18.43	10.36	0.00
3	7	0.01	0.55	19.13	12.39	0.00
Core	CPU	C1%	C3%	C6%	C8%	C9%
-	-	0.08	2.33	12.82	14.49	0.38
0	0	0.01	6.89	14.20	9.97	0.00
0	4	0.00	0.19	15.13	19.72	0.00
1	1	0.00	0.12	12.81	12.92	0.00
1	5	0.00	0.11	15.04	13.66	0.00
2	2	0.11	1.90	11.34	15.76	0.00
2	6	0.09	0.22	13.30	19.71	0.00
3	3	0.46	9.11	8.37	7.95	3.00
3	7	0.00	0.11	12.41	16.19	0.00
Core	CPU	C1%	C3%	C6%	C8%	C9%
-	-	0.04	2.39	12.51	13.27	0.01
0	0	0.01	8.98	12.10	2.09	0.00
0	4	0.00	0.09	13.49	13.43	0.00
1	1	0.27	6.58	8.77	15.86	0.00
1	5	0.06	2.87	12.66	9.36	0.00
2	2	0.00	0.15	14.60	14.97	0.00
2	6	0.00	0.14	11.36	20.52	0.07
3	3	0.01	0.15	13.23	18.57	0.00
3	7	0.00	0.16	13.84	11.38	0.00
Core	CPU	C1%	C3%	C6%	C8%	C9%
-	-	0.20	2.91	17.47	16.94	0.44
0	0	0.00	3.86	20.56	17.29	0.02
0	4	0.00	0.13	18.71	19.32	0.00
1	1	0.79	0.11	18.57	19.10	0.00
1	5	0.21	7.59	16.75	15.91	0.00
2	2	0.31	5.56	15.48	12.96	0.00
2	6	0.24	5.75	13.84	13.44	3.47
3	3	0.00	0.18	19.16	18.93	0.00
3	7	0.00	0.12	16.70	18.58	0.00
Core	CPU	C1%	C3%	C6%	C8%	C9%
-	-	0.02	3.19	18.05	21.20	0.01
0	0	0.01	14.73	13.98	2.83	0.00
0	4	0.01	4.15	20.18	16.08	0.00
1	1	0.01	0.32	18.64	39.49	0.00
1	5	0.00	0.23	18.68	33.57	0.00
2	2	0.05	1.35	17.83	17.97	0.00
2	6	0.10	3.44	16.56	21.19	0.11
3	3	0.00	0.16	18.88	19.23	0.00
3	7	0.00	1.14	19.67	19.24	0.00
Core	CPU	C1%	C3%	C6%	C8%	C9%
-	-	0.36	3.41	23.48	20.41	0.00
0	0	0.00	0.47	31.81	16.26	0.00
0	4	0.19	7.57	18.60	19.12	0.00
1	1	1.49	10.61	18.38	16.62	0.00
1	5	1.21	7.70	21.06	13.73	0.00
2	2	0.00	0.18	23.66	21.15	0.00
2	6	0.00	0.17	23.08	26.94	0.00
3	3	0.00	0.26	25.21	24.47	0.00
3	7	0.00	0.35	26.04	25.01	0.00
Core	CPU	C1%	C3%	C6%	C8%	C9%
-	-	0.42	3.72	22.22	21.77	0.06
0	0	0.01	2.11	29.57	10.83	0.00
0	4	0.00	1.36	21.25	35.28	0.00
1	1	0.47	0.22	24.30	21.52	0.00
1	5	2.65	22.84	7.09	5.77	0.00
2	2	0.00	0.17	22.40	21.79	0.00
2	6	0.00	0.24	22.77	23.78	0.00
3	3	0.22	2.53	24.95	32.36	0.00
3	7	0.00	0.25	25.40	22.82	0.46
Core	CPU	C1%	C3%	C6%	C8%	C9%
-	-	0.17	3.73	21.26	22.19	0.00
0	0	0.00	0.30	32.49	21.39	0.00
0	4	0.00	0.07	18.67	26.50	0.00
1	1	0.05	1.34	20.15	21.01	0.00
1	5	0.00	0.21	22.27	24.67	0.00
2	2	0.99	23.00	9.63	5.16	0.00
2	6	0.18	4.66	23.32	19.19	0.00
3	3	0.00	0.17	21.26	31.18	0.00
3	7	0.16	0.11	22.26	28.39	0.00
Core	CPU	C1%	C3%	C6%	C8%	C9%
-	-	0.25	2.76	16.41	15.84	0.09
0	0	0.79	0.25	21.71	7.77	0.03
0	4	0.11	0.14	16.49	25.15	0.00
1	1	0.00	0.15	17.30	17.63	0.00
1	5	0.00	0.16	17.24	16.62	0.00
2	2	0.71	18.50	5.47	1.65	0.71
2	6	0.36	2.57	20.16	12.60	0.00
3	3	0.00	0.15	15.98	21.50	0.00
3	7	0.01	0.22	17.22	24.05	0.00
Core	CPU	C1%	C3%	C6%	C8%	C9%
-	-	0.05	3.98	23.12	21.78	0.10
0	0	0.01	19.16	18.15	13.98	0.00
0	4	0.01	6.66	23.66	13.50	0.00
1	1	0.00	0.24	24.55	23.30	0.00
1	5	0.10	0.23	24.37	21.64	0.00
2	2	0.00	0.26	22.29	20.32	0.00
2	6	0.00	0.13	20.79	32.16	0.06
3	3	0.28	1.27	23.25	17.25	0.70
3	7	0.00	3.80	27.57	31.80	0.00
Core	CPU	C1%	C3%	C6%	C8%	C9%
-	-	0.05	3.41	23.10	23.03	0.01
0	0	0.02	11.74	23.32	4.89	0.00
0	4	0.14	5.60	22.98	19.91	0.00
1	1	0.16	4.58	21.96	19.58	0.00
1	5	0.00	0.92	25.80	25.23	0.00
2	2	0.00	0.25	22.25	22.27	0.00
2	6	0.01	0.21	23.78	43.37	0.05
3	3	0.07	2.77	22.21	27.60	0.00
3	7	0.00	1.16	22.47	21.38	0.00
Core	CPU	C1%	C3%	C6%	C8%	C9%
-	-	0.02	4.04	21.97	24.06	0.00
0	0	0.01	25.75	12.04	2.07	0.01
0	4	0.01	1.07	24.81	21.73	0.00
1	1	0.00	0.36	22.08	37.35	0.00
1	5	0.00	0.40	23.11	23.71	0.00
2	2	0.16	0.45	23.78	25.69	0.00
2	6	0.00	0.44	22.66	35.66	0.00
3	3	0.00	1.16	23.01	21.58	0.00
3	7	0.01	2.65	24.28	24.70	0.00
Core	CPU	C1%	C3%	C6%	C8%	C9%
-	-	0.05	3.68	21.94	21.84	0.00
0	0	0.01	11.75	23.37	6.67	0.00
0	4	0.39	15.67	15.84	7.00	0.00
1	1	0.00	0.20	21.43	24.60	0.00
1	5	0.00	0.19	23.64	30.43	0.00
2	2	0.01	0.17	24.22	18.99	0.00
2	6	0.01	0.22	20.91	28.65	0.00
3	3	0.00	0.96	21.26	31.37	0.00
3	7	0.00	0.30	24.83	27.02	0.00
Core	CPU	C1%	C3%	C6%	C8%	C9%
-	-	0.13	2.20	26.96	23.83	0.02
0	0	0.02	4.24	29.25	9.07	0.01
0	4	0.01	6.05	25.47	31.11	0.00
1	1	0.23	2.30	24.94	18.62	0.00
1	5	0.43	3.00	25.61	21.55	0.00
2	2	0.00	0.29	26.70	22.77	0.00
2	6	0.11	0.24	28.33	27.90	0.12
3	3	0.14	1.11	26.84	31.00	0.00
3	7	0.13	0.36	28.57	28.62	0.00
Core	CPU	C1%	C3%	C6%	C8%	C9%
-	-	0.01	3.08	19.41	18.42	0.09
0	0	0.01	10.02	19.78	5.01	0.00
0	4	0.02	13.95	15.19	8.15	0.00
1	1	0.01	0.11	19.94	19.38	0.00
1	5	0.01	0.10	17.61	17.20	0.00
2	2	0.00	0.12	19.76	20.88	0.00
2	6	0.01	0.10	19.30	34.82	0.00
3	3	0.00	0.11	19.40	14.59	0.75
3	7	0.01	0.15	24.33	27.36	0.00
Core	CPU	C1%	C3%	C6%	C8%	C9%
-	-	0.01	3.59	22.28	23.61	0.09
0	0	0.04	26.35	7.06	0.07	0.00
0	4	0.01	0.76	26.39	26.85	0.00
1	1	0.00	0.28	23.68	41.04	0.00
1	5	0.00	0.62	24.77	21.49	0.68
2	2	0.00	0.18	23.53	21.49	0.00
2	6	0.00	0.13	21.85	27.53	0.05
3	3	0.00	0.20	24.18	27.71	0.00
3	7	0.01	0.22	26.75	22.72	0.00
Core	CPU	C1%	C3%	C6%	C8%	C9%
-	-	0.18	3.99	21.77	22.79	0.02
0	0	0.01	0.39	33.66	8.58	0.00
0	4	0.70	25.22	9.73	4.10	0.00
1	1	0.58	3.92	19.29	26.96	0.00
1	5	0.14	1.36	22.86	37.37	0.00
2	2	0.01	0.22	22.20	20.31	0.00
2	6	0.01	0.27	23.28	37.07	0.14
3	3	0.01	0.28	19.42	25.14	0.00
3	7	0.01	0.29	23.68	22.82	0.00
Core	CPU	C1%	C3%	C6%	C8%	C9%
-	-	0.16	3.75	21.70	21.69	0.02
0	0	0.01	0.45	30.18	13.36	0.03
0	4	0.00	0.17	20.69	42.83	0.00
1	1	0.77	16.85	15.28	8.42	0.00
1	5	0.26	8.11	18.88	14.77	0.00
2	2	0.00	0.22	21.16	27.52	0.00
2	6	0.00	0.21	19.32	19.81	0.00
3	3	0.11	3.48	21.12	23.22	0.10
3	7	0.10	0.47	26.98	23.58	0.00
Core	CPU	C1%	C3%	C6%	C8%	C9%
-	-	0.11	3.04	14.89	15.29	0.14
0	0	0.01	0.26	20.57	5.10	0.00
0	4	0.00	0.11	16.98	17.53	0.00
1	1	0.25	7.52	13.32	16.71	0.00
1	5	0.54	15.74	7.47	4.65	0.00
2	2	0.00	0.10	16.24	16.66	0.00
2	6	0.13	0.32	14.73	17.60	0.00
3	3	0.00	0.15	16.04	21.07	0.00
3	7	0.00	0.12	13.91	23.11	1.10
Core	CPU	C1%	C3%	C6%	C8%	C9%
-	-	0.13	3.80	23.07	22.26	0.02
0	0	0.11	0.37	29.41	13.61	0.01
0	4	0.01	4.15	20.06	22.71	0.00
1	1	0.57	13.12	17.72	23.28	0.01
1	5	0.07	1.33	27.32	21.59	0.00
2	2	0.00	0.31	24.23	32.77	0.00
2	6	0.00	0.31	22.41	28.06	0.11
3	3	0.30	10.31	18.42	16.69	0.00
3	7	0.00	0.43	24.78	19.20	0.00
Core	CPU	C1%	C3%	C6%	C8%	C9%
-	-	0.06	3.59	23.20	23.15	0.01
0	0	0.10	4.52	31.27	8.32	0.00
0	4	0.23	19.38	12.35	6.82	0.00
1	1	0.06	3.03	23.65	40.45	0.00
1	5	0.00	0.13	24.18	26.65	0.00
2	2	0.00	0.23	24.68	25.76	0.00
2	6	0.00	0.15	24.95	28.43	0.06
3	3	0.06	1.11	20.78	23.40	0.00
3	7	0.00	0.18	23.76	25.36	0.00
Core	CPU	C1%	C3%	C6%	C8%	C9%
-	-	0.07	3.81	21.13	22.02	0.01
0	0	0.01	10.10	23.52	9.71	0.01
0	4	0.01	6.85	19.48	18.82	0.00
1	1	0.01	0.13	23.67	31.30	0.00
1	5	0.00	0.11	21.94	22.83	0.00
2	2	0.14	4.39	20.00	15.79	0.05
2	6	0.35	8.75	17.41	19.76	0.02
3	3	0.01	0.10	21.19	25.33	0.00
3	7	0.00	0.13	22.07	32.84	0.00
Core	CPU	C1%	C3%	C6%	C8%	C9%
-	-	0.07	3.72	22.82	24.50	0.02
0	0	0.14	24.02	11.86	5.14	0.00
0	4	0.00	0.20	28.25	22.18	0.00
1	1	0.00	0.31	24.75	28.35	0.00
1	5	0.00	0.32	25.58	20.28	0.00
2	2	0.00	0.33	23.16	27.83	0.00
2	6	0.14	2.93	19.99	44.04	0.12
3	3	0.03	0.37	23.58	24.04	0.00
3	7	0.23	1.31	25.20	23.93	0.02
Core	CPU	C1%	C3%	C6%	C8%	C9%
-	-	0.13	2.08	25.23	24.41	0.06
0	0	0.02	4.36	28.94	16.13	0.00
0	4	0.22	1.42	26.15	20.12	0.00
1	1	0.09	0.47	28.72	26.45	0.00
1	5	0.36	3.54	17.07	16.16	0.00
2	2	0.20	1.86	24.99	21.77	0.00
2	6	0.14	4.09	24.35	30.68	0.06
3	3	0.00	0.18	26.24	31.75	0.41
3	7	0.00	0.71	25.33	32.18	0.00
Core	CPU	C1%	C3%	C6%	C8%	C9%
-	-	0.07	3.83	22.65	20.85	0.06
0	0	0.01	10.86	22.68	6.84	0.01
0	4	0.01	0.22	22.42	21.57	0.00
1	1	0.09	3.32	23.33	16.23	0.46
1	5	0.08	2.48	23.91	18.05	0.00
2	2	0.07	3.33	22.13	19.38	0.00
2	6	0.11	4.61	21.52	22.12	0.00
3	3	0.23	5.58	20.96	42.10	0.00
3	7	0.00	0.25	24.15	20.45	0.00
Core	CPU	C1%	C3%	C6%	C8%	C9%
-	-	0.14	3.41	23.31	23.16	0.02
0	0	0.00	3.60	28.91	13.87	0.02
0	4	0.00	0.44	26.33	22.77	0.00
1	1	0.10	0.66	27.42	32.70	0.00
1	5	0.13	0.58	22.19	22.57	0.00
2	2	0.00	0.36	25.12	28.43	0.00
2	6	0.10	0.33	22.59	37.52	0.06
3	3	0.80	20.95	8.01	4.62	0.08
3	7	0.00	0.39	25.95	22.82	0.00
Core	CPU	C1%	C3%	C6%	C8%	C9%
-	-	0.07	3.93	22.71	21.86	0.01
0	0	0.01	10.42	24.85	7.97	0.00
0	4	0.01	7.99	20.32	18.59	0.00
1	1	0.41	11.38	19.09	10.77	0.00
1	5	0.10	0.14	24.56	22.08	0.00
2	2	0.01	0.28	24.75	34.99	0.00
2	6	0.00	0.15	21.03	29.81	0.06
3	3	0.00	0.95	24.46	25.85	0.00
3	7	0.00	0.16	22.59	24.80	0.00
Core	CPU	C1%	C3%	C6%	C8%	C9%
-	-	0.01	3.94	21.64	23.72	0.17
0	0	0.02	15.19	20.26	2.88	0.00
0	4	0.00	12.98	18.62	20.52	0.00
1	1	0.01	0.25	22.35	23.98	0.00
1	5	0.00	0.35	24.95	33.49	0.00
2	2	0.01	0.22	21.54	22.60	0.00
2	6	0.01	0.20	21.12	34.67	1.33
3	3	0.00	0.19	21.58	25.14	0.00
3	7	0.00	2.12	22.70	26.46	0.00
Core	CPU	C1%	C3%	C6%	C8%	C9%
-	-	0.06	2.74	13.72	13.13	0.01
0	0	0.00	0.26	18.34	5.69	0.05
0	4	0.01	6.92	12.26	12.56	0.00
1	1	0.00	0.17	12.21	13.26	0.00
1	5	0.04	0.15	13.68	20.97	0.00
2	2	0.24	5.32	13.68	13.87	0.00
2	6	0.19	8.70	11.25	12.61	0.00
3	3	0.00	0.22	14.07	13.72	0.00
3	7	0.00	0.17	14.27	12.36	0.00
Core	CPU	C1%	C3%	C6%	C8%	C9%
-	-	0.27	3.82	22.80	21.30	0.06
0	0	0.01	4.79	29.00	27.19	0.02
0	4	0.20	5.52	20.15	18.53	0.00
1	1	0.00	0.15	21.49	23.05	0.00
1	5	0.00	0.18	24.75	25.96	0.00
2	2	0.72	5.62	22.68	16.35	0.00
2	6	1.23	13.83	15.80	13.64	0.45
3	3	0.00	0.18	23.07	27.38	0.00
3	7	0.00	0.31	25.42	18.28	0.00
Core	CPU	C1%	C3%	C6%	C8%	C9%
-	-	0.10	3.86	22.90	21.47	0.01
0	0	0.01	1.66	34.34	12.10	0.00
0	4	0.27	25.11	8.64	4.30	0.00
1	1	0.00	0.31	22.18	21.72	0.00
1	5	0.20	0.76	21.60	31.63	0.00
2	2	0.00	0.45	24.87	20.34	0.00
2	6	0.00	0.25	23.56	31.78	0.07
3	3	0.21	1.94	22.88	25.64	0.00
3	7	0.07	0.44	25.15	24.24	0.00
Core	CPU	C1%	C3%	C6%	C8%	C9%
-	-	0.12	3.85	23.36	21.04	0.00
0	0	0.09	1.57	33.19	22.02	0.00
0	4	0.00	0.18	23.03	27.15	0.00
1	1	0.18	7.68	22.82	16.77	0.00
1	5	0.06	1.51	23.62	17.09	0.00
2	2	0.00	0.20	21.66	18.82	0.00
2	6	0.00	0.21	22.42	19.66	0.00
3	3	0.64	19.21	10.73	8.75	0.00
3	7	0.01	0.26	29.48	38.10	0.00
Core	CPU	C1%	C3%	C6%	C8%	C9%
-	-	0.15	3.55	21.98	22.59	0.01
0	0	0.00	0.57	32.61	14.18	0.04
0	4	0.00	2.48	22.86	29.32	0.00
1	1	0.00	0.33	18.76	27.79	0.00
1	5	0.00	0.23	21.00	26.90	0.00
2	2	0.00	0.31	21.90	26.78	0.00
2	6	0.13	0.32	20.87	27.01	0.00
3	3	1.03	23.93	8.38	1.94	0.00
3	7	0.00	0.23	29.39	26.78	0.00
Core	CPU	C1%	C3%	C6%	C8%	C9%
-	-	0.15	2.50	15.76	14.44	0.32
0	0	0.00	2.09	21.25	6.55	0.00
0	4	0.00	2.46	12.45	15.90	0.65
1	1	0.29	6.98	14.23	18.00	1.01
1	5	0.88	7.83	11.95	8.18	0.00
2	2	0.00	0.14	17.15	18.45	0.00
2	6	0.00	0.16	16.69	13.60	0.00
3	3	0.01	0.15	16.42	16.05	0.91
3	7	0.01	0.21	15.90	18.79	0.01
Core	CPU	C1%	C3%	C6%	C8%	C9%
-	-	0.14	3.79	21.96	21.76	0.18
0	0	0.01	0.50	30.39	18.63	1.38
0	4	0.00	0.21	21.40	38.79	0.00
1	1	0.09	1.24	23.00	23.78	0.00
1	5	0.53	14.61	13.74	11.48	0.00
2	2	0.00	0.28	23.11	26.59	0.00
2	6	0.00	0.34	22.97	17.47	0.06
3	3	0.43	12.97	15.72	12.57	0.00
3	7	0.08	0.22	25.55	24.99	0.00
Core	CPU	C1%	C3%	C6%	C8%	C9%
-	-	0.09	3.55	22.63	22.52	0.05
0	0	0.01	2.58	32.59	13.75	0.00
0	4	0.34	9.52	16.25	14.28	0.02
1	1	0.00	0.27	22.27	33.01	0.00
1	5	0.01	0.29	23.03	33.43	0.00
2	2	0.00	0.24	21.04	22.26	0.00
2	6	0.00	0.32	24.26	21.16	0.11
3	3	0.38	14.95	16.83	20.75	0.29
3	7	0.00	0.23	24.62	21.37	0.00
Core	CPU	C1%	C3%	C6%	C8%	C9%
-	-	0.05	3.73	23.09	22.63	0.13
0	0	0.01	2.12	33.05	17.97	0.00
0	4	0.02	19.18	15.42	5.91	0.00
1	1	0.15	4.65	20.69	33.61	0.00
1	5	0.00	0.16	24.21	21.97	0.00
2	2	0.00	0.24	21.76	21.88	0.00
2	6	0.00	0.30	24.41	24.99	0.05
3	3	0.19	2.99	20.55	22.45	0.00
3	7	0.01	0.25	24.70	32.34	1.00
Core	CPU	C1%	C3%	C6%	C8%	C9%
-	-	0.17	3.82	23.31	22.02	0.03
0	0	0.01	16.86	18.54	7.21	0.25
0	4	0.09	5.72	21.47	16.54	0.00
1	1	0.83	0.37	25.80	27.49	0.00
1	5	0.00	0.41	25.51	20.85	0.00
2	2	0.00	0.26	25.26	32.69	0.00
2	6	0.00	0.30	25.08	21.87	0.00
3	3	0.42	4.11	18.73	19.10	0.00
3	7	0.01	2.60	26.32	30.60	0.00
Core	CPU	C1%	C3%	C6%	C8%	C9%
-	-	0.01	2.58	16.34	16.29	0.00
0	0	0.01	13.95	15.89	2.67	0.00
0	4	0.08	4.16	11.95	9.04	0.00
1	1	0.00	0.23	17.82	20.22	0.00
1	5	0.00	0.14	19.29	13.22	0.00
2	2	0.00	0.18	16.29	17.70	0.00
2	6	0.00	0.39	16.68	16.21	0.00
3	3	0.01	0.22	17.27	29.00	0.00
3	7	0.01	1.37	15.30	22.01	0.00
Core	CPU	C1%	C3%	C6%	C8%	C9%
-	-	0.06	3.92	22.15	21.80	0.00
0	0	0.00	0.54	32.58	15.46	0.00
0	4	0.22	22.11	11.53	9.48	0.00
1	1	0.00	0.34	22.44	22.34	0.00
1	5	0.03	0.31	22.37	24.21	0.00
2	2	0.00	1.37	23.30	27.33	0.00
2	6	0.00	0.19	23.48	19.49	0.00
3	3	0.18	6.34	18.59	32.76	0.00
3	7	0.01	0.22	23.34	23.75	0.00
Core	CPU	C1%	C3%	C6%	C8%	C9%
-	-	0.10	3.57	22.08	23.52	0.00
0	0	0.00	3.46	30.33	13.42	0.00
0	4	0.13	6.92	19.58	28.04	0.00
1	1	0.00	0.18	21.00	30.65	0.00
1	5	0.00	0.21	20.30	29.11	0.00
2	2	0.00	1.36	22.34	24.76	0.00
2	6	0.00	0.20	22.55	25.29	0.00
3	3	0.65	14.86	15.45	10.20	0.00
3	7	0.04	1.29	24.61	26.12	0.00
Core	CPU	C1%	C3%	C6%	C8%	C9%
-	-	0.09	3.77	22.56	21.16	0.02
0	0	0.02	7.26	29.07	20.21	0.18
0	4	0.00	1.27	23.76	19.63	0.00
1	1	0.34	5.33	20.47	26.07	0.00
1	5	0.18	6.84	18.07	16.09	0.00
2	2	0.01	0.24	24.26	21.62	0.00
2	6	0.01	0.31	23.22	21.33	0.00
3	3	0.18	7.57	19.09	23.47	0.00
3	7	0.01	1.34	22.55	20.89	0.00
Core	CPU	C1%	C3%	C6%	C8%	C9%
-	-	0.05	3.60	21.43	21.89	0.01
0	0	0.02	18.11	18.17	4.20	0.05
0	4	0.00	0.12	23.63	21.69	0.00
1	1	0.34	8.92	17.00	13.90	0.00
1	5	0.00	0.15	22.70	23.25	0.00
2	2	0.00	0.22	24.44	23.69	0.00
2	6	0.00	0.20	20.98	25.38	0.00
3	3	0.02	0.92	21.62	34.15	0.00
3	7	0.00	0.20	22.90	28.92	0.00
Core	CPU	C1%	C3%	C6%	C8%	C9%
-	-	0.07	2.85	16.36	15.23	0.55
0	0	0.01	0.36	21.90	8.67	3.95
0	4	0.00	0.15	16.84	14.27	0.00
1	1	0.00	0.22	17.11	12.87	0.00
1	5	0.48	18.46	5.34	0.89	0.49
2	2	0.10	3.08	17.38	30.62	0.00
2	6	0.00	0.17	15.90	17.09	0.00
3	3	0.00	0.19	17.87	21.08	0.00
3	7	0.00	0.18	18.57	16.33	0.00
Core	CPU	C1%	C3%	C6%	C8%	C9%
-	-	0.17	3.52	21.40	20.87	0.01
0	0	0.00	0.32	28.94	7.41	0.00
0	4	0.00	0.19	20.35	29.36	0.00
1	1	0.09	0.26	23.31	22.11	0.00
1	5	1.09	23.32	8.58	4.49	0.00
2	2	0.01	0.24	22.32	25.61	0.00
2	6	0.00	0.26	22.61	35.50	0.09
3	3	0.18	3.40	20.12	20.79	0.00
3	7	0.01	0.20	24.99	21.69	0.00
Core	CPU	C1%	C3%	C6%	C8%	C9%
-	-	0.12	3.80	21.29	21.33	0.00
0	0	0.00	0.46	32.64	9.79	0.01
0	4	0.00	0.12	21.33	27.77	0.00
1	1	0.14	4.48	19.55	23.71	0.00
1	5	0.26	10.40	14.46	13.74	0.00
2	2	0.00	0.36	20.51	23.05	0.00
2	6	0.00	0.34	22.49	22.39	0.00
3	3	0.55	13.95	14.34	18.27	0.00
3	7	0.00	0.27	25.01	31.95	0.00
Core	CPU	C1%	C3%	C6%	C8%	C9%
-	-	0.11	3.31	23.27	21.27	0.02
0	0	0.01	1.13	32.04	12.25	0.03
0	4	0.00	8.70	19.50	22.60	0.00
1	1	0.27	2.24	22.26	17.01	0.15
1	5	0.55	12.39	17.25	9.75	0.00
2	2	0.00	0.22	23.04	31.14	0.00
2	6	0.01	0.18	23.50	19.03	0.00
3	3	0.00	0.21	24.12	25.83	0.00
3	7	0.00	1.37	24.42	32.51	0.00
Core	CPU	C1%	C3%	C6%	C8%	C9%
-	-	0.15	3.61	21.68	22.26	0.12
0	0	0.01	0.56	34.00	20.84	0.00
0	4	0.00	0.18	22.34	25.08	0.00
1	1	0.55	13.84	16.16	11.12	0.94
1	5	0.62	13.27	15.41	10.87	0.00
2	2	0.00	0.23	22.24	23.83	0.00
2	6	0.01	0.23	21.21	30.70	0.00
3	3	0.00	0.33	22.61	29.10	0.00
3	7	0.00	0.26	19.60	26.69	0.00
Core	CPU	C1%	C3%	C6%	C8%	C9%
-	-	0.08	2.26	13.01	14.24	0.61
0	0	0.01	0.23	16.05	16.94	0.00
0	4	0.01	1.85	12.15	9.74	0.00
1	1	0.25	5.47	13.17	22.11	0.00
1	5	0.23	6.11	11.75	8.01	4.58
2	2	0.01	0.13	14.31	25.20	0.00
2	6	0.16	4.14	10.12	8.21	0.29
3	3	0.00	0.06	12.78	12.65	0.00
3	7	0.01	0.06	13.81	11.16	0.00
Core	CPU	C1%	C3%	C6%	C8%	C9%
-	-	0.30	3.75	22.50	21.81	0.01
0	0	0.01	0.42	31.15	22.70	0.00
0	4	0.24	15.90	11.99	16.46	0.00
1	1	1.18	10.41	15.85	16.01	0.00
1	5	0.48	2.19	22.71	16.77	0.00
2	2	0.00	0.25	26.34	21.12	0.00
2	6	0.00	0.34	25.20	21.00	0.10
3	3	0.02	0.24	23.05	35.04	0.00
3	7	0.48	0.20	23.58	25.26	0.00
Core	CPU	C1%	C3%	C6%	C8%	C9%
-	-	0.07	4.47	21.48	23.11	0.02
0	0	0.11	21.96	14.98	1.86	0.00
0	4	0.01	10.45	18.29	15.66	0.00
1	1	0.00	1.00	20.79	24.12	0.00
1	5	0.25	0.35	21.37	21.33	0.00
2	2	0.00	1.12	25.62	31.54	0.00
2	6	0.00	0.38	22.60	22.27	0.17
3	3	0.19	0.29	22.17	30.52	0.00
3	7	0.00	0.27	26.07	37.62	0.00
Core	CPU	C1%	C3%	C6%	C8%	C9%
-	-	0.10	3.42	22.06	23.08	0.23
0	0	0.00	1.35	31.79	10.32	1.38
0	4	0.03	10.70	14.88	23.59	0.00
1	1	0.35	4.16	18.46	25.67	0.44
1	5	0.00	0.09	20.44	25.13	0.00
2	2	0.25	7.75	22.04	18.25	0.00
2	6	0.11	1.92	23.60	28.68	0.03
3	3	0.05	1.18	22.89	25.81	0.00
3	7	0.00	0.21	22.24	27.12	0.00
Core	CPU	C1%	C3%	C6%	C8%	C9%
-	-	0.12	3.81	22.46	21.47	0.00
0	0	0.01	0.64	34.75	21.81	0.00
0	4	0.09	6.17	21.50	14.96	0.00
1	1	0.00	0.16	25.17	21.68	0.00
1	5	0.66	19.78	9.93	10.51	0.00
2	2	0.00	0.16	23.47	29.33	0.00
2	6	0.00	0.16	22.11	20.85	0.00
3	3	0.17	3.25	19.85	24.36	0.00
3	7	0.00	0.15	23.06	28.37	0.00
Core	CPU	C1%	C3%	C6%	C8%	C9%
-	-	0.04	3.21	16.06	16.32	0.03
0	0	0.01	15.27	11.82	2.21	0.21
0	4	0.00	5.03	16.44	10.77	0.00
1	1	0.14	2.59	16.32	21.08	0.00
1	5	0.04	0.07	14.27	17.05	0.00
2	2	0.00	0.10	16.36	23.76	0.00
2	6	0.04	0.33	15.91	14.95	0.06
3	3	0.01	0.14	19.43	24.40	0.00
3	7	0.04	2.11	17.83	16.25	0.00
Core	CPU	C1%	C3%	C6%	C8%	C9%
-	-	0.03	4.37	22.26	22.63	0.11
0	0	0.02	24.50	10.22	0.54	0.00
0	4	0.01	4.72	27.03	21.25	0.00
1	1	0.00	0.16	24.02	35.11	0.00
1	5	0.00	0.17	22.81	28.74	0.00
2	2	0.01	0.20	23.52	24.39	0.00
2	6	0.00	2.10	22.90	19.35	0.00
3	3	0.19	1.05	23.88	24.28	0.79
3	7	0.00	2.05	23.70	27.39	0.12
Core	CPU	C1%	C3%	C6%	C8%	C9%
-	-	0.08	4.01	21.50	22.38	0.02
0	0	0.01	5.14	29.63	11.00	0.02
0	4	0.00	9.86	17.81	12.10	0.00
1	1	0.21	4.26	19.02	22.68	0.00
1	5	0.09	2.65	20.61	29.90	0.00
2	2	0.00	0.32	22.59	26.73	0.00
2	6	0.00	0.36	20.48	34.57	0.11
3	3	0.30	7.94	16.29	15.96	0.00
3	7	0.00	1.54	25.57	26.11	0.00
Core	CPU	C1%	C3%	C6%	C8%	C9%
-	-	0.12	3.36	22.46	22.07	0.04
0	0	0.00	6.33	25.87	15.10	0.00
0	4	0.20	6.47	20.26	13.23	0.00
1	1	0.40	7.67	19.16	15.65	0.00
1	5	0.26	5.65	21.30	29.22	0.00
2	2	0.01	0.10	23.02	24.08	0.28
2	6	0.01	0.35	22.74	24.93	0.00
3	3	0.01	0.12	22.53	21.96	0.00
3	7	0.10	0.17	24.79	32.40	0.00
Core	CPU	C1%	C3%	C6%	C8%	C9%
-	-	0.07	3.92	22.14	22.08	0.00
0	0	0.02	4.80	28.47	16.70	0.00
0	4	0.00	5.71	19.62	25.41	0.00
1	1	0.50	17.95	16.09	16.97	0.00
1	5	0.00	2.02	25.11	27.60	0.00
2	2	0.00	0.16	19.89	19.63	0.00
2	6	0.01	0.32	24.99	20.97	0.00
3	3	0.00	0.19	20.74	24.08	0.00
3	7	0.00	0.25	22.28	25.35	0.00
Core	CPU	C1%	C3%	C6%	C8%	C9%
-	-	0.15	2.14	24.34	23.64	0.01
0	0	0.01	0.68	34.46	9.78	0.00
0	4	0.24	5.23	18.14	19.45	0.00
1	1	0.04	1.24	23.84	23.66	0.00
1	5	0.01	0.25	24.78	38.72	0.00
2	2	0.00	0.18	26.49	29.44	0.00
2	6	0.00	0.27	25.60	26.77	0.11
3	3	0.74	8.94	13.24	14.29	0.00
3	7	0.14	0.34	28.11	27.00	0.00
Core	CPU	C1%	C3%	C6%	C8%	C9%
-	-	0.09	3.82	22.06	22.43	0.00
0	0	0.11	12.40	21.63	5.95	0.00
0	4	0.31	16.76	17.36	13.71	0.00
1	1	0.01	0.17	21.12	22.42	0.00
1	5	0.01	0.23	21.01	27.18	0.00
2	2	0.01	0.24	24.28	22.47	0.00
2	6	0.01	0.16	20.93	35.80	0.00
3	3	0.01	0.26	24.96	21.91	0.00
3	7	0.27	0.43	25.51	30.33	0.00
Core	CPU	C1%	C3%	C6%	C8%	C9%
-	-	0.16	3.69	22.37	21.49	0.02
0	0	0.01	3.13	28.57	26.47	0.00
0	4	0.01	3.28	22.84	18.96	0.00
1	1	0.72	13.37	14.99	12.98	0.00
1	5	0.28	8.23	19.58	14.86	0.00
2	2	0.00	0.39	22.75	23.40	0.00
2	6	0.00	0.40	24.37	29.30	0.13
3	3	0.20	0.27	21.20	20.42	0.00
3	7	0.07	0.41	24.32	25.22	0.00
Core	CPU	C1%	C3%	C6%	C8%	C9%
-	-	0.06	3.59	24.40	24.53	0.00
0	0	0.01	14.26	24.03	11.19	0.00
0	4	0.13	6.55	21.46	18.81	0.00
1	1	0.10	2.67	25.36	32.11	0.00
1	5	0.23	2.98	23.62	20.67	0.00
2	2	0.00	0.42	24.42	25.84	0.00
2	6	0.00	0.39	23.91	25.63	0.00
3	3	0.00	0.36	27.40	33.31	0.00
3	7	0.00	1.10	25.05	28.69	0.00
Core	CPU	C1%	C3%	C6%	C8%	C9%
-	-	0.06	3.83	21.22	22.28	0.01
0	0	0.01	20.01	16.32	3.03	0.00
0	4	0.00	2.20	26.01	25.98	0.00
1	1	0.29	5.22	18.13	18.61	0.00
1	5	0.13	2.34	21.64	24.70	0.00
2	2	0.00	0.22	22.23	38.56	0.00
2	6	0.01	0.22	21.02	27.88	0.10
3	3	0.00	0.20	21.81	19.17	0.00
3	7	0.01	0.30	22.82	20.48	0.00
Core	CPU	C1%	C3%	C6%	C8%	C9%
-	-	0.07	2.94	16.62	15.84	0.01
0	0	0.01	0.34	22.74	22.01	0.00
0	4	0.01	10.22	12.30	13.16	0.00
1	1	0.13	2.82	15.81	16.74	0.00
1	5	0.45	9.48	11.93	7.22	0.05
2	2	0.00	0.07	17.23	19.35	0.00
2	6	0.00	0.24	16.86	12.03	0.06
3	3	0.00	0.15	17.03	18.42	0.00
3	7	0.00	0.14	18.88	17.62	0.00
Core	CPU	C1%	C3%	C6%	C8%	C9%
-	-	0.16	3.97	20.98	21.86	0.07
0	0	0.01	0.36	29.66	33.54	0.01
0	4	0.00	0.17	21.47	17.26	0.00
1	1	0.48	5.57	21.26	13.78	0.00
1	5	0.77	21.85	8.57	5.20	0.44
2	2	0.00	0.17	21.20	27.69	0.00
2	6	0.00	1.77	22.78	19.97	0.10
3	3	0.01	0.11	20.74	32.28	0.00
3	7	0.00	1.80	22.36	25.32	0.00
Core	CPU	C1%	C3%	C6%	C8%	C9%
-	-	0.05	3.81	20.96	22.88	0.00
0	0	0.06	15.20	19.03	14.63	0.00
0	4	0.00	5.57	24.92	18.77	0.00
1	1	0.16	5.70	17.19	19.79	0.00
1	5	0.10	2.09	22.10	36.55	0.00
2	2	0.00	0.26	23.15	21.00	0.00
2	6	0.04	1.18	21.09	30.46	0.00
3	3	0.00	0.21	19.46	22.05	0.00
3	7	0.01	0.22	20.55	19.58	0.00
Core	CPU	C1%	C3%	C6%	C8%	C9%
-	-	0.01	3.62	21.77	22.99	0.01
0	0	0.01	17.64	18.43	5.50	0.00
0	4	0.01	5.93	19.66	14.30	0.00
1	1	0.00	0.20	25.05	28.46	0.00
1	5	0.05	1.95	22.01	31.78	0.00
2	2	0.00	0.10	24.20	23.52	0.00
2	6	0.01	2.54	19.26	32.18	0.06
3	3	0.00	0.34	21.71	25.85	0.00
3	7	0.00	0.28	23.89	22.30	0.00
Core	CPU	C1%	C3%	C6%	C8%	C9%
-	-	0.10	3.76	20.71	22.10	0.01
0	0	0.01	0.50	32.49	16.07	0.01
0	4	0.23	13.16	14.87	15.35	0.00
1	1	0.42	10.29	16.93	27.96	0.00
1	5	0.15	5.37	19.80	16.96	0.05
2	2	0.00	0.18	21.02	27.58	0.00
2	6	0.00	0.16	19.39	25.94	0.00
3	3	0.00	0.19	21.21	26.69	0.00
3	7	0.00	0.20	19.88	20.18	0.00
Core	CPU	C1%	C3%	C6%	C8%	C9%
-	-	0.12	2.10	25.54	23.62	0.00
0	0	0.01	3.60	26.97	4.68	0.00
0	4	0.00	0.99	26.03	23.19	0.00
1	1	0.24	6.93	24.34	29.06	0.00
1	5	0.00	0.27	27.44	29.57	0.00
2	2	0.43	2.09	21.33	19.75	0.00
2	6	0.00	0.13	24.99	24.91	0.00
3	3	0.29	2.08	25.78	32.42	0.00
3	7	0.00	0.66	27.42	25.36	0.00
Core	CPU	C1%	C3%	C6%	C8%	C9%
-	-	0.17	3.26	21.17	21.11	0.02
0	0	0.01	0.84	27.12	9.86	0.00
0	4	0.01	0.10	23.05	29.92	0.00
1	1	0.00	0.16	19.92	20.71	0.00
1	5	0.00	0.19	20.67	31.62	0.00
2	2	1.04	17.62	11.66	7.50	0.09
2	6	0.31	6.75	21.23	23.78	0.10
3	3	0.00	0.22	22.38	23.50	0.00
3	7	0.00	0.17	23.32	21.96	0.00
Core	CPU	C1%	C3%	C6%	C8%	C9%
-	-	0.16	3.63	21.22	21.08	0.06
0	0	0.01	0.41	29.94	19.04	0.00
0	4	0.00	0.14	21.51	21.64	0.00
1	1	0.01	0.30	19.46	33.75	0.00
1	5	0.00	0.15	20.74	17.26	0.00
2	2	0.51	12.63	17.09	19.22	0.47
2	6	0.74	15.14	15.47	8.56	0.04
3	3	0.00	0.16	22.29	27.33	0.00
3	7	0.00	0.14	23.46	22.09	0.00
Core	CPU	C1%	C3%	C6%	C8%	C9%
-	-	0.16	3.77	21.48	21.26	0.17
0	0	0.07	0.46	32.13	32.70	0.00
0	4	0.00	0.13	21.77	19.19	0.00
1	1	0.00	0.19	20.37	22.11	0.00
1	5	0.00	0.24	21.03	33.03	0.00
2	2	0.78	17.77	10.14	4.96	0.46
2	6	0.44	9.65	20.13	16.99	0.00
3	3	0.00	0.35	22.54	19.42	0.93
3	7	0.00	1.34	23.52	21.44	0.00
Core	CPU	C1%	C3%	C6%	C8%	C9%
-	-	0.14	3.58	20.59	21.88	0.06
0	0	0.01	0.31	26.51	10.02	0.01
0	4	0.01	0.21	21.99	20.97	0.00
1	1	0.39	7.55	17.64	14.19	0.00
1	5	0.72	15.76	11.91	15.14	0.44
2	2	0.02	1.90	24.65	36.07	0.00
2	6	0.01	2.42	19.69	25.46	0.00
3	3	0.00	0.31	22.71	26.64	0.00
3	7	0.00	0.22	19.65	26.56	0.00
Core	CPU	C1%	C3%	C6%	C8%	C9%
-	-	0.11	3.11	14.14	15.07	0.07
0	0	0.01	0.26	20.70	6.16	0.00
0	4	0.00	0.14	15.13	16.32	0.58
1	1	0.46	15.01	8.36	5.28	0.00
1	5	0.40	8.52	10.33	10.15	0.00
2	2	0.00	0.18	15.01	25.42	0.00
2	6	0.00	0.29	13.40	22.41	0.00
3	3	0.00	0.27	15.08	21.37	0.00
3	7	0.00	0.23	15.12	13.41	0.00
Core	CPU	C1%	C3%	C6%	C8%	C9%
-	-	0.12	3.39	21.99	20.83	0.16
0	0	0.01	6.76	24.65	7.27	0.03
0	4	0.00	0.14	22.63	23.60	0.00
1	1	0.14	4.18	21.76	13.64	0.00
1	5	0.22	3.22	22.45	18.56	0.45
2	2	0.24	5.07	21.18	23.83	0.08
2	6	0.35	7.27	17.53	20.49	0.00
3	3	0.00	0.26	22.83	27.75	0.75
3	7	0.00	0.24	22.88	31.53	0.00
Core	CPU	C1%	C3%	C6%	C8%	C9%
-	-	0.19	3.47	22.53	21.91	0.00
0	0	0.20	2.42	29.80	11.73	0.00
0	4	0.00	0.11	22.13	21.45	0.00
1	1	0.47	10.72	20.04	11.53	0.00
1	5	0.74	13.13	16.23	10.45	0.00
2	2	0.10	0.90	24.07	37.63	0.00
2	6	0.00	0.09	22.19	28.19	0.00
3	3	0.01	0.24	23.26	27.78	0.00
3	7	0.01	0.14	22.49	26.55	0.00
Core	CPU	C1%	C3%	C6%	C8%	C9%
-	-	0.11	3.91	23.56	21.30	0.27
0	0	0.15	15.08	19.31	5.54	1.38
0	4	0.00	0.19	24.84	19.03	0.00
1	1	0.11	1.97	26.91	19.02	0.00
1	5	0.51	12.51	16.39	11.78	0.00
2	2	0.00	0.72	24.19	20.58	0.81
2	6	0.01	0.33	25.49	24.72	0.00
3	3	0.05	0.20	25.89	41.20	0.00
3	7	0.01	0.26	25.47	28.50	0.00
Core	CPU	C1%	C3%	C6%	C8%	C9%
-	-	0.20	3.57	22.75	20.44	0.03
0	0	0.01	2.48	27.23	22.43	0.00
0	4	0.00	0.12	22.35	17.27	0.00
1	1	0.22	5.17	24.30	20.60	0.00
1	5	1.37	20.01	12.40	6.25	0.00
2	2	0.00	0.19	23.81	20.68	0.00
2	6	0.00	0.20	23.61	25.10	0.24
3	3	0.00	0.19	24.26	24.47	0.00
3	7	0.00	0.25	24.08	26.73	0.00
Core	CPU	C1%	C3%	C6%	C8%	C9%
-	-	0.33	3.46	16.53	15.45	0.01
0	0	0.00	0.25	22.49	19.00	0.00
0	4	0.00	0.14	16.28	12.75	0.00
1	1	0.97	7.59	12.59	11.32	0.00
1	5	1.64	19.07	9.94	6.30	0.00
2	2	0.00	0.13	17.25	22.50	0.00
2	6	0.00	0.16	17.14	17.94	0.08
3	3	0.00	0.18	18.58	18.73	0.00
3	7	0.00	0.20	17.97	15.04	0.00
Core	CPU	C1%	C3%	C6%	C8%	C9%
-	-	0.35	3.64	22.30	20.35	0.00
0	0	0.01	1.69	31.71	24.45	0.00
0	4	0.00	0.14	20.92	23.62	0.00
1	1	0.41	6.16	20.09	15.10	0.00
1	5	2.18	18.83	11.05	7.37	0.00
2	2	0.00	0.17	21.83	18.51	0.00
2	6	0.01	0.45	21.81	24.23	0.00
3	3	0.10	0.22	24.41	25.27	0.00
3	7	0.05	1.48	26.54	24.21	0.00
Core	CPU	C1%	C3%	C6%	C8%	C9%
-	-	0.12	3.79	22.41	21.98	0.12
0	0	0.01	4.63	29.14	12.29	0.00
0	4	0.01	5.64	21.21	15.67	0.00
1	1	0.27	6.00	18.86	18.87	0.00
1	5	0.15	2.38	23.04	36.43	0.00
2	2	0.34	5.83	19.57	18.52	0.88
2	6	0.06	5.35	18.49	27.24	0.06
3	3	0.10	0.25	25.28	21.15	0.00
3	7	0.00	0.22	23.71	25.70	0.00
Core	CPU	C1%	C3%	C6%	C8%	C9%
-	-	0.13	3.39	21.75	22.26	0.00
0	0	0.01	2.13	27.98	8.43	0.01
0	4	0.00	0.17	19.88	26.40	0.00
1	1	0.44	12.26	15.59	12.73	0.00
1	5	0.46	9.66	19.89	15.00	0.00
2	2	0.09	1.41	25.20	36.81	0.00
2	6	0.00	0.15	22.41	30.73	0.00
3	3	0.00	0.09	20.77	24.08	0.00
3	7	0.00	1.26	22.25	23.90	0.00
Core	CPU	C1%	C3%	C6%	C8%	C9%
-	-	0.14	3.52	22.48	23.02	0.15
0	0	0.00	1.69	31.76	16.17	0.00
0	4	0.00	0.25	21.88	27.51	0.00
1	1	0.42	9.48	17.45	12.47	0.48
1	5	0.70	15.69	16.03	9.39	0.00
2	2	0.00	0.30	23.29	38.18	0.00
2	6	0.00	0.25	22.57	28.37	0.00
3	3	0.00	0.24	24.15	25.70	0.74
3	7	0.00	0.28	22.72	26.34	0.00
Core	CPU	C1%	C3%	C6%	C8%	C9%
-	-	0.03	2.94	14.88	15.46	0.00
0	0	0.01	15.98	11.55	2.10	0.00
0	4	0.00	0.14	16.74	11.30	0.00
1	1	0.01	0.16	17.29	23.64	0.00
1	5	0.21	6.42	11.22	16.00	0.00
2	2	0.00	0.07	16.39	16.56	0.00
2	6	0.00	0.54	14.27	14.57	0.00
3	3	0.00	0.13	14.66	19.40	0.00
3	7	0.00	0.11	16.88	20.11	0.00
Core	CPU	C1%	C3%	C6%	C8%	C9%
-	-	0.10	4.19	20.65	20.57	0.06
0	0	0.01	1.41	28.14	16.32	0.01
0	4	0.01	5.18	18.96	13.38	0.00
1	1	0.33	9.14	18.48	12.65	0.00
1	5	0.41	11.07	17.90	14.79	0.00
2	2	0.00	0.27	21.72	23.56	0.00
2	6	0.00	1.90	20.15	32.86	0.17
3	3	0.02	2.22	18.99	32.12	0.00
3	7	0.00	2.34	20.94	18.91	0.33
Core	CPU	C1%	C3%	C6%	C8%	C9%
-	-	0.20	3.67	21.10	21.24	0.01
0	0	0.01	0.32	31.34	9.45	0.00
0	4	0.00	0.11	23.66	23.43	0.00
1	1	0.00	0.14	21.44	26.45	0.00
1	5	0.40	8.94	14.45	17.52	0.05
2	2	0.52	11.27	16.72	22.10	0.00
2	6	0.65	8.13	16.32	17.26	0.00
3	3	0.00	0.29	24.02	28.46	0.00
3	7	0.00	0.13	20.80	25.20	0.00
Core	CPU	C1%	C3%	C6%	C8%	C9%
-	-	0.20	3.41	20.67	20.36	0.12
0	0	0.01	0.40	28.88	13.07	0.00
0	4	0.00	0.13	21.47	18.34	0.00
1	1	0.98	16.81	9.85	6.34	0.04
1	5	0.30	4.28	22.79	31.85	0.00
2	2	0.20	3.28	16.45	18.27	0.00
2	6	0.11	2.08	20.51	23.96	0.21
3	3	0.01	0.16	23.85	24.12	0.68
3	7	0.00	0.15	21.76	27.08	0.00
Core	CPU	C1%	C3%	C6%	C8%	C9%
-	-	0.06	3.93	21.82	23.45	0.02
0	0	0.02	15.11	22.22	4.43	0.03
0	4	0.00	4.30	22.53	15.35	0.00
1	1	0.15	3.44	21.97	37.68	0.00
1	5	0.00	0.29	23.86	26.21	0.00
2	2	0.28	6.25	16.67	19.59	0.12
2	6	0.00	0.38	23.47	23.18	0.00
3	3	0.00	0.32	21.45	25.57	0.00
3	7	0.00	1.29	22.19	35.52	0.00
Core	CPU	C1%	C3%	C6%	C8%	C9%
-	-	0.03	2.93	16.02	17.45	0.00
0	0	0.01	18.51	10.93	2.27	0.00
0	4	0.00	0.08	18.04	25.26	0.00
1	1	0.00	0.12	16.82	22.79	0.00
1	5	0.00	0.07	16.81	17.01	0.00
2	2	0.15	2.86	16.59	16.12	0.00
2	6	0.11	1.52	15.33	17.09	0.00
3	3	0.00	0.11	16.24	18.22	0.00
3	7	0.00	0.17	17.42	20.86	0.00
Core	CPU	C1%	C3%	C6%	C8%	C9%
-	-	0.08	3.31	22.12	22.36	0.04
0	0	0.01	2.53	30.92	18.03	0.14
0	4	0.00	4.68	17.97	23.15	0.00
1	1	0.00	0.21	20.76	22.87	0.00
1	5	0.00	0.23	22.42	26.40	0.00
2	2	0.25	1.26	22.07	20.48	0.00
2	6	0.05	2.68	21.10	30.90	0.05
3	3	0.26	13.09	15.49	17.60	0.00
3	7	0.05	1.83	26.22	19.48	0.11
Core	CPU	C1%	C3%	C6%	C8%	C9%
-	-	0.16	3.60	21.72	21.56	0.08
0	0	0.00	0.37	29.42	15.38	0.05
0	4	0.00	0.23	22.32	26.87	0.00
1	1	0.00	1.00	21.37	21.28	0.00
1	5	0.00	0.22	23.17	21.96	0.00
2	2	0.51	12.74	17.96	14.66	0.45
2	6	0.52	9.87	18.60	15.63	0.10
3	3	0.27	4.31	18.81	32.28	0.00
3	7	0.00	0.09	22.11	24.43	0.00
Core	CPU	C1%	C3%	C6%	C8%	C9%
-	-	0.14	3.56	22.31	23.97	0.01
0	0	0.02	10.13	23.05	7.06	0.00
0	4	0.08	5.97	19.26	20.74	0.00
1	1	0.00	0.18	25.00	26.31	0.00
1	5	0.00	0.23	24.40	26.36	0.00
2	2	0.00	0.70	22.36	26.57	0.00
2	6	0.20	9.34	15.63	20.89	0.06
3	3	0.82	1.63	23.65	26.70	0.00
3	7	0.00	0.39	25.47	37.42	0.00
Core	CPU	C1%	C3%	C6%	C8%	C9%
-	-	0.12	3.50	22.53	19.81	0.08
0	0	0.01	1.55	28.35	11.21	0.14
0	4	0.00	3.56	23.42	20.59	0.00
1	1	0.28	9.13	20.61	22.56	0.46
1	5	0.56	9.61	17.60	12.35	0.00
2	2	0.04	1.36	24.09	18.51	0.00
2	6	0.04	1.27	21.21	18.05	0.00
3	3	0.00	0.13	23.67	28.85	0.00
3	7	0.00	1.34	20.95	26.16	0.00
Core	CPU	C1%	C3%	C6%	C8%	C9%
-	-	0.14	2.58	16.78	17.90	0.00
0	0	0.19	0.28	23.36	10.09	0.00
0	4	0.00	0.16	17.54	18.27	0.00
1	1	0.11	1.45	18.54	28.28	0.00
1	5	0.19	4.65	14.26	9.28	0.00
2	2	0.55	13.51	7.68	10.25	0.00
2	6	0.00	0.17	18.49	25.14	0.00
3	3	0.00	0.26	17.96	20.69	0.00
3	7	0.12	0.19	16.43	21.21	0.02
Core	CPU	C1%	C3%	C6%	C8%	C9%
-	-	0.13	3.77	21.89	19.51	0.00
0	0	0.00	0.99	30.93	5.12	0.03
0	4	0.00	0.28	21.38	23.35	0.00
1	1	0.34	9.79	16.72	27.98	0.00
1	5	0.01	0.24	24.08	18.67	0.00
2	2	0.41	9.39	16.19	15.67	0.00
2	6	0.08	2.36	21.28	16.71	0.00
3	3	0.23	6.30	22.37	19.48	0.00
3	7	0.00	0.81	22.15	29.14	0.00
Core	CPU	C1%	C3%	C6%	C8%	C9%
-	-	0.12	3.90	22.22	20.43	0.00
0	0	0.10	6.18	29.11	16.27	0.00
0	4	0.00	0.36	24.78	30.90	0.00
1	1	0.12	7.01	18.35	14.54	0.00
1	5	0.07	3.26	20.45	17.04	0.00
2	2	0.55	12.16	17.36	13.69	0.00
2	6	0.09	1.49	22.28	22.35	0.00
3	3	0.00	0.28	21.61	20.01	0.00
3	7	0.00	0.42	23.78	28.60	0.00
Core	CPU	C1%	C3%	C6%	C8%	C9%
-	-	0.16	3.49	23.37	21.86	0.01
0	0	0.01	0.27	35.25	25.04	0.02
0	4	0.00	0.47	23.79	35.65	0.00
1	1	0.18	3.29	22.26	22.29	0.00
1	5	0.00	0.13	20.23	18.45	0.00
2	2	0.70	15.18	16.73	11.22	0.00
2	6	0.38	8.24	21.80	13.61	0.06
3	3	0.00	0.24	23.95	26.70	0.00
3	7	0.00	0.13	22.92	21.89	0.00
Core	CPU	C1%	C3%	C6%	C8%	C9%
-	-	0.16	3.61	22.09	21.75	0.06
0	0	0.01	0.51	30.41	23.06	0.02
0	4	0.00	0.29	21.97	22.51	0.00
1	1	0.84	14.04	15.97	8.65	0.14
1	5	0.40	12.15	19.22	15.97	0.34
2	2	0.04	1.22	21.06	35.88	0.00
2	6	0.00	0.23	22.39	23.91	0.00
3	3	0.00	0.25	22.81	23.95	0.00
3	7	0.00	0.24	22.92	20.06	0.00
Core	CPU	C1%	C3%	C6%	C8%	C9%
-	-	0.10	2.87	16.66	15.99	0.25
0	0	0.01	8.08	18.14	3.88	0.61
0	4	0.36	6.65	14.11	10.22	1.42
1	1	0.34	5.38	16.05	14.94	0.00
1	5	0.07	2.04	15.76	15.60	0.00
2	2	0.00	0.22	16.67	20.42	0.00
2	6	0.00	0.24	17.79	19.61	0.00
3	3	0.00	0.23	16.83	23.78	0.00
3	7	0.00	0.15	17.94	19.48	0.00
Core	CPU	C1%	C3%	C6%	C8%	C9%
-	-	0.09	3.42	22.49	22.17	0.25
0	0	0.01	3.74	26.52	8.55	0.00
0	4	0.00	2.39	21.23	19.70	0.00
1	1	0.21	2.59	24.43	26.25	1.19
1	5	0.50	17.39	10.87	5.67	0.00
2	2	0.00	0.30	22.58	36.22	0.75
2	6	0.00	0.30	24.37	27.52	0.06
3	3	0.00	0.33	25.87	28.24	0.00
3	7	0.01	0.33	24.19	25.24	0.00
Core	CPU	C1%	C3%	C6%	C8%	C9%
-	-	0.18	3.49	20.30	21.19	0.29
0	0	0.00	0.39	29.68	11.18	1.37
0	4	0.00	0.21	21.10	17.83	0.00
1	1	0.97	16.87	11.19	4.45	0.93
1	5	0.02	0.18	24.32	30.44	0.00
2	2	0.35	7.70	15.44	22.30	0.00
2	6	0.11	2.09	20.81	26.69	0.00
3	3	0.00	0.24	20.93	30.98	0.00
3	7	0.00	0.19	18.76	25.56	0.00
Core	CPU	C1%	C3%	C6%	C8%	C9%
-	-	0.09	3.64	23.08	22.62	0.01
0	0	0.02	14.78	20.95	6.15	0.00
0	4	0.01	0.08	23.58	29.05	0.00
1	1	0.11	2.09	21.05	30.41	0.00
1	5	0.01	0.10	24.11	25.38	0.00
2	2	0.17	3.55	23.28	17.69	0.00
2	6	0.43	7.25	22.16	17.67	0.00
3	3	0.01	0.17	26.19	28.03	0.00
3	7	0.00	1.12	23.49	26.65	0.10
Core	CPU	C1%	C3%	C6%	C8%	C9%
-	-	0.07	3.78	21.53	22.75	0.07
0	0	0.01	9.25	24.83	8.33	0.00
0	4	0.00	0.13	22.46	24.85	0.00
1	1	0.10	2.98	22.25	16.38	0.00
1	5	0.39	16.01	13.95	12.44	0.40
2	2	0.01	0.23	22.58	23.18	0.00
2	6	0.00	0.21	23.27	56.23	0.05
3	3	0.00	0.19	20.46	18.69	0.00
3	7	0.00	1.28	22.41	21.93	0.10
Core	CPU	C1%	C3%	C6%	C8%	C9%
-	-	0.13	3.04	15.91	15.61	0.09
0	0	0.00	0.21	21.27	8.75	0.00
0	4	0.00	0.16	17.25	14.60	0.00
1	1	1.02	23.19	3.57	0.29	0.68
1	5	0.00	0.10	19.25	25.00	0.00
2	2	0.00	0.19	18.90	26.76	0.00
2	6	0.00	0.18	16.58	18.43	0.00
3	3	0.00	0.13	15.67	18.62	0.00
3	7	0.00	0.19	14.65	12.33	0.00
Core	CPU	C1%	C3%	C6%	C8%	C9%
-	-	0.12	4.08	21.35	22.84	0.01
0	0	0.11	10.16	24.04	9.18	0.00
0	4	0.09	6.13	22.54	21.86	0.00
1	1	0.40	5.22	16.70	17.71	0.00
1	5	0.09	1.29	22.36	21.72	0.00
2	2	0.09	1.17	21.35	27.45	0.00
2	6	0.20	6.95	17.63	27.23	0.11
3	3	0.00	0.23	22.19	30.98	0.00
3	7	0.01	1.54	23.99	26.58	0.00
Core	CPU	C1%	C3%	C6%	C8%	C9%
-	-	0.12	3.83	23.77	21.56	0.15
0	0	0.02	8.38	29.01	12.85	0.01
0	4	0.01	3.73	22.45	17.92	0.00
1	1	0.28	5.58	21.11	17.63	1.19
1	5	0.18	5.10	21.02	17.52	0.00
2	2	0.28	0.26	22.89	23.44	0.00
2	6	0.00	0.30	25.13	42.05	0.00
3	3	0.16	6.69	21.17	19.77	0.00
3	7	0.00	0.63	27.35	21.26	0.00
Core	CPU	C1%	C3%	C6%	C8%	C9%
-	-	0.18	3.37	22.04	20.62	0.01
0	0	0.16	0.47	29.83	17.01	0.03
0	4	0.10	0.27	21.95	23.03	0.00
1	1	0.11	1.56	24.01	27.62	0.00
1	5	0.87	23.78	6.39	5.81	0.00
2	2	0.00	0.20	25.00	26.23	0.00
2	6	0.14	0.19	24.13	20.04	0.06
3	3	0.00	0.19	21.20	23.28	0.00
3	7	0.07	0.35	23.90	22.04	0.00
Core	CPU	C1%	C3%	C6%	C8%	C9%
-	-	0.07	3.60	21.79	21.36	0.08
0	0	0.01	15.74	15.17	8.96	0.63
0	4	0.00	0.23	26.06	25.16	0.00
1	1	0.00	0.18	24.08	25.67	0.00
1	5	0.53	10.41	15.83	16.86	0.00
2	2	0.00	0.24	22.88	26.08	0.00
2	6	0.00	0.27	22.86	21.24	0.00
3	3	0.00	0.22	23.15	22.06	0.00
3	7	0.00	1.48	24.23	24.73	0.00
Core	CPU	C1%	C3%	C6%	C8%	C9%
-	-	0.07	2.22	26.12	23.06	0.01
0	0	0.02	13.39	16.69	4.73	0.00
0	4	0.00	0.44	28.61	19.21	0.00
1	1	0.28	1.98	25.73	29.04	0.00
1	5	0.09	0.40	27.24	18.33	0.00
2	2	0.00	0.32	25.96	31.47	0.00
2	6	0.01	0.40	29.16	24.89	0.10
3	3	0.00	0.33	28.61	32.17	0.00
3	7	0.13	0.51	26.95	24.61	0.00
Core	CPU	C1%	C3%	C6%	C8%	C9%
-	-	0.12	3.16	21.95	21.47	0.13
0	0	0.01	0.56	32.02	11.38	0.00
0	4	0.00	0.09	21.89	21.90	0.88
1	1	0.19	1.88	22.41	31.52	0.00
1	5	0.77	22.19	10.05	3.82	0.00
2	2	0.00	0.08	21.89	22.52	0.00
2	6	0.00	0.10	21.22	19.96	0.00
3	3	0.00	0.11	20.65	21.59	0.18
3	7	0.00	0.28	25.46	39.05	0.00
Core	CPU	C1%	C3%	C6%	C8%	C9%
-	-	0.05	3.99	21.17	23.55	0.00
0	0	0.01	20.38	18.51	5.47	0.00
0	4	0.00	3.33	24.84	19.23	0.00
1	1	0.04	0.33	22.78	32.30	0.00
1	5	0.29	6.83	17.64	22.64	0.00
2	2	0.00	0.24	23.80	39.06	0.00
2	6	0.00	0.22	20.97	23.22	0.00
3	3	0.00	0.30	19.11	21.89	0.00
3	7	0.09	0.32	21.91	24.73	0.00
Core	CPU	C1%	C3%	C6%	C8%	C9%
-	-	0.12	3.30	22.80	21.41	0.02
0	0	0.01	0.62	33.08	18.03	0.03
0	4	0.17	2.86	21.63	17.86	0.00
1	1	0.00	0.16	24.57	30.93	0.00
1	5	0.03	0.16	20.72	33.84	0.00
2	2	0.04	1.48	23.45	19.82	0.10
2	6	0.30	8.78	17.78	17.75	0.00
3	3	0.37	11.94	15.45	12.58	0.00
3	7	0.04	0.35	25.53	20.30	0.00
Core	CPU	C1%	C3%	C6%	C8%	C9%
-	-	0.05	3.51	22.30	22.33	0.00
0	0	0.01	16.25	19.36	6.03	0.00
0	4	0.00	0.11	26.61	20.23	0.00
1	1	0.13	0.12	22.79	32.33	0.00
1	5	0.00	0.12	22.96	26.26	0.00
2	2	0.00	0.91	21.96	21.19	0.00
2	6	0.00	0.09	20.70	34.79	0.00
3	3	0.27	10.13	17.34	9.54	0.00
3	7	0.01	0.33	26.64	28.26	0.04
Core	CPU	C1%	C3%	C6%	C8%	C9%
-	-	0.07	2.89	15.77	16.68	0.05
0	0	0.01	1.52	22.07	11.73	0.00
0	4	0.01	7.64	14.68	10.32	0.00
1	1	0.00	0.26	18.05	23.80	0.00
1	5	0.46	11.41	9.95	6.66	0.00
2	2	0.04	1.78	14.66	24.30	0.00
2	6	0.00	0.24	16.21	17.83	0.36
3	3	0.00	0.12	15.50	18.28	0.00
3	7	0.00	0.16	15.05	20.52	0.00
Core	CPU	C1%	C3%	C6%	C8%	C9%
-	-	0.13	3.77	21.59	21.44	0.01
0	0	0.01	3.59	31.52	15.25	0.00
0	4	0.10	8.55	18.27	24.76	0.00
1	1	0.00	0.14	23.20	22.58	0.00
1	5	0.00	0.12	22.71	21.55	0.00
2	2	0.30	3.06	19.60	24.50	0.00
2	6	0.08	2.69	20.40	23.83	0.06
3	3	0.57	10.49	16.69	15.16	0.00
3	7	0.00	1.52	20.33	23.87	0.00
Core	CPU	C1%	C3%	C6%	C8%	C9%
-	-	0.03	3.77	23.22	23.44	0.13
0	0	0.02	7.56	30.85	10.17	0.00
0	4	0.16	20.34	14.25	4.46	0.00
1	1	0.03	0.25	23.95	43.01	0.00
1	5	0.00	0.18	24.46	25.97	0.00
2	2	0.00	0.24	23.72	25.36	1.07
2	6	0.00	0.14	21.70	30.01	0.00
3	3	0.00	0.18	21.40	20.74	0.00
3	7	0.00	1.26	25.40	27.80	0.00
Core	CPU	C1%	C3%	C6%	C8%	C9%
-	-	0.10	3.48	22.87	23.53	0.08
0	0	0.00	5.38	31.02	17.23	0.00
0	4	0.01	2.41	25.93	24.05	0.00
1	1	0.00	0.17	21.84	30.57	0.00
1	5	0.00	0.19	24.71	34.56	0.00
2	2	0.09	2.77	23.30	21.82	0.00
2	6	0.69	16.44	12.29	8.79	0.63
3	3	0.00	0.20	21.53	25.81	0.00
3	7	0.01	0.30	22.38	25.40	0.00
Core	CPU	C1%	C3%	C6%	C8%	C9%
-	-	0.08	3.72	20.70	22.85	0.17
0	0	0.01	18.76	15.94	4.62	0.00
0	4	0.00	0.18	23.75	26.89	0.00
1	1	0.10	0.20	22.65	26.06	0.00
1	5	0.10	0.20	23.51	22.40	1.38
2	2	0.00	0.43	21.29	29.63	0.00
2	6	0.44	9.60	14.28	15.68	0.00
3	3	0.00	0.20	22.60	22.75	0.00
3	7	0.00	0.20	21.59	34.79	0.00
Core	CPU	C1%	C3%	C6%	C8%	C9%
-	-	0.01	3.11	14.96	18.17	0.00
0	0	0.11	24.28	5.23	0.00	0.00
0	4	0.00	0.08	17.04	28.50	0.00
1	1	0.00	0.09	16.57	20.02	0.00
1	5	0.00	0.12	15.72	17.24	0.00
2	2	0.00	0.08	17.07	25.19	0.00
2	6	0.00	0.09	16.07	15.66	0.00
3	3	0.00	0.09	15.12	17.00	0.00
3	7	0.00	0.09	16.88	21.80	0.00
Core	CPU	C1%	C3%	C6%	C8%	C9%
-	-	0.07	3.86	22.39	22.56	0.01
0	0	0.01	7.02	26.14	16.30	0.02
0	4	0.01	5.58	20.86	18.27	0.00
1	1	0.00	0.28	22.35	37.78	0.00
1	5	0.00	0.28	21.63	20.76	0.00
2	2	0.29	8.28	20.58	22.18	0.00
2	6	0.00	2.08	21.79	21.96	0.00
3	3	0.26	7.03	20.58	14.70	0.08
3	7	0.00	0.32	25.19	28.52	0.00
Core	CPU	C1%	C3%	C6%	C8%	C9%
-	-	0.03	3.03	19.03	19.22	0.18
0	0	0.00	11.78	21.10	3.67	0.00
0	4	0.25	11.23	15.35	10.08	0.00
1	1	0.00	0.22	18.71	17.77	0.00
1	5	0.00	0.18	18.19	28.15	0.00
2	2	0.00	0.14	18.04	22.73	0.00
2	6	0.00	0.16	20.40	21.80	0.00
3	3	0.00	0.36	20.57	29.62	0.00
3	7	0.00	0.19	19.86	19.96	1.46
Core	CPU	C1%	C3%	C6%	C8%	C9%
-	-	0.44	3.44	22.98	21.78	0.00
0	0	0.01	1.37	32.94	11.80	0.02
0	4	0.01	1.23	23.56	42.26	0.00
1	1	0.00	0.21	22.87	29.33	0.00
1	5	0.00	0.15	21.44	18.03	0.00
2	2	1.21	7.51	22.68	11.11	0.00
2	6	2.30	16.66	13.89	7.64	0.00
3	3	0.01	0.13	22.46	26.80	0.00
3	7	0.00	0.24	23.98	27.24	0.00
Core	CPU	C1%	C3%	C6%	C8%	C9%
-	-	0.40	3.81	22.50	21.37	0.00
0	0	0.66	11.04	23.57	11.05	0.00
0	4	0.19	0.28	22.43	19.77	0.00
1	1	0.01	0.82	22.62	31.02	0.00
1	5	0.00	0.23	23.79	19.95	0.00
2	2	1.17	8.26	21.23	27.22	0.01
2	6	1.13	7.98	18.49	17.36	0.00
3	3	0.00	0.29	24.81	24.78	0.00
3	7	0.00	1.56	23.04	19.84	0.00
Core	CPU	C1%	C3%	C6%	C8%	C9%
-	-	0.04	2.28	25.42	22.61	0.00
0	0	0.01	2.34	31.43	10.64	0.00
0	4	0.10	12.87	17.59	6.19	0.00
1	1	0.11	0.42	25.74	32.81	0.00
1	5	0.00	0.25	27.13	24.52	0.00
2	2	0.00	0.27	26.06	34.86	0.00
2	6	0.11	1.61	24.53	24.07	0.00
3	3	0.00	0.21	24.51	24.71	0.00
3	7	0.00	0.27	26.73	23.37	0.00
Core	CPU	C1%	C3%	C6%	C8%	C9%
-	-	0.06	3.55	21.90	23.40	0.00
0	0	0.03	16.69	19.35	17.27	0.00
0	4	0.00	0.21	25.78	24.70	0.00
1	1	0.01	0.10	23.67	26.65	0.00
1	5	0.00	0.10	21.30	19.39	0.00
2	2	0.40	6.97	18.57	18.80	0.00
2	6	0.02	3.24	21.55	19.57	0.00
3	3	0.00	0.90	22.49	37.86	0.00
3	7	0.00	0.16	22.22	22.68	0.00
Core	CPU	C1%	C3%	C6%	C8%	C9%
-	-	0.13	3.52	21.13	20.40	0.22
0	0	0.02	1.81	28.49	10.62	0.00
0	4	0.13	3.40	18.34	20.27	0.00
1	1	0.00	0.19	21.75	21.18	0.00
1	5	0.00	0.22	20.65	19.34	0.00
2	2	0.12	0.15	17.60	25.82	0.00
2	6	0.00	0.12	23.69	39.30	0.11
3	3	0.76	21.91	10.95	3.16	0.51
3	7	0.01	0.41	27.59	23.53	1.11
Core	CPU	C1%	C3%	C6%	C8%	C9%
-	-	0.17	3.56	23.33	21.07	0.13
0	0	0.00	1.91	31.04	12.95	1.00
0	4	0.00	0.86	25.67	18.17	0.00
1	1	0.00	1.11	22.76	21.26	0.00
1	5	0.03	0.31	22.94	19.61	0.00
2	2	0.20	4.69	24.93	17.14	0.00
2	6	0.89	14.57	14.58	13.87	0.00
3	3	0.17	3.48	22.22	36.43	0.00
3	7	0.07	1.59	22.50	29.10	0.00
Core	CPU	C1%	C3%	C6%	C8%	C9%
-	-	0.11	3.61	21.55	21.45	0.17
0	0	0.00	0.47	33.12	13.95	0.00
0	4	0.20	11.70	14.95	13.48	0.00
1	1	0.09	1.57	22.08	31.04	1.40
1	5	0.00	0.18	23.03	21.56	0.00
2	2	0.06	1.36	20.54	26.78	0.00
2	6	0.51	13.23	15.90	11.56	0.00
3	3	0.00	0.16	21.88	29.49	0.00
3	7	0.00	0.17	20.97	23.79	0.00
Core	CPU	C1%	C3%	C6%	C8%	C9%
-	-	0.06	2.67	15.34	15.68	0.10
0	0	0.01	5.85	16.82	6.72	0.00
0	4	0.00	0.17	17.72	14.82	0.00
1	1	0.00	1.36	13.38	15.17	0.00
1	5	0.00	0.20	15.68	16.00	0.00
2	2	0.00	0.16	17.35	23.87	0.00
2	6	0.03	1.26	13.64	22.38	0.00
3	3	0.45	12.17	7.67	3.52	0.78
3	7	0.00	0.16	20.40	22.95	0.00
Core	CPU	C1%	C3%	C6%	C8%	C9%
-	-	0.13	3.72	21.53	21.73	0.02
0	0	0.01	4.15	28.01	12.33	0.01
0	4	0.00	0.16	23.74	23.52	0.00
1	1	0.00	0.21	22.16	36.25	0.00
1	5	0.00	0.21	19.86	15.98	0.00
2	2	0.19	5.43	22.47	28.43	0.00
2	6	0.66	17.45	12.86	10.23	0.12
3	3	0.17	1.92	20.19	21.88	0.00
3	7	0.00	0.23	22.94	25.23	0.00
Core	CPU	C1%	C3%	C6%	C8%	C9%
-	-	0.08	3.57	22.64	21.34	0.09
0	0	0.01	9.88	27.27	9.07	0.00
0	4	0.04	10.34	19.37	14.50	0.00
1	1	0.00	0.37	23.11	21.02	0.00
1	5	0.00	0.16	23.30	17.21	0.00
2	2	0.23	2.67	21.72	30.16	0.68
2	6	0.33	3.58	20.65	28.79	0.00
3	3	0.00	0.15	21.42	27.99	0.00
3	7	0.04	1.38	24.32	22.01	0.00
Core	CPU	C1%	C3%	C6%	C8%	C9%
-	-	0.10	3.62	23.25	23.00	0.09
0	0	0.01	4.70	30.27	15.09	0.01
0	4	0.17	4.41	22.34	28.85	0.00
1	1	0.00	0.30	24.21	27.14	0.73
1	5	0.00	0.21	24.77	21.60	0.00
2	2	0.14	6.57	21.01	24.77	0.00
2	6	0.26	5.99	20.34	16.52	0.00
3	3	0.15	6.58	20.35	27.98	0.00
3	7	0.06	0.23	22.69	22.01	0.00
Core	CPU	C1%	C3%	C6%	C8%	C9%
-	-	0.03	3.75	21.17	22.69	0.00
0	0	0.02	5.04	26.53	22.50	0.01
0	4	0.02	14.74	16.20	10.34	0.00
1	1	0.19	8.10	18.54	17.87	0.00
1	5	0.00	0.19	21.62	23.57	0.00
2	2	0.00	0.29	24.26	30.07	0.00
2	6	0.00	0.20	22.42	31.31	0.00
3	3	0.00	0.15	19.47	26.89	0.00
3	7	0.00	1.29	20.31	18.95	0.00
Core	CPU	C1%	C3%	C6%	C8%	C9%
-	-	0.14	2.40	25.30	23.46	0.00
0	0	0.01	2.94	34.96	10.68	0.00
0	4	0.01	4.70	24.47	33.18	0.00
1	1	0.00	0.76	27.97	23.04	0.00
1	5	0.00	0.25	27.56	22.31	0.00
2	2	0.48	2.87	21.58	20.58	0.00
2	6	0.39	3.00	19.34	29.47	0.00
3	3	0.20	3.26	21.98	22.45	0.00
3	7	0.01	1.45	24.91	26.26	0.00
Core	CPU	C1%	C3%	C6%	C8%	C9%
-	-	0.15	3.46	21.90	22.28	0.15
0	0	0.01	2.64	29.56	20.28	0.00
0	4	0.00	0.21	22.19	32.16	0.00
1	1	0.00	0.19	21.56	22.39	0.00
1	5	0.00	0.25	23.09	27.43	0.00
2	2	0.91	21.65	11.33	2.59	0.08
2	6	0.25	2.25	22.41	18.47	0.00
3	3	0.00	0.19	23.26	25.19	1.11
3	7	0.00	0.29	21.83	29.75	0.00
Core	CPU	C1%	C3%	C6%	C8%	C9%
-	-	0.10	3.67	21.14	23.26	0.35
0	0	0.01	5.89	27.52	19.81	1.36
0	4	0.00	0.14	21.43	21.57	0.00
1	1	0.04	1.91	21.81	29.90	0.00
1	5	0.00	0.26	22.98	20.83	0.00
2	2	0.31	5.88	18.56	19.41	0.00
2	6	0.45	14.67	15.20	15.96	0.00
3	3	0.00	0.31	21.47	35.30	1.39
3	7	0.00	0.25	19.78	22.90	0.00
Core	CPU	C1%	C3%	C6%	C8%	C9%
-	-	0.09	3.32	22.53	22.95	0.15
0	0	0.01	4.86	30.40	14.69	1.23
0	4	0.00	5.26	19.09	21.97	0.00
1	1	0.22	3.24	20.58	20.63	0.00
1	5	0.00	0.24	22.91	23.33	0.00
2	2	0.38	11.03	16.54	15.34	0.00
2	6	0.10	0.35	23.98	22.50	0.00
3	3	0.00	0.16	22.56	28.91	0.00
3	7	0.00	1.43	24.21	36.22	0.00
Core	CPU	C1%	C3%	C6%	C8%	C9%
-	-	0.09	3.82	20.73	22.97	0.06
0	0	0.01	10.49	23.07	19.10	0.00
0	4	0.07	3.48	21.61	19.86	0.00
1	1	0.01	1.36	22.52	35.81	0.00
1	5	0.00	0.21	22.23	22.78	0.00
2	2	0.50	12.55	14.68	15.58	0.00
2	6	0.10	2.04	21.69	20.36	0.46
3	3	0.00	0.30	19.56	25.06	0.00
3	7	0.00	0.14	20.59	25.32	0.00
Core	CPU	C1%	C3%	C6%	C8%	C9%
-	-	0.13	2.24	26.26	22.67	0.10
0	0	0.01	1.80	35.09	20.71	0.00
0	4	0.01	1.32	22.55	18.37	0.00
1	1	0.01	0.19	26.74	33.70	0.00
1	5	0.00	0.13	25.58	20.74	0.00
2	2	0.48	3.94	20.78	18.65	0.00
2	6	0.52	9.63	23.15	15.58	0.07
3	3	0.00	0.35	28.48	27.71	0.74
3	7	0.00	0.54	27.58	25.82	0.00
Core	CPU	C1%	C3%	C6%	C8%	C9%
-	-	0.01	3.60	22.92	23.58	0.00
0	0	0.01	3.39	28.72	18.87	0.00
0	4	0.02	23.73	12.39	5.02	0.00
1	1	0.03	0.25	24.66	29.44	0.00
1	5	0.00	0.26	22.68	19.12	0.00
2	2	0.00	0.25	25.38	26.49	0.00
2	6	0.00	0.31	21.53	34.94	0.00
3	3	0.01	0.45	22.92	24.75	0.00
3	7	0.00	0.20	25.13	30.03	0.00
Core	CPU	C1%	C3%	C6%	C8%	C9%
-	-	0.05	3.84	22.76	19.71	0.19
0	0	0.00	0.42	33.55	13.24	0.00
0	4	0.28	28.73	6.31	0.00	0.00
1	1	0.00	0.24	24.68	21.86	0.00
1	5	0.10	0.21	22.94	20.02	0.00
2	2	0.00	0.20	23.50	24.96	0.00
2	6	0.00	0.22	23.17	26.43	0.13
3	3	0.00	0.37	23.91	24.05	1.39
3	7	0.00	0.35	24.01	27.10	0.00
Core	CPU	C1%	C3%	C6%	C8%	C9%
-	-	0.14	3.66	23.19	22.13	0.04
0	0	0.01	0.61	35.10	16.99	0.05
0	4	0.16	11.56	16.44	27.50	0.00
1	1	0.17	3.30	22.72	20.33	0.00
1	5	0.00	0.82	23.59	18.81	0.00
2	2	0.01	0.27	25.50	24.14	0.00
2	6	0.54	12.22	13.82	18.93	0.19
3	3	0.20	0.22	23.70	25.72	0.00
3	7	0.05	0.29	24.69	24.66	0.09
Core	CPU	C1%	C3%	C6%	C8%	C9%
-	-	0.02	3.70	22.61	23.18	0.17
0	0	0.02	22.67	13.73	2.57	0.00
0	4	0.01	1.20	27.32	30.80	0.00
1	1	0.00	0.10	24.68	21.02	0.00
1	5	0.00	0.11	21.88	35.17	0.00
2	2	0.15	5.16	22.77	24.67	1.39
2	6	0.00	0.09	23.24	23.07	0.00
3	3	0.00	0.21	24.57	19.51	0.00
3	7	0.00	0.08	22.72	28.64	0.00
Core	CPU	C1%	C3%	C6%	C8%	C9%
-	-	0.11	3.00	15.57	15.11	0.00
0	0	0.02	6.91	17.31	4.38	0.00
0	4	0.00	0.11	16.51	16.60	0.00
1	1	0.00	0.06	18.34	17.32	0.00
1	5	0.10	0.07	14.45	21.56	0.00
2	2	0.74	16.52	7.62	4.41	0.00
2	6	0.00	0.06	18.61	20.51	0.00
3	3	0.00	0.20	15.73	16.27	0.00
3	7	0.00	0.11	15.95	19.84	0.00
Core	CPU	C1%	C3%	C6%	C8%	C9%
-	-	0.14	3.60	21.09	20.01	0.17
0	0	0.01	6.23	26.50	12.99	1.37
0	4	0.00	0.23	23.08	19.47	0.00
1	1	0.00	0.09	21.05	19.39	0.00
1	5	0.00	0.12	18.80	20.87	0.00
2	2	0.91	18.49	11.87	7.38	0.00
2	6	0.18	3.35	21.81	25.68	0.00
3	3	0.00	0.19	23.93	25.72	0.00
3	7	0.00	0.15	21.65	28.58	0.00
Core	CPU	C1%	C3%	C6%	C8%	C9%
-	-	0.11	3.82	21.82	21.67	0.02
0	0	0.01	2.56	29.66	11.72	0.04
0	4	0.23	15.19	14.53	20.36	0.00
1	1	0.00	0.14	19.29	25.40	0.00
1	5	0.00	0.25	22.06	18.27	0.00
2	2	0.48	8.56	18.39	23.83	0.00
2	6	0.13	3.46	23.56	21.11	0.11
3	3	0.00	0.25	25.03	22.67	0.00
3	7	0.00	0.17	22.25	30.25	0.00
Core	CPU	C1%	C3%	C6%	C8%	C9%
-	-	0.03	3.67	23.44	21.39	0.01
0	0	0.00	6.96	30.31	18.27	0.00
0	4	0.02	13.53	16.49	12.60	0.00
1	1	0.00	0.24	25.01	27.83	0.00
1	5	0.00	0.26	22.46	26.35	0.00
2	2	0.00	0.16	24.93	23.45	0.00
2	6	0.00	0.20	26.04	25.33	0.00
3	3	0.21	5.43	19.60	18.58	0.08
3	7	0.01	2.53	22.37	18.48	0.00
Core	CPU	C1%	C3%	C6%	C8%	C9%
-	-	0.06	3.75	21.73	22.20	0.17
0	0	0.00	11.11	23.73	13.00	1.39
0	4	0.00	5.91	22.63	19.90	0.00
1	1	0.00	0.19	24.35	32.76	0.00
1	5	0.00	0.16	24.67	21.50	0.00
2	2	0.01	0.17	20.89	31.19	0.00
2	6	0.01	0.20	21.80	20.29	0.00
3	3	0.36	12.05	14.59	15.88	0.00
3	7	0.12	0.17	21.16	23.09	0.00
Core	CPU	C1%	C3%	C6%	C8%	C9%
-	-	0.11	2.41	25.19	24.74	0.01
0	0	0.02	1.82	32.19	19.39	0.00
0	4	0.00	1.00	24.46	20.26	0.00
1	1	0.00	0.59	25.38	28.59	0.00
1	5	0.00	0.26	26.16	24.72	0.00
2	2	0.73	5.27	17.45	16.03	0.00
2	6	0.07	7.12	25.30	29.64	0.06
3	3	0.05	2.48	24.95	28.89	0.00
3	7	0.00	0.78	25.63	30.42	0.00
Core	CPU	C1%	C3%	C6%	C8%	C9%
-	-	0.03	3.40	22.61	23.53	0.23
0	0	0.06	22.38	10.95	1.40	0.00
0	4	0.01	2.54	25.66	23.43	0.00
1	1	0.06	0.15	24.70	31.62	0.00
1	5	0.01	0.12	23.56	26.54	0.00
2	2	0.10	0.40	23.21	24.96	0.00
2	6	0.00	0.17	23.04	27.30	0.00
3	3	0.00	0.17	22.43	20.57	1.85
3	7	0.00	1.29	27.29	32.40	0.00
Core	CPU	C1%	C3%	C6%	C8%	C9%
-	-	0.11	3.61	21.27	20.39	0.01
0	0	0.01	2.66	27.94	17.90	0.02
0	4	0.10	6.39	17.32	24.03	0.00
1	1	0.11	2.39	21.65	16.53	0.00
1	5	0.16	2.87	18.78	16.01	0.00
2	2	0.01	0.17	24.65	22.25	0.00
2	6	0.00	0.22	20.86	20.09	0.00
3	3	0.46	12.73	13.95	10.10	0.00
3	7	0.01	1.44	24.99	36.22	0.02
Core	CPU	C1%	C3%	C6%	C8%	C9%
-	-	0.12	3.60	22.32	21.55	0.02
0	0	0.01	0.36	34.09	21.54	0.00
0	4	0.00	2.67	21.15	19.27	0.00
1	1	0.18	2.51	24.00	19.38	0.00
1	5	0.67	19.40	9.01	4.43	0.09
2	2	0.00	0.27	23.74	25.04	0.00
2	6	0.12	3.15	20.03	18.57	0.11
3	3	0.00	0.19	22.09	25.92	0.00
3	7	0.00	0.22	24.45	38.22	0.00
Core	CPU	C1%	C3%	C6%	C8%	C9%
-	-	0.09	3.89	22.04	21.08	0.00
0	0	0.01	0.49	33.07	24.48	0.00
0	4	0.15	12.52	15.69	10.43	0.00
1	1	0.59	17.19	11.82	11.18	0.00
1	5	0.00	0.15	25.43	23.36	0.00
2	2	0.00	0.22	24.82	20.45	0.00
2	6	0.00	0.10	23.02	33.98	0.02
3	3	0.00	0.21	21.28	22.11	0.00
3	7	0.00	0.25	21.22	22.64	0.00
Core	CPU	C1%	C3%	C6%	C8%	C9%
-	-	0.07	2.17	25.49	25.19	0.01
0	0	0.05	8.13	28.11	9.47	0.00
0	4	0.13	3.87	20.39	17.31	0.00
1	1	0.08	1.56	25.78	30.69	0.00
1	5	0.09	0.39	25.66	29.16	0.00
2	2	0.21	2.54	26.30	27.48	0.00
2	6	0.00	0.17	27.24	27.02	0.10
3	3	0.00	0.17	24.67	29.53	0.00
3	7	0.00	0.57	25.80	30.83	0.00
Core	CPU	C1%	C3%	C6%	C8%	C9%
-	-	0.10	3.33	22.34	23.05	0.00
0	0	0.17	10.14	20.62	3.65	0.00
0	4	0.00	0.12	23.92	27.30	0.00
1	1	0.51	11.53	16.08	17.72	0.00
1	5	0.00	0.17	25.40	24.29	0.00
2	2	0.04	2.34	24.17	28.41	0.00
2	6	0.00	0.22	22.85	25.67	0.00
3	3	0.12	2.01	22.51	29.39	0.00
3	7	0.01	0.11	23.37	28.27	0.00
Core	CPU	C1%	C3%	C6%	C8%	C9%
-	-	0.15	3.73	21.88	21.07	0.00
0	0	0.01	0.46	29.46	20.61	0.00
0	4	0.00	0.19	22.45	18.98	0.00
1	1	0.00	0.29	23.96	24.90	0.00
1	5	0.09	0.25	21.84	20.81	0.00
2	2	0.00	0.28	22.71	26.56	0.00
2	6	0.00	0.27	23.21	36.48	0.00
3	3	1.08	27.79	5.60	1.05	0.00
3	7	0.00	0.26	25.47	18.88	0.00
Core	CPU	C1%	C3%	C6%	C8%	C9%
-	-	0.15	3.59	22.64	20.58	0.00
0	0	0.01	0.44	29.45	6.86	0.00
0	4	0.00	1.00	25.17	18.62	0.00
1	1	0.14	1.95	24.17	29.39	0.00
1	5	1.08	23.26	9.25	1.57	0.00
2	2	0.00	1.42	24.56	36.44	0.00
2	6	0.00	0.38	24.74	18.97	0.00
3	3	0.00	0.10	21.35	28.40	0.00
3	7	0.00	0.22	22.68	24.54	0.00
Core	CPU	C1%	C3%	C6%	C8%	C9%
-	-	0.14	3.80	22.20	22.23	0.00
0	0	0.02	4.32	28.07	14.57	0.00
0	4	0.00	0.22	21.75	24.53	0.00
1	1	0.45	7.39	19.42	38.20	0.00
1	5	0.19	4.73	17.96	18.38	0.00
2	2	0.00	0.33	25.34	27.05	0.00
2	6	0.00	0.29	23.21	21.09	0.00
3	3	0.42	11.71	16.63	10.80	0.00
3	7	0.00	1.42	25.01	22.97	0.00
Core	CPU	C1%	C3%	C6%	C8%	C9%
-	-	0.13	2.45	25.15	23.61	0.06
0	0	0.01	1.95	31.22	23.57	0.00
0	4	0.00	0.34	28.54	33.20	0.00
1	1	0.13	1.85	24.40	19.15	0.00
1	5	0.85	14.09	11.81	6.89	0.00
2	2	0.00	0.34	28.51	27.64	0.00
2	6	0.00	0.33	26.13	19.77	0.10
3	3	0.00	0.25	24.54	30.88	0.00
3	7	0.04	0.48	26.02	27.74	0.39
Core	CPU	C1%	C3%	C6%	C8%	C9%
-	-	0.07	3.44	22.41	21.75	0.33
0	0	0.00	8.88	26.26	10.59	0.00
0	4	0.01	5.49	20.63	20.46	0.00
1	1	0.25	3.75	20.62	19.22	0.00
1	5	0.23	7.36	18.64	16.33	0.00
2	2	0.00	0.14	20.49	20.57	0.00
2	6	0.04	1.40	23.22	22.90	1.39
3	3	0.04	0.22	24.84	35.49	0.00
3	7	0.00	0.28	24.57	28.45	1.26
Core	CPU	C1%	C3%	C6%	C8%	C9%
-	-	0.16	3.51	22.87	21.25	0.01
0	0	0.09	3.54	31.72	9.37	0.00
0	4	0.02	6.91	17.65	15.46	0.00
1	1	0.28	3.36	24.39	25.21	0.00
1	5	0.15	3.93	21.44	18.01	0.00
2	2	0.06	1.30	24.26	33.41	0.00
2	6	0.56	8.42	14.78	13.83	0.06
3	3	0.10	0.31	26.07	35.04	0.00
3	7	0.00	0.29	22.65	19.64	0.00
Core	CPU	C1%	C3%	C6%	C8%	C9%
-	-	0.15	3.37	21.45	21.65	0.06
0	0	0.00	0.45	30.73	18.77	0.00
0	4	0.00	0.14	20.10	24.86	0.00
1	1	0.81	14.61	11.58	17.67	0.00
1	5	0.00	0.17	24.55	28.41	0.00
2	2	0.27	3.97	21.18	16.60	0.00
2	6	0.10	6.83	17.81	17.21	0.00
3	3	0.00	0.62	22.08	26.04	0.49
3	7	0.00	0.20	23.58	23.59	0.00
Core	CPU	C1%	C3%	C6%	C8%	C9%
-	-	0.10	3.80	22.87	20.48	0.04
0	0	0.02	8.83	25.95	6.25	0.00
0	4	0.00	2.50	21.90	22.87	0.00
1	1	0.33	6.61	20.38	15.17	0.00
1	5	0.19	3.43	23.94	28.74	0.00
2	2	0.10	3.32	21.54	22.58	0.00
2	6	0.01	1.28	23.26	19.49	0.00
3	3	0.14	3.04	21.97	26.55	0.33
3	7	0.00	1.42	24.04	22.16	0.00
Core	CPU	C1%	C3%	C6%	C8%	C9%
-	-	0.20	2.13	25.87	22.98	0.00
0	0	0.01	0.61	36.08	9.73	0.00
0	4	0.00	0.23	27.23	26.41	0.00
1	1	0.15	1.02	25.42	19.68	0.00
1	5	0.26	1.59	24.79	32.31	0.00
2	2	0.43	7.04	23.28	16.51	0.00
2	6	0.71	6.21	18.69	23.72	0.00
3	3	0.01	0.15	25.46	29.53	0.00
3	7	0.00	0.20	25.99	25.98	0.00
Core	CPU	C1%	C3%	C6%	C8%	C9%
-	-	0.17	3.43	21.68	21.27	0.00
0	0	0.01	0.35	28.23	19.76	0.00
0	4	0.00	0.12	17.95	30.99	0.00
1	1	0.85	13.98	14.38	8.94	0.00
1	5	0.27	7.02	21.08	21.87	0.00
2	2	0.23	5.38	19.33	17.75	0.00
2	6	0.00	0.16	24.66	21.77	0.00
3	3	0.00	0.18	23.51	21.92	0.00
3	7	0.01	0.21	24.38	27.19	0.00
Core	CPU	C1%	C3%	C6%	C8%	C9%
-	-	0.12	3.53	22.10	21.08	0.06
0	0	0.00	3.83	28.55	19.18	0.00
0	4	0.00	1.17	23.21	30.48	0.00
1	1	0.01	0.09	22.85	19.02	0.00
1	5	0.62	15.56	11.00	10.16	0.04
2	2	0.00	0.08	22.07	22.71	0.00
2	6	0.07	2.32	22.07	29.95	0.43
3	3	0.25	5.02	21.49	16.55	0.00
3	7	0.00	0.15	25.46	20.54	0.00
Core	CPU	C1%	C3%	C6%	C8%	C9%
-	-	0.15	3.39	21.46	21.58	0.01
0	0	0.02	3.28	24.80	14.25	0.05
0	4	0.00	0.22	24.21	30.87	0.00
1	1	0.04	1.26	21.45	21.64	0.00
1	5	0.21	0.34	20.69	22.44	0.00
2	2	0.20	5.50	20.59	25.17	0.00
2	6	0.69	16.02	13.08	11.83	0.06
3	3	0.00	0.24	22.99	24.25	0.00
3	7	0.01	0.27	23.88	22.21	0.00
Core	CPU	C1%	C3%	C6%	C8%	C9%
-	-	0.08	3.81	21.72	21.63	0.00
0	0	0.01	15.76	20.69	2.75	0.00
0	4	0.00	2.56	23.19	28.91	0.00
1	1	0.00	0.23	21.56	28.99	0.00
1	5	0.00	0.13	19.01	19.78	0.00
2	2	0.06	1.83	22.27	32.15	0.00
2	6	0.54	9.47	17.12	15.62	0.00
3	3	0.01	0.33	25.20	25.71	0.00
3	7	0.00	0.19	25.02	19.46	0.00
Core	CPU	C1%	C3%	C6%	C8%	C9%
-	-	0.17	3.04	14.44	15.44	0.12
0	0	0.38	0.27	20.91	16.63	0.02
0	4	0.00	0.06	15.44	16.29	0.00
1	1	0.00	0.13	13.14	18.99	0.00
1	5	0.00	0.09	14.05	13.50	0.00
2	2	0.00	0.15	17.35	24.28	0.00
2	6	0.95	23.33	2.52	0.00	0.95
3	3	0.00	0.17	16.62	17.82	0.00
3	7	0.00	0.08	15.29	15.71	0.00
Core	CPU	C1%	C3%	C6%	C8%	C9%
-	-	0.14	3.32	21.39	21.18	0.11
0	0	0.00	0.77	29.24	24.46	0.00
0	4	0.00	0.14	20.19	19.74	0.00
1	1	0.00	0.21	23.26	28.04	0.00
1	5	0.00	0.24	21.73	22.31	0.00
2	2	0.47	12.67	13.51	12.12	0.44
2	6	0.68	12.14	15.49	10.89	0.44
3	3	0.00	0.25	23.26	27.24	0.00
3	7	0.00	0.18	24.44	24.67	0.00
Core	CPU	C1%	C3%	C6%	C8%	C9%
-	-	0.06	3.69	21.07	21.79	0.13
0	0	0.08	16.11	18.41	8.27	0.00
0	4	0.01	3.41	20.90	21.68	0.00
1	1	0.18	4.35	20.38	23.24	0.00
1	5	0.01	0.82	21.71	20.55	0.00
2	2	0.00	0.25	21.78	38.06	0.00
2	6	0.01	0.20	20.01	18.26	0.00
3	3	0.07	3.11	20.31	24.30	1.07
3	7	0.10	1.25	25.05	19.93	0.00
Core	CPU	C1%	C3%	C6%	C8%	C9%
-	-	0.11	3.52	22.14	21.23	0.15
0	0	0.01	7.48	25.87	5.54	0.00
0	4	0.01	4.04	19.58	18.53	0.00
1	1	0.51	8.54	16.78	15.42	0.00
1	5	0.32	7.25	18.96	21.44	0.00
2	2	0.01	0.21	23.76	25.29	0.00
2	6	0.01	0.24	24.28	19.34	0.00
3	3	0.00	0.24	24.59	40.87	0.00
3	7	0.01	0.16	23.28	23.43	1.16
Core	CPU	C1%	C3%	C6%	C8%	C9%
-	-	0.10	3.97	22.52	20.02	0.00
0	0	0.14	4.97	27.69	18.26	0.00
0	4	0.09	9.38	20.91	13.72	0.00
1	1	0.27	10.39	16.76	22.02	0.00
1	5	0.18	4.62	21.10	26.80	0.00
2	2	0.00	0.26	21.68	16.72	0.00
2	6	0.00	0.25	23.21	20.99	0.00
3	3	0.00	0.43	22.42	22.08	0.00
3	7	0.12	1.46	26.40	19.53	0.00
Core	CPU	C1%	C3%	C6%	C8%	C9%
-	-	0.05	3.21	16.48	15.97	0.00
0	0	0.01	1.35	23.11	13.98	0.00
0	4	0.22	20.78	6.47	1.71	0.00
1	1	0.07	2.74	14.04	16.50	0.00
1	5	0.10	0.16	16.26	23.69	0.00
2	2	0.01	0.14	16.20	14.72	0.00
2	6	0.01	0.13	16.90	15.45	0.00
3	3	0.01	0.17	18.84	17.54	0.00
3	7	0.00	0.19	20.02	24.16	0.00
Core	CPU	C1%	C3%	C6%	C8%	C9%
-	-	0.11	3.19	20.23	18.36	0.11
0	0	0.01	5.87	23.85	8.20	0.21
0	4	0.00	0.09	22.98	14.59	0.00
1	1	0.60	12.55	11.75	9.24	0.00
1	5	0.24	5.12	20.16	28.88	0.00
2	2	0.00	0.23	21.11	18.56	0.00
2	6	0.00	0.17	20.53	26.70	0.06
3	3	0.00	0.19	20.38	17.55	0.61
3	7	0.00	1.26	21.05	23.15	0.00
Core	CPU	C1%	C3%	C6%	C8%	C9%
-	-	0.08	3.72	21.65	21.93	0.00
0	0	0.01	8.62	24.74	10.37	0.01
0	4	0.00	2.34	21.72	25.30	0.00
1	1	0.56	14.22	13.63	10.04	0.00
1	5	0.02	1.33	22.85	25.36	0.00
2	2	0.00	2.41	22.61	27.54	0.00
2	6	0.00	0.21	22.43	18.99	0.00
3	3	0.00	0.33	22.52	24.67	0.00
3	7	0.01	0.33	22.70	33.14	0.00
Core	CPU	C1%	C3%	C6%	C8%	C9%
-	-	0.15	3.36	21.59	20.98	0.19
0	0	0.01	0.32	30.74	15.93	1.40
0	4	0.01	0.07	19.84	31.57	0.00
1	1	0.03	1.21	24.62	20.22	0.00
1	5	1.10	24.67	6.27	4.04	0.00
2	2	0.00	0.14	23.06	24.40	0.14
2	6	0.00	0.16	22.58	22.17	0.00
3	3	0.01	0.14	23.32	27.34	0.00
3	7	0.01	0.18	22.30	22.14	0.00
Core	CPU	C1%	C3%	C6%	C8%	C9%
-	-	0.05	3.92	23.14	20.87	0.16
0	0	0.02	12.80	24.31	8.93	0.00
0	4	0.04	5.25	22.65	23.20	0.00
1	1	0.00	0.33	23.71	30.57	0.00
1	5	0.00	0.43	21.52	20.43	0.00
2	2	0.03	1.46	24.67	17.34	0.00
2	6	0.08	3.01	23.39	27.49	0.54
3	3	0.25	6.86	20.62	18.06	0.73
3	7	0.00	1.24	24.25	20.96	0.00
Core	CPU	C1%	C3%	C6%	C8%	C9%
-	-	0.11	3.15	17.39	16.37	0.13
0	0	0.00	0.41	26.22	5.85	0.00
0	4	0.00	0.26	16.46	25.59	0.00
1	1	0.08	2.86	15.14	15.89	0.00
1	5	0.40	11.06	10.71	11.45	0.00
2	2	0.10	3.20	16.88	13.23	0.00
2	6	0.00	0.29	20.93	14.59	1.03
3	3	0.26	6.88	14.48	21.63	0.00
3	7	0.00	0.21	18.43	22.83	0.00
Core	CPU	C1%	C3%	C6%	C8%	C9%
-	-	0.10	3.44	21.14	19.40	0.59
0	0	0.09	11.00	20.71	15.23	3.25
0	4	0.01	2.60	22.81	23.64	0.00
1	1	0.60	12.48	14.72	9.96	0.00
1	5	0.01	0.31	22.66	16.07	0.00
2	2	0.12	0.22	21.19	22.41	1.39
2	6	0.00	0.35	23.47	23.79	0.06
3	3	0.00	0.28	20.66	21.62	0.00
3	7	0.01	0.21	22.72	22.31	0.00
Core	CPU	C1%	C3%	C6%	C8%	C9%
-	-	0.25	3.62	21.64	21.68	0.01
0	0	0.00	0.45	29.09	32.41	0.01
0	4	0.00	0.06	21.66	28.20	0.00
1	1	0.00	0.09	17.18	23.33	0.00
1	5	0.00	0.17	21.29	25.72	0.00
2	2	1.53	19.04	14.31	8.02	0.03
2	6	0.49	8.56	21.34	13.27	0.00
3	3	0.00	0.28	23.27	20.36	0.00
3	7	0.00	0.29	24.94	22.13	0.00
Core	CPU	C1%	C3%	C6%	C8%	C9%
-	-	0.08	3.44	22.10	22.67	0.00
0	0	0.01	4.53	29.70	18.00	0.00
0	4	0.00	6.59	18.86	19.78	0.00
1	1	0.00	0.04	21.65	27.30	0.00
1	5	0.00	0.11	20.17	26.89	0.00
2	2	0.18	4.31	20.06	23.97	0.00
2	6	0.00	0.31	24.73	28.91	0.00
3	3	0.40	11.30	15.73	17.31	0.00
3	7	0.08	0.31	25.89	19.16	0.00
Core	CPU	C1%	C3%	C6%	C8%	C9%
-	-	0.06	3.80	22.39	23.03	0.00
0	0	0.01	13.47	21.38	13.51	0.00
0	4	0.07	9.16	19.61	18.47	0.00
1	1	0.01	0.23	22.78	35.83	0.00
1	5	0.00	0.12	23.83	22.32	0.00
2	2	0.10	1.27	25.32	27.84	0.00
2	6	0.29	5.76	19.59	16.47	0.00
3	3	0.00	0.17	22.92	24.06	0.00
3	7	0.00	0.25	23.65	25.74	0.00
Core	CPU	C1%	C3%	C6%	C8%	C9%
-	-	0.06	3.17	18.03	18.83	0.18
0	0	0.01	0.31	26.28	7.20	0.01
0	4	0.02	7.87	13.66	11.21	0.00
1	1	0.00	0.95	17.19	28.97	0.00
1	5	0.00	0.15	17.90	21.93	0.00
2	2	0.32	11.82	11.36	13.79	0.00
2	6	0.00	0.25	20.27	25.93	0.00
3	3	0.10	3.12	18.80	21.12	0.00
3	7	0.00	0.92	19.05	20.80	1.40
Core	CPU	C1%	C3%	C6%	C8%	C9%
-	-	0.04	3.06	18.72	15.34	0.55
0	0	0.00	0.44	23.53	6.43	3.24
0	4	0.07	15.73	9.67	2.74	0.00
1	1	0.00	0.20	19.19	19.00	0.00
1	5	0.20	0.23	19.02	14.43	0.00
2	2	0.00	0.23	18.82	33.73	0.00
2	6	0.00	0.21	17.45	16.26	0.00
3	3	0.03	7.11	19.74	18.86	0.00
3	7	0.01	0.28	22.04	10.98	1.19
Core	CPU	C1%	C3%	C6%	C8%	C9%
-	-	0.05	3.97	22.90	20.96	0.00
0	0	0.11	17.48	17.74	7.91	0.00
0	4	0.22	11.96	21.13	15.35	0.00
1	1	0.01	0.26	22.94	17.91	0.00
1	5	0.01	0.29	24.51	34.06	0.00
2	2	0.01	0.20	21.73	19.08	0.00
2	6	0.01	0.30	21.85	19.84	0.00
3	3	0.01	0.34	25.91	24.73	0.00
3	7	0.01	0.90	27.36	28.79	0.00
Core	CPU	C1%	C3%	C6%	C8%	C9%
-	-	0.23	3.56	23.48	21.41	0.01
0	0	0.01	4.44	32.56	8.33	0.07
0	4	0.68	12.08	14.46	12.65	0.00
1	1	0.00	0.26	24.99	24.16	0.00
1	5	0.00	0.26	25.06	26.67	0.00
2	2	0.56	9.58	17.50	15.11	0.00
2	6	0.62	1.27	23.29	21.23	0.00
3	3	0.00	0.20	25.49	38.55	0.00
3	7	0.00	0.35	24.50	24.55	0.00
Core	CPU	C1%	C3%	C6%	C8%	C9%
-	-	0.22	3.87	21.62	21.28	0.01
0	0	0.02	5.87	30.34	12.51	0.00
0	4	0.00	0.29	24.01	29.42	0.00
1	1	0.00	0.23	19.81	23.07	0.00
1	5	0.00	0.24	22.07	24.87	0.00
2	2	0.83	3.20	18.92	18.76	0.00
2	6	0.00	0.24	21.07	26.63	0.00
3	3	0.87	19.54	11.36	6.46	0.07
3	7	0.01	1.43	26.18	29.29	0.00
Core	CPU	C1%	C3%	C6%	C8%	C9%
-	-	0.10	3.33	17.65	18.00	0.00
0	0	0.01	2.49	24.46	9.54	0.00
0	4	0.00	1.10	17.18	19.26	0.00
1	1	0.05	2.50	18.51	39.74	0.00
1	5	0.00	0.08	18.26	14.84	0.00
2	2	0.75	20.06	5.90	6.55	0.00
2	6	0.00	0.11	20.09	16.18	0.00
3	3	0.00	0.08	17.64	19.42	0.00
3	7	0.00	0.06	18.50	17.80	0.00
Core	CPU	C1%	C3%	C6%	C8%	C9%
-	-	0.12	3.00	19.85	20.69	0.44
0	0	0.01	0.59	26.91	16.90	2.75
0	4	0.00	0.80	21.08	23.41	0.00
1	1	0.00	0.20	17.81	31.39	0.00
1	5	0.00	0.16	20.44	20.24	0.00
2	2	0.66	15.97	10.84	4.40	0.71
2	6	0.32	5.65	19.65	17.58	0.06
3	3	0.00	0.27	20.27	20.50	0.00
3	7	0.00	0.35	21.82	31.14	0.00
Core	CPU	C1%	C3%	C6%	C8%	C9%
-	-	0.20	3.59	21.36	21.78	0.01
0	0	0.01	0.47	31.47	14.41	0.00
0	4	0.01	0.12	20.32	23.56	0.00
1	1	0.00	0.11	21.65	32.14	0.00
1	5	0.00	0.17	23.08	30.40	0.00
2	2	0.99	20.30	10.81	7.69	0.05
2	6	0.28	5.48	21.94	18.08	0.02
3	3	0.29	1.86	21.08	27.82	0.00
3	7	0.00	0.21	20.44	20.07	0.00
Core	CPU	C1%	C3%	C6%	C8%	C9%
-	-	0.15	3.38	23.09	22.45	0.01
0	0	0.02	3.28	33.28	12.04	0.02
0	4	0.00	0.15	22.22	34.14	0.07
1	1	0.02	1.17	21.34	22.39	0.00
1	5	0.09	1.76	24.01	22.54	0.00
2	2	0.27	5.21	21.68	28.37	0.00
2	6	0.20	2.83	20.04	22.11	0.00
3	3	0.59	12.42	16.03	13.18	0.00
3	7	0.01	0.21	26.14	24.80	0.00
Core	CPU	C1%	C3%	C6%	C8%	C9%
-	-	0.19	3.50	21.91	23.10	0.14
0	0	0.00	0.49	29.98	8.17	0.21
0	4	0.00	0.25	21.40	44.50	0.90
1	1	0.00	0.21	21.77	31.74	0.00
1	5	0.00	0.16	22.36	29.23	0.00
2	2	0.04	1.24	22.94	23.33	0.00
2	6	0.00	0.23	24.78	23.22	0.00
3	3	1.43	25.14	5.08	1.60	0.00
3	7	0.00	0.31	26.99	23.03	0.00
Core	CPU	C1%	C3%	C6%	C8%	C9%
-	-	0.01	3.43	18.78	17.14	0.06
0	0	0.01	0.44	26.82	4.60	0.00
0	4	0.02	20.54	8.66	4.07	0.48
1	1	0.00	0.22	19.71	24.22	0.00
1	5	0.02	2.36	17.23	24.14	0.00
2	2	0.00	0.17	18.28	18.54	0.00
2	6	0.00	0.23	19.83	21.39	0.00
3	3	0.02	3.25	19.49	15.81	0.00
3	7	0.00	0.25	20.25	24.37	0.00
Core	CPU	C1%	C3%	C6%	C8%	C9%
-	-	0.22	3.30	20.15	20.83	0.17
0	0	0.80	0.78	29.63	9.44	1.37
0	4	0.00	0.15	20.16	23.29	0.00
1	1	0.92	22.99	5.89	2.11	0.00
1	5	0.00	0.86	20.13	33.20	0.00
2	2	0.00	0.16	20.62	28.88	0.00
2	6	0.00	0.14	21.65	21.94	0.00
3	3	0.00	1.24	21.12	26.08	0.00
3	7	0.00	0.11	22.20	21.91	0.00
Core	CPU	C1%	C3%	C6%	C8%	C9%
-	-	0.08	3.72	22.02	23.16	0.03
0	0	0.04	9.38	26.54	9.82	0.01
0	4	0.00	2.24	23.18	23.39	0.00
1	1	0.01	0.23	23.56	21.43	0.00
1	5	0.39	11.89	15.47	17.50	0.06
2	2	0.04	0.87	21.41	23.48	0.00
2	6	0.13	2.44	20.95	37.20	0.14
3	3	0.00	1.26	21.42	21.26	0.00
3	7	0.00	1.42	23.37	30.98	0.00
Core	CPU	C1%	C3%	C6%	C8%	C9%
-	-	0.12	3.41	22.46	21.62	0.04
0	0	0.00	0.48	29.94	16.81	0.00
0	4	0.00	0.27	21.90	27.06	0.00
1	1	0.50	14.81	13.07	14.97	0.00
1	5	0.00	0.25	25.48	20.36	0.00
2	2	0.22	4.98	21.56	21.81	0.00
2	6	0.23	6.05	17.85	19.08	0.32
3	3	0.00	0.24	26.01	30.51	0.00
3	7	0.00	0.24	23.90	22.35	0.00
Core	CPU	C1%	C3%	C6%	C8%	C9%
-	-	0.11	3.38	20.80	23.25	0.13
0	0	0.01	4.65	27.31	21.47	0.05
0	4	0.00	1.34	20.70	34.84	0.98
1	1	0.29	8.10	18.61	8.58	0.00
1	5	0.43	9.07	18.88	20.90	0.00
2	2	0.00	0.11	19.68	26.81	0.00
2	6	0.08	1.18	19.89	31.38	0.01
3	3	0.10	2.35	18.25	18.60	0.00
3	7	0.00	0.21	23.07	23.43	0.00
Core	CPU	C1%	C3%	C6%	C8%	C9%
-	-	0.09	3.16	19.14	15.73	0.23
0	0	0.00	0.39	26.17	8.45	0.00
0	4	0.00	2.41	18.00	8.97	0.00
1	1	0.02	1.17	19.88	22.92	0.00
1	5	0.01	0.23	19.93	27.64	0.00
2	2	0.18	4.56	17.62	13.81	0.00
2	6	0.47	13.13	12.06	6.18	1.81
3	3	0.04	3.23	17.42	18.61	0.07
3	7	0.00	0.16	22.03	19.25	0.00
Core	CPU	C1%	C3%	C6%	C8%	C9%
-	-	0.15	3.15	19.89	17.61	0.01
0	0	0.00	2.56	26.21	12.41	0.00
0	4	0.00	0.20	20.80	26.11	0.00
1	1	0.00	0.16	18.48	16.56	0.00
1	5	0.00	0.20	18.53	17.09	0.00
2	2	0.49	7.67	16.99	11.28	0.00
2	6	0.68	13.81	13.61	9.85	0.05
3	3	0.00	0.34	21.06	26.00	0.00
3	7	0.00	0.26	23.44	21.56	0.00
Core	CPU	C1%	C3%	C6%	C8%	C9%
-	-	0.05	3.89	21.89	23.35	0.02
0	0	0.01	16.89	16.73	8.19	0.05
0	4	0.00	0.25	25.50	26.65	0.00
1	1	0.17	5.46	21.74	21.03	0.00
1	5	0.02	1.22	21.00	21.35	0.00
2	2	0.15	5.48	19.95	27.33	0.07
2	6	0.01	0.22	24.44	31.56	0.00
3	3	0.00	0.18	23.70	24.66	0.00
3	7	0.01	1.45	22.21	26.18	0.00
Core	CPU	C1%	C3%	C6%	C8%	C9%
-	-	0.08	3.41	21.18	20.37	0.12
0	0	0.01	6.71	20.08	5.97	0.46
0	4	0.00	2.27	21.85	27.47	0.00
1	1	0.00	0.19	23.32	24.52	0.00
1	5	0.07	2.30	17.90	17.66	0.00
2	2	0.00	0.26	24.75	28.08	0.00
2	6	0.00	0.14	23.60	23.70	0.00
3	3	0.54	13.95	12.96	6.63	0.51
3	7	0.01	1.46	24.78	28.74	0.00
Core	CPU	C1%	C3%	C6%	C8%	C9%
-	-	0.01	3.93	22.37	23.11	0.01
0	0	0.02	25.36	12.38	2.55	0.00
0	4	0.00	2.35	24.89	21.21	0.00
1	1	0.06	0.23	25.26	27.10	0.00
1	5	0.00	0.18	23.10	22.03	0.00
2	2	0.00	0.20	23.01	27.98	0.00
2	6	0.00	0.29	22.34	35.99	0.00
3	3	0.02	0.19	23.49	22.24	0.00
3	7	0.00	2.63	24.50	25.77	0.10
Core	CPU	C1%	C3%	C6%	C8%	C9%
-	-	0.01	3.07	24.01	24.39	0.01
0	0	0.01	21.11	13.83	1.04	0.00
0	4	0.01	1.67	25.27	21.87	0.00
1	1	0.01	0.22	22.98	27.24	0.00
1	5	0.00	0.34	26.89	27.05	0.00
2	2	0.00	0.22	25.36	21.38	0.00
2	6	0.01	0.31	25.04	46.19	0.06
3	3	0.00	0.36	27.43	25.23	0.00
3	7	0.01	0.30	25.31	25.11	0.00
Core	CPU	C1%	C3%	C6%	C8%	C9%
-	-	0.10	2.93	24.31	22.57	0.00
0	0	0.01	0.52	33.53	8.45	0.00
0	4	0.01	2.64	21.74	20.44	0.00
1	1	0.34	8.76	20.21	18.82	0.00
1	5	0.15	4.36	21.19	19.58	0.00
2	2	0.00	0.18	26.88	31.51	0.00
2	6	0.25	5.26	19.50	23.28	0.00
3	3	0.03	1.54	26.56	32.53	0.00
3	7	0.00	0.16	24.98	26.04	0.00
Core	CPU	C1%	C3%	C6%	C8%	C9%
-	-	0.16	3.65	20.82	23.29	0.06
0	0	0.00	0.34	29.03	10.38	0.02
0	4	0.00	0.17	20.26	31.43	0.00
1	1	0.06	1.60	21.82	33.28	0.00
1	5	0.37	10.04	14.54	12.75	0.00
2	2	0.74	12.15	15.65	15.66	0.00
2	6	0.13	3.65	21.16	21.18	0.45
3	3	0.00	1.01	22.14	37.10	0.00
3	7	0.01	0.25	21.79	24.44	0.00
Core	CPU	C1%	C3%	C6%	C8%	C9%
-	-	0.12	3.60	22.43	22.15	0.09
0	0	0.02	1.20	30.56	20.00	0.00
0	4	0.00	0.20	23.84	28.27	0.00
1	1	0.00	0.23	22.73	26.68	0.00
1	5	0.00	0.21	21.20	26.46	0.00
2	2	0.49	11.31	15.66	12.15	0.00
2	6	0.42	15.28	15.88	6.40	0.00
3	3	0.00	0.14	23.92	35.62	0.00
3	7	0.00	0.22	25.69	21.65	0.75
Core	CPU	C1%	C3%	C6%	C8%	C9%
-	-	0.03	3.67	20.03	22.60	0.00
0	0	0.01	21.55	12.40	2.18	0.00
0	4	0.00	2.40	21.47	19.99	0.00
1	1	0.01	0.17	22.87	24.97	0.00
1	5	0.01	0.08	21.20	21.56	0.00
2	2	0.17	4.75	17.30	23.62	0.00
2	6	0.00	0.12	20.38	39.81	0.00
3	3	0.01	0.17	21.47	21.74	0.00
3	7	0.01	0.10	23.15	26.95	0.00
Core	CPU	C1%	C3%	C6%	C8%	C9%
-	-	0.13	2.65	23.77	23.35	0.07
0	0	0.01	1.93	29.55	9.30	0.01
0	4	0.00	0.22	24.01	20.54	0.00
1	1	0.17	1.39	20.22	48.77	0.00
1	5	0.01	0.22	24.37	28.09	0.00
2	2	0.12	2.94	24.72	18.44	0.00
2	6	0.70	13.96	15.71	10.02	0.57
3	3	0.00	0.28	27.08	27.05	0.00
3	7	0.01	0.24	24.64	24.70	0.00
Core	CPU	C1%	C3%	C6%	C8%	C9%
-	-	0.11	2.86	24.57	24.32	0.05
0	0	0.01	2.72	27.56	7.93	0.01
0	4	0.00	0.28	25.66	26.09	0.00
1	1	0.09	0.49	24.87	30.90	0.00
1	5	0.00	0.13	23.70	37.55	0.00
2	2	0.00	1.03	28.10	32.29	0.00
2	6	0.00	0.24	26.15	28.19	0.11
3	3	0.76	17.49	11.80	9.48	0.25
3	7	0.00	0.53	28.63	22.04	0.00
Core	CPU	C1%	C3%	C6%	C8%	C9%
-	-	0.09	3.65	21.40	23.90	0.00
0	0	0.14	8.20	24.23	9.18	0.00
0	4	0.00	0.22	22.79	29.33	0.00
1	1	0.00	0.20	22.03	25.33	0.00
1	5	0.20	4.50	18.94	24.18	0.00
2	2	0.00	0.16	23.00	31.41	0.00
2	6	0.05	5.46	20.72	33.88	0.00
3	3	0.35	10.27	15.27	17.15	0.00
3	7	0.00	0.23	24.22	20.75	0.00
Core	CPU	C1%	C3%	C6%	C8%	C9%
-	-	0.14	3.80	21.04	20.12	0.10
0	0	0.01	0.46	29.35	6.58	0.79
0	4	0.00	0.19	22.99	21.62	0.00
1	1	0.12	2.38	25.18	32.48	0.00
1	5	0.95	25.50	5.55	0.79	0.00
2	2	0.00	0.11	20.15	27.15	0.00
2	6	0.00	0.14	20.16	23.26	0.00
3	3	0.01	0.73	23.59	21.74	0.00
3	7	0.01	0.91	21.56	27.54	0.00
Core	CPU	C1%	C3%	C6%	C8%	C9%
-	-	0.12	4.03	21.10	22.81	0.00
0	0	0.01	8.90	25.44	10.16	0.00
0	4	0.10	2.31	20.87	18.79	0.00
1	1	0.36	5.69	17.83	28.56	0.00
1	5	0.43	9.35	15.97	32.59	0.00
2	2	0.00	2.14	20.54	21.83	0.00
2	6	0.04	1.31	20.61	25.97	0.03
3	3	0.02	2.36	24.51	20.51	0.00
3	7	0.00	0.20	23.17	24.19	0.00
Core	CPU	C1%	C3%	C6%	C8%	C9%
-	-	0.01	3.32	18.62	17.40	0.00
0	0	0.02	10.72	17.00	4.22	0.00
0	4	0.00	11.58	14.05	9.86	0.00
1	1	0.01	0.20	21.44	19.06	0.00
1	5	0.00	0.26	18.73	21.72	0.00
2	2	0.03	1.92	19.20	20.38	0.00
2	6	0.00	0.25	19.96	29.53	0.00
3	3	0.00	0.19	19.79	16.26	0.00
3	7	0.00	1.31	18.60	18.04	0.00
Core	CPU	C1%	C3%	C6%	C8%	C9%
-	-	0.08	3.18	19.72	20.89	0.14
0	0	0.00	11.60	19.28	5.86	0.00
0	4	0.08	5.09	22.33	14.46	0.00
1	1	0.21	3.58	19.35	33.82	0.00
1	5	0.00	0.16	18.02	20.27	0.00
2	2	0.00	0.13	21.17	24.77	0.00
2	6	0.00	0.53	19.60	24.07	0.00
3	3	0.28	4.11	18.30	18.56	1.11
3	7	0.06	0.16	19.63	25.32	0.00
Core	CPU	C1%	C3%	C6%	C8%	C9%
-	-	0.03	3.91	21.24	23.74	0.01
0	0	0.09	24.74	13.34	1.05	0.00
0	4	0.10	5.28	24.55	17.72	0.00
1	1	0.00	0.19	21.69	29.18	0.00
1	5	0.00	0.22	22.34	32.75	0.00
2	2	0.00	0.15	21.88	36.73	0.00
2	6	0.00	0.17	21.94	32.40	0.00
3	3	0.01	0.26	23.91	22.07	0.00
3	7	0.00	0.24	20.24	18.02	0.07
Core	CPU	C1%	C3%	C6%	C8%	C9%
-	-	0.12	3.66	21.75	21.94	0.01
0	0	0.02	7.95	24.69	11.84	0.00
0	4	0.00	2.19	21.78	16.92	0.00
1	1	0.70	12.37	13.31	12.61	0.00
1	5	0.21	4.93	21.12	30.49	0.00
2	2	0.01	0.19	22.16	29.99	0.00
2	6	0.01	0.14	22.21	23.66	0.00
3	3	0.00	0.16	24.09	27.04	0.00
3	7	0.00	1.32	24.68	23.01	0.06
Core	CPU	C1%	C3%	C6%	C8%	C9%
-	-	0.06	3.90	21.62	20.79	0.00
0	0	0.02	12.86	20.21	4.27	0.00
0	4	0.10	7.87	19.74	22.95	0.00
1	1	0.00	0.24	21.96	16.23	0.00
1	5	0.00	0.25	23.95	27.36	0.00
2	2	0.01	0.98	21.91	25.53	0.00
2	6	0.01	0.20	22.41	25.29	0.00
3	3	0.32	7.28	17.22	17.60	0.00
3	7	0.00	1.48	25.56	27.11	0.03
Core	CPU	C1%	C3%	C6%	C8%	C9%
-	-	0.16	2.78	24.38	24.39	0.14
0	0	0.01	0.42	36.62	15.56	0.10
0	4	0.01	0.21	25.79	25.16	0.95
1	1	0.00	0.30	23.39	44.85	0.00
1	5	0.00	0.16	25.92	27.28	0.00
2	2	0.00	0.15	23.20	31.87	0.00
2	6	0.00	0.18	24.59	26.70	0.06
3	3	1.17	19.40	6.82	1.57	0.00
3	7	0.10	1.38	28.67	22.16	0.00
Core	CPU	C1%	C3%	C6%	C8%	C9%
-	-	0.13	2.84	23.60	24.25	0.02
0	0	0.02	1.89	31.86	27.78	0.01
0	4	0.01	0.25	24.35	27.55	0.00
1	1	0.04	0.22	25.11	31.59	0.00
1	5	0.03	0.12	22.62	28.23	0.00
2	2	0.05	0.31	24.43	24.83	0.00
2	6	0.08	0.60	20.16	22.14	0.18
3	3	0.82	18.35	12.00	7.62	0.00
3	7	0.05	0.94	28.25	24.24	0.00
Core	CPU	C1%	C3%	C6%	C8%	C9%
-	-	0.06	3.82	20.73	22.59	0.02
0	0	0.11	21.92	15.37	6.32	0.02
0	4	0.15	3.52	22.78	16.21	0.00
1	1	0.00	0.18	21.74	24.76	0.00
1	5	0.00	0.18	20.99	32.73	0.00
2	2	0.01	0.17	21.29	21.18	0.00
2	6	0.01	0.16	21.10	28.52	0.11
3	3	0.14	1.90	20.35	28.95	0.00
3	7	0.07	2.56	22.26	22.02	0.00
Core	CPU	C1%	C3%	C6%	C8%	C9%
-	-	0.04	3.73	21.90	23.43	0.10
0	0	0.01	5.91	28.08	9.30	0.00
0	4	0.23	20.35	12.56	4.88	0.00
1	1	0.01	0.35	23.88	33.34	0.00
1	5	0.01	0.29	22.95	32.93	0.00
2	2	0.00	1.11	23.78	19.51	0.00
2	6	0.00	0.21	20.52	26.18	0.06
3	3	0.05	1.40	23.04	36.40	0.00
3	7	0.01	0.22	20.40	24.88	0.71
Core	CPU	C1%	C3%	C6%	C8%	C9%
-	-	0.06	3.90	21.23	22.66	0.38
0	0	0.01	16.87	18.63	3.81	0.00
0	4	0.42	11.45	18.55	11.13	0.00
1	1	0.00	0.41	21.58	20.02	0.00
1	5	0.00	0.25	21.60	29.03	0.42
2	2	0.00	0.22	23.48	29.03	1.22
2	6	0.01	0.27	22.70	41.05	0.00
3	3	0.00	0.28	20.66	20.91	1.38
3	7	0.05	1.46	22.62	26.30	0.00
Core	CPU	C1%	C3%	C6%	C8%	C9%
-	-	0.03	3.52	18.59	19.39	0.13
0	0	0.01	11.23	19.98	5.49	0.14
0	4	0.00	1.11	22.17	16.78	0.00
1	1	0.21	10.26	13.32	12.66	0.92
1	5	0.00	0.15	21.12	19.37	0.00
2	2	0.04	2.46	18.86	18.42	0.00
2	6	0.00	0.22	17.55	27.64	0.00
3	3	0.00	0.20	17.82	28.67	0.00
3	7	0.00	2.50	17.94	26.13	0.00
Core	CPU	C1%	C3%	C6%	C8%	C9%
-	-	0.07	3.04	18.76	20.62	0.00
0	0	0.07	5.02	25.58	10.58	0.00
0	4	0.00	6.17	19.74	16.08	0.00
1	1	0.00	0.15	17.85	27.43	0.00
1	5	0.00	0.09	16.96	41.76	0.00
2	2	0.49	10.62	13.99	10.55	0.00
2	6	0.01	2.14	19.28	16.15	0.00
3	3	0.01	0.09	18.95	20.45	0.00
3	7	0.00	0.06	17.75	22.00	0.00
Core	CPU	C1%	C3%	C6%	C8%	C9%
-	-	0.03	4.02	21.28	22.15	0.01
0	0	0.00	21.39	16.48	2.20	0.00
0	4	0.00	8.26	21.50	13.85	0.00
1	1	0.07	1.22	20.60	28.35	0.00
1	5	0.00	0.28	23.55	25.10	0.00
2	2	0.00	0.28	23.28	25.00	0.00
2	6	0.10	0.30	22.53	29.08	0.00
3	3	0.01	0.19	20.21	24.68	0.00
3	7	0.04	0.23	22.08	28.94	0.09
Core	CPU	C1%	C3%	C6%	C8%	C9%
-	-	0.15	3.33	21.92	23.16	0.07
0	0	0.00	0.38	32.72	33.19	0.00
0	4	0.00	0.13	22.47	21.09	0.00
1	1	0.34	5.06	22.09	15.44	0.09
1	5	0.82	20.07	9.59	5.27	0.46
2	2	0.00	0.21	23.52	24.89	0.00
2	6	0.00	0.18	21.44	25.26	0.00
3	3	0.00	0.16	21.21	26.37	0.00
3	7	0.00	0.45	22.30	33.73	0.00
Core	CPU	C1%	C3%	C6%	C8%	C9%
-	-	0.11	3.99	22.34	23.46	0.00
0	0	0.09	12.74	23.80	12.53	0.00
0	4	0.01	1.27	24.13	23.86	0.00
1	1	0.30	8.09	20.30	21.68	0.00
1	5	0.44	8.46	19.71	14.41	0.00
2	2	0.00	0.41	23.37	23.79	0.00
2	6	0.00	0.32	25.09	32.03	0.00
3	3	0.00	0.41	22.04	34.53	0.00
3	7	0.00	0.31	20.46	24.98	0.00
Core	CPU	C1%	C3%	C6%	C8%	C9%
-	-	0.04	2.83	23.66	24.24	0.02
0	0	0.03	7.13	25.66	11.15	0.00
0	4	0.29	14.44	18.89	11.26	0.00
1	1	0.01	0.20	25.66	29.89	0.00
1	5	0.01	0.14	23.05	25.32	0.00
2	2	0.00	0.17	26.26	26.73	0.00
2	6	0.00	0.12	22.40	23.55	0.06
3	3	0.00	0.21	22.75	33.86	0.00
3	7	0.00	0.17	24.42	32.06	0.09
Core	CPU	C1%	C3%	C6%	C8%	C9%
-	-	0.02	2.80	23.24	21.62	0.02
0	0	0.01	1.74	30.73	17.89	0.00
0	4	0.10	18.79	12.51	3.26	0.00
1	1	0.00	0.27	25.49	35.81	0.00
1	5	0.00	0.16	24.03	23.29	0.00
2	2	0.00	0.14	23.41	24.27	0.00
2	6	0.00	0.15	24.00	25.20	0.05
3	3	0.00	0.14	23.31	25.23	0.00
3	7	0.00	1.05	22.46	17.97	0.11
Core	CPU	C1%	C3%	C6%	C8%	C9%
-	-	0.05	3.86	21.42	23.13	0.10
0	0	0.01	12.59	21.57	10.02	0.13
0	4	0.00	0.14	20.89	31.52	0.00
1	1	0.43	15.38	13.19	14.74	0.00
1	5	0.00	0.21	23.38	26.46	0.00
2	2	0.00	0.95	21.14	20.93	0.00
2	6	0.00	0.13	24.05	31.05	0.00
3	3	0.00	0.14	23.41	27.85	0.00
3	7	0.00	1.37	23.69	22.46	0.71
Core	CPU	C1%	C3%	C6%	C8%	C9%
-	-	0.13	3.85	22.11	24.58	0.02
0	0	0.01	0.84	31.29	15.92	0.00
0	4	0.00	0.25	20.49	41.04	0.00
1	1	0.46	11.71	20.82	18.34	0.13
1	5	0.57	15.33	14.53	9.90	0.00
2	2	0.00	1.11	23.68	30.01	0.00
2	6	0.00	0.25	22.46	26.38	0.07
3	3	0.00	1.09	22.28	28.65	0.00
3	7	0.00	0.25	21.34	26.40	0.00
Core	CPU	C1%	C3%	C6%	C8%	C9%
-	-	0.22	3.68	21.52	22.00	0.01
0	0	0.01	0.43	30.12	12.17	0.00
0	4	0.00	0.17	22.18	22.43	0.00
1	1	1.62	27.61	3.31	0.00	0.00
1	5	0.01	0.23	25.07	20.32	0.00
2	2	0.10	0.25	21.47	22.90	0.00
2	6	0.01	0.17	22.82	40.61	0.04
3	3	0.00	0.33	24.12	34.74	0.00
3	7	0.00	0.21	23.03	22.85	0.00
Core	CPU	C1%	C3%	C6%	C8%	C9%
-	-	0.14	2.73	22.16	25.49	0.12
0	0	0.70	6.86	24.60	5.59	0.01
0	4	0.18	9.06	19.20	17.69	0.00
1	1	0.24	5.20	21.63	20.81	0.54
1	5	0.00	0.19	23.59	45.27	0.00
2	2	0.00	0.10	20.85	25.80	0.00
2	6	0.00	0.15	20.02	31.28	0.06
3	3	0.00	0.13	23.66	29.29	0.00
3	7	0.01	0.12	23.74	28.18	0.38
Core	CPU	C1%	C3%	C6%	C8%	C9%
-	-	0.03	2.86	24.09	26.01	0.02
0	0	0.01	12.95	21.10	4.71	0.00
0	4	0.01	1.59	23.42	19.39	0.00
1	1	0.16	4.41	22.26	25.15	0.04
1	5	0.00	0.22	26.42	33.01	0.00
2	2	0.03	0.76	24.12	27.40	0.00
2	6	0.00	2.56	24.21	44.31	0.11
3	3	0.00	0.22	25.86	25.99	0.00
3	7	0.00	0.19	25.43	28.18	0.00
Core	CPU	C1%	C3%	C6%	C8%	C9%
-	-	0.12	4.01	22.56	22.21	0.01
0	0	0.00	10.25	23.48	6.25	0.00
0	4	0.00	0.25	23.97	21.30	0.00
1	1	0.24	6.49	20.86	18.13	0.00
1	5	0.00	0.28	24.09	26.36	0.00
2	2	0.56	13.94	14.48	12.92	0.00
2	6	0.01	0.31	25.80	41.10	0.06
3	3	0.04	0.28	25.90	27.65	0.00
3	7	0.13	0.28	21.82	23.89	0.00
Core	CPU	C1%	C3%	C6%	C8%	C9%
-	-	0.15	3.45	21.25	21.90	0.07
0	0	0.01	8.16	25.55	10.01	0.00
0	4	0.00	0.20	21.94	17.24	0.00
1	1	0.36	8.40	17.87	27.30	0.46
1	5	0.72	9.85	16.23	12.56	0.00
2	2	0.00	0.17	20.53	30.49	0.00
2	6	0.00	0.25	23.16	37.53	0.06
3	3	0.13	0.22	21.69	19.01	0.00
3	7	0.01	0.35	23.01	21.08	0.00
Core	CPU	C1%	C3%	C6%	C8%	C9%
-	-	0.14	3.91	21.92	22.20	0.02
0	0	0.01	1.43	30.35	31.12	0.00
0	4	0.01	0.15	23.68	22.14	0.00
1	1	0.83	23.42	8.60	4.33	0.00
1	5	0.19	5.48	22.76	17.73	0.00
2	2	0.09	0.28	22.50	32.47	0.00
2	6	0.00	0.18	22.91	22.60	0.18
3	3	0.00	0.17	22.09	25.69	0.00
3	7	0.00	0.15	22.62	21.70	0.00
Core	CPU	C1%	C3%	C6%	C8%	C9%
-	-	0.19	2.71	24.41	22.30	0.01
0	0	0.01	0.39	34.09	12.69	0.00
0	4	0.00	0.13	24.19	24.91	0.00
1	1	0.42	4.93	18.44	19.41	0.00
1	5	0.00	0.27	23.11	39.10	0.00
2	2	0.64	7.55	20.48	16.23	0.01
2	6	0.41	8.01	21.38	14.58	0.05
3	3	0.00	0.17	27.10	25.31	0.00
3	7	0.00	0.23	26.29	26.03	0.00
Core	CPU	C1%	C3%	C6%	C8%	C9%
-	-	0.15	2.70	24.62	21.05	0.22
0	0	0.00	1.09	31.45	11.91	0.01
0	4	0.00	0.36	25.45	20.50	0.00
1	1	0.79	16.35	13.89	14.85	0.46
1	5	0.23	0.87	23.70	20.65	0.00
2	2	0.16	0.85	26.27	27.25	1.22
2	6	0.04	0.86	24.40	24.41	0.06
3	3	0.00	0.24	25.59	22.34	0.00
3	7	0.00	0.97	26.25	26.49	0.00
Core	CPU	C1%	C3%	C6%	C8%	C9%
-	-	0.05	3.72	21.98	21.29	0.01
0	0	0.01	3.68	30.89	13.69	0.00
0	4	0.18	19.18	13.90	8.98	0.00
1	1	0.21	4.54	19.66	19.08	0.00
1	5	0.00	0.22	24.33	26.48	0.00
2	2	0.00	0.26	21.75	27.10	0.00
2	6	0.00	0.18	21.22	37.25	0.07
3	3	0.00	0.17	20.23	18.81	0.00
3	7	0.00	1.52	23.84	18.91	0.00
Core	CPU	C1%	C3%	C6%	C8%	C9%
-	-	0.13	3.48	22.07	21.02	0.03
0	0	0.01	0.19	30.59	11.90	0.03
0	4	0.00	0.11	20.33	33.35	0.00
1	1	0.26	7.56	18.94	28.91	0.00
1	5	0.24	3.78	19.42	22.38	0.11
2	2	0.00	0.19	21.36	19.80	0.00
2	6	0.37	14.32	18.71	14.89	0.11
3	3	0.09	1.26	20.55	21.59	0.00
3	7	0.10	0.47	26.94	15.66	0.00
Core	CPU	C1%	C3%	C6%	C8%	C9%
-	-	0.12	3.64	22.53	22.33	0.00
0	0	0.01	6.74	28.51	12.47	0.00
0	4	0.00	2.25	23.94	27.25	0.00
1	1	0.22	2.93	17.72	20.10	0.00
1	5	0.00	0.17	22.15	31.43	0.00
2	2	0.34	7.23	17.76	16.17	0.00
2	6	0.27	9.14	20.01	23.15	0.00
3	3	0.03	0.41	26.42	21.53	0.00
3	7	0.08	0.24	23.40	26.28	0.00
Core	CPU	C1%	C3%	C6%	C8%	C9%
-	-	0.13	3.07	23.07	23.10	0.00
0	0	0.01	1.89	29.51	22.08	0.00
0	4	0.01	0.57	24.58	17.08	0.00
1	1	0.78	19.34	11.72	7.24	0.00
1	5	0.25	1.17	23.85	29.22	0.00
2	2	0.00	0.20	23.72	27.43	0.00
2	6	0.01	0.15	21.30	28.11	0.00
3	3	0.01	0.27	26.87	28.71	0.00
3	7	0.01	0.96	22.97	24.93	0.00
Core	CPU	C1%	C3%	C6%	C8%	C9%
-	-	0.11	2.88	24.50	22.08	0.02
0	0	0.01	0.87	32.70	7.99	0.02
0	4	0.03	3.04	21.76	18.50	0.00
1	1	0.01	0.21	26.53	30.88	0.00
1	5	0.69	17.49	14.33	10.53	0.07
2	2	0.01	0.28	24.69	33.23	0.00
2	6	0.00	0.24	24.69	21.60	0.00
3	3	0.00	0.35	26.19	30.58	0.00
3	7	0.10	0.59	25.12	23.36	0.09
Core	CPU	C1%	C3%	C6%	C8%	C9%
-	-	0.15	3.76	21.05	22.53	0.01
0	0	0.01	1.43	31.35	15.01	0.00
0	4	0.00	0.26	20.18	39.59	0.00
1	1	0.00	0.22	24.61	28.78	0.00
1	5	0.99	23.10	7.25	6.88	0.00
2	2	0.16	4.41	19.97	21.90	0.00
2	6	0.00	0.25	22.02	19.60	0.08
3	3	0.00	0.21	21.00	23.00	0.00
3	7	0.00	0.25	22.16	25.65	0.00
Core	CPU	C1%	C3%	C6%	C8%	C9%
-	-	0.17	3.42	22.17	22.36	0.02
0	0	0.00	0.41	34.10	13.56	0.02
0	4	0.00	0.18	21.71	23.61	0.00
1	1	0.07	2.99	21.05	21.52	0.03
1	5	0.79	10.74	12.43	19.83	0.00
2	2	0.23	8.11	19.25	14.54	0.00
2	6	0.23	4.53	23.72	32.11	0.08
3	3	0.00	0.21	23.35	31.74	0.00
3	7	0.00	0.20	21.63	21.86	0.00
Core	CPU	C1%	C3%	C6%	C8%	C9%
-	-	0.11	3.88	21.12	21.31	0.18
0	0	0.01	10.28	21.93	13.27	1.44
0	4	0.00	0.18	24.38	32.82	0.00
1	1	0.68	13.10	16.53	17.12	0.00
1	5	0.15	6.80	18.06	16.40	0.00
2	2	0.00	0.16	20.77	24.36	0.00
2	6	0.00	0.15	22.08	18.53	0.00
3	3	0.00	0.16	21.58	19.59	0.00
3	7	0.01	0.19	23.62	28.37	0.00
Core	CPU	C1%	C3%	C6%	C8%	C9%
-	-	0.03	3.47	18.64	19.69	0.00
0	0	0.01	17.46	17.98	2.65	0.00
0	4	0.08	7.95	17.70	23.46	0.00
1	1	0.00	0.16	17.79	21.99	0.00
1	5	0.12	1.66	15.95	30.08	0.00
2	2	0.00	0.15	19.68	18.30	0.00
2	6	0.00	0.07	19.77	22.78	0.00
3	3	0.00	0.15	19.55	19.39	0.00
3	7	0.00	0.14	20.66	18.87	0.00
Core	CPU	C1%	C3%	C6%	C8%	C9%
-	-	0.07	3.55	19.72	19.50	0.00
0	0	0.01	8.79	23.64	4.00	0.03
0	4	0.14	5.95	16.16	23.24	0.00
1	1	0.02	2.41	19.17	29.96	0.00
1	5	0.02	0.26	20.32	21.63	0.00
2	2	0.09	1.83	20.37	16.96	0.00
2	6	0.32	7.65	16.46	12.10	0.00
3	3	0.00	0.19	21.49	23.38	0.00
3	7	0.00	1.29	20.11	24.68	0.00
Core	CPU	C1%	C3%	C6%	C8%	C9%
-	-	0.08	3.69	21.32	23.36	0.00
0	0	0.01	3.44	29.93	8.19	0.01
0	4	0.25	15.31	13.56	16.42	0.00
1	1	0.30	9.52	20.08	28.46	0.00
1	5	0.00	0.21	22.25	19.94	0.00
2	2	0.00	0.37	23.12	24.03	0.00
2	6	0.00	0.24	21.18	38.36	0.00
3	3	0.00	0.17	19.88	23.77	0.00
3	7	0.04	0.24	20.56	27.75	0.00
Core	CPU	C1%	C3%	C6%	C8%	C9%
-	-	0.19	3.62	22.62	22.82	0.00
0	0	0.19	0.49	28.65	30.30	0.00
0	4	0.00	0.27	23.42	15.53	0.00
1	1	0.88	19.54	13.61	10.62	0.00
1	5	0.45	7.41	23.40	11.77	0.00
2	2	0.00	0.30	23.89	25.22	0.00
2	6	0.00	0.33	22.61	42.76	0.00
3	3	0.00	0.40	22.32	25.04	0.00
3	7	0.01	0.23	23.09	21.36	0.00
Core	CPU	C1%	C3%	C6%	C8%	C9%
-	-	0.10	3.63	20.47	21.87	0.23
0	0	0.01	0.51	30.81	16.87	0.03
0	4	0.00	0.09	19.91	18.56	0.00
1	1	0.36	9.15	17.46	12.25	0.00
1	5	0.42	18.78	11.12	5.23	0.45
2	2	0.01	0.17	22.55	23.05	1.38
2	6	0.00	0.15	21.07	41.78	0.00
3	3	0.00	0.09	20.56	25.58	0.00
3	7	0.00	0.11	20.49	31.72	0.00
Core	CPU	C1%	C3%	C6%	C8%	C9%
-	-	0.09	3.37	18.65	20.51	0.10
0	0	0.13	12.44	17.73	5.89	0.00
0	4	0.13	2.87	19.34	21.23	0.00
1	1	0.01	0.14	21.74	30.97	0.00
1	5	0.42	11.10	12.33	17.91	0.02
2	2	0.01	0.09	20.12	17.87	0.00
2	6	0.01	0.10	19.30	23.86	0.13
3	3	0.01	0.13	18.65	23.89	0.63
3	7	0.01	0.05	19.84	22.30	0.00
Core	CPU	C1%	C3%	C6%	C8%	C9%
-	-	0.09	3.02	18.81	19.56	0.01
0	0	0.01	0.44	27.52	8.22	0.08
0	4	0.01	8.43	16.69	26.60	0.00
1	1	0.53	12.54	13.08	9.87	0.00
1	5	0.18	1.89	18.06	16.99	0.00
2	2	0.00	0.26	18.84	20.72	0.00
2	6	0.00	0.18	17.68	24.82	0.00
3	3	0.00	0.21	20.47	29.04	0.00
3	7	0.00	0.24	18.17	20.22	0.00
Core	CPU	C1%	C3%	C6%	C8%	C9%
-	-	0.16	3.50	21.57	22.88	0.00
0	0	0.05	1.46	30.00	6.79	0.00
0	4	0.00	0.19	21.69	24.02	0.00
1	1	0.04	0.80	23.14	22.85	0.00
1	5	0.30	8.25	17.83	30.21	0.00
2	2	0.42	8.94	19.72	20.48	0.00
2	6	0.38	7.94	18.79	19.98	0.00
3	3	0.00	0.21	19.81	32.84	0.00
3	7	0.11	0.23	21.59	25.85	0.00
Core	CPU	C1%	C3%	C6%	C8%	C9%
-	-	0.16	3.49	22.70	22.49	0.16
0	0	0.01	0.46	32.06	17.10	0.01
0	4	0.00	0.14	23.61	24.04	0.00
1	1	0.00	0.21	23.35	28.82	0.00
1	5	0.00	0.21	20.63	32.20	0.00
2	2	0.54	13.30	15.35	17.07	0.00
2	6	0.75	12.30	16.18	9.73	0.00
3	3	0.00	1.06	24.03	22.60	1.26
3	7	0.00	0.21	26.36	28.33	0.00
Core	CPU	C1%	C3%	C6%	C8%	C9%
-	-	0.11	4.02	21.63	22.29	0.00
0	0	0.01	0.60	30.31	14.66	0.00
0	4	0.00	0.29	21.39	18.89	0.00
1	1	0.00	0.25	23.04	43.65	0.00
1	5	0.12	0.20	18.95	25.30	0.00
2	2	0.34	16.57	14.02	7.79	0.00
2	6	0.18	7.60	19.78	15.99	0.00
3	3	0.25	5.39	22.81	27.86	0.00
3	7	0.00	1.35	23.03	24.53	0.00
Core	CPU	C1%	C3%	C6%	C8%	C9%
-	-	0.11	3.24	19.27	18.59	0.00
0	0	0.00	2.50	26.47	9.33	0.02
0	4	0.00	0.18	20.34	13.55	0.00
1	1	0.40	11.33	13.81	9.75	0.00
1	5	0.40	8.91	15.49	11.27	0.00
2	2	0.00	0.15	20.25	21.09	0.00
2	6	0.10	2.30	16.15	35.05	0.00
3	3	0.00	0.44	20.43	25.50	0.00
3	7	0.00	0.12	21.16	23.08	0.00
Core	CPU	C1%	C3%	C6%	C8%	C9%
-	-	0.12	3.22	18.62	18.88	0.03
0	0	0.00	0.37	24.05	6.65	0.02
0	4	0.00	0.14	19.81	43.73	0.00
1	1	0.00	0.84	21.63	22.47	0.00
1	5	0.25	6.24	16.13	16.29	0.00
2	2	0.19	3.72	16.93	13.00	0.00
2	6	0.49	14.04	10.53	11.44	0.21
3	3	0.00	0.18	20.99	19.13	0.00
3	7	0.00	0.22	18.67	18.02	0.00
Core	CPU	C1%	C3%	C6%	C8%	C9%
-	-	0.01	4.01	20.84	21.99	0.00
0	0	0.01	17.84	17.32	3.94	0.00
0	4	0.02	12.31	18.47	16.00	0.00
1	1	0.00	0.25	23.13	39.29	0.00
1	5	0.00	0.21	22.46	20.06	0.00
2	2	0.01	0.26	19.76	26.11	0.00
2	6	0.01	0.10	18.25	21.22	0.00
3	3	0.00	0.18	21.91	21.31	0.00
3	7	0.00	0.99	25.76	28.37	0.00
Core	CPU	C1%	C3%	C6%	C8%	C9%
-	-	0.04	3.57	22.15	22.43	0.03
0	0	0.01	16.38	17.22	5.49	0.00
0	4	0.01	3.37	23.93	21.95	0.00
1	1	0.01	3.38	20.75	34.19	0.24
1	5	0.01	0.21	22.98	32.75	0.00
2	2	0.01	0.25	24.08	24.74	0.00
2	6	0.17	3.33	18.25	21.00	0.00
3	3	0.09	1.27	25.39	22.30	0.00
3	7	0.00	0.27	24.21	16.63	0.00
Core	CPU	C1%	C3%	C6%	C8%	C9%
-	-	0.11	3.86	21.18	20.89	0.00
0	0	0.01	2.49	30.36	20.29	0.00
0	4	0.08	5.63	20.71	22.35	0.00
1	1	0.02	1.32	22.22	28.36	0.00
1	5	0.48	12.95	15.16	12.07	0.00
2	2	0.09	1.27	19.20	20.62	0.00
2	6	0.17	6.77	15.39	18.56	0.00
3	3	0.00	0.18	23.25	24.23	0.00
3	7	0.00	0.26	23.15	20.63	0.00
Core	CPU	C1%	C3%	C6%	C8%	C9%
-	-	0.20	3.17	19.84	20.19	0.15
0	0	0.59	0.35	28.64	10.29	0.00
0	4	0.00	0.14	16.48	38.89	0.00
1	1	0.00	0.17	21.23	20.81	0.00
1	5	0.01	0.20	18.96	29.56	0.00
2	2	0.58	13.97	12.05	5.84	0.00
2	6	0.39	10.16	16.60	10.86	1.19
3	3	0.00	0.17	22.91	21.38	0.00
3	7	0.00	0.23	21.82	23.91	0.00
Core	CPU	C1%	C3%	C6%	C8%	C9%
-	-	0.13	2.81	17.59	17.82	0.08
0	0	0.01	0.29	25.48	8.43	0.63
0	4	0.00	0.07	17.86	25.13	0.00
1	1	0.00	0.11	17.74	31.63	0.00
1	5	0.00	0.12	17.87	19.18	0.00
2	2	0.33	10.33	12.78	18.81	0.00
2	6	0.69	11.33	12.24	9.28	0.00
3	3	0.00	0.10	18.96	13.42	0.00
3	7	0.01	0.17	18.02	16.91	0.00
Core	CPU	C1%	C3%	C6%	C8%	C9%
-	-	0.13	3.62	21.60	22.19	0.34
0	0	0.10	4.41	28.77	20.12	1.40
0	4	0.00	0.18	20.92	28.76	0.00
1	1	0.05	1.21	25.50	24.12	0.00
1	5	0.79	20.32	10.66	6.13	0.00
2	2	0.00	0.12	22.96	25.37	0.00
2	6	0.02	1.19	21.10	23.67	1.33
3	3	0.00	0.21	21.23	33.10	0.00
3	7	0.06	1.24	21.35	15.93	0.00
Core	CPU	C1%	C3%	C6%	C8%	C9%
-	-	0.11	3.78	23.92	22.42	0.03
0	0	0.01	4.66	31.50	8.02	0.14
0	4	0.01	6.78	22.51	19.53	0.00
1	1	0.24	4.40	22.76	23.77	0.14
1	5	0.06	2.32	23.48	22.29	0.00
2	2	0.08	1.97	24.15	19.97	0.00
2	6	0.34	8.56	19.74	24.54	0.00
3	3	0.01	0.32	23.30	28.54	0.00
3	7	0.12	1.26	23.92	32.69	0.00
Core	CPU	C1%	C3%	C6%	C8%	C9%
-	-	0.14	3.54	22.82	21.86	0.05
0	0	0.01	2.72	31.07	8.58	0.00
0	4	0.00	0.18	25.41	26.73	0.00
1	1	0.34	5.15	19.79	29.42	0.00
1	5	0.25	7.04	20.62	13.80	0.00
2	2	0.37	7.15	16.45	14.18	0.00
2	6	0.15	4.82	22.12	21.42	0.00
3	3	0.00	0.24	22.91	28.88	0.37
3	7	0.00	1.03	24.21	31.86	0.00
Core	CPU	C1%	C3%	C6%	C8%	C9%
-	-	0.15	3.66	21.99	21.79	0.02
0	0	0.01	1.73	27.71	11.76	0.00
0	4	0.00	0.25	24.88	20.83	0.00
1	1	0.09	3.10	21.64	26.84	0.00
1	5	0.05	1.77	22.16	17.83	0.15
2	2	0.76	10.63	17.24	11.97	0.00
2	6	0.31	11.23	16.76	19.25	0.00
3	3	0.00	0.25	23.07	29.12	0.00
3	7	0.00	0.34	22.46	36.69	0.00
Core	CPU	C1%	C3%	C6%	C8%	C9%
-	-	0.15	3.43	22.15	22.49	0.01
0	0	0.01	2.55	32.50	25.67	0.00
0	4	0.00	0.20	21.59	21.86	0.00
1	1	0.00	0.24	22.20	26.55	0.00
1	5	0.00	0.20	21.27	27.59	0.00
2	2	0.15	2.91	23.46	20.34	0.00
2	6	1.01	20.76	11.28	3.12	0.05
3	3	0.00	0.33	23.30	26.34	0.00
3	7	0.00	0.23	21.54	28.41	0.00
Core	CPU	C1%	C3%	C6%	C8%	C9%
-	-	0.13	3.73	21.48	21.21	0.00
0	0	0.01	0.43	30.85	16.68	0.01
0	4	0.00	0.16	20.28	19.15	0.00
1	1	0.00	0.24	20.09	23.40	0.00
1	5	0.00	0.19	22.25	21.86	0.00
2	2	0.08	2.34	26.75	18.62	0.00
2	6	0.91	26.04	6.70	1.60	0.00
3	3	0.00	0.20	21.73	21.72	0.00
3	7	0.00	0.27	23.43	46.85	0.00
Core	CPU	C1%	C3%	C6%	C8%	C9%
-	-	0.13	3.17	16.78	16.20	0.02
0	0	0.00	0.24	22.94	7.50	0.07
0	4	0.00	0.15	16.75	23.64	0.00
1	1	0.00	0.18	18.28	15.07	0.00
1	5	0.00	0.11	14.60	22.33	0.00
2	2	0.73	16.26	11.27	7.24	0.00
2	6	0.31	8.13	14.88	11.35	0.12
3	3	0.00	0.09	17.99	25.94	0.00
3	7	0.00	0.13	17.41	16.38	0.00
Core	CPU	C1%	C3%	C6%	C8%	C9%
-	-	0.17	3.37	19.99	20.86	0.06
0	0	0.01	1.40	28.59	13.78	0.31
0	4	0.00	1.34	17.33	33.67	0.00
1	1	0.10	1.47	20.39	26.32	0.00
1	5	0.26	4.32	17.56	14.99	0.00
2	2	1.02	17.81	9.74	10.35	0.07
2	6	0.00	0.27	21.92	23.40	0.06
3	3	0.00	0.14	22.96	24.32	0.00
3	7	0.00	0.19	21.46	20.12	0.00
Core	CPU	C1%	C3%	C6%	C8%	C9%
-	-	0.07	3.59	22.46	21.66	0.24
0	0	0.00	3.75	26.30	10.23	1.37
0	4	0.00	0.21	25.58	37.63	0.00
1	1	0.04	3.10	22.27	25.04	0.51
1	5	0.26	9.02	17.11	16.56	0.00
2	2	0.00	0.24	22.57	23.32	0.00
2	6	0.00	0.23	23.16	25.78	0.00
3	3	0.24	11.25	16.15	14.70	0.00
3	7	0.01	0.95	26.65	20.17	0.00
Core	CPU	C1%	C3%	C6%	C8%	C9%
-	-	0.11	3.46	22.39	21.99	0.08
0	0	0.08	7.91	24.59	10.92	0.14
0	4	0.00	0.27	24.83	19.20	0.00
1	1	0.14	1.72	25.76	30.35	0.00
1	5	0.34	10.01	16.01	22.55	0.46
2	2	0.00	0.29	23.37	21.30	0.00
2	6	0.00	0.23	21.11	30.56	0.06
3	3	0.29	6.31	16.11	15.95	0.00
3	7	0.00	0.88	27.21	24.95	0.00
Core	CPU	C1%	C3%	C6%	C8%	C9%
-	-	0.06	3.82	22.33	21.08	0.00
0	0	0.01	2.70	30.46	12.79	0.01
0	4	0.01	12.62	18.77	17.23	0.00
1	1	0.25	8.01	19.91	16.60	0.03
1	5	0.00	0.27	22.75	22.13	0.00
2	2	0.20	5.12	19.15	15.84	0.00
2	6	0.00	0.16	23.18	32.94	0.00
3	3	0.00	0.24	20.62	26.09	0.00
3	7	0.00	1.45	23.77	25.03	0.00
Core	CPU	C1%	C3%	C6%	C8%	C9%
-	-	0.12	3.23	15.95	17.44	0.00
0	0	0.00	3.99	22.69	15.41	0.00
0	4	0.00	0.22	17.06	19.49	0.00
1	1	0.83	17.17	8.01	5.55	0.00
1	5	0.08	1.84	16.25	14.57	0.00
2	2	0.04	1.27	15.28	13.56	0.00
2	6	0.00	1.05	15.04	18.28	0.00
3	3	0.00	0.15	16.64	27.02	0.00
3	7	0.00	0.18	16.66	25.63	0.00
Core	CPU	C1%	C3%	C6%	C8%	C9%
-	-	0.11	3.20	20.83	21.02	0.00
0	0	0.10	2.75	25.79	6.82	0.04
0	4	0.00	0.16	20.63	38.84	0.00
1	1	0.26	7.64	17.91	14.21	0.00
1	5	0.21	2.14	20.39	20.50	0.00
2	2	0.20	5.93	17.94	16.11	0.00
2	6	0.10	5.49	19.02	15.63	0.00
3	3	0.00	0.22	23.40	31.31	0.00
3	7	0.00	1.28	21.65	24.74	0.00
Core	CPU	C1%	C3%	C6%	C8%	C9%
-	-	0.08	3.42	21.78	20.45	0.01
0	0	0.00	8.76	24.89	5.74	0.00
0	4	0.13	8.99	18.63	16.38	0.04
1	1	0.00	0.19	22.77	38.38	0.00
1	5	0.13	2.20	20.40	20.73	0.00
2	2	0.30	5.19	19.85	16.10	0.00
2	6	0.08	1.46	22.25	15.36	0.06
3	3	0.00	0.27	22.21	21.00	0.00
3	7	0.00	0.28	23.18	29.93	0.00
Core	CPU	C1%	C3%	C6%	C8%	C9%
-	-	0.10	3.06	21.13	20.63	0.04
0	0	0.01	13.45	18.87	8.35	0.00
0	4	0.39	5.86	20.76	16.52	0.00
1	1	0.00	0.11	20.66	20.46	0.00
1	5	0.00	0.09	20.90	35.04	0.00
2	2	0.28	1.74	18.21	18.21	0.00
2	6	0.01	1.77	22.45	28.31	0.00
3	3	0.00	0.21	24.43	20.42	0.00
3	7	0.11	1.21	22.73	17.73	0.30
Core	CPU	C1%	C3%	C6%	C8%	C9%
-	-	0.05	4.11	21.07	27.03	0.00
0	0	0.12	27.39	10.47	2.07	0.00
0	4	0.20	4.35	22.36	22.75	0.00
1	1	0.00	0.17	21.48	34.01	0.00
1	5	0.00	0.15	25.09	36.25	0.00
2	2	0.06	0.14	21.73	28.77	0.00
2	6	0.00	0.20	21.68	35.93	0.00
3	3	0.00	0.25	23.57	27.14	0.00
3	7	0.00	0.20	22.21	29.31	0.00
Core	CPU	C1%	C3%	C6%	C8%	C9%
-	-	0.06	3.37	16.84	20.00	0.16
0	0	0.10	24.22	7.66	0.83	0.00
0	4	0.06	1.19	19.66	19.63	0.00
1	1	0.00	0.15	18.90	24.54	0.00
1	5	0.15	0.15	16.50	36.85	0.00
2	2	0.19	0.13	16.37	20.70	0.00
2	6	0.00	0.10	16.17	19.87	0.00
3	3	0.00	0.24	19.45	17.26	1.24
3	7	0.00	0.80	19.98	20.34	0.00
Core	CPU	C1%	C3%	C6%	C8%	C9%
-	-	0.13	3.66	19.45	21.31	0.00
0	0	0.01	6.13	24.63	18.39	0.00
0	4	0.00	2.56	18.03	30.48	0.00
1	1	0.47	12.38	12.32	13.22	0.00
1	5	0.00	0.22	18.20	28.60	0.00
2	2	0.52	7.54	18.85	14.49	0.00
2	6	0.01	0.16	22.40	23.48	0.00
3	3	0.00	0.13	20.09	21.31	0.00
3	7	0.00	0.19	21.12	20.54	0.00
Core	CPU	C1%	C3%	C6%	C8%	C9%
-	-	0.03	4.05	22.74	23.77	0.01
0	0	0.00	6.06	32.21	12.13	0.00
0	4	0.12	21.67	11.64	7.08	0.00
1	1	0.09	2.32	21.43	30.03	0.00
1	5	0.02	1.27	20.89	40.60	0.00
2	2	0.00	0.27	23.69	24.36	0.00
2	6	0.00	0.25	23.76	25.27	0.06
3	3	0.00	0.31	24.85	23.14	0.00
3	7	0.00	0.27	23.43	27.53	0.00
Core	CPU	C1%	C3%	C6%	C8%	C9%
-	-	0.15	3.57	23.30	22.60	0.07
0	0	0.01	1.51	31.72	10.14	0.00
0	4	0.20	4.37	20.75	20.12	0.00
1	1	0.00	0.23	24.25	32.58	0.00
1	5	0.00	0.25	25.17	29.84	0.00
2	2	0.00	0.28	24.60	35.05	0.00
2	6	0.00	1.08	22.15	24.56	0.00
3	3	0.96	19.42	10.75	3.69	0.55
3	7	0.01	1.42	27.02	24.78	0.00
Core	CPU	C1%	C3%	C6%	C8%	C9%
-	-	0.05	3.77	21.52	23.10	0.10
0	0	0.00	8.27	28.54	5.35	0.00
0	4	0.23	15.89	15.88	10.40	0.10
1	1	0.00	0.15	22.42	30.90	0.00
1	5	0.00	0.26	23.18	31.23	0.00
2	2	0.00	0.21	22.31	33.59	0.68
2	6	0.00	0.25	21.38	32.00	0.06
3	3	0.19	3.97	19.19	21.80	0.00
3	7	0.00	1.17	19.28	19.57	0.00
Core	CPU	C1%	C3%	C6%	C8%	C9%
-	-	0.21	2.96	16.93	18.30	0.00
0	0	0.01	0.37	23.87	13.58	0.00
0	4	0.00	0.21	16.61	23.60	0.00
1	1	0.79	0.21	17.88	18.91	0.00
1	5	0.00	0.21	15.77	18.54	0.00
2	2	0.00	0.25	17.20	20.20	0.00
2	6	0.00	0.27	17.74	33.15	0.04
3	3	0.83	21.83	4.59	0.00	0.00
3	7	0.00	0.36	21.74	18.45	0.00
Core	CPU	C1%	C3%	C6%	C8%	C9%
-	-	0.12	3.15	20.40	19.77	0.12
0	0	0.01	4.43	22.48	11.31	0.00
0	4	0.00	0.29	21.14	31.02	0.00
1	1	0.00	0.19	20.96	23.72	0.00
1	5	0.00	0.29	21.18	17.90	0.00
2	2	0.65	11.75	13.47	12.20	0.12
2	6	0.00	0.28	22.13	21.04	0.00
3	3	0.14	7.73	19.12	22.66	0.00
3	7	0.12	0.25	22.69	18.35	0.82
Core	CPU	C1%	C3%	C6%	C8%	C9%
-	-	0.15	3.63	21.05	23.39	0.00
0	0	0.01	4.95	26.80	12.44	0.00
0	4	0.00	0.26	22.53	18.72	0.00
1	1	0.13	3.30	22.00	28.79	0.00
1	5	0.08	1.89	22.58	32.14	0.00
2	2	0.77	14.48	10.06	12.15	0.00
2	6	0.21	3.73	20.88	20.45	0.00
3	3	0.00	0.19	21.40	36.24	0.00
3	7	0.00	0.29	22.50	26.55	0.00
Core	CPU	C1%	C3%	C6%	C8%	C9%
-	-	0.08	3.66	22.22	23.83	0.17
0	0	0.10	10.28	25.43	10.44	1.38
0	4	0.00	1.99	22.30	23.86	0.00
1	1	0.05	2.35	23.94	28.18	0.00
1	5	0.00	0.17	22.84	28.52	0.00
2	2	0.00	0.20	21.70	31.65	0.00
2	6	0.00	0.23	23.01	32.38	0.00
3	3	0.46	13.66	13.14	13.32	0.00
3	7	0.00	0.35	25.07	21.90	0.00
Core	CPU	C1%	C3%	C6%	C8%	C9%
-	-	0.07	3.83	22.27	23.29	0.23
0	0	0.01	10.12	24.76	5.44	1.39
0	4	0.07	8.31	21.00	21.94	0.00
1	1	0.30	8.06	17.82	19.87	0.00
1	5	0.13	3.14	21.35	21.61	0.44
2	2	0.00	0.27	22.32	37.76	0.00
2	6	0.00	0.21	23.49	32.48	0.00
3	3	0.00	0.26	24.83	26.29	0.00
3	7	0.00	0.31	22.56	20.92	0.03
Core	CPU	C1%	C3%	C6%	C8%	C9%
-	-	0.16	2.79	22.98	24.78	0.01
0	0	0.00	0.68	34.07	14.68	0.01
0	4	0.00	0.29	24.11	48.18	0.00
1	1	0.00	0.90	23.49	25.10	0.00
1	5	0.28	7.81	20.23	21.94	0.04
2	2	0.81	10.44	13.75	13.79	0.00
2	6	0.19	1.82	21.27	22.55	0.00
3	3	0.00	0.19	23.93	24.68	0.00
3	7	0.00	0.25	23.35	27.68	0.00
Core	CPU	C1%	C3%	C6%	C8%	C9%
-	-	0.15	2.91	22.87	21.32	0.33
0	0	0.01	3.89	29.10	16.88	0.00
0	4	0.00	3.01	22.49	17.61	0.00
1	1	0.00	0.23	22.24	24.45	0.00
1	5	0.00	0.25	23.37	18.57	0.00
2	2	0.36	1.24	22.85	23.37	0.00
2	6	0.29	1.36	20.62	17.45	0.00
3	3	0.47	12.96	14.64	14.03	2.63
3	7	0.05	0.27	27.34	37.90	0.00
Core	CPU	C1%	C3%	C6%	C8%	C9%
-	-	0.14	3.78	20.47	21.23	0.01
0	0	0.08	0.44	32.49	31.53	0.01
0	4	0.00	0.19	21.91	19.36	0.00
1	1	0.00	0.15	20.20	24.89	0.00
1	5	0.00	0.13	22.31	20.97	0.00
2	2	0.00	0.16	19.43	23.99	0.00
2	6	0.00	0.16	21.03	23.23	0.06
3	3	1.03	28.84	3.52	0.00	0.00
3	7	0.01	0.27	23.46	26.51	0.00
Core	CPU	C1%	C3%	C6%	C8%	C9%
-	-	0.05	3.81	23.28	24.90	0.06
0	0	0.05	9.08	28.88	13.14	0.00
0	4	0.01	11.66	17.70	19.32	0.43
1	1	0.01	0.56	21.03	33.70	0.00
1	5	0.00	0.31	23.71	30.06	0.00
2	2	0.00	0.35	21.09	23.45	0.00
2	6	0.00	0.39	22.53	20.88	0.06
3	3	0.29	7.22	21.79	15.82	0.00
3	7	0.06	0.75	28.88	42.21	0.00
Core	CPU	C1%	C3%	C6%	C8%	C9%
-	-	0.01	3.82	20.95	24.63	0.00
0	0	0.01	25.33	11.17	1.18	0.00
0	4	0.00	3.57	21.45	22.33	0.00
1	1	0.00	0.29	22.38	28.23	0.00
1	5	0.00	0.23	19.29	33.16	0.00
2	2	0.00	0.28	22.65	23.42	0.00
2	6	0.01	0.27	25.94	31.89	0.00
3	3	0.01	0.31	22.23	24.52	0.00
3	7	0.01	0.30	22.50	32.29	0.00
Core	CPU	C1%	C3%	C6%	C8%	C9%
-	-	0.04	3.27	17.31	16.76	0.00
0	0	0.00	0.35	23.82	21.28	0.00
0	4	0.01	15.73	9.51	3.31	0.00
1	1	0.00	0.31	17.72	19.21	0.00
1	5	0.00	0.24	20.53	21.56	0.00
2	2	0.00	0.25	17.22	21.56	0.00
2	6	0.00	0.21	16.66	12.94	0.00
3	3	0.27	8.94	14.63	14.42	0.00
3	7	0.01	0.16	18.65	20.03	0.00
Core	CPU	C1%	C3%	C6%	C8%	C9%
-	-	0.20	3.29	19.74	18.38	0.00
0	0	0.00	0.57	29.96	18.19	0.00
0	4	0.00	0.20	20.55	18.74	0.00
1	1	0.00	0.24	21.48	24.00	0.00
1	5	0.00	0.15	20.87	20.87	0.00
2	2	0.00	0.20	22.08	27.32	0.00
2	6	0.01	0.16	20.40	18.77	0.00
3	3	1.59	24.67	2.35	0.11	0.00
3	7	0.01	0.14	20.18	18.98	0.00
