Core	CPU	C1%	C3%	C6%	C8%	C9%
-	-	0.00	0.05	2.83	9.65	0.00
0	0	0.00	0.00	1.76	7.50	0.00
0	4	0.00	0.05	4.75	41.92	0.00
1	1	0.00	0.06	1.28	1.41	0.00
1	5	0.00	0.13	5.38	21.73	0.00
2	2	0.00	0.05	1.52	0.93	0.00
2	6	0.00	0.08	4.47	2.18	0.00
3	3	0.00	0.01	0.98	0.68	0.00
3	7	0.00	0.00	2.42	0.60	0.00
Core	CPU	C1%	C3%	C6%	C8%	C9%
-	-	0.03	0.02	1.78	3.01	0.00
0	0	0.00	0.10	2.45	0.55	0.00
0	4	0.00	0.00	1.18	13.56	0.00
1	1	0.00	0.00	2.57	3.78	0.00
1	5	0.00	0.03	0.49	0.00	0.00
2	2	0.00	0.02	2.18	1.91	0.00
2	6	0.10	0.02	2.11	2.59	0.00
3	3	0.00	0.01	2.17	0.70	0.00
3	7	0.17	0.00	1.10	1.00	0.00
Core	CPU	C1%	C3%	C6%	C8%	C9%
-	-	0.00	0.02	1.02	1.59	0.00
0	0	0.00	0.05	1.25	0.50	0.00
0	4	0.00	0.04	0.90	4.55	0.00
1	1	0.00	0.00	0.36	1.70	0.00
1	5	0.00	0.00	0.95	0.79	0.00
2	2	0.00	0.00	1.22	2.09	0.00
2	6	0.00	0.02	1.03	0.79	0.00
3	3	0.00	0.05	1.62	1.10	0.00
3	7	0.00	0.03	0.81	1.20	0.00
Core	CPU	C1%	C3%	C6%	C8%	C9%
-	-	0.06	0.00	0.59	0.87	0.44
0	0	0.00	0.00	0.23	0.50	3.53
0	4	0.00	0.00	0.38	1.59	0.00
1	1	0.00	0.00	0.24	0.89	0.00
1	5	0.00	0.03	1.26	0.50	0.00
2	2	0.00	0.01	0.41	0.69	0.00
2	6	0.00	0.00	0.85	0.11	0.00
3	3	0.00	0.00	0.60	1.79	0.00
3	7	0.48	0.00	0.74	0.91	0.00
Core	CPU	C1%	C3%	C6%	C8%	C9%
-	-	0.00	0.01	0.61	0.95	0.00
0	0	0.00	0.00	0.53	0.00	0.00
0	4	0.00	0.02	0.92	0.59	0.00
1	1	0.00	0.00	0.59	1.19	0.00
1	5	0.00	0.05	0.67	1.00	0.00
2	2	0.00	0.00	0.36	0.98	0.00
2	6	0.00	0.00	0.57	0.89	0.00
3	3	0.00	0.03	0.51	1.30	0.00
3	7	0.00	0.00	0.71	1.63	0.00
Core	CPU	C1%	C3%	C6%	C8%	C9%
-	-	0.00	0.01	0.70	1.35	0.29
0	0	0.00	0.00	1.26	0.69	0.78
0	4	0.00	0.00	0.48	2.66	0.00
1	1	0.00	0.00	1.24	1.11	0.00
1	5	0.00	0.00	0.28	1.19	0.00
2	2	0.00	0.00	0.47	0.79	0.00
2	6	0.00	0.00	0.69	1.31	0.89
3	3	0.00	0.01	0.61	1.10	0.00
3	7	0.01	0.05	0.59	1.97	0.64
Core	CPU	C1%	C3%	C6%	C8%	C9%
-	-	1.10	6.08	28.68	7.90	0.17
0	0	0.71	6.66	25.95	4.81	0.02
0	4	0.93	6.30	32.92	8.21	0.00
1	1	0.53	5.96	27.21	7.73	0.00
1	5	2.23	6.20	29.16	8.46	0.00
2	2	0.36	5.09	26.16	9.69	0.00
2	6	1.40	6.70	27.91	7.12	0.33
3	3	1.04	5.87	26.68	6.91	0.00
3	7	1.62	5.93	33.61	10.30	1.00
Core	CPU	C1%	C3%	C6%	C8%	C9%
-	-	1.36	12.66	45.63	3.47	0.01
0	0	2.15	14.46	40.07	2.46	0.03
0	4	1.20	12.13	48.79	4.69	0.00
1	1	1.58	12.44	43.96	2.57	0.00
1	5	0.73	12.03	46.81	4.87	0.00
2	2	1.33	12.27	44.81	2.88	0.00
2	6	1.48	11.98	44.95	4.17	0.06
3	3	1.08	12.82	47.42	3.41	0.00
3	7	1.30	13.05	47.96	2.73	0.00
Core	CPU	C1%	C3%	C6%	C8%	C9%
-	-	2.53	14.11	42.21	1.88	0.00
0	0	3.80	16.43	30.25	1.38	0.00
0	4	1.20	12.04	50.04	3.43	0.00
1	1	2.68	15.01	39.93	1.91	0.00
1	5	1.93	12.26	48.28	3.06	0.00
2	2	2.45	13.03	47.38	1.22	0.00
2	6	2.93	13.79	40.30	0.53	0.00
3	3	2.59	14.09	41.59	2.13	0.00
3	7	2.68	16.21	39.93	1.37	0.00
Core	CPU	C1%	C3%	C6%	C8%	C9%
-	-	1.64	13.31	44.78	2.58	0.00
0	0	2.43	13.81	38.91	1.49	0.00
0	4	1.43	13.34	46.04	3.16	0.00
1	1	1.63	13.25	46.09	1.15	0.00
1	5	1.00	12.55	47.78	2.38	0.00
2	2	1.56	13.25	48.44	2.59	0.00
2	6	2.11	12.77	43.18	2.58	0.00
3	3	1.25	13.57	47.59	1.23	0.01
3	7	1.68	13.98	40.23	6.02	0.00
Core	CPU	C1%	C3%	C6%	C8%	C9%
-	-	1.68	11.23	45.42	5.50	0.00
0	0	2.10	12.34	42.69	5.68	0.00
0	4	1.17	11.13	44.77	5.76	0.00
1	1	1.82	8.73	45.76	6.84	0.00
1	5	2.08	11.58	47.06	4.58	0.00
2	2	1.19	11.84	46.11	4.37	0.00
2	6	1.95	12.32	45.37	3.23	0.00
3	3	1.27	9.95	46.05	9.13	0.01
3	7	1.83	11.93	45.55	4.43	0.00
Core	CPU	C1%	C3%	C6%	C8%	C9%
-	-	1.06	10.01	50.55	5.62	0.00
0	0	1.13	11.18	48.72	2.53	0.00
0	4	0.85	9.55	50.34	5.41	0.00
1	1	0.42	10.10	51.86	5.68	0.00
1	5	1.47	9.20	50.52	5.95	0.00
2	2	1.26	9.48	50.75	7.40	0.00
2	6	1.26	10.15	52.67	4.05	0.02
3	3	1.07	9.19	49.23	9.11	0.00
3	7	1.02	11.21	50.31	4.79	0.00
Core	CPU	C1%	C3%	C6%	C8%	C9%
-	-	0.90	9.00	49.97	6.87	0.00
0	0	1.52	10.39	49.25	5.16	0.00
0	4	0.35	7.01	48.98	13.57	0.00
1	1	0.55	8.51	48.11	4.32	0.00
1	5	1.00	10.32	53.64	4.85	0.00
2	2	1.07	8.30	49.29	6.21	0.00
2	6	1.39	11.26	43.25	6.79	0.00
3	3	0.86	7.95	51.43	7.35	0.00
3	7	0.46	8.29	55.87	6.74	0.00
Core	CPU	C1%	C3%	C6%	C8%	C9%
-	-	1.07	12.52	44.74	6.98	0.01
0	0	1.48	14.74	38.90	6.70	0.00
0	4	0.75	11.71	51.68	4.66	0.00
1	1	0.77	12.02	46.20	8.87	0.00
1	5	1.06	12.85	44.74	6.72	0.00
2	2	0.59	11.44	46.68	5.21	0.00
2	6	1.52	13.81	39.78	6.81	0.07
3	3	1.03	12.00	44.15	9.55	0.00
3	7	1.31	11.63	45.78	7.36	0.00
Core	CPU	C1%	C3%	C6%	C8%	C9%
-	-	0.85	10.44	50.43	5.35	0.03
0	0	1.19	11.63	46.70	4.77	0.00
0	4	0.77	9.56	53.84	6.77	0.00
1	1	0.65	10.74	54.85	3.47	0.00
1	5	0.58	9.95	52.20	6.04	0.21
2	2	0.59	8.82	49.06	9.21	0.00
2	6	1.08	12.07	44.38	4.63	0.00
3	3	0.77	9.84	49.10	5.96	0.00
3	7	1.20	10.90	53.29	1.96	0.00
Core	CPU	C1%	C3%	C6%	C8%	C9%
-	-	1.25	10.84	49.96	5.04	0.00
0	0	2.31	11.54	46.78	1.80	0.00
0	4	0.66	10.11	51.49	6.96	0.00
1	1	0.97	10.62	51.90	4.92	0.00
1	5	1.18	9.94	53.19	5.25	0.00
2	2	1.23	10.07	53.77	4.88	0.00
2	6	1.31	12.10	43.17	4.57	0.03
3	3	1.02	10.67	48.64	6.06	0.00
3	7	1.30	11.69	50.66	5.90	0.00
Core	CPU	C1%	C3%	C6%	C8%	C9%
-	-	0.99	9.80	52.17	5.41	0.00
0	0	1.57	11.33	49.00	3.03	0.00
0	4	0.53	8.72	56.38	6.38	0.00
1	1	1.32	9.64	52.60	6.97	0.00
1	5	0.95	10.56	52.97	2.57	0.00
2	2	1.11	8.49	52.12	6.66	0.00
2	6	0.76	9.37	50.01	6.89	0.00
3	3	0.71	10.09	52.28	6.04	0.00
3	7	1.01	10.26	52.28	4.80	0.00
Core	CPU	C1%	C3%	C6%	C8%	C9%
-	-	0.99	9.42	50.84	6.07	0.01
0	0	1.54	11.28	51.68	2.86	0.00
0	4	0.87	8.92	52.11	4.71	0.00
1	1	0.71	9.39	54.28	4.49	0.03
1	5	0.96	9.58	50.69	7.50	0.00
2	2	0.60	7.31	50.03	9.26	0.00
2	6	1.37	11.53	49.33	5.77	0.05
3	3	0.91	7.94	48.34	5.29	0.00
3	7	0.96	9.40	50.33	8.71	0.00
Core	CPU	C1%	C3%	C6%	C8%	C9%
-	-	1.41	10.56	48.44	4.78	0.01
0	0	1.34	12.35	46.50	2.72	0.00
0	4	1.51	9.70	50.78	5.33	0.00
1	1	1.21	9.87	48.59	6.74	0.00
1	5	1.34	10.97	48.21	3.74	0.00
2	2	1.65	10.25	49.08	5.61	0.01
2	6	1.60	12.48	44.25	3.65	0.06
3	3	1.41	9.48	49.41	6.53	0.00
3	7	1.24	9.35	50.40	3.89	0.00
Core	CPU	C1%	C3%	C6%	C8%	C9%
-	-	1.73	9.81	44.92	8.35	0.18
0	0	1.89	11.85	46.04	8.83	0.00
0	4	1.53	8.18	47.06	10.03	0.00
1	1	1.99	9.69	44.49	9.89	0.00
1	5	1.29	8.58	48.36	10.24	0.00
2	2	1.42	9.11	48.44	10.04	0.01
2	6	2.63	11.75	33.69	2.14	0.29
3	3	1.70	9.34	47.04	4.38	1.13
3	7	1.39	9.99	44.25	11.27	0.00
Core	CPU	C1%	C3%	C6%	C8%	C9%
-	-	1.51	12.98	45.72	3.76	0.02
0	0	2.39	14.00	40.36	3.39	0.01
0	4	1.28	11.80	48.08	4.05	0.00
1	1	0.88	11.66	47.49	6.09	0.02
1	5	1.39	11.92	47.55	4.31	0.00
2	2	1.48	12.99	44.97	3.49	0.00
2	6	2.39	15.99	41.06	1.33	0.12
3	3	0.83	11.95	48.66	4.62	0.00
3	7	1.43	13.46	47.41	2.76	0.00
Core	CPU	C1%	C3%	C6%	C8%	C9%
-	-	3.83	14.51	39.19	2.17	0.00
0	0	5.67	14.77	33.44	1.28	0.00
0	4	2.69	15.46	38.26	1.69	0.00
1	1	3.12	14.27	42.54	4.13	0.00
1	5	3.64	13.57	41.48	1.81	0.00
2	2	4.36	13.92	38.83	3.25	0.00
2	6	4.05	15.38	35.93	1.63	0.00
3	3	3.58	13.13	43.30	2.62	0.00
3	7	3.51	15.67	39.89	0.98	0.00
Core	CPU	C1%	C3%	C6%	C8%	C9%
-	-	1.09	10.31	50.98	4.70	0.04
0	0	1.59	12.01	51.00	1.30	0.00
0	4	0.79	10.12	52.95	5.43	0.00
1	1	0.74	9.14	51.27	8.63	0.00
1	5	1.48	10.71	51.91	4.05	0.00
2	2	0.94	8.78	48.74	8.47	0.00
2	6	0.92	10.63	49.40	2.96	0.32
3	3	1.06	10.94	51.65	3.28	0.00
3	7	1.18	10.20	51.01	3.48	0.00
Core	CPU	C1%	C3%	C6%	C8%	C9%
-	-	0.96	9.90	52.33	4.94	0.04
0	0	1.17	11.53	48.41	4.59	0.00
0	4	1.11	8.41	53.19	6.69	0.00
1	1	0.91	8.79	53.24	6.09	0.00
1	5	1.07	9.28	51.84	4.01	0.00
2	2	0.73	10.31	53.57	5.90	0.00
2	6	0.51	10.60	50.81	3.04	0.29
3	3	1.44	10.26	52.74	3.51	0.00
3	7	0.72	10.02	54.79	5.64	0.00
Core	CPU	C1%	C3%	C6%	C8%	C9%
-	-	1.03	9.52	54.05	4.91	0.00
0	0	1.48	10.01	51.30	5.43	0.01
0	4	0.53	8.94	55.01	5.80	0.00
1	1	1.77	9.23	56.47	2.65	0.00
1	5	0.67	9.02	56.03	7.43	0.00
2	2	1.11	9.87	52.51	5.09	0.01
2	6	0.68	9.71	55.29	4.75	0.00
3	3	1.18	10.48	54.83	3.17	0.00
3	7	0.78	8.89	50.86	4.94	0.00
Core	CPU	C1%	C3%	C6%	C8%	C9%
-	-	1.31	8.09	44.89	8.55	0.04
0	0	1.41	9.04	38.80	2.29	0.00
0	4	0.88	8.19	49.11	6.23	0.00
1	1	1.90	8.31	43.19	3.91	0.00
1	5	0.86	7.98	48.33	12.40	0.00
2	2	1.52	7.94	42.93	12.64	0.30
2	6	1.16	6.57	44.72	4.78	0.00
3	3	1.36	9.29	48.58	12.13	0.00
3	7	1.44	7.40	43.45	14.05	0.00
Core	CPU	C1%	C3%	C6%	C8%	C9%
-	-	1.18	9.53	50.39	3.86	0.00
0	0	1.83	11.24	45.47	1.55	0.01
0	4	0.99	8.55	49.76	4.75	0.00
1	1	1.45	9.47	52.82	2.49	0.00
1	5	1.46	8.60	48.71	3.34	0.00
2	2	0.75	9.68	51.93	5.27	0.00
2	6	1.00	8.79	52.33	5.94	0.00
3	3	1.07	8.82	52.87	5.35	0.01
3	7	0.89	11.09	49.23	2.20	0.00
Core	CPU	C1%	C3%	C6%	C8%	C9%
-	-	0.94	5.88	52.21	8.53	0.25
0	0	1.22	7.34	52.59	2.82	0.00
0	4	0.66	6.44	52.62	8.76	0.00
1	1	0.95	5.31	51.04	12.89	0.00
1	5	1.19	7.09	54.58	5.13	0.04
2	2	0.93	4.71	47.02	11.16	1.96
2	6	0.62	5.79	52.32	7.92	0.00
3	3	0.75	4.81	52.50	12.91	0.00
3	7	1.18	5.52	55.01	6.62	0.00
Core	CPU	C1%	C3%	C6%	C8%	C9%
-	-	1.49	11.08	47.27	2.82	0.03
0	0	1.55	14.37	42.35	1.03	0.00
0	4	1.83	9.50	45.81	2.61	0.22
1	1	1.78	11.40	46.61	3.22	0.00
1	5	1.14	10.76	51.13	4.24	0.00
2	2	0.97	10.63	49.04	2.60	0.00
2	6	1.51	11.12	45.39	2.76	0.00
3	3	1.70	10.47	48.15	2.28	0.00
3	7	1.44	10.37	49.71	3.83	0.00
Core	CPU	C1%	C3%	C6%	C8%	C9%
-	-	2.59	14.54	41.53	1.56	0.00
0	0	4.21	17.09	32.67	0.45	0.00
0	4	1.89	13.80	43.43	1.70	0.00
1	1	2.74	12.72	44.22	2.09	0.00
1	5	1.99	14.60	43.38	1.65	0.00
2	2	2.26	16.42	40.37	1.05	0.00
2	6	2.34	13.24	39.81	2.28	0.00
3	3	2.28	13.58	46.56	2.61	0.00
3	7	3.02	14.88	41.85	0.68	0.00
Core	CPU	C1%	C3%	C6%	C8%	C9%
-	-	2.67	10.75	45.17	5.55	0.02
0	0	3.41	11.09	38.95	7.60	0.00
0	4	2.98	10.04	49.53	3.82	0.00
1	1	2.24	11.54	47.72	4.06	0.00
1	5	2.37	10.72	44.67	7.58	0.01
2	2	1.92	10.81	51.28	3.30	0.00
2	6	4.20	11.41	35.76	5.92	0.17
3	3	2.12	9.60	44.93	7.46	0.00
3	7	2.12	10.79	48.47	4.69	0.00
Core	CPU	C1%	C3%	C6%	C8%	C9%
-	-	1.25	8.07	47.27	14.33	0.09
0	0	1.44	9.44	48.21	12.49	0.00
0	4	1.14	6.73	46.25	6.02	0.00
1	1	1.62	8.03	45.18	17.77	0.00
1	5	1.02	7.46	47.86	19.09	0.51
2	2	1.70	7.51	48.41	12.72	0.00
2	6	1.09	10.46	43.45	13.87	0.22
3	3	1.25	7.54	46.88	15.90	0.00
3	7	0.70	7.38	51.91	16.79	0.00
Core	CPU	C1%	C3%	C6%	C8%	C9%
-	-	0.97	11.91	48.75	4.86	0.04
0	0	1.67	13.50	45.07	3.37	0.00
0	4	0.55	10.95	54.07	5.14	0.00
1	1	0.59	11.46	47.80	6.86	0.00
1	5	1.05	11.64	49.25	3.00	0.04
2	2	0.78	12.55	50.68	4.24	0.00
2	6	0.93	12.94	44.34	5.96	0.16
3	3	1.09	11.95	51.70	3.37	0.00
3	7	1.07	10.32	47.10	6.94	0.10
Core	CPU	C1%	C3%	C6%	C8%	C9%
-	-	0.85	8.97	54.20	6.62	0.06
0	0	1.04	11.13	52.65	3.78	0.01
0	4	0.95	8.96	50.60	8.35	0.00
1	1	1.18	8.25	58.00	3.83	0.00
1	5	0.57	7.38	51.86	9.24	0.00
2	2	0.89	7.79	55.42	7.30	0.00
2	6	0.63	9.54	54.43	5.61	0.46
3	3	0.68	9.21	55.62	7.08	0.01
3	7	0.85	9.54	55.02	7.74	0.00
Core	CPU	C1%	C3%	C6%	C8%	C9%
-	-	0.98	10.27	53.38	4.61	0.00
0	0	1.34	12.69	44.57	3.09	0.00
0	4	0.66	8.58	54.78	4.98	0.00
1	1	1.10	10.30	54.02	4.76	0.00
1	5	1.01	9.70	55.42	4.98	0.00
2	2	0.84	10.08	53.62	5.68	0.00
2	6	0.81	10.08	56.18	5.19	0.00
3	3	0.84	11.09	55.51	3.07	0.00
3	7	1.21	9.69	52.98	5.16	0.00
Core	CPU	C1%	C3%	C6%	C8%	C9%
-	-	1.17	11.02	49.79	4.93	0.00
0	0	1.50	12.27	43.35	6.15	0.00
0	4	1.54	10.56	53.36	4.35	0.00
1	1	0.99	11.40	51.31	2.38	0.00
1	5	0.75	8.93	54.76	6.19	0.00
2	2	1.02	10.06	45.67	7.96	0.00
2	6	1.41	11.47	46.62	5.27	0.00
3	3	1.09	11.97	50.43	3.95	0.00
3	7	1.04	11.52	52.82	3.14	0.00
Core	CPU	C1%	C3%	C6%	C8%	C9%
-	-	0.68	8.62	47.35	11.84	0.31
0	0	1.13	8.69	45.19	15.78	0.00
0	4	0.39	7.63	48.63	6.22	2.51
1	1	0.95	8.60	47.30	5.70	0.00
1	5	0.51	8.34	47.22	12.60	0.00
2	2	0.49	7.73	48.99	15.94	0.00
2	6	0.81	11.32	43.01	9.84	0.00
3	3	0.60	8.23	49.09	16.37	0.00
3	7	0.53	8.42	49.25	12.24	0.00
Core	CPU	C1%	C3%	C6%	C8%	C9%
-	-	1.26	9.48	52.61	6.35	0.00
0	0	1.69	10.89	51.75	4.94	0.00
0	4	0.74	7.23	55.44	7.35	0.00
1	1	1.35	9.07	52.92	5.16	0.00
1	5	0.86	9.15	52.10	6.62	0.00
2	2	1.62	8.72	53.74	8.17	0.00
2	6	1.22	12.29	48.74	4.48	0.00
3	3	1.14	9.48	51.94	7.32	0.00
3	7	1.49	9.05	54.45	6.78	0.00
Core	CPU	C1%	C3%	C6%	C8%	C9%
-	-	0.61	7.26	54.37	6.83	0.15
0	0	1.09	7.93	56.74	4.79	0.00
0	4	0.36	6.60	48.71	7.83	0.00
1	1	0.53	7.05	57.08	6.21	0.00
1	5	0.39	6.79	53.45	8.15	0.00
2	2	1.11	7.55	55.23	7.12	0.00
2	6	0.78	8.32	55.26	5.18	1.23
3	3	0.36	7.46	51.91	8.61	0.00
3	7	0.30	6.45	57.05	6.83	0.00
Core	CPU	C1%	C3%	C6%	C8%	C9%
-	-	1.07	8.73	52.34	5.58	0.10
0	0	1.06	8.51	46.30	4.26	0.01
0	4	0.71	7.23	55.57	6.14	0.00
1	1	1.07	9.31	52.99	5.96	0.01
1	5	1.08	8.82	52.44	6.83	0.00
2	2	0.92	9.02	51.06	7.36	0.00
2	6	1.41	9.60	51.54	3.48	0.80
3	3	1.27	8.93	56.31	4.67	0.00
3	7	0.97	8.32	52.06	5.88	0.00
Core	CPU	C1%	C3%	C6%	C8%	C9%
-	-	0.75	4.61	51.15	9.47	0.06
0	0	0.71	5.96	55.77	9.36	0.01
0	4	0.49	4.20	44.20	9.56	0.00
1	1	0.77	4.10	52.83	12.60	0.00
1	5	1.06	4.68	46.33	7.98	0.00
2	2	0.74	3.74	50.13	9.20	0.10
2	6	0.79	4.80	55.95	11.43	0.40
3	3	1.14	5.58	54.69	5.43	0.01
3	7	0.32	3.77	49.28	10.19	0.00
Core	CPU	C1%	C3%	C6%	C8%	C9%
-	-	0.86	6.44	52.84	8.20	0.00
0	0	1.59	9.21	53.43	5.19	0.00
0	4	1.01	3.75	51.49	9.18	0.00
1	1	1.47	5.89	53.12	11.66	0.00
1	5	0.55	6.66	53.71	6.10	0.02
2	2	0.61	6.56	53.05	6.80	0.00
2	6	0.65	6.70	53.54	8.30	0.00
3	3	0.39	6.59	51.88	12.39	0.00
3	7	0.63	6.19	52.53	6.00	0.00
Core	CPU	C1%	C3%	C6%	C8%	C9%
-	-	0.74	7.33	53.18	7.49	0.18
0	0	0.70	7.70	50.87	6.81	0.00
0	4	1.13	8.00	51.99	5.79	0.99
1	1	0.54	7.18	57.15	6.02	0.31
1	5	0.74	6.50	52.13	11.93	0.00
2	2	0.42	6.12	50.63	10.88	0.00
2	6	0.76	8.28	55.64	3.93	0.15
3	3	0.84	7.63	54.99	7.58	0.00
3	7	0.79	7.28	52.26	6.99	0.00
Core	CPU	C1%	C3%	C6%	C8%	C9%
-	-	2.04	8.01	43.47	11.55	0.25
0	0	2.23	9.36	45.11	14.29	0.00
0	4	2.83	7.19	40.96	5.56	0.00
1	1	2.24	8.32	41.67	13.53	0.00
1	5	2.04	7.00	46.26	16.89	0.45
2	2	1.50	8.00	43.12	16.49	0.03
2	6	2.59	7.54	41.59	13.66	1.49
3	3	1.55	7.70	45.37	7.29	0.00
3	7	1.32	8.88	43.37	4.56	0.00
Core	CPU	C1%	C3%	C6%	C8%	C9%
-	-	0.84	9.57	49.82	7.32	0.03
0	0	1.21	9.78	46.84	8.13	0.00
0	4	0.52	9.18	53.03	5.70	0.00
1	1	1.09	8.95	48.67	11.36	0.00
1	5	0.48	8.42	52.06	8.53	0.00
2	2	0.73	8.74	49.98	9.78	0.00
2	6	0.92	12.12	41.95	3.96	0.28
3	3	0.93	8.43	52.84	6.51	0.00
3	7	0.82	10.94	53.31	4.59	0.00
Core	CPU	C1%	C3%	C6%	C8%	C9%
-	-	0.79	7.68	50.56	8.33	0.13
0	0	0.78	8.37	50.63	10.04	0.00
0	4	0.24	6.24	49.17	9.56	0.00
1	1	1.07	8.23	51.08	8.08	0.00
1	5	0.99	6.93	50.35	6.86	0.00
2	2	0.54	7.05	55.23	7.26	0.07
2	6	1.11	10.37	46.45	7.23	0.95
3	3	0.47	7.64	50.17	8.14	0.00
3	7	1.10	6.62	51.71	9.49	0.00
Core	CPU	C1%	C3%	C6%	C8%	C9%
-	-	0.82	7.47	50.66	8.80	0.10
0	0	0.93	8.67	47.94	9.24	0.01
0	4	0.89	6.34	51.79	9.20	0.00
1	1	0.53	6.18	49.75	9.40	0.00
1	5	1.00	7.91	52.75	8.91	0.60
2	2	0.56	7.72	49.98	7.84	0.00
2	6	0.83	9.36	43.22	9.15	0.17
3	3	0.71	6.95	55.67	9.38	0.00
3	7	1.08	6.56	53.94	7.21	0.00
Core	CPU	C1%	C3%	C6%	C8%	C9%
-	-	1.67	8.47	51.22	6.66	0.10
0	0	1.36	10.41	48.96	5.90	0.00
0	4	1.23	7.90	50.53	9.03	0.00
1	1	2.00	9.23	54.59	4.91	0.00
1	5	1.60	8.15	48.49	8.24	0.00
2	2	1.40	6.95	49.85	7.18	0.00
2	6	2.47	10.40	45.33	5.28	0.71
3	3	1.38	7.07	58.26	6.95	0.11
3	7	1.93	7.69	53.74	5.83	0.00
Core	CPU	C1%	C3%	C6%	C8%	C9%
-	-	1.02	12.39	46.31	4.06	0.00
0	0	1.19	13.74	44.82	2.39	0.00
0	4	0.97	10.88	44.60	6.44	0.00
1	1	0.62	12.28	50.60	4.16	0.00
1	5	0.71	11.44	50.77	3.45	0.00
2	2	0.92	12.40	44.20	6.43	0.00
2	6	1.66	15.92	36.88	2.02	0.00
3	3	1.18	12.33	47.66	3.74	0.00
3	7	0.93	10.10	50.91	3.86	0.00
Core	CPU	C1%	C3%	C6%	C8%	C9%
-	-	3.93	11.82	37.21	8.96	0.00
0	0	4.78	12.59	34.77	9.74	0.00
0	4	3.04	10.24	39.65	12.70	0.00
1	1	2.91	10.17	33.79	2.49	0.00
1	5	4.51	11.68	35.64	8.86	0.00
2	2	3.96	11.90	39.31	9.82	0.00
2	6	4.64	14.98	35.54	4.93	0.00
3	3	3.89	12.55	41.24	8.88	0.00
3	7	3.75	10.46	37.97	14.30	0.00
Core	CPU	C1%	C3%	C6%	C8%	C9%
-	-	1.30	13.42	45.71	3.32	0.01
0	0	1.62	15.69	41.05	2.89	0.00
0	4	1.03	12.86	49.32	2.45	0.00
1	1	1.82	13.08	46.08	4.48	0.00
1	5	1.14	11.69	50.04	4.24	0.00
2	2	0.99	13.19	44.64	4.18	0.00
2	6	1.84	15.88	37.37	1.60	0.10
3	3	0.95	12.21	51.29	2.60	0.00
3	7	0.99	12.70	45.64	4.12	0.00
Core	CPU	C1%	C3%	C6%	C8%	C9%
-	-	0.84	12.27	47.32	4.17	0.06
0	0	1.33	13.68	46.61	2.90	0.00
0	4	0.49	10.44	50.55	6.08	0.00
1	1	0.43	12.80	48.53	2.58	0.00
1	5	0.90	12.11	48.00	5.21	0.00
2	2	0.67	11.03	50.62	4.27	0.00
2	6	1.14	15.43	34.38	1.79	0.46
3	3	0.79	10.55	51.45	7.14	0.00
3	7	0.97	12.12	48.52	3.44	0.00
Core	CPU	C1%	C3%	C6%	C8%	C9%
-	-	0.83	12.86	46.64	3.66	0.12
0	0	0.91	13.31	44.22	3.66	0.00
0	4	0.81	11.30	48.92	4.30	0.00
1	1	0.58	12.92	51.30	2.51	0.00
1	5	0.69	12.33	48.91	4.35	0.00
2	2	1.18	13.31	47.20	2.85	0.00
2	6	1.19	16.17	33.22	2.50	0.93
3	3	0.90	11.00	50.62	5.66	0.00
3	7	0.39	12.62	49.09	3.49	0.00
Core	CPU	C1%	C3%	C6%	C8%	C9%
-	-	1.88	10.63	42.76	11.54	0.04
0	0	2.41	11.90	42.53	10.45	0.00
0	4	2.02	9.57	46.49	11.90	0.00
1	1	1.10	9.78	38.74	2.28	0.00
1	5	1.34	9.40	43.26	16.43	0.00
2	2	2.17	10.13	45.12	12.55	0.00
2	6	2.17	14.27	33.90	13.85	0.33
3	3	1.79	10.06	45.82	12.67	0.00
3	7	2.02	9.85	45.91	12.07	0.00
Core	CPU	C1%	C3%	C6%	C8%	C9%
-	-	0.75	11.26	49.09	4.82	0.10
0	0	0.59	12.36	48.09	3.88	0.00
0	4	0.43	10.29	52.52	4.86	0.00
1	1	0.80	11.02	50.48	4.81	0.00
1	5	0.88	9.53	49.04	5.28	0.00
2	2	0.65	10.00	53.59	3.47	0.01
2	6	1.43	14.51	38.50	4.83	0.17
3	3	0.49	12.19	50.83	5.95	0.00
3	7	0.72	10.24	49.90	5.48	0.61
Core	CPU	C1%	C3%	C6%	C8%	C9%
-	-	0.93	11.90	48.10	3.64	0.05
0	0	1.61	13.47	43.09	1.92	0.00
0	4	0.39	10.03	51.49	3.16	0.00
1	1	0.62	11.32	49.74	4.17	0.00
1	5	1.10	11.45	46.94	5.14	0.00
2	2	0.59	11.85	52.80	2.47	0.00
2	6	1.40	15.07	43.80	1.16	0.40
3	3	0.86	11.66	47.69	5.43	0.00
3	7	0.87	10.30	48.89	5.64	0.00
Core	CPU	C1%	C3%	C6%	C8%	C9%
-	-	0.91	11.58	49.58	4.72	0.06
0	0	1.15	12.54	47.74	1.93	0.00
0	4	0.73	11.54	50.72	4.98	0.00
1	1	1.03	10.55	52.83	4.75	0.01
1	5	1.16	10.93	50.18	3.01	0.11
2	2	0.56	10.94	51.36	7.25	0.00
2	6	1.20	14.24	41.82	5.42	0.36
3	3	0.66	12.04	52.53	2.21	0.00
3	7	0.83	9.83	49.51	8.21	0.00
Core	CPU	C1%	C3%	C6%	C8%	C9%
-	-	0.90	10.23	49.75	5.56	0.06
0	0	1.08	11.59	47.64	2.93	0.00
0	4	0.87	9.35	49.25	4.78	0.00
1	1	0.94	9.89	50.48	6.20	0.00
1	5	0.94	9.69	49.05	4.97	0.00
2	2	0.73	8.97	50.28	7.90	0.21
2	6	1.24	13.15	45.12	7.28	0.15
3	3	0.43	9.24	55.22	4.39	0.13
3	7	0.94	9.93	51.01	6.05	0.00
Core	CPU	C1%	C3%	C6%	C8%	C9%
-	-	0.58	9.25	53.67	7.21	0.05
0	0	0.98	10.15	52.91	3.93	0.00
0	4	0.34	8.11	55.92	6.79	0.00
1	1	0.42	9.22	54.31	6.29	0.00
1	5	0.65	8.17	56.51	8.59	0.00
2	2	0.33	7.94	57.03	7.22	0.00
2	6	1.07	13.32	47.00	4.20	0.39
3	3	0.53	8.52	54.57	10.69	0.00
3	7	0.30	8.73	51.93	10.06	0.00
Core	CPU	C1%	C3%	C6%	C8%	C9%
-	-	1.57	9.02	44.38	14.90	0.02
0	0	2.41	9.30	40.64	18.74	0.00
0	4	1.36	8.12	46.39	18.33	0.00
1	1	0.65	8.47	45.47	21.93	0.00
1	5	1.44	9.08	48.82	11.64	0.00
2	2	1.59	7.61	34.62	6.63	0.01
2	6	1.35	11.66	42.74	13.08	0.14
3	3	2.30	8.91	46.51	13.83	0.00
3	7	1.45	8.83	49.14	14.77	0.00
Core	CPU	C1%	C3%	C6%	C8%	C9%
-	-	0.56	7.63	53.94	8.73	0.15
0	0	0.58	7.94	55.26	6.64	0.00
0	4	0.46	7.51	50.39	10.56	0.39
1	1	0.50	7.03	57.84	7.65	0.00
1	5	0.61	7.71	53.52	7.45	0.01
2	2	0.43	6.02	57.05	11.24	0.00
2	6	0.79	11.14	47.74	5.97	0.79
3	3	0.64	6.61	55.75	10.16	0.00
3	7	0.46	7.13	54.53	10.26	0.00
Core	CPU	C1%	C3%	C6%	C8%	C9%
-	-	0.61	7.37	54.00	9.88	0.08
0	0	0.89	8.78	50.71	7.50	0.00
0	4	0.41	5.80	55.63	10.60	0.00
1	1	1.08	6.95	50.38	12.19	0.00
1	5	0.95	6.09	58.10	10.43	0.00
2	2	0.34	6.48	53.18	11.03	0.00
2	6	0.47	9.59	53.53	6.88	0.66
3	3	0.18	7.31	56.19	10.20	0.00
3	7	0.56	7.90	53.68	10.09	0.00
Core	CPU	C1%	C3%	C6%	C8%	C9%
-	-	0.44	6.77	54.63	9.79	0.17
0	0	0.34	7.25	56.66	7.04	0.00
0	4	0.29	6.41	53.10	10.59	0.00
1	1	0.55	6.27	56.77	10.33	0.00
1	5	0.37	6.19	55.71	10.94	0.00
2	2	0.28	6.88	54.11	9.85	0.00
2	6	0.50	7.63	51.07	10.16	1.34
3	3	0.60	6.60	53.82	9.43	0.00
3	7	0.63	7.09	57.19	10.22	0.00
Core	CPU	C1%	C3%	C6%	C8%	C9%
-	-	0.67	6.38	53.64	10.29	0.08
0	0	1.65	6.51	51.00	7.31	0.00
0	4	0.24	6.10	51.54	9.08	0.00
1	1	0.78	8.08	56.97	6.85	0.00
1	5	0.72	6.23	52.77	12.36	0.00
2	2	0.27	4.75	52.85	15.14	0.00
2	6	0.69	8.07	55.94	7.35	0.50
3	3	0.27	4.47	53.16	12.86	0.00
3	7	0.72	6.68	53.59	11.17	0.11
Core	CPU	C1%	C3%	C6%	C8%	C9%
-	-	0.84	8.09	52.99	7.08	0.10
0	0	1.18	8.86	52.28	7.90	0.00
0	4	0.27	7.92	58.96	4.51	0.00
1	1	1.08	8.41	56.50	3.93	0.21
1	5	0.57	6.61	53.79	8.28	0.00
2	2	1.15	6.25	46.46	12.19	0.00
2	6	0.80	9.79	48.40	6.52	0.62
3	3	0.84	8.48	54.78	4.80	0.00
3	7	0.86	8.43	52.70	8.52	0.00
Core	CPU	C1%	C3%	C6%	C8%	C9%
-	-	0.75	9.47	51.60	6.23	0.19
0	0	0.71	9.90	51.67	6.22	0.00
0	4	0.36	9.28	52.38	6.53	0.51
1	1	0.91	8.79	52.78	5.87	0.00
1	5	0.98	9.50	53.17	6.29	0.00
2	2	0.64	9.15	50.81	8.37	0.01
2	6	0.78	11.42	47.29	3.68	1.00
3	3	1.08	9.37	50.43	5.81	0.00
3	7	0.57	8.36	54.24	7.05	0.00
Core	CPU	C1%	C3%	C6%	C8%	C9%
-	-	0.68	7.94	54.71	6.85	0.05
0	0	0.83	8.87	55.35	3.69	0.00
0	4	0.77	6.33	54.92	7.03	0.00
1	1	0.46	8.71	53.50	8.02	0.00
1	5	0.62	6.92	53.72	7.59	0.00
2	2	1.07	9.08	53.05	6.63	0.00
2	6	0.65	9.13	54.75	6.11	0.39
3	3	0.61	7.47	55.82	7.67	0.00
3	7	0.39	6.98	56.56	8.06	0.00
Core	CPU	C1%	C3%	C6%	C8%	C9%
-	-	1.51	9.28	47.80	7.21	0.15
0	0	2.24	10.48	47.69	4.08	0.01
0	4	1.03	7.39	47.17	8.10	0.00
1	1	1.46	10.00	47.50	10.53	0.00
1	5	1.00	9.75	48.52	4.84	0.00
2	2	1.59	9.39	50.11	7.74	0.00
2	6	1.49	10.01	45.23	6.62	0.84
3	3	1.99	8.94	49.07	7.62	0.00
3	7	1.29	8.33	47.13	8.15	0.32
Core	CPU	C1%	C3%	C6%	C8%	C9%
-	-	0.80	9.79	49.77	8.22	0.07
0	0	1.09	10.20	48.48	6.38	0.00
0	4	0.41	8.38	52.47	10.34	0.00
1	1	0.67	9.17	52.08	9.48	0.00
1	5	0.95	10.09	45.98	11.11	0.00
2	2	0.65	9.50	51.67	4.47	0.00
2	6	1.03	11.83	46.26	6.79	0.55
3	3	0.83	9.72	52.29	10.91	0.00
3	7	0.81	9.61	49.82	6.46	0.00
Core	CPU	C1%	C3%	C6%	C8%	C9%
-	-	1.88	8.60	42.97	16.27	0.01
0	0	2.24	10.29	40.34	17.70	0.01
0	4	1.56	8.38	45.90	16.69	0.00
1	1	1.10	7.91	44.74	20.30	0.01
1	5	2.24	8.03	38.62	19.24	0.01
2	2	1.91	6.46	41.84	23.24	0.00
2	6	2.42	9.78	37.52	1.57	0.03
3	3	1.70	8.37	44.65	18.54	0.00
3	7	1.79	9.43	49.26	12.46	0.00
Core	CPU	C1%	C3%	C6%	C8%	C9%
-	-	0.79	7.41	53.28	8.02	0.17
0	0	1.35	8.85	47.60	6.45	0.00
0	4	0.60	6.91	52.28	7.50	0.22
1	1	0.73	8.58	57.13	5.70	0.00
1	5	0.69	6.44	52.79	10.39	0.02
2	2	0.86	7.40	54.43	6.05	0.66
2	6	0.99	7.29	52.94	7.14	0.03
3	3	0.44	7.15	56.92	7.97	0.00
3	7	0.62	6.69	52.25	13.00	0.39
Core	CPU	C1%	C3%	C6%	C8%	C9%
-	-	1.12	9.41	49.38	5.41	0.04
0	0	1.77	10.64	50.16	4.43	0.00
0	4	0.64	9.00	52.13	3.82	0.01
1	1	1.12	11.45	49.06	2.36	0.00
1	5	0.86	7.52	48.48	7.28	0.00
2	2	0.79	8.19	50.81	9.31	0.00
2	6	1.09	10.23	46.17	5.65	0.31
3	3	1.34	10.43	49.54	2.62	0.00
3	7	1.32	7.87	48.92	7.82	0.00
Core	CPU	C1%	C3%	C6%	C8%	C9%
-	-	1.22	10.11	48.95	4.33	0.00
0	0	1.22	12.17	46.13	3.03	0.00
0	4	1.58	8.65	45.74	3.04	0.00
1	1	1.32	10.29	50.89	3.69	0.00
1	5	0.99	9.18	48.97	9.04	0.00
2	2	0.89	10.81	50.85	4.64	0.00
2	6	1.17	9.00	48.00	4.82	0.01
3	3	1.39	10.73	48.35	2.95	0.00
3	7	1.21	10.02	52.48	3.40	0.00
Core	CPU	C1%	C3%	C6%	C8%	C9%
-	-	0.98	6.85	48.87	8.37	0.30
0	0	1.21	8.33	45.07	6.23	0.01
0	4	1.08	6.43	50.56	9.07	0.91
1	1	1.33	8.24	55.43	4.91	0.00
1	5	0.79	6.03	50.18	10.34	0.00
2	2	1.08	5.19	48.06	13.33	0.00
2	6	1.24	8.91	44.42	7.72	1.49
3	3	0.36	6.27	52.68	9.40	0.00
3	7	0.75	5.45	44.95	5.97	0.00
Core	CPU	C1%	C3%	C6%	C8%	C9%
-	-	1.38	6.18	48.32	7.80	0.22
0	0	1.89	8.56	55.55	4.79	0.11
0	4	1.05	4.27	47.49	7.67	0.30
1	1	0.82	5.82	45.82	10.19	0.01
1	5	1.82	6.27	46.52	7.95	0.37
2	2	1.37	5.29	49.74	9.26	0.11
2	6	1.25	5.98	50.06	8.50	0.00
3	3	1.62	7.52	44.05	4.49	0.27
3	7	1.24	5.67	46.88	9.46	0.60
Core	CPU	C1%	C3%	C6%	C8%	C9%
-	-	1.27	8.47	47.86	5.36	0.00
0	0	1.21	8.70	42.78	3.18	0.00
0	4	1.32	7.42	47.71	6.21	0.00
1	1	1.32	9.02	49.93	4.75	0.00
1	5	1.10	8.01	49.71	3.60	0.00
2	2	0.97	8.84	47.46	8.54	0.00
2	6	1.72	8.64	49.90	5.80	0.00
3	3	0.70	7.51	42.76	6.44	0.00
3	7	1.77	9.61	52.68	4.37	0.00
Core	CPU	C1%	C3%	C6%	C8%	C9%
-	-	1.21	8.53	50.87	5.03	0.02
0	0	1.11	10.14	52.23	3.69	0.01
0	4	0.50	7.55	52.31	5.97	0.00
1	1	1.60	9.24	50.04	4.66	0.00
1	5	2.15	7.49	47.55	6.63	0.00
2	2	1.03	7.77	51.60	4.49	0.00
2	6	0.64	9.15	49.79	3.92	0.00
3	3	1.09	7.55	52.22	6.01	0.00
3	7	1.58	9.39	51.21	4.87	0.10
Core	CPU	C1%	C3%	C6%	C8%	C9%
-	-	1.33	10.02	49.33	3.54	0.01
0	0	2.02	12.65	44.60	2.49	0.00
0	4	0.66	9.62	52.40	3.87	0.00
1	1	1.51	10.62	49.17	3.18	0.11
1	5	1.06	9.55	49.72	2.76	0.00
2	2	0.96	7.47	51.38	5.73	0.00
2	6	1.58	10.50	44.82	6.18	0.00
3	3	1.41	9.10	53.21	2.14	0.00
3	7	1.41	10.64	49.32	2.00	0.00
Core	CPU	C1%	C3%	C6%	C8%	C9%
-	-	1.49	11.56	48.83	2.93	0.00
0	0	2.15	13.73	41.79	1.86	0.00
0	4	0.93	10.17	52.10	3.03	0.00
1	1	1.46	11.19	52.37	2.55	0.00
1	5	1.50	11.30	49.46	3.28	0.00
2	2	1.90	12.38	47.40	4.20	0.00
2	6	1.22	11.34	49.18	2.83	0.00
3	3	1.46	11.34	49.20	2.30	0.00
3	7	1.26	11.04	49.16	3.37	0.00
Core	CPU	C1%	C3%	C6%	C8%	C9%
-	-	1.59	9.63	49.57	3.92	0.08
0	0	1.67	12.57	44.51	1.74	0.00
0	4	1.83	9.24	50.85	4.85	0.08
1	1	1.71	9.46	44.83	5.96	0.01
1	5	2.17	8.55	51.71	3.68	0.00
2	2	0.90	7.77	50.51	3.23	0.27
2	6	1.43	10.21	51.44	2.69	0.24
3	3	1.61	9.59	51.59	3.38	0.00
3	7	1.43	9.67	51.12	5.80	0.00
Core	CPU	C1%	C3%	C6%	C8%	C9%
-	-	4.57	8.22	31.44	20.68	0.14
0	0	5.55	9.27	28.63	28.08	0.12
0	4	3.19	8.58	34.87	22.29	0.00
1	1	5.14	8.18	33.02	24.10	0.00
1	5	3.89	7.72	34.48	21.07	0.00
2	2	4.48	9.47	34.57	23.56	0.00
2	6	5.46	7.24	21.88	2.28	0.00
3	3	4.61	7.10	32.01	22.63	0.50
3	7	4.25	8.20	32.00	21.42	0.51
Core	CPU	C1%	C3%	C6%	C8%	C9%
-	-	1.92	11.23	47.33	3.43	0.00
0	0	2.54	13.21	43.13	3.35	0.00
0	4	1.56	9.69	48.08	5.10	0.00
1	1	2.78	11.26	45.82	1.39	0.00
1	5	2.28	8.07	50.81	4.18	0.00
2	2	2.09	11.69	48.70	3.20	0.00
2	6	1.09	12.14	46.94	3.81	0.01
3	3	1.45	11.78	49.43	4.16	0.00
3	7	1.60	12.08	45.95	2.29	0.00
Core	CPU	C1%	C3%	C6%	C8%	C9%
-	-	1.79	12.71	45.30	3.11	0.00
0	0	2.33	15.51	41.16	1.65	0.03
0	4	1.43	11.54	45.88	2.79	0.00
1	1	1.57	12.64	46.99	3.51	0.00
1	5	1.16	11.11	48.12	3.41	0.01
2	2	1.65	12.18	48.19	3.80	0.00
2	6	1.59	13.94	45.80	2.48	0.00
3	3	2.53	12.43	42.87	2.50	0.00
3	7	2.02	12.28	43.30	4.71	0.00
Core	CPU	C1%	C3%	C6%	C8%	C9%
-	-	1.22	13.64	45.25	2.13	0.00
0	0	1.69	15.16	37.86	2.04	0.00
0	4	1.17	13.49	47.40	1.65	0.00
1	1	0.97	12.91	48.94	2.57	0.00
1	5	0.56	12.87	46.78	2.92	0.00
2	2	1.10	12.77	46.35	1.87	0.00
2	6	1.87	15.29	39.50	1.33	0.00
3	3	1.05	13.32	46.02	2.97	0.00
3	7	1.35	13.33	49.15	1.72	0.00
Core	CPU	C1%	C3%	C6%	C8%	C9%
-	-	0.88	10.54	48.36	4.75	0.26
0	0	1.07	11.33	47.92	3.54	0.00
0	4	0.72	9.49	52.04	5.37	0.00
1	1	0.76	10.24	50.48	6.21	0.00
1	5	0.62	8.92	46.14	6.50	0.49
2	2	0.58	9.35	53.04	4.69	0.00
2	6	0.84	12.73	41.38	3.46	1.56
3	3	0.99	11.80	49.21	3.03	0.00
3	7	1.45	10.54	46.90	5.20	0.00
Core	CPU	C1%	C3%	C6%	C8%	C9%
-	-	0.85	12.93	45.98	3.59	0.01
0	0	0.92	14.09	41.47	3.06	0.00
0	4	0.62	10.85	53.04	2.47	0.00
1	1	1.17	13.06	48.74	2.03	0.00
1	5	0.66	12.55	47.24	4.45	0.00
2	2	0.64	12.26	45.91	5.73	0.00
2	6	1.32	15.75	38.93	2.74	0.06
3	3	1.03	13.03	44.76	2.81	0.00
3	7	0.44	11.85	47.60	5.46	0.00
Core	CPU	C1%	C3%	C6%	C8%	C9%
-	-	0.96	14.21	44.97	2.53	0.00
0	0	1.53	15.29	40.97	2.41	0.00
0	4	0.70	13.22	48.28	2.32	0.00
1	1	1.12	14.20	46.35	2.04	0.00
1	5	0.83	14.29	46.81	1.93	0.00
2	2	0.56	12.48	46.51	3.93	0.00
2	6	1.70	16.25	35.16	1.44	0.00
3	3	0.55	14.22	48.10	3.81	0.00
3	7	0.73	13.70	47.54	2.35	0.00
Core	CPU	C1%	C3%	C6%	C8%	C9%
-	-	1.11	14.03	45.87	2.53	0.04
0	0	1.95	15.35	38.93	0.54	0.28
0	4	0.82	11.89	48.22	4.79	0.01
1	1	1.30	13.32	50.50	1.81	0.00
1	5	0.51	14.55	52.12	1.97	0.00
2	2	0.85	12.01	49.66	3.76	0.00
2	6	1.61	17.28	33.61	1.76	0.00
3	3	1.10	14.60	44.84	3.14	0.00
3	7	0.71	13.25	49.12	2.50	0.00
Core	CPU	C1%	C3%	C6%	C8%	C9%
-	-	1.48	11.14	40.44	13.81	0.08
0	0	1.96	10.84	25.99	2.22	0.00
0	4	1.04	12.20	48.71	9.60	0.00
1	1	1.28	9.31	45.03	17.19	0.00
1	5	1.67	10.95	40.66	19.61	0.37
2	2	1.19	11.31	42.79	16.08	0.00
2	6	2.01	13.61	34.17	14.84	0.27
3	3	1.06	10.61	40.08	17.00	0.00
3	7	1.63	10.23	46.02	13.89	0.00
Core	CPU	C1%	C3%	C6%	C8%	C9%
-	-	0.71	13.28	46.48	3.45	0.02
0	0	0.83	14.23	45.88	2.76	0.00
0	4	0.70	12.82	47.13	4.15	0.11
1	1	0.83	12.86	47.20	3.80	0.00
1	5	0.49	12.38	46.81	5.14	0.00
2	2	0.66	12.47	50.23	1.98	0.00
2	6	1.24	17.42	35.86	2.60	0.03
3	3	0.48	11.84	52.23	2.71	0.00
3	7	0.42	12.40	47.01	4.51	0.00
Core	CPU	C1%	C3%	C6%	C8%	C9%
-	-	0.94	14.83	44.10	2.59	0.00
0	0	1.46	16.23	36.37	1.74	0.00
0	4	0.42	13.69	47.74	2.97	0.00
1	1	0.49	14.23	47.52	2.94	0.00
1	5	1.05	14.47	44.77	3.94	0.00
2	2	1.15	13.19	46.97	2.60	0.00
2	6	1.17	18.56	36.70	1.63	0.00
3	3	1.03	14.76	44.81	2.02	0.00
3	7	0.71	13.32	47.34	2.84	0.00
Core	CPU	C1%	C3%	C6%	C8%	C9%
-	-	1.23	16.16	43.50	1.67	0.02
0	0	2.10	17.27	39.18	1.36	0.00
0	4	0.89	16.39	43.52	2.33	0.00
1	1	1.12	15.95	46.59	1.29	0.00
1	5	0.84	15.03	43.67	2.81	0.00
2	2	1.44	16.27	43.45	1.32	0.00
2	6	1.52	17.40	40.36	1.59	0.15
3	3	1.01	16.28	44.28	0.40	0.00
3	7	0.89	14.69	46.98	2.20	0.00
Core	CPU	C1%	C3%	C6%	C8%	C9%
-	-	1.33	13.66	44.79	2.47	0.03
0	0	2.46	14.48	37.19	3.23	0.00
0	4	0.98	11.41	51.39	1.54	0.00
1	1	1.20	13.12	45.55	4.03	0.00
1	5	1.35	13.97	46.08	2.31	0.00
2	2	0.88	14.09	46.71	2.28	0.00
2	6	1.27	16.30	36.63	1.00	0.11
3	3	1.39	13.90	46.77	1.55	0.00
3	7	1.15	12.05	48.23	3.83	0.10
Core	CPU	C1%	C3%	C6%	C8%	C9%
-	-	3.51	14.49	40.83	1.86	0.00
0	0	4.71	16.77	32.93	0.59	0.00
0	4	3.07	13.92	43.37	2.23	0.00
1	1	3.07	14.29	44.51	2.09	0.00
1	5	4.23	14.60	40.71	1.40	0.00
2	2	2.55	12.00	46.55	3.33	0.00
2	6	4.44	15.69	32.44	0.87	0.00
3	3	3.45	14.21	42.82	1.02	0.00
3	7	2.52	14.38	43.03	3.37	0.00
Core	CPU	C1%	C3%	C6%	C8%	C9%
-	-	8.09	11.46	32.08	5.29	0.00
0	0	12.03	11.47	20.00	1.39	0.00
0	4	6.46	10.32	33.09	5.77	0.00
1	1	8.48	12.14	34.39	3.97	0.00
1	5	7.22	10.55	37.15	6.37	0.00
2	2	7.85	11.28	32.44	6.47	0.00
2	6	7.47	13.00	30.57	4.96	0.00
3	3	7.81	11.97	33.57	5.54	0.00
3	7	7.40	10.97	35.44	7.88	0.00
Core	CPU	C1%	C3%	C6%	C8%	C9%
-	-	1.51	13.52	43.53	5.94	0.00
0	0	2.32	13.38	27.40	1.28	0.00
0	4	0.82	13.18	44.86	11.27	0.00
1	1	1.65	13.73	46.06	5.36	0.00
1	5	1.22	12.16	46.06	8.03	0.00
2	2	1.48	14.48	47.85	3.06	0.00
2	6	1.49	14.10	45.33	4.67	0.00
3	3	1.70	13.71	46.94	4.03	0.00
3	7	1.43	13.46	43.88	9.81	0.00
Core	CPU	C1%	C3%	C6%	C8%	C9%
-	-	0.87	10.38	53.20	5.50	0.08
0	0	0.89	10.72	49.47	4.48	0.00
0	4	1.00	10.67	53.96	3.55	0.00
1	1	0.99	10.16	54.43	5.89	0.00
1	5	0.70	10.38	54.88	5.06	0.00
2	2	0.67	10.49	54.50	5.46	0.00
2	6	0.90	9.55	47.01	7.16	0.60
3	3	1.11	11.49	55.66	4.63	0.00
3	7	0.65	9.58	55.70	7.77	0.00
Core	CPU	C1%	C3%	C6%	C8%	C9%
-	-	1.02	11.68	51.14	4.19	0.00
0	0	1.39	13.31	43.13	2.57	0.00
0	4	0.67	10.93	53.48	4.06	0.00
1	1	0.76	13.10	50.15	1.74	0.00
1	5	1.08	9.50	53.06	4.95	0.00
2	2	0.66	11.41	54.75	5.04	0.00
2	6	1.46	11.55	51.02	4.41	0.00
3	3	0.69	12.01	52.01	5.36	0.00
3	7	1.44	11.59	51.45	5.37	0.00
Core	CPU	C1%	C3%	C6%	C8%	C9%
-	-	1.36	13.86	46.76	2.49	0.00
0	0	2.44	15.80	37.74	1.63	0.00
0	4	0.91	12.30	49.33	3.50	0.01
1	1	0.74	13.24	47.26	4.94	0.01
1	5	1.53	13.82	47.36	0.73	0.00
2	2	1.59	13.55	49.58	2.34	0.00
2	6	1.17	13.58	46.81	1.69	0.00
3	3	1.22	14.60	49.38	2.26	0.00
3	7	1.28	14.03	46.69	2.84	0.00
Core	CPU	C1%	C3%	C6%	C8%	C9%
-	-	0.94	9.32	50.64	5.77	0.12
0	0	1.44	10.34	50.09	4.06	0.18
0	4	0.84	8.84	50.20	4.73	0.00
1	1	0.83	9.24	46.93	7.36	0.00
1	5	0.81	8.32	57.86	5.38	0.00
2	2	0.98	9.91	47.80	6.90	0.78
2	6	1.05	9.61	46.75	8.29	0.00
3	3	0.94	9.70	54.62	5.06	0.00
3	7	0.67	8.61	50.78	4.40	0.00
Core	CPU	C1%	C3%	C6%	C8%	C9%
-	-	0.80	8.71	52.09	6.80	0.03
0	0	0.88	8.16	51.87	6.42	0.00
0	4	0.65	7.43	50.18	6.32	0.00
1	1	0.59	9.54	52.21	7.04	0.00
1	5	1.51	9.55	54.82	7.20	0.00
2	2	0.58	8.40	53.92	7.21	0.00
2	6	1.03	10.03	47.62	3.60	0.26
3	3	0.90	9.73	53.27	6.04	0.00
3	7	0.30	6.88	52.83	10.55	0.00
Core	CPU	C1%	C3%	C6%	C8%	C9%
-	-	0.82	7.86	53.68	7.28	0.08
0	0	1.14	9.11	48.07	4.64	0.00
0	4	0.89	7.00	55.62	9.05	0.00
1	1	0.76	8.05	57.55	6.59	0.00
1	5	0.44	7.26	47.63	7.13	0.00
2	2	0.51	8.60	53.21	8.97	0.00
2	6	0.97	8.10	58.08	4.70	0.64
3	3	0.79	7.23	53.49	7.98	0.00
3	7	1.02	7.55	55.74	9.17	0.00
Core	CPU	C1%	C3%	C6%	C8%	C9%
-	-	0.89	8.36	52.33	6.93	0.18
0	0	1.34	9.83	51.84	5.63	0.00
0	4	0.49	6.91	52.92	8.57	1.07
1	1	0.76	8.82	52.17	8.84	0.00
1	5	0.77	7.09	50.74	8.27	0.00
2	2	0.89	7.94	53.42	6.44	0.00
2	6	1.13	9.33	50.50	4.61	0.00
3	3	0.82	8.27	52.76	7.32	0.00
3	7	0.95	8.84	55.07	5.89	0.34
Core	CPU	C1%	C3%	C6%	C8%	C9%
-	-	0.97	7.67	50.44	7.28	0.02
0	0	1.54	9.80	55.12	2.67	0.00
0	4	0.52	6.78	48.97	6.87	0.19
1	1	1.38	6.79	45.56	9.45	0.00
1	5	0.56	7.42	52.32	10.10	0.00
2	2	0.79	7.99	52.53	4.24	0.00
2	6	1.00	8.41	48.83	8.75	0.00
3	3	1.56	7.54	52.25	6.40	0.00
3	7	0.41	6.57	47.50	9.72	0.00
Core	CPU	C1%	C3%	C6%	C8%	C9%
-	-	1.22	9.23	47.89	4.96	0.11
0	0	1.90	11.44	46.58	5.13	0.00
0	4	0.97	8.41	46.04	6.72	0.53
1	1	0.94	8.35	46.35	6.65	0.00
1	5	0.95	9.67	50.17	5.83	0.00
2	2	1.19	8.20	52.79	4.22	0.00
2	6	1.40	9.24	44.72	3.59	0.32
3	3	0.84	8.55	48.25	4.31	0.00
3	7	1.59	9.99	48.40	3.26	0.00
Core	CPU	C1%	C3%	C6%	C8%	C9%
-	-	0.97	8.71	51.41	5.43	0.05
0	0	1.96	10.02	43.44	3.52	0.41
0	4	0.52	7.73	49.99	4.83	0.01
1	1	1.25	9.46	53.58	5.30	0.00
1	5	0.86	8.97	55.05	5.75	0.00
2	2	0.87	9.13	53.26	5.13	0.01
2	6	0.55	7.43	51.73	6.30	0.00
3	3	1.03	8.32	49.71	7.21	0.00
3	7	0.66	8.53	54.17	5.33	0.00
Core	CPU	C1%	C3%	C6%	C8%	C9%
-	-	0.90	7.98	53.16	7.08	0.00
0	0	1.72	10.52	49.89	4.48	0.00
0	4	0.62	6.74	55.83	11.42	0.00
1	1	1.07	7.20	53.83	8.37	0.01
1	5	0.56	6.97	51.17	8.05	0.00
2	2	0.67	6.42	50.27	9.77	0.00
2	6	0.81	9.00	54.97	3.94	0.00
3	3	0.58	7.41	55.54	7.88	0.00
3	7	1.21	9.64	53.93	2.78	0.00
Core	CPU	C1%	C3%	C6%	C8%	C9%
-	-	0.80	7.69	54.26	5.71	0.01
0	0	0.60	8.55	52.72	4.19	0.05
0	4	1.12	7.30	54.22	6.46	0.00
1	1	1.00	8.08	58.59	4.81	0.00
1	5	0.85	7.73	51.28	7.81	0.00
2	2	0.26	6.79	54.14	5.01	0.00
2	6	0.90	7.87	49.28	7.66	0.04
3	3	0.43	7.84	57.65	4.60	0.00
3	7	1.24	7.39	56.44	5.20	0.00
Core	CPU	C1%	C3%	C6%	C8%	C9%
-	-	1.03	7.01	53.03	7.45	0.08
0	0	1.32	8.14	54.08	5.23	0.11
0	4	0.51	7.27	56.27	6.54	0.00
1	1	1.42	6.95	53.66	6.89	0.00
1	5	0.96	6.59	45.37	9.69	0.00
2	2	0.54	7.34	54.41	11.90	0.36
2	6	1.07	7.08	55.79	5.85	0.18
3	3	1.43	6.73	53.32	6.69	0.00
3	7	0.97	5.95	50.98	6.79	0.00
Core	CPU	C1%	C3%	C6%	C8%	C9%
-	-	1.35	5.63	35.70	18.85	0.15
0	0	1.73	7.50	33.71	3.93	0.19
0	4	1.26	4.92	35.10	28.52	0.51
1	1	1.27	4.69	32.20	6.97	0.00
1	5	1.22	6.79	38.67	26.73	0.00
2	2	1.13	4.64	36.08	27.27	0.00
2	6	1.68	5.07	33.28	3.12	0.00
3	3	1.07	5.62	36.38	25.59	0.00
3	7	1.45	5.82	40.08	28.60	0.50
Core	CPU	C1%	C3%	C6%	C8%	C9%
-	-	1.16	9.59	49.48	5.65	0.02
0	0	1.53	10.64	47.47	5.21	0.00
0	4	0.80	9.94	49.90	5.75	0.00
1	1	0.87	9.11	52.16	7.32	0.00
1	5	0.95	8.88	47.76	4.85	0.00
2	2	1.11	9.97	47.52	5.70	0.00
2	6	1.31	9.44	49.82	5.30	0.01
3	3	1.42	9.51	50.33	7.49	0.11
3	7	1.25	9.26	51.01	3.60	0.00
Core	CPU	C1%	C3%	C6%	C8%	C9%
-	-	1.32	8.35	52.06	6.65	0.05
0	0	1.69	10.17	50.49	3.45	0.01
0	4	1.16	6.82	53.29	8.17	0.00
1	1	1.66	9.58	53.53	4.52	0.00
1	5	0.72	7.50	48.29	10.49	0.00
2	2	1.42	7.90	58.22	8.12	0.00
2	6	1.75	8.88	46.62	5.32	0.41
3	3	1.08	8.04	52.22	9.49	0.00
3	7	1.10	8.00	54.04	3.67	0.00
Core	CPU	C1%	C3%	C6%	C8%	C9%
-	-	0.73	7.41	56.41	6.79	0.05
0	0	1.42	9.40	55.53	5.07	0.00
0	4	0.61	7.01	61.55	5.10	0.00
1	1	0.91	6.94	56.15	8.48	0.00
1	5	0.52	8.02	57.96	4.85	0.00
2	2	0.74	7.16	53.52	5.41	0.00
2	6	0.53	6.46	54.56	7.89	0.40
3	3	0.53	7.09	54.29	9.72	0.00
3	7	0.58	7.13	57.50	7.79	0.00
Core	CPU	C1%	C3%	C6%	C8%	C9%
-	-	0.77	5.53	53.45	9.02	0.00
0	0	1.55	6.99	54.84	6.42	0.00
0	4	0.52	5.22	53.97	9.30	0.00
1	1	1.27	6.91	56.98	7.50	0.00
1	5	0.46	3.27	46.00	11.56	0.00
2	2	0.64	6.01	51.39	8.15	0.00
2	6	0.60	4.27	51.10	10.08	0.00
3	3	0.46	5.32	57.31	9.91	0.00
3	7	0.67	6.23	56.03	9.28	0.00
Core	CPU	C1%	C3%	C6%	C8%	C9%
-	-	0.86	8.12	52.87	7.36	0.19
0	0	1.27	9.57	50.21	6.41	0.00
0	4	0.64	7.66	52.23	7.20	1.50
1	1	0.96	8.86	53.37	5.17	0.00
1	5	0.78	7.81	48.95	13.13	0.00
2	2	0.71	7.42	55.11	4.47	0.00
2	6	1.07	8.28	55.04	6.30	0.00
3	3	0.96	7.83	55.45	7.72	0.00
3	7	0.51	7.54	52.50	8.50	0.00
Core	CPU	C1%	C3%	C6%	C8%	C9%
-	-	0.97	9.18	51.97	6.08	0.01
0	0	2.00	10.73	46.92	5.37	0.07
0	4	0.73	9.46	50.76	7.36	0.00
1	1	0.95	8.12	50.77	5.58	0.00
1	5	1.00	9.26	55.49	5.02	0.00
2	2	0.83	8.80	54.98	8.23	0.00
2	6	0.62	8.68	52.32	6.94	0.00
3	3	0.93	9.59	53.34	5.64	0.00
3	7	0.68	8.87	51.34	4.53	0.00
Core	CPU	C1%	C3%	C6%	C8%	C9%
-	-	1.49	10.20	46.93	4.42	0.00
0	0	1.74	11.80	42.99	4.94	0.00
0	4	1.13	9.49	48.47	3.10	0.01
1	1	2.20	9.68	43.72	3.77	0.00
1	5	1.21	10.13	49.29	7.01	0.00
2	2	1.23	10.87	45.46	2.21	0.00
2	6	1.44	8.89	49.50	7.14	0.00
3	3	1.64	11.13	51.51	3.21	0.00
3	7	1.33	9.58	44.40	4.02	0.00
Core	CPU	C1%	C3%	C6%	C8%	C9%
-	-	0.95	8.11	52.10	6.18	0.01
0	0	1.59	8.95	49.21	3.05	0.00
0	4	0.54	7.33	53.83	11.24	0.00
1	1	0.77	8.61	56.51	4.22	0.00
1	5	1.01	6.65	49.35	7.20	0.00
2	2	0.72	8.78	55.35	5.23	0.11
2	6	1.00	8.04	54.92	6.33	0.00
3	3	1.25	9.58	49.74	3.82	0.00
3	7	0.69	6.93	47.83	8.38	0.00
Core	CPU	C1%	C3%	C6%	C8%	C9%
-	-	0.82	6.64	52.35	7.74	0.05
0	0	1.10	8.29	52.24	3.80	0.00
0	4	0.62	6.13	57.95	6.30	0.00
1	1	1.03	6.82	56.58	8.14	0.00
1	5	1.08	6.48	50.73	10.22	0.00
2	2	0.41	5.40	50.60	10.28	0.00
2	6	0.59	7.35	48.63	5.64	0.43
3	3	1.02	6.22	52.01	7.01	0.00
3	7	0.74	6.47	50.15	10.55	0.00
Core	CPU	C1%	C3%	C6%	C8%	C9%
-	-	0.87	7.94	50.15	7.49	0.01
0	0	0.80	8.28	44.93	5.89	0.00
0	4	0.58	8.33	51.65	6.41	0.00
1	1	1.32	9.42	52.38	4.85	0.00
1	5	0.63	7.67	49.80	10.89	0.00
2	2	0.87	8.72	54.70	4.25	0.00
2	6	1.06	7.25	47.16	13.25	0.00
3	3	1.08	7.48	51.16	6.63	0.04
3	7	0.64	6.51	50.28	7.91	0.00
Core	CPU	C1%	C3%	C6%	C8%	C9%
-	-	1.11	8.76	52.56	5.25	0.00
0	0	1.61	10.92	47.01	1.54	0.00
0	4	0.71	8.44	52.37	6.63	0.00
1	1	0.77	7.83	56.08	4.26	0.00
1	5	1.53	7.82	47.78	5.02	0.00
2	2	0.86	9.12	53.66	6.51	0.00
2	6	0.94	8.11	51.79	9.80	0.00
3	3	1.20	8.08	55.31	4.93	0.00
3	7	1.22	9.63	55.47	3.22	0.00
Core	CPU	C1%	C3%	C6%	C8%	C9%
-	-	1.09	12.58	50.81	2.94	0.00
0	0	1.30	14.99	41.71	1.38	0.00
0	4	1.21	12.96	50.40	3.41	0.00
1	1	0.62	11.20	56.68	3.78	0.00
1	5	0.92	12.24	52.35	2.26	0.00
2	2	1.48	13.04	53.81	1.04	0.00
2	6	1.09	11.04	48.74	4.40	0.00
3	3	1.32	12.85	49.03	3.95	0.00
3	7	0.78	12.32	53.72	3.32	0.00
Core	CPU	C1%	C3%	C6%	C8%	C9%
-	-	5.31	11.12	41.00	2.70	0.00
0	0	6.49	13.28	33.00	1.93	0.00
0	4	5.02	11.13	43.88	2.15	0.00
1	1	4.71	10.54	45.95	2.84	0.00
1	5	4.68	11.13	43.87	2.31	0.00
2	2	4.70	9.97	42.71	3.77	0.00
2	6	5.59	11.87	41.22	1.43	0.00
3	3	5.18	9.43	40.31	3.41	0.00
3	7	6.12	11.60	37.08	3.78	0.00
Core	CPU	C1%	C3%	C6%	C8%	C9%
-	-	4.18	11.95	42.49	2.54	0.00
0	0	5.25	13.72	36.49	1.86	0.00
0	4	3.23	11.63	44.73	4.29	0.00
1	1	4.23	11.16	42.98	1.71	0.00
1	5	4.00	12.07	44.33	2.25	0.00
2	2	4.50	10.93	44.36	3.11	0.00
2	6	4.23	12.91	45.49	1.55	0.00
3	3	3.74	11.76	46.74	2.45	0.03
3	7	4.24	11.48	34.82	3.06	0.00
Core	CPU	C1%	C3%	C6%	C8%	C9%
-	-	12.00	12.42	27.88	0.98	0.00
0	0	16.39	14.58	16.50	0.32	0.00
0	4	10.33	12.53	31.14	0.54	0.00
1	1	11.88	12.35	26.61	0.61	0.00
1	5	10.64	12.31	29.11	0.89	0.00
2	2	12.81	11.82	30.46	1.48	0.00
2	6	12.94	10.61	28.17	2.37	0.00
3	3	10.89	12.48	29.35	1.08	0.00
3	7	10.14	12.65	31.73	0.60	0.00
Core	CPU	C1%	C3%	C6%	C8%	C9%
-	-	2.29	9.45	31.30	23.61	0.26
0	0	2.20	10.28	28.96	30.08	0.00
0	4	2.12	8.98	29.92	23.73	0.51
1	1	2.35	9.84	31.88	26.77	0.63
1	5	3.01	9.26	32.93	27.28	0.00
2	2	1.56	8.86	34.17	27.22	0.00
2	6	2.42	9.57	24.28	1.13	0.00
3	3	2.22	8.71	32.76	28.13	0.92
3	7	2.46	10.11	35.49	24.46	0.00
Core	CPU	C1%	C3%	C6%	C8%	C9%
-	-	1.82	13.96	44.71	1.99	0.00
0	0	2.49	18.23	33.41	0.85	0.00
0	4	1.24	12.36	49.46	2.21	0.00
1	1	1.92	14.05	47.83	1.33	0.00
1	5	1.58	13.04	47.07	1.96	0.00
2	2	2.06	13.87	42.91	1.70	0.00
2	6	1.78	13.91	45.78	1.59	0.00
3	3	1.97	12.62	44.31	4.92	0.00
3	7	1.51	13.65	46.98	1.40	0.00
Core	CPU	C1%	C3%	C6%	C8%	C9%
-	-	1.79	15.61	40.71	1.40	0.00
0	0	3.28	18.22	28.94	0.59	0.00
0	4	1.12	14.63	40.14	2.27	0.00
1	1	1.89	15.60	42.29	0.65	0.00
1	5	2.04	13.98	43.19	3.00	0.00
2	2	1.90	16.44	40.80	0.99	0.00
2	6	1.25	14.99	46.69	1.10	0.00
3	3	1.70	16.52	39.22	1.35	0.00
3	7	1.18	14.51	44.47	1.30	0.00
Core	CPU	C1%	C3%	C6%	C8%	C9%
-	-	1.80	12.14	44.92	3.99	0.03
0	0	2.18	14.12	37.41	3.11	0.00
0	4	1.10	10.31	52.01	3.46	0.00
1	1	1.23	11.08	42.42	5.75	0.00
1	5	1.56	12.79	47.04	4.38	0.00
2	2	2.26	11.57	46.03	4.11	0.11
2	6	2.57	13.75	43.44	1.59	0.10
3	3	1.82	12.00	44.04	4.62	0.01
3	7	1.67	11.51	46.96	4.92	0.00
Core	CPU	C1%	C3%	C6%	C8%	C9%
-	-	1.34	8.66	49.60	5.31	0.11
0	0	1.46	10.33	45.94	5.11	0.00
0	4	0.90	8.24	51.34	7.07	0.00
1	1	1.94	8.77	48.99	4.01	0.00
1	5	1.64	8.02	52.34	4.69	0.00
2	2	1.46	8.29	46.48	5.82	0.85
2	6	1.10	7.95	50.08	8.80	0.00
3	3	1.28	9.02	52.38	3.62	0.00
3	7	0.93	8.64	49.20	3.35	0.00
Core	CPU	C1%	C3%	C6%	C8%	C9%
-	-	1.70	11.43	46.81	2.47	0.00
0	0	2.78	13.19	39.56	2.48	0.00
0	4	1.43	10.01	51.65	4.18	0.00
1	1	2.64	11.84	46.90	1.12	0.00
1	5	1.60	10.94	48.15	6.03	0.00
2	2	1.12	11.74	46.36	1.33	0.00
2	6	1.18	10.81	50.96	1.50	0.00
3	3	1.19	10.43	46.61	1.46	0.00
3	7	1.69	12.47	44.22	1.66	0.00
Core	CPU	C1%	C3%	C6%	C8%	C9%
-	-	1.77	12.87	44.76	2.66	0.02
0	0	1.86	16.30	38.34	1.81	0.00
0	4	1.02	12.24	48.29	3.46	0.20
1	1	1.55	12.92	43.90	1.70	0.00
1	5	2.18	10.67	48.80	3.16	0.00
2	2	1.66	13.62	42.55	1.41	0.00
2	6	2.03	13.12	46.86	3.19	0.00
3	3	1.82	14.01	42.07	0.74	0.00
3	7	2.03	10.11	47.30	5.77	0.00
Core	CPU	C1%	C3%	C6%	C8%	C9%
-	-	0.79	8.51	50.03	7.27	0.05
0	0	1.21	9.61	52.57	4.25	0.00
0	4	0.51	7.27	50.10	10.11	0.04
1	1	0.62	8.33	51.05	6.48	0.00
1	5	0.88	9.30	52.46	4.69	0.11
2	2	1.30	8.17	52.84	7.68	0.00
2	6	0.88	10.19	41.23	8.66	0.23
3	3	0.53	8.30	51.77	8.03	0.00
3	7	0.43	6.90	48.19	8.27	0.00
Core	CPU	C1%	C3%	C6%	C8%	C9%
-	-	0.92	11.18	47.63	5.12	0.02
0	0	1.05	12.23	43.66	4.63	0.00
0	4	0.76	9.57	47.92	5.79	0.02
1	1	0.85	11.41	48.04	5.97	0.00
1	5	0.72	9.70	47.98	7.11	0.02
2	2	1.16	11.84	51.63	2.85	0.00
2	6	0.81	13.04	41.41	4.67	0.02
3	3	1.25	11.09	49.62	5.00	0.00
3	7	0.73	10.66	51.28	4.99	0.10
Core	CPU	C1%	C3%	C6%	C8%	C9%
-	-	0.81	9.24	50.20	6.10	0.05
0	0	1.68	11.03	48.45	6.17	0.00
0	4	0.56	7.85	53.31	5.52	0.09
1	1	0.83	8.98	49.50	7.47	0.00
1	5	0.49	8.28	48.77	8.74	0.00
2	2	0.55	9.16	51.22	5.24	0.01
2	6	0.81	11.34	50.02	4.12	0.30
3	3	0.79	9.68	51.30	3.80	0.03
3	7	0.77	7.47	48.50	7.66	0.00
Core	CPU	C1%	C3%	C6%	C8%	C9%
-	-	0.78	7.00	53.63	8.41	0.19
0	0	0.91	7.61	51.06	9.41	0.10
0	4	0.73	5.41	58.19	7.61	0.26
1	1	0.72	7.26	55.72	7.84	0.00
1	5	0.52	5.91	53.09	10.38	0.00
2	2	0.88	7.53	52.00	7.80	0.00
2	6	1.20	9.37	50.54	7.97	1.00
3	3	0.76	6.14	52.04	9.97	0.00
3	7	0.53	6.81	56.37	6.31	0.17
Core	CPU	C1%	C3%	C6%	C8%	C9%
-	-	1.02	7.21	53.53	6.69	0.10
0	0	1.31	8.88	52.21	3.86	0.00
0	4	0.83	6.44	50.80	5.20	0.00
1	1	0.54	5.78	56.08	8.42	0.00
1	5	0.97	7.01	56.18	6.97	0.00
2	2	0.81	7.03	48.22	6.32	0.00
2	6	1.03	7.42	52.17	6.03	0.74
3	3	1.47	7.93	56.80	5.64	0.00
3	7	1.21	7.23	55.93	11.09	0.04
Core	CPU	C1%	C3%	C6%	C8%	C9%
-	-	0.89	7.40	41.23	22.80	0.12
0	0	0.96	8.01	30.53	1.65	0.00
0	4	0.70	6.18	37.91	26.23	0.00
1	1	1.12	6.72	36.89	31.48	0.42
1	5	0.81	8.26	48.23	23.39	0.00
2	2	0.48	7.04	50.89	19.27	0.00
2	6	1.57	8.19	36.09	29.92	0.00
3	3	0.77	7.27	49.54	21.07	0.00
3	7	0.68	7.47	39.61	29.36	0.50
Core	CPU	C1%	C3%	C6%	C8%	C9%
-	-	1.06	8.96	50.54	6.74	0.02
0	0	1.52	9.78	49.58	4.38	0.02
0	4	0.96	8.91	52.75	6.55	0.14
1	1	1.02	8.13	56.25	4.38	0.00
1	5	1.09	9.13	50.34	5.73	0.00
2	2	1.03	8.24	46.35	11.68	0.00
2	6	1.02	10.51	44.04	11.07	0.00
3	3	0.96	8.00	52.40	3.73	0.00
3	7	0.89	9.03	52.77	6.44	0.00
Core	CPU	C1%	C3%	C6%	C8%	C9%
-	-	0.85	11.17	47.72	5.24	0.01
0	0	0.92	12.79	47.98	3.86	0.00
0	4	0.49	10.94	48.30	4.94	0.00
1	1	0.57	11.22	50.26	5.10	0.00
1	5	1.33	11.48	49.48	4.15	0.00
2	2	0.65	10.47	50.20	5.25	0.06
2	6	1.14	13.04	41.73	5.05	0.00
3	3	0.92	9.52	47.56	6.35	0.01
3	7	0.76	9.90	46.33	7.18	0.04
Core	CPU	C1%	C3%	C6%	C8%	C9%
-	-	0.83	11.27	48.68	5.50	0.05
0	0	1.11	12.13	44.89	4.60	0.00
0	4	0.36	11.00	49.65	4.83	0.00
1	1	0.56	10.89	52.61	4.59	0.00
1	5	0.94	10.60	52.12	5.65	0.00
2	2	0.62	10.48	49.44	7.28	0.01
2	6	1.38	14.07	42.16	3.55	0.36
3	3	0.93	10.49	49.00	7.23	0.01
3	7	0.74	10.47	49.54	6.28	0.00
Core	CPU	C1%	C3%	C6%	C8%	C9%
-	-	1.15	12.20	48.22	3.58	0.00
0	0	1.56	14.40	42.10	0.86	0.00
0	4	1.00	10.05	50.99	5.64	0.00
1	1	0.88	11.71	53.51	3.35	0.00
1	5	0.92	12.26	47.77	5.61	0.00
2	2	0.92	12.05	48.34	2.09	0.00
2	6	1.06	13.12	41.96	3.27	0.00
3	3	1.63	12.09	48.91	3.53	0.00
3	7	1.26	11.87	52.16	4.28	0.00
Core	CPU	C1%	C3%	C6%	C8%	C9%
-	-	0.74	8.82	53.58	6.36	0.03
0	0	2.28	8.33	51.94	6.69	0.00
0	4	0.83	8.73	58.78	3.10	0.00
1	1	0.38	7.96	53.91	10.09	0.00
1	5	0.16	8.06	54.40	7.23	0.00
2	2	0.40	8.23	49.65	7.49	0.00
2	6	1.17	12.42	47.68	4.81	0.21
3	3	0.47	8.84	54.24	5.18	0.00
3	7	0.22	8.00	58.18	6.30	0.00
Core	CPU	C1%	C3%	C6%	C8%	C9%
-	-	0.90	9.78	52.13	5.87	0.10
0	0	1.62	10.45	49.37	4.25	0.00
0	4	0.58	9.18	51.39	7.52	0.41
1	1	0.70	8.70	50.75	9.92	0.01
1	5	1.17	9.31	54.35	3.65	0.00
2	2	0.69	9.94	53.44	6.98	0.00
2	6	0.76	12.00	49.49	5.31	0.17
3	3	1.07	9.32	55.06	4.40	0.00
3	7	0.62	9.36	53.37	5.00	0.25
Core	CPU	C1%	C3%	C6%	C8%	C9%
-	-	1.33	9.22	54.83	5.44	0.00
0	0	2.25	10.25	52.21	1.64	0.00
0	4	0.57	8.00	55.80	8.36	0.00
1	1	1.03	8.66	55.57	7.23	0.00
1	5	0.99	8.67	55.05	6.00	0.00
2	2	1.18	8.91	53.82	7.00	0.00
2	6	1.37	10.92	52.67	4.89	0.00
3	3	2.14	9.39	53.27	4.84	0.00
3	7	1.07	8.94	59.97	3.50	0.00
Core	CPU	C1%	C3%	C6%	C8%	C9%
-	-	0.88	9.96	51.07	6.26	0.01
0	0	1.52	12.10	48.79	5.16	0.00
0	4	0.76	9.31	55.62	5.22	0.00
1	1	0.81	9.46	51.31	8.36	0.00
1	5	0.58	8.49	52.30	7.77	0.00
2	2	1.48	9.72	52.06	5.78	0.00
2	6	0.85	11.66	48.39	4.19	0.06
3	3	0.67	9.50	51.69	5.94	0.00
3	7	0.36	9.48	48.48	7.68	0.00
Core	CPU	C1%	C3%	C6%	C8%	C9%
-	-	1.29	10.49	51.92	4.10	0.01
0	0	2.55	11.61	46.88	1.49	0.00
0	4	0.71	10.12	49.18	5.59	0.00
1	1	0.64	10.77	52.12	4.06	0.00
1	5	1.71	9.67	54.21	5.48	0.00
2	2	1.21	10.52	55.00	4.27	0.00
2	6	1.52	11.72	47.85	4.87	0.04
3	3	0.93	10.70	56.59	2.66	0.00
3	7	1.06	8.85	53.53	4.36	0.00
Core	CPU	C1%	C3%	C6%	C8%	C9%
-	-	0.81	9.08	53.10	6.72	0.02
0	0	1.28	9.78	52.48	4.23	0.00
0	4	0.89	7.91	53.34	7.11	0.00
1	1	0.89	8.96	52.24	9.60	0.00
1	5	0.40	8.34	56.86	7.37	0.08
2	2	0.85	8.73	56.52	5.71	0.00
2	6	1.18	11.28	50.03	4.50	0.09
3	3	0.51	9.27	50.89	8.32	0.00
3	7	0.51	8.35	52.42	6.89	0.00
Core	CPU	C1%	C3%	C6%	C8%	C9%
-	-	0.92	8.84	52.79	6.80	0.00
0	0	1.51	8.85	47.90	6.32	0.02
0	4	1.26	8.99	55.15	4.77	0.00
1	1	0.77	8.62	57.80	6.64	0.00
1	5	0.89	8.29	49.09	8.77	0.00
2	2	0.96	8.56	54.52	8.16	0.00
2	6	0.96	11.41	48.02	4.97	0.00
3	3	0.51	8.11	54.49	7.95	0.00
3	7	0.51	7.85	55.30	6.81	0.00
Core	CPU	C1%	C3%	C6%	C8%	C9%
-	-	0.88	10.24	51.65	6.28	0.00
0	0	1.84	10.56	50.00	5.00	0.00
0	4	0.57	9.67	53.65	6.53	0.00
1	1	0.80	9.68	51.16	8.56	0.00
1	5	0.56	10.25	51.16	6.70	0.00
2	2	0.94	8.55	54.56	5.95	0.00
2	6	0.88	13.29	47.63	4.82	0.03
3	3	0.59	9.74	51.88	6.27	0.00
3	7	0.89	10.19	53.16	6.39	0.00
Core	CPU	C1%	C3%	C6%	C8%	C9%
-	-	0.72	9.98	52.27	6.23	0.03
0	0	1.40	11.32	50.59	3.49	0.00
0	4	0.32	7.93	52.54	9.98	0.00
1	1	0.89	9.54	48.86	7.67	0.00
1	5	0.20	9.81	53.47	6.52	0.00
2	2	0.30	9.77	54.12	6.06	0.00
2	6	1.10	12.41	48.51	4.65	0.25
3	3	0.97	8.86	55.10	7.07	0.00
3	7	0.60	10.17	55.01	4.41	0.00
Core	CPU	C1%	C3%	C6%	C8%	C9%
-	-	0.80	8.64	53.78	7.29	0.03
0	0	1.27	9.41	54.63	4.44	0.00
0	4	0.34	7.45	57.34	8.98	0.00
1	1	1.19	8.90	53.41	5.90	0.00
1	5	1.01	8.50	52.92	7.97	0.00
2	2	0.40	7.56	54.54	8.13	0.00
2	6	0.92	11.02	49.73	6.50	0.22
3	3	0.52	8.00	52.47	6.09	0.00
3	7	0.77	8.30	55.13	10.30	0.00
Core	CPU	C1%	C3%	C6%	C8%	C9%
-	-	0.67	6.94	43.36	23.17	0.03
0	0	1.28	7.54	38.21	30.81	0.02
0	4	0.45	6.02	45.57	26.73	0.00
1	1	0.52	7.94	46.49	21.19	0.00
1	5	0.47	6.21	35.64	4.10	0.00
2	2	0.71	6.32	42.70	27.89	0.00
2	6	0.96	7.04	48.67	22.58	0.00
3	3	0.68	8.00	46.68	25.19	0.00
3	7	0.28	6.43	42.78	26.80	0.21
Core	CPU	C1%	C3%	C6%	C8%	C9%
-	-	1.34	8.79	52.44	7.65	0.06
0	0	1.83	10.02	49.21	5.79	0.00
0	4	1.19	8.83	53.69	8.79	0.00
1	1	1.35	8.99	50.20	4.50	0.00
1	5	1.03	8.12	51.48	11.11	0.00
2	2	1.25	7.76	55.56	8.89	0.00
2	6	1.45	9.66	49.44	7.58	0.43
3	3	1.39	8.18	52.29	6.82	0.01
3	7	1.19	8.80	57.77	7.75	0.00
Core	CPU	C1%	C3%	C6%	C8%	C9%
-	-	0.58	8.98	52.19	7.08	0.03
0	0	0.90	9.58	49.23	6.27	0.00
0	4	0.44	8.48	52.59	9.17	0.01
1	1	0.85	9.30	53.15	8.26	0.01
1	5	0.36	7.70	53.75	6.02	0.00
2	2	0.57	8.09	52.81	6.85	0.00
2	6	0.73	11.16	48.65	4.12	0.23
3	3	0.41	9.00	51.87	9.69	0.00
3	7	0.40	8.51	55.49	6.27	0.00
Core	CPU	C1%	C3%	C6%	C8%	C9%
-	-	0.93	9.14	52.68	5.89	0.00
0	0	1.44	10.08	48.93	3.47	0.00
0	4	0.68	7.96	57.37	7.15	0.00
1	1	0.87	10.01	53.27	4.13	0.00
1	5	0.58	8.66	52.98	6.12	0.00
2	2	0.82	8.20	55.24	6.99	0.00
2	6	1.09	11.27	52.95	3.04	0.00
3	3	1.07	8.57	50.57	8.54	0.00
3	7	0.92	8.36	50.14	7.69	0.00
Core	CPU	C1%	C3%	C6%	C8%	C9%
-	-	0.45	8.55	52.50	8.35	0.05
0	0	0.58	8.49	54.80	8.90	0.00
0	4	0.27	8.51	51.95	6.91	0.01
1	1	0.31	7.11	51.35	11.46	0.00
1	5	0.21	8.08	56.42	9.40	0.00
2	2	0.47	8.37	53.32	6.44	0.00
2	6	0.78	11.00	44.54	7.77	0.40
3	3	0.40	8.59	51.48	9.19	0.00
3	7	0.60	8.33	56.47	6.78	0.00
Core	CPU	C1%	C3%	C6%	C8%	C9%
-	-	0.44	7.11	54.44	9.45	0.11
0	0	0.46	7.21	54.18	9.35	0.00
0	4	0.09	5.95	56.66	12.14	0.11
1	1	0.62	6.84	55.69	6.41	0.00
1	5	0.32	6.54	57.55	7.91	0.00
2	2	0.39	6.59	54.33	9.86	0.00
2	6	0.61	10.35	49.14	7.40	0.79
3	3	0.18	6.20	55.49	11.86	0.00
3	7	0.89	7.14	52.10	10.58	0.00
Core	CPU	C1%	C3%	C6%	C8%	C9%
-	-	0.49	7.23	54.04	9.62	0.00
0	0	0.80	8.05	56.39	6.29	0.00
0	4	0.30	6.17	56.45	11.45	0.00
1	1	0.78	5.98	56.09	11.10	0.00
1	5	0.27	6.66	52.06	10.03	0.00
2	2	0.42	7.33	49.73	11.34	0.00
2	6	0.48	10.56	50.52	6.11	0.00
3	3	0.38	7.51	56.90	7.59	0.00
3	7	0.49	5.66	54.63	13.14	0.00
Core	CPU	C1%	C3%	C6%	C8%	C9%
-	-	0.56	7.62	54.50	9.34	0.05
0	0	0.81	8.33	55.00	7.00	0.00
0	4	0.43	7.37	58.33	6.87	0.00
1	1	0.76	6.68	54.60	10.82	0.00
1	5	0.50	7.01	55.41	8.72	0.00
2	2	0.49	6.51	53.35	12.19	0.00
2	6	0.44	10.61	50.43	8.02	0.40
3	3	0.38	7.89	55.65	8.48	0.00
3	7	0.64	6.54	52.86	12.59	0.00
Core	CPU	C1%	C3%	C6%	C8%	C9%
-	-	0.65	8.12	56.37	7.80	0.01
0	0	0.67	8.38	56.27	5.09	0.00
0	4	0.36	7.28	56.45	8.69	0.00
1	1	0.56	8.12	58.63	6.85	0.00
1	5	1.01	7.30	54.12	9.29	0.00
2	2	0.67	7.76	57.80	7.24	0.00
2	6	0.45	10.03	50.90	8.04	0.09
3	3	0.89	8.16	59.92	7.47	0.00
3	7	0.61	7.97	56.91	9.73	0.00
Core	CPU	C1%	C3%	C6%	C8%	C9%
-	-	0.75	8.66	52.90	8.44	0.00
0	0	1.34	9.50	50.75	7.17	0.00
0	4	0.56	7.78	52.83	9.55	0.00
1	1	0.49	9.01	54.98	8.02	0.00
1	5	0.53	7.75	57.98	7.59	0.00
2	2	0.67	8.44	52.78	10.15	0.00
2	6	1.02	11.03	46.54	5.42	0.02
3	3	0.59	7.70	50.33	11.92	0.00
3	7	0.81	8.11	57.19	7.72	0.00
Core	CPU	C1%	C3%	C6%	C8%	C9%
-	-	0.83	9.60	52.46	6.36	0.02
0	0	0.89	10.13	51.11	4.12	0.00
0	4	0.89	8.56	50.97	8.73	0.00
1	1	0.42	9.11	53.83	7.13	0.00
1	5	1.08	8.74	55.93	6.72	0.00
2	2	0.80	9.39	51.57	7.65	0.00
2	6	1.24	12.94	47.00	3.09	0.18
3	3	0.53	7.83	58.20	7.56	0.00
3	7	0.79	10.05	50.88	5.88	0.00
Core	CPU	C1%	C3%	C6%	C8%	C9%
-	-	1.01	10.19	51.99	5.23	0.02
0	0	1.27	11.32	50.70	2.86	0.00
0	4	1.03	9.44	53.89	7.00	0.00
1	1	0.52	10.70	52.16	6.24	0.00
1	5	1.36	9.44	52.66	6.29	0.00
2	2	1.08	9.99	50.24	5.13	0.00
2	6	1.29	10.95	46.41	4.89	0.15
3	3	0.83	10.28	56.74	3.44	0.00
3	7	0.67	9.46	53.43	6.03	0.00
Core	CPU	C1%	C3%	C6%	C8%	C9%
-	-	0.99	11.22	50.77	4.15	0.02
0	0	1.72	12.78	47.74	2.18	0.00
0	4	0.60	11.14	53.17	4.14	0.00
1	1	0.88	10.80	51.68	5.82	0.00
1	5	1.07	10.43	50.03	5.42	0.00
2	2	0.74	11.67	52.85	3.71	0.00
2	6	0.92	11.10	47.00	4.65	0.17
3	3	1.15	12.29	49.45	2.65	0.00
3	7	0.80	9.50	53.89	4.66	0.00
Core	CPU	C1%	C3%	C6%	C8%	C9%
-	-	0.87	9.08	52.30	7.59	0.03
0	0	0.98	10.61	49.07	5.81	0.00
0	4	0.57	7.78	54.25	8.95	0.00
1	1	1.29	9.90	54.49	4.99	0.00
1	5	0.73	8.07	53.53	8.15	0.00
2	2	0.70	8.56	51.89	7.58	0.00
2	6	1.43	10.25	47.71	7.79	0.24
3	3	0.70	8.70	56.29	6.19	0.00
3	7	0.56	8.73	51.08	11.22	0.00
Core	CPU	C1%	C3%	C6%	C8%	C9%
-	-	0.76	9.15	51.32	7.52	0.01
0	0	0.98	10.62	48.17	7.25	0.00
0	4	0.67	8.12	52.46	6.43	0.00
1	1	0.93	7.73	53.10	7.03	0.00
1	5	0.52	8.97	53.94	6.38	0.00
2	2	0.75	8.19	51.42	8.70	0.00
2	6	0.78	12.18	43.58	8.31	0.09
3	3	0.84	9.19	54.14	6.69	0.00
3	7	0.64	8.26	54.32	9.43	0.00
Core	CPU	C1%	C3%	C6%	C8%	C9%
-	-	0.63	8.44	52.80	8.28	0.19
0	0	0.74	9.99	53.41	4.17	0.01
0	4	0.39	7.48	56.09	8.24	0.00
1	1	0.82	8.36	51.54	9.79	0.00
1	5	0.30	7.69	51.72	10.37	0.00
2	2	0.59	7.51	57.24	9.83	0.00
2	6	0.86	9.92	48.37	8.37	1.12
3	3	0.67	8.29	51.48	6.99	0.10
3	7	0.69	8.29	52.68	8.53	0.25
Core	CPU	C1%	C3%	C6%	C8%	C9%
-	-	0.62	9.10	52.25	6.90	0.07
0	0	0.67	8.47	53.18	7.63	0.00
0	4	0.54	9.21	55.71	6.19	0.00
1	1	0.85	9.63	53.30	6.71	0.00
1	5	0.35	8.09	53.91	8.59	0.00
2	2	0.81	9.84	53.18	5.62	0.00
2	6	0.63	11.98	46.50	5.78	0.55
3	3	0.41	7.15	48.21	9.20	0.00
3	7	0.70	8.39	53.72	5.46	0.00
Core	CPU	C1%	C3%	C6%	C8%	C9%
-	-	0.52	7.93	48.30	15.55	0.00
0	0	1.22	8.91	38.80	2.97	0.00
0	4	0.38	7.55	48.70	16.87	0.00
1	1	0.25	7.00	51.45	20.48	0.00
1	5	0.54	7.78	55.72	13.88	0.00
2	2	0.22	8.29	49.77	16.80	0.00
2	6	0.65	9.45	44.65	18.90	0.00
3	3	0.29	7.28	44.66	17.74	0.00
3	7	0.64	7.13	52.22	16.60	0.00
Core	CPU	C1%	C3%	C6%	C8%	C9%
-	-	1.05	7.60	48.50	15.64	0.01
0	0	1.46	6.71	35.22	17.33	0.00
0	4	0.44	6.41	46.31	11.16	0.00
1	1	1.31	7.29	45.46	21.92	0.00
1	5	0.72	6.43	55.31	15.52	0.00
2	2	1.00	7.03	54.31	13.46	0.00
2	6	1.59	10.13	46.73	15.74	0.07
3	3	1.12	7.39	49.50	19.91	0.01
3	7	0.80	9.51	55.58	10.22	0.00
Core	CPU	C1%	C3%	C6%	C8%	C9%
-	-	0.59	7.63	53.63	8.65	0.05
0	0	0.63	8.78	53.22	7.31	0.00
0	4	0.33	7.32	53.86	7.07	0.00
1	1	0.72	7.02	52.47	7.98	0.01
1	5	0.53	7.37	54.34	11.39	0.00
2	2	0.74	6.71	53.84	9.13	0.00
2	6	0.69	10.47	48.69	6.62	0.40
3	3	0.66	6.84	55.44	10.18	0.00
3	7	0.45	6.49	57.22	9.56	0.00
Core	CPU	C1%	C3%	C6%	C8%	C9%
-	-	0.53	7.92	52.62	8.56	0.19
0	0	0.45	8.68	52.46	6.21	0.09
0	4	0.53	7.21	49.38	10.02	0.00
1	1	0.47	6.87	52.93	10.95	0.00
1	5	0.92	7.66	55.06	7.09	0.01
2	2	0.35	8.55	54.86	7.08	0.00
2	6	0.61	9.61	49.66	8.42	1.40
3	3	0.48	6.83	55.14	9.35	0.06
3	7	0.44	7.87	51.22	9.36	0.00
Core	CPU	C1%	C3%	C6%	C8%	C9%
-	-	1.20	8.24	53.20	6.29	0.12
0	0	1.03	8.47	54.89	8.28	0.01
0	4	0.93	8.88	51.87	7.39	0.00
1	1	1.38	7.32	52.32	5.70	0.30
1	5	1.24	7.46	54.31	6.38	0.00
2	2	0.92	7.95	54.87	4.82	0.00
2	6	1.61	10.84	47.69	4.41	0.67
3	3	0.91	7.77	54.43	8.08	0.00
3	7	1.57	7.26	55.39	5.26	0.00
Core	CPU	C1%	C3%	C6%	C8%	C9%
-	-	0.71	7.18	53.67	8.03	0.05
0	0	1.28	6.45	54.59	8.65	0.00
0	4	0.96	6.58	53.11	9.04	0.00
1	1	0.78	7.54	51.71	6.36	0.11
1	5	0.40	7.51	53.53	8.09	0.01
2	2	0.78	6.12	49.76	9.33	0.00
2	6	0.87	9.81	54.31	3.54	0.24
3	3	0.35	5.26	56.27	12.80	0.01
3	7	0.22	8.21	56.43	6.48	0.00
Core	CPU	C1%	C3%	C6%	C8%	C9%
-	-	0.61	6.34	53.05	9.97	0.19
0	0	1.06	6.80	56.08	7.06	0.00
0	4	0.36	5.69	54.46	12.79	0.00
1	1	0.76	6.71	52.70	9.69	0.00
1	5	0.35	5.12	51.48	11.10	0.00
2	2	0.89	6.15	52.93	14.34	0.00
2	6	0.41	8.97	52.97	5.67	1.38
3	3	0.78	5.63	56.70	7.30	0.00
3	7	0.29	5.59	46.56	11.72	0.14
Core	CPU	C1%	C3%	C6%	C8%	C9%
-	-	0.77	7.45	53.74	7.77	0.00
0	0	1.09	8.73	53.08	5.50	0.00
0	4	0.55	5.67	52.64	11.17	0.00
1	1	0.85	7.62	56.01	8.01	0.00
1	5	1.04	7.30	55.44	8.78	0.00
2	2	0.62	7.23	48.19	8.87	0.01
2	6	0.59	8.88	52.74	5.33	0.00
3	3	0.57	6.25	56.99	9.62	0.00
3	7	0.85	7.92	54.65	4.86	0.00
Core	CPU	C1%	C3%	C6%	C8%	C9%
-	-	0.64	6.24	55.93	7.71	0.02
0	0	0.47	7.53	57.68	4.22	0.00
0	4	0.99	5.24	54.64	7.88	0.02
1	1	0.79	6.43	57.25	5.95	0.00
1	5	0.76	6.84	55.01	8.32	0.00
2	2	0.58	6.46	54.53	9.66	0.00
2	6	0.62	5.95	58.47	10.03	0.01
3	3	0.41	5.88	55.51	7.34	0.00
3	7	0.55	5.56	54.41	8.27	0.10
Core	CPU	C1%	C3%	C6%	C8%	C9%
-	-	1.24	11.01	49.15	4.08	0.01
0	0	1.76	12.16	46.33	1.95	0.00
0	4	1.05	10.98	47.69	3.80	0.00
1	1	1.02	10.93	49.88	3.99	0.00
1	5	0.86	10.48	48.39	8.29	0.00
2	2	1.33	10.79	52.45	3.85	0.00
2	6	1.45	11.91	46.91	1.84	0.07
3	3	1.10	10.85	52.57	4.47	0.00
3	7	1.37	10.08	49.47	4.53	0.00
Core	CPU	C1%	C3%	C6%	C8%	C9%
-	-	0.76	5.16	51.88	9.69	0.00
0	0	0.98	6.59	53.64	7.15	0.00
0	4	0.73	3.94	52.33	15.64	0.00
1	1	0.79	4.50	48.69	11.11	0.00
1	5	0.57	4.60	54.77	12.16	0.00
2	2	0.89	5.56	51.44	9.39	0.00
2	6	0.96	5.74	53.35	6.06	0.00
3	3	0.65	4.16	47.56	9.66	0.00
3	7	0.49	6.15	52.67	6.18	0.00
Core	CPU	C1%	C3%	C6%	C8%	C9%
-	-	0.95	7.55	51.44	7.29	0.01
0	0	1.43	9.71	47.00	4.69	0.01
0	4	0.39	5.76	47.29	11.72	0.00
1	1	0.88	7.22	55.40	8.81	0.00
1	5	1.26	7.51	49.89	8.24	0.00
2	2	0.87	7.96	57.65	3.84	0.00
2	6	1.20	8.42	55.32	6.75	0.07
3	3	0.88	8.32	50.55	6.28	0.01
3	7	0.74	5.57	49.06	8.11	0.00
Core	CPU	C1%	C3%	C6%	C8%	C9%
-	-	1.07	6.90	52.24	6.51	0.00
0	0	1.48	7.57	49.40	5.07	0.02
0	4	0.70	7.08	55.38	5.47	0.00
1	1	1.19	6.45	51.68	7.99	0.00
1	5	1.43	6.80	47.83	7.06	0.00
2	2	1.02	7.18	49.29	5.25	0.00
2	6	0.69	7.17	55.47	5.71	0.01
3	3	0.85	5.49	52.87	9.33	0.00
3	7	1.17	7.48	56.26	6.25	0.00
Core	CPU	C1%	C3%	C6%	C8%	C9%
-	-	0.84	5.81	52.42	8.02	0.15
0	0	0.93	7.49	49.60	5.74	0.00
0	4	1.10	4.50	53.93	9.03	1.21
1	1	1.19	5.65	52.81	5.31	0.00
1	5	0.58	5.78	54.13	7.56	0.00
2	2	0.61	5.37	53.27	9.29	0.00
2	6	0.47	5.97	51.27	7.48	0.00
3	3	0.98	6.74	50.97	10.61	0.00
3	7	0.88	4.92	52.63	9.04	0.01
Core	CPU	C1%	C3%	C6%	C8%	C9%
-	-	0.63	4.32	50.78	10.40	0.09
0	0	0.54	5.79	48.91	11.25	0.00
0	4	0.58	3.68	52.85	12.76	0.00
1	1	0.96	3.73	49.46	13.80	0.00
1	5	0.60	4.76	51.29	7.64	0.19
2	2	0.56	4.06	53.68	6.46	0.01
2	6	0.69	4.08	52.05	7.11	0.00
3	3	0.41	3.85	48.02	16.28	0.00
3	7	0.74	4.58	49.79	7.84	0.54
Core	CPU	C1%	C3%	C6%	C8%	C9%
-	-	0.63	4.09	50.73	10.01	0.20
0	0	0.77	5.22	57.09	8.83	0.00
0	4	0.57	2.86	41.97	10.60	0.00
1	1	0.79	4.97	56.03	6.70	0.00
1	5	0.61	2.87	46.97	14.53	0.01
2	2	0.61	3.34	48.31	9.82	0.12
2	6	0.44	3.94	47.99	11.57	1.47
3	3	0.68	4.72	55.79	8.24	0.00
3	7	0.60	4.79	51.74	9.82	0.00
Core	CPU	C1%	C3%	C6%	C8%	C9%
-	-	0.65	4.80	52.82	9.67	0.16
0	0	0.62	6.16	55.67	7.81	0.11
0	4	0.58	3.62	49.56	5.89	0.47
1	1	0.39	5.12	53.56	7.29	0.00
1	5	0.50	5.06	53.27	9.94	0.00
2	2	1.56	5.03	53.53	10.52	0.21
2	6	0.48	4.29	51.66	10.93	0.47
3	3	0.28	4.28	49.53	12.64	0.00
3	7	0.77	4.81	55.74	12.32	0.00
Core	CPU	C1%	C3%	C6%	C8%	C9%
-	-	1.46	7.17	51.19	6.80	0.00
0	0	1.33	9.03	49.11	5.40	0.00
0	4	1.60	6.78	50.95	4.32	0.00
1	1	1.45	7.58	50.95	7.62	0.00
1	5	1.59	7.59	52.21	7.71	0.00
2	2	1.24	7.37	55.74	7.55	0.03
2	6	1.33	5.71	47.05	10.70	0.00
3	3	1.57	7.60	52.59	5.45	0.00
3	7	1.57	5.80	51.89	5.80	0.00
Core	CPU	C1%	C3%	C6%	C8%	C9%
-	-	2.35	7.40	50.86	6.15	0.02
0	0	2.20	10.11	50.30	2.08	0.02
0	4	1.71	6.57	51.90	9.87	0.01
1	1	2.87	8.81	54.22	3.78	0.00
1	5	2.92	6.23	47.87	8.27	0.00
2	2	2.42	7.30	51.66	7.43	0.00
2	6	1.74	6.32	51.12	7.20	0.05
3	3	2.67	6.78	52.92	4.67	0.07
3	7	2.26	6.93	45.96	5.75	0.00
Core	CPU	C1%	C3%	C6%	C8%	C9%
-	-	1.04	6.19	52.27	7.80	0.23
0	0	2.29	9.19	53.77	2.73	0.00
0	4	0.40	3.59	52.97	8.72	0.00
1	1	0.61	6.47	53.51	8.57	0.00
1	5	1.32	5.34	48.04	9.04	0.00
2	2	0.95	6.02	55.59	10.07	0.00
2	6	0.89	6.82	51.71	8.85	0.00
3	3	1.35	6.11	50.83	5.72	0.00
3	7	0.52	5.96	51.78	8.73	1.84
Core	CPU	C1%	C3%	C6%	C8%	C9%
-	-	0.90	7.55	53.42	6.66	0.02
0	0	1.11	9.69	51.36	4.85	0.00
0	4	1.11	6.58	57.94	7.10	0.00
1	1	0.52	6.94	48.52	8.19	0.13
1	5	0.41	7.84	56.72	6.04	0.01
2	2	0.97	7.47	52.68	7.69	0.00
2	6	0.96	7.42	52.63	4.58	0.00
3	3	1.13	7.78	54.81	4.78	0.00
3	7	0.96	6.69	52.63	10.01	0.00
Core	CPU	C1%	C3%	C6%	C8%	C9%
-	-	0.90	5.79	51.04	9.36	0.07
0	0	0.83	8.36	52.40	6.44	0.01
0	4	0.73	4.68	45.45	15.43	0.11
1	1	0.89	6.26	50.66	7.21	0.41
1	5	0.74	4.73	50.80	8.69	0.00
2	2	1.17	6.42	55.99	5.99	0.03
2	6	1.04	5.10	46.60	9.30	0.00
3	3	1.04	4.92	48.06	14.52	0.00
3	7	0.73	5.83	58.36	7.32	0.00
Core	CPU	C1%	C3%	C6%	C8%	C9%
-	-	0.81	6.81	52.07	7.49	0.04
0	0	1.13	8.06	53.69	5.32	0.00
0	4	0.61	6.50	51.38	8.07	0.03
1	1	0.83	5.36	47.89	13.23	0.11
1	5	0.72	7.10	57.09	4.01	0.21
2	2	0.89	6.79	53.28	9.94	0.00
2	6	0.60	7.69	51.14	6.63	0.00
3	3	0.87	7.08	52.50	7.44	0.00
3	7	0.80	5.89	49.69	5.33	0.00
Core	CPU	C1%	C3%	C6%	C8%	C9%
-	-	1.10	6.81	49.78	7.98	0.10
0	0	1.49	8.70	53.93	5.68	0.00
0	4	0.60	6.06	47.23	7.09	0.00
1	1	1.48	4.85	49.21	13.43	0.00
1	5	1.15	7.16	48.47	7.98	0.68
2	2	0.82	6.39	49.99	7.39	0.00
2	6	1.36	6.68	48.32	6.07	0.00
3	3	0.98	7.64	49.58	6.24	0.09
3	7	0.94	6.99	51.52	9.92	0.02
Core	CPU	C1%	C3%	C6%	C8%	C9%
-	-	1.05	6.78	50.68	8.54	0.15
0	0	1.87	10.19	50.01	4.75	0.00
0	4	0.67	5.69	50.80	12.93	0.77
1	1	1.11	7.23	56.66	5.77	0.00
1	5	1.47	4.71	45.87	13.92	0.00
2	2	0.89	7.39	53.90	5.31	0.00
2	6	0.82	6.15	52.12	10.83	0.00
3	3	0.84	7.49	48.73	7.58	0.10
3	7	0.68	5.37	47.24	7.23	0.31
Core	CPU	C1%	C3%	C6%	C8%	C9%
-	-	0.99	7.62	54.16	5.59	0.01
0	0	1.31	7.75	53.48	4.53	0.00
0	4	0.70	8.08	53.10	6.47	0.00
1	1	0.76	7.37	50.90	5.41	0.10
1	5	0.53	8.19	55.99	3.88	0.01
2	2	0.88	7.45	54.76	7.41	0.00
2	6	1.24	6.98	54.54	4.72	0.00
3	3	1.57	7.36	55.35	5.72	0.00
3	7	0.94	7.79	55.22	6.58	0.00
Core	CPU	C1%	C3%	C6%	C8%	C9%
-	-	0.75	6.55	53.70	7.22	0.03
0	0	1.24	7.64	52.18	6.44	0.21
0	4	0.63	6.28	54.93	7.50	0.00
1	1	0.71	6.89	54.96	5.94	0.00
1	5	0.52	6.51	56.33	7.29	0.00
2	2	0.56	6.65	53.22	9.73	0.00
2	6	0.61	5.91	48.55	7.53	0.00
3	3	0.90	6.35	57.76	5.78	0.00
3	7	0.80	6.19	51.61	7.53	0.00
Core	CPU	C1%	C3%	C6%	C8%	C9%
-	-	0.49	3.90	32.20	39.45	0.20
0	0	0.51	4.17	36.89	43.75	0.01
0	4	0.66	3.27	36.59	42.46	0.00
1	1	0.50	5.18	35.29	47.09	0.00
1	5	0.22	2.02	18.81	8.23	0.00
2	2	0.57	4.87	33.15	48.80	0.00
2	6	0.30	3.88	36.99	39.84	0.71
3	3	0.75	3.82	27.25	43.04	0.89
3	7	0.40	3.97	32.55	42.35	0.00
Core	CPU	C1%	C3%	C6%	C8%	C9%
-	-	0.68	7.85	50.76	7.86	0.02
0	0	1.48	9.68	51.73	2.71	0.01
0	4	0.36	6.34	52.54	11.54	0.00
1	1	0.69	7.33	52.32	8.45	0.01
1	5	0.46	7.03	51.46	6.31	0.00
2	2	1.19	7.61	49.67	10.26	0.00
2	6	0.52	10.47	49.39	6.95	0.16
3	3	0.19	7.47	54.01	7.02	0.00
3	7	0.51	6.88	45.15	9.66	0.00
Core	CPU	C1%	C3%	C6%	C8%	C9%
-	-	0.46	6.42	50.02	9.34	0.12
0	0	0.56	6.69	52.54	10.80	0.00
0	4	0.20	5.62	49.05	8.16	0.69
1	1	0.43	5.97	48.76	11.13	0.04
1	5	0.19	5.25	49.60	10.72	0.03
2	2	0.27	5.80	51.82	10.41	0.00
2	6	0.54	9.12	48.10	7.91	0.20
3	3	0.47	5.20	46.32	10.43	0.00
3	7	1.01	7.77	54.32	5.27	0.00
Core	CPU	C1%	C3%	C6%	C8%	C9%
-	-	0.84	5.55	49.29	7.10	0.04
0	0	1.16	7.38	55.12	5.93	0.02
0	4	0.56	5.51	49.13	8.33	0.00
1	1	1.09	6.45	50.67	5.40	0.00
1	5	0.77	3.91	42.70	7.42	0.00
2	2	0.74	5.94	54.56	8.06	0.00
2	6	0.40	5.68	48.98	7.54	0.31
3	3	1.23	4.51	53.35	8.18	0.00
3	7	0.73	5.01	39.41	5.86	0.00
Core	CPU	C1%	C3%	C6%	C8%	C9%
-	-	0.79	5.43	48.36	8.92	0.00
0	0	1.12	6.45	51.01	7.76	0.00
0	4	0.58	4.44	46.35	8.32	0.00
1	1	0.44	5.26	47.09	7.36	0.02
1	5	1.15	5.87	49.67	8.32	0.00
2	2	0.75	6.35	50.40	7.34	0.00
2	6	0.45	4.73	43.87	11.88	0.00
3	3	1.03	5.39	53.34	10.61	0.00
3	7	0.82	4.94	45.34	9.77	0.00
Core	CPU	C1%	C3%	C6%	C8%	C9%
-	-	0.55	4.76	50.90	10.47	0.01
0	0	0.54	5.50	51.62	7.24	0.00
0	4	0.79	3.63	50.90	9.28	0.00
1	1	0.32	4.81	47.33	18.53	0.00
1	5	0.70	4.16	47.37	8.60	0.08
2	2	0.44	4.32	47.84	16.99	0.01
2	6	0.29	5.06	50.58	8.41	0.01
3	3	0.82	5.60	57.40	6.32	0.00
3	7	0.53	5.05	54.22	8.42	0.00
Core	CPU	C1%	C3%	C6%	C8%	C9%
-	-	0.49	4.45	52.76	9.51	0.05
0	0	0.71	5.84	57.71	5.33	0.00
0	4	0.20	3.98	48.81	10.66	0.00
1	1	0.81	4.60	50.83	10.29	0.42
1	5	0.48	4.02	49.45	9.90	0.00
2	2	0.27	4.39	54.78	12.58	0.00
2	6	0.67	4.60	55.57	5.77	0.00
3	3	0.24	4.31	50.28	10.43	0.00
3	7	0.56	3.94	55.33	11.21	0.00
Core	CPU	C1%	C3%	C6%	C8%	C9%
-	-	0.67	4.90	51.64	10.09	0.23
0	0	0.58	5.71	52.05	7.40	0.00
0	4	0.43	5.06	53.19	7.10	0.00
1	1	0.87	4.95	50.13	13.76	0.00
1	5	1.01	4.87	52.95	11.27	0.00
2	2	0.73	4.58	51.82	13.10	0.00
2	6	0.46	4.44	49.05	7.16	1.83
3	3	0.74	4.81	56.67	9.98	0.00
3	7	0.53	4.68	46.22	10.76	0.01
Core	CPU	C1%	C3%	C6%	C8%	C9%
-	-	0.75	5.83	53.17	9.01	0.03
0	0	0.85	7.29	56.58	6.05	0.00
0	4	0.66	4.07	49.31	10.80	0.00
1	1	1.12	5.92	53.66	7.28	0.00
1	5	0.56	5.67	48.61	7.67	0.00
2	2	0.71	5.22	54.05	8.09	0.00
2	6	0.43	6.30	52.18	14.79	0.00
3	3	1.03	6.81	57.44	6.11	0.00
3	7	0.62	5.33	53.56	11.28	0.28
Core	CPU	C1%	C3%	C6%	C8%	C9%
-	-	0.65	5.42	52.20	9.70	0.03
0	0	0.49	6.39	52.17	10.62	0.00
0	4	0.38	5.31	48.88	8.80	0.00
1	1	0.31	5.54	53.73	6.59	0.00
1	5	0.51	4.96	55.14	12.74	0.00
2	2	1.29	6.37	53.54	5.58	0.00
2	6	0.85	4.75	50.73	12.31	0.00
3	3	0.67	5.85	51.20	10.50	0.25
3	7	0.69	4.23	52.42	10.48	0.00
Core	CPU	C1%	C3%	C6%	C8%	C9%
-	-	0.79	5.50	50.42	8.37	0.06
0	0	0.25	4.71	48.08	7.13	0.21
0	4	0.66	7.11	52.77	6.77	0.00
1	1	0.93	6.05	52.44	8.77	0.00
1	5	0.35	4.99	53.42	10.48	0.00
2	2	1.01	5.98	47.65	6.85	0.00
2	6	1.74	5.34	46.59	10.18	0.00
3	3	0.67	5.64	56.26	7.41	0.00
3	7	0.74	4.26	46.64	9.45	0.30
Core	CPU	C1%	C3%	C6%	C8%	C9%
-	-	0.75	7.68	52.62	6.93	0.03
0	0	1.55	9.83	52.75	5.58	0.01
0	4	0.63	6.63	48.80	6.41	0.00
1	1	0.86	7.31	49.48	6.93	0.00
1	5	0.41	6.46	56.58	6.02	0.00
2	2	0.81	7.95	53.62	7.02	0.10
2	6	0.66	7.90	52.91	8.50	0.10
3	3	0.57	8.59	50.70	5.56	0.00
3	7	0.49	6.65	55.51	9.33	0.00
Core	CPU	C1%	C3%	C6%	C8%	C9%
-	-	0.64	7.28	50.77	8.64	0.15
0	0	1.02	7.72	52.73	8.61	0.01
0	4	0.66	5.98	51.86	11.02	0.16
1	1	0.42	6.98	54.25	8.63	0.00
1	5	0.64	7.05	51.51	8.48	0.25
2	2	0.46	6.07	45.33	11.13	0.01
2	6	0.69	9.00	47.73	6.25	0.78
3	3	0.61	8.01	47.26	9.05	0.00
3	7	0.62	7.50	56.37	6.10	0.00
Core	CPU	C1%	C3%	C6%	C8%	C9%
-	-	0.62	8.17	52.61	7.53	0.11
0	0	0.79	10.15	53.46	4.89	0.00
0	4	0.35	7.23	54.08	7.71	0.00
1	1	0.68	9.62	56.22	6.73	0.00
1	5	0.57	7.29	53.43	9.04	0.00
2	2	0.87	7.69	47.08	8.76	0.01
2	6	0.54	8.28	52.45	6.46	0.81
3	3	0.71	7.35	50.84	9.56	0.00
3	7	0.46	7.62	52.27	6.95	0.07
Core	CPU	C1%	C3%	C6%	C8%	C9%
-	-	0.82	6.94	52.04	7.71	0.07
0	0	1.22	8.65	55.79	2.64	0.00
0	4	0.63	6.41	52.98	6.15	0.00
1	1	1.15	7.98	52.53	4.50	0.00
1	5	0.47	5.96	47.89	8.39	0.00
2	2	0.97	6.60	56.19	8.37	0.00
2	6	0.72	6.96	52.56	8.20	0.45
3	3	0.75	6.92	51.80	13.53	0.11
3	7	0.69	6.04	46.55	9.90	0.00
Core	CPU	C1%	C3%	C6%	C8%	C9%
-	-	0.85	6.64	48.35	7.26	0.13
0	0	1.42	6.99	47.54	8.20	0.00
0	4	0.67	7.04	49.70	5.90	0.00
1	1	0.72	6.50	48.75	8.85	0.00
1	5	0.77	5.04	49.31	7.60	0.00
2	2	0.48	6.49	53.85	9.54	0.00
2	6	0.84	6.53	40.04	6.36	0.66
3	3	0.72	6.59	43.72	8.00	0.41
3	7	1.19	7.93	53.75	3.58	0.00
Core	CPU	C1%	C3%	C6%	C8%	C9%
-	-	0.92	8.13	50.65	7.02	0.01
0	0	1.13	10.63	47.81	4.61	0.00
0	4	0.74	7.64	53.34	7.57	0.00
1	1	0.59	6.93	53.92	7.38	0.00
1	5	1.07	7.45	47.98	7.86	0.00
2	2	1.03	5.93	50.35	10.32	0.00
2	6	1.03	10.56	47.91	3.24	0.12
3	3	1.04	8.70	55.05	7.21	0.00
3	7	0.77	7.24	48.99	7.98	0.00
Core	CPU	C1%	C3%	C6%	C8%	C9%
-	-	0.86	8.83	51.36	6.99	0.07
0	0	0.88	10.34	50.70	6.12	0.00
0	4	0.72	7.85	49.99	9.05	0.11
1	1	0.77	7.03	47.61	9.30	0.00
1	5	1.29	9.10	54.39	4.93	0.10
2	2	0.46	8.34	52.04	7.56	0.00
2	6	1.18	12.15	46.59	4.94	0.32
3	3	0.95	8.29	55.13	4.27	0.00
3	7	0.60	7.59	54.47	9.77	0.00
Core	CPU	C1%	C3%	C6%	C8%	C9%
-	-	0.77	8.58	50.44	6.24	0.25
0	0	0.50	9.41	51.52	4.31	0.00
0	4	0.42	7.60	49.38	6.28	0.27
1	1	0.78	8.65	54.55	4.98	0.01
1	5	1.02	8.54	51.94	7.18	0.00
2	2	0.57	8.24	46.20	8.49	0.01
2	6	1.02	10.54	45.91	7.20	1.12
3	3	0.85	8.60	52.85	3.94	0.00
3	7	1.03	7.06	51.02	7.51	0.59
Core	CPU	C1%	C3%	C6%	C8%	C9%
-	-	0.68	9.54	50.56	5.99	0.07
0	0	0.51	10.26	48.17	8.36	0.00
0	4	0.40	8.27	51.19	7.12	0.00
1	1	0.54	9.11	52.11	6.59	0.00
1	5	0.83	8.95	52.09	4.63	0.12
2	2	0.63	8.55	53.70	5.50	0.00
2	6	1.24	12.81	43.29	6.14	0.44
3	3	0.63	9.25	53.55	4.52	0.02
3	7	0.69	9.15	50.45	5.02	0.01
Core	CPU	C1%	C3%	C6%	C8%	C9%
-	-	0.81	7.59	51.42	8.49	0.13
0	0	0.69	7.79	53.08	5.57	0.00
0	4	0.84	6.49	52.48	9.07	0.00
1	1	0.98	7.81	48.52	10.55	0.00
1	5	0.95	6.42	49.47	10.35	0.01
2	2	0.79	7.13	49.44	9.82	0.00
2	6	0.71	10.40	51.20	4.51	1.01
3	3	0.57	6.96	55.27	8.29	0.00
3	7	0.95	7.71	51.93	9.74	0.00
Core	CPU	C1%	C3%	C6%	C8%	C9%
-	-	0.80	9.88	50.33	5.16	0.10
0	0	0.88	11.23	52.12	3.49	0.00
0	4	0.58	9.50	48.03	6.39	0.00
1	1	0.84	7.79	52.83	6.33	0.00
1	5	0.88	10.06	51.43	5.12	0.00
2	2	0.41	8.84	51.86	5.32	0.00
2	6	1.35	12.71	42.21	3.96	0.80
3	3	0.84	10.56	53.86	3.05	0.00
3	7	0.59	8.38	50.36	7.58	0.00
Core	CPU	C1%	C3%	C6%	C8%	C9%
-	-	1.35	9.86	49.46	4.53	0.01
0	0	1.95	11.96	45.92	2.82	0.00
0	4	0.90	7.73	51.26	5.87	0.00
1	1	1.45	9.78	49.67	4.20	0.00
1	5	1.26	7.75	54.27	6.62	0.03
2	2	0.85	9.93	51.55	5.90	0.00
2	6	2.05	12.22	43.95	2.95	0.08
3	3	0.69	9.39	48.32	4.74	0.00
3	7	1.64	10.16	50.72	3.18	0.00
Core	CPU	C1%	C3%	C6%	C8%	C9%
-	-	0.66	7.59	53.12	7.98	0.17
0	0	0.42	9.07	54.37	4.49	0.00
0	4	0.46	6.41	49.81	10.38	0.00
1	1	0.47	7.25	54.01	7.80	0.00
1	5	0.44	7.84	58.64	7.51	0.00
2	2	0.69	6.36	56.08	10.31	0.00
2	6	1.11	10.10	43.99	6.62	1.33
3	3	1.07	6.83	53.40	7.11	0.00
3	7	0.59	6.85	54.75	9.66	0.00
Core	CPU	C1%	C3%	C6%	C8%	C9%
-	-	0.40	6.47	52.95	10.82	0.27
0	0	0.20	6.29	58.84	8.77	0.05
0	4	0.42	6.06	52.83	10.56	0.00
1	1	0.32	5.65	46.95	13.99	0.02
1	5	0.44	7.45	55.82	8.62	0.00
2	2	0.62	6.87	57.74	8.94	0.00
2	6	0.41	8.29	45.63	10.91	2.06
3	3	0.30	5.51	52.07	11.59	0.00
3	7	0.49	5.61	53.72	13.14	0.00
Core	CPU	C1%	C3%	C6%	C8%	C9%
-	-	0.97	8.73	52.37	6.37	0.18
0	0	0.61	10.20	54.20	3.53	0.00
0	4	0.75	7.23	55.57	6.84	0.00
1	1	0.82	10.36	48.73	4.33	0.00
1	5	0.79	6.72	51.00	9.86	0.22
2	2	1.62	8.72	54.50	5.18	0.00
2	6	1.19	10.76	50.32	5.11	1.06
3	3	1.22	8.41	53.90	5.75	0.13
3	7	0.75	7.42	50.64	10.37	0.00
Core	CPU	C1%	C3%	C6%	C8%	C9%
-	-	1.27	12.29	48.51	3.81	0.01
0	0	1.90	15.13	41.20	3.59	0.00
0	4	1.04	11.97	49.14	2.71	0.00
1	1	1.16	13.28	48.72	3.55	0.00
1	5	1.15	12.43	48.94	1.75	0.00
2	2	1.23	11.55	49.63	5.38	0.00
2	6	1.45	12.57	49.41	2.26	0.04
3	3	1.39	10.61	46.82	7.38	0.00
3	7	0.81	10.86	54.44	3.86	0.00
Core	CPU	C1%	C3%	C6%	C8%	C9%
-	-	0.98	7.80	40.27	24.44	0.03
0	0	1.48	7.63	38.06	32.87	0.00
0	4	0.79	6.89	44.87	28.98	0.00
1	1	1.19	10.28	53.43	16.80	0.00
1	5	0.80	5.19	21.44	0.84	0.00
2	2	0.61	9.88	52.52	17.07	0.00
2	6	0.77	8.48	31.96	37.22	0.00
3	3	0.80	7.38	40.78	33.42	0.00
3	7	1.42	6.57	38.74	28.14	0.21
Core	CPU	C1%	C3%	C6%	C8%	C9%
-	-	1.33	10.65	45.40	9.18	0.11
0	0	2.14	12.21	39.89	11.82	0.01
0	4	1.34	9.27	50.73	9.87	0.01
1	1	1.72	9.95	40.14	11.62	0.00
1	5	0.98	8.32	45.16	11.26	0.50
2	2	0.95	10.99	49.32	7.29	0.00
2	6	1.21	11.27	46.30	8.59	0.30
3	3	1.18	12.48	44.59	4.61	0.00
3	7	1.14	10.77	47.35	8.48	0.03
Core	CPU	C1%	C3%	C6%	C8%	C9%
-	-	1.10	12.39	46.70	3.36	0.01
0	0	1.35	14.57	42.59	2.60	0.05
0	4	0.73	11.52	47.79	4.67	0.00
1	1	0.82	11.05	52.30	4.39	0.00
1	5	1.17	12.51	45.93	3.62	0.00
2	2	1.22	10.87	51.92	2.80	0.00
2	6	1.22	15.34	36.44	1.42	0.01
3	3	1.16	11.72	49.51	4.11	0.00
3	7	1.09	11.52	47.02	3.23	0.00
Core	CPU	C1%	C3%	C6%	C8%	C9%
-	-	0.82	9.89	49.05	5.57	0.04
0	0	0.96	11.35	48.37	6.80	0.00
0	4	0.70	9.28	52.59	4.22	0.00
1	1	0.44	9.82	55.17	4.21	0.00
1	5	0.68	10.35	49.76	3.48	0.00
2	2	0.81	7.87	46.37	10.15	0.00
2	6	1.33	12.94	42.78	1.28	0.29
3	3	0.58	9.74	49.73	5.00	0.00
3	7	1.03	7.80	47.67	9.41	0.00
Core	CPU	C1%	C3%	C6%	C8%	C9%
-	-	0.94	11.65	47.49	3.72	0.07
0	0	1.06	11.88	49.27	2.37	0.00
0	4	0.49	11.52	46.01	3.92	0.00
1	1	0.94	10.55	49.47	5.03	0.00
1	5	0.86	10.89	48.86	3.22	0.00
2	2	1.28	11.42	47.71	4.36	0.00
2	6	1.79	14.26	35.64	2.72	0.56
3	3	0.59	10.96	52.21	4.12	0.00
3	7	0.54	11.79	50.95	4.03	0.00
Core	CPU	C1%	C3%	C6%	C8%	C9%
-	-	0.86	11.87	47.60	3.63	0.01
0	0	0.93	13.30	42.05	3.10	0.03
0	4	0.52	10.52	52.99	4.30	0.00
1	1	0.88	12.95	46.86	2.17	0.00
1	5	0.72	9.58	47.38	7.51	0.00
2	2	0.58	12.23	49.00	3.29	0.01
2	6	1.15	13.85	40.86	2.56	0.08
3	3	0.98	11.51	49.09	3.07	0.00
3	7	1.11	10.99	52.33	2.98	0.00
Core	CPU	C1%	C3%	C6%	C8%	C9%
-	-	0.65	10.08	51.18	5.72	0.11
0	0	0.69	11.47	50.72	3.20	0.00
0	4	0.49	8.71	54.71	8.18	0.00
1	1	0.93	9.90	46.27	5.52	0.00
1	5	0.45	8.89	53.01	8.42	0.00
2	2	0.40	9.99	53.56	5.96	0.00
2	6	0.88	12.89	43.29	3.35	0.88
3	3	0.79	10.63	56.09	2.85	0.00
3	7	0.58	8.50	53.40	8.41	0.00
Core	CPU	C1%	C3%	C6%	C8%	C9%
-	-	0.65	9.16	50.92	7.75	0.06
0	0	0.81	10.47	50.61	5.54	0.06
0	4	0.25	7.71	50.25	12.24	0.00
1	1	0.54	9.55	50.67	7.59	0.00
1	5	0.74	8.83	51.53	6.28	0.00
2	2	0.40	7.55	52.64	9.06	0.00
2	6	0.95	12.22	45.34	6.75	0.38
3	3	0.75	8.42	53.68	6.40	0.00
3	7	0.71	8.33	51.50	7.95	0.00
Core	CPU	C1%	C3%	C6%	C8%	C9%
-	-	0.55	8.08	53.77	7.49	0.04
0	0	0.54	8.78	51.53	7.44	0.00
0	4	0.54	8.80	56.24	6.43	0.00
1	1	0.59	7.38	53.96	8.56	0.10
1	5	0.61	7.84	53.78	7.40	0.00
2	2	0.41	7.54	55.13	8.99	0.00
2	6	0.93	9.68	49.25	4.66	0.22
3	3	0.55	7.33	53.72	8.71	0.00
3	7	0.23	7.21	56.17	7.69	0.00
Core	CPU	C1%	C3%	C6%	C8%	C9%
-	-	0.94	11.97	47.35	3.91	0.00
0	0	1.16	13.15	43.99	3.63	0.00
0	4	0.82	11.06	54.00	2.54	0.00
1	1	0.52	10.84	46.05	4.99	0.00
1	5	0.71	12.53	52.75	2.13	0.00
2	2	1.10	12.18	45.01	5.69	0.00
2	6	1.27	15.55	39.74	1.23	0.00
3	3	1.14	9.29	47.66	5.99	0.00
3	7	0.78	11.26	50.04	5.11	0.00
Core	CPU	C1%	C3%	C6%	C8%	C9%
-	-	0.66	9.22	50.79	6.98	0.10
0	0	0.85	10.31	49.39	5.15	0.00
0	4	0.44	8.91	54.35	7.70	0.00
1	1	0.89	8.58	50.04	7.51	0.00
1	5	0.26	8.08	54.88	6.11	0.00
2	2	0.38	8.62	50.15	8.68	0.00
2	6	0.96	13.25	41.14	6.41	0.29
3	3	0.88	9.06	52.14	7.10	0.00
3	7	0.59	6.83	53.72	7.15	0.49
Core	CPU	C1%	C3%	C6%	C8%	C9%
-	-	0.80	10.70	48.61	5.89	0.01
0	0	0.86	11.59	45.78	4.97	0.00
0	4	0.35	10.04	51.93	4.17	0.01
1	1	1.07	10.88	50.42	6.24	0.00
1	5	0.73	8.06	51.20	6.68	0.00
2	2	0.53	10.25	50.46	7.09	0.00
2	6	1.15	14.45	40.50	3.02	0.10
3	3	0.90	10.96	50.66	7.30	0.00
3	7	0.81	9.50	48.43	7.73	0.00
Core	CPU	C1%	C3%	C6%	C8%	C9%
-	-	0.91	11.41	49.69	4.03	0.12
0	0	0.67	13.48	47.50	2.40	0.00
0	4	0.49	9.51	55.18	4.67	0.00
1	1	0.96	9.85	50.50	4.78	0.00
1	5	0.69	10.53	52.78	4.49	0.45
2	2	0.91	10.57	50.62	3.70	0.00
2	6	1.26	15.23	42.36	1.76	0.55
3	3	1.26	11.80	48.81	3.02	0.00
3	7	1.00	10.21	49.39	7.41	0.00
Core	CPU	C1%	C3%	C6%	C8%	C9%
-	-	0.87	11.38	48.25	4.96	0.00
0	0	0.83	11.75	45.03	4.66	0.00
0	4	1.08	9.05	53.20	6.74	0.00
1	1	0.54	11.26	45.86	5.39	0.00
1	5	0.70	10.50	50.19	5.04	0.00
2	2	0.80	10.86	46.89	5.38	0.00
2	6	1.17	14.69	41.91	3.71	0.00
3	3	0.74	10.91	51.25	4.03	0.00
3	7	1.08	11.98	51.49	4.72	0.00
Core	CPU	C1%	C3%	C6%	C8%	C9%
-	-	0.81	12.03	47.58	3.95	0.06
0	0	1.16	14.23	47.87	1.92	0.00
0	4	0.61	8.94	49.71	7.08	0.00
1	1	0.99	11.33	46.46	5.86	0.00
1	5	0.62	12.46	50.37	4.34	0.00
2	2	0.70	10.67	46.92	4.47	0.00
2	6	1.26	14.53	37.79	3.44	0.48
3	3	0.47	12.22	52.64	1.62	0.00
3	7	0.68	11.92	48.91	2.89	0.00
Core	CPU	C1%	C3%	C6%	C8%	C9%
-	-	0.90	12.21	47.30	3.43	0.00
0	0	1.10	14.31	45.59	2.62	0.00
0	4	0.49	10.40	51.38	4.84	0.00
1	1	0.95	12.96	46.55	4.09	0.00
1	5	0.74	11.45	52.72	2.19	0.01
2	2	0.69	11.45	47.74	4.92	0.00
2	6	1.47	15.84	38.57	0.88	0.02
3	3	1.00	11.51	47.46	2.95	0.00
3	7	0.77	9.82	48.67	4.94	0.00
Core	CPU	C1%	C3%	C6%	C8%	C9%
-	-	0.75	11.42	48.50	4.67	0.02
0	0	0.76	13.26	45.14	4.43	0.00
0	4	0.65	10.03	51.52	5.17	0.00
1	1	0.91	10.08	46.51	8.16	0.01
1	5	0.60	11.60	53.28	2.95	0.00
2	2	0.84	11.02	50.90	3.22	0.00
2	6	1.16	15.06	38.18	3.13	0.10
3	3	0.54	9.51	53.42	5.09	0.01
3	7	0.57	10.69	48.66	5.16	0.00
Core	CPU	C1%	C3%	C6%	C8%	C9%
-	-	0.61	9.97	50.23	6.50	0.05
0	0	0.60	10.85	47.53	7.56	0.00
0	4	0.55	8.27	50.53	8.25	0.00
1	1	0.59	10.12	50.61	7.30	0.00
1	5	0.29	9.37	54.08	4.85	0.11
2	2	0.50	9.50	54.46	6.62	0.00
2	6	1.06	13.63	40.20	3.18	0.25
3	3	0.46	8.92	51.56	8.26	0.04
3	7	0.82	9.11	53.05	6.03	0.00
Core	CPU	C1%	C3%	C6%	C8%	C9%
-	-	0.75	9.47	50.76	6.39	0.03
0	0	1.24	10.08	49.84	7.18	0.10
0	4	0.43	8.87	52.35	6.23	0.00
1	1	1.14	9.01	51.52	6.65	0.00
1	5	0.56	9.93	53.50	3.04	0.00
2	2	1.03	8.84	50.42	6.23	0.00
2	6	0.72	12.44	44.33	4.09	0.16
3	3	0.46	7.95	49.31	10.60	0.00
3	7	0.46	8.71	55.06	7.13	0.00
Core	CPU	C1%	C3%	C6%	C8%	C9%
-	-	0.49	6.49	46.00	24.12	0.00
0	0	0.46	11.59	51.59	14.31	0.00
0	4	0.36	2.33	14.71	1.16	0.00
1	1	0.45	5.77	47.05	33.72	0.00
1	5	0.72	6.07	49.60	30.74	0.00
2	2	0.34	6.06	49.53	31.08	0.00
2	6	0.79	8.26	56.94	17.35	0.00
3	3	0.33	5.58	41.43	40.01	0.00
3	7	0.47	6.20	56.86	24.45	0.00
Core	CPU	C1%	C3%	C6%	C8%	C9%
-	-	0.88	9.65	50.41	6.37	0.02
0	0	0.64	10.31	48.17	6.18	0.06
0	4	1.04	8.90	48.77	7.89	0.00
1	1	0.60	9.53	54.14	4.94	0.00
1	5	0.78	9.87	49.56	5.95	0.00
2	2	0.72	8.05	52.23	8.11	0.00
2	6	1.66	13.15	42.34	4.10	0.13
3	3	1.05	9.20	51.33	6.62	0.00
3	7	0.58	8.16	56.60	7.18	0.00
Core	CPU	C1%	C3%	C6%	C8%	C9%
-	-	1.16	12.39	46.37	3.52	0.03
0	0	1.76	13.57	42.19	2.66	0.00
0	4	0.54	9.83	52.83	4.26	0.00
1	1	0.74	12.39	50.01	2.79	0.00
1	5	0.94	12.16	47.51	4.10	0.00
2	2	1.13	12.87	46.05	2.68	0.00
2	6	2.55	14.52	35.07	3.17	0.23
3	3	0.92	12.76	47.91	2.36	0.00
3	7	0.66	11.04	49.41	6.15	0.00
Core	CPU	C1%	C3%	C6%	C8%	C9%
-	-	0.74	11.41	46.99	4.13	0.03
0	0	0.76	12.44	48.37	2.49	0.00
0	4	0.51	9.35	49.85	5.17	0.00
1	1	1.07	11.69	48.94	3.15	0.00
1	5	0.77	10.11	50.46	3.94	0.01
2	2	0.48	11.03	48.64	4.39	0.00
2	6	1.01	14.47	38.07	4.32	0.21
3	3	0.79	11.25	47.39	4.68	0.00
3	7	0.57	11.06	44.58	4.89	0.00
Core	CPU	C1%	C3%	C6%	C8%	C9%
-	-	0.81	11.51	48.02	4.44	0.03
0	0	0.91	12.28	43.70	4.36	0.00
0	4	0.42	10.05	55.29	2.67	0.00
1	1	0.61	11.21	51.37	4.63	0.00
1	5	0.67	10.92	53.20	3.18	0.00
2	2	0.84	10.42	47.87	5.05	0.00
2	6	1.84	15.81	36.53	3.49	0.07
3	3	0.74	11.09	43.79	6.90	0.00
3	7	0.45	10.21	51.97	5.23	0.21
Core	CPU	C1%	C3%	C6%	C8%	C9%
-	-	0.69	11.30	48.85	4.82	0.06
0	0	1.25	12.39	44.80	4.51	0.00
0	4	0.62	9.62	50.61	6.50	0.00
1	1	0.65	10.11	53.07	4.68	0.00
1	5	0.65	10.72	52.75	3.53	0.00
2	2	0.56	10.22	48.93	6.04	0.01
2	6	0.68	16.35	40.86	2.52	0.49
3	3	0.40	10.98	51.78	4.24	0.00
3	7	0.73	10.02	48.13	6.52	0.01
Core	CPU	C1%	C3%	C6%	C8%	C9%
-	-	0.62	10.86	48.46	5.04	0.03
0	0	0.96	10.57	46.89	6.46	0.00
0	4	0.64	9.82	49.55	6.14	0.00
1	1	0.39	11.77	51.57	4.33	0.00
1	5	0.53	9.68	49.60	5.54	0.00
2	2	0.53	9.72	50.19	6.36	0.00
2	6	0.71	14.08	37.78	2.10	0.25
3	3	0.67	10.42	51.40	4.58	0.00
3	7	0.53	10.76	50.61	4.76	0.00
Core	CPU	C1%	C3%	C6%	C8%	C9%
-	-	0.78	11.18	47.99	4.90	0.01
0	0	0.82	11.74	48.53	5.00	0.00
0	4	0.76	9.48	51.08	5.12	0.00
1	1	0.68	10.52	49.58	4.67	0.00
1	5	0.62	10.82	48.78	8.10	0.00
2	2	0.79	9.50	53.24	4.47	0.00
2	6	1.17	15.36	35.07	2.58	0.10
3	3	0.83	10.83	49.21	5.25	0.00
3	7	0.61	11.20	48.42	4.03	0.00
Core	CPU	C1%	C3%	C6%	C8%	C9%
-	-	0.83	12.16	45.67	4.73	0.00
0	0	0.72	13.49	47.45	2.26	0.00
0	4	0.47	11.65	50.66	4.47	0.00
1	1	0.56	12.00	45.97	3.46	0.00
1	5	0.86	10.71	50.19	4.99	0.00
2	2	0.46	11.02	42.37	6.99	0.00
2	6	2.04	15.35	32.91	2.49	0.03
3	3	0.73	11.54	50.66	7.00	0.00
3	7	0.77	11.50	45.13	6.17	0.00
Core	CPU	C1%	C3%	C6%	C8%	C9%
-	-	1.38	12.60	46.10	2.86	0.01
0	0	2.02	14.09	44.29	2.62	0.00
0	4	1.07	11.86	45.70	2.90	0.00
1	1	1.18	11.65	47.57	4.70	0.00
1	5	0.99	12.53	47.01	3.97	0.00
2	2	1.22	11.43	49.98	1.76	0.00
2	6	2.04	15.24	37.21	2.17	0.08
3	3	1.09	13.08	48.77	1.88	0.00
3	7	1.44	10.89	48.28	2.89	0.00
Core	CPU	C1%	C3%	C6%	C8%	C9%
-	-	1.17	12.25	47.25	3.66	0.00
0	0	0.93	13.33	45.17	2.94	0.00
0	4	0.80	11.12	50.54	4.35	0.00
1	1	1.25	12.41	49.08	3.18	0.00
1	5	1.79	12.25	48.64	2.50	0.00
2	2	1.28	12.01	50.16	3.18	0.00
2	6	1.17	14.82	41.97	3.10	0.00
3	3	1.36	12.20	45.17	3.95	0.00
3	7	0.77	9.86	47.34	6.13	0.00
Core	CPU	C1%	C3%	C6%	C8%	C9%
-	-	0.90	11.69	48.70	3.30	0.05
0	0	1.04	12.68	47.57	2.30	0.00
0	4	0.61	11.74	50.84	4.16	0.00
1	1	0.82	10.87	50.39	3.53	0.00
1	5	0.96	11.46	51.65	3.52	0.00
2	2	0.88	11.38	48.05	1.89	0.00
2	6	1.41	13.47	38.86	2.25	0.36
3	3	0.70	11.71	49.41	3.92	0.00
3	7	0.81	10.23	53.02	4.80	0.08
Core	CPU	C1%	C3%	C6%	C8%	C9%
-	-	0.89	12.44	46.43	4.38	0.02
0	0	0.70	13.21	45.25	3.96	0.00
0	4	0.83	11.60	47.67	6.23	0.00
1	1	0.64	11.93	46.67	5.62	0.00
1	5	0.88	11.29	51.45	3.19	0.00
2	2	1.25	13.11	44.90	4.72	0.00
2	6	1.11	15.02	38.61	3.06	0.17
3	3	0.83	13.04	44.60	1.80	0.00
3	7	0.92	10.30	52.07	6.44	0.00
Core	CPU	C1%	C3%	C6%	C8%	C9%
-	-	0.83	11.61	47.73	4.12	0.01
0	0	0.97	12.80	45.59	3.88	0.00
0	4	0.43	9.73	47.26	3.65	0.00
1	1	0.81	10.29	50.58	5.20	0.00
1	5	0.64	10.75	51.23	4.19	0.00
2	2	1.02	11.74	49.83	3.27	0.00
2	6	1.05	15.98	41.42	2.75	0.06
3	3	0.99	10.85	50.26	3.69	0.00
3	7	0.70	10.81	45.79	6.36	0.00
Core	CPU	C1%	C3%	C6%	C8%	C9%
-	-	0.89	11.68	48.11	4.00	0.00
0	0	1.20	13.44	44.88	3.77	0.00
0	4	0.76	10.42	47.49	8.21	0.00
1	1	0.70	11.65	50.91	1.88	0.00
1	5	0.91	11.10	49.94	4.62	0.00
2	2	0.46	10.72	50.83	4.15	0.00
2	6	1.37	14.18	41.32	2.87	0.01
3	3	1.01	10.05	48.33	5.12	0.00
3	7	0.70	11.87	51.12	1.41	0.00
Core	CPU	C1%	C3%	C6%	C8%	C9%
-	-	1.20	11.40	47.13	3.96	0.01
0	0	1.46	14.18	42.80	1.74	0.00
0	4	0.87	9.80	48.00	6.82	0.00
1	1	0.94	9.85	49.75	4.78	0.00
1	5	1.23	11.52	52.59	2.14	0.00
2	2	1.17	11.28	47.79	3.85	0.00
2	6	1.62	14.02	39.76	2.41	0.07
3	3	1.47	10.02	47.66	6.47	0.00
3	7	0.79	10.54	48.65	3.46	0.00
Core	CPU	C1%	C3%	C6%	C8%	C9%
-	-	0.92	12.32	47.36	3.35	0.01
0	0	1.15	13.94	44.42	2.02	0.00
0	4	0.61	10.81	47.17	5.16	0.00
1	1	1.00	12.45	48.13	3.63	0.00
1	5	0.68	12.03	50.00	3.41	0.00
2	2	1.06	11.13	49.40	3.65	0.00
2	6	1.17	14.73	39.02	1.85	0.11
3	3	0.73	10.82	53.00	4.40	0.00
3	7	0.92	12.69	48.04	2.71	0.00
Core	CPU	C1%	C3%	C6%	C8%	C9%
-	-	0.83	12.35	45.99	4.62	0.03
0	0	0.83	14.53	41.83	3.22	0.00
0	4	0.40	9.73	50.70	5.74	0.00
1	1	0.96	11.49	49.20	3.94	0.00
1	5	0.91	12.42	48.43	5.12	0.00
2	2	0.43	11.02	48.45	5.68	0.00
2	6	1.33	16.26	36.08	1.69	0.26
3	3	0.78	12.82	45.94	5.44	0.00
3	7	1.00	10.49	47.25	6.13	0.00
Core	CPU	C1%	C3%	C6%	C8%	C9%
-	-	1.43	12.10	44.89	4.27	0.00
0	0	1.64	13.56	44.20	3.61	0.00
0	4	0.59	10.97	50.58	4.28	0.00
1	1	1.28	11.61	45.66	6.04	0.00
1	5	1.25	12.41	47.39	4.80	0.00
2	2	1.10	9.93	47.05	5.81	0.00
2	6	2.35	15.80	34.64	1.77	0.00
3	3	1.21	11.08	45.98	3.86	0.00
3	7	2.04	11.37	43.42	3.95	0.00
Core	CPU	C1%	C3%	C6%	C8%	C9%
-	-	0.85	10.73	43.33	13.40	0.05
0	0	1.33	10.22	35.40	1.71	0.00
0	4	0.42	10.42	46.25	16.48	0.00
1	1	0.65	9.27	46.29	16.88	0.00
1	5	0.63	10.76	43.07	14.54	0.00
2	2	0.65	11.04	48.16	14.39	0.00
2	6	1.12	12.72	40.71	10.84	0.39
3	3	1.01	10.88	47.02	11.88	0.00
3	7	0.97	10.52	39.61	20.43	0.00
Core	CPU	C1%	C3%	C6%	C8%	C9%
-	-	1.96	13.06	46.80	7.19	0.00
0	0	3.15	7.17	12.48	0.52	0.00
0	4	1.22	19.03	44.86	4.27	0.00
1	1	2.23	13.38	55.43	7.56	0.00
1	5	2.29	13.25	52.28	10.44	0.00
2	2	1.58	13.45	55.10	5.76	0.00
2	6	1.96	15.85	47.76	7.24	0.00
3	3	1.70	11.76	47.99	13.65	0.00
3	7	1.52	10.61	58.65	8.07	0.00
Core	CPU	C1%	C3%	C6%	C8%	C9%
-	-	0.98	11.52	47.45	5.33	0.00
0	0	1.04	11.96	47.07	4.05	0.00
0	4	0.84	10.18	47.18	6.90	0.00
1	1	1.07	12.05	50.02	3.58	0.00
1	5	1.27	11.91	45.49	5.76	0.00
2	2	1.04	9.71	49.56	5.67	0.00
2	6	1.16	13.84	40.67	5.32	0.00
3	3	0.49	10.74	52.59	3.20	0.00
3	7	0.96	11.84	47.20	8.16	0.00
Core	CPU	C1%	C3%	C6%	C8%	C9%
-	-	1.36	11.32	47.59	4.96	0.07
0	0	2.25	11.29	42.09	5.24	0.00
0	4	1.03	9.63	46.55	6.76	0.00
1	1	1.05	12.52	49.44	2.91	0.00
1	5	1.43	9.14	51.78	4.23	0.00
2	2	1.66	10.52	45.38	5.63	0.00
2	6	1.25	13.76	41.85	4.99	0.56
3	3	0.93	11.52	53.20	4.57	0.00
3	7	1.30	12.12	50.28	5.32	0.00
Core	CPU	C1%	C3%	C6%	C8%	C9%
-	-	0.84	11.24	49.31	4.38	0.03
0	0	1.09	11.53	48.57	4.91	0.00
0	4	0.67	9.94	53.76	4.85	0.00
1	1	0.85	12.31	51.12	3.36	0.00
1	5	0.56	10.56	46.71	5.44	0.00
2	2	0.96	9.84	52.43	4.77	0.00
2	6	1.41	13.56	40.33	2.00	0.23
3	3	0.72	11.28	47.89	5.44	0.00
3	7	0.46	10.92	53.62	4.24	0.00
Core	CPU	C1%	C3%	C6%	C8%	C9%
-	-	1.39	11.63	46.27	4.45	0.07
0	0	2.04	11.79	43.44	4.12	0.00
0	4	0.95	10.78	43.55	7.24	0.00
1	1	1.47	12.09	47.07	3.80	0.00
1	5	0.81	10.15	54.01	4.57	0.00
2	2	1.27	11.16	47.89	4.78	0.00
2	6	1.94	14.67	38.48	3.00	0.58
3	3	1.03	11.81	46.59	3.61	0.00
3	7	1.61	10.70	49.67	4.51	0.00
Core	CPU	C1%	C3%	C6%	C8%	C9%
-	-	0.80	10.04	50.00	5.90	0.09
0	0	1.39	11.10	46.42	7.64	0.00
0	4	0.89	8.65	52.04	5.59	0.00
1	1	0.98	9.86	50.63	6.21	0.00
1	5	0.63	8.07	48.85	7.08	0.41
2	2	0.44	10.06	51.59	5.68	0.00
2	6	0.69	12.86	42.97	6.90	0.29
3	3	0.93	9.78	51.57	3.62	0.01
3	7	0.43	9.84	55.27	4.44	0.00
Core	CPU	C1%	C3%	C6%	C8%	C9%
-	-	1.13	9.82	48.46	6.16	0.10
0	0	1.28	10.78	49.34	6.89	0.00
0	4	1.60	9.53	43.41	7.16	0.01
1	1	0.77	9.83	53.18	6.93	0.00
1	5	1.03	9.01	44.74	6.11	0.00
2	2	0.77	8.78	49.40	6.44	0.00
2	6	1.72	12.65	42.59	4.15	0.78
3	3	0.74	8.87	53.07	5.19	0.00
3	7	1.14	9.09	51.95	6.43	0.00
Core	CPU	C1%	C3%	C6%	C8%	C9%
-	-	0.68	9.03	50.15	7.00	0.10
0	0	0.97	9.19	52.32	6.78	0.00
0	4	0.26	8.06	50.76	5.91	0.01
1	1	0.41	8.26	51.99	9.89	0.00
1	5	1.08	7.91	52.64	7.69	0.31
2	2	0.93	9.30	47.44	7.87	0.00
2	6	0.97	13.13	42.73	3.75	0.18
3	3	0.38	9.09	48.41	6.62	0.29
3	7	0.48	7.30	54.91	7.53	0.00
Core	CPU	C1%	C3%	C6%	C8%	C9%
-	-	1.20	11.08	48.99	4.35	0.08
0	0	1.15	12.14	46.57	3.65	0.00
0	4	0.91	10.14	51.97	4.01	0.00
1	1	0.88	10.17	50.74	4.03	0.00
1	5	1.18	10.59	52.39	4.49	0.00
2	2	1.53	9.92	49.93	5.49	0.01
2	6	1.07	14.00	42.22	4.73	0.00
3	3	1.72	11.45	50.12	5.18	0.00
3	7	1.19	10.28	48.08	3.24	0.62
Core	CPU	C1%	C3%	C6%	C8%	C9%
-	-	0.87	10.47	50.92	5.45	0.00
0	0	1.16	12.01	50.75	3.77	0.00
0	4	0.35	11.41	56.59	2.02	0.00
1	1	0.94	9.40	48.17	7.29	0.00
1	5	1.07	10.94	52.02	4.98	0.00
2	2	1.02	7.90	49.01	9.56	0.00
2	6	1.02	12.97	47.63	3.66	0.00
3	3	0.67	9.54	51.00	5.30	0.00
3	7	0.73	9.58	52.03	7.00	0.00
Core	CPU	C1%	C3%	C6%	C8%	C9%
-	-	1.09	9.12	51.04	7.17	0.08
0	0	1.72	9.77	49.03	7.79	0.04
0	4	0.75	7.88	53.96	5.66	0.00
1	1	0.94	8.75	51.30	5.81	0.00
1	5	0.82	8.08	54.32	10.22	0.00
2	2	1.13	9.09	48.01	7.42	0.00
2	6	1.29	11.84	45.60	5.48	0.62
3	3	1.20	7.35	50.73	9.26	0.00
3	7	0.92	10.39	56.26	5.83	0.00
Core	CPU	C1%	C3%	C6%	C8%	C9%
-	-	0.44	7.60	51.88	8.41	0.14
0	0	0.61	7.72	49.44	11.75	0.00
0	4	0.23	7.02	51.69	8.34	0.00
1	1	0.56	7.12	55.01	7.70	0.05
1	5	0.67	6.55	52.96	10.06	0.00
2	2	0.20	7.30	55.30	5.19	0.00
2	6	0.65	10.97	45.90	6.82	0.99
3	3	0.16	6.87	52.84	8.59	0.00
3	7	0.42	7.15	51.03	8.67	0.05
Core	CPU	C1%	C3%	C6%	C8%	C9%
-	-	1.00	10.51	50.16	4.92	0.11
0	0	0.86	12.73	48.73	1.51	0.00
0	4	1.03	9.00	49.51	6.10	0.11
1	1	0.84	9.96	51.37	5.76	0.00
1	5	1.12	10.60	50.70	4.10	0.71
2	2	1.19	10.05	54.06	3.16	0.00
2	6	0.75	11.48	46.97	6.13	0.00
3	3	1.14	11.27	48.87	3.55	0.00
3	7	1.03	8.96	51.07	9.02	0.10
Core	CPU	C1%	C3%	C6%	C8%	C9%
-	-	0.83	8.80	51.24	6.77	0.02
0	0	2.04	10.32	48.22	5.52	0.00
0	4	0.64	7.45	50.74	10.01	0.15
1	1	0.58	9.19	50.76	7.50	0.00
1	5	0.36	8.43	58.04	6.55	0.00
2	2	0.55	7.22	55.71	6.50	0.01
2	6	1.16	11.54	45.26	5.55	0.00
3	3	0.52	8.23	47.27	6.66	0.00
3	7	0.79	8.12	54.42	5.92	0.00
Core	CPU	C1%	C3%	C6%	C8%	C9%
-	-	0.77	9.99	53.37	5.38	0.04
0	0	1.94	11.51	48.82	3.94	0.00
0	4	0.49	9.06	57.11	4.68	0.00
1	1	0.67	9.41	54.73	3.17	0.30
1	5	0.86	10.71	54.47	4.71	0.00
2	2	0.64	10.13	56.02	4.31	0.00
2	6	0.74	9.34	49.50	7.50	0.00
3	3	0.25	10.20	49.57	9.56	0.00
3	7	0.59	9.51	56.17	5.10	0.00
Core	CPU	C1%	C3%	C6%	C8%	C9%
-	-	0.55	8.09	52.43	8.31	0.13
0	0	0.60	8.93	51.66	7.27	0.00
0	4	0.33	6.72	52.65	8.31	0.01
1	1	0.50	8.18	54.18	7.60	0.00
1	5	0.42	8.02	53.53	8.34	0.00
2	2	0.32	6.63	51.94	13.34	0.00
2	6	1.39	10.35	45.53	4.99	0.29
3	3	0.36	7.81	50.89	11.56	0.74
3	7	0.46	8.10	59.03	5.07	0.00
Core	CPU	C1%	C3%	C6%	C8%	C9%
-	-	0.47	8.18	53.07	7.67	0.06
0	0	0.68	8.87	55.82	5.12	0.00
0	4	0.33	7.63	52.81	8.50	0.09
1	1	0.35	7.90	57.83	7.61	0.00
1	5	0.44	7.15	53.26	6.12	0.20
2	2	0.31	7.66	50.20	10.89	0.00
2	6	0.77	11.03	48.83	6.69	0.13
3	3	0.47	8.13	49.68	10.85	0.00
3	7	0.40	7.18	56.53	5.66	0.10
Core	CPU	C1%	C3%	C6%	C8%	C9%
-	-	0.48	7.23	53.97	9.10	0.27
0	0	0.88	8.76	52.63	8.37	0.00
0	4	0.64	7.01	55.22	10.21	0.00
1	1	0.42	7.53	54.95	8.88	0.00
1	5	0.17	6.43	57.05	9.71	0.00
2	2	0.40	6.49	54.42	9.76	0.14
2	6	0.83	9.64	51.42	5.54	2.03
3	3	0.33	5.25	51.57	11.77	0.00
3	7	0.20	6.68	54.08	8.50	0.00
Core	CPU	C1%	C3%	C6%	C8%	C9%
-	-	0.60	7.93	52.55	8.98	0.12
0	0	0.31	7.40	54.60	10.37	0.00
0	4	0.82	7.05	52.59	8.45	0.09
1	1	0.58	7.54	54.61	9.68	0.00
1	5	0.44	7.79	59.11	7.69	0.01
2	2	0.33	7.56	51.65	8.71	0.00
2	6	0.81	11.48	44.45	6.41	0.87
3	3	0.69	7.24	46.32	12.73	0.00
3	7	0.81	7.38	57.14	7.80	0.00
Core	CPU	C1%	C3%	C6%	C8%	C9%
-	-	0.50	7.32	54.53	8.87	0.27
0	0	0.76	7.66	54.13	7.11	0.16
0	4	0.50	7.53	56.11	7.76	0.00
1	1	0.30	6.64	55.32	7.88	0.00
1	5	0.71	6.59	58.20	9.92	0.00
2	2	0.29	6.36	56.26	11.52	0.00
2	6	0.65	9.65	46.25	7.23	1.98
3	3	0.32	6.99	54.92	9.32	0.00
3	7	0.47	7.14	55.22	10.25	0.00
Core	CPU	C1%	C3%	C6%	C8%	C9%
-	-	0.71	8.56	52.64	7.55	0.04
0	0	0.98	9.40	47.79	8.94	0.00
0	4	0.63	7.22	57.61	4.83	0.21
1	1	0.79	8.50	53.29	8.61	0.00
1	5	0.62	6.97	56.22	10.16	0.00
2	2	0.60	9.32	50.49	8.36	0.00
2	6	1.14	10.90	48.60	5.80	0.09
3	3	0.37	8.27	52.94	8.47	0.00
3	7	0.51	7.94	54.18	5.23	0.00
Core	CPU	C1%	C3%	C6%	C8%	C9%
-	-	0.66	7.90	53.14	7.88	0.15
0	0	0.52	8.66	53.70	7.11	0.10
0	4	0.41	7.79	49.48	9.28	0.00
1	1	1.50	8.49	55.35	5.15	0.00
1	5	0.64	7.05	48.45	8.28	0.00
2	2	0.49	8.11	54.50	8.22	0.00
2	6	0.60	9.65	53.23	6.01	1.09
3	3	0.29	7.70	56.53	7.54	0.00
3	7	0.80	5.70	53.70	11.43	0.00
Core	CPU	C1%	C3%	C6%	C8%	C9%
-	-	0.65	6.84	51.52	9.21	0.32
0	0	0.33	7.23	52.13	9.28	0.00
0	4	0.49	6.65	51.68	10.08	0.00
1	1	0.88	5.24	54.65	9.58	0.00
1	5	0.52	7.21	50.84	10.82	0.00
2	2	0.72	6.25	51.83	6.74	0.41
2	6	0.98	8.89	47.62	10.46	2.17
3	3	0.44	6.84	51.93	8.32	0.00
3	7	0.85	6.43	51.50	8.43	0.00
Core	CPU	C1%	C3%	C6%	C8%	C9%
-	-	0.56	6.74	52.64	10.78	0.15
0	0	0.88	7.55	50.00	10.32	0.00
0	4	0.30	5.20	54.54	11.94	0.00
1	1	0.69	6.46	57.28	9.30	0.00
1	5	0.67	6.03	53.62	13.22	0.00
2	2	0.69	6.98	50.66	10.91	0.00
2	6	0.46	9.39	49.33	8.45	0.87
3	3	0.40	6.96	55.53	9.25	0.00
3	7	0.39	5.40	50.60	12.92	0.33
Core	CPU	C1%	C3%	C6%	C8%	C9%
-	-	0.42	5.96	53.09	11.00	0.20
0	0	0.62	6.04	48.64	13.41	0.00
0	4	0.26	4.66	50.22	10.77	0.21
1	1	0.65	6.45	55.66	9.40	0.05
1	5	0.31	5.31	59.81	12.15	0.00
2	2	0.21	5.44	55.22	8.88	0.00
2	6	0.71	8.64	49.51	12.03	0.53
3	3	0.21	5.63	51.56	8.77	0.41
3	7	0.36	5.48	53.75	12.50	0.40
Core	CPU	C1%	C3%	C6%	C8%	C9%
-	-	0.53	6.57	52.76	8.83	0.19
0	0	0.43	8.08	56.77	6.28	0.00
0	4	0.09	4.78	51.49	11.14	0.00
1	1	0.53	6.83	54.94	6.42	0.10
1	5	0.48	5.20	52.76	8.78	0.00
2	2	0.55	5.29	50.44	10.22	0.00
2	6	1.11	10.16	48.74	3.28	1.40
3	3	0.67	5.74	51.58	12.75	0.01
3	7	0.34	6.42	55.19	11.74	0.00
Core	CPU	C1%	C3%	C6%	C8%	C9%
-	-	0.58	6.84	53.04	8.79	0.12
0	0	0.69	7.01	54.31	8.85	0.00
0	4	0.35	7.20	52.62	10.01	0.00
1	1	0.56	7.30	53.45	7.79	0.00
1	5	0.60	5.90	55.28	7.36	0.10
2	2	0.34	6.23	46.02	11.69	0.00
2	6	0.58	9.70	51.18	8.44	0.87
3	3	0.92	5.10	53.76	9.40	0.00
3	7	0.60	6.34	57.88	6.80	0.00
Core	CPU	C1%	C3%	C6%	C8%	C9%
-	-	0.85	7.92	53.62	6.96	0.00
0	0	1.29	8.61	48.37	7.16	0.00
0	4	0.65	6.94	54.86	6.16	0.00
1	1	1.18	7.65	59.80	7.04	0.00
1	5	0.64	7.43	50.15	7.43	0.00
2	2	0.90	8.67	55.46	6.90	0.00
2	6	0.79	9.59	51.05	5.12	0.00
3	3	0.85	6.80	50.17	9.76	0.00
3	7	0.51	7.67	58.92	6.09	0.00
Core	CPU	C1%	C3%	C6%	C8%	C9%
-	-	0.73	6.98	53.77	8.99	0.02
0	0	1.42	7.45	49.42	8.32	0.00
0	4	0.43	6.75	55.08	8.30	0.00
1	1	0.40	5.83	57.49	9.97	0.00
1	5	0.72	6.81	55.63	9.19	0.00
2	2	0.64	7.28	56.44	8.75	0.00
2	6	0.49	9.69	53.88	6.74	0.18
3	3	1.09	5.93	49.94	9.39	0.01
3	7	0.65	6.14	52.30	11.29	0.00
Core	CPU	C1%	C3%	C6%	C8%	C9%
-	-	0.68	7.98	51.68	8.08	0.27
0	0	0.82	9.36	53.87	7.19	0.30
0	4	0.61	7.12	46.61	8.16	0.00
1	1	0.59	7.39	52.68	9.41	0.32
1	5	0.50	7.65	52.43	9.26	0.03
2	2	0.68	8.03	50.79	10.75	0.00
2	6	0.73	9.78	49.95	5.00	1.48
3	3	1.15	7.57	54.51	5.46	0.00
3	7	0.37	6.97	52.64	9.39	0.00
Core	CPU	C1%	C3%	C6%	C8%	C9%
-	-	0.67	7.99	51.27	7.98	0.24
0	0	0.63	10.12	56.08	3.78	0.00
0	4	0.41	6.92	47.52	8.80	0.00
1	1	0.28	6.46	54.95	6.76	0.57
1	5	1.05	8.05	50.48	8.92	0.00
2	2	0.28	7.48	55.74	8.15	0.08
2	6	0.62	11.03	46.54	6.60	1.29
3	3	0.85	7.54	51.41	7.29	0.00
3	7	1.26	6.42	47.98	13.63	0.00
Core	CPU	C1%	C3%	C6%	C8%	C9%
-	-	0.68	7.64	53.15	8.70	0.12
0	0	0.98	7.85	51.44	7.73	0.00
0	4	0.35	7.06	52.26	6.71	0.00
1	1	1.01	8.06	57.15	5.91	0.00
1	5	0.36	6.79	55.17	10.11	0.00
2	2	1.17	7.28	50.75	12.48	0.00
2	6	0.75	10.19	48.55	6.41	0.96
3	3	0.48	6.95	57.63	8.90	0.00
3	7	0.34	6.90	51.75	11.24	0.00
Core	CPU	C1%	C3%	C6%	C8%	C9%
-	-	0.09	5.04	44.87	31.58	0.11
0	0	0.10	5.58	43.82	43.76	0.00
0	4	0.13	5.16	51.04	36.31	0.00
1	1	0.18	5.19	50.78	37.78	0.00
1	5	0.10	5.52	60.86	26.55	0.00
2	2	0.04	4.07	44.31	45.73	0.02
2	6	0.02	5.59	50.47	34.85	0.87
3	3	0.13	7.76	42.59	24.63	0.00
3	7	0.01	1.54	15.99	3.69	0.00
Core	CPU	C1%	C3%	C6%	C8%	C9%
-	-	1.35	8.74	48.90	10.46	0.14
0	0	1.14	10.37	47.28	11.53	0.00
0	4	1.33	7.62	54.55	10.51	0.00
1	1	1.14	8.26	53.38	10.31	0.20
1	5	1.24	8.23	53.65	9.94	0.01
2	2	1.88	8.45	48.99	13.30	0.00
2	6	1.00	10.99	45.71	10.75	0.94
3	3	1.19	9.15	53.64	10.47	0.00
3	7	1.83	6.75	33.19	6.70	0.00
Core	CPU	C1%	C3%	C6%	C8%	C9%
-	-	0.73	7.41	54.23	7.84	0.05
0	0	0.81	8.44	59.19	4.87	0.00
0	4	0.34	6.17	50.40	13.15	0.00
1	1	0.83	6.44	54.09	10.99	0.00
1	5	0.52	7.66	56.37	4.98	0.00
2	2	0.38	6.09	53.13	12.01	0.00
2	6	1.41	9.68	52.23	4.87	0.44
3	3	0.88	7.48	56.15	6.20	0.00
3	7	0.69	7.34	52.18	5.63	0.00
Core	CPU	C1%	C3%	C6%	C8%	C9%
-	-	0.53	7.30	53.10	8.57	0.11
0	0	0.83	7.89	53.30	5.69	0.02
0	4	0.75	6.99	52.43	10.61	0.02
1	1	0.60	7.39	54.40	6.85	0.00
1	5	0.32	7.00	51.18	10.85	0.00
2	2	0.37	6.21	58.06	8.71	0.00
2	6	0.58	9.64	49.19	7.09	0.84
3	3	0.31	6.51	49.16	11.43	0.01
3	7	0.48	6.81	57.53	7.38	0.00
Core	CPU	C1%	C3%	C6%	C8%	C9%
-	-	0.62	7.31	51.94	8.41	0.11
0	0	0.91	8.93	49.50	6.72	0.00
0	4	0.75	7.12	54.55	8.45	0.01
1	1	0.49	7.18	52.49	9.60	0.00
1	5	0.14	6.55	56.08	9.89	0.00
2	2	0.74	6.23	52.82	10.29	0.00
2	6	0.84	8.96	46.75	5.75	0.83
3	3	0.60	6.35	51.98	10.45	0.00
3	7	0.47	7.10	50.84	6.03	0.00
