Core	CPU	C1%	C3%	C6%	C8%	C9%
-	-	0.09	0.71	70.48	17.05	0.00
0	0	0.16	0.69	74.97	13.57	0.00
0	4	0.18	0.76	71.27	18.14	0.00
1	1	0.01	0.36	71.62	17.87	0.00
1	5	0.17	0.40	72.41	17.93	0.00
2	2	0.02	0.45	66.15	23.45	0.00
2	6	0.08	0.56	67.51	22.43	0.00
3	3	0.06	0.73	76.88	12.71	0.00
3	7	0.02	1.78	63.40	10.38	0.00
Core	CPU	C1%	C3%	C6%	C8%	C9%
-	-	0.01	0.77	70.32	17.34	0.00
0	0	0.00	0.62	76.67	12.20	0.00
0	4	0.00	1.09	74.86	14.49	0.00
1	1	0.01	0.43	67.23	21.98	0.00
1	5	0.01	0.29	67.45	23.27	0.00
2	2	0.01	0.40	68.42	21.52	0.00
2	6	0.00	0.57	69.05	21.56	0.00
3	3	0.00	0.46	76.35	13.59	0.00
3	7	0.01	2.30	62.72	10.13	0.00
Core	CPU	C1%	C3%	C6%	C8%	C9%
-	-	0.01	0.67	70.21	17.77	0.00
0	0	0.00	0.60	79.02	9.62	0.00
0	4	0.00	0.65	71.68	18.72	0.00
1	1	0.02	0.51	71.94	17.82	0.00
1	5	0.00	0.23	67.79	22.97	0.00
2	2	0.00	0.49	67.91	21.99	0.00
2	6	0.01	0.61	66.10	24.47	0.00
3	3	0.01	0.52	74.66	15.28	0.00
3	7	0.01	1.73	62.50	11.30	0.00
Core	CPU	C1%	C3%	C6%	C8%	C9%
-	-	0.00	0.68	70.22	17.77	0.00
0	0	0.00	0.65	78.06	10.67	0.00
0	4	0.00	0.69	73.74	16.65	0.00
1	1	0.01	0.41	69.98	19.82	0.00
1	5	0.00	0.16	68.05	23.00	0.00
2	2	0.00	0.48	66.04	23.87	0.00
2	6	0.00	0.59	67.23	23.32	0.00
3	3	0.00	0.48	75.66	14.29	0.00
3	7	0.01	1.97	63.04	10.56	0.00
Core	CPU	C1%	C3%	C6%	C8%	C9%
-	-	0.01	0.70	69.18	16.75	0.00
0	0	0.00	0.56	74.36	12.07	0.00
0	4	0.01	1.14	72.19	14.67	0.00
1	1	0.01	0.40	69.30	19.03	0.00
1	5	0.01	0.30	67.55	21.38	0.00
2	2	0.01	0.38	68.49	19.54	0.00
2	6	0.01	0.43	66.95	21.36	0.00
3	3	0.00	0.56	73.38	14.76	0.00
3	7	0.05	1.83	60.56	11.03	0.00
Core	CPU	C1%	C3%	C6%	C8%	C9%
-	-	0.01	0.65	70.47	17.17	0.00
0	0	0.00	0.67	76.33	12.53	0.00
0	4	0.00	0.71	75.14	15.13	0.00
1	1	0.01	0.37	69.69	20.00	0.00
1	5	0.01	0.21	71.28	19.60	0.00
2	2	0.03	0.45	65.87	22.67	0.00
2	6	0.01	0.47	68.16	22.53	0.00
3	3	0.00	0.61	75.61	13.67	0.00
3	7	0.01	1.73	62.35	11.39	0.00
Core	CPU	C1%	C3%	C6%	C8%	C9%
-	-	0.01	0.80	69.91	17.79	0.00
0	0	0.01	0.54	75.19	13.85	0.00
0	4	0.00	0.60	75.62	14.22	0.00
1	1	0.01	0.53	67.76	21.39	0.00
1	5	0.00	0.22	68.93	22.16	0.00
2	2	0.01	0.41	66.33	23.03	0.00
2	6	0.00	1.32	67.46	22.25	0.00
3	3	0.00	0.56	75.20	14.71	0.00
3	7	0.01	2.23	62.34	10.58	0.00
Core	CPU	C1%	C3%	C6%	C8%	C9%
-	-	0.01	0.68	70.97	16.97	0.00
0	0	0.00	0.56	75.92	13.06	0.00
0	4	0.00	0.67	76.16	14.03	0.00
1	1	0.01	0.51	69.79	19.71	0.00
1	5	0.01	0.27	68.63	22.35	0.00
2	2	0.01	0.50	69.55	20.39	0.00
2	6	0.01	0.56	70.03	20.61	0.00
3	3	0.01	0.48	75.17	14.78	0.00
3	7	0.01	1.88	62.80	10.89	0.00
Core	CPU	C1%	C3%	C6%	C8%	C9%
-	-	0.01	0.65	70.70	17.32	0.00
0	0	0.00	0.58	75.81	12.95	0.00
0	4	0.00	0.71	73.22	17.21	0.00
1	1	0.01	0.54	71.42	18.31	0.00
1	5	0.00	0.24	69.48	21.55	0.00
2	2	0.01	0.49	66.45	23.49	0.00
2	6	0.00	0.51	66.94	23.71	0.00
3	3	0.00	0.52	77.98	11.95	0.00
3	7	0.01	1.64	64.41	9.46	0.00
Core	CPU	C1%	C3%	C6%	C8%	C9%
-	-	0.02	0.78	69.46	16.46	0.00
0	0	0.00	0.56	73.26	13.44	0.00
0	4	0.02	1.51	68.53	18.62	0.00
1	1	0.01	0.46	70.76	17.10	0.00
1	5	0.01	0.22	67.82	20.69	0.00
2	2	0.01	0.38	69.91	17.96	0.00
2	6	0.00	0.51	67.03	21.70	0.00
3	3	0.00	0.53	76.02	11.97	0.00
3	7	0.11	2.08	61.73	10.07	0.00
Core	CPU	C1%	C3%	C6%	C8%	C9%
-	-	0.00	0.66	70.74	17.16	0.00
0	0	0.00	0.61	78.24	10.53	0.00
0	4	0.00	0.63	72.32	18.08	0.00
1	1	0.01	0.45	71.30	18.56	0.00
1	5	0.01	0.23	70.61	20.33	0.00
2	2	0.00	0.50	68.80	21.11	0.00
2	6	0.00	0.51	68.37	22.27	0.00
3	3	0.00	0.48	75.32	14.64	0.00
3	7	0.01	1.90	61.61	11.90	0.00
Core	CPU	C1%	C3%	C6%	C8%	C9%
-	-	0.01	0.83	70.30	17.48	0.00
0	0	0.00	0.66	78.16	10.52	0.00
0	4	0.00	0.58	70.57	20.08	0.00
1	1	0.01	0.42	71.36	18.61	0.00
1	5	0.00	0.36	70.18	20.49	0.00
2	2	0.01	0.39	68.00	21.69	0.00
2	6	0.00	1.32	67.94	21.72	0.00
3	3	0.00	0.60	74.19	15.45	0.00
3	7	0.03	2.29	62.01	11.24	0.00
Core	CPU	C1%	C3%	C6%	C8%	C9%
-	-	0.00	0.66	70.97	17.04	0.00
0	0	0.00	0.59	78.71	10.04	0.00
0	4	0.00	0.64	72.45	18.03	0.00
1	1	0.00	0.52	72.94	16.80	0.00
1	5	0.00	0.23	69.80	21.20	0.00
2	2	0.00	0.40	67.09	22.96	0.00
2	6	0.01	0.53	68.08	22.58	0.00
3	3	0.00	0.47	75.69	14.30	0.00
3	7	0.01	1.89	63.01	10.44	0.00
Core	CPU	C1%	C3%	C6%	C8%	C9%
-	-	0.01	0.67	70.85	17.19	0.00
0	0	0.01	0.54	80.08	8.67	0.00
0	4	0.00	0.56	71.79	18.76	0.00
1	1	0.01	0.58	70.65	19.09	0.00
1	5	0.01	0.28	69.55	21.36	0.00
2	2	0.01	0.34	67.19	22.84	0.00
2	6	0.01	0.51	67.42	23.27	0.00
3	3	0.00	0.62	76.65	13.20	0.00
3	7	0.02	1.88	63.42	10.34	0.00
Core	CPU	C1%	C3%	C6%	C8%	C9%
-	-	0.00	1.08	68.19	17.44	0.00
0	0	0.00	0.56	73.68	13.22	0.00
0	4	0.01	2.32	69.54	17.74	0.00
1	1	0.00	0.64	70.65	16.74	0.00
1	5	0.00	0.32	69.10	19.42	0.00
2	2	0.00	0.45	65.27	22.24	0.00
2	6	0.00	0.47	65.67	22.43	0.00
3	3	0.00	0.54	71.66	15.73	0.00
3	7	0.01	3.37	59.66	11.95	0.00
Core	CPU	C1%	C3%	C6%	C8%	C9%
-	-	0.00	0.64	70.93	17.11	0.00
0	0	0.01	0.64	76.09	12.76	0.00
0	4	0.00	0.61	72.18	18.36	0.00
1	1	0.00	0.49	75.07	14.53	0.00
1	5	0.00	0.26	72.10	18.87	0.00
2	2	0.00	0.47	66.70	23.17	0.00
2	6	0.02	0.32	68.50	22.32	0.00
3	3	0.00	0.54	75.24	14.62	0.00
3	7	0.00	1.79	61.64	12.24	0.00
Core	CPU	C1%	C3%	C6%	C8%	C9%
-	-	0.01	0.87	70.38	17.56	0.00
0	0	0.00	0.56	77.31	11.68	0.00
0	4	0.00	1.44	72.73	17.00	0.00
1	1	0.01	0.60	70.08	19.73	0.00
1	5	0.01	0.25	69.20	21.84	0.00
2	2	0.01	0.43	68.54	21.53	0.00
2	6	0.00	0.52	68.95	21.76	0.00
3	3	0.00	0.61	74.64	15.31	0.00
3	7	0.02	2.54	61.47	11.65	0.00
Core	CPU	C1%	C3%	C6%	C8%	C9%
-	-	0.01	0.66	71.05	16.93	0.00
0	0	0.00	0.59	76.53	12.35	0.00
0	4	0.00	0.61	75.10	15.19	0.00
1	1	0.01	0.48	69.61	19.87	0.00
1	5	0.00	0.29	69.15	21.76	0.00
2	2	0.00	0.45	68.14	21.85	0.00
2	6	0.01	0.48	68.58	22.09	0.00
3	3	0.00	0.47	77.48	12.47	0.00
3	7	0.01	1.93	63.79	9.89	0.00
Core	CPU	C1%	C3%	C6%	C8%	C9%
-	-	0.01	0.67	71.39	16.57	0.00
0	0	0.00	0.50	79.30	9.57	0.00
0	4	0.01	0.62	72.64	17.60	0.00
1	1	0.01	0.58	72.50	17.25	0.00
1	5	0.01	0.29	71.13	19.76	0.00
2	2	0.00	0.42	69.38	20.66	0.00
2	6	0.01	0.51	69.00	21.68	0.00
3	3	0.00	0.50	75.09	14.85	0.00
3	7	0.01	1.92	62.46	11.23	0.00
Core	CPU	C1%	C3%	C6%	C8%	C9%
-	-	0.00	1.32	69.00	17.76	0.00
0	0	0.00	0.55	73.40	14.95	0.00
0	4	0.00	3.33	70.97	16.18	0.00
1	1	0.01	0.52	68.69	19.72	0.00
1	5	0.00	0.32	67.87	21.58	0.00
2	2	0.00	0.42	65.82	23.57	0.00
2	6	0.00	0.53	66.08	24.07	0.00
3	3	0.00	0.59	76.43	12.76	0.00
3	7	0.02	4.32	62.47	9.17	0.00
Core	CPU	C1%	C3%	C6%	C8%	C9%
-	-	0.01	0.64	69.45	17.95	0.00
0	0	0.00	0.62	73.32	15.76	0.00
0	4	0.00	0.72	70.05	20.52	0.00
1	1	0.01	0.52	72.20	17.57	0.00
1	5	0.01	0.30	68.62	22.13	0.00
2	2	0.01	0.44	66.69	22.98	0.00
2	6	0.01	0.38	66.66	23.57	0.00
3	3	0.01	0.45	77.90	11.53	0.00
3	7	0.02	1.69	59.84	9.47	0.00
Core	CPU	C1%	C3%	C6%	C8%	C9%
-	-	0.00	0.79	70.35	17.49	0.00
0	0	0.00	0.63	74.10	14.83	0.00
0	4	0.00	0.71	72.91	17.53	0.00
1	1	0.01	0.43	72.44	17.19	0.00
1	5	0.00	0.25	70.14	20.78	0.00
2	2	0.01	0.46	65.68	24.32	0.00
2	6	0.00	1.26	66.75	22.95	0.00
3	3	0.00	0.57	77.75	12.22	0.00
3	7	0.01	2.03	63.35	10.19	0.00
Core	CPU	C1%	C3%	C6%	C8%	C9%
-	-	0.01	0.62	70.50	17.50	0.00
0	0	0.00	0.59	77.14	11.78	0.00
0	4	0.00	0.67	73.63	16.80	0.00
1	1	0.01	0.42	72.60	17.11	0.00
1	5	0.01	0.20	70.17	20.70	0.00
2	2	0.01	0.49	66.90	23.00	0.00
2	6	0.00	0.44	67.51	23.17	0.00
3	3	0.00	0.51	74.85	15.09	0.00
3	7	0.01	1.66	61.43	12.40	0.00
Core	CPU	C1%	C3%	C6%	C8%	C9%
-	-	0.01	0.68	70.13	17.85	0.00
0	0	0.00	0.65	75.29	13.56	0.00
0	4	0.00	0.64	72.90	17.59	0.00
1	1	0.01	0.44	70.44	19.34	0.00
1	5	0.00	0.27	69.28	21.41	0.00
2	2	0.01	0.50	67.31	22.61	0.00
2	6	0.00	0.59	67.51	23.08	0.00
3	3	0.00	0.57	75.93	13.93	0.00
3	7	0.01	1.74	62.52	11.30	0.00
Core	CPU	C1%	C3%	C6%	C8%	C9%
-	-	0.01	1.19	68.05	18.55	0.00
0	0	0.00	0.60	71.32	16.91	0.00
0	4	0.00	2.34	69.75	17.42	0.00
1	1	0.01	0.56	69.10	18.63	0.00
1	5	0.00	0.29	67.02	22.86	0.00
2	2	0.01	0.38	63.91	25.10	0.00
2	6	0.00	0.54	65.35	24.60	0.00
3	3	0.00	0.57	75.41	13.45	0.00
3	7	0.02	4.25	62.24	9.38	0.00
Core	CPU	C1%	C3%	C6%	C8%	C9%
-	-	0.07	0.67	70.51	17.33	0.00
0	0	0.04	0.63	75.13	13.73	0.00
0	4	0.00	0.70	72.96	17.25	0.00
1	1	0.01	0.48	69.84	19.49	0.00
1	5	0.01	0.28	70.32	20.58	0.00
2	2	0.01	0.36	67.51	22.53	0.00
2	6	0.01	0.48	66.99	23.68	0.00
3	3	0.01	0.57	77.76	12.09	0.00
3	7	0.50	1.89	63.78	9.32	0.00
Core	CPU	C1%	C3%	C6%	C8%	C9%
-	-	0.03	0.78	70.72	17.14	0.00
0	0	0.00	0.57	74.86	14.11	0.00
0	4	0.00	0.67	70.13	20.43	0.00
1	1	0.01	0.42	73.23	16.35	0.00
1	5	0.01	0.43	70.16	20.50	0.00
2	2	0.01	0.32	67.40	22.74	0.00
2	6	0.01	0.50	68.01	22.70	0.00
3	3	0.00	1.21	77.50	11.60	0.00
3	7	0.20	2.15	64.56	8.69	0.00
Core	CPU	C1%	C3%	C6%	C8%	C9%
-	-	0.04	0.62	70.75	17.26	0.00
0	0	0.00	0.53	76.79	12.06	0.00
0	4	0.00	0.62	72.09	18.47	0.00
1	1	0.00	0.52	73.34	16.32	0.00
1	5	0.01	0.32	71.40	19.51	0.00
2	2	0.00	0.44	68.27	21.70	0.00
2	6	0.00	0.47	68.87	21.82	0.00
3	3	0.00	0.51	73.85	16.03	0.00
3	7	0.30	1.53	61.42	12.16	0.00
Core	CPU	C1%	C3%	C6%	C8%	C9%
-	-	0.04	0.66	70.53	17.42	0.00
0	0	0.01	0.58	75.54	13.30	0.00
0	4	0.00	0.69	73.34	16.97	0.00
1	1	0.01	0.41	69.64	20.11	0.00
1	5	0.00	0.30	69.55	21.33	0.00
2	2	0.01	0.41	66.62	23.30	0.00
2	6	0.01	0.51	68.40	22.24	0.00
3	3	0.01	0.55	77.79	12.07	0.00
3	7	0.30	1.87	63.28	10.02	0.00
Core	CPU	C1%	C3%	C6%	C8%	C9%
-	-	0.02	1.15	68.46	18.23	0.00
0	0	0.00	0.53	75.54	12.30	0.00
0	4	0.01	2.68	68.92	18.13	0.00
1	1	0.01	0.45	70.26	18.84	0.00
1	5	0.00	0.28	67.42	21.59	0.00
2	2	0.01	0.46	65.11	23.99	0.00
2	6	0.01	0.52	65.16	24.85	0.00
3	3	0.00	0.46	74.37	14.75	0.00
3	7	0.15	3.80	60.26	11.22	0.00
Core	CPU	C1%	C3%	C6%	C8%	C9%
-	-	0.01	0.67	71.15	16.75	0.00
0	0	0.00	0.58	73.44	15.46	0.00
0	4	0.00	0.67	70.71	19.76	0.00
1	1	0.01	0.52	74.25	15.35	0.00
1	5	0.00	0.35	70.89	19.87	0.00
2	2	0.01	0.43	68.51	21.46	0.00
2	6	0.00	0.43	68.44	22.29	0.00
3	3	0.01	0.55	79.12	10.68	0.00
3	7	0.02	1.82	64.49	9.30	0.00
Core	CPU	C1%	C3%	C6%	C8%	C9%
-	-	0.01	0.82	70.00	17.85	0.00
0	0	0.01	0.53	73.21	15.79	0.00
0	4	0.00	0.68	70.28	20.16	0.00
1	1	0.01	0.53	71.96	17.79	0.00
1	5	0.01	0.39	70.23	20.14	0.00
2	2	0.01	0.42	68.43	21.63	0.00
2	6	0.01	1.31	66.23	23.61	0.00
3	3	0.00	0.58	76.11	13.77	0.00
3	7	0.01	2.14	63.57	9.93	0.00
Core	CPU	C1%	C3%	C6%	C8%	C9%
-	-	0.01	0.63	70.48	17.53	0.00
0	0	0.01	0.58	79.33	9.50	0.00
0	4	0.00	0.61	72.39	18.15	0.00
1	1	0.01	0.49	71.75	18.02	0.00
1	5	0.00	0.15	70.20	20.75	0.00
2	2	0.01	0.49	67.52	22.39	0.00
2	6	0.01	0.48	68.38	22.26	0.00
3	3	0.00	0.55	73.77	16.08	0.00
3	7	0.01	1.70	60.54	13.10	0.00
Core	CPU	C1%	C3%	C6%	C8%	C9%
-	-	0.01	0.69	71.65	16.28	0.00
0	0	0.00	0.59	75.87	13.13	0.00
0	4	0.00	0.74	71.30	19.15	0.00
1	1	0.01	0.47	77.64	12.03	0.00
1	5	0.01	0.29	71.65	19.28	0.00
2	2	0.01	0.49	70.02	19.89	0.00
2	6	0.00	0.40	69.08	21.33	0.00
3	3	0.00	0.46	74.75	13.99	0.00
3	7	0.01	2.05	62.18	11.30	0.00
Core	CPU	C1%	C3%	C6%	C8%	C9%
-	-	0.01	0.97	69.54	16.10	0.00
0	0	0.00	0.57	75.82	10.71	0.00
0	4	0.00	2.54	71.41	15.69	0.00
1	1	0.01	0.59	73.47	14.16	0.00
1	5	0.00	0.23	68.30	20.50	0.00
2	2	0.01	0.50	67.66	19.86	0.00
2	6	0.01	0.43	66.29	22.40	0.00
3	3	0.00	0.44	72.98	14.48	0.00
3	7	0.02	2.43	60.59	11.00	0.00
Core	CPU	C1%	C3%	C6%	C8%	C9%
-	-	0.01	0.68	71.11	16.89	0.00
0	0	0.00	0.54	77.23	11.75	0.00
0	4	0.01	0.69	72.55	17.89	0.00
1	1	0.01	0.54	73.71	16.02	0.00
1	5	0.01	0.27	71.57	19.21	0.00
2	2	0.02	0.41	69.00	20.91	0.00
2	6	0.00	0.51	68.36	22.28	0.00
3	3	0.00	0.63	75.62	14.20	0.00
3	7	0.01	1.87	60.91	12.84	0.00
Core	CPU	C1%	C3%	C6%	C8%	C9%
-	-	0.01	0.82	70.84	16.94	0.00
0	0	0.00	0.55	79.71	9.11	0.00
0	4	0.00	0.59	71.62	19.00	0.00
1	1	0.01	0.47	70.78	19.12	0.00
1	5	0.01	0.34	68.97	21.59	0.00
2	2	0.00	0.47	70.21	19.70	0.00
2	6	0.01	0.45	68.91	21.84	0.00
3	3	0.00	1.31	75.03	13.96	0.00
3	7	0.01	2.38	61.88	11.26	0.00
Core	CPU	C1%	C3%	C6%	C8%	C9%
-	-	0.00	0.67	70.60	17.40	0.00
0	0	0.00	0.56	75.36	13.56	0.00
0	4	0.00	0.69	70.60	19.76	0.00
1	1	0.01	0.61	73.88	15.61	0.00
1	5	0.00	0.30	70.66	20.27	0.00
2	2	0.00	0.48	68.08	21.83	0.00
2	6	0.00	0.39	68.34	22.42	0.00
3	3	0.00	0.56	76.05	13.84	0.00
3	7	0.01	1.82	61.84	11.91	0.00
Core	CPU	C1%	C3%	C6%	C8%	C9%
-	-	0.01	0.68	70.15	17.80	0.00
0	0	0.01	0.58	76.91	11.99	0.00
0	4	0.00	0.63	72.86	17.52	0.00
1	1	0.01	0.56	71.05	18.50	0.00
1	5	0.00	0.23	69.90	20.80	0.00
2	2	0.01	0.47	68.14	21.76	0.00
2	6	0.00	0.47	67.93	22.76	0.00
3	3	0.01	0.60	73.48	16.38	0.00
3	7	0.01	1.89	60.94	12.68	0.00
Core	CPU	C1%	C3%	C6%	C8%	C9%
-	-	0.01	0.83	68.97	16.83	0.00
0	0	0.00	0.55	74.78	12.22	0.00
0	4	0.01	1.58	69.59	17.55	0.00
1	1	0.01	0.54	72.66	15.01	0.00
1	5	0.00	0.34	69.06	19.73	0.00
2	2	0.01	0.35	66.23	21.43	0.00
2	6	0.01	0.43	67.45	21.43	0.00
3	3	0.00	0.52	72.89	14.43	0.00
3	7	0.02	2.29	58.76	12.79	0.00
Core	CPU	C1%	C3%	C6%	C8%	C9%
-	-	0.01	0.65	70.06	17.90	0.00
0	0	0.00	0.55	75.59	13.24	0.00
0	4	0.00	0.70	71.32	19.09	0.00
1	1	0.01	0.45	71.81	17.94	0.00
1	5	0.01	0.21	69.60	21.29	0.00
2	2	0.01	0.43	67.43	22.52	0.00
2	6	0.01	0.47	67.20	23.49	0.00
3	3	0.00	0.55	75.69	14.19	0.00
3	7	0.01	1.83	62.16	11.53	0.00
Core	CPU	C1%	C3%	C6%	C8%	C9%
-	-	0.01	0.86	70.92	17.02	0.00
0	0	0.01	0.49	74.96	14.14	0.00
0	4	0.00	1.46	70.90	18.65	0.00
1	1	0.01	0.43	73.10	16.70	0.00
1	5	0.01	0.39	70.15	20.68	0.00
2	2	0.01	0.47	69.16	20.86	0.00
2	6	0.01	0.58	68.22	22.48	0.00
3	3	0.00	0.52	77.70	12.25	0.00
3	7	0.00	2.51	62.89	10.31	0.00
Core	CPU	C1%	C3%	C6%	C8%	C9%
-	-	0.00	0.64	70.44	16.93	0.00
0	0	0.00	0.57	76.55	12.51	0.00
0	4	0.01	0.59	71.12	19.33	0.00
1	1	0.00	0.46	73.35	16.49	0.00
1	5	0.01	0.33	71.03	19.47	0.00
2	2	0.00	0.43	68.52	21.58	0.00
2	6	0.01	0.35	69.10	21.75	0.00
3	3	0.00	0.58	74.50	14.69	0.00
3	7	0.01	1.83	59.51	9.63	0.00
Core	CPU	C1%	C3%	C6%	C8%	C9%
-	-	0.01	0.69	71.06	16.94	0.00
0	0	0.00	0.53	76.42	12.47	0.00
0	4	0.00	0.63	71.40	19.14	0.00
1	1	0.02	0.47	71.83	17.98	0.00
1	5	0.01	0.31	68.95	21.90	0.00
2	2	0.01	0.46	69.00	20.95	0.00
2	6	0.00	0.62	68.71	21.86	0.00
3	3	0.01	0.59	78.43	11.48	0.00
3	7	0.01	1.89	63.88	9.77	0.00
Core	CPU	C1%	C3%	C6%	C8%	C9%
-	-	0.01	1.18	68.64	17.88	0.00
0	0	0.00	0.45	76.49	11.32	0.00
0	4	0.01	2.58	69.42	17.98	0.00
1	1	0.00	0.40	69.46	20.17	0.00
1	5	0.01	0.22	68.28	20.55	0.00
2	2	0.00	0.44	66.05	22.34	0.00
2	6	0.00	0.51	65.53	24.09	0.00
3	3	0.00	0.56	73.21	15.02	0.00
3	7	0.01	4.28	60.09	11.44	0.00
Core	CPU	C1%	C3%	C6%	C8%	C9%
-	-	0.07	0.67	70.14	17.73	0.00
0	0	0.00	0.69	75.67	13.06	0.00
0	4	0.00	0.65	71.54	19.00	0.00
1	1	0.00	0.57	72.71	17.02	0.00
1	5	0.00	0.28	70.64	20.24	0.00
2	2	0.01	0.48	67.35	22.52	0.00
2	6	0.01	0.52	67.62	23.00	0.00
3	3	0.00	0.59	74.76	15.12	0.00
3	7	0.50	1.55	61.42	12.05	0.00
Core	CPU	C1%	C3%	C6%	C8%	C9%
-	-	0.04	0.86	70.76	17.17	0.00
0	0	0.00	0.48	76.22	12.93	0.00
0	4	0.00	1.56	74.47	15.05	0.00
1	1	0.01	0.38	69.64	20.26	0.00
1	5	0.01	0.26	69.77	21.24	0.00
2	2	0.01	0.50	69.35	20.55	0.00
2	6	0.01	0.61	69.70	20.92	0.00
3	3	0.00	0.58	74.78	15.24	0.00
3	7	0.30	2.48	61.77	11.12	0.00
Core	CPU	C1%	C3%	C6%	C8%	C9%
-	-	0.01	0.70	70.92	17.00	0.00
0	0	0.00	0.55	74.20	14.87	0.00
0	4	0.00	0.72	70.42	20.04	0.00
1	1	0.02	0.51	73.25	16.16	0.00
1	5	0.00	0.35	69.66	21.20	0.00
2	2	0.01	0.52	70.23	19.69	0.00
2	6	0.01	0.59	69.51	21.02	0.00
3	3	0.00	0.48	77.64	12.14	0.00
3	7	0.01	1.86	62.55	10.86	0.00
Core	CPU	C1%	C3%	C6%	C8%	C9%
-	-	0.01	0.67	71.19	16.85	0.00
0	0	0.00	0.52	77.39	11.52	0.00
0	4	0.00	0.66	72.44	18.07	0.00
1	1	0.01	0.54	74.11	15.59	0.00
1	5	0.00	0.33	69.47	21.40	0.00
2	2	0.01	0.49	66.77	23.21	0.00
2	6	0.00	0.46	67.05	23.65	0.00
3	3	0.00	0.51	78.71	11.16	0.00
3	7	0.02	1.84	63.60	10.22	0.00
Core	CPU	C1%	C3%	C6%	C8%	C9%
-	-	0.01	1.31	68.86	18.03	0.00
0	0	0.00	0.61	75.87	12.30	0.00
0	4	0.00	3.49	69.32	17.86	0.00
1	1	0.00	0.54	70.09	19.09	0.00
1	5	0.01	0.26	67.96	22.17	0.00
2	2	0.01	0.50	66.19	23.34	0.00
2	6	0.00	0.43	65.85	23.60	0.00
3	3	0.00	0.53	74.40	15.06	0.00
3	7	0.01	4.13	60.83	10.71	0.00
Core	CPU	C1%	C3%	C6%	C8%	C9%
-	-	0.01	0.66	71.10	16.81	0.00
0	0	0.00	0.59	76.74	12.25	0.00
0	4	0.00	0.64	73.78	16.72	0.00
1	1	0.01	0.46	72.82	17.00	0.00
1	5	0.01	0.19	69.58	21.28	0.00
2	2	0.01	0.47	71.37	18.39	0.00
2	6	0.01	0.54	69.66	20.93	0.00
3	3	0.00	0.59	73.43	16.44	0.00
3	7	0.01	1.83	62.06	11.62	0.00
Core	CPU	C1%	C3%	C6%	C8%	C9%
-	-	0.01	0.79	71.03	16.89	0.00
0	0	0.00	0.53	73.62	15.52	0.00
0	4	0.01	0.71	72.85	17.54	0.00
1	1	0.01	0.50	72.07	17.75	0.00
1	5	0.01	0.32	70.85	20.07	0.00
2	2	0.01	0.48	69.82	19.97	0.00
2	6	0.01	1.14	68.59	21.31	0.00
3	3	0.00	0.56	77.48	12.40	0.00
3	7	0.01	2.12	62.84	10.54	0.00
Core	CPU	C1%	C3%	C6%	C8%	C9%
-	-	0.01	0.66	70.64	17.33	0.00
0	0	0.01	0.53	75.57	13.41	0.00
0	4	0.00	0.60	73.47	16.94	0.00
1	1	0.01	0.48	70.27	19.39	0.00
1	5	0.00	0.25	72.24	18.60	0.00
2	2	0.01	0.41	68.00	21.93	0.00
2	6	0.00	0.49	68.46	22.23	0.00
3	3	0.00	0.60	75.25	14.56	0.00
3	7	0.01	1.94	62.07	11.58	0.00
Core	CPU	C1%	C3%	C6%	C8%	C9%
-	-	0.01	0.67	71.90	16.11	0.00
0	0	0.00	0.49	77.87	10.96	0.00
0	4	0.01	0.72	73.84	16.42	0.00
1	1	0.01	0.39	71.20	18.85	0.00
1	5	0.01	0.24	69.87	21.07	0.00
2	2	0.00	0.52	71.62	18.14	0.00
2	6	0.00	0.41	70.59	20.16	0.00
3	3	0.00	0.52	76.55	13.36	0.00
3	7	0.01	2.05	63.61	9.91	0.00
Core	CPU	C1%	C3%	C6%	C8%	C9%
-	-	0.00	1.02	68.93	16.86	0.00
0	0	0.01	0.52	74.03	12.72	0.00
0	4	0.00	1.80	68.92	18.47	0.00
1	1	0.01	0.48	71.74	16.24	0.00
1	5	0.01	0.30	69.57	18.90	0.00
2	2	0.00	0.49	65.73	22.23	0.00
2	6	0.00	0.43	66.76	21.35	0.00
3	3	0.00	0.56	74.28	13.65	0.00
3	7	0.01	3.59	60.13	11.27	0.00
Core	CPU	C1%	C3%	C6%	C8%	C9%
-	-	0.01	0.67	71.35	16.67	0.00
0	0	0.01	0.53	74.68	14.28	0.00
0	4	0.00	0.75	70.78	19.64	0.00
1	1	0.01	0.39	72.97	17.01	0.00
1	5	0.01	0.35	69.79	21.07	0.00
2	2	0.01	0.40	68.68	21.20	0.00
2	6	0.00	0.42	71.33	19.18	0.00
3	3	0.00	0.55	78.19	11.72	0.00
3	7	0.02	1.94	64.39	9.27	0.00
Core	CPU	C1%	C3%	C6%	C8%	C9%
-	-	0.00	0.77	70.36	17.44	0.00
0	0	0.00	0.59	75.20	13.81	0.00
0	4	0.00	0.62	71.78	18.75	0.00
1	1	0.01	0.38	69.64	20.16	0.00
1	5	0.01	0.90	71.95	17.83	0.00
2	2	0.01	0.34	68.26	21.64	0.00
2	6	0.00	0.45	68.81	21.29	0.00
3	3	0.00	0.55	75.03	14.96	0.00
3	7	0.00	2.37	62.26	11.11	0.00
Core	CPU	C1%	C3%	C6%	C8%	C9%
-	-	0.01	0.69	70.36	17.57	0.00
0	0	0.00	0.56	73.18	15.74	0.00
0	4	0.00	0.77	71.54	18.67	0.00
1	1	0.01	0.49	69.62	19.99	0.00
1	5	0.00	0.34	69.92	20.85	0.00
2	2	0.01	0.44	69.02	20.84	0.00
2	6	0.00	0.50	67.60	23.06	0.00
3	3	0.00	0.62	78.24	11.59	0.00
3	7	0.01	1.84	63.92	9.85	0.00
Core	CPU	C1%	C3%	C6%	C8%	C9%
-	-	0.00	0.68	71.06	16.90	0.00
0	0	0.00	0.46	75.22	13.87	0.00
0	4	0.00	0.70	71.61	18.79	0.00
1	1	0.00	0.48	74.20	15.35	0.00
1	5	0.01	0.28	70.20	20.42	0.00
2	2	0.01	0.52	69.63	20.21	0.00
2	6	0.00	0.51	69.82	20.87	0.00
3	3	0.00	0.57	75.23	14.69	0.00
3	7	0.01	1.89	62.70	11.01	0.00
Core	CPU	C1%	C3%	C6%	C8%	C9%
-	-	0.01	0.91	69.53	16.34	0.00
0	0	0.00	0.56	73.87	12.59	0.00
0	4	0.00	2.40	69.11	18.13	0.00
1	1	0.01	0.40	72.71	15.28	0.00
1	5	0.01	0.31	69.43	20.05	0.00
2	2	0.01	0.46	68.73	18.70	0.00
2	6	0.00	0.40	66.56	21.76	0.00
3	3	0.00	0.56	74.63	12.89	0.00
3	7	0.01	2.21	60.52	11.15	0.00
Core	CPU	C1%	C3%	C6%	C8%	C9%
-	-	0.01	0.63	70.82	17.10	0.00
0	0	0.00	0.59	78.82	10.12	0.00
0	4	0.00	0.73	74.32	16.02	0.00
1	1	0.00	0.48	71.38	18.40	0.00
1	5	0.01	0.26	73.34	17.42	0.00
2	2	0.01	0.48	67.52	22.24	0.00
2	6	0.01	0.34	67.98	22.76	0.00
3	3	0.00	0.46	74.13	15.90	0.00
3	7	0.01	1.69	59.77	14.08	0.00
Core	CPU	C1%	C3%	C6%	C8%	C9%
-	-	0.01	0.82	70.59	17.28	0.00
0	0	0.01	0.48	74.16	14.89	0.00
0	4	0.00	1.41	71.25	18.28	0.00
1	1	0.00	0.58	72.26	17.57	0.00
1	5	0.01	0.35	69.13	21.49	0.00
2	2	0.01	0.54	69.17	20.61	0.00
2	6	0.00	0.46	69.33	21.40	0.00
3	3	0.01	0.61	75.94	14.01	0.00
3	7	0.01	2.10	63.51	10.04	0.00
Core	CPU	C1%	C3%	C6%	C8%	C9%
-	-	0.01	0.66	72.24	15.80	0.00
0	0	0.00	0.46	77.67	11.32	0.00
0	4	0.00	0.78	73.72	16.68	0.00
1	1	0.01	0.41	73.10	16.80	0.00
1	5	0.01	0.26	72.62	18.24	0.00
2	2	0.01	0.63	69.16	20.42	0.00
2	6	0.01	0.50	70.95	19.67	0.00
3	3	0.01	0.53	76.95	13.01	0.00
3	7	0.01	1.71	63.71	10.25	0.00
Core	CPU	C1%	C3%	C6%	C8%	C9%
-	-	0.01	0.73	70.93	17.03	0.00
0	0	0.00	0.50	76.46	12.36	0.00
0	4	0.00	0.80	70.81	19.52	0.00
1	1	0.01	0.41	73.12	16.80	0.00
1	5	0.00	0.39	69.07	21.73	0.00
2	2	0.01	0.54	67.31	22.30	0.00
2	6	0.01	0.59	68.28	22.31	0.00
3	3	0.01	0.63	78.47	11.43	0.00
3	7	0.01	1.96	63.98	9.81	0.00
Core	CPU	C1%	C3%	C6%	C8%	C9%
-	-	0.00	0.99	69.27	16.42	0.00
0	0	0.00	0.46	74.30	12.66	0.00
0	4	0.01	1.60	68.63	18.43	0.00
1	1	0.01	0.59	71.14	16.75	0.00
1	5	0.01	0.27	68.06	20.71	0.00
2	2	0.01	0.47	69.00	18.55	0.00
2	6	0.00	0.55	66.95	21.00	0.00
3	3	0.00	0.51	74.80	12.68	0.00
3	7	0.01	3.43	60.98	10.51	0.00
Core	CPU	C1%	C3%	C6%	C8%	C9%
-	-	0.01	0.69	70.07	17.47	0.00
0	0	0.00	0.52	75.18	13.67	0.00
0	4	0.00	0.80	68.85	21.34	0.00
1	1	0.01	0.57	72.13	17.89	0.00
1	5	0.01	0.32	70.29	20.58	0.00
2	2	0.01	0.35	68.65	21.53	0.00
2	6	0.01	0.37	67.30	23.72	0.00
3	3	0.00	0.50	76.53	12.91	0.00
3	7	0.03	2.06	61.26	8.00	0.00
Core	CPU	C1%	C3%	C6%	C8%	C9%
-	-	0.01	0.80	70.53	16.91	0.00
0	0	0.01	0.56	74.61	14.40	0.00
0	4	0.01	1.13	70.28	19.40	0.00
1	1	0.00	0.41	75.77	14.14	0.00
1	5	0.01	0.34	72.53	17.78	0.00
2	2	0.01	0.45	69.08	19.29	0.00
2	6	0.00	0.43	68.93	21.17	0.00
3	3	0.00	0.59	72.29	16.89	0.00
3	7	0.01	2.51	60.77	12.22	0.00
Core	CPU	C1%	C3%	C6%	C8%	C9%
-	-	0.01	0.72	72.38	15.61	0.00
0	0	0.01	0.47	77.88	10.97	0.00
0	4	0.00	0.73	70.63	19.78	0.00
1	1	0.01	0.52	74.48	15.34	0.00
1	5	0.01	0.47	71.33	19.39	0.00
2	2	0.01	0.38	71.15	18.84	0.00
2	6	0.00	0.53	70.90	19.74	0.00
3	3	0.00	0.61	78.22	11.70	0.00
3	7	0.01	2.04	64.53	9.17	0.00
Core	CPU	C1%	C3%	C6%	C8%	C9%
-	-	0.01	0.65	70.41	17.50	0.00
0	0	0.00	0.57	77.07	11.63	0.00
0	4	0.00	0.71	71.26	19.15	0.00
1	1	0.01	0.45	72.98	16.92	0.00
1	5	0.00	0.27	71.10	19.79	0.00
2	2	0.01	0.47	66.13	23.48	0.00
2	6	0.01	0.49	67.29	23.29	0.00
3	3	0.00	0.58	76.30	13.65	0.00
3	7	0.01	1.69	61.72	12.25	0.00
Core	CPU	C1%	C3%	C6%	C8%	C9%
-	-	0.01	1.18	69.83	16.87	0.00
0	0	0.00	0.53	71.70	16.10	0.00
0	4	0.00	2.78	69.36	17.86	0.00
1	1	0.01	0.53	70.65	18.58	0.00
1	5	0.00	0.38	70.51	19.51	0.00
2	2	0.01	0.45	68.23	20.91	0.00
2	6	0.00	0.43	68.45	20.85	0.00
3	3	0.01	0.54	76.31	12.08	0.00
3	7	0.02	3.83	62.75	8.88	0.00
Core	CPU	C1%	C3%	C6%	C8%	C9%
-	-	0.01	0.66	71.47	16.38	0.00
0	0	0.00	0.56	78.89	10.04	0.00
0	4	0.01	0.68	74.14	16.06	0.00
1	1	0.01	0.50	72.70	16.62	0.00
1	5	0.01	0.32	73.13	17.69	0.00
2	2	0.01	0.55	70.32	19.48	0.00
2	6	0.01	0.38	70.18	20.58	0.00
3	3	0.01	0.45	73.04	17.01	0.00
3	7	0.00	1.85	60.08	13.67	0.00
Core	CPU	C1%	C3%	C6%	C8%	C9%
-	-	0.00	0.88	69.60	18.38	0.00
0	0	0.00	0.57	74.17	14.76	0.00
0	4	0.00	1.67	70.58	18.89	0.00
1	1	0.00	0.56	72.45	17.40	0.00
1	5	0.00	0.39	70.32	20.59	0.00
2	2	0.01	0.49	65.72	24.23	0.00
2	6	0.00	0.41	65.66	25.17	0.00
3	3	0.00	0.59	75.10	14.91	0.00
3	7	0.01	2.37	62.36	11.00	0.00
Core	CPU	C1%	C3%	C6%	C8%	C9%
-	-	0.00	0.66	69.38	18.60	0.00
0	0	0.00	0.61	75.55	13.40	0.00
0	4	0.00	0.58	74.53	15.78	0.00
1	1	0.01	0.50	68.42	21.06	0.00
1	5	0.00	0.25	70.19	20.72	0.00
2	2	0.00	0.47	65.37	24.51	0.00
2	6	0.00	0.47	67.36	23.24	0.00
3	3	0.00	0.59	73.09	16.82	0.00
3	7	0.01	1.78	60.51	13.29	0.00
Core	CPU	C1%	C3%	C6%	C8%	C9%
-	-	0.01	0.67	70.64	17.29	0.00
0	0	0.00	0.58	76.46	12.40	0.00
0	4	0.00	0.69	74.46	15.78	0.00
1	1	0.01	0.54	70.48	19.36	0.00
1	5	0.01	0.26	70.12	20.60	0.00
2	2	0.00	0.50	67.52	22.42	0.00
2	6	0.00	0.40	68.51	22.21	0.00
3	3	0.01	0.52	75.01	14.93	0.00
3	7	0.01	1.89	62.95	10.69	0.00
Core	CPU	C1%	C3%	C6%	C8%	C9%
-	-	0.01	1.24	69.74	16.74	0.00
0	0	0.00	0.51	75.29	12.60	0.00
0	4	0.00	2.88	71.29	15.75	0.00
1	1	0.00	0.46	72.21	16.92	0.00
1	5	0.01	0.35	70.26	19.44	0.00
2	2	0.01	0.43	65.48	23.61	0.00
2	6	0.01	0.42	66.20	22.73	0.00
3	3	0.00	0.53	75.70	12.40	0.00
3	7	0.01	4.33	61.21	10.42	0.00
Core	CPU	C1%	C3%	C6%	C8%	C9%
-	-	0.01	0.67	70.08	18.00	0.00
0	0	0.00	0.58	75.67	13.23	0.00
0	4	0.00	0.62	69.64	20.93	0.00
1	1	0.01	0.62	72.86	16.76	0.00
1	5	0.00	0.36	70.64	20.08	0.00
2	2	0.01	0.44	68.64	21.31	0.00
2	6	0.01	0.54	68.47	22.18	0.00
3	3	0.00	0.51	73.93	16.04	0.00
3	7	0.02	1.70	60.53	13.39	0.00
Core	CPU	C1%	C3%	C6%	C8%	C9%
-	-	0.01	0.87	70.85	16.90	0.00
0	0	0.00	0.55	76.02	12.90	0.00
0	4	0.01	0.67	70.70	19.69	0.00
1	1	0.01	0.45	73.22	16.43	0.00
1	5	0.01	0.36	72.31	18.60	0.00
2	2	0.00	0.53	68.97	20.30	0.00
2	6	0.01	1.12	67.96	21.79	0.00
3	3	0.00	0.55	76.20	13.81	0.00
3	7	0.01	2.74	61.39	11.66	0.00
Core	CPU	C1%	C3%	C6%	C8%	C9%
-	-	0.01	0.67	71.28	16.66	0.00
0	0	0.00	0.58	76.70	12.12	0.00
0	4	0.00	0.68	71.77	18.65	0.00
1	1	0.01	0.47	75.21	14.45	0.00
1	5	0.01	0.30	71.69	19.14	0.00
2	2	0.01	0.51	69.48	20.39	0.00
2	6	0.01	0.46	69.33	21.39	0.00
3	3	0.00	0.55	74.23	15.66	0.00
3	7	0.02	1.83	62.13	11.57	0.00
Core	CPU	C1%	C3%	C6%	C8%	C9%
-	-	0.00	0.69	70.95	17.01	0.00
0	0	0.00	0.59	75.35	13.53	0.00
0	4	0.00	0.71	70.96	19.28	0.00
1	1	0.00	0.52	72.93	16.88	0.00
1	5	0.00	0.36	70.91	19.93	0.00
2	2	0.01	0.41	69.48	20.46	0.00
2	6	0.00	0.41	69.19	21.58	0.00
3	3	0.01	0.57	76.42	13.44	0.00
3	7	0.01	1.93	62.66	11.02	0.00
Core	CPU	C1%	C3%	C6%	C8%	C9%
-	-	0.01	1.14	69.51	16.84	0.00
0	0	0.01	0.47	73.12	14.55	0.00
0	4	0.01	2.22	71.71	15.36	0.00
1	1	0.01	0.48	70.29	18.58	0.00
1	5	0.01	0.40	71.55	17.58	0.00
2	2	0.00	0.48	69.08	19.89	0.00
2	6	0.01	0.37	69.19	19.94	0.00
3	3	0.00	0.55	71.86	16.45	0.00
3	7	0.01	4.13	58.94	12.30	0.00
Core	CPU	C1%	C3%	C6%	C8%	C9%
-	-	0.00	0.68	70.32	17.68	0.00
0	0	0.00	0.59	76.58	12.28	0.00
0	4	0.00	0.61	74.23	16.01	0.00
1	1	0.01	0.60	72.37	17.17	0.00
1	5	0.00	0.31	71.61	19.29	0.00
2	2	0.01	0.50	65.82	24.11	0.00
2	6	0.00	0.43	66.99	23.73	0.00
3	3	0.00	0.62	73.58	16.25	0.00
3	7	0.01	1.80	61.21	12.58	0.00
Core	CPU	C1%	C3%	C6%	C8%	C9%
-	-	0.01	0.91	71.15	16.74	0.00
0	0	0.01	0.64	76.53	12.36	0.00
0	4	0.01	1.55	69.21	20.52	0.00
1	1	0.00	0.51	72.94	16.97	0.00
1	5	0.01	0.40	72.58	18.27	0.00
2	2	0.00	0.49	70.75	19.09	0.00
2	6	0.00	0.30	70.43	20.48	0.00
3	3	0.01	0.48	74.78	15.20	0.00
3	7	0.01	2.94	61.91	11.02	0.00
Core	CPU	C1%	C3%	C6%	C8%	C9%
-	-	0.01	0.69	69.42	18.47	0.00
0	0	0.00	0.65	73.81	15.05	0.00
0	4	0.00	0.60	69.38	21.24	0.00
1	1	0.01	0.49	73.49	16.36	0.00
1	5	0.00	0.28	71.41	19.41	0.00
2	2	0.01	0.49	67.47	22.27	0.00
2	6	0.00	0.45	67.69	23.00	0.00
3	3	0.01	0.59	72.19	17.61	0.00
3	7	0.02	2.00	60.56	13.01	0.00
Core	CPU	C1%	C3%	C6%	C8%	C9%
-	-	0.01	0.67	70.56	17.45	0.00
0	0	0.00	0.59	76.97	11.98	0.00
0	4	0.01	0.64	72.96	17.36	0.00
1	1	0.01	0.51	72.22	17.63	0.00
1	5	0.00	0.24	73.24	17.51	0.00
2	2	0.01	0.45	67.68	22.29	0.00
2	6	0.00	0.48	67.10	23.57	0.00
3	3	0.01	0.48	73.78	16.16	0.00
3	7	0.01	1.98	60.47	13.10	0.00
Core	CPU	C1%	C3%	C6%	C8%	C9%
-	-	0.00	1.05	69.11	16.80	0.00
0	0	0.00	0.49	71.70	15.31	0.00
0	4	0.00	2.26	71.45	15.82	0.00
1	1	0.00	0.48	71.40	16.51	0.00
1	5	0.01	0.37	70.07	18.70	0.00
2	2	0.00	0.48	68.52	19.41	0.00
2	6	0.00	0.33	66.91	21.40	0.00
3	3	0.00	0.52	72.25	15.81	0.00
3	7	0.01	3.50	60.25	11.40	0.00
Core	CPU	C1%	C3%	C6%	C8%	C9%
-	-	0.00	0.71	71.12	16.88	0.00
0	0	0.00	0.49	76.84	12.04	0.00
0	4	0.01	0.65	72.74	17.53	0.00
1	1	0.01	0.69	70.85	18.73	0.00
1	5	0.00	0.37	71.25	19.57	0.00
2	2	0.00	0.49	69.32	20.61	0.00
2	6	0.00	0.47	68.82	21.91	0.00
3	3	0.00	0.53	75.51	14.38	0.00
3	7	0.01	1.97	63.51	10.20	0.00
Core	CPU	C1%	C3%	C6%	C8%	C9%
-	-	0.01	0.84	70.37	17.58	0.00
0	0	0.01	1.39	73.33	14.88	0.00
0	4	0.00	0.64	68.94	21.69	0.00
1	1	0.01	0.57	76.32	13.34	0.00
1	5	0.00	0.31	70.33	20.59	0.00
2	2	0.01	0.47	69.81	20.25	0.00
2	6	0.01	0.37	68.65	22.26	0.00
3	3	0.00	0.56	74.54	15.42	0.00
3	7	0.01	2.44	60.93	12.15	0.00
Core	CPU	C1%	C3%	C6%	C8%	C9%
-	-	0.01	0.65	69.76	17.60	0.00
0	0	0.00	0.48	77.03	12.03	0.00
0	4	0.01	0.66	70.46	19.26	0.00
1	1	0.01	0.49	71.12	18.71	0.00
1	5	0.00	0.30	70.91	20.15	0.00
2	2	0.01	0.59	66.21	23.85	0.00
2	6	0.01	0.47	66.29	24.61	0.00
3	3	0.00	0.47	75.71	13.69	0.00
3	7	0.02	1.75	60.34	8.51	0.00
Core	CPU	C1%	C3%	C6%	C8%	C9%
-	-	0.00	0.71	70.58	17.31	0.00
0	0	0.00	0.54	76.85	12.04	0.00
0	4	0.01	0.63	74.36	15.95	0.00
1	1	0.00	0.53	70.93	18.80	0.00
1	5	0.01	0.33	71.69	19.20	0.00
2	2	0.00	0.51	67.80	22.07	0.00
2	6	0.00	0.48	67.24	23.45	0.00
3	3	0.00	0.56	74.24	15.70	0.00
3	7	0.01	2.08	62.09	11.44	0.00
Core	CPU	C1%	C3%	C6%	C8%	C9%
-	-	0.01	1.34	69.87	17.01	0.00
0	0	0.00	0.45	75.74	12.88	0.00
0	4	0.01	3.63	70.23	16.93	0.00
1	1	0.01	0.44	70.32	19.19	0.00
1	5	0.01	0.35	67.72	22.29	0.00
2	2	0.01	0.49	68.42	19.88	0.00
2	6	0.01	0.36	68.19	21.64	0.00
3	3	0.01	0.54	75.76	13.81	0.00
3	7	0.02	4.49	62.27	9.40	0.00
Core	CPU	C1%	C3%	C6%	C8%	C9%
-	-	0.01	0.68	70.42	17.64	0.00
0	0	0.00	0.56	75.13	13.76	0.00
0	4	0.00	0.58	70.50	19.93	0.00
1	1	0.01	0.62	72.58	17.08	0.00
1	5	0.01	0.37	70.27	20.57	0.00
2	2	0.01	0.36	68.89	21.18	0.00
2	6	0.00	0.42	68.91	21.87	0.00
3	3	0.00	0.53	74.86	15.08	0.00
3	7	0.01	1.99	62.01	11.63	0.00
Core	CPU	C1%	C3%	C6%	C8%	C9%
-	-	0.01	0.79	70.97	16.92	0.00
0	0	0.00	0.49	74.89	14.06	0.00
0	4	0.00	1.40	72.41	17.26	0.00
1	1	0.01	0.58	73.56	16.12	0.00
1	5	0.01	0.31	72.11	18.78	0.00
2	2	0.01	0.48	68.38	21.56	0.00
2	6	0.00	0.48	68.60	22.17	0.00
3	3	0.00	0.56	75.22	14.75	0.00
3	7	0.01	2.03	62.72	10.66	0.00
Core	CPU	C1%	C3%	C6%	C8%	C9%
-	-	0.00	0.70	70.77	17.18	0.00
0	0	0.01	0.59	78.42	10.34	0.00
0	4	0.00	0.65	70.58	19.93	0.00
1	1	0.01	0.53	73.00	16.85	0.00
1	5	0.00	0.29	70.36	20.51	0.00
2	2	0.01	0.53	67.07	22.81	0.00
2	6	0.00	0.43	67.28	23.45	0.00
3	3	0.00	0.57	76.82	13.13	0.00
3	7	0.01	1.99	63.07	10.55	0.00
Core	CPU	C1%	C3%	C6%	C8%	C9%
-	-	0.00	0.68	70.21	17.84	0.00
0	0	0.00	0.55	74.60	14.24	0.00
0	4	0.00	0.65	71.68	18.79	0.00
1	1	0.01	0.48	72.76	17.04	0.00
1	5	0.01	0.34	69.88	21.01	0.00
2	2	0.01	0.58	67.74	22.07	0.00
2	6	0.00	0.40	67.21	23.56	0.00
3	3	0.00	0.54	75.86	14.11	0.00
3	7	0.01	1.92	61.90	11.84	0.00
Core	CPU	C1%	C3%	C6%	C8%	C9%
-	-	0.01	1.13	68.63	17.31	0.00
0	0	0.00	0.53	72.68	14.44	0.00
0	4	0.00	2.75	67.17	19.97	0.00
1	1	0.01	0.40	68.86	18.95	0.00
1	5	0.01	0.37	66.36	22.54	0.00
2	2	0.01	0.59	67.71	20.15	0.00
2	6	0.00	0.50	68.04	20.64	0.00
3	3	0.00	0.57	75.65	12.35	0.00
3	7	0.01	3.36	62.29	9.37	0.00
Core	CPU	C1%	C3%	C6%	C8%	C9%
-	-	0.00	0.65	70.33	17.60	0.00
0	0	0.00	0.49	75.77	13.23	0.00
0	4	0.00	0.70	73.02	17.40	0.00
1	1	0.00	0.47	70.73	19.06	0.00
1	5	0.00	0.32	70.18	20.57	0.00
2	2	0.00	0.54	68.11	21.78	0.00
2	6	0.00	0.38	68.60	22.02	0.00
3	3	0.00	0.55	74.06	15.01	0.00
3	7	0.01	1.75	62.17	11.74	0.00
Core	CPU	C1%	C3%	C6%	C8%	C9%
-	-	0.04	0.83	70.32	17.59	0.00
0	0	0.00	0.51	74.05	14.88	0.00
0	4	0.00	1.46	70.17	19.55	0.00
1	1	0.00	0.43	71.33	18.59	0.00
1	5	0.01	0.34	69.88	20.84	0.00
2	2	0.01	0.51	67.80	22.11	0.00
2	6	0.01	0.60	67.61	23.02	0.00
3	3	0.00	0.64	78.34	11.49	0.00
3	7	0.30	2.14	63.02	10.11	0.00
Core	CPU	C1%	C3%	C6%	C8%	C9%
-	-	0.00	0.66	70.21	17.73	0.00
0	0	0.00	0.64	76.15	12.70	0.00
0	4	0.00	0.63	70.45	20.15	0.00
1	1	0.01	0.51	75.64	14.11	0.00
1	5	0.00	0.30	71.27	19.44	0.00
2	2	0.01	0.37	66.57	23.47	0.00
2	6	0.00	0.37	67.04	23.77	0.00
3	3	0.00	0.53	74.28	15.59	0.00
3	7	0.00	1.93	60.89	12.75	0.00
Core	CPU	C1%	C3%	C6%	C8%	C9%
-	-	0.01	0.66	70.31	17.73	0.00
0	0	0.01	0.63	77.41	11.46	0.00
0	4	0.00	0.65	72.03	18.51	0.00
1	1	0.01	0.44	72.75	17.24	0.00
1	5	0.01	0.29	69.37	21.46	0.00
2	2	0.01	0.46	66.53	23.39	0.00
2	6	0.01	0.50	69.00	21.55	0.00
3	3	0.01	0.57	73.20	16.65	0.00
3	7	0.01	1.75	62.30	11.58	0.00
Core	CPU	C1%	C3%	C6%	C8%	C9%
-	-	0.01	1.21	68.18	18.64	0.00
0	0	0.00	0.55	75.96	12.39	0.00
0	4	0.00	3.11	69.61	17.82	0.00
1	1	0.01	0.48	68.94	20.03	0.00
1	5	0.00	0.28	65.58	24.01	0.00
2	2	0.01	0.43	66.52	22.22	0.00
2	6	0.01	0.40	66.24	23.67	0.00
3	3	0.01	0.45	72.20	17.34	0.00
3	7	0.01	4.01	60.04	11.60	0.00
Core	CPU	C1%	C3%	C6%	C8%	C9%
-	-	0.01	0.67	71.13	16.86	0.00
0	0	0.01	0.63	75.98	12.78	0.00
0	4	0.01	0.71	71.95	18.41	0.00
1	1	0.01	0.54	72.56	17.22	0.00
1	5	0.00	0.32	72.85	18.03	0.00
2	2	0.01	0.38	68.59	21.33	0.00
2	6	0.01	0.39	68.45	22.31	0.00
3	3	0.00	0.51	75.88	14.03	0.00
3	7	0.01	1.84	62.87	10.80	0.00
Core	CPU	C1%	C3%	C6%	C8%	C9%
-	-	0.00	0.83	70.43	17.42	0.00
0	0	0.00	0.55	76.75	12.16	0.00
0	4	0.00	0.63	72.40	18.12	0.00
1	1	0.02	0.51	70.77	19.00	0.00
1	5	0.00	0.30	69.26	21.45	0.00
2	2	0.00	0.41	68.81	21.31	0.00
2	6	0.00	1.09	67.33	22.17	0.00
3	3	0.00	0.51	75.34	14.19	0.00
3	7	0.01	2.60	62.40	10.82	0.00
Core	CPU	C1%	C3%	C6%	C8%	C9%
-	-	0.01	0.67	71.59	16.35	0.00
0	0	0.00	0.54	77.18	11.60	0.00
0	4	0.00	0.78	71.42	18.97	0.00
1	1	0.01	0.50	72.92	17.01	0.00
1	5	0.00	0.36	70.79	20.04	0.00
2	2	0.01	0.48	68.97	20.95	0.00
2	6	0.01	0.41	69.40	21.37	0.00
3	3	0.00	0.50	78.71	11.24	0.00
3	7	0.01	1.78	64.01	9.79	0.00
Core	CPU	C1%	C3%	C6%	C8%	C9%
-	-	0.01	0.69	71.04	16.98	0.00
0	0	0.01	0.57	79.84	8.85	0.00
0	4	0.00	0.72	71.96	18.49	0.00
1	1	0.00	0.36	70.21	19.91	0.00
1	5	0.01	0.27	68.60	22.35	0.00
2	2	0.00	0.41	69.21	20.75	0.00
2	6	0.01	0.62	69.30	21.27	0.00
3	3	0.00	0.60	76.23	13.53	0.00
3	7	0.01	1.99	62.95	10.67	0.00
Core	CPU	C1%	C3%	C6%	C8%	C9%
-	-	0.01	1.16	70.20	16.43	0.00
0	0	0.00	0.52	73.17	14.87	0.00
0	4	0.01	3.02	68.36	18.79	0.00
1	1	0.02	0.46	73.06	15.36	0.00
1	5	0.01	0.38	70.14	19.26	0.00
2	2	0.01	0.41	69.47	19.56	0.00
2	6	0.01	0.36	69.99	19.63	0.00
3	3	0.01	0.49	75.14	13.82	0.00
3	7	0.00	3.66	61.64	9.96	0.00
Core	CPU	C1%	C3%	C6%	C8%	C9%
-	-	0.01	0.67	69.91	18.00	0.00
0	0	0.00	0.62	76.12	12.64	0.00
0	4	0.00	0.63	70.83	19.70	0.00
1	1	0.00	0.62	70.87	18.82	0.00
1	5	0.00	0.32	70.73	20.06	0.00
2	2	0.01	0.45	65.65	24.21	0.00
2	6	0.00	0.37	67.15	23.64	0.00
3	3	0.01	0.58	76.54	13.26	0.00
3	7	0.02	1.80	61.97	11.84	0.00
Core	CPU	C1%	C3%	C6%	C8%	C9%
-	-	0.02	0.82	70.33	17.51	0.00
0	0	0.00	0.55	73.97	14.51	0.00
0	4	0.01	1.52	68.17	21.48	0.00
1	1	0.01	0.51	72.97	16.78	0.00
1	5	0.01	0.30	71.05	19.80	0.00
2	2	0.01	0.48	67.63	22.34	0.00
2	6	0.01	0.49	68.63	22.09	0.00
3	3	0.00	0.55	77.24	12.71	0.00
3	7	0.12	2.14	62.97	10.41	0.00
Core	CPU	C1%	C3%	C6%	C8%	C9%
-	-	0.01	0.69	70.51	17.50	0.00
0	0	0.01	0.58	74.69	14.19	0.00
0	4	0.00	0.71	70.50	19.95	0.00
1	1	0.01	0.49	71.83	17.92	0.00
1	5	0.00	0.35	69.22	21.55	0.00
2	2	0.01	0.43	67.61	22.38	0.00
2	6	0.01	0.56	68.10	22.52	0.00
3	3	0.00	0.60	78.27	11.55	0.00
3	7	0.01	1.83	63.86	9.94	0.00
Core	CPU	C1%	C3%	C6%	C8%	C9%
-	-	0.02	0.75	71.28	16.55	0.00
0	0	0.00	0.64	76.04	12.67	0.00
0	4	0.00	0.65	72.02	18.23	0.00
1	1	0.01	0.63	71.31	18.10	0.00
1	5	0.00	0.37	69.34	21.42	0.00
2	2	0.01	0.42	67.48	22.38	0.00
2	6	0.00	0.65	71.22	19.19	0.00
3	3	0.01	0.61	77.84	11.76	0.00
3	7	0.10	2.01	64.65	8.54	0.00
Core	CPU	C1%	C3%	C6%	C8%	C9%
-	-	0.01	0.91	69.33	16.26	0.00
0	0	0.00	0.46	72.18	14.94	0.00
0	4	0.01	2.30	65.88	21.32	0.00
1	1	0.01	0.52	72.09	15.26	0.00
1	5	0.00	0.43	69.46	19.29	0.00
2	2	0.00	0.44	69.05	18.54	0.00
2	6	0.00	0.37	67.01	21.32	0.00
3	3	0.01	0.56	77.11	10.03	0.00
3	7	0.02	2.23	62.20	9.49	0.00
Core	CPU	C1%	C3%	C6%	C8%	C9%
-	-	0.05	0.68	69.77	17.19	0.00
0	0	0.00	0.51	72.01	16.50	0.00
0	4	0.13	0.82	69.95	19.55	0.00
1	1	0.02	0.51	71.35	17.78	0.00
1	5	0.01	0.38	68.35	22.03	0.00
2	2	0.12	0.43	69.06	20.33	0.00
2	6	0.01	0.51	68.52	22.10	0.00
3	3	0.01	0.49	76.78	12.34	0.00
3	7	0.13	1.78	61.99	6.81	0.00
Core	CPU	C1%	C3%	C6%	C8%	C9%
-	-	0.01	0.85	70.85	16.95	0.00
0	0	0.00	0.53	74.46	14.61	0.00
0	4	0.00	1.46	71.79	17.77	0.00
1	1	0.01	0.52	72.17	17.64	0.00
1	5	0.00	0.33	69.33	21.61	0.00
2	2	0.01	0.44	69.58	20.38	0.00
2	6	0.00	0.53	68.44	21.79	0.00
3	3	0.00	0.61	76.99	12.26	0.00
3	7	0.02	2.38	63.60	9.41	0.00
Core	CPU	C1%	C3%	C6%	C8%	C9%
-	-	0.01	0.70	70.85	16.64	0.00
0	0	0.00	0.48	75.62	12.69	0.00
0	4	0.00	0.79	70.63	18.75	0.00
1	1	0.01	0.62	70.18	18.71	0.00
1	5	0.01	0.41	69.09	21.69	0.00
2	2	0.04	0.49	69.12	20.02	0.00
2	6	0.01	0.55	69.73	20.91	0.00
3	3	0.01	0.57	78.42	10.88	0.00
3	7	0.01	1.71	64.38	9.55	0.00
Core	CPU	C1%	C3%	C6%	C8%	C9%
-	-	0.01	0.63	71.13	17.00	0.00
0	0	0.00	0.55	77.02	11.94	0.00
0	4	0.00	0.76	71.15	19.27	0.00
1	1	0.01	0.48	73.92	15.82	0.00
1	5	0.00	0.21	70.23	20.65	0.00
2	2	0.01	0.49	67.90	22.06	0.00
2	6	0.01	0.38	68.06	22.76	0.00
3	3	0.01	0.45	77.31	12.71	0.00
3	7	0.01	1.72	63.08	10.71	0.00
Core	CPU	C1%	C3%	C6%	C8%	C9%
-	-	0.01	1.11	68.69	16.87	0.00
0	0	0.01	0.54	72.69	14.13	0.00
0	4	0.00	2.41	67.24	19.82	0.00
1	1	0.01	0.51	71.38	16.52	0.00
1	5	0.01	0.48	69.92	18.22	0.00
2	2	0.01	0.43	64.58	23.48	0.00
2	6	0.01	0.51	65.64	22.48	0.00
3	3	0.01	0.62	75.93	11.84	0.00
3	7	0.02	3.41	62.44	8.57	0.00
Core	CPU	C1%	C3%	C6%	C8%	C9%
-	-	0.01	0.67	70.45	17.51	0.00
0	0	0.01	0.58	72.48	16.47	0.00
0	4	0.01	0.73	70.18	20.14	0.00
1	1	0.01	0.44	72.83	16.92	0.00
1	5	0.01	0.41	71.69	18.95	0.00
2	2	0.01	0.39	66.45	23.57	0.00
2	6	0.01	0.52	66.77	23.90	0.00
3	3	0.00	0.64	78.98	10.82	0.00
3	7	0.01	1.66	64.48	9.41	0.00
Core	CPU	C1%	C3%	C6%	C8%	C9%
-	-	0.01	0.87	69.41	17.92	0.00
0	0	0.01	0.64	73.00	15.60	0.00
0	4	0.00	0.66	72.27	17.35	0.00
1	1	0.01	0.51	70.95	17.97	0.00
1	5	0.00	1.14	70.63	19.11	0.00
2	2	0.03	0.44	64.11	24.87	0.00
2	6	0.01	0.35	65.52	24.73	0.00
3	3	0.01	0.58	75.85	13.58	0.00
3	7	0.02	2.62	63.03	10.14	0.00
Core	CPU	C1%	C3%	C6%	C8%	C9%
-	-	0.01	0.70	71.09	16.89	0.00
0	0	0.00	0.53	76.72	12.16	0.00
0	4	0.00	0.66	73.81	16.46	0.00
1	1	0.01	0.47	70.28	19.45	0.00
1	5	0.01	0.28	68.99	21.89	0.00
2	2	0.01	0.48	67.76	22.13	0.00
2	6	0.01	0.58	67.81	22.80	0.00
3	3	0.00	0.54	79.39	10.57	0.00
3	7	0.01	2.04	63.94	9.67	0.00
Core	CPU	C1%	C3%	C6%	C8%	C9%
-	-	0.01	0.68	70.99	17.03	0.00
0	0	0.00	0.62	75.27	13.43	0.00
0	4	0.00	0.65	71.05	19.38	0.00
1	1	0.01	0.54	71.97	17.83	0.00
1	5	0.01	0.33	70.02	20.83	0.00
2	2	0.01	0.46	68.41	21.61	0.00
2	6	0.00	0.41	68.43	22.35	0.00
3	3	0.00	0.50	78.71	11.27	0.00
3	7	0.02	1.96	64.11	9.59	0.00
Core	CPU	C1%	C3%	C6%	C8%	C9%
-	-	0.00	1.05	69.91	15.80	0.00
0	0	0.00	0.45	72.41	13.88	0.00
0	4	0.00	2.43	67.80	19.24	0.00
1	1	0.01	0.64	74.41	13.18	0.00
1	5	0.01	0.48	67.63	21.00	0.00
2	2	0.00	0.42	66.64	21.38	0.00
2	6	0.00	0.53	68.70	20.26	0.00
3	3	0.00	0.50	76.61	10.70	0.00
3	7	0.01	2.96	64.42	6.58	0.00
Core	CPU	C1%	C3%	C6%	C8%	C9%
-	-	0.02	0.69	70.50	17.00	0.00
0	0	0.00	0.57	73.32	15.12	0.00
0	4	0.00	0.62	73.49	16.11	0.00
1	1	0.01	0.53	69.90	18.50	0.00
1	5	0.05	0.41	70.16	19.61	0.00
2	2	0.01	0.49	66.69	23.34	0.00
2	6	0.01	0.52	68.43	22.18	0.00
3	3	0.04	0.62	77.45	11.71	0.00
3	7	0.01	1.79	64.54	9.47	0.00
Core	CPU	C1%	C3%	C6%	C8%	C9%
-	-	0.01	0.86	70.96	16.71	0.00
0	0	0.01	0.54	76.20	12.17	0.00
0	4	0.01	0.71	72.02	18.31	0.00
1	1	0.00	0.48	71.05	18.76	0.00
1	5	0.00	0.31	68.70	21.82	0.00
2	2	0.01	0.49	68.76	21.10	0.00
2	6	0.01	1.37	67.77	22.08	0.00
3	3	0.01	0.55	78.72	10.66	0.00
3	7	0.02	2.40	64.46	8.80	0.00
Core	CPU	C1%	C3%	C6%	C8%	C9%
-	-	0.06	0.66	71.08	16.76	0.00
0	0	0.00	0.49	77.31	11.58	0.00
0	4	0.01	0.58	70.76	19.80	0.00
1	1	0.01	0.37	71.56	18.42	0.00
1	5	0.01	0.38	69.83	20.98	0.00
2	2	0.01	0.54	69.37	20.43	0.00
2	6	0.01	0.51	68.94	21.68	0.00
3	3	0.00	0.52	76.69	13.14	0.00
3	7	0.40	1.93	64.83	8.20	0.00
Core	CPU	C1%	C3%	C6%	C8%	C9%
-	-	0.01	0.68	71.12	16.90	0.00
0	0	0.00	0.59	76.57	12.13	0.00
0	4	0.00	0.72	72.13	18.31	0.00
1	1	0.01	0.48	70.46	19.46	0.00
1	5	0.01	0.27	69.23	21.65	0.00
2	2	0.01	0.40	69.42	20.56	0.00
2	6	0.00	0.61	68.42	22.13	0.00
3	3	0.00	0.51	78.57	11.36	0.00
3	7	0.01	1.88	64.16	9.59	0.00
Core	CPU	C1%	C3%	C6%	C8%	C9%
-	-	0.00	1.40	68.84	17.84	0.00
0	0	0.00	0.54	73.92	14.11	0.00
0	4	0.01	3.85	68.71	18.48	0.00
1	1	0.00	0.44	71.60	16.88	0.00
1	5	0.00	0.31	69.75	19.55	0.00
2	2	0.00	0.53	68.56	20.52	0.00
2	6	0.01	0.48	67.69	22.25	0.00
3	3	0.00	0.57	71.32	17.97	0.00
3	7	0.01	4.44	58.86	12.90	0.00
Core	CPU	C1%	C3%	C6%	C8%	C9%
-	-	0.01	0.69	71.06	16.81	0.00
0	0	0.00	0.60	76.47	12.41	0.00
0	4	0.01	0.56	72.61	17.89	0.00
1	1	0.01	0.62	76.92	12.51	0.00
1	5	0.00	0.29	69.43	21.35	0.00
2	2	0.01	0.56	68.16	21.59	0.00
2	6	0.00	0.46	65.93	24.77	0.00
3	3	0.00	0.56	75.89	13.76	0.00
3	7	0.01	1.86	63.29	10.20	0.00
Core	CPU	C1%	C3%	C6%	C8%	C9%
-	-	0.02	0.93	70.76	16.55	0.00
0	0	0.00	0.57	73.01	15.20	0.00
0	4	0.01	0.78	70.84	18.25	0.00
1	1	0.00	0.49	73.85	15.81	0.00
1	5	0.11	1.43	69.62	18.97	0.00
2	2	0.01	0.44	68.11	21.82	0.00
2	6	0.00	0.42	66.54	23.78	0.00
3	3	0.01	0.73	79.88	9.22	0.00
3	7	0.01	2.53	63.73	9.23	0.00
Core	CPU	C1%	C3%	C6%	C8%	C9%
-	-	0.01	0.67	71.48	16.16	0.00
0	0	0.00	0.54	75.44	13.55	0.00
0	4	0.00	0.68	74.01	16.31	0.00
1	1	0.01	0.50	73.24	16.29	0.00
1	5	0.01	0.28	71.90	19.00	0.00
2	2	0.02	0.49	68.08	20.24	0.00
2	6	0.00	0.44	68.27	22.45	0.00
3	3	0.00	0.64	77.35	11.62	0.00
3	7	0.01	1.79	63.87	9.91	0.00
Core	CPU	C1%	C3%	C6%	C8%	C9%
-	-	0.01	0.65	71.58	16.41	0.00
0	0	0.00	0.61	76.85	12.12	0.00
0	4	0.00	0.80	73.03	17.26	0.00
1	1	0.01	0.42	75.13	14.60	0.00
1	5	0.00	0.29	71.63	19.29	0.00
2	2	0.01	0.46	69.30	20.55	0.00
2	6	0.01	0.41	67.68	23.11	0.00
3	3	0.00	0.51	75.90	13.91	0.00
3	7	0.01	1.75	63.40	10.46	0.00
Core	CPU	C1%	C3%	C6%	C8%	C9%
-	-	0.01	1.04	69.22	17.04	0.15
0	0	0.01	0.49	74.70	13.25	0.00
0	4	0.01	2.58	70.41	16.99	0.00
1	1	0.02	0.61	72.96	15.11	0.00
1	5	0.01	0.32	67.31	21.79	0.00
2	2	0.01	0.40	67.09	21.12	0.00
2	6	0.00	0.46	66.26	23.20	0.00
3	3	0.00	0.46	74.32	13.64	0.00
3	7	0.01	3.02	60.40	11.16	1.23
Core	CPU	C1%	C3%	C6%	C8%	C9%
-	-	0.01	0.65	71.27	16.78	0.00
0	0	0.01	0.54	78.45	10.55	0.00
0	4	0.08	0.68	72.57	17.78	0.00
1	1	0.01	0.50	74.83	14.84	0.00
1	5	0.00	0.24	70.53	20.33	0.00
2	2	0.00	0.47	68.68	21.31	0.00
2	6	0.01	0.45	67.24	23.50	0.00
3	3	0.00	0.47	75.81	14.13	0.00
3	7	0.01	1.83	61.92	11.77	0.00
Core	CPU	C1%	C3%	C6%	C8%	C9%
-	-	0.01	0.85	69.78	17.97	0.00
0	0	0.00	0.59	75.59	12.72	0.00
0	4	0.00	1.57	71.18	18.26	0.00
1	1	0.01	0.58	72.27	17.37	0.00
1	5	0.00	0.28	69.73	21.11	0.00
2	2	0.01	0.45	65.67	24.32	0.00
2	6	0.00	0.47	66.71	24.06	0.00
3	3	0.01	0.55	75.76	14.03	0.00
3	7	0.01	2.32	61.43	11.88	0.00
Core	CPU	C1%	C3%	C6%	C8%	C9%
-	-	0.01	0.67	69.73	17.69	0.00
0	0	0.00	0.58	76.92	12.01	0.00
0	4	0.00	0.61	72.32	18.20	0.00
1	1	0.01	0.51	70.02	20.02	0.00
1	5	0.00	0.29	69.33	21.68	0.00
2	2	0.00	0.39	67.02	23.22	0.00
2	6	0.01	0.46	65.67	25.25	0.00
3	3	0.00	0.58	76.18	12.84	0.00
3	7	0.01	1.95	60.69	8.37	0.00
Core	CPU	C1%	C3%	C6%	C8%	C9%
-	-	0.00	0.65	71.09	16.94	0.00
0	0	0.00	0.51	79.97	8.85	0.00
0	4	0.00	0.66	74.08	16.42	0.00
1	1	0.01	0.45	71.17	18.76	0.00
1	5	0.01	0.23	67.91	23.03	0.00
2	2	0.00	0.55	68.94	20.87	0.00
2	6	0.01	0.50	68.52	22.17	0.00
3	3	0.00	0.54	75.56	14.25	0.00
3	7	0.01	1.80	62.58	11.14	0.00
Core	CPU	C1%	C3%	C6%	C8%	C9%
-	-	0.00	1.24	68.54	18.30	0.01
0	0	0.00	0.58	75.21	13.12	0.00
0	4	0.00	3.17	69.62	17.68	0.06
1	1	0.01	0.47	69.30	19.69	0.00
1	5	0.00	0.25	66.84	22.81	0.00
2	2	0.00	0.41	65.90	23.71	0.00
2	6	0.00	0.54	67.09	22.70	0.00
3	3	0.00	0.50	73.03	15.97	0.00
3	7	0.01	3.97	61.03	10.64	0.00
Core	CPU	C1%	C3%	C6%	C8%	C9%
-	-	0.03	0.72	71.17	16.59	0.00
0	0	0.01	0.47	77.14	11.71	0.00
0	4	0.00	0.72	73.11	17.16	0.00
1	1	0.01	0.47	70.51	19.20	0.00
1	5	0.00	0.39	70.41	20.24	0.00
2	2	0.01	0.63	70.22	19.41	0.00
2	6	0.01	0.55	68.77	21.72	0.00
3	3	0.00	0.53	75.60	14.23	0.00
3	7	0.21	2.00	63.94	9.14	0.00
Core	CPU	C1%	C3%	C6%	C8%	C9%
-	-	0.01	0.86	70.17	17.85	0.00
0	0	0.01	0.57	74.45	14.63	0.00
0	4	0.01	1.47	70.41	19.27	0.00
1	1	0.01	0.43	72.50	17.44	0.00
1	5	0.01	0.31	70.75	20.16	0.00
2	2	0.00	0.44	67.62	22.28	0.00
2	6	0.01	0.38	68.60	22.23	0.00
3	3	0.00	0.53	75.82	14.12	0.00
3	7	0.01	2.74	60.57	12.50	0.00
Core	CPU	C1%	C3%	C6%	C8%	C9%
-	-	0.04	0.68	70.47	17.01	0.00
0	0	0.01	0.58	74.32	13.62	0.00
0	4	0.00	0.67	69.77	19.87	0.00
1	1	0.04	0.54	71.04	18.61	0.00
1	5	0.00	0.35	68.81	22.10	0.00
2	2	0.05	0.54	67.87	20.46	0.00
2	6	0.01	0.58	67.25	22.48	0.00
3	3	0.01	0.58	80.79	8.99	0.00
3	7	0.16	1.64	63.91	9.94	0.00
Core	CPU	C1%	C3%	C6%	C8%	C9%
-	-	0.00	0.69	71.81	16.19	0.00
0	0	0.00	0.58	77.66	11.26	0.00
0	4	0.00	0.65	74.17	16.17	0.00
1	1	0.01	0.56	72.28	17.52	0.00
1	5	0.00	0.21	70.08	20.87	0.00
2	2	0.01	0.48	68.62	21.32	0.00
2	6	0.00	0.48	68.92	21.83	0.00
3	3	0.00	0.54	78.92	10.88	0.00
3	7	0.02	1.97	63.85	9.65	0.00
Core	CPU	C1%	C3%	C6%	C8%	C9%
-	-	0.01	1.35	68.79	17.84	0.00
0	0	0.01	0.61	75.56	12.55	0.00
0	4	0.00	3.18	68.72	18.37	0.00
1	1	0.01	0.33	68.35	21.23	0.00
1	5	0.01	0.27	67.99	22.41	0.00
2	2	0.01	0.43	66.85	21.76	0.00
2	6	0.01	0.55	67.50	22.52	0.00
3	3	0.00	0.67	75.12	13.46	0.00
3	7	0.01	4.76	60.84	10.62	0.00
Core	CPU	C1%	C3%	C6%	C8%	C9%
-	-	0.01	0.69	71.77	16.37	0.00
0	0	0.00	0.49	78.46	10.43	0.00
0	4	0.00	0.78	71.96	18.42	0.00
1	1	0.01	0.39	70.65	19.36	0.00
1	5	0.01	0.28	69.65	21.33	0.00
2	2	0.01	0.56	69.64	20.20	0.00
2	6	0.01	0.53	70.30	20.41	0.00
3	3	0.00	0.54	79.00	10.85	0.00
3	7	0.01	1.94	63.84	9.84	0.00
Core	CPU	C1%	C3%	C6%	C8%	C9%
-	-	0.01	0.84	69.95	17.83	0.00
0	0	0.00	0.56	76.27	12.60	0.00
0	4	0.00	0.70	70.75	19.17	0.00
1	1	0.01	0.54	70.80	18.95	0.00
1	5	0.01	0.92	67.64	22.05	0.00
2	2	0.02	0.35	67.54	22.58	0.00
2	6	0.01	0.51	66.96	23.79	0.00
3	3	0.00	0.52	77.43	12.56	0.00
3	7	0.01	2.61	62.21	10.96	0.00
Core	CPU	C1%	C3%	C6%	C8%	C9%
-	-	0.01	0.70	70.49	17.40	0.00
0	0	0.01	0.54	74.61	14.32	0.00
0	4	0.00	0.68	71.90	18.44	0.00
1	1	0.01	0.39	71.18	18.62	0.00
1	5	0.00	0.30	69.53	21.31	0.00
2	2	0.01	0.57	68.96	20.85	0.00
2	6	0.01	0.55	68.20	22.43	0.00
3	3	0.01	0.54	77.52	12.38	0.00
3	7	0.01	2.07	62.59	11.03	0.00
Core	CPU	C1%	C3%	C6%	C8%	C9%
-	-	0.01	0.68	70.61	17.49	0.00
0	0	0.00	0.55	79.30	9.53	0.00
0	4	0.00	0.66	73.06	17.42	0.00
1	1	0.01	0.50	71.13	18.78	0.00
1	5	0.01	0.28	70.09	20.80	0.00
2	2	0.00	0.51	65.19	24.68	0.00
2	6	0.00	0.46	66.72	24.01	0.00
3	3	0.00	0.58	76.45	13.40	0.00
3	7	0.01	1.93	62.46	11.19	0.00
Core	CPU	C1%	C3%	C6%	C8%	C9%
-	-	0.09	1.33	68.68	17.96	0.00
0	0	0.00	0.48	74.53	13.86	0.00
0	4	0.00	3.48	69.70	17.44	0.00
1	1	0.01	0.49	66.97	20.81	0.00
1	5	0.01	0.28	66.64	23.22	0.00
2	2	0.01	0.54	66.44	23.58	0.00
2	6	0.01	0.58	66.85	23.11	0.00
3	3	0.01	0.49	76.48	12.80	0.00
3	7	0.69	4.33	61.72	8.85	0.00
Core	CPU	C1%	C3%	C6%	C8%	C9%
-	-	0.03	0.69	70.95	16.91	0.00
0	0	0.00	0.59	79.03	9.75	0.00
0	4	0.00	0.75	72.05	18.28	0.00
1	1	0.01	0.42	70.71	19.24	0.00
1	5	0.01	0.21	70.85	20.01	0.00
2	2	0.01	0.35	66.49	23.47	0.00
2	6	0.01	0.49	68.83	21.70	0.00
3	3	0.01	0.54	77.21	12.68	0.00
3	7	0.20	2.21	63.01	10.27	0.00
Core	CPU	C1%	C3%	C6%	C8%	C9%
-	-	0.00	0.86	70.30	17.69	0.00
0	0	0.00	0.54	74.87	14.19	0.00
0	4	0.00	1.43	72.22	17.43	0.00
1	1	0.00	0.45	70.58	19.31	0.00
1	5	0.00	0.39	69.55	21.27	0.00
2	2	0.01	0.45	65.72	24.27	0.00
2	6	0.00	0.58	67.00	23.69	0.00
3	3	0.01	0.55	77.83	12.00	0.00
3	7	0.01	2.49	64.06	9.22	0.00
Core	CPU	C1%	C3%	C6%	C8%	C9%
-	-	0.01	0.71	70.28	17.68	0.00
0	0	0.00	0.62	76.83	12.01	0.00
0	4	0.00	0.77	70.21	20.13	0.00
1	1	0.02	0.46	71.31	18.62	0.00
1	5	0.01	0.31	67.99	22.82	0.00
2	2	0.01	0.41	65.71	24.23	0.00
2	6	0.01	0.58	66.78	23.81	0.00
3	3	0.01	0.52	79.88	10.04	0.00
3	7	0.02	1.98	63.82	9.84	0.00
Core	CPU	C1%	C3%	C6%	C8%	C9%
-	-	0.01	0.65	71.00	16.98	0.00
0	0	0.00	0.61	79.98	8.77	0.00
0	4	0.00	0.73	72.70	17.66	0.00
1	1	0.01	0.36	73.90	16.06	0.00
1	5	0.01	0.20	69.89	21.07	0.00
2	2	0.01	0.44	67.22	22.65	0.00
2	6	0.01	0.50	67.54	23.07	0.00
3	3	0.00	0.56	75.80	14.10	0.00
3	7	0.01	1.80	61.32	12.54	0.00
Core	CPU	C1%	C3%	C6%	C8%	C9%
-	-	0.01	1.20	68.53	17.87	0.00
0	0	0.00	0.61	76.89	10.52	0.00
0	4	0.01	2.36	70.97	16.27	0.03
1	1	0.01	0.43	69.78	18.61	0.00
1	5	0.01	0.28	68.37	21.36	0.00
2	2	0.01	0.40	63.98	24.62	0.00
2	6	0.01	0.51	63.09	26.29	0.00
3	3	0.01	0.59	74.23	14.65	0.00
3	7	0.01	4.38	60.79	10.60	0.00
Core	CPU	C1%	C3%	C6%	C8%	C9%
-	-	0.01	0.67	71.06	17.05	0.00
0	0	0.00	0.55	76.94	11.94	0.00
0	4	0.00	0.78	70.85	19.47	0.00
1	1	0.01	0.50	72.96	16.84	0.00
1	5	0.01	0.34	70.38	20.52	0.00
2	2	0.01	0.38	66.94	23.14	0.00
2	6	0.01	0.46	67.47	23.29	0.00
3	3	0.01	0.54	78.80	11.11	0.00
3	7	0.02	1.83	63.77	9.99	0.00
Core	CPU	C1%	C3%	C6%	C8%	C9%
-	-	0.09	0.86	70.27	17.09	0.00
0	0	0.00	0.58	76.82	11.49	0.00
0	4	0.01	1.49	72.08	17.32	0.00
1	1	0.01	0.51	71.33	17.74	0.00
1	5	0.17	0.35	69.10	20.86	0.00
2	2	0.02	0.49	66.76	22.50	0.00
2	6	0.50	0.57	67.60	21.98	0.00
3	3	0.00	0.52	76.76	13.21	0.00
3	7	0.02	2.36	61.81	11.66	0.00
Core	CPU	C1%	C3%	C6%	C8%	C9%
-	-	0.01	0.68	70.13	17.89	0.00
0	0	0.01	0.56	74.33	14.76	0.00
0	4	0.00	0.71	73.25	16.95	0.00
1	1	0.01	0.46	69.48	20.33	0.00
1	5	0.01	0.23	67.31	23.68	0.00
2	2	0.01	0.44	67.31	22.74	0.00
2	6	0.01	0.65	68.17	22.35	0.00
3	3	0.01	0.54	78.14	11.72	0.00
3	7	0.02	1.85	63.10	10.63	0.00
Core	CPU	C1%	C3%	C6%	C8%	C9%
-	-	0.01	0.70	70.99	16.85	0.00
0	0	0.00	0.57	76.33	12.31	0.00
0	4	0.00	0.83	71.10	19.12	0.00
1	1	0.01	0.51	71.29	17.95	0.00
1	5	0.00	0.22	68.59	22.27	0.00
2	2	0.02	0.49	69.30	20.68	0.00
2	6	0.01	0.55	68.08	22.57	0.00
3	3	0.00	0.50	79.13	10.83	0.00
3	7	0.02	1.88	64.51	9.16	0.00
Core	CPU	C1%	C3%	C6%	C8%	C9%
-	-	0.01	1.19	67.15	18.83	0.14
0	0	0.00	0.63	70.20	17.30	0.00
0	4	0.00	2.46	68.67	18.67	1.12
1	1	0.01	0.46	69.52	19.06	0.00
1	5	0.00	0.36	66.99	21.91	0.00
2	2	0.01	0.42	62.68	25.70	0.00
2	6	0.01	0.47	63.50	26.18	0.00
3	3	0.01	0.56	76.12	11.94	0.00
3	7	0.02	4.15	60.80	10.30	0.00
Core	CPU	C1%	C3%	C6%	C8%	C9%
-	-	0.01	0.66	69.69	18.23	0.00
0	0	0.00	0.63	75.01	14.00	0.00
0	4	0.00	0.68	71.13	19.44	0.00
1	1	0.01	0.43	71.38	18.62	0.00
1	5	0.01	0.20	67.20	23.97	0.00
2	2	0.01	0.41	66.76	23.51	0.00
2	6	0.02	0.56	66.69	23.92	0.00
3	3	0.01	0.58	77.42	11.98	0.00
3	7	0.02	1.78	59.90	9.81	0.00
Core	CPU	C1%	C3%	C6%	C8%	C9%
-	-	0.03	0.81	70.36	17.38	0.00
0	0	0.00	0.55	75.97	13.01	0.00
0	4	0.00	1.50	71.72	17.80	0.00
1	1	0.01	0.43	69.39	20.50	0.00
1	5	0.00	0.21	67.18	22.71	0.00
2	2	0.01	0.51	68.85	21.08	0.00
2	6	0.00	0.63	69.30	21.29	0.00
3	3	0.00	0.52	77.68	12.36	0.00
3	7	0.20	2.15	62.99	10.36	0.00
Core	CPU	C1%	C3%	C6%	C8%	C9%
-	-	0.01	0.66	70.06	17.87	0.00
0	0	0.00	0.54	75.45	13.40	0.00
0	4	0.00	0.63	72.81	17.51	0.00
1	1	0.01	0.41	70.68	19.08	0.00
1	5	0.01	0.29	70.76	20.18	0.00
2	2	0.01	0.49	67.24	22.55	0.00
2	6	0.01	0.54	67.46	23.15	0.00
3	3	0.01	0.52	74.94	14.90	0.00
3	7	0.01	1.83	61.52	12.29	0.00
Core	CPU	C1%	C3%	C6%	C8%	C9%
-	-	0.01	0.70	70.50	17.63	0.00
0	0	0.00	0.49	74.90	14.11	0.00
0	4	0.00	0.70	70.57	19.88	0.00
1	1	0.01	0.40	72.26	17.70	0.00
1	5	0.01	0.42	69.99	20.85	0.00
2	2	0.02	0.52	67.28	22.60	0.00
2	6	0.00	0.54	68.09	22.58	0.00
3	3	0.00	0.60	77.23	12.59	0.00
3	7	0.01	1.90	63.01	10.61	0.00
Core	CPU	C1%	C3%	C6%	C8%	C9%
-	-	0.01	1.28	68.58	18.31	0.06
0	0	0.00	0.50	74.82	13.70	0.00
0	4	0.00	3.29	71.13	15.90	0.46
1	1	0.01	0.41	67.65	21.11	0.00
1	5	0.01	0.23	68.69	21.37	0.00
2	2	0.01	0.59	65.47	24.24	0.00
2	6	0.01	0.49	66.56	23.32	0.00
3	3	0.01	0.58	73.85	15.71	0.00
3	7	0.02	4.14	60.49	11.12	0.00
Core	CPU	C1%	C3%	C6%	C8%	C9%
-	-	0.01	0.67	71.01	16.88	0.00
0	0	0.00	0.58	79.14	9.69	0.00
0	4	0.00	0.82	72.76	17.32	0.00
1	1	0.00	0.33	70.35	19.49	0.00
1	5	0.01	0.23	71.50	19.33	0.00
2	2	0.01	0.43	69.47	20.34	0.00
2	6	0.01	0.46	70.14	20.55	0.00
3	3	0.00	0.62	74.64	15.19	0.00
3	7	0.00	1.86	60.61	13.21	0.00
Core	CPU	C1%	C3%	C6%	C8%	C9%
-	-	0.01	0.84	71.09	16.73	0.00
0	0	0.00	0.54	75.54	13.44	0.00
0	4	0.00	1.46	74.52	14.76	0.00
1	1	0.02	0.45	72.85	16.93	0.00
1	5	0.01	0.28	69.33	21.43	0.00
2	2	0.01	0.49	68.74	21.14	0.00
2	6	0.01	0.46	67.61	23.04	0.00
3	3	0.01	0.48	76.81	12.57	0.00
3	7	0.01	2.56	62.88	10.40	0.00
Core	CPU	C1%	C3%	C6%	C8%	C9%
-	-	0.01	0.64	70.82	17.20	0.00
0	0	0.00	0.53	78.14	10.82	0.00
0	4	0.00	0.66	72.52	17.94	0.00
1	1	0.01	0.55	71.26	18.48	0.00
1	5	0.00	0.09	70.23	20.77	0.00
2	2	0.01	0.45	69.04	20.79	0.00
2	6	0.01	0.56	67.57	23.06	0.00
3	3	0.01	0.60	75.39	14.45	0.00
3	7	0.01	1.64	62.54	11.31	0.00
Core	CPU	C1%	C3%	C6%	C8%	C9%
-	-	0.01	0.67	70.48	17.44	0.00
0	0	0.01	0.59	77.44	11.35	0.00
0	4	0.00	0.62	70.51	19.93	0.00
1	1	0.01	0.49	71.57	18.23	0.00
1	5	0.01	0.25	69.34	21.59	0.00
2	2	0.00	0.39	69.15	20.79	0.00
2	6	0.00	0.55	68.93	21.69	0.00
3	3	0.01	0.52	76.32	13.53	0.00
3	7	0.01	1.96	61.04	12.54	0.00
Core	CPU	C1%	C3%	C6%	C8%	C9%
-	-	0.01	1.11	68.52	17.24	0.00
0	0	0.00	0.62	73.36	12.99	0.00
0	4	0.00	2.70	68.58	18.36	0.00
1	1	0.01	0.48	68.92	18.57	0.00
1	5	0.00	0.37	66.67	22.27	0.00
2	2	0.01	0.50	65.38	22.52	0.00
2	6	0.00	0.46	65.53	23.12	0.00
3	3	0.01	0.50	76.87	10.65	0.00
3	7	0.02	3.27	62.35	9.34	0.00
Core	CPU	C1%	C3%	C6%	C8%	C9%
-	-	0.01	0.64	71.27	16.83	0.00
0	0	0.00	0.52	76.79	12.13	0.00
0	4	0.00	0.62	71.98	18.51	0.00
1	1	0.01	0.35	71.82	18.27	0.00
1	5	0.02	0.28	70.20	20.78	0.00
2	2	0.01	0.49	71.83	17.93	0.00
2	6	0.01	0.47	70.02	20.73	0.00
3	3	0.01	0.53	75.70	14.19	0.00
3	7	0.01	1.85	61.73	12.06	0.00
Core	CPU	C1%	C3%	C6%	C8%	C9%
-	-	0.01	0.86	70.21	17.34	0.00
0	0	0.00	0.56	74.29	14.70	0.00
0	4	0.00	1.51	69.44	19.70	0.00
1	1	0.01	0.37	72.79	17.13	0.00
1	5	0.01	0.26	68.94	21.96	0.00
2	2	0.01	0.53	68.76	20.53	0.00
2	6	0.01	0.67	68.67	21.71	0.00
3	3	0.01	0.58	76.46	12.41	0.00
3	7	0.01	2.44	62.67	10.71	0.00
Core	CPU	C1%	C3%	C6%	C8%	C9%
-	-	0.01	0.67	70.64	17.31	0.00
0	0	0.01	0.55	74.32	14.60	0.00
0	4	0.00	0.64	71.25	19.19	0.00
1	1	0.01	0.45	73.86	15.99	0.00
1	5	0.01	0.30	70.50	20.35	0.00
2	2	0.01	0.29	70.30	19.69	0.00
2	6	0.01	0.61	68.85	21.62	0.00
3	3	0.00	0.51	75.22	14.64	0.00
3	7	0.01	2.01	61.11	12.46	0.00
Core	CPU	C1%	C3%	C6%	C8%	C9%
-	-	0.01	0.71	72.48	15.60	0.00
0	0	0.00	0.55	79.46	9.17	0.00
0	4	0.01	0.68	71.88	18.65	0.00
1	1	0.01	0.48	72.25	17.67	0.00
1	5	0.01	0.27	71.64	19.27	0.00
2	2	0.00	0.43	71.41	18.41	0.00
2	6	0.01	0.50	70.10	20.53	0.00
3	3	0.01	0.62	78.02	11.87	0.00
3	7	0.02	2.16	64.35	9.09	0.00
Core	CPU	C1%	C3%	C6%	C8%	C9%
-	-	0.01	1.22	69.63	17.13	0.00
0	0	0.01	0.48	71.53	16.67	0.00
0	4	0.01	2.40	69.87	17.39	0.00
1	1	0.01	0.45	71.35	18.20	0.00
1	5	0.00	0.33	68.41	21.57	0.00
2	2	0.00	0.40	67.66	21.33	0.00
2	6	0.00	0.48	68.59	21.67	0.00
3	3	0.00	0.65	76.60	12.15	0.00
3	7	0.01	4.56	63.07	8.03	0.00
Core	CPU	C1%	C3%	C6%	C8%	C9%
-	-	0.02	0.70	70.74	16.79	0.00
0	0	0.00	0.64	75.53	12.48	0.00
0	4	0.00	0.70	71.66	18.67	0.00
1	1	0.03	0.58	72.06	16.82	0.00
1	5	0.00	0.28	69.92	20.92	0.00
2	2	0.01	0.47	68.74	20.89	0.00
2	6	0.00	0.44	69.17	21.27	0.00
3	3	0.07	0.54	75.30	13.59	0.00
3	7	0.01	1.98	63.53	9.71	0.00
Core	CPU	C1%	C3%	C6%	C8%	C9%
-	-	0.00	0.89	70.04	17.55	0.00
0	0	0.00	0.57	73.70	14.53	0.00
0	4	0.00	1.56	72.36	17.11	0.00
1	1	0.01	0.64	71.27	18.46	0.00
1	5	0.00	0.41	69.99	20.68	0.00
2	2	0.00	0.46	67.35	22.60	0.00
2	6	0.00	0.56	66.53	23.57	0.00
3	3	0.00	0.53	75.96	13.49	0.00
3	7	0.02	2.40	63.31	10.01	0.00
Core	CPU	C1%	C3%	C6%	C8%	C9%
-	-	0.01	0.67	71.18	16.86	0.00
0	0	0.01	0.54	76.19	12.77	0.00
0	4	0.00	0.68	70.53	19.94	0.00
1	1	0.01	0.46	73.00	16.82	0.00
1	5	0.01	0.47	70.85	19.86	0.00
2	2	0.01	0.44	71.22	18.62	0.00
2	6	0.01	0.43	70.38	20.34	0.00
3	3	0.00	0.50	75.22	14.63	0.00
3	7	0.01	1.83	61.96	11.88	0.00
Core	CPU	C1%	C3%	C6%	C8%	C9%
-	-	0.00	0.66	71.36	16.57	0.00
0	0	0.00	0.47	77.59	11.19	0.00
0	4	0.00	0.68	71.27	19.18	0.00
1	1	0.01	0.52	72.21	17.64	0.00
1	5	0.00	0.31	70.34	20.51	0.00
2	2	0.01	0.45	69.76	20.13	0.00
2	6	0.00	0.46	69.75	20.88	0.00
3	3	0.00	0.51	77.30	12.64	0.00
3	7	0.01	1.90	63.25	10.50	0.00
Core	CPU	C1%	C3%	C6%	C8%	C9%
-	-	0.01	1.34	68.79	18.12	0.00
0	0	0.00	0.55	72.77	15.00	0.00
0	4	0.00	3.75	67.44	19.67	0.00
1	1	0.00	0.55	69.13	19.94	0.00
1	5	0.01	0.38	67.98	21.92	0.00
2	2	0.01	0.44	67.61	21.98	0.00
2	6	0.01	0.35	65.89	24.10	0.00
3	3	0.00	0.55	76.21	13.23	0.00
3	7	0.02	4.12	62.83	9.02	0.00
Core	CPU	C1%	C3%	C6%	C8%	C9%
-	-	0.00	0.70	70.34	17.60	0.00
0	0	0.00	0.61	77.27	11.49	0.00
0	4	0.00	0.67	70.51	19.85	0.00
1	1	0.00	0.47	72.55	17.40	0.00
1	5	0.01	0.34	71.32	19.50	0.00
2	2	0.01	0.46	68.97	20.86	0.00
2	6	0.00	0.45	69.20	21.47	0.00
3	3	0.00	0.61	73.30	16.52	0.00
3	7	0.01	1.95	59.86	13.78	0.00
Core	CPU	C1%	C3%	C6%	C8%	C9%
-	-	0.01	0.83	70.95	17.04	0.00
0	0	0.00	0.57	76.29	12.70	0.00
0	4	0.00	0.74	71.17	19.31	0.00
1	1	0.01	0.55	70.93	19.06	0.00
1	5	0.00	0.33	70.22	20.71	0.00
2	2	0.01	0.41	69.20	20.72	0.00
2	6	0.00	1.24	68.37	21.64	0.00
3	3	0.01	0.49	77.45	12.58	0.00
3	7	0.01	2.30	63.87	9.52	0.00
Core	CPU	C1%	C3%	C6%	C8%	C9%
-	-	0.01	0.70	69.58	17.88	0.00
0	0	0.01	0.58	76.99	11.89	0.00
0	4	0.00	0.59	68.95	21.02	0.00
1	1	0.01	0.45	71.78	18.39	0.00
1	5	0.01	0.41	69.31	21.69	0.00
2	2	0.01	0.40	67.45	22.79	0.00
2	6	0.01	0.43	68.04	22.92	0.00
3	3	0.00	0.60	74.40	14.86	0.00
3	7	0.04	2.13	59.49	9.38	0.00
Core	CPU	C1%	C3%	C6%	C8%	C9%
-	-	0.01	0.67	70.86	17.15	0.00
0	0	0.01	0.54	77.24	11.51	0.00
0	4	0.01	0.68	71.78	18.68	0.00
1	1	0.00	0.51	72.31	17.62	0.00
1	5	0.01	0.32	70.22	20.64	0.00
2	2	0.00	0.43	69.19	20.80	0.00
2	6	0.01	0.43	69.84	20.91	0.00
3	3	0.00	0.55	74.15	15.76	0.00
3	7	0.01	1.88	62.44	11.34	0.00
Core	CPU	C1%	C3%	C6%	C8%	C9%
-	-	0.01	0.96	68.94	16.93	0.00
0	0	0.00	0.58	72.56	13.83	0.00
0	4	0.00	2.10	67.94	19.16	0.00
1	1	0.00	0.51	70.48	17.60	0.00
1	5	0.01	0.33	68.39	20.49	0.00
2	2	0.01	0.52	68.89	19.98	0.00
2	6	0.00	0.49	69.40	18.73	0.00
3	3	0.01	0.52	72.95	14.83	0.00
3	7	0.01	2.66	60.70	10.78	0.00
Core	CPU	C1%	C3%	C6%	C8%	C9%
-	-	0.01	0.66	70.44	17.51	0.00
0	0	0.00	0.50	76.33	12.57	0.00
0	4	0.00	0.66	70.98	19.42	0.00
1	1	0.01	0.55	72.55	17.22	0.00
1	5	0.01	0.29	69.57	21.32	0.00
2	2	0.01	0.39	69.83	20.16	0.00
2	6	0.00	0.45	69.05	21.70	0.00
3	3	0.00	0.57	74.46	15.45	0.00
3	7	0.01	1.84	61.39	12.40	0.00
Core	CPU	C1%	C3%	C6%	C8%	C9%
-	-	0.00	0.78	70.32	17.67	0.00
0	0	0.01	0.52	74.23	14.76	0.00
0	4	0.00	0.66	71.52	18.71	0.00
1	1	0.00	0.52	71.41	18.44	0.00
1	5	0.01	0.84	69.87	20.00	0.00
2	2	0.00	0.42	69.13	20.95	0.00
2	6	0.00	0.40	69.29	21.57	0.00
3	3	0.00	0.55	75.72	14.34	0.00
3	7	0.01	2.32	61.03	12.46	0.00
Core	CPU	C1%	C3%	C6%	C8%	C9%
-	-	0.01	0.66	70.26	17.78	0.00
0	0	0.00	0.58	77.02	11.75	0.00
0	4	0.00	0.61	70.81	19.63	0.00
1	1	0.01	0.56	72.17	17.71	0.00
1	5	0.01	0.33	70.79	20.05	0.00
2	2	0.00	0.40	68.02	21.97	0.00
2	6	0.00	0.50	67.39	23.26	0.00
3	3	0.00	0.53	74.24	15.71	0.00
3	7	0.01	1.81	61.64	12.18	0.00
Core	CPU	C1%	C3%	C6%	C8%	C9%
-	-	0.01	0.65	71.66	16.37	0.00
0	0	0.01	0.55	75.57	13.41	0.00
0	4	0.01	0.71	71.16	19.23	0.00
1	1	0.01	0.49	73.41	16.59	0.00
1	5	0.01	0.30	70.94	19.98	0.00
2	2	0.01	0.38	72.42	17.41	0.00
2	6	0.00	0.40	70.01	20.77	0.00
3	3	0.01	0.53	76.85	13.16	0.00
3	7	0.01	1.84	63.29	10.50	0.00
Core	CPU	C1%	C3%	C6%	C8%	C9%
-	-	0.01	0.84	69.55	16.55	0.00
0	0	0.01	0.53	71.43	15.61	0.00
0	4	0.01	1.84	66.54	20.75	0.00
1	1	0.01	0.41	75.34	12.72	0.00
1	5	0.01	0.40	70.35	18.75	0.00
2	2	0.02	0.48	68.37	19.52	0.00
2	6	0.01	0.29	67.85	21.15	0.00
3	3	0.00	0.45	75.47	12.79	0.00
3	7	0.01	2.31	60.80	11.00	0.00
Core	CPU	C1%	C3%	C6%	C8%	C9%
-	-	0.01	0.69	70.63	17.36	0.00
0	0	0.00	0.61	75.91	12.94	0.00
0	4	0.00	0.65	70.54	19.96	0.00
1	1	0.01	0.46	76.79	13.00	0.00
1	5	0.01	0.34	71.38	19.31	0.00
2	2	0.01	0.45	67.94	21.98	0.00
2	6	0.01	0.47	68.58	22.06	0.00
3	3	0.01	0.54	73.76	16.21	0.00
3	7	0.01	2.01	60.25	13.43	0.00
Core	CPU	C1%	C3%	C6%	C8%	C9%
-	-	0.01	0.84	71.03	16.96	0.00
0	0	0.01	0.48	76.44	12.55	0.00
0	4	0.00	1.53	69.90	19.79	0.00
1	1	0.00	0.48	74.55	15.43	0.00
1	5	0.01	0.36	72.56	18.35	0.00
2	2	0.01	0.37	68.82	21.30	0.00
2	6	0.00	0.35	68.34	22.56	0.00
3	3	0.01	0.60	75.98	14.04	0.00
3	7	0.01	2.56	61.58	11.63	0.00
Core	CPU	C1%	C3%	C6%	C8%	C9%
-	-	0.01	0.66	70.87	17.15	0.00
0	0	0.00	0.53	76.23	12.68	0.00
0	4	0.00	0.67	70.73	19.62	0.00
1	1	0.01	0.43	72.47	17.11	0.00
1	5	0.01	0.39	69.20	21.66	0.00
2	2	0.01	0.52	69.70	20.18	0.00
2	6	0.01	0.47	69.68	20.90	0.00
3	3	0.00	0.59	76.34	13.60	0.00
3	7	0.02	1.72	62.58	11.41	0.00
Core	CPU	C1%	C3%	C6%	C8%	C9%
-	-	0.01	0.68	70.68	17.29	0.00
0	0	0.01	0.56	74.43	14.43	0.00
0	4	0.00	0.71	70.56	19.80	0.00
1	1	0.01	0.49	75.14	14.66	0.00
1	5	0.00	0.37	71.13	19.67	0.00
2	2	0.01	0.49	67.80	22.16	0.00
2	6	0.01	0.42	67.69	23.02	0.00
3	3	0.00	0.58	75.48	14.43	0.00
3	7	0.01	1.85	63.61	10.22	0.00
Core	CPU	C1%	C3%	C6%	C8%	C9%
-	-	0.01	1.27	69.07	17.03	0.00
0	0	0.00	0.51	77.33	10.38	0.00
0	4	0.00	2.95	69.03	18.48	0.00
1	1	0.00	0.48	68.17	19.97	0.00
1	5	0.00	0.27	67.62	21.36	0.00
2	2	0.03	0.42	68.09	19.50	0.00
2	6	0.01	0.52	67.72	20.84	0.00
3	3	0.00	0.53	73.17	14.94	0.00
3	7	0.01	4.45	60.75	10.64	0.00
Core	CPU	C1%	C3%	C6%	C8%	C9%
-	-	0.00	0.69	70.97	16.96	0.00
0	0	0.00	0.59	76.19	12.60	0.00
0	4	0.00	0.67	71.89	18.54	0.00
1	1	0.01	0.52	73.12	16.77	0.00
1	5	0.00	0.31	71.24	19.69	0.00
2	2	0.01	0.44	68.22	21.69	0.00
2	6	0.00	0.56	68.11	22.45	0.00
3	3	0.00	0.54	77.18	12.80	0.00
3	7	0.01	1.93	62.44	11.28	0.00
Core	CPU	C1%	C3%	C6%	C8%	C9%
-	-	0.01	0.82	71.06	16.88	0.00
0	0	0.00	0.55	75.23	13.77	0.00
0	4	0.00	0.62	71.46	18.99	0.00
1	1	0.00	0.50	73.80	16.03	0.00
1	5	0.01	1.23	69.39	20.60	0.00
2	2	0.00	0.48	69.09	20.85	0.00
2	6	0.00	0.46	68.86	21.88	0.00
3	3	0.00	0.61	76.79	13.16	0.00
3	7	0.02	2.11	63.73	9.71	0.00
Core	CPU	C1%	C3%	C6%	C8%	C9%
-	-	0.01	0.67	71.76	16.28	0.00
0	0	0.00	0.47	78.20	10.77	0.00
0	4	0.00	0.69	72.09	18.29	0.00
1	1	0.01	0.53	74.05	15.69	0.00
1	5	0.00	0.42	70.42	20.37	0.00
2	2	0.00	0.47	68.45	21.47	0.00
2	6	0.01	0.40	69.12	21.67	0.00
3	3	0.01	0.49	78.42	11.62	0.00
3	7	0.01	1.84	63.45	10.40	0.00
Core	CPU	C1%	C3%	C6%	C8%	C9%
-	-	0.01	0.65	71.37	16.69	0.00
0	0	0.00	0.56	79.79	9.01	0.00
0	4	0.00	0.67	70.98	19.47	0.00
1	1	0.00	0.49	72.85	17.01	0.00
1	5	0.01	0.29	70.40	20.42	0.00
2	2	0.01	0.40	69.55	20.50	0.00
2	6	0.01	0.49	69.53	21.18	0.00
3	3	0.00	0.52	75.35	14.63	0.00
3	7	0.01	1.79	62.55	11.33	0.00
Core	CPU	C1%	C3%	C6%	C8%	C9%
-	-	0.01	1.29	68.80	17.88	0.00
0	0	0.00	0.51	76.87	11.11	0.00
0	4	0.01	3.43	71.47	15.86	0.00
1	1	0.01	0.42	69.22	19.94	0.00
1	5	0.01	0.24	68.93	20.16	0.00
2	2	0.00	0.41	65.45	24.18	0.00
2	6	0.00	0.46	66.73	22.86	0.00
3	3	0.01	0.51	71.60	16.53	0.00
3	7	0.01	4.33	59.45	12.22	0.00
Core	CPU	C1%	C3%	C6%	C8%	C9%
-	-	0.00	0.67	71.27	16.66	0.00
0	0	0.01	0.49	76.57	12.36	0.00
0	4	0.01	0.70	70.67	19.71	0.00
1	1	0.00	0.44	74.25	15.64	0.00
1	5	0.01	0.31	71.32	19.60	0.00
2	2	0.00	0.47	70.47	19.43	0.00
2	6	0.00	0.50	69.52	21.10	0.00
3	3	0.00	0.59	75.11	14.78	0.00
3	7	0.00	1.90	62.91	10.83	0.00
Core	CPU	C1%	C3%	C6%	C8%	C9%
-	-	0.01	0.84	71.67	16.33	0.00
0	0	0.00	0.48	78.48	10.42	0.00
0	4	0.00	1.54	71.62	18.01	0.00
1	1	0.01	0.44	71.44	18.59	0.00
1	5	0.00	0.27	69.70	21.33	0.00
2	2	0.00	0.55	71.11	18.73	0.00
2	6	0.00	0.43	71.51	19.23	0.00
3	3	0.00	0.54	76.64	13.32	0.00
3	7	0.02	2.46	62.38	10.93	0.00
Core	CPU	C1%	C3%	C6%	C8%	C9%
-	-	0.00	0.69	71.53	16.33	0.00
0	0	0.00	0.57	75.90	12.95	0.00
0	4	0.00	0.64	74.94	15.15	0.00
1	1	0.01	0.47	72.02	17.63	0.00
1	5	0.00	0.37	71.42	19.36	0.00
2	2	0.00	0.46	68.63	21.19	0.00
2	6	0.00	0.46	69.80	20.81	0.00
3	3	0.00	0.60	75.78	14.13	0.00
3	7	0.01	1.92	64.07	9.47	0.00
Core	CPU	C1%	C3%	C6%	C8%	C9%
-	-	0.02	0.72	71.80	15.91	0.00
0	0	0.00	0.51	73.51	15.14	0.00
0	4	0.01	0.66	72.50	17.41	0.00
1	1	0.00	0.47	72.32	17.13	0.00
1	5	0.01	0.51	71.18	19.56	0.00
2	2	0.00	0.56	71.80	17.33	0.00
2	6	0.00	0.49	70.99	19.33	0.00
3	3	0.09	0.55	76.77	12.47	0.00
3	7	0.02	1.96	64.96	8.80	0.00
Core	CPU	C1%	C3%	C6%	C8%	C9%
-	-	0.01	1.13	68.10	17.45	0.00
0	0	0.00	0.58	73.87	12.80	0.00
0	4	0.02	2.59	68.60	18.65	0.00
1	1	0.01	0.47	68.92	18.94	0.00
1	5	0.01	0.32	68.30	20.43	0.00
2	2	0.01	0.52	68.12	19.88	0.00
2	6	0.01	0.54	67.28	21.42	0.00
3	3	0.01	0.54	71.15	16.71	0.00
3	7	0.01	3.48	59.15	10.90	0.00
Core	CPU	C1%	C3%	C6%	C8%	C9%
-	-	0.01	0.68	71.07	16.67	0.00
0	0	0.00	0.47	76.25	12.81	0.00
0	4	0.01	0.65	70.10	19.97	0.00
1	1	0.01	0.43	72.97	17.04	0.00
1	5	0.01	0.33	69.85	21.12	0.00
2	2	0.00	0.59	71.92	17.93	0.00
2	6	0.00	0.46	69.98	20.78	0.00
3	3	0.00	0.51	75.65	13.87	0.00
3	7	0.02	2.02	60.96	9.65	0.00
Core	CPU	C1%	C3%	C6%	C8%	C9%
-	-	0.01	0.83	71.50	16.26	0.00
0	0	0.01	0.55	77.05	11.82	0.00
0	4	0.01	0.68	73.32	17.05	0.00
1	1	0.01	0.54	73.06	16.45	0.00
1	5	0.01	0.32	70.59	20.21	0.00
2	2	0.00	0.52	69.61	20.27	0.00
2	6	0.00	1.15	68.52	21.10	0.00
3	3	0.00	0.51	76.87	13.21	0.00
3	7	0.02	2.40	63.28	10.04	0.00
Core	CPU	C1%	C3%	C6%	C8%	C9%
-	-	0.01	0.68	70.87	17.19	0.00
0	0	0.00	0.53	76.18	12.64	0.00
0	4	0.00	0.63	70.90	19.54	0.00
1	1	0.01	0.62	73.20	16.57	0.00
1	5	0.01	0.37	69.39	21.43	0.00
2	2	0.00	0.42	69.01	20.99	0.00
2	6	0.01	0.45	69.07	21.69	0.00
3	3	0.00	0.49	76.44	13.56	0.00
3	7	0.01	1.94	62.71	11.09	0.00
Core	CPU	C1%	C3%	C6%	C8%	C9%
-	-	0.01	0.65	71.27	16.85	0.00
0	0	0.01	0.51	75.91	13.25	0.00
0	4	0.01	0.72	70.91	19.50	0.00
1	1	0.01	0.39	72.72	17.23	0.00
1	5	0.01	0.28	69.36	21.58	0.00
2	2	0.01	0.41	70.45	19.40	0.00
2	6	0.01	0.50	69.93	20.74	0.00
3	3	0.01	0.57	77.33	12.59	0.00
3	7	0.01	1.85	63.31	10.43	0.00
Core	CPU	C1%	C3%	C6%	C8%	C9%
-	-	0.01	0.92	68.70	17.12	0.00
0	0	0.00	0.47	71.57	15.53	0.00
0	4	0.01	1.27	68.43	18.80	0.00
1	1	0.01	0.61	72.21	16.07	0.00
1	5	0.01	0.23	68.51	19.95	0.00
2	2	0.01	0.45	68.81	19.30	0.00
2	6	0.00	0.48	68.76	19.92	0.00
3	3	0.00	0.55	71.79	16.14	0.00
3	7	0.01	3.30	60.20	11.44	0.00
Core	CPU	C1%	C3%	C6%	C8%	C9%
-	-	0.01	0.67	70.85	17.29	0.00
0	0	0.00	0.55	77.10	11.82	0.00
0	4	0.00	0.73	72.95	17.45	0.00
1	1	0.01	0.51	71.88	17.92	0.00
1	5	0.01	0.34	70.31	20.48	0.00
2	2	0.01	0.39	64.80	25.10	0.00
2	6	0.01	0.52	67.71	22.87	0.00
3	3	0.01	0.51	77.66	12.39	0.00
3	7	0.02	1.81	63.74	10.12	0.00
Core	CPU	C1%	C3%	C6%	C8%	C9%
-	-	0.08	0.83	70.31	17.39	0.00
0	0	0.01	0.65	77.66	11.16	0.00
0	4	0.00	1.35	71.30	18.36	0.00
1	1	0.01	0.44	71.83	18.17	0.00
1	5	0.01	0.36	70.79	20.12	0.00
2	2	0.01	0.46	66.58	23.27	0.00
2	6	0.01	0.50	67.89	22.77	0.00
3	3	0.00	0.58	75.42	14.28	0.00
3	7	0.60	2.31	61.35	11.12	0.00
Core	CPU	C1%	C3%	C6%	C8%	C9%
-	-	0.04	0.73	70.92	17.00	0.00
0	0	0.00	0.60	76.13	12.74	0.00
0	4	0.00	0.72	72.22	18.15	0.00
1	1	0.00	0.50	70.68	19.19	0.00
1	5	0.01	0.25	69.33	21.61	0.00
2	2	0.01	0.57	67.65	22.10	0.00
2	6	0.00	0.54	68.33	22.19	0.00
3	3	0.00	0.57	77.52	12.40	0.00
3	7	0.30	2.07	65.58	7.63	0.00
Core	CPU	C1%	C3%	C6%	C8%	C9%
-	-	0.01	0.68	71.20	16.77	0.00
0	0	0.00	0.55	77.50	11.42	0.00
0	4	0.00	0.73	73.14	17.22	0.00
1	1	0.02	0.46	72.32	17.68	0.00
1	5	0.01	0.22	71.85	19.07	0.00
2	2	0.01	0.46	68.84	20.99	0.00
2	6	0.00	0.54	69.33	21.09	0.00
3	3	0.01	0.52	75.03	14.90	0.00
3	7	0.01	1.98	61.83	11.86	0.00
Core	CPU	C1%	C3%	C6%	C8%	C9%
-	-	0.00	1.27	68.89	18.06	0.00
0	0	0.00	0.58	79.02	9.26	0.00
0	4	0.00	2.80	70.53	16.51	0.00
1	1	0.01	0.49	67.72	21.62	0.00
1	5	0.00	0.23	66.69	23.63	0.00
2	2	0.01	0.50	65.07	23.92	0.00
2	6	0.01	0.52	66.61	23.72	0.00
3	3	0.00	0.59	74.44	14.55	0.00
3	7	0.01	4.44	60.41	11.12	0.00
Core	CPU	C1%	C3%	C6%	C8%	C9%
-	-	0.01	0.66	70.57	17.36	0.00
0	0	0.00	0.50	75.44	13.52	0.00
0	4	0.00	0.71	72.39	17.88	0.00
1	1	0.01	0.42	70.03	19.82	0.00
1	5	0.01	0.27	69.35	21.54	0.00
2	2	0.01	0.49	69.38	20.46	0.00
2	6	0.01	0.63	68.84	21.73	0.00
3	3	0.01	0.59	76.88	13.08	0.00
3	7	0.01	1.67	62.96	11.05	0.00
Core	CPU	C1%	C3%	C6%	C8%	C9%
-	-	0.01	0.79	70.48	17.44	0.00
0	0	0.00	0.59	76.04	12.89	0.00
0	4	0.00	0.78	72.42	17.85	0.00
1	1	0.01	0.59	71.15	18.48	0.00
1	5	0.00	0.94	69.57	20.48	0.00
2	2	0.01	0.41	66.54	23.52	0.00
2	6	0.00	0.61	66.42	24.22	0.00
3	3	0.00	0.54	78.21	11.81	0.00
3	7	0.01	1.86	63.49	10.27	0.00
Core	CPU	C1%	C3%	C6%	C8%	C9%
-	-	0.01	0.66	70.44	17.64	0.00
0	0	0.00	0.54	78.88	9.95	0.00
0	4	0.01	0.57	72.64	17.86	0.00
1	1	0.01	0.50	71.26	18.40	0.00
1	5	0.00	0.30	70.09	20.64	0.00
2	2	0.01	0.47	67.19	22.78	0.00
2	6	0.00	0.50	68.00	22.69	0.00
3	3	0.01	0.51	74.74	15.25	0.00
3	7	0.01	1.94	60.10	13.36	0.00
Core	CPU	C1%	C3%	C6%	C8%	C9%
-	-	0.01	0.69	70.13	17.74	0.00
0	0	0.00	0.58	75.82	12.99	0.00
0	4	0.00	0.72	73.80	16.45	0.00
1	1	0.01	0.44	69.28	20.32	0.00
1	5	0.00	0.30	69.28	21.55	0.00
2	2	0.01	0.50	65.52	24.33	0.00
2	6	0.01	0.53	67.07	23.55	0.00
3	3	0.00	0.57	77.61	12.28	0.00
3	7	0.01	1.88	63.17	10.60	0.00
Core	CPU	C1%	C3%	C6%	C8%	C9%
-	-	0.01	1.18	68.21	18.54	0.00
0	0	0.01	0.49	72.24	16.03	0.00
0	4	0.00	2.92	67.30	20.06	0.00
1	1	0.01	0.46	69.92	18.60	0.00
1	5	0.01	0.38	65.80	23.64	0.00
2	2	0.01	0.43	66.34	22.11	0.00
2	6	0.01	0.52	65.62	24.46	0.00
3	3	0.00	0.55	75.68	13.58	0.00
3	7	0.02	3.67	62.25	9.69	0.00
Core	CPU	C1%	C3%	C6%	C8%	C9%
-	-	0.00	0.67	69.82	18.08	0.00
0	0	0.00	0.55	73.15	15.69	0.00
0	4	0.00	0.66	71.26	19.09	0.00
1	1	0.00	0.54	71.57	18.20	0.00
1	5	0.00	0.32	67.70	23.13	0.00
2	2	0.01	0.42	67.04	22.81	0.00
2	6	0.01	0.54	67.59	23.03	0.00
3	3	0.00	0.59	77.95	11.85	0.00
3	7	0.01	1.75	62.89	10.99	0.00
Core	CPU	C1%	C3%	C6%	C8%	C9%
-	-	0.01	0.77	70.12	17.83	0.00
0	0	0.00	0.55	75.37	13.55	0.00
0	4	0.00	0.70	71.51	18.94	0.00
1	1	0.01	0.49	71.30	18.41	0.00
1	5	0.00	0.30	68.09	22.81	0.00
2	2	0.01	0.43	66.82	23.16	0.00
2	6	0.00	0.48	67.12	23.59	0.00
3	3	0.01	1.28	77.37	11.63	0.00
3	7	0.01	1.90	63.21	10.54	0.00
Core	CPU	C1%	C3%	C6%	C8%	C9%
-	-	0.01	0.67	69.98	17.92	0.00
0	0	0.00	0.54	77.25	11.44	0.00
0	4	0.00	0.58	71.42	18.43	0.00
1	1	0.02	0.35	68.60	21.52	0.00
1	5	0.01	0.26	68.74	22.21	0.00
2	2	0.01	0.58	68.01	21.79	0.00
2	6	0.01	0.63	67.95	22.43	0.00
3	3	0.00	0.49	75.51	14.31	0.00
3	7	0.01	1.97	62.50	11.28	0.00
Core	CPU	C1%	C3%	C6%	C8%	C9%
-	-	0.01	0.65	70.12	18.03	0.00
0	0	0.00	0.67	77.86	10.94	0.00
0	4	0.00	0.69	72.80	17.60	0.00
1	1	0.01	0.38	68.70	21.34	0.00
1	5	0.00	0.21	69.29	21.71	0.00
2	2	0.01	0.51	66.56	23.20	0.00
2	6	0.01	0.50	65.69	24.96	0.00
3	3	0.00	0.56	76.73	13.15	0.00
3	7	0.02	1.66	62.74	11.21	0.00
Core	CPU	C1%	C3%	C6%	C8%	C9%
-	-	0.01	1.31	68.21	18.37	0.00
0	0	0.00	0.58	75.68	12.43	0.00
0	4	0.00	3.20	69.92	17.14	0.00
1	1	0.01	0.40	67.02	21.86	0.00
1	5	0.00	0.25	65.77	23.92	0.00
2	2	0.01	0.49	67.51	21.59	0.00
2	6	0.01	0.54	66.69	23.70	0.00
3	3	0.01	0.48	73.59	15.02	0.00
3	7	0.02	4.57	60.11	11.49	0.00
Core	CPU	C1%	C3%	C6%	C8%	C9%
-	-	0.01	0.64	70.16	18.01	0.00
0	0	0.00	0.54	77.56	11.29	0.00
0	4	0.00	0.69	73.50	16.84	0.00
1	1	0.02	0.45	68.42	21.55	0.00
1	5	0.00	0.22	67.82	23.18	0.00
2	2	0.01	0.53	66.94	22.99	0.00
2	6	0.01	0.57	67.40	23.24	0.00
3	3	0.00	0.47	76.70	13.27	0.00
3	7	0.01	1.68	62.33	11.57	0.00
Core	CPU	C1%	C3%	C6%	C8%	C9%
-	-	0.01	0.81	70.48	17.34	0.00
0	0	0.00	0.68	78.19	10.67	0.00
0	4	0.00	0.67	71.52	18.95	0.00
1	1	0.01	0.35	72.43	17.45	0.00
1	5	0.00	1.03	70.14	19.93	0.00
2	2	0.01	0.52	66.67	23.21	0.00
2	6	0.01	0.47	67.94	22.71	0.00
3	3	0.00	0.52	75.96	13.92	0.00
3	7	0.01	2.23	61.47	11.97	0.00
Core	CPU	C1%	C3%	C6%	C8%	C9%
-	-	0.02	0.67	69.70	17.63	0.00
0	0	0.00	0.55	75.89	13.09	0.00
0	4	0.00	0.63	70.44	19.83	0.00
1	1	0.01	0.54	72.39	17.53	0.00
1	5	0.01	0.36	67.87	22.96	0.00
2	2	0.00	0.44	66.16	24.00	0.00
2	6	0.00	0.43	66.86	23.88	0.00
3	3	0.00	0.54	78.02	11.24	0.00
3	7	0.12	1.88	60.11	8.51	0.00
Core	CPU	C1%	C3%	C6%	C8%	C9%
-	-	0.01	0.70	70.07	18.05	0.00
0	0	0.00	0.52	73.52	15.48	0.00
0	4	0.00	0.66	71.80	18.45	0.00
1	1	0.02	0.54	68.82	20.85	0.00
1	5	0.01	0.41	67.93	22.85	0.00
2	2	0.01	0.42	68.15	21.89	0.00
2	6	0.01	0.62	67.77	22.86	0.00
3	3	0.02	0.53	78.33	11.66	0.00
3	7	0.02	1.91	63.56	10.18	0.00
Core	CPU	C1%	C3%	C6%	C8%	C9%
-	-	0.01	1.08	68.08	17.70	0.00
0	0	0.01	0.51	73.78	13.24	0.00
0	4	0.01	2.33	67.64	19.49	0.00
1	1	0.01	0.45	68.87	19.08	0.00
1	5	0.00	0.37	66.99	21.85	0.00
2	2	0.01	0.44	65.16	22.36	0.00
2	6	0.00	0.54	65.23	23.58	0.00
3	3	0.00	0.67	75.20	12.11	0.00
3	7	0.02	3.29	61.78	9.85	0.00
Core	CPU	C1%	C3%	C6%	C8%	C9%
-	-	0.01	0.64	70.96	16.98	0.00
0	0	0.00	0.55	79.24	9.63	0.00
0	4	0.00	0.74	72.35	18.02	0.00
1	1	0.01	0.44	73.06	16.66	0.00
1	5	0.01	0.16	68.61	22.26	0.00
2	2	0.01	0.50	67.95	21.90	0.00
2	6	0.01	0.40	69.31	21.39	0.00
3	3	0.00	0.54	75.56	14.42	0.00
3	7	0.01	1.80	62.15	11.68	0.00
Core	CPU	C1%	C3%	C6%	C8%	C9%
-	-	0.00	0.75	69.69	18.16	0.00
0	0	0.00	0.49	75.14	13.79	0.00
0	4	0.00	0.60	71.81	18.68	0.00
1	1	0.01	0.44	68.67	20.44	0.00
1	5	0.00	0.39	67.93	22.91	0.00
2	2	0.01	0.43	69.33	20.56	0.00
2	6	0.00	0.50	68.07	22.61	0.00
3	3	0.00	0.60	74.50	15.32	0.00
3	7	0.01	2.57	62.25	10.98	0.00
Core	CPU	C1%	C3%	C6%	C8%	C9%
-	-	0.01	0.71	70.22	17.93	0.00
0	0	0.01	0.51	74.99	13.94	0.00
0	4	0.00	0.70	70.49	19.95	0.00
1	1	0.01	0.45	70.47	19.45	0.00
1	5	0.00	0.33	67.76	23.12	0.00
2	2	0.01	0.46	69.02	20.91	0.00
2	6	0.00	0.60	68.63	21.99	0.00
3	3	0.01	0.59	77.19	12.74	0.00
3	7	0.01	2.02	62.51	11.14	0.00
Core	CPU	C1%	C3%	C6%	C8%	C9%
-	-	0.01	0.68	70.81	17.14	0.00
0	0	0.00	0.62	75.86	13.11	0.00
0	4	0.00	0.70	70.54	19.85	0.00
1	1	0.01	0.56	73.19	16.46	0.00
1	5	0.01	0.28	71.52	19.20	0.00
2	2	0.01	0.49	67.70	22.21	0.00
2	6	0.01	0.42	68.47	22.24	0.00
3	3	0.01	0.53	76.86	13.13	0.00
3	7	0.01	1.86	62.74	11.05	0.00
Core	CPU	C1%	C3%	C6%	C8%	C9%
-	-	0.04	1.23	68.81	17.56	0.00
0	0	0.00	0.56	74.14	13.53	0.00
0	4	0.01	2.65	70.35	16.83	0.00
1	1	0.01	0.54	69.36	19.26	0.00
1	5	0.01	0.26	68.72	21.26	0.00
2	2	0.01	0.45	65.74	22.30	0.00
2	6	0.00	0.50	66.41	23.28	0.00
3	3	0.00	0.53	74.11	13.95	0.00
3	7	0.30	4.32	61.24	9.93	0.00
Core	CPU	C1%	C3%	C6%	C8%	C9%
-	-	0.01	0.68	70.78	17.24	0.00
0	0	0.00	0.62	76.72	12.05	0.00
0	4	0.00	0.72	71.90	18.40	0.00
1	1	0.01	0.44	71.15	18.68	0.00
1	5	0.01	0.25	69.23	21.61	0.00
2	2	0.01	0.44	66.92	23.11	0.00
2	6	0.01	0.57	68.53	22.10	0.00
3	3	0.01	0.59	77.95	11.99	0.00
3	7	0.02	1.78	63.83	9.95	0.00
Core	CPU	C1%	C3%	C6%	C8%	C9%
-	-	0.01	0.81	70.87	16.91	0.00
0	0	0.01	0.54	75.96	12.94	0.00
0	4	0.01	0.71	70.02	20.29	0.00
1	1	0.01	0.47	74.80	15.04	0.00
1	5	0.01	0.40	70.68	20.07	0.00
2	2	0.01	0.49	68.81	20.51	0.00
2	6	0.01	1.18	67.85	21.60	0.00
3	3	0.01	0.46	77.34	12.82	0.00
3	7	0.01	2.23	61.54	12.02	0.00
Core	CPU	C1%	C3%	C6%	C8%	C9%
-	-	0.01	0.66	70.41	17.50	0.00
0	0	0.00	0.58	77.84	10.97	0.00
0	4	0.00	0.67	73.57	16.76	0.00
1	1	0.01	0.47	69.79	19.99	0.00
1	5	0.00	0.26	69.83	21.10	0.00
2	2	0.01	0.56	68.27	21.46	0.00
2	6	0.00	0.49	66.65	23.96	0.00
3	3	0.01	0.51	74.87	15.12	0.00
3	7	0.01	1.78	63.07	10.83	0.00
Core	CPU	C1%	C3%	C6%	C8%	C9%
-	-	0.01	0.68	71.14	17.00	0.00
0	0	0.00	0.54	78.18	10.65	0.00
0	4	0.00	0.74	72.26	18.13	0.00
1	1	0.01	0.43	72.78	17.14	0.00
1	5	0.01	0.26	69.31	21.61	0.00
2	2	0.01	0.51	68.75	21.10	0.00
2	6	0.01	0.51	68.07	22.62	0.00
3	3	0.01	0.56	76.72	13.27	0.00
3	7	0.01	1.87	62.43	11.32	0.00
Core	CPU	C1%	C3%	C6%	C8%	C9%
-	-	0.01	1.28	68.43	17.98	0.00
0	0	0.00	0.51	73.44	14.17	0.00
0	4	0.00	3.29	67.53	19.59	0.00
1	1	0.01	0.54	70.65	17.07	0.00
1	5	0.01	0.31	66.47	23.03	0.00
2	2	0.01	0.40	65.70	23.05	0.00
2	6	0.00	0.44	66.74	23.17	0.00
3	3	0.00	0.56	76.09	13.02	0.00
3	7	0.01	4.19	60.76	10.68	0.00
Core	CPU	C1%	C3%	C6%	C8%	C9%
-	-	0.01	0.67	70.56	17.34	0.00
0	0	0.00	0.55	75.35	13.53	0.00
0	4	0.00	0.70	72.92	17.29	0.00
1	1	0.01	0.50	70.31	19.18	0.00
1	5	0.01	0.33	69.81	20.94	0.00
2	2	0.01	0.47	67.48	22.46	0.00
2	6	0.01	0.58	67.55	23.03	0.00
3	3	0.01	0.49	78.11	11.90	0.00
3	7	0.01	1.71	63.43	10.54	0.00
Core	CPU	C1%	C3%	C6%	C8%	C9%
-	-	0.01	0.84	70.30	17.39	0.00
0	0	0.01	0.48	75.31	13.87	0.00
0	4	0.00	0.68	73.25	16.88	0.00
1	1	0.01	0.46	69.90	19.86	0.00
1	5	0.01	0.26	69.38	20.95	0.00
2	2	0.01	0.41	67.66	22.15	0.00
2	6	0.01	0.42	67.37	23.03	0.00
3	3	0.01	1.33	76.98	11.81	0.00
3	7	0.01	2.68	62.59	10.55	0.00
Core	CPU	C1%	C3%	C6%	C8%	C9%
-	-	0.01	0.72	71.08	16.94	0.00
0	0	0.00	0.60	76.12	12.75	0.00
0	4	0.00	0.72	72.38	18.04	0.00
1	1	0.01	0.52	71.64	18.19	0.00
1	5	0.00	0.24	68.22	22.71	0.00
2	2	0.01	0.51	70.75	19.05	0.00
2	6	0.00	0.56	68.22	22.45	0.00
3	3	0.01	0.60	78.08	11.82	0.00
3	7	0.02	2.01	63.10	10.51	0.00
Core	CPU	C1%	C3%	C6%	C8%	C9%
-	-	0.01	0.70	69.63	18.30	0.00
0	0	0.00	0.63	74.80	14.03	0.00
0	4	0.00	0.66	72.96	17.22	0.00
1	1	0.01	0.44	68.47	21.30	0.00
1	5	0.00	0.30	68.07	22.78	0.00
2	2	0.01	0.49	66.76	23.12	0.00
2	6	0.01	0.63	65.76	24.77	0.00
3	3	0.01	0.55	77.73	12.22	0.00
3	7	0.01	1.90	62.77	11.04	0.00
Core	CPU	C1%	C3%	C6%	C8%	C9%
-	-	0.01	1.01	69.31	16.58	0.00
0	0	0.00	0.56	73.64	12.89	0.00
0	4	0.01	2.06	69.01	18.20	0.00
1	1	0.01	0.36	72.66	15.01	0.00
1	5	0.00	0.31	67.90	21.08	0.00
2	2	0.01	0.46	66.69	20.63	0.00
2	6	0.00	0.56	67.27	21.87	0.00
3	3	0.00	0.52	75.48	12.50	0.00
3	7	0.02	3.26	61.41	10.35	0.00
Core	CPU	C1%	C3%	C6%	C8%	C9%
-	-	0.01	0.68	71.13	16.82	0.00
0	0	0.00	0.46	74.74	14.33	0.00
0	4	0.01	0.69	71.63	18.80	0.00
1	1	0.01	0.48	72.75	16.85	0.00
1	5	0.01	0.36	71.05	19.63	0.00
2	2	0.01	0.47	68.59	21.35	0.00
2	6	0.01	0.51	68.20	22.48	0.00
3	3	0.01	0.59	77.90	11.95	0.00
3	7	0.01	1.89	64.30	9.22	0.00
Core	CPU	C1%	C3%	C6%	C8%	C9%
-	-	0.05	0.86	71.24	16.15	0.00
0	0	0.00	0.69	76.42	11.84	0.00
0	4	0.02	0.63	71.06	18.83	0.00
1	1	0.01	1.03	72.98	15.88	0.00
1	5	0.01	0.34	70.33	20.52	0.00
2	2	0.01	0.49	69.18	19.81	0.00
2	6	0.31	0.42	69.25	20.50	0.00
3	3	0.00	0.67	76.83	12.68	0.00
3	7	0.01	2.60	64.12	9.17	0.00
Core	CPU	C1%	C3%	C6%	C8%	C9%
-	-	0.01	0.65	70.60	17.50	0.00
0	0	0.01	0.66	75.82	13.14	0.00
0	4	0.00	0.70	72.19	18.22	0.00
1	1	0.01	0.36	70.40	19.47	0.00
1	5	0.00	0.26	69.64	21.25	0.00
2	2	0.01	0.40	66.48	23.41	0.00
2	6	0.00	0.53	67.11	23.42	0.00
3	3	0.01	0.63	78.65	11.18	0.00
3	7	0.01	1.63	64.09	9.84	0.00
Core	CPU	C1%	C3%	C6%	C8%	C9%
-	-	0.01	0.66	71.48	16.50	0.00
0	0	0.01	0.48	75.56	13.51	0.00
0	4	0.00	0.76	71.32	19.00	0.00
1	1	0.02	0.48	72.84	16.85	0.00
1	5	0.01	0.31	69.78	21.13	0.00
2	2	0.01	0.45	69.75	20.17	0.00
2	6	0.01	0.43	69.98	20.67	0.00
3	3	0.01	0.49	79.09	10.83	0.00
3	7	0.01	1.85	63.88	9.93	0.00
Core	CPU	C1%	C3%	C6%	C8%	C9%
-	-	0.01	1.16	68.09	17.74	0.00
0	0	0.00	0.53	74.27	12.20	0.00
0	4	0.00	2.81	70.74	16.34	0.00
1	1	0.01	0.51	68.17	20.56	0.00
1	5	0.00	0.22	68.18	21.09	0.00
2	2	0.01	0.42	63.27	25.45	0.00
2	6	0.01	0.56	64.99	24.35	0.00
3	3	0.01	0.52	75.60	12.50	0.00
3	7	0.02	3.76	59.68	9.49	0.00
Core	CPU	C1%	C3%	C6%	C8%	C9%
-	-	0.00	0.65	69.90	17.71	0.00
0	0	0.00	0.52	75.08	13.96	0.00
0	4	0.00	0.62	73.81	16.49	0.00
1	1	0.00	0.55	68.87	20.35	0.00
1	5	0.01	0.25	70.54	20.41	0.00
2	2	0.01	0.48	65.86	23.84	0.00
2	6	0.00	0.43	66.74	24.00	0.00
3	3	0.00	0.57	76.07	13.49	0.00
3	7	0.01	1.80	62.29	9.14	0.00
Core	CPU	C1%	C3%	C6%	C8%	C9%
-	-	0.01	0.82	70.13	17.53	0.00
0	0	0.01	0.54	78.03	10.74	0.00
0	4	0.01	0.69	72.36	17.88	0.00
1	1	0.01	0.35	69.26	20.13	0.00
1	5	0.01	0.20	68.36	22.67	0.00
2	2	0.00	0.49	67.66	21.61	0.00
2	6	0.01	1.10	67.80	21.67	0.00
3	3	0.00	0.52	75.28	14.07	0.00
3	7	0.01	2.67	61.80	11.31	0.00
Core	CPU	C1%	C3%	C6%	C8%	C9%
-	-	0.00	0.68	70.65	17.31	0.00
0	0	0.00	0.62	74.35	14.57	0.00
0	4	0.00	0.69	70.49	19.98	0.00
1	1	0.01	0.48	74.01	15.77	0.00
1	5	0.00	0.35	69.41	21.41	0.00
2	2	0.01	0.57	68.65	21.13	0.00
2	6	0.00	0.51	67.50	23.12	0.00
3	3	0.00	0.52	78.30	11.71	0.00
3	7	0.01	1.74	62.98	10.94	0.00
Core	CPU	C1%	C3%	C6%	C8%	C9%
-	-	0.01	0.64	70.72	17.30	0.00
0	0	0.00	0.52	76.76	12.28	0.00
0	4	0.00	0.70	74.30	15.89	0.00
1	1	0.01	0.43	68.96	20.73	0.00
1	5	0.01	0.27	69.69	21.20	0.00
2	2	0.01	0.58	68.00	21.81	0.00
2	6	0.01	0.52	68.46	22.22	0.00
3	3	0.00	0.44	77.38	12.62	0.00
3	7	0.01	1.70	62.22	11.67	0.00
Core	CPU	C1%	C3%	C6%	C8%	C9%
-	-	0.01	1.19	69.34	17.41	0.11
0	0	0.01	0.52	75.13	12.86	0.00
0	4	0.01	2.75	68.85	18.20	0.91
1	1	0.01	0.52	69.67	19.11	0.00
1	5	0.01	0.25	68.75	21.38	0.00
2	2	0.01	0.39	68.24	20.34	0.00
2	6	0.01	0.49	67.45	21.90	0.00
3	3	0.01	0.50	75.63	14.08	0.00
3	7	0.00	4.09	60.37	11.25	0.00
Core	CPU	C1%	C3%	C6%	C8%	C9%
-	-	0.02	0.71	70.16	17.42	0.00
0	0	0.00	0.55	75.21	13.64	0.00
0	4	0.00	0.63	71.04	19.23	0.00
1	1	0.01	0.50	71.88	17.85	0.00
1	5	0.00	0.38	69.85	20.95	0.00
2	2	0.12	0.45	66.39	21.92	0.00
2	6	0.01	0.49	67.46	23.18	0.00
3	3	0.00	0.62	75.92	13.26	0.00
3	7	0.02	2.08	64.05	9.47	0.00
Core	CPU	C1%	C3%	C6%	C8%	C9%
-	-	0.01	0.83	70.66	17.25	0.00
0	0	0.00	0.55	75.99	12.81	0.00
0	4	0.01	1.60	69.57	20.02	0.00
1	1	0.01	0.49	71.60	18.28	0.00
1	5	0.01	0.37	68.95	21.87	0.00
2	2	0.01	0.41	66.25	23.80	0.00
2	6	0.01	0.50	67.83	22.84	0.00
3	3	0.01	0.57	80.21	9.78	0.00
3	7	0.02	2.19	64.89	8.58	0.00
Core	CPU	C1%	C3%	C6%	C8%	C9%
-	-	0.00	0.67	71.14	16.89	0.00
0	0	0.00	0.58	75.27	13.68	0.00
0	4	0.00	0.65	71.63	18.92	0.00
1	1	0.01	0.42	74.31	15.42	0.00
1	5	0.00	0.35	70.53	20.23	0.00
2	2	0.01	0.49	68.29	21.63	0.00
2	6	0.00	0.42	68.43	22.31	0.00
3	3	0.00	0.62	77.12	12.77	0.00
3	7	0.01	1.80	63.61	10.19	0.00
Core	CPU	C1%	C3%	C6%	C8%	C9%
-	-	0.01	0.69	70.47	17.54	0.00
0	0	0.01	0.58	75.43	13.51	0.00
0	4	0.00	0.66	69.94	20.56	0.00
1	1	0.02	0.37	72.35	17.57	0.00
1	5	0.01	0.25	69.57	21.18	0.00
2	2	0.01	0.57	69.12	20.56	0.00
2	6	0.01	0.49	68.39	22.27	0.00
3	3	0.01	0.56	76.32	13.64	0.00
3	7	0.00	2.04	62.59	11.02	0.00
Core	CPU	C1%	C3%	C6%	C8%	C9%
-	-	0.01	1.14	68.83	17.62	0.13
0	0	0.00	0.48	75.13	12.39	0.00
0	4	0.00	2.66	70.52	16.69	1.05
1	1	0.01	0.47	67.04	21.79	0.00
1	5	0.01	0.36	65.50	23.51	0.00
2	2	0.01	0.41	66.79	21.98	0.00
2	6	0.01	0.53	66.13	23.00	0.00
3	3	0.00	0.57	76.59	12.58	0.00
3	7	0.02	3.63	62.70	8.92	0.00
Core	CPU	C1%	C3%	C6%	C8%	C9%
-	-	0.00	0.68	72.01	15.97	0.00
0	0	0.00	0.61	78.40	10.20	0.00
0	4	0.00	0.76	72.31	18.03	0.00
1	1	0.01	0.51	72.09	17.70	0.00
1	5	0.00	0.38	68.78	21.87	0.00
2	2	0.00	0.44	70.06	19.79	0.00
2	6	0.00	0.57	69.61	20.95	0.00
3	3	0.00	0.50	79.64	10.36	0.00
3	7	0.02	1.69	65.18	8.87	0.00
Core	CPU	C1%	C3%	C6%	C8%	C9%
-	-	0.01	0.83	70.86	17.00	0.00
0	0	0.00	0.56	77.99	10.90	0.00
0	4	0.00	1.37	69.89	19.74	0.00
1	1	0.01	0.49	74.29	15.45	0.00
1	5	0.01	0.26	70.75	20.00	0.00
2	2	0.00	0.43	69.06	20.96	0.00
2	6	0.00	0.49	68.05	22.61	0.00
3	3	0.01	0.51	75.56	14.48	0.00
3	7	0.01	2.55	61.33	11.89	0.00
Core	CPU	C1%	C3%	C6%	C8%	C9%
-	-	0.01	0.66	71.28	16.68	0.00
0	0	0.00	0.51	76.46	12.41	0.00
0	4	0.00	0.70	74.16	16.10	0.00
1	1	0.00	0.38	72.31	17.48	0.00
1	5	0.00	0.39	69.78	20.84	0.00
2	2	0.01	0.51	68.69	21.06	0.00
2	6	0.00	0.46	68.17	22.51	0.00
3	3	0.00	0.54	77.72	12.29	0.00
3	7	0.01	1.77	62.99	10.72	0.00
Core	CPU	C1%	C3%	C6%	C8%	C9%
-	-	0.01	0.68	71.50	16.51	0.00
0	0	0.00	0.51	75.37	13.62	0.00
0	4	0.00	0.72	73.96	16.22	0.00
1	1	0.01	0.46	72.52	17.28	0.00
1	5	0.01	0.41	71.61	18.99	0.00
2	2	0.01	0.47	68.90	20.91	0.00
2	6	0.00	0.47	69.50	21.20	0.00
3	3	0.01	0.52	77.22	12.82	0.00
3	7	0.02	1.86	62.86	11.01	0.00
Core	CPU	C1%	C3%	C6%	C8%	C9%
-	-	0.01	0.89	68.92	17.00	0.34
0	0	0.01	0.55	74.84	12.23	0.00
0	4	0.01	1.27	68.80	18.43	2.68
1	1	0.00	0.39	71.84	16.06	0.00
1	5	0.01	0.30	68.31	20.33	0.00
2	2	0.01	0.58	66.61	21.21	0.00
2	6	0.01	0.43	67.13	22.11	0.00
3	3	0.01	0.58	72.85	14.60	0.00
3	7	0.01	3.05	60.75	11.01	0.00
Core	CPU	C1%	C3%	C6%	C8%	C9%
-	-	0.01	0.67	71.39	16.65	0.00
0	0	0.00	0.55	79.78	9.08	0.00
0	4	0.00	0.74	72.96	17.42	0.00
1	1	0.01	0.51	72.38	17.54	0.00
1	5	0.01	0.26	70.83	20.10	0.00
2	2	0.01	0.47	67.88	21.94	0.00
2	6	0.01	0.44	67.23	23.51	0.00
3	3	0.01	0.52	77.96	12.09	0.00
3	7	0.01	1.86	62.07	11.56	0.00
Core	CPU	C1%	C3%	C6%	C8%	C9%
-	-	0.01	0.84	69.66	18.04	0.00
0	0	0.01	0.54	77.00	11.79	0.00
0	4	0.01	0.57	71.23	18.82	0.00
1	1	0.01	0.51	70.41	19.40	0.00
1	5	0.00	0.33	69.36	21.39	0.00
2	2	0.01	0.46	68.28	21.65	0.00
2	6	0.00	1.34	66.01	23.75	0.00
3	3	0.00	0.56	74.04	15.92	0.00
3	7	0.02	2.41	61.35	11.75	0.00
Core	CPU	C1%	C3%	C6%	C8%	C9%
-	-	0.01	0.69	70.66	17.32	0.00
0	0	0.00	0.58	77.21	11.66	0.00
0	4	0.00	0.73	71.28	19.16	0.00
1	1	0.01	0.46	72.96	16.84	0.00
1	5	0.01	0.33	70.68	20.06	0.00
2	2	0.01	0.44	69.60	20.34	0.00
2	6	0.01	0.57	68.60	22.04	0.00
3	3	0.00	0.50	74.43	15.59	0.00
3	7	0.01	1.90	60.78	12.90	0.00
Core	CPU	C1%	C3%	C6%	C8%	C9%
-	-	0.01	0.68	71.18	16.84	0.00
0	0	0.00	0.55	79.25	9.54	0.00
0	4	0.00	0.68	72.38	18.08	0.00
1	1	0.01	0.48	69.76	20.00	0.00
1	5	0.01	0.27	69.78	21.07	0.00
2	2	0.01	0.44	69.15	20.80	0.00
2	6	0.00	0.53	68.84	21.80	0.00
3	3	0.00	0.52	77.33	12.65	0.00
3	7	0.01	1.99	62.91	10.78	0.00
Core	CPU	C1%	C3%	C6%	C8%	C9%
-	-	0.01	1.31	68.73	17.95	0.00
0	0	0.00	0.56	73.99	14.38	0.00
0	4	0.00	3.52	69.70	17.51	0.00
1	1	0.00	0.51	70.51	17.71	0.00
1	5	0.00	0.38	66.92	22.10	0.00
2	2	0.01	0.44	65.03	24.58	0.00
2	6	0.01	0.37	66.36	23.58	0.00
3	3	0.01	0.52	74.71	14.09	0.00
3	7	0.01	4.19	62.05	9.50	0.00
Core	CPU	C1%	C3%	C6%	C8%	C9%
-	-	0.02	0.65	70.41	17.53	0.00
0	0	0.00	0.62	75.30	13.66	0.00
0	4	0.00	0.73	71.61	18.83	0.00
1	1	0.01	0.45	73.48	16.32	0.00
1	5	0.01	0.25	68.34	22.48	0.00
2	2	0.01	0.44	65.23	24.71	0.00
2	6	0.01	0.56	67.28	23.34	0.00
3	3	0.01	0.55	77.38	12.58	0.00
3	7	0.12	1.63	65.27	8.48	0.00
Core	CPU	C1%	C3%	C6%	C8%	C9%
-	-	0.02	0.76	70.41	17.48	0.00
0	0	0.00	0.52	75.56	13.45	0.00
0	4	0.00	0.67	72.24	18.32	0.00
1	1	0.01	0.50	73.53	16.26	0.00
1	5	0.00	0.29	68.37	22.44	0.00
2	2	0.01	0.43	66.68	23.28	0.00
2	6	0.01	1.20	67.71	22.12	0.00
3	3	0.12	0.50	75.61	14.23	0.00
3	7	0.01	2.00	63.58	9.74	0.00
Core	CPU	C1%	C3%	C6%	C8%	C9%
-	-	0.02	0.65	69.76	17.75	0.00
0	0	0.01	0.50	75.93	13.12	0.00
0	4	0.00	0.68	69.50	20.48	0.00
1	1	0.02	0.53	71.65	18.40	0.00
1	5	0.01	0.30	67.34	23.69	0.00
2	2	0.01	0.37	69.80	20.35	0.00
2	6	0.00	0.50	66.96	23.88	0.00
3	3	0.00	0.46	76.63	12.86	0.00
3	7	0.08	1.88	60.05	9.15	0.00
Core	CPU	C1%	C3%	C6%	C8%	C9%
-	-	0.00	0.70	70.36	17.56	0.00
0	0	0.01	0.63	76.88	12.00	0.00
0	4	0.00	0.74	72.55	17.83	0.00
1	1	0.01	0.43	71.00	18.98	0.00
1	5	0.01	0.33	72.12	18.56	0.00
2	2	0.01	0.53	66.64	23.03	0.00
2	6	0.01	0.54	67.50	23.05	0.00
3	3	0.00	0.48	74.47	15.54	0.00
3	7	0.01	1.95	61.99	11.60	0.00
Core	CPU	C1%	C3%	C6%	C8%	C9%
-	-	0.00	1.35	69.22	17.81	0.00
0	0	0.00	0.54	75.46	13.26	0.00
0	4	0.00	3.58	69.29	17.88	0.00
1	1	0.01	0.49	70.19	19.17	0.00
1	5	0.01	0.35	68.54	22.14	0.00
2	2	0.00	0.47	67.47	21.48	0.00
2	6	0.00	0.45	66.29	23.83	0.00
3	3	0.00	0.58	75.03	13.78	0.00
3	7	0.01	4.32	60.83	10.80	0.00
Core	CPU	C1%	C3%	C6%	C8%	C9%
-	-	0.01	0.64	70.54	17.37	0.00
0	0	0.00	0.52	77.84	11.07	0.00
0	4	0.01	0.58	72.62	17.79	0.00
1	1	0.01	0.52	73.53	16.16	0.00
1	5	0.01	0.31	72.13	18.72	0.00
2	2	0.01	0.50	67.72	22.13	0.00
2	6	0.01	0.39	68.42	22.34	0.00
3	3	0.01	0.49	73.11	16.85	0.00
3	7	0.01	1.85	59.62	14.09	0.00
Core	CPU	C1%	C3%	C6%	C8%	C9%
-	-	0.03	0.86	70.35	17.44	0.00
0	0	0.01	1.39	73.21	15.02	0.00
0	4	0.00	0.66	68.57	21.53	0.00
1	1	0.01	0.54	75.21	14.45	0.00
1	5	0.01	0.36	70.39	19.91	0.00
2	2	0.01	0.56	69.14	20.22	0.00
2	6	0.00	0.35	68.93	21.98	0.00
3	3	0.00	0.52	75.48	14.50	0.00
3	7	0.21	2.48	61.31	11.77	0.00
Core	CPU	C1%	C3%	C6%	C8%	C9%
-	-	0.01	0.67	70.81	17.12	0.00
0	0	0.00	0.52	74.18	14.78	0.00
0	4	0.00	0.68	71.27	19.15	0.00
1	1	0.01	0.50	73.09	16.44	0.00
1	5	0.01	0.30	70.22	20.64	0.00
2	2	0.02	0.46	69.44	20.46	0.00
2	6	0.00	0.52	68.55	22.10	0.00
3	3	0.00	0.52	77.67	12.22	0.00
3	7	0.02	1.83	62.53	11.29	0.00
Core	CPU	C1%	C3%	C6%	C8%	C9%
-	-	0.01	0.66	71.24	16.79	0.00
0	0	0.00	0.57	78.23	10.61	0.00
0	4	0.01	0.74	72.23	18.21	0.00
1	1	0.01	0.50	70.80	18.77	0.00
1	5	0.01	0.24	70.17	20.77	0.00
2	2	0.01	0.47	70.07	19.70	0.00
2	6	0.01	0.53	68.26	22.07	0.00
3	3	0.01	0.52	77.64	12.22	0.00
3	7	0.02	1.75	61.99	11.80	0.00
Core	CPU	C1%	C3%	C6%	C8%	C9%
-	-	0.01	0.92	68.95	16.72	0.00
0	0	0.00	0.56	74.73	12.14	0.00
0	4	0.00	2.23	68.13	19.05	0.00
1	1	0.01	0.51	69.58	18.30	0.00
1	5	0.01	0.34	67.78	21.05	0.00
2	2	0.01	0.42	67.01	20.73	0.00
2	6	0.01	0.41	66.13	22.71	0.00
3	3	0.00	0.52	76.70	10.56	0.00
3	7	0.01	2.40	62.17	9.39	0.00
Core	CPU	C1%	C3%	C6%	C8%	C9%
-	-	0.01	0.72	70.57	17.37	0.00
0	0	0.00	0.62	75.81	12.96	0.00
0	4	0.00	0.68	74.32	15.92	0.00
1	1	0.02	0.45	67.98	21.62	0.00
1	5	0.00	0.31	69.04	21.84	0.00
2	2	0.01	0.48	67.86	22.05	0.00
2	6	0.01	0.57	67.30	23.30	0.00
3	3	0.00	0.60	78.12	11.73	0.00
3	7	0.01	2.06	64.07	9.52	0.00
Core	CPU	C1%	C3%	C6%	C8%	C9%
-	-	0.01	0.76	69.28	18.47	0.00
0	0	0.00	0.57	77.33	11.23	0.00
0	4	0.00	0.58	72.11	18.21	0.00
1	1	0.01	0.48	69.67	20.04	0.00
1	5	0.00	0.21	66.91	23.31	0.00
2	2	0.01	0.45	67.04	22.97	0.00
2	6	0.01	1.13	67.25	22.39	0.00
3	3	0.00	0.46	73.34	16.66	0.00
3	7	0.02	2.17	60.55	12.98	0.00
Core	CPU	C1%	C3%	C6%	C8%	C9%
-	-	0.00	0.65	69.78	18.25	0.00
0	0	0.00	0.64	76.05	12.68	0.00
0	4	0.00	0.51	70.78	19.89	0.00
1	1	0.01	0.57	71.25	18.43	0.00
1	5	0.00	0.24	70.13	20.73	0.00
2	2	0.00	0.42	65.40	24.60	0.00
2	6	0.00	0.41	67.59	23.13	0.00
3	3	0.00	0.50	75.67	14.23	0.00
3	7	0.01	1.90	61.46	12.30	0.00
Core	CPU	C1%	C3%	C6%	C8%	C9%
-	-	0.01	0.69	70.57	17.42	0.00
0	0	0.00	0.71	75.76	13.05	0.00
0	4	0.00	0.69	70.90	19.57	0.00
1	1	0.01	0.48	74.29	15.43	0.00
1	5	0.01	0.30	70.69	20.16	0.00
2	2	0.01	0.44	68.63	21.35	0.00
2	6	0.01	0.47	68.10	22.33	0.00
3	3	0.00	0.58	75.00	14.85	0.00
3	7	0.01	1.87	61.14	12.60	0.00
Core	CPU	C1%	C3%	C6%	C8%	C9%
-	-	0.01	1.29	68.40	17.91	0.00
0	0	0.00	0.61	76.93	10.64	0.00
0	4	0.00	3.29	71.17	16.33	0.00
1	1	0.00	0.37	67.82	20.43	0.00
1	5	0.00	0.18	67.88	21.89	0.00
2	2	0.01	0.51	64.89	23.64	0.00
2	6	0.01	0.52	66.46	22.01	0.00
3	3	0.00	0.53	72.04	16.72	0.00
3	7	0.01	4.34	59.81	11.61	0.00
Core	CPU	C1%	C3%	C6%	C8%	C9%
-	-	0.01	0.65	70.76	17.28	0.00
0	0	0.00	0.53	76.50	12.45	0.00
0	4	0.01	0.69	71.92	18.64	0.00
1	1	0.01	0.49	76.73	12.97	0.00
1	5	0.00	0.25	70.55	20.39	0.00
2	2	0.00	0.52	68.19	21.65	0.00
2	6	0.01	0.42	67.30	23.44	0.00
3	3	0.01	0.58	74.83	15.11	0.00
3	7	0.01	1.73	60.23	13.63	0.00
Core	CPU	C1%	C3%	C6%	C8%	C9%
-	-	0.01	0.83	70.34	17.47	0.00
0	0	0.01	1.24	73.54	14.59	0.00
0	4	0.01	0.62	71.73	18.80	0.00
1	1	0.01	0.64	71.90	17.53	0.00
1	5	0.00	0.36	70.80	19.60	0.00
2	2	0.01	0.52	67.78	22.08	0.00
2	6	0.00	0.48	69.39	21.26	0.00
3	3	0.01	0.44	75.66	14.42	0.00
3	7	0.01	2.32	61.90	11.51	0.00
Core	CPU	C1%	C3%	C6%	C8%	C9%
-	-	0.01	0.68	70.43	17.57	0.00
0	0	0.00	0.63	78.53	10.16	0.00
0	4	0.00	0.73	73.32	17.17	0.00
1	1	0.01	0.49	69.61	20.12	0.00
1	5	0.00	0.28	69.28	21.48	0.00
2	2	0.00	0.58	65.55	24.26	0.00
2	6	0.00	0.53	65.78	24.86	0.00
3	3	0.00	0.56	78.11	11.82	0.00
3	7	0.02	1.65	63.26	10.68	0.00
Core	CPU	C1%	C3%	C6%	C8%	C9%
-	-	0.00	0.68	70.68	17.36	0.00
0	0	0.00	0.60	77.04	11.78	0.00
0	4	0.00	0.63	71.28	19.32	0.00
1	1	0.01	0.57	72.18	17.48	0.00
1	5	0.01	0.33	69.76	21.08	0.00
2	2	0.01	0.45	66.00	23.98	0.00
2	6	0.00	0.38	67.59	23.17	0.00
3	3	0.00	0.50	77.71	12.24	0.00
3	7	0.01	1.99	63.90	9.78	0.00
Core	CPU	C1%	C3%	C6%	C8%	C9%
-	-	0.01	1.15	68.97	17.68	0.00
0	0	0.00	0.62	73.84	13.43	0.00
0	4	0.00	2.18	69.65	18.03	0.00
1	1	0.01	0.51	70.65	17.07	0.00
1	5	0.00	0.24	69.20	20.83	0.00
2	2	0.01	0.43	67.78	21.27	0.00
2	6	0.01	0.42	66.59	23.47	0.00
3	3	0.00	0.52	73.71	15.23	0.00
3	7	0.01	4.30	59.68	11.95	0.00
Core	CPU	C1%	C3%	C6%	C8%	C9%
-	-	0.02	0.65	69.98	17.98	0.00
0	0	0.01	0.57	74.56	14.35	0.00
0	4	0.01	0.69	69.48	21.10	0.00
1	1	0.01	0.42	74.10	15.77	0.00
1	5	0.00	0.31	69.69	21.21	0.00
2	2	0.01	0.35	68.68	21.33	0.00
2	6	0.01	0.51	68.32	22.30	0.00
3	3	0.00	0.49	74.99	15.00	0.00
3	7	0.10	1.89	60.65	12.97	0.00
Core	CPU	C1%	C3%	C6%	C8%	C9%
-	-	0.01	0.71	69.74	18.07	0.00
0	0	0.01	0.54	72.62	16.42	0.00
0	4	0.00	0.63	68.97	21.65	0.00
1	1	0.01	0.51	72.73	16.97	0.00
1	5	0.01	0.40	69.15	21.07	0.00
2	2	0.01	0.47	68.21	21.42	0.00
2	6	0.00	0.58	68.48	22.09	0.00
3	3	0.00	0.56	75.54	14.11	0.00
3	7	0.02	2.02	62.27	10.82	0.00
Core	CPU	C1%	C3%	C6%	C8%	C9%
-	-	0.01	0.66	69.68	18.45	0.00
0	0	0.00	0.57	75.75	13.10	0.00
0	4	0.00	0.68	69.15	21.44	0.00
1	1	0.01	0.51	69.02	20.59	0.00
1	5	0.00	0.27	68.83	22.10	0.00
2	2	0.01	0.47	68.46	21.42	0.00
2	6	0.00	0.59	67.33	23.28	0.00
3	3	0.00	0.51	75.72	14.22	0.00
3	7	0.01	1.70	62.56	11.32	0.00
Core	CPU	C1%	C3%	C6%	C8%	C9%
-	-	0.01	0.67	70.12	17.82	0.00
0	0	0.00	0.62	77.11	11.70	0.00
0	4	0.00	0.75	72.17	18.28	0.00
1	1	0.01	0.46	70.94	18.97	0.00
1	5	0.00	0.30	70.22	20.48	0.00
2	2	0.01	0.55	65.30	24.47	0.00
2	6	0.01	0.47	66.51	24.14	0.00
3	3	0.00	0.54	76.39	13.54	0.00
3	7	0.01	1.67	62.81	11.10	0.00
Core	CPU	C1%	C3%	C6%	C8%	C9%
-	-	0.04	0.96	67.50	18.06	0.00
0	0	0.00	0.49	70.43	16.86	0.00
0	4	0.01	2.52	66.97	20.46	0.00
1	1	0.01	0.55	68.76	19.71	0.00
1	5	0.00	0.32	66.29	23.14	0.00
2	2	0.01	0.37	66.42	21.24	0.00
2	6	0.01	0.50	64.99	24.03	0.00
3	3	0.01	0.48	75.34	11.58	0.00
3	7	0.23	2.47	60.65	7.40	0.00
Core	CPU	C1%	C3%	C6%	C8%	C9%
-	-	0.01	0.65	70.08	17.88	0.00
0	0	0.01	0.52	74.95	14.02	0.00
0	4	0.00	0.71	70.83	19.66	0.00
1	1	0.01	0.60	71.23	18.50	0.00
1	5	0.00	0.36	68.97	21.86	0.00
2	2	0.01	0.41	66.51	23.57	0.00
2	6	0.00	0.43	67.42	23.41	0.00
3	3	0.00	0.56	77.52	12.21	0.00
3	7	0.01	1.64	62.94	9.73	0.00
Core	CPU	C1%	C3%	C6%	C8%	C9%
-	-	0.01	0.81	70.01	17.79	0.00
0	0	0.00	0.55	78.27	10.57	0.00
0	4	0.00	0.64	70.87	19.68	0.00
1	1	0.01	0.51	70.54	19.38	0.00
1	5	0.01	0.29	68.95	21.86	0.00
2	2	0.01	0.45	65.83	23.75	0.00
2	6	0.02	0.93	66.72	22.72	0.00
3	3	0.00	0.55	76.36	13.69	0.00
3	7	0.01	2.54	62.53	10.67	0.00
Core	CPU	C1%	C3%	C6%	C8%	C9%
-	-	0.00	0.67	71.14	16.84	0.00
0	0	0.00	0.54	77.36	11.55	0.00
0	4	0.00	0.61	70.81	19.68	0.00
1	1	0.00	0.53	74.28	15.39	0.00
1	5	0.00	0.31	71.85	19.05	0.00
2	2	0.01	0.48	69.65	20.27	0.00
2	6	0.01	0.48	68.89	21.72	0.00
3	3	0.01	0.56	74.42	15.50	0.00
3	7	0.01	1.85	62.16	11.68	0.00
Core	CPU	C1%	C3%	C6%	C8%	C9%
-	-	0.01	0.67	71.45	16.52	0.00
0	0	0.01	0.62	77.88	11.01	0.00
0	4	0.01	0.71	70.82	19.66	0.00
1	1	0.01	0.48	75.66	14.03	0.00
1	5	0.01	0.24	72.79	18.03	0.00
2	2	0.01	0.40	69.76	20.25	0.00
2	6	0.01	0.38	68.83	21.94	0.00
3	3	0.00	0.48	75.20	14.79	0.00
3	7	0.01	2.09	61.04	12.52	0.00
Core	CPU	C1%	C3%	C6%	C8%	C9%
-	-	0.00	1.19	69.07	17.52	0.00
0	0	0.00	0.61	75.17	12.10	0.00
0	4	0.00	2.57	69.73	17.31	0.00
1	1	0.01	0.54	69.73	18.91	0.00
1	5	0.01	0.27	69.01	21.05	0.00
2	2	0.00	0.46	65.47	23.75	0.00
2	6	0.00	0.48	67.15	22.66	0.00
3	3	0.00	0.58	74.66	13.71	0.00
3	7	0.01	4.02	61.02	10.49	0.00
Core	CPU	C1%	C3%	C6%	C8%	C9%
-	-	0.01	0.72	71.08	16.78	0.00
0	0	0.00	0.58	78.05	10.71	0.00
0	4	0.00	0.64	71.19	19.17	0.00
1	1	0.01	0.53	70.56	19.26	0.00
1	5	0.01	0.36	69.93	20.93	0.00
2	2	0.01	0.40	67.30	22.65	0.00
2	6	0.01	0.46	67.11	23.53	0.00
3	3	0.00	0.62	80.55	9.30	0.00
3	7	0.02	2.18	64.66	8.86	0.00
Core	CPU	C1%	C3%	C6%	C8%	C9%
-	-	0.01	0.79	70.22	17.67	0.00
0	0	0.01	0.57	77.57	11.22	0.00
0	4	0.00	0.61	70.91	19.26	0.00
1	1	0.01	1.21	69.99	19.09	0.00
1	5	0.01	0.28	69.35	21.63	0.00
2	2	0.01	0.49	67.20	22.74	0.00
2	6	0.01	0.45	66.65	24.07	0.00
3	3	0.00	0.56	77.30	12.62	0.00
3	7	0.01	2.16	62.84	10.75	0.00
Core	CPU	C1%	C3%	C6%	C8%	C9%
-	-	0.01	0.70	70.99	17.14	0.00
0	0	0.00	0.59	80.04	8.70	0.00
0	4	0.01	0.56	71.98	18.72	0.00
1	1	0.01	0.46	71.76	18.17	0.00
1	5	0.01	0.31	70.28	20.64	0.00
2	2	0.01	0.49	68.47	21.40	0.00
2	6	0.01	0.58	67.62	22.98	0.00
3	3	0.00	0.55	75.37	14.52	0.00
3	7	0.01	2.03	61.74	11.84	0.00
Core	CPU	C1%	C3%	C6%	C8%	C9%
-	-	0.01	1.39	69.88	17.30	0.00
0	0	0.00	0.55	77.61	11.10	0.00
0	4	0.01	0.68	71.04	19.38	0.00
1	1	0.01	0.51	69.88	19.96	0.00
1	5	0.01	3.04	66.93	20.72	0.00
2	2	0.01	3.42	66.15	20.43	0.00
2	6	0.00	0.57	68.92	21.64	0.00
3	3	0.00	0.59	76.30	13.49	0.00
3	7	0.02	1.80	62.16	11.70	0.00
