Core	CPU	C1%	C3%	C6%	C8%	C9%
-	-	0.15	0.78	71.78	15.54	0.00
0	0	0.15	0.66	74.36	14.11	0.00
0	4	0.15	0.59	70.19	19.49	0.00
1	1	0.16	0.44	72.82	16.88	0.00
1	5	0.15	0.60	70.31	19.42	0.00
2	2	0.14	0.47	70.61	18.86	0.00
2	6	0.12	0.52	70.33	19.89	0.00
3	3	0.14	0.68	80.94	8.45	0.00
3	7	0.23	2.29	65.28	7.40	0.00
Core	CPU	C1%	C3%	C6%	C8%	C9%
-	-	0.01	0.70	71.38	16.65	0.00
0	0	0.00	0.56	75.20	13.59	0.00
0	4	0.00	0.47	71.15	19.45	0.00
1	1	0.01	0.31	71.06	19.01	0.00
1	5	0.00	0.51	69.18	21.56	0.00
2	2	0.01	0.61	70.46	19.27	0.00
2	6	0.00	0.47	70.32	20.39	0.00
3	3	0.01	0.57	78.58	11.29	0.00
3	7	0.01	2.10	64.86	8.63	0.00
Core	CPU	C1%	C3%	C6%	C8%	C9%
-	-	0.03	0.68	71.06	16.57	0.00
0	0	0.00	0.50	72.92	15.60	0.00
0	4	0.00	0.44	70.54	19.78	0.00
1	1	0.01	0.37	71.63	18.05	0.00
1	5	0.01	0.59	69.17	21.12	0.00
2	2	0.01	0.56	70.78	18.54	0.00
2	6	0.00	0.40	69.47	20.72	0.00
3	3	0.17	0.57	78.36	11.03	0.00
3	7	0.01	2.01	65.78	7.76	0.00
Core	CPU	C1%	C3%	C6%	C8%	C9%
-	-	0.01	0.65	71.77	16.35	0.00
0	0	0.01	0.41	75.71	13.32	0.00
0	4	0.00	0.42	71.40	19.38	0.00
1	1	0.01	0.51	74.06	15.77	0.00
1	5	0.00	0.48	69.95	20.77	0.00
2	2	0.00	0.44	70.29	19.65	0.00
2	6	0.01	0.41	69.43	21.32	0.00
3	3	0.00	0.61	77.96	11.89	0.00
3	7	0.01	1.92	65.03	8.58	0.00
Core	CPU	C1%	C3%	C6%	C8%	C9%
-	-	0.02	0.90	69.55	16.60	0.00
0	0	0.00	0.29	72.88	14.76	0.00
0	4	0.00	0.48	71.25	17.73	0.00
1	1	0.00	0.45	71.84	16.90	0.00
1	5	0.00	0.38	70.95	18.03	0.00
2	2	0.01	0.52	66.28	21.71	0.00
2	6	0.00	0.54	66.83	22.34	0.00
3	3	0.11	0.78	74.32	12.27	0.00
3	7	0.01	3.76	62.39	9.17	0.00
Core	CPU	C1%	C3%	C6%	C8%	C9%
-	-	0.00	0.64	70.55	17.55	0.00
0	0	0.00	0.35	73.79	15.25	0.00
0	4	0.00	0.55	73.33	17.21	0.00
1	1	0.01	0.35	71.35	18.63	0.00
1	5	0.00	0.34	67.33	23.54	0.00
2	2	0.01	0.70	70.46	19.29	0.00
2	6	0.00	0.58	68.62	22.11	0.00
3	3	0.00	0.43	77.08	12.80	0.00
3	7	0.00	1.82	62.20	11.53	0.00
Core	CPU	C1%	C3%	C6%	C8%	C9%
-	-	0.01	0.70	71.30	16.40	0.00
0	0	0.01	0.57	73.25	14.93	0.00
0	4	0.00	0.49	72.63	17.89	0.00
1	1	0.01	0.42	73.52	16.25	0.00
1	5	0.00	0.34	71.83	18.95	0.00
2	2	0.04	0.56	69.51	19.51	0.00
2	6	0.01	0.54	68.39	22.31	0.00
3	3	0.00	0.87	77.40	11.45	0.00
3	7	0.01	1.85	63.80	9.87	0.00
Core	CPU	C1%	C3%	C6%	C8%	C9%
-	-	0.01	0.64	72.17	15.88	0.00
0	0	0.01	0.41	76.78	12.06	0.00
0	4	0.00	0.54	72.79	17.80	0.00
1	1	0.01	0.35	72.98	16.99	0.00
1	5	0.00	0.32	70.17	20.68	0.00
2	2	0.01	0.59	70.54	19.28	0.00
2	6	0.01	0.49	69.51	21.26	0.00
3	3	0.00	0.48	79.17	10.79	0.00
3	7	0.01	1.94	65.43	8.17	0.00
Core	CPU	C1%	C3%	C6%	C8%	C9%
-	-	0.01	0.66	71.84	16.21	0.00
0	0	0.00	0.38	74.24	14.87	0.00
0	4	0.00	0.58	73.47	17.14	0.00
1	1	0.02	0.44	73.95	15.93	0.00
1	5	0.00	0.43	67.60	23.20	0.00
2	2	0.00	0.64	71.08	18.69	0.00
2	6	0.01	0.61	71.08	19.47	0.00
3	3	0.00	0.35	78.11	11.98	0.00
3	7	0.01	1.87	65.25	8.43	0.00
Core	CPU	C1%	C3%	C6%	C8%	C9%
-	-	0.01	0.92	69.25	17.02	0.00
0	0	0.01	0.45	72.17	15.28	0.00
0	4	0.00	0.56	71.41	17.63	0.00
1	1	0.01	0.35	69.59	18.74	0.00
1	5	0.00	0.38	70.17	19.44	0.00
2	2	0.01	0.62	67.58	20.59	0.00
2	6	0.00	0.46	67.90	21.67	0.00
3	3	0.07	1.42	73.75	13.10	0.00
3	7	0.01	3.16	61.65	9.78	0.00
Core	CPU	C1%	C3%	C6%	C8%	C9%
-	-	0.00	0.68	71.85	16.26	0.00
0	0	0.00	0.48	72.86	16.19	0.00
0	4	0.00	0.55	73.95	16.59	0.00
1	1	0.01	0.36	72.48	17.54	0.00
1	5	0.00	0.39	69.02	21.85	0.00
2	2	0.01	0.70	69.32	20.46	0.00
2	6	0.00	0.44	69.04	21.77	0.00
3	3	0.00	0.51	81.13	8.59	0.00
3	7	0.01	1.98	66.55	6.94	0.00
Core	CPU	C1%	C3%	C6%	C8%	C9%
-	-	0.05	0.74	71.47	16.33	0.00
0	0	0.00	0.34	73.93	15.11	0.00
0	4	0.08	0.46	72.60	17.32	0.00
1	1	0.01	0.44	72.86	16.84	0.00
1	5	0.00	0.44	70.04	20.76	0.00
2	2	0.01	0.64	70.02	19.85	0.00
2	6	0.00	0.53	70.34	20.42	0.00
3	3	0.00	0.45	78.00	11.98	0.00
3	7	0.30	2.58	64.16	8.43	0.00
Core	CPU	C1%	C3%	C6%	C8%	C9%
-	-	0.01	0.62	71.51	16.60	0.00
0	0	0.00	0.38	76.30	12.77	0.00
0	4	0.00	0.43	73.25	17.48	0.00
1	1	0.01	0.44	73.48	16.29	0.00
1	5	0.01	0.41	69.89	20.83	0.00
2	2	0.01	0.60	69.49	20.36	0.00
2	6	0.00	0.44	68.78	22.02	0.00
3	3	0.00	0.44	76.26	13.72	0.00
3	7	0.01	1.82	64.45	9.27	0.00
Core	CPU	C1%	C3%	C6%	C8%	C9%
-	-	0.00	0.61	70.41	17.65	0.00
0	0	0.01	0.40	75.26	13.78	0.00
0	4	0.00	0.46	71.86	18.83	0.00
1	1	0.00	0.42	73.25	16.59	0.00
1	5	0.00	0.34	69.12	21.71	0.00
2	2	0.01	0.55	68.21	21.60	0.00
2	6	0.00	0.44	68.14	22.70	0.00
3	3	0.01	0.56	75.64	14.25	0.00
3	7	0.01	1.74	61.97	11.78	0.00
Core	CPU	C1%	C3%	C6%	C8%	C9%
-	-	0.00	0.95	69.42	16.43	0.00
0	0	0.00	0.34	75.35	11.61	0.00
0	4	0.00	0.53	70.47	18.42	0.00
1	1	0.00	0.45	71.37	16.01	0.00
1	5	0.00	0.31	68.56	20.37	0.00
2	2	0.01	0.55	67.39	20.64	0.00
2	6	0.00	0.51	66.67	22.12	0.00
3	3	0.00	2.40	74.08	12.32	0.00
3	7	0.01	2.50	61.56	9.97	0.00
Core	CPU	C1%	C3%	C6%	C8%	C9%
-	-	0.01	0.65	71.79	16.26	0.00
0	0	0.01	0.41	78.90	10.10	0.00
0	4	0.00	0.48	74.58	16.14	0.00
1	1	0.01	0.34	74.80	15.04	0.00
1	5	0.01	0.30	68.71	22.17	0.00
2	2	0.01	0.68	68.74	21.01	0.00
2	6	0.00	0.61	68.34	22.28	0.00
3	3	0.01	0.47	76.91	13.04	0.00
3	7	0.00	1.89	63.34	10.34	0.00
Core	CPU	C1%	C3%	C6%	C8%	C9%
-	-	0.01	0.70	71.16	16.76	0.00
0	0	0.00	0.46	75.90	13.02	0.00
0	4	0.00	0.59	72.75	17.86	0.00
1	1	0.02	0.42	71.04	17.77	0.00
1	5	0.00	0.37	69.33	21.55	0.00
2	2	0.01	0.55	70.02	19.89	0.00
2	6	0.00	0.54	68.53	22.24	0.00
3	3	0.01	0.54	76.78	12.88	0.00
3	7	0.00	2.16	64.57	8.81	0.00
Core	CPU	C1%	C3%	C6%	C8%	C9%
-	-	0.01	0.68	70.10	17.04	0.00
0	0	0.00	0.40	76.17	11.44	0.00
0	4	0.02	0.72	70.81	14.39	0.00
1	1	0.01	0.35	71.42	18.50	0.00
1	5	0.00	0.28	69.73	21.00	0.00
2	2	0.01	0.62	67.87	22.08	0.00
2	6	0.00	0.48	67.67	22.78	0.00
3	3	0.00	0.44	75.01	15.15	0.00
3	7	0.01	2.17	62.68	11.14	0.00
Core	CPU	C1%	C3%	C6%	C8%	C9%
-	-	0.01	0.66	72.09	16.05	0.00
0	0	0.00	0.51	73.17	15.91	0.00
0	4	0.01	0.43	70.91	19.85	0.00
1	1	0.01	0.35	76.50	13.38	0.00
1	5	0.01	0.47	69.96	20.75	0.00
2	2	0.01	0.57	70.06	19.78	0.00
2	6	0.01	0.44	70.28	20.45	0.00
3	3	0.00	0.51	80.10	9.81	0.00
3	7	0.01	1.99	65.23	8.38	0.00
Core	CPU	C1%	C3%	C6%	C8%	C9%
-	-	0.00	1.20	70.59	15.86	0.00
0	0	0.01	0.30	77.76	10.58	0.00
0	4	0.00	0.55	72.31	16.84	0.00
1	1	0.01	0.34	74.48	14.35	0.00
1	5	0.00	0.21	68.73	20.67	0.00
2	2	0.01	0.61	67.25	21.60	0.00
2	6	0.01	0.61	67.26	22.10	0.00
3	3	0.00	3.39	75.13	11.33	0.00
3	7	0.00	3.61	61.69	9.43	0.00
Core	CPU	C1%	C3%	C6%	C8%	C9%
-	-	0.01	0.73	72.18	15.75	0.00
0	0	0.01	0.46	70.96	18.15	0.00
0	4	0.00	0.47	69.64	21.07	0.00
1	1	0.01	0.54	76.60	13.02	0.00
1	5	0.00	0.52	70.03	20.70	0.00
2	2	0.00	0.45	71.17	18.69	0.00
2	6	0.01	0.51	71.60	19.08	0.00
3	3	0.01	0.69	81.10	8.48	0.00
3	7	0.02	2.21	66.31	6.81	0.00
Core	CPU	C1%	C3%	C6%	C8%	C9%
-	-	0.17	0.81	70.62	16.60	0.00
0	0	0.00	0.45	73.51	14.85	0.00
0	4	0.00	0.46	74.36	16.24	0.00
1	1	0.70	1.06	69.27	18.54	0.00
1	5	0.44	0.33	68.88	20.53	0.00
2	2	0.01	0.56	69.23	20.19	0.00
2	6	0.00	0.56	68.50	21.73	0.00
3	3	0.19	0.84	77.97	10.90	0.00
3	7	0.02	2.20	63.40	9.87	0.00
Core	CPU	C1%	C3%	C6%	C8%	C9%
-	-	0.00	0.65	71.52	16.48	0.00
0	0	0.00	0.42	74.78	14.39	0.00
0	4	0.00	0.57	71.69	18.87	0.00
1	1	0.00	0.38	73.42	16.62	0.00
1	5	0.00	0.28	69.93	20.98	0.00
2	2	0.01	0.57	70.99	18.76	0.00
2	6	0.00	0.49	69.10	21.63	0.00
3	3	0.01	0.56	78.76	10.88	0.00
3	7	0.01	1.94	63.81	9.79	0.00
Core	CPU	C1%	C3%	C6%	C8%	C9%
-	-	0.00	0.63	71.36	16.73	0.00
0	0	0.00	0.37	78.27	10.78	0.00
0	4	0.00	0.55	73.46	17.17	0.00
1	1	0.00	0.43	75.03	14.84	0.00
1	5	0.00	0.29	70.71	20.25	0.00
2	2	0.01	0.62	67.48	22.30	0.00
2	6	0.00	0.49	67.76	22.89	0.00
3	3	0.00	0.50	75.67	14.21	0.00
3	7	0.01	1.78	62.37	11.40	0.00
Core	CPU	C1%	C3%	C6%	C8%	C9%
-	-	0.00	1.06	69.47	16.27	0.00
0	0	0.00	0.36	73.45	13.76	0.00
0	4	0.00	0.54	71.21	17.49	0.00
1	1	0.00	0.42	74.31	13.41	0.00
1	5	0.00	0.32	67.74	20.53	0.00
2	2	0.01	0.54	67.08	20.70	0.00
2	6	0.00	0.50	66.52	21.97	0.00
3	3	0.00	2.55	74.41	11.96	0.00
3	7	0.00	3.29	61.27	10.39	0.00
Core	CPU	C1%	C3%	C6%	C8%	C9%
-	-	0.00	0.65	72.10	16.04	0.00
0	0	0.01	0.33	76.25	12.91	0.00
0	4	0.00	0.60	73.13	17.52	0.00
1	1	0.01	0.39	76.04	13.78	0.00
1	5	0.00	0.30	70.14	20.81	0.00
2	2	0.01	0.62	69.53	20.28	0.00
2	6	0.00	0.47	69.08	21.67	0.00
3	3	0.00	0.49	77.47	12.45	0.00
3	7	0.01	2.04	64.67	8.82	0.00
Core	CPU	C1%	C3%	C6%	C8%	C9%
-	-	0.01	0.77	71.36	16.54	0.00
0	0	0.01	0.42	75.08	14.10	0.00
0	4	0.00	0.49	71.52	19.19	0.00
1	1	0.01	0.40	75.42	14.39	0.00
1	5	0.00	0.77	69.99	20.04	0.00
2	2	0.01	0.59	68.05	21.80	0.00
2	6	0.00	0.58	68.93	21.82	0.00
3	3	0.01	0.56	78.15	11.74	0.00
3	7	0.01	2.37	63.91	9.28	0.00
Core	CPU	C1%	C3%	C6%	C8%	C9%
-	-	0.00	0.66	71.27	16.76	0.00
0	0	0.00	0.43	76.25	12.78	0.00
0	4	0.00	0.56	74.96	15.49	0.00
1	1	0.01	0.42	72.19	17.53	0.00
1	5	0.00	0.40	67.72	23.04	0.00
2	2	0.01	0.64	68.84	20.94	0.00
2	6	0.00	0.53	68.46	22.24	0.00
3	3	0.00	0.44	76.69	13.29	0.00
3	7	0.01	1.83	64.95	8.74	0.00
Core	CPU	C1%	C3%	C6%	C8%	C9%
-	-	0.01	0.69	72.48	15.54	0.00
0	0	0.00	0.44	77.72	11.22	0.00
0	4	0.00	0.58	73.48	17.12	0.00
1	1	0.00	0.40	74.21	15.70	0.00
1	5	0.00	0.38	70.68	20.13	0.00
2	2	0.01	0.67	71.59	18.12	0.00
2	6	0.01	0.39	69.49	21.30	0.00
3	3	0.00	0.59	78.06	11.77	0.00
3	7	0.01	2.09	64.51	8.95	0.00
Core	CPU	C1%	C3%	C6%	C8%	C9%
-	-	0.01	1.03	69.29	16.91	0.10
0	0	0.01	0.41	75.20	12.26	0.00
0	4	0.00	0.59	71.03	17.82	0.00
1	1	0.00	0.33	71.80	16.60	0.00
1	5	0.00	0.25	67.72	22.05	0.00
2	2	0.01	0.57	67.37	21.18	0.00
2	6	0.01	0.54	67.41	21.48	0.00
3	3	0.01	1.86	72.97	13.69	0.80
3	7	0.00	3.65	61.24	10.30	0.00
Core	CPU	C1%	C3%	C6%	C8%	C9%
-	-	0.01	0.67	71.56	16.50	0.00
0	0	0.01	0.45	75.92	13.16	0.00
0	4	0.00	0.55	72.58	18.09	0.00
1	1	0.00	0.36	73.95	15.98	0.00
1	5	0.01	0.27	69.90	20.84	0.00
2	2	0.01	0.61	69.39	20.35	0.00
2	6	0.00	0.52	69.29	21.41	0.00
3	3	0.01	0.56	77.62	12.25	0.00
3	7	0.01	2.02	63.70	9.90	0.00
Core	CPU	C1%	C3%	C6%	C8%	C9%
-	-	0.00	0.82	71.56	16.35	0.00
0	0	0.00	0.49	75.73	13.27	0.00
0	4	0.00	0.52	72.85	17.80	0.00
1	1	0.01	1.14	74.59	14.44	0.00
1	5	0.00	0.45	70.37	20.45	0.00
2	2	0.01	0.62	68.43	21.42	0.00
2	6	0.00	0.48	68.03	22.76	0.00
3	3	0.00	0.58	77.97	11.93	0.00
3	7	0.01	2.28	64.62	8.73	0.00
Core	CPU	C1%	C3%	C6%	C8%	C9%
-	-	0.00	0.67	71.76	16.27	0.00
0	0	0.01	0.39	75.85	13.23	0.00
0	4	0.00	0.52	72.86	17.81	0.00
1	1	0.00	0.41	77.17	12.65	0.00
1	5	0.00	0.32	70.76	20.15	0.00
2	2	0.01	0.69	69.42	20.24	0.00
2	6	0.00	0.54	68.24	22.22	0.00
3	3	0.00	0.57	75.81	14.05	0.00
3	7	0.00	1.90	63.82	9.81	0.00
Core	CPU	C1%	C3%	C6%	C8%	C9%
-	-	0.00	0.67	71.67	16.27	0.00
0	0	0.00	0.52	74.13	14.49	0.00
0	4	0.00	0.61	71.70	18.21	0.00
1	1	0.01	0.39	74.92	14.95	0.00
1	5	0.00	0.42	70.26	20.17	0.00
2	2	0.01	0.74	70.01	19.73	0.00
2	6	0.00	0.48	68.81	21.99	0.00
3	3	0.01	0.45	77.96	12.00	0.00
3	7	0.01	1.76	65.29	8.53	0.00
Core	CPU	C1%	C3%	C6%	C8%	C9%
-	-	0.01	1.15	69.30	16.64	0.00
0	0	0.00	0.36	74.39	12.86	0.00
0	4	0.00	0.54	72.17	15.65	0.00
1	1	0.01	0.50	70.09	17.75	0.00
1	5	0.01	0.38	67.47	22.25	0.00
2	2	0.01	0.58	67.02	21.10	0.00
2	6	0.01	0.54	67.21	21.97	0.00
3	3	0.00	2.57	74.02	12.51	0.00
3	7	0.01	3.75	62.54	9.13	0.00
Core	CPU	C1%	C3%	C6%	C8%	C9%
-	-	0.01	0.68	71.21	16.86	0.00
0	0	0.00	0.46	75.78	13.25	0.00
0	4	0.00	0.60	73.52	16.93	0.00
1	1	0.00	0.36	73.46	16.55	0.00
1	5	0.00	0.35	70.92	19.95	0.00
2	2	0.01	0.63	68.89	20.87	0.00
2	6	0.00	0.49	67.73	23.02	0.00
3	3	0.01	0.59	76.29	13.56	0.00
3	7	0.01	1.95	62.89	10.71	0.00
Core	CPU	C1%	C3%	C6%	C8%	C9%
-	-	0.00	0.77	71.35	16.40	0.02
0	0	0.00	0.62	74.58	13.61	0.20
0	4	0.00	0.53	72.84	17.51	0.00
1	1	0.01	0.38	75.54	14.37	0.00
1	5	0.00	0.35	68.24	22.17	0.00
2	2	0.01	0.60	70.35	19.33	0.00
2	6	0.00	0.54	69.45	21.29	0.00
3	3	0.00	0.49	76.10	13.86	0.00
3	7	0.01	2.62	63.96	9.07	0.00
Core	CPU	C1%	C3%	C6%	C8%	C9%
-	-	0.00	0.67	71.46	16.61	0.00
0	0	0.01	0.44	76.73	12.23	0.00
0	4	0.00	0.56	72.41	18.22	0.00
1	1	0.00	0.43	72.88	16.81	0.00
1	5	0.00	0.35	72.13	18.70	0.00
2	2	0.01	0.48	68.53	21.30	0.00
2	6	0.00	0.52	68.94	21.76	0.00
3	3	0.00	0.64	77.37	12.45	0.00
3	7	0.01	1.90	62.33	11.32	0.00
Core	CPU	C1%	C3%	C6%	C8%	C9%
-	-	0.00	0.67	71.49	16.55	0.00
0	0	0.00	0.44	78.02	10.97	0.00
0	4	0.00	0.45	73.86	16.89	0.00
1	1	0.00	0.45	73.46	16.40	0.00
1	5	0.00	0.41	68.33	22.53	0.00
2	2	0.01	0.70	69.24	20.34	0.00
2	6	0.00	0.47	68.17	22.59	0.00
3	3	0.00	0.52	76.35	13.57	0.00
3	7	0.00	1.92	64.50	9.09	0.00
Core	CPU	C1%	C3%	C6%	C8%	C9%
-	-	0.01	0.94	68.48	16.61	0.00
0	0	0.01	0.46	73.20	12.95	0.00
0	4	0.01	0.53	66.13	17.36	0.00
1	1	0.01	0.35	69.88	17.91	0.00
1	5	0.00	0.40	66.67	21.58	0.00
2	2	0.01	0.54	65.39	22.54	0.00
2	6	0.01	0.49	66.72	21.87	0.00
3	3	0.00	2.28	75.85	10.76	0.00
3	7	0.01	2.47	64.09	7.97	0.00
Core	CPU	C1%	C3%	C6%	C8%	C9%
-	-	0.00	0.67	70.82	17.26	0.00
0	0	0.00	0.45	76.74	12.33	0.00
0	4	0.00	0.45	74.17	16.51	0.00
1	1	0.00	0.43	69.56	20.38	0.00
1	5	0.00	0.47	66.99	23.79	0.00
2	2	0.01	0.58	68.60	21.11	0.00
2	6	0.00	0.50	68.25	22.46	0.00
3	3	0.00	0.51	78.09	11.78	0.00
3	7	0.00	1.94	64.01	9.70	0.00
Core	CPU	C1%	C3%	C6%	C8%	C9%
-	-	0.01	0.70	71.52	16.06	0.00
0	0	0.01	0.51	73.83	14.97	0.00
0	4	0.01	0.43	74.77	15.80	0.00
1	1	0.01	0.30	72.09	17.76	0.00
1	5	0.00	0.44	70.79	19.99	0.00
2	2	0.01	0.66	68.51	19.71	0.00
2	6	0.01	0.44	68.01	21.00	0.00
3	3	0.00	0.46	78.54	11.51	0.00
3	7	0.01	2.37	65.69	7.73	0.00
Core	CPU	C1%	C3%	C6%	C8%	C9%
-	-	0.00	0.68	71.65	16.46	0.00
0	0	0.01	0.40	77.20	11.80	0.00
0	4	0.00	0.55	72.66	17.98	0.00
1	1	0.01	0.38	73.75	16.21	0.00
1	5	0.00	0.30	70.13	20.77	0.00
2	2	0.01	0.67	66.53	23.16	0.00
2	6	0.00	0.51	68.11	22.60	0.00
3	3	0.00	0.54	79.46	10.50	0.00
3	7	0.01	2.05	65.05	8.55	0.00
Core	CPU	C1%	C3%	C6%	C8%	C9%
-	-	0.04	0.66	70.78	17.20	0.00
0	0	0.00	0.40	76.27	12.60	0.00
0	4	0.00	0.44	72.03	18.73	0.00
1	1	0.01	0.37	71.60	18.42	0.00
1	5	0.00	0.36	68.16	22.68	0.00
2	2	0.01	0.61	68.60	21.19	0.00
2	6	0.01	0.60	69.22	21.42	0.00
3	3	0.00	0.56	77.16	12.75	0.00
3	7	0.28	1.91	63.49	9.88	0.00
Core	CPU	C1%	C3%	C6%	C8%	C9%
-	-	0.00	1.32	69.11	17.70	0.00
0	0	0.00	0.46	73.09	15.05	0.00
0	4	0.00	0.53	71.65	18.80	0.00
1	1	0.01	0.39	68.92	20.48	0.00
1	5	0.00	0.37	67.65	22.80	0.00
2	2	0.01	0.64	67.44	21.21	0.00
2	6	0.01	0.52	67.87	21.75	0.00
3	3	0.00	3.23	74.14	12.48	0.00
3	7	0.01	4.45	62.37	9.08	0.00
Core	CPU	C1%	C3%	C6%	C8%	C9%
-	-	0.01	0.66	71.61	16.51	0.00
0	0	0.00	0.42	77.44	11.53	0.00
0	4	0.00	0.56	73.24	17.29	0.00
1	1	0.01	0.46	74.37	15.49	0.00
1	5	0.00	0.41	69.34	21.52	0.00
2	2	0.01	0.60	68.86	20.92	0.00
2	6	0.00	0.46	67.91	22.87	0.00
3	3	0.00	0.55	76.87	13.06	0.00
3	7	0.01	1.80	64.44	9.32	0.00
Core	CPU	C1%	C3%	C6%	C8%	C9%
-	-	0.01	0.80	71.06	16.86	0.00
0	0	0.01	0.41	73.56	15.56	0.00
0	4	0.00	0.61	72.69	17.86	0.00
1	1	0.01	0.48	75.19	14.50	0.00
1	5	0.00	1.00	68.15	21.89	0.00
2	2	0.01	0.52	69.24	20.64	0.00
2	6	0.00	0.63	69.70	20.96	0.00
3	3	0.00	0.58	76.32	13.60	0.00
3	7	0.01	2.16	63.73	9.87	0.00
Core	CPU	C1%	C3%	C6%	C8%	C9%
-	-	0.01	0.70	72.22	15.78	0.00
0	0	0.01	0.42	76.50	12.46	0.00
0	4	0.00	0.51	71.38	19.32	0.00
1	1	0.01	0.39	73.07	16.90	0.00
1	5	0.00	0.44	69.91	20.84	0.00
2	2	0.01	0.66	71.19	18.46	0.00
2	6	0.00	0.53	71.05	19.61	0.00
3	3	0.00	0.57	79.83	10.06	0.00
3	7	0.01	2.11	64.91	8.65	0.00
Core	CPU	C1%	C3%	C6%	C8%	C9%
-	-	0.00	0.68	71.37	16.63	0.00
0	0	0.00	0.46	71.50	17.46	0.00
0	4	0.00	0.57	72.18	18.39	0.00
1	1	0.01	0.29	71.89	18.24	0.00
1	5	0.00	0.44	68.63	22.19	0.00
2	2	0.01	0.81	73.30	16.00	0.00
2	6	0.00	0.41	68.84	21.90	0.00
3	3	0.01	0.40	78.27	11.68	0.00
3	7	0.01	2.03	66.38	7.24	0.00
Core	CPU	C1%	C3%	C6%	C8%	C9%
-	-	0.01	0.91	70.33	15.41	0.00
0	0	0.00	0.41	71.61	15.27	0.00
0	4	0.00	0.54	72.09	15.81	0.00
1	1	0.01	0.41	72.27	15.40	0.00
1	5	0.00	0.32	68.75	19.95	0.00
2	2	0.01	0.53	69.19	18.40	0.00
2	6	0.01	0.42	67.35	21.46	0.00
3	3	0.03	1.58	76.70	9.94	0.00
3	7	0.01	3.09	64.21	6.91	0.00
Core	CPU	C1%	C3%	C6%	C8%	C9%
-	-	0.02	0.65	71.73	15.93	0.00
0	0	0.01	0.44	74.79	13.78	0.00
0	4	0.00	0.55	73.72	16.80	0.00
1	1	0.13	0.40	73.40	16.05	0.00
1	5	0.00	0.37	70.59	19.77	0.00
2	2	0.01	0.60	69.31	19.81	0.00
2	6	0.00	0.48	69.67	20.93	0.00
3	3	0.01	0.54	78.26	11.19	0.00
3	7	0.00	1.83	64.57	9.20	0.00
Core	CPU	C1%	C3%	C6%	C8%	C9%
-	-	0.01	0.86	70.53	17.32	0.00
0	0	0.01	0.47	70.95	18.10	0.00
0	4	0.00	0.49	73.68	16.77	0.00
1	1	0.00	0.36	70.16	19.81	0.00
1	5	0.00	1.36	67.34	22.48	0.00
2	2	0.01	0.65	69.29	20.50	0.00
2	6	0.00	0.47	69.39	21.40	0.00
3	3	0.01	0.48	78.82	11.23	0.00
3	7	0.01	2.58	64.88	8.34	0.00
Core	CPU	C1%	C3%	C6%	C8%	C9%
-	-	0.01	0.67	71.79	16.32	0.00
0	0	0.01	0.50	73.57	15.45	0.00
0	4	0.00	0.65	73.20	17.08	0.00
1	1	0.01	0.37	72.53	17.34	0.00
1	5	0.00	0.36	68.80	22.08	0.00
2	2	0.01	0.63	71.11	18.50	0.00
2	6	0.01	0.44	69.29	21.47	0.00
3	3	0.00	0.52	79.63	10.36	0.00
3	7	0.01	1.91	65.61	8.11	0.00
Core	CPU	C1%	C3%	C6%	C8%	C9%
-	-	0.00	0.65	71.41	16.58	0.00
0	0	0.01	0.45	76.78	12.33	0.00
0	4	0.00	0.52	76.22	14.07	0.00
1	1	0.00	0.43	71.27	18.46	0.00
1	5	0.00	0.40	68.44	22.42	0.00
2	2	0.01	0.61	68.28	21.47	0.00
2	6	0.00	0.46	68.55	22.20	0.00
3	3	0.00	0.45	77.28	12.76	0.00
3	7	0.01	1.93	64.76	8.98	0.00
Core	CPU	C1%	C3%	C6%	C8%	C9%
-	-	0.00	1.15	69.17	16.55	0.00
0	0	0.01	0.48	71.90	15.12	0.00
0	4	0.00	0.58	69.85	18.61	0.00
1	1	0.00	0.42	71.15	16.78	0.00
1	5	0.00	0.45	66.49	21.74	0.00
2	2	0.00	0.51	67.61	19.72	0.00
2	6	0.00	0.41	67.64	21.41	0.00
3	3	0.00	2.72	75.78	10.63	0.00
3	7	0.01	3.62	63.15	8.41	0.00
Core	CPU	C1%	C3%	C6%	C8%	C9%
-	-	0.01	0.68	71.49	16.59	0.00
0	0	0.00	0.43	76.40	12.64	0.00
0	4	0.00	0.59	73.71	16.79	0.00
1	1	0.00	0.48	71.37	18.44	0.00
1	5	0.01	0.47	69.95	20.79	0.00
2	2	0.01	0.66	70.44	19.29	0.00
2	6	0.00	0.57	69.84	20.87	0.00
3	3	0.00	0.50	76.12	13.87	0.00
3	7	0.01	1.73	63.84	9.99	0.00
Core	CPU	C1%	C3%	C6%	C8%	C9%
-	-	0.01	0.77	71.32	16.51	0.00
0	0	0.00	0.47	75.21	13.62	0.00
0	4	0.01	0.52	72.79	17.43	0.00
1	1	0.00	0.51	71.58	18.29	0.00
1	5	0.00	0.45	70.27	20.54	0.00
2	2	0.01	0.52	68.76	21.17	0.00
2	6	0.00	0.81	67.96	21.84	0.00
3	3	0.01	0.47	78.97	10.95	0.00
3	7	0.01	2.39	65.01	8.23	0.00
Core	CPU	C1%	C3%	C6%	C8%	C9%
-	-	0.00	0.65	71.18	16.92	0.00
0	0	0.00	0.42	75.23	13.93	0.00
0	4	0.00	0.42	73.93	16.75	0.00
1	1	0.01	0.46	73.25	16.57	0.00
1	5	0.00	0.39	68.16	22.67	0.00
2	2	0.01	0.62	69.12	20.68	0.00
2	6	0.00	0.57	68.52	22.11	0.00
3	3	0.00	0.47	77.15	12.88	0.00
3	7	0.01	1.83	63.98	9.75	0.00
Core	CPU	C1%	C3%	C6%	C8%	C9%
-	-	0.00	0.66	71.37	16.68	0.00
0	0	0.00	0.38	76.19	12.99	0.00
0	4	0.00	0.55	73.79	16.69	0.00
1	1	0.00	0.39	73.16	16.61	0.00
1	5	0.00	0.35	69.06	21.77	0.00
2	2	0.01	0.64	69.01	20.69	0.00
2	6	0.00	0.61	68.93	21.70	0.00
3	3	0.00	0.44	77.39	12.63	0.00
3	7	0.01	1.90	63.33	10.35	0.00
Core	CPU	C1%	C3%	C6%	C8%	C9%
-	-	0.01	0.92	69.46	16.43	0.31
0	0	0.00	0.37	72.59	14.58	0.00
0	4	0.00	0.42	70.14	18.52	0.00
1	1	0.00	0.37	70.83	17.56	0.00
1	5	0.01	0.36	68.82	19.21	0.00
2	2	0.01	0.60	67.98	20.21	0.00
2	6	0.00	0.53	67.43	21.14	0.00
3	3	0.02	1.42	75.02	11.32	2.47
3	7	0.01	3.31	62.62	8.82	0.00
Core	CPU	C1%	C3%	C6%	C8%	C9%
-	-	0.00	0.68	71.86	16.14	0.00
0	0	0.00	0.45	72.82	16.24	0.00
0	4	0.00	0.58	72.99	17.56	0.00
1	1	0.01	0.44	76.17	13.52	0.00
1	5	0.00	0.41	69.09	21.77	0.00
2	2	0.01	0.72	70.72	18.97	0.00
2	6	0.00	0.45	70.86	19.91	0.00
3	3	0.00	0.46	77.31	12.64	0.00
3	7	0.01	1.92	64.99	8.52	0.00
Core	CPU	C1%	C3%	C6%	C8%	C9%
-	-	0.01	0.83	71.15	16.75	0.00
0	0	0.00	0.43	73.52	15.67	0.00
0	4	0.00	0.56	73.03	17.58	0.00
1	1	0.01	0.42	73.80	16.07	0.00
1	5	0.00	1.19	68.90	21.03	0.00
2	2	0.01	0.63	69.80	19.98	0.00
2	6	0.00	0.46	68.89	21.92	0.00
3	3	0.00	0.46	77.14	12.87	0.00
3	7	0.02	2.45	64.32	8.92	0.00
Core	CPU	C1%	C3%	C6%	C8%	C9%
-	-	0.01	0.67	71.17	16.29	0.00
0	0	0.00	0.48	72.65	15.68	0.00
0	4	0.01	0.57	68.73	16.67	0.00
1	1	0.01	0.25	73.25	16.84	0.00
1	5	0.01	0.39	69.79	20.90	0.00
2	2	0.01	0.69	70.05	19.76	0.00
2	6	0.01	0.43	69.32	21.45	0.00
3	3	0.00	0.51	79.33	10.74	0.00
3	7	0.01	2.07	65.90	8.24	0.00
Core	CPU	C1%	C3%	C6%	C8%	C9%
-	-	0.00	0.66	71.79	16.20	0.00
0	0	0.01	0.33	75.50	13.75	0.00
0	4	0.00	0.55	76.53	13.88	0.00
1	1	0.01	0.41	71.45	18.35	0.00
1	5	0.00	0.32	69.79	21.07	0.00
2	2	0.00	0.59	68.98	20.75	0.00
2	6	0.01	0.63	68.87	21.77	0.00
3	3	0.00	0.51	78.79	11.14	0.00
3	7	0.01	1.91	64.70	8.93	0.00
Core	CPU	C1%	C3%	C6%	C8%	C9%
-	-	0.00	1.08	69.17	16.78	0.00
0	0	0.00	0.37	73.55	13.63	0.00
0	4	0.00	0.53	72.64	16.17	0.00
1	1	0.00	0.40	69.37	18.73	0.00
1	5	0.00	0.36	67.42	21.54	0.00
2	2	0.01	0.65	64.96	22.79	0.00
2	6	0.01	0.41	65.86	22.87	0.00
3	3	0.00	2.48	76.08	10.37	0.00
3	7	0.00	3.40	63.48	8.15	0.00
Core	CPU	C1%	C3%	C6%	C8%	C9%
-	-	0.01	0.65	71.78	16.29	0.00
0	0	0.00	0.36	78.14	11.00	0.00
0	4	0.00	0.49	72.96	17.78	0.00
1	1	0.00	0.44	75.52	14.30	0.00
1	5	0.00	0.35	69.56	21.18	0.00
2	2	0.01	0.66	67.54	22.09	0.00
2	6	0.01	0.59	68.71	21.94	0.00
3	3	0.00	0.52	77.28	12.68	0.00
3	7	0.01	1.83	64.48	9.36	0.00
Core	CPU	C1%	C3%	C6%	C8%	C9%
-	-	0.00	0.80	70.69	17.08	0.00
0	0	0.01	0.47	76.49	12.41	0.00
0	4	0.00	0.45	71.17	19.19	0.00
1	1	0.01	1.18	71.48	17.40	0.00
1	5	0.00	0.40	67.40	23.43	0.00
2	2	0.01	0.55	68.49	21.40	0.00
2	6	0.00	0.51	68.70	21.87	0.00
3	3	0.00	0.46	78.36	11.70	0.00
3	7	0.01	2.39	63.77	9.31	0.00
Core	CPU	C1%	C3%	C6%	C8%	C9%
-	-	0.02	0.66	71.39	16.69	0.00
0	0	0.00	0.38	74.22	14.92	0.00
0	4	0.00	0.53	72.46	18.20	0.00
1	1	0.00	0.50	71.56	18.29	0.00
1	5	0.00	0.49	68.66	22.10	0.00
2	2	0.01	0.65	70.40	19.12	0.00
2	6	0.12	0.52	70.54	20.03	0.00
3	3	0.00	0.48	77.67	12.32	0.00
3	7	0.01	1.76	65.32	8.52	0.00
Core	CPU	C1%	C3%	C6%	C8%	C9%
-	-	0.00	0.68	71.90	16.19	0.00
0	0	0.01	0.40	76.04	13.13	0.00
0	4	0.00	0.53	73.25	17.47	0.00
1	1	0.00	0.39	72.92	17.14	0.00
1	5	0.00	0.32	70.68	20.28	0.00
2	2	0.02	0.67	71.32	18.16	0.00
2	6	0.00	0.54	67.84	22.78	0.00
3	3	0.00	0.58	78.80	11.08	0.00
3	7	0.01	2.04	64.10	9.45	0.00
Core	CPU	C1%	C3%	C6%	C8%	C9%
-	-	0.01	1.15	69.49	16.74	0.00
0	0	0.00	0.44	73.59	14.23	0.00
0	4	0.00	0.44	68.66	20.38	0.00
1	1	0.00	0.48	70.72	17.66	0.00
1	5	0.01	0.49	67.81	21.15	0.00
2	2	0.01	0.55	68.02	20.57	0.00
2	6	0.01	0.50	67.94	21.02	0.00
3	3	0.00	2.77	75.96	10.39	0.00
3	7	0.00	3.52	63.10	8.46	0.00
Core	CPU	C1%	C3%	C6%	C8%	C9%
-	-	0.03	0.63	71.38	16.63	0.00
0	0	0.01	0.33	76.94	12.15	0.00
0	4	0.00	0.50	74.84	15.65	0.00
1	1	0.01	0.50	71.65	18.00	0.00
1	5	0.00	0.35	70.56	20.33	0.00
2	2	0.01	0.55	68.32	21.50	0.00
2	6	0.00	0.46	68.31	22.51	0.00
3	3	0.00	0.52	76.57	13.39	0.00
3	7	0.20	1.88	63.91	9.52	0.00
Core	CPU	C1%	C3%	C6%	C8%	C9%
-	-	0.00	0.80	71.61	16.24	0.00
0	0	0.00	0.53	77.39	11.51	0.00
0	4	0.00	0.48	73.09	17.68	0.00
1	1	0.00	0.35	74.95	15.00	0.00
1	5	0.00	0.38	70.08	20.77	0.00
2	2	0.00	0.71	69.70	19.80	0.00
2	6	0.00	0.43	69.52	21.32	0.00
3	3	0.00	1.26	74.99	13.86	0.00
3	7	0.01	2.29	63.38	10.03	0.00
Core	CPU	C1%	C3%	C6%	C8%	C9%
-	-	0.01	0.67	71.45	16.64	0.00
0	0	0.00	0.41	77.91	10.96	0.00
0	4	0.00	0.42	72.00	18.80	0.00
1	1	0.00	0.43	71.79	18.22	0.00
1	5	0.01	0.44	70.74	20.07	0.00
2	2	0.02	0.61	68.03	21.70	0.00
2	6	0.00	0.47	67.91	22.88	0.00
3	3	0.00	0.61	78.19	11.72	0.00
3	7	0.01	1.98	64.87	8.75	0.00
Core	CPU	C1%	C3%	C6%	C8%	C9%
-	-	0.01	0.64	71.25	16.85	0.00
0	0	0.01	0.48	74.90	14.16	0.00
0	4	0.00	0.52	72.31	18.40	0.00
1	1	0.00	0.33	71.60	18.42	0.00
1	5	0.00	0.32	68.99	21.82	0.00
2	2	0.01	0.64	70.68	18.92	0.00
2	6	0.00	0.49	67.19	23.58	0.00
3	3	0.01	0.53	79.42	10.53	0.00
3	7	0.01	1.85	64.84	8.94	0.00
Core	CPU	C1%	C3%	C6%	C8%	C9%
-	-	0.01	1.05	69.82	15.71	0.00
0	0	0.01	0.28	73.22	13.54	0.00
0	4	0.00	0.59	70.75	17.21	0.00
1	1	0.00	0.46	73.86	13.70	0.00
1	5	0.00	0.26	66.56	21.79	0.00
2	2	0.01	0.60	68.88	18.59	0.00
2	6	0.01	0.58	68.10	20.69	0.00
3	3	0.01	2.49	75.30	11.12	0.00
3	7	0.01	3.15	62.51	9.16	0.00
Core	CPU	C1%	C3%	C6%	C8%	C9%
-	-	0.01	0.69	71.57	16.48	0.00
0	0	0.00	0.42	73.55	15.56	0.00
0	4	0.00	0.68	74.87	15.43	0.00
1	1	0.01	0.45	70.90	18.82	0.00
1	5	0.00	0.42	70.19	20.59	0.00
2	2	0.01	0.65	69.43	20.34	0.00
2	6	0.00	0.44	68.58	22.18	0.00
3	3	0.01	0.55	78.42	11.53	0.00
3	7	0.01	1.88	66.35	7.36	0.00
Core	CPU	C1%	C3%	C6%	C8%	C9%
-	-	0.01	0.83	71.73	16.06	0.00
0	0	0.01	0.50	71.84	16.89	0.00
0	4	0.00	0.46	75.04	15.60	0.00
1	1	0.01	0.44	70.87	18.75	0.00
1	5	0.00	0.42	69.35	21.01	0.00
2	2	0.00	0.57	70.49	19.39	0.00
2	6	0.01	0.45	70.28	20.55	0.00
3	3	0.00	1.21	80.69	8.51	0.00
3	7	0.00	2.57	65.12	7.79	0.00
Core	CPU	C1%	C3%	C6%	C8%	C9%
-	-	0.01	0.66	71.62	16.34	0.00
0	0	0.00	0.43	75.54	13.55	0.00
0	4	0.01	0.65	75.90	14.30	0.00
1	1	0.01	0.49	71.99	17.60	0.00
1	5	0.00	0.33	70.24	20.67	0.00
2	2	0.00	0.66	70.44	19.31	0.00
2	6	0.00	0.45	69.51	21.29	0.00
3	3	0.00	0.46	76.09	13.92	0.00
3	7	0.01	1.84	63.59	10.15	0.00
Core	CPU	C1%	C3%	C6%	C8%	C9%
-	-	0.01	0.64	71.22	16.89	0.00
0	0	0.01	0.36	73.77	15.33	0.00
0	4	0.00	0.51	73.33	17.21	0.00
1	1	0.01	0.39	72.00	17.95	0.00
1	5	0.01	0.40	69.75	21.02	0.00
2	2	0.01	0.72	70.63	19.08	0.00
2	6	0.00	0.46	68.96	21.86	0.00
3	3	0.01	0.52	77.05	12.90	0.00
3	7	0.01	1.75	64.17	9.70	0.00
Core	CPU	C1%	C3%	C6%	C8%	C9%
-	-	0.01	1.23	69.63	16.86	0.13
0	0	0.00	0.40	73.82	13.92	0.00
0	4	0.00	0.51	69.82	19.67	0.00
1	1	0.01	0.43	72.76	15.96	0.00
1	5	0.01	0.40	67.88	21.42	0.00
2	2	0.01	0.61	68.04	20.34	0.00
2	6	0.00	0.39	67.03	22.52	0.00
3	3	0.01	2.87	74.27	12.41	1.04
3	7	0.01	4.22	62.98	8.51	0.00
Core	CPU	C1%	C3%	C6%	C8%	C9%
-	-	0.00	0.61	71.34	16.77	0.00
0	0	0.00	0.38	75.93	13.18	0.00
0	4	0.00	0.44	74.26	16.47	0.00
1	1	0.00	0.39	74.36	15.53	0.00
1	5	0.00	0.37	68.89	21.98	0.00
2	2	0.01	0.69	69.42	20.36	0.00
2	6	0.01	0.51	69.23	21.48	0.00
3	3	0.00	0.40	74.95	15.12	0.00
3	7	0.01	1.69	63.79	10.07	0.00
Core	CPU	C1%	C3%	C6%	C8%	C9%
-	-	0.01	0.84	71.12	16.80	0.00
0	0	0.00	0.47	70.58	18.48	0.00
0	4	0.00	0.68	72.98	17.42	0.00
1	1	0.01	0.42	71.35	18.59	0.00
1	5	0.00	0.45	71.09	19.56	0.00
2	2	0.00	0.62	69.85	19.98	0.00
2	6	0.00	0.48	70.14	20.70	0.00
3	3	0.01	1.33	78.29	10.81	0.00
3	7	0.01	2.23	64.64	8.83	0.00
Core	CPU	C1%	C3%	C6%	C8%	C9%
-	-	0.01	0.66	71.20	16.82	0.00
0	0	0.00	0.49	76.19	12.73	0.00
0	4	0.00	0.63	73.83	16.73	0.00
1	1	0.01	0.36	72.91	16.97	0.00
1	5	0.00	0.34	69.12	21.73	0.00
2	2	0.01	0.61	68.88	20.93	0.00
2	6	0.00	0.46	68.56	22.23	0.00
3	3	0.01	0.51	76.84	13.16	0.00
3	7	0.00	1.90	63.55	10.10	0.00
Core	CPU	C1%	C3%	C6%	C8%	C9%
-	-	0.01	0.63	71.13	16.94	0.00
0	0	0.01	0.36	74.19	14.87	0.00
0	4	0.00	0.46	72.16	18.54	0.00
1	1	0.00	0.46	72.30	17.48	0.00
1	5	0.01	0.39	70.92	19.90	0.00
2	2	0.02	0.52	70.82	18.99	0.00
2	6	0.00	0.49	68.67	22.13	0.00
3	3	0.00	0.50	75.87	14.11	0.00
3	7	0.01	1.86	64.19	9.49	0.00
Core	CPU	C1%	C3%	C6%	C8%	C9%
-	-	0.01	1.21	68.58	17.11	0.00
0	0	0.01	0.46	75.05	11.64	0.00
0	4	0.01	0.52	68.83	14.87	0.00
1	1	0.00	0.42	69.99	18.43	0.00
1	5	0.01	0.37	67.36	23.25	0.00
2	2	0.01	0.53	68.30	20.17	0.00
2	6	0.00	0.51	64.51	24.11	0.00
3	3	0.00	3.36	72.38	14.20	0.00
3	7	0.01	3.54	61.91	10.14	0.00
Core	CPU	C1%	C3%	C6%	C8%	C9%
-	-	0.01	0.64	71.38	16.68	0.00
0	0	0.01	0.36	73.71	15.59	0.00
0	4	0.00	0.53	72.72	17.88	0.00
1	1	0.00	0.38	73.64	16.28	0.00
1	5	0.00	0.41	70.80	19.93	0.00
2	2	0.01	0.49	68.47	21.42	0.00
2	6	0.00	0.43	68.36	22.44	0.00
3	3	0.00	0.53	78.89	11.05	0.00
3	7	0.01	1.96	64.73	8.89	0.00
Core	CPU	C1%	C3%	C6%	C8%	C9%
-	-	0.01	0.74	71.25	16.49	0.00
0	0	0.00	0.43	75.13	13.98	0.00
0	4	0.00	0.91	74.11	15.44	0.00
1	1	0.00	0.39	72.31	17.44	0.00
1	5	0.00	0.33	70.92	19.95	0.00
2	2	0.01	0.63	70.49	19.28	0.00
2	6	0.00	0.50	69.50	20.88	0.00
3	3	0.00	0.54	74.71	14.69	0.00
3	7	0.02	2.21	63.18	10.35	0.00
Core	CPU	C1%	C3%	C6%	C8%	C9%
-	-	0.01	0.69	71.70	16.39	0.00
0	0	0.01	0.40	73.85	15.20	0.00
0	4	0.00	0.66	73.14	17.27	0.00
1	1	0.01	0.44	72.27	17.71	0.00
1	5	0.01	0.58	71.02	19.62	0.00
2	2	0.01	0.60	70.05	19.78	0.00
2	6	0.00	0.44	69.12	21.69	0.00
3	3	0.00	0.56	78.74	11.19	0.00
3	7	0.01	1.89	65.17	8.57	0.00
Core	CPU	C1%	C3%	C6%	C8%	C9%
-	-	0.00	0.80	71.25	16.59	0.00
0	0	0.00	0.44	74.54	14.55	0.00
0	4	0.00	0.63	70.88	19.69	0.00
1	1	0.00	1.05	73.41	15.64	0.00
1	5	0.01	0.42	71.18	19.47	0.00
2	2	0.01	0.48	69.64	20.31	0.00
2	6	0.00	0.46	68.33	22.46	0.00
3	3	0.00	1.11	77.24	11.92	0.00
3	7	0.01	1.80	64.98	8.73	0.00
Core	CPU	C1%	C3%	C6%	C8%	C9%
-	-	0.01	0.65	71.67	16.41	0.00
0	0	0.00	0.42	77.54	11.44	0.00
0	4	0.00	0.50	72.73	17.94	0.00
1	1	0.01	0.43	73.37	16.55	0.00
1	5	0.01	0.35	70.16	20.77	0.00
2	2	0.01	0.64	70.20	19.59	0.00
2	6	0.00	0.43	68.63	22.19	0.00
3	3	0.00	0.52	76.70	13.29	0.00
3	7	0.01	1.92	64.12	9.57	0.00
Core	CPU	C1%	C3%	C6%	C8%	C9%
-	-	0.01	0.83	70.72	17.29	0.00
0	0	0.00	0.43	73.60	15.63	0.00
0	4	0.01	1.34	70.90	18.78	0.00
1	1	0.00	0.38	72.63	17.48	0.00
1	5	0.01	0.41	70.26	20.50	0.00
2	2	0.01	0.51	68.80	21.14	0.00
2	6	0.00	0.46	68.48	22.35	0.00
3	3	0.00	0.60	77.26	12.76	0.00
3	7	0.02	2.51	63.54	9.57	0.00
Core	CPU	C1%	C3%	C6%	C8%	C9%
-	-	0.02	0.71	71.61	16.28	0.00
0	0	0.00	0.40	74.78	14.33	0.00
0	4	0.00	0.70	75.43	14.71	0.00
1	1	0.00	0.44	70.09	19.89	0.00
1	5	0.00	0.49	71.51	19.02	0.00
2	2	0.01	0.56	69.66	20.08	0.00
2	6	0.00	0.49	68.96	21.83	0.00
3	3	0.00	0.50	78.00	11.91	0.00
3	7	0.11	2.08	64.71	8.53	0.00
Core	CPU	C1%	C3%	C6%	C8%	C9%
-	-	0.00	0.65	71.43	16.66	0.00
0	0	0.00	0.45	77.01	12.05	0.00
0	4	0.00	0.60	72.27	18.23	0.00
1	1	0.00	0.35	72.62	17.33	0.00
1	5	0.01	0.33	69.71	21.17	0.00
2	2	0.01	0.64	70.84	18.91	0.00
2	6	0.00	0.44	68.24	22.58	0.00
3	3	0.01	0.59	76.81	13.17	0.00
3	7	0.01	1.82	63.86	9.87	0.00
Core	CPU	C1%	C3%	C6%	C8%	C9%
-	-	0.03	1.13	68.65	16.68	0.00
0	0	0.00	0.55	71.46	15.13	0.00
0	4	0.00	0.63	68.20	19.12	0.00
1	1	0.00	0.38	70.41	17.25	0.00
1	5	0.00	0.45	66.69	20.85	0.00
2	2	0.00	0.56	68.65	18.85	0.00
2	6	0.00	0.44	66.99	21.83	0.00
3	3	0.19	2.55	73.86	11.36	0.00
3	7	0.01	3.49	62.40	8.94	0.00
Core	CPU	C1%	C3%	C6%	C8%	C9%
-	-	0.01	0.67	71.88	16.13	0.00
0	0	0.00	0.44	77.21	11.68	0.00
0	4	0.00	0.42	69.77	21.03	0.00
1	1	0.00	0.47	72.61	17.37	0.00
1	5	0.01	0.49	69.90	20.08	0.00
2	2	0.01	0.53	72.03	17.91	0.00
2	6	0.00	0.42	70.39	20.48	0.00
3	3	0.01	0.58	78.18	11.69	0.00
3	7	0.01	2.02	64.91	8.76	0.00
Core	CPU	C1%	C3%	C6%	C8%	C9%
-	-	0.01	0.85	70.64	17.12	0.00
0	0	0.00	0.41	72.84	16.18	0.00
0	4	0.00	0.50	69.86	20.65	0.00
1	1	0.00	0.53	72.29	17.55	0.00
1	5	0.02	1.25	67.48	22.37	0.00
2	2	0.01	0.53	69.94	19.98	0.00
2	6	0.00	0.57	70.42	19.79	0.00
3	3	0.00	0.42	77.93	12.09	0.00
3	7	0.01	2.61	64.68	8.44	0.00
Core	CPU	C1%	C3%	C6%	C8%	C9%
-	-	0.01	0.68	71.07	16.94	0.00
0	0	0.00	0.42	74.33	14.67	0.00
0	4	0.00	0.59	71.01	19.62	0.00
1	1	0.00	0.49	72.96	16.92	0.00
1	5	0.01	0.46	69.02	21.70	0.00
2	2	0.01	0.51	70.41	19.44	0.00
2	6	0.00	0.47	68.95	21.84	0.00
3	3	0.00	0.52	78.11	11.78	0.00
3	7	0.01	1.99	64.05	9.59	0.00
Core	CPU	C1%	C3%	C6%	C8%	C9%
-	-	0.01	0.65	71.36	16.70	0.00
0	0	0.00	0.29	74.26	14.76	0.00
0	4	0.00	0.50	70.22	20.33	0.00
1	1	0.00	0.46	73.95	15.86	0.00
1	5	0.01	0.53	68.74	21.99	0.00
2	2	0.01	0.46	70.95	19.00	0.00
2	6	0.01	0.49	69.89	20.95	0.00
3	3	0.00	0.54	78.43	11.47	0.00
3	7	0.02	1.94	64.44	9.21	0.00
Core	CPU	C1%	C3%	C6%	C8%	C9%
-	-	0.00	0.88	69.02	16.80	0.00
0	0	0.00	0.51	67.44	19.76	0.00
0	4	0.00	0.55	67.18	21.38	0.00
1	1	0.01	0.49	72.76	14.92	0.00
1	5	0.01	0.53	68.48	20.42	0.00
2	2	0.01	0.51	67.93	19.51	0.00
2	6	0.00	0.38	67.90	20.86	0.00
3	3	0.00	1.43	76.89	9.47	0.00
3	7	0.01	2.63	63.33	8.02	0.00
Core	CPU	C1%	C3%	C6%	C8%	C9%
-	-	0.01	0.70	70.99	17.04	0.00
0	0	0.00	0.37	72.91	16.07	0.00
0	4	0.00	0.64	72.85	17.54	0.00
1	1	0.01	0.49	73.11	16.47	0.00
1	5	0.01	0.60	67.79	22.87	0.00
2	2	0.01	0.67	69.65	20.09	0.00
2	6	0.00	0.51	69.32	21.45	0.00
3	3	0.00	0.46	77.74	12.28	0.00
3	7	0.02	1.91	64.26	9.50	0.00
Core	CPU	C1%	C3%	C6%	C8%	C9%
-	-	0.01	0.79	71.08	16.85	0.00
0	0	0.00	0.35	74.41	14.69	0.00
0	4	0.00	0.51	71.61	18.96	0.00
1	1	0.01	0.43	71.88	18.18	0.00
1	5	0.01	0.47	68.88	21.84	0.00
2	2	0.01	0.51	69.87	19.85	0.00
2	6	0.01	1.17	69.09	20.87	0.00
3	3	0.00	0.50	77.93	12.08	0.00
3	7	0.01	2.36	64.98	8.37	0.00
Core	CPU	C1%	C3%	C6%	C8%	C9%
-	-	0.01	0.66	71.44	16.54	0.00
0	0	0.00	0.40	77.22	11.78	0.00
0	4	0.00	0.48	71.79	18.92	0.00
1	1	0.01	0.32	72.68	17.32	0.00
1	5	0.01	0.39	69.81	20.96	0.00
2	2	0.01	0.56	72.04	17.76	0.00
2	6	0.00	0.56	69.07	21.63	0.00
3	3	0.01	0.61	76.58	13.33	0.00
3	7	0.01	2.00	62.83	10.71	0.00
Core	CPU	C1%	C3%	C6%	C8%	C9%
-	-	0.01	0.66	71.13	16.64	0.00
0	0	0.00	0.43	72.90	16.21	0.00
0	4	0.00	0.59	72.76	17.59	0.00
1	1	0.00	0.48	71.72	17.90	0.00
1	5	0.01	0.43	69.53	21.31	0.00
2	2	0.06	0.53	68.97	19.15	0.00
2	6	0.00	0.47	68.34	22.21	0.00
3	3	0.00	0.51	78.85	11.14	0.00
3	7	0.01	1.88	66.08	7.61	0.00
Core	CPU	C1%	C3%	C6%	C8%	C9%
-	-	0.01	0.91	68.97	17.15	0.00
0	0	0.00	0.37	73.09	14.10	0.00
0	4	0.00	0.68	70.83	17.63	0.00
1	1	0.01	0.43	71.18	17.09	0.00
1	5	0.00	0.42	65.61	23.19	0.00
2	2	0.01	0.56	67.39	21.17	0.00
2	6	0.00	0.60	67.11	21.73	0.00
3	3	0.02	1.21	74.27	12.45	0.00
3	7	0.01	3.01	61.66	9.68	0.00
Core	CPU	C1%	C3%	C6%	C8%	C9%
-	-	0.01	0.72	71.50	16.51	0.00
0	0	0.01	0.56	72.87	16.00	0.00
0	4	0.00	0.65	70.98	19.47	0.00
1	1	0.00	0.49	72.78	17.03	0.00
1	5	0.01	0.53	69.30	21.29	0.00
2	2	0.01	0.49	70.69	19.20	0.00
2	6	0.01	0.45	70.13	20.64	0.00
3	3	0.00	0.54	79.52	10.44	0.00
3	7	0.01	2.03	65.70	7.99	0.00
Core	CPU	C1%	C3%	C6%	C8%	C9%
-	-	0.01	0.76	71.14	16.65	0.00
0	0	0.00	0.42	75.52	13.53	0.00
0	4	0.00	0.63	72.03	18.60	0.00
1	1	0.00	0.41	73.44	16.01	0.00
1	5	0.01	0.39	68.96	21.86	0.00
2	2	0.01	0.67	68.89	20.11	0.00
2	6	0.00	0.48	68.29	22.51	0.00
3	3	0.00	0.51	78.06	12.01	0.00
3	7	0.01	2.56	64.47	8.72	0.00
Core	CPU	C1%	C3%	C6%	C8%	C9%
-	-	0.00	0.67	71.36	16.71	0.00
0	0	0.00	0.45	76.39	12.59	0.00
0	4	0.00	0.62	72.80	17.69	0.00
1	1	0.01	0.38	72.40	17.56	0.00
1	5	0.01	0.41	69.70	21.05	0.00
2	2	0.00	0.61	70.14	19.60	0.00
2	6	0.00	0.49	68.73	22.03	0.00
3	3	0.00	0.45	76.83	13.21	0.00
3	7	0.00	1.95	63.69	9.93	0.00
Core	CPU	C1%	C3%	C6%	C8%	C9%
-	-	0.01	0.65	69.20	18.13	0.00
0	0	0.00	0.39	76.29	11.87	0.00
0	4	0.02	0.65	70.40	15.00	0.00
1	1	0.01	0.28	70.32	19.73	0.00
1	5	0.00	0.34	67.91	22.76	0.00
2	2	0.01	0.66	66.95	22.97	0.00
2	6	0.00	0.55	65.62	24.80	0.00
3	3	0.01	0.55	74.65	15.50	0.00
3	7	0.00	1.81	61.77	12.51	0.00
Core	CPU	C1%	C3%	C6%	C8%	C9%
-	-	0.00	0.92	69.09	16.88	0.00
0	0	0.00	0.46	75.45	11.26	0.00
0	4	0.00	0.62	70.15	17.79	0.00
1	1	0.00	0.30	71.98	16.12	0.00
1	5	0.00	0.28	68.29	20.33	0.00
2	2	0.01	0.65	67.37	20.88	0.00
2	6	0.00	0.47	66.39	22.52	0.00
3	3	0.00	1.66	71.96	14.85	0.00
3	7	0.01	2.93	60.54	11.11	0.00
Core	CPU	C1%	C3%	C6%	C8%	C9%
-	-	0.01	0.66	71.27	16.77	0.00
0	0	0.01	0.46	75.98	12.87	0.00
0	4	0.00	0.46	71.35	19.32	0.00
1	1	0.01	0.46	73.29	16.57	0.00
1	5	0.01	0.44	69.14	21.71	0.00
2	2	0.01	0.53	69.46	20.40	0.00
2	6	0.00	0.56	69.97	20.76	0.00
3	3	0.00	0.50	76.19	13.78	0.00
3	7	0.01	1.85	64.98	8.80	0.00
Core	CPU	C1%	C3%	C6%	C8%	C9%
-	-	0.03	0.81	70.09	17.69	0.00
0	0	0.01	0.36	74.54	14.35	0.00
0	4	0.00	0.58	70.86	19.81	0.00
1	1	0.01	0.47	71.82	18.02	0.00
1	5	0.00	0.37	69.12	21.80	0.00
2	2	0.01	0.50	68.95	20.96	0.00
2	6	0.01	0.43	68.39	22.48	0.00
3	3	0.01	1.20	74.37	14.51	0.00
3	7	0.21	2.53	63.17	9.72	0.00
Core	CPU	C1%	C3%	C6%	C8%	C9%
-	-	0.01	0.68	71.93	16.12	0.00
0	0	0.00	0.46	77.64	11.30	0.00
0	4	0.00	0.63	73.45	17.11	0.00
1	1	0.00	0.38	75.03	14.84	0.00
1	5	0.01	0.33	70.09	20.82	0.00
2	2	0.01	0.60	68.84	20.96	0.00
2	6	0.01	0.47	68.35	22.44	0.00
3	3	0.00	0.54	78.13	11.83	0.00
3	7	0.01	2.06	63.84	9.67	0.00
Core	CPU	C1%	C3%	C6%	C8%	C9%
-	-	0.01	0.66	70.40	17.62	0.00
0	0	0.00	0.51	73.83	15.08	0.00
0	4	0.00	0.55	71.27	19.18	0.00
1	1	0.00	0.37	74.84	15.07	0.00
1	5	0.01	0.45	69.33	21.38	0.00
2	2	0.01	0.58	68.49	21.38	0.00
2	6	0.00	0.47	67.56	23.21	0.00
3	3	0.01	0.53	75.36	14.63	0.00
3	7	0.01	1.83	62.57	11.07	0.00
Core	CPU	C1%	C3%	C6%	C8%	C9%
-	-	0.01	0.79	68.36	17.82	0.12
0	0	0.00	0.47	74.40	13.11	0.00
0	4	0.00	0.55	70.42	18.34	0.00
1	1	0.01	0.29	70.36	18.01	0.00
1	5	0.00	0.28	67.09	22.66	0.00
2	2	0.01	0.60	67.70	20.45	0.00
2	6	0.00	0.51	66.08	22.78	0.00
3	3	0.01	1.78	70.71	15.83	0.96
3	7	0.02	1.83	60.10	11.36	0.00
Core	CPU	C1%	C3%	C6%	C8%	C9%
-	-	0.01	0.64	71.44	16.66	0.00
0	0	0.00	0.48	74.77	14.14	0.00
0	4	0.00	0.57	71.56	18.95	0.00
1	1	0.01	0.35	74.17	15.75	0.00
1	5	0.00	0.42	70.07	20.74	0.00
2	2	0.01	0.64	70.00	19.75	0.00
2	6	0.00	0.45	69.63	21.15	0.00
3	3	0.00	0.53	76.50	13.49	0.00
3	7	0.00	1.68	64.68	9.27	0.00
Core	CPU	C1%	C3%	C6%	C8%	C9%
-	-	0.01	0.76	70.45	17.50	0.00
0	0	0.00	0.30	76.46	12.62	0.00
0	4	0.00	0.53	72.92	17.77	0.00
1	1	0.00	0.48	74.53	15.39	0.00
1	5	0.01	0.29	68.94	22.00	0.00
2	2	0.01	0.54	68.46	21.45	0.00
2	6	0.00	0.60	66.83	23.87	0.00
3	3	0.00	1.19	73.50	15.55	0.00
3	7	0.01	2.11	62.06	11.36	0.00
Core	CPU	C1%	C3%	C6%	C8%	C9%
-	-	0.01	0.63	71.81	16.31	0.00
0	0	0.01	0.42	72.68	16.47	0.00
0	4	0.00	0.45	71.76	18.98	0.00
1	1	0.01	0.35	76.20	13.66	0.00
1	5	0.00	0.36	70.06	20.81	0.00
2	2	0.01	0.59	70.89	18.85	0.00
2	6	0.01	0.53	70.24	20.43	0.00
3	3	0.00	0.53	77.54	12.28	0.00
3	7	0.01	1.79	64.81	8.95	0.00
Core	CPU	C1%	C3%	C6%	C8%	C9%
-	-	0.01	0.82	69.55	16.49	0.00
0	0	0.00	0.45	72.91	14.16	0.00
0	4	0.00	0.31	68.88	20.04	0.00
1	1	0.01	0.36	69.65	18.41	0.00
1	5	0.01	0.48	67.11	21.59	0.00
2	2	0.01	0.56	69.46	18.41	0.00
2	6	0.00	0.44	68.49	20.34	0.00
3	3	0.02	1.28	75.52	11.13	0.00
3	7	0.01	2.70	64.01	7.72	0.00
Core	CPU	C1%	C3%	C6%	C8%	C9%
-	-	0.01	0.70	71.32	16.60	0.00
0	0	0.00	0.42	72.30	16.82	0.00
0	4	0.00	0.50	74.03	16.37	0.00
1	1	0.00	0.52	71.65	17.97	0.00
1	5	0.00	0.52	71.11	19.43	0.00
2	2	0.01	0.54	68.99	20.85	0.00
2	6	0.00	0.47	69.49	21.21	0.00
3	3	0.00	0.69	77.25	12.58	0.00
3	7	0.01	1.95	65.95	7.66	0.00
Core	CPU	C1%	C3%	C6%	C8%	C9%
-	-	0.01	0.77	71.65	16.29	0.00
0	0	0.00	0.46	72.01	17.02	0.00
0	4	0.00	0.55	71.35	19.07	0.00
1	1	0.00	0.46	72.26	17.68	0.00
1	5	0.00	0.57	69.93	20.46	0.00
2	2	0.01	0.58	71.71	18.12	0.00
2	6	0.00	0.80	70.78	19.55	0.00
3	3	0.00	0.53	79.05	10.93	0.00
3	7	0.02	2.18	65.88	7.46	0.00
Core	CPU	C1%	C3%	C6%	C8%	C9%
-	-	0.00	0.72	70.85	17.12	0.00
0	0	0.00	0.37	74.38	14.85	0.00
0	4	0.00	0.44	73.42	17.29	0.00
1	1	0.00	0.47	73.79	16.04	0.00
1	5	0.00	0.36	71.72	18.94	0.00
2	2	0.01	0.55	67.96	21.85	0.00
2	6	0.00	1.09	69.44	20.73	0.00
3	3	0.00	0.59	74.08	15.66	0.00
3	7	0.00	1.92	62.00	11.64	0.00
Core	CPU	C1%	C3%	C6%	C8%	C9%
-	-	0.00	0.70	71.43	16.53	0.00
0	0	0.00	0.53	74.29	14.58	0.00
0	4	0.00	0.55	70.84	19.74	0.00
1	1	0.01	0.47	72.78	17.04	0.00
1	5	0.00	0.53	68.72	21.73	0.00
2	2	0.00	0.54	69.14	20.55	0.00
2	6	0.00	0.53	69.57	21.10	0.00
3	3	0.00	0.53	80.11	9.86	0.00
3	7	0.01	1.96	65.95	7.64	0.00
Core	CPU	C1%	C3%	C6%	C8%	C9%
-	-	0.01	1.04	69.08	16.75	0.00
0	0	0.00	0.43	74.56	12.61	0.00
0	4	0.01	0.58	70.67	18.39	0.00
1	1	0.00	0.46	72.58	14.58	0.00
1	5	0.00	0.48	66.62	21.84	0.00
2	2	0.01	0.62	65.66	22.22	0.00
2	6	0.00	0.44	67.30	22.37	0.00
3	3	0.00	2.79	73.79	12.72	0.00
3	7	0.02	2.52	62.13	9.44	0.00
Core	CPU	C1%	C3%	C6%	C8%	C9%
-	-	0.01	0.66	71.94	16.15	0.00
0	0	0.00	0.39	75.40	13.78	0.00
0	4	0.00	0.52	72.80	17.87	0.00
1	1	0.00	0.32	76.03	13.87	0.00
1	5	0.01	0.43	71.21	19.58	0.00
2	2	0.01	0.65	69.09	20.56	0.00
2	6	0.00	0.46	69.08	21.60	0.00
3	3	0.00	0.58	77.59	12.35	0.00
3	7	0.01	1.94	64.06	9.52	0.00
Core	CPU	C1%	C3%	C6%	C8%	C9%
-	-	0.02	0.63	71.14	16.91	0.00
0	0	0.00	0.38	77.47	11.64	0.00
0	4	0.01	0.60	75.71	14.72	0.00
1	1	0.00	0.39	69.88	19.90	0.00
1	5	0.00	0.41	69.88	20.90	0.00
2	2	0.01	0.56	69.83	20.01	0.00
2	6	0.00	0.46	68.64	22.12	0.00
3	3	0.00	0.49	74.91	15.12	0.00
3	7	0.10	1.73	62.75	10.87	0.00
Core	CPU	C1%	C3%	C6%	C8%	C9%
-	-	0.00	0.77	71.70	16.25	0.00
0	0	0.01	0.36	76.79	12.37	0.00
0	4	0.00	0.43	74.33	16.43	0.00
1	1	0.00	0.43	73.57	16.13	0.00
1	5	0.00	0.32	71.38	19.53	0.00
2	2	0.00	1.29	67.70	21.30	0.00
2	6	0.00	0.57	69.12	21.55	0.00
3	3	0.00	0.52	76.93	13.11	0.00
3	7	0.01	2.25	63.73	9.56	0.00
Core	CPU	C1%	C3%	C6%	C8%	C9%
-	-	0.01	0.63	71.32	16.74	0.00
0	0	0.01	0.37	71.32	17.80	0.00
0	4	0.00	0.47	72.24	18.38	0.00
1	1	0.00	0.41	74.69	15.02	0.00
1	5	0.01	0.40	70.64	20.12	0.00
2	2	0.01	0.47	68.83	21.09	0.00
2	6	0.01	0.43	69.05	21.76	0.00
3	3	0.01	0.62	79.11	10.79	0.00
3	7	0.01	1.84	64.71	8.97	0.00
Core	CPU	C1%	C3%	C6%	C8%	C9%
-	-	0.01	1.03	69.16	16.50	0.00
0	0	0.00	0.48	73.27	13.87	0.00
0	4	0.00	0.54	71.14	17.37	0.00
1	1	0.01	0.30	72.07	16.05	0.00
1	5	0.00	0.37	67.60	20.68	0.00
2	2	0.01	0.62	67.97	19.86	0.00
2	6	0.00	0.52	66.86	21.17	0.00
3	3	0.00	2.51	73.07	13.25	0.00
3	7	0.01	2.91	61.52	9.78	0.00
Core	CPU	C1%	C3%	C6%	C8%	C9%
-	-	0.01	0.65	71.49	16.65	0.00
0	0	0.00	0.46	73.62	15.54	0.00
0	4	0.01	0.58	71.99	18.66	0.00
1	1	0.00	0.44	76.15	13.58	0.00
1	5	0.01	0.40	72.68	17.94	0.00
2	2	0.02	0.53	69.47	20.35	0.00
2	6	0.00	0.42	68.69	22.13	0.00
3	3	0.00	0.54	75.56	14.41	0.00
3	7	0.01	1.86	63.24	10.49	0.00
Core	CPU	C1%	C3%	C6%	C8%	C9%
-	-	0.01	0.67	70.15	17.16	0.00
0	0	0.00	0.36	74.82	13.56	0.00
0	4	0.02	0.57	70.58	14.81	0.00
1	1	0.01	0.52	72.56	17.15	0.00
1	5	0.01	0.37	67.32	23.35	0.00
2	2	0.01	0.56	68.08	21.97	0.00
2	6	0.01	0.56	68.12	22.50	0.00
3	3	0.00	0.47	76.55	13.67	0.00
3	7	0.01	1.96	63.68	10.38	0.00
Core	CPU	C1%	C3%	C6%	C8%	C9%
-	-	0.01	0.79	71.37	16.70	0.00
0	0	0.00	0.43	77.95	11.18	0.00
0	4	0.01	1.26	72.93	16.95	0.00
1	1	0.01	0.33	74.72	15.28	0.00
1	5	0.00	0.37	69.92	20.91	0.00
2	2	0.01	0.61	67.84	22.00	0.00
2	6	0.01	0.59	69.04	21.66	0.00
3	3	0.01	0.53	75.76	14.27	0.00
3	7	0.01	2.19	62.25	11.17	0.00
Core	CPU	C1%	C3%	C6%	C8%	C9%
-	-	0.01	0.70	71.84	16.14	0.00
0	0	0.01	0.52	72.45	16.62	0.00
0	4	0.00	0.53	69.80	20.83	0.00
1	1	0.01	0.31	77.21	12.63	0.00
1	5	0.00	0.46	69.88	20.65	0.00
2	2	0.01	0.59	70.10	19.71	0.00
2	6	0.01	0.43	70.69	20.08	0.00
3	3	0.00	0.53	79.21	10.72	0.00
3	7	0.01	2.25	65.48	7.86	0.00
Core	CPU	C1%	C3%	C6%	C8%	C9%
-	-	0.00	1.06	69.17	16.70	0.00
0	0	0.01	0.41	73.29	14.09	0.00
0	4	0.01	0.51	71.02	17.98	0.00
1	1	0.00	0.40	73.60	14.26	0.00
1	5	0.00	0.38	68.62	20.39	0.00
2	2	0.01	0.59	65.90	22.18	0.00
2	6	0.00	0.51	65.82	22.52	0.00
3	3	0.00	2.50	74.17	12.31	0.00
3	7	0.00	3.15	61.50	9.96	0.00
Core	CPU	C1%	C3%	C6%	C8%	C9%
-	-	0.00	0.63	71.22	16.94	0.00
0	0	0.00	0.41	73.80	15.44	0.00
0	4	0.00	0.45	73.74	16.85	0.00
1	1	0.01	0.46	73.81	15.87	0.00
1	5	0.00	0.36	68.80	22.07	0.00
2	2	0.01	0.63	67.92	21.89	0.00
2	6	0.01	0.47	68.40	22.31	0.00
3	3	0.00	0.43	77.59	12.45	0.00
3	7	0.01	1.82	65.22	8.55	0.00
Core	CPU	C1%	C3%	C6%	C8%	C9%
-	-	0.02	0.66	70.48	17.52	0.00
0	0	0.01	0.49	72.76	16.46	0.00
0	4	0.00	0.53	76.28	14.06	0.00
1	1	0.01	0.31	71.02	18.63	0.00
1	5	0.00	0.40	69.67	21.11	0.00
2	2	0.01	0.56	68.34	21.52	0.00
2	6	0.00	0.48	68.57	22.22	0.00
3	3	0.01	0.65	75.26	14.63	0.00
3	7	0.10	1.89	61.97	11.58	0.00
Core	CPU	C1%	C3%	C6%	C8%	C9%
-	-	0.00	0.83	71.42	16.41	0.00
0	0	0.00	0.49	72.01	17.07	0.00
0	4	0.00	0.48	75.93	14.45	0.00
1	1	0.01	0.44	71.36	18.38	0.00
1	5	0.00	0.52	70.67	20.03	0.00
2	2	0.01	0.62	69.96	19.90	0.00
2	6	0.00	0.45	69.98	20.86	0.00
3	3	0.00	1.26	77.04	12.26	0.00
3	7	0.01	2.39	64.81	8.43	0.00
Core	CPU	C1%	C3%	C6%	C8%	C9%
-	-	0.00	0.69	71.22	16.75	0.00
0	0	0.01	0.48	74.33	14.74	0.00
0	4	0.00	0.63	74.75	15.51	0.00
1	1	0.01	0.50	70.10	19.22	0.00
1	5	0.00	0.47	68.76	21.99	0.00
2	2	0.00	0.55	68.37	21.52	0.00
2	6	0.00	0.39	69.04	21.80	0.00
3	3	0.00	0.44	78.62	11.44	0.00
3	7	0.01	2.05	65.66	7.80	0.00
Core	CPU	C1%	C3%	C6%	C8%	C9%
-	-	0.01	1.00	70.35	15.39	0.00
0	0	0.01	0.47	69.53	17.58	0.00
0	4	0.00	0.47	73.33	15.15	0.00
1	1	0.00	0.46	70.40	17.65	0.00
1	5	0.01	0.47	70.18	18.03	0.00
2	2	0.00	0.52	68.63	19.36	0.00
2	6	0.00	0.45	68.80	19.03	0.00
3	3	0.00	2.60	76.66	9.67	0.00
3	7	0.02	2.52	64.85	6.52	0.00
Core	CPU	C1%	C3%	C6%	C8%	C9%
-	-	0.01	0.66	70.95	17.08	0.00
0	0	0.01	0.47	74.49	14.71	0.00
0	4	0.00	0.54	73.91	16.44	0.00
1	1	0.00	0.50	71.16	18.63	0.00
1	5	0.01	0.42	70.81	20.02	0.00
2	2	0.02	0.54	70.30	19.55	0.00
2	6	0.00	0.44	69.13	21.67	0.00
3	3	0.00	0.52	75.36	14.63	0.00
3	7	0.01	1.83	62.64	11.08	0.00
Core	CPU	C1%	C3%	C6%	C8%	C9%
-	-	0.00	0.79	71.19	16.84	0.00
0	0	0.00	0.53	73.93	15.17	0.00
0	4	0.00	0.55	73.81	16.69	0.00
1	1	0.01	0.47	72.24	17.75	0.00
1	5	0.01	1.12	69.93	20.10	0.00
2	2	0.01	0.59	72.41	17.39	0.00
2	6	0.00	0.48	69.94	20.90	0.00
3	3	0.01	0.53	74.90	15.15	0.00
3	7	0.01	2.04	62.06	11.47	0.00
Core	CPU	C1%	C3%	C6%	C8%	C9%
-	-	0.01	0.66	72.04	16.02	0.00
0	0	0.01	0.32	74.94	14.39	0.00
0	4	0.00	0.62	72.94	17.63	0.00
1	1	0.00	0.45	76.21	13.55	0.00
1	5	0.00	0.35	71.54	19.17	0.00
2	2	0.01	0.60	69.57	20.16	0.00
2	6	0.00	0.47	69.14	21.70	0.00
3	3	0.00	0.53	77.08	12.88	0.00
3	7	0.01	1.90	64.99	8.72	0.00
Core	CPU	C1%	C3%	C6%	C8%	C9%
-	-	0.00	0.65	71.69	16.35	0.00
0	0	0.00	0.39	77.81	11.12	0.00
0	4	0.00	0.46	72.18	18.52	0.00
1	1	0.00	0.37	73.13	16.85	0.00
1	5	0.00	0.53	70.37	20.28	0.00
2	2	0.01	0.64	69.08	20.67	0.00
2	6	0.00	0.45	68.27	22.53	0.00
3	3	0.00	0.48	77.89	12.12	0.00
3	7	0.01	1.89	65.02	8.72	0.00
Core	CPU	C1%	C3%	C6%	C8%	C9%
-	-	0.00	1.03	69.22	16.46	0.00
0	0	0.01	0.40	72.66	14.43	0.00
0	4	0.00	0.54	69.96	18.12	0.00
1	1	0.01	0.45	72.65	14.95	0.00
1	5	0.00	0.42	66.48	21.66	0.00
2	2	0.00	0.63	67.27	20.61	0.00
2	6	0.00	0.51	67.38	21.28	0.00
3	3	0.00	2.28	75.44	11.17	0.00
3	7	0.01	2.99	62.04	9.47	0.00
Core	CPU	C1%	C3%	C6%	C8%	C9%
-	-	0.00	0.67	72.32	15.68	0.00
0	0	0.00	0.58	73.79	15.17	0.00
0	4	0.00	0.52	72.56	18.06	0.00
1	1	0.01	0.35	77.31	12.44	0.00
1	5	0.00	0.39	69.95	20.78	0.00
2	2	0.01	0.62	71.55	18.23	0.00
2	6	0.00	0.50	69.90	20.84	0.00
3	3	0.00	0.53	78.74	11.19	0.00
3	7	0.01	1.93	64.90	8.77	0.00
Core	CPU	C1%	C3%	C6%	C8%	C9%
-	-	0.00	0.80	70.92	17.12	0.00
0	0	0.00	0.44	75.81	13.22	0.00
0	4	0.01	0.54	72.29	18.42	0.00
1	1	0.00	0.40	73.22	16.69	0.00
1	5	0.00	0.45	69.41	21.41	0.00
2	2	0.01	0.66	67.38	22.45	0.00
2	6	0.01	1.19	68.34	21.65	0.00
3	3	0.00	0.45	76.38	13.66	0.00
3	7	0.01	2.24	64.01	9.36	0.00
Core	CPU	C1%	C3%	C6%	C8%	C9%
-	-	0.00	0.68	71.68	16.28	0.00
0	0	0.00	0.53	77.00	11.98	0.00
0	4	0.01	0.47	72.24	18.47	0.00
1	1	0.00	0.45	75.19	14.59	0.00
1	5	0.00	0.36	70.77	20.04	0.00
2	2	0.00	0.53	67.82	22.05	0.00
2	6	0.00	0.45	68.69	22.08	0.00
3	3	0.00	0.58	77.46	12.37	0.00
3	7	0.01	2.04	64.69	8.78	0.00
Core	CPU	C1%	C3%	C6%	C8%	C9%
-	-	0.01	0.69	71.68	16.35	0.00
0	0	0.01	0.46	74.45	14.61	0.00
0	4	0.00	0.64	71.78	18.79	0.00
1	1	0.01	0.47	73.84	16.01	0.00
1	5	0.00	0.45	69.02	21.66	0.00
2	2	0.01	0.59	70.74	19.04	0.00
2	6	0.00	0.52	69.74	20.99	0.00
3	3	0.00	0.44	79.16	10.76	0.00
3	7	0.01	1.94	64.61	8.94	0.00
Core	CPU	C1%	C3%	C6%	C8%	C9%
-	-	0.01	1.02	69.16	16.68	0.00
0	0	0.00	0.40	71.35	15.69	0.00
0	4	0.00	0.53	69.42	19.27	0.00
1	1	0.01	0.44	72.26	15.16	0.00
1	5	0.01	0.36	65.74	22.60	0.00
2	2	0.01	0.53	69.17	18.67	0.00
2	6	0.01	0.56	66.96	21.84	0.00
3	3	0.01	2.08	74.48	12.11	0.00
3	7	0.01	3.27	63.56	8.02	0.00
Core	CPU	C1%	C3%	C6%	C8%	C9%
-	-	0.01	0.67	71.95	16.08	0.00
0	0	0.01	0.35	74.98	14.12	0.00
0	4	0.00	0.50	71.74	18.94	0.00
1	1	0.01	0.48	74.16	15.65	0.00
1	5	0.01	0.41	70.11	20.68	0.00
2	2	0.00	0.54	71.15	18.66	0.00
2	6	0.00	0.52	70.21	20.50	0.00
3	3	0.01	0.61	78.69	11.10	0.00
3	7	0.01	1.92	64.56	9.02	0.00
Core	CPU	C1%	C3%	C6%	C8%	C9%
-	-	0.00	0.67	71.48	16.57	0.00
0	0	0.00	0.40	77.70	11.25	0.00
0	4	0.00	0.51	72.28	18.40	0.00
1	1	0.00	0.49	72.89	16.96	0.00
1	5	0.00	0.36	68.48	22.40	0.00
2	2	0.01	0.58	70.27	19.54	0.00
2	6	0.00	0.55	69.61	21.08	0.00
3	3	0.00	0.55	76.07	13.80	0.00
3	7	0.01	1.89	64.59	9.12	0.00
Core	CPU	C1%	C3%	C6%	C8%	C9%
-	-	0.00	0.77	71.37	16.50	0.00
0	0	0.00	0.50	75.96	12.99	0.00
0	4	0.00	0.38	72.06	18.78	0.00
1	1	0.00	0.39	73.68	15.96	0.00
1	5	0.01	1.12	70.27	19.70	0.00
2	2	0.01	0.53	68.48	21.46	0.00
2	6	0.00	0.49	68.52	22.23	0.00
3	3	0.00	0.58	77.90	11.96	0.00
3	7	0.01	2.14	64.35	9.03	0.00
Core	CPU	C1%	C3%	C6%	C8%	C9%
-	-	0.01	0.67	71.83	16.01	0.00
0	0	0.01	0.43	75.37	13.47	0.00
0	4	0.01	0.60	72.63	16.88	0.00
1	1	0.00	0.40	77.01	12.72	0.00
1	5	0.00	0.41	69.52	21.35	0.00
2	2	0.01	0.54	69.03	20.87	0.00
2	6	0.01	0.49	68.83	21.90	0.00
3	3	0.00	0.47	78.57	11.28	0.00
3	7	0.01	1.98	64.03	9.64	0.00
Core	CPU	C1%	C3%	C6%	C8%	C9%
-	-	0.01	1.03	68.68	16.98	0.00
0	0	0.00	0.41	72.69	13.38	0.00
0	4	0.04	0.45	68.61	16.14	0.00
1	1	0.01	0.38	72.38	15.60	0.00
1	5	0.00	0.32	66.02	23.24	0.00
2	2	0.01	0.66	67.46	20.82	0.00
2	6	0.00	0.49	66.60	22.75	0.00
3	3	0.00	2.27	73.62	13.23	0.00
3	7	0.01	3.27	61.56	10.56	0.00
Core	CPU	C1%	C3%	C6%	C8%	C9%
-	-	0.01	0.71	71.92	16.07	0.00
0	0	0.00	0.41	74.80	14.38	0.00
0	4	0.00	0.51	72.60	17.98	0.00
1	1	0.00	0.50	74.88	14.84	0.00
1	5	0.00	0.50	69.55	21.11	0.00
2	2	0.02	0.68	70.17	19.56	0.00
2	6	0.01	0.50	69.43	21.33	0.00
3	3	0.00	0.54	78.45	11.44	0.00
3	7	0.01	2.00	65.71	7.98	0.00
Core	CPU	C1%	C3%	C6%	C8%	C9%
-	-	0.01	0.80	71.49	16.51	0.00
0	0	0.00	0.39	76.09	13.03	0.00
0	4	0.00	0.57	72.47	18.20	0.00
1	1	0.01	0.35	75.76	14.22	0.00
1	5	0.01	1.04	70.07	20.04	0.00
2	2	0.01	0.63	69.13	20.67	0.00
2	6	0.00	0.49	67.89	22.88	0.00
3	3	0.00	0.56	76.49	13.42	0.00
3	7	0.01	2.37	63.79	9.54	0.00
Core	CPU	C1%	C3%	C6%	C8%	C9%
-	-	0.03	0.73	72.04	15.78	0.00
0	0	0.00	0.51	75.68	13.23	0.00
0	4	0.00	0.63	71.51	18.83	0.00
1	1	0.00	0.38	72.92	16.83	0.00
1	5	0.00	0.49	68.87	21.84	0.00
2	2	0.01	0.75	71.59	17.94	0.00
2	6	0.01	0.53	71.68	18.97	0.00
3	3	0.00	0.57	78.78	11.11	0.00
3	7	0.21	2.01	65.68	7.55	0.00
Core	CPU	C1%	C3%	C6%	C8%	C9%
-	-	0.01	0.70	71.40	16.51	0.00
0	0	0.00	0.47	76.33	12.62	0.00
0	4	0.00	0.51	72.41	18.21	0.00
1	1	0.00	0.44	70.69	19.26	0.00
1	5	0.01	0.41	67.87	22.14	0.00
2	2	0.01	0.50	70.19	19.63	0.00
2	6	0.00	0.59	69.53	21.14	0.00
3	3	0.01	0.59	78.83	11.08	0.00
3	7	0.02	2.09	65.42	7.99	0.00
Core	CPU	C1%	C3%	C6%	C8%	C9%
-	-	0.03	1.19	68.96	16.73	0.00
0	0	0.00	0.42	73.46	13.10	0.00
0	4	0.06	0.60	68.95	18.81	0.00
1	1	0.00	0.40	73.02	15.62	0.00
1	5	0.07	0.34	66.37	22.03	0.00
2	2	0.01	0.65	67.98	19.85	0.00
2	6	0.00	0.50	66.08	23.23	0.00
3	3	0.04	3.07	73.39	11.97	0.00
3	7	0.02	3.50	62.40	9.26	0.00
Core	CPU	C1%	C3%	C6%	C8%	C9%
-	-	0.00	0.65	71.72	16.37	0.00
0	0	0.01	0.41	78.29	10.71	0.00
0	4	0.00	0.43	74.59	16.08	0.00
1	1	0.00	0.44	72.33	17.45	0.00
1	5	0.00	0.42	69.18	21.66	0.00
2	2	0.00	0.65	68.87	20.90	0.00
2	6	0.00	0.49	69.02	21.70	0.00
3	3	0.00	0.48	77.22	12.81	0.00
3	7	0.01	1.92	64.06	9.59	0.00
Core	CPU	C1%	C3%	C6%	C8%	C9%
-	-	0.00	0.82	71.05	16.97	0.00
0	0	0.00	0.43	74.22	14.99	0.00
0	4	0.00	0.54	72.27	18.49	0.00
1	1	0.00	0.35	76.16	13.80	0.00
1	5	0.00	1.10	69.80	20.14	0.00
2	2	0.01	0.68	68.27	21.53	0.00
2	6	0.01	0.50	67.43	23.37	0.00
3	3	0.01	0.51	76.50	13.59	0.00
3	7	0.00	2.47	63.43	9.75	0.00
Core	CPU	C1%	C3%	C6%	C8%	C9%
-	-	0.01	0.66	72.03	16.06	0.00
0	0	0.00	0.43	74.87	14.35	0.00
0	4	0.01	0.55	74.30	16.41	0.00
1	1	0.00	0.39	76.71	13.09	0.00
1	5	0.00	0.41	71.21	19.52	0.00
2	2	0.01	0.66	69.66	20.07	0.00
2	6	0.00	0.46	68.27	22.49	0.00
3	3	0.00	0.50	77.51	12.49	0.00
3	7	0.01	1.87	63.69	10.01	0.00
Core	CPU	C1%	C3%	C6%	C8%	C9%
-	-	0.01	0.66	71.76	16.27	0.00
0	0	0.00	0.43	74.94	14.20	0.00
0	4	0.00	0.45	72.80	17.93	0.00
1	1	0.01	0.43	77.70	12.03	0.00
1	5	0.01	0.39	69.43	21.40	0.00
2	2	0.02	0.60	69.20	20.61	0.00
2	6	0.00	0.51	68.73	22.03	0.00
3	3	0.00	0.55	77.37	12.59	0.00
3	7	0.01	1.93	64.18	9.46	0.00
Core	CPU	C1%	C3%	C6%	C8%	C9%
-	-	0.01	1.15	69.14	16.74	0.00
0	0	0.01	0.44	70.73	16.41	0.00
0	4	0.00	0.41	70.67	18.05	0.00
1	1	0.00	0.53	69.47	18.74	0.00
1	5	0.01	0.53	67.39	21.89	0.00
2	2	0.01	0.44	67.84	19.67	0.00
2	6	0.00	0.42	68.14	20.34	0.00
3	3	0.00	2.91	75.34	11.15	0.00
3	7	0.02	3.53	63.84	7.78	0.00
Core	CPU	C1%	C3%	C6%	C8%	C9%
-	-	0.01	0.69	70.75	17.30	0.00
0	0	0.00	0.41	73.05	16.19	0.00
0	4	0.00	0.62	76.20	14.07	0.00
1	1	0.00	0.36	71.88	17.99	0.00
1	5	0.00	0.39	70.15	20.63	0.00
2	2	0.01	0.62	68.06	21.69	0.00
2	6	0.00	0.50	67.95	22.77	0.00
3	3	0.01	0.56	76.32	13.67	0.00
3	7	0.01	2.04	62.18	11.38	0.00
Core	CPU	C1%	C3%	C6%	C8%	C9%
-	-	0.01	0.80	71.02	16.78	0.00
0	0	0.00	0.34	73.80	15.54	0.00
0	4	0.01	0.62	74.81	15.58	0.00
1	1	0.00	0.42	71.67	18.06	0.00
1	5	0.01	0.37	68.20	22.56	0.00
2	2	0.02	1.42	68.88	18.66	0.00
2	6	0.01	0.56	70.53	19.99	0.00
3	3	0.00	0.49	76.53	13.55	0.00
3	7	0.01	2.16	63.38	10.20	0.00
Core	CPU	C1%	C3%	C6%	C8%	C9%
-	-	0.00	0.66	70.99	17.04	0.00
0	0	0.00	0.35	76.48	12.71	0.00
0	4	0.00	0.50	74.75	15.74	0.00
1	1	0.01	0.38	71.49	18.55	0.00
1	5	0.01	0.36	69.22	21.60	0.00
2	2	0.01	0.61	69.81	19.96	0.00
2	6	0.00	0.53	68.28	22.45	0.00
3	3	0.00	0.59	76.50	13.42	0.00
3	7	0.01	1.99	61.61	11.94	0.00
Core	CPU	C1%	C3%	C6%	C8%	C9%
-	-	0.00	0.64	71.15	16.88	0.00
0	0	0.00	0.40	78.91	10.29	0.00
0	4	0.00	0.57	76.48	13.85	0.00
1	1	0.00	0.36	70.90	19.18	0.00
1	5	0.00	0.32	69.73	21.16	0.00
2	2	0.01	0.63	67.60	22.15	0.00
2	6	0.00	0.47	66.90	23.88	0.00
3	3	0.00	0.51	76.49	13.47	0.00
3	7	0.01	1.83	62.54	11.16	0.00
Core	CPU	C1%	C3%	C6%	C8%	C9%
-	-	0.00	1.33	69.82	16.56	0.00
0	0	0.00	0.50	71.91	16.16	0.00
0	4	0.00	0.60	72.90	16.22	0.00
1	1	0.00	0.43	70.11	18.95	0.00
1	5	0.01	0.45	70.04	19.30	0.00
2	2	0.01	0.59	68.22	19.85	0.00
2	6	0.00	0.48	68.08	21.01	0.00
3	3	0.00	3.30	74.49	11.76	0.00
3	7	0.01	4.31	62.46	9.11	0.00
Core	CPU	C1%	C3%	C6%	C8%	C9%
-	-	0.01	0.68	70.81	17.20	0.00
0	0	0.01	0.50	71.15	17.94	0.00
0	4	0.00	0.70	72.66	17.53	0.00
1	1	0.00	0.51	70.43	19.00	0.00
1	5	0.00	0.54	71.62	19.02	0.00
2	2	0.01	0.54	69.54	20.30	0.00
2	6	0.00	0.36	69.56	21.31	0.00
3	3	0.01	0.54	77.75	12.12	0.00
3	7	0.01	1.75	63.59	10.31	0.00
Core	CPU	C1%	C3%	C6%	C8%	C9%
-	-	0.00	0.81	70.41	17.41	0.00
0	0	0.00	0.42	75.51	13.71	0.00
0	4	0.00	0.57	74.72	15.67	0.00
1	1	0.00	0.36	70.85	19.25	0.00
1	5	0.00	0.34	68.74	22.14	0.00
2	2	0.01	0.59	67.92	21.95	0.00
2	6	0.00	1.39	66.83	23.01	0.00
3	3	0.01	0.50	76.27	13.53	0.00
3	7	0.01	2.37	63.10	10.21	0.00
Core	CPU	C1%	C3%	C6%	C8%	C9%
-	-	0.01	0.68	71.06	17.03	0.00
0	0	0.00	0.43	76.13	12.78	0.00
0	4	0.00	0.46	70.44	20.32	0.00
1	1	0.00	0.41	71.67	18.36	0.00
1	5	0.01	0.48	69.08	21.65	0.00
2	2	0.01	0.57	70.70	19.11	0.00
2	6	0.00	0.48	69.03	21.75	0.00
3	3	0.01	0.57	77.34	12.54	0.00
3	7	0.01	2.05	63.87	9.65	0.00
Core	CPU	C1%	C3%	C6%	C8%	C9%
-	-	0.01	0.70	72.04	15.96	0.00
0	0	0.00	0.40	73.91	15.18	0.00
0	4	0.00	0.53	71.35	19.30	0.00
1	1	0.00	0.45	74.64	15.25	0.00
1	5	0.01	0.50	70.75	19.92	0.00
2	2	0.01	0.59	70.73	19.03	0.00
2	6	0.00	0.51	69.90	20.84	0.00
3	3	0.00	0.64	79.81	9.99	0.00
3	7	0.01	2.00	65.40	8.20	0.00
Core	CPU	C1%	C3%	C6%	C8%	C9%
-	-	0.01	0.96	69.76	16.19	0.00
0	0	0.00	0.47	71.17	16.04	0.00
0	4	0.00	0.61	70.21	18.44	0.00
1	1	0.00	0.43	71.52	16.38	0.00
1	5	0.00	0.52	68.59	19.95	0.00
2	2	0.01	0.50	68.91	19.17	0.00
2	6	0.00	0.42	67.40	20.87	0.00
3	3	0.00	2.41	76.29	10.33	0.00
3	7	0.02	2.30	63.36	8.20	0.00
Core	CPU	C1%	C3%	C6%	C8%	C9%
-	-	0.00	0.67	71.07	16.95	0.00
0	0	0.01	0.42	73.73	15.39	0.00
0	4	0.00	0.65	73.85	16.52	0.00
1	1	0.00	0.37	71.83	18.03	0.00
1	5	0.00	0.39	69.17	21.55	0.00
2	2	0.01	0.71	68.12	21.57	0.00
2	6	0.00	0.51	69.32	21.37	0.00
3	3	0.01	0.52	77.55	12.37	0.00
3	7	0.01	1.83	65.03	8.77	0.00
Core	CPU	C1%	C3%	C6%	C8%	C9%
-	-	0.01	0.79	69.34	17.63	0.00
0	0	0.00	0.38	75.06	12.81	0.00
0	4	0.02	0.57	69.48	15.87	0.00
1	1	0.01	0.35	73.54	16.44	0.00
1	5	0.00	0.34	68.23	21.90	0.00
2	2	0.01	0.64	68.40	21.40	0.00
2	6	0.00	1.12	65.54	23.95	0.00
3	3	0.00	0.53	73.44	16.75	0.00
3	7	0.01	2.41	61.67	12.04	0.00
Core	CPU	C1%	C3%	C6%	C8%	C9%
-	-	0.00	0.67	71.02	17.05	0.00
0	0	0.00	0.43	71.85	17.24	0.00
0	4	0.00	0.46	71.54	19.12	0.00
1	1	0.00	0.43	71.73	18.08	0.00
1	5	0.01	0.54	69.68	21.10	0.00
2	2	0.01	0.51	71.23	18.66	0.00
2	6	0.01	0.44	70.21	20.55	0.00
3	3	0.00	0.53	76.84	13.07	0.00
3	7	0.00	1.98	65.07	8.58	0.00
Core	CPU	C1%	C3%	C6%	C8%	C9%
-	-	0.01	0.68	71.21	16.87	0.00
0	0	0.01	0.41	72.35	16.73	0.00
0	4	0.00	0.55	70.14	20.43	0.00
1	1	0.00	0.49	73.23	16.62	0.00
1	5	0.01	0.45	70.35	20.41	0.00
2	2	0.01	0.49	71.04	18.84	0.00
2	6	0.00	0.45	67.41	23.42	0.00
3	3	0.00	0.50	79.36	10.55	0.00
3	7	0.01	2.10	65.61	7.92	0.00
Core	CPU	C1%	C3%	C6%	C8%	C9%
-	-	0.00	1.24	69.69	16.56	0.00
0	0	0.00	0.36	71.90	15.73	0.00
0	4	0.00	0.66	72.50	16.27	0.00
1	1	0.00	0.34	72.03	17.03	0.00
1	5	0.00	0.35	68.43	20.72	0.00
2	2	0.01	0.62	68.17	20.29	0.00
2	6	0.01	0.49	66.08	23.37	0.00
3	3	0.00	3.46	75.93	10.43	0.00
3	7	0.01	3.65	62.75	8.74	0.00
Core	CPU	C1%	C3%	C6%	C8%	C9%
-	-	0.00	0.65	71.56	16.49	0.00
0	0	0.00	0.45	76.36	12.69	0.00
0	4	0.01	0.57	73.58	17.01	0.00
1	1	0.00	0.40	71.50	18.46	0.00
1	5	0.00	0.37	71.03	19.69	0.00
2	2	0.01	0.61	70.00	19.70	0.00
2	6	0.00	0.52	69.30	21.32	0.00
3	3	0.01	0.54	77.40	12.52	0.00
3	7	0.01	1.78	63.26	10.54	0.00
Core	CPU	C1%	C3%	C6%	C8%	C9%
-	-	0.01	0.70	70.47	17.43	0.00
0	0	0.00	0.43	72.21	16.84	0.00
0	4	0.00	0.50	69.92	20.79	0.00
1	1	0.01	0.47	72.93	17.01	0.00
1	5	0.01	0.51	68.25	22.23	0.00
2	2	0.01	0.48	72.08	17.83	0.00
2	6	0.00	0.44	69.38	21.11	0.00
3	3	0.00	0.49	76.09	13.88	0.00
3	7	0.01	2.28	62.88	9.77	0.00
Core	CPU	C1%	C3%	C6%	C8%	C9%
-	-	0.01	0.68	71.49	16.55	0.00
0	0	0.01	0.45	73.31	15.74	0.00
0	4	0.00	0.51	70.16	20.53	0.00
1	1	0.00	0.42	74.18	15.65	0.00
1	5	0.00	0.46	69.21	21.55	0.00
2	2	0.01	0.52	70.99	18.90	0.00
2	6	0.01	0.48	69.85	20.94	0.00
3	3	0.00	0.52	79.47	10.39	0.00
3	7	0.02	2.12	64.73	8.73	0.00
Core	CPU	C1%	C3%	C6%	C8%	C9%
-	-	0.00	0.64	71.48	16.61	0.00
0	0	0.00	0.46	75.86	13.24	0.00
0	4	0.00	0.51	74.44	16.11	0.00
1	1	0.00	0.47	75.20	14.56	0.00
1	5	0.00	0.33	69.55	21.35	0.00
2	2	0.01	0.67	69.98	19.83	0.00
2	6	0.00	0.46	69.52	21.27	0.00
3	3	0.00	0.43	74.85	15.16	0.00
3	7	0.01	1.80	62.37	11.38	0.00
Core	CPU	C1%	C3%	C6%	C8%	C9%
-	-	0.00	1.07	69.14	16.75	0.00
0	0	0.00	0.49	71.87	15.73	0.00
0	4	0.00	0.53	71.61	16.20	0.00
1	1	0.01	0.42	70.54	16.75	0.00
1	5	0.01	0.48	69.03	19.75	0.00
2	2	0.01	0.54	66.05	21.80	0.00
2	6	0.00	0.39	67.56	21.43	0.00
3	3	0.00	1.44	73.91	12.88	0.00
3	7	0.01	4.24	62.14	9.32	0.00
Core	CPU	C1%	C3%	C6%	C8%	C9%
-	-	0.01	0.66	71.52	16.55	0.00
0	0	0.00	0.39	73.54	15.60	0.00
0	4	0.00	0.58	73.26	17.19	0.00
1	1	0.00	0.48	74.37	15.43	0.00
1	5	0.01	0.46	68.57	22.12	0.00
2	2	0.01	0.55	70.34	19.49	0.00
2	6	0.00	0.50	69.68	21.07	0.00
3	3	0.00	0.51	77.62	12.30	0.00
3	7	0.01	1.82	64.69	9.16	0.00
Core	CPU	C1%	C3%	C6%	C8%	C9%
-	-	0.01	0.82	70.92	16.91	0.00
0	0	0.00	0.44	74.20	14.82	0.00
0	4	0.00	0.50	71.39	19.32	0.00
1	1	0.00	0.46	71.30	18.62	0.00
1	5	0.01	1.28	68.56	21.35	0.00
2	2	0.01	0.39	70.56	19.44	0.00
2	6	0.00	0.42	69.96	20.86	0.00
3	3	0.01	0.63	78.04	11.86	0.00
3	7	0.02	2.47	64.03	9.20	0.00
Core	CPU	C1%	C3%	C6%	C8%	C9%
-	-	0.01	0.68	71.22	16.82	0.00
0	0	0.01	0.39	76.37	12.61	0.00
0	4	0.00	0.51	70.76	19.86	0.00
1	1	0.00	0.52	73.69	16.17	0.00
1	5	0.01	0.45	69.53	21.08	0.00
2	2	0.01	0.54	70.94	18.90	0.00
2	6	0.00	0.50	69.45	21.29	0.00
3	3	0.00	0.53	76.28	13.66	0.00
3	7	0.01	2.01	62.66	10.96	0.00
Core	CPU	C1%	C3%	C6%	C8%	C9%
-	-	0.00	0.63	71.20	16.89	0.00
0	0	0.01	0.44	74.73	14.26	0.00
0	4	0.00	0.40	72.76	17.85	0.00
1	1	0.00	0.51	72.99	16.83	0.00
1	5	0.00	0.41	68.21	22.55	0.00
2	2	0.01	0.45	69.28	20.65	0.00
2	6	0.01	0.49	69.21	21.57	0.00
3	3	0.00	0.50	78.46	11.49	0.00
3	7	0.00	1.80	63.93	9.90	0.00
Core	CPU	C1%	C3%	C6%	C8%	C9%
-	-	0.00	1.12	69.27	16.46	0.00
0	0	0.00	0.48	71.40	16.12	0.00
0	4	0.00	0.59	70.76	17.33	0.00
1	1	0.01	0.39	72.59	15.05	0.00
1	5	0.00	0.47	66.77	21.44	0.00
2	2	0.01	0.66	67.13	19.95	0.00
2	6	0.00	0.44	67.29	21.51	0.00
3	3	0.00	2.46	75.40	10.97	0.00
3	7	0.01	3.47	62.28	9.16	0.00
Core	CPU	C1%	C3%	C6%	C8%	C9%
-	-	0.01	0.69	70.86	17.18	0.00
0	0	0.00	0.49	73.84	15.28	0.00
0	4	0.00	0.64	70.70	19.87	0.00
1	1	0.00	0.45	74.33	15.40	0.00
1	5	0.01	0.36	68.65	22.08	0.00
2	2	0.01	0.54	70.29	19.58	0.00
2	6	0.00	0.49	68.84	21.95	0.00
3	3	0.01	0.53	77.09	12.73	0.00
3	7	0.01	2.01	63.07	10.57	0.00
Core	CPU	C1%	C3%	C6%	C8%	C9%
-	-	0.01	0.82	71.34	16.44	0.00
0	0	0.01	0.51	71.17	17.96	0.00
0	4	0.00	0.56	70.18	20.15	0.00
1	1	0.00	0.43	75.15	14.63	0.00
1	5	0.01	1.18	69.76	20.23	0.00
2	2	0.01	0.48	71.48	18.43	0.00
2	6	0.01	0.47	70.54	20.31	0.00
3	3	0.00	0.56	78.78	11.01	0.00
3	7	0.01	2.40	64.15	8.96	0.00
Core	CPU	C1%	C3%	C6%	C8%	C9%
-	-	0.00	0.65	70.96	17.15	0.00
0	0	0.01	0.37	75.67	13.55	0.00
0	4	0.00	0.55	72.23	18.44	0.00
1	1	0.00	0.37	75.31	14.58	0.00
1	5	0.00	0.33	70.48	20.33	0.00
2	2	0.01	0.62	68.10	21.67	0.00
2	6	0.00	0.48	67.41	23.39	0.00
3	3	0.00	0.58	75.74	14.11	0.00
3	7	0.01	1.90	62.60	11.08	0.00
Core	CPU	C1%	C3%	C6%	C8%	C9%
-	-	0.01	0.67	71.72	16.32	0.00
0	0	0.00	0.43	75.65	13.38	0.00
0	4	0.00	0.65	72.18	18.36	0.00
1	1	0.00	0.43	76.30	13.51	0.00
1	5	0.00	0.43	69.51	21.29	0.00
2	2	0.02	0.53	70.32	19.59	0.00
2	6	0.00	0.48	69.30	21.53	0.00
3	3	0.00	0.59	77.17	12.65	0.00
3	7	0.01	1.86	63.48	10.25	0.00
Core	CPU	C1%	C3%	C6%	C8%	C9%
-	-	0.00	0.95	68.72	17.26	0.00
0	0	0.00	0.42	76.05	10.89	0.00
0	4	0.00	0.47	72.20	15.88	0.00
1	1	0.00	0.42	71.70	16.58	0.00
1	5	0.00	0.37	66.46	22.57	0.00
2	2	0.01	0.62	66.02	21.95	0.00
2	6	0.01	0.46	65.16	23.61	0.00
3	3	0.00	1.62	71.01	15.50	0.00
3	7	0.01	3.21	60.65	11.00	0.00
Core	CPU	C1%	C3%	C6%	C8%	C9%
-	-	0.01	0.67	71.26	16.73	0.00
0	0	0.00	0.39	74.50	14.50	0.00
0	4	0.00	0.55	72.63	17.90	0.00
1	1	0.01	0.52	71.18	18.70	0.00
1	5	0.01	0.50	69.08	21.47	0.00
2	2	0.01	0.53	69.32	20.38	0.00
2	6	0.00	0.51	69.19	21.54	0.00
3	3	0.00	0.44	78.53	11.41	0.00
3	7	0.01	1.93	65.63	7.96	0.00
Core	CPU	C1%	C3%	C6%	C8%	C9%
-	-	0.01	0.87	70.48	17.48	0.00
0	0	0.00	0.36	74.50	14.51	0.00
0	4	0.00	1.34	70.72	19.18	0.00
1	1	0.01	0.46	71.32	18.76	0.00
1	5	0.00	0.44	69.78	21.11	0.00
2	2	0.01	0.59	68.76	21.12	0.00
2	6	0.00	0.53	68.41	22.38	0.00
3	3	0.00	0.47	76.90	13.20	0.00
3	7	0.02	2.78	63.42	9.59	0.00
Core	CPU	C1%	C3%	C6%	C8%	C9%
-	-	0.00	0.69	71.45	16.58	0.00
0	0	0.00	0.47	72.76	16.27	0.00
0	4	0.00	0.50	71.04	19.58	0.00
1	1	0.00	0.44	71.37	18.42	0.00
1	5	0.00	0.59	68.47	22.21	0.00
2	2	0.00	0.54	71.56	18.23	0.00
2	6	0.01	0.46	70.60	20.11	0.00
3	3	0.00	0.52	80.43	9.48	0.00
3	7	0.01	2.01	65.42	8.32	0.00
Core	CPU	C1%	C3%	C6%	C8%	C9%
-	-	0.01	0.67	71.01	16.75	0.00
0	0	0.00	0.45	76.70	11.80	0.00
0	4	0.01	0.58	72.12	16.55	0.00
1	1	0.01	0.39	71.08	19.01	0.00
1	5	0.01	0.42	69.17	21.61	0.00
2	2	0.01	0.65	70.10	19.57	0.00
2	6	0.01	0.52	69.49	21.22	0.00
3	3	0.00	0.50	76.76	13.26	0.00
3	7	0.01	1.86	62.84	11.02	0.00
Core	CPU	C1%	C3%	C6%	C8%	C9%
-	-	0.01	0.97	68.75	16.74	0.00
0	0	0.01	0.50	70.79	15.89	0.00
0	4	0.01	0.50	68.44	17.15	0.00
1	1	0.00	0.34	70.59	18.23	0.00
1	5	0.01	0.41	68.24	20.19	0.00
2	2	0.01	0.67	68.41	18.93	0.00
2	6	0.00	0.38	67.01	21.71	0.00
3	3	0.00	1.43	74.80	11.73	0.00
3	7	0.01	3.51	61.75	10.13	0.00
Core	CPU	C1%	C3%	C6%	C8%	C9%
-	-	0.00	0.73	71.56	16.47	0.00
0	0	0.01	0.58	69.96	19.12	0.00
0	4	0.00	0.57	68.17	22.44	0.00
1	1	0.00	0.43	74.87	14.91	0.00
1	5	0.01	0.51	70.59	19.97	0.00
2	2	0.01	0.55	72.09	17.66	0.00
2	6	0.00	0.33	71.55	19.33	0.00
3	3	0.00	0.60	79.98	9.88	0.00
3	7	0.01	2.25	65.08	8.43	0.00
Core	CPU	C1%	C3%	C6%	C8%	C9%
-	-	0.00	0.84	70.87	16.82	0.00
0	0	0.00	0.42	72.67	16.29	0.00
0	4	0.00	1.21	70.04	19.65	0.00
1	1	0.00	0.53	74.77	15.02	0.00
1	5	0.01	0.42	70.54	20.06	0.00
2	2	0.01	0.60	69.35	20.32	0.00
2	6	0.00	0.47	68.51	22.18	0.00
3	3	0.00	0.52	77.04	12.62	0.00
3	7	0.01	2.54	64.66	8.56	0.00
Core	CPU	C1%	C3%	C6%	C8%	C9%
-	-	0.01	0.66	71.21	16.83	0.00
0	0	0.00	0.40	74.42	14.79	0.00
0	4	0.00	0.56	73.94	16.51	0.00
1	1	0.00	0.39	71.94	17.92	0.00
1	5	0.01	0.40	69.96	20.87	0.00
2	2	0.01	0.56	70.24	19.58	0.00
2	6	0.00	0.45	69.35	21.42	0.00
3	3	0.00	0.65	76.56	13.24	0.00
3	7	0.02	1.86	63.30	10.29	0.00
Core	CPU	C1%	C3%	C6%	C8%	C9%
-	-	0.01	0.65	70.84	17.23	0.00
0	0	0.00	0.40	75.78	13.34	0.00
0	4	0.00	0.50	76.73	13.61	0.00
1	1	0.01	0.42	70.17	19.71	0.00
1	5	0.00	0.42	67.86	23.01	0.00
2	2	0.01	0.56	69.67	20.23	0.00
2	6	0.00	0.56	67.69	23.02	0.00
3	3	0.00	0.53	75.37	14.53	0.00
3	7	0.01	1.81	63.33	10.35	0.00
Core	CPU	C1%	C3%	C6%	C8%	C9%
-	-	0.01	1.00	68.90	17.14	0.00
0	0	0.00	0.35	72.22	15.02	0.00
0	4	0.00	0.64	72.69	15.67	0.00
1	1	0.01	0.40	68.98	19.04	0.00
1	5	0.01	0.33	67.07	21.45	0.00
2	2	0.01	0.57	66.86	21.90	0.00
2	6	0.00	0.42	65.78	22.67	0.00
3	3	0.03	2.11	74.46	12.02	0.00
3	7	0.01	3.22	62.58	9.22	0.00
Core	CPU	C1%	C3%	C6%	C8%	C9%
-	-	0.01	0.67	70.50	17.54	0.00
0	0	0.00	0.34	72.90	16.27	0.00
0	4	0.00	0.60	73.33	17.09	0.00
1	1	0.01	0.50	70.97	18.82	0.00
1	5	0.00	0.36	69.36	21.42	0.00
2	2	0.01	0.62	69.66	20.06	0.00
2	6	0.00	0.58	68.92	21.78	0.00
3	3	0.00	0.47	75.51	14.51	0.00
3	7	0.02	1.89	63.36	10.38	0.00
Core	CPU	C1%	C3%	C6%	C8%	C9%
-	-	0.01	0.83	71.30	16.50	0.00
0	0	0.01	0.44	72.67	16.42	0.00
0	4	0.00	0.52	74.43	15.99	0.00
1	1	0.01	0.48	69.61	20.12	0.00
1	5	0.01	0.48	69.81	21.00	0.00
2	2	0.01	0.56	71.07	18.78	0.00
2	6	0.00	1.30	70.70	19.21	0.00
3	3	0.01	0.49	78.49	11.57	0.00
3	7	0.01	2.40	64.23	9.07	0.00
Core	CPU	C1%	C3%	C6%	C8%	C9%
-	-	0.00	0.64	70.63	17.45	0.00
0	0	0.00	0.47	76.84	12.17	0.00
0	4	0.00	0.54	73.98	16.57	0.00
1	1	0.00	0.36	73.40	16.41	0.00
1	5	0.00	0.26	69.38	21.55	0.00
2	2	0.01	0.63	68.86	20.91	0.00
2	6	0.00	0.51	67.79	22.95	0.00
3	3	0.01	0.56	73.45	16.54	0.00
3	7	0.01	1.76	61.31	12.48	0.00
Core	CPU	C1%	C3%	C6%	C8%	C9%
-	-	0.01	0.67	71.21	16.75	0.00
0	0	0.00	0.40	78.27	10.66	0.00
0	4	0.00	0.55	72.43	18.16	0.00
1	1	0.01	0.34	74.27	15.40	0.00
1	5	0.00	0.27	70.51	20.40	0.00
2	2	0.01	0.60	68.81	20.96	0.00
2	6	0.01	0.62	66.70	23.95	0.00
3	3	0.01	0.58	76.61	12.98	0.00
3	7	0.01	1.99	62.08	11.46	0.00
Core	CPU	C1%	C3%	C6%	C8%	C9%
-	-	0.00	1.01	69.76	16.12	0.00
0	0	0.01	0.49	74.67	11.94	0.00
0	4	0.00	0.56	72.19	16.37	0.00
1	1	0.00	0.42	70.99	17.07	0.00
1	5	0.00	0.40	68.41	20.37	0.00
2	2	0.00	0.56	67.45	20.42	0.00
2	6	0.00	0.45	66.19	22.53	0.00
3	3	0.00	2.73	74.92	11.50	0.00
3	7	0.01	2.45	62.92	8.65	0.00
Core	CPU	C1%	C3%	C6%	C8%	C9%
-	-	0.01	0.66	71.49	16.60	0.00
0	0	0.01	0.42	74.18	14.97	0.00
0	4	0.00	0.54	74.22	16.22	0.00
1	1	0.00	0.45	73.19	16.42	0.00
1	5	0.01	0.43	70.41	20.39	0.00
2	2	0.01	0.63	71.05	18.74	0.00
2	6	0.00	0.47	70.47	20.32	0.00
3	3	0.00	0.47	74.66	15.35	0.00
3	7	0.01	1.83	63.44	10.34	0.00
Core	CPU	C1%	C3%	C6%	C8%	C9%
-	-	0.00	0.72	71.01	16.88	0.00
0	0	0.00	0.43	77.16	11.86	0.00
0	4	0.00	0.57	72.38	18.25	0.00
1	1	0.00	0.50	74.57	14.53	0.00
1	5	0.01	0.29	70.45	20.48	0.00
2	2	0.01	0.66	69.05	20.63	0.00
2	6	0.00	0.45	67.16	23.66	0.00
3	3	0.00	0.62	75.41	14.53	0.00
3	7	0.01	2.28	62.23	11.20	0.00
Core	CPU	C1%	C3%	C6%	C8%	C9%
-	-	0.01	0.73	71.60	16.36	0.00
0	0	0.01	0.50	71.82	17.28	0.00
0	4	0.00	0.66	70.02	20.53	0.00
1	1	0.00	0.47	75.43	14.29	0.00
1	5	0.01	0.58	70.59	20.01	0.00
2	2	0.00	0.64	70.22	19.51	0.00
2	6	0.00	0.40	70.69	20.11	0.00
3	3	0.00	0.49	78.62	11.32	0.00
3	7	0.02	2.11	65.73	7.91	0.00
Core	CPU	C1%	C3%	C6%	C8%	C9%
-	-	0.01	0.69	71.28	16.73	0.00
0	0	0.00	0.49	76.58	12.10	0.00
0	4	0.00	0.52	71.26	19.42	0.00
1	1	0.00	0.35	71.34	18.75	0.00
1	5	0.01	0.41	70.62	20.19	0.00
2	2	0.01	0.63	69.99	19.74	0.00
2	6	0.00	0.51	68.82	21.90	0.00
3	3	0.01	0.61	78.27	11.61	0.00
3	7	0.01	2.01	63.43	10.17	0.00
Core	CPU	C1%	C3%	C6%	C8%	C9%
-	-	0.01	0.99	68.83	17.06	0.00
0	0	0.00	0.40	72.88	14.08	0.00
0	4	0.00	0.45	68.75	20.67	0.00
1	1	0.00	0.31	69.83	17.73	0.00
1	5	0.01	0.46	67.25	21.18	0.00
2	2	0.01	0.64	68.69	19.15	0.00
2	6	0.01	0.45	67.08	21.65	0.00
3	3	0.01	2.47	74.58	11.68	0.00
3	7	0.01	2.73	61.30	10.23	0.00
Core	CPU	C1%	C3%	C6%	C8%	C9%
-	-	0.00	0.64	71.68	16.47	0.00
0	0	0.00	0.39	74.92	14.21	0.00
0	4	0.01	0.55	73.14	17.53	0.00
1	1	0.00	0.43	76.24	13.54	0.00
1	5	0.00	0.33	70.07	20.85	0.00
2	2	0.01	0.74	69.44	20.25	0.00
2	6	0.00	0.52	69.81	20.93	0.00
3	3	0.00	0.37	75.88	14.17	0.00
3	7	0.01	1.79	63.64	10.21	0.00
Core	CPU	C1%	C3%	C6%	C8%	C9%
-	-	0.01	0.84	71.45	16.40	0.00
0	0	0.00	0.47	73.31	15.84	0.00
0	4	0.00	0.51	71.07	19.53	0.00
1	1	0.00	0.43	74.14	15.59	0.00
1	5	0.01	1.15	69.64	20.30	0.00
2	2	0.01	0.55	70.81	19.08	0.00
2	6	0.00	0.46	69.91	20.89	0.00
3	3	0.00	0.54	78.14	11.79	0.00
3	7	0.01	2.61	64.95	8.24	0.00
Core	CPU	C1%	C3%	C6%	C8%	C9%
-	-	0.00	0.66	71.56	16.46	0.00
0	0	0.01	0.41	76.97	12.08	0.00
0	4	0.00	0.64	72.29	18.31	0.00
1	1	0.00	0.41	73.38	16.57	0.00
1	5	0.00	0.36	70.39	20.41	0.00
2	2	0.01	0.60	70.38	19.36	0.00
2	6	0.00	0.47	68.98	21.79	0.00
3	3	0.00	0.50	76.55	13.36	0.00
3	7	0.01	1.91	63.79	9.86	0.00
Core	CPU	C1%	C3%	C6%	C8%	C9%
-	-	0.14	0.70	72.00	15.82	0.00
0	0	0.22	0.50	73.88	14.92	0.00
0	4	0.13	0.69	74.52	15.64	0.00
1	1	0.13	0.55	72.09	17.44	0.00
1	5	0.24	0.47	70.53	20.01	0.00
2	2	0.38	0.56	70.56	18.85	0.00
2	6	0.00	0.49	70.00	20.64	0.00
3	3	0.00	0.56	79.03	10.55	0.00
3	7	0.01	1.81	65.27	8.52	0.00
Core	CPU	C1%	C3%	C6%	C8%	C9%
-	-	0.00	1.11	69.14	16.99	0.00
0	0	0.00	0.39	70.38	17.79	0.00
0	4	0.00	0.56	67.49	21.21	0.00
1	1	0.00	0.42	74.06	13.64	0.00
1	5	0.01	0.41	67.78	20.79	0.00
2	2	0.00	0.52	67.53	20.97	0.00
2	6	0.00	0.45	68.39	20.71	0.00
3	3	0.01	2.43	74.86	11.64	0.00
3	7	0.01	3.67	62.47	9.09	0.00
Core	CPU	C1%	C3%	C6%	C8%	C9%
-	-	0.01	0.67	71.56	16.52	0.00
0	0	0.01	0.49	73.18	15.91	0.00
0	4	0.00	0.67	72.13	18.42	0.00
1	1	0.00	0.46	77.18	12.58	0.00
1	5	0.01	0.35	70.45	20.44	0.00
2	2	0.01	0.57	69.39	20.45	0.00
2	6	0.00	0.43	68.08	22.71	0.00
3	3	0.00	0.53	77.58	12.33	0.00
3	7	0.01	1.85	64.47	9.28	0.00
Core	CPU	C1%	C3%	C6%	C8%	C9%
-	-	0.01	0.73	70.73	16.61	0.00
0	0	0.00	0.47	74.53	13.84	0.00
0	4	0.01	0.66	69.01	16.35	0.00
1	1	0.00	0.46	71.28	18.42	0.00
1	5	0.00	0.43	68.16	22.86	0.00
2	2	0.01	0.55	72.02	17.84	0.00
2	6	0.00	0.54	68.23	22.32	0.00
3	3	0.00	0.48	78.40	11.82	0.00
3	7	0.04	2.24	64.06	9.40	0.00
Core	CPU	C1%	C3%	C6%	C8%	C9%
-	-	0.01	0.63	70.75	17.30	0.00
0	0	0.00	0.36	76.74	12.23	0.00
0	4	0.00	0.49	71.76	18.96	0.00
1	1	0.01	0.37	72.14	17.94	0.00
1	5	0.01	0.32	70.53	20.34	0.00
2	2	0.01	0.59	69.04	20.80	0.00
2	6	0.00	0.49	67.39	23.39	0.00
3	3	0.01	0.60	76.78	13.20	0.00
3	7	0.01	1.84	62.04	11.67	0.00
Core	CPU	C1%	C3%	C6%	C8%	C9%
-	-	0.00	0.70	71.95	16.05	0.00
0	0	0.01	0.41	75.75	13.41	0.00
0	4	0.01	0.79	73.00	17.22	0.00
1	1	0.00	0.51	72.76	16.80	0.00
1	5	0.01	0.46	70.29	20.53	0.00
2	2	0.00	0.55	70.41	19.39	0.00
2	6	0.00	0.39	70.74	20.04	0.00
3	3	0.00	0.43	77.76	12.31	0.00
3	7	0.00	2.04	64.90	8.75	0.00
Core	CPU	C1%	C3%	C6%	C8%	C9%
-	-	0.01	1.00	69.44	16.42	0.00
0	0	0.01	0.46	70.76	15.85	0.00
0	4	0.00	0.39	70.68	17.85	0.00
1	1	0.00	0.49	69.27	18.55	0.00
1	5	0.01	0.46	67.35	21.42	0.00
2	2	0.00	0.57	67.95	19.81	0.00
2	6	0.00	0.44	66.94	21.90	0.00
3	3	0.00	1.69	77.19	9.36	0.00
3	7	0.02	3.50	64.91	6.51	0.00
Core	CPU	C1%	C3%	C6%	C8%	C9%
-	-	0.00	0.70	71.24	16.75	0.00
0	0	0.00	0.51	76.32	12.32	0.00
0	4	0.00	0.60	72.57	18.03	0.00
1	1	0.00	0.37	72.97	16.86	0.00
1	5	0.00	0.41	69.20	21.61	0.00
2	2	0.00	0.69	69.41	20.29	0.00
2	6	0.01	0.60	68.69	21.91	0.00
3	3	0.00	0.59	76.61	13.32	0.00
3	7	0.01	1.81	64.05	9.61	0.00
Core	CPU	C1%	C3%	C6%	C8%	C9%
-	-	0.00	0.83	69.70	18.05	0.00
0	0	0.01	0.34	72.39	16.82	0.00
0	4	0.00	0.54	70.21	20.39	0.00
1	1	0.00	0.43	69.63	20.35	0.00
1	5	0.00	1.20	71.05	18.69	0.00
2	2	0.01	0.49	67.03	22.72	0.00
2	6	0.00	0.51	66.70	24.06	0.00
3	3	0.00	0.63	77.25	12.27	0.00
3	7	0.01	2.51	63.92	9.27	0.00
Core	CPU	C1%	C3%	C6%	C8%	C9%
-	-	0.01	0.63	70.99	16.84	0.00
0	0	0.00	0.39	76.26	12.75	0.00
0	4	0.00	0.55	73.39	17.20	0.00
1	1	0.01	0.31	72.80	17.28	0.00
1	5	0.00	0.35	69.37	21.51	0.00
2	2	0.03	0.59	67.95	20.54	0.00
2	6	0.00	0.56	68.15	21.89	0.00
3	3	0.00	0.49	76.26	13.74	0.00
3	7	0.00	1.81	63.85	9.84	0.00
Core	CPU	C1%	C3%	C6%	C8%	C9%
-	-	0.01	0.67	71.26	16.84	0.00
0	0	0.01	0.44	74.60	14.38	0.00
0	4	0.00	0.53	72.66	17.99	0.00
1	1	0.00	0.40	74.69	15.15	0.00
1	5	0.00	0.42	69.61	21.22	0.00
2	2	0.02	0.64	69.92	19.97	0.00
2	6	0.00	0.51	69.26	21.49	0.00
3	3	0.00	0.45	75.81	14.19	0.00
3	7	0.02	2.00	63.27	10.24	0.00
Core	CPU	C1%	C3%	C6%	C8%	C9%
-	-	0.05	0.97	69.15	16.70	0.00
0	0	0.00	0.31	73.86	13.17	0.00
0	4	0.00	0.54	71.14	16.93	0.00
1	1	0.00	0.45	72.32	15.63	0.00
1	5	0.00	0.29	68.25	20.75	0.00
2	2	0.01	0.67	67.24	20.76	0.00
2	6	0.00	0.55	66.28	22.55	0.00
3	3	0.01	1.52	71.77	14.73	0.00
3	7	0.38	3.40	61.97	9.02	0.00
Core	CPU	C1%	C3%	C6%	C8%	C9%
-	-	0.01	0.64	70.68	17.33	0.00
0	0	0.00	0.38	74.03	15.07	0.00
0	4	0.00	0.52	73.53	16.93	0.00
1	1	0.00	0.43	71.72	18.11	0.00
1	5	0.01	0.36	71.02	19.77	0.00
2	2	0.01	0.47	68.65	21.26	0.00
2	6	0.00	0.50	68.51	22.22	0.00
3	3	0.00	0.61	74.40	15.48	0.00
3	7	0.01	1.83	63.66	9.83	0.00
Core	CPU	C1%	C3%	C6%	C8%	C9%
-	-	0.00	0.69	70.54	17.35	0.00
0	0	0.00	0.50	75.40	13.57	0.00
0	4	0.00	0.60	73.24	17.24	0.00
1	1	0.00	0.36	71.81	18.21	0.00
1	5	0.01	0.35	68.27	22.54	0.00
2	2	0.00	0.62	68.98	20.83	0.00
2	6	0.00	0.51	69.31	21.39	0.00
3	3	0.01	0.49	75.59	14.49	0.00
3	7	0.01	2.04	62.23	10.68	0.00
Core	CPU	C1%	C3%	C6%	C8%	C9%
-	-	0.03	0.68	71.09	16.87	0.00
0	0	0.01	0.39	77.23	11.82	0.00
0	4	0.00	0.61	72.23	18.30	0.00
1	1	0.00	0.44	72.95	17.11	0.00
1	5	0.01	0.38	69.32	21.43	0.00
2	2	0.01	0.58	66.20	23.52	0.00
2	6	0.00	0.60	67.28	23.38	0.00
3	3	0.00	0.54	78.50	11.48	0.00
3	7	0.21	1.93	64.97	7.92	0.00
Core	CPU	C1%	C3%	C6%	C8%	C9%
-	-	0.01	0.68	70.69	17.31	0.00
0	0	0.01	0.44	74.79	14.19	0.00
0	4	0.00	0.58	73.58	16.90	0.00
1	1	0.01	0.44	71.68	18.31	0.00
1	5	0.00	0.29	67.38	23.50	0.00
2	2	0.01	0.76	71.54	17.82	0.00
2	6	0.01	0.60	69.42	21.26	0.00
3	3	0.00	0.45	74.57	15.51	0.00
3	7	0.01	1.88	62.63	11.04	0.00
Core	CPU	C1%	C3%	C6%	C8%	C9%
-	-	0.01	1.03	68.91	16.97	0.00
0	0	0.00	0.45	74.30	13.01	0.00
0	4	0.00	0.64	71.57	16.94	0.00
1	1	0.01	0.37	72.11	16.27	0.00
1	5	0.01	0.33	66.70	21.80	0.00
2	2	0.01	0.73	67.36	19.73	0.00
2	6	0.00	0.56	66.51	21.98	0.00
3	3	0.02	1.35	71.64	14.87	0.00
3	7	0.01	3.82	60.51	11.05	0.00
Core	CPU	C1%	C3%	C6%	C8%	C9%
-	-	0.01	0.72	71.93	16.08	0.00
0	0	0.01	0.42	73.64	15.44	0.00
0	4	0.00	0.69	71.30	18.97	0.00
1	1	0.01	0.51	71.07	18.79	0.00
1	5	0.01	0.55	71.37	19.28	0.00
2	2	0.01	0.45	70.38	19.53	0.00
2	6	0.00	0.45	70.89	19.91	0.00
3	3	0.00	0.55	79.84	10.10	0.00
3	7	0.01	2.13	66.93	6.60	0.00
Core	CPU	C1%	C3%	C6%	C8%	C9%
-	-	0.01	0.79	70.52	17.15	0.00
0	0	0.01	0.43	72.18	16.89	0.00
0	4	0.00	0.56	73.53	16.89	0.00
1	1	0.00	0.45	70.95	18.85	0.00
1	5	0.01	0.44	70.26	20.53	0.00
2	2	0.01	0.54	69.94	19.97	0.00
2	6	0.01	1.04	68.90	20.68	0.00
3	3	0.00	0.54	75.37	14.10	0.00
3	7	0.01	2.32	63.68	9.44	0.00
Core	CPU	C1%	C3%	C6%	C8%	C9%
-	-	0.00	0.71	71.63	16.40	0.00
0	0	0.00	0.44	74.71	14.31	0.00
0	4	0.00	0.71	70.08	20.45	0.00
1	1	0.00	0.45	75.06	14.81	0.00
1	5	0.00	0.39	70.20	20.69	0.00
2	2	0.01	0.67	70.93	18.65	0.00
2	6	0.00	0.56	70.19	20.53	0.00
3	3	0.00	0.55	77.11	12.83	0.00
3	7	0.01	1.89	64.75	8.93	0.00
Core	CPU	C1%	C3%	C6%	C8%	C9%
-	-	0.01	0.65	71.32	16.76	0.00
0	0	0.00	0.35	74.28	14.79	0.00
0	4	0.00	0.59	71.83	18.70	0.00
1	1	0.00	0.49	73.26	16.63	0.00
1	5	0.01	0.33	69.20	21.71	0.00
2	2	0.01	0.70	71.51	18.08	0.00
2	6	0.01	0.60	69.15	21.57	0.00
3	3	0.00	0.48	75.96	14.04	0.00
3	7	0.01	1.69	65.28	8.56	0.00
Core	CPU	C1%	C3%	C6%	C8%	C9%
-	-	0.01	1.13	69.32	16.95	0.00
0	0	0.00	0.42	68.42	19.13	0.00
0	4	0.00	0.56	69.15	20.36	0.00
1	1	0.01	0.41	68.41	19.71	0.00
1	5	0.01	0.55	67.04	21.44	0.00
2	2	0.01	0.54	71.92	17.47	0.00
2	6	0.01	0.44	68.33	20.46	0.00
3	3	0.01	2.52	76.68	9.84	0.00
3	7	0.01	3.56	64.39	7.14	0.00
Core	CPU	C1%	C3%	C6%	C8%	C9%
-	-	0.00	0.67	70.70	17.39	0.00
0	0	0.01	0.43	75.18	13.75	0.00
0	4	0.00	0.59	72.00	18.60	0.00
1	1	0.00	0.46	70.46	19.46	0.00
1	5	0.01	0.31	67.90	22.88	0.00
2	2	0.01	0.54	70.39	19.26	0.00
2	6	0.00	0.53	68.54	22.21	0.00
3	3	0.00	0.56	76.78	13.12	0.00
3	7	0.01	1.93	64.01	9.72	0.00
Core	CPU	C1%	C3%	C6%	C8%	C9%
-	-	0.01	0.82	71.43	16.24	0.00
0	0	0.01	0.97	73.03	15.36	0.00
0	4	0.00	0.64	70.48	19.55	0.00
1	1	0.00	0.50	73.16	16.63	0.00
1	5	0.01	0.48	69.19	20.96	0.00
2	2	0.01	0.52	71.94	17.77	0.00
2	6	0.01	0.54	71.94	18.82	0.00
3	3	0.00	0.49	78.15	11.84	0.00
3	7	0.01	2.41	64.18	9.14	0.00
Core	CPU	C1%	C3%	C6%	C8%	C9%
-	-	0.01	0.69	71.21	16.85	0.00
0	0	0.00	0.49	76.77	12.04	0.00
0	4	0.00	0.52	71.44	19.26	0.00
1	1	0.01	0.45	71.09	18.91	0.00
1	5	0.01	0.46	69.10	21.68	0.00
2	2	0.02	0.52	68.87	21.00	0.00
2	6	0.00	0.39	70.01	20.76	0.00
3	3	0.00	0.61	77.94	11.93	0.00
3	7	0.01	2.06	64.31	9.23	0.00
Core	CPU	C1%	C3%	C6%	C8%	C9%
-	-	0.03	0.71	70.51	17.06	0.00
0	0	0.00	0.54	73.37	14.85	0.00
0	4	0.01	0.61	69.01	18.68	0.00
1	1	0.01	0.53	69.59	20.21	0.00
1	5	0.01	0.52	68.12	22.56	0.00
2	2	0.01	0.43	70.79	19.21	0.00
2	6	0.00	0.39	69.63	21.29	0.00
3	3	0.00	0.57	77.73	12.18	0.00
3	7	0.22	2.06	65.99	7.50	0.00
Core	CPU	C1%	C3%	C6%	C8%	C9%
-	-	0.01	1.12	68.63	17.12	0.06
0	0	0.00	0.33	70.18	16.81	0.00
0	4	0.00	0.54	66.80	19.54	0.00
1	1	0.01	0.46	71.04	16.68	0.00
1	5	0.01	0.45	67.76	21.01	0.00
2	2	0.01	0.48	67.20	21.67	0.00
2	6	0.00	0.44	65.17	23.16	0.50
3	3	0.00	2.41	76.21	10.39	0.00
3	7	0.01	3.82	64.09	7.56	0.00
Core	CPU	C1%	C3%	C6%	C8%	C9%
-	-	0.00	0.66	71.72	16.32	0.00
0	0	0.00	0.48	77.49	11.61	0.00
0	4	0.01	0.68	73.72	16.82	0.00
1	1	0.00	0.49	76.22	13.49	0.00
1	5	0.00	0.31	70.01	20.88	0.00
2	2	0.01	0.62	69.43	20.36	0.00
2	6	0.00	0.53	69.17	21.53	0.00
3	3	0.00	0.49	74.78	15.21	0.00
3	7	0.00	1.69	63.16	10.66	0.00
Core	CPU	C1%	C3%	C6%	C8%	C9%
-	-	0.01	0.80	71.46	16.47	0.00
0	0	0.01	1.18	74.82	13.52	0.00
0	4	0.00	0.66	72.26	18.35	0.00
1	1	0.00	0.46	72.20	17.82	0.00
1	5	0.01	0.27	69.67	21.27	0.00
2	2	0.01	0.61	71.04	18.73	0.00
2	6	0.01	0.50	70.05	20.69	0.00
3	3	0.01	0.60	77.62	12.01	0.00
3	7	0.00	2.12	63.88	9.29	0.00
Core	CPU	C1%	C3%	C6%	C8%	C9%
-	-	0.01	0.67	71.40	16.60	0.00
0	0	0.00	0.50	73.50	15.69	0.00
0	4	0.01	0.69	72.17	18.34	0.00
1	1	0.01	0.32	73.25	16.77	0.00
1	5	0.01	0.40	69.26	21.54	0.00
2	2	0.01	0.60	71.40	18.18	0.00
2	6	0.00	0.50	69.34	21.44	0.00
3	3	0.00	0.44	77.54	12.49	0.00
3	7	0.01	1.95	65.23	8.48	0.00
Core	CPU	C1%	C3%	C6%	C8%	C9%
-	-	0.01	0.67	70.98	17.04	0.00
0	0	0.00	0.41	75.74	13.41	0.00
0	4	0.00	0.67	73.81	16.66	0.00
1	1	0.01	0.39	72.72	17.07	0.00
1	5	0.01	0.33	68.74	22.05	0.00
2	2	0.01	0.55	71.12	18.66	0.00
2	6	0.01	0.61	69.38	21.31	0.00
3	3	0.01	0.51	74.74	15.19	0.00
3	7	0.01	1.90	61.64	12.01	0.00
Core	CPU	C1%	C3%	C6%	C8%	C9%
-	-	0.01	1.24	69.85	16.80	0.00
0	0	0.01	0.44	74.71	13.85	0.00
0	4	0.00	0.62	72.14	17.39	0.00
1	1	0.00	0.39	69.79	19.20	0.00
1	5	0.00	0.35	69.69	20.24	0.00
2	2	0.01	0.61	68.78	19.35	0.00
2	6	0.00	0.48	68.48	21.12	0.00
3	3	0.00	3.45	73.07	13.49	0.00
3	7	0.01	3.61	61.86	9.66	0.00
Core	CPU	C1%	C3%	C6%	C8%	C9%
-	-	0.01	0.64	71.05	17.00	0.00
0	0	0.00	0.31	74.35	14.92	0.00
0	4	0.00	0.53	77.77	12.54	0.00
1	1	0.01	0.57	70.91	18.56	0.00
1	5	0.01	0.36	68.35	22.55	0.00
2	2	0.01	0.56	68.39	21.45	0.00
2	6	0.01	0.54	68.92	21.85	0.00
3	3	0.00	0.44	75.81	14.17	0.00
3	7	0.01	1.84	63.78	9.90	0.00
Core	CPU	C1%	C3%	C6%	C8%	C9%
-	-	0.00	0.80	70.90	16.97	0.00
0	0	0.00	0.49	75.81	13.22	0.00
0	4	0.00	0.56	71.55	19.14	0.00
1	1	0.01	1.07	74.17	14.90	0.00
1	5	0.01	0.37	70.71	20.14	0.00
2	2	0.00	0.50	69.09	20.83	0.00
2	6	0.00	0.48	68.60	22.21	0.00
3	3	0.00	0.54	75.84	14.07	0.00
3	7	0.01	2.40	61.92	11.31	0.00
Core	CPU	C1%	C3%	C6%	C8%	C9%
-	-	0.01	0.70	72.04	15.86	0.00
0	0	0.00	0.44	75.99	13.08	0.00
0	4	0.00	0.66	75.06	15.27	0.00
1	1	0.00	0.39	75.08	14.65	0.00
1	5	0.01	0.40	70.99	19.67	0.00
2	2	0.00	0.63	68.14	21.57	0.00
2	6	0.00	0.54	69.24	21.44	0.00
3	3	0.01	0.58	77.36	12.51	0.00
3	7	0.01	1.98	64.56	8.72	0.00
Core	CPU	C1%	C3%	C6%	C8%	C9%
-	-	0.03	0.65	70.65	17.39	0.00
0	0	0.00	0.39	76.11	12.90	0.00
0	4	0.00	0.53	74.87	15.71	0.00
1	1	0.01	0.39	72.01	17.91	0.00
1	5	0.01	0.34	66.80	24.08	0.00
2	2	0.01	0.60	69.22	20.64	0.00
2	6	0.01	0.61	68.13	22.58	0.00
3	3	0.00	0.48	75.46	14.46	0.00
3	7	0.21	1.84	62.58	10.81	0.00
Core	CPU	C1%	C3%	C6%	C8%	C9%
-	-	0.02	1.03	68.93	16.54	0.00
0	0	0.00	0.47	70.84	15.61	0.00
0	4	0.00	0.55	67.34	20.61	0.00
1	1	0.01	0.40	70.04	17.78	0.00
1	5	0.01	0.45	68.20	20.54	0.00
2	2	0.01	0.49	69.10	18.63	0.00
2	6	0.00	0.44	67.52	20.74	0.00
3	3	0.09	1.62	75.08	10.47	0.00
3	7	0.01	3.81	63.36	7.98	0.00
Core	CPU	C1%	C3%	C6%	C8%	C9%
-	-	0.01	0.68	70.83	17.24	0.00
0	0	0.00	0.45	75.29	13.70	0.00
0	4	0.00	0.50	70.48	20.21	0.00
1	1	0.01	0.45	72.55	17.41	0.00
1	5	0.01	0.46	69.72	21.06	0.00
2	2	0.01	0.54	69.37	20.47	0.00
2	6	0.00	0.54	68.57	22.17	0.00
3	3	0.00	0.48	76.92	13.02	0.00
3	7	0.01	1.99	63.75	9.87	0.00
Core	CPU	C1%	C3%	C6%	C8%	C9%
-	-	0.01	0.73	71.13	16.85	0.00
0	0	0.00	0.50	73.72	15.36	0.00
0	4	0.00	0.66	73.18	17.21	0.00
1	1	0.01	0.42	73.15	16.84	0.00
1	5	0.01	0.43	70.31	20.54	0.00
2	2	0.01	0.52	70.43	19.41	0.00
2	6	0.00	0.46	69.18	21.69	0.00
3	3	0.01	0.49	75.98	14.00	0.00
3	7	0.01	2.34	63.10	9.71	0.00
Core	CPU	C1%	C3%	C6%	C8%	C9%
-	-	0.01	0.68	71.26	16.79	0.00
0	0	0.01	0.41	72.25	16.87	0.00
0	4	0.00	0.63	74.01	16.27	0.00
1	1	0.00	0.44	71.34	18.66	0.00
1	5	0.00	0.39	71.13	19.66	0.00
2	2	0.01	0.62	70.96	18.82	0.00
2	6	0.00	0.48	68.96	21.84	0.00
3	3	0.00	0.58	77.04	12.82	0.00
3	7	0.02	1.92	64.34	9.37	0.00
Core	CPU	C1%	C3%	C6%	C8%	C9%
-	-	0.00	0.68	71.15	16.88	0.00
0	0	0.00	0.43	75.42	13.54	0.00
0	4	0.00	0.57	72.96	17.54	0.00
1	1	0.00	0.44	71.23	18.75	0.00
1	5	0.01	0.40	68.52	22.32	0.00
2	2	0.01	0.56	70.23	19.58	0.00
2	6	0.00	0.47	68.47	22.34	0.00
3	3	0.01	0.57	78.64	11.23	0.00
3	7	0.01	2.01	63.77	9.75	0.00
Core	CPU	C1%	C3%	C6%	C8%	C9%
-	-	0.01	0.91	69.47	16.21	0.00
0	0	0.00	0.45	71.31	15.23	0.00
0	4	0.00	0.60	71.94	16.33	0.00
1	1	0.00	0.55	70.53	17.82	0.00
1	5	0.01	0.45	69.60	18.68	0.00
2	2	0.01	0.56	67.92	19.92	0.00
2	6	0.00	0.39	67.36	21.07	0.00
3	3	0.01	1.93	74.09	11.99	0.00
3	7	0.02	2.32	63.06	8.64	0.00
Core	CPU	C1%	C3%	C6%	C8%	C9%
-	-	0.01	0.64	72.03	16.05	0.00
0	0	0.00	0.46	76.74	12.15	0.00
0	4	0.01	0.53	72.57	18.08	0.00
1	1	0.00	0.45	73.43	16.48	0.00
1	5	0.01	0.36	71.11	19.82	0.00
2	2	0.01	0.51	68.73	21.12	0.00
2	6	0.00	0.45	70.80	20.00	0.00
3	3	0.00	0.55	77.98	11.89	0.00
3	7	0.01	1.84	64.89	8.82	0.00
Core	CPU	C1%	C3%	C6%	C8%	C9%
-	-	0.01	0.79	71.12	16.87	0.00
0	0	0.01	0.43	77.04	12.01	0.00
0	4	0.00	0.45	70.86	19.94	0.00
1	1	0.01	0.49	72.49	17.35	0.00
1	5	0.01	0.98	70.43	19.65	0.00
2	2	0.01	0.52	68.75	21.10	0.00
2	6	0.01	0.57	67.81	22.92	0.00
3	3	0.00	0.60	77.26	12.61	0.00
3	7	0.01	2.29	63.81	9.29	0.00
Core	CPU	C1%	C3%	C6%	C8%	C9%
-	-	0.00	0.68	71.04	16.87	0.00
0	0	0.00	0.48	74.69	14.39	0.00
0	4	0.00	0.58	75.86	14.47	0.00
1	1	0.00	0.29	73.06	16.79	0.00
1	5	0.00	0.36	69.56	21.29	0.00
2	2	0.01	0.66	68.21	21.50	0.00
2	6	0.00	0.53	67.61	23.10	0.00
3	3	0.01	0.56	77.82	12.07	0.00
3	7	0.00	1.96	62.02	11.49	0.00
Core	CPU	C1%	C3%	C6%	C8%	C9%
-	-	0.01	0.65	71.08	16.98	0.00
0	0	0.00	0.44	75.12	13.81	0.00
0	4	0.00	0.50	73.09	17.38	0.00
1	1	0.01	0.40	69.87	20.12	0.00
1	5	0.01	0.42	67.10	23.76	0.00
2	2	0.00	0.54	71.48	18.37	0.00
2	6	0.00	0.49	69.55	21.23	0.00
3	3	0.00	0.51	77.91	12.02	0.00
3	7	0.01	1.92	64.56	9.13	0.00
Core	CPU	C1%	C3%	C6%	C8%	C9%
-	-	0.00	0.92	69.65	16.29	0.00
0	0	0.01	0.39	70.88	15.87	0.00
0	4	0.00	0.57	68.43	20.22	0.00
1	1	0.00	0.47	75.75	12.08	0.00
1	5	0.01	0.41	68.21	20.60	0.00
2	2	0.00	0.57	67.14	20.79	0.00
2	6	0.00	0.46	68.18	20.60	0.00
3	3	0.00	2.10	74.87	11.60	0.00
3	7	0.01	2.39	63.19	8.40	0.00
Core	CPU	C1%	C3%	C6%	C8%	C9%
-	-	0.00	0.65	71.09	16.95	0.00
0	0	0.00	0.40	72.22	16.90	0.00
0	4	0.00	0.57	70.82	19.73	0.00
1	1	0.00	0.60	77.17	12.29	0.00
1	5	0.00	0.34	69.91	21.01	0.00
2	2	0.01	0.65	69.91	19.87	0.00
2	6	0.01	0.59	69.11	21.63	0.00
3	3	0.00	0.46	75.95	13.96	0.00
3	7	0.01	1.62	63.80	10.20	0.00
Core	CPU	C1%	C3%	C6%	C8%	C9%
-	-	0.01	0.84	69.68	17.52	0.00
0	0	0.00	0.40	74.58	13.96	0.00
0	4	0.01	0.65	69.90	15.42	0.00
1	1	0.01	0.36	72.09	17.82	0.00
1	5	0.01	1.08	67.47	22.41	0.00
2	2	0.00	0.64	68.26	21.30	0.00
2	6	0.01	0.49	67.56	23.10	0.00
3	3	0.00	0.51	75.52	14.61	0.00
3	7	0.01	2.63	61.99	11.58	0.00
Core	CPU	C1%	C3%	C6%	C8%	C9%
-	-	0.00	0.65	71.13	16.88	0.00
0	0	0.00	0.39	74.80	14.46	0.00
0	4	0.00	0.57	74.74	15.67	0.00
1	1	0.01	0.39	74.22	15.55	0.00
1	5	0.01	0.29	68.17	22.74	0.00
2	2	0.01	0.62	69.63	20.15	0.00
2	6	0.00	0.59	69.44	21.24	0.00
3	3	0.01	0.50	76.17	13.79	0.00
3	7	0.00	1.83	62.23	11.50	0.00
Core	CPU	C1%	C3%	C6%	C8%	C9%
-	-	0.00	0.66	70.88	17.15	0.00
0	0	0.00	0.42	73.62	15.56	0.00
0	4	0.00	0.46	75.13	15.26	0.00
1	1	0.00	0.48	70.19	19.48	0.00
1	5	0.00	0.40	67.79	23.05	0.00
2	2	0.01	0.58	69.62	20.22	0.00
2	6	0.00	0.52	69.27	21.45	0.00
3	3	0.00	0.56	76.99	12.90	0.00
3	7	0.01	1.85	64.52	9.26	0.00
Core	CPU	C1%	C3%	C6%	C8%	C9%
-	-	0.01	1.11	68.97	16.92	0.00
0	0	0.01	0.45	72.25	14.68	0.00
0	4	0.00	0.44	72.24	16.30	0.00
1	1	0.01	0.42	69.28	18.03	0.00
1	5	0.01	0.37	67.08	22.02	0.00
2	2	0.01	0.59	66.97	21.14	0.00
2	6	0.00	0.53	67.38	21.14	0.00
3	3	0.01	2.46	74.86	11.69	0.00
3	7	0.01	3.62	61.17	10.24	0.00
Core	CPU	C1%	C3%	C6%	C8%	C9%
-	-	0.00	0.66	71.09	16.97	0.00
0	0	0.00	0.42	76.35	12.57	0.00
0	4	0.01	0.67	74.71	15.71	0.00
1	1	0.01	0.53	74.76	14.85	0.00
1	5	0.00	0.31	68.80	22.16	0.00
2	2	0.01	0.66	66.97	22.86	0.00
2	6	0.01	0.54	67.53	23.18	0.00
3	3	0.00	0.46	75.72	14.25	0.00
3	7	0.01	1.66	63.73	10.15	0.00
Core	CPU	C1%	C3%	C6%	C8%	C9%
-	-	0.00	0.66	71.16	16.78	0.00
0	0	0.00	0.37	77.52	11.47	0.00
0	4	0.00	0.40	72.86	17.89	0.00
1	1	0.01	0.41	73.83	16.18	0.00
1	5	0.00	0.41	70.85	19.99	0.00
2	2	0.01	0.61	67.87	22.03	0.00
2	6	0.00	0.49	68.27	22.54	0.00
3	3	0.00	0.50	74.85	15.14	0.00
3	7	0.01	2.06	63.92	9.16	0.00
Core	CPU	C1%	C3%	C6%	C8%	C9%
-	-	0.01	0.68	72.15	15.89	0.00
0	0	0.00	0.54	77.89	10.93	0.00
0	4	0.01	0.46	72.78	17.91	0.00
1	1	0.01	0.36	72.78	17.19	0.00
1	5	0.01	0.41	70.34	20.48	0.00
2	2	0.01	0.57	70.85	19.00	0.00
2	6	0.00	0.47	69.94	20.82	0.00
3	3	0.00	0.52	78.55	11.38	0.00
3	7	0.00	2.11	64.02	9.43	0.00
Core	CPU	C1%	C3%	C6%	C8%	C9%
-	-	0.01	0.65	71.35	16.71	0.00
0	0	0.00	0.45	76.73	12.28	0.00
0	4	0.00	0.57	72.85	17.77	0.00
1	1	0.01	0.40	75.64	14.21	0.00
1	5	0.00	0.31	69.12	21.77	0.00
2	2	0.01	0.59	69.48	20.40	0.00
2	6	0.01	0.53	68.32	22.39	0.00
3	3	0.01	0.57	76.19	13.71	0.00
3	7	0.01	1.78	62.53	11.15	0.00
Core	CPU	C1%	C3%	C6%	C8%	C9%
-	-	0.01	1.09	68.94	17.01	0.00
0	0	0.01	0.50	70.26	16.91	0.00
0	4	0.00	0.56	69.98	18.61	0.00
1	1	0.01	0.32	69.88	18.17	0.00
1	5	0.01	0.36	69.17	19.91	0.00
2	2	0.01	0.47	66.90	20.54	0.00
2	6	0.00	0.41	67.28	21.50	0.00
3	3	0.01	2.59	75.79	10.51	0.00
3	7	0.01	3.49	61.70	9.77	0.00
Core	CPU	C1%	C3%	C6%	C8%	C9%
-	-	0.01	0.69	71.76	16.28	0.00
0	0	0.01	0.44	72.85	16.18	0.00
0	4	0.00	0.49	70.91	19.75	0.00
1	1	0.01	0.45	74.98	14.87	0.00
1	5	0.01	0.51	69.97	20.70	0.00
2	2	0.01	0.53	69.83	20.07	0.00
2	6	0.01	0.50	70.33	20.39	0.00
3	3	0.00	0.56	79.57	10.30	0.00
3	7	0.01	2.07	65.64	7.96	0.00
Core	CPU	C1%	C3%	C6%	C8%	C9%
-	-	0.00	0.85	71.24	16.60	0.00
0	0	0.00	0.46	71.45	17.71	0.00
0	4	0.00	0.48	70.80	19.93	0.00
1	1	0.00	1.34	75.16	13.68	0.00
1	5	0.01	0.58	70.28	20.40	0.00
2	2	0.01	0.53	69.93	20.03	0.00
2	6	0.01	0.42	70.29	20.54	0.00
3	3	0.00	0.48	77.64	12.33	0.00
3	7	0.01	2.53	64.96	8.30	0.00
Core	CPU	C1%	C3%	C6%	C8%	C9%
-	-	0.01	0.68	72.00	16.08	0.00
0	0	0.00	0.47	75.38	13.79	0.00
0	4	0.01	0.60	73.74	16.83	0.00
1	1	0.01	0.40	75.64	14.16	0.00
1	5	0.00	0.41	70.21	20.54	0.00
2	2	0.01	0.60	69.24	20.53	0.00
2	6	0.00	0.51	69.18	21.52	0.00
3	3	0.00	0.38	77.95	12.09	0.00
3	7	0.02	2.06	64.46	9.12	0.00
Core	CPU	C1%	C3%	C6%	C8%	C9%
-	-	0.00	0.67	71.42	16.60	0.00
0	0	0.00	0.38	74.05	15.12	0.00
0	4	0.00	0.71	73.73	16.69	0.00
1	1	0.01	0.47	74.10	15.62	0.00
1	5	0.00	0.40	71.24	19.46	0.00
2	2	0.00	0.54	68.86	21.06	0.00
2	6	0.00	0.54	69.19	21.53	0.00
3	3	0.01	0.52	76.99	12.99	0.00
3	7	0.00	1.83	63.31	10.39	0.00
Core	CPU	C1%	C3%	C6%	C8%	C9%
-	-	0.00	1.25	69.67	16.79	0.00
0	0	0.00	0.43	70.97	16.52	0.00
0	4	0.00	0.49	70.44	18.20	0.00
1	1	0.00	0.44	70.74	17.45	0.00
1	5	0.01	0.51	70.39	19.72	0.00
2	2	0.01	0.53	68.21	20.99	0.00
2	6	0.00	0.45	68.74	21.26	0.00
3	3	0.00	3.16	74.46	11.98	0.00
3	7	0.01	4.04	63.48	8.18	0.00
Core	CPU	C1%	C3%	C6%	C8%	C9%
-	-	0.01	0.65	71.03	16.99	0.00
0	0	0.00	0.43	74.82	14.42	0.00
0	4	0.01	0.56	71.16	19.29	0.00
1	1	0.00	0.46	76.98	12.80	0.00
1	5	0.00	0.37	69.85	20.14	0.00
2	2	0.01	0.59	67.34	22.54	0.00
2	6	0.00	0.48	67.77	22.85	0.00
3	3	0.00	0.39	77.04	13.10	0.00
3	7	0.01	1.96	62.92	10.71	0.00
Core	CPU	C1%	C3%	C6%	C8%	C9%
-	-	0.00	0.85	70.81	16.97	0.00
0	0	0.00	0.41	71.15	17.43	0.00
0	4	0.00	0.52	73.49	17.00	0.00
1	1	0.01	0.58	72.21	17.44	0.00
1	5	0.00	1.31	68.31	21.24	0.00
2	2	0.01	0.61	69.80	20.08	0.00
2	6	0.00	0.49	69.03	21.27	0.00
3	3	0.00	0.45	77.03	13.04	0.00
3	7	0.01	2.42	65.20	8.16	0.00
Core	CPU	C1%	C3%	C6%	C8%	C9%
-	-	0.01	0.73	71.58	16.35	0.00
0	0	0.00	0.55	72.33	16.79	0.00
0	4	0.00	0.59	72.49	17.85	0.00
1	1	0.01	0.52	72.09	17.60	0.00
1	5	0.01	0.63	70.39	20.21	0.00
2	2	0.01	0.50	70.84	19.05	0.00
2	6	0.01	0.45	71.34	19.44	0.00
3	3	0.00	0.47	78.48	11.54	0.00
3	7	0.01	2.09	65.16	8.42	0.00
Core	CPU	C1%	C3%	C6%	C8%	C9%
-	-	0.00	0.68	71.36	16.69	0.00
0	0	0.00	0.47	75.65	13.49	0.00
0	4	0.00	0.56	72.49	18.18	0.00
1	1	0.01	0.37	75.30	14.49	0.00
1	5	0.00	0.42	70.44	20.21	0.00
2	2	0.01	0.64	67.98	21.79	0.00
2	6	0.00	0.51	68.63	22.07	0.00
3	3	0.00	0.54	77.16	12.80	0.00
3	7	0.01	1.95	63.12	10.47	0.00
Core	CPU	C1%	C3%	C6%	C8%	C9%
-	-	0.01	1.19	69.71	16.53	0.00
0	0	0.00	0.47	73.10	13.88	0.00
0	4	0.00	0.52	71.24	18.50	0.00
1	1	0.01	0.47	69.84	17.56	0.00
1	5	0.01	0.47	66.69	22.38	0.00
2	2	0.01	0.53	71.15	17.89	0.00
2	6	0.01	0.52	69.27	19.93	0.00
3	3	0.00	2.74	72.91	13.61	0.04
3	7	0.01	3.81	63.25	8.39	0.00
Core	CPU	C1%	C3%	C6%	C8%	C9%
-	-	0.00	0.68	71.61	16.42	0.00
0	0	0.00	0.35	75.87	13.32	0.00
0	4	0.00	0.65	76.83	13.50	0.00
1	1	0.01	0.43	71.81	17.82	0.00
1	5	0.00	0.37	69.22	21.50	0.00
2	2	0.01	0.63	67.91	21.96	0.00
2	6	0.00	0.57	68.42	22.24	0.00
3	3	0.00	0.41	77.73	12.34	0.00
3	7	0.00	1.98	64.93	8.68	0.00
Core	CPU	C1%	C3%	C6%	C8%	C9%
-	-	0.01	0.66	70.90	16.76	0.00
0	0	0.00	0.38	72.90	15.71	0.00
0	4	0.00	0.59	75.37	14.96	0.00
1	1	0.01	0.40	71.01	17.82	0.00
1	5	0.00	0.45	69.06	21.63	0.00
2	2	0.01	0.61	67.69	22.05	0.00
2	6	0.00	0.56	68.72	22.02	0.00
3	3	0.00	0.46	78.31	11.78	0.00
3	7	0.01	1.80	64.77	8.30	0.00
Core	CPU	C1%	C3%	C6%	C8%	C9%
-	-	0.00	0.68	71.77	16.23	0.00
0	0	0.00	0.55	75.23	13.72	0.00
0	4	0.00	0.63	75.53	14.82	0.00
1	1	0.01	0.32	71.49	18.24	0.00
1	5	0.01	0.35	70.26	20.55	0.00
2	2	0.00	0.52	69.54	20.32	0.00
2	6	0.00	0.52	68.88	21.85	0.00
3	3	0.00	0.58	78.99	10.94	0.00
3	7	0.00	1.97	64.17	9.39	0.00
Core	CPU	C1%	C3%	C6%	C8%	C9%
-	-	0.01	0.69	71.04	16.38	0.00
0	0	0.00	0.47	76.04	12.46	0.00
0	4	0.01	0.66	71.65	15.30	0.00
1	1	0.00	0.34	75.06	14.91	0.00
1	5	0.00	0.47	69.18	21.19	0.00
2	2	0.02	0.53	65.80	22.68	0.00
2	6	0.00	0.44	66.81	23.64	0.00
3	3	0.00	0.52	79.46	10.63	0.00
3	7	0.00	2.10	63.70	10.08	0.00
Core	CPU	C1%	C3%	C6%	C8%	C9%
-	-	0.01	1.26	69.67	16.43	0.00
0	0	0.00	0.50	75.23	12.16	0.00
0	4	0.01	0.52	68.96	19.04	0.00
1	1	0.01	0.35	72.59	15.48	0.00
1	5	0.00	0.44	67.61	21.32	0.00
2	2	0.01	0.67	68.00	21.21	0.00
2	6	0.00	0.44	66.86	22.29	0.00
3	3	0.01	2.96	76.07	10.61	0.00
3	7	0.01	4.23	62.37	9.39	0.00
Core	CPU	C1%	C3%	C6%	C8%	C9%
-	-	0.01	0.69	71.71	16.41	0.00
0	0	0.00	0.42	73.56	15.52	0.00
0	4	0.00	0.58	71.92	18.64	0.00
1	1	0.01	0.49	74.72	15.07	0.00
1	5	0.00	0.45	68.65	22.13	0.00
2	2	0.01	0.58	69.87	20.04	0.00
2	6	0.01	0.50	71.02	19.75	0.00
3	3	0.00	0.40	78.86	11.20	0.00
3	7	0.01	2.10	64.74	8.84	0.00
Core	CPU	C1%	C3%	C6%	C8%	C9%
-	-	0.00	0.76	70.77	16.88	0.00
0	0	0.00	0.47	74.01	14.52	0.00
0	4	0.00	0.50	76.54	13.87	0.00
1	1	0.01	0.40	71.06	18.72	0.00
1	5	0.00	0.37	68.73	22.07	0.00
2	2	0.01	0.65	68.34	21.24	0.00
2	6	0.00	1.01	69.17	20.34	0.00
3	3	0.00	0.49	75.31	14.79	0.00
3	7	0.01	2.20	63.65	9.60	0.00
Core	CPU	C1%	C3%	C6%	C8%	C9%
-	-	0.01	0.67	71.63	16.45	0.00
0	0	0.01	0.51	73.78	15.34	0.00
0	4	0.00	0.45	72.72	17.90	0.00
1	1	0.00	0.42	73.11	16.65	0.00
1	5	0.00	0.51	70.53	20.14	0.00
2	2	0.01	0.50	69.72	20.22	0.00
2	6	0.01	0.46	70.30	20.43	0.00
3	3	0.00	0.54	78.59	11.37	0.00
3	7	0.02	1.96	64.10	9.55	0.00
Core	CPU	C1%	C3%	C6%	C8%	C9%
-	-	0.01	0.66	71.61	16.44	0.00
0	0	0.01	0.35	79.20	9.84	0.00
0	4	0.00	0.55	72.73	17.88	0.00
1	1	0.00	0.47	75.12	14.70	0.00
1	5	0.01	0.40	70.42	20.36	0.00
2	2	0.01	0.56	68.80	21.08	0.00
2	6	0.00	0.52	68.20	22.54	0.00
3	3	0.00	0.55	75.32	14.65	0.00
3	7	0.01	1.86	63.22	10.51	0.00
Core	CPU	C1%	C3%	C6%	C8%	C9%
-	-	0.01	1.29	69.72	16.74	0.00
0	0	0.00	0.46	72.14	15.82	0.00
0	4	0.00	0.48	69.29	20.31	0.00
1	1	0.00	0.49	73.43	15.15	0.00
1	5	0.00	0.57	67.22	21.76	0.00
2	2	0.01	0.41	67.97	20.97	0.00
2	6	0.00	0.45	67.74	21.42	0.00
3	3	0.01	3.30	75.57	10.81	0.00
3	7	0.01	4.19	63.97	7.62	0.00
Core	CPU	C1%	C3%	C6%	C8%	C9%
-	-	0.00	0.65	71.53	16.51	0.00
0	0	0.00	0.36	75.36	13.84	0.00
0	4	0.00	0.54	72.66	18.00	0.00
1	1	0.00	0.42	73.54	16.31	0.00
1	5	0.01	0.36	71.06	19.64	0.00
2	2	0.01	0.59	70.33	19.48	0.00
2	6	0.00	0.55	69.40	21.31	0.00
3	3	0.00	0.49	76.53	13.45	0.00
3	7	0.01	1.93	63.55	10.13	0.00
Core	CPU	C1%	C3%	C6%	C8%	C9%
-	-	0.01	0.85	71.18	16.66	0.00
0	0	0.01	0.40	77.57	11.65	0.00
0	4	0.00	0.61	74.85	15.59	0.00
1	1	0.01	0.41	72.89	16.88	0.00
1	5	0.00	1.25	69.54	20.14	0.00
2	2	0.01	0.62	68.72	21.20	0.00
2	6	0.00	0.56	68.14	22.50	0.00
3	3	0.00	0.41	75.11	15.05	0.00
3	7	0.01	2.53	62.87	10.32	0.00
Core	CPU	C1%	C3%	C6%	C8%	C9%
-	-	0.06	0.65	70.39	17.63	0.00
0	0	0.00	0.34	78.13	10.70	0.00
0	4	0.00	0.57	73.21	17.42	0.00
1	1	0.00	0.54	70.76	19.00	0.00
1	5	0.01	0.35	67.70	23.15	0.00
2	2	0.01	0.58	68.85	21.03	0.00
2	6	0.00	0.57	67.90	22.81	0.00
3	3	0.00	0.48	73.59	16.45	0.00
3	7	0.42	1.78	62.90	10.43	0.00
Core	CPU	C1%	C3%	C6%	C8%	C9%
-	-	0.00	0.66	71.35	16.72	0.00
0	0	0.00	0.43	77.14	11.72	0.00
0	4	0.00	0.52	72.21	18.46	0.00
1	1	0.00	0.45	72.22	17.74	0.00
1	5	0.01	0.41	67.36	23.50	0.00
2	2	0.01	0.57	69.58	20.32	0.00
2	6	0.01	0.55	69.14	21.60	0.00
3	3	0.00	0.44	78.11	11.89	0.00
3	7	0.01	1.93	65.04	8.56	0.00
Core	CPU	C1%	C3%	C6%	C8%	C9%
-	-	0.00	0.94	69.26	16.74	0.00
0	0	0.00	0.43	72.80	14.29	0.00
0	4	0.00	0.67	71.12	17.49	0.00
1	1	0.00	0.37	69.97	18.17	0.00
1	5	0.00	0.40	67.74	20.61	0.00
2	2	0.01	0.59	67.57	20.60	0.00
2	6	0.00	0.39	66.69	22.16	0.00
3	3	0.00	2.31	75.00	11.60	0.00
3	7	0.01	2.37	62.58	8.89	0.00
Core	CPU	C1%	C3%	C6%	C8%	C9%
-	-	0.00	0.64	71.08	16.94	0.00
0	0	0.00	0.46	75.30	13.94	0.00
0	4	0.00	0.63	76.01	14.24	0.00
1	1	0.00	0.33	71.48	18.39	0.00
1	5	0.00	0.32	69.96	20.94	0.00
2	2	0.01	0.65	68.84	20.96	0.00
2	6	0.00	0.45	68.09	22.72	0.00
3	3	0.00	0.56	76.35	13.61	0.00
3	7	0.00	1.76	62.97	10.82	0.00
