Core	CPU	C1%	C3%	C6%	C8%	C9%
-	-	0.00	0.03	2.65	10.72	0.00
0	0	0.00	0.01	2.28	4.20	0.00
0	4	0.00	0.00	2.48	63.17	0.00
1	1	0.00	0.07	3.08	0.83	0.00
1	5	0.00	0.03	1.24	1.45	0.00
2	2	0.00	0.04	4.70	7.36	0.00
2	6	0.00	0.03	1.85	0.09	0.00
3	3	0.00	0.00	2.78	5.43	0.00
3	7	0.00	0.06	2.76	2.98	0.00
Core	CPU	C1%	C3%	C6%	C8%	C9%
-	-	0.00	0.03	1.51	3.00	0.00
0	0	0.00	0.02	1.19	0.69	0.00
0	4	0.00	0.05	2.18	11.93	0.00
1	1	0.00	0.06	2.30	0.30	0.00
1	5	0.00	0.06	0.37	0.86	0.00
2	2	0.00	0.00	1.49	3.57	0.00
2	6	0.00	0.00	0.39	0.80	0.00
3	3	0.00	0.02	3.92	4.75	0.00
3	7	0.00	0.00	0.27	1.09	0.00
Core	CPU	C1%	C3%	C6%	C8%	C9%
-	-	0.00	0.09	1.13	1.77	0.00
0	0	0.00	0.61	0.73	0.70	0.00
0	4	0.00	0.01	2.02	3.82	0.00
1	1	0.00	0.03	1.37	0.82	0.00
1	5	0.00	0.05	1.15	0.98	0.00
2	2	0.00	0.00	0.10	1.19	0.00
2	6	0.00	0.00	0.19	1.59	0.00
3	3	0.00	0.01	2.48	3.59	0.00
3	7	0.00	0.00	0.97	1.49	0.00
Core	CPU	C1%	C3%	C6%	C8%	C9%
-	-	0.00	0.03	0.72	4.88	0.00
0	0	0.03	0.21	1.88	28.85	0.00
0	4	0.00	0.00	0.33	1.19	0.00
1	1	0.00	0.00	0.32	1.90	0.00
1	5	0.00	0.01	1.28	2.31	0.00
2	2	0.00	0.00	0.50	1.39	0.00
2	6	0.00	0.00	0.55	1.51	0.00
3	3	0.00	0.00	0.46	1.00	0.00
3	7	0.00	0.00	0.45	0.90	0.00
Core	CPU	C1%	C3%	C6%	C8%	C9%
-	-	0.01	0.00	0.44	1.07	0.10
0	0	0.00	0.00	0.81	0.61	0.00
0	4	0.00	0.00	0.36	1.59	0.00
1	1	0.00	0.00	0.25	0.90	0.00
1	5	0.10	0.02	0.43	1.41	0.00
2	2	0.00	0.00	0.43	1.01	0.01
2	6	0.00	0.00	0.18	1.00	0.00
3	3	0.00	0.00	0.28	1.10	0.00
3	7	0.00	0.00	0.77	0.91	0.83
Core	CPU	C1%	C3%	C6%	C8%	C9%
-	-	0.00	0.10	0.98	1.45	0.00
0	0	0.00	0.05	1.76	0.83	0.00
0	4	0.00	0.00	0.30	1.38	0.00
1	1	0.00	0.00	0.76	1.29	0.00
1	5	0.00	0.00	0.67	2.48	0.00
2	2	0.00	0.00	1.88	1.29	0.00
2	6	0.00	0.05	0.50	1.79	0.00
3	3	0.00	0.74	0.89	1.39	0.00
3	7	0.00	0.00	1.07	1.18	0.00
Core	CPU	C1%	C3%	C6%	C8%	C9%
-	-	1.56	9.09	36.15	7.63	0.05
0	0	1.28	9.43	33.96	5.83	0.00
0	4	1.75	10.05	38.25	4.58	0.00
1	1	1.04	8.65	30.15	8.46	0.00
1	5	1.76	7.16	41.74	9.73	0.00
2	2	1.12	7.85	36.20	9.70	0.00
2	6	2.13	11.29	34.04	5.61	0.38
3	3	2.69	10.21	35.38	6.61	0.00
3	7	0.70	8.10	39.62	10.58	0.00
Core	CPU	C1%	C3%	C6%	C8%	C9%
-	-	1.85	13.56	45.80	2.00	0.00
0	0	3.23	16.52	38.74	1.25	0.00
0	4	1.20	12.63	48.84	1.98	0.00
1	1	1.81	13.04	42.75	2.85	0.00
1	5	1.26	12.84	49.07	2.81	0.00
2	2	1.72	11.07	50.77	3.67	0.00
2	6	2.65	15.16	38.84	0.64	0.00
3	3	1.53	13.67	46.99	1.92	0.00
3	7	1.40	13.54	50.28	0.88	0.00
Core	CPU	C1%	C3%	C6%	C8%	C9%
-	-	1.27	11.56	46.53	4.81	0.03
0	0	2.30	11.35	44.41	3.22	0.00
0	4	0.66	11.79	49.20	4.83	0.00
1	1	1.31	12.64	47.55	3.68	0.00
1	5	0.98	10.09	44.64	9.02	0.10
2	2	1.53	11.98	47.85	1.91	0.00
2	6	1.70	13.28	38.26	6.92	0.11
3	3	0.92	10.80	49.87	4.83	0.00
3	7	0.77	10.56	50.43	4.05	0.00
Core	CPU	C1%	C3%	C6%	C8%	C9%
-	-	1.31	12.14	48.77	3.39	0.04
0	0	1.46	13.44	44.36	1.52	0.00
0	4	0.71	10.81	51.77	2.13	0.00
1	1	1.45	12.70	47.71	2.83	0.00
1	5	1.12	10.55	55.34	4.26	0.00
2	2	1.79	13.23	48.52	3.69	0.00
2	6	1.00	12.97	42.26	5.34	0.29
3	3	1.65	10.52	51.87	4.84	0.00
3	7	1.31	12.86	48.31	2.53	0.00
Core	CPU	C1%	C3%	C6%	C8%	C9%
-	-	1.62	14.11	43.96	2.23	0.03
0	0	2.30	14.92	39.74	0.70	0.03
0	4	0.98	13.79	46.09	2.60	0.00
1	1	1.74	15.73	41.90	1.96	0.00
1	5	1.86	12.77	46.07	3.01	0.16
2	2	1.48	14.65	45.30	2.16	0.00
2	6	1.49	14.62	41.62	2.32	0.02
3	3	1.70	13.31	45.53	1.98	0.00
3	7	1.44	13.15	45.49	3.09	0.00
Core	CPU	C1%	C3%	C6%	C8%	C9%
-	-	1.76	14.65	43.57	1.45	0.00
0	0	2.20	16.72	34.14	1.10	0.00
0	4	1.30	14.25	47.28	2.15	0.00
1	1	1.71	14.76	43.79	1.36	0.00
1	5	1.17	12.90	45.53	2.73	0.00
2	2	1.56	15.17	44.31	0.55	0.00
2	6	2.11	15.01	42.42	1.37	0.00
3	3	2.34	14.43	44.57	0.89	0.00
3	7	1.73	13.96	46.46	1.45	0.00
Core	CPU	C1%	C3%	C6%	C8%	C9%
-	-	1.29	10.35	49.26	5.52	0.01
0	0	1.79	11.99	45.61	3.61	0.00
0	4	0.59	9.56	48.85	9.65	0.01
1	1	1.24	11.07	50.61	3.88	0.00
1	5	1.80	9.23	53.08	5.34	0.00
2	2	1.43	10.80	50.86	3.63	0.00
2	6	1.09	10.25	46.29	7.22	0.00
3	3	0.76	9.01	49.44	6.54	0.05
3	7	1.66	10.95	49.47	4.31	0.00
Core	CPU	C1%	C3%	C6%	C8%	C9%
-	-	1.91	14.56	41.97	2.00	0.01
0	0	2.32	17.00	34.94	0.71	0.00
0	4	1.49	13.67	44.69	4.25	0.00
1	1	2.59	15.42	38.96	0.56	0.00
1	5	1.81	12.62	45.55	1.97	0.00
2	2	1.24	15.09	44.90	1.25	0.00
2	6	1.76	14.68	39.78	3.39	0.05
3	3	1.70	13.47	44.26	2.50	0.00
3	7	2.40	14.50	42.58	1.40	0.00
Core	CPU	C1%	C3%	C6%	C8%	C9%
-	-	1.24	11.44	47.85	5.44	0.00
0	0	1.95	11.80	44.56	6.08	0.00
0	4	0.69	10.45	49.71	7.20	0.00
1	1	1.18	11.65	46.55	4.58	0.00
1	5	0.87	10.42	54.77	5.58	0.00
2	2	1.47	11.68	47.80	4.99	0.00
2	6	1.07	13.15	43.68	4.10	0.01
3	3	0.82	11.31	49.97	4.31	0.00
3	7	1.84	11.05	45.84	6.71	0.00
Core	CPU	C1%	C3%	C6%	C8%	C9%
-	-	1.06	5.45	52.04	13.37	0.29
0	0	1.27	6.06	49.77	15.13	0.00
0	4	1.24	5.68	54.51	14.27	0.01
1	1	0.44	4.36	58.47	14.64	0.00
1	5	1.13	5.09	51.43	15.99	0.36
2	2	0.97	5.83	47.59	8.87	0.90
2	6	1.16	5.71	51.36	11.33	1.04
3	3	0.92	5.14	51.60	16.42	0.00
3	7	1.31	5.72	51.31	10.21	0.01
Core	CPU	C1%	C3%	C6%	C8%	C9%
-	-	1.16	9.36	50.93	5.23	0.03
0	0	1.88	10.84	46.69	4.19	0.00
0	4	0.66	8.08	51.43	6.87	0.00
1	1	1.38	10.15	50.45	6.65	0.00
1	5	0.97	9.67	54.17	4.66	0.00
2	2	1.25	9.76	50.56	3.90	0.00
2	6	0.79	7.15	49.06	8.44	0.22
3	3	1.34	9.86	52.09	4.55	0.00
3	7	1.02	9.34	53.11	2.60	0.00
Core	CPU	C1%	C3%	C6%	C8%	C9%
-	-	1.41	10.19	48.56	4.65	0.05
0	0	2.50	12.82	40.55	3.72	0.00
0	4	0.80	9.84	49.79	5.38	0.00
1	1	1.08	9.85	48.33	6.60	0.01
1	5	1.70	9.04	50.91	3.49	0.00
2	2	1.33	8.89	50.97	6.40	0.00
2	6	1.09	12.01	46.64	2.24	0.42
3	3	1.20	8.28	47.58	6.61	0.00
3	7	1.61	10.81	53.74	2.75	0.00
Core	CPU	C1%	C3%	C6%	C8%	C9%
-	-	0.61	8.09	51.01	9.62	0.03
0	0	0.40	9.09	52.04	7.73	0.00
0	4	0.40	7.47	52.42	8.76	0.05
1	1	0.68	8.39	53.13	9.30	0.21
1	5	0.38	7.56	55.06	8.65	0.00
2	2	0.69	6.78	56.36	8.91	0.00
2	6	0.93	10.04	41.88	8.51	0.01
3	3	0.81	7.79	45.91	15.98	0.00
3	7	0.61	7.66	51.71	9.22	0.00
Core	CPU	C1%	C3%	C6%	C8%	C9%
-	-	0.51	7.26	51.96	11.28	0.01
0	0	0.83	7.64	54.69	9.65	0.00
0	4	0.16	6.79	51.35	13.60	0.00
1	1	0.44	6.44	54.06	9.96	0.01
1	5	0.36	6.29	51.39	13.72	0.01
2	2	0.31	5.69	53.06	14.35	0.00
2	6	0.81	11.89	44.98	8.34	0.11
3	3	0.69	5.72	50.81	12.55	0.00
3	7	0.50	7.55	54.93	8.01	0.00
Core	CPU	C1%	C3%	C6%	C8%	C9%
-	-	0.83	12.26	46.78	4.90	0.08
0	0	1.04	13.44	43.44	2.80	0.14
0	4	0.90	10.74	47.49	7.28	0.00
1	1	0.47	11.43	49.14	6.10	0.00
1	5	0.71	11.91	49.20	5.63	0.00
2	2	0.83	11.92	45.57	4.20	0.00
2	6	1.48	15.05	36.37	4.74	0.46
3	3	0.72	12.46	50.18	4.81	0.00
3	7	0.51	11.09	52.81	3.64	0.00
Core	CPU	C1%	C3%	C6%	C8%	C9%
-	-	1.25	13.40	42.99	7.22	0.07
0	0	1.48	15.61	34.02	2.05	0.00
0	4	0.93	13.92	42.96	7.55	0.00
1	1	1.51	13.84	46.64	7.55	0.00
1	5	1.13	12.71	44.98	9.03	0.00
2	2	1.61	12.18	44.21	7.73	0.00
2	6	1.09	13.42	41.28	7.82	0.52
3	3	1.03	12.40	45.39	8.14	0.00
3	7	1.24	13.12	44.38	7.87	0.00
Core	CPU	C1%	C3%	C6%	C8%	C9%
-	-	1.48	14.00	44.52	2.68	0.02
0	0	2.48	16.10	40.28	1.08	0.00
0	4	0.94	12.32	47.50	2.77	0.00
1	1	0.85	13.58	47.50	2.75	0.00
1	5	1.27	13.24	45.12	1.76	0.00
2	2	0.88	12.93	48.24	3.53	0.00
2	6	2.36	16.27	36.39	1.90	0.13
3	3	1.51	14.26	46.61	2.70	0.00
3	7	1.59	13.32	44.62	4.93	0.00
Core	CPU	C1%	C3%	C6%	C8%	C9%
-	-	1.88	11.34	47.86	4.37	0.15
0	0	2.67	12.42	45.87	2.43	0.00
0	4	1.51	12.02	51.00	1.77	0.00
1	1	1.59	10.32	49.61	4.48	0.00
1	5	2.16	10.24	47.26	4.15	0.21
2	2	1.65	10.52	48.22	5.71	0.00
2	6	1.79	13.78	41.35	6.14	0.95
3	3	1.47	9.77	52.33	6.77	0.00
3	7	2.22	11.59	47.12	3.51	0.04
Core	CPU	C1%	C3%	C6%	C8%	C9%
-	-	0.64	9.17	51.63	7.45	0.03
0	0	0.52	9.70	53.94	5.22	0.00
0	4	0.56	7.62	56.05	6.24	0.00
1	1	0.27	8.87	50.63	7.55	0.00
1	5	0.66	9.06	51.36	10.02	0.00
2	2	0.34	8.21	51.48	11.99	0.00
2	6	1.16	12.55	42.56	3.78	0.09
3	3	0.99	8.39	54.46	7.05	0.11
3	7	0.61	8.98	52.61	7.74	0.00
Core	CPU	C1%	C3%	C6%	C8%	C9%
-	-	0.83	6.99	49.39	14.57	0.02
0	0	1.66	7.36	43.38	9.89	0.00
0	4	0.19	6.10	51.30	16.80	0.08
1	1	1.37	6.69	53.03	15.94	0.00
1	5	0.65	5.97	52.66	16.14	0.00
2	2	0.52	6.37	49.35	13.57	0.01
2	6	0.84	10.00	44.11	12.09	0.06
3	3	0.61	6.88	51.13	15.57	0.00
3	7	0.78	6.55	50.36	16.65	0.00
Core	CPU	C1%	C3%	C6%	C8%	C9%
-	-	0.59	7.85	52.92	9.35	0.08
0	0	0.60	7.44	49.56	8.03	0.00
0	4	0.49	7.63	54.61	8.77	0.00
1	1	0.89	6.67	51.58	10.51	0.00
1	5	0.42	8.62	56.94	8.33	0.15
2	2	0.32	7.30	53.39	11.37	0.00
2	6	0.86	11.01	50.97	6.87	0.34
3	3	0.45	6.30	53.04	11.51	0.00
3	7	0.66	7.83	53.27	9.45	0.18
Core	CPU	C1%	C3%	C6%	C8%	C9%
-	-	0.91	7.86	54.65	6.59	0.02
0	0	1.01	8.26	50.74	3.98	0.00
0	4	0.58	8.15	57.53	5.36	0.00
1	1	1.40	6.84	58.94	7.31	0.11
1	5	0.87	8.34	52.75	8.70	0.00
2	2	0.97	7.55	58.10	5.38	0.00
2	6	1.12	8.81	52.16	6.22	0.02
3	3	0.82	8.11	54.50	7.31	0.00
3	7	0.53	6.82	52.20	8.43	0.01
Core	CPU	C1%	C3%	C6%	C8%	C9%
-	-	2.04	9.84	50.16	3.81	0.00
0	0	2.29	11.73	46.61	2.49	0.00
0	4	1.68	8.76	47.43	4.80	0.00
1	1	2.20	8.13	51.80	5.78	0.00
1	5	2.44	10.42	52.33	2.12	0.00
2	2	1.79	10.02	51.98	4.51	0.00
2	6	1.82	11.14	50.42	1.90	0.00
3	3	2.41	9.12	52.41	3.82	0.00
3	7	1.74	9.41	48.35	5.08	0.00
Core	CPU	C1%	C3%	C6%	C8%	C9%
-	-	1.19	10.77	48.13	4.63	0.00
0	0	1.44	13.01	43.32	3.54	0.00
0	4	0.92	9.66	49.35	4.44	0.01
1	1	0.94	11.21	49.71	4.49	0.00
1	5	1.38	12.31	51.78	1.81	0.00
2	2	1.02	10.32	49.04	6.97	0.00
2	6	1.17	10.21	46.71	5.02	0.00
3	3	1.30	9.52	47.05	6.85	0.00
3	7	1.36	9.94	48.04	3.95	0.00
Core	CPU	C1%	C3%	C6%	C8%	C9%
-	-	1.09	7.40	50.42	5.07	0.00
0	0	1.10	8.06	50.05	3.15	0.04
0	4	1.05	7.43	49.58	7.84	0.00
1	1	0.62	5.39	46.93	6.72	0.00
1	5	1.09	8.09	47.36	2.86	0.00
2	2	0.93	6.94	49.83	4.88	0.00
2	6	0.99	8.29	53.44	3.76	0.00
3	3	1.47	6.29	55.37	9.17	0.00
3	7	1.45	8.69	50.76	2.15	0.00
Core	CPU	C1%	C3%	C6%	C8%	C9%
-	-	1.84	8.78	48.92	4.91	0.04
0	0	2.09	10.15	44.65	4.98	0.00
0	4	1.63	8.86	49.79	2.82	0.01
1	1	1.22	7.51	49.53	9.90	0.00
1	5	2.27	8.50	47.56	3.72	0.00
2	2	2.02	7.82	53.57	3.98	0.00
2	6	2.32	10.35	44.90	2.86	0.29
3	3	1.23	8.25	51.69	4.87	0.00
3	7	1.98	8.77	49.69	6.14	0.00
Core	CPU	C1%	C3%	C6%	C8%	C9%
-	-	2.58	10.98	45.98	4.86	0.04
0	0	4.01	11.30	41.58	5.09	0.00
0	4	1.87	10.36	50.32	6.16	0.00
1	1	3.20	11.71	44.98	5.88	0.00
1	5	2.72	10.29	46.34	5.04	0.00
2	2	2.15	10.78	49.46	5.12	0.00
2	6	2.79	12.47	42.02	2.93	0.31
3	3	1.51	9.85	50.90	4.87	0.00
3	7	2.44	11.28	43.02	3.87	0.00
Core	CPU	C1%	C3%	C6%	C8%	C9%
-	-	2.43	13.56	37.16	9.39	0.00
0	0	3.75	15.16	28.99	11.82	0.00
0	4	1.71	13.20	40.85	10.54	0.00
1	1	2.41	13.74	39.14	9.90	0.00
1	5	2.54	13.02	39.93	9.73	0.00
2	2	2.50	11.79	40.09	12.55	0.00
2	6	2.77	14.53	34.44	7.44	0.00
3	3	1.59	12.99	35.47	1.79	0.00
3	7	2.16	13.85	37.80	11.21	0.00
Core	CPU	C1%	C3%	C6%	C8%	C9%
-	-	1.17	15.50	44.07	1.75	0.00
0	0	1.55	16.84	41.23	0.92	0.00
0	4	0.92	14.64	46.92	1.66	0.00
1	1	1.11	14.23	48.01	2.89	0.00
1	5	1.56	15.89	44.36	1.43	0.00
2	2	1.20	15.42	43.24	2.10	0.00
2	6	1.06	17.91	36.66	0.99	0.00
3	3	1.10	15.38	43.70	1.58	0.00
3	7	0.88	13.66	48.26	2.41	0.00
Core	CPU	C1%	C3%	C6%	C8%	C9%
-	-	1.29	14.17	45.07	2.64	0.02
0	0	2.45	15.80	39.19	1.93	0.00
0	4	0.85	14.01	49.88	3.61	0.01
1	1	0.82	13.31	49.08	3.55	0.00
1	5	1.61	13.57	45.91	3.01	0.00
2	2	0.97	12.37	47.92	2.11	0.00
2	6	1.86	16.63	34.74	2.22	0.15
3	3	0.78	12.53	48.35	3.24	0.00
3	7	1.00	15.17	45.60	1.45	0.00
Core	CPU	C1%	C3%	C6%	C8%	C9%
-	-	1.39	16.07	42.46	1.91	0.03
0	0	2.06	17.66	34.78	1.39	0.00
0	4	1.45	15.69	42.89	1.17	0.00
1	1	0.86	16.25	47.99	2.72	0.00
1	5	1.59	15.15	43.61	1.33	0.00
2	2	1.27	14.93	43.83	3.81	0.00
2	6	1.38	16.68	37.39	1.43	0.20
3	3	1.24	15.10	46.96	1.47	0.00
3	7	1.25	17.03	42.12	1.96	0.00
Core	CPU	C1%	C3%	C6%	C8%	C9%
-	-	2.76	13.50	45.27	2.08	0.01
0	0	4.70	14.71	35.39	1.22	0.00
0	4	1.82	12.83	50.56	2.40	0.00
1	1	2.97	13.04	48.49	1.91	0.00
1	5	2.23	13.38	48.56	2.11	0.00
2	2	2.85	13.20	43.06	1.96	0.01
2	6	2.83	14.06	42.18	1.58	0.11
3	3	2.09	13.62	49.51	1.92	0.00
3	7	2.56	13.18	44.41	3.56	0.00
Core	CPU	C1%	C3%	C6%	C8%	C9%
-	-	1.47	8.50	47.30	12.50	0.00
0	0	2.34	10.36	42.65	10.12	0.00
0	4	0.48	6.01	42.16	8.80	0.00
1	1	1.45	8.70	54.12	8.32	0.00
1	5	1.45	8.16	45.82	15.55	0.00
2	2	1.25	8.88	49.25	15.51	0.00
2	6	1.14	9.28	52.41	10.23	0.00
3	3	2.41	8.32	43.81	16.42	0.00
3	7	1.26	8.28	48.14	15.01	0.00
Core	CPU	C1%	C3%	C6%	C8%	C9%
-	-	1.15	10.19	52.15	4.38	0.00
0	0	1.91	11.66	46.83	4.74	0.01
0	4	0.79	9.18	55.72	5.98	0.00
1	1	0.97	9.44	47.49	4.23	0.00
1	5	0.88	10.53	55.47	3.22	0.00
2	2	1.37	10.77	54.71	3.40	0.00
2	6	0.82	10.69	52.58	4.48	0.00
3	3	1.18	9.06	52.90	4.07	0.00
3	7	1.30	10.21	51.57	4.96	0.00
Core	CPU	C1%	C3%	C6%	C8%	C9%
-	-	0.83	8.52	53.00	6.67	0.00
0	0	0.95	9.07	51.76	4.60	0.00
0	4	1.05	8.00	57.57	6.46	0.00
1	1	1.02	7.89	50.33	9.83	0.01
1	5	1.04	9.53	51.45	5.35	0.00
2	2	0.42	8.26	52.49	9.36	0.00
2	6	0.52	8.43	53.32	5.71	0.00
3	3	0.55	8.04	56.93	5.52	0.00
3	7	1.10	8.91	50.07	6.52	0.00
Core	CPU	C1%	C3%	C6%	C8%	C9%
-	-	1.16	8.72	51.26	6.10	0.02
0	0	1.44	10.94	47.82	3.06	0.02
0	4	0.67	8.43	50.51	4.85	0.00
1	1	1.25	8.36	50.26	7.76	0.00
1	5	1.02	8.39	51.95	8.60	0.01
2	2	0.91	8.14	54.88	9.57	0.00
2	6	1.71	8.87	53.33	3.59	0.10
3	3	1.05	7.60	52.87	6.42	0.00
3	7	1.25	9.05	48.44	4.97	0.00
Core	CPU	C1%	C3%	C6%	C8%	C9%
-	-	0.73	7.12	54.05	8.32	0.00
0	0	1.14	8.95	53.14	5.08	0.00
0	4	0.49	5.53	48.52	12.31	0.00
1	1	0.96	7.56	53.49	7.32	0.00
1	5	0.87	7.30	57.00	8.32	0.00
2	2	0.31	6.58	57.87	10.34	0.00
2	6	0.77	7.24	54.45	7.52	0.00
3	3	0.32	6.47	55.76	8.01	0.00
3	7	0.96	7.31	52.19	7.64	0.00
Core	CPU	C1%	C3%	C6%	C8%	C9%
-	-	0.83	7.18	52.68	7.12	0.00
0	0	0.74	8.56	51.08	7.29	0.00
0	4	0.75	7.01	51.43	12.79	0.00
1	1	0.75	6.19	48.31	7.44	0.02
1	5	1.01	7.78	56.08	3.52	0.00
2	2	0.93	7.74	51.87	4.56	0.00
2	6	0.71	6.76	49.63	7.33	0.00
3	3	0.70	6.19	56.05	6.14	0.00
3	7	1.09	7.21	57.01	7.90	0.00
Core	CPU	C1%	C3%	C6%	C8%	C9%
-	-	1.10	8.73	52.33	5.15	0.14
0	0	1.70	10.32	48.38	3.79	1.05
0	4	1.48	6.77	54.79	6.17	0.01
1	1	0.76	9.89	53.83	3.03	0.00
1	5	1.05	6.69	47.38	5.36	0.00
2	2	0.91	8.87	54.18	7.10	0.00
2	6	0.61	8.68	53.46	4.45	0.00
3	3	0.78	8.07	52.15	8.79	0.05
3	7	1.54	10.56	54.45	2.53	0.00
Core	CPU	C1%	C3%	C6%	C8%	C9%
-	-	1.48	5.77	43.22	11.87	0.13
0	0	1.78	8.29	45.87	15.36	0.00
0	4	1.11	3.80	40.28	7.96	0.02
1	1	2.31	5.64	42.08	20.53	0.00
1	5	0.83	5.78	42.12	17.08	1.00
2	2	0.92	5.29	45.15	8.32	0.00
2	6	1.68	5.70	44.13	15.33	0.00
3	3	1.66	6.28	45.70	7.25	0.00
3	7	1.57	5.36	40.44	3.12	0.00
Core	CPU	C1%	C3%	C6%	C8%	C9%
-	-	1.34	9.90	49.51	4.43	0.05
0	0	2.24	13.10	44.06	3.22	0.01
0	4	0.65	7.65	51.18	7.45	0.00
1	1	1.46	9.36	51.94	3.27	0.00
1	5	1.61	8.70	47.26	4.57	0.00
2	2	1.25	11.73	51.98	3.09	0.41
2	6	1.11	8.87	48.29	5.11	0.00
3	3	1.24	10.73	47.51	5.93	0.00
3	7	1.12	9.14	54.08	2.78	0.00
Core	CPU	C1%	C3%	C6%	C8%	C9%
-	-	1.76	13.29	44.57	2.14	0.00
0	0	2.10	16.14	37.55	0.94	0.00
0	4	1.11	12.78	47.72	2.28	0.00
1	1	2.38	13.04	45.49	2.26	0.00
1	5	1.77	12.69	43.55	3.30	0.00
2	2	1.27	12.66	48.31	2.80	0.01
2	6	1.56	13.71	43.78	2.43	0.00
3	3	1.63	12.37	44.30	1.73	0.00
3	7	2.30	12.89	45.58	1.35	0.00
Core	CPU	C1%	C3%	C6%	C8%	C9%
-	-	1.87	13.29	44.80	2.21	0.00
0	0	2.33	16.13	37.15	1.12	0.00
0	4	1.66	12.21	48.95	2.16	0.00
1	1	2.19	13.48	43.66	2.18	0.00
1	5	1.88	12.05	46.94	2.20	0.00
2	2	1.30	11.66	47.01	4.23	0.00
2	6	1.91	13.80	44.95	2.21	0.00
3	3	1.87	13.89	45.16	0.88	0.00
3	7	1.79	13.11	44.63	2.68	0.00
Core	CPU	C1%	C3%	C6%	C8%	C9%
-	-	1.68	13.44	44.53	1.95	0.05
0	0	2.12	16.24	34.89	0.70	0.01
0	4	1.23	11.79	46.08	4.61	0.21
1	1	2.06	14.12	44.60	0.83	0.00
1	5	1.34	12.85	48.70	1.73	0.00
2	2	2.08	13.80	48.17	0.89	0.00
2	6	1.80	12.44	46.33	2.05	0.00
3	3	1.47	12.30	46.51	2.82	0.20
3	7	1.31	14.01	40.93	2.01	0.00
Core	CPU	C1%	C3%	C6%	C8%	C9%
-	-	1.24	12.38	46.45	3.01	0.01
0	0	2.38	14.96	40.35	1.21	0.00
0	4	0.64	10.15	50.69	3.31	0.00
1	1	0.92	11.78	50.08	1.95	0.00
1	5	0.96	11.49	48.69	3.83	0.00
2	2	1.12	11.02	47.80	4.20	0.00
2	6	2.00	15.49	34.83	1.75	0.04
3	3	0.77	12.12	48.36	5.30	0.00
3	7	1.16	12.02	50.83	2.57	0.01
Core	CPU	C1%	C3%	C6%	C8%	C9%
-	-	1.06	12.78	46.63	3.32	0.07
0	0	1.82	14.78	42.09	2.59	0.00
0	4	0.67	11.87	48.86	4.14	0.08
1	1	1.30	13.77	46.74	1.84	0.00
1	5	0.83	11.77	50.26	2.29	0.00
2	2	0.86	11.42	48.95	3.43	0.00
2	6	1.14	15.13	39.61	3.31	0.51
3	3	1.00	12.54	48.39	5.75	0.00
3	7	0.84	11.15	48.77	3.27	0.00
Core	CPU	C1%	C3%	C6%	C8%	C9%
-	-	1.26	8.02	46.68	15.21	0.16
0	0	1.85	8.79	42.50	15.52	0.00
0	4	0.84	7.53	45.96	18.16	0.00
1	1	1.47	7.25	48.48	14.26	0.00
1	5	1.28	6.78	47.62	4.69	0.00
2	2	1.06	8.05	46.59	19.50	0.00
2	6	1.50	10.81	42.63	13.83	1.26
3	3	0.82	7.13	49.83	18.45	0.01
3	7	1.27	7.72	49.21	17.07	0.00
Core	CPU	C1%	C3%	C6%	C8%	C9%
-	-	0.91	8.62	54.33	6.01	0.09
0	0	1.93	9.59	50.71	5.07	0.00
0	4	0.68	6.95	59.13	5.02	0.00
1	1	0.60	9.54	54.59	6.40	0.00
1	5	0.74	8.29	52.82	5.24	0.00
2	2	0.57	8.06	55.27	7.79	0.00
2	6	1.27	9.86	51.81	4.77	0.71
3	3	0.84	8.73	53.50	8.72	0.00
3	7	0.67	8.03	57.10	5.14	0.00
Core	CPU	C1%	C3%	C6%	C8%	C9%
-	-	0.66	9.32	52.69	6.86	0.05
0	0	1.03	9.54	53.77	5.49	0.00
0	4	0.72	8.53	52.66	5.78	0.00
1	1	0.37	8.64	54.45	8.19	0.00
1	5	0.36	9.54	51.20	7.93	0.00
2	2	0.58	8.81	51.25	8.97	0.00
2	6	1.03	10.95	48.40	6.09	0.36
3	3	0.61	8.73	58.49	4.90	0.00
3	7	0.57	9.75	51.01	7.51	0.00
Core	CPU	C1%	C3%	C6%	C8%	C9%
-	-	1.59	10.10	51.22	5.95	0.02
0	0	2.17	11.23	50.32	3.38	0.00
0	4	1.65	8.32	49.94	8.42	0.00
1	1	0.86	8.63	55.54	5.15	0.00
1	5	2.11	10.13	51.02	6.01	0.00
2	2	1.37	9.49	54.03	6.41	0.00
2	6	1.97	13.24	46.09	4.78	0.15
3	3	1.38	10.15	50.94	6.54	0.00
3	7	1.23	9.62	51.87	6.96	0.00
Core	CPU	C1%	C3%	C6%	C8%	C9%
-	-	0.77	9.42	54.07	6.35	0.00
0	0	1.18	10.43	53.79	2.94	0.00
0	4	0.49	9.31	57.06	6.20	0.00
1	1	0.84	9.59	56.79	5.33	0.00
1	5	0.57	8.82	51.63	8.22	0.00
2	2	0.66	7.79	50.80	9.30	0.00
2	6	1.29	11.54	50.34	4.98	0.00
3	3	0.50	9.54	56.46	6.67	0.00
3	7	0.65	8.36	55.79	7.14	0.00
Core	CPU	C1%	C3%	C6%	C8%	C9%
-	-	0.98	9.00	53.11	7.26	0.00
0	0	1.47	9.78	54.90	3.86	0.00
0	4	0.69	8.27	52.13	6.32	0.00
1	1	0.98	8.17	54.69	7.55	0.00
1	5	0.97	8.45	57.12	5.51	0.00
2	2	0.52	8.20	53.15	10.45	0.00
2	6	1.47	12.56	45.87	5.02	0.00
3	3	0.76	7.41	53.68	10.98	0.00
3	7	0.97	9.12	53.27	8.35	0.00
Core	CPU	C1%	C3%	C6%	C8%	C9%
-	-	1.00	8.06	45.76	14.85	0.13
0	0	1.25	7.99	41.02	4.15	0.00
0	4	0.76	7.67	48.29	17.17	0.00
1	1	1.17	9.58	44.81	19.41	0.00
1	5	1.01	6.81	44.39	7.51	0.00
2	2	0.51	7.45	51.04	18.03	0.00
2	6	1.49	10.57	42.97	17.25	0.06
3	3	0.77	7.87	48.64	17.15	0.00
3	7	1.03	6.60	45.41	18.25	1.00
Core	CPU	C1%	C3%	C6%	C8%	C9%
-	-	0.89	10.25	51.72	6.08	0.00
0	0	1.74	11.69	52.00	4.48	0.00
0	4	0.61	9.29	52.84	5.32	0.00
1	1	0.61	9.60	54.33	7.15	0.00
1	5	0.61	9.54	52.41	8.43	0.00
2	2	0.98	9.88	51.83	8.08	0.00
2	6	1.01	12.68	45.31	3.50	0.00
3	3	0.54	9.62	53.29	6.10	0.00
3	7	0.99	9.64	51.25	5.56	0.00
Core	CPU	C1%	C3%	C6%	C8%	C9%
-	-	0.70	8.98	54.56	7.90	0.05
0	0	0.97	9.63	56.22	6.36	0.00
0	4	0.31	7.03	52.55	12.14	0.00
1	1	0.66	8.90	57.65	3.91	0.00
1	5	0.37	8.16	55.52	8.73	0.00
2	2	0.73	8.96	51.77	10.23	0.00
2	6	1.00	11.40	51.34	4.06	0.42
3	3	0.94	8.92	57.50	7.16	0.00
3	7	0.63	8.81	53.84	10.60	0.00
Core	CPU	C1%	C3%	C6%	C8%	C9%
-	-	0.85	10.33	52.89	5.22	0.02
0	0	1.12	12.26	49.36	4.94	0.00
0	4	0.40	8.75	57.33	6.03	0.00
1	1	0.83	10.44	52.54	6.07	0.00
1	5	0.95	8.50	53.12	7.00	0.00
2	2	0.88	9.98	50.13	6.70	0.00
2	6	1.02	13.04	47.87	2.81	0.14
3	3	0.57	9.78	59.10	3.17	0.00
3	7	1.05	9.93	53.75	5.05	0.00
Core	CPU	C1%	C3%	C6%	C8%	C9%
-	-	0.69	8.45	55.43	7.12	0.03
0	0	0.96	9.97	52.77	5.92	0.00
0	4	0.46	5.92	56.64	7.75	0.00
1	1	0.58	8.75	58.76	5.98	0.00
1	5	0.65	7.74	56.04	6.87	0.00
2	2	0.64	8.27	55.75	8.77	0.00
2	6	0.79	9.98	52.36	6.75	0.25
3	3	0.85	8.38	53.24	7.19	0.00
3	7	0.62	8.56	57.85	7.70	0.00
Core	CPU	C1%	C3%	C6%	C8%	C9%
-	-	0.81	9.21	53.56	6.51	0.00
0	0	0.97	10.55	48.94	7.21	0.00
0	4	0.45	8.00	56.52	7.30	0.00
1	1	1.55	9.15	57.03	5.75	0.00
1	5	0.33	8.56	52.17	6.44	0.00
2	2	0.49	8.53	55.83	7.07	0.00
2	6	1.36	11.31	50.58	2.73	0.00
3	3	0.88	8.97	51.83	7.35	0.02
3	7	0.44	8.56	55.52	8.20	0.00
Core	CPU	C1%	C3%	C6%	C8%	C9%
-	-	0.96	9.82	52.09	6.22	0.01
0	0	1.61	10.84	45.63	4.96	0.00
0	4	0.30	8.11	55.58	7.78	0.00
1	1	0.88	9.70	56.11	3.70	0.00
1	5	0.76	9.21	51.26	8.26	0.00
2	2	1.20	9.08	51.07	8.68	0.00
2	6	1.24	12.17	49.82	5.21	0.12
3	3	0.93	9.45	50.24	7.06	0.00
3	7	0.72	10.04	57.03	4.15	0.00
Core	CPU	C1%	C3%	C6%	C8%	C9%
-	-	0.97	7.32	43.83	14.31	0.36
0	0	1.24	7.38	41.77	23.71	0.00
0	4	0.55	7.54	44.02	18.93	0.50
1	1	0.99	7.49	40.22	5.30	0.00
1	5	1.12	5.42	44.26	6.63	0.00
2	2	0.57	8.22	47.89	15.99	0.00
2	6	0.72	8.88	41.52	18.12	0.07
3	3	1.54	7.17	46.58	19.69	0.30
3	7	1.05	6.51	44.68	6.20	2.00
Core	CPU	C1%	C3%	C6%	C8%	C9%
-	-	0.98	8.25	52.49	6.99	0.02
0	0	1.47	9.13	52.54	5.26	0.00
0	4	0.88	6.56	45.90	6.81	0.00
1	1	0.86	7.83	54.08	6.06	0.00
1	5	0.93	7.36	57.18	6.32	0.00
2	2	1.08	8.41	52.92	7.75	0.01
2	6	1.15	10.20	52.70	6.78	0.00
3	3	0.65	8.65	51.32	8.71	0.14
3	7	0.79	7.83	53.27	8.27	0.00
Core	CPU	C1%	C3%	C6%	C8%	C9%
-	-	0.82	6.00	52.69	9.09	0.08
0	0	0.79	8.26	53.69	4.57	0.01
0	4	0.60	4.12	50.11	13.65	0.52
1	1	1.13	5.68	52.28	11.99	0.00
1	5	0.63	6.40	54.63	6.43	0.11
2	2	0.77	5.68	50.32	6.86	0.00
2	6	1.30	7.68	55.76	7.25	0.00
3	3	0.67	4.68	52.75	10.90	0.00
3	7	0.70	5.42	51.56	10.99	0.00
Core	CPU	C1%	C3%	C6%	C8%	C9%
-	-	0.76	5.91	52.45	10.56	0.14
0	0	1.34	7.01	52.32	8.24	0.00
0	4	0.43	4.24	54.80	12.44	0.00
1	1	0.85	7.14	49.75	9.47	0.00
1	5	0.93	5.86	52.38	13.03	0.00
2	2	0.58	4.67	54.36	12.06	0.00
2	6	0.58	7.21	52.33	10.90	0.03
3	3	1.09	4.91	48.21	9.08	1.10
3	7	0.33	6.29	55.64	9.33	0.00
Core	CPU	C1%	C3%	C6%	C8%	C9%
-	-	0.82	6.57	55.21	6.16	0.00
0	0	1.46	7.93	57.42	5.53	0.00
0	4	0.52	5.77	54.22	7.28	0.00
1	1	0.74	5.72	52.70	6.01	0.00
1	5	1.21	6.93	56.82	3.80	0.00
2	2	0.23	6.48	57.46	5.18	0.00
2	6	0.83	7.09	53.72	6.54	0.00
3	3	0.54	5.49	55.73	8.61	0.00
3	7	1.05	7.07	53.38	6.29	0.00
Core	CPU	C1%	C3%	C6%	C8%	C9%
-	-	0.73	5.94	51.99	9.67	0.07
0	0	0.49	7.88	52.28	10.20	0.00
0	4	0.75	4.81	51.45	8.86	0.08
1	1	0.84	6.76	56.58	10.05	0.00
1	5	0.71	5.17	49.28	9.54	0.00
2	2	0.70	5.35	52.99	11.94	0.00
2	6	1.23	6.12	53.08	8.13	0.50
3	3	0.67	5.54	50.42	9.09	0.01
3	7	0.43	6.00	50.78	9.77	0.00
Core	CPU	C1%	C3%	C6%	C8%	C9%
-	-	0.88	5.95	52.62	9.12	0.14
0	0	0.61	7.56	49.15	6.67	0.00
0	4	0.46	6.19	55.86	8.49	0.18
1	1	1.44	6.88	49.02	8.51	0.30
1	5	0.64	4.53	53.06	11.04	0.66
2	2	0.89	4.99	50.34	9.86	0.00
2	6	1.46	6.04	56.80	7.47	0.00
3	3	1.04	5.91	55.35	7.68	0.00
3	7	0.49	5.36	50.54	13.10	0.00
Core	CPU	C1%	C3%	C6%	C8%	C9%
-	-	1.57	8.89	51.55	5.75	0.05
0	0	1.86	10.79	50.27	3.50	0.00
0	4	1.03	8.23	51.47	7.43	0.00
1	1	1.23	9.90	52.41	4.11	0.00
1	5	0.78	8.46	50.85	7.95	0.00
2	2	1.69	8.07	52.41	7.70	0.09
2	6	2.67	8.48	52.50	4.80	0.28
3	3	1.79	7.60	50.83	5.12	0.00
3	7	1.49	9.66	52.23	5.43	0.00
Core	CPU	C1%	C3%	C6%	C8%	C9%
-	-	0.89	5.50	52.23	9.33	0.05
0	0	1.29	6.21	48.00	11.24	0.00
0	4	0.48	5.59	55.15	8.69	0.00
1	1	1.01	6.01	52.67	9.68	0.31
1	5	0.59	4.92	51.09	11.69	0.00
2	2	0.75	5.11	52.18	9.83	0.00
2	6	1.01	6.41	54.21	5.79	0.01
3	3	1.26	5.29	50.22	7.47	0.00
3	7	0.68	4.43	53.80	10.16	0.05
Core	CPU	C1%	C3%	C6%	C8%	C9%
-	-	0.96	6.47	51.23	6.83	0.05
0	0	1.07	8.17	54.48	5.26	0.00
0	4	0.61	5.53	50.98	6.10	0.00
1	1	0.99	7.17	51.64	5.53	0.21
1	5	0.60	6.16	54.30	6.98	0.14
2	2	0.94	6.37	52.28	7.08	0.00
2	6	1.13	6.15	48.98	7.23	0.00
3	3	1.48	7.44	50.32	8.15	0.03
3	7	0.84	4.77	46.85	8.29	0.00
Core	CPU	C1%	C3%	C6%	C8%	C9%
-	-	0.56	5.76	53.01	9.22	0.00
0	0	1.08	6.45	52.80	7.22	0.01
0	4	0.36	4.86	47.47	11.61	0.00
1	1	0.61	5.29	53.34	14.78	0.00
1	5	0.61	5.97	54.43	6.75	0.00
2	2	0.55	5.10	50.30	9.44	0.00
2	6	0.17	6.31	56.13	8.13	0.00
3	3	0.59	6.41	58.21	6.96	0.00
3	7	0.52	5.75	51.80	8.97	0.00
Core	CPU	C1%	C3%	C6%	C8%	C9%
-	-	0.81	6.76	51.31	7.20	0.02
0	0	1.12	8.98	51.36	3.06	0.00
0	4	0.80	5.84	46.30	5.33	0.00
1	1	0.76	6.37	52.56	7.36	0.00
1	5	0.72	6.28	51.42	11.66	0.00
2	2	0.50	6.61	54.26	7.18	0.00
2	6	0.79	7.05	51.79	8.03	0.14
3	3	0.62	6.09	50.11	7.32	0.00
3	7	1.15	6.80	52.50	7.61	0.00
Core	CPU	C1%	C3%	C6%	C8%	C9%
-	-	1.10	7.38	51.24	6.34	0.01
0	0	1.78	9.03	52.04	4.27	0.00
0	4	0.97	6.82	50.96	5.03	0.00
1	1	0.55	7.71	55.26	6.48	0.01
1	5	1.38	7.07	53.05	5.38	0.01
2	2	1.20	7.75	54.53	7.15	0.00
2	6	1.23	6.54	45.96	6.37	0.08
3	3	0.47	7.89	47.87	5.37	0.00
3	7	1.20	6.30	50.90	10.72	0.00
Core	CPU	C1%	C3%	C6%	C8%	C9%
-	-	0.88	6.65	41.82	15.35	0.24
0	0	1.39	8.04	41.32	19.72	0.01
0	4	0.66	5.12	40.73	29.47	0.50
1	1	0.70	7.65	41.09	4.84	0.58
1	5	0.94	5.55	40.52	22.13	0.71
2	2	0.70	7.21	40.84	19.65	0.00
2	6	1.17	6.92	44.82	7.41	0.00
3	3	0.58	6.32	40.06	2.05	0.00
3	7	0.86	6.27	44.41	17.19	0.10
Core	CPU	C1%	C3%	C6%	C8%	C9%
-	-	1.78	8.68	47.88	7.10	0.01
0	0	1.92	9.52	45.40	8.76	0.00
0	4	1.48	8.34	52.26	7.90	0.00
1	1	1.87	8.25	47.54	3.40	0.00
1	5	1.87	8.07	42.70	8.80	0.00
2	2	2.38	8.47	49.75	7.68	0.00
2	6	1.47	10.91	48.93	6.67	0.07
3	3	1.83	8.30	46.56	7.74	0.00
3	7	1.40	7.65	50.27	5.91	0.00
Core	CPU	C1%	C3%	C6%	C8%	C9%
-	-	1.13	8.63	51.77	6.44	0.20
0	0	1.39	9.56	50.22	4.06	0.17
0	4	0.95	7.27	55.13	4.16	0.00
1	1	0.92	8.46	54.04	8.13	0.00
1	5	0.70	7.79	50.23	8.33	0.00
2	2	1.81	9.12	51.27	5.11	0.00
2	6	1.18	11.84	48.87	4.72	1.47
3	3	1.05	6.89	52.04	10.89	0.00
3	7	1.02	8.04	52.12	6.13	0.00
Core	CPU	C1%	C3%	C6%	C8%	C9%
-	-	0.62	6.88	51.87	9.38	0.04
0	0	0.46	6.41	52.99	8.83	0.01
0	4	0.54	6.82	58.89	8.20	0.00
1	1	0.85	6.79	51.60	9.02	0.00
1	5	0.69	6.07	55.29	8.10	0.21
2	2	0.95	6.98	49.85	10.47	0.00
2	6	0.52	9.12	49.55	6.63	0.06
3	3	0.40	7.69	54.05	9.13	0.00
3	7	0.58	5.28	43.70	14.83	0.05
Core	CPU	C1%	C3%	C6%	C8%	C9%
-	-	0.94	11.06	49.14	4.30	0.01
0	0	1.23	12.16	46.69	4.10	0.03
0	4	0.40	9.31	54.02	5.42	0.00
1	1	0.76	11.26	52.70	4.50	0.00
1	5	0.80	9.83	51.12	4.87	0.00
2	2	0.94	8.67	52.15	4.20	0.00
2	6	1.22	15.19	41.26	1.64	0.08
3	3	0.88	11.86	49.67	2.98	0.00
3	7	1.30	10.02	44.66	6.60	0.00
Core	CPU	C1%	C3%	C6%	C8%	C9%
-	-	1.18	10.92	47.74	4.61	0.01
0	0	1.20	11.59	48.15	4.24	0.00
0	4	0.89	10.10	47.95	6.52	0.00
1	1	0.80	9.52	56.01	2.65	0.00
1	5	1.61	11.85	45.82	5.62	0.00
2	2	1.15	8.73	48.55	6.23	0.00
2	6	2.05	14.93	39.08	2.68	0.09
3	3	1.03	10.31	50.73	4.80	0.00
3	7	0.72	10.36	45.84	4.19	0.00
Core	CPU	C1%	C3%	C6%	C8%	C9%
-	-	1.03	10.76	49.82	4.81	0.10
0	0	1.25	12.15	47.08	2.76	0.00
0	4	0.56	9.66	53.22	4.47	0.00
1	1	0.90	10.40	52.44	3.56	0.00
1	5	1.63	9.13	55.35	4.65	0.00
2	2	1.26	10.47	47.91	7.08	0.00
2	6	1.17	14.57	40.34	3.24	0.79
3	3	0.93	10.11	51.61	6.56	0.00
3	7	0.51	9.55	50.35	6.11	0.00
Core	CPU	C1%	C3%	C6%	C8%	C9%
-	-	1.33	13.25	45.89	3.20	0.01
0	0	1.76	14.85	39.10	2.08	0.00
0	4	1.49	10.25	52.89	3.34	0.00
1	1	1.58	13.73	48.74	2.82	0.00
1	5	0.75	12.75	47.26	3.08	0.00
2	2	0.99	13.17	48.05	2.95	0.00
2	6	1.88	16.06	36.64	3.47	0.08
3	3	1.54	13.55	46.61	2.74	0.00
3	7	0.65	11.66	47.99	5.10	0.00
Core	CPU	C1%	C3%	C6%	C8%	C9%
-	-	0.75	11.10	44.33	12.08	0.01
0	0	0.86	11.62	47.80	9.95	0.00
0	4	0.99	10.62	45.12	18.43	0.00
1	1	0.58	12.36	48.02	12.46	0.00
1	5	0.77	10.74	44.86	16.57	0.00
2	2	0.77	9.60	44.92	14.50	0.00
2	6	1.13	14.54	37.35	12.25	0.09
3	3	0.42	9.61	50.11	10.79	0.00
3	7	0.52	9.83	37.02	1.86	0.00
Core	CPU	C1%	C3%	C6%	C8%	C9%
-	-	1.91	12.90	45.57	3.96	0.03
0	0	2.66	13.71	44.18	3.22	0.00
0	4	2.11	12.15	46.35	4.76	0.00
1	1	1.82	12.10	50.45	4.32	0.00
1	5	1.39	13.04	47.30	3.20	0.00
2	2	1.34	11.63	47.47	3.26	0.00
2	6	2.54	15.65	33.19	2.85	0.26
3	3	1.74	11.63	46.57	8.11	0.00
3	7	1.63	13.20	48.60	1.89	0.00
Core	CPU	C1%	C3%	C6%	C8%	C9%
-	-	1.09	12.99	47.16	2.82	0.04
0	0	1.60	14.87	42.44	1.98	0.00
0	4	0.56	10.94	50.83	4.65	0.22
1	1	0.95	14.46	46.97	2.39	0.00
1	5	0.68	11.90	55.01	2.64	0.00
2	2	1.10	11.72	49.46	3.22	0.00
2	6	1.81	16.79	31.66	2.28	0.13
3	3	1.06	11.78	50.54	2.89	0.00
3	7	0.98	11.39	50.10	2.47	0.00
Core	CPU	C1%	C3%	C6%	C8%	C9%
-	-	0.87	13.88	46.60	2.92	0.01
0	0	0.66	13.58	45.98	2.50	0.00
0	4	0.47	13.19	49.33	2.59	0.02
1	1	1.24	13.97	46.62	3.45	0.00
1	5	0.65	13.01	49.28	4.26	0.00
2	2	1.22	13.30	48.11	2.06	0.00
2	6	1.09	16.99	36.19	3.42	0.04
3	3	0.70	14.60	48.41	1.56	0.00
3	7	0.96	12.44	48.85	3.54	0.01
Core	CPU	C1%	C3%	C6%	C8%	C9%
-	-	0.93	12.72	47.84	2.92	0.00
0	0	0.93	14.62	47.54	1.74	0.00
0	4	0.40	10.40	51.84	3.90	0.00
1	1	0.89	12.31	47.09	4.21	0.00
1	5	0.99	12.74	48.99	3.20	0.00
2	2	0.75	12.22	50.54	1.63	0.00
2	6	1.74	16.58	35.87	2.26	0.00
3	3	1.09	12.34	49.74	1.22	0.00
3	7	0.62	10.57	51.17	5.20	0.00
Core	CPU	C1%	C3%	C6%	C8%	C9%
-	-	0.92	12.72	47.71	3.31	0.04
0	0	1.17	14.47	47.17	2.12	0.00
0	4	0.75	11.88	49.48	4.46	0.19
1	1	0.84	12.48	48.95	3.42	0.00
1	5	0.61	12.08	48.17	4.57	0.00
2	2	0.70	11.68	50.78	3.17	0.00
2	6	1.98	15.87	34.22	2.52	0.11
3	3	0.54	11.82	52.79	2.31	0.00
3	7	0.73	11.50	50.16	3.92	0.00
Core	CPU	C1%	C3%	C6%	C8%	C9%
-	-	0.81	12.76	47.57	3.33	0.04
0	0	0.64	14.44	46.22	2.78	0.00
0	4	0.79	11.28	49.55	5.25	0.15
1	1	0.43	12.47	51.70	4.37	0.01
1	5	0.51	13.17	48.79	2.62	0.00
2	2	0.93	11.12	52.04	1.49	0.14
2	6	1.72	16.88	36.11	1.57	0.00
3	3	0.90	13.02	45.95	3.05	0.00
3	7	0.54	9.70	50.09	5.54	0.00
Core	CPU	C1%	C3%	C6%	C8%	C9%
-	-	1.61	10.94	43.04	12.16	0.00
0	0	1.95	11.13	39.07	18.12	0.00
0	4	1.62	10.24	47.65	12.89	0.00
1	1	1.94	10.90	48.42	10.89	0.00
1	5	0.92	10.08	52.27	9.22	0.00
2	2	1.27	12.44	44.47	12.83	0.00
2	6	2.22	11.92	21.45	1.12	0.01
3	3	1.87	11.13	44.20	15.67	0.00
3	7	1.09	9.68	46.77	16.48	0.00
Core	CPU	C1%	C3%	C6%	C8%	C9%
-	-	1.15	13.11	46.82	2.94	0.01
0	0	1.49	14.58	42.21	1.29	0.00
0	4	0.41	10.89	50.09	3.20	0.00
1	1	1.32	12.26	49.40	2.63	0.06
1	5	0.87	13.19	46.21	2.69	0.00
2	2	1.08	12.41	51.97	1.35	0.00
2	6	2.03	17.93	37.05	1.65	0.00
3	3	0.57	11.41	52.09	5.64	0.00
3	7	1.41	12.38	46.04	5.09	0.01
Core	CPU	C1%	C3%	C6%	C8%	C9%
-	-	1.06	13.24	47.07	2.44	0.01
0	0	1.57	15.03	44.43	1.20	0.00
0	4	1.09	12.36	48.76	2.51	0.00
1	1	1.01	13.66	47.31	1.17	0.00
1	5	0.82	11.44	48.92	4.22	0.01
2	2	1.13	12.27	50.41	2.82	0.00
2	6	1.39	16.42	34.41	2.37	0.04
3	3	0.61	12.48	50.77	1.79	0.00
3	7	0.82	12.10	51.01	3.40	0.00
Core	CPU	C1%	C3%	C6%	C8%	C9%
-	-	1.00	13.11	46.29	4.09	0.01
0	0	1.19	13.30	44.77	3.30	0.00
0	4	0.47	12.59	50.25	2.50	0.00
1	1	0.60	11.95	48.46	4.24	0.00
1	5	0.91	12.74	47.57	5.21	0.00
2	2	1.20	13.27	43.52	6.38	0.00
2	6	1.14	16.20	38.58	2.50	0.07
3	3	1.21	13.35	47.62	3.51	0.00
3	7	1.28	11.51	49.57	5.08	0.00
Core	CPU	C1%	C3%	C6%	C8%	C9%
-	-	1.16	13.46	46.64	2.62	0.03
0	0	1.87	14.52	41.10	2.72	0.00
0	4	0.79	13.42	52.21	1.50	0.00
1	1	1.24	12.65	46.91	3.76	0.00
1	5	0.83	12.65	48.92	2.53	0.00
2	2	0.99	12.01	50.75	3.33	0.00
2	6	1.65	16.18	35.66	1.65	0.24
3	3	0.94	14.77	47.15	1.55	0.00
3	7	1.00	11.51	50.38	3.89	0.00
Core	CPU	C1%	C3%	C6%	C8%	C9%
-	-	0.62	10.82	51.82	5.52	0.01
0	0	0.71	11.10	48.54	5.83	0.00
0	4	0.43	9.37	54.18	9.36	0.00
1	1	0.41	10.52	55.94	4.56	0.00
1	5	0.39	10.93	54.14	5.36	0.00
2	2	0.71	10.64	52.51	4.97	0.00
2	6	0.80	13.73	42.03	3.09	0.12
3	3	0.42	8.98	56.10	6.97	0.00
3	7	1.05	11.28	51.17	3.99	0.00
Core	CPU	C1%	C3%	C6%	C8%	C9%
-	-	0.98	13.60	46.71	3.28	0.05
0	0	0.84	13.74	45.49	2.50	0.00
0	4	0.73	13.15	48.62	3.45	0.00
1	1	0.75	13.22	49.56	2.21	0.00
1	5	1.51	12.81	51.55	1.90	0.00
2	2	0.74	13.82	44.84	3.46	0.00
2	6	1.56	15.02	38.73	2.90	0.42
3	3	1.03	14.90	46.25	1.69	0.00
3	7	0.66	12.12	48.65	8.11	0.00
Core	CPU	C1%	C3%	C6%	C8%	C9%
-	-	0.55	8.69	53.02	8.51	0.03
0	0	0.44	9.45	50.25	9.20	0.00
0	4	0.06	8.18	54.52	8.66	0.01
1	1	0.48	8.22	55.06	7.37	0.01
1	5	0.32	8.25	55.00	7.82	0.00
2	2	0.52	8.76	56.76	9.30	0.00
2	6	0.83	9.83	45.46	8.58	0.22
3	3	0.58	8.42	52.35	10.56	0.00
3	7	1.14	8.44	54.74	6.55	0.00
Core	CPU	C1%	C3%	C6%	C8%	C9%
-	-	0.38	6.16	50.97	17.72	0.03
0	0	0.46	7.24	58.02	16.59	0.00
0	4	0.09	5.88	51.80	19.94	0.00
1	1	0.72	7.12	57.04	16.58	0.00
1	5	0.37	4.45	53.60	20.84	0.00
2	2	0.04	4.10	38.79	19.93	0.00
2	6	0.61	8.07	39.67	9.33	0.23
3	3	0.27	5.77	54.76	19.89	0.01
3	7	0.52	6.60	53.93	18.63	0.03
Core	CPU	C1%	C3%	C6%	C8%	C9%
-	-	1.32	10.41	49.62	6.25	0.06
0	0	1.40	10.93	51.31	4.87	0.00
0	4	1.09	9.64	52.10	6.78	0.00
1	1	1.39	10.34	49.20	7.38	0.00
1	5	1.34	9.16	51.41	6.35	0.00
2	2	1.03	8.19	50.52	7.24	0.01
2	6	1.76	15.00	42.02	2.80	0.49
3	3	1.51	9.88	50.51	8.65	0.00
3	7	1.02	10.21	50.21	5.98	0.00
Core	CPU	C1%	C3%	C6%	C8%	C9%
-	-	0.66	8.53	53.82	8.50	0.03
0	0	1.39	9.23	50.91	8.88	0.00
0	4	0.42	8.39	55.46	7.58	0.08
1	1	0.34	7.51	54.26	10.42	0.01
1	5	0.66	7.99	55.23	9.08	0.00
2	2	0.68	8.41	53.15	10.38	0.00
2	6	0.79	11.20	50.06	5.34	0.16
3	3	0.32	7.29	57.45	8.04	0.00
3	7	0.71	8.18	53.89	8.26	0.00
Core	CPU	C1%	C3%	C6%	C8%	C9%
-	-	0.50	7.54	55.24	8.81	0.15
0	0	0.84	9.15	55.80	6.62	0.09
0	4	0.15	6.43	51.99	14.50	0.01
1	1	0.46	6.33	55.89	10.21	0.00
1	5	0.62	6.75	59.21	8.04	0.00
2	2	0.62	7.00	55.28	7.86	0.05
2	6	0.60	9.73	50.74	6.13	0.80
3	3	0.53	8.20	54.90	9.33	0.20
3	7	0.16	6.76	58.10	7.76	0.05
Core	CPU	C1%	C3%	C6%	C8%	C9%
-	-	0.60	7.87	51.24	8.98	0.08
0	0	1.20	9.61	49.64	7.32	0.00
0	4	0.28	7.03	49.59	11.62	0.00
1	1	0.58	7.14	54.74	8.40	0.10
1	5	0.30	6.40	51.92	10.58	0.19
2	2	0.49	7.52	52.39	8.18	0.00
2	6	0.55	10.11	48.21	8.32	0.36
3	3	0.88	8.31	54.34	8.86	0.00
3	7	0.50	6.82	49.11	8.58	0.00
Core	CPU	C1%	C3%	C6%	C8%	C9%
-	-	0.83	9.14	52.50	6.42	0.02
0	0	0.66	10.58	52.34	4.62	0.00
0	4	0.92	7.42	51.25	8.14	0.00
1	1	0.77	8.09	52.89	7.17	0.00
1	5	0.87	11.02	52.33	5.77	0.00
2	2	0.60	8.14	56.51	6.57	0.00
2	6	0.83	9.63	49.94	5.96	0.14
3	3	0.85	8.32	55.03	7.66	0.00
3	7	1.17	9.94	49.82	5.48	0.00
Core	CPU	C1%	C3%	C6%	C8%	C9%
-	-	0.74	8.05	51.03	7.98	0.18
0	0	0.66	8.53	52.58	8.89	0.00
0	4	0.58	7.47	49.83	11.64	0.00
1	1	0.53	8.19	48.61	9.71	0.00
1	5	0.79	7.29	53.09	6.28	0.00
2	2	0.59	7.09	51.44	7.44	0.00
2	6	1.18	9.99	51.78	6.56	0.17
3	3	0.79	9.12	54.90	4.90	0.00
3	7	0.78	6.71	46.03	8.41	1.31
Core	CPU	C1%	C3%	C6%	C8%	C9%
-	-	0.67	7.06	52.71	10.08	0.15
0	0	0.89	7.65	48.26	10.86	0.00
0	4	0.34	6.56	57.71	11.06	0.00
1	1	0.34	5.97	53.56	8.99	0.00
1	5	0.65	6.90	52.99	7.72	0.00
2	2	1.23	6.63	52.11	9.26	0.01
2	6	0.93	8.16	49.54	11.98	1.22
3	3	0.47	7.80	52.86	9.81	0.00
3	7	0.51	6.78	54.50	10.96	0.00
Core	CPU	C1%	C3%	C6%	C8%	C9%
-	-	0.56	8.19	53.38	8.04	0.11
0	0	0.56	8.80	50.88	6.72	0.00
0	4	0.39	7.29	59.57	9.92	0.00
1	1	0.73	8.93	53.36	7.74	0.00
1	5	0.36	6.49	51.55	8.18	0.00
2	2	0.31	7.46	55.75	11.03	0.00
2	6	0.96	11.35	47.13	5.96	0.86
3	3	0.69	6.97	51.54	8.98	0.00
3	7	0.48	8.29	57.69	5.89	0.00
Core	CPU	C1%	C3%	C6%	C8%	C9%
-	-	0.71	7.66	52.83	8.29	0.11
0	0	0.73	7.76	51.01	9.46	0.00
0	4	0.62	6.09	55.44	10.58	0.00
1	1	0.40	8.01	54.13	5.56	0.00
1	5	0.76	6.73	50.29	12.13	0.04
2	2	0.57	6.65	47.88	9.43	0.10
2	6	0.80	10.31	49.82	4.42	0.76
3	3	1.23	8.44	56.69	6.66	0.00
3	7	0.56	7.27	57.17	8.07	0.00
Core	CPU	C1%	C3%	C6%	C8%	C9%
-	-	0.72	7.02	54.82	8.33	0.02
0	0	0.68	7.85	55.23	5.14	0.00
0	4	1.00	6.84	50.69	9.13	0.00
1	1	0.60	7.35	58.57	8.03	0.00
1	5	0.78	6.06	53.73	10.66	0.00
2	2	0.57	5.57	56.93	9.86	0.08
2	6	0.53	8.15	54.49	9.35	0.10
3	3	0.98	6.70	49.18	8.70	0.01
3	7	0.62	7.62	59.53	5.72	0.00
Core	CPU	C1%	C3%	C6%	C8%	C9%
-	-	0.72	7.27	53.35	9.64	0.03
0	0	0.95	7.92	57.10	8.97	0.00
0	4	0.44	6.45	49.32	10.30	0.05
1	1	0.25	6.86	53.16	11.50	0.00
1	5	0.95	8.43	55.46	6.45	0.00
2	2	0.75	6.27	52.31	9.47	0.00
2	6	1.09	9.51	51.28	7.36	0.07
3	3	0.92	6.33	53.73	8.96	0.00
3	7	0.36	6.39	54.47	14.12	0.10
Core	CPU	C1%	C3%	C6%	C8%	C9%
-	-	0.99	8.47	52.15	7.76	0.04
0	0	1.24	9.65	52.36	7.02	0.00
0	4	1.52	7.19	51.61	10.54	0.00
1	1	0.78	8.12	51.84	6.73	0.00
1	5	0.66	6.92	50.23	10.36	0.03
2	2	0.82	9.27	50.71	7.65	0.00
2	6	1.27	11.42	49.14	3.19	0.27
3	3	1.15	8.43	57.11	8.71	0.00
3	7	0.52	6.81	54.30	7.89	0.00
Core	CPU	C1%	C3%	C6%	C8%	C9%
-	-	0.83	7.23	52.12	9.26	0.09
0	0	0.65	8.08	50.09	6.31	0.04
0	4	0.60	6.14	49.51	13.00	0.00
1	1	1.17	7.01	55.45	8.58	0.00
1	5	0.43	7.55	56.21	7.19	0.00
2	2	0.82	6.19	48.87	8.93	0.31
2	6	1.19	9.41	50.27	7.55	0.36
3	3	0.95	6.93	52.79	13.39	0.00
3	7	0.80	6.54	53.66	9.14	0.01
Core	CPU	C1%	C3%	C6%	C8%	C9%
-	-	0.66	7.86	54.61	8.24	0.08
0	0	1.21	9.25	52.52	5.99	0.00
0	4	0.20	5.55	59.00	10.61	0.07
1	1	0.54	6.89	54.71	9.36	0.01
1	5	0.59	8.06	55.21	6.40	0.00
2	2	0.57	7.80	54.54	8.82	0.00
2	6	0.68	9.97	49.11	9.20	0.57
3	3	0.80	7.60	54.49	7.31	0.00
3	7	0.71	7.85	57.87	8.34	0.00
Core	CPU	C1%	C3%	C6%	C8%	C9%
-	-	0.69	7.28	54.01	8.86	0.33
0	0	1.04	8.49	56.79	4.34	0.00
0	4	0.42	6.27	53.64	10.42	0.00
1	1	1.01	6.78	54.22	10.79	0.00
1	5	0.45	7.01	53.05	9.40	0.00
2	2	0.58	6.90	51.60	10.97	0.00
2	6	0.73	8.94	52.76	6.97	2.64
3	3	0.52	7.27	53.65	7.59	0.00
3	7	0.76	6.53	55.99	10.35	0.00
Core	CPU	C1%	C3%	C6%	C8%	C9%
-	-	1.74	6.11	36.98	28.31	0.38
0	0	1.66	5.75	34.72	34.97	0.00
0	4	1.57	5.31	25.18	2.21	0.00
1	1	1.73	6.60	39.73	30.22	0.00
1	5	1.26	5.91	41.20	31.09	0.00
2	2	2.67	6.61	48.61	22.46	0.05
2	6	1.77	6.96	34.47	33.33	2.96
3	3	1.86	6.95	36.46	33.40	0.01
3	7	1.39	4.81	35.74	39.07	0.00
Core	CPU	C1%	C3%	C6%	C8%	C9%
-	-	0.82	7.48	51.85	8.42	0.25
0	0	1.07	8.73	55.61	8.59	0.00
0	4	0.86	5.83	51.87	11.02	0.00
1	1	1.31	8.33	48.96	8.81	0.00
1	5	0.58	6.80	53.99	8.69	0.00
2	2	0.60	6.28	49.92	8.80	0.02
2	6	0.65	9.26	48.92	6.66	0.82
3	3	0.81	7.00	54.57	8.80	0.00
3	7	0.71	7.63	50.93	5.97	1.18
Core	CPU	C1%	C3%	C6%	C8%	C9%
-	-	0.67	8.79	53.79	7.12	0.09
0	0	0.65	10.46	54.35	3.39	0.00
0	4	0.41	7.88	51.74	8.89	0.00
1	1	0.36	8.00	58.01	7.17	0.00
1	5	0.56	7.75	54.20	7.49	0.41
2	2	0.98	9.18	50.74	7.46	0.00
2	6	1.14	10.32	52.73	5.23	0.07
3	3	0.50	7.83	55.19	9.12	0.21
3	7	0.76	8.77	52.74	8.12	0.00
Core	CPU	C1%	C3%	C6%	C8%	C9%
-	-	0.82	8.60	51.55	7.13	0.32
0	0	1.36	8.57	50.49	6.37	0.06
0	4	0.65	7.57	51.44	6.78	0.00
1	1	0.83	8.88	53.36	7.98	0.01
1	5	0.56	7.08	53.91	7.88	0.00
2	2	0.58	9.69	50.68	6.32	0.00
2	6	0.82	9.16	46.65	6.93	2.27
3	3	1.09	9.83	55.78	6.28	0.00
3	7	0.63	8.02	50.17	8.53	0.19
Core	CPU	C1%	C3%	C6%	C8%	C9%
-	-	0.62	7.39	53.12	9.28	0.13
0	0	0.79	8.11	54.29	6.78	0.00
0	4	0.24	5.90	51.41	11.41	0.01
1	1	0.69	6.92	54.56	9.57	0.00
1	5	0.82	7.07	55.67	9.08	0.00
2	2	0.32	6.02	53.77	12.41	0.00
2	6	0.76	9.77	51.74	7.60	1.04
3	3	0.84	7.32	46.88	12.25	0.00
3	7	0.55	7.99	56.62	5.11	0.00
Core	CPU	C1%	C3%	C6%	C8%	C9%
-	-	0.84	7.81	54.14	6.85	0.10
0	0	1.09	8.81	52.03	5.09	0.00
0	4	0.50	8.59	56.68	6.94	0.00
1	1	0.65	7.50	57.24	8.21	0.00
1	5	1.21	6.31	53.69	7.58	0.00
2	2	0.49	7.34	53.35	7.28	0.00
2	6	0.95	10.05	51.57	6.29	0.22
3	3	1.40	8.17	54.88	5.53	0.19
3	7	0.47	5.74	53.73	7.87	0.41
Core	CPU	C1%	C3%	C6%	C8%	C9%
-	-	0.82	7.70	51.24	8.49	0.40
0	0	1.29	9.77	51.46	5.66	0.00
0	4	0.26	5.10	54.16	11.38	0.00
1	1	0.83	7.17	47.13	11.61	0.15
1	5	0.49	6.96	52.97	7.93	0.00
2	2	1.21	7.81	51.51	8.82	0.00
2	6	0.83	9.88	48.79	8.11	3.06
3	3	0.81	7.30	52.04	6.49	0.00
3	7	0.82	7.59	51.79	7.89	0.00
Core	CPU	C1%	C3%	C6%	C8%	C9%
-	-	0.69	8.41	52.67	7.77	0.19
0	0	1.20	8.60	48.20	7.90	0.00
0	4	0.40	7.81	53.17	8.20	0.01
1	1	0.32	6.76	54.78	11.25	0.00
1	5	0.80	8.74	54.10	7.45	0.00
2	2	0.79	8.89	50.08	9.09	0.00
2	6	1.14	10.55	49.82	5.03	1.47
3	3	0.42	8.68	58.27	5.07	0.00
3	7	0.41	7.27	52.97	8.16	0.00
Core	CPU	C1%	C3%	C6%	C8%	C9%
-	-	1.25	8.56	51.09	7.67	0.16
0	0	1.35	9.28	49.98	7.87	0.01
0	4	1.02	8.47	52.54	5.94	0.00
1	1	2.01	7.08	52.65	9.50	0.00
1	5	1.14	9.24	52.15	7.80	0.00
2	2	0.98	9.17	51.98	6.61	0.00
2	6	0.89	9.74	44.59	7.33	1.26
3	3	1.73	8.90	49.94	6.52	0.00
3	7	0.86	6.73	55.44	9.90	0.00
Core	CPU	C1%	C3%	C6%	C8%	C9%
-	-	0.74	8.37	52.95	8.10	0.06
0	0	0.91	9.00	53.19	6.75	0.08
0	4	0.46	7.30	50.59	10.36	0.00
1	1	0.82	9.44	54.46	8.14	0.00
1	5	0.32	6.61	54.83	8.06	0.00
2	2	0.91	6.39	51.75	11.70	0.00
2	6	1.08	11.55	49.03	4.55	0.03
3	3	0.92	8.93	54.61	6.61	0.40
3	7	0.47	7.66	54.56	8.50	0.00
Core	CPU	C1%	C3%	C6%	C8%	C9%
-	-	0.96	8.46	54.10	5.75	0.05
0	0	0.69	9.48	52.05	5.89	0.04
0	4	0.89	8.70	53.40	4.89	0.00
1	1	0.78	9.44	54.71	4.74	0.00
1	5	0.98	7.17	55.42	7.47	0.00
2	2	0.89	7.63	55.70	5.85	0.00
2	6	1.61	9.08	52.61	4.21	0.39
3	3	1.23	8.75	50.84	4.76	0.00
3	7	0.64	7.37	58.02	8.17	0.00
Core	CPU	C1%	C3%	C6%	C8%	C9%
-	-	1.18	6.80	53.80	7.69	0.04
0	0	1.43	8.63	50.92	2.99	0.01
0	4	0.84	5.04	53.84	9.79	0.00
1	1	1.02	7.47	54.09	9.33	0.00
1	5	1.41	6.60	57.91	6.28	0.00
2	2	0.53	5.95	50.93	11.37	0.00
2	6	1.03	8.09	57.31	5.87	0.32
3	3	1.80	5.16	51.22	9.75	0.00
3	7	1.39	7.45	54.17	6.17	0.00
Core	CPU	C1%	C3%	C6%	C8%	C9%
-	-	0.95	7.03	50.66	7.25	0.24
0	0	1.09	7.75	50.44	4.79	0.00
0	4	1.29	6.87	49.19	7.71	0.00
1	1	0.82	5.81	53.67	7.79	0.00
1	5	0.81	6.33	47.84	8.87	0.00
2	2	0.74	7.11	51.55	12.37	0.00
2	6	0.69	7.38	47.24	3.88	1.91
3	3	1.19	6.86	55.24	6.42	0.00
3	7	0.98	8.22	50.92	6.30	0.00
Core	CPU	C1%	C3%	C6%	C8%	C9%
-	-	0.89	8.21	52.45	6.32	0.08
0	0	0.93	10.06	44.06	7.03	0.00
0	4	0.77	8.41	55.80	5.30	0.00
1	1	0.92	7.51	55.82	6.64	0.00
1	5	1.10	8.21	53.31	5.40	0.00
2	2	1.19	8.24	49.79	6.31	0.00
2	6	0.86	8.42	50.64	6.57	0.00
3	3	0.54	7.86	57.20	5.30	0.20
3	7	0.78	6.94	52.70	7.96	0.40
Core	CPU	C1%	C3%	C6%	C8%	C9%
-	-	1.12	8.24	52.23	5.17	0.03
0	0	1.04	9.18	51.05	5.54	0.01
0	4	0.80	7.61	52.22	7.44	0.00
1	1	1.06	7.65	49.65	6.19	0.00
1	5	1.24	8.60	54.91	2.90	0.00
2	2	1.48	9.11	54.35	4.36	0.00
2	6	1.04	8.19	56.13	4.80	0.25
3	3	0.91	8.34	54.09	3.21	0.00
3	7	1.35	7.15	44.93	6.91	0.00
Core	CPU	C1%	C3%	C6%	C8%	C9%
-	-	0.94	7.27	47.43	8.03	0.40
0	0	0.93	8.59	47.84	11.02	0.00
0	4	0.78	6.32	49.29	8.66	0.00
1	1	1.39	6.58	48.82	6.46	0.00
1	5	0.98	5.75	46.43	7.08	0.00
2	2	0.49	6.64	50.61	8.04	0.00
2	6	0.85	9.04	43.19	7.57	2.96
3	3	1.06	6.73	45.25	7.97	0.21
3	7	1.01	8.47	48.12	7.48	0.00
Core	CPU	C1%	C3%	C6%	C8%	C9%
-	-	1.39	9.64	49.68	4.59	0.16
0	0	1.22	12.88	44.17	1.74	0.01
0	4	1.46	8.23	49.80	4.62	1.01
1	1	1.57	9.97	46.43	6.02	0.00
1	5	0.85	8.15	51.07	6.14	0.03
2	2	0.95	8.31	51.48	8.23	0.00
2	6	1.69	11.60	50.55	1.18	0.00
3	3	1.90	8.33	49.10	4.82	0.27
3	7	1.49	9.61	54.72	3.97	0.00
Core	CPU	C1%	C3%	C6%	C8%	C9%
-	-	1.26	9.22	49.94	4.73	0.11
0	0	2.16	11.51	47.17	3.02	0.11
0	4	0.98	8.30	50.20	2.80	0.71
1	1	0.90	8.97	52.11	5.23	0.00
1	5	1.39	9.82	50.94	6.26	0.00
2	2	0.84	7.22	47.69	6.88	0.00
2	6	1.49	9.35	52.25	2.84	0.04
3	3	1.45	9.26	49.08	3.51	0.00
3	7	0.85	9.32	50.11	7.32	0.00
Core	CPU	C1%	C3%	C6%	C8%	C9%
-	-	0.97	8.95	50.87	4.64	0.01
0	0	1.10	9.99	50.25	5.78	0.00
0	4	0.80	9.01	50.30	5.25	0.00
1	1	1.12	9.95	53.24	3.75	0.00
1	5	1.54	8.34	49.10	4.58	0.00
2	2	0.69	9.06	52.42	3.77	0.00
2	6	0.56	7.59	54.54	6.97	0.00
3	3	0.89	8.42	50.25	5.54	0.00
3	7	1.07	9.25	46.91	1.49	0.11
Core	CPU	C1%	C3%	C6%	C8%	C9%
-	-	2.32	11.64	47.05	2.93	0.00
0	0	2.71	14.21	41.21	1.62	0.00
0	4	1.75	10.45	47.18	4.02	0.00
1	1	2.37	12.62	46.33	3.29	0.00
1	5	1.85	11.91	48.59	2.33	0.00
2	2	2.60	11.20	49.35	1.83	0.00
2	6	1.79	10.05	47.22	3.40	0.00
3	3	2.99	11.17	48.91	2.91	0.00
3	7	2.52	11.53	47.58	4.00	0.00
Core	CPU	C1%	C3%	C6%	C8%	C9%
-	-	1.76	5.61	24.42	12.66	0.19
0	0	1.79	6.83	23.90	6.40	1.51
0	4	1.70	5.16	27.30	35.24	0.01
1	1	1.42	4.89	29.85	33.47	0.00
1	5	2.25	5.89	22.84	2.03	0.00
2	2	1.47	5.28	23.18	2.73	0.00
2	6	1.30	5.59	22.21	1.37	0.00
3	3	2.30	6.01	21.01	8.13	0.00
3	7	1.89	5.20	25.09	11.93	0.00
Core	CPU	C1%	C3%	C6%	C8%	C9%
-	-	1.84	10.35	47.07	3.77	0.02
0	0	2.65	12.10	40.04	3.77	0.01
0	4	1.29	8.54	46.88	3.24	0.13
1	1	1.38	11.57	45.34	4.16	0.00
1	5	1.86	9.60	49.05	3.71	0.00
2	2	2.04	9.97	49.75	2.46	0.00
2	6	1.61	10.71	49.12	5.12	0.00
3	3	1.84	9.78	49.82	5.29	0.00
3	7	2.01	10.50	46.57	2.42	0.00
Core	CPU	C1%	C3%	C6%	C8%	C9%
-	-	1.30	8.86	48.89	4.83	0.07
0	0	1.15	10.78	48.55	4.39	0.00
0	4	1.85	6.95	49.23	6.53	0.00
1	1	1.46	10.00	49.08	5.56	0.00
1	5	0.97	7.84	48.35	7.03	0.00
2	2	1.14	8.74	49.23	4.55	0.60
2	6	1.50	9.86	48.94	2.03	0.00
3	3	1.07	7.21	46.27	5.28	0.00
3	7	1.28	9.49	51.56	3.29	0.00
Core	CPU	C1%	C3%	C6%	C8%	C9%
-	-	1.37	9.48	49.52	4.19	0.00
0	0	2.26	11.08	45.84	2.30	0.00
0	4	1.09	7.94	51.00	6.09	0.00
1	1	1.41	9.70	49.61	4.95	0.00
1	5	0.55	9.82	49.25	4.61	0.00
2	2	1.67	8.49	45.57	4.77	0.00
2	6	1.85	9.87	49.88	4.74	0.00
3	3	0.91	10.01	52.46	2.88	0.00
3	7	1.21	8.93	52.47	3.16	0.00
Core	CPU	C1%	C3%	C6%	C8%	C9%
-	-	2.21	11.68	46.57	3.36	0.03
0	0	3.10	14.48	39.24	1.71	0.00
0	4	1.71	10.48	46.93	5.62	0.00
1	1	2.26	12.55	45.41	1.69	0.00
1	5	2.34	10.53	48.37	5.80	0.00
2	2	2.28	10.36	50.16	1.95	0.21
2	6	2.58	11.48	48.50	2.35	0.00
3	3	1.59	12.12	47.60	2.82	0.00
3	7	1.84	11.47	46.31	4.94	0.00
Core	CPU	C1%	C3%	C6%	C8%	C9%
-	-	1.23	9.64	49.86	4.61	0.00
0	0	1.25	12.42	44.90	3.16	0.01
0	4	0.99	8.51	51.03	6.59	0.00
1	1	1.15	8.14	53.71	7.03	0.01
1	5	1.83	11.16	45.14	3.50	0.00
2	2	1.46	10.29	51.26	4.86	0.00
2	6	1.13	7.56	53.22	4.77	0.00
3	3	1.31	10.95	48.63	2.64	0.00
3	7	0.71	8.11	51.02	4.32	0.00
Core	CPU	C1%	C3%	C6%	C8%	C9%
-	-	1.35	10.92	45.41	3.81	0.10
0	0	1.59	12.65	39.55	6.47	0.00
0	4	1.09	10.24	44.27	1.65	0.00
1	1	0.93	9.14	48.16	5.26	0.09
1	5	1.49	12.00	46.82	2.38	0.00
2	2	1.44	10.96	47.34	4.27	0.00
2	6	1.05	11.16	46.48	3.54	0.72
3	3	1.05	11.43	43.24	1.71	0.00
3	7	2.16	9.77	47.46	5.17	0.00
Core	CPU	C1%	C3%	C6%	C8%	C9%
-	-	1.67	10.40	48.27	3.44	0.01
0	0	1.89	12.68	45.85	2.56	0.00
0	4	0.73	10.02	52.16	4.96	0.00
1	1	1.23	10.69	52.46	3.24	0.00
1	5	2.00	10.11	45.41	3.66	0.00
2	2	2.04	8.70	47.71	3.50	0.00
2	6	1.14	10.70	46.15	1.16	0.12
3	3	2.03	11.08	45.72	3.98	0.00
3	7	2.35	9.20	50.71	4.47	0.00
Core	CPU	C1%	C3%	C6%	C8%	C9%
-	-	1.06	10.47	49.53	3.83	0.00
0	0	1.17	11.86	46.35	2.51	0.00
0	4	0.60	10.75	52.07	5.52	0.00
1	1	1.08	12.24	45.89	3.54	0.00
1	5	1.12	9.62	51.03	5.51	0.00
2	2	0.85	10.74	49.45	2.16	0.00
2	6	1.17	9.44	47.94	4.70	0.00
3	3	1.57	10.47	50.61	2.40	0.00
3	7	0.92	8.60	52.85	4.29	0.00
Core	CPU	C1%	C3%	C6%	C8%	C9%
-	-	2.48	10.14	48.16	3.09	0.00
0	0	2.00	12.86	44.45	1.77	0.00
0	4	2.62	10.25	51.54	2.26	0.00
1	1	2.52	10.45	49.05	2.85	0.00
1	5	2.78	9.01	48.49	2.54	0.00
2	2	2.32	9.37	48.10	4.78	0.00
2	6	2.67	10.57	45.39	1.11	0.00
3	3	2.62	10.09	48.51	4.18	0.00
3	7	2.31	8.53	49.86	5.23	0.00
Core	CPU	C1%	C3%	C6%	C8%	C9%
-	-	1.58	11.04	47.49	3.57	0.02
0	0	1.90	14.53	43.62	1.60	0.00
0	4	0.81	9.48	45.65	3.88	0.00
1	1	1.15	10.87	51.81	4.09	0.00
1	5	1.34	10.18	46.49	6.34	0.00
2	2	1.66	9.81	53.75	4.23	0.17
2	6	2.08	12.30	44.13	1.65	0.00
3	3	1.84	11.50	47.10	2.69	0.00
3	7	1.84	9.63	47.24	4.04	0.00
Core	CPU	C1%	C3%	C6%	C8%	C9%
-	-	1.49	10.88	48.88	3.39	0.06
0	0	1.86	13.42	41.90	2.49	0.22
0	4	1.30	10.27	52.48	2.55	0.00
1	1	1.48	11.02	48.07	1.36	0.00
1	5	1.79	11.63	49.99	3.52	0.00
2	2	1.15	9.35	46.17	9.43	0.23
2	6	1.77	9.82	51.60	3.65	0.07
3	3	1.54	11.34	49.88	1.86	0.00
3	7	1.03	10.24	51.14	2.32	0.00
Core	CPU	C1%	C3%	C6%	C8%	C9%
-	-	1.26	10.10	49.09	3.40	0.00
0	0	1.33	11.48	49.01	2.50	0.01
0	4	0.87	10.54	52.76	3.99	0.00
1	1	1.37	9.74	47.05	3.70	0.00
1	5	1.23	9.73	48.32	3.58	0.00
2	2	1.61	9.20	46.56	2.28	0.00
2	6	1.36	10.73	49.26	2.78	0.00
3	3	1.38	10.05	49.41	5.45	0.00
3	7	0.92	9.29	50.23	2.92	0.00
Core	CPU	C1%	C3%	C6%	C8%	C9%
-	-	0.98	8.96	50.91	4.54	0.08
0	0	1.50	10.23	49.95	5.16	0.00
0	4	0.82	8.22	53.33	3.34	0.00
1	1	0.53	8.25	53.74	3.09	0.00
1	5	1.10	7.32	52.99	4.75	0.18
2	2	0.59	9.03	46.64	5.90	0.08
2	6	0.94	10.26	49.10	5.48	0.01
3	3	1.02	8.47	50.39	4.52	0.39
3	7	1.31	9.92	51.16	4.07	0.00
Core	CPU	C1%	C3%	C6%	C8%	C9%
-	-	1.25	12.59	45.68	3.18	0.03
0	0	1.49	12.79	42.24	4.23	0.00
0	4	1.01	12.46	44.94	2.31	0.11
1	1	0.84	12.95	48.28	3.48	0.01
1	5	0.71	12.27	48.78	2.36	0.00
2	2	0.82	10.84	50.99	3.51	0.00
2	6	1.82	15.17	37.70	1.45	0.11
3	3	1.12	11.66	49.26	4.65	0.00
3	7	2.18	12.58	43.26	3.46	0.01
Core	CPU	C1%	C3%	C6%	C8%	C9%
-	-	3.12	13.39	41.70	2.40	0.00
0	0	3.59	15.47	38.36	1.53	0.01
0	4	2.48	12.41	44.61	2.10	0.00
1	1	2.81	13.44	42.06	3.60	0.00
1	5	3.14	13.77	45.12	1.39	0.00
2	2	3.57	11.82	42.55	3.90	0.00
2	6	3.56	15.44	33.99	1.01	0.00
3	3	3.26	11.67	42.72	2.95	0.00
3	7	2.59	13.06	44.16	2.76	0.00
Core	CPU	C1%	C3%	C6%	C8%	C9%
-	-	1.23	13.70	45.98	3.04	0.01
0	0	1.53	15.33	43.68	2.03	0.00
0	4	0.82	13.85	47.60	2.82	0.00
1	1	1.54	13.62	48.18	2.73	0.00
1	5	1.01	12.73	48.39	3.89	0.00
2	2	1.02	12.49	49.83	2.72	0.00
2	6	1.82	16.06	35.36	1.80	0.05
3	3	0.96	12.22	49.12	4.65	0.00
3	7	1.15	13.30	45.69	3.71	0.00
Core	CPU	C1%	C3%	C6%	C8%	C9%
-	-	1.54	8.64	29.38	22.08	0.39
0	0	2.51	9.01	24.43	15.73	0.09
0	4	1.38	9.16	33.53	29.20	0.00
1	1	1.34	8.25	29.15	33.10	1.00
1	5	1.64	9.02	31.75	30.15	0.50
2	2	1.26	6.91	29.64	17.82	0.00
2	6	2.03	9.14	14.75	0.35	0.00
3	3	0.95	8.38	34.14	23.88	1.00
3	7	1.17	9.28	37.66	26.40	0.51
Core	CPU	C1%	C3%	C6%	C8%	C9%
-	-	1.11	12.76	45.90	4.31	0.08
0	0	1.59	12.44	43.28	4.24	0.00
0	4	0.46	10.97	50.70	4.28	0.00
1	1	1.01	14.25	43.55	5.95	0.00
1	5	0.60	11.60	50.78	3.35	0.04
2	2	1.57	11.81	49.01	3.62	0.00
2	6	1.52	16.19	34.88	3.56	0.51
3	3	0.95	12.51	48.44	5.41	0.05
3	7	1.17	12.41	46.84	4.10	0.00
Core	CPU	C1%	C3%	C6%	C8%	C9%
-	-	0.99	12.68	47.29	2.95	0.02
0	0	1.11	14.97	45.90	1.78	0.00
0	4	0.70	10.98	46.11	5.81	0.00
1	1	0.61	11.56	52.17	2.02	0.00
1	5	0.93	11.58	49.23	2.72	0.00
2	2	1.10	11.33	50.50	4.69	0.00
2	6	1.47	16.26	36.18	1.42	0.20
3	3	1.01	11.96	46.66	3.25	0.00
3	7	0.99	12.83	51.59	1.89	0.00
Core	CPU	C1%	C3%	C6%	C8%	C9%
-	-	2.46	15.40	40.84	1.76	0.01
0	0	3.55	16.09	36.90	1.23	0.00
0	4	2.03	13.92	43.81	2.77	0.00
1	1	2.39	15.44	43.01	1.24	0.00
1	5	2.51	15.23	43.20	2.31	0.00
2	2	2.42	15.58	43.13	1.07	0.00
2	6	2.78	16.49	31.59	1.13	0.07
3	3	2.03	14.84	44.16	2.81	0.00
3	7	1.94	15.47	40.56	1.47	0.00
Core	CPU	C1%	C3%	C6%	C8%	C9%
-	-	1.52	15.45	43.61	1.35	0.00
0	0	2.43	18.65	34.51	0.88	0.00
0	4	0.95	13.76	47.54	1.61	0.00
1	1	1.14	16.49	42.87	1.28	0.00
1	5	1.09	13.16	49.06	1.73	0.00
2	2	1.53	14.28	44.89	0.73	0.00
2	6	1.30	17.34	39.14	2.79	0.02
3	3	2.00	15.21	43.98	1.21	0.00
3	7	1.73	14.66	46.86	0.55	0.00
Core	CPU	C1%	C3%	C6%	C8%	C9%
-	-	1.10	15.10	44.67	2.46	0.00
0	0	1.60	15.81	39.57	2.39	0.00
0	4	0.70	13.87	50.29	2.37	0.00
1	1	0.97	12.63	47.21	4.04	0.00
1	5	0.90	16.18	46.48	1.12	0.00
2	2	0.95	14.13	46.65	1.80	0.00
2	6	1.58	17.93	36.45	1.82	0.00
3	3	1.04	15.84	44.47	3.59	0.00
3	7	1.06	14.50	46.35	2.55	0.00
Core	CPU	C1%	C3%	C6%	C8%	C9%
-	-	0.88	12.28	46.73	4.89	0.05
0	0	0.97	13.59	43.03	2.49	0.00
0	4	0.54	10.99	50.39	4.57	0.20
1	1	0.62	11.82	50.79	5.46	0.00
1	5	1.16	11.16	46.32	5.93	0.13
2	2	0.55	10.80	48.44	6.28	0.00
2	6	1.48	15.59	40.66	1.76	0.00
3	3	1.07	11.63	47.08	6.34	0.00
3	7	0.66	12.74	47.33	6.35	0.10
Core	CPU	C1%	C3%	C6%	C8%	C9%
-	-	1.25	15.15	43.95	2.02	0.02
0	0	2.44	15.97	35.52	1.27	0.00
0	4	0.74	13.81	47.87	2.47	0.00
1	1	1.56	15.55	47.20	1.20	0.00
1	5	0.83	13.57	44.71	3.23	0.00
2	2	0.89	16.02	44.45	2.69	0.00
2	6	1.59	17.44	36.61	1.28	0.17
3	3	0.87	14.19	50.44	1.71	0.00
3	7	1.10	14.55	44.53	2.26	0.00
Core	CPU	C1%	C3%	C6%	C8%	C9%
-	-	1.15	13.88	45.18	3.28	0.01
0	0	1.52	15.60	39.70	2.06	0.00
0	4	0.38	11.45	51.91	4.97	0.00
1	1	1.34	14.10	46.51	2.96	0.00
1	5	1.18	12.20	50.97	3.00	0.00
2	2	1.32	14.19	46.43	3.03	0.00
2	6	1.63	17.10	32.73	1.97	0.00
3	3	0.86	12.72	46.99	5.12	0.00
3	7	0.93	13.79	46.52	3.18	0.10
Core	CPU	C1%	C3%	C6%	C8%	C9%
-	-	2.83	14.87	39.67	1.90	0.00
0	0	3.65	15.88	35.71	0.56	0.00
0	4	2.38	14.70	41.31	1.99	0.00
1	1	3.39	15.44	41.02	1.06	0.00
1	5	2.93	14.50	42.14	2.12	0.00
2	2	2.54	13.56	43.21	3.06	0.00
2	6	3.06	16.55	31.75	0.96	0.00
3	3	2.29	13.56	41.97	2.73	0.00
3	7	2.42	14.64	39.96	2.73	0.00
Core	CPU	C1%	C3%	C6%	C8%	C9%
-	-	0.98	12.17	48.64	4.47	0.01
0	0	1.50	14.09	44.12	3.91	0.00
0	4	0.59	9.07	52.20	6.91	0.00
1	1	0.70	11.70	48.94	5.32	0.00
1	5	0.62	11.68	52.56	4.01	0.00
2	2	1.48	10.79	49.20	5.53	0.00
2	6	1.60	15.29	39.19	3.76	0.06
3	3	0.79	13.31	48.81	2.40	0.00
3	7	0.52	11.44	54.09	3.92	0.00
Core	CPU	C1%	C3%	C6%	C8%	C9%
-	-	0.71	11.27	43.78	14.17	0.00
0	0	0.91	11.55	44.46	15.87	0.00
0	4	0.87	11.63	53.63	10.37	0.00
1	1	0.62	12.67	47.56	13.27	0.00
1	5	0.53	9.68	30.41	2.74	0.00
2	2	0.69	10.29	44.24	19.35	0.00
2	6	1.01	13.08	36.00	17.58	0.01
3	3	0.53	10.84	44.37	19.22	0.00
3	7	0.56	10.40	49.46	14.88	0.00
Core	CPU	C1%	C3%	C6%	C8%	C9%
-	-	1.92	13.31	41.22	7.61	0.11
0	0	3.63	14.39	42.11	4.61	0.00
0	4	2.01	12.88	48.30	3.77	0.00
1	1	1.32	11.54	36.88	3.02	0.00
1	5	1.45	12.18	42.08	11.90	0.06
2	2	1.28	13.98	45.29	6.32	0.00
2	6	2.10	15.83	29.77	11.47	0.84
3	3	1.99	12.55	40.93	11.20	0.00
3	7	1.61	13.19	44.54	8.60	0.00
Core	CPU	C1%	C3%	C6%	C8%	C9%
-	-	1.15	15.25	43.27	2.29	0.00
0	0	1.76	17.19	37.51	0.98	0.00
0	4	0.71	14.16	48.38	2.41	0.00
1	1	0.88	14.53	48.38	1.50	0.00
1	5	0.79	14.98	44.52	2.61	0.00
2	2	0.92	14.48	44.00	2.91	0.00
2	6	1.71	17.63	34.47	2.32	0.00
3	3	1.35	15.65	42.38	2.33	0.00
3	7	1.12	13.41	46.56	3.24	0.00
Core	CPU	C1%	C3%	C6%	C8%	C9%
-	-	1.26	14.64	44.89	2.44	0.02
0	0	1.36	16.11	41.78	2.27	0.00
0	4	0.80	12.58	50.59	2.49	0.00
1	1	1.12	13.65	47.34	2.74	0.00
1	5	1.10	14.76	44.78	2.29	0.00
2	2	1.23	12.70	45.71	3.63	0.00
2	6	1.49	17.61	36.31	1.43	0.14
3	3	1.88	15.74	43.36	2.24	0.00
3	7	1.14	14.00	49.42	2.43	0.00
Core	CPU	C1%	C3%	C6%	C8%	C9%
-	-	1.13	13.73	46.65	3.19	0.04
0	0	1.60	15.21	41.11	2.20	0.00
0	4	0.84	11.97	50.12	3.25	0.00
1	1	1.73	13.33	47.07	4.09	0.00
1	5	0.76	12.31	51.87	2.84	0.00
2	2	0.91	13.12	47.00	3.69	0.00
2	6	1.36	16.63	40.29	2.22	0.31
3	3	0.55	13.37	48.44	4.26	0.00
3	7	1.33	13.84	47.07	2.93	0.00
Core	CPU	C1%	C3%	C6%	C8%	C9%
-	-	1.46	15.45	43.12	1.65	0.02
0	0	1.53	17.41	38.19	0.39	0.00
0	4	0.75	15.44	42.25	2.04	0.00
1	1	1.70	14.53	45.82	2.27	0.00
1	5	1.45	16.41	44.00	1.46	0.00
2	2	1.57	15.41	44.91	1.28	0.00
2	6	1.59	15.60	37.72	2.24	0.14
3	3	1.75	14.51	43.60	1.49	0.00
3	7	1.35	14.29	48.50	2.00	0.00
Core	CPU	C1%	C3%	C6%	C8%	C9%
-	-	1.10	15.17	44.47	2.35	0.03
0	0	1.88	17.80	37.48	1.44	0.00
0	4	0.74	15.27	47.80	2.14	0.00
1	1	0.81	14.23	48.97	2.22	0.00
1	5	0.91	14.04	47.39	2.83	0.00
2	2	1.06	13.57	44.92	3.79	0.00
2	6	1.55	17.76	35.52	1.17	0.22
3	3	0.87	13.85	47.94	2.92	0.00
3	7	0.96	14.87	45.76	2.26	0.00
Core	CPU	C1%	C3%	C6%	C8%	C9%
-	-	1.22	14.50	44.60	2.21	0.00
0	0	1.66	16.13	39.46	1.03	0.00
0	4	0.94	13.91	50.39	1.14	0.00
1	1	0.96	14.71	46.37	2.75	0.00
1	5	1.39	14.58	46.26	1.46	0.00
2	2	1.07	12.49	48.07	3.43	0.00
2	6	1.81	16.86	31.90	1.51	0.00
3	3	0.91	14.72	43.72	3.11	0.00
3	7	1.05	12.58	50.63	3.28	0.00
Core	CPU	C1%	C3%	C6%	C8%	C9%
-	-	1.06	15.24	44.46	2.11	0.00
0	0	1.64	16.61	40.57	1.82	0.00
0	4	0.88	14.60	47.89	1.80	0.00
1	1	0.87	15.19	46.54	1.98	0.00
1	5	0.80	13.92	46.75	3.62	0.00
2	2	1.15	14.68	44.91	2.34	0.00
2	6	1.35	17.42	37.64	0.77	0.00
3	3	0.99	14.61	46.63	3.51	0.00
3	7	0.84	14.91	44.69	1.06	0.00
Core	CPU	C1%	C3%	C6%	C8%	C9%
-	-	1.20	13.38	46.91	2.82	0.00
0	0	2.17	14.65	42.43	1.72	0.00
0	4	1.04	12.98	48.86	2.33	0.00
1	1	0.94	12.90	48.83	4.52	0.00
1	5	1.26	12.44	49.20	2.28	0.00
2	2	0.70	12.24	49.07	3.45	0.00
2	6	1.54	16.06	40.13	1.70	0.02
3	3	0.94	12.98	49.84	2.29	0.00
3	7	1.00	12.81	46.98	4.29	0.00
Core	CPU	C1%	C3%	C6%	C8%	C9%
-	-	1.65	13.95	45.29	2.33	0.03
0	0	1.73	14.21	42.44	1.35	0.00
0	4	1.50	12.77	50.13	0.93	0.01
1	1	1.53	14.07	47.73	2.92	0.00
1	5	1.88	14.25	44.81	4.39	0.00
2	2	1.64	13.17	46.43	2.10	0.00
2	6	1.63	15.64	37.94	2.36	0.21
3	3	1.08	13.61	47.64	1.63	0.00
3	7	2.20	13.97	45.36	2.95	0.00
Core	CPU	C1%	C3%	C6%	C8%	C9%
-	-	1.28	15.15	43.91	1.90	0.03
0	0	1.58	15.78	38.64	1.35	0.00
0	4	1.10	14.46	45.42	1.73	0.00
1	1	1.55	15.97	46.39	1.06	0.00
1	5	1.05	14.73	47.01	2.53	0.00
2	2	0.51	14.97	47.94	1.21	0.00
2	6	2.02	16.45	35.91	2.21	0.20
3	3	1.24	15.00	42.45	2.90	0.00
3	7	1.20	13.82	47.38	2.21	0.00
Core	CPU	C1%	C3%	C6%	C8%	C9%
-	-	1.26	15.39	43.48	2.12	0.02
0	0	1.52	17.10	38.45	1.02	0.04
0	4	1.19	15.14	43.97	1.71	0.00
1	1	1.14	15.85	43.70	1.65	0.00
1	5	1.07	13.43	47.91	2.63	0.00
2	2	1.17	16.30	45.18	1.58	0.00
2	6	1.91	16.55	35.46	1.95	0.10
3	3	0.88	14.34	47.26	3.67	0.00
3	7	1.18	14.38	45.88	2.76	0.00
Core	CPU	C1%	C3%	C6%	C8%	C9%
-	-	1.23	15.02	44.92	2.64	0.00
0	0	1.99	16.72	40.99	1.74	0.00
0	4	0.86	14.69	46.84	2.43	0.00
1	1	1.50	13.92	45.23	2.74	0.00
1	5	0.77	13.69	47.69	5.16	0.00
2	2	1.02	15.00	44.52	3.27	0.00
2	6	1.52	16.38	39.10	2.10	0.01
3	3	0.89	14.87	49.65	1.30	0.00
3	7	1.33	14.91	45.35	2.35	0.00
Core	CPU	C1%	C3%	C6%	C8%	C9%
-	-	0.80	7.39	46.80	21.77	0.00
0	0	1.24	7.29	43.99	30.66	0.00
0	4	0.45	6.81	41.51	36.11	0.01
1	1	0.73	8.00	47.82	27.30	0.00
1	5	0.35	7.25	56.58	20.90	0.00
2	2	0.79	6.50	45.85	30.51	0.00
2	6	1.04	9.56	58.73	11.42	0.00
3	3	0.80	9.07	58.99	14.24	0.00
3	7	0.96	4.64	20.90	2.96	0.00
Core	CPU	C1%	C3%	C6%	C8%	C9%
-	-	1.13	10.49	53.00	5.01	0.00
0	0	1.77	10.86	48.96	5.42	0.00
0	4	0.64	9.54	55.84	5.62	0.00
1	1	0.97	9.95	55.47	4.63	0.00
1	5	0.75	10.57	55.69	3.11	0.00
2	2	1.33	9.26	50.65	5.86	0.00
2	6	1.71	13.03	46.64	4.23	0.01
3	3	0.95	9.82	55.79	5.25	0.00
3	7	0.95	10.87	54.90	5.92	0.00
Core	CPU	C1%	C3%	C6%	C8%	C9%
-	-	1.04	10.55	51.12	5.75	0.09
0	0	1.18	11.96	47.20	4.95	0.00
0	4	0.61	10.24	55.07	5.05	0.00
1	1	1.20	10.95	49.78	4.74	0.00
1	5	0.72	10.19	50.19	8.20	0.28
2	2	0.80	8.63	51.98	9.61	0.00
2	6	1.73	11.54	51.46	3.27	0.14
3	3	0.91	9.87	52.34	5.04	0.00
3	7	1.19	11.00	50.97	5.14	0.31
Core	CPU	C1%	C3%	C6%	C8%	C9%
-	-	0.92	10.15	52.22	5.70	0.02
0	0	1.47	11.82	49.19	4.23	0.00
0	4	0.55	9.08	56.61	7.13	0.00
1	1	0.95	10.73	55.78	3.49	0.00
1	5	1.62	9.93	53.51	5.36	0.00
2	2	0.75	9.11	50.14	5.76	0.00
2	6	0.53	10.92	50.17	5.66	0.19
3	3	0.65	10.46	50.66	6.52	0.00
3	7	0.82	9.14	51.63	7.44	0.00
Core	CPU	C1%	C3%	C6%	C8%	C9%
-	-	0.80	9.31	52.45	5.43	0.03
0	0	1.44	10.36	46.55	4.56	0.00
0	4	0.52	8.24	52.17	4.94	0.00
1	1	0.61	8.24	55.95	7.79	0.00
1	5	0.43	8.77	53.27	6.28	0.00
2	2	0.99	9.67	54.55	3.06	0.00
2	6	0.91	10.82	50.94	3.47	0.23
3	3	0.81	9.77	52.99	6.30	0.00
3	7	0.71	8.61	53.19	7.07	0.00
Core	CPU	C1%	C3%	C6%	C8%	C9%
-	-	1.10	11.17	50.60	4.12	0.04
0	0	1.61	13.36	45.52	3.27	0.00
0	4	1.04	10.02	52.49	5.13	0.00
1	1	1.40	10.65	49.45	5.82	0.00
1	5	0.73	9.88	52.37	4.20	0.00
2	2	0.67	11.45	57.34	2.86	0.01
2	6	1.54	12.55	46.48	4.22	0.33
3	3	0.55	9.65	51.41	5.48	0.00
3	7	1.30	11.80	49.66	1.97	0.00
Core	CPU	C1%	C3%	C6%	C8%	C9%
-	-	0.67	8.29	51.68	6.90	0.24
0	0	0.73	9.73	51.10	4.24	0.00
0	4	0.56	7.86	53.43	11.52	0.00
1	1	0.31	8.69	46.92	6.69	0.00
1	5	0.61	8.21	48.51	5.51	0.15
2	2	0.42	7.19	55.13	10.12	0.00
2	6	0.80	7.81	51.41	4.41	0.98
3	3	1.16	8.69	57.47	5.49	0.01
3	7	0.79	8.27	50.15	7.29	0.77
Core	CPU	C1%	C3%	C6%	C8%	C9%
-	-	1.09	8.85	51.03	5.38	0.03
0	0	1.35	11.68	45.01	4.40	0.00
0	4	0.68	8.09	50.52	6.30	0.27
1	1	0.91	6.98	48.94	6.83	0.00
1	5	1.24	9.98	55.15	2.79	0.00
2	2	1.68	9.28	52.64	6.34	0.00
2	6	0.59	7.52	50.80	6.42	0.00
3	3	1.11	8.19	54.64	6.27	0.00
3	7	1.14	8.93	49.83	3.65	0.00
Core	CPU	C1%	C3%	C6%	C8%	C9%
-	-	3.11	12.96	42.93	2.05	0.00
0	0	4.73	15.48	31.86	2.59	0.00
0	4	1.81	9.83	46.49	3.66	0.00
1	1	4.36	13.07	42.77	1.11	0.00
1	5	2.75	13.05	43.39	2.01	0.00
2	2	2.55	12.38	47.21	2.56	0.00
2	6	3.48	13.26	43.27	1.19	0.00
3	3	2.18	12.57	46.54	1.60	0.00
3	7	3.02	14.08	41.97	1.69	0.00
Core	CPU	C1%	C3%	C6%	C8%	C9%
-	-	0.82	8.68	50.28	6.82	0.00
0	0	1.28	10.50	47.76	2.65	0.00
0	4	0.70	8.09	48.93	6.68	0.01
1	1	0.83	7.36	49.50	10.33	0.00
1	5	1.16	8.84	53.12	7.95	0.00
2	2	0.57	8.60	49.74	8.58	0.01
2	6	0.40	9.64	51.93	5.58	0.00
3	3	0.86	7.51	51.22	4.10	0.00
3	7	0.73	8.88	50.02	8.72	0.00
Core	CPU	C1%	C3%	C6%	C8%	C9%
-	-	0.76	6.36	55.32	8.33	0.00
0	0	1.28	7.62	55.77	5.28	0.01
0	4	0.54	6.72	53.26	8.26	0.00
1	1	0.40	6.36	56.18	7.58	0.00
1	5	0.90	5.26	48.83	12.98	0.00
2	2	0.74	5.59	56.23	9.96	0.00
2	6	0.61	6.48	59.44	6.02	0.00
3	3	0.75	5.89	55.70	10.72	0.00
3	7	0.85	7.00	57.74	5.96	0.00
Core	CPU	C1%	C3%	C6%	C8%	C9%
-	-	1.11	7.65	52.80	7.13	0.06
0	0	1.46	9.06	50.56	4.62	0.00
0	4	0.71	7.62	56.15	4.90	0.01
1	1	1.15	6.40	53.46	8.33	0.00
1	5	0.93	7.40	51.97	7.08	0.00
2	2	1.02	7.92	50.25	7.67	0.40
2	6	1.15	7.48	52.89	6.60	0.10
3	3	1.15	7.46	53.13	9.34	0.00
3	7	1.30	7.74	53.40	8.41	0.00
Core	CPU	C1%	C3%	C6%	C8%	C9%
-	-	0.94	8.46	53.10	6.29	0.00
0	0	1.35	10.56	50.78	3.39	0.00
0	4	0.63	6.91	53.80	5.24	0.00
1	1	0.84	8.64	51.32	11.80	0.00
1	5	0.65	7.38	52.65	7.41	0.00
2	2	0.78	8.84	54.58	6.63	0.00
2	6	1.24	9.45	53.88	3.66	0.00
3	3	0.57	8.23	55.38	6.21	0.00
3	7	1.50	7.67	52.36	5.99	0.00
Core	CPU	C1%	C3%	C6%	C8%	C9%
-	-	0.89	8.13	52.52	5.65	0.04
0	0	1.47	9.49	51.74	3.89	0.00
0	4	0.59	7.83	54.23	5.50	0.00
1	1	0.54	7.59	50.03	5.40	0.00
1	5	1.00	9.08	55.00	4.28	0.00
2	2	0.79	7.56	49.67	9.31	0.30
2	6	1.22	7.85	55.30	3.97	0.00
3	3	0.76	7.81	49.35	6.00	0.00
3	7	0.78	7.80	54.81	6.82	0.00
Core	CPU	C1%	C3%	C6%	C8%	C9%
-	-	0.97	8.35	51.44	6.80	0.00
0	0	1.35	10.24	52.94	3.83	0.00
0	4	0.57	6.48	43.80	6.51	0.00
1	1	0.94	9.16	51.87	4.98	0.00
1	5	1.25	8.41	55.63	6.45	0.00
2	2	0.76	7.48	52.73	8.90	0.00
2	6	1.24	8.10	53.01	7.34	0.00
3	3	1.12	8.87	51.37	6.81	0.01
3	7	0.52	8.07	50.43	9.60	0.00
Core	CPU	C1%	C3%	C6%	C8%	C9%
-	-	0.79	7.43	55.74	6.64	0.00
0	0	1.01	9.35	54.96	5.49	0.00
0	4	0.86	6.50	53.09	7.01	0.00
1	1	0.77	6.74	50.74	5.29	0.00
1	5	0.59	7.72	55.57	7.43	0.00
2	2	1.02	7.09	56.09	7.51	0.00
2	6	0.87	7.78	58.20	4.81	0.00
3	3	0.71	7.04	58.18	7.22	0.00
3	7	0.47	7.23	59.31	8.36	0.00
Core	CPU	C1%	C3%	C6%	C8%	C9%
-	-	0.88	6.74	53.97	7.63	0.00
0	0	1.31	7.97	52.76	6.81	0.00
0	4	0.73	5.36	52.87	10.84	0.01
1	1	1.12	7.62	56.97	6.25	0.00
1	5	1.08	6.16	55.47	5.91	0.00
2	2	0.93	6.85	56.64	4.10	0.00
2	6	0.74	6.49	51.23	7.57	0.00
3	3	0.57	7.07	52.36	6.71	0.00
3	7	0.60	6.39	53.37	12.82	0.00
Core	CPU	C1%	C3%	C6%	C8%	C9%
-	-	0.95	6.38	52.35	8.25	0.07
0	0	1.21	8.30	57.15	6.44	0.00
0	4	0.95	6.37	50.70	6.74	0.00
1	1	0.76	7.12	55.17	6.34	0.00
1	5	1.01	5.89	53.49	7.46	0.00
2	2	0.98	5.59	48.70	6.59	0.00
2	6	0.79	5.94	47.85	9.59	0.55
3	3	0.87	6.38	56.60	11.41	0.00
3	7	1.03	5.44	48.72	11.34	0.00
Core	CPU	C1%	C3%	C6%	C8%	C9%
-	-	1.03	8.71	51.62	6.34	0.00
0	0	1.18	11.02	50.19	2.90	0.00
0	4	0.83	7.70	48.89	5.07	0.00
1	1	0.71	8.65	52.54	9.89	0.00
1	5	1.31	7.83	54.51	4.80	0.00
2	2	1.10	8.60	50.32	9.83	0.00
2	6	0.88	8.69	50.91	6.55	0.00
3	3	0.87	7.68	52.64	6.67	0.01
3	7	1.36	9.52	52.96	4.98	0.00
Core	CPU	C1%	C3%	C6%	C8%	C9%
-	-	0.89	8.55	53.73	5.97	0.00
0	0	2.03	10.23	48.99	5.20	0.00
0	4	0.46	7.92	55.96	6.07	0.00
1	1	0.79	8.68	55.05	3.90	0.00
1	5	0.90	8.76	54.20	5.50	0.00
2	2	1.15	7.49	51.20	10.52	0.00
2	6	0.56	7.91	52.63	6.32	0.00
3	3	0.65	9.05	58.17	3.45	0.00
3	7	0.60	8.36	53.63	6.80	0.00
Core	CPU	C1%	C3%	C6%	C8%	C9%
-	-	0.86	7.62	51.59	6.97	0.04
0	0	1.21	9.78	52.71	3.30	0.00
0	4	0.39	5.64	48.65	8.65	0.00
1	1	1.15	7.58	50.52	8.45	0.31
1	5	0.67	6.96	52.06	9.00	0.00
2	2	0.89	7.22	56.39	8.37	0.00
2	6	0.68	8.05	50.25	6.92	0.00
3	3	1.17	8.39	51.56	7.10	0.00
3	7	0.69	7.32	50.61	4.00	0.00
Core	CPU	C1%	C3%	C6%	C8%	C9%
-	-	0.79	4.62	51.75	9.98	0.22
0	0	0.98	6.55	58.36	5.57	0.20
0	4	0.48	3.29	41.25	11.29	0.00
1	1	0.55	4.73	53.11	14.95	0.00
1	5	0.65	4.20	52.95	14.37	0.00
2	2	0.77	4.64	55.33	8.56	0.00
2	6	1.03	4.14	49.53	9.08	1.52
3	3	0.67	5.39	52.76	8.71	0.04
3	7	1.23	4.09	51.04	7.40	0.00
Core	CPU	C1%	C3%	C6%	C8%	C9%
-	-	0.73	7.67	52.02	7.24	0.05
0	0	1.22	9.62	50.23	4.95	0.00
0	4	0.49	5.34	52.08	13.98	0.00
1	1	0.64	7.64	54.41	7.56	0.00
1	5	0.96	8.81	53.41	6.46	0.00
2	2	0.96	8.13	54.25	5.53	0.39
2	6	0.35	6.93	48.44	7.23	0.00
3	3	0.50	7.95	51.68	5.97	0.01
3	7	0.73	6.87	51.49	6.24	0.00
Core	CPU	C1%	C3%	C6%	C8%	C9%
-	-	0.86	7.08	51.36	7.87	0.06
0	0	1.48	8.86	50.12	6.11	0.00
0	4	0.67	6.68	46.84	6.98	0.49
1	1	0.61	7.61	55.72	8.77	0.00
1	5	0.30	6.88	56.70	8.30	0.00
2	2	1.17	7.86	50.35	7.83	0.00
2	6	0.68	5.69	55.89	10.63	0.00
3	3	1.49	6.75	49.74	5.70	0.00
3	7	0.48	6.32	45.36	8.63	0.00
Core	CPU	C1%	C3%	C6%	C8%	C9%
-	-	0.97	7.59	53.79	6.93	0.00
0	0	1.18	9.11	51.12	5.10	0.00
0	4	0.47	6.09	54.94	7.75	0.00
1	1	0.83	7.15	56.30	8.06	0.00
1	5	1.21	7.29	54.53	4.94	0.00
2	2	1.69	7.92	53.41	7.05	0.00
2	6	0.51	6.65	52.82	7.96	0.00
3	3	1.16	8.65	54.39	6.11	0.00
3	7	0.69	7.89	52.81	8.49	0.00
Core	CPU	C1%	C3%	C6%	C8%	C9%
-	-	1.09	7.29	51.39	7.45	0.00
0	0	1.87	8.29	46.19	3.95	0.00
0	4	1.49	6.79	52.28	10.86	0.01
1	1	0.75	6.47	50.91	7.65	0.00
1	5	0.86	7.31	55.12	10.28	0.00
2	2	1.07	6.98	54.21	8.09	0.00
2	6	0.72	8.77	51.27	5.98	0.00
3	3	1.64	7.88	52.62	5.79	0.00
3	7	0.35	5.81	48.52	7.05	0.00
Core	CPU	C1%	C3%	C6%	C8%	C9%
-	-	1.92	9.46	50.89	4.66	0.00
0	0	2.83	10.16	45.14	5.31	0.00
0	4	1.75	9.66	52.74	3.19	0.00
1	1	1.98	10.04	50.68	3.46	0.00
1	5	1.46	8.26	50.37	6.00	0.00
2	2	1.59	9.71	52.34	3.88	0.00
2	6	2.16	8.04	50.71	5.36	0.00
3	3	1.50	10.61	52.68	2.44	0.00
3	7	2.08	9.19	52.43	7.62	0.00
Core	CPU	C1%	C3%	C6%	C8%	C9%
-	-	0.69	6.91	54.12	7.97	0.00
0	0	0.64	8.41	51.59	6.38	0.00
0	4	0.89	5.90	51.79	7.65	0.01
1	1	0.65	5.99	53.59	9.11	0.00
1	5	0.75	7.57	58.74	5.96	0.00
2	2	0.48	5.85	56.85	13.13	0.00
2	6	0.74	7.34	54.10	5.28	0.00
3	3	0.80	7.90	52.56	7.44	0.00
3	7	0.58	6.31	53.81	8.82	0.00
Core	CPU	C1%	C3%	C6%	C8%	C9%
-	-	0.89	6.90	52.77	7.45	0.01
0	0	1.08	6.76	48.71	8.07	0.04
0	4	0.72	7.05	54.05	3.98	0.00
1	1	0.86	7.59	52.87	9.43	0.00
1	5	0.56	6.80	52.14	5.50	0.00
2	2	1.04	7.71	54.93	6.69	0.00
2	6	0.51	5.75	54.17	12.56	0.00
3	3	1.01	6.64	52.04	6.23	0.00
3	7	1.33	6.87	53.20	7.17	0.00
Core	CPU	C1%	C3%	C6%	C8%	C9%
-	-	0.70	5.28	53.66	9.08	0.00
0	0	0.76	6.22	55.95	6.13	0.01
0	4	0.45	6.10	50.54	10.08	0.00
1	1	1.26	5.06	52.28	9.99	0.00
1	5	0.84	5.72	55.00	6.76	0.00
2	2	0.24	5.63	59.37	9.79	0.00
2	6	0.89	4.65	57.08	11.78	0.00
3	3	0.66	4.58	49.85	7.60	0.02
3	7	0.53	4.24	49.13	10.45	0.00
Core	CPU	C1%	C3%	C6%	C8%	C9%
-	-	1.29	2.80	18.00	16.43	0.00
0	0	1.26	3.74	22.99	52.53	0.00
0	4	1.51	2.84	14.70	7.40	0.00
1	1	1.11	3.95	34.59	40.02	0.00
1	5	0.99	2.32	13.05	1.05	0.00
2	2	1.89	2.52	15.41	12.77	0.00
2	6	0.78	2.22	14.48	0.74	0.00
3	3	1.18	2.06	12.45	2.00	0.00
3	7	1.60	2.75	16.31	14.95	0.00
Core	CPU	C1%	C3%	C6%	C8%	C9%
-	-	0.89	6.55	52.79	9.34	0.13
0	0	0.94	7.61	45.58	8.08	0.84
0	4	0.63	6.64	55.00	8.64	0.00
1	1	0.55	7.45	55.57	6.18	0.01
1	5	1.30	5.22	49.47	10.26	0.02
2	2	1.18	7.37	53.14	14.44	0.00
2	6	0.97	6.36	56.68	8.60	0.00
3	3	0.59	5.74	55.92	8.14	0.03
3	7	0.95	6.02	51.22	10.46	0.14
Core	CPU	C1%	C3%	C6%	C8%	C9%
-	-	0.98	8.28	52.08	7.14	0.00
0	0	1.08	10.35	52.22	5.87	0.03
0	4	0.47	6.59	54.96	7.23	0.00
1	1	0.54	7.50	50.50	6.18	0.00
1	5	1.49	7.58	49.22	6.63	0.00
2	2	0.90	8.51	52.86	6.15	0.00
2	6	1.05	6.95	51.25	7.17	0.00
3	3	0.90	10.46	54.49	7.74	0.00
3	7	1.37	8.27	50.89	10.14	0.00
Core	CPU	C1%	C3%	C6%	C8%	C9%
-	-	0.83	6.57	52.93	7.38	0.08
0	0	1.48	8.40	48.17	5.15	0.00
0	4	0.64	6.62	54.94	9.48	0.00
1	1	0.85	6.31	53.22	6.01	0.00
1	5	0.42	6.64	52.60	7.27	0.00
2	2	0.56	6.13	52.26	8.89	0.65
2	6	1.14	6.22	57.33	5.90	0.00
3	3	1.11	6.99	55.19	8.08	0.00
3	7	0.45	5.24	49.77	8.25	0.00
Core	CPU	C1%	C3%	C6%	C8%	C9%
-	-	0.73	7.38	53.81	6.82	0.02
0	0	1.44	8.85	50.69	4.98	0.13
0	4	0.61	5.47	54.80	7.62	0.00
1	1	0.76	7.31	54.76	6.03	0.00
1	5	0.47	6.71	53.92	8.00	0.00
2	2	0.84	7.90	58.06	6.76	0.00
2	6	0.51	7.52	53.45	5.96	0.00
3	3	0.76	8.66	55.28	5.44	0.00
3	7	0.42	6.60	49.55	9.79	0.00
Core	CPU	C1%	C3%	C6%	C8%	C9%
-	-	0.60	7.29	53.91	7.04	0.01
0	0	0.59	9.21	53.85	2.77	0.00
0	4	0.39	7.16	55.00	7.20	0.00
1	1	0.74	6.77	53.24	5.82	0.00
1	5	0.81	6.37	51.46	6.45	0.00
2	2	0.42	6.93	52.50	10.69	0.00
2	6	0.57	7.27	55.16	6.78	0.00
3	3	0.58	6.97	54.08	10.31	0.07
3	7	0.70	7.66	56.13	6.31	0.05
Core	CPU	C1%	C3%	C6%	C8%	C9%
-	-	0.91	8.02	53.15	7.49	0.04
0	0	1.40	8.64	48.27	6.21	0.02
0	4	0.70	6.70	50.35	15.92	0.00
1	1	0.39	8.41	58.52	5.59	0.00
1	5	0.64	7.29	54.52	6.71	0.00
2	2	1.20	8.64	54.71	5.13	0.00
2	6	1.34	8.16	51.82	5.12	0.10
3	3	0.67	7.17	52.09	9.41	0.00
3	7	0.97	9.15	55.18	5.88	0.21
Core	CPU	C1%	C3%	C6%	C8%	C9%
-	-	0.72	5.53	51.66	8.42	0.11
0	0	0.94	6.66	55.13	6.01	0.00
0	4	0.50	4.86	49.93	9.73	0.00
1	1	0.80	5.95	48.40	10.75	0.00
1	5	0.51	5.06	51.96	9.10	0.00
2	2	0.93	5.30	50.38	6.76	0.91
2	6	0.58	6.39	54.46	4.65	0.00
3	3	0.69	5.63	56.11	9.93	0.00
3	7	0.81	4.38	46.59	10.37	0.00
Core	CPU	C1%	C3%	C6%	C8%	C9%
-	-	0.79	6.61	52.98	8.36	0.02
0	0	0.60	7.58	56.87	8.18	0.11
0	4	1.07	6.09	54.56	7.51	0.00
1	1	0.71	7.18	50.82	7.96	0.00
1	5	0.74	6.86	50.04	12.21	0.00
2	2	0.66	5.29	49.23	10.46	0.01
2	6	0.65	7.07	57.15	3.90	0.00
3	3	0.67	6.10	52.58	10.59	0.01
3	7	1.21	6.75	53.00	6.15	0.00
Core	CPU	C1%	C3%	C6%	C8%	C9%
-	-	0.83	6.81	53.06	7.34	0.01
0	0	1.48	8.82	47.98	6.37	0.00
0	4	0.66	6.13	51.49	7.49	0.00
1	1	0.86	6.49	53.97	8.62	0.00
1	5	1.01	6.45	51.83	9.28	0.00
2	2	0.50	6.67	54.97	7.11	0.01
2	6	0.39	6.65	54.64	5.14	0.00
3	3	0.88	6.50	51.99	6.38	0.00
3	7	0.86	6.69	57.21	8.25	0.10
Core	CPU	C1%	C3%	C6%	C8%	C9%
-	-	1.03	7.72	52.62	7.76	0.00
0	0	1.19	8.42	51.70	5.67	0.01
0	4	0.89	7.25	50.36	4.30	0.00
1	1	1.14	7.69	52.12	8.92	0.00
1	5	0.83	8.46	57.11	6.84	0.00
2	2	1.15	6.21	49.54	10.45	0.01
2	6	0.94	7.91	55.80	7.35	0.00
3	3	0.91	8.12	48.18	10.13	0.02
3	7	1.18	7.68	56.34	8.47	0.00
Core	CPU	C1%	C3%	C6%	C8%	C9%
-	-	0.72	7.30	54.78	7.99	0.00
0	0	1.28	9.31	51.40	6.85	0.00
0	4	0.51	6.37	55.82	8.82	0.00
1	1	0.46	6.64	55.95	11.38	0.00
1	5	0.64	7.50	53.73	7.76	0.00
2	2	0.64	7.05	58.63	6.60	0.00
2	6	0.43	7.08	55.11	6.96	0.00
3	3	0.74	7.22	54.15	7.25	0.00
3	7	1.03	7.17	53.30	8.25	0.00
Core	CPU	C1%	C3%	C6%	C8%	C9%
-	-	0.85	8.27	52.28	6.80	0.04
0	0	1.41	9.59	49.81	5.04	0.31
0	4	0.98	8.48	51.43	5.63	0.00
1	1	0.49	8.65	53.22	7.58	0.00
1	5	0.75	8.24	54.12	7.75	0.00
2	2	0.81	8.02	52.47	7.66	0.00
2	6	1.21	7.82	51.90	6.90	0.00
3	3	0.50	7.73	53.43	6.07	0.00
3	7	0.68	7.70	52.19	7.82	0.00
Core	CPU	C1%	C3%	C6%	C8%	C9%
-	-	1.10	8.04	52.84	7.16	0.00
0	0	1.69	10.06	54.21	4.01	0.01
0	4	0.93	7.92	58.47	8.05	0.00
1	1	1.16	7.53	50.75	9.78	0.00
1	5	1.14	7.88	53.60	5.60	0.00
2	2	1.16	7.06	50.56	5.61	0.00
2	6	1.15	8.86	52.77	6.43	0.00
3	3	0.87	6.94	47.42	10.52	0.00
3	7	0.72	8.02	54.70	7.24	0.00
Core	CPU	C1%	C3%	C6%	C8%	C9%
-	-	0.91	7.78	53.03	6.36	0.06
0	0	1.31	9.52	48.33	6.83	0.00
0	4	0.87	7.55	54.12	5.27	0.00
1	1	0.42	8.69	54.81	6.36	0.00
1	5	0.79	7.26	51.21	7.63	0.00
2	2	1.05	7.17	55.83	4.55	0.00
2	6	1.24	7.86	54.84	5.50	0.46
3	3	0.92	6.74	55.63	7.85	0.00
3	7	0.73	7.49	49.75	6.97	0.00
Core	CPU	C1%	C3%	C6%	C8%	C9%
-	-	0.80	7.72	52.95	6.47	0.04
0	0	0.75	8.56	47.50	3.83	0.11
0	4	0.84	7.20	54.40	4.85	0.00
1	1	1.03	8.14	54.34	6.27	0.19
1	5	0.74	8.55	54.81	5.74	0.00
2	2	0.78	6.89	52.58	11.90	0.00
2	6	0.80	6.68	50.61	7.07	0.00
3	3	0.67	7.14	54.85	8.72	0.00
3	7	0.76	8.58	54.43	3.39	0.00
Core	CPU	C1%	C3%	C6%	C8%	C9%
-	-	0.93	6.02	51.56	7.57	0.07
0	0	1.36	7.46	57.84	4.35	0.00
0	4	0.44	5.52	46.10	8.51	0.00
1	1	0.51	5.49	55.94	7.73	0.01
1	5	1.14	5.36	47.89	5.34	0.00
2	2	1.04	5.97	53.72	8.49	0.00
2	6	1.09	5.75	49.22	8.57	0.52
3	3	1.16	5.44	49.93	10.75	0.00
3	7	0.70	7.19	51.65	6.81	0.00
Core	CPU	C1%	C3%	C6%	C8%	C9%
-	-	0.71	6.50	51.83	7.33	0.03
0	0	0.78	7.67	48.37	5.90	0.11
0	4	0.41	4.73	50.38	8.87	0.00
1	1	0.57	5.91	52.91	7.39	0.00
1	5	0.86	6.02	52.78	9.03	0.00
2	2	0.63	6.28	53.60	9.68	0.00
2	6	1.25	7.40	51.74	5.26	0.13
3	3	0.56	5.71	50.41	8.23	0.00
3	7	0.61	8.33	54.86	4.31	0.00
Core	CPU	C1%	C3%	C6%	C8%	C9%
-	-	0.79	6.58	54.01	6.71	0.00
0	0	0.92	8.25	54.53	5.86	0.00
0	4	0.37	6.27	54.05	5.75	0.00
1	1	1.55	6.72	52.27	7.01	0.00
1	5	1.77	6.73	55.31	7.90	0.00
2	2	0.54	6.14	52.49	6.58	0.00
2	6	0.46	6.57	51.25	6.17	0.00
3	3	0.36	5.01	50.78	9.15	0.00
3	7	0.33	6.94	61.26	5.28	0.00
Core	CPU	C1%	C3%	C6%	C8%	C9%
-	-	1.18	8.60	50.44	5.77	0.00
0	0	1.37	11.07	47.90	5.36	0.00
0	4	0.47	7.38	45.44	6.22	0.00
1	1	0.96	9.71	51.04	3.85	0.00
1	5	1.05	7.91	49.74	6.98	0.00
2	2	1.23	7.20	57.13	5.07	0.00
2	6	1.10	9.26	54.64	4.93	0.00
3	3	1.32	8.16	46.63	4.38	0.00
3	7	1.89	8.09	50.81	9.37	0.00
Core	CPU	C1%	C3%	C6%	C8%	C9%
-	-	1.07	9.48	50.02	4.45	0.02
0	0	1.26	11.76	48.76	5.04	0.01
0	4	1.02	7.48	45.82	4.47	0.00
1	1	1.01	10.51	50.85	3.82	0.00
1	5	1.10	9.30	52.45	3.07	0.10
2	2	1.05	8.73	52.11	4.07	0.00
2	6	1.15	9.90	47.32	4.64	0.04
3	3	1.02	8.85	50.97	5.07	0.00
3	7	0.92	9.34	51.85	5.43	0.00
Core	CPU	C1%	C3%	C6%	C8%	C9%
-	-	1.21	8.30	50.92	5.20	0.01
0	0	1.80	10.60	50.30	2.30	0.00
0	4	0.67	6.54	49.25	7.76	0.11
1	1	1.01	7.21	53.31	6.65	0.01
1	5	0.92	8.92	54.76	6.31	0.00
2	2	1.56	7.27	52.12	5.94	0.00
2	6	1.70	8.98	49.12	4.56	0.00
3	3	0.82	7.77	48.59	5.41	0.00
3	7	1.18	9.20	50.21	2.73	0.00
Core	CPU	C1%	C3%	C6%	C8%	C9%
-	-	1.47	10.04	48.50	3.87	0.06
0	0	1.57	12.78	46.07	2.52	0.00
0	4	1.54	8.04	50.97	3.51	0.00
1	1	1.46	9.54	47.06	4.50	0.00
1	5	0.91	9.87	48.06	6.61	0.00
2	2	1.98	9.60	49.11	5.71	0.00
2	6	1.68	10.10	47.11	3.76	0.09
3	3	1.50	10.09	49.13	2.28	0.33
3	7	1.11	10.25	50.32	2.09	0.03
Core	CPU	C1%	C3%	C6%	C8%	C9%
-	-	1.59	14.01	45.39	2.20	0.00
0	0	2.31	15.58	35.59	2.45	0.00
0	4	1.26	12.26	49.61	2.64	0.00
1	1	1.31	14.26	43.92	2.02	0.00
1	5	1.77	12.69	47.46	3.12	0.00
2	2	1.63	15.25	46.41	1.15	0.00
2	6	1.67	13.97	47.49	2.18	0.00
3	3	1.08	13.22	48.73	2.39	0.00
3	7	1.67	14.82	43.89	1.67	0.00
Core	CPU	C1%	C3%	C6%	C8%	C9%
-	-	1.54	13.00	48.03	2.70	0.00
0	0	1.99	15.49	39.25	0.62	0.00
0	4	1.20	11.61	52.73	3.54	0.00
1	1	1.43	14.17	45.69	1.63	0.01
1	5	0.63	11.41	52.34	4.28	0.00
2	2	1.94	13.20	50.84	2.47	0.00
2	6	1.64	13.01	48.44	2.68	0.00
3	3	2.23	11.85	49.16	1.75	0.00
3	7	1.30	13.28	45.79	4.62	0.00
Core	CPU	C1%	C3%	C6%	C8%	C9%
-	-	2.03	13.69	44.85	1.77	0.01
0	0	2.22	17.43	35.35	1.01	0.00
0	4	1.66	11.46	49.13	1.52	0.00
1	1	2.33	14.38	40.19	1.47	0.07
1	5	1.76	12.51	49.80	1.56	0.00
2	2	1.81	12.92	49.40	2.06	0.00
2	6	2.62	14.30	44.47	1.39	0.00
3	3	2.16	14.10	42.99	1.30	0.00
3	7	1.64	12.45	47.43	3.85	0.00
Core	CPU	C1%	C3%	C6%	C8%	C9%
-	-	1.51	13.39	45.39	1.89	0.00
0	0	1.58	15.44	35.58	1.31	0.00
0	4	0.81	10.57	51.62	3.38	0.00
1	1	2.03	12.61	44.31	1.66	0.00
1	5	1.86	14.34	43.24	1.14	0.00
2	2	1.42	13.38	51.60	1.78	0.00
2	6	1.23	14.96	47.45	1.72	0.00
3	3	1.39	13.22	45.88	1.63	0.00
3	7	1.76	12.65	43.46	2.52	0.00
Core	CPU	C1%	C3%	C6%	C8%	C9%
-	-	1.68	14.24	44.37	1.67	0.00
0	0	2.52	18.78	33.33	0.45	0.00
0	4	2.08	13.29	47.31	1.66	0.00
1	1	1.42	13.89	44.37	3.37	0.00
1	5	1.29	12.67	45.22	1.31	0.00
2	2	1.63	12.98	46.74	1.85	0.00
2	6	1.44	14.24	46.02	1.81	0.00
3	3	1.16	13.10	46.60	2.03	0.00
3	7	1.89	14.98	45.34	0.88	0.00
Core	CPU	C1%	C3%	C6%	C8%	C9%
-	-	1.53	11.54	47.50	3.80	0.02
0	0	1.89	13.22	44.59	3.32	0.00
0	4	0.92	9.47	52.98	4.50	0.01
1	1	1.49	11.23	48.24	3.38	0.00
1	5	1.18	12.73	46.17	3.83	0.00
2	2	1.54	9.15	49.48	6.01	0.00
2	6	1.52	13.73	43.65	2.29	0.13
3	3	1.90	10.80	48.03	4.79	0.00
3	7	1.83	12.00	46.98	2.29	0.00
Core	CPU	C1%	C3%	C6%	C8%	C9%
-	-	1.46	12.33	47.49	2.63	0.00
0	0	1.78	15.52	38.88	0.50	0.00
0	4	1.24	11.27	52.50	3.16	0.00
1	1	0.96	12.36	47.03	2.59	0.00
1	5	1.40	11.65	48.60	3.96	0.00
2	2	2.14	12.42	47.55	1.76	0.00
2	6	1.40	10.57	48.37	4.83	0.00
3	3	1.79	13.86	45.04	1.91	0.00
3	7	0.94	10.93	51.86	2.34	0.00
Core	CPU	C1%	C3%	C6%	C8%	C9%
-	-	1.94	14.53	42.45	1.73	0.00
0	0	3.00	17.18	33.70	1.57	0.00
0	4	1.58	14.17	45.59	1.55	0.00
1	1	1.85	14.27	42.07	2.19	0.00
1	5	1.54	13.23	44.14	2.04	0.00
2	2	2.03	15.32	41.68	0.85	0.00
2	6	1.61	14.77	45.97	1.70	0.00
3	3	2.34	14.82	39.57	2.51	0.00
3	7	1.55	12.45	46.91	1.41	0.00
Core	CPU	C1%	C3%	C6%	C8%	C9%
-	-	1.26	4.25	19.03	29.91	0.37
0	0	1.52	5.51	21.50	50.07	0.52
0	4	0.76	3.51	24.42	46.89	1.20
1	1	1.93	3.44	23.52	50.28	0.00
1	5	1.12	4.70	14.05	4.15	0.00
2	2	1.32	4.17	21.18	40.07	0.00
2	6	1.02	3.89	13.57	1.84	1.20
3	3	1.45	5.10	21.69	44.60	0.00
3	7	0.94	3.70	12.28	1.30	0.00
Core	CPU	C1%	C3%	C6%	C8%	C9%
-	-	3.27	14.39	41.27	1.37	0.03
0	0	3.88	17.97	33.21	1.03	0.11
0	4	2.69	12.74	44.21	2.22	0.00
1	1	3.61	14.52	40.09	0.71	0.14
1	5	2.82	14.23	44.11	1.21	0.00
2	2	3.63	13.47	43.64	1.26	0.00
2	6	3.20	15.09	41.06	0.64	0.00
3	3	2.91	12.79	42.81	2.02	0.01
3	7	3.39	14.24	40.93	1.84	0.00
Core	CPU	C1%	C3%	C6%	C8%	C9%
-	-	6.66	12.79	37.31	1.84	0.00
0	0	8.77	15.35	27.83	0.76	0.00
0	4	5.07	12.51	41.11	1.59	0.00
1	1	5.80	12.17	41.05	0.90	0.00
1	5	6.91	13.38	37.47	1.19	0.00
2	2	7.18	11.72	39.11	1.25	0.00
2	6	6.68	13.65	36.49	2.83	0.00
3	3	7.23	12.33	34.96	1.46	0.00
3	7	5.66	11.23	40.59	4.75	0.00
Core	CPU	C1%	C3%	C6%	C8%	C9%
-	-	6.68	12.95	36.63	1.70	0.00
0	0	9.18	14.45	24.63	1.67	0.00
0	4	5.57	13.01	42.08	1.24	0.00
1	1	6.78	12.97	34.79	2.03	0.00
1	5	5.90	12.27	38.78	1.05	0.00
2	2	6.43	12.98	38.73	1.10	0.00
2	6	6.77	13.29	37.53	1.59	0.00
3	3	7.21	13.43	33.65	3.07	0.00
3	7	5.57	11.19	42.85	1.84	0.00
Core	CPU	C1%	C3%	C6%	C8%	C9%
-	-	1.01	7.71	50.04	7.31	0.03
0	0	1.11	9.92	49.47	4.75	0.00
0	4	0.46	6.97	46.73	7.09	0.00
1	1	0.96	7.30	52.01	8.45	0.20
1	5	1.09	7.88	48.80	7.70	0.00
2	2	1.20	6.47	49.07	7.90	0.00
2	6	0.92	8.34	52.07	7.99	0.01
3	3	1.17	7.43	55.48	6.72	0.00
3	7	1.17	7.38	46.67	7.87	0.04
Core	CPU	C1%	C3%	C6%	C8%	C9%
-	-	1.82	14.03	43.98	1.71	0.01
0	0	2.58	16.98	36.48	1.16	0.00
0	4	1.65	12.31	45.07	1.31	0.00
1	1	1.46	14.17	44.91	3.00	0.00
1	5	1.58	13.76	44.78	2.44	0.00
2	2	1.92	15.05	45.27	0.62	0.03
2	6	1.68	14.21	45.90	0.72	0.05
3	3	2.14	13.29	45.35	2.05	0.00
3	7	1.52	12.45	44.10	2.41	0.00
Core	CPU	C1%	C3%	C6%	C8%	C9%
-	-	1.56	12.89	45.96	2.83	0.07
0	0	2.26	14.86	42.35	2.15	0.00
0	4	1.50	12.65	46.83	2.70	0.00
1	1	1.51	13.65	44.91	3.41	0.00
1	5	1.53	13.05	48.94	1.30	0.25
2	2	1.26	11.87	46.86	2.90	0.01
2	6	1.39	12.50	47.21	2.88	0.30
3	3	1.70	12.20	43.60	3.55	0.00
3	7	1.31	12.31	47.04	3.78	0.00
Core	CPU	C1%	C3%	C6%	C8%	C9%
-	-	1.79	14.55	43.41	1.76	0.00
0	0	2.85	17.65	33.70	0.81	0.00
0	4	1.53	13.17	44.23	1.90	0.00
1	1	1.75	15.13	46.15	1.61	0.00
1	5	1.68	13.91	45.92	2.72	0.00
2	2	1.82	15.04	43.81	0.91	0.00
2	6	1.67	14.14	42.98	1.94	0.01
3	3	1.46	12.84	47.30	2.36	0.00
3	7	1.60	14.52	43.21	1.81	0.00
Core	CPU	C1%	C3%	C6%	C8%	C9%
-	-	2.00	14.51	43.65	1.98	0.00
0	0	2.36	18.64	32.56	1.06	0.00
0	4	1.43	13.21	49.98	0.87	0.00
1	1	1.45	14.26	42.49	2.28	0.01
1	5	2.41	14.92	46.70	1.09	0.00
2	2	2.02	14.02	44.94	3.21	0.00
2	6	2.55	14.80	45.85	0.43	0.00
3	3	2.47	14.15	43.10	2.25	0.00
3	7	1.28	12.12	43.57	4.68	0.00
Core	CPU	C1%	C3%	C6%	C8%	C9%
-	-	1.85	13.53	43.76	2.75	0.00
0	0	2.74	17.56	36.94	1.17	0.01
0	4	1.53	11.99	48.22	2.41	0.00
1	1	1.72	12.03	48.78	2.89	0.00
1	5	1.83	15.42	42.51	1.10	0.00
2	2	1.43	12.56	45.27	3.22	0.00
2	6	1.61	13.05	43.73	3.38	0.00
3	3	1.99	11.55	44.81	4.79	0.00
3	7	1.96	14.11	39.83	3.03	0.00
Core	CPU	C1%	C3%	C6%	C8%	C9%
-	-	1.68	13.85	44.60	1.99	0.00
0	0	1.21	15.23	40.49	1.00	0.00
0	4	1.37	12.38	49.41	0.98	0.00
1	1	1.39	14.35	44.95	2.08	0.00
1	5	1.77	13.34	45.26	2.40	0.00
2	2	2.05	14.21	45.15	2.45	0.00
2	6	2.52	14.80	39.31	1.62	0.00
3	3	1.31	13.54	46.55	2.83	0.00
3	7	1.82	12.94	45.65	2.56	0.00
Core	CPU	C1%	C3%	C6%	C8%	C9%
-	-	1.74	12.98	46.07	2.57	0.01
0	0	2.06	15.60	43.24	1.76	0.00
0	4	1.73	13.17	45.60	0.83	0.00
1	1	1.51	11.54	50.63	2.84	0.00
1	5	2.61	12.59	45.31	1.73	0.00
2	2	1.21	11.74	44.76	3.89	0.00
2	6	1.35	13.39	45.03	3.92	0.09
3	3	1.78	12.98	48.04	2.54	0.00
3	7	1.67	12.85	46.02	3.01	0.00
Core	CPU	C1%	C3%	C6%	C8%	C9%
-	-	1.53	13.82	44.50	1.68	0.00
0	0	2.06	16.93	36.32	0.51	0.00
0	4	0.89	11.49	50.82	1.74	0.00
1	1	1.59	12.48	46.92	2.03	0.00
1	5	1.50	14.76	41.67	1.25	0.00
2	2	1.39	12.84	46.65	2.71	0.00
2	6	1.98	14.05	42.67	0.85	0.00
3	3	1.52	15.79	41.52	1.14	0.00
3	7	1.33	12.19	49.45	3.17	0.00
Core	CPU	C1%	C3%	C6%	C8%	C9%
-	-	2.29	13.76	42.89	1.78	0.00
0	0	2.79	16.22	39.79	1.25	0.00
0	4	2.28	14.31	42.66	1.08	0.00
1	1	1.68	14.20	44.86	3.02	0.00
1	5	2.07	12.84	40.92	1.75	0.00
2	2	2.53	11.93	45.49	2.31	0.00
2	6	2.29	13.85	40.24	1.64	0.00
3	3	2.74	13.15	43.48	1.69	0.00
3	7	1.95	13.58	45.62	1.56	0.00
Core	CPU	C1%	C3%	C6%	C8%	C9%
-	-	1.77	13.20	45.38	2.10	0.00
0	0	2.24	16.72	36.47	0.95	0.00
0	4	1.18	12.15	44.36	4.27	0.00
1	1	2.75	13.62	42.12	1.89	0.00
1	5	1.26	11.22	49.37	2.57	0.00
2	2	1.89	11.70	47.70	4.00	0.00
2	6	1.49	13.85	48.75	1.12	0.00
3	3	1.65	14.10	44.81	0.92	0.00
3	7	1.74	12.24	49.46	1.05	0.00
Core	CPU	C1%	C3%	C6%	C8%	C9%
-	-	1.14	12.88	46.55	3.07	0.02
0	0	1.37	14.38	43.05	2.50	0.00
0	4	1.00	10.85	51.90	2.70	0.01
1	1	1.56	14.36	44.73	2.64	0.00
1	5	0.98	11.93	48.39	4.69	0.00
2	2	1.32	12.82	46.79	2.24	0.00
2	6	1.37	14.59	39.34	3.04	0.11
3	3	0.78	12.50	47.17	3.70	0.00
3	7	0.71	11.62	51.07	3.04	0.00
Core	CPU	C1%	C3%	C6%	C8%	C9%
-	-	4.62	12.00	39.85	3.96	0.05
0	0	6.29	12.87	35.33	3.27	0.00
0	4	3.48	10.79	42.37	5.86	0.00
1	1	4.53	11.83	42.96	2.20	0.20
1	5	3.83	11.62	43.91	4.34	0.00
2	2	3.92	11.93	42.32	3.72	0.00
2	6	5.54	13.16	32.91	2.25	0.23
3	3	4.68	11.30	38.15	5.62	0.00
3	7	4.67	12.52	40.90	4.41	0.00
Core	CPU	C1%	C3%	C6%	C8%	C9%
-	-	1.39	13.27	45.22	2.75	0.00
0	0	1.91	14.91	39.00	2.40	0.00
0	4	1.36	11.88	48.73	3.76	0.00
1	1	0.60	12.81	46.43	1.85	0.00
1	5	1.33	14.01	47.23	1.53	0.00
2	2	1.06	12.28	46.54	2.37	0.00
2	6	2.00	15.16	38.93	3.08	0.03
3	3	1.56	11.83	46.92	4.35	0.00
3	7	1.34	13.24	47.94	2.66	0.00
Core	CPU	C1%	C3%	C6%	C8%	C9%
-	-	1.21	14.20	45.56	2.58	0.01
0	0	1.88	15.55	40.03	1.66	0.06
0	4	1.16	14.51	47.32	2.31	0.00
1	1	1.10	14.31	47.79	2.49	0.00
1	5	0.64	13.64	47.02	3.15	0.01
2	2	1.24	12.94	50.95	1.78	0.00
2	6	1.21	16.39	37.74	2.42	0.04
3	3	1.43	13.47	48.13	3.21	0.00
3	7	1.02	12.80	45.68	3.66	0.00
Core	CPU	C1%	C3%	C6%	C8%	C9%
-	-	1.43	16.11	42.80	1.97	0.02
0	0	2.46	18.71	33.06	0.26	0.00
0	4	0.64	14.38	49.23	2.62	0.00
1	1	1.33	16.32	43.95	1.96	0.00
1	5	1.24	15.73	47.29	2.20	0.00
2	2	1.46	14.20	48.58	1.32	0.00
2	6	1.88	17.43	36.18	1.62	0.16
3	3	0.93	15.10	43.28	3.79	0.00
3	7	1.47	16.93	40.70	1.95	0.00
Core	CPU	C1%	C3%	C6%	C8%	C9%
-	-	0.64	8.82	42.95	21.11	0.00
0	0	0.81	9.69	42.88	26.35	0.01
0	4	0.38	7.47	44.53	30.61	0.00
1	1	0.96	8.05	42.55	29.62	0.00
1	5	0.41	8.76	50.21	22.95	0.00
2	2	0.57	5.38	20.34	1.63	0.00
2	6	0.68	13.39	45.33	12.47	0.00
3	3	0.38	7.46	38.71	34.37	0.00
3	7	0.95	10.32	58.85	10.77	0.00
Core	CPU	C1%	C3%	C6%	C8%	C9%
-	-	1.35	11.57	47.93	6.17	0.12
0	0	1.55	13.33	49.04	4.12	0.00
0	4	0.82	11.09	51.29	6.54	0.00
1	1	1.37	9.82	52.03	8.03	0.00
1	5	1.25	12.45	46.20	6.01	0.00
2	2	1.08	8.36	44.48	6.60	0.00
2	6	1.68	15.58	39.69	2.06	0.93
3	3	1.74	10.73	52.62	6.72	0.00
3	7	1.29	11.20	48.18	9.30	0.00
Core	CPU	C1%	C3%	C6%	C8%	C9%
-	-	1.30	13.95	45.71	2.39	0.03
0	0	2.02	15.89	40.95	0.82	0.00
0	4	1.06	12.16	47.48	2.07	0.00
1	1	0.88	13.62	50.30	3.08	0.00
1	5	0.86	14.58	46.67	2.41	0.00
2	2	1.58	13.49	45.66	3.45	0.00
2	6	1.61	15.58	40.10	2.46	0.00
3	3	1.17	12.81	47.13	2.84	0.21
3	7	1.26	13.75	48.20	2.01	0.01
Core	CPU	C1%	C3%	C6%	C8%	C9%
-	-	1.57	9.38	52.95	5.49	0.08
0	0	2.14	10.65	48.73	2.93	0.01
0	4	1.32	9.35	55.24	3.99	0.00
1	1	1.12	8.33	55.53	6.50	0.00
1	5	1.44	8.18	55.85	5.70	0.00
2	2	2.09	9.53	50.01	6.11	0.00
2	6	2.03	9.90	50.90	5.18	0.57
3	3	0.98	9.33	54.01	6.76	0.00
3	7	1.42	9.59	52.51	6.63	0.09
Core	CPU	C1%	C3%	C6%	C8%	C9%
-	-	0.73	8.27	55.21	6.12	0.19
0	0	1.56	9.27	49.78	4.27	0.01
0	4	0.78	8.17	58.05	7.09	0.00
1	1	0.51	7.50	52.28	9.50	0.35
1	5	0.59	8.34	56.85	6.86	0.00
2	2	0.28	8.60	59.15	4.47	0.62
2	6	0.67	8.02	54.83	3.80	0.59
3	3	0.47	7.91	56.07	8.38	0.00
3	7	0.95	8.41	55.04	4.63	0.00
Core	CPU	C1%	C3%	C6%	C8%	C9%
-	-	0.94	8.32	51.47	6.42	0.02
0	0	1.12	10.81	52.14	4.15	0.00
0	4	0.82	7.29	52.01	8.74	0.00
1	1	0.65	9.09	48.15	6.67	0.11
1	5	0.71	7.20	53.08	6.86	0.00
2	2	0.95	8.93	51.93	4.52	0.00
2	6	0.79	7.46	52.50	6.17	0.07
3	3	1.19	8.37	52.73	9.51	0.00
3	7	1.30	7.44	49.54	4.74	0.00
Core	CPU	C1%	C3%	C6%	C8%	C9%
-	-	0.61	9.62	53.35	6.18	0.05
0	0	1.31	10.55	50.56	3.85	0.00
0	4	0.36	8.18	55.98	6.60	0.00
1	1	0.44	9.00	56.50	4.84	0.00
1	5	0.51	9.81	53.40	7.58	0.01
2	2	0.38	9.12	56.37	5.86	0.00
2	6	0.75	10.77	46.35	7.14	0.33
3	3	0.26	9.36	52.46	8.29	0.00
3	7	0.85	10.03	54.55	5.23	0.02
Core	CPU	C1%	C3%	C6%	C8%	C9%
-	-	0.74	8.78	54.33	6.91	0.03
0	0	1.01	9.50	55.79	6.05	0.00
0	4	0.34	7.47	55.32	10.08	0.00
1	1	0.63	8.26	56.19	7.12	0.00
1	5	0.40	7.57	55.23	9.13	0.00
2	2	0.95	8.82	54.35	5.09	0.00
2	6	0.60	10.66	48.77	5.40	0.15
3	3	0.97	9.09	53.52	5.48	0.11
3	7	1.01	8.93	56.03	6.96	0.00
Core	CPU	C1%	C3%	C6%	C8%	C9%
-	-	0.93	10.24	51.61	6.10	0.04
0	0	1.46	11.67	48.55	5.08	0.00
0	4	0.55	8.46	56.51	5.93	0.00
1	1	0.94	8.70	50.94	9.60	0.00
1	5	0.80	11.12	53.56	2.84	0.00
2	2	0.81	9.46	51.71	8.36	0.00
2	6	1.41	13.24	42.55	5.02	0.31
3	3	0.80	9.35	53.90	7.02	0.00
3	7	0.65	9.80	54.53	4.85	0.00
Core	CPU	C1%	C3%	C6%	C8%	C9%
-	-	1.54	10.14	52.12	5.85	0.06
0	0	1.68	11.06	47.82	6.24	0.41
0	4	1.06	9.37	52.91	7.48	0.00
1	1	1.24	10.15	52.44	5.70	0.00
1	5	1.38	8.90	55.92	4.67	0.01
2	2	1.79	9.42	54.67	6.25	0.00
2	6	2.68	12.94	44.68	2.99	0.08
3	3	1.23	9.95	52.25	7.69	0.00
3	7	1.28	9.34	56.44	5.76	0.00
Core	CPU	C1%	C3%	C6%	C8%	C9%
-	-	1.26	10.92	51.52	5.24	0.08
0	0	2.61	12.58	48.71	2.13	0.00
0	4	0.97	8.92	53.19	8.31	0.00
1	1	1.13	9.32	51.37	6.27	0.00
1	5	0.99	10.68	53.14	5.26	0.00
2	2	0.97	10.44	53.19	4.31	0.00
2	6	1.25	14.73	43.43	4.98	0.64
3	3	1.15	10.05	54.47	4.27	0.00
3	7	1.04	10.61	54.48	6.38	0.00
Core	CPU	C1%	C3%	C6%	C8%	C9%
-	-	0.73	9.49	53.09	6.67	0.01
0	0	1.51	10.86	51.74	4.57	0.00
0	4	0.50	8.11	54.69	8.50	0.00
1	1	0.59	9.37	55.64	4.88	0.00
1	5	0.50	8.89	52.76	8.20	0.00
2	2	0.84	8.71	53.42	6.50	0.00
2	6	0.84	12.25	48.17	3.45	0.09
3	3	0.65	9.09	57.05	7.35	0.00
3	7	0.44	8.73	51.85	9.99	0.00
Core	CPU	C1%	C3%	C6%	C8%	C9%
-	-	0.66	9.87	54.21	6.36	0.01
0	0	0.72	10.44	53.50	5.19	0.00
0	4	0.41	8.09	59.18	6.62	0.00
1	1	0.61	8.73	54.55	8.36	0.00
1	5	0.53	10.18	53.66	6.46	0.00
2	2	0.64	9.44	53.40	9.13	0.00
2	6	0.78	12.47	48.52	3.58	0.06
3	3	0.64	9.22	55.43	6.12	0.00
3	7	0.93	10.29	54.89	5.35	0.00
Core	CPU	C1%	C3%	C6%	C8%	C9%
-	-	1.00	10.21	52.59	5.84	0.00
0	0	1.23	10.43	47.36	3.08	0.00
0	4	0.87	9.26	53.44	8.51	0.00
1	1	0.83	9.63	53.16	7.39	0.00
1	5	0.84	10.17	55.78	4.38	0.00
2	2	0.87	9.59	54.65	9.15	0.00
2	6	1.45	12.75	50.48	3.32	0.00
3	3	1.06	10.78	52.12	3.22	0.00
3	7	0.85	9.05	53.62	7.65	0.00
Core	CPU	C1%	C3%	C6%	C8%	C9%
-	-	0.80	10.41	54.01	5.62	0.02
0	0	1.09	10.95	52.86	5.60	0.00
0	4	0.66	10.24	54.11	7.90	0.00
1	1	0.35	10.27	56.20	6.60	0.01
1	5	0.63	10.20	55.08	4.91	0.00
2	2	0.91	10.16	54.25	2.75	0.00
2	6	1.11	11.23	48.71	6.54	0.15
3	3	0.87	10.55	56.92	4.27	0.00
3	7	0.77	9.68	54.03	6.39	0.00
Core	CPU	C1%	C3%	C6%	C8%	C9%
-	-	0.72	10.35	52.94	5.65	0.02
0	0	1.29	11.03	49.05	3.47	0.00
0	4	0.35	9.35	50.80	8.31	0.00
1	1	0.61	10.88	56.42	4.46	0.00
1	5	0.50	9.86	55.34	5.95	0.00
2	2	0.67	10.40	54.43	6.21	0.00
2	6	1.12	11.99	45.72	5.68	0.16
3	3	0.49	9.20	55.22	5.58	0.00
3	7	0.73	10.05	56.57	5.50	0.00
Core	CPU	C1%	C3%	C6%	C8%	C9%
-	-	0.78	9.15	52.07	6.75	0.03
0	0	0.87	9.77	52.71	4.44	0.00
0	4	0.70	6.70	55.68	8.89	0.00
1	1	0.80	9.08	49.79	7.75	0.10
1	5	0.55	9.86	53.12	5.65	0.00
2	2	0.73	7.42	50.36	12.56	0.01
2	6	1.09	11.73	48.46	4.36	0.14
3	3	0.53	9.50	50.62	5.08	0.00
3	7	1.00	9.14	55.79	5.30	0.00
Core	CPU	C1%	C3%	C6%	C8%	C9%
-	-	0.71	9.50	51.82	7.08	0.08
0	0	1.00	10.78	51.22	3.38	0.00
0	4	0.25	8.08	51.27	10.02	0.00
1	1	0.54	10.21	54.99	6.91	0.00
1	5	0.61	7.88	52.23	8.27	0.00
2	2	0.67	8.84	53.92	9.24	0.00
2	6	1.26	12.52	44.29	4.86	0.64
3	3	0.43	8.90	56.61	5.85	0.00
3	7	0.92	8.89	50.51	8.16	0.00
Core	CPU	C1%	C3%	C6%	C8%	C9%
-	-	0.95	9.50	52.94	7.22	0.05
0	0	1.78	9.36	50.97	7.19	0.00
0	4	0.79	8.57	58.24	8.58	0.00
1	1	0.68	9.53	54.20	5.06	0.00
1	5	0.42	9.08	54.28	6.99	0.00
2	2	1.19	9.61	52.20	7.75	0.00
2	6	1.28	11.39	44.81	7.10	0.40
3	3	0.79	9.74	55.25	5.57	0.00
3	7	0.66	8.64	52.94	9.42	0.00
Core	CPU	C1%	C3%	C6%	C8%	C9%
-	-	0.97	9.67	52.52	6.76	0.06
0	0	1.40	10.79	51.30	4.35	0.00
0	4	0.23	7.81	51.73	10.74	0.00
1	1	0.69	8.31	52.58	12.63	0.00
1	5	1.26	10.14	53.79	5.26	0.00
2	2	0.92	9.93	56.77	4.01	0.00
2	6	1.89	11.65	44.44	6.19	0.49
3	3	0.62	9.10	55.32	5.88	0.00
3	7	0.79	9.64	54.45	5.06	0.00
Core	CPU	C1%	C3%	C6%	C8%	C9%
-	-	1.37	11.59	49.69	4.37	0.00
0	0	1.70	12.55	47.47	2.85	0.00
0	4	0.85	10.91	48.98	6.89	0.00
1	1	1.30	10.56	50.08	6.45	0.00
1	5	1.03	11.36	54.56	2.56	0.00
2	2	1.50	11.18	48.59	3.62	0.00
2	6	2.17	13.44	44.86	4.95	0.03
3	3	1.13	11.20	51.36	3.50	0.00
3	7	1.31	11.55	51.59	4.18	0.00
Core	CPU	C1%	C3%	C6%	C8%	C9%
-	-	0.71	8.99	55.19	6.00	0.00
0	0	1.17	9.30	52.21	4.72	0.00
0	4	0.26	7.47	58.59	6.40	0.00
1	1	0.57	8.39	53.60	5.05	0.00
1	5	0.81	8.59	54.84	7.25	0.00
2	2	0.81	8.92	55.69	7.78	0.00
2	6	0.81	11.07	54.69	3.35	0.00
3	3	0.60	9.00	57.50	6.03	0.00
3	7	0.63	9.24	54.51	7.45	0.00
Core	CPU	C1%	C3%	C6%	C8%	C9%
-	-	0.66	8.54	55.18	7.37	0.06
0	0	0.73	9.41	51.07	4.69	0.00
0	4	0.24	6.79	56.11	10.60	0.00
1	1	0.84	9.38	57.92	7.10	0.41
1	5	0.48	7.69	57.27	10.69	0.00
2	2	0.61	7.43	55.26	6.98	0.00
2	6	0.71	11.03	50.34	5.43	0.10
3	3	0.86	8.89	56.58	6.28	0.00
3	7	0.82	7.79	57.37	7.24	0.00
Core	CPU	C1%	C3%	C6%	C8%	C9%
-	-	0.73	9.92	52.35	6.34	0.01
0	0	0.71	10.20	47.98	4.03	0.00
0	4	0.67	10.68	54.34	4.40	0.00
1	1	0.67	9.17	56.67	5.52	0.06
1	5	0.74	8.53	48.03	8.85	0.00
2	2	0.95	9.64	53.56	7.12	0.00
2	6	0.81	12.53	48.01	4.52	0.00
3	3	0.55	9.23	52.61	10.09	0.00
3	7	0.75	9.26	57.20	6.12	0.00
Core	CPU	C1%	C3%	C6%	C8%	C9%
-	-	0.72	10.24	53.24	5.22	0.09
0	0	0.82	11.70	53.85	2.26	0.00
0	4	0.39	9.35	57.59	5.72	0.00
1	1	0.64	9.08	55.70	6.55	0.00
1	5	0.47	9.39	55.01	5.12	0.15
2	2	0.61	10.39	52.53	6.19	0.00
2	6	0.89	12.38	44.98	4.36	0.57
3	3	0.87	9.65	53.11	6.29	0.00
3	7	1.08	10.05	53.70	5.34	0.00
Core	CPU	C1%	C3%	C6%	C8%	C9%
-	-	0.79	10.77	50.91	5.97	0.00
0	0	1.46	10.86	46.77	5.67	0.00
0	4	0.31	9.78	55.31	5.30	0.00
1	1	1.14	9.70	50.75	8.44	0.00
1	5	0.38	10.25	57.02	7.52	0.00
2	2	0.67	10.85	49.34	5.96	0.00
2	6	0.73	13.77	42.49	5.66	0.00
3	3	0.66	10.14	51.33	5.46	0.00
3	7	0.95	10.71	53.69	3.65	0.00
Core	CPU	C1%	C3%	C6%	C8%	C9%
-	-	0.35	7.24	47.71	23.05	0.05
0	0	0.32	6.93	50.99	29.85	0.00
0	4	0.31	8.29	55.51	21.76	0.00
1	1	0.34	7.00	57.02	21.96	0.00
1	5	0.28	7.40	51.53	29.10	0.00
2	2	0.30	2.73	16.53	1.36	0.00
2	6	0.56	12.58	49.65	18.61	0.42
3	3	0.24	6.67	52.76	27.91	0.00
3	7	0.43	6.29	47.53	33.75	0.00
Core	CPU	C1%	C3%	C6%	C8%	C9%
-	-	1.15	10.06	52.65	5.87	0.03
0	0	1.59	11.31	49.98	4.35	0.00
0	4	1.01	9.28	54.18	6.84	0.00
1	1	0.91	9.59	52.62	9.81	0.00
1	5	0.96	9.59	58.12	5.51	0.00
2	2	0.92	8.55	49.75	4.93	0.00
2	6	1.57	14.79	47.06	2.14	0.27
3	3	1.06	9.43	56.97	5.25	0.00
3	7	1.19	7.93	52.70	8.16	0.00
Core	CPU	C1%	C3%	C6%	C8%	C9%
-	-	1.13	12.38	48.01	4.34	0.00
0	0	2.40	12.90	42.64	2.76	0.00
0	4	0.88	10.75	53.38	6.25	0.00
1	1	0.92	13.29	48.99	4.33	0.00
1	5	1.15	11.94	49.07	5.90	0.00
2	2	0.71	12.04	50.62	4.01	0.00
2	6	1.05	14.55	43.24	2.81	0.00
3	3	0.68	12.27	47.53	4.60	0.00
3	7	1.26	11.27	48.64	4.03	0.00
Core	CPU	C1%	C3%	C6%	C8%	C9%
-	-	0.74	10.44	53.01	5.38	0.02
0	0	0.90	12.34	49.47	2.92	0.00
0	4	0.72	9.70	52.86	5.99	0.00
1	1	0.39	9.70	53.20	6.88	0.00
1	5	0.61	10.08	58.65	4.75	0.00
2	2	0.64	8.56	53.40	6.64	0.00
2	6	1.04	12.68	47.37	5.20	0.14
3	3	1.06	11.26	51.70	4.48	0.00
3	7	0.55	9.21	57.44	6.16	0.00
Core	CPU	C1%	C3%	C6%	C8%	C9%
-	-	0.68	9.34	54.19	7.21	0.05
0	0	1.19	10.56	51.07	4.30	0.00
0	4	0.21	8.70	50.84	11.19	0.04
1	1	0.28	9.12	56.44	7.89	0.00
1	5	0.71	8.09	56.27	10.24	0.01
2	2	0.74	9.49	55.06	4.88	0.00
2	6	0.72	10.81	50.12	7.47	0.36
3	3	0.96	8.96	56.59	7.67	0.00
3	7	0.64	9.00	57.22	4.07	0.00
Core	CPU	C1%	C3%	C6%	C8%	C9%
-	-	1.94	9.53	51.46	6.39	0.02
0	0	3.38	9.93	48.36	5.74	0.00
0	4	1.46	8.76	51.34	9.15	0.00
1	1	1.54	9.19	55.54	6.36	0.00
1	5	1.83	9.53	49.92	7.71	0.00
2	2	1.27	9.27	57.47	4.61	0.00
2	6	2.72	11.30	45.13	4.60	0.15
3	3	1.60	8.59	53.79	6.39	0.00
3	7	1.68	9.65	50.03	6.54	0.01
Core	CPU	C1%	C3%	C6%	C8%	C9%
-	-	0.54	8.98	52.89	7.65	0.05
0	0	0.39	9.81	52.56	5.54	0.00
0	4	0.21	8.20	53.92	10.54	0.00
1	1	0.93	10.13	55.10	5.04	0.00
1	5	0.40	6.88	55.05	7.54	0.00
2	2	0.74	8.99	54.96	7.18	0.00
2	6	0.74	11.67	45.35	8.10	0.37
3	3	0.48	8.61	54.18	8.14	0.00
3	7	0.42	7.54	51.98	9.09	0.00
Core	CPU	C1%	C3%	C6%	C8%	C9%
-	-	0.72	8.04	53.75	7.49	0.12
0	0	0.94	9.93	49.10	4.27	0.00
0	4	0.73	7.17	56.20	9.91	0.00
1	1	0.61	9.47	57.23	4.56	0.00
1	5	0.34	5.83	52.57	9.97	0.00
2	2	0.94	8.05	51.35	7.56	0.00
2	6	0.87	7.85	55.68	7.02	0.93
3	3	0.92	7.41	51.83	9.47	0.00
3	7	0.43	8.66	56.28	7.22	0.00
Core	CPU	C1%	C3%	C6%	C8%	C9%
-	-	0.79	9.38	52.69	6.21	0.08
0	0	1.15	9.70	48.20	7.10	0.00
0	4	0.58	9.37	53.62	4.11	0.00
1	1	1.49	8.04	52.97	5.54	0.00
1	5	0.32	8.89	55.54	6.47	0.30
2	2	0.60	7.87	56.94	6.22	0.00
2	6	1.18	12.53	46.06	5.34	0.32
3	3	0.34	9.62	53.02	7.24	0.00
3	7	0.67	9.02	55.13	7.66	0.00
Core	CPU	C1%	C3%	C6%	C8%	C9%
-	-	0.74	9.47	51.48	6.30	0.04
0	0	1.00	9.97	50.20	3.58	0.00
0	4	0.54	8.07	53.99	6.19	0.00
1	1	0.46	9.01	52.85	6.01	0.00
1	5	1.06	8.82	51.37	7.39	0.00
2	2	0.60	8.76	51.95	6.86	0.00
2	6	0.91	12.49	43.31	4.92	0.03
3	3	0.64	9.55	54.22	8.46	0.00
3	7	0.73	9.07	53.79	6.98	0.31
Core	CPU	C1%	C3%	C6%	C8%	C9%
-	-	0.66	9.21	53.47	6.76	0.04
0	0	0.78	9.11	50.58	8.30	0.00
0	4	0.41	9.15	57.43	4.21	0.00
1	1	0.91	8.39	54.38	7.90	0.01
1	5	0.52	9.30	57.03	4.66	0.00
2	2	0.93	8.28	53.06	7.58	0.00
2	6	0.92	12.96	45.73	4.48	0.32
3	3	0.30	8.38	54.58	8.89	0.00
3	7	0.48	8.14	54.99	8.04	0.00
Core	CPU	C1%	C3%	C6%	C8%	C9%
-	-	0.71	9.90	53.37	5.95	0.08
0	0	0.94	10.14	51.69	5.90	0.00
0	4	0.55	8.86	57.53	5.95	0.00
1	1	0.73	9.76	53.12	5.68	0.00
1	5	0.51	9.56	57.25	5.65	0.00
2	2	1.10	9.10	53.27	6.81	0.00
2	6	0.76	13.16	46.72	4.01	0.61
3	3	0.75	9.82	53.41	6.15	0.00
3	7	0.31	8.81	54.05	7.41	0.00
Core	CPU	C1%	C3%	C6%	C8%	C9%
-	-	0.69	8.71	53.88	7.52	0.05
0	0	0.88	8.00	52.93	7.97	0.00
0	4	0.22	7.86	56.74	8.89	0.02
1	1	0.47	9.11	56.00	6.79	0.00
1	5	0.78	8.02	54.18	5.97	0.00
2	2	0.55	7.97	53.01	8.15	0.00
2	6	0.73	12.51	47.74	4.93	0.28
3	3	0.59	8.94	56.24	5.97	0.00
3	7	1.29	7.34	54.27	11.53	0.06
