Core	CPU	C1%	C3%	C6%	C8%	C9%
-	-	0.01	0.10	9.69	3.86	0.00
0	0	0.08	0.42	64.25	20.95	0.00
0	4	0.00	0.06	1.73	2.95	0.00
1	1	0.00	0.04	1.51	1.56	0.00
1	5	0.00	0.11	2.66	1.56	0.00
2	2	0.00	0.00	0.89	0.79	0.00
2	6	0.00	0.04	2.52	1.60	0.00
3	3	0.00	0.00	0.78	0.19	0.00
3	7	0.00	0.11	2.96	1.19	0.00
Core	CPU	C1%	C3%	C6%	C8%	C9%
-	-	0.01	0.05	8.70	3.89	0.10
0	0	0.08	0.36	64.78	21.63	0.00
0	4	0.00	0.00	0.99	1.66	0.81
1	1	0.00	0.00	0.27	1.49	0.00
1	5	0.00	0.00	0.39	1.20	0.00
2	2	0.00	0.00	0.63	0.70	0.00
2	6	0.00	0.00	1.37	2.39	0.00
3	3	0.00	0.00	0.29	0.80	0.00
3	7	0.00	0.04	0.84	1.29	0.00
Core	CPU	C1%	C3%	C6%	C8%	C9%
-	-	0.01	0.04	8.57	3.34	0.00
0	0	0.10	0.23	65.12	21.58	0.00
0	4	0.00	0.00	0.64	0.20	0.00
1	1	0.00	0.02	0.48	0.40	0.00
1	5	0.00	0.00	0.25	0.50	0.00
2	2	0.00	0.00	0.18	0.99	0.00
2	6	0.00	0.00	1.24	0.99	0.00
3	3	0.00	0.00	0.24	1.00	0.00
3	7	0.00	0.05	0.40	1.09	0.00
Core	CPU	C1%	C3%	C6%	C8%	C9%
-	-	0.01	0.05	8.75	3.49	0.00
0	0	0.10	0.41	65.28	21.26	0.00
0	4	0.00	0.00	0.63	1.00	0.00
1	1	0.00	0.00	0.82	0.50	0.00
1	5	0.00	0.02	0.78	0.10	0.00
2	2	0.00	0.00	0.40	1.58	0.00
2	6	0.00	0.00	0.67	0.79	0.00
3	3	0.00	0.00	0.86	1.28	0.00
3	7	0.00	0.00	0.57	1.38	0.00
Core	CPU	C1%	C3%	C6%	C8%	C9%
-	-	0.01	0.07	8.55	3.50	0.81
0	0	0.08	0.57	62.99	20.40	0.00
0	4	0.00	0.00	0.87	0.40	3.00
1	1	0.00	0.00	0.66	0.99	0.00
1	5	0.00	0.00	0.45	0.99	0.00
2	2	0.00	0.00	0.82	0.70	0.00
2	6	0.00	0.00	1.27	1.58	3.45
3	3	0.00	0.00	0.59	1.57	0.00
3	7	0.00	0.00	0.77	1.39	0.00
Core	CPU	C1%	C3%	C6%	C8%	C9%
-	-	0.01	0.06	8.58	3.56	0.00
0	0	0.08	0.32	64.99	21.56	0.00
0	4	0.00	0.00	0.90	0.78	0.00
1	1	0.00	0.00	0.49	1.09	0.00
1	5	0.00	0.01	0.27	1.30	0.00
2	2	0.00	0.00	0.26	0.79	0.00
2	6	0.00	0.01	0.85	0.99	0.00
3	3	0.00	0.12	0.50	0.99	0.00
3	7	0.00	0.00	0.41	1.00	0.00
Core	CPU	C1%	C3%	C6%	C8%	C9%
-	-	0.02	0.06	8.45	3.31	0.11
0	0	0.10	0.40	65.10	21.41	0.00
0	4	0.00	0.00	0.63	0.20	0.00
1	1	0.10	0.02	0.24	0.51	0.92
1	5	0.00	0.00	0.10	0.40	0.00
2	2	0.00	0.01	0.19	0.99	0.00
2	6	0.00	0.00	0.56	0.80	0.00
3	3	0.00	0.00	0.25	1.09	0.00
3	7	0.00	0.03	0.51	1.09	0.00
Core	CPU	C1%	C3%	C6%	C8%	C9%
-	-	0.01	0.03	8.64	3.37	0.00
0	0	0.11	0.23	65.12	21.60	0.00
0	4	0.00	0.00	0.75	0.50	0.00
1	1	0.00	0.00	0.15	0.79	0.00
1	5	0.00	0.00	0.37	1.09	0.00
2	2	0.00	0.00	0.70	0.39	0.00
2	6	0.00	0.00	0.30	0.79	0.00
3	3	0.00	0.00	1.07	0.99	0.00
3	7	0.00	0.00	0.67	0.81	0.00
Core	CPU	C1%	C3%	C6%	C8%	C9%
-	-	0.01	0.05	8.57	3.71	0.00
0	0	0.11	0.39	65.08	21.45	0.00
0	4	0.00	0.00	0.50	0.00	0.00
1	1	0.00	0.00	0.68	1.48	0.00
1	5	0.00	0.00	0.37	1.18	0.00
2	2	0.00	0.00	0.34	1.48	0.00
2	6	0.00	0.00	0.41	1.38	0.00
3	3	0.00	0.00	0.20	1.19	0.00
3	7	0.00	0.00	0.99	1.49	0.00
Core	CPU	C1%	C3%	C6%	C8%	C9%
-	-	0.01	0.06	8.15	3.35	0.60
0	0	0.09	0.29	63.09	20.81	2.90
0	4	0.00	0.00	0.59	0.00	0.00
1	1	0.00	0.00	0.29	1.09	0.00
1	5	0.00	0.00	0.27	0.89	0.00
2	2	0.00	0.06	0.10	0.99	0.00
2	6	0.00	0.07	0.14	0.99	1.89
3	3	0.00	0.02	0.30	0.79	0.00
3	7	0.00	0.01	0.41	1.20	0.00
Core	CPU	C1%	C3%	C6%	C8%	C9%
-	-	0.01	0.04	8.47	3.64	0.81
0	0	0.12	0.21	64.80	21.78	0.00
0	4	0.00	0.00	0.74	0.19	6.44
1	1	0.00	0.02	0.48	0.39	0.00
1	5	0.00	0.00	0.00	0.50	0.00
2	2	0.00	0.00	0.39	1.57	0.00
2	6	0.00	0.00	0.37	1.58	0.00
3	3	0.00	0.00	0.45	1.88	0.00
3	7	0.00	0.05	0.51	1.27	0.00
Core	CPU	C1%	C3%	C6%	C8%	C9%
-	-	0.01	0.07	8.42	3.18	0.10
0	0	0.12	0.54	64.40	21.20	0.00
0	4	0.00	0.00	0.46	0.20	0.00
1	1	0.00	0.01	0.34	0.59	0.83
1	5	0.00	0.00	0.21	0.49	0.00
2	2	0.00	0.00	0.57	0.39	0.00
2	6	0.00	0.00	0.20	0.98	0.00
3	3	0.00	0.00	0.28	0.88	0.00
3	7	0.00	0.02	0.87	0.69	0.00
Core	CPU	C1%	C3%	C6%	C8%	C9%
-	-	0.01	0.10	8.64	3.51	2.16
0	0	0.10	0.79	65.48	21.03	0.00
0	4	0.00	0.00	0.96	0.10	17.31
1	1	0.00	0.00	0.67	0.88	0.00
1	5	0.00	0.00	0.56	1.38	0.00
2	2	0.00	0.00	0.24	1.09	0.00
2	6	0.00	0.00	0.23	1.28	0.00
3	3	0.00	0.00	0.20	1.19	0.00
3	7	0.00	0.04	0.79	1.17	0.00
Core	CPU	C1%	C3%	C6%	C8%	C9%
-	-	0.01	0.02	8.60	3.49	0.00
0	0	0.11	0.14	64.96	21.85	0.00
0	4	0.00	0.03	0.79	0.40	0.00
1	1	0.00	0.00	0.58	0.59	0.00
1	5	0.00	0.00	0.19	0.99	0.00
2	2	0.00	0.00	0.52	1.39	0.00
2	6	0.00	0.01	0.64	1.10	0.00
3	3	0.00	0.00	0.22	1.00	0.00
3	7	0.00	0.01	0.91	0.58	0.00
Core	CPU	C1%	C3%	C6%	C8%	C9%
-	-	0.01	0.08	8.30	3.37	0.00
0	0	0.10	0.61	62.98	20.41	0.00
0	4	0.00	0.00	0.56	0.00	0.00
1	1	0.00	0.00	0.15	1.49	0.00
1	5	0.00	0.02	0.13	0.40	0.00
2	2	0.00	0.00	0.59	0.59	0.00
2	6	0.00	0.00	0.38	1.28	0.00
3	3	0.00	0.00	0.47	1.58	0.00
3	7	0.00	0.00	1.14	1.19	0.00
Core	CPU	C1%	C3%	C6%	C8%	C9%
-	-	0.01	0.03	8.55	3.42	0.00
0	0	0.11	0.28	65.03	21.61	0.00
0	4	0.00	0.00	0.88	0.00	0.00
1	1	0.00	0.00	0.36	0.79	0.00
1	5	0.00	0.00	0.84	0.79	0.00
2	2	0.00	0.00	0.32	0.99	0.00
2	6	0.00	0.00	0.10	1.09	0.00
3	3	0.00	0.00	0.30	1.08	0.00
3	7	0.00	0.00	0.59	1.00	0.00
Core	CPU	C1%	C3%	C6%	C8%	C9%
-	-	0.01	0.06	8.51	3.48	0.23
0	0	0.11	0.44	64.75	21.00	0.00
0	4	0.00	0.00	0.79	0.00	1.82
1	1	0.00	0.00	0.60	0.69	0.00
1	5	0.00	0.00	0.38	0.99	0.00
2	2	0.00	0.00	0.26	1.29	0.00
2	6	0.00	0.00	0.33	1.18	0.00
3	3	0.00	0.02	0.57	1.19	0.00
3	7	0.00	0.00	0.41	1.50	0.00
Core	CPU	C1%	C3%	C6%	C8%	C9%
-	-	0.01	0.06	8.58	3.35	0.00
0	0	0.11	0.41	65.37	21.12	0.00
0	4	0.00	0.04	0.49	0.00	0.00
1	1	0.00	0.02	0.50	0.79	0.00
1	5	0.00	0.00	0.18	0.70	0.00
2	2	0.00	0.00	0.38	0.98	0.00
2	6	0.00	0.03	0.79	0.98	0.00
3	3	0.00	0.00	0.45	0.88	0.00
3	7	0.00	0.00	0.45	1.38	0.00
Core	CPU	C1%	C3%	C6%	C8%	C9%
-	-	0.01	0.05	8.53	3.39	0.00
0	0	0.10	0.38	65.28	21.28	0.00
0	4	0.00	0.00	0.66	0.00	0.00
1	1	0.00	0.00	0.14	1.10	0.00
1	5	0.00	0.02	0.31	0.99	0.00
2	2	0.00	0.00	0.59	0.40	0.00
2	6	0.00	0.00	0.66	0.99	0.00
3	3	0.00	0.00	0.27	0.99	0.00
3	7	0.00	0.00	0.36	1.38	0.00
Core	CPU	C1%	C3%	C6%	C8%	C9%
-	-	0.01	0.07	8.27	3.23	0.00
0	0	0.08	0.59	63.00	20.36	0.00
0	4	0.00	0.00	0.98	0.19	0.00
1	1	0.00	0.00	0.55	0.60	0.00
1	5	0.00	0.00	0.15	0.99	0.00
2	2	0.00	0.00	0.71	0.60	0.00
2	6	0.00	0.00	0.10	1.09	0.00
3	3	0.00	0.00	0.19	0.89	0.00
3	7	0.00	0.00	0.49	1.09	0.00
Core	CPU	C1%	C3%	C6%	C8%	C9%
-	-	0.01	0.24	7.99	3.45	0.52
0	0	0.08	1.93	60.48	19.33	0.00
0	4	0.00	0.00	1.01	0.58	4.15
1	1	0.00	0.00	0.43	1.86	0.00
1	5	0.00	0.00	0.37	1.09	0.00
2	2	0.00	0.00	0.25	0.89	0.00
2	6	0.00	0.00	0.24	0.99	0.00
3	3	0.00	0.02	0.48	0.90	0.00
3	7	0.00	0.00	0.72	1.95	0.00
Core	CPU	C1%	C3%	C6%	C8%	C9%
-	-	0.01	0.10	8.45	3.54	0.09
0	0	0.08	0.74	64.20	21.07	0.75
0	4	0.00	0.03	0.59	1.07	0.00
1	1	0.00	0.04	0.54	1.01	0.00
1	5	0.00	0.00	0.19	0.99	0.00
2	2	0.00	0.00	0.36	0.99	0.00
2	6	0.00	0.00	0.95	1.29	0.00
3	3	0.00	0.00	0.22	0.99	0.00
3	7	0.00	0.00	0.54	0.90	0.00
Core	CPU	C1%	C3%	C6%	C8%	C9%
-	-	0.02	0.09	8.70	3.55	0.00
0	0	0.10	0.69	64.87	21.28	0.00
0	4	0.00	0.00	0.82	0.81	0.00
1	1	0.00	0.01	0.91	0.69	0.00
1	5	0.00	0.01	0.80	0.49	0.00
2	2	0.00	0.00	0.48	1.76	0.00
2	6	0.09	0.02	0.56	1.39	0.00
3	3	0.00	0.00	0.45	0.69	0.00
3	7	0.00	0.03	0.70	1.31	0.00
Core	CPU	C1%	C3%	C6%	C8%	C9%
-	-	0.01	0.02	8.54	3.68	0.00
0	0	0.11	0.15	64.82	21.95	0.00
0	4	0.00	0.00	0.65	0.91	0.00
1	1	0.00	0.00	0.73	0.80	0.00
1	5	0.00	0.00	0.52	1.19	0.00
2	2	0.00	0.01	0.47	1.20	0.00
2	6	0.00	0.00	0.19	1.19	0.00
3	3	0.00	0.00	0.29	0.88	0.00
3	7	0.00	0.00	0.66	1.30	0.00
Core	CPU	C1%	C3%	C6%	C8%	C9%
-	-	0.01	0.05	8.22	3.48	0.00
0	0	0.10	0.32	62.88	20.78	0.00
0	4	0.00	0.00	0.19	0.70	0.00
1	1	0.00	0.00	0.48	1.00	0.00
1	5	0.00	0.00	0.46	1.00	0.00
2	2	0.00	0.05	0.19	0.89	0.00
2	6	0.00	0.00	0.51	0.90	0.00
3	3	0.00	0.02	0.48	1.00	0.00
3	7	0.00	0.00	0.60	1.56	0.00
Core	CPU	C1%	C3%	C6%	C8%	C9%
-	-	0.02	0.03	8.51	3.48	0.00
0	0	0.12	0.21	64.67	21.98	0.00
0	4	0.00	0.00	0.72	0.51	0.00
1	1	0.00	0.01	0.30	0.40	0.00
1	5	0.00	0.00	0.20	0.99	0.00
2	2	0.00	0.00	0.28	0.88	0.00
2	6	0.00	0.01	0.77	1.09	0.00
3	3	0.00	0.00	0.25	1.08	0.00
3	7	0.00	0.02	0.90	0.90	0.00
Core	CPU	C1%	C3%	C6%	C8%	C9%
-	-	0.01	0.06	8.58	3.42	0.00
0	0	0.10	0.47	64.35	21.33	0.00
0	4	0.00	0.00	0.76	0.48	0.00
1	1	0.00	0.00	0.25	0.49	0.00
1	5	0.00	0.00	0.13	0.62	0.00
2	2	0.00	0.00	0.68	0.69	0.00
2	6	0.00	0.00	0.79	0.88	0.00
3	3	0.00	0.00	0.87	1.18	0.00
3	7	0.00	0.01	0.82	1.68	0.00
Core	CPU	C1%	C3%	C6%	C8%	C9%
-	-	0.01	0.03	8.71	3.53	0.00
0	0	0.10	0.17	64.91	21.84	0.00
0	4	0.00	0.00	1.38	0.00	0.00
1	1	0.00	0.00	0.26	1.09	0.00
1	5	0.00	0.03	0.55	1.45	0.00
2	2	0.00	0.00	0.73	0.59	0.00
2	6	0.00	0.02	0.80	0.79	0.00
3	3	0.00	0.00	0.30	1.28	0.00
3	7	0.00	0.03	0.72	1.19	0.00
Core	CPU	C1%	C3%	C6%	C8%	C9%
-	-	0.01	0.05	8.53	3.54	0.00
0	0	0.10	0.37	65.40	21.17	0.00
0	4	0.00	0.00	0.59	0.00	0.00
1	1	0.00	0.00	0.20	0.98	0.00
1	5	0.00	0.02	0.18	1.88	0.00
2	2	0.00	0.00	0.26	1.09	0.00
2	6	0.00	0.00	0.44	0.99	0.00
3	3	0.00	0.02	0.79	0.89	0.00
3	7	0.00	0.00	0.41	1.29	0.00
Core	CPU	C1%	C3%	C6%	C8%	C9%
-	-	0.01	0.06	8.28	3.44	0.00
0	0	0.09	0.39	62.74	20.81	0.00
0	4	0.00	0.04	1.36	0.78	0.00
1	1	0.00	0.01	0.30	0.29	0.00
1	5	0.00	0.00	0.47	0.89	0.00
2	2	0.00	0.00	0.28	0.98	0.00
2	6	0.00	0.02	0.33	1.49	0.00
3	3	0.00	0.00	0.25	1.09	0.00
3	7	0.00	0.04	0.51	1.19	0.00
Core	CPU	C1%	C3%	C6%	C8%	C9%
-	-	0.01	0.03	8.54	3.61	0.00
0	0	0.11	0.22	64.77	21.95	0.00
0	4	0.00	0.00	0.76	0.60	0.00
1	1	0.00	0.00	0.45	0.89	0.00
1	5	0.00	0.00	0.33	1.09	0.00
2	2	0.00	0.01	0.29	0.80	0.00
2	6	0.00	0.00	0.30	1.49	0.00
3	3	0.00	0.00	0.57	1.18	0.00
3	7	0.00	0.02	0.83	0.89	0.00
Core	CPU	C1%	C3%	C6%	C8%	C9%
-	-	0.02	0.05	8.82	3.32	0.00
0	0	0.09	0.34	64.59	21.16	0.00
0	4	0.00	0.00	1.27	0.00	0.00
1	1	0.00	0.00	0.67	0.98	0.00
1	5	0.00	0.00	0.64	0.60	0.00
2	2	0.00	0.00	1.22	0.59	0.00
2	6	0.10	0.01	1.00	0.59	0.00
3	3	0.00	0.00	0.30	1.19	0.00
3	7	0.00	0.05	0.87	1.48	0.00
Core	CPU	C1%	C3%	C6%	C8%	C9%
-	-	0.01	0.04	8.42	3.52	0.00
0	0	0.12	0.28	64.56	21.98	0.00
0	4	0.00	0.00	0.49	0.00	0.00
1	1	0.00	0.00	0.23	1.09	0.00
1	5	0.00	0.00	0.31	1.18	0.00
2	2	0.00	0.00	0.25	0.90	0.00
2	6	0.00	0.00	0.33	1.09	0.00
3	3	0.00	0.02	0.29	0.90	0.00
3	7	0.00	0.02	0.89	0.98	0.00
Core	CPU	C1%	C3%	C6%	C8%	C9%
-	-	0.01	0.06	8.64	3.62	0.00
0	0	0.10	0.36	64.68	21.91	0.00
0	4	0.00	0.03	0.89	0.00	0.00
1	1	0.00	0.00	0.10	1.87	0.00
1	5	0.00	0.00	0.29	0.99	0.00
2	2	0.00	0.00	0.46	1.58	0.00
2	6	0.00	0.01	0.58	1.39	0.00
3	3	0.00	0.00	0.73	0.69	0.00
3	7	0.00	0.04	1.37	0.50	0.00
Core	CPU	C1%	C3%	C6%	C8%	C9%
-	-	0.01	0.15	8.23	3.40	0.00
0	0	0.10	0.52	62.71	20.77	0.00
0	4	0.00	0.00	0.66	0.00	0.00
1	1	0.00	0.00	0.23	1.01	0.00
1	5	0.00	0.02	0.24	0.60	0.00
2	2	0.00	0.00	0.39	0.30	0.00
2	6	0.00	0.66	0.38	1.38	0.00
3	3	0.00	0.00	0.75	1.18	0.00
3	7	0.00	0.00	0.46	1.97	0.00
Core	CPU	C1%	C3%	C6%	C8%	C9%
-	-	0.01	0.06	8.55	3.44	0.00
0	0	0.11	0.45	65.14	21.37	0.00
0	4	0.00	0.00	1.08	0.00	0.00
1	1	0.00	0.00	0.55	0.50	0.00
1	5	0.00	0.00	0.22	1.09	0.00
2	2	0.00	0.00	0.42	0.99	0.00
2	6	0.00	0.00	0.20	1.40	0.00
3	3	0.00	0.00	0.19	1.18	0.00
3	7	0.00	0.00	0.58	0.99	0.00
Core	CPU	C1%	C3%	C6%	C8%	C9%
-	-	0.01	0.10	8.69	3.39	0.11
0	0	0.09	0.75	64.49	20.89	0.00
0	4	0.02	0.00	0.95	0.19	0.00
1	1	0.00	0.00	0.49	0.99	0.00
1	5	0.00	0.00	0.66	1.19	0.00
2	2	0.00	0.01	0.65	0.89	0.89
2	6	0.00	0.00	1.40	1.09	0.00
3	3	0.00	0.02	0.39	0.69	0.00
3	7	0.00	0.00	0.51	1.20	0.00
Core	CPU	C1%	C3%	C6%	C8%	C9%
-	-	0.01	0.03	8.71	3.34	0.00
0	0	0.12	0.10	65.17	21.69	0.00
0	4	0.00	0.12	0.69	0.79	0.00
1	1	0.00	0.00	0.10	0.30	0.00
1	5	0.00	0.00	0.19	0.99	0.00
2	2	0.00	0.00	0.66	0.69	0.00
2	6	0.00	0.00	0.81	1.18	0.00
3	3	0.00	0.00	0.92	0.50	0.00
3	7	0.00	0.03	1.11	0.57	0.00
Core	CPU	C1%	C3%	C6%	C8%	C9%
-	-	0.01	0.04	8.68	3.43	0.00
0	0	0.11	0.29	64.99	21.70	0.00
0	4	0.00	0.00	0.85	0.50	0.00
1	1	0.00	0.00	0.34	0.89	0.00
1	5	0.00	0.00	0.32	1.09	0.00
2	2	0.00	0.00	0.10	0.40	0.00
2	6	0.00	0.00	1.16	1.19	0.00
3	3	0.00	0.00	0.67	1.08	0.00
3	7	0.00	0.02	1.05	0.61	0.00
Core	CPU	C1%	C3%	C6%	C8%	C9%
-	-	0.01	0.07	8.20	3.35	0.00
0	0	0.09	0.38	62.82	20.78	0.00
0	4	0.00	0.03	0.83	0.00	0.00
1	1	0.00	0.00	0.15	0.99	0.00
1	5	0.00	0.01	0.41	0.80	0.00
2	2	0.00	0.01	0.39	0.80	0.00
2	6	0.00	0.17	0.10	0.99	0.00
3	3	0.00	0.00	0.28	0.89	0.00
3	7	0.00	0.00	0.65	1.59	0.00
Core	CPU	C1%	C3%	C6%	C8%	C9%
-	-	0.01	0.04	8.56	3.39	0.00
0	0	0.11	0.27	65.37	21.30	0.00
0	4	0.00	0.00	0.59	0.60	0.00
1	1	0.00	0.00	0.29	0.99	0.00
1	5	0.00	0.00	1.07	0.59	0.00
2	2	0.00	0.00	0.25	1.08	0.00
2	6	0.00	0.00	0.24	0.99	0.00
3	3	0.00	0.02	0.20	0.69	0.00
3	7	0.00	0.00	0.50	0.90	0.00
Core	CPU	C1%	C3%	C6%	C8%	C9%
-	-	0.01	0.07	8.61	3.70	0.11
0	0	0.10	0.50	64.14	21.50	0.85
0	4	0.00	0.03	0.59	0.59	0.00
1	1	0.00	0.00	0.49	1.88	0.00
1	5	0.00	0.00	0.29	1.09	0.00
2	2	0.00	0.00	0.87	1.38	0.00
2	6	0.00	0.00	0.36	1.38	0.00
3	3	0.00	0.00	1.03	0.79	0.00
3	7	0.00	0.02	1.11	0.99	0.00
Core	CPU	C1%	C3%	C6%	C8%	C9%
-	-	0.02	0.04	8.45	3.46	0.00
0	0	0.15	0.34	64.69	21.61	0.00
0	4	0.00	0.00	0.65	0.21	0.00
1	1	0.00	0.00	0.51	0.99	0.00
1	5	0.00	0.00	0.23	1.09	0.00
2	2	0.00	0.00	0.50	0.10	0.00
2	6	0.00	0.00	0.28	0.98	0.00
3	3	0.00	0.00	0.27	0.99	0.00
3	7	0.00	0.01	0.50	1.68	0.00
Core	CPU	C1%	C3%	C6%	C8%	C9%
-	-	0.01	0.09	8.26	3.24	0.00
0	0	0.09	0.66	61.11	20.62	0.00
0	4	0.00	0.00	1.18	0.10	0.00
1	1	0.00	0.00	0.36	0.89	0.00
1	5	0.00	0.00	0.25	1.19	0.00
2	2	0.00	0.02	1.02	0.57	0.00
2	6	0.00	0.01	1.09	0.49	0.00
3	3	0.00	0.00	0.30	1.28	0.00
3	7	0.00	0.04	0.76	0.79	0.00
Core	CPU	C1%	C3%	C6%	C8%	C9%
-	-	0.01	0.05	8.23	3.44	0.00
0	0	0.09	0.41	62.91	20.67	0.00
0	4	0.00	0.00	0.50	0.00	0.00
1	1	0.00	0.00	0.19	1.08	0.00
1	5	0.00	0.00	0.37	1.20	0.00
2	2	0.00	0.00	0.26	0.98	0.00
2	6	0.00	0.00	0.33	1.09	0.00
3	3	0.00	0.02	0.30	1.10	0.00
3	7	0.00	0.01	1.00	1.38	0.00
Core	CPU	C1%	C3%	C6%	C8%	C9%
-	-	0.01	0.06	8.56	3.21	0.00
0	0	0.10	0.43	65.10	21.29	0.00
0	4	0.00	0.00	0.83	0.00	0.00
1	1	0.00	0.02	0.20	0.91	0.00
1	5	0.00	0.00	0.25	0.30	0.00
2	2	0.00	0.01	1.09	0.38	0.00
2	6	0.00	0.00	0.37	0.79	0.00
3	3	0.00	0.05	0.10	0.99	0.00
3	7	0.00	0.00	0.54	0.99	0.00
Core	CPU	C1%	C3%	C6%	C8%	C9%
-	-	0.01	0.04	8.43	3.35	0.00
0	0	0.10	0.32	64.44	21.25	0.00
0	4	0.00	0.00	0.86	0.21	0.00
1	1	0.00	0.00	0.25	0.89	0.00
1	5	0.00	0.00	0.14	0.99	0.00
2	2	0.00	0.03	0.61	0.59	0.00
2	6	0.00	0.00	0.18	1.19	0.00
3	3	0.00	0.00	0.28	0.79	0.00
3	7	0.00	0.00	0.71	0.91	0.00
Core	CPU	C1%	C3%	C6%	C8%	C9%
-	-	0.01	0.03	8.52	3.44	0.00
0	0	0.11	0.20	65.06	21.65	0.00
0	4	0.00	0.00	0.78	0.11	0.00
1	1	0.00	0.00	0.28	0.89	0.00
1	5	0.00	0.00	0.36	0.80	0.00
2	2	0.00	0.00	0.74	0.59	0.00
2	6	0.00	0.00	0.23	1.18	0.00
3	3	0.00	0.00	0.19	1.09	0.00
3	7	0.00	0.00	0.49	1.18	0.00
Core	CPU	C1%	C3%	C6%	C8%	C9%
-	-	0.01	0.02	8.51	3.47	0.00
0	0	0.11	0.11	65.17	21.65	0.00
0	4	0.00	0.03	0.98	0.00	0.00
1	1	0.00	0.00	0.10	0.79	0.00
1	5	0.00	0.00	0.29	0.99	0.00
2	2	0.00	0.00	0.36	0.89	0.00
2	6	0.00	0.00	0.33	0.89	0.00
3	3	0.00	0.00	0.42	1.29	0.00
3	7	0.00	0.00	0.41	1.29	0.00
Core	CPU	C1%	C3%	C6%	C8%	C9%
-	-	0.01	0.04	8.54	3.09	0.00
0	0	0.09	0.27	63.53	20.17	0.00
0	4	0.00	0.00	1.04	0.00	0.00
1	1	0.00	0.00	0.72	0.60	0.00
1	5	0.00	0.01	0.50	0.00	0.00
2	2	0.00	0.00	1.46	0.88	0.00
2	6	0.00	0.00	0.28	0.89	0.00
3	3	0.00	0.00	0.36	0.89	0.00
3	7	0.00	0.00	0.45	1.29	0.00
Core	CPU	C1%	C3%	C6%	C8%	C9%
-	-	0.01	0.02	8.71	3.29	0.00
0	0	0.12	0.16	65.09	21.73	0.00
0	4	0.00	0.00	0.88	0.00	0.00
1	1	0.00	0.00	0.46	0.69	0.00
1	5	0.00	0.00	0.55	0.59	0.00
2	2	0.00	0.00	0.82	0.58	0.00
2	6	0.00	0.01	0.90	0.79	0.00
3	3	0.00	0.00	0.40	1.08	0.00
3	7	0.00	0.00	0.58	0.90	0.00
Core	CPU	C1%	C3%	C6%	C8%	C9%
-	-	0.01	0.08	8.66	3.72	0.00
0	0	0.11	0.61	64.36	21.08	0.00
0	4	0.00	0.00	1.05	0.24	0.00
1	1	0.00	0.00	0.38	1.58	0.00
1	5	0.00	0.00	0.56	1.58	0.00
2	2	0.00	0.00	0.84	1.38	0.00
2	6	0.00	0.00	0.59	1.38	0.00
3	3	0.00	0.00	0.59	1.48	0.00
3	7	0.00	0.01	0.90	1.08	0.00
Core	CPU	C1%	C3%	C6%	C8%	C9%
-	-	0.01	0.02	8.46	3.53	0.00
0	0	0.12	0.12	64.84	21.98	0.00
0	4	0.00	0.00	0.32	0.60	0.00
1	1	0.00	0.00	0.10	0.79	0.00
1	5	0.00	0.02	0.35	0.69	0.00
2	2	0.00	0.00	0.37	0.99	0.00
2	6	0.00	0.00	0.35	1.09	0.00
3	3	0.00	0.00	0.52	0.99	0.00
3	7	0.00	0.00	0.81	1.09	0.00
Core	CPU	C1%	C3%	C6%	C8%	C9%
-	-	0.01	0.03	8.61	3.55	0.00
0	0	0.10	0.24	64.60	21.93	0.00
0	4	0.00	0.00	0.64	0.82	0.00
1	1	0.00	0.00	0.92	0.59	0.00
1	5	0.00	0.01	0.87	0.89	0.00
2	2	0.00	0.00	0.49	1.10	0.00
2	6	0.00	0.00	0.28	0.89	0.00
3	3	0.00	0.00	0.36	0.98	0.00
3	7	0.00	0.03	0.68	1.18	0.00
Core	CPU	C1%	C3%	C6%	C8%	C9%
-	-	0.01	0.04	8.24	3.20	0.00
0	0	0.11	0.33	62.79	20.77	0.00
0	4	0.00	0.00	0.85	0.00	0.00
1	1	0.00	0.00	0.25	1.08	0.00
1	5	0.00	0.00	0.23	0.89	0.00
2	2	0.00	0.00	0.29	0.90	0.00
2	6	0.00	0.00	0.18	0.99	0.00
3	3	0.00	0.00	0.28	0.89	0.00
3	7	0.00	0.02	1.05	0.10	0.00
Core	CPU	C1%	C3%	C6%	C8%	C9%
-	-	0.02	0.04	8.87	3.35	0.00
0	0	0.12	0.29	64.76	21.85	0.00
0	4	0.00	0.00	0.88	0.00	0.00
1	1	0.00	0.00	0.60	0.70	0.00
1	5	0.00	0.00	0.25	0.99	0.00
2	2	0.00	0.00	1.42	0.59	0.00
2	6	0.00	0.02	1.48	0.69	0.00
3	3	0.00	0.00	0.79	1.09	0.00
3	7	0.00	0.02	0.79	0.88	0.00
Core	CPU	C1%	C3%	C6%	C8%	C9%
-	-	0.01	0.11	8.61	3.69	0.54
0	0	0.08	0.73	64.08	21.33	0.00
0	4	0.00	0.02	1.28	1.08	4.31
1	1	0.00	0.00	0.50	1.28	0.00
1	5	0.00	0.00	0.38	1.48	0.00
2	2	0.00	0.00	0.89	0.40	0.00
2	6	0.00	0.00	0.82	0.79	0.00
3	3	0.00	0.13	0.40	1.37	0.00
3	7	0.00	0.01	0.52	1.75	0.00
Core	CPU	C1%	C3%	C6%	C8%	C9%
-	-	0.01	0.07	8.71	3.48	0.04
0	0	0.10	0.47	64.95	21.43	0.00
0	4	0.00	0.02	0.72	0.58	0.31
1	1	0.00	0.01	0.50	0.99	0.00
1	5	0.00	0.00	0.86	1.18	0.00
2	2	0.00	0.00	0.94	0.89	0.00
2	6	0.00	0.00	0.38	0.97	0.00
3	3	0.00	0.00	0.35	1.08	0.00
3	7	0.00	0.03	1.01	0.70	0.00
Core	CPU	C1%	C3%	C6%	C8%	C9%
-	-	0.01	0.05	8.78	3.72	0.14
0	0	0.11	0.38	64.97	21.55	0.00
0	4	0.00	0.00	1.30	0.91	1.09
1	1	0.00	0.00	0.35	0.89	0.00
1	5	0.00	0.00	0.73	1.39	0.00
2	2	0.00	0.01	0.69	0.79	0.00
2	6	0.00	0.00	1.34	2.18	0.00
3	3	0.00	0.00	0.28	0.89	0.00
3	7	0.00	0.00	0.57	1.20	0.00
Core	CPU	C1%	C3%	C6%	C8%	C9%
-	-	0.02	0.06	8.47	3.48	0.00
0	0	0.09	0.45	62.43	21.11	0.00
0	4	0.00	0.00	0.96	0.61	0.00
1	1	0.00	0.00	0.56	0.70	0.00
1	5	0.00	0.02	0.38	1.19	0.00
2	2	0.00	0.00	1.12	0.59	0.00
2	6	0.10	0.02	0.90	0.59	0.00
3	3	0.00	0.00	0.20	1.58	0.00
3	7	0.00	0.00	1.18	1.49	0.00
Core	CPU	C1%	C3%	C6%	C8%	C9%
-	-	0.01	0.05	8.81	3.75	0.00
0	0	0.10	0.34	65.16	21.42	0.00
0	4	0.00	0.01	1.00	0.19	0.00
1	1	0.00	0.00	0.39	1.48	0.00
1	5	0.00	0.00	0.51	1.38	0.00
2	2	0.00	0.00	1.04	0.69	0.00
2	6	0.00	0.00	0.34	1.18	0.00
3	3	0.00	0.02	0.89	1.39	0.00
3	7	0.00	0.00	1.11	2.27	0.00
Core	CPU	C1%	C3%	C6%	C8%	C9%
-	-	0.01	0.08	8.49	3.54	1.45
0	0	0.10	0.62	64.22	21.27	0.92
0	4	0.00	0.00	0.83	0.78	9.86
1	1	0.00	0.01	0.69	0.21	0.00
1	5	0.00	0.02	0.10	0.99	0.00
2	2	0.00	0.00	0.87	1.38	0.00
2	6	0.00	0.00	0.37	1.18	0.00
3	3	0.00	0.00	0.37	1.19	0.80
3	7	0.00	0.00	0.44	1.28	0.00
Core	CPU	C1%	C3%	C6%	C8%	C9%
-	-	0.01	0.04	8.52	3.49	0.00
0	0	0.11	0.25	65.36	21.33	0.00
0	4	0.00	0.00	0.74	0.49	0.00
1	1	0.00	0.00	0.23	0.99	0.00
1	5	0.00	0.02	0.19	1.12	0.00
2	2	0.00	0.00	0.10	0.60	0.00
2	6	0.00	0.00	0.19	0.89	0.00
3	3	0.00	0.00	0.76	0.79	0.00
3	7	0.00	0.02	0.54	1.69	0.00
Core	CPU	C1%	C3%	C6%	C8%	C9%
-	-	0.01	0.01	8.56	3.82	0.00
0	0	0.12	0.07	64.80	22.05	0.00
0	4	0.00	0.00	1.12	0.39	0.00
1	1	0.00	0.00	0.36	1.09	0.00
1	5	0.00	0.00	0.35	0.79	0.00
2	2	0.00	0.00	0.35	0.99	0.00
2	6	0.00	0.00	0.21	1.46	0.00
3	3	0.00	0.00	0.30	1.08	0.00
3	7	0.00	0.00	0.96	2.72	0.00
Core	CPU	C1%	C3%	C6%	C8%	C9%
-	-	0.01	0.05	8.30	3.16	0.00
0	0	0.10	0.29	62.78	20.89	0.00
0	4	0.00	0.00	0.39	0.10	0.00
1	1	0.00	0.00	0.18	1.00	0.00
1	5	0.00	0.07	1.07	0.41	0.00
2	2	0.00	0.00	0.44	0.50	0.00
2	6	0.00	0.00	0.63	0.75	0.00
3	3	0.00	0.01	0.58	0.80	0.00
3	7	0.00	0.00	0.32	0.80	0.00
Core	CPU	C1%	C3%	C6%	C8%	C9%
-	-	0.04	0.14	8.66	3.42	0.67
0	0	0.24	0.97	62.03	19.29	0.00
0	4	0.00	0.00	1.36	0.20	5.38
1	1	0.00	0.02	0.45	0.50	0.00
1	5	0.00	0.09	1.60	1.75	0.00
2	2	0.00	0.00	1.14	1.18	0.00
2	6	0.06	0.02	0.52	1.38	0.00
3	3	0.00	0.00	1.00	1.09	0.00
3	7	0.00	0.00	1.18	1.97	0.00
Core	CPU	C1%	C3%	C6%	C8%	C9%
-	-	0.01	0.08	8.52	3.10	0.00
0	0	0.10	0.38	64.57	21.12	0.00
0	4	0.00	0.00	0.56	0.00	0.00
1	1	0.00	0.00	0.14	0.40	0.00
1	5	0.00	0.16	0.88	0.33	0.00
2	2	0.00	0.00	0.20	0.69	0.00
2	6	0.00	0.00	0.67	0.59	0.00
3	3	0.00	0.09	0.27	0.89	0.00
3	7	0.00	0.00	0.84	0.79	0.00
Core	CPU	C1%	C3%	C6%	C8%	C9%
-	-	0.01	0.04	8.73	3.36	0.00
0	0	0.11	0.24	64.94	21.75	0.00
0	4	0.00	0.00	0.88	0.00	0.00
1	1	0.00	0.00	0.26	0.99	0.00
1	5	0.00	0.09	1.22	0.69	0.00
2	2	0.00	0.00	0.81	0.49	0.00
2	6	0.00	0.01	0.70	0.90	0.00
3	3	0.00	0.00	0.58	0.89	0.00
3	7	0.00	0.00	0.46	1.18	0.00
Core	CPU	C1%	C3%	C6%	C8%	C9%
-	-	0.01	0.06	8.57	3.37	0.00
0	0	0.12	0.37	64.96	21.60	0.00
0	4	0.00	0.00	0.50	0.00	0.00
1	1	0.00	0.00	0.19	0.99	0.00
1	5	0.00	0.10	0.86	0.59	0.00
2	2	0.00	0.00	0.26	0.89	0.00
2	6	0.00	0.00	0.92	0.89	0.00
3	3	0.00	0.02	0.48	0.99	0.00
3	7	0.00	0.00	0.42	0.99	0.00
Core	CPU	C1%	C3%	C6%	C8%	C9%
-	-	0.10	0.09	8.44	3.13	0.00
0	0	0.09	0.70	62.91	20.11	0.00
0	4	0.00	0.00	0.92	0.00	0.00
1	1	0.00	0.02	0.29	0.59	0.00
1	5	0.00	0.00	0.99	0.59	0.00
2	2	0.00	0.01	0.79	0.98	0.00
2	6	0.00	0.02	0.56	1.08	0.00
3	3	0.00	0.00	0.25	0.89	0.00
3	7	0.71	0.00	0.83	0.79	0.00
Core	CPU	C1%	C3%	C6%	C8%	C9%
-	-	0.01	0.03	8.54	3.41	0.00
0	0	0.11	0.21	65.29	21.43	0.00
0	4	0.00	0.00	0.56	0.00	0.00
1	1	0.00	0.00	0.15	0.59	0.00
1	5	0.00	0.03	0.80	0.81	0.00
2	2	0.00	0.00	0.30	0.60	0.00
2	6	0.00	0.00	0.20	1.38	0.00
3	3	0.00	0.00	0.66	1.28	0.00
3	7	0.00	0.00	0.35	1.18	0.00
Core	CPU	C1%	C3%	C6%	C8%	C9%
-	-	0.01	0.07	8.50	3.41	0.11
0	0	0.11	0.41	64.40	21.33	0.00
0	4	0.00	0.00	0.88	0.00	0.00
1	1	0.00	0.00	0.27	0.89	0.00
1	5	0.00	0.12	1.05	0.69	0.00
2	2	0.00	0.00	0.23	1.18	0.00
2	6	0.00	0.04	0.40	1.19	0.90
3	3	0.00	0.00	0.38	1.09	0.00
3	7	0.00	0.00	0.38	0.89	0.00
Core	CPU	C1%	C3%	C6%	C8%	C9%
-	-	0.11	0.03	8.57	3.54	0.00
0	0	0.11	0.19	64.77	21.90	0.00
0	4	0.00	0.00	0.59	0.09	0.00
1	1	0.00	0.00	0.20	0.50	0.00
1	5	0.00	0.05	1.14	0.89	0.00
2	2	0.00	0.00	0.36	1.28	0.00
2	6	0.00	0.00	0.74	0.79	0.00
3	3	0.00	0.00	0.42	1.38	0.00
3	7	0.74	0.01	0.30	1.48	0.00
Core	CPU	C1%	C3%	C6%	C8%	C9%
-	-	0.01	0.10	8.93	3.54	0.16
0	0	0.09	0.66	65.48	21.10	0.00
0	4	0.00	0.04	1.43	0.09	1.29
1	1	0.00	0.01	0.29	0.71	0.00
1	5	0.00	0.02	1.04	1.19	0.00
2	2	0.00	0.00	1.11	1.79	0.00
2	6	0.00	0.00	0.98	1.49	0.00
3	3	0.00	0.00	0.35	1.28	0.00
3	7	0.00	0.03	0.79	0.70	0.00
Core	CPU	C1%	C3%	C6%	C8%	C9%
-	-	0.01	0.06	8.10	3.24	0.12
0	0	0.09	0.47	62.32	21.11	0.00
0	4	0.00	0.00	0.61	0.00	0.81
1	1	0.00	0.00	0.05	0.49	0.00
1	5	0.00	0.02	0.46	0.90	0.00
2	2	0.00	0.00	0.25	0.60	0.00
2	6	0.00	0.00	0.57	1.03	0.11
3	3	0.00	0.00	0.27	0.89	0.00
3	7	0.00	0.00	0.25	0.89	0.00
Core	CPU	C1%	C3%	C6%	C8%	C9%
-	-	0.01	0.07	8.71	3.37	0.24
0	0	0.10	0.54	65.31	20.96	0.00
0	4	0.00	0.03	1.54	0.10	1.92
1	1	0.00	0.00	0.26	0.99	0.00
1	5	0.00	0.00	1.14	0.97	0.00
2	2	0.00	0.02	0.30	1.09	0.00
2	6	0.00	0.00	0.20	1.18	0.00
3	3	0.00	0.00	0.58	0.89	0.00
3	7	0.00	0.00	0.37	0.79	0.00
Core	CPU	C1%	C3%	C6%	C8%	C9%
-	-	0.01	0.04	8.40	3.54	0.00
0	0	0.11	0.12	64.30	21.53	0.00
0	4	0.00	0.05	0.88	0.98	0.00
1	1	0.00	0.00	0.19	1.08	0.00
1	5	0.00	0.00	0.68	0.59	0.00
2	2	0.00	0.00	0.16	0.99	0.00
2	6	0.00	0.00	0.22	1.28	0.00
3	3	0.00	0.12	0.20	0.89	0.00
3	7	0.00	0.00	0.57	0.99	0.00
Core	CPU	C1%	C3%	C6%	C8%	C9%
-	-	0.01	0.06	8.72	3.55	0.09
0	0	0.10	0.35	65.34	21.03	0.00
0	4	0.00	0.03	1.01	2.26	0.69
1	1	0.00	0.00	0.11	0.30	0.00
1	5	0.00	0.05	0.41	1.20	0.00
2	2	0.00	0.01	0.78	1.09	0.00
2	6	0.00	0.00	0.35	0.99	0.00
3	3	0.00	0.00	0.92	0.79	0.00
3	7	0.00	0.01	0.80	0.79	0.00
Core	CPU	C1%	C3%	C6%	C8%	C9%
-	-	0.01	0.03	8.69	3.60	0.06
0	0	0.12	0.21	65.42	21.33	0.00
0	4	0.00	0.00	1.21	1.78	0.48
1	1	0.00	0.00	0.54	0.89	0.00
1	5	0.00	0.04	0.71	1.09	0.00
2	2	0.00	0.00	0.50	0.20	0.00
2	6	0.00	0.00	0.28	0.99	0.00
3	3	0.00	0.00	0.64	1.67	0.00
3	7	0.00	0.00	0.24	0.89	0.00
Core	CPU	C1%	C3%	C6%	C8%	C9%
-	-	0.01	0.09	8.28	3.41	0.06
0	0	0.10	0.67	63.08	20.20	0.00
0	4	0.00	0.00	1.18	1.28	0.47
1	1	0.00	0.00	0.26	1.19	0.00
1	5	0.00	0.01	0.55	1.09	0.00
2	2	0.00	0.02	0.29	0.90	0.00
2	6	0.00	0.00	0.20	1.09	0.00
3	3	0.00	0.00	0.29	0.84	0.00
3	7	0.00	0.00	0.37	0.69	0.00
Core	CPU	C1%	C3%	C6%	C8%	C9%
-	-	0.01	0.04	8.45	3.57	0.15
0	0	0.12	0.25	64.74	21.94	0.00
0	4	0.00	0.00	0.59	0.20	1.19
1	1	0.00	0.00	0.79	1.18	0.00
1	5	0.00	0.03	0.58	1.28	0.00
2	2	0.00	0.00	0.16	1.18	0.00
2	6	0.00	0.00	0.14	1.09	0.00
3	3	0.00	0.02	0.29	0.94	0.00
3	7	0.00	0.00	0.29	0.78	0.00
Core	CPU	C1%	C3%	C6%	C8%	C9%
-	-	0.10	0.07	8.64	3.40	0.34
0	0	0.09	0.44	64.64	20.96	0.91
0	4	0.00	0.03	0.73	0.87	0.89
1	1	0.00	0.00	0.20	0.50	0.00
1	5	0.00	0.06	0.58	1.25	0.90
2	2	0.00	0.00	0.79	1.09	0.00
2	6	0.00	0.00	0.36	0.79	0.00
3	3	0.00	0.00	0.92	1.00	0.00
3	7	0.71	0.01	0.90	0.79	0.00
Core	CPU	C1%	C3%	C6%	C8%	C9%
-	-	0.01	0.06	8.77	3.49	0.10
0	0	0.09	0.46	65.41	20.87	0.00
0	4	0.00	0.00	0.79	1.87	0.81
1	1	0.00	0.00	0.82	0.49	0.00
1	5	0.00	0.01	1.32	0.88	0.00
2	2	0.00	0.00	0.59	0.89	0.00
2	6	0.00	0.00	0.66	1.18	0.00
3	3	0.00	0.00	0.36	0.88	0.00
3	7	0.00	0.00	0.23	0.89	0.00
Core	CPU	C1%	C3%	C6%	C8%	C9%
-	-	0.01	0.02	8.51	3.55	0.12
0	0	0.09	0.17	65.20	21.55	0.00
0	4	0.00	0.00	1.01	1.02	0.94
1	1	0.00	0.00	0.36	0.89	0.00
1	5	0.00	0.00	0.40	1.61	0.00
2	2	0.00	0.02	0.29	0.90	0.00
2	6	0.00	0.00	0.10	0.99	0.00
3	3	0.00	0.00	0.29	0.85	0.00
3	7	0.00	0.00	0.47	0.59	0.00
Core	CPU	C1%	C3%	C6%	C8%	C9%
-	-	0.01	0.08	8.37	3.57	0.00
0	0	0.09	0.63	63.07	20.30	0.00
0	4	0.00	0.00	0.68	0.97	0.00
1	1	0.00	0.00	0.28	0.99	0.00
1	5	0.00	0.01	0.75	1.78	0.00
2	2	0.00	0.00	0.25	1.18	0.00
2	6	0.00	0.00	1.11	1.48	0.00
3	3	0.00	0.01	0.39	0.85	0.00
3	7	0.00	0.00	0.42	0.99	0.00
Core	CPU	C1%	C3%	C6%	C8%	C9%
-	-	0.01	0.05	8.44	3.87	0.00
0	0	0.11	0.36	65.09	21.46	0.00
0	4	0.00	0.02	0.65	2.05	0.03
1	1	0.00	0.00	0.19	1.09	0.00
1	5	0.00	0.00	0.40	1.20	0.00
2	2	0.00	0.00	0.45	1.49	0.00
2	6	0.00	0.00	0.31	1.39	0.00
3	3	0.00	0.00	0.32	1.29	0.00
3	7	0.00	0.00	0.10	0.99	0.00
Core	CPU	C1%	C3%	C6%	C8%	C9%
-	-	0.01	0.02	8.33	3.51	0.11
0	0	0.10	0.13	64.38	21.64	0.00
0	4	0.00	0.00	0.85	0.38	0.00
1	1	0.00	0.00	0.14	0.79	0.00
1	5	0.00	0.05	0.51	1.19	0.90
2	2	0.00	0.00	0.10	0.99	0.00
2	6	0.00	0.00	0.28	1.09	0.00
3	3	0.00	0.00	0.26	0.97	0.00
3	7	0.00	0.00	0.14	0.99	0.00
Core	CPU	C1%	C3%	C6%	C8%	C9%
-	-	0.01	0.04	8.62	3.48	0.27
0	0	0.10	0.30	64.29	21.15	0.00
0	4	0.00	0.00	1.03	0.93	2.17
1	1	0.00	0.00	0.33	1.29	0.00
1	5	0.00	0.03	0.85	1.49	0.00
2	2	0.00	0.00	0.92	0.50	0.00
2	6	0.00	0.01	0.90	0.79	0.00
3	3	0.00	0.00	0.29	0.84	0.00
3	7	0.00	0.00	0.37	0.89	0.00
Core	CPU	C1%	C3%	C6%	C8%	C9%
-	-	0.01	0.13	8.34	3.69	0.10
0	0	0.09	1.02	62.16	19.94	0.00
0	4	0.00	0.00	1.00	1.39	0.84
1	1	0.00	0.00	0.75	1.88	0.00
1	5	0.00	0.05	1.02	2.08	0.00
2	2	0.00	0.00	0.26	1.09	0.00
2	6	0.00	0.00	0.92	0.99	0.00
3	3	0.00	0.00	0.41	1.23	0.00
3	7	0.00	0.00	0.20	0.89	0.00
Core	CPU	C1%	C3%	C6%	C8%	C9%
-	-	0.01	0.06	8.28	3.47	0.40
0	0	0.10	0.39	62.84	20.72	3.17
0	4	0.00	0.02	0.83	1.66	0.00
1	1	0.00	0.02	0.19	0.40	0.00
1	5	0.00	0.03	0.59	0.70	0.00
2	2	0.00	0.00	0.74	1.29	0.00
2	6	0.00	0.00	0.37	0.89	0.00
3	3	0.00	0.00	0.25	1.29	0.00
3	7	0.00	0.00	0.43	0.79	0.00
Core	CPU	C1%	C3%	C6%	C8%	C9%
-	-	0.01	0.03	8.51	3.44	0.04
0	0	0.11	0.22	65.04	21.60	0.00
0	4	0.00	0.00	0.80	0.96	0.32
1	1	0.00	0.00	0.23	0.89	0.00
1	5	0.00	0.05	0.41	0.59	0.00
2	2	0.00	0.00	0.19	0.70	0.00
2	6	0.00	0.00	0.49	0.89	0.00
3	3	0.00	0.00	0.27	0.97	0.00
3	7	0.00	0.00	0.63	0.89	0.00
Core	CPU	C1%	C3%	C6%	C8%	C9%
-	-	0.01	0.08	8.65	3.29	0.27
0	0	0.09	0.57	64.82	20.64	0.00
0	4	0.00	0.00	1.01	0.96	0.47
1	1	0.00	0.00	0.26	0.89	0.00
1	5	0.00	0.03	0.68	1.09	1.69
2	2	0.00	0.00	0.92	0.29	0.00
2	6	0.00	0.01	0.80	0.40	0.00
3	3	0.00	0.00	0.30	1.33	0.00
3	7	0.00	0.00	0.38	0.69	0.00
Core	CPU	C1%	C3%	C6%	C8%	C9%
-	-	0.01	0.07	8.65	3.47	0.00
0	0	0.11	0.50	65.17	21.21	0.00
0	4	0.00	0.01	0.67	0.83	0.00
1	1	0.00	0.00	0.19	1.19	0.00
1	5	0.00	0.03	1.05	0.70	0.00
2	2	0.00	0.00	0.58	1.09	0.00
2	6	0.00	0.00	0.92	1.19	0.00
3	3	0.00	0.02	0.32	0.80	0.00
3	7	0.00	0.00	0.29	0.79	0.00
Core	CPU	C1%	C3%	C6%	C8%	C9%
-	-	0.10	0.06	8.47	3.51	0.01
0	0	0.11	0.40	64.36	21.89	0.00
0	4	0.00	0.05	0.71	1.51	0.11
1	1	0.00	0.02	0.30	0.20	0.00
1	5	0.00	0.00	0.89	0.30	0.00
2	2	0.72	0.00	0.58	1.09	0.00
2	6	0.00	0.00	0.37	0.98	0.00
3	3	0.00	0.00	0.25	1.29	0.00
3	7	0.00	0.00	0.33	0.79	0.00
Core	CPU	C1%	C3%	C6%	C8%	C9%
-	-	0.01	0.08	8.23	3.30	0.05
0	0	0.09	0.50	63.07	20.36	0.00
0	4	0.00	0.10	1.07	0.88	0.42
1	1	0.00	0.00	0.24	0.89	0.00
1	5	0.00	0.03	0.29	0.60	0.00
2	2	0.00	0.00	0.19	0.90	0.00
2	6	0.00	0.00	0.48	0.79	0.00
3	3	0.00	0.00	0.27	0.97	0.00
3	7	0.00	0.00	0.25	0.98	0.00
Core	CPU	C1%	C3%	C6%	C8%	C9%
-	-	0.01	0.06	8.65	3.38	0.08
0	0	0.08	0.43	65.01	21.54	0.00
0	4	0.00	0.07	1.55	0.59	0.67
1	1	0.00	0.00	0.35	1.10	0.00
1	5	0.00	0.00	0.24	1.20	0.00
2	2	0.00	0.00	0.82	0.52	0.00
2	6	0.00	0.00	0.60	0.59	0.00
3	3	0.00	0.00	0.29	0.85	0.00
3	7	0.00	0.00	0.37	0.69	0.00
Core	CPU	C1%	C3%	C6%	C8%	C9%
-	-	0.01	0.07	8.87	3.83	0.01
0	0	0.06	0.43	65.73	20.72	0.00
0	4	0.00	0.11	1.14	1.37	0.00
1	1	0.00	0.00	0.28	1.29	0.00
1	5	0.00	0.00	0.67	1.48	0.00
2	2	0.01	0.00	0.26	1.57	0.06
2	6	0.00	0.02	0.92	1.58	0.00
3	3	0.00	0.02	0.39	1.44	0.00
3	7	0.00	0.01	1.58	1.20	0.00
Core	CPU	C1%	C3%	C6%	C8%	C9%
-	-	0.03	0.08	8.61	3.59	0.00
0	0	0.06	0.44	65.18	21.25	0.00
0	4	0.00	0.16	0.95	2.18	0.00
1	1	0.00	0.00	0.10	0.61	0.00
1	5	0.19	0.00	0.27	1.00	0.00
2	2	0.00	0.00	0.92	0.91	0.00
2	6	0.00	0.00	0.74	0.80	0.00
3	3	0.00	0.00	0.23	1.29	0.00
3	7	0.00	0.02	0.49	0.70	0.00
Core	CPU	C1%	C3%	C6%	C8%	C9%
-	-	0.01	0.06	8.53	3.14	0.00
0	0	0.06	0.33	64.54	21.37	0.00
0	4	0.01	0.15	1.14	0.00	0.00
1	1	0.00	0.00	0.15	0.98	0.00
1	5	0.00	0.03	0.63	0.20	0.00
2	2	0.00	0.00	0.40	0.20	0.00
2	6	0.00	0.00	0.88	0.40	0.00
3	3	0.00	0.00	0.28	0.98	0.00
3	7	0.00	0.00	0.23	0.99	0.00
Core	CPU	C1%	C3%	C6%	C8%	C9%
-	-	0.01	0.03	8.49	3.44	0.00
0	0	0.08	0.06	65.05	21.84	0.00
0	4	0.00	0.13	1.16	0.00	0.00
1	1	0.00	0.00	0.25	1.09	0.00
1	5	0.00	0.00	0.24	0.99	0.00
2	2	0.00	0.02	0.39	0.90	0.00
2	6	0.00	0.00	0.20	0.99	0.00
3	3	0.00	0.00	0.29	0.85	0.00
3	7	0.00	0.00	0.37	0.89	0.00
Core	CPU	C1%	C3%	C6%	C8%	C9%
-	-	0.01	0.06	8.46	3.40	0.00
0	0	0.07	0.33	64.86	21.74	0.00
0	4	0.00	0.11	0.76	0.00	0.00
1	1	0.00	0.00	0.52	0.79	0.00
1	5	0.00	0.00	0.36	0.80	0.00
2	2	0.00	0.00	0.24	1.18	0.00
2	6	0.00	0.00	0.31	1.09	0.00
3	3	0.00	0.01	0.33	0.80	0.00
3	7	0.00	0.00	0.28	0.79	0.00
Core	CPU	C1%	C3%	C6%	C8%	C9%
-	-	0.01	0.06	8.39	3.40	0.47
0	0	0.06	0.31	63.02	20.79	1.66
0	4	0.00	0.17	0.94	1.59	0.28
1	1	0.00	0.00	0.19	0.89	0.00
1	5	0.00	0.00	0.10	1.38	0.00
2	2	0.00	0.00	0.27	0.99	1.85
2	6	0.00	0.00	0.55	0.99	0.00
3	3	0.00	0.00	1.02	0.32	0.00
3	7	0.00	0.02	0.99	0.30	0.00
Core	CPU	C1%	C3%	C6%	C8%	C9%
-	-	0.00	0.07	8.64	3.50	0.07
0	0	0.03	0.43	65.86	20.75	0.00
0	4	0.00	0.11	1.34	0.79	0.59
1	1	0.00	0.00	0.32	1.09	0.00
1	5	0.00	0.00	0.10	0.99	0.00
2	2	0.00	0.00	0.39	1.28	0.00
2	6	0.00	0.00	0.37	1.28	0.00
3	3	0.00	0.00	0.55	0.80	0.00
3	7	0.00	0.00	0.23	0.99	0.00
Core	CPU	C1%	C3%	C6%	C8%	C9%
-	-	0.00	0.09	8.52	3.38	0.00
0	0	0.02	0.56	65.03	20.55	0.00
0	4	0.00	0.08	0.93	0.89	0.00
1	1	0.00	0.00	0.23	0.90	0.00
1	5	0.00	0.11	0.20	0.70	0.00
2	2	0.00	0.00	0.48	0.89	0.00
2	6	0.00	0.00	0.19	0.98	0.00
3	3	0.00	0.00	0.73	1.36	0.00
3	7	0.00	0.00	0.35	0.79	0.00
Core	CPU	C1%	C3%	C6%	C8%	C9%
-	-	0.00	0.04	8.95	3.62	0.00
0	0	0.01	0.24	65.11	21.73	0.00
0	4	0.00	0.07	1.67	1.39	0.00
1	1	0.00	0.00	0.45	1.39	0.00
1	5	0.00	0.00	1.32	0.79	0.00
2	2	0.00	0.00	1.01	0.69	0.00
2	6	0.00	0.01	1.08	0.60	0.00
3	3	0.00	0.00	0.39	1.15	0.00
3	7	0.00	0.00	0.55	1.18	0.00
Core	CPU	C1%	C3%	C6%	C8%	C9%
-	-	0.00	0.04	8.64	3.50	0.10
0	0	0.01	0.29	65.74	20.98	0.00
0	4	0.00	0.07	1.04	1.29	0.77
1	1	0.00	0.00	0.48	0.50	0.00
1	5	0.00	0.00	0.37	0.79	0.00
2	2	0.00	0.00	0.75	1.20	0.00
2	6	0.00	0.00	0.23	1.09	0.00
3	3	0.00	0.00	0.19	1.33	0.00
3	7	0.00	0.00	0.30	0.79	0.00
Core	CPU	C1%	C3%	C6%	C8%	C9%
-	-	0.02	0.07	8.47	3.50	0.07
0	0	0.01	0.21	63.27	20.59	0.00
0	4	0.00	0.07	1.55	1.59	0.59
1	1	0.00	0.02	0.39	0.50	0.00
1	5	0.00	0.00	0.10	0.99	0.00
2	2	0.01	0.22	0.38	0.79	0.00
2	6	0.00	0.00	0.45	1.28	0.00
3	3	0.00	0.00	0.93	1.48	0.00
3	7	0.10	0.02	0.70	0.79	0.00
Core	CPU	C1%	C3%	C6%	C8%	C9%
-	-	0.00	0.05	8.78	3.42	0.12
0	0	0.01	0.37	65.53	21.18	0.00
0	4	0.00	0.03	1.33	0.00	0.95
1	1	0.00	0.00	0.35	0.99	0.00
1	5	0.00	0.00	0.73	0.60	0.00
2	2	0.00	0.00	0.30	0.99	0.00
2	6	0.00	0.00	0.64	1.38	0.00
3	3	0.00	0.00	0.67	1.18	0.00
3	7	0.00	0.00	0.68	1.08	0.00
Core	CPU	C1%	C3%	C6%	C8%	C9%
-	-	0.00	0.12	8.74	3.49	0.10
0	0	0.01	0.79	65.21	20.14	0.00
0	4	0.00	0.15	0.92	1.18	0.81
1	1	0.00	0.00	0.28	0.98	0.00
1	5	0.00	0.01	0.37	0.59	0.00
2	2	0.00	0.00	0.35	1.28	0.00
2	6	0.00	0.00	1.31	1.08	0.00
3	3	0.00	0.00	0.96	1.69	0.00
3	7	0.00	0.00	0.57	0.99	0.00
Core	CPU	C1%	C3%	C6%	C8%	C9%
-	-	0.02	0.05	8.59	3.43	0.12
0	0	0.20	0.27	65.07	21.50	0.00
0	4	0.00	0.13	0.98	0.51	0.95
1	1	0.00	0.00	0.10	0.79	0.00
1	5	0.00	0.00	0.88	0.40	0.00
2	2	0.00	0.00	0.46	1.39	0.00
2	6	0.00	0.00	0.25	0.99	0.00
3	3	0.00	0.00	0.42	0.80	0.00
3	7	0.00	0.00	0.59	1.09	0.00
Core	CPU	C1%	C3%	C6%	C8%	C9%
-	-	0.01	0.16	8.16	2.94	0.00
0	0	0.07	1.15	62.76	18.33	0.00
0	4	0.00	0.12	0.92	0.19	0.01
1	1	0.00	0.00	0.48	0.50	0.00
1	5	0.00	0.00	0.10	0.99	0.00
2	2	0.00	0.00	0.19	1.08	0.00
2	6	0.00	0.00	0.36	0.89	0.00
3	3	0.00	0.00	0.36	0.79	0.00
3	7	0.00	0.00	0.13	0.78	0.00
Core	CPU	C1%	C3%	C6%	C8%	C9%
-	-	0.01	0.07	8.20	3.09	0.53
0	0	0.02	0.47	63.14	20.38	0.00
0	4	0.09	0.08	0.99	0.98	4.21
1	1	0.00	0.00	0.44	0.00	0.00
1	5	0.00	0.00	0.13	0.29	0.00
2	2	0.00	0.00	0.10	0.30	0.00
2	6	0.00	0.00	0.10	1.09	0.00
3	3	0.00	0.00	0.28	0.98	0.00
3	7	0.00	0.00	0.46	0.69	0.00
Core	CPU	C1%	C3%	C6%	C8%	C9%
-	-	0.00	0.05	8.55	3.65	0.07
0	0	0.03	0.28	65.01	21.75	0.00
0	4	0.00	0.13	1.26	1.78	0.55
1	1	0.00	0.00	0.28	0.99	0.00
1	5	0.00	0.00	0.72	0.30	0.00
2	2	0.00	0.00	0.24	1.19	0.00
2	6	0.00	0.00	0.31	1.28	0.00
3	3	0.00	0.00	0.20	1.09	0.00
3	7	0.00	0.00	0.38	0.79	0.00
Core	CPU	C1%	C3%	C6%	C8%	C9%
-	-	0.01	0.07	8.48	3.75	0.23
0	0	0.04	0.43	64.39	21.26	0.00
0	4	0.07	0.13	1.44	1.69	1.86
1	1	0.00	0.00	0.19	1.58	0.00
1	5	0.00	0.02	0.36	1.49	0.00
2	2	0.00	0.00	0.53	1.49	0.00
2	6	0.00	0.00	0.33	0.80	0.00
3	3	0.00	0.00	0.32	0.91	0.00
3	7	0.00	0.00	0.31	0.80	0.00
Core	CPU	C1%	C3%	C6%	C8%	C9%
-	-	0.00	0.07	8.83	3.55	0.00
0	0	0.03	0.43	65.48	21.07	0.00
0	4	0.00	0.10	1.74	0.29	0.00
1	1	0.00	0.00	0.22	1.39	0.00
1	5	0.00	0.00	0.19	0.50	0.00
2	2	0.00	0.00	0.29	1.48	0.00
2	6	0.00	0.00	1.39	1.38	0.00
3	3	0.00	0.00	0.64	1.18	0.00
3	7	0.00	0.00	0.71	1.08	0.00
Core	CPU	C1%	C3%	C6%	C8%	C9%
-	-	0.01	0.03	8.49	3.32	0.00
0	0	0.04	0.11	65.31	21.63	0.00
0	4	0.00	0.12	0.93	0.00	0.00
1	1	0.00	0.00	0.24	0.69	0.00
1	5	0.00	0.00	0.14	0.78	0.00
2	2	0.00	0.01	0.69	0.11	0.00
2	6	0.00	0.00	0.20	1.09	0.00
3	3	0.00	0.00	0.28	1.19	0.00
3	7	0.00	0.00	0.17	1.09	0.00
Core	CPU	C1%	C3%	C6%	C8%	C9%
-	-	0.01	0.06	8.27	3.39	0.55
0	0	0.05	0.38	63.21	20.40	0.00
0	4	0.00	0.12	0.93	1.09	0.93
1	1	0.00	0.00	0.18	0.89	0.00
1	5	0.00	0.00	0.37	1.09	0.00
2	2	0.00	0.00	0.30	1.08	3.44
2	6	0.00	0.00	0.22	1.09	0.00
3	3	0.00	0.00	0.59	0.90	0.00
3	7	0.00	0.00	0.38	0.60	0.00
Core	CPU	C1%	C3%	C6%	C8%	C9%
-	-	0.10	0.08	8.51	3.45	0.00
0	0	0.06	0.39	65.13	21.47	0.00
0	4	0.00	0.14	0.96	0.49	0.00
1	1	0.00	0.00	0.19	0.50	0.00
1	5	0.00	0.00	0.46	1.17	0.00
2	2	0.00	0.00	0.76	1.00	0.00
2	6	0.00	0.00	0.25	1.09	0.00
3	3	0.00	0.11	0.23	0.79	0.00
3	7	0.71	0.00	0.10	1.09	0.00
Core	CPU	C1%	C3%	C6%	C8%	C9%
-	-	0.01	0.07	8.70	3.86	0.21
0	0	0.06	0.45	64.88	20.78	0.00
0	4	0.00	0.10	1.53	1.39	0.82
1	1	0.00	0.00	0.24	0.99	0.00
1	5	0.00	0.02	0.37	1.58	0.00
2	2	0.00	0.00	0.19	1.29	0.00
2	6	0.00	0.00	1.22	2.07	0.00
3	3	0.00	0.00	0.57	1.28	0.00
3	7	0.00	0.01	0.64	1.48	0.90
Core	CPU	C1%	C3%	C6%	C8%	C9%
-	-	0.01	0.07	8.61	3.63	0.05
0	0	0.05	0.36	65.34	21.24	0.00
0	4	0.00	0.17	0.93	1.88	0.40
1	1	0.00	0.00	0.25	0.89	0.00
1	5	0.00	0.00	0.43	1.48	0.00
2	2	0.00	0.01	0.39	0.99	0.00
2	6	0.00	0.00	0.20	0.89	0.00
3	3	0.00	0.00	0.28	0.89	0.00
3	7	0.00	0.00	1.05	0.79	0.00
Core	CPU	C1%	C3%	C6%	C8%	C9%
-	-	0.01	0.07	8.56	3.51	0.20
0	0	0.05	0.44	65.23	21.36	0.00
0	4	0.00	0.12	0.95	1.08	1.61
1	1	0.00	0.00	0.98	1.39	0.00
1	5	0.00	0.00	0.37	0.70	0.00
2	2	0.00	0.00	0.15	1.09	0.00
2	6	0.00	0.00	0.32	1.08	0.00
3	3	0.00	0.00	0.10	0.79	0.00
3	7	0.00	0.00	0.38	0.59	0.00
Core	CPU	C1%	C3%	C6%	C8%	C9%
-	-	0.01	0.06	8.58	3.81	0.48
0	0	0.04	0.39	63.12	20.44	0.00
0	4	0.00	0.10	2.03	2.08	0.42
1	1	0.00	0.00	0.13	0.80	0.00
1	5	0.00	0.00	0.37	1.50	0.00
2	2	0.00	0.00	0.91	1.00	3.45
2	6	0.00	0.00	1.68	2.38	0.00
3	3	0.00	0.00	0.22	1.10	0.00
3	7	0.00	0.00	0.19	1.19	0.00
Core	CPU	C1%	C3%	C6%	C8%	C9%
-	-	0.01	0.08	8.63	3.34	0.10
0	0	0.06	0.52	65.10	21.18	0.00
0	4	0.05	0.13	1.14	1.38	0.81
1	1	0.00	0.00	0.66	0.00	0.00
1	5	0.00	0.02	0.50	0.00	0.00
2	2	0.00	0.00	0.60	0.89	0.00
2	6	0.00	0.00	0.46	0.89	0.00
3	3	0.00	0.00	0.36	0.99	0.00
3	7	0.00	0.00	0.24	1.38	0.00
Core	CPU	C1%	C3%	C6%	C8%	C9%
-	-	0.01	0.05	8.60	3.39	0.12
0	0	0.06	0.19	64.66	21.39	0.00
0	4	0.05	0.16	1.15	1.29	0.97
1	1	0.00	0.00	0.55	0.59	0.00
1	5	0.00	0.00	0.66	0.49	0.00
2	2	0.00	0.02	0.29	0.80	0.00
2	6	0.00	0.00	0.30	0.89	0.00
3	3	0.00	0.00	0.78	0.79	0.00
3	7	0.00	0.00	0.42	0.87	0.00
Core	CPU	C1%	C3%	C6%	C8%	C9%
-	-	0.01	0.04	8.60	3.63	0.09
0	0	0.07	0.18	64.99	21.82	0.00
0	4	0.00	0.10	1.03	1.58	0.69
1	1	0.00	0.00	0.28	1.39	0.00
1	5	0.00	0.00	0.86	0.49	0.00
2	2	0.00	0.00	0.25	0.99	0.00
2	6	0.00	0.00	0.42	1.09	0.00
3	3	0.00	0.01	0.29	0.70	0.00
3	7	0.00	0.00	0.67	0.99	0.00
Core	CPU	C1%	C3%	C6%	C8%	C9%
-	-	0.01	0.08	8.83	3.60	0.00
0	0	0.06	0.40	65.35	21.26	0.00
0	4	0.01	0.18	1.28	1.47	0.00
1	1	0.00	0.00	0.10	0.99	0.00
1	5	0.00	0.03	0.29	1.29	0.00
2	2	0.00	0.00	1.16	1.78	0.00
2	6	0.00	0.00	0.35	0.80	0.00
3	3	0.00	0.00	1.03	0.69	0.00
3	7	0.00	0.02	1.09	0.49	0.00
Core	CPU	C1%	C3%	C6%	C8%	C9%
-	-	0.02	0.04	8.28	3.23	0.44
0	0	0.06	0.22	62.80	20.92	0.00
0	4	0.00	0.06	1.09	0.49	0.00
1	1	0.00	0.00	0.73	0.19	0.00
1	5	0.10	0.02	0.50	0.49	0.00
2	2	0.00	0.00	0.29	0.79	0.00
2	6	0.00	0.00	0.22	1.48	3.52
3	3	0.00	0.00	0.36	0.79	0.00
3	7	0.00	0.00	0.23	0.68	0.00
Core	CPU	C1%	C3%	C6%	C8%	C9%
-	-	0.01	0.04	8.62	3.43	0.00
0	0	0.08	0.19	65.00	21.77	0.00
0	4	0.00	0.11	1.28	0.10	0.00
1	1	0.00	0.00	0.46	0.69	0.00
1	5	0.00	0.02	1.25	1.48	0.00
2	2	0.00	0.02	0.28	0.60	0.00
2	6	0.00	0.00	0.10	0.99	0.00
3	3	0.00	0.00	0.19	0.89	0.00
3	7	0.00	0.00	0.41	0.89	0.00
Core	CPU	C1%	C3%	C6%	C8%	C9%
-	-	0.01	0.06	8.70	3.75	0.15
0	0	0.08	0.35	64.60	21.23	0.00
0	4	0.00	0.09	1.28	1.71	0.34
1	1	0.00	0.00	1.08	1.88	0.90
1	5	0.00	0.00	0.83	1.19	0.00
2	2	0.00	0.00	0.34	0.70	0.00
2	6	0.00	0.00	0.41	1.00	0.00
3	3	0.00	0.01	0.29	1.00	0.00
3	7	0.00	0.00	0.77	1.29	0.00
Core	CPU	C1%	C3%	C6%	C8%	C9%
-	-	0.03	0.06	8.77	3.74	0.18
0	0	0.07	0.36	64.98	21.58	0.00
0	4	0.06	0.10	1.50	1.37	1.40
1	1	0.00	0.00	0.40	0.69	0.00
1	5	0.00	0.00	0.18	0.99	0.00
2	2	0.00	0.00	1.19	2.18	0.00
2	6	0.08	0.00	0.56	1.28	0.00
3	3	0.00	0.00	0.72	0.60	0.00
3	7	0.00	0.00	0.60	1.19	0.00
Core	CPU	C1%	C3%	C6%	C8%	C9%
-	-	0.02	0.05	8.73	3.48	0.00
0	0	0.09	0.25	65.36	21.38	0.00
0	4	0.00	0.14	0.90	0.10	0.00
1	1	0.00	0.00	0.44	1.08	0.00
1	5	0.00	0.00	0.41	1.19	0.00
2	2	0.10	0.00	0.29	0.89	0.00
2	6	0.00	0.00	1.81	0.99	0.00
3	3	0.00	0.00	0.36	1.09	0.00
3	7	0.00	0.00	0.24	1.09	0.00
Core	CPU	C1%	C3%	C6%	C8%	C9%
-	-	0.02	0.08	8.24	3.37	0.13
0	0	0.10	0.54	62.79	20.55	0.00
0	4	0.07	0.10	1.23	0.00	1.06
1	1	0.00	0.00	0.26	0.79	0.00
1	5	0.00	0.00	0.24	1.39	0.00
2	2	0.00	0.02	0.49	1.29	0.00
2	6	0.00	0.00	0.20	1.29	0.00
3	3	0.00	0.00	0.39	0.78	0.00
3	7	0.00	0.00	0.37	0.89	0.00
Core	CPU	C1%	C3%	C6%	C8%	C9%
-	-	0.02	0.07	8.37	3.72	0.00
0	0	0.15	0.44	64.10	21.30	0.00
0	4	0.00	0.09	1.11	1.35	0.00
1	1	0.00	0.00	0.34	1.09	0.00
1	5	0.00	0.00	0.32	1.48	0.00
2	2	0.00	0.05	0.30	1.28	0.00
2	6	0.00	0.00	0.33	1.09	0.00
3	3	0.00	0.00	0.19	1.29	0.00
3	7	0.00	0.00	0.29	0.88	0.00
Core	CPU	C1%	C3%	C6%	C8%	C9%
-	-	0.01	0.14	8.32	3.13	0.56
0	0	0.07	1.00	61.68	19.64	0.82
0	4	0.00	0.08	1.10	0.49	2.78
1	1	0.00	0.00	0.40	0.49	0.00
1	5	0.00	0.00	0.31	1.38	0.00
2	2	0.00	0.01	0.69	0.88	0.90
2	6	0.00	0.00	0.36	1.00	0.00
3	3	0.00	0.00	1.02	0.79	0.00
3	7	0.00	0.01	0.99	0.40	0.00
Core	CPU	C1%	C3%	C6%	C8%	C9%
-	-	0.01	0.05	8.71	3.68	0.00
0	0	0.09	0.36	65.46	21.38	0.00
0	4	0.00	0.00	1.35	1.48	0.00
1	1	0.00	0.00	0.15	0.30	0.00
1	5	0.00	0.00	0.21	1.00	0.00
2	2	0.00	0.00	0.60	0.49	0.00
2	6	0.00	0.00	0.38	0.98	0.00
3	3	0.00	0.00	0.87	1.28	0.00
3	7	0.00	0.00	0.62	2.48	0.00
Core	CPU	C1%	C3%	C6%	C8%	C9%
-	-	0.02	0.04	8.69	3.54	0.00
0	0	0.09	0.29	65.36	21.40	0.00
0	4	0.07	0.01	0.78	1.19	0.00
1	1	0.00	0.00	0.89	0.79	0.00
1	5	0.00	0.00	0.58	0.59	0.00
2	2	0.00	0.00	0.56	0.80	0.00
2	6	0.00	0.00	0.36	0.80	0.00
3	3	0.00	0.00	0.74	1.28	0.00
3	7	0.00	0.00	0.27	1.49	0.00
Core	CPU	C1%	C3%	C6%	C8%	C9%
-	-	0.01	0.02	8.20	3.37	0.00
0	0	0.10	0.14	62.80	21.02	0.00
0	4	0.00	0.00	0.87	0.48	0.00
1	1	0.00	0.00	0.24	0.89	0.00
1	5	0.00	0.00	0.33	1.08	0.00
2	2	0.00	0.00	0.30	0.89	0.00
2	6	0.00	0.00	0.38	0.78	0.00
3	3	0.00	0.00	0.37	0.69	0.00
3	7	0.00	0.00	0.28	1.08	0.00
Core	CPU	C1%	C3%	C6%	C8%	C9%
-	-	0.01	0.02	8.72	3.53	0.00
0	0	0.09	0.18	64.97	21.81	0.00
0	4	0.00	0.00	1.19	0.61	0.00
1	1	0.00	0.00	0.46	1.18	0.00
1	5	0.00	0.00	0.40	1.38	0.00
2	2	0.00	0.00	1.48	0.40	0.00
2	6	0.00	0.01	1.00	0.49	0.00
3	3	0.00	0.00	0.20	1.18	0.00
3	7	0.00	0.00	0.10	1.19	0.00
Core	CPU	C1%	C3%	C6%	C8%	C9%
-	-	0.01	0.05	8.47	3.37	0.00
0	0	0.07	0.33	64.68	21.15	0.00
0	4	0.00	0.06	0.79	0.09	0.00
1	1	0.00	0.00	0.40	0.29	0.00
1	5	0.00	0.00	0.31	1.09	0.00
2	2	0.00	0.00	0.28	1.09	0.00
2	6	0.00	0.00	0.33	0.98	0.00
3	3	0.00	0.00	0.42	1.09	0.00
3	7	0.00	0.00	0.59	1.19	0.00
Core	CPU	C1%	C3%	C6%	C8%	C9%
-	-	0.01	0.03	8.53	3.30	0.00
0	0	0.10	0.25	65.07	21.51	0.00
0	4	0.00	0.00	1.15	0.18	0.00
1	1	0.00	0.02	0.29	0.60	0.00
1	5	0.00	0.00	0.18	0.69	0.00
2	2	0.00	0.00	0.78	0.59	0.00
2	6	0.00	0.00	0.37	0.89	0.00
3	3	0.00	0.00	0.15	0.99	0.00
3	7	0.00	0.00	0.23	0.99	0.00
Core	CPU	C1%	C3%	C6%	C8%	C9%
-	-	0.01	0.02	8.51	3.33	0.00
0	0	0.09	0.13	64.89	21.98	0.00
0	4	0.00	0.00	0.77	0.20	0.00
1	1	0.00	0.00	0.14	0.80	0.00
1	5	0.00	0.00	0.13	0.60	0.00
2	2	0.00	0.00	0.58	0.30	0.00
2	6	0.00	0.00	0.85	1.09	0.00
3	3	0.00	0.00	0.27	0.99	0.00
3	7	0.00	0.00	0.44	0.70	0.00
Core	CPU	C1%	C3%	C6%	C8%	C9%
-	-	0.01	0.03	8.35	3.42	0.00
0	0	0.10	0.26	62.51	21.20	0.00
0	4	0.00	0.00	0.99	0.41	0.00
1	1	0.00	0.00	0.26	1.29	0.00
1	5	0.00	0.00	0.15	1.00	0.00
2	2	0.00	0.00	1.31	0.89	0.00
2	6	0.00	0.01	0.99	0.89	0.00
3	3	0.00	0.00	0.20	0.98	0.00
3	7	0.00	0.00	0.38	0.69	0.00
Core	CPU	C1%	C3%	C6%	C8%	C9%
-	-	0.01	0.03	8.67	3.57	0.00
0	0	0.10	0.20	65.01	21.76	0.00
0	4	0.00	0.07	0.78	0.72	0.00
1	1	0.00	0.00	0.29	0.59	0.00
1	5	0.00	0.00	0.35	1.08	0.00
2	2	0.00	0.00	0.55	0.99	0.00
2	6	0.00	0.00	0.53	1.39	0.00
3	3	0.00	0.00	1.00	0.90	0.00
3	7	0.00	0.00	0.88	1.10	0.00
Core	CPU	C1%	C3%	C6%	C8%	C9%
-	-	0.01	0.06	8.62	3.60	0.00
0	0	0.08	0.42	64.53	21.16	0.00
0	4	0.00	0.02	1.62	0.50	0.00
1	1	0.00	0.02	0.46	0.92	0.00
1	5	0.00	0.00	0.10	0.50	0.00
2	2	0.00	0.00	0.58	1.38	0.00
2	6	0.00	0.00	0.37	1.38	0.00
3	3	0.00	0.00	0.45	1.48	0.00
3	7	0.00	0.00	0.83	1.48	0.00
Core	CPU	C1%	C3%	C6%	C8%	C9%
-	-	0.01	0.04	8.57	3.48	0.00
0	0	0.09	0.19	65.03	21.76	0.00
0	4	0.00	0.00	1.07	0.31	0.00
1	1	0.00	0.00	0.28	0.89	0.00
1	5	0.00	0.00	0.54	0.89	0.00
2	2	0.00	0.13	0.30	1.12	0.00
2	6	0.00	0.00	0.36	1.20	0.00
3	3	0.00	0.00	0.48	1.09	0.00
3	7	0.00	0.00	0.46	0.59	0.00
Core	CPU	C1%	C3%	C6%	C8%	C9%
-	-	0.01	0.03	8.42	3.63	0.00
0	0	0.11	0.19	64.59	21.99	0.00
0	4	0.00	0.00	0.90	0.10	0.00
1	1	0.00	0.00	0.32	1.58	0.00
1	5	0.00	0.00	0.37	1.09	0.00
2	2	0.00	0.05	0.55	1.09	0.00
2	6	0.00	0.00	0.29	1.00	0.00
3	3	0.00	0.00	0.10	1.09	0.00
3	7	0.00	0.00	0.28	1.09	0.00
Core	CPU	C1%	C3%	C6%	C8%	C9%
-	-	0.01	0.06	8.13	3.30	0.00
0	0	0.11	0.47	63.01	20.60	0.00
0	4	0.00	0.00	0.53	0.42	0.00
1	1	0.00	0.00	0.10	0.60	0.00
1	5	0.00	0.00	0.28	0.91	0.00
2	2	0.00	0.00	0.35	0.81	0.00
2	6	0.00	0.00	0.24	1.28	0.00
3	3	0.00	0.00	0.31	0.81	0.00
3	7	0.00	0.00	0.19	1.00	0.00
Core	CPU	C1%	C3%	C6%	C8%	C9%
-	-	0.01	0.05	8.46	3.44	0.00
0	0	0.11	0.38	64.76	21.81	0.00
0	4	0.00	0.00	0.27	0.71	0.00
1	1	0.00	0.00	0.52	0.00	0.00
1	5	0.00	0.02	0.49	0.38	0.00
2	2	0.00	0.00	0.20	1.18	0.00
2	6	0.00	0.00	0.86	1.78	0.00
3	3	0.00	0.00	0.26	0.89	0.00
3	7	0.00	0.00	0.35	0.79	0.00
Core	CPU	C1%	C3%	C6%	C8%	C9%
-	-	0.01	0.02	8.72	3.28	0.00
0	0	0.11	0.09	64.23	21.86	0.00
0	4	0.00	0.05	0.98	0.56	0.00
1	1	0.00	0.00	0.96	0.10	0.00
1	5	0.00	0.00	0.84	0.49	0.00
2	2	0.00	0.02	0.91	0.49	0.00
2	6	0.00	0.01	0.87	0.40	0.00
3	3	0.00	0.00	0.22	1.28	0.00
3	7	0.00	0.00	0.75	1.09	0.00
Core	CPU	C1%	C3%	C6%	C8%	C9%
-	-	0.01	0.03	8.69	3.39	0.00
0	0	0.11	0.28	64.95	21.74	0.00
0	4	0.00	0.00	0.40	0.60	0.00
1	1	0.00	0.00	0.77	0.70	0.00
1	5	0.00	0.00	0.27	1.29	0.00
2	2	0.00	0.00	1.15	0.30	0.00
2	6	0.00	0.00	0.43	0.89	0.00
3	3	0.00	0.00	0.99	0.40	0.00
3	7	0.00	0.00	0.58	1.20	0.00
Core	CPU	C1%	C3%	C6%	C8%	C9%
-	-	0.01	0.04	8.42	3.32	0.00
0	0	0.11	0.27	64.99	21.68	0.00
0	4	0.00	0.00	0.55	0.51	0.00
1	1	0.00	0.02	0.20	0.40	0.00
1	5	0.00	0.00	0.10	0.40	0.00
2	2	0.00	0.00	0.49	0.69	0.00
2	6	0.00	0.00	0.36	0.99	0.00
3	3	0.00	0.00	0.25	1.08	0.00
3	7	0.00	0.03	0.40	0.79	0.00
Core	CPU	C1%	C3%	C6%	C8%	C9%
-	-	0.01	0.03	8.15	3.46	0.00
0	0	0.10	0.22	63.06	20.73	0.00
0	4	0.00	0.03	0.75	0.29	0.00
1	1	0.00	0.00	0.15	1.09	0.00
1	5	0.00	0.00	0.13	0.69	0.00
2	2	0.00	0.00	0.10	0.79	0.00
2	6	0.00	0.00	0.22	2.60	0.00
3	3	0.00	0.00	0.28	0.79	0.00
3	7	0.00	0.00	0.55	0.70	0.00
Core	CPU	C1%	C3%	C6%	C8%	C9%
-	-	0.01	0.05	8.54	3.32	0.00
0	0	0.11	0.30	65.22	21.42	0.00
0	4	0.00	0.06	0.40	0.50	0.00
1	1	0.00	0.00	0.86	0.59	0.00
1	5	0.00	0.00	0.36	0.79	0.00
2	2	0.00	0.03	0.24	0.99	0.00
2	6	0.00	0.00	0.23	0.89	0.00
3	3	0.00	0.00	0.59	0.60	0.00
3	7	0.00	0.00	0.44	0.76	0.00
Core	CPU	C1%	C3%	C6%	C8%	C9%
-	-	0.02	0.05	8.57	3.17	0.21
0	0	0.09	0.34	64.40	21.41	0.87
0	4	0.05	0.03	1.14	0.00	0.00
1	1	0.00	0.00	0.20	1.00	0.00
1	5	0.00	0.00	0.19	0.89	0.00
2	2	0.00	0.00	0.87	0.80	0.00
2	6	0.00	0.00	0.28	1.09	0.00
3	3	0.00	0.02	0.81	0.20	0.82
3	7	0.00	0.01	0.70	0.00	0.00
Core	CPU	C1%	C3%	C6%	C8%	C9%
-	-	0.01	0.03	8.52	3.29	0.00
0	0	0.11	0.19	64.84	21.92	0.00
0	4	0.00	0.05	0.94	0.00	0.00
1	1	0.00	0.00	0.24	0.70	0.00
1	5	0.00	0.00	0.21	0.69	0.00
2	2	0.00	0.00	0.40	0.69	0.00
2	6	0.00	0.00	0.37	0.89	0.00
3	3	0.00	0.00	0.85	0.51	0.00
3	7	0.00	0.00	0.33	0.90	0.00
Core	CPU	C1%	C3%	C6%	C8%	C9%
-	-	0.01	0.12	8.17	3.08	0.00
0	0	0.10	0.97	61.20	20.06	0.00
0	4	0.00	0.00	1.08	0.20	0.00
1	1	0.00	0.00	0.33	0.89	0.00
1	5	0.00	0.00	0.25	0.90	0.00
2	2	0.00	0.01	0.94	0.50	0.00
2	6	0.00	0.01	0.89	0.39	0.00
3	3	0.00	0.00	0.20	0.98	0.00
3	7	0.00	0.00	0.47	0.69	0.00
Core	CPU	C1%	C3%	C6%	C8%	C9%
-	-	0.01	0.10	8.31	3.46	0.01
0	0	0.09	0.74	62.81	20.38	0.00
0	4	0.00	0.01	1.07	0.58	0.00
1	1	0.00	0.00	0.39	1.09	0.00
1	5	0.00	0.00	0.76	1.19	0.00
2	2	0.00	0.00	0.25	0.99	0.00
2	6	0.00	0.00	0.42	1.49	0.08
3	3	0.00	0.02	0.39	1.00	0.00
3	7	0.00	0.00	0.42	0.98	0.00
Core	CPU	C1%	C3%	C6%	C8%	C9%
-	-	0.02	0.03	8.63	3.43	0.00
0	0	0.12	0.19	64.87	21.86	0.00
0	4	0.08	0.04	1.01	0.98	0.00
1	1	0.00	0.00	0.10	0.30	0.00
1	5	0.00	0.00	0.19	0.99	0.00
2	2	0.00	0.00	0.53	1.39	0.00
2	6	0.00	0.00	0.35	0.89	0.00
3	3	0.00	0.00	1.01	0.60	0.00
3	7	0.00	0.01	0.98	0.40	0.00
Core	CPU	C1%	C3%	C6%	C8%	C9%
-	-	0.01	0.06	8.57	3.57	0.11
0	0	0.11	0.45	64.72	20.91	0.00
0	4	0.00	0.04	1.06	0.40	0.00
1	1	0.00	0.00	0.34	1.18	0.00
1	5	0.00	0.00	0.33	1.09	0.00
2	2	0.00	0.00	0.10	1.09	0.00
2	6	0.00	0.00	1.07	1.38	0.00
3	3	0.00	0.01	0.68	1.18	0.90
3	7	0.00	0.00	0.24	1.28	0.00
Core	CPU	C1%	C3%	C6%	C8%	C9%
-	-	0.01	0.05	8.79	3.40	0.00
0	0	0.10	0.37	64.96	21.55	0.00
0	4	0.01	0.00	1.64	0.10	0.00
1	1	0.00	0.00	0.36	1.38	0.00
1	5	0.00	0.00	0.25	1.19	0.00
2	2	0.00	0.00	1.02	0.50	0.00
2	6	0.00	0.01	0.89	0.39	0.00
3	3	0.00	0.00	0.69	0.59	0.00
3	7	0.00	0.00	0.50	1.49	0.00
Core	CPU	C1%	C3%	C6%	C8%	C9%
-	-	0.01	0.04	8.45	3.47	0.00
0	0	0.11	0.25	65.06	21.65	0.00
0	4	0.00	0.04	1.04	0.40	0.00
1	1	0.00	0.00	0.30	0.50	0.00
1	5	0.00	0.00	0.19	1.09	0.00
2	2	0.00	0.00	0.26	0.99	0.00
2	6	0.00	0.00	0.23	1.48	0.00
3	3	0.00	0.00	0.32	0.79	0.00
3	7	0.00	0.00	0.20	0.89	0.00
Core	CPU	C1%	C3%	C6%	C8%	C9%
-	-	0.01	0.03	8.28	3.38	0.00
0	0	0.11	0.13	62.98	20.80	0.00
0	4	0.00	0.04	1.03	1.16	0.00
1	1	0.00	0.02	0.19	0.60	0.00
1	5	0.00	0.00	0.10	0.40	0.00
2	2	0.00	0.01	0.88	0.79	0.00
2	6	0.00	0.00	0.40	1.38	0.00
3	3	0.00	0.00	0.35	1.09	0.00
3	7	0.00	0.00	0.33	0.79	0.00
Core	CPU	C1%	C3%	C6%	C8%	C9%
-	-	0.02	0.03	8.46	3.25	0.08
0	0	0.12	0.24	65.03	21.66	0.00
0	4	0.00	0.00	1.28	0.50	0.67
1	1	0.00	0.00	0.15	0.30	0.00
1	5	0.00	0.00	0.13	0.30	0.00
2	2	0.00	0.00	0.40	0.10	0.00
2	6	0.00	0.00	0.19	1.00	0.00
3	3	0.00	0.00	0.27	0.89	0.00
3	7	0.00	0.00	0.24	1.28	0.00
Core	CPU	C1%	C3%	C6%	C8%	C9%
-	-	0.01	0.05	8.89	3.48	0.11
0	0	0.12	0.29	64.60	21.19	0.87
0	4	0.00	0.04	1.54	0.00	0.00
1	1	0.00	0.00	0.92	1.19	0.00
1	5	0.00	0.00	0.34	1.30	0.00
2	2	0.00	0.00	1.22	0.59	0.00
2	6	0.00	0.01	1.19	0.89	0.00
3	3	0.00	0.01	0.21	1.48	0.00
3	7	0.00	0.00	1.07	1.18	0.00
Core	CPU	C1%	C3%	C6%	C8%	C9%
-	-	0.01	0.02	8.72	3.79	0.00
0	0	0.11	0.13	65.39	21.43	0.00
0	4	0.00	0.06	1.50	0.09	0.00
1	1	0.00	0.00	0.10	1.97	0.00
1	5	0.00	0.00	0.39	1.48	0.00
2	2	0.00	0.00	0.74	1.29	0.00
2	6	0.00	0.00	0.43	1.38	0.00
3	3	0.00	0.00	0.92	0.99	0.00
3	7	0.00	0.00	0.30	1.68	0.00
Core	CPU	C1%	C3%	C6%	C8%	C9%
-	-	0.02	0.02	8.58	3.31	0.00
0	0	0.12	0.09	64.98	21.83	0.00
0	4	0.00	0.01	0.85	0.10	0.00
1	1	0.00	0.00	0.72	0.61	0.00
1	5	0.00	0.03	0.60	0.00	0.00
2	2	0.00	0.00	0.71	1.00	0.00
2	6	0.00	0.00	0.28	1.08	0.00
3	3	0.00	0.00	0.36	0.88	0.00
3	7	0.00	0.00	0.14	0.99	0.00
Core	CPU	C1%	C3%	C6%	C8%	C9%
-	-	0.01	0.04	8.34	3.23	0.42
0	0	0.11	0.32	62.64	21.01	0.00
0	4	0.00	0.00	0.98	0.31	0.00
1	1	0.00	0.00	0.36	0.79	0.00
1	5	0.00	0.00	0.39	0.79	0.00
2	2	0.00	0.00	0.92	0.79	0.00
2	6	0.00	0.01	0.88	0.41	3.34
3	3	0.00	0.00	0.20	1.08	0.00
3	7	0.00	0.00	0.37	0.69	0.00
Core	CPU	C1%	C3%	C6%	C8%	C9%
-	-	0.01	0.06	8.57	3.71	0.00
0	0	0.12	0.41	65.26	21.13	0.00
0	4	0.00	0.08	1.05	0.86	0.00
1	1	0.00	0.00	0.20	1.09	0.00
1	5	0.00	0.00	0.30	1.09	0.00
2	2	0.00	0.00	0.64	1.09	0.00
2	6	0.00	0.00	0.61	2.67	0.00
3	3	0.00	0.00	0.29	0.90	0.00
3	7	0.00	0.00	0.20	0.88	0.00
Core	CPU	C1%	C3%	C6%	C8%	C9%
-	-	0.01	0.03	8.74	3.33	0.00
0	0	0.11	0.22	64.58	21.30	0.00
0	4	0.00	0.00	1.61	0.19	0.00
1	1	0.00	0.01	0.69	0.20	0.00
1	5	0.00	0.00	0.10	0.80	0.00
2	2	0.00	0.00	0.28	0.89	0.00
2	6	0.00	0.01	0.83	1.78	0.00
3	3	0.00	0.00	1.04	0.79	0.00
3	7	0.00	0.02	0.80	0.69	0.00
Core	CPU	C1%	C3%	C6%	C8%	C9%
-	-	0.01	0.02	8.54	3.34	0.00
0	0	0.11	0.12	64.81	22.00	0.00
0	4	0.00	0.04	0.82	0.80	0.00
1	1	0.00	0.00	0.54	0.40	0.00
1	5	0.00	0.00	0.77	0.53	0.00
2	2	0.00	0.00	0.51	0.70	0.00
2	6	0.00	0.00	0.19	0.89	0.00
3	3	0.00	0.00	0.36	0.70	0.00
3	7	0.00	0.00	0.35	0.69	0.00
Core	CPU	C1%	C3%	C6%	C8%	C9%
-	-	0.01	0.05	8.80	3.76	0.00
0	0	0.11	0.32	64.92	21.70	0.00
0	4	0.00	0.02	1.57	0.37	0.00
1	1	0.00	0.00	0.85	1.29	0.00
1	5	0.00	0.00	0.39	1.40	0.00
2	2	0.00	0.02	1.08	1.10	0.00
2	6	0.00	0.00	0.29	1.39	0.00
3	3	0.00	0.00	0.79	1.48	0.00
3	7	0.00	0.00	0.46	1.38	0.00
Core	CPU	C1%	C3%	C6%	C8%	C9%
-	-	0.01	0.07	8.23	3.37	0.00
0	0	0.10	0.50	63.03	20.40	0.00
0	4	0.00	0.03	0.88	0.00	0.00
1	1	0.00	0.00	0.28	0.89	0.00
1	5	0.00	0.00	0.37	1.78	0.00
2	2	0.00	0.00	0.64	0.99	0.00
2	6	0.00	0.00	0.17	1.09	0.00
3	3	0.00	0.00	0.20	0.99	0.00
3	7	0.00	0.00	0.28	0.79	0.00
Core	CPU	C1%	C3%	C6%	C8%	C9%
-	-	0.01	0.03	8.51	3.59	0.00
0	0	0.11	0.25	64.92	21.78	0.00
0	4	0.00	0.02	1.21	0.48	0.00
1	1	0.00	0.00	0.00	0.60	0.00
1	5	0.00	0.00	0.27	1.29	0.00
2	2	0.00	0.00	0.86	1.18	0.00
2	6	0.00	0.00	0.25	1.29	0.00
3	3	0.00	0.00	0.42	1.09	0.00
3	7	0.00	0.00	0.10	0.99	0.00
Core	CPU	C1%	C3%	C6%	C8%	C9%
-	-	0.01	0.05	8.54	3.34	0.21
0	0	0.11	0.36	64.52	21.22	0.91
0	4	0.00	0.04	1.06	1.09	0.00
1	1	0.00	0.01	0.69	0.20	0.00
1	5	0.00	0.00	0.10	0.99	0.00
2	2	0.00	0.00	1.21	0.88	0.80
2	6	0.00	0.00	0.36	0.69	0.00
3	3	0.00	0.00	0.15	0.78	0.00
3	7	0.00	0.00	0.23	0.89	0.00
Core	CPU	C1%	C3%	C6%	C8%	C9%
-	-	0.01	0.04	8.45	3.35	0.16
0	0	0.12	0.31	64.91	21.74	0.00
0	4	0.00	0.05	1.13	0.49	1.29
1	1	0.00	0.00	0.34	0.40	0.00
1	5	0.00	0.00	0.13	0.43	0.00
2	2	0.00	0.00	0.29	0.59	0.00
2	6	0.00	0.00	0.29	1.08	0.00
3	3	0.00	0.00	0.27	0.99	0.00
3	7	0.00	0.00	0.25	1.08	0.00
Core	CPU	C1%	C3%	C6%	C8%	C9%
-	-	0.01	0.04	8.65	3.41	0.00
0	0	0.11	0.30	64.77	21.91	0.00
0	4	0.00	0.00	1.06	0.21	0.00
1	1	0.00	0.00	0.46	0.50	0.00
1	5	0.00	0.00	0.29	1.39	0.00
2	2	0.00	0.00	0.81	0.80	0.00
2	6	0.00	0.01	1.05	0.90	0.00
3	3	0.00	0.00	0.39	0.89	0.00
3	7	0.00	0.00	0.38	0.69	0.00
Core	CPU	C1%	C3%	C6%	C8%	C9%
-	-	0.01	0.04	8.25	3.30	0.00
0	0	0.09	0.29	62.87	20.83	0.00
0	4	0.00	0.02	1.00	0.00	0.00
1	1	0.00	0.00	0.39	0.79	0.00
1	5	0.00	0.00	0.27	0.89	0.00
2	2	0.00	0.00	0.35	0.89	0.00
2	6	0.00	0.00	0.42	1.09	0.00
3	3	0.00	0.02	0.30	0.89	0.00
3	7	0.00	0.00	0.42	0.99	0.00
Core	CPU	C1%	C3%	C6%	C8%	C9%
-	-	0.10	0.08	8.53	3.32	0.00
0	0	0.12	0.54	64.65	20.67	0.00
0	4	0.00	0.09	1.12	0.59	0.00
1	1	0.00	0.00	0.06	0.40	0.00
1	5	0.00	0.00	0.20	0.99	0.00
2	2	0.00	0.00	0.87	1.18	0.00
2	6	0.00	0.00	0.36	0.99	0.00
3	3	0.00	0.00	0.24	0.99	0.00
3	7	0.71	0.03	0.79	0.79	0.00
Core	CPU	C1%	C3%	C6%	C8%	C9%
-	-	0.01	0.07	8.15	3.04	0.00
0	0	0.07	0.53	61.56	20.33	0.00
0	4	0.00	0.02	0.94	0.29	0.00
1	1	0.00	0.00	0.72	0.00	0.00
1	5	0.00	0.01	0.74	0.11	0.00
2	2	0.00	0.00	0.36	0.79	0.00
2	6	0.00	0.00	0.37	1.29	0.00
3	3	0.00	0.00	0.35	0.69	0.00
3	7	0.00	0.00	0.13	0.79	0.00
Core	CPU	C1%	C3%	C6%	C8%	C9%
-	-	0.01	0.03	8.60	3.33	0.00
0	0	0.10	0.24	64.96	21.80	0.00
0	4	0.00	0.00	1.38	0.00	0.00
1	1	0.00	0.00	0.75	0.69	0.00
1	5	0.00	0.00	0.54	0.79	0.00
2	2	0.00	0.02	0.30	0.90	0.00
2	6	0.00	0.00	0.10	0.99	0.00
3	3	0.00	0.00	0.29	0.78	0.00
3	7	0.00	0.00	0.46	0.69	0.00
Core	CPU	C1%	C3%	C6%	C8%	C9%
-	-	0.01	0.05	8.70	3.73	0.00
0	0	0.09	0.39	65.46	21.11	0.00
0	4	0.00	0.01	1.30	0.29	0.00
1	1	0.00	0.00	0.38	1.97	0.00
1	5	0.00	0.00	0.56	1.28	0.00
2	2	0.00	0.00	0.24	1.28	0.00
2	6	0.00	0.00	0.45	1.39	0.00
3	3	0.00	0.00	0.20	1.29	0.00
3	7	0.00	0.00	0.98	1.18	0.00
Core	CPU	C1%	C3%	C6%	C8%	C9%
-	-	0.01	0.05	8.45	3.34	0.00
0	0	0.09	0.30	62.92	20.77	0.00
0	4	0.00	0.06	1.17	0.39	0.00
1	1	0.00	0.00	0.20	0.89	0.00
1	5	0.00	0.00	0.79	1.18	0.00
2	2	0.00	0.00	0.93	1.48	0.00
2	6	0.01	0.00	0.25	0.89	0.00
3	3	0.00	0.00	0.73	0.59	0.00
3	7	0.00	0.00	0.60	0.49	0.00
Core	CPU	C1%	C3%	C6%	C8%	C9%
-	-	0.01	0.04	8.49	3.50	0.00
0	0	0.07	0.30	64.87	21.82	0.00
0	4	0.00	0.02	1.16	0.66	0.00
1	1	0.00	0.00	0.14	0.80	0.00
1	5	0.00	0.00	0.23	0.89	0.00
2	2	0.00	0.00	0.50	0.59	0.00
2	6	0.00	0.00	0.28	1.19	0.00
3	3	0.00	0.00	0.47	0.99	0.00
3	7	0.00	0.00	0.24	1.09	0.00
Core	CPU	C1%	C3%	C6%	C8%	C9%
-	-	0.01	0.03	8.64	3.40	0.22
0	0	0.07	0.20	64.49	21.49	0.83
0	4	0.00	0.00	1.19	0.32	0.00
1	1	0.00	0.00	0.56	0.89	0.00
1	5	0.00	0.00	0.32	0.99	0.00
2	2	0.00	0.00	1.01	0.69	0.00
2	6	0.00	0.01	0.99	0.59	0.00
3	3	0.00	0.01	0.21	1.28	0.90
3	7	0.00	0.00	0.37	0.99	0.00
Core	CPU	C1%	C3%	C6%	C8%	C9%
-	-	0.01	0.06	8.50	3.44	0.57
0	0	0.07	0.44	65.08	21.42	0.00
0	4	0.00	0.04	0.79	0.10	4.53
1	1	0.00	0.00	0.20	0.99	0.00
1	5	0.00	0.00	0.28	0.89	0.00
2	2	0.00	0.00	0.26	1.18	0.00
2	6	0.00	0.00	0.34	1.38	0.00
3	3	0.00	0.02	0.70	0.49	0.00
3	7	0.00	0.00	0.33	1.08	0.00
Core	CPU	C1%	C3%	C6%	C8%	C9%
-	-	0.01	0.03	8.50	3.55	0.00
0	0	0.08	0.17	65.08	21.71	0.00
0	4	0.00	0.02	1.32	0.09	0.00
1	1	0.00	0.02	0.20	0.51	0.00
1	5	0.00	0.00	0.10	1.33	0.00
2	2	0.00	0.00	0.39	1.08	0.00
2	6	0.00	0.00	0.46	1.58	0.00
3	3	0.00	0.00	0.25	0.99	0.00
3	7	0.00	0.00	0.23	1.09	0.00
Core	CPU	C1%	C3%	C6%	C8%	C9%
-	-	0.01	0.03	8.18	3.36	0.00
0	0	0.07	0.19	62.81	20.99	0.00
0	4	0.00	0.00	0.88	0.91	0.00
1	1	0.00	0.00	0.35	0.50	0.00
1	5	0.00	0.00	0.24	0.91	0.00
2	2	0.00	0.02	0.29	0.90	0.00
2	6	0.00	0.00	0.28	0.90	0.00
3	3	0.00	0.00	0.29	1.08	0.00
3	7	0.00	0.00	0.36	0.69	0.00
Core	CPU	C1%	C3%	C6%	C8%	C9%
-	-	0.02	0.05	8.45	3.54	0.00
0	0	0.09	0.29	65.04	21.69	0.00
0	4	0.08	0.08	0.93	0.79	0.00
1	1	0.00	0.00	0.48	0.70	0.00
1	5	0.00	0.00	0.32	1.09	0.00
2	2	0.00	0.00	0.24	1.09	0.00
2	6	0.00	0.00	0.23	1.18	0.00
3	3	0.00	0.00	0.10	0.90	0.00
3	7	0.00	0.00	0.28	0.89	0.00
Core	CPU	C1%	C3%	C6%	C8%	C9%
-	-	0.02	0.06	8.48	3.43	0.11
0	0	0.07	0.43	64.39	21.27	0.00
0	4	0.00	0.03	0.82	0.47	0.00
1	1	0.10	0.01	0.11	0.49	0.90
1	5	0.00	0.00	0.76	0.79	0.00
2	2	0.00	0.00	0.66	0.99	0.00
2	6	0.00	0.00	0.37	1.18	0.00
3	3	0.00	0.00	0.33	1.19	0.00
3	7	0.00	0.00	0.44	1.09	0.00
Core	CPU	C1%	C3%	C6%	C8%	C9%
-	-	0.01	0.04	8.67	3.48	0.00
0	0	0.07	0.23	64.81	21.94	0.00
0	4	0.00	0.00	0.93	1.10	0.00
1	1	0.00	0.00	0.60	0.11	0.00
1	5	0.00	0.05	0.79	0.30	0.00
2	2	0.00	0.00	0.41	1.18	0.00
2	6	0.00	0.03	1.40	1.58	0.00
3	3	0.00	0.00	0.34	0.88	0.00
3	7	0.00	0.03	0.10	0.78	0.00
Core	CPU	C1%	C3%	C6%	C8%	C9%
-	-	0.01	0.03	8.71	3.46	0.00
0	0	0.07	0.25	65.29	21.33	0.00
0	4	0.00	0.00	0.73	0.90	0.00
1	1	0.00	0.00	1.15	0.29	0.00
1	5	0.00	0.02	0.79	0.79	0.00
2	2	0.00	0.00	0.68	1.29	0.00
2	6	0.00	0.00	0.56	1.08	0.00
3	3	0.00	0.00	0.36	1.18	0.00
3	7	0.00	0.00	0.14	0.79	0.00
Core	CPU	C1%	C3%	C6%	C8%	C9%
-	-	0.02	0.04	8.21	3.36	0.85
0	0	0.06	0.19	62.66	21.08	3.33
0	4	0.09	0.02	0.57	0.61	0.00
1	1	0.00	0.00	0.45	0.90	0.00
1	5	0.00	0.00	0.36	0.80	0.00
2	2	0.00	0.12	0.29	0.80	0.00
2	6	0.00	0.00	0.29	1.10	3.45
3	3	0.00	0.00	0.57	0.89	0.00
3	7	0.00	0.00	0.46	0.70	0.00
Core	CPU	C1%	C3%	C6%	C8%	C9%
-	-	0.09	0.04	8.47	3.55	0.00
0	0	0.04	0.29	64.76	21.98	0.00
0	4	0.00	0.00	0.95	0.90	0.00
1	1	0.00	0.00	0.18	0.90	0.00
1	5	0.00	0.00	0.27	0.90	0.00
2	2	0.00	0.00	0.25	0.99	0.00
2	6	0.00	0.00	0.91	0.90	0.00
3	3	0.00	0.02	0.19	1.10	0.00
3	7	0.70	0.00	0.28	0.70	0.00
Core	CPU	C1%	C3%	C6%	C8%	C9%
-	-	0.01	0.04	8.65	3.60	0.21
0	0	0.07	0.28	64.41	21.40	0.88
0	4	0.00	0.00	1.12	0.89	0.00
1	1	0.00	0.01	0.40	0.99	0.80
1	5	0.00	0.00	0.19	0.99	0.00
2	2	0.00	0.00	0.57	0.79	0.00
2	6	0.00	0.02	1.40	1.98	0.00
3	3	0.00	0.00	0.24	1.19	0.00
3	7	0.00	0.02	0.89	0.59	0.00
Core	CPU	C1%	C3%	C6%	C8%	C9%
-	-	0.01	0.01	8.49	3.42	0.00
0	0	0.07	0.09	65.04	21.89	0.00
0	4	0.00	0.00	0.78	0.88	0.00
1	1	0.00	0.00	0.54	0.11	0.00
1	5	0.00	0.00	0.20	0.49	0.00
2	2	0.00	0.00	0.10	0.99	0.00
2	6	0.00	0.00	0.67	0.59	0.00
3	3	0.00	0.00	0.36	1.09	0.00
3	7	0.00	0.00	0.24	1.29	0.00
Core	CPU	C1%	C3%	C6%	C8%	C9%
-	-	0.01	0.03	8.72	3.33	0.00
0	0	0.08	0.21	64.88	21.80	0.00
0	4	0.00	0.04	1.35	0.21	0.00
1	1	0.00	0.00	0.46	0.50	0.00
1	5	0.00	0.00	0.35	0.99	0.00
2	2	0.00	0.00	1.12	0.79	0.00
2	6	0.00	0.02	1.09	0.40	0.00
3	3	0.00	0.00	0.10	1.09	0.00
3	7	0.00	0.00	0.37	0.89	0.00
Core	CPU	C1%	C3%	C6%	C8%	C9%
-	-	0.01	0.08	8.34	3.41	0.00
0	0	0.06	0.62	63.26	20.46	0.00
0	4	0.00	0.03	0.99	0.80	0.00
1	1	0.00	0.00	0.39	0.50	0.00
1	5	0.00	0.00	0.18	1.00	0.00
2	2	0.00	0.00	0.86	1.09	0.00
2	6	0.00	0.00	0.43	0.89	0.00
3	3	0.00	0.00	0.41	1.31	0.00
3	7	0.00	0.00	0.19	1.20	0.00
Core	CPU	C1%	C3%	C6%	C8%	C9%
-	-	0.01	0.06	8.63	3.47	0.00
0	0	0.07	0.44	65.05	21.43	0.00
0	4	0.00	0.00	0.85	0.40	0.00
1	1	0.00	0.00	0.41	1.20	0.00
1	5	0.00	0.00	0.10	0.50	0.00
2	2	0.00	0.00	0.76	1.09	0.00
2	6	0.00	0.03	0.93	0.79	0.00
3	3	0.00	0.00	0.25	1.28	0.00
3	7	0.00	0.00	0.72	1.08	0.00
Core	CPU	C1%	C3%	C6%	C8%	C9%
-	-	0.02	0.08	8.68	3.37	0.00
0	0	0.07	0.56	64.57	21.00	0.00
0	4	0.07	0.06	1.82	0.30	0.00
1	1	0.00	0.01	0.57	0.97	0.00
1	5	0.00	0.00	0.24	1.09	0.00
2	2	0.00	0.02	0.39	0.80	0.00
2	6	0.00	0.00	0.39	0.69	0.00
3	3	0.00	0.00	0.26	0.89	0.00
3	7	0.00	0.00	1.23	1.18	0.00
Core	CPU	C1%	C3%	C6%	C8%	C9%
-	-	0.01	0.04	8.51	3.45	0.11
0	0	0.05	0.32	65.05	21.66	0.00
0	4	0.00	0.02	0.98	0.60	0.84
1	1	0.00	0.00	0.77	0.40	0.00
1	5	0.00	0.00	0.36	0.89	0.00
2	2	0.00	0.00	0.25	1.18	0.00
2	6	0.00	0.00	0.21	0.99	0.00
3	3	0.00	0.00	0.20	1.09	0.00
3	7	0.00	0.00	0.29	0.79	0.00
Core	CPU	C1%	C3%	C6%	C8%	C9%
-	-	0.01	0.12	8.15	3.04	0.00
0	0	0.09	0.90	61.50	19.76	0.00
0	4	0.00	0.04	0.89	0.00	0.00
1	1	0.00	0.00	0.84	0.55	0.00
1	5	0.00	0.04	0.86	0.20	0.00
2	2	0.00	0.00	0.37	1.07	0.00
2	6	0.00	0.00	0.39	0.85	0.00
3	3	0.00	0.00	0.23	0.89	0.00
3	7	0.00	0.00	0.10	0.99	0.00
Core	CPU	C1%	C3%	C6%	C8%	C9%
-	-	0.01	0.03	8.31	3.40	0.01
0	0	0.06	0.24	63.05	20.69	0.00
0	4	0.00	0.00	1.04	0.21	0.00
1	1	0.00	0.01	0.59	0.89	0.00
1	5	0.00	0.00	0.13	0.79	0.00
2	2	0.00	0.00	0.31	1.58	0.00
2	6	0.00	0.01	0.86	0.99	0.08
3	3	0.00	0.00	0.25	1.18	0.00
3	7	0.00	0.00	0.23	0.88	0.00
Core	CPU	C1%	C3%	C6%	C8%	C9%
-	-	0.01	0.01	8.57	3.62	0.00
0	0	0.07	0.05	65.30	21.65	0.00
0	4	0.00	0.00	1.35	0.80	0.00
1	1	0.00	0.00	0.33	0.99	0.00
1	5	0.00	0.02	0.19	0.90	0.00
2	2	0.00	0.00	0.19	0.50	0.00
2	6	0.00	0.00	0.48	1.29	0.00
3	3	0.00	0.00	0.36	1.38	0.00
3	7	0.00	0.00	0.33	1.49	0.00
Core	CPU	C1%	C3%	C6%	C8%	C9%
-	-	0.01	0.04	8.40	3.42	0.23
0	0	0.06	0.27	64.51	21.32	0.91
0	4	0.00	0.00	0.47	0.61	0.00
1	1	0.00	0.00	0.14	0.80	0.00
1	5	0.00	0.00	0.23	0.89	0.00
2	2	0.00	0.01	0.60	0.88	0.90
2	6	0.00	0.00	0.43	1.28	0.00
3	3	0.00	0.00	0.37	0.79	0.00
3	7	0.00	0.00	0.48	0.80	0.00
Core	CPU	C1%	C3%	C6%	C8%	C9%
-	-	0.01	0.03	8.61	3.62	0.00
0	0	0.07	0.18	64.86	21.91	0.00
0	4	0.00	0.00	1.87	1.18	0.00
1	1	0.00	0.00	0.26	1.67	0.00
1	5	0.00	0.00	0.25	0.89	0.00
2	2	0.00	0.02	0.70	0.40	0.00
2	6	0.00	0.00	0.38	0.99	0.00
3	3	0.00	0.00	0.30	1.08	0.00
3	7	0.00	0.00	0.27	0.79	0.00
Core	CPU	C1%	C3%	C6%	C8%	C9%
-	-	0.10	0.06	8.62	3.59	0.00
0	0	0.07	0.47	65.02	21.49	0.00
0	4	0.00	0.02	0.49	1.20	0.00
1	1	0.00	0.00	0.38	0.90	0.00
1	5	0.00	0.00	0.29	1.10	0.00
2	2	0.00	0.00	0.25	0.99	0.00
2	6	0.00	0.00	1.36	0.90	0.00
3	3	0.00	0.02	0.39	1.00	0.00
3	7	0.71	0.00	0.78	1.19	0.00
Core	CPU	C1%	C3%	C6%	C8%	C9%
-	-	0.01	0.06	8.21	3.03	0.61
0	0	0.07	0.41	63.19	20.32	0.00
0	4	0.00	0.02	0.75	0.37	4.90
1	1	0.00	0.02	0.49	0.01	0.00
1	5	0.00	0.00	0.14	0.50	0.00
2	2	0.00	0.00	0.28	0.79	0.00
2	6	0.00	0.00	0.36	0.79	0.00
3	3	0.00	0.00	0.24	0.79	0.00
3	7	0.00	0.02	0.19	0.69	0.00
Core	CPU	C1%	C3%	C6%	C8%	C9%
-	-	0.01	0.05	8.77	3.64	0.00
0	0	0.08	0.37	65.20	21.43	0.00
0	4	0.00	0.00	1.47	0.59	0.00
1	1	0.00	0.00	0.34	0.99	0.00
1	5	0.00	0.00	0.23	1.29	0.00
2	2	0.00	0.00	0.20	1.19	0.00
2	6	0.00	0.00	0.47	1.18	0.00
3	3	0.00	0.00	0.97	1.38	0.00
3	7	0.00	0.00	1.25	1.08	0.00
Core	CPU	C1%	C3%	C6%	C8%	C9%
-	-	0.01	0.04	8.84	3.96	0.11
0	0	0.07	0.23	64.50	21.40	0.00
0	4	0.00	0.02	1.39	0.91	0.00
1	1	0.00	0.01	0.65	2.48	0.89
1	5	0.00	0.00	0.63	2.27	0.00
2	2	0.00	0.00	0.92	0.79	0.00
2	6	0.00	0.02	1.09	0.39	0.00
3	3	0.00	0.00	0.96	2.28	0.00
3	7	0.00	0.00	0.57	1.18	0.00
Core	CPU	C1%	C3%	C6%	C8%	C9%
-	-	0.01	0.06	8.59	3.49	0.00
0	0	0.08	0.36	64.94	21.68	0.00
0	4	0.00	0.01	0.98	0.58	0.00
1	1	0.00	0.00	0.69	0.49	0.00
1	5	0.00	0.00	0.28	1.09	0.00
2	2	0.00	0.06	0.69	0.99	0.00
2	6	0.00	0.00	0.63	1.19	0.00
3	3	0.00	0.02	0.30	0.89	0.00
3	7	0.00	0.00	0.20	0.99	0.00
Core	CPU	C1%	C3%	C6%	C8%	C9%
-	-	0.01	0.05	8.56	3.36	0.00
0	0	0.08	0.33	65.33	21.30	0.00
0	4	0.00	0.00	0.94	0.69	0.00
1	1	0.00	0.02	0.19	0.30	0.00
1	5	0.00	0.00	0.09	0.30	0.00
2	2	0.00	0.00	0.97	1.09	0.00
2	6	0.00	0.00	0.45	1.39	0.00
3	3	0.00	0.00	0.25	0.89	0.00
3	7	0.00	0.03	0.29	0.89	0.00
Core	CPU	C1%	C3%	C6%	C8%	C9%
-	-	0.01	0.05	8.24	3.38	0.89
0	0	0.06	0.39	63.04	20.52	3.34
0	4	0.00	0.00	1.16	0.69	0.30
1	1	0.00	0.00	0.23	1.09	0.00
1	5	0.00	0.02	0.20	0.90	0.00
2	2	0.00	0.00	0.19	0.70	0.00
2	6	0.00	0.00	0.19	0.89	3.45
3	3	0.00	0.00	0.76	1.19	0.00
3	7	0.00	0.00	0.15	1.08	0.00
Core	CPU	C1%	C3%	C6%	C8%	C9%
-	-	0.01	0.05	8.88	3.74	0.00
0	0	0.09	0.34	64.96	21.59	0.00
0	4	0.00	0.04	1.46	0.38	0.00
1	1	0.00	0.00	0.86	1.99	0.00
1	5	0.00	0.00	0.78	2.49	0.00
2	2	0.00	0.00	1.12	0.30	0.00
2	6	0.00	0.01	1.09	0.59	0.00
3	3	0.00	0.00	0.30	1.48	0.00
3	7	0.00	0.00	0.46	1.09	0.00
Core	CPU	C1%	C3%	C6%	C8%	C9%
-	-	0.01	0.09	8.84	3.45	0.11
0	0	0.07	0.55	64.88	20.34	0.91
0	4	0.01	0.04	1.51	0.10	0.00
1	1	0.00	0.00	1.32	0.99	0.00
1	5	0.00	0.00	0.47	0.89	0.00
2	2	0.00	0.00	0.65	0.79	0.00
2	6	0.00	0.00	1.26	1.68	0.00
3	3	0.00	0.11	0.40	1.81	0.00
3	7	0.00	0.00	0.20	0.99	0.00
Core	CPU	C1%	C3%	C6%	C8%	C9%
-	-	0.01	0.04	8.89	3.31	0.00
0	0	0.09	0.21	64.97	21.83	0.00
0	4	0.00	0.04	1.38	0.10	0.00
1	1	0.00	0.02	0.79	0.50	0.00
1	5	0.00	0.07	0.72	0.49	0.00
2	2	0.00	0.00	0.38	1.29	0.00
2	6	0.00	0.00	0.55	1.29	0.00
3	3	0.00	0.00	1.24	0.49	0.00
3	7	0.00	0.02	1.09	0.49	0.00
Core	CPU	C1%	C3%	C6%	C8%	C9%
-	-	0.01	0.08	8.69	3.36	0.00
0	0	0.08	0.47	64.81	21.76	0.00
0	4	0.00	0.00	0.66	0.11	0.00
1	1	0.00	0.00	0.15	1.09	0.00
1	5	0.00	0.14	0.91	0.00	0.00
2	2	0.00	0.00	0.40	0.10	0.00
2	6	0.00	0.00	1.46	1.29	0.00
3	3	0.00	0.00	0.87	1.29	0.00
3	7	0.00	0.00	0.30	1.29	0.00
Core	CPU	C1%	C3%	C6%	C8%	C9%
-	-	0.01	0.03	8.30	3.40	0.00
0	0	0.08	0.15	62.91	21.00	0.00
0	4	0.00	0.00	0.50	0.00	0.00
1	1	0.00	0.00	0.67	0.79	0.00
1	5	0.00	0.06	1.36	0.39	0.00
2	2	0.00	0.00	0.35	1.18	0.00
2	6	0.00	0.00	0.13	0.99	0.00
3	3	0.00	0.00	0.10	1.09	0.00
3	7	0.00	0.00	0.38	1.78	0.00
Core	CPU	C1%	C3%	C6%	C8%	C9%
-	-	0.01	0.04	8.57	3.41	0.00
0	0	0.07	0.23	65.19	21.55	0.00
0	4	0.00	0.02	0.59	0.00	0.00
1	1	0.00	0.00	0.19	1.48	0.00
1	5	0.00	0.06	0.99	0.59	0.00
2	2	0.00	0.00	0.37	0.79	0.00
2	6	0.00	0.00	0.75	1.09	0.00
3	3	0.00	0.00	0.32	0.90	0.00
3	7	0.00	0.00	0.19	0.90	0.00
Core	CPU	C1%	C3%	C6%	C8%	C9%
-	-	0.01	0.04	8.55	3.49	0.11
0	0	0.08	0.23	64.46	21.47	0.00
0	4	0.00	0.00	1.13	0.00	0.00
1	1	0.00	0.02	0.40	1.09	0.90
1	5	0.00	0.04	1.03	0.40	0.00
2	2	0.00	0.00	0.29	1.28	0.00
2	6	0.00	0.00	0.65	1.18	0.00
3	3	0.00	0.00	0.34	1.19	0.00
3	7	0.00	0.03	0.10	1.28	0.00
Core	CPU	C1%	C3%	C6%	C8%	C9%
-	-	0.01	0.03	8.71	3.18	0.00
0	0	0.09	0.20	64.92	21.89	0.00
0	4	0.00	0.00	0.57	0.09	0.00
1	1	0.00	0.00	0.64	0.39	0.00
1	5	0.00	0.00	1.02	0.00	0.00
2	2	0.00	0.00	0.50	0.10	0.00
2	6	0.00	0.00	1.37	1.18	0.00
3	3	0.00	0.00	0.28	0.88	0.00
3	7	0.00	0.00	0.36	0.89	0.00
Core	CPU	C1%	C3%	C6%	C8%	C9%
-	-	0.01	0.04	8.50	3.34	0.00
0	0	0.09	0.21	64.88	21.85	0.00
0	4	0.02	0.05	0.67	0.41	0.00
1	1	0.00	0.00	0.28	0.79	0.00
1	5	0.00	0.03	0.93	0.59	0.00
2	2	0.00	0.00	0.25	0.69	0.00
2	6	0.00	0.00	0.42	0.99	0.00
3	3	0.00	0.00	0.19	0.70	0.00
3	7	0.00	0.00	0.38	0.69	0.00
Core	CPU	C1%	C3%	C6%	C8%	C9%
-	-	0.01	0.08	8.48	3.24	0.01
0	0	0.07	0.54	63.25	20.21	0.00
0	4	0.00	0.03	0.78	0.79	0.00
1	1	0.00	0.00	0.10	0.89	0.00
1	5	0.00	0.04	0.85	0.59	0.00
2	2	0.00	0.00	0.37	0.99	0.00
2	6	0.00	0.04	0.80	0.79	0.05
3	3	0.00	0.00	0.80	1.08	0.00
3	7	0.00	0.01	0.89	0.59	0.00
Core	CPU	C1%	C3%	C6%	C8%	C9%
-	-	0.02	0.09	8.48	3.39	0.12
0	0	0.17	0.60	63.54	20.90	0.00
0	4	0.00	0.00	0.84	0.40	0.92
1	1	0.00	0.00	0.70	0.60	0.00
1	5	0.00	0.09	1.07	0.59	0.00
2	2	0.00	0.00	0.10	0.59	0.00
2	6	0.00	0.00	0.55	0.69	0.00
3	3	0.00	0.00	0.74	2.19	0.00
3	7	0.00	0.00	0.30	1.18	0.00
Core	CPU	C1%	C3%	C6%	C8%	C9%
-	-	0.01	0.13	8.37	3.64	0.19
0	0	0.07	1.01	61.77	20.22	0.83
0	4	0.00	0.00	1.02	0.13	0.68
1	1	0.00	0.00	0.35	1.58	0.00
1	5	0.00	0.01	0.96	1.08	0.00
2	2	0.00	0.00	0.72	0.51	0.00
2	6	0.00	0.00	0.69	0.59	0.00
3	3	0.00	0.01	0.66	2.72	0.00
3	7	0.00	0.00	0.79	2.31	0.00
Core	CPU	C1%	C3%	C6%	C8%	C9%
-	-	0.02	0.11	8.57	3.54	0.11
0	0	0.07	0.72	65.63	20.84	0.00
0	4	0.04	0.15	1.18	1.08	0.89
1	1	0.00	0.00	0.20	1.38	0.00
1	5	0.00	0.00	0.32	1.38	0.00
2	2	0.00	0.00	0.16	1.09	0.00
2	6	0.07	0.00	0.28	1.10	0.00
3	3	0.00	0.02	0.60	0.49	0.00
3	7	0.00	0.00	0.20	0.99	0.00
Core	CPU	C1%	C3%	C6%	C8%	C9%
-	-	0.01	0.05	8.58	3.55	0.22
0	0	0.09	0.30	64.93	21.71	0.00
0	4	0.00	0.09	1.19	0.40	1.78
1	1	0.00	0.01	0.29	1.19	0.00
1	5	0.00	0.00	0.44	0.90	0.00
2	2	0.00	0.00	0.28	0.89	0.00
2	6	0.00	0.00	0.57	1.49	0.00
3	3	0.00	0.00	0.15	1.08	0.00
3	7	0.00	0.00	0.82	0.78	0.00
Core	CPU	C1%	C3%	C6%	C8%	C9%
-	-	0.01	0.03	8.20	3.28	0.07
0	0	0.08	0.22	62.81	20.92	0.00
0	4	0.00	0.04	1.09	1.06	0.58
1	1	0.00	0.00	0.54	0.30	0.00
1	5	0.00	0.00	0.23	0.99	0.00
2	2	0.00	0.00	0.10	0.59	0.00
2	6	0.00	0.00	0.20	0.89	0.00
3	3	0.00	0.00	0.28	0.79	0.00
3	7	0.00	0.00	0.35	0.69	0.00
Core	CPU	C1%	C3%	C6%	C8%	C9%
-	-	0.01	0.03	8.51	3.66	0.00
0	0	0.11	0.06	64.83	22.03	0.00
0	4	0.00	0.13	1.02	1.19	0.00
1	1	0.00	0.00	0.66	0.41	0.00
1	5	0.00	0.00	0.35	0.90	0.00
2	2	0.00	0.00	0.23	1.68	0.00
2	6	0.00	0.02	0.38	0.90	0.00
3	3	0.00	0.00	0.20	1.20	0.00
3	7	0.00	0.00	0.38	1.00	0.00
Core	CPU	C1%	C3%	C6%	C8%	C9%
-	-	0.01	0.08	8.34	3.34	0.12
0	0	0.09	0.45	64.35	21.29	0.00
0	4	0.00	0.17	0.84	0.00	0.94
1	1	0.00	0.00	0.19	0.69	0.00
1	5	0.00	0.00	0.29	0.89	0.00
2	2	0.00	0.01	0.18	1.09	0.00
2	6	0.00	0.00	0.55	0.59	0.00
3	3	0.00	0.00	0.22	1.10	0.00
3	7	0.00	0.00	0.10	1.09	0.00
Core	CPU	C1%	C3%	C6%	C8%	C9%
-	-	0.01	0.07	8.66	3.75	0.00
0	0	0.08	0.38	65.37	21.21	0.00
0	4	0.00	0.13	1.50	1.96	0.01
1	1	0.00	0.00	0.23	1.09	0.00
1	5	0.00	0.02	0.20	0.89	0.00
2	2	0.00	0.00	0.60	0.59	0.00
2	6	0.00	0.00	0.86	1.98	0.00
3	3	0.00	0.00	0.27	1.08	0.00
3	7	0.00	0.00	0.25	1.18	0.00
Core	CPU	C1%	C3%	C6%	C8%	C9%
-	-	0.02	0.06	8.71	3.44	0.12
0	0	0.08	0.33	65.21	21.40	0.00
0	4	0.08	0.10	1.55	0.88	0.92
1	1	0.00	0.00	0.27	1.18	0.00
1	5	0.00	0.00	0.35	0.79	0.00
2	2	0.00	0.00	0.93	0.79	0.00
2	6	0.00	0.02	0.80	0.30	0.00
3	3	0.00	0.00	0.20	1.19	0.00
3	7	0.00	0.00	0.37	0.99	0.00
Core	CPU	C1%	C3%	C6%	C8%	C9%
-	-	0.01	0.06	8.48	3.55	0.91
0	0	0.09	0.34	63.12	20.50	3.34
0	4	0.03	0.12	1.27	0.78	0.47
1	1	0.00	0.00	0.59	0.79	0.00
1	5	0.00	0.00	0.87	1.28	0.00
2	2	0.00	0.00	0.36	1.09	0.00
2	6	0.00	0.00	0.96	1.16	3.45
3	3	0.00	0.02	0.48	1.00	0.00
3	7	0.00	0.00	0.19	1.78	0.00
Core	CPU	C1%	C3%	C6%	C8%	C9%
-	-	0.03	0.05	8.62	3.29	0.22
0	0	0.10	0.24	65.08	21.62	0.00
0	4	0.18	0.12	1.38	0.79	1.76
1	1	0.00	0.00	0.62	0.22	0.00
1	5	0.00	0.02	0.50	0.00	0.00
2	2	0.00	0.00	0.40	0.89	0.00
2	6	0.00	0.00	0.29	0.88	0.00
3	3	0.00	0.00	0.46	0.79	0.00
3	7	0.00	0.00	0.23	1.09	0.00
Core	CPU	C1%	C3%	C6%	C8%	C9%
-	-	0.01	0.05	8.58	3.58	0.10
0	0	0.10	0.27	64.41	21.41	0.83
0	4	0.00	0.10	1.18	1.05	0.00
1	1	0.00	0.00	0.65	1.28	0.00
1	5	0.00	0.00	0.54	0.59	0.00
2	2	0.00	0.02	0.30	0.89	0.00
2	6	0.00	0.00	0.94	1.68	0.00
3	3	0.00	0.00	0.19	0.99	0.00
3	7	0.00	0.00	0.47	0.79	0.00
Core	CPU	C1%	C3%	C6%	C8%	C9%
-	-	0.01	0.04	8.46	3.59	0.00
0	0	0.09	0.15	65.01	21.85	0.00
0	4	0.00	0.16	0.94	0.88	0.00
1	1	0.00	0.00	0.39	1.09	0.00
1	5	0.00	0.00	0.37	1.19	0.00
2	2	0.00	0.00	0.26	0.98	0.00
2	6	0.00	0.00	0.14	0.99	0.00
3	3	0.00	0.02	0.30	1.00	0.00
3	7	0.00	0.00	0.30	0.78	0.00
Core	CPU	C1%	C3%	C6%	C8%	C9%
-	-	0.01	0.07	8.64	3.61	0.07
0	0	0.09	0.43	65.46	20.96	0.00
0	4	0.00	0.12	1.18	1.66	0.54
1	1	0.00	0.02	0.24	0.89	0.00
1	5	0.00	0.00	0.14	0.70	0.00
2	2	0.00	0.00	0.58	1.08	0.00
2	6	0.00	0.00	0.46	0.79	0.00
3	3	0.00	0.00	0.25	1.68	0.00
3	7	0.00	0.00	0.81	1.09	0.00
Core	CPU	C1%	C3%	C6%	C8%	C9%
-	-	0.01	0.04	8.15	3.16	0.00
0	0	0.09	0.19	63.02	20.81	0.00
0	4	0.00	0.13	0.94	0.20	0.00
1	1	0.00	0.00	0.15	0.60	0.00
1	5	0.00	0.00	0.18	0.70	0.00
2	2	0.00	0.01	0.19	0.21	0.00
2	6	0.00	0.00	0.10	1.08	0.00
3	3	0.00	0.00	0.28	0.89	0.00
3	7	0.00	0.00	0.35	0.79	0.00
Core	CPU	C1%	C3%	C6%	C8%	C9%
-	-	0.01	0.09	8.75	3.76	0.19
0	0	0.09	0.57	65.09	21.25	0.00
0	4	0.00	0.16	1.51	1.62	1.52
1	1	0.00	0.00	0.77	1.68	0.00
1	5	0.00	0.02	0.75	0.61	0.00
2	2	0.00	0.00	0.24	1.19	0.00
2	6	0.00	0.00	1.07	1.58	0.00
3	3	0.00	0.00	0.10	1.09	0.00
3	7	0.01	0.00	0.46	1.04	0.00
Core	CPU	C1%	C3%	C6%	C8%	C9%
-	-	0.01	0.05	8.62	3.34	0.10
0	0	0.08	0.22	64.36	21.49	0.00
0	4	0.00	0.14	1.24	0.89	0.82
1	1	0.00	0.01	0.40	0.49	0.00
1	5	0.00	0.00	0.99	0.79	0.00
2	2	0.00	0.00	0.28	1.09	0.00
2	6	0.00	0.00	0.36	0.99	0.00
3	3	0.00	0.00	0.63	0.49	0.00
3	7	0.00	0.02	0.71	0.50	0.00
Core	CPU	C1%	C3%	C6%	C8%	C9%
-	-	0.01	0.04	8.60	3.42	0.08
0	0	0.08	0.23	65.35	21.40	0.00
0	4	0.00	0.10	0.95	0.91	0.66
1	1	0.00	0.00	0.23	1.00	0.00
1	5	0.00	0.03	0.30	0.59	0.00
2	2	0.00	0.00	0.59	0.69	0.00
2	6	0.00	0.00	0.27	0.99	0.00
3	3	0.00	0.00	0.37	0.98	0.00
3	7	0.00	0.00	0.74	0.79	0.00
Core	CPU	C1%	C3%	C6%	C8%	C9%
-	-	0.01	0.06	8.65	3.40	0.12
0	0	0.08	0.36	65.53	21.06	0.00
0	4	0.00	0.10	1.28	0.40	0.97
1	1	0.00	0.00	0.27	0.89	0.00
1	5	0.00	0.00	0.45	0.69	0.00
2	2	0.00	0.00	0.72	0.89	0.00
2	6	0.00	0.02	0.38	1.18	0.00
3	3	0.00	0.00	0.20	1.19	0.00
3	7	0.00	0.00	0.37	0.89	0.00
Core	CPU	C1%	C3%	C6%	C8%	C9%
-	-	0.01	0.10	8.32	3.75	0.12
0	0	0.08	0.73	62.79	20.48	0.00
0	4	0.01	0.03	0.87	0.88	0.91
1	1	0.00	0.00	0.24	1.78	0.00
1	5	0.00	0.00	0.28	1.48	0.00
2	2	0.00	0.00	0.48	1.39	0.00
2	6	0.00	0.01	1.43	1.39	0.04
3	3	0.00	0.02	0.30	1.19	0.00
3	7	0.00	0.00	0.20	1.39	0.00
Core	CPU	C1%	C3%	C6%	C8%	C9%
-	-	0.02	0.05	8.81	3.48	0.12
0	0	0.10	0.31	65.18	21.49	0.00
0	4	0.08	0.09	1.75	0.19	0.95
1	1	0.00	0.00	0.82	0.51	0.00
1	5	0.00	0.01	0.50	0.00	0.00
2	2	0.00	0.00	0.69	1.48	0.00
2	6	0.00	0.00	0.87	1.28	0.00
3	3	0.00	0.00	0.46	1.28	0.00
3	7	0.00	0.00	0.23	1.58	0.00
Core	CPU	C1%	C3%	C6%	C8%	C9%
-	-	0.01	0.06	8.59	3.41	0.13
0	0	0.08	0.34	64.78	20.95	0.84
0	4	0.00	0.12	1.20	0.89	0.23
1	1	0.00	0.00	0.35	0.79	0.00
1	5	0.00	0.00	0.63	0.79	0.00
2	2	0.00	0.02	0.79	1.00	0.00
2	6	0.00	0.00	0.18	0.99	0.00
3	3	0.00	0.00	0.19	0.99	0.00
3	7	0.00	0.01	0.58	0.88	0.00
Core	CPU	C1%	C3%	C6%	C8%	C9%
-	-	0.01	0.04	8.57	3.69	0.00
0	0	0.09	0.13	65.08	21.81	0.00
0	4	0.00	0.12	0.85	0.87	0.00
1	1	0.00	0.00	0.28	1.29	0.00
1	5	0.00	0.00	0.37	1.19	0.00
2	2	0.00	0.06	0.30	0.99	0.00
2	6	0.00	0.00	0.34	1.28	0.00
3	3	0.00	0.02	0.50	1.18	0.00
3	7	0.00	0.00	0.87	0.89	0.00
Core	CPU	C1%	C3%	C6%	C8%	C9%
-	-	0.01	0.19	8.37	3.15	0.33
0	0	0.07	1.35	61.87	18.85	0.00
0	4	0.00	0.13	1.34	0.79	2.65
1	1	0.00	0.00	0.17	1.18	0.00
1	5	0.00	0.00	0.19	1.08	0.00
2	2	0.00	0.00	0.37	0.89	0.00
2	6	0.00	0.00	1.00	0.88	0.00
3	3	0.00	0.00	1.03	0.79	0.00
3	7	0.01	0.01	0.99	0.70	0.00
Core	CPU	C1%	C3%	C6%	C8%	C9%
-	-	0.01	0.08	8.34	3.35	0.07
0	0	0.09	0.48	63.15	20.32	0.00
0	4	0.00	0.14	1.15	1.48	0.46
1	1	0.00	0.00	0.24	0.71	0.00
1	5	0.00	0.00	0.22	0.30	0.00
2	2	0.00	0.00	0.69	0.69	0.00
2	6	0.00	0.00	0.39	0.78	0.08
3	3	0.00	0.00	0.66	0.98	0.00
3	7	0.00	0.00	0.24	1.58	0.00
Core	CPU	C1%	C3%	C6%	C8%	C9%
-	-	0.01	0.05	8.65	3.45	0.10
0	0	0.09	0.29	65.29	21.27	0.00
0	4	0.00	0.10	1.38	0.79	0.81
1	1	0.00	0.00	0.26	0.89	0.00
1	5	0.00	0.00	0.15	0.99	0.00
2	2	0.00	0.00	0.62	0.50	0.00
2	6	0.00	0.00	0.88	1.38	0.00
3	3	0.00	0.00	0.20	0.98	0.00
3	7	0.00	0.00	0.37	0.78	0.00
Core	CPU	C1%	C3%	C6%	C8%	C9%
-	-	0.01	0.03	8.34	3.65	0.12
0	0	0.08	0.10	64.28	21.78	0.00
0	4	0.00	0.13	0.90	0.88	0.96
1	1	0.00	0.00	0.19	1.29	0.00
1	5	0.00	0.00	0.28	1.28	0.00
2	2	0.00	0.00	0.25	1.09	0.00
2	6	0.00	0.00	0.24	1.18	0.00
3	3	0.00	0.02	0.30	0.80	0.00
3	7	0.00	0.00	0.31	0.89	0.00
Core	CPU	C1%	C3%	C6%	C8%	C9%
-	-	0.01	0.08	8.80	3.72	0.08
0	0	0.10	0.55	65.22	20.85	0.00
0	4	0.00	0.12	1.26	1.91	0.66
1	1	0.00	0.00	0.39	1.38	0.00
1	5	0.00	0.00	0.19	0.95	0.00
2	2	0.00	0.00	0.37	0.99	0.00
2	6	0.00	0.00	2.01	1.98	0.00
3	3	0.00	0.00	0.23	1.09	0.00
3	7	0.00	0.00	0.70	0.59	0.00
Core	CPU	C1%	C3%	C6%	C8%	C9%
-	-	0.01	0.05	8.51	3.72	0.05
0	0	0.09	0.12	65.33	21.50	0.00
0	4	0.00	0.20	0.97	0.89	0.40
1	1	0.00	0.00	0.32	1.38	0.00
1	5	0.00	0.05	0.27	0.90	0.00
2	2	0.00	0.00	0.30	0.66	0.00
2	6	0.00	0.00	0.29	1.67	0.00
3	3	0.00	0.00	0.46	1.58	0.00
3	7	0.00	0.00	0.14	1.19	0.00
Core	CPU	C1%	C3%	C6%	C8%	C9%
-	-	0.01	0.07	8.38	3.17	0.56
0	0	0.09	0.40	62.96	20.55	0.00
0	4	0.00	0.16	1.10	0.00	0.96
1	1	0.00	0.00	0.15	0.99	0.00
1	5	0.00	0.00	0.91	0.80	0.00
2	2	0.00	0.01	0.39	0.73	0.00
2	6	0.00	0.00	0.79	0.80	3.52
3	3	0.00	0.00	0.28	0.89	0.00
3	7	0.00	0.00	0.46	0.59	0.00
Core	CPU	C1%	C3%	C6%	C8%	C9%
-	-	0.01	0.05	8.55	3.63	0.24
0	0	0.10	0.27	65.32	21.31	0.00
0	4	0.00	0.13	1.13	1.68	1.88
1	1	0.00	0.00	0.28	0.99	0.00
1	5	0.00	0.00	0.40	1.59	0.00
2	2	0.00	0.00	0.24	0.69	0.00
2	6	0.00	0.00	0.25	0.99	0.00
3	3	0.00	0.01	0.40	0.92	0.00
3	7	0.00	0.00	0.38	0.83	0.00
Core	CPU	C1%	C3%	C6%	C8%	C9%
-	-	0.01	0.08	8.68	3.66	0.00
0	0	0.09	0.32	64.40	21.38	0.00
0	4	0.00	0.21	1.05	0.90	0.00
1	1	0.00	0.03	0.30	0.40	0.00
1	5	0.00	0.00	0.00	0.50	0.00
2	2	0.00	0.00	0.57	0.99	0.00
2	6	0.00	0.03	2.13	1.59	0.00
3	3	0.00	0.00	0.44	2.07	0.00
3	7	0.00	0.03	0.58	1.48	0.00
Core	CPU	C1%	C3%	C6%	C8%	C9%
-	-	0.01	0.06	8.60	3.43	0.23
0	0	0.08	0.33	65.09	21.55	0.00
0	4	0.00	0.13	0.89	0.88	1.86
1	1	0.00	0.00	0.64	0.00	0.00
1	5	0.00	0.00	0.13	0.78	0.00
2	2	0.00	0.00	0.10	0.50	0.00
2	6	0.00	0.00	0.50	1.08	0.00
3	3	0.00	0.00	0.87	1.26	0.00
3	7	0.00	0.00	0.55	1.38	0.00
Core	CPU	C1%	C3%	C6%	C8%	C9%
-	-	0.02	0.06	8.87	3.44	0.00
0	0	0.09	0.29	65.26	21.44	0.00
0	4	0.06	0.14	1.14	0.89	0.00
1	1	0.00	0.00	0.26	1.19	0.00
1	5	0.00	0.00	0.75	1.19	0.00
2	2	0.00	0.00	1.02	0.39	0.00
2	6	0.00	0.02	1.87	0.79	0.00
3	3	0.00	0.00	0.30	0.84	0.00
3	7	0.00	0.00	0.38	0.79	0.00
Core	CPU	C1%	C3%	C6%	C8%	C9%
-	-	0.01	0.08	8.22	3.49	0.22
0	0	0.08	0.54	62.98	20.50	0.00
0	4	0.00	0.10	0.92	0.98	1.73
1	1	0.00	0.00	0.19	0.99	0.00
1	5	0.00	0.00	0.27	0.99	0.00
2	2	0.00	0.00	0.52	1.19	0.00
2	6	0.00	0.00	0.34	0.99	0.00
3	3	0.00	0.00	0.31	1.42	0.00
3	7	0.00	0.00	0.19	0.90	0.00
Core	CPU	C1%	C3%	C6%	C8%	C9%
-	-	0.01	0.11	8.62	3.43	0.00
0	0	0.08	0.80	65.49	20.94	0.00
0	4	0.02	0.09	1.11	1.26	0.00
1	1	0.00	0.02	0.49	0.11	0.00
1	5	0.00	0.00	0.10	0.60	0.00
2	2	0.00	0.00	0.20	1.08	0.00
2	6	0.00	0.00	0.94	1.08	0.00
3	3	0.00	0.00	0.25	1.38	0.00
3	7	0.00	0.00	0.41	0.98	0.00
Core	CPU	C1%	C3%	C6%	C8%	C9%
-	-	0.02	0.02	8.47	3.55	0.00
0	0	0.08	0.05	64.59	21.50	0.00
0	4	0.08	0.07	1.21	0.88	0.00
1	1	0.00	0.00	0.35	0.79	0.00
1	5	0.00	0.00	0.24	0.99	0.00
2	2	0.00	0.01	0.39	0.80	0.00
2	6	0.00	0.00	0.20	1.09	0.00
3	3	0.00	0.00	0.28	0.86	0.00
3	7	0.00	0.00	0.49	1.49	0.00
Core	CPU	C1%	C3%	C6%	C8%	C9%
-	-	0.01	0.06	8.55	3.69	0.39
0	0	0.08	0.34	64.99	21.63	0.00
0	4	0.00	0.15	1.69	0.89	3.08
1	1	0.00	0.00	0.28	0.99	0.00
1	5	0.00	0.00	0.36	0.98	0.00
2	2	0.00	0.00	0.15	1.08	0.00
2	6	0.00	0.00	0.49	1.68	0.00
3	3	0.00	0.00	0.29	1.34	0.00
3	7	0.00	0.00	0.19	0.89	0.00
Core	CPU	C1%	C3%	C6%	C8%	C9%
-	-	0.01	0.06	8.43	3.51	0.35
0	0	0.10	0.29	65.01	21.62	0.00
0	4	0.00	0.15	1.02	0.89	2.82
1	1	0.00	0.00	0.30	0.69	0.00
1	5	0.00	0.00	0.18	0.99	0.00
2	2	0.00	0.00	0.36	0.99	0.00
2	6	0.00	0.00	0.15	0.99	0.00
3	3	0.00	0.00	0.32	0.81	0.00
3	7	0.00	0.00	0.10	1.09	0.00
Core	CPU	C1%	C3%	C6%	C8%	C9%
-	-	0.01	0.08	8.33	3.32	0.09
0	0	0.09	0.47	62.82	20.66	0.00
0	4	0.00	0.15	0.93	1.46	0.61
1	1	0.00	0.00	0.62	0.00	0.00
1	5	0.00	0.01	0.70	0.10	0.00
2	2	0.00	0.00	0.29	1.09	0.00
2	6	0.00	0.00	0.79	0.98	0.09
3	3	0.00	0.00	0.26	1.37	0.00
3	7	0.00	0.00	0.24	0.89	0.00
Core	CPU	C1%	C3%	C6%	C8%	C9%
-	-	0.02	0.05	8.82	3.57	0.00
0	0	0.09	0.30	65.02	21.66	0.00
0	4	0.10	0.13	1.60	2.18	0.00
1	1	0.00	0.00	0.56	0.69	0.00
1	5	0.00	0.00	0.77	1.19	0.00
2	2	0.00	0.00	0.92	0.49	0.00
2	6	0.00	0.01	0.79	0.40	0.00
3	3	0.00	0.00	0.49	1.04	0.00
3	7	0.00	0.00	0.36	0.89	0.00
Core	CPU	C1%	C3%	C6%	C8%	C9%
-	-	0.04	0.07	8.48	3.51	0.00
0	0	0.09	0.41	64.20	21.47	0.00
0	4	0.00	0.13	0.98	0.38	0.00
1	1	0.20	0.01	0.29	1.19	0.00
1	5	0.00	0.00	0.45	1.28	0.00
2	2	0.00	0.00	0.25	0.98	0.00
2	6	0.00	0.00	1.21	0.99	0.00
3	3	0.00	0.02	0.29	0.63	0.00
3	7	0.00	0.00	0.19	1.12	0.00
Core	CPU	C1%	C3%	C6%	C8%	C9%
-	-	0.01	0.04	8.67	3.31	0.07
0	0	0.10	0.20	64.90	21.87	0.00
0	4	0.00	0.08	1.11	0.79	0.60
1	1	0.00	0.02	0.70	0.19	0.00
1	5	0.00	0.00	0.70	0.39	0.00
2	2	0.00	0.00	0.68	0.30	0.00
2	6	0.00	0.00	0.28	0.99	0.00
3	3	0.00	0.00	0.83	0.89	0.00
3	7	0.00	0.03	0.19	1.09	0.00
Core	CPU	C1%	C3%	C6%	C8%	C9%
-	-	0.02	0.06	8.62	3.39	0.00
0	0	0.09	0.37	65.41	21.12	0.00
0	4	0.07	0.11	1.28	0.80	0.00
1	1	0.00	0.00	0.34	0.79	0.00
1	5	0.00	0.00	0.23	0.99	0.00
2	2	0.00	0.00	0.20	0.92	0.00
2	6	0.00	0.00	0.75	0.99	0.00
3	3	0.00	0.00	0.28	0.79	0.00
3	7	0.00	0.00	0.46	0.69	0.00
Core	CPU	C1%	C3%	C6%	C8%	C9%
-	-	0.01	0.12	8.28	3.35	0.40
0	0	0.08	0.48	62.42	21.07	0.00
0	4	0.00	0.08	1.46	0.19	3.20
1	1	0.00	0.00	0.66	0.80	0.00
1	5	0.00	0.00	0.36	1.37	0.00
2	2	0.00	0.00	0.34	0.81	0.00
2	6	0.00	0.37	0.42	0.70	0.00
3	3	0.00	0.00	0.20	0.99	0.00
3	7	0.00	0.00	0.38	0.88	0.00
Core	CPU	C1%	C3%	C6%	C8%	C9%
-	-	0.01	0.10	8.60	3.64	0.04
0	0	0.09	0.64	64.35	20.02	0.00
0	4	0.00	0.17	1.57	1.77	0.31
1	1	0.00	0.00	0.20	1.29	0.00
1	5	0.00	0.00	0.47	1.68	0.00
2	2	0.00	0.00	0.26	1.38	0.00
2	6	0.00	0.00	0.43	1.10	0.00
3	3	0.00	0.00	0.63	0.59	0.00
3	7	0.00	0.00	0.87	1.28	0.00
Core	CPU	C1%	C3%	C6%	C8%	C9%
-	-	0.01	0.11	8.12	3.49	0.36
0	0	0.08	0.75	62.18	20.18	0.00
0	4	0.00	0.12	0.82	0.00	2.90
1	1	0.00	0.00	0.46	1.80	0.00
1	5	0.00	0.02	0.39	1.39	0.00
2	2	0.00	0.01	0.11	0.80	0.00
2	6	0.00	0.00	0.29	1.28	0.00
3	3	0.00	0.00	0.46	1.18	0.00
3	7	0.00	0.00	0.24	1.28	0.00
Core	CPU	C1%	C3%	C6%	C8%	C9%
-	-	0.01	0.06	8.68	3.73	0.10
0	0	0.09	0.36	65.20	21.30	0.00
0	4	0.00	0.13	1.39	1.98	0.82
1	1	0.00	0.00	0.25	1.09	0.00
1	5	0.00	0.00	0.13	0.99	0.00
2	2	0.00	0.00	0.70	0.39	0.00
2	6	0.00	0.00	1.07	1.88	0.00
3	3	0.00	0.00	0.28	1.65	0.00
3	7	0.00	0.00	0.46	0.59	0.00
Core	CPU	C1%	C3%	C6%	C8%	C9%
-	-	0.01	0.05	8.56	3.53	0.12
0	0	0.10	0.27	65.40	21.26	0.00
0	4	0.00	0.12	0.89	1.29	0.97
1	1	0.00	0.00	0.56	0.40	0.00
1	5	0.00	0.00	0.44	1.11	0.00
2	2	0.00	0.00	0.32	1.21	0.00
2	6	0.00	0.00	0.22	1.00	0.00
3	3	0.00	0.00	0.28	1.06	0.00
3	7	0.00	0.00	0.37	0.89	0.00
Core	CPU	C1%	C3%	C6%	C8%	C9%
-	-	0.01	0.10	8.27	3.64	0.04
0	0	0.08	0.62	63.04	20.22	0.00
0	4	0.01	0.12	0.88	1.77	0.31
1	1	0.00	0.00	0.29	1.19	0.00
1	5	0.00	0.00	0.28	1.09	0.00
2	2	0.00	0.00	0.84	1.39	0.00
2	6	0.00	0.00	0.25	1.39	0.00
3	3	0.00	0.02	0.29	0.93	0.00
3	7	0.00	0.00	0.29	1.19	0.00
Core	CPU	C1%	C3%	C6%	C8%	C9%
-	-	0.02	0.07	8.63	3.40	0.12
0	0	0.14	0.40	65.01	21.42	0.00
0	4	0.00	0.12	1.29	0.79	0.95
1	1	0.00	0.01	0.30	0.70	0.00
1	5	0.00	0.00	0.10	0.79	0.00
2	2	0.00	0.00	0.28	0.99	0.00
2	6	0.00	0.00	0.45	0.89	0.00
3	3	0.00	0.00	0.83	0.80	0.00
3	7	0.00	0.01	0.79	0.79	0.00
Core	CPU	C1%	C3%	C6%	C8%	C9%
-	-	0.02	0.06	8.61	3.56	0.00
0	0	0.09	0.38	64.93	20.77	0.00
0	4	0.00	0.09	1.03	0.88	0.00
1	1	0.00	0.01	0.58	0.49	0.00
1	5	0.00	0.00	0.21	0.69	0.00
2	2	0.09	0.00	0.40	0.70	0.00
2	6	0.00	0.00	0.74	2.39	0.00
3	3	0.00	0.00	0.48	1.57	0.00
3	7	0.00	0.00	0.53	0.99	0.00
Core	CPU	C1%	C3%	C6%	C8%	C9%
-	-	0.01	0.06	8.60	3.31	0.00
0	0	0.09	0.23	64.94	21.80	0.00
0	4	0.00	0.21	1.07	0.39	0.00
1	1	0.00	0.00	1.05	0.00	0.00
1	5	0.00	0.03	0.34	0.47	0.00
2	2	0.00	0.00	0.41	0.90	0.00
2	6	0.00	0.00	0.10	1.09	0.00
3	3	0.00	0.00	0.49	0.86	0.00
3	7	0.00	0.00	0.37	0.98	0.00
Core	CPU	C1%	C3%	C6%	C8%	C9%
-	-	0.01	0.05	8.50	3.52	0.04
0	0	0.09	0.33	64.90	21.74	0.00
0	4	0.00	0.04	1.50	0.79	0.31
1	1	0.00	0.00	0.28	0.89	0.00
1	5	0.00	0.00	0.36	0.89	0.00
2	2	0.00	0.00	0.14	0.99	0.00
2	6	0.00	0.00	0.41	0.99	0.00
3	3	0.00	0.00	0.10	1.02	0.00
3	7	0.00	0.00	0.29	0.89	0.00
Core	CPU	C1%	C3%	C6%	C8%	C9%
-	-	0.01	0.05	8.35	3.37	0.01
0	0	0.08	0.24	62.86	20.91	0.00
0	4	0.00	0.14	1.21	0.90	0.00
1	1	0.00	0.02	0.29	0.60	0.00
1	5	0.00	0.00	0.10	1.00	0.00
2	2	0.00	0.00	0.28	0.99	0.00
2	6	0.00	0.00	0.56	0.99	0.08
3	3	0.00	0.00	0.74	0.79	0.00
3	7	0.00	0.02	0.79	0.79	0.00
Core	CPU	C1%	C3%	C6%	C8%	C9%
-	-	0.02	0.04	8.46	3.61	0.00
0	0	0.10	0.18	64.74	22.01	0.00
0	4	0.03	0.14	0.99	1.69	0.00
1	1	0.00	0.00	0.15	0.40	0.00
1	5	0.00	0.03	0.13	0.50	0.00
2	2	0.00	0.00	0.52	0.60	0.00
2	6	0.00	0.01	0.69	1.11	0.00
3	3	0.00	0.00	0.19	1.37	0.00
3	7	0.00	0.00	0.29	1.20	0.00
Core	CPU	C1%	C3%	C6%	C8%	C9%
-	-	0.01	0.05	8.39	3.53	0.00
0	0	0.10	0.26	64.31	21.56	0.00
0	4	0.00	0.12	1.06	0.49	0.00
1	1	0.00	0.00	0.28	1.09	0.00
1	5	0.00	0.00	0.36	0.80	0.00
2	2	0.00	0.00	0.24	1.19	0.00
2	6	0.00	0.00	0.23	1.19	0.00
3	3	0.00	0.00	0.49	1.04	0.00
3	7	0.00	0.00	0.19	0.89	0.00
Core	CPU	C1%	C3%	C6%	C8%	C9%
-	-	0.01	0.08	8.48	3.25	0.00
0	0	0.10	0.49	65.23	21.16	0.00
0	4	0.00	0.13	0.83	0.00	0.00
1	1	0.00	0.00	0.60	0.00	0.00
1	5	0.00	0.00	0.18	0.99	0.00
2	2	0.00	0.00	0.36	0.89	0.00
2	6	0.00	0.00	0.23	1.19	0.00
3	3	0.00	0.00	0.32	0.80	0.00
3	7	0.00	0.00	0.10	0.99	0.00
Core	CPU	C1%	C3%	C6%	C8%	C9%
-	-	0.01	0.04	8.39	3.40	0.15
0	0	0.10	0.24	64.66	21.94	0.00
0	4	0.00	0.10	0.90	0.88	1.22
1	1	0.00	0.00	0.28	0.50	0.00
1	5	0.00	0.00	0.13	0.40	0.00
2	2	0.00	0.00	0.58	0.60	0.00
2	6	0.00	0.00	0.19	0.98	0.00
3	3	0.00	0.00	0.27	0.96	0.00
3	7	0.00	0.00	0.14	0.98	0.00
Core	CPU	C1%	C3%	C6%	C8%	C9%
-	-	0.02	0.07	8.49	3.54	0.23
0	0	0.08	0.46	62.45	21.07	0.00
0	4	0.00	0.03	1.42	1.47	1.79
1	1	0.00	0.00	0.36	1.09	0.00
1	5	0.00	0.00	0.35	1.28	0.00
2	2	0.00	0.01	1.02	0.79	0.00
2	6	0.10	0.05	1.66	0.61	0.06
3	3	0.00	0.00	0.29	1.23	0.00
3	7	0.00	0.00	0.38	0.79	0.00
Core	CPU	C1%	C3%	C6%	C8%	C9%
-	-	0.01	0.05	8.58	3.57	0.00
0	0	0.08	0.20	64.81	21.98	0.00
0	4	0.01	0.18	1.11	1.00	0.00
1	1	0.00	0.00	0.10	0.99	0.00
1	5	0.00	0.00	0.29	1.18	0.00
2	2	0.00	0.00	0.36	0.99	0.00
2	6	0.00	0.00	0.55	0.69	0.00
3	3	0.00	0.00	0.62	0.92	0.00
3	7	0.00	0.00	0.79	0.79	0.00
Core	CPU	C1%	C3%	C6%	C8%	C9%
-	-	0.02	0.04	8.49	3.24	0.00
0	0	0.10	0.21	64.54	21.31	0.00
0	4	0.03	0.08	0.93	0.00	0.00
1	1	0.00	0.00	0.63	0.30	0.00
1	5	0.00	0.00	0.60	0.50	0.00
2	2	0.00	0.00	0.28	1.00	0.00
2	6	0.00	0.00	0.45	1.00	0.00
3	3	0.00	0.06	0.29	0.88	0.00
3	7	0.00	0.00	0.23	0.89	0.00
Core	CPU	C1%	C3%	C6%	C8%	C9%
-	-	0.01	0.06	8.58	3.65	0.08
0	0	0.10	0.36	65.09	21.55	0.00
0	4	0.00	0.13	1.37	1.46	0.64
1	1	0.00	0.00	0.85	0.39	0.00
1	5	0.00	0.00	0.24	1.39	0.00
2	2	0.00	0.00	0.32	1.19	0.00
2	6	0.00	0.00	0.10	1.58	0.00
3	3	0.00	0.00	0.29	0.85	0.00
3	7	0.00	0.00	0.37	0.79	0.00
Core	CPU	C1%	C3%	C6%	C8%	C9%
-	-	0.02	0.06	8.58	3.53	0.12
0	0	0.15	0.34	65.37	21.01	0.00
0	4	0.00	0.10	0.93	0.20	0.95
1	1	0.00	0.00	0.28	1.09	0.00
1	5	0.00	0.00	0.37	1.09	0.00
2	2	0.00	0.00	0.15	0.99	0.00
2	6	0.00	0.00	1.10	1.39	0.00
3	3	0.00	0.00	0.19	1.72	0.00
3	7	0.00	0.00	0.30	0.78	0.00
Core	CPU	C1%	C3%	C6%	C8%	C9%
-	-	0.01	0.05	8.14	3.48	0.10
0	0	0.07	0.26	62.66	21.06	0.00
0	4	0.00	0.10	1.06	1.18	0.82
1	1	0.00	0.00	0.10	0.60	0.00
1	5	0.00	0.00	0.19	0.81	0.00
2	2	0.00	0.00	0.27	1.09	0.00
2	6	0.00	0.00	0.36	1.09	0.00
3	3	0.00	0.00	0.34	0.89	0.00
3	7	0.00	0.00	0.10	1.09	0.00
Core	CPU	C1%	C3%	C6%	C8%	C9%
-	-	0.02	0.06	8.54	3.55	0.21
0	0	0.09	0.37	64.95	21.56	0.00
0	4	0.07	0.08	0.87	0.88	1.69
1	1	0.00	0.00	1.13	0.79	0.00
1	5	0.00	0.00	0.28	0.40	0.00
2	2	0.00	0.00	0.19	0.90	0.00
2	6	0.00	0.00	0.48	1.96	0.00
3	3	0.00	0.00	0.19	0.98	0.00
3	7	0.00	0.00	0.24	0.90	0.00
Core	CPU	C1%	C3%	C6%	C8%	C9%
-	-	0.01	0.09	8.76	3.56	0.00
0	0	0.09	0.56	64.53	21.03	0.00
0	4	0.00	0.12	1.56	0.00	0.00
1	1	0.00	0.01	0.96	1.78	0.00
1	5	0.00	0.00	0.35	1.58	0.00
2	2	0.00	0.00	0.82	0.89	0.00
2	6	0.00	0.00	0.70	0.79	0.00
3	3	0.00	0.00	0.39	1.14	0.00
3	7	0.00	0.00	0.79	1.26	0.00
Core	CPU	C1%	C3%	C6%	C8%	C9%
-	-	0.01	0.06	8.61	3.55	0.00
0	0	0.10	0.38	65.08	21.49	0.00
0	4	0.00	0.11	1.00	0.89	0.00
1	1	0.00	0.00	0.69	0.59	0.00
1	5	0.00	0.00	0.37	1.19	0.00
2	2	0.00	0.00	0.34	0.99	0.00
2	6	0.00	0.00	0.75	1.31	0.00
3	3	0.00	0.02	0.38	1.13	0.00
3	7	0.00	0.00	0.29	0.80	0.00
Core	CPU	C1%	C3%	C6%	C8%	C9%
-	-	0.02	0.15	7.99	3.21	0.10
0	0	0.11	1.09	61.37	19.71	0.00
0	4	0.09	0.08	0.79	0.89	0.78
1	1	0.00	0.02	0.24	0.51	0.00
1	5	0.00	0.00	0.58	0.80	0.00
2	2	0.00	0.00	0.19	1.08	0.00
2	6	0.00	0.00	0.37	0.79	0.00
3	3	0.00	0.00	0.25	0.89	0.00
3	7	0.00	0.03	0.10	0.99	0.00
Core	CPU	C1%	C3%	C6%	C8%	C9%
-	-	0.02	0.08	8.10	3.30	0.04
0	0	0.08	0.46	62.93	20.55	0.00
0	4	0.02	0.20	0.71	0.90	0.31
1	1	0.00	0.00	0.15	0.59	0.00
1	5	0.00	0.00	0.22	0.61	0.00
2	2	0.00	0.00	0.09	0.80	0.00
2	6	0.01	0.00	0.19	1.00	0.00
3	3	0.00	0.00	0.27	0.96	0.00
3	7	0.00	0.00	0.26	0.98	0.00
Core	CPU	C1%	C3%	C6%	C8%	C9%
-	-	0.02	0.06	8.58	3.72	0.20
0	0	0.08	0.34	65.41	21.20	0.00
0	4	0.09	0.12	1.38	1.77	1.59
1	1	0.00	0.00	0.28	1.19	0.00
1	5	0.00	0.00	0.40	0.99	0.00
2	2	0.00	0.00	0.24	1.19	0.00
2	6	0.00	0.00	0.23	1.28	0.00
3	3	0.00	0.00	0.19	0.95	0.00
3	7	0.00	0.00	0.48	1.18	0.00
Core	CPU	C1%	C3%	C6%	C8%	C9%
-	-	0.10	0.08	8.46	3.59	0.23
0	0	0.08	0.46	64.30	21.30	0.91
0	4	0.00	0.13	0.82	0.09	0.00
1	1	0.00	0.00	0.30	0.98	0.00
1	5	0.00	0.00	0.28	1.18	0.00
2	2	0.00	0.00	0.26	1.48	0.00
2	6	0.72	0.00	1.32	1.38	0.00
3	3	0.00	0.02	0.29	1.32	0.00
3	7	0.00	0.01	0.11	0.99	0.90
Core	CPU	C1%	C3%	C6%	C8%	C9%
-	-	0.01	0.05	8.57	3.37	0.07
0	0	0.10	0.26	64.80	21.93	0.00
0	4	0.00	0.12	1.13	0.00	0.58
1	1	0.00	0.01	0.29	0.80	0.00
1	5	0.00	0.00	0.20	1.18	0.00
2	2	0.00	0.00	0.28	0.89	0.00
2	6	0.00	0.00	0.37	0.88	0.00
3	3	0.00	0.00	0.74	0.79	0.00
3	7	0.00	0.02	0.78	0.49	0.00
Core	CPU	C1%	C3%	C6%	C8%	C9%
-	-	0.01	0.05	8.45	3.46	0.08
0	0	0.09	0.26	65.27	21.46	0.00
0	4	0.00	0.13	1.12	1.68	0.64
1	1	0.00	0.00	0.24	0.49	0.00
1	5	0.00	0.00	0.18	0.69	0.00
2	2	0.00	0.00	0.10	0.50	0.00
2	6	0.00	0.00	0.28	0.98	0.00
3	3	0.00	0.00	0.19	0.98	0.00
3	7	0.00	0.00	0.24	0.89	0.00
Core	CPU	C1%	C3%	C6%	C8%	C9%
-	-	0.01	0.12	8.38	3.68	0.08
0	0	0.08	0.52	63.22	20.17	0.00
0	4	0.00	0.06	1.78	0.89	0.63
1	1	0.00	0.00	0.35	1.58	0.00
1	5	0.00	0.00	0.34	1.68	0.00
2	2	0.00	0.02	0.40	1.39	0.00
2	6	0.00	0.37	0.20	1.49	0.00
3	3	0.00	0.00	0.39	1.14	0.00
3	7	0.00	0.00	0.36	1.08	0.00
Core	CPU	C1%	C3%	C6%	C8%	C9%
-	-	0.01	0.06	8.53	3.66	0.00
0	0	0.10	0.42	64.75	21.71	0.00
0	4	0.00	0.05	1.11	0.90	0.00
1	1	0.00	0.00	0.28	1.09	0.00
1	5	0.00	0.00	0.58	1.29	0.00
2	2	0.00	0.00	0.15	0.99	0.00
2	6	0.00	0.00	0.78	1.28	0.00
3	3	0.00	0.01	0.29	1.22	0.00
3	7	0.00	0.00	0.30	0.79	0.00
Core	CPU	C1%	C3%	C6%	C8%	C9%
-	-	0.01	0.07	8.66	3.66	0.21
0	0	0.08	0.32	64.75	21.08	0.00
0	4	0.00	0.18	1.08	1.79	0.81
1	1	0.00	0.03	0.31	0.79	0.90
1	5	0.00	0.00	0.10	0.90	0.00
2	2	0.00	0.00	0.85	1.78	0.00
2	6	0.00	0.00	0.36	0.80	0.00
3	3	0.00	0.00	1.03	1.38	0.00
3	7	0.00	0.02	0.79	0.79	0.00
