Core	CPU	C1%	C3%	C6%	C8%	C9%
-	-	1.65	0.95	9.81	11.71	3.14
0	0	0.11	3.68	47.63	23.42	0.00
0	4	0.00	0.04	1.67	0.11	25.13
1	1	0.00	0.02	0.69	2.16	0.00
1	5	0.20	0.00	3.18	3.30	0.00
2	2	12.40	3.75	15.03	1.59	0.00
2	6	0.17	0.04	6.01	58.33	0.00
3	3	0.15	0.00	1.28	0.69	0.00
3	7	0.13	0.10	3.03	4.07	0.00
Core	CPU	C1%	C3%	C6%	C8%	C9%
-	-	0.05	0.25	6.63	15.40	0.00
0	0	0.11	1.07	41.33	25.49	0.00
0	4	0.00	0.00	0.63	0.91	0.00
1	1	0.00	0.00	0.42	2.39	0.00
1	5	0.00	0.00	0.13	0.59	0.00
2	2	0.28	0.90	2.51	0.68	0.00
2	6	0.00	0.00	6.56	91.68	0.00
3	3	0.00	0.00	0.37	0.89	0.00
3	7	0.00	0.02	1.07	0.59	0.00
Core	CPU	C1%	C3%	C6%	C8%	C9%
-	-	0.01	0.20	7.16	15.25	0.00
0	0	0.08	1.48	45.34	24.61	0.00
0	4	0.00	0.14	2.93	1.80	0.00
1	1	0.00	0.00	0.65	1.39	0.00
1	5	0.00	0.00	0.52	0.69	0.00
2	2	0.00	0.02	0.50	0.19	0.00
2	6	0.00	0.00	5.87	91.58	0.00
3	3	0.00	0.00	0.28	1.19	0.00
3	7	0.00	0.00	1.15	0.60	0.00
Core	CPU	C1%	C3%	C6%	C8%	C9%
-	-	0.01	0.10	6.68	15.76	0.00
0	0	0.09	0.79	44.17	27.40	0.00
0	4	0.00	0.00	0.50	0.80	0.00
1	1	0.00	0.00	0.26	1.19	0.00
1	5	0.00	0.00	0.24	1.29	0.00
2	2	0.00	0.00	0.41	1.00	0.00
2	6	0.00	0.02	6.61	91.52	0.00
3	3	0.00	0.00	0.68	1.91	0.00
3	7	0.00	0.00	0.58	0.98	0.00
Core	CPU	C1%	C3%	C6%	C8%	C9%
-	-	0.02	0.32	6.37	15.15	0.00
0	0	0.12	2.51	41.17	28.42	0.00
0	4	0.00	0.00	0.29	0.50	0.00
1	1	0.00	0.00	0.18	0.89	0.00
1	5	0.00	0.00	0.37	0.69	0.00
2	2	0.00	0.00	0.15	0.99	0.00
2	6	0.00	0.03	7.84	87.65	0.00
3	3	0.02	0.00	0.19	1.28	0.00
3	7	0.00	0.00	0.79	0.80	0.00
Core	CPU	C1%	C3%	C6%	C8%	C9%
-	-	1.53	0.51	6.40	15.07	0.00
0	0	0.10	0.98	31.51	23.26	0.00
0	4	0.00	0.02	0.60	0.00	0.00
1	1	0.00	0.00	0.29	1.19	0.00
1	5	12.12	3.04	10.51	1.29	0.00
2	2	0.00	0.00	0.46	0.50	0.00
2	6	0.00	0.03	7.02	91.30	0.00
3	3	0.00	0.00	0.32	1.10	0.00
3	7	0.00	0.00	0.48	1.90	0.00
Core	CPU	C1%	C3%	C6%	C8%	C9%
-	-	0.36	0.34	7.50	15.13	0.22
0	0	0.15	1.64	42.99	30.89	0.00
0	4	0.00	0.00	1.82	2.78	1.79
1	1	0.00	0.03	0.79	1.71	0.00
1	5	2.74	1.01	5.24	0.38	0.00
2	2	0.00	0.00	0.20	1.19	0.00
2	6	0.00	0.00	7.24	80.82	0.00
3	3	0.00	0.00	0.46	1.58	0.00
3	7	0.00	0.06	1.26	1.65	0.00
Core	CPU	C1%	C3%	C6%	C8%	C9%
-	-	0.02	0.09	6.75	16.08	0.00
0	0	0.14	0.64	39.61	32.75	0.00
0	4	0.00	0.00	0.86	0.00	0.00
1	1	0.00	0.04	0.73	1.19	0.00
1	5	0.00	0.02	1.55	1.58	0.00
2	2	0.00	0.00	0.43	0.46	0.00
2	6	0.00	0.02	5.51	42.92	0.00
3	3	0.00	0.00	4.08	47.86	0.00
3	7	0.03	0.00	1.23	1.89	0.00
Core	CPU	C1%	C3%	C6%	C8%	C9%
-	-	0.02	0.03	6.21	16.41	0.00
0	0	0.12	0.24	37.66	35.09	0.00
0	4	0.00	0.00	0.70	0.00	0.00
1	1	0.00	0.00	1.17	0.70	0.00
1	5	0.00	0.00	0.37	1.29	0.00
2	2	0.00	0.00	0.34	1.19	0.00
2	6	0.00	0.00	0.60	2.00	0.00
3	3	0.00	0.02	8.25	89.95	0.00
3	7	0.00	0.00	0.64	1.09	0.00
Core	CPU	C1%	C3%	C6%	C8%	C9%
-	-	0.02	0.30	6.04	15.37	0.00
0	0	0.13	2.36	38.12	31.76	0.00
0	4	0.00	0.00	0.63	0.00	0.00
1	1	0.00	0.02	0.29	0.80	0.00
1	5	0.00	0.00	0.10	0.79	0.00
2	2	0.00	0.00	0.19	0.79	0.00
2	6	0.00	0.00	0.46	0.59	0.00
3	3	0.00	0.00	8.07	86.96	0.00
3	7	0.00	0.00	0.45	1.28	0.00
Core	CPU	C1%	C3%	C6%	C8%	C9%
-	-	0.01	0.12	7.61	16.88	0.00
0	0	0.11	0.90	42.38	29.69	0.00
0	4	0.00	0.00	0.66	0.00	0.00
1	1	0.00	0.02	0.49	3.76	0.00
1	5	0.00	0.00	0.13	0.99	0.00
2	2	0.00	0.01	8.22	5.51	0.00
2	6	0.00	0.00	0.19	1.10	0.00
3	3	0.00	0.00	7.58	90.69	0.00
3	7	0.00	0.00	1.21	3.28	0.00
Core	CPU	C1%	C3%	C6%	C8%	C9%
-	-	0.02	0.18	6.40	16.01	0.00
0	0	0.13	1.38	38.94	32.80	0.00
0	4	0.00	0.00	0.68	0.00	0.00
1	1	0.00	0.03	0.55	2.88	0.00
1	5	0.00	0.02	0.25	1.00	0.00
2	2	0.00	0.00	0.73	0.29	0.00
2	6	0.00	0.01	0.87	0.30	0.00
3	3	0.00	0.00	8.50	89.73	0.00
3	7	0.00	0.01	0.68	1.09	0.00
Core	CPU	C1%	C3%	C6%	C8%	C9%
-	-	0.02	0.08	6.48	16.01	0.00
0	0	0.13	0.60	39.19	33.22	0.00
0	4	0.00	0.00	0.70	0.10	0.00
1	1	0.00	0.00	1.03	0.95	0.00
1	5	0.00	0.00	0.27	0.99	0.00
2	2	0.00	0.00	0.35	0.79	0.00
2	6	0.00	0.00	1.68	1.08	0.00
3	3	0.00	0.02	7.92	90.28	0.00
3	7	0.00	0.02	0.70	0.69	0.00
Core	CPU	C1%	C3%	C6%	C8%	C9%
-	-	0.02	0.05	6.13	16.45	0.00
0	0	0.13	0.32	37.85	34.86	0.00
0	4	0.00	0.00	1.13	0.00	0.00
1	1	0.00	0.03	0.40	2.18	0.00
1	5	0.00	0.00	0.29	1.20	0.00
2	2	0.00	0.00	0.31	1.08	0.00
2	6	0.00	0.00	0.37	1.18	0.00
3	3	0.00	0.00	8.08	90.12	0.00
3	7	0.00	0.02	0.63	0.98	0.00
Core	CPU	C1%	C3%	C6%	C8%	C9%
-	-	0.66	0.48	6.17	14.85	0.00
0	0	0.13	2.31	33.55	25.91	0.00
0	4	0.00	0.00	0.75	0.60	0.00
1	1	0.00	0.02	0.47	2.03	0.00
1	5	0.00	0.00	0.33	0.79	0.00
2	2	5.18	1.48	6.47	0.49	0.00
2	6	0.00	0.00	0.29	0.59	0.00
3	3	0.00	0.00	6.65	88.25	0.00
3	7	0.00	0.00	0.86	0.10	0.00
Core	CPU	C1%	C3%	C6%	C8%	C9%
-	-	0.01	0.10	6.55	16.05	0.00
0	0	0.11	0.73	41.52	30.64	0.00
0	4	0.00	0.00	0.37	0.61	0.00
1	1	0.00	0.01	0.79	3.22	0.00
1	5	0.00	0.00	0.35	0.89	0.00
2	2	0.00	0.01	1.01	0.50	0.00
2	6	0.00	0.01	0.79	0.43	0.00
3	3	0.00	0.00	6.98	91.27	0.00
3	7	0.00	0.00	0.58	0.80	0.00
Core	CPU	C1%	C3%	C6%	C8%	C9%
-	-	1.13	0.67	6.49	14.22	0.00
0	0	0.06	2.43	33.63	15.49	0.00
0	4	0.00	0.02	0.28	0.90	0.00
1	1	9.00	2.90	9.90	0.60	0.00
1	5	0.00	0.00	0.28	0.98	0.00
2	2	0.00	0.00	0.32	0.99	0.00
2	6	0.00	0.00	0.73	1.48	0.00
3	3	0.00	0.00	6.10	92.04	0.00
3	7	0.00	0.01	0.70	1.29	0.00
Core	CPU	C1%	C3%	C6%	C8%	C9%
-	-	0.01	0.19	7.52	15.77	0.00
0	0	0.10	1.44	43.78	27.75	0.00
0	4	0.00	0.00	0.74	0.00	0.00
1	1	0.00	0.00	0.39	1.39	0.00
1	5	0.00	0.00	0.39	0.80	0.00
2	2	0.00	0.00	0.39	0.59	0.00
2	6	0.00	0.01	6.25	3.67	0.00
3	3	0.00	0.00	7.55	90.71	0.00
3	7	0.00	0.04	0.69	1.29	0.00
Core	CPU	C1%	C3%	C6%	C8%	C9%
-	-	0.02	0.02	6.09	16.26	0.06
0	0	0.16	0.18	37.33	35.48	0.00
0	4	0.00	0.00	0.86	0.00	0.00
1	1	0.00	0.00	0.15	0.98	0.00
1	5	0.00	0.00	0.23	1.09	0.00
2	2	0.00	0.00	0.20	0.99	0.00
2	6	0.00	0.00	0.29	1.28	0.00
3	3	0.00	0.00	9.17	88.99	0.00
3	7	0.00	0.01	0.50	1.26	0.52
Core	CPU	C1%	C3%	C6%	C8%	C9%
-	-	0.10	0.31	6.45	15.10	0.00
0	0	0.12	2.49	39.76	30.01	0.00
0	4	0.00	0.00	0.76	0.11	0.00
1	1	0.00	0.00	0.58	1.10	0.00
1	5	0.00	0.00	0.15	0.99	0.00
2	2	0.00	0.00	0.82	0.30	0.00
2	6	0.72	0.01	0.70	0.48	0.00
3	3	0.00	0.00	7.84	87.32	0.00
3	7	0.00	0.01	1.00	0.48	0.00
Core	CPU	C1%	C3%	C6%	C8%	C9%
-	-	0.18	0.64	8.35	15.64	0.63
0	0	0.30	1.95	45.48	25.09	0.00
0	4	0.00	0.01	1.00	0.00	5.07
1	1	1.11	3.08	10.50	2.36	0.00
1	5	0.00	0.00	0.27	1.00	0.00
2	2	0.00	0.00	0.36	1.78	0.00
2	6	0.00	0.04	1.14	1.19	0.00
3	3	0.00	0.02	6.30	92.02	0.00
3	7	0.00	0.00	1.74	1.70	0.00
Core	CPU	C1%	C3%	C6%	C8%	C9%
-	-	0.02	0.17	6.33	15.88	0.00
0	0	0.14	1.33	39.41	32.48	0.00
0	4	0.00	0.00	0.84	0.00	0.00
1	1	0.00	0.02	0.73	1.18	0.00
1	5	0.00	0.00	0.20	1.19	0.00
2	2	0.00	0.00	0.29	0.88	0.00
2	6	0.00	0.00	2.54	23.00	0.00
3	3	0.00	0.00	6.10	67.24	0.00
3	7	0.00	0.00	0.56	1.09	0.00
Core	CPU	C1%	C3%	C6%	C8%	C9%
-	-	0.02	0.05	6.25	16.25	0.00
0	0	0.15	0.38	38.06	34.53	0.00
0	4	0.00	0.00	1.35	0.51	0.00
1	1	0.00	0.00	0.52	0.98	0.00
1	5	0.00	0.00	0.24	0.99	0.00
2	2	0.00	0.02	0.69	0.30	0.00
2	6	0.00	0.00	0.19	0.79	0.00
3	3	0.00	0.00	7.78	90.43	0.00
3	7	0.00	0.02	1.16	1.46	0.00
Core	CPU	C1%	C3%	C6%	C8%	C9%
-	-	0.48	0.32	6.49	15.19	0.00
0	0	0.11	1.00	36.45	24.91	0.00
0	4	0.00	0.00	0.79	0.00	0.00
1	1	0.00	0.04	0.37	1.68	0.00
1	5	0.00	0.00	0.27	0.89	0.00
2	2	3.69	1.49	6.07	0.99	0.00
2	6	0.00	0.00	5.65	63.18	0.00
3	3	0.00	0.02	1.35	29.25	0.00
3	7	0.00	0.00	1.01	0.60	0.00
Core	CPU	C1%	C3%	C6%	C8%	C9%
-	-	0.02	0.25	5.98	15.66	0.00
0	0	0.16	1.98	37.00	33.33	0.00
0	4	0.00	0.00	0.43	0.31	0.00
1	1	0.00	0.00	0.45	1.52	0.00
1	5	0.00	0.00	0.10	0.79	0.00
2	2	0.00	0.00	0.29	0.69	0.00
2	6	0.00	0.00	8.75	87.00	0.00
3	3	0.00	0.00	0.45	0.89	0.00
3	7	0.00	0.01	0.34	0.78	0.00
Core	CPU	C1%	C3%	C6%	C8%	C9%
-	-	0.02	0.02	5.87	16.50	0.00
0	0	0.18	0.14	36.70	36.15	0.00
0	4	0.00	0.00	0.48	0.18	0.00
1	1	0.00	0.01	0.35	1.80	0.00
1	5	0.00	0.00	0.33	0.99	0.00
2	2	0.00	0.01	0.30	0.60	0.00
2	6	0.00	0.00	7.96	90.23	0.00
3	3	0.00	0.00	0.28	0.79	0.00
3	7	0.00	0.00	0.58	1.28	0.00
Core	CPU	C1%	C3%	C6%	C8%	C9%
-	-	0.02	0.16	6.44	16.06	0.00
0	0	0.14	1.25	39.85	31.95	0.00
0	4	0.00	0.00	0.69	0.00	0.00
1	1	0.00	0.00	0.98	0.49	0.00
1	5	0.00	0.00	0.76	0.50	0.00
2	2	0.00	0.00	0.14	0.79	0.00
2	6	0.00	0.07	3.11	27.57	0.00
3	3	0.00	0.00	5.50	66.06	0.00
3	7	0.00	0.00	0.49	1.09	0.00
Core	CPU	C1%	C3%	C6%	C8%	C9%
-	-	0.02	0.08	6.56	15.83	0.00
0	0	0.14	0.53	38.90	33.54	0.00
0	4	0.00	0.03	0.90	0.00	0.00
1	1	0.00	0.00	0.43	1.67	0.00
1	5	0.00	0.00	0.98	0.39	0.00
2	2	0.00	0.00	0.27	1.08	0.00
2	6	0.00	0.03	0.36	0.98	0.00
3	3	0.00	0.02	9.70	88.50	0.00
3	7	0.00	0.01	0.91	0.50	0.00
Core	CPU	C1%	C3%	C6%	C8%	C9%
-	-	0.02	0.03	6.13	16.61	0.10
0	0	0.16	0.23	37.53	35.22	0.00
0	4	0.00	0.00	0.77	0.00	0.78
1	1	0.00	0.05	0.63	2.68	0.00
1	5	0.00	0.00	0.23	0.89	0.00
2	2	0.00	0.00	0.10	0.79	0.00
2	6	0.00	0.00	1.27	1.79	0.00
3	3	0.00	0.00	7.96	90.21	0.00
3	7	0.00	0.00	0.57	1.30	0.00
Core	CPU	C1%	C3%	C6%	C8%	C9%
-	-	0.02	0.25	5.78	15.90	0.00
0	0	0.16	1.98	36.16	34.09	0.00
0	4	0.00	0.00	0.69	0.00	0.00
1	1	0.00	0.02	0.28	0.79	0.00
1	5	0.00	0.00	0.36	0.69	0.00
2	2	0.00	0.00	0.34	1.09	0.00
2	6	0.00	0.00	7.38	85.23	0.00
3	3	0.00	0.00	0.56	4.39	0.00
3	7	0.00	0.00	0.51	0.88	0.00
Core	CPU	C1%	C3%	C6%	C8%	C9%
-	-	0.02	0.06	6.14	16.52	0.00
0	0	0.14	0.41	38.08	34.53	0.00
0	4	0.00	0.00	0.62	0.51	0.00
1	1	0.00	0.07	0.53	2.07	0.00
1	5	0.00	0.00	0.10	0.99	0.00
2	2	0.00	0.00	0.29	0.88	0.00
2	6	0.00	0.00	0.86	1.28	0.00
3	3	0.00	0.00	7.76	90.42	0.00
3	7	0.00	0.00	0.91	1.48	0.00
Core	CPU	C1%	C3%	C6%	C8%	C9%
-	-	0.57	0.45	6.27	15.55	0.11
0	0	0.24	1.54	33.69	25.24	0.00
0	4	0.00	0.00	0.48	0.18	0.00
1	1	0.00	0.02	0.56	2.12	0.00
1	5	0.00	0.00	0.50	1.58	0.00
2	2	0.00	0.01	0.39	1.00	0.00
2	6	0.00	0.00	2.94	46.35	0.00
3	3	4.30	2.01	10.25	45.82	0.89
3	7	0.00	0.04	1.36	2.13	0.00
Core	CPU	C1%	C3%	C6%	C8%	C9%
-	-	0.15	0.16	6.47	15.81	0.00
0	0	0.17	0.84	38.48	30.80	0.00
0	4	0.00	0.00	0.59	0.11	0.00
1	1	0.00	0.00	0.90	2.28	0.00
1	5	0.00	0.00	0.27	0.89	0.00
2	2	1.04	0.38	1.88	0.89	0.00
2	6	0.00	0.00	8.06	90.14	0.00
3	3	0.00	0.02	0.99	0.21	0.00
3	7	0.00	0.04	0.57	1.18	0.00
Core	CPU	C1%	C3%	C6%	C8%	C9%
-	-	0.44	0.17	6.27	15.75	1.44
0	0	0.41	0.54	35.37	31.08	0.00
0	4	0.00	0.00	0.64	0.29	11.55
1	1	0.00	0.02	0.40	1.65	0.00
1	5	0.00	0.00	0.00	0.60	0.00
2	2	3.08	0.79	5.33	0.69	0.00
2	6	0.00	0.00	7.52	90.73	0.00
3	3	0.00	0.00	0.45	0.39	0.00
3	7	0.00	0.02	0.45	0.59	0.00
Core	CPU	C1%	C3%	C6%	C8%	C9%
-	-	0.03	0.26	6.19	15.62	0.43
0	0	0.19	2.03	38.15	31.72	0.00
0	4	0.00	0.00	0.77	0.11	0.00
1	1	0.00	0.00	0.41	1.29	0.00
1	5	0.00	0.00	0.44	1.09	0.00
2	2	0.00	0.01	0.92	0.30	0.00
2	6	0.04	0.00	4.96	57.63	0.00
3	3	0.00	0.00	3.18	31.76	3.45
3	7	0.00	0.03	0.68	1.08	0.00
Core	CPU	C1%	C3%	C6%	C8%	C9%
-	-	0.40	0.27	6.56	15.97	0.00
0	0	0.23	0.82	37.20	28.93	0.00
0	4	0.00	0.00	0.57	0.71	0.00
1	1	0.00	0.00	0.46	2.98	0.00
1	5	0.00	0.00	0.27	1.18	0.00
2	2	0.00	0.00	0.26	0.98	0.00
2	6	0.00	0.02	7.29	90.89	0.00
3	3	2.94	1.32	5.34	0.79	0.00
3	7	0.00	0.03	1.08	1.28	0.00
Core	CPU	C1%	C3%	C6%	C8%	C9%
-	-	0.02	0.20	6.38	15.94	0.00
0	0	0.19	1.57	40.15	31.38	0.00
0	4	0.00	0.00	0.83	0.20	0.00
1	1	0.00	0.04	0.47	1.68	0.00
1	5	0.00	0.00	0.29	1.29	0.00
2	2	0.00	0.00	0.28	1.09	0.00
2	6	0.00	0.00	8.14	89.22	0.00
3	3	0.00	0.00	0.35	1.37	0.00
3	7	0.00	0.02	0.54	1.26	0.00
Core	CPU	C1%	C3%	C6%	C8%	C9%
-	-	0.02	0.02	5.97	16.31	0.00
0	0	0.19	0.12	36.61	36.21	0.00
0	4	0.00	0.00	0.67	0.00	0.00
1	1	0.00	0.03	0.29	1.57	0.02
1	5	0.00	0.00	0.23	1.29	0.00
2	2	0.00	0.01	0.29	0.33	0.00
2	6	0.00	0.00	3.08	24.55	0.00
3	3	0.00	0.00	5.64	66.08	0.00
3	7	0.00	0.00	0.97	0.48	0.00
Core	CPU	C1%	C3%	C6%	C8%	C9%
-	-	0.03	0.06	6.11	16.25	0.00
0	0	0.22	0.48	38.19	34.23	0.00
0	4	0.00	0.00	0.69	0.00	0.00
1	1	0.00	0.00	0.41	1.09	0.00
1	5	0.00	0.00	0.37	1.09	0.00
2	2	0.00	0.00	0.25	0.99	0.00
2	6	0.00	0.00	0.24	1.58	0.00
3	3	0.00	0.01	8.19	90.01	0.00
3	7	0.00	0.00	0.51	0.99	0.00
Core	CPU	C1%	C3%	C6%	C8%	C9%
-	-	0.02	0.25	5.80	15.78	0.00
0	0	0.19	1.80	36.22	34.16	0.00
0	4	0.00	0.00	0.79	0.00	0.00
1	1	0.00	0.00	0.26	0.99	0.00
1	5	0.00	0.00	0.37	0.60	0.00
2	2	0.00	0.00	0.26	0.79	0.00
2	6	0.00	0.00	0.32	1.28	0.00
3	3	0.00	0.19	7.58	87.51	0.00
3	7	0.00	0.00	0.60	0.90	0.00
Core	CPU	C1%	C3%	C6%	C8%	C9%
-	-	0.03	0.03	5.93	16.67	0.00
0	0	0.22	0.19	37.15	35.60	0.00
0	4	0.00	0.00	0.70	0.00	0.00
1	1	0.00	0.00	0.30	0.99	0.00
1	5	0.00	0.00	0.27	1.29	0.00
2	2	0.00	0.00	0.25	0.99	0.00
2	6	0.00	0.00	2.19	21.95	0.00
3	3	0.00	0.02	6.20	71.62	0.00
3	7	0.00	0.00	0.41	0.89	0.00
Core	CPU	C1%	C3%	C6%	C8%	C9%
-	-	0.59	0.46	6.60	15.31	1.47
0	0	0.13	2.22	37.89	24.05	0.00
0	4	0.00	0.00	0.90	0.00	11.80
1	1	0.00	0.04	0.33	2.28	0.00
1	5	4.59	1.38	5.87	0.79	0.00
2	2	0.00	0.00	0.26	0.99	0.00
2	6	0.00	0.00	0.42	6.11	0.00
3	3	0.00	0.02	6.80	86.46	0.00
3	7	0.00	0.02	0.31	1.76	0.00
Core	CPU	C1%	C3%	C6%	C8%	C9%
-	-	0.20	0.40	7.52	15.24	4.19
0	0	0.22	1.76	43.88	28.09	0.00
0	4	0.00	0.00	0.64	0.00	33.54
1	1	1.35	1.39	4.47	2.42	0.00
1	5	0.00	0.00	0.50	0.39	0.00
2	2	0.00	0.00	0.39	0.78	0.00
2	6	0.00	0.00	0.28	0.69	0.00
3	3	0.00	0.01	9.21	88.93	0.00
3	7	0.00	0.02	0.83	0.60	0.00
Core	CPU	C1%	C3%	C6%	C8%	C9%
-	-	0.10	0.37	7.25	15.96	0.00
0	0	0.22	1.13	41.66	30.17	0.00
0	4	0.00	0.00	0.75	0.71	0.00
1	1	0.00	0.14	0.70	2.61	0.00
1	5	0.00	0.00	0.23	0.89	0.00
2	2	0.00	0.02	0.29	1.10	0.00
2	6	0.00	0.00	6.13	69.34	0.00
3	3	0.00	0.00	1.54	22.46	0.00
3	7	0.59	1.70	6.71	0.39	0.00
Core	CPU	C1%	C3%	C6%	C8%	C9%
-	-	0.02	0.47	6.06	14.88	0.00
0	0	0.16	2.24	33.56	25.87	0.00
0	4	0.00	0.00	1.00	0.19	0.00
1	1	0.00	0.07	1.26	0.70	0.00
1	5	0.00	0.00	0.66	0.69	0.00
2	2	0.00	0.00	0.25	1.09	0.00
2	6	0.00	0.00	7.53	88.12	0.00
3	3	0.02	1.48	3.75	1.49	0.03
3	7	0.00	0.00	0.48	0.89	0.00
Core	CPU	C1%	C3%	C6%	C8%	C9%
-	-	1.95	1.03	5.41	12.75	0.00
0	0	0.15	0.83	15.71	6.11	0.00
0	4	0.00	0.02	0.59	0.00	0.00
1	1	0.00	0.03	1.09	0.39	0.00
1	5	0.00	0.00	0.68	0.30	0.00
2	2	0.00	0.00	0.46	0.40	0.00
2	6	0.00	0.00	4.58	93.90	0.00
3	3	15.41	7.35	20.00	0.40	0.00
3	7	0.00	0.00	0.14	0.50	0.00
Core	CPU	C1%	C3%	C6%	C8%	C9%
-	-	0.03	0.13	6.05	16.34	0.00
0	0	0.26	1.02	36.88	35.15	0.00
0	4	0.00	0.00	0.86	0.49	0.00
1	1	0.00	0.02	0.74	1.19	0.00
1	5	0.00	0.00	0.43	1.19	0.00
2	2	0.00	0.02	0.39	1.09	0.00
2	6	0.00	0.00	6.21	76.31	0.00
3	3	0.00	0.00	2.54	14.47	0.00
3	7	0.00	0.00	0.36	0.79	0.00
Core	CPU	C1%	C3%	C6%	C8%	C9%
-	-	0.04	0.02	6.05	16.50	0.00
0	0	0.28	0.17	36.92	35.78	0.00
0	4	0.00	0.00	0.98	0.29	0.00
1	1	0.00	0.00	0.55	1.65	0.00
1	5	0.00	0.00	0.27	0.90	0.00
2	2	0.00	0.00	0.26	1.08	0.00
2	6	0.00	0.00	8.58	89.61	0.00
3	3	0.00	0.02	0.68	1.48	0.00
3	7	0.00	0.00	0.19	1.20	0.00
Core	CPU	C1%	C3%	C6%	C8%	C9%
-	-	0.02	0.18	6.57	15.40	2.44
0	0	0.19	1.40	42.47	29.21	0.00
0	4	0.00	0.00	0.49	0.20	19.55
1	1	0.00	0.00	0.41	1.08	0.00
1	5	0.00	0.00	0.27	0.79	0.00
2	2	0.00	0.00	0.26	0.50	0.00
2	6	0.00	0.00	6.64	81.01	0.00
3	3	0.00	0.02	1.81	9.65	0.00
3	7	0.00	0.00	0.18	0.79	0.00
Core	CPU	C1%	C3%	C6%	C8%	C9%
-	-	0.03	0.26	5.83	15.95	0.00
0	0	0.21	2.05	36.66	33.51	0.00
0	4	0.00	0.00	1.00	0.00	0.00
1	1	0.00	0.00	0.41	1.39	0.00
1	5	0.00	0.00	0.27	0.99	0.00
2	2	0.00	0.00	0.26	0.79	0.00
2	6	0.00	0.00	7.35	88.31	0.00
3	3	0.00	0.02	0.40	1.19	0.01
3	7	0.00	0.00	0.30	1.38	0.00
Core	CPU	C1%	C3%	C6%	C8%	C9%
-	-	0.03	0.05	5.94	16.25	0.00
0	0	0.22	0.43	37.89	34.66	0.00
0	4	0.00	0.00	0.74	0.11	0.00
1	1	0.00	0.00	0.44	1.10	0.00
1	5	0.00	0.00	0.10	1.09	0.00
2	2	0.00	0.00	0.29	0.99	0.00
2	6	0.00	0.00	7.69	90.53	0.00
3	3	0.00	0.00	0.25	0.89	0.00
3	7	0.00	0.00	0.13	0.59	0.00
Core	CPU	C1%	C3%	C6%	C8%	C9%
-	-	0.03	0.15	6.11	16.19	0.00
0	0	0.21	1.13	38.30	33.54	0.00
0	4	0.00	0.00	0.65	0.11	0.00
1	1	0.00	0.02	0.60	2.07	0.00
1	5	0.00	0.00	0.44	0.89	0.00
2	2	0.00	0.01	0.29	0.60	0.00
2	6	0.00	0.00	7.84	90.11	0.00
3	3	0.00	0.00	0.42	1.10	0.00
3	7	0.00	0.00	0.36	1.08	0.00
Core	CPU	C1%	C3%	C6%	C8%	C9%
-	-	2.81	0.86	7.00	13.41	0.00
0	0	0.13	1.01	23.59	9.60	0.02
0	4	0.00	0.00	0.47	0.81	0.00
1	1	0.00	0.00	0.48	0.89	0.00
1	5	0.00	0.02	0.56	1.08	0.00
2	2	0.00	0.00	0.15	0.99	0.00
2	6	0.00	0.00	6.13	92.02	0.00
3	3	22.36	5.81	23.64	0.69	0.00
3	7	0.00	0.02	0.95	1.17	0.00
Core	CPU	C1%	C3%	C6%	C8%	C9%
-	-	0.03	0.01	5.85	16.38	0.00
0	0	0.22	0.07	36.18	36.67	0.00
0	4	0.00	0.00	0.54	0.19	0.00
1	1	0.00	0.01	0.65	1.10	0.00
1	5	0.00	0.00	0.20	0.79	0.00
2	2	0.00	0.00	0.28	0.79	0.00
2	6	0.00	0.00	8.14	90.08	0.00
3	3	0.00	0.00	0.25	0.89	0.00
3	7	0.00	0.03	0.59	0.50	0.00
Core	CPU	C1%	C3%	C6%	C8%	C9%
-	-	0.03	0.24	5.71	15.84	0.00
0	0	0.22	1.94	35.74	34.65	0.00
0	4	0.00	0.00	0.65	0.11	0.00
1	1	0.00	0.00	0.45	1.09	0.00
1	5	0.00	0.00	0.23	0.68	0.00
2	2	0.00	0.00	0.19	0.70	0.00
2	6	0.00	0.00	7.71	88.14	0.00
3	3	0.00	0.00	0.37	0.79	0.00
3	7	0.00	0.00	0.33	0.59	0.00
Core	CPU	C1%	C3%	C6%	C8%	C9%
-	-	0.64	0.31	6.47	15.60	1.25
0	0	0.26	1.22	37.08	26.72	0.01
0	4	0.00	0.00	0.58	0.11	9.96
1	1	4.84	1.23	5.52	1.58	0.00
1	5	0.00	0.00	0.94	1.29	0.00
2	2	0.00	0.00	0.13	0.99	0.00
2	6	0.00	0.02	2.27	22.46	0.00
3	3	0.00	0.00	4.78	70.07	0.00
3	7	0.00	0.00	0.48	1.57	0.00
Core	CPU	C1%	C3%	C6%	C8%	C9%
-	-	0.02	0.20	6.50	15.82	0.00
0	0	0.18	1.52	41.02	30.43	0.00
0	4	0.00	0.02	0.70	0.00	0.00
1	1	0.00	0.00	1.07	1.28	0.00
1	5	0.00	0.00	0.35	1.18	0.00
2	2	0.00	0.00	0.35	0.70	0.00
2	6	0.00	0.00	0.90	6.52	0.00
3	3	0.00	0.02	7.31	85.60	0.00
3	7	0.00	0.00	0.28	0.89	0.00
Core	CPU	C1%	C3%	C6%	C8%	C9%
-	-	0.02	0.05	6.22	15.94	0.00
0	0	0.18	0.42	38.32	34.20	0.00
0	4	0.00	0.00	0.64	0.00	0.00
1	1	0.00	0.00	0.92	0.80	0.00
1	5	0.00	0.00	0.59	0.50	0.00
2	2	0.00	0.00	0.30	1.08	0.00
2	6	0.00	0.00	7.60	83.56	0.00
3	3	0.00	0.00	0.90	6.89	0.00
3	7	0.00	0.02	0.51	0.49	0.00
Core	CPU	C1%	C3%	C6%	C8%	C9%
-	-	0.03	0.03	5.99	16.28	0.00
0	0	0.24	0.23	37.29	35.41	0.00
0	4	0.00	0.00	0.88	0.00	0.00
1	1	0.00	0.00	0.47	1.19	0.00
1	5	0.00	0.00	0.44	0.79	0.00
2	2	0.00	0.00	0.32	1.19	0.00
2	6	0.00	0.00	7.70	89.99	0.00
3	3	0.00	0.00	0.20	1.27	0.00
3	7	0.00	0.00	0.66	0.40	0.00
Core	CPU	C1%	C3%	C6%	C8%	C9%
-	-	0.76	0.40	6.25	14.80	0.43
0	0	0.14	1.76	35.15	24.17	0.00
0	4	0.00	0.00	0.70	0.00	0.00
1	1	0.00	0.01	1.58	2.08	0.00
1	5	0.00	0.00	0.37	0.79	0.00
2	2	0.00	0.00	0.25	0.50	0.00
2	6	0.00	0.00	6.12	87.98	0.00
3	3	5.97	1.47	5.34	1.90	3.45
3	7	0.00	0.00	0.49	0.98	0.00
Core	CPU	C1%	C3%	C6%	C8%	C9%
-	-	0.02	0.08	6.38	15.93	8.18
0	0	0.17	0.58	38.85	33.34	0.00
0	4	0.00	0.00	0.54	0.10	65.46
1	1	0.00	0.03	0.68	1.51	0.00
1	5	0.00	0.00	0.00	0.70	0.00
2	2	0.00	0.00	0.88	0.49	0.00
2	6	0.00	0.00	8.66	89.54	0.00
3	3	0.00	0.00	1.04	0.49	0.00
3	7	0.00	0.01	0.40	1.29	0.00
Core	CPU	C1%	C3%	C6%	C8%	C9%
-	-	0.03	0.12	5.98	16.37	0.11
0	0	0.22	0.92	37.28	34.83	0.00
0	4	0.00	0.00	0.47	0.11	0.00
1	1	0.00	0.00	0.70	1.60	0.89
1	5	0.00	0.03	0.52	1.09	0.00
2	2	0.00	0.01	0.29	0.59	0.00
2	6	0.00	0.00	7.70	90.13	0.00
3	3	0.00	0.00	0.28	0.98	0.00
3	7	0.00	0.00	0.58	1.67	0.00
Core	CPU	C1%	C3%	C6%	C8%	C9%
-	-	0.03	0.19	6.73	15.17	11.16
0	0	0.21	1.50	43.34	28.18	0.00
0	4	0.00	0.00	0.80	0.00	89.27
1	1	0.00	0.00	0.75	0.69	0.01
1	5	0.00	0.01	0.49	0.87	0.00
2	2	0.00	0.00	0.15	0.80	0.00
2	6	0.00	0.00	7.32	90.07	0.00
3	3	0.00	0.01	0.46	0.40	0.00
3	7	0.00	0.00	0.57	0.31	0.00
Core	CPU	C1%	C3%	C6%	C8%	C9%
-	-	2.39	0.73	6.11	13.93	0.00
0	0	0.07	0.74	26.60	15.48	0.01
0	4	0.00	0.03	0.59	0.00	0.00
1	1	0.00	0.00	0.28	0.99	0.00
1	5	0.00	0.00	1.02	0.89	0.00
2	2	0.00	0.00	0.46	0.39	0.00
2	6	0.00	0.02	5.94	92.42	0.00
3	3	19.06	5.03	13.28	0.19	0.00
3	7	0.00	0.02	0.72	1.09	0.00
Core	CPU	C1%	C3%	C6%	C8%	C9%
-	-	2.82	1.14	6.11	12.44	0.00
0	0	0.16	1.16	15.89	4.77	0.00
0	4	0.00	0.00	0.55	0.70	0.00
1	1	0.00	0.00	0.24	0.99	0.00
1	5	0.00	0.01	0.42	1.09	0.00
2	2	0.00	0.01	0.30	0.89	0.00
2	6	0.00	0.01	5.17	90.63	0.00
3	3	22.39	7.92	25.59	0.00	0.00
3	7	0.00	0.00	0.74	0.49	0.00
Core	CPU	C1%	C3%	C6%	C8%	C9%
-	-	1.15	1.09	8.91	12.85	0.25
0	0	0.42	3.06	46.18	21.96	0.00
0	4	0.00	0.00	0.40	0.69	2.03
1	1	0.00	0.00	0.94	2.37	0.00
1	5	0.00	0.00	0.37	0.99	0.00
2	2	0.00	0.00	0.54	0.60	0.00
2	6	0.00	0.01	5.68	74.61	0.00
3	3	8.75	5.62	16.69	0.70	0.00
3	7	0.00	0.00	0.49	0.90	0.00
Core	CPU	C1%	C3%	C6%	C8%	C9%
-	-	0.03	0.17	6.36	16.21	0.00
0	0	0.21	1.36	38.92	32.80	0.00
0	4	0.00	0.00	0.84	0.80	0.00
1	1	0.00	0.00	0.43	1.19	0.00
1	5	0.00	0.02	0.55	1.40	0.00
2	2	0.00	0.00	0.49	1.20	0.00
2	6	0.00	0.00	7.53	90.44	0.00
3	3	0.00	0.00	1.35	0.60	0.00
3	7	0.00	0.00	0.79	1.28	0.00
Core	CPU	C1%	C3%	C6%	C8%	C9%
-	-	0.02	0.07	6.15	16.04	0.00
0	0	0.17	0.41	38.04	34.57	0.00
0	4	0.00	0.00	0.58	0.18	0.00
1	1	0.00	0.00	0.25	1.28	0.00
1	5	0.00	0.00	0.62	0.40	0.00
2	2	0.00	0.00	0.10	1.00	0.00
2	6	0.00	0.00	8.55	89.64	0.00
3	3	0.00	0.02	0.16	0.49	0.00
3	7	0.00	0.09	0.90	0.80	0.00
Core	CPU	C1%	C3%	C6%	C8%	C9%
-	-	0.03	0.06	6.26	15.82	0.00
0	0	0.20	0.46	38.56	33.90	0.00
0	4	0.00	0.00	0.80	0.00	0.00
1	1	0.00	0.00	0.28	0.89	0.00
1	5	0.00	0.00	0.37	0.89	0.00
2	2	0.00	0.00	0.25	0.98	0.00
2	6	0.00	0.04	8.28	88.46	0.00
3	3	0.00	0.00	0.20	0.99	0.00
3	7	0.00	0.00	1.34	0.47	0.00
Core	CPU	C1%	C3%	C6%	C8%	C9%
-	-	0.01	0.16	6.25	15.19	0.74
0	0	0.09	1.19	40.36	29.12	2.60
0	4	0.00	0.01	0.79	0.00	0.00
1	1	0.00	0.00	0.60	0.69	0.00
1	5	0.00	0.00	0.27	0.79	0.00
2	2	0.00	0.00	0.45	0.50	0.00
2	6	0.00	0.00	6.55	88.91	0.00
3	3	0.00	0.09	0.19	1.08	3.35
3	7	0.00	0.00	0.76	0.41	0.00
Core	CPU	C1%	C3%	C6%	C8%	C9%
-	-	0.06	0.22	7.14	14.51	0.00
0	0	0.07	1.36	47.75	24.00	0.00
0	4	0.00	0.00	0.73	0.00	0.00
1	1	0.00	0.02	0.51	1.00	0.00
1	5	0.00	0.00	0.10	0.80	0.00
2	2	0.00	0.00	0.27	0.80	0.00
2	6	0.43	0.37	7.27	87.70	0.00
3	3	0.00	0.00	0.33	0.80	0.00
3	7	0.00	0.00	0.19	0.99	0.00
Core	CPU	C1%	C3%	C6%	C8%	C9%
-	-	0.01	0.27	7.28	15.59	0.00
0	0	0.09	2.15	47.55	22.99	0.00
0	4	0.00	0.00	0.94	0.61	0.00
1	1	0.00	0.05	0.95	5.41	0.00
1	5	0.00	0.00	0.33	1.19	0.00
2	2	0.00	0.00	0.20	1.29	0.00
2	6	0.00	0.00	6.99	90.00	0.00
3	3	0.00	0.00	0.55	1.28	0.00
3	7	0.00	0.00	0.73	1.96	0.00
Core	CPU	C1%	C3%	C6%	C8%	C9%
-	-	0.01	0.17	7.23	15.74	0.00
0	0	0.06	1.26	47.24	23.78	0.00
0	4	0.00	0.00	0.29	0.80	0.00
1	1	0.00	0.00	1.15	6.44	0.00
1	5	0.00	0.00	0.36	0.90	0.00
2	2	0.00	0.00	0.24	0.70	0.00
2	6	0.00	0.00	1.30	2.42	0.00
3	3	0.00	0.00	0.50	0.20	0.00
3	7	0.00	0.06	6.78	90.68	0.00
Core	CPU	C1%	C3%	C6%	C8%	C9%
-	-	0.01	0.17	6.87	15.28	0.00
0	0	0.08	1.30	46.20	25.03	0.00
0	4	0.00	0.02	0.70	0.40	0.00
1	1	0.00	0.00	0.51	1.09	0.00
1	5	0.00	0.00	0.29	1.28	0.00
2	2	0.00	0.00	0.37	0.79	0.00
2	6	0.00	0.00	5.45	92.84	0.00
3	3	0.00	0.00	0.72	0.40	0.00
3	7	0.00	0.00	0.76	0.39	0.00
Core	CPU	C1%	C3%	C6%	C8%	C9%
-	-	0.02	0.20	6.38	15.20	0.00
0	0	0.13	1.52	41.16	28.24	0.00
0	4	0.00	0.00	0.34	0.61	0.00
1	1	0.00	0.00	0.55	1.29	0.00
1	5	0.00	0.02	0.29	1.09	0.00
2	2	0.00	0.00	0.30	0.60	0.00
2	6	0.00	0.00	1.79	18.62	0.00
3	3	0.00	0.00	0.37	1.08	0.00
3	7	0.00	0.05	6.26	70.06	0.00
Core	CPU	C1%	C3%	C6%	C8%	C9%
-	-	0.02	0.09	6.32	16.03	0.00
0	0	0.17	0.64	39.59	32.77	0.00
0	4	0.00	0.00	0.68	0.18	0.00
1	1	0.00	0.01	0.36	1.58	0.00
1	5	0.00	0.00	0.43	0.99	0.00
2	2	0.00	0.01	0.39	0.99	0.00
2	6	0.00	0.00	0.29	1.39	0.00
3	3	0.00	0.00	0.28	0.79	0.00
3	7	0.00	0.04	8.51	89.54	0.00
Core	CPU	C1%	C3%	C6%	C8%	C9%
-	-	0.02	0.20	6.42	15.89	0.00
0	0	0.18	1.56	40.30	31.23	0.00
0	4	0.00	0.00	0.70	0.00	0.00
1	1	0.00	0.03	0.50	0.99	0.00
1	5	0.00	0.00	0.84	1.29	0.00
2	2	0.00	0.00	0.20	0.50	0.00
2	6	0.00	0.00	2.45	25.93	0.00
3	3	0.00	0.02	0.27	0.70	0.00
3	7	0.00	0.02	6.11	66.50	0.00
Core	CPU	C1%	C3%	C6%	C8%	C9%
-	-	0.02	0.07	6.10	16.00	0.08
0	0	0.19	0.49	38.55	33.90	0.00
0	4	0.00	0.00	0.74	0.00	0.00
1	1	0.00	0.04	0.55	0.80	0.68
1	5	0.00	0.00	0.20	0.90	0.00
2	2	0.00	0.00	0.19	0.79	0.00
2	6	0.00	0.00	3.46	37.54	0.00
3	3	0.00	0.00	0.55	0.59	0.00
3	7	0.00	0.00	4.59	53.52	0.00
Core	CPU	C1%	C3%	C6%	C8%	C9%
-	-	0.65	0.27	6.17	15.33	0.00
0	0	0.14	0.50	32.75	26.83	0.00
0	4	0.00	0.00	0.73	0.62	0.00
1	1	0.00	0.00	0.45	1.39	0.00
1	5	0.00	0.00	0.22	1.09	0.00
2	2	0.00	0.00	0.10	1.09	0.00
2	6	5.04	1.64	7.71	1.45	0.00
3	3	0.00	0.00	0.27	1.18	0.00
3	7	0.00	0.02	7.15	88.99	0.00
Core	CPU	C1%	C3%	C6%	C8%	C9%
-	-	0.02	0.13	6.23	15.87	0.00
0	0	0.15	0.99	36.34	33.84	0.00
0	4	0.00	0.00	1.18	0.09	0.00
1	1	0.00	0.00	1.17	1.20	0.00
1	5	0.00	0.00	0.44	1.59	0.00
2	2	0.00	0.00	1.12	0.39	0.00
2	6	0.00	0.02	8.54	86.88	0.00
3	3	0.00	0.00	0.49	1.88	0.00
3	7	0.00	0.00	0.58	1.08	0.00
Core	CPU	C1%	C3%	C6%	C8%	C9%
-	-	0.02	0.09	6.42	15.89	0.00
0	0	0.14	0.67	39.76	32.55	0.00
0	4	0.00	0.02	0.79	0.40	0.00
1	1	0.00	0.00	0.41	1.29	0.00
1	5	0.00	0.00	0.28	1.19	0.00
2	2	0.00	0.00	0.26	0.89	0.00
2	6	0.00	0.04	5.45	48.76	0.00
3	3	0.00	0.00	0.32	1.10	0.00
3	7	0.00	0.03	4.13	40.94	0.00
Core	CPU	C1%	C3%	C6%	C8%	C9%
-	-	0.02	0.21	6.62	15.85	0.00
0	0	0.15	1.66	41.46	30.00	0.00
0	4	0.00	0.00	0.83	0.10	0.00
1	1	0.00	0.01	1.54	1.67	0.00
1	5	0.00	0.00	0.70	0.49	0.00
2	2	0.00	0.00	0.30	0.88	0.00
2	6	0.00	0.00	7.21	86.44	0.00
3	3	0.00	0.00	0.33	1.09	0.00
3	7	0.00	0.00	0.63	6.10	0.00
Core	CPU	C1%	C3%	C6%	C8%	C9%
-	-	0.02	0.03	5.95	16.32	0.00
0	0	0.19	0.25	37.52	35.21	0.00
0	4	0.00	0.00	0.77	0.00	0.00
1	1	0.00	0.01	0.56	1.89	0.00
1	5	0.00	0.00	0.14	0.99	0.00
2	2	0.00	0.01	0.30	0.59	0.00
2	6	0.00	0.00	7.60	90.61	0.00
3	3	0.00	0.00	0.47	0.69	0.00
3	7	0.00	0.00	0.24	0.59	0.00
Core	CPU	C1%	C3%	C6%	C8%	C9%
-	-	0.03	0.05	6.14	16.25	0.00
0	0	0.28	0.41	38.45	34.18	0.00
0	4	0.00	0.00	0.89	0.11	0.00
1	1	0.00	0.00	0.53	1.38	0.00
1	5	0.00	0.00	0.36	0.79	0.00
2	2	0.00	0.00	0.28	1.19	0.00
2	6	0.00	0.00	8.16	90.07	0.00
3	3	0.00	0.00	0.19	1.09	0.00
3	7	0.00	0.00	0.30	1.18	0.00
Core	CPU	C1%	C3%	C6%	C8%	C9%
-	-	0.04	0.24	6.05	15.78	0.39
0	0	0.33	1.82	36.45	33.94	0.00
0	4	0.00	0.00	0.33	0.71	0.00
1	1	0.00	0.03	0.51	1.58	0.00
1	5	0.00	0.00	0.10	1.09	0.00
2	2	0.00	0.00	0.28	0.89	0.00
2	6	0.00	0.04	8.52	87.00	0.00
3	3	0.00	0.00	1.13	0.39	3.09
3	7	0.00	0.02	1.08	0.63	0.00
Core	CPU	C1%	C3%	C6%	C8%	C9%
-	-	0.04	0.02	5.95	16.42	0.00
0	0	0.34	0.12	36.72	36.28	0.00
0	4	0.00	0.00	0.56	0.30	0.00
1	1	0.00	0.01	1.05	0.78	0.00
1	5	0.00	0.00	0.32	0.99	0.00
2	2	0.00	0.00	0.10	1.00	0.00
2	6	0.00	0.00	7.92	90.30	0.00
3	3	0.00	0.00	0.38	0.89	0.00
3	7	0.00	0.00	0.53	0.79	0.00
Core	CPU	C1%	C3%	C6%	C8%	C9%
-	-	0.74	0.43	6.78	14.86	0.00
0	0	0.19	1.80	38.02	24.50	0.00
0	4	0.00	0.00	0.28	0.71	0.00
1	1	0.00	0.00	0.99	0.70	0.00
1	5	0.00	0.00	0.27	0.79	0.00
2	2	0.00	0.00	0.27	1.08	0.00
2	6	0.00	0.00	1.57	28.68	0.00
3	3	0.00	0.00	0.17	0.59	0.00
3	7	5.71	1.62	12.63	61.83	0.00
Core	CPU	C1%	C3%	C6%	C8%	C9%
-	-	0.18	0.42	7.38	15.43	0.00
0	0	0.31	1.66	43.31	28.97	0.00
0	4	0.00	0.00	0.82	0.10	0.00
1	1	1.09	1.64	4.48	1.19	0.00
1	5	0.00	0.00	0.20	1.19	0.00
2	2	0.00	0.00	0.29	1.28	0.00
2	6	0.00	0.00	4.45	57.08	0.00
3	3	0.00	0.00	0.64	0.69	0.00
3	7	0.00	0.06	4.85	32.92	0.00
Core	CPU	C1%	C3%	C6%	C8%	C9%
-	-	1.24	0.75	7.18	14.46	0.03
0	0	0.19	1.46	32.34	18.72	0.25
0	4	0.00	0.03	0.78	0.40	0.00
1	1	8.96	4.16	12.22	2.49	0.00
1	5	0.00	0.00	0.48	0.89	0.00
2	2	0.77	0.33	3.01	0.79	0.00
2	6	0.00	0.00	6.96	90.60	0.00
3	3	0.00	0.00	0.83	0.49	0.00
3	7	0.00	0.01	0.79	1.28	0.00
Core	CPU	C1%	C3%	C6%	C8%	C9%
-	-	0.03	0.26	5.99	16.42	0.00
0	0	0.27	2.09	36.01	34.58	0.00
0	4	0.00	0.00	0.64	0.11	0.00
1	1	0.00	0.00	0.71	2.19	0.00
1	5	0.00	0.00	0.77	1.86	0.00
2	2	0.00	0.00	0.29	0.80	0.00
2	6	0.00	0.00	6.69	78.45	0.00
3	3	0.00	0.00	0.94	2.07	0.00
3	7	0.00	0.00	1.84	11.32	0.00
Core	CPU	C1%	C3%	C6%	C8%	C9%
-	-	0.04	0.01	5.89	16.60	0.00
0	0	0.31	0.06	36.45	36.64	0.00
0	4	0.00	0.00	0.69	0.00	0.00
1	1	0.00	0.00	0.49	1.10	0.00
1	5	0.00	0.00	0.36	0.89	0.00
2	2	0.00	0.00	0.27	0.59	0.00
2	6	0.00	0.00	7.90	90.30	0.00
3	3	0.00	0.00	0.48	1.99	0.00
3	7	0.00	0.00	0.48	1.28	0.00
Core	CPU	C1%	C3%	C6%	C8%	C9%
-	-	0.76	0.51	5.99	14.81	1.05
0	0	0.17	1.02	29.65	21.29	0.00
0	4	0.00	0.01	0.80	0.00	0.00
1	1	0.00	0.02	0.56	2.26	0.00
1	5	5.94	3.05	9.17	0.98	8.38
2	2	0.00	0.00	0.35	0.70	0.00
2	6	0.00	0.00	6.48	84.06	0.00
3	3	0.00	0.00	0.28	1.09	0.00
3	7	0.00	0.00	0.64	8.08	0.00
Core	CPU	C1%	C3%	C6%	C8%	C9%
-	-	0.04	0.06	6.44	16.10	0.00
0	0	0.31	0.45	38.28	34.38	0.00
0	4	0.00	0.00	0.90	0.00	0.00
1	1	0.00	0.00	1.03	0.60	0.00
1	5	0.00	0.00	0.97	0.40	0.00
2	2	0.00	0.00	0.26	0.99	0.00
2	6	0.00	0.00	2.66	24.44	0.00
3	3	0.00	0.02	0.29	1.10	0.00
3	7	0.00	0.04	7.15	66.90	0.00
Core	CPU	C1%	C3%	C6%	C8%	C9%
-	-	0.04	0.07	6.19	15.99	0.00
0	0	0.31	0.47	38.27	34.36	0.00
0	4	0.00	0.00	0.64	0.00	0.00
1	1	0.00	0.00	0.53	1.30	0.00
1	5	0.00	0.00	0.20	0.99	0.00
2	2	0.00	0.00	0.29	0.69	0.00
2	6	0.00	0.00	4.08	45.00	0.00
3	3	0.00	0.00	0.16	0.49	0.00
3	7	0.00	0.05	5.32	45.12	0.00
Core	CPU	C1%	C3%	C6%	C8%	C9%
-	-	0.04	0.25	5.86	15.96	0.12
0	0	0.30	1.93	36.53	33.97	0.00
0	4	0.00	0.00	0.88	0.00	0.00
1	1	0.00	0.00	0.67	1.19	0.00
1	5	0.00	0.00	0.24	1.09	0.00
2	2	0.00	0.00	0.46	0.64	0.00
2	6	0.00	0.00	7.15	88.81	0.00
3	3	0.00	0.00	0.44	1.00	0.99
3	7	0.00	0.04	0.48	0.97	0.00
Core	CPU	C1%	C3%	C6%	C8%	C9%
-	-	0.04	0.05	6.26	16.17	0.00
0	0	0.31	0.37	37.68	35.03	0.00
0	4	0.00	0.00	1.00	0.00	0.00
1	1	0.00	0.00	0.60	1.28	0.00
1	5	0.00	0.00	0.37	1.18	0.00
2	2	0.00	0.00	0.15	1.19	0.00
2	6	0.01	0.00	8.33	89.16	0.00
3	3	0.00	0.00	0.99	0.40	0.00
3	7	0.00	0.00	0.98	1.08	0.00
Core	CPU	C1%	C3%	C6%	C8%	C9%
-	-	0.03	0.17	6.29	15.92	0.00
0	0	0.26	1.26	40.21	31.76	0.00
0	4	0.00	0.00	0.43	0.10	0.00
1	1	0.01	0.00	0.80	0.12	0.00
1	5	0.00	0.00	0.27	1.28	0.00
2	2	0.00	0.00	0.19	0.69	0.00
2	6	0.00	0.00	1.85	24.73	0.00
3	3	0.00	0.00	0.35	1.08	0.00
3	7	0.00	0.07	6.21	67.62	0.00
Core	CPU	C1%	C3%	C6%	C8%	C9%
-	-	0.04	0.06	6.40	16.12	0.00
0	0	0.29	0.41	38.08	34.67	0.00
0	4	0.00	0.00	0.86	0.50	0.00
1	1	0.00	0.00	0.86	1.10	0.00
1	5	0.00	0.00	0.93	0.79	0.00
2	2	0.00	0.01	0.49	1.00	0.00
2	6	0.00	0.00	0.92	8.14	0.00
3	3	0.00	0.00	0.28	1.09	0.00
3	7	0.00	0.02	8.76	81.69	0.00
Core	CPU	C1%	C3%	C6%	C8%	C9%
-	-	0.04	0.02	5.83	16.46	0.00
0	0	0.31	0.15	36.65	36.26	0.00
0	4	0.00	0.00	0.61	0.18	0.00
1	1	0.00	0.01	0.49	1.18	0.00
1	5	0.00	0.00	0.36	0.99	0.00
2	2	0.00	0.00	0.14	0.99	0.00
2	6	0.00	0.00	7.57	87.46	0.00
3	3	0.00	0.00	0.10	0.78	0.00
3	7	0.00	0.01	0.70	3.80	0.00
Core	CPU	C1%	C3%	C6%	C8%	C9%
-	-	0.03	0.31	6.53	15.21	0.00
0	0	0.21	2.36	39.34	30.54	0.00
0	4	0.00	0.00	0.49	0.00	0.00
1	1	0.00	0.00	0.51	1.39	0.00
1	5	0.00	0.00	0.27	1.29	0.00
2	2	0.00	0.00	0.36	0.89	0.00
2	6	0.00	0.00	0.49	1.38	0.00
3	3	0.00	0.02	0.29	1.10	0.00
3	7	0.00	0.06	10.46	85.06	0.00
Core	CPU	C1%	C3%	C6%	C8%	C9%
-	-	0.02	0.13	6.80	16.08	0.00
0	0	0.14	0.95	41.17	30.90	0.00
0	4	0.00	0.00	1.24	0.00	0.00
1	1	0.00	0.00	0.65	2.07	0.00
1	5	0.00	0.02	0.69	2.36	0.00
2	2	0.00	0.00	0.20	1.19	0.00
2	6	0.00	0.00	5.47	53.85	0.00
3	3	0.00	0.00	0.37	1.08	0.00
3	7	0.00	0.07	4.65	37.18	0.00
Core	CPU	C1%	C3%	C6%	C8%	C9%
-	-	0.01	0.15	6.21	16.07	0.11
0	0	0.11	1.16	38.78	33.09	0.00
0	4	0.00	0.00	0.76	0.00	0.00
1	1	0.00	0.02	0.71	1.18	0.90
1	5	0.00	0.00	0.33	1.19	0.00
2	2	0.00	0.00	0.20	0.99	0.00
2	6	0.00	0.00	6.34	79.00	0.00
3	3	0.00	0.00	0.46	1.09	0.00
3	7	0.00	0.00	2.14	11.99	0.00
Core	CPU	C1%	C3%	C6%	C8%	C9%
-	-	0.71	0.38	7.18	15.02	0.00
0	0	0.08	1.34	37.81	25.16	0.00
0	4	0.00	0.00	0.89	0.00	0.00
1	1	5.50	1.64	9.03	20.05	0.00
1	5	0.00	0.00	0.55	1.09	0.00
2	2	0.00	0.00	0.15	1.19	0.00
2	6	0.00	0.00	0.93	1.39	0.00
3	3	0.00	0.00	0.56	1.68	0.00
3	7	0.08	0.05	7.57	69.63	0.00
Core	CPU	C1%	C3%	C6%	C8%	C9%
-	-	0.02	0.23	7.22	15.01	0.00
0	0	0.08	1.71	44.58	26.85	0.00
0	4	0.00	0.03	0.69	0.00	0.00
1	1	0.00	0.00	0.29	3.07	0.00
1	5	0.09	0.00	0.10	1.00	0.00
2	2	0.00	0.00	0.26	0.70	0.00
2	6	0.00	0.00	0.44	0.70	0.00
3	3	0.00	0.00	0.33	0.90	0.00
3	7	0.00	0.08	11.11	86.90	0.00
Core	CPU	C1%	C3%	C6%	C8%	C9%
-	-	0.02	0.30	6.49	15.78	0.00
0	0	0.12	2.33	38.90	31.09	0.00
0	4	0.00	0.00	1.25	0.40	0.00
1	1	0.00	0.00	0.82	3.04	0.00
1	5	0.00	0.00	0.32	1.48	0.00
2	2	0.00	0.00	0.29	1.39	0.00
2	6	0.00	0.00	0.67	2.37	0.00
3	3	0.00	0.00	0.37	1.19	0.00
3	7	0.00	0.06	9.30	85.26	0.00
Core	CPU	C1%	C3%	C6%	C8%	C9%
-	-	0.02	0.03	6.21	16.20	0.00
0	0	0.14	0.18	36.98	35.88	0.00
0	4	0.00	0.00	0.68	0.21	0.00
1	1	0.00	0.00	7.17	74.27	0.00
1	5	0.00	0.00	0.35	0.99	0.00
2	2	0.00	0.00	0.93	0.29	0.00
2	6	0.00	0.01	0.98	0.50	0.00
3	3	0.00	0.00	0.10	0.99	0.00
3	7	0.00	0.02	2.52	16.44	0.00
Core	CPU	C1%	C3%	C6%	C8%	C9%
-	-	0.02	0.12	6.25	15.77	0.00
0	0	0.14	0.98	38.69	33.48	0.00
0	4	0.00	0.00	0.49	0.21	0.00
1	1	0.00	0.00	8.55	89.24	0.00
1	5	0.00	0.00	0.37	0.59	0.00
2	2	0.00	0.00	0.26	0.89	0.00
2	6	0.00	0.00	0.24	1.00	0.00
3	3	0.00	0.02	0.29	0.40	0.00
3	7	0.00	0.00	1.12	0.40	0.00
Core	CPU	C1%	C3%	C6%	C8%	C9%
-	-	0.51	0.26	6.46	15.75	0.00
0	0	0.16	0.55	36.02	31.47	0.00
0	4	0.00	0.00	0.58	0.21	0.00
1	1	0.00	0.10	8.92	89.18	0.00
1	5	0.00	0.02	0.57	0.30	0.00
2	2	0.00	0.00	0.31	1.69	0.00
2	6	0.00	0.00	0.23	0.99	0.00
3	3	3.93	1.38	4.32	1.41	0.00
3	7	0.00	0.01	0.70	0.80	0.00
Core	CPU	C1%	C3%	C6%	C8%	C9%
-	-	0.02	0.06	6.19	16.14	0.00
0	0	0.14	0.45	38.82	33.80	0.00
0	4	0.00	0.00	0.84	0.00	0.00
1	1	0.00	0.05	7.95	90.18	0.00
1	5	0.00	0.00	0.19	1.00	0.00
2	2	0.00	0.00	0.30	0.88	0.00
2	6	0.00	0.00	0.52	1.20	0.00
3	3	0.00	0.00	0.42	0.89	0.00
3	7	0.00	0.01	0.45	1.18	0.00
Core	CPU	C1%	C3%	C6%	C8%	C9%
-	-	0.02	0.26	6.04	15.68	0.00
0	0	0.14	1.99	37.82	32.43	0.00
0	4	0.00	0.00	0.67	0.00	0.00
1	1	0.00	0.03	7.47	88.10	0.00
1	5	0.00	0.00	0.62	0.79	0.00
2	2	0.00	0.02	0.39	1.19	0.00
2	6	0.00	0.00	0.28	0.60	0.00
3	3	0.00	0.00	0.28	1.08	0.00
3	7	0.00	0.00	0.79	1.28	0.00
Core	CPU	C1%	C3%	C6%	C8%	C9%
-	-	1.09	0.94	8.55	13.91	0.00
0	0	0.28	2.40	40.04	17.42	0.00
0	4	0.00	0.00	0.69	0.00	0.00
1	1	8.41	5.04	21.09	27.09	0.00
1	5	0.00	0.00	0.27	0.89	0.00
2	2	0.00	0.00	0.74	2.18	0.00
2	6	0.00	0.00	0.43	1.68	0.00
3	3	0.00	0.01	0.29	0.61	0.00
3	7	0.00	0.08	4.82	61.45	0.00
Core	CPU	C1%	C3%	C6%	C8%	C9%
-	-	0.02	0.21	6.54	15.71	0.00
0	0	0.12	1.52	40.40	31.23	0.00
0	4	0.00	0.00	0.93	0.00	0.00
1	1	0.00	0.02	4.77	52.74	0.00
1	5	0.00	0.00	0.29	0.99	0.00
2	2	0.00	0.00	0.28	1.28	0.00
2	6	0.00	0.00	0.36	1.18	0.00
3	3	0.00	0.00	0.33	0.89	0.00
3	7	0.00	0.11	4.93	37.40	0.00
Core	CPU	C1%	C3%	C6%	C8%	C9%
-	-	0.03	0.07	6.16	16.18	0.00
0	0	0.14	0.48	37.99	34.60	0.00
0	4	0.00	0.00	0.67	0.30	0.00
1	1	0.00	0.00	7.49	90.73	0.00
1	5	0.00	0.00	0.14	0.78	0.00
2	2	0.00	0.02	0.39	0.80	0.00
2	6	0.10	0.01	0.90	1.29	0.00
3	3	0.00	0.00	0.48	0.69	0.00
3	7	0.00	0.08	1.26	0.29	0.00
Core	CPU	C1%	C3%	C6%	C8%	C9%
-	-	0.02	0.09	6.38	15.80	0.00
0	0	0.13	0.62	39.89	32.59	0.00
0	4	0.00	0.00	0.69	0.00	0.00
1	1	0.00	0.00	7.23	91.01	0.00
1	5	0.00	0.00	0.35	0.89	0.00
2	2	0.00	0.00	0.83	0.30	0.00
2	6	0.00	0.01	0.69	0.20	0.00
3	3	0.00	0.00	0.10	0.89	0.00
3	7	0.00	0.10	1.24	0.49	0.00
Core	CPU	C1%	C3%	C6%	C8%	C9%
-	-	0.02	0.33	6.11	15.42	0.00
0	0	0.13	2.46	38.94	30.90	0.00
0	4	0.00	0.02	0.69	0.11	0.00
1	1	0.00	0.00	6.99	88.90	0.00
1	5	0.00	0.00	0.18	0.99	0.00
2	2	0.00	0.00	0.36	0.89	0.00
2	6	0.00	0.00	0.34	0.80	0.00
3	3	0.00	0.10	0.22	0.51	0.00
3	7	0.00	0.06	1.16	0.30	0.00
Core	CPU	C1%	C3%	C6%	C8%	C9%
-	-	0.03	0.11	6.46	15.77	0.00
0	0	0.11	0.76	40.76	31.58	0.00
0	4	0.00	0.00	0.75	0.00	0.00
1	1	0.00	0.00	7.62	90.63	0.00
1	5	0.10	0.01	0.63	0.09	0.00
2	2	0.00	0.00	0.20	0.98	0.00
2	6	0.00	0.00	0.28	0.89	0.00
3	3	0.00	0.00	0.46	1.08	0.00
3	7	0.00	0.08	0.98	0.89	0.00
Core	CPU	C1%	C3%	C6%	C8%	C9%
-	-	0.02	0.15	6.17	16.02	0.00
0	0	0.12	1.10	38.68	33.33	0.00
0	4	0.00	0.00	0.57	0.00	0.00
1	1	0.00	0.00	7.39	90.52	0.00
1	5	0.00	0.09	0.40	0.30	0.00
2	2	0.00	0.00	0.20	0.99	0.00
2	6	0.00	0.00	1.01	1.38	0.00
3	3	0.00	0.00	0.28	0.88	0.00
3	7	0.00	0.04	0.81	0.79	0.00
Core	CPU	C1%	C3%	C6%	C8%	C9%
-	-	0.02	0.06	6.10	16.17	0.00
0	0	0.13	0.31	38.02	34.74	0.00
0	4	0.00	0.00	0.87	0.00	0.00
1	1	0.00	0.00	7.56	90.64	0.00
1	5	0.00	0.00	0.23	0.89	0.00
2	2	0.00	0.01	0.29	0.90	0.00
2	6	0.00	0.00	0.57	0.99	0.00
3	3	0.00	0.00	0.28	0.88	0.00
3	7	0.00	0.13	0.99	0.30	0.00
Core	CPU	C1%	C3%	C6%	C8%	C9%
-	-	0.02	0.06	6.45	15.76	0.00
0	0	0.12	0.45	38.40	34.24	0.00
0	4	0.00	0.00	0.79	0.00	0.00
1	1	0.00	0.00	7.97	78.75	0.00
1	5	0.00	0.00	0.35	0.79	0.00
2	2	0.00	0.00	0.77	0.11	0.00
2	6	0.00	0.02	0.79	0.68	0.00
3	3	0.00	0.00	0.19	0.99	0.00
3	7	0.00	0.00	2.35	10.53	0.00
Core	CPU	C1%	C3%	C6%	C8%	C9%
-	-	0.02	0.24	5.97	15.57	0.00
0	0	0.13	1.91	37.38	32.76	0.00
0	4	0.00	0.00	0.80	0.00	0.00
1	1	0.00	0.00	7.08	88.52	0.00
1	5	0.00	0.00	0.28	0.79	0.00
2	2	0.00	0.00	0.51	0.78	0.00
2	6	0.00	0.00	0.43	0.58	0.00
3	3	0.00	0.02	0.29	0.90	0.00
3	7	0.00	0.00	0.98	0.20	0.00
Core	CPU	C1%	C3%	C6%	C8%	C9%
-	-	0.02	0.10	6.46	16.15	0.00
0	0	0.15	0.69	39.06	33.37	0.00
0	4	0.00	0.10	2.22	1.02	0.00
1	1	0.00	0.00	7.38	84.46	0.00
1	5	0.00	0.00	0.27	0.89	0.00
2	2	0.00	0.00	0.26	0.89	0.00
2	6	0.00	0.01	0.74	1.29	0.00
3	3	0.00	0.02	0.29	1.10	0.00
3	7	0.00	0.00	1.42	6.19	0.00
Core	CPU	C1%	C3%	C6%	C8%	C9%
-	-	0.02	0.19	6.73	15.71	0.00
0	0	0.12	1.47	41.24	30.44	0.00
0	4	0.00	0.00	0.53	0.21	0.00
1	1	0.00	0.02	5.67	60.89	0.00
1	5	0.00	0.00	0.61	1.41	0.00
2	2	0.00	0.00	0.29	1.17	0.00
2	6	0.00	0.00	0.44	0.89	0.00
3	3	0.00	0.00	0.24	0.50	0.00
3	7	0.00	0.05	4.80	30.16	0.00
Core	CPU	C1%	C3%	C6%	C8%	C9%
-	-	0.64	0.27	6.47	15.59	0.00
0	0	0.09	0.79	36.20	27.29	0.01
0	4	0.00	0.00	0.75	0.21	0.00
1	1	4.99	1.39	7.50	13.93	0.00
1	5	0.00	0.00	0.53	0.99	0.00
2	2	0.00	0.02	0.48	1.29	0.00
2	6	0.00	0.00	0.20	1.09	0.00
3	3	0.00	0.00	0.29	0.88	0.00
3	7	0.00	0.00	5.83	79.04	0.00
Core	CPU	C1%	C3%	C6%	C8%	C9%
-	-	0.09	0.23	7.20	15.41	0.16
0	0	0.11	1.56	43.86	27.63	0.01
0	4	0.00	0.00	0.10	0.68	1.29
1	1	0.59	0.17	2.97	10.46	0.00
1	5	0.00	0.00	0.37	0.59	0.00
2	2	0.00	0.00	0.55	2.47	0.00
2	6	0.00	0.00	0.23	0.99	0.00
3	3	0.00	0.02	0.19	0.69	0.00
3	7	0.00	0.09	9.35	79.76	0.00
Core	CPU	C1%	C3%	C6%	C8%	C9%
-	-	0.01	0.32	6.66	15.08	0.00
0	0	0.11	2.46	39.87	29.56	0.00
0	4	0.00	0.01	0.60	0.20	0.00
1	1	0.00	0.00	0.39	1.58	0.00
1	5	0.00	0.00	0.37	1.29	0.00
2	2	0.00	0.00	0.35	0.89	0.00
2	6	0.00	0.00	1.14	1.49	0.00
3	3	0.00	0.02	0.30	0.40	0.00
3	7	0.00	0.05	10.22	85.25	0.00
Core	CPU	C1%	C3%	C6%	C8%	C9%
-	-	0.03	0.05	5.96	16.26	0.00
0	0	0.16	0.29	37.55	35.23	0.00
0	4	0.00	0.00	0.82	0.20	0.00
1	1	0.00	0.02	6.99	80.39	0.00
1	5	0.08	0.00	0.20	0.80	0.00
2	2	0.00	0.00	0.19	0.89	0.00
2	6	0.00	0.00	0.35	0.79	0.00
3	3	0.00	0.00	0.36	0.69	0.00
3	7	0.00	0.06	1.23	11.11	0.00
Core	CPU	C1%	C3%	C6%	C8%	C9%
-	-	0.01	0.29	6.92	15.10	0.01
0	0	0.12	2.21	44.02	26.91	0.00
0	4	0.00	0.00	0.86	0.00	0.00
1	1	0.00	0.01	8.06	89.60	0.10
1	5	0.00	0.00	0.43	0.98	0.00
2	2	0.00	0.00	0.38	0.99	0.00
2	6	0.00	0.00	0.19	0.79	0.00
3	3	0.00	0.00	0.27	0.89	0.00
3	7	0.00	0.07	1.17	0.60	0.00
Core	CPU	C1%	C3%	C6%	C8%	C9%
-	-	0.02	0.13	6.44	15.80	0.00
0	0	0.12	0.87	41.80	30.34	0.00
0	4	0.00	0.00	0.57	0.00	0.00
1	1	0.00	0.00	7.22	91.02	0.00
1	5	0.00	0.00	0.32	1.09	0.00
2	2	0.00	0.00	0.29	0.90	0.00
2	6	0.00	0.00	0.29	1.19	0.00
3	3	0.00	0.00	0.28	1.08	0.00
3	7	0.00	0.20	0.76	0.80	0.00
Core	CPU	C1%	C3%	C6%	C8%	C9%
-	-	0.02	0.15	6.87	15.54	0.00
0	0	0.15	1.13	41.79	30.05	0.00
0	4	0.00	0.00	1.09	0.00	0.00
1	1	0.00	0.00	4.94	57.69	0.00
1	5	0.00	0.00	0.35	0.89	0.00
2	2	0.00	0.00	0.33	1.09	0.00
2	6	0.00	0.03	0.89	1.28	0.00
3	3	0.00	0.00	0.68	0.80	0.00
3	7	0.00	0.06	4.88	32.48	0.00
Core	CPU	C1%	C3%	C6%	C8%	C9%
-	-	0.02	0.35	6.39	15.10	0.41
0	0	0.16	2.70	41.35	28.29	0.00
0	4	0.00	0.00	0.79	0.00	0.00
1	1	0.00	0.00	6.61	89.12	0.00
1	5	0.00	0.00	0.27	0.79	0.00
2	2	0.00	0.00	0.53	1.50	0.00
2	6	0.00	0.00	0.42	0.49	0.00
3	3	0.00	0.02	0.65	0.21	3.29
3	7	0.00	0.09	0.51	0.40	0.00
Core	CPU	C1%	C3%	C6%	C8%	C9%
-	-	1.19	0.45	6.21	14.47	0.01
0	0	0.11	1.13	30.29	21.20	0.12
0	4	0.00	0.00	0.74	0.00	0.00
1	1	9.44	2.40	14.27	55.87	0.00
1	5	0.00	0.00	0.19	0.70	0.00
2	2	0.00	0.00	0.19	0.99	0.00
2	6	0.00	0.00	0.27	0.79	0.00
3	3	0.00	0.00	0.36	1.08	0.00
3	7	0.00	0.09	3.37	35.14	0.00
Core	CPU	C1%	C3%	C6%	C8%	C9%
-	-	3.32	1.46	8.92	8.39	3.94
0	0	0.04	3.90	41.13	17.01	0.00
0	4	0.00	0.00	0.67	0.50	31.52
1	1	26.49	7.63	24.56	0.00	0.00
1	5	0.00	0.00	0.14	1.19	0.00
2	2	0.00	0.02	0.16	2.85	0.00
2	6	0.00	0.00	0.19	1.09	0.00
3	3	0.00	0.00	0.27	0.99	0.00
3	7	0.00	0.14	4.20	43.49	0.00
Core	CPU	C1%	C3%	C6%	C8%	C9%
-	-	2.86	1.40	8.99	10.12	3.07
0	0	0.11	3.55	39.63	14.91	0.12
0	4	0.00	0.02	0.10	1.00	24.42
1	1	13.24	3.31	15.80	14.55	0.00
1	5	0.00	0.00	0.19	1.09	0.00
2	2	0.00	0.00	0.27	0.99	0.00
2	6	0.00	0.00	1.17	1.58	0.00
3	3	0.00	0.00	0.74	0.00	0.00
3	7	9.52	4.31	14.00	46.86	0.00
Core	CPU	C1%	C3%	C6%	C8%	C9%
-	-	0.24	0.42	7.92	15.62	0.00
0	0	0.25	1.93	43.86	26.35	0.00
0	4	0.00	0.10	3.72	1.12	0.00
1	1	0.00	0.08	8.91	89.21	0.00
1	5	0.00	0.00	0.33	0.20	0.00
2	2	0.00	0.01	0.39	5.73	0.00
2	6	0.00	0.00	0.38	0.99	0.00
3	3	0.00	0.00	0.86	0.79	0.00
3	7	1.66	1.26	4.92	0.59	0.00
Core	CPU	C1%	C3%	C6%	C8%	C9%
-	-	0.02	0.15	6.19	15.49	0.00
0	0	0.15	1.14	38.32	31.78	0.00
0	4	0.00	0.00	0.48	0.41	0.00
1	1	0.00	0.02	4.18	36.63	0.00
1	5	0.00	0.00	0.36	0.80	0.00
2	2	0.00	0.00	0.74	0.30	0.00
2	6	0.00	0.00	0.23	0.99	0.00
3	3	0.00	0.01	0.68	0.59	0.00
3	7	0.00	0.01	4.54	52.42	0.00
Core	CPU	C1%	C3%	C6%	C8%	C9%
-	-	0.02	0.07	6.22	16.06	0.00
0	0	0.16	0.48	38.39	34.07	0.00
0	4	0.00	0.00	0.83	0.00	0.00
1	1	0.00	0.04	1.06	0.49	0.00
1	5	0.00	0.00	0.20	1.19	0.00
2	2	0.00	0.00	0.29	0.98	0.00
2	6	0.00	0.00	0.35	0.88	0.00
3	3	0.00	0.00	0.25	1.09	0.00
3	7	0.00	0.06	8.36	89.74	0.00
Core	CPU	C1%	C3%	C6%	C8%	C9%
-	-	0.02	0.16	6.16	16.00	0.11
0	0	0.16	1.15	38.44	33.45	0.00
0	4	0.00	0.00	0.67	0.00	0.00
1	1	0.00	0.12	1.05	0.50	0.00
1	5	0.00	0.00	0.31	0.99	0.88
2	2	0.00	0.02	0.29	0.80	0.00
2	6	0.00	0.01	0.80	0.80	0.00
3	3	0.00	0.00	0.29	0.78	0.00
3	7	0.00	0.00	7.45	90.69	0.00
Core	CPU	C1%	C3%	C6%	C8%	C9%
-	-	0.03	0.15	6.44	15.91	0.58
0	0	0.22	1.07	40.42	31.48	0.00
0	4	0.00	0.00	0.89	0.11	4.67
1	1	0.00	0.09	1.33	1.59	0.00
1	5	0.00	0.00	0.56	0.79	0.00
2	2	0.00	0.00	0.15	0.99	0.00
2	6	0.00	0.00	0.41	0.89	0.00
3	3	0.00	0.00	0.10	0.99	0.00
3	7	0.00	0.00	7.70	90.46	0.00
Core	CPU	C1%	C3%	C6%	C8%	C9%
-	-	0.01	0.59	8.34	13.93	7.58
0	0	0.09	4.66	57.29	11.39	0.00
0	4	0.00	0.00	0.74	0.00	60.62
1	1	0.00	0.07	1.55	4.43	0.00
1	5	0.00	0.00	0.20	0.99	0.00
2	2	0.00	0.00	0.29	0.88	0.00
2	6	0.00	0.00	0.37	0.69	0.00
3	3	0.00	0.00	0.35	0.59	0.00
3	7	0.00	0.01	5.94	92.44	0.00
Core	CPU	C1%	C3%	C6%	C8%	C9%
-	-	0.02	0.53	5.72	14.83	0.59
0	0	0.17	2.75	33.92	25.02	0.00
0	4	0.00	0.00	0.66	0.00	4.68
1	1	0.02	1.43	2.97	0.50	0.00
1	5	0.00	0.00	0.33	1.19	0.00
2	2	0.00	0.01	0.39	0.79	0.00
2	6	0.00	0.00	0.28	1.28	0.00
3	3	0.00	0.00	0.28	1.09	0.00
3	7	0.00	0.01	6.91	88.75	0.00
Core	CPU	C1%	C3%	C6%	C8%	C9%
-	-	0.04	0.05	6.27	16.05	0.00
0	0	0.29	0.31	37.49	35.17	0.00
0	4	0.00	0.00	0.69	0.00	0.00
1	1	0.00	0.02	1.39	0.70	0.00
1	5	0.00	0.00	0.27	0.79	0.00
2	2	0.00	0.00	0.15	0.60	0.00
2	6	0.00	0.00	1.05	1.67	0.00
3	3	0.00	0.01	0.19	0.41	0.00
3	7	0.00	0.03	8.89	89.07	0.00
Core	CPU	C1%	C3%	C6%	C8%	C9%
-	-	0.03	0.18	6.55	15.89	0.29
0	0	0.22	1.39	38.97	32.71	0.00
0	4	0.00	0.00	0.93	0.00	2.32
1	1	0.00	0.02	1.20	1.82	0.00
1	5	0.00	0.00	0.27	1.19	0.00
2	2	0.00	0.00	0.32	0.98	0.00
2	6	0.00	0.00	0.50	1.48	0.00
3	3	0.00	0.00	0.34	1.00	0.00
3	7	0.00	0.07	9.90	87.97	0.00
Core	CPU	C1%	C3%	C6%	C8%	C9%
-	-	0.04	0.07	6.36	16.03	0.00
0	0	0.25	0.53	38.38	34.01	0.00
0	4	0.00	0.00	0.97	0.00	0.00
1	1	0.00	0.01	1.45	11.24	0.00
1	5	0.00	0.00	0.54	0.79	0.00
2	2	0.00	0.02	0.39	1.10	0.00
2	6	0.10	0.00	0.20	1.29	0.00
3	3	0.00	0.00	0.19	0.99	0.00
3	7	0.00	0.02	8.75	78.86	0.00
Core	CPU	C1%	C3%	C6%	C8%	C9%
-	-	0.01	0.73	8.79	12.97	9.60
0	0	0.09	5.80	60.12	7.44	0.00
0	4	0.00	0.00	0.69	0.00	76.82
1	1	0.00	0.06	5.66	65.24	0.00
1	5	0.00	0.00	0.37	0.88	0.00
2	2	0.00	0.00	0.34	0.95	0.00
2	6	0.00	0.00	0.32	1.09	0.00
3	3	0.00	0.00	0.10	0.80	0.00
3	7	0.00	0.01	2.72	27.37	0.00
Core	CPU	C1%	C3%	C6%	C8%	C9%
-	-	0.04	0.42	6.56	14.98	4.03
0	0	0.31	3.25	42.32	26.66	0.00
0	4	0.00	0.00	0.63	0.11	32.20
1	1	0.00	0.02	1.11	3.83	0.00
1	5	0.00	0.00	0.49	0.40	0.00
2	2	0.00	0.00	6.61	86.64	0.00
2	6	0.00	0.00	0.76	0.89	0.00
3	3	0.00	0.05	0.10	0.50	0.00
3	7	0.00	0.04	0.50	0.79	0.00
Core	CPU	C1%	C3%	C6%	C8%	C9%
-	-	1.06	0.42	6.53	15.15	0.53
0	0	0.20	0.88	33.16	22.66	0.00
0	4	0.00	0.00	0.86	0.00	4.28
1	1	8.28	2.46	10.34	1.42	0.00
1	5	0.00	0.00	0.23	1.09	0.00
2	2	0.00	0.01	6.37	92.00	0.00
2	6	0.00	0.00	0.38	1.19	0.00
3	3	0.00	0.00	0.28	1.67	0.00
3	7	0.00	0.01	0.58	1.18	0.00
Core	CPU	C1%	C3%	C6%	C8%	C9%
-	-	1.46	0.60	6.44	14.77	0.00
0	0	0.17	1.79	31.30	21.01	0.00
0	4	0.00	0.00	0.79	0.00	0.00
1	1	0.00	0.00	0.25	1.18	0.00
1	5	0.00	0.00	0.35	1.09	0.00
2	2	0.00	0.00	5.89	92.37	0.00
2	6	0.00	0.00	0.14	0.59	0.00
3	3	11.53	3.00	12.19	1.10	0.00
3	7	0.00	0.04	0.57	0.78	0.00
Core	CPU	C1%	C3%	C6%	C8%	C9%
-	-	0.03	0.30	6.91	15.19	3.87
0	0	0.23	2.38	45.73	24.98	0.00
0	4	0.00	0.00	0.83	0.10	30.98
1	1	0.00	0.00	0.19	1.00	0.00
1	5	0.00	0.00	0.49	0.79	0.00
2	2	0.00	0.00	6.82	91.53	0.00
2	6	0.00	0.00	0.38	1.08	0.00
3	3	0.00	0.00	0.43	0.79	0.00
3	7	0.00	0.03	0.41	1.29	0.00
Core	CPU	C1%	C3%	C6%	C8%	C9%
-	-	0.03	0.21	6.64	15.57	11.33
0	0	0.27	1.66	43.05	28.28	0.00
0	4	0.00	0.00	0.66	0.00	90.63
1	1	0.00	0.00	0.24	1.29	0.00
1	5	0.00	0.00	0.23	0.89	0.00
2	2	0.00	0.00	7.29	91.00	0.00
2	6	0.00	0.00	1.01	1.08	0.00
3	3	0.00	0.00	0.28	0.79	0.00
3	7	0.00	0.00	0.37	1.19	0.00
Core	CPU	C1%	C3%	C6%	C8%	C9%
-	-	0.04	0.17	5.86	16.15	0.00
0	0	0.30	1.34	36.28	33.82	0.00
0	4	0.00	0.00	0.78	0.00	0.00
1	1	0.00	0.01	0.42	0.90	0.00
1	5	0.00	0.00	0.72	1.48	0.00
2	2	0.00	0.00	7.16	88.33	0.00
2	6	0.00	0.02	0.57	1.69	0.00
3	3	0.00	0.00	0.19	1.09	0.00
3	7	0.00	0.00	0.79	1.88	0.00
Core	CPU	C1%	C3%	C6%	C8%	C9%
-	-	0.04	0.11	6.15	16.02	11.34
0	0	0.31	0.83	39.01	33.05	0.00
0	4	0.00	0.02	0.69	0.00	90.68
1	1	0.00	0.02	0.87	0.50	0.00
1	5	0.00	0.00	0.18	0.79	0.00
2	2	0.00	0.00	7.59	90.67	0.00
2	6	0.00	0.00	0.15	0.79	0.00
3	3	0.00	0.00	0.32	0.89	0.00
3	7	0.00	0.00	0.39	1.49	0.00
Core	CPU	C1%	C3%	C6%	C8%	C9%
-	-	0.02	0.48	7.54	14.67	5.26
0	0	0.18	3.80	48.75	20.70	0.00
0	4	0.00	0.00	0.75	0.00	41.27
1	1	0.00	0.04	2.80	16.56	0.82
1	5	0.00	0.01	0.77	0.87	0.00
2	2	0.00	0.00	5.88	75.97	0.00
2	6	0.00	0.00	0.36	1.28	0.00
3	3	0.00	0.00	0.36	0.69	0.00
3	7	0.00	0.03	0.66	1.28	0.00
Core	CPU	C1%	C3%	C6%	C8%	C9%
-	-	0.03	0.19	6.96	15.39	2.75
0	0	0.26	1.50	43.09	28.41	0.00
0	4	0.00	0.00	1.07	0.00	22.03
1	1	0.00	0.00	6.48	73.72	0.00
1	5	0.00	0.00	0.35	0.99	0.00
2	2	0.00	0.00	2.49	16.88	0.00
2	6	0.00	0.01	1.19	0.88	0.00
3	3	0.00	0.00	0.20	1.18	0.00
3	7	0.00	0.03	0.77	1.09	0.00
Core	CPU	C1%	C3%	C6%	C8%	C9%
-	-	0.04	0.06	6.00	16.26	0.47
0	0	0.30	0.44	37.96	34.49	0.00
0	4	0.00	0.00	0.70	0.00	3.78
1	1	0.00	0.00	0.28	0.95	0.00
1	5	0.00	0.00	0.27	0.79	0.00
2	2	0.00	0.00	7.55	90.69	0.00
2	6	0.00	0.00	0.23	0.71	0.00
3	3	0.00	0.02	0.20	0.89	0.00
3	7	0.00	0.04	0.78	1.58	0.00
Core	CPU	C1%	C3%	C6%	C8%	C9%
-	-	0.03	0.46	6.42	15.07	11.34
0	0	0.23	3.63	42.15	26.62	0.00
0	4	0.00	0.00	0.84	0.00	90.75
1	1	0.00	0.00	1.14	10.85	0.00
1	5	0.00	0.00	0.20	0.99	0.00
2	2	0.00	0.00	5.99	80.00	0.00
2	6	0.00	0.00	0.27	0.79	0.00
3	3	0.00	0.00	0.35	0.70	0.00
3	7	0.00	0.04	0.42	0.59	0.00
Core	CPU	C1%	C3%	C6%	C8%	C9%
-	-	1.77	1.06	8.79	13.70	2.91
0	0	0.38	2.71	42.00	15.22	0.00
0	4	0.00	0.00	0.96	0.21	23.32
1	1	3.83	3.13	14.89	58.94	0.00
1	5	0.00	0.00	0.33	0.89	0.00
2	2	9.93	2.65	10.77	31.61	0.00
2	6	0.00	0.00	0.29	0.89	0.00
3	3	0.00	0.00	0.28	1.08	0.00
3	7	0.00	0.02	0.81	0.76	0.00
Core	CPU	C1%	C3%	C6%	C8%	C9%
-	-	0.14	0.39	7.10	15.12	3.85
0	0	0.20	2.77	43.22	25.65	0.00
0	4	0.00	0.00	0.40	0.00	30.84
1	1	0.00	0.12	7.98	90.00	0.00
1	5	0.00	0.00	0.86	0.89	0.00
2	2	0.92	0.23	2.28	0.39	0.00
2	6	0.00	0.00	1.18	1.68	0.00
3	3	0.00	0.02	0.27	1.00	0.00
3	7	0.00	0.00	0.59	1.39	0.00
Core	CPU	C1%	C3%	C6%	C8%	C9%
-	-	0.04	0.06	6.19	16.02	0.00
0	0	0.29	0.36	37.92	34.57	0.00
0	4	0.00	0.00	0.63	0.00	0.00
1	1	0.03	0.12	4.00	28.52	0.00
1	5	0.00	0.00	0.19	0.40	0.00
2	2	0.00	0.00	5.44	61.78	0.00
2	6	0.00	0.00	0.46	1.08	0.00
3	3	0.00	0.00	0.54	0.89	0.00
3	7	0.00	0.00	0.35	0.89	0.00
Core	CPU	C1%	C3%	C6%	C8%	C9%
-	-	0.04	0.01	5.83	16.49	0.00
0	0	0.31	0.06	36.12	36.67	0.00
0	4	0.00	0.00	0.65	0.11	0.00
1	1	0.00	0.00	0.63	2.50	0.00
1	5	0.00	0.00	0.33	0.89	0.00
2	2	0.00	0.01	7.85	89.23	0.00
2	6	0.00	0.00	0.10	0.98	0.00
3	3	0.00	0.00	0.28	0.79	0.00
3	7	0.00	0.00	0.67	0.80	0.00
Core	CPU	C1%	C3%	C6%	C8%	C9%
-	-	0.12	0.42	6.66	15.13	4.09
0	0	0.25	3.21	39.43	29.89	0.00
0	4	0.00	0.00	0.98	0.29	32.75
1	1	0.00	0.11	9.91	86.08	0.00
1	5	0.00	0.00	0.62	1.78	0.00
2	2	0.00	0.00	1.02	0.40	0.00
2	6	0.68	0.01	0.51	0.20	0.00
3	3	0.00	0.00	0.20	1.18	0.00
3	7	0.00	0.00	0.59	1.19	0.00
Core	CPU	C1%	C3%	C6%	C8%	C9%
-	-	0.02	0.55	8.30	13.56	7.50
0	0	0.18	4.36	54.17	14.45	0.00
0	4	0.00	0.02	0.39	0.21	60.03
1	1	0.00	0.05	9.19	89.09	0.00
1	5	0.00	0.00	0.19	0.60	0.00
2	2	0.00	0.00	0.37	0.88	0.00
2	6	0.00	0.00	1.34	0.60	0.00
3	3	0.00	0.00	0.22	0.70	0.00
3	7	0.00	0.00	0.54	1.99	0.00
Core	CPU	C1%	C3%	C6%	C8%	C9%
-	-	0.04	0.18	6.31	16.02	0.00
0	0	0.26	1.36	38.43	33.21	0.00
0	4	0.00	0.00	0.45	0.30	0.00
1	1	0.00	0.02	9.22	88.71	0.00
1	5	0.10	0.01	0.70	0.69	0.00
2	2	0.00	0.00	0.10	1.47	0.00
2	6	0.00	0.00	0.35	1.38	0.00
3	3	0.00	0.00	0.66	1.17	0.00
3	7	0.00	0.03	0.56	1.19	0.00
Core	CPU	C1%	C3%	C6%	C8%	C9%
-	-	0.03	0.23	6.81	15.37	2.00
0	0	0.23	1.83	43.14	28.01	0.00
0	4	0.00	0.00	0.96	0.00	15.96
1	1	0.00	0.02	7.87	90.34	0.00
1	5	0.00	0.00	0.43	0.79	0.00
2	2	0.00	0.01	0.39	0.99	0.00
2	6	0.00	0.00	0.60	0.79	0.00
3	3	0.00	0.00	0.28	1.18	0.00
3	7	0.00	0.01	0.77	0.88	0.00
Core	CPU	C1%	C3%	C6%	C8%	C9%
-	-	0.03	0.10	6.51	15.91	0.00
0	0	0.26	0.69	39.40	32.86	0.00
0	4	0.00	0.00	0.97	0.39	0.00
1	1	0.00	0.06	9.61	88.49	0.00
1	5	0.00	0.00	0.24	0.99	0.00
2	2	0.00	0.01	0.44	1.23	0.00
2	6	0.00	0.00	0.28	0.99	0.00
3	3	0.00	0.00	0.28	1.09	0.00
3	7	0.00	0.00	0.85	1.29	0.00
Core	CPU	C1%	C3%	C6%	C8%	C9%
-	-	0.03	0.32	6.07	16.03	0.00
0	0	0.25	2.55	38.19	31.61	0.00
0	4	0.00	0.00	0.99	0.00	0.00
1	1	0.00	0.00	0.65	1.91	0.00
1	5	0.00	0.00	0.36	1.09	0.00
2	2	0.00	0.00	6.99	88.89	0.00
2	6	0.00	0.00	0.48	2.19	0.00
3	3	0.00	0.00	0.29	1.23	0.00
3	7	0.00	0.00	0.60	1.28	0.00
Core	CPU	C1%	C3%	C6%	C8%	C9%
-	-	0.02	0.59	8.08	13.84	7.77
0	0	0.12	4.75	56.16	12.40	0.00
0	4	0.00	0.00	0.61	0.11	62.17
1	1	0.00	0.01	0.41	1.03	0.00
1	5	0.00	0.00	0.10	0.99	0.00
2	2	0.00	0.00	6.01	92.45	0.00
2	6	0.00	0.00	0.45	0.69	0.00
3	3	0.00	0.00	0.34	1.49	0.00
3	7	0.00	0.00	0.54	1.59	0.00
Core	CPU	C1%	C3%	C6%	C8%	C9%
-	-	0.03	0.36	6.94	15.48	3.21
0	0	0.22	2.86	44.38	25.94	0.00
0	4	0.00	0.00	0.48	0.28	25.71
1	1	0.00	0.00	0.64	1.19	0.00
1	5	0.00	0.00	1.33	1.49	0.00
2	2	0.00	0.00	7.03	90.99	0.00
2	6	0.00	0.00	0.30	0.68	0.00
3	3	0.00	0.00	0.46	1.10	0.00
3	7	0.00	0.00	0.92	2.19	0.00
Core	CPU	C1%	C3%	C6%	C8%	C9%
-	-	0.65	0.89	9.22	12.10	9.14
0	0	0.03	5.71	56.65	1.74	0.00
0	4	0.00	0.00	0.69	0.00	73.08
1	1	0.00	0.04	5.81	77.27	0.00
1	5	0.00	0.00	0.44	0.90	0.00
2	2	5.15	1.35	8.28	15.08	0.00
2	6	0.00	0.02	0.78	0.09	0.00
3	3	0.00	0.00	0.49	0.89	0.00
3	7	0.00	0.00	0.59	0.79	0.00
Core	CPU	C1%	C3%	C6%	C8%	C9%
-	-	0.04	0.13	6.48	15.73	0.00
0	0	0.29	0.83	40.18	32.01	0.00
0	4	0.00	0.02	0.59	0.10	0.00
1	1	0.00	0.09	8.73	89.26	0.00
1	5	0.00	0.00	0.19	0.89	0.00
2	2	0.00	0.10	0.17	0.79	0.00
2	6	0.00	0.00	1.28	0.99	0.00
3	3	0.00	0.00	0.23	0.49	0.00
3	7	0.00	0.00	0.50	1.29	0.00
Core	CPU	C1%	C3%	C6%	C8%	C9%
-	-	0.02	0.68	7.61	13.86	4.21
0	0	0.17	5.36	49.18	18.29	0.00
0	4	0.00	0.00	0.34	0.59	30.22
1	1	0.00	0.09	9.64	86.38	0.00
1	5	0.00	0.00	0.19	0.90	0.00
2	2	0.00	0.00	0.28	1.09	0.00
2	6	0.00	0.00	0.45	0.79	0.00
3	3	0.00	0.00	0.40	1.42	3.45
3	7	0.00	0.00	0.43	1.39	0.00
Core	CPU	C1%	C3%	C6%	C8%	C9%
-	-	0.02	0.58	8.05	13.95	9.91
0	0	0.14	4.58	55.58	13.19	0.00
0	4	0.00	0.00	0.97	0.00	79.31
1	1	0.00	0.00	1.51	19.93	0.00
1	5	0.00	0.00	0.24	1.39	0.00
2	2	0.00	0.02	4.83	74.01	0.00
2	6	0.00	0.00	0.20	1.29	0.00
3	3	0.00	0.00	0.19	0.98	0.00
3	7	0.00	0.02	0.87	0.78	0.00
Core	CPU	C1%	C3%	C6%	C8%	C9%
-	-	0.37	0.27	6.12	15.69	0.00
0	0	0.25	1.20	36.49	29.89	0.00
0	4	0.00	0.00	0.71	0.00	0.00
1	1	2.73	0.94	3.36	0.89	0.00
1	5	0.00	0.00	0.27	0.79	0.00
2	2	0.00	0.00	7.16	91.10	0.00
2	6	0.00	0.00	0.22	0.49	0.00
3	3	0.00	0.01	0.47	0.79	0.00
3	7	0.00	0.02	0.30	1.59	0.00
Core	CPU	C1%	C3%	C6%	C8%	C9%
-	-	0.04	0.07	6.22	16.55	0.00
0	0	0.30	0.31	37.34	35.36	0.00
0	4	0.00	0.00	0.53	0.60	0.00
1	1	0.00	0.16	1.24	2.06	0.00
1	5	0.00	0.01	0.99	0.79	0.00
2	2	0.00	0.00	7.68	90.46	0.00
2	6	0.00	0.00	0.74	1.77	0.00
3	3	0.00	0.00	0.46	0.59	0.00
3	7	0.00	0.04	0.79	0.79	0.00
Core	CPU	C1%	C3%	C6%	C8%	C9%
-	-	0.03	0.34	7.34	15.04	6.61
0	0	0.22	2.66	48.02	22.57	0.00
0	4	0.00	0.00	0.48	0.29	52.85
1	1	0.00	0.07	1.43	2.23	0.00
1	5	0.00	0.00	0.22	0.59	0.00
2	2	0.00	0.01	6.38	91.87	0.00
2	6	0.00	0.00	1.37	0.50	0.00
3	3	0.00	0.00	0.28	0.98	0.00
3	7	0.00	0.00	0.50	1.28	0.00
Core	CPU	C1%	C3%	C6%	C8%	C9%
-	-	0.03	0.54	6.92	14.69	3.41
0	0	0.21	4.23	45.53	22.71	0.00
0	4	0.00	0.00	0.77	0.11	27.30
1	1	0.00	0.07	1.22	0.69	0.00
1	5	0.00	0.00	0.34	1.09	0.00
2	2	0.00	0.00	6.10	89.76	0.00
2	6	0.00	0.00	0.69	0.79	0.00
3	3	0.00	0.00	0.20	0.98	0.00
3	7	0.00	0.00	0.51	1.36	0.00
Core	CPU	C1%	C3%	C6%	C8%	C9%
-	-	0.04	0.14	6.37	15.80	1.77
0	0	0.29	0.97	40.42	31.50	0.00
0	4	0.00	0.00	0.68	0.30	14.16
1	1	0.00	0.12	1.07	0.30	0.00
1	5	0.00	0.00	0.57	1.28	0.00
2	2	0.00	0.00	7.29	90.98	0.00
2	6	0.00	0.00	0.33	0.59	0.00
3	3	0.00	0.02	0.29	0.80	0.00
3	7	0.00	0.00	0.29	0.69	0.00
Core	CPU	C1%	C3%	C6%	C8%	C9%
-	-	0.03	0.34	6.90	15.70	8.98
0	0	0.22	2.70	44.17	26.33	0.00
0	4	0.00	0.00	0.74	0.10	70.27
1	1	0.00	0.04	1.89	4.34	1.60
1	5	0.00	0.00	0.20	1.09	0.00
2	2	0.00	0.00	6.92	91.42	0.00
2	6	0.00	0.00	0.78	0.78	0.00
3	3	0.00	0.00	0.35	0.99	0.00
3	7	0.00	0.00	0.12	0.59	0.00
Core	CPU	C1%	C3%	C6%	C8%	C9%
-	-	0.20	0.69	8.50	14.54	7.71
0	0	0.22	3.78	53.08	17.23	0.00
0	4	0.00	0.00	0.75	0.00	61.68
1	1	1.41	1.74	6.89	1.79	0.00
1	5	0.00	0.00	0.23	0.89	0.00
2	2	0.00	0.00	5.86	92.58	0.00
2	6	0.00	0.00	0.58	0.59	0.00
3	3	0.00	0.00	0.37	2.07	0.00
3	7	0.00	0.00	0.25	1.18	0.00
Core	CPU	C1%	C3%	C6%	C8%	C9%
-	-	0.39	0.41	6.75	15.61	0.00
0	0	0.24	1.17	37.09	28.17	0.00
0	4	0.00	0.00	0.50	0.10	0.00
1	1	2.84	2.10	12.48	53.31	0.00
1	5	0.00	0.00	0.27	0.99	0.00
2	2	0.00	0.00	2.80	38.63	0.00
2	6	0.00	0.00	0.24	1.38	0.00
3	3	0.00	0.02	0.20	1.39	0.00
3	7	0.00	0.00	0.40	0.89	0.00
Core	CPU	C1%	C3%	C6%	C8%	C9%
-	-	0.04	0.26	5.77	15.90	0.20
0	0	0.27	1.96	36.18	33.95	0.00
0	4	0.00	0.01	0.60	0.00	1.61
1	1	0.00	0.00	7.38	88.27	0.00
1	5	0.00	0.00	0.37	0.99	0.00
2	2	0.00	0.00	0.66	1.10	0.00
2	6	0.00	0.00	0.23	0.60	0.00
3	3	0.01	0.10	0.29	1.09	0.00
3	7	0.00	0.00	0.42	1.19	0.00
Core	CPU	C1%	C3%	C6%	C8%	C9%
-	-	0.04	0.10	6.49	15.82	0.00
0	0	0.28	0.76	39.58	32.58	0.00
0	4	0.00	0.00	0.64	0.00	0.00
1	1	0.00	0.00	5.69	51.64	0.00
1	5	0.00	0.01	0.60	0.00	0.00
2	2	0.00	0.00	3.71	38.60	0.00
2	6	0.00	0.00	0.64	1.29	0.00
3	3	0.00	0.00	0.36	0.98	0.00
3	7	0.00	0.00	0.72	1.49	0.00
Core	CPU	C1%	C3%	C6%	C8%	C9%
-	-	0.02	0.33	7.45	15.25	0.14
0	0	0.19	2.60	45.61	25.54	0.00
0	4	0.00	0.00	0.97	0.10	1.11
1	1	0.00	0.00	4.73	56.81	0.00
1	5	0.00	0.00	0.45	0.79	0.00
2	2	0.00	0.02	3.99	35.78	0.00
2	6	0.00	0.00	1.28	1.29	0.00
3	3	0.00	0.00	0.90	1.16	0.00
3	7	0.00	0.01	1.67	0.50	0.00
Core	CPU	C1%	C3%	C6%	C8%	C9%
-	-	0.03	0.15	6.63	15.84	1.98
0	0	0.25	1.16	41.85	29.97	0.00
0	4	0.00	0.00	0.70	0.00	15.82
1	1	0.00	0.00	6.61	69.99	0.00
1	5	0.00	0.00	0.28	1.09	0.00
2	2	0.00	0.00	2.81	23.32	0.00
2	6	0.00	0.00	0.24	0.99	0.00
3	3	0.00	0.02	0.29	0.60	0.00
3	7	0.00	0.01	0.30	0.79	0.00
Core	CPU	C1%	C3%	C6%	C8%	C9%
-	-	3.11	1.05	6.87	13.41	1.59
0	0	0.41	1.88	26.12	7.34	0.00
0	4	0.00	0.00	0.73	0.40	12.73
1	1	24.51	6.54	21.99	0.79	0.00
1	5	0.00	0.00	0.12	0.70	0.00
2	2	0.00	0.01	4.70	93.84	0.00
2	6	0.00	0.00	0.66	1.28	0.00
3	3	0.00	0.00	0.35	1.48	0.00
3	7	0.00	0.00	0.27	1.48	0.00
Core	CPU	C1%	C3%	C6%	C8%	C9%
-	-	0.03	0.28	6.38	15.26	0.16
0	0	0.24	2.06	38.28	31.29	1.31
0	4	0.00	0.00	0.37	0.59	0.00
1	1	0.00	0.00	1.25	0.70	0.00
1	5	0.00	0.00	0.25	0.89	0.00
2	2	0.00	0.01	2.30	15.77	0.00
2	6	0.00	0.04	1.41	0.59	0.00
3	3	0.00	0.10	6.71	71.49	0.00
3	7	0.00	0.00	0.45	0.78	0.00
Core	CPU	C1%	C3%	C6%	C8%	C9%
-	-	0.02	0.49	7.92	14.02	11.59
0	0	0.14	3.91	54.13	15.18	0.00
0	4	0.00	0.00	0.70	0.19	92.75
1	1	0.00	0.00	0.19	1.39	0.00
1	5	0.00	0.00	0.27	0.89	0.00
2	2	0.00	0.00	0.75	0.58	0.00
2	6	0.00	0.02	0.68	1.18	0.00
3	3	0.00	0.01	6.46	91.92	0.00
3	7	0.00	0.00	0.20	0.88	0.00
Core	CPU	C1%	C3%	C6%	C8%	C9%
-	-	0.03	0.21	6.21	16.11	0.00
0	0	0.27	1.51	39.07	32.47	0.00
0	4	0.00	0.00	0.99	0.00	0.00
1	1	0.00	0.05	5.80	62.62	0.00
1	5	0.00	0.00	0.27	1.19	0.00
2	2	0.00	0.06	0.20	1.18	0.00
2	6	0.00	0.02	0.85	1.56	0.00
3	3	0.00	0.02	2.06	28.37	0.00
3	7	0.00	0.00	0.40	1.47	0.00
Core	CPU	C1%	C3%	C6%	C8%	C9%
-	-	0.03	0.42	7.70	14.29	8.09
0	0	0.25	3.36	52.57	17.19	0.00
0	4	0.00	0.00	0.79	0.00	64.70
1	1	0.00	0.00	6.31	92.08	0.00
1	5	0.00	0.00	0.28	0.79	0.00
2	2	0.00	0.00	0.26	1.68	0.00
2	6	0.00	0.00	1.06	0.90	0.00
3	3	0.00	0.02	0.20	0.90	0.00
3	7	0.00	0.00	0.10	0.79	0.00
Core	CPU	C1%	C3%	C6%	C8%	C9%
-	-	0.03	0.03	6.14	16.20	0.00
0	0	0.28	0.26	37.28	35.37	0.00
0	4	0.00	0.00	0.70	0.00	0.00
1	1	0.00	0.00	8.31	89.87	0.00
1	5	0.00	0.00	0.37	0.60	0.00
2	2	0.00	0.00	0.25	0.99	0.00
2	6	0.00	0.00	1.32	1.60	0.00
3	3	0.00	0.02	0.39	0.60	0.00
3	7	0.00	0.00	0.48	0.59	0.00
Core	CPU	C1%	C3%	C6%	C8%	C9%
-	-	1.40	1.04	7.33	12.77	2.33
0	0	0.09	3.08	37.72	7.17	0.00
0	4	0.00	0.03	0.80	0.00	18.67
1	1	0.00	0.00	5.21	83.03	0.00
1	5	0.00	0.00	0.29	0.89	0.00
2	2	0.00	0.00	0.27	8.57	0.00
2	6	0.00	0.00	0.55	1.49	0.00
3	3	11.15	5.21	12.98	0.78	0.00
3	7	0.00	0.01	0.82	0.20	0.00
Core	CPU	C1%	C3%	C6%	C8%	C9%
-	-	0.68	0.18	6.60	15.83	0.00
0	0	0.22	0.55	34.68	29.39	0.00
0	4	0.00	0.00	0.85	0.40	0.00
1	1	0.00	0.00	7.43	90.80	0.00
1	5	5.18	0.87	7.85	1.60	0.00
2	2	0.00	0.00	0.30	0.99	0.00
2	6	0.00	0.03	0.69	1.08	0.00
3	3	0.00	0.00	0.66	1.09	0.00
3	7	0.00	0.00	0.34	1.28	0.00
Core	CPU	C1%	C3%	C6%	C8%	C9%
-	-	0.03	0.16	6.13	16.05	0.00
0	0	0.28	1.19	38.59	33.04	0.00
0	4	0.00	0.00	0.50	0.19	0.00
1	1	0.00	0.02	8.12	89.64	0.00
1	5	0.00	0.00	0.46	1.28	0.00
2	2	0.00	0.00	0.24	1.48	0.00
2	6	0.00	0.03	0.71	0.99	0.00
3	3	0.00	0.00	0.10	0.79	0.00
3	7	0.00	0.00	0.29	0.98	0.00
Core	CPU	C1%	C3%	C6%	C8%	C9%
-	-	2.43	0.85	6.75	13.35	3.44
0	0	0.30	1.86	26.91	9.14	0.00
0	4	0.00	0.00	0.49	0.30	27.52
1	1	0.00	0.03	4.95	74.59	0.00
1	5	0.00	0.00	0.27	0.79	0.00
2	2	0.00	0.00	0.94	19.09	0.00
2	6	0.00	0.02	2.04	0.39	0.00
3	3	5.11	1.34	6.28	1.59	0.00
3	7	14.00	3.55	12.14	0.89	0.00
Core	CPU	C1%	C3%	C6%	C8%	C9%
-	-	2.45	0.63	6.69	14.05	0.00
0	0	0.11	0.86	24.46	17.17	0.01
0	4	0.00	0.00	0.44	0.70	0.00
1	1	0.00	0.00	1.03	0.17	0.00
1	5	0.00	0.01	0.70	0.77	0.00
2	2	0.00	0.00	6.40	92.09	0.00
2	6	0.00	0.04	0.73	0.69	0.00
3	3	0.00	0.00	0.65	0.59	0.00
3	7	19.47	4.14	19.15	0.21	0.00
Core	CPU	C1%	C3%	C6%	C8%	C9%
-	-	0.04	0.29	6.37	15.53	7.68
0	0	0.27	2.27	39.16	30.51	0.00
0	4	0.00	0.00	0.47	0.71	61.46
1	1	0.00	0.00	0.74	1.60	0.00
1	5	0.00	0.00	0.45	1.28	0.00
2	2	0.00	0.00	8.18	87.34	0.00
2	6	0.08	0.04	1.01	0.88	0.00
3	3	0.00	0.00	0.50	0.99	0.00
3	7	0.00	0.00	0.47	0.89	0.00
Core	CPU	C1%	C3%	C6%	C8%	C9%
-	-	0.04	0.04	6.00	16.52	0.00
0	0	0.32	0.34	37.45	35.06	0.00
0	4	0.00	0.02	0.29	0.90	0.00
1	1	0.00	0.00	0.44	1.39	0.00
1	5	0.00	0.00	0.29	1.09	0.00
2	2	0.00	0.00	8.22	90.00	0.00
2	6	0.00	0.00	0.81	1.89	0.00
3	3	0.00	0.00	0.32	0.80	0.00
3	7	0.00	0.00	0.20	0.99	0.00
Core	CPU	C1%	C3%	C6%	C8%	C9%
-	-	0.02	0.39	7.16	15.21	11.45
0	0	0.18	3.14	46.89	23.05	0.00
0	4	0.00	0.00	0.75	0.10	90.72
1	1	0.00	0.00	0.54	2.07	0.90
1	5	0.00	0.00	0.22	0.99	0.00
2	2	0.00	0.00	6.86	91.19	0.00
2	6	0.00	0.00	1.26	1.29	0.00
3	3	0.00	0.00	0.48	1.87	0.00
3	7	0.00	0.00	0.25	1.08	0.00
Core	CPU	C1%	C3%	C6%	C8%	C9%
-	-	0.04	0.03	6.18	16.34	0.00
0	0	0.29	0.26	37.19	35.43	0.00
0	4	0.00	0.00	1.07	0.00	0.00
1	1	0.00	0.00	0.27	1.19	0.00
1	5	0.00	0.00	0.25	1.19	0.00
2	2	0.00	0.00	8.69	89.52	0.00
2	6	0.00	0.01	1.29	1.09	0.00
3	3	0.00	0.00	0.29	1.28	0.00
3	7	0.00	0.00	0.38	0.99	0.00
Core	CPU	C1%	C3%	C6%	C8%	C9%
-	-	0.01	0.60	8.17	13.77	9.97
0	0	0.12	4.77	56.55	11.96	0.00
0	4	0.00	0.01	0.49	0.00	79.79
1	1	0.00	0.01	2.18	14.11	0.00
1	5	0.00	0.00	0.47	1.68	0.00
2	2	0.00	0.00	4.68	79.55	0.00
2	6	0.00	0.00	0.36	0.60	0.00
3	3	0.00	0.00	0.22	0.89	0.00
3	7	0.00	0.00	0.40	1.38	0.00
Core	CPU	C1%	C3%	C6%	C8%	C9%
-	-	0.03	0.33	6.15	16.32	1.22
0	0	0.25	2.58	38.49	31.28	0.00
0	4	0.00	0.00	0.60	0.00	9.77
1	1	0.00	0.00	1.29	12.54	0.00
1	5	0.00	0.00	0.27	0.99	0.00
2	2	0.00	0.00	7.73	82.98	0.00
2	6	0.00	0.02	0.44	0.69	0.00
3	3	0.00	0.02	0.29	1.09	0.00
3	7	0.00	0.00	0.10	0.99	0.00
Core	CPU	C1%	C3%	C6%	C8%	C9%
-	-	1.20	1.16	9.26	13.40	6.04
0	0	0.10	3.73	44.72	6.22	0.01
0	4	0.00	0.00	0.70	0.00	47.83
1	1	9.37	5.05	19.66	5.44	0.00
1	5	0.00	0.00	0.76	1.29	0.00
2	2	0.11	0.43	6.81	88.32	0.00
2	6	0.00	0.02	0.65	1.88	0.00
3	3	0.00	0.02	0.39	3.46	0.48
3	7	0.00	0.00	0.39	0.59	0.00
Core	CPU	C1%	C3%	C6%	C8%	C9%
-	-	0.58	0.32	6.55	15.29	0.00
0	0	0.20	1.55	36.91	26.79	0.00
0	4	0.00	0.00	0.83	0.30	0.00
1	1	4.48	0.97	6.63	7.30	0.00
1	5	0.00	0.00	0.00	0.49	0.00
2	2	0.00	0.00	6.51	84.00	0.00
2	6	0.00	0.05	0.84	1.20	0.00
3	3	0.00	0.00	0.35	1.08	0.00
3	7	0.00	0.00	0.33	1.20	0.00
Core	CPU	C1%	C3%	C6%	C8%	C9%
-	-	0.03	0.04	5.98	16.51	0.00
0	0	0.26	0.24	37.08	35.60	0.00
0	4	0.00	0.00	1.16	0.00	0.00
1	1	0.00	0.00	4.40	50.66	0.00
1	5	0.00	0.00	0.33	0.99	0.00
2	2	0.00	0.01	3.62	40.96	0.00
2	6	0.00	0.00	0.42	1.49	0.00
3	3	0.00	0.00	0.37	1.19	0.00
3	7	0.00	0.03	0.45	1.17	0.00
Core	CPU	C1%	C3%	C6%	C8%	C9%
-	-	0.03	0.01	5.86	16.38	0.00
0	0	0.27	0.07	36.17	36.63	0.00
0	4	0.00	0.00	0.79	0.00	0.00
1	1	0.00	0.00	0.28	0.79	0.00
1	5	0.00	0.00	0.36	1.09	0.00
2	2	0.00	0.00	8.31	89.91	0.00
2	6	0.00	0.01	0.43	0.80	0.00
3	3	0.00	0.00	0.10	0.60	0.00
3	7	0.00	0.00	0.42	1.19	0.00
Core	CPU	C1%	C3%	C6%	C8%	C9%
-	-	0.03	0.27	5.89	15.83	0.00
0	0	0.22	1.92	36.30	33.83	0.00
0	4	0.00	0.00	0.62	0.00	0.00
1	1	0.00	0.00	0.09	1.28	0.00
1	5	0.00	0.00	0.20	0.89	0.00
2	2	0.00	0.00	7.48	88.08	0.00
2	6	0.00	0.01	1.54	1.20	0.00
3	3	0.00	0.23	0.33	0.40	0.00
3	7	0.00	0.00	0.59	0.99	0.00
Core	CPU	C1%	C3%	C6%	C8%	C9%
-	-	0.03	0.07	6.23	16.11	3.76
0	0	0.23	0.51	39.30	33.11	0.00
0	4	0.00	0.00	0.75	0.00	30.05
1	1	0.00	0.00	0.23	0.89	0.00
1	5	0.00	0.02	0.19	0.50	0.00
2	2	0.00	0.00	7.94	90.32	0.00
2	6	0.00	0.03	0.56	1.28	0.00
3	3	0.00	0.00	0.37	0.79	0.00
3	7	0.00	0.00	0.52	1.97	0.00
Core	CPU	C1%	C3%	C6%	C8%	C9%
-	-	0.10	0.18	6.35	15.86	0.00
0	0	0.20	1.36	38.87	32.80	0.00
0	4	0.00	0.00	0.87	0.22	0.00
1	1	0.59	0.00	0.26	0.99	0.00
1	5	0.00	0.00	0.35	0.79	0.00
2	2	0.00	0.00	8.65	89.20	0.00
2	6	0.00	0.07	1.17	0.30	0.00
3	3	0.00	0.00	0.19	1.37	0.00
3	7	0.00	0.00	0.44	1.18	0.00
Core	CPU	C1%	C3%	C6%	C8%	C9%
-	-	0.03	0.07	6.05	16.16	0.00
0	0	0.22	0.55	38.19	34.25	0.00
0	4	0.00	0.00	0.59	0.00	0.00
1	1	0.00	0.00	1.57	15.97	0.00
1	5	0.00	0.00	0.27	0.79	0.00
2	2	0.00	0.00	6.19	75.58	0.00
2	6	0.00	0.00	0.53	0.59	0.00
3	3	0.00	0.01	0.39	1.19	0.00
3	7	0.00	0.00	0.63	0.89	0.00
Core	CPU	C1%	C3%	C6%	C8%	C9%
-	-	0.02	0.06	6.23	16.11	0.00
0	0	0.16	0.44	38.68	33.94	0.00
0	4	0.00	0.00	0.63	0.11	0.00
1	1	0.00	0.02	7.74	86.25	0.00
1	5	0.00	0.00	0.30	0.99	0.00
2	2	0.00	0.00	0.57	4.83	0.00
2	6	0.00	0.02	1.27	1.49	0.00
3	3	0.00	0.00	0.44	0.59	0.00
3	7	0.00	0.00	0.20	0.69	0.00
Core	CPU	C1%	C3%	C6%	C8%	C9%
-	-	0.33	0.48	6.15	15.42	0.01
0	0	0.12	2.43	34.19	25.67	0.00
0	4	0.00	0.00	0.35	0.80	0.00
1	1	0.00	0.00	6.51	89.29	0.00
1	5	2.35	0.84	2.76	1.87	0.00
2	2	0.18	0.54	2.51	0.30	0.00
2	6	0.00	0.02	0.78	2.38	0.00
3	3	0.00	0.01	1.03	1.27	0.06
3	7	0.00	0.00	1.06	1.79	0.00
Core	CPU	C1%	C3%	C6%	C8%	C9%
-	-	0.02	0.02	6.07	16.24	0.00
0	0	0.16	0.12	36.95	36.01	0.00
0	4	0.00	0.00	0.28	0.82	0.00
1	1	0.00	0.00	8.09	90.05	0.00
1	5	0.00	0.00	1.26	0.29	0.00
2	2	0.00	0.00	0.46	0.59	0.00
2	6	0.00	0.00	0.36	1.00	0.00
3	3	0.00	0.02	0.50	0.57	0.00
3	7	0.00	0.00	0.66	0.59	0.00
Core	CPU	C1%	C3%	C6%	C8%	C9%
-	-	0.02	0.13	6.11	16.13	0.00
0	0	0.16	1.01	38.30	33.96	0.00
0	4	0.00	0.00	0.43	0.19	0.00
1	1	0.00	0.00	7.23	90.90	0.00
1	5	0.00	0.00	0.29	0.79	0.00
2	2	0.00	0.00	0.26	1.30	0.00
2	6	0.00	0.02	0.76	0.98	0.00
3	3	0.00	0.00	0.94	0.40	0.00
3	7	0.00	0.04	0.68	0.48	0.00
Core	CPU	C1%	C3%	C6%	C8%	C9%
-	-	0.54	0.29	6.77	15.58	0.00
0	0	0.11	1.03	35.81	26.89	0.00
0	4	0.00	0.00	0.56	0.11	0.00
1	1	0.00	0.00	6.82	91.37	0.00
1	5	0.00	0.00	0.67	1.70	0.00
2	2	4.21	1.23	7.63	1.71	0.00
2	6	0.00	0.03	1.36	1.19	0.00
3	3	0.00	0.00	0.47	0.30	0.00
3	7	0.00	0.00	0.84	1.39	0.00
Core	CPU	C1%	C3%	C6%	C8%	C9%
-	-	0.02	0.08	6.36	15.78	0.00
0	0	0.15	0.58	39.28	33.22	0.00
0	4	0.00	0.00	0.87	0.00	0.00
1	1	0.00	0.00	1.94	21.45	0.00
1	5	0.00	0.00	0.35	0.70	0.00
2	2	0.00	0.00	6.50	69.47	0.00
2	6	0.00	0.05	1.17	0.00	0.00
3	3	0.00	0.00	0.29	0.79	0.00
3	7	0.00	0.00	0.45	0.62	0.00
Core	CPU	C1%	C3%	C6%	C8%	C9%
-	-	0.01	0.34	6.63	14.96	0.00
0	0	0.10	2.60	43.70	25.36	0.00
0	4	0.00	0.00	0.80	0.00	0.00
1	1	0.00	0.00	0.29	1.48	0.00
1	5	0.00	0.00	0.28	0.89	0.00
2	2	0.00	0.00	6.32	89.53	0.00
2	6	0.00	0.00	0.85	0.39	0.00
3	3	0.00	0.12	0.33	1.02	0.00
3	7	0.00	0.00	0.47	1.05	0.00
Core	CPU	C1%	C3%	C6%	C8%	C9%
-	-	0.01	0.17	6.89	15.51	0.92
0	0	0.10	1.27	44.87	26.61	0.00
0	4	0.00	0.03	0.60	0.00	7.33
1	1	0.00	0.00	0.10	0.99	0.00
1	5	0.00	0.00	0.20	0.99	0.00
2	2	0.00	0.00	6.04	92.26	0.00
2	6	0.00	0.00	0.76	1.48	0.00
3	3	0.00	0.00	1.22	0.99	0.00
3	7	0.00	0.02	1.31	0.79	0.00
Core	CPU	C1%	C3%	C6%	C8%	C9%
-	-	0.01	0.24	6.73	15.62	0.00
0	0	0.10	1.95	43.93	26.90	0.00
0	4	0.00	0.00	0.85	0.31	0.00
1	1	0.00	0.00	0.34	1.18	0.00
1	5	0.00	0.00	0.48	1.19	0.00
2	2	0.00	0.00	6.35	91.65	0.00
2	6	0.00	0.01	1.21	1.58	0.00
3	3	0.00	0.00	0.41	0.99	0.00
3	7	0.00	0.00	0.29	1.18	0.00
Core	CPU	C1%	C3%	C6%	C8%	C9%
-	-	0.01	0.18	6.74	15.46	0.00
0	0	0.10	1.45	45.52	25.96	0.00
0	4	0.00	0.00	0.56	0.10	0.00
1	1	0.00	0.00	0.25	1.19	0.00
1	5	0.00	0.00	0.43	0.30	0.00
2	2	0.00	0.00	5.76	92.52	0.00
2	6	0.00	0.00	0.59	1.09	0.00
3	3	0.00	0.00	0.38	1.38	0.00
3	7	0.00	0.02	0.47	1.18	0.00
Core	CPU	C1%	C3%	C6%	C8%	C9%
-	-	0.03	0.17	7.01	15.38	0.00
0	0	0.09	1.27	44.62	26.94	0.00
0	4	0.00	0.00	0.88	0.00	0.00
1	1	0.14	0.00	3.69	36.62	0.00
1	5	0.00	0.00	0.34	1.19	0.00
2	2	0.00	0.00	4.24	55.68	0.00
2	6	0.00	0.02	0.79	0.80	0.00
3	3	0.00	0.00	0.69	0.49	0.00
3	7	0.00	0.06	0.81	1.28	0.00
Core	CPU	C1%	C3%	C6%	C8%	C9%
-	-	2.43	1.13	6.03	13.03	0.00
0	0	0.07	1.40	20.97	9.39	0.01
0	4	0.00	0.01	0.69	0.00	0.00
1	1	19.33	7.64	20.81	0.39	0.00
1	5	0.00	0.00	0.37	0.98	0.00
2	2	0.00	0.00	4.39	91.83	0.00
2	6	0.00	0.04	0.62	0.60	0.00
3	3	0.00	0.00	0.22	0.51	0.00
3	7	0.00	0.00	0.20	0.54	0.00
Core	CPU	C1%	C3%	C6%	C8%	C9%
-	-	0.02	0.11	6.75	16.11	0.00
0	0	0.14	0.70	40.01	32.29	0.00
0	4	0.00	0.00	0.85	0.00	0.00
1	1	0.00	0.00	0.52	0.70	0.00
1	5	0.00	0.12	0.50	1.18	0.00
2	2	0.00	0.00	7.87	90.39	0.00
2	6	0.00	0.04	3.27	2.26	0.00
3	3	0.00	0.00	0.37	0.78	0.00
3	7	0.00	0.00	0.59	1.32	0.00
Core	CPU	C1%	C3%	C6%	C8%	C9%
-	-	0.02	0.25	6.84	15.71	0.00
0	0	0.14	1.94	41.86	29.32	0.00
0	4	0.00	0.00	0.77	0.00	0.00
1	1	0.00	0.03	6.08	59.85	0.00
1	5	0.00	0.00	0.27	0.60	0.00
2	2	0.00	0.02	2.86	30.94	0.00
2	6	0.00	0.01	1.79	2.38	0.00
3	3	0.00	0.00	0.19	1.18	0.00
3	7	0.00	0.01	0.86	1.36	0.00
Core	CPU	C1%	C3%	C6%	C8%	C9%
-	-	0.48	0.57	7.83	15.81	0.00
0	0	0.23	1.90	42.47	28.96	0.00
0	4	0.00	0.04	2.22	0.50	0.00
1	1	2.65	1.27	10.65	77.68	0.00
1	5	0.00	0.00	0.27	1.09	0.00
2	2	0.90	1.36	5.00	13.69	0.00
2	6	0.00	0.00	1.13	1.48	0.00
3	3	0.00	0.02	0.39	1.30	0.00
3	7	0.05	0.00	0.56	1.79	0.00
Core	CPU	C1%	C3%	C6%	C8%	C9%
-	-	0.99	0.53	7.63	14.58	0.00
0	0	0.21	1.67	37.57	21.36	0.00
0	4	0.00	0.00	0.52	0.21	0.00
1	1	0.01	0.54	7.40	37.44	0.00
1	5	0.00	0.00	0.19	0.89	0.00
2	2	7.73	2.01	13.14	53.46	0.00
2	6	0.00	0.02	1.12	1.45	0.00
3	3	0.00	0.00	0.14	0.50	0.00
3	7	0.00	0.02	0.97	1.31	0.00
Core	CPU	C1%	C3%	C6%	C8%	C9%
-	-	0.03	0.39	6.68	15.22	0.81
0	0	0.15	3.07	41.15	28.18	0.00
0	4	0.00	0.00	0.76	0.10	6.48
1	1	0.00	0.00	2.65	17.24	0.00
1	5	0.05	0.00	0.23	0.89	0.00
2	2	0.00	0.01	5.98	72.44	0.00
2	6	0.00	0.01	1.67	1.07	0.00
3	3	0.00	0.00	0.29	0.88	0.00
3	7	0.05	0.06	0.68	0.96	0.00
Core	CPU	C1%	C3%	C6%	C8%	C9%
-	-	0.02	0.05	6.20	16.12	0.00
0	0	0.19	0.35	37.93	34.69	0.00
0	4	0.00	0.00	0.68	0.00	0.00
1	1	0.00	0.00	7.80	77.09	0.00
1	5	0.00	0.00	0.24	0.89	0.00
2	2	0.00	0.00	1.15	13.32	0.00
2	6	0.00	0.00	0.59	0.81	0.00
3	3	0.00	0.00	0.19	1.09	0.00
3	7	0.00	0.02	1.03	1.09	0.00
Core	CPU	C1%	C3%	C6%	C8%	C9%
-	-	0.02	0.10	5.86	16.56	0.00
0	0	0.19	0.76	36.80	35.45	0.00
0	4	0.00	0.01	0.69	0.41	0.00
1	1	0.00	0.00	0.26	1.39	0.00
1	5	0.00	0.00	0.28	1.18	0.00
2	2	0.00	0.00	7.81	90.42	0.00
2	6	0.00	0.00	0.36	1.39	0.00
3	3	0.00	0.00	0.32	1.08	0.00
3	7	0.00	0.02	0.37	1.19	0.00
Core	CPU	C1%	C3%	C6%	C8%	C9%
-	-	0.02	0.09	6.23	16.20	0.00
0	0	0.18	0.62	39.21	33.10	0.00
0	4	0.00	0.01	0.99	0.00	0.00
1	1	0.00	0.00	4.20	48.45	0.00
1	5	0.00	0.00	0.27	0.90	0.00
2	2	0.00	0.00	3.85	43.24	0.00
2	6	0.00	0.00	0.78	1.41	0.00
3	3	0.00	0.02	0.39	0.90	0.00
3	7	0.00	0.03	0.14	1.61	0.00
Core	CPU	C1%	C3%	C6%	C8%	C9%
-	-	0.52	0.35	6.79	15.76	0.00
0	0	0.12	1.12	37.33	25.06	0.02
0	4	0.00	0.00	0.70	0.00	0.00
1	1	0.00	0.00	6.24	92.07	0.00
1	5	0.00	0.00	0.28	0.69	0.00
2	2	0.00	0.00	0.35	1.21	0.00
2	6	0.00	0.04	1.99	3.84	0.00
3	3	0.00	0.02	0.39	1.00	0.00
3	7	4.01	1.63	7.05	2.25	0.00
Core	CPU	C1%	C3%	C6%	C8%	C9%
-	-	0.02	0.28	6.22	15.97	0.00
0	0	0.18	2.20	37.94	31.90	0.00
0	4	0.00	0.00	0.90	0.00	0.00
1	1	0.00	0.00	1.71	8.57	0.00
1	5	0.00	0.00	0.84	1.98	0.00
2	2	0.00	0.00	6.74	81.78	0.00
2	6	0.00	0.01	0.83	1.09	0.00
3	3	0.00	0.02	0.29	0.99	0.00
3	7	0.00	0.03	0.49	1.42	0.00
Core	CPU	C1%	C3%	C6%	C8%	C9%
-	-	0.04	0.10	6.47	15.82	0.00
0	0	0.17	0.69	39.30	32.97	0.00
0	4	0.00	0.00	0.60	0.00	0.00
1	1	0.00	0.00	8.34	84.78	0.00
1	5	0.00	0.00	0.27	1.09	0.00
2	2	0.00	0.07	1.93	5.91	0.00
2	6	0.00	0.05	0.71	0.60	0.00
3	3	0.00	0.02	0.29	0.31	0.00
3	7	0.12	0.00	0.34	0.89	0.00
Core	CPU	C1%	C3%	C6%	C8%	C9%
-	-	0.04	0.29	6.47	15.56	0.82
0	0	0.19	2.22	42.10	28.79	0.00
0	4	0.00	0.00	0.63	0.11	6.54
1	1	0.00	0.02	5.38	68.97	0.00
1	5	0.10	0.02	0.10	0.61	0.00
2	2	0.00	0.00	2.05	23.03	0.00
2	6	0.00	0.04	0.83	0.69	0.00
3	3	0.00	0.00	0.33	0.98	0.00
3	7	0.00	0.00	0.36	1.28	0.00
Core	CPU	C1%	C3%	C6%	C8%	C9%
-	-	0.03	0.03	6.19	16.73	0.00
0	0	0.23	0.23	37.07	35.53	0.00
0	4	0.00	0.00	0.35	0.61	0.00
1	1	0.00	0.00	0.59	2.18	0.00
1	5	0.00	0.00	0.33	1.19	0.00
2	2	0.00	0.00	8.72	89.41	0.00
2	6	0.00	0.02	0.73	1.48	0.00
3	3	0.00	0.00	0.66	1.50	0.00
3	7	0.00	0.00	1.08	1.98	0.00
Core	CPU	C1%	C3%	C6%	C8%	C9%
-	-	0.02	0.08	6.52	16.10	0.00
0	0	0.18	0.58	39.24	33.13	0.00
0	4	0.00	0.00	0.85	0.10	0.00
1	1	0.00	0.01	1.18	5.50	0.00
1	5	0.00	0.00	0.23	1.29	0.00
2	2	0.00	0.02	8.11	86.16	0.00
2	6	0.00	0.01	1.28	0.58	0.00
3	3	0.00	0.00	0.37	0.59	0.00
3	7	0.00	0.03	0.86	1.45	0.00
Core	CPU	C1%	C3%	C6%	C8%	C9%
-	-	1.45	0.65	6.59	15.05	2.96
0	0	0.24	1.71	34.92	22.72	0.00
0	4	0.00	0.00	0.70	0.10	23.65
1	1	11.39	3.53	10.05	0.99	0.00
1	5	0.00	0.00	0.36	1.09	0.00
2	2	0.00	0.00	4.73	77.96	0.00
2	6	0.00	0.00	0.85	0.69	0.00
3	3	0.00	0.00	0.58	16.25	0.00
3	7	0.00	0.00	0.52	0.59	0.00
Core	CPU	C1%	C3%	C6%	C8%	C9%
-	-	0.03	0.30	7.40	15.17	3.88
0	0	0.19	2.31	46.37	24.26	0.00
0	4	0.00	0.00	0.88	0.00	30.97
1	1	0.00	0.02	0.87	1.08	0.00
1	5	0.00	0.00	0.25	0.90	0.07
2	2	0.00	0.00	7.62	71.21	0.00
2	6	0.00	0.02	0.67	1.17	0.00
3	3	0.00	0.00	2.38	20.87	0.00
3	7	0.02	0.02	0.18	1.86	0.00
Core	CPU	C1%	C3%	C6%	C8%	C9%
-	-	0.03	0.07	6.30	16.14	0.00
0	0	0.26	0.55	38.38	34.02	0.00
0	4	0.00	0.00	1.46	0.00	0.00
1	1	0.00	0.00	0.34	0.89	0.00
1	5	0.00	0.00	0.14	0.99	0.00
2	2	0.00	0.01	7.38	90.84	0.00
2	6	0.00	0.01	1.57	0.99	0.00
3	3	0.00	0.00	0.28	0.88	0.00
3	7	0.00	0.00	0.87	0.54	0.00
Core	CPU	C1%	C3%	C6%	C8%	C9%
-	-	0.03	0.44	6.44	15.25	4.85
0	0	0.20	3.55	42.44	26.51	0.00
0	4	0.00	0.00	0.87	0.00	38.80
1	1	0.00	0.00	0.26	0.80	0.00
1	5	0.00	0.00	0.24	0.89	0.00
2	2	0.00	0.00	6.64	89.40	0.00
2	6	0.00	0.01	0.39	0.80	0.00
3	3	0.01	0.00	0.34	2.98	0.00
3	7	0.00	0.00	0.37	0.59	0.00
Core	CPU	C1%	C3%	C6%	C8%	C9%
-	-	0.04	0.05	5.98	16.29	0.00
0	0	0.28	0.37	37.25	35.26	0.00
0	4	0.00	0.00	0.69	0.10	0.00
1	1	0.00	0.00	0.28	0.89	0.00
1	5	0.00	0.00	0.27	1.48	0.00
2	2	0.00	0.00	6.45	69.80	0.00
2	6	0.00	0.01	0.55	0.50	0.00
3	3	0.00	0.01	2.03	21.38	0.00
3	7	0.00	0.00	0.29	0.88	0.00
Core	CPU	C1%	C3%	C6%	C8%	C9%
-	-	0.03	0.19	6.29	15.88	0.89
0	0	0.24	1.47	39.81	31.71	0.00
0	4	0.00	0.00	0.62	0.10	7.13
1	1	0.00	0.00	0.19	0.89	0.00
1	5	0.00	0.00	0.28	0.89	0.00
2	2	0.00	0.02	8.19	89.88	0.00
2	6	0.00	0.02	0.61	0.50	0.00
3	3	0.00	0.02	0.36	2.18	0.00
3	7	0.00	0.00	0.22	0.89	0.00
Core	CPU	C1%	C3%	C6%	C8%	C9%
-	-	0.03	0.18	6.84	15.54	2.46
0	0	0.23	1.39	42.12	29.48	0.00
0	4	0.00	0.00	1.19	0.00	19.66
1	1	0.00	0.00	0.52	1.40	0.00
1	5	0.00	0.00	0.28	0.99	0.00
2	2	0.00	0.00	0.85	2.56	0.00
2	6	0.00	0.03	1.36	0.30	0.00
3	3	0.00	0.02	7.67	87.89	0.00
3	7	0.00	0.03	0.71	1.70	0.00
Core	CPU	C1%	C3%	C6%	C8%	C9%
-	-	0.03	0.08	6.21	16.21	0.00
0	0	0.26	0.55	38.27	34.07	0.00
0	4	0.00	0.00	0.84	0.00	0.00
1	1	0.00	0.02	0.29	0.99	0.00
1	5	0.00	0.00	0.10	0.99	0.00
2	2	0.00	0.00	7.43	79.92	0.00
2	6	0.00	0.03	0.76	1.67	0.00
3	3	0.00	0.00	1.29	10.84	0.00
3	7	0.00	0.00	0.68	1.18	0.00
Core	CPU	C1%	C3%	C6%	C8%	C9%
-	-	0.04	0.24	6.29	15.80	0.00
0	0	0.25	1.83	37.42	32.45	0.00
0	4	0.00	0.00	0.77	0.00	0.00
1	1	0.00	0.00	0.64	1.86	0.00
1	5	0.00	0.00	0.23	0.99	0.00
2	2	0.00	0.01	2.24	5.26	0.00
2	6	0.00	0.00	0.31	1.78	0.00
3	3	0.01	0.10	8.07	82.95	0.00
3	7	0.07	0.01	0.65	1.09	0.00
Core	CPU	C1%	C3%	C6%	C8%	C9%
-	-	0.03	0.08	6.12	16.16	0.00
0	0	0.27	0.61	38.52	33.80	0.00
0	4	0.00	0.00	0.75	0.21	0.00
1	1	0.00	0.00	0.45	0.60	0.00
1	5	0.00	0.00	0.24	0.99	0.00
2	2	0.00	0.02	6.46	74.10	0.00
2	6	0.00	0.00	0.59	1.31	0.00
3	3	0.00	0.00	1.60	17.34	0.00
3	7	0.00	0.00	0.34	0.89	0.00
Core	CPU	C1%	C3%	C6%	C8%	C9%
-	-	0.03	0.12	5.92	16.41	0.10
0	0	0.27	0.98	36.67	35.37	0.00
0	4	0.00	0.00	0.39	0.39	0.00
1	1	0.00	0.00	0.18	1.66	0.00
1	5	0.00	0.00	0.27	0.89	0.00
2	2	0.00	0.00	8.08	90.02	0.00
2	6	0.00	0.00	1.12	1.30	0.00
3	3	0.00	0.01	0.37	0.98	0.80
3	7	0.00	0.00	0.29	0.69	0.00
Core	CPU	C1%	C3%	C6%	C8%	C9%
-	-	2.04	1.45	9.35	13.31	2.04
0	0	0.49	4.00	45.39	5.69	0.02
0	4	0.00	0.01	0.60	0.00	16.27
1	1	15.40	7.28	19.30	1.32	0.00
1	5	0.00	0.00	4.14	72.50	0.00
2	2	0.42	0.31	3.42	10.35	0.00
2	6	0.00	0.01	0.45	0.69	0.00
3	3	0.00	0.02	1.29	15.16	0.00
3	7	0.00	0.00	0.20	0.79	0.00
Core	CPU	C1%	C3%	C6%	C8%	C9%
-	-	1.20	0.49	6.32	15.76	0.00
0	0	0.19	0.71	32.84	27.38	0.00
0	4	0.00	0.00	0.24	0.41	0.00
1	1	9.39	3.21	9.93	2.55	0.00
1	5	0.00	0.02	6.26	92.09	0.00
2	2	0.00	0.00	0.00	0.50	0.00
2	6	0.00	0.00	0.62	0.99	0.00
3	3	0.00	0.00	0.37	1.08	0.00
3	7	0.00	0.00	0.32	1.09	0.00
Core	CPU	C1%	C3%	C6%	C8%	C9%
-	-	0.02	0.66	7.27	14.01	4.69
0	0	0.14	5.19	49.06	18.24	0.00
0	4	0.00	0.00	0.67	0.11	37.49
1	1	0.00	0.00	0.41	1.18	0.00
1	5	0.00	0.02	4.06	61.38	0.00
2	2	0.00	0.00	0.33	0.80	0.00
2	6	0.00	0.04	0.69	0.50	0.00
3	3	0.00	0.00	2.59	29.13	0.00
3	7	0.00	0.00	0.38	0.79	0.00
Core	CPU	C1%	C3%	C6%	C8%	C9%
-	-	0.16	0.11	6.34	16.30	0.00
0	0	0.42	0.80	38.27	33.50	0.00
0	4	0.49	0.00	0.92	0.01	0.00
1	1	0.00	0.00	0.99	2.86	0.00
1	5	0.27	0.00	4.16	45.34	0.00
2	2	0.00	0.00	0.36	1.27	0.00
2	6	0.00	0.06	1.43	1.07	0.00
3	3	0.00	0.00	4.42	45.44	0.00
3	7	0.09	0.00	0.20	0.90	0.00
Core	CPU	C1%	C3%	C6%	C8%	C9%
-	-	0.02	0.69	8.15	13.94	8.74
0	0	0.09	5.30	55.88	12.06	0.00
0	4	0.00	0.00	0.65	0.00	69.89
1	1	0.00	0.00	0.14	0.59	0.00
1	5	0.00	0.00	5.54	92.58	0.00
2	2	0.10	0.18	0.92	1.87	0.00
2	6	0.00	0.00	1.00	0.40	0.00
3	3	0.00	0.00	0.52	2.24	0.00
3	7	0.00	0.03	0.54	1.76	0.00
Core	CPU	C1%	C3%	C6%	C8%	C9%
-	-	0.03	0.02	6.04	16.34	0.20
0	0	0.25	0.13	36.60	36.18	0.00
0	4	0.00	0.00	0.68	0.22	0.00
1	1	0.00	0.00	0.27	0.90	0.00
1	5	0.00	0.00	7.90	90.26	0.00
2	2	0.00	0.00	0.32	0.59	0.00
2	6	0.00	0.03	0.62	0.98	0.00
3	3	0.00	0.00	0.69	0.85	1.60
3	7	0.00	0.03	1.24	0.71	0.00
Core	CPU	C1%	C3%	C6%	C8%	C9%
-	-	0.04	0.10	6.37	16.11	0.37
0	0	0.23	0.71	39.21	32.90	0.00
0	4	0.00	0.02	0.59	0.10	2.95
1	1	0.00	0.00	0.43	1.09	0.00
1	5	0.00	0.02	6.31	75.12	0.00
2	2	0.00	0.00	0.26	0.99	0.00
2	6	0.00	0.02	1.75	0.70	0.00
3	3	0.00	0.00	2.19	17.18	0.00
3	7	0.13	0.02	0.22	0.80	0.00
Core	CPU	C1%	C3%	C6%	C8%	C9%
-	-	0.01	0.69	7.72	13.49	8.69
0	0	0.11	5.35	52.58	14.51	0.00
0	4	0.00	0.00	0.65	0.00	67.42
1	1	0.00	0.00	0.33	0.92	0.00
1	5	0.00	0.02	3.35	47.22	0.00
2	2	0.00	0.00	0.10	0.99	0.00
2	6	0.00	0.04	0.97	1.97	0.00
3	3	0.00	0.09	3.26	41.39	2.10
3	7	0.00	0.00	0.54	0.89	0.00
Core	CPU	C1%	C3%	C6%	C8%	C9%
-	-	0.03	0.06	5.99	16.20	0.00
0	0	0.25	0.45	37.63	34.86	0.00
0	4	0.00	0.00	0.86	0.00	0.00
1	1	0.00	0.01	0.18	0.99	0.00
1	5	0.00	0.00	7.59	90.63	0.00
2	2	0.00	0.01	0.29	0.61	0.00
2	6	0.00	0.01	0.58	0.99	0.00
3	3	0.00	0.00	0.28	0.88	0.00
3	7	0.00	0.00	0.46	0.69	0.00
Core	CPU	C1%	C3%	C6%	C8%	C9%
-	-	0.02	0.46	7.26	14.86	5.22
0	0	0.16	3.62	47.98	21.55	0.00
0	4	0.00	0.00	0.80	0.00	41.08
1	1	0.00	0.02	0.85	1.67	0.00
1	5	0.00	0.00	6.70	91.64	0.00
2	2	0.00	0.00	0.22	1.08	0.70
2	6	0.00	0.00	0.94	0.60	0.00
3	3	0.00	0.00	0.20	1.28	0.00
3	7	0.00	0.00	0.38	1.08	0.00
Core	CPU	C1%	C3%	C6%	C8%	C9%
-	-	0.03	0.15	6.43	15.81	0.29
0	0	0.21	1.16	41.29	30.46	0.00
0	4	0.00	0.02	0.79	0.00	2.35
1	1	0.00	0.02	0.67	1.92	0.00
1	5	0.00	0.03	7.20	90.54	0.00
2	2	0.00	0.00	0.56	0.69	0.00
2	6	0.00	0.00	0.54	1.00	0.00
3	3	0.00	0.00	0.29	0.90	0.00
3	7	0.00	0.00	0.10	0.99	0.00
Core	CPU	C1%	C3%	C6%	C8%	C9%
-	-	0.03	0.08	6.30	16.41	0.00
0	0	0.25	0.58	38.64	33.44	0.00
0	4	0.00	0.02	0.70	0.00	0.00
1	1	0.00	0.02	0.98	2.83	0.00
1	5	0.00	0.00	7.72	90.53	0.00
2	2	0.00	0.00	0.26	0.99	0.00
2	6	0.00	0.00	1.27	1.59	0.00
3	3	0.00	0.00	0.22	0.90	0.00
3	7	0.00	0.00	0.58	0.99	0.00
Core	CPU	C1%	C3%	C6%	C8%	C9%
-	-	0.24	0.69	6.83	13.73	4.24
0	0	0.09	3.40	39.74	14.27	0.00
0	4	0.00	0.00	0.64	0.00	33.90
1	1	1.82	2.13	5.91	1.73	0.00
1	5	0.00	0.02	6.64	88.87	0.00
2	2	0.00	0.00	0.20	1.08	0.00
2	6	0.00	0.00	0.66	1.49	0.00
3	3	0.00	0.00	0.37	0.98	0.00
3	7	0.00	0.00	0.50	1.39	0.00
Core	CPU	C1%	C3%	C6%	C8%	C9%
-	-	0.02	0.16	6.66	15.50	0.00
0	0	0.18	1.27	42.97	28.44	0.00
0	4	0.00	0.00	0.59	0.40	0.00
1	1	0.00	0.00	1.25	0.20	0.00
1	5	0.00	0.00	7.13	91.13	0.00
2	2	0.00	0.00	0.23	0.79	0.00
2	6	0.00	0.04	0.50	0.99	0.00
3	3	0.00	0.00	0.19	1.29	0.00
3	7	0.00	0.00	0.42	0.79	0.00
Core	CPU	C1%	C3%	C6%	C8%	C9%
-	-	0.50	0.65	7.37	14.15	3.28
0	0	0.24	3.86	46.51	17.53	0.13
0	4	0.00	0.02	0.28	0.81	25.31
1	1	3.74	1.25	4.50	0.30	0.00
1	5	0.00	0.01	6.34	90.05	0.00
2	2	0.00	0.00	0.07	0.59	0.00
2	6	0.00	0.03	0.91	1.78	0.80
3	3	0.00	0.00	0.22	0.89	0.00
3	7	0.00	0.00	0.10	1.23	0.00
Core	CPU	C1%	C3%	C6%	C8%	C9%
-	-	0.28	0.33	7.46	15.04	2.16
0	0	0.19	1.56	43.27	30.13	0.00
0	4	0.00	0.00	0.35	0.90	17.26
1	1	0.95	0.47	2.76	1.77	0.00
1	5	1.09	0.60	9.77	81.33	0.00
2	2	0.00	0.00	1.07	1.99	0.00
2	6	0.00	0.02	1.69	1.70	0.00
3	3	0.00	0.00	0.46	1.48	0.00
3	7	0.00	0.00	0.27	1.03	0.00
Core	CPU	C1%	C3%	C6%	C8%	C9%
-	-	0.00	0.87	9.17	12.43	11.14
0	0	0.03	6.91	65.77	0.84	0.00
0	4	0.00	0.00	0.85	0.10	89.14
1	1	0.00	0.00	0.25	0.89	0.00
1	5	0.00	0.00	4.74	93.83	0.00
2	2	0.00	0.01	0.29	0.90	0.00
2	6	0.00	0.00	0.62	1.28	0.00
3	3	0.00	0.00	0.28	0.88	0.00
3	7	0.00	0.00	0.55	0.70	0.00
Core	CPU	C1%	C3%	C6%	C8%	C9%
-	-	0.03	0.17	5.95	15.62	0.00
0	0	0.25	1.28	38.47	31.38	0.00
0	4	0.00	0.00	0.79	0.09	0.00
1	1	0.00	0.00	0.27	0.79	0.00
1	5	0.00	0.00	6.77	88.71	0.00
2	2	0.00	0.00	0.14	0.79	0.00
2	6	0.00	0.00	0.44	1.39	0.00
3	3	0.01	0.08	0.19	1.10	0.00
3	7	0.00	0.00	0.49	0.69	0.00
Core	CPU	C1%	C3%	C6%	C8%	C9%
-	-	3.66	1.60	6.50	13.25	0.00
0	0	0.18	1.60	19.98	5.86	0.02
0	4	0.00	0.00	1.00	0.00	0.00
1	1	29.08	11.16	24.06	1.33	0.00
1	5	0.00	0.02	5.11	93.42	0.00
2	2	0.00	0.00	0.32	1.28	0.00
2	6	0.00	0.00	0.79	2.28	0.00
3	3	0.00	0.02	0.30	0.40	0.00
3	7	0.00	0.02	0.44	1.46	0.00
Core	CPU	C1%	C3%	C6%	C8%	C9%
-	-	0.03	0.23	6.73	15.83	1.64
0	0	0.22	1.74	40.82	30.47	0.00
0	4	0.00	0.00	0.65	0.00	12.25
1	1	0.00	0.01	1.01	0.20	0.00
1	5	0.00	0.02	7.65	90.30	0.00
2	2	0.00	0.00	0.10	0.99	0.00
2	6	0.00	0.05	1.95	2.61	0.89
3	3	0.00	0.00	0.36	0.59	0.00
3	7	0.00	0.03	1.30	1.49	0.00
Core	CPU	C1%	C3%	C6%	C8%	C9%
-	-	0.03	0.10	6.29	16.06	8.35
0	0	0.25	0.76	39.29	32.90	0.00
0	4	0.00	0.00	0.66	0.00	66.79
1	1	0.00	0.00	0.35	0.40	0.00
1	5	0.00	0.00	7.53	90.70	0.00
2	2	0.00	0.01	0.29	0.41	0.00
2	6	0.00	0.02	0.97	1.60	0.00
3	3	0.00	0.00	0.38	1.38	0.00
3	7	0.00	0.00	0.89	1.07	0.00
Core	CPU	C1%	C3%	C6%	C8%	C9%
-	-	0.04	0.07	6.26	16.28	0.00
0	0	0.28	0.46	37.53	34.86	0.00
0	4	0.00	0.00	0.80	0.09	0.00
1	1	0.00	0.00	0.29	0.99	0.00
1	5	0.01	0.00	8.84	88.14	0.00
2	2	0.00	0.03	1.03	0.60	0.00
2	6	0.00	0.00	0.63	2.50	0.00
3	3	0.00	0.01	0.42	0.81	0.00
3	7	0.05	0.07	0.56	2.26	0.00
Core	CPU	C1%	C3%	C6%	C8%	C9%
-	-	0.44	0.67	7.50	15.35	0.43
0	0	0.26	2.29	42.36	28.26	0.00
0	4	0.00	0.02	0.77	1.18	0.00
1	1	3.25	2.94	6.74	1.38	0.00
1	5	0.00	0.02	7.38	88.11	0.00
2	2	0.00	0.00	0.76	0.79	0.00
2	6	0.00	0.00	0.47	1.48	0.00
3	3	0.00	0.00	0.23	0.40	3.46
3	7	0.00	0.09	1.28	1.21	0.00
Core	CPU	C1%	C3%	C6%	C8%	C9%
-	-	0.17	0.34	7.29	15.85	0.00
0	0	0.23	1.61	40.58	29.69	0.02
0	4	0.08	0.41	4.42	1.78	0.00
1	1	1.06	0.59	3.83	0.69	0.00
1	5	0.00	0.00	7.12	91.08	0.00
2	2	0.00	0.01	0.49	1.09	0.00
2	6	0.00	0.00	0.88	0.48	0.00
3	3	0.00	0.00	0.37	0.98	0.00
3	7	0.00	0.10	0.62	0.99	0.00
Core	CPU	C1%	C3%	C6%	C8%	C9%
-	-	0.03	0.17	6.33	15.99	0.00
0	0	0.25	1.34	39.04	32.76	0.00
0	4	0.00	0.00	1.00	0.00	0.00
1	1	0.00	0.00	0.67	1.19	0.00
1	5	0.00	0.00	7.20	87.16	0.00
2	2	0.00	0.00	0.27	0.99	0.00
2	6	0.00	0.00	0.92	4.47	0.00
3	3	0.00	0.00	0.39	0.99	0.00
3	7	0.00	0.03	1.15	0.40	0.00
Core	CPU	C1%	C3%	C6%	C8%	C9%
-	-	0.01	0.66	8.51	13.10	10.45
0	0	0.07	5.18	60.78	7.42	0.00
0	4	0.00	0.00	0.70	0.00	83.62
1	1	0.00	0.00	0.19	0.89	0.00
1	5	0.00	0.00	4.31	75.82	0.00
2	2	0.00	0.00	0.25	0.50	0.00
2	6	0.00	0.00	0.92	18.61	0.00
3	3	0.00	0.02	0.29	0.60	0.00
3	7	0.00	0.10	0.68	0.98	0.00
Core	CPU	C1%	C3%	C6%	C8%	C9%
-	-	1.24	0.40	5.97	15.39	0.00
0	0	0.44	0.62	31.46	26.51	0.02
0	4	0.00	0.00	0.79	0.50	0.00
1	1	0.00	0.00	0.14	0.80	0.00
1	5	0.00	0.02	6.33	91.98	0.00
2	2	9.45	2.46	6.78	0.79	0.00
2	6	0.00	0.00	0.52	0.79	0.00
3	3	0.00	0.02	0.41	0.89	0.00
3	7	0.00	0.08	1.30	0.88	0.00
Core	CPU	C1%	C3%	C6%	C8%	C9%
-	-	0.03	0.20	6.40	15.48	0.00
0	0	0.21	1.41	38.75	30.95	0.00
0	4	0.00	0.00	1.05	0.11	0.00
1	1	0.00	0.00	0.25	1.28	0.00
1	5	0.00	0.00	6.80	88.70	0.00
2	2	0.00	0.00	1.11	0.58	0.00
2	6	0.00	0.00	1.31	0.89	0.00
3	3	0.01	0.09	0.97	0.30	0.00
3	7	0.00	0.07	0.93	1.07	0.00
Core	CPU	C1%	C3%	C6%	C8%	C9%
-	-	0.79	0.40	5.99	15.07	0.01
0	0	0.18	0.51	31.82	25.52	0.12
0	4	0.00	0.00	0.28	0.32	0.00
1	1	0.00	0.00	0.38	0.79	0.00
1	5	0.00	0.00	6.77	91.58	0.00
2	2	6.14	2.58	7.17	0.20	0.00
2	6	0.00	0.00	0.31	0.99	0.00
3	3	0.00	0.00	0.10	0.80	0.00
3	7	0.00	0.10	1.08	0.40	0.00
Core	CPU	C1%	C3%	C6%	C8%	C9%
-	-	0.03	0.25	6.49	15.55	1.35
0	0	0.21	1.90	41.78	29.25	0.00
0	4	0.00	0.00	0.62	0.10	10.78
1	1	0.00	0.02	0.38	1.09	0.00
1	5	0.00	0.00	7.06	90.91	0.00
2	2	0.00	0.00	0.28	0.79	0.00
2	6	0.00	0.00	0.37	0.69	0.00
3	3	0.00	0.00	0.25	0.70	0.00
3	7	0.00	0.05	1.19	0.89	0.00
Core	CPU	C1%	C3%	C6%	C8%	C9%
-	-	0.03	0.08	6.24	15.79	0.00
0	0	0.25	0.55	38.66	33.72	0.00
0	4	0.00	0.02	0.64	0.00	0.00
1	1	0.00	0.00	0.15	1.08	0.00
1	5	0.00	0.02	7.69	90.51	0.00
2	2	0.00	0.01	0.39	0.20	0.00
2	6	0.00	0.02	0.65	0.40	0.00
3	3	0.00	0.02	0.36	0.39	0.00
3	7	0.00	0.03	1.40	0.00	0.00
Core	CPU	C1%	C3%	C6%	C8%	C9%
-	-	0.03	0.02	6.14	16.20	0.00
0	0	0.25	0.18	37.16	35.46	0.00
0	4	0.00	0.00	0.69	0.00	0.00
1	1	0.00	0.00	0.28	0.69	0.00
1	5	0.00	0.00	7.90	90.29	0.00
2	2	0.00	0.00	0.54	0.49	0.00
2	6	0.00	0.00	1.19	1.28	0.00
3	3	0.00	0.00	0.39	0.49	0.00
3	7	0.00	0.00	0.96	0.90	0.00
Core	CPU	C1%	C3%	C6%	C8%	C9%
-	-	0.03	0.22	5.79	15.82	0.00
0	0	0.24	1.75	35.52	34.78	0.00
0	4	0.00	0.02	0.80	0.00	0.00
1	1	0.00	0.00	0.58	0.61	0.00
1	5	0.00	0.00	7.28	88.39	0.00
2	2	0.00	0.00	0.37	0.79	0.00
2	6	0.00	0.00	0.34	0.98	0.00
3	3	0.00	0.00	0.22	0.69	0.00
3	7	0.00	0.00	1.19	0.30	0.00
Core	CPU	C1%	C3%	C6%	C8%	C9%
-	-	0.03	0.02	5.98	16.46	0.00
0	0	0.24	0.16	36.66	36.08	0.00
0	4	0.00	0.00	1.64	0.00	0.00
1	1	0.00	0.00	0.14	0.59	0.00
1	5	0.00	0.02	7.57	90.64	0.00
2	2	0.00	0.00	0.10	0.99	0.00
2	6	0.00	0.00	0.30	0.88	0.00
3	3	0.00	0.00	0.47	1.67	0.00
3	7	0.00	0.00	0.95	0.79	0.00
Core	CPU	C1%	C3%	C6%	C8%	C9%
-	-	0.03	0.13	6.04	15.93	0.00
0	0	0.22	0.98	37.81	34.00	0.00
0	4	0.00	0.00	0.47	0.11	0.00
1	1	0.03	0.00	0.27	1.09	0.00
1	5	0.00	0.00	7.74	90.17	0.00
2	2	0.00	0.00	0.13	0.40	0.00
2	6	0.00	0.02	0.28	0.49	0.00
3	3	0.00	0.00	0.47	0.50	0.00
3	7	0.00	0.03	1.14	0.70	0.00
Core	CPU	C1%	C3%	C6%	C8%	C9%
-	-	0.03	0.15	6.65	15.88	2.33
0	0	0.22	1.18	41.38	30.35	0.00
0	4	0.00	0.00	0.69	0.49	18.63
1	1	0.00	0.00	0.26	0.11	0.00
1	5	0.00	0.00	7.10	91.17	0.00
2	2	0.00	0.00	0.35	1.38	0.00
2	6	0.00	0.00	1.05	1.23	0.00
3	3	0.00	0.02	0.59	0.89	0.00
3	7	0.00	0.04	1.75	1.38	0.00
Core	CPU	C1%	C3%	C6%	C8%	C9%
-	-	0.03	0.04	6.14	16.34	0.00
0	0	0.24	0.28	37.70	34.93	0.00
0	4	0.00	0.01	0.90	0.00	0.00
1	1	0.00	0.00	0.40	2.17	0.01
1	5	0.00	0.00	8.64	89.57	0.00
2	2	0.00	0.00	0.35	1.09	0.00
2	6	0.00	0.00	0.32	0.99	0.00
3	3	0.00	0.02	0.29	0.59	0.00
3	7	0.00	0.05	0.49	1.36	0.00
Core	CPU	C1%	C3%	C6%	C8%	C9%
-	-	0.03	0.22	5.91	15.85	0.00
0	0	0.23	1.74	36.34	33.80	0.00
0	4	0.00	0.00	1.33	0.00	0.00
1	1	0.00	0.00	0.22	0.99	0.00
1	5	0.00	0.02	7.26	88.28	0.00
2	2	0.00	0.00	0.29	0.99	0.00
2	6	0.00	0.00	0.28	1.08	0.00
3	3	0.00	0.00	0.36	1.09	0.00
3	7	0.00	0.03	1.20	0.59	0.00
Core	CPU	C1%	C3%	C6%	C8%	C9%
-	-	3.02	1.17	5.87	12.90	1.12
0	0	0.28	1.16	16.68	5.54	0.01
0	4	0.00	0.00	0.66	0.39	8.98
1	1	23.83	8.14	22.80	0.00	0.00
1	5	0.00	0.00	5.01	93.38	0.00
2	2	0.00	0.02	0.52	0.99	0.00
2	6	0.00	0.00	0.13	0.60	0.00
3	3	0.00	0.00	0.37	1.19	0.00
3	7	0.00	0.04	0.81	1.08	0.00
Core	CPU	C1%	C3%	C6%	C8%	C9%
-	-	0.20	0.39	6.99	15.31	3.96
0	0	0.17	2.63	42.86	24.96	0.00
0	4	0.00	0.02	0.19	0.40	31.67
1	1	0.84	0.19	1.45	0.19	0.00
1	5	0.00	0.00	6.43	91.89	0.00
2	2	0.59	0.19	2.14	1.67	0.00
2	6	0.00	0.00	1.26	1.69	0.00
3	3	0.00	0.00	0.40	1.07	0.00
3	7	0.00	0.06	1.17	0.59	0.00
Core	CPU	C1%	C3%	C6%	C8%	C9%
-	-	0.04	0.13	6.54	15.73	0.48
0	0	0.23	0.85	40.21	31.90	0.00
0	4	0.00	0.02	0.47	0.34	3.87
1	1	0.00	0.00	0.80	0.49	0.00
1	5	0.00	0.00	4.12	43.81	0.00
2	2	0.00	0.03	0.95	1.79	0.00
2	6	0.00	0.00	4.38	46.92	0.00
3	3	0.00	0.00	0.42	0.49	0.00
3	7	0.10	0.13	0.97	0.10	0.00
Core	CPU	C1%	C3%	C6%	C8%	C9%
-	-	2.02	0.77	5.67	14.08	0.00
0	0	0.44	0.82	22.77	14.15	0.00
0	4	0.00	0.00	0.34	0.60	0.00
1	1	0.00	0.00	0.54	1.28	0.00
1	5	0.00	0.02	5.23	93.18	0.00
2	2	0.00	0.00	0.39	1.19	0.00
2	6	0.00	0.00	0.29	0.88	0.00
3	3	15.73	5.36	14.92	0.89	0.00
3	7	0.00	0.00	0.83	0.49	0.00
Core	CPU	C1%	C3%	C6%	C8%	C9%
-	-	0.77	0.56	6.39	14.81	9.27
0	0	0.19	2.95	36.17	25.73	0.00
0	4	0.00	0.00	0.57	0.50	74.15
1	1	0.00	0.00	0.38	0.89	0.00
1	5	0.00	0.00	6.48	89.36	0.00
2	2	0.00	0.00	1.11	0.39	0.00
2	6	0.20	0.01	0.68	0.79	0.00
3	3	5.74	1.52	5.29	0.39	0.00
3	7	0.00	0.00	0.40	0.39	0.00
Core	CPU	C1%	C3%	C6%	C8%	C9%
-	-	0.71	0.30	6.40	15.91	0.61
0	0	0.22	0.72	33.74	30.51	0.01
0	4	0.00	0.02	0.47	1.11	4.90
1	1	5.44	1.57	6.27	0.69	0.00
1	5	0.00	0.00	7.33	90.89	0.00
2	2	0.00	0.00	0.35	1.09	0.00
2	6	0.00	0.00	1.93	1.09	0.00
3	3	0.00	0.00	0.41	0.90	0.00
3	7	0.00	0.08	0.71	0.99	0.00
Core	CPU	C1%	C3%	C6%	C8%	C9%
-	-	0.03	0.16	6.26	15.93	0.00
0	0	0.25	1.25	38.55	33.29	0.00
0	4	0.00	0.00	0.64	0.10	0.00
1	1	0.00	0.00	0.82	0.78	0.00
1	5	0.00	0.01	7.79	90.29	0.00
2	2	0.00	0.00	0.36	0.79	0.00
2	6	0.00	0.00	0.37	0.88	0.00
3	3	0.00	0.00	0.36	0.69	0.00
3	7	0.00	0.05	1.16	0.59	0.00
Core	CPU	C1%	C3%	C6%	C8%	C9%
-	-	1.75	1.01	8.58	14.25	0.36
0	0	0.15	2.22	39.91	16.23	0.00
0	4	0.00	0.00	0.66	0.51	2.88
1	1	13.16	5.04	16.22	0.69	0.00
1	5	0.00	0.02	5.74	92.61	0.00
2	2	0.73	0.74	4.26	1.09	0.00
2	6	0.00	0.00	0.27	1.29	0.00
3	3	0.00	0.00	0.28	0.89	0.00
3	7	0.00	0.03	1.29	0.69	0.00
Core	CPU	C1%	C3%	C6%	C8%	C9%
-	-	0.03	0.16	6.44	15.71	1.81
0	0	0.24	1.22	40.91	30.83	0.00
0	4	0.00	0.00	0.49	0.30	14.45
1	1	0.00	0.00	0.78	0.30	0.00
1	5	0.00	0.00	7.21	91.06	0.00
2	2	0.00	0.00	0.45	0.49	0.00
2	6	0.00	0.00	0.32	1.09	0.00
3	3	0.00	0.01	0.30	0.79	0.00
3	7	0.00	0.08	1.09	0.80	0.00
Core	CPU	C1%	C3%	C6%	C8%	C9%
-	-	0.03	0.18	6.21	15.45	10.24
0	0	0.20	1.33	38.12	31.57	0.00
0	4	0.00	0.00	0.79	0.00	81.95
1	1	0.00	0.00	0.78	0.49	0.00
1	5	0.00	0.00	7.02	88.49	0.00
2	2	0.00	0.00	0.26	0.99	0.00
2	6	0.00	0.00	1.46	1.12	0.00
3	3	0.01	0.02	0.29	0.80	0.00
3	7	0.00	0.09	0.96	0.11	0.00
Core	CPU	C1%	C3%	C6%	C8%	C9%
-	-	0.03	0.09	6.20	16.25	0.00
0	0	0.24	0.53	38.35	34.01	0.00
0	4	0.00	0.00	0.72	0.60	0.00
1	1	0.00	0.01	0.39	0.70	0.00
1	5	0.00	0.00	0.38	1.20	0.00
2	2	0.00	0.00	0.28	1.09	0.00
2	6	0.00	0.00	7.70	90.50	0.00
3	3	0.00	0.00	0.24	0.99	0.00
3	7	0.00	0.14	1.57	0.89	0.00
Core	CPU	C1%	C3%	C6%	C8%	C9%
-	-	0.03	0.22	6.25	15.78	0.00
0	0	0.22	1.66	39.50	31.89	0.00
0	4	0.00	0.00	0.77	0.18	0.00
1	1	0.00	0.00	0.25	0.98	0.00
1	5	0.00	0.02	6.29	75.62	0.00
2	2	0.00	0.09	0.28	0.70	0.00
2	6	0.00	0.00	1.63	15.67	0.00
3	3	0.00	0.00	0.28	0.79	0.00
3	7	0.00	0.03	1.01	0.40	0.00
Core	CPU	C1%	C3%	C6%	C8%	C9%
-	-	0.90	1.12	6.04	12.53	2.70
0	0	0.04	2.70	25.44	2.71	0.00
0	4	0.00	0.00	0.88	0.41	21.57
1	1	0.00	0.00	0.28	0.99	0.00
1	5	0.00	0.00	4.83	90.35	0.00
2	2	7.17	6.14	14.80	0.30	0.00
2	6	0.00	0.00	0.90	3.55	0.00
3	3	0.00	0.00	0.20	1.19	0.00
3	7	0.00	0.10	1.02	0.70	0.00
Core	CPU	C1%	C3%	C6%	C8%	C9%
-	-	0.01	0.66	8.41	13.32	9.11
0	0	0.09	5.10	57.60	10.61	0.00
0	4	0.00	0.00	0.33	0.50	72.88
1	1	0.00	0.02	0.29	0.80	0.00
1	5	0.00	0.00	2.92	30.89	0.00
2	2	0.00	0.00	0.37	0.69	0.00
2	6	0.00	0.02	4.24	61.53	0.00
3	3	0.00	0.00	0.45	0.79	0.00
3	7	0.00	0.11	1.10	0.79	0.00
Core	CPU	C1%	C3%	C6%	C8%	C9%
-	-	0.02	0.56	7.10	14.30	3.67
0	0	0.15	4.47	47.50	20.27	0.00
0	4	0.00	0.00	0.36	0.69	29.34
1	1	0.00	0.00	0.34	0.59	0.00
1	5	0.00	0.00	6.01	89.71	0.00
2	2	0.00	0.00	0.20	0.70	0.00
2	6	0.00	0.00	0.77	0.89	0.00
3	3	0.00	0.00	0.27	1.09	0.00
3	7	0.00	0.03	1.32	0.49	0.00
Core	CPU	C1%	C3%	C6%	C8%	C9%
-	-	0.03	0.06	6.01	16.38	0.00
0	0	0.24	0.45	38.01	34.41	0.00
0	4	0.00	0.00	0.31	0.39	0.00
1	1	0.00	0.00	0.28	0.89	0.00
1	5	0.00	0.02	7.35	90.87	0.00
2	2	0.00	0.00	0.34	1.09	0.00
2	6	0.00	0.00	0.13	0.89	0.00
3	3	0.00	0.00	0.20	0.99	0.00
3	7	0.00	0.03	1.44	1.48	0.00
