Core	CPU	C1%	C3%	C6%	C8%	C9%
-	-	0.09	0.01	1.78	1.42	0.00
0	0	0.00	0.00	2.78	2.42	0.00
0	4	0.00	0.00	0.83	0.78	0.00
1	1	0.00	0.00	0.79	0.29	0.00
1	5	0.10	0.03	2.52	1.32	0.00
2	2	0.57	0.00	0.10	0.00	0.00
2	6	0.00	0.03	2.69	2.73	0.00
3	3	0.00	0.03	3.44	3.01	0.00
3	7	0.03	0.01	1.09	0.79	0.00
Core	CPU	C1%	C3%	C6%	C8%	C9%
-	-	0.00	0.00	0.70	0.96	0.00
0	0	0.00	0.00	0.36	0.69	0.00
0	4	0.00	0.00	0.84	0.40	0.00
1	1	0.00	0.02	0.82	1.18	0.00
1	5	0.00	0.00	0.39	0.88	0.00
2	2	0.00	0.00	1.15	0.49	0.00
2	6	0.00	0.00	0.53	2.03	0.00
3	3	0.00	0.00	0.32	1.29	0.00
3	7	0.00	0.02	1.18	0.70	0.00
Core	CPU	C1%	C3%	C6%	C8%	C9%
-	-	0.00	0.00	0.52	0.85	0.00
0	0	0.00	0.00	0.31	0.60	0.00
0	4	0.00	0.00	0.40	0.69	0.00
1	1	0.00	0.00	0.28	0.99	0.00
1	5	0.00	0.00	0.64	0.79	0.00
2	2	0.00	0.00	0.82	0.78	0.00
2	6	0.00	0.01	0.79	0.88	0.00
3	3	0.00	0.00	0.29	1.08	0.00
3	7	0.00	0.00	0.67	1.00	0.00
Core	CPU	C1%	C3%	C6%	C8%	C9%
-	-	0.00	0.01	0.78	0.80	0.00
0	0	0.00	0.00	0.28	1.18	0.00
0	4	0.00	0.00	0.85	1.19	0.00
1	1	0.00	0.00	0.93	0.78	0.00
1	5	0.00	0.01	0.89	0.79	0.00
2	2	0.00	0.00	0.19	0.89	0.00
2	6	0.00	0.00	0.44	0.73	0.00
3	3	0.00	0.00	1.22	0.40	0.00
3	7	0.00	0.06	1.45	0.49	0.00
Core	CPU	C1%	C3%	C6%	C8%	C9%
-	-	0.00	0.00	0.34	0.95	0.43
0	0	0.00	0.00	0.45	0.89	0.00
0	4	0.00	0.00	0.14	0.49	0.00
1	1	0.00	0.00	0.20	0.89	0.00
1	5	0.00	0.00	0.29	1.19	0.00
2	2	0.00	0.00	0.36	0.89	0.00
2	6	0.00	0.00	0.24	1.06	3.44
3	3	0.00	0.01	0.39	1.10	0.00
3	7	0.00	0.00	0.69	1.08	0.00
Core	CPU	C1%	C3%	C6%	C8%	C9%
-	-	0.00	0.01	0.52	0.86	0.00
0	0	0.00	0.01	0.19	0.31	0.00
0	4	0.00	0.00	0.77	1.00	0.00
1	1	0.00	0.00	0.43	0.90	0.00
1	5	0.00	0.00	0.72	0.90	0.00
2	2	0.00	0.02	0.56	0.90	0.00
2	6	0.00	0.00	0.53	1.66	0.00
3	3	0.00	0.00	0.36	0.70	0.00
3	7	0.00	0.01	0.63	0.50	0.00
Core	CPU	C1%	C3%	C6%	C8%	C9%
-	-	0.07	0.01	0.37	1.09	0.11
0	0	0.00	0.00	0.19	0.90	0.00
0	4	0.55	0.00	0.36	1.10	0.00
1	1	0.00	0.00	0.38	1.28	0.89
1	5	0.00	0.00	0.43	0.79	0.00
2	2	0.00	0.00	0.09	0.90	0.00
2	6	0.00	0.01	0.56	1.98	0.00
3	3	0.00	0.00	0.35	0.70	0.00
3	7	0.00	0.07	0.61	1.09	0.00
Core	CPU	C1%	C3%	C6%	C8%	C9%
-	-	0.00	0.00	0.41	0.72	0.00
0	0	0.00	0.00	0.51	1.19	0.00
0	4	0.00	0.00	0.26	1.19	0.00
1	1	0.00	0.00	0.20	0.50	0.00
1	5	0.00	0.00	0.18	0.50	0.00
2	2	0.00	0.00	0.36	0.89	0.00
2	6	0.00	0.00	0.92	0.04	0.00
3	3	0.00	0.00	0.43	0.69	0.00
3	7	0.00	0.00	0.40	0.78	0.00
Core	CPU	C1%	C3%	C6%	C8%	C9%
-	-	0.00	0.00	0.58	0.69	0.00
0	0	0.00	0.00	0.63	0.59	0.00
0	4	0.00	0.00	0.23	0.49	0.00
1	1	0.00	0.00	0.58	0.89	0.00
1	5	0.00	0.00	0.76	0.89	0.00
2	2	0.00	0.00	0.54	0.90	0.00
2	6	0.00	0.00	0.72	0.28	0.00
3	3	0.00	0.00	0.30	0.99	0.00
3	7	0.00	0.01	0.86	0.49	0.00
Core	CPU	C1%	C3%	C6%	C8%	C9%
-	-	0.00	0.00	0.51	0.99	0.00
0	0	0.00	0.00	0.19	0.49	0.00
0	4	0.00	0.00	0.37	1.30	0.00
1	1	0.00	0.00	0.45	0.88	0.00
1	5	0.00	0.01	0.33	1.76	0.00
2	2	0.00	0.00	0.79	0.79	0.00
2	6	0.00	0.00	0.56	1.10	0.00
3	3	0.00	0.00	0.26	0.79	0.00
3	7	0.00	0.02	1.12	0.79	0.00
Core	CPU	C1%	C3%	C6%	C8%	C9%
-	-	0.00	0.24	0.45	1.44	0.01
0	0	0.00	0.00	0.57	1.97	0.00
0	4	0.00	0.00	0.45	1.87	0.00
1	1	0.00	0.00	0.22	1.29	0.00
1	5	0.00	0.00	0.89	0.49	0.00
2	2	0.00	0.00	0.38	1.98	0.00
2	6	0.00	1.89	0.08	0.06	0.07
3	3	0.00	0.00	0.32	1.88	0.00
3	7	0.00	0.02	0.70	1.97	0.00
Core	CPU	C1%	C3%	C6%	C8%	C9%
-	-	0.00	0.01	0.54	0.84	0.00
0	0	0.00	0.00	0.33	0.30	0.00
0	4	0.00	0.00	0.20	0.50	0.00
1	1	0.00	0.00	0.28	0.99	0.00
1	5	0.00	0.00	0.54	0.80	0.00
2	2	0.00	0.00	0.83	0.79	0.00
2	6	0.00	0.01	0.87	0.87	0.00
3	3	0.00	0.00	0.28	1.09	0.00
3	7	0.00	0.03	0.99	1.37	0.00
Core	CPU	C1%	C3%	C6%	C8%	C9%
-	-	0.00	0.03	0.44	4.39	0.00
0	0	0.00	0.00	0.10	0.99	0.00
0	4	0.00	0.00	0.28	0.89	0.00
1	1	0.00	0.00	0.28	1.08	0.00
1	5	0.00	0.00	0.20	0.98	0.00
2	2	0.00	0.00	0.20	0.89	0.00
2	6	0.02	0.24	1.33	28.30	0.00
3	3	0.00	0.00	0.35	0.99	0.00
3	7	0.00	0.04	0.76	0.98	0.00
Core	CPU	C1%	C3%	C6%	C8%	C9%
-	-	0.09	0.00	0.66	0.97	0.00
0	0	0.75	0.00	0.45	0.39	0.00
0	4	0.00	0.00	0.29	0.89	0.00
1	1	0.00	0.00	0.40	0.99	0.00
1	5	0.00	0.00	0.39	1.58	0.00
2	2	0.00	0.00	0.85	1.18	0.00
2	6	0.00	0.00	1.15	1.03	0.00
3	3	0.00	0.01	0.49	0.99	0.00
3	7	0.00	0.03	1.28	0.69	0.00
Core	CPU	C1%	C3%	C6%	C8%	C9%
-	-	0.00	0.00	0.35	0.83	0.00
0	0	0.00	0.00	0.23	0.30	0.00
0	4	0.00	0.00	0.40	0.20	0.00
1	1	0.00	0.00	0.28	1.19	0.00
1	5	0.00	0.00	0.37	1.08	0.00
2	2	0.00	0.00	0.44	0.79	0.00
2	6	0.00	0.00	0.22	1.07	0.00
3	3	0.00	0.00	0.20	1.09	0.00
3	7	0.00	0.00	0.69	0.90	0.00
Core	CPU	C1%	C3%	C6%	C8%	C9%
-	-	0.00	0.01	0.38	0.88	0.00
0	0	0.00	0.00	0.19	0.51	0.00
0	4	0.00	0.00	0.45	0.90	0.00
1	1	0.00	0.00	0.44	0.70	0.00
1	5	0.00	0.00	0.23	1.00	0.00
2	2	0.00	0.00	0.18	0.91	0.00
2	6	0.00	0.02	0.51	1.21	0.00
3	3	0.00	0.00	0.44	0.61	0.00
3	7	0.00	0.03	0.59	1.20	0.00
Core	CPU	C1%	C3%	C6%	C8%	C9%
-	-	0.00	0.33	0.47	1.45	0.01
0	0	0.00	0.00	0.57	1.97	0.00
0	4	0.00	0.00	0.73	2.07	0.00
1	1	0.00	0.00	0.22	1.38	0.00
1	5	0.00	0.00	0.20	1.19	0.00
2	2	0.00	0.00	0.37	1.89	0.00
2	6	0.00	2.67	0.05	0.06	0.09
3	3	0.00	0.00	0.32	1.88	0.00
3	7	0.00	0.01	1.29	1.18	0.00
Core	CPU	C1%	C3%	C6%	C8%	C9%
-	-	0.00	0.00	0.49	0.84	0.00
0	0	0.00	0.00	0.43	0.10	0.00
0	4	0.00	0.00	0.38	0.62	0.00
1	1	0.00	0.00	0.28	1.09	0.00
1	5	0.00	0.00	0.45	0.80	0.00
2	2	0.00	0.00	0.71	0.79	0.00
2	6	0.00	0.00	0.50	1.37	0.00
3	3	0.00	0.00	0.29	1.09	0.00
3	7	0.00	0.02	0.86	0.89	0.00
Core	CPU	C1%	C3%	C6%	C8%	C9%
-	-	0.00	0.00	0.46	0.74	0.00
0	0	0.00	0.00	0.58	0.79	0.00
0	4	0.00	0.00	0.27	0.89	0.00
1	1	0.00	0.00	0.25	0.99	0.00
1	5	0.00	0.00	0.18	1.18	0.00
2	2	0.00	0.00	0.20	0.90	0.00
2	6	0.00	0.00	0.37	0.73	0.00
3	3	0.00	0.00	0.75	0.00	0.00
3	7	0.00	0.03	1.10	0.41	0.00
Core	CPU	C1%	C3%	C6%	C8%	C9%
-	-	0.00	0.00	0.42	0.90	0.00
0	0	0.00	0.00	0.45	0.69	0.00
0	4	0.00	0.00	0.14	0.59	0.00
1	1	0.00	0.00	0.10	0.99	0.00
1	5	0.00	0.00	0.29	0.98	0.00
2	2	0.00	0.00	0.36	0.98	0.00
2	6	0.00	0.00	0.41	1.03	0.00
3	3	0.00	0.01	0.69	0.69	0.00
3	7	0.00	0.00	0.89	1.28	0.00
Core	CPU	C1%	C3%	C6%	C8%	C9%
-	-	0.00	0.01	0.45	0.63	0.00
0	0	0.00	0.00	0.54	0.00	0.00
0	4	0.00	0.02	0.50	0.00	0.00
1	1	0.00	0.00	0.97	0.79	0.00
1	5	0.00	0.00	0.36	0.79	0.00
2	2	0.00	0.00	0.14	0.99	0.00
2	6	0.00	0.02	0.19	0.68	0.00
3	3	0.00	0.00	0.20	1.08	0.00
3	7	0.00	0.04	0.73	0.69	0.00
Core	CPU	C1%	C3%	C6%	C8%	C9%
-	-	0.09	0.00	0.51	1.26	0.00
0	0	0.75	0.00	0.69	0.39	0.00
0	4	0.00	0.00	0.82	1.19	0.00
1	1	0.00	0.00	0.44	1.19	0.00
1	5	0.00	0.00	0.23	1.28	0.00
2	2	0.00	0.00	0.20	0.88	0.00
2	6	0.00	0.00	0.36	1.68	0.00
3	3	0.00	0.00	0.53	1.69	0.00
3	7	0.00	0.01	0.82	1.78	0.00
Core	CPU	C1%	C3%	C6%	C8%	C9%
-	-	0.00	0.35	0.57	1.46	0.01
0	0	0.00	0.00	0.85	1.87	0.00
0	4	0.00	0.00	0.64	1.77	0.00
1	1	0.00	0.00	0.22	1.19	0.00
1	5	0.00	0.00	0.20	1.28	0.00
2	2	0.00	0.00	0.75	1.99	0.00
2	6	0.00	2.77	0.05	0.06	0.07
3	3	0.00	0.00	0.32	1.98	0.00
3	7	0.00	0.02	1.49	1.57	0.00
Core	CPU	C1%	C3%	C6%	C8%	C9%
-	-	0.00	0.01	0.48	0.90	0.00
0	0	0.00	0.10	0.32	0.89	0.00
0	4	0.00	0.00	0.39	1.19	0.00
1	1	0.00	0.00	0.37	1.09	0.00
1	5	0.00	0.00	0.46	0.69	0.00
2	2	0.00	0.00	0.51	0.69	0.00
2	6	0.00	0.00	0.27	0.99	0.00
3	3	0.00	0.00	0.38	0.89	0.00
3	7	0.00	0.01	1.14	0.80	0.00
Core	CPU	C1%	C3%	C6%	C8%	C9%
-	-	0.00	0.01	0.37	0.99	0.00
0	0	0.00	0.00	0.10	0.79	0.00
0	4	0.00	0.00	0.36	0.99	0.00
1	1	0.00	0.00	0.27	1.09	0.00
1	5	0.00	0.00	0.19	0.99	0.00
2	2	0.00	0.00	0.20	0.90	0.00
2	6	0.00	0.01	0.44	1.31	0.00
3	3	0.00	0.00	0.15	0.99	0.00
3	7	0.00	0.04	1.24	0.83	0.00
Core	CPU	C1%	C3%	C6%	C8%	C9%
-	-	0.10	0.01	0.68	1.08	0.00
0	0	0.00	0.00	0.45	1.07	0.00
0	4	0.79	0.00	0.82	0.79	0.00
1	1	0.00	0.00	0.08	0.60	0.00
1	5	0.00	0.00	0.38	1.57	0.00
2	2	0.00	0.00	0.84	1.28	0.00
2	6	0.00	0.02	1.10	1.24	0.00
3	3	0.00	0.01	0.39	1.09	0.00
3	7	0.00	0.02	1.37	0.98	0.00
Core	CPU	C1%	C3%	C6%	C8%	C9%
-	-	0.00	0.00	0.62	0.72	0.00
0	0	0.00	0.00	0.52	0.10	0.00
0	4	0.00	0.00	0.00	0.60	0.00
1	1	0.00	0.00	0.28	0.99	0.00
1	5	0.00	0.00	0.45	0.60	0.00
2	2	0.00	0.00	0.83	1.09	0.00
2	6	0.00	0.02	0.89	0.38	0.00
3	3	0.00	0.00	0.59	1.48	0.00
3	7	0.00	0.00	1.37	0.50	0.00
Core	CPU	C1%	C3%	C6%	C8%	C9%
-	-	0.10	0.00	0.43	0.80	0.00
0	0	0.00	0.00	0.00	0.49	0.00
0	4	0.00	0.00	0.87	0.69	0.00
1	1	0.00	0.00	0.64	0.69	0.00
1	5	0.00	0.00	0.39	1.18	0.00
2	2	0.79	0.00	0.00	0.00	0.00
2	6	0.00	0.00	0.72	1.11	0.00
3	3	0.00	0.00	0.35	0.88	0.00
3	7	0.00	0.02	0.43	1.39	0.00
Core	CPU	C1%	C3%	C6%	C8%	C9%
-	-	0.00	0.33	0.66	1.29	0.01
0	0	0.00	0.00	1.15	1.08	0.00
0	4	0.00	0.00	0.93	1.38	0.00
1	1	0.00	0.02	0.49	1.08	0.00
1	5	0.00	0.00	0.89	0.99	0.00
2	2	0.00	0.00	0.55	1.89	0.00
2	6	0.00	2.57	0.05	0.06	0.07
3	3	0.00	0.00	0.42	1.78	0.00
3	7	0.00	0.04	0.82	2.06	0.00
Core	CPU	C1%	C3%	C6%	C8%	C9%
-	-	0.00	0.00	0.55	1.00	0.00
0	0	0.00	0.00	0.43	0.10	0.00
0	4	0.00	0.00	0.54	0.50	0.00
1	1	0.00	0.00	0.65	1.09	0.00
1	5	0.00	0.00	0.45	0.99	0.00
2	2	0.00	0.00	0.82	0.88	0.00
2	6	0.00	0.00	0.36	1.76	0.00
3	3	0.00	0.00	0.38	1.18	0.00
3	7	0.00	0.02	0.76	1.46	0.00
Core	CPU	C1%	C3%	C6%	C8%	C9%
-	-	0.00	0.00	0.42	0.89	0.00
0	0	0.00	0.00	0.39	0.79	0.00
0	4	0.00	0.00	0.37	0.79	0.00
1	1	0.00	0.00	0.14	0.99	0.00
1	5	0.00	0.00	0.22	0.99	0.00
2	2	0.00	0.00	0.58	0.89	0.00
2	6	0.00	0.00	0.27	1.62	0.00
3	3	0.00	0.00	0.15	0.60	0.00
3	7	0.00	0.02	1.28	0.46	0.00
Core	CPU	C1%	C3%	C6%	C8%	C9%
-	-	0.00	0.00	0.48	0.99	0.00
0	0	0.00	0.00	0.46	1.02	0.00
0	4	0.00	0.00	0.55	1.13	0.00
1	1	0.00	0.00	0.44	1.12	0.00
1	5	0.00	0.00	0.44	0.91	0.00
2	2	0.00	0.00	0.53	0.72	0.00
2	6	0.00	0.00	0.41	0.94	0.00
3	3	0.00	0.00	0.32	0.92	0.00
3	7	0.00	0.03	0.71	1.18	0.00
Core	CPU	C1%	C3%	C6%	C8%	C9%
-	-	0.00	0.00	0.31	0.70	0.00
0	0	0.00	0.00	0.36	0.59	0.00
0	4	0.00	0.00	0.05	0.49	0.00
1	1	0.00	0.02	0.48	0.21	0.00
1	5	0.00	0.01	0.40	0.79	0.00
2	2	0.00	0.00	0.27	0.88	0.00
2	6	0.00	0.00	0.33	0.96	0.00
3	3	0.00	0.00	0.22	0.89	0.00
3	7	0.00	0.00	0.38	0.79	0.00
Core	CPU	C1%	C3%	C6%	C8%	C9%
-	-	0.00	0.00	0.62	0.99	0.00
0	0	0.00	0.01	0.22	0.40	0.00
0	4	0.00	0.00	0.46	1.71	0.00
1	1	0.00	0.00	0.96	0.99	0.00
1	5	0.00	0.02	0.65	1.07	0.00
2	2	0.00	0.00	0.81	0.80	0.00
2	6	0.00	0.00	1.04	1.48	0.00
3	3	0.00	0.00	0.28	0.89	0.00
3	7	0.00	0.00	0.53	0.59	0.00
Core	CPU	C1%	C3%	C6%	C8%	C9%
-	-	0.00	0.30	0.84	4.67	0.00
0	0	0.00	0.00	0.69	0.89	0.00
0	4	0.00	0.00	0.47	1.77	0.00
1	1	0.00	0.00	0.87	1.48	0.00
1	5	0.00	0.03	0.98	1.38	0.00
2	2	0.00	0.00	0.20	1.98	0.00
2	6	0.01	2.33	1.50	27.60	0.00
3	3	0.00	0.00	1.04	1.18	0.00
3	7	0.00	0.01	0.99	1.08	0.00
Core	CPU	C1%	C3%	C6%	C8%	C9%
-	-	0.00	0.01	0.46	0.85	0.00
0	0	0.00	0.04	0.63	0.79	0.00
0	4	0.00	0.00	0.24	0.99	0.00
1	1	0.00	0.01	0.59	0.80	0.00
1	5	0.00	0.00	0.29	0.99	0.00
2	2	0.00	0.00	0.27	0.89	0.00
2	6	0.00	0.00	0.92	0.34	0.00
3	3	0.00	0.00	0.41	1.00	0.00
3	7	0.00	0.00	0.29	1.00	0.00
Core	CPU	C1%	C3%	C6%	C8%	C9%
-	-	0.00	0.00	0.32	0.92	0.00
0	0	0.00	0.00	0.45	0.50	0.00
0	4	0.00	0.02	0.28	0.41	0.00
1	1	0.00	0.00	0.22	0.40	0.00
1	5	0.00	0.00	0.35	1.29	0.00
2	2	0.00	0.00	0.33	1.29	0.00
2	6	0.00	0.00	0.30	0.90	0.00
3	3	0.00	0.00	0.27	1.40	0.00
3	7	0.00	0.00	0.34	1.19	0.00
Core	CPU	C1%	C3%	C6%	C8%	C9%
-	-	0.00	0.00	0.70	0.92	0.00
0	0	0.00	0.02	0.59	0.79	0.00
0	4	0.00	0.00	0.83	1.70	0.00
1	1	0.00	0.00	0.70	0.59	0.00
1	5	0.00	0.00	0.44	1.39	0.00
2	2	0.00	0.00	0.79	0.78	0.00
2	6	0.00	0.00	0.73	1.32	0.00
3	3	0.00	0.00	0.74	0.00	0.00
3	7	0.00	0.01	0.79	0.79	0.00
Core	CPU	C1%	C3%	C6%	C8%	C9%
-	-	0.00	0.00	0.44	0.95	0.00
0	0	0.00	0.00	1.16	0.60	0.00
0	4	0.00	0.00	0.23	1.19	0.00
1	1	0.00	0.00	0.38	1.19	0.00
1	5	0.00	0.00	0.28	0.89	0.00
2	2	0.00	0.00	0.46	0.69	0.00
2	6	0.00	0.00	0.43	0.76	0.00
3	3	0.00	0.00	0.29	1.09	0.00
3	7	0.00	0.00	0.27	1.18	0.00
Core	CPU	C1%	C3%	C6%	C8%	C9%
-	-	0.00	0.01	0.41	0.87	0.00
0	0	0.00	0.02	0.58	0.90	0.00
0	4	0.00	0.00	0.36	1.10	0.00
1	1	0.00	0.00	0.44	0.70	0.00
1	5	0.00	0.00	0.49	1.30	0.00
2	2	0.00	0.01	0.37	0.91	0.00
2	6	0.00	0.00	0.45	0.72	0.00
3	3	0.00	0.00	0.35	0.80	0.00
3	7	0.00	0.00	0.23	0.50	0.00
Core	CPU	C1%	C3%	C6%	C8%	C9%
-	-	0.00	0.32	0.71	1.40	0.01
0	0	0.00	0.00	1.18	1.48	0.00
0	4	0.00	0.00	0.45	1.87	0.00
1	1	0.00	0.00	0.62	0.89	0.00
1	5	0.00	0.00	1.19	0.88	0.00
2	2	0.00	0.00	0.66	1.99	0.00
2	6	0.00	2.56	0.16	0.05	0.07
3	3	0.00	0.00	1.02	1.58	0.00
3	7	0.00	0.00	0.42	2.47	0.00
Core	CPU	C1%	C3%	C6%	C8%	C9%
-	-	0.00	0.01	0.72	1.00	0.00
0	0	0.00	0.06	1.02	0.11	0.00
0	4	0.00	0.01	1.05	1.20	0.00
1	1	0.00	0.00	0.37	0.80	0.00
1	5	0.00	0.00	0.45	1.19	0.00
2	2	0.00	0.00	0.92	0.79	0.00
2	6	0.00	0.02	0.96	1.66	0.00
3	3	0.00	0.00	0.38	0.89	0.00
3	7	0.00	0.02	0.57	1.38	0.00
Core	CPU	C1%	C3%	C6%	C8%	C9%
-	-	0.00	0.00	0.38	0.82	0.00
0	0	0.00	0.02	0.49	1.00	0.00
0	4	0.00	0.00	0.28	1.19	0.00
1	1	0.00	0.00	0.62	0.60	0.00
1	5	0.00	0.00	0.23	1.00	0.00
2	2	0.00	0.01	0.29	0.69	0.00
2	6	0.00	0.00	0.39	0.71	0.00
3	3	0.00	0.00	0.36	0.69	0.00
3	7	0.00	0.00	0.33	0.69	0.00
Core	CPU	C1%	C3%	C6%	C8%	C9%
-	-	0.00	0.01	0.46	0.87	0.00
0	0	0.00	0.05	1.05	1.39	0.00
0	4	0.00	0.00	0.33	1.10	0.00
1	1	0.00	0.02	0.36	0.30	0.00
1	5	0.00	0.00	0.10	0.40	0.00
2	2	0.00	0.00	0.37	0.80	0.00
2	6	0.00	0.00	0.32	0.95	0.00
3	3	0.00	0.00	0.22	0.90	0.00
3	7	0.00	0.01	0.92	1.09	0.00
Core	CPU	C1%	C3%	C6%	C8%	C9%
-	-	0.00	0.01	0.64	0.53	0.00
0	0	0.00	0.00	1.28	0.18	0.00
0	4	0.00	0.01	0.88	0.00	0.00
1	1	0.00	0.00	0.31	0.56	0.00
1	5	0.00	0.00	0.36	0.79	0.00
2	2	0.00	0.00	0.82	0.40	0.00
2	6	0.00	0.01	0.79	0.38	0.00
3	3	0.00	0.00	0.29	0.59	0.00
3	7	0.00	0.01	0.36	1.37	0.00
Core	CPU	C1%	C3%	C6%	C8%	C9%
-	-	0.09	0.00	0.53	0.82	0.00
0	0	0.00	0.04	0.37	0.89	0.00
0	4	0.73	0.00	0.87	0.78	0.00
1	1	0.00	0.00	0.35	0.79	0.00
1	5	0.00	0.00	0.14	1.09	0.00
2	2	0.00	0.00	0.57	0.90	0.00
2	6	0.00	0.00	0.46	1.10	0.00
3	3	0.00	0.00	0.65	0.49	0.00
3	7	0.00	0.00	0.80	0.50	0.00
Core	CPU	C1%	C3%	C6%	C8%	C9%
-	-	0.00	0.32	0.67	1.40	0.01
0	0	0.00	0.01	0.78	1.96	0.00
0	4	0.00	0.00	1.53	1.38	0.00
1	1	0.00	0.00	0.81	1.09	0.00
1	5	0.00	0.00	0.20	1.28	0.00
2	2	0.00	0.00	0.76	1.88	0.00
2	6	0.00	2.57	0.15	0.05	0.07
3	3	0.00	0.00	0.82	1.78	0.00
3	7	0.00	0.00	0.33	1.77	0.00
Core	CPU	C1%	C3%	C6%	C8%	C9%
-	-	0.00	0.00	0.65	0.74	0.00
0	0	0.00	0.00	1.27	0.31	0.00
0	4	0.00	0.00	0.35	1.09	0.00
1	1	0.00	0.00	0.37	0.80	0.00
1	5	0.00	0.00	0.42	0.99	0.00
2	2	0.00	0.00	0.98	0.40	0.00
2	6	0.00	0.03	0.93	0.58	0.00
3	3	0.00	0.00	0.45	0.90	0.00
3	7	0.00	0.00	0.44	0.89	0.00
Core	CPU	C1%	C3%	C6%	C8%	C9%
-	-	0.00	0.01	0.41	0.77	0.00
0	0	0.00	0.01	0.40	0.89	0.00
0	4	0.00	0.00	0.28	0.89	0.00
1	1	0.00	0.00	0.44	1.08	0.00
1	5	0.00	0.00	0.23	0.99	0.00
2	2	0.00	0.00	0.29	0.80	0.00
2	6	0.00	0.00	0.78	0.32	0.00
3	3	0.00	0.00	0.26	0.89	0.00
3	7	0.00	0.03	0.57	0.30	0.00
Core	CPU	C1%	C3%	C6%	C8%	C9%
-	-	0.00	0.00	0.44	0.99	0.00
0	0	0.00	0.00	0.67	1.00	0.00
0	4	0.00	0.00	0.59	1.89	0.00
1	1	0.00	0.03	0.38	0.42	0.00
1	5	0.00	0.00	0.28	0.90	0.00
2	2	0.00	0.00	0.36	0.80	0.00
2	6	0.00	0.00	0.60	1.06	0.00
3	3	0.00	0.00	0.40	0.91	0.00
3	7	0.00	0.00	0.28	0.90	0.00
Core	CPU	C1%	C3%	C6%	C8%	C9%
-	-	0.00	0.01	0.54	0.92	0.00
0	0	0.00	0.05	1.09	0.00	0.00
0	4	0.00	0.00	0.71	0.91	0.00
1	1	0.00	0.00	0.28	0.93	0.00
1	5	0.00	0.00	0.89	1.69	0.00
2	2	0.00	0.00	0.23	0.88	0.00
2	6	0.00	0.00	0.38	1.10	0.00
3	3	0.00	0.00	0.37	0.99	0.00
3	7	0.00	0.00	0.33	0.89	0.00
Core	CPU	C1%	C3%	C6%	C8%	C9%
-	-	0.00	0.01	0.59	0.55	0.00
0	0	0.00	0.00	1.08	0.69	0.00
0	4	0.00	0.02	0.41	0.89	0.00
1	1	0.00	0.00	0.55	0.90	0.00
1	5	0.00	0.02	0.07	0.70	0.00
2	2	0.00	0.00	0.57	0.30	0.00
2	6	0.00	0.02	0.60	0.33	0.00
3	3	0.00	0.02	0.70	0.30	0.00
3	7	0.00	0.00	0.73	0.30	0.00
Core	CPU	C1%	C3%	C6%	C8%	C9%
-	-	0.00	0.31	0.58	1.36	0.01
0	0	0.00	0.00	0.86	1.28	0.00
0	4	0.00	0.00	0.33	1.18	0.00
1	1	0.00	0.00	0.20	1.28	0.00
1	5	0.00	0.00	1.07	1.57	0.00
2	2	0.00	0.00	0.55	1.68	0.00
2	6	0.00	2.47	0.15	0.08	0.07
3	3	0.00	0.00	0.98	1.58	0.00
3	7	0.00	0.02	0.54	2.24	0.00
Core	CPU	C1%	C3%	C6%	C8%	C9%
-	-	0.00	0.01	0.45	0.94	0.00
0	0	0.00	0.04	0.49	1.00	0.00
0	4	0.00	0.03	0.68	1.30	0.00
1	1	0.00	0.00	0.27	0.89	0.00
1	5	0.00	0.00	0.35	0.89	0.00
2	2	0.00	0.00	0.42	0.70	0.00
2	6	0.00	0.00	0.67	0.97	0.00
3	3	0.00	0.00	0.37	1.09	0.00
3	7	0.00	0.00	0.35	0.69	0.00
Core	CPU	C1%	C3%	C6%	C8%	C9%
-	-	0.00	0.01	0.50	1.06	0.00
0	0	0.00	0.00	1.48	1.40	0.00
0	4	0.00	0.00	0.46	1.09	0.00
1	1	0.00	0.00	0.72	0.70	0.00
1	5	0.00	0.02	0.20	0.99	0.00
2	2	0.00	0.00	0.39	1.18	0.00
2	6	0.00	0.00	0.34	1.21	0.00
3	3	0.00	0.01	0.04	0.70	0.00
3	7	0.00	0.01	0.35	1.22	0.00
Core	CPU	C1%	C3%	C6%	C8%	C9%
-	-	0.00	0.01	0.48	1.23	0.00
0	0	0.00	0.02	0.51	1.46	0.00
0	4	0.00	0.00	0.14	1.18	0.00
1	1	0.00	0.04	0.30	0.50	0.00
1	5	0.02	0.00	0.92	1.40	0.00
2	2	0.00	0.00	0.55	1.29	0.00
2	6	0.00	0.00	0.51	1.24	0.00
3	3	0.00	0.00	0.59	1.59	0.00
3	7	0.00	0.00	0.28	1.20	0.00
Core	CPU	C1%	C3%	C6%	C8%	C9%
-	-	0.00	0.01	0.62	1.01	0.00
0	0	0.00	0.05	1.44	0.50	0.00
0	4	0.00	0.01	0.89	0.39	0.00
1	1	0.00	0.02	0.38	1.59	0.00
1	5	0.00	0.00	0.66	0.79	0.00
2	2	0.00	0.00	0.32	1.19	0.00
2	6	0.00	0.02	0.30	1.17	0.00
3	3	0.00	0.00	0.38	1.30	0.00
3	7	0.00	0.00	0.55	1.19	0.00
Core	CPU	C1%	C3%	C6%	C8%	C9%
-	-	0.00	0.02	0.63	4.51	0.00
0	0	0.00	0.01	0.61	1.08	0.00
0	4	0.00	0.00	1.07	1.60	0.00
1	1	0.00	0.00	0.39	0.83	0.00
1	5	0.00	0.00	0.14	0.99	0.00
2	2	0.00	0.01	0.29	0.80	0.00
2	6	0.02	0.14	1.52	29.07	0.00
3	3	0.00	0.00	0.37	0.69	0.00
3	7	0.00	0.00	0.66	1.00	0.00
Core	CPU	C1%	C3%	C6%	C8%	C9%
-	-	0.00	0.26	0.44	1.40	0.00
0	0	0.00	0.02	0.97	1.78	0.00
0	4	0.00	0.00	0.55	1.88	0.00
1	1	0.00	0.00	0.52	0.88	0.00
1	5	0.00	0.00	0.20	1.19	0.00
2	2	0.00	0.00	0.28	1.98	0.00
2	6	0.00	2.07	0.16	0.06	0.00
3	3	0.00	0.00	0.53	1.58	0.00
3	7	0.00	0.00	0.29	1.87	0.00
Core	CPU	C1%	C3%	C6%	C8%	C9%
-	-	0.00	0.00	0.58	0.82	0.00
0	0	0.00	0.03	1.10	0.60	0.00
0	4	0.00	0.00	0.48	0.90	0.00
1	1	0.00	0.00	0.28	0.89	0.00
1	5	0.00	0.00	0.50	1.09	0.00
2	2	0.00	0.00	0.72	0.80	0.00
2	6	0.00	0.00	0.77	0.48	0.00
3	3	0.00	0.00	0.29	0.88	0.00
3	7	0.00	0.00	0.53	0.89	0.00
Core	CPU	C1%	C3%	C6%	C8%	C9%
-	-	0.00	0.01	0.48	0.94	0.00
0	0	0.00	0.02	0.78	1.08	0.00
0	4	0.00	0.00	0.37	0.99	0.00
1	1	0.00	0.00	0.40	1.09	0.00
1	5	0.00	0.00	0.59	0.90	0.00
2	2	0.00	0.00	0.67	0.90	0.00
2	6	0.00	0.00	0.37	0.73	0.00
3	3	0.00	0.00	0.45	0.69	0.00
3	7	0.00	0.02	0.21	1.17	0.00
Core	CPU	C1%	C3%	C6%	C8%	C9%
-	-	0.00	0.01	0.55	1.10	0.00
0	0	0.00	0.02	0.95	0.89	0.00
0	4	0.00	0.00	0.54	0.49	0.00
1	1	0.00	0.00	0.79	0.79	0.00
1	5	0.00	0.00	0.39	1.38	0.00
2	2	0.00	0.00	0.84	1.08	0.00
2	6	0.00	0.00	0.32	1.73	0.00
3	3	0.00	0.01	0.29	1.29	0.00
3	7	0.00	0.00	0.29	1.18	0.00
Core	CPU	C1%	C3%	C6%	C8%	C9%
-	-	0.00	0.00	0.41	0.83	0.00
0	0	0.00	0.02	0.72	1.00	0.00
0	4	0.00	0.00	0.50	0.59	0.00
1	1	0.00	0.00	0.74	0.31	0.00
1	5	0.00	0.00	0.36	0.89	0.00
2	2	0.00	0.00	0.23	0.89	0.00
2	6	0.00	0.00	0.19	1.00	0.00
3	3	0.00	0.00	0.29	1.08	0.00
3	7	0.00	0.00	0.25	0.89	0.00
Core	CPU	C1%	C3%	C6%	C8%	C9%
-	-	0.00	0.01	0.81	0.72	0.00
0	0	0.00	0.01	1.37	1.08	0.00
0	4	0.00	0.00	0.36	1.08	0.00
1	1	0.00	0.00	1.02	0.79	0.00
1	5	0.00	0.01	0.89	0.29	0.00
2	2	0.00	0.00	0.19	0.89	0.00
2	6	0.00	0.00	0.44	0.72	0.00
3	3	0.00	0.00	1.13	0.54	0.00
3	7	0.00	0.02	1.09	0.39	0.00
Core	CPU	C1%	C3%	C6%	C8%	C9%
-	-	0.00	0.28	0.70	1.43	0.00
0	0	0.00	0.04	1.16	1.78	0.00
0	4	0.00	0.00	0.62	1.58	0.00
1	1	0.00	0.00	0.29	1.09	0.00
1	5	0.00	0.00	1.08	1.67	0.00
2	2	0.00	0.00	0.46	1.88	0.00
2	6	0.00	2.17	0.15	0.08	0.00
3	3	0.00	0.02	0.88	1.88	0.00
3	7	0.00	0.02	0.95	1.47	0.00
Core	CPU	C1%	C3%	C6%	C8%	C9%
-	-	0.00	0.01	0.62	0.90	0.00
0	0	0.00	0.03	0.69	0.30	0.00
0	4	0.00	0.00	0.93	1.98	0.00
1	1	0.00	0.00	0.36	0.79	0.00
1	5	0.00	0.00	0.62	0.99	0.00
2	2	0.00	0.02	0.39	0.70	0.00
2	6	0.00	0.00	0.76	1.28	0.00
3	3	0.00	0.00	0.27	0.89	0.00
3	7	0.00	0.00	0.94	0.30	0.00
Core	CPU	C1%	C3%	C6%	C8%	C9%
-	-	0.00	0.01	0.67	0.99	0.00
0	0	0.00	0.00	1.29	0.89	0.00
0	4	0.00	0.02	0.56	1.28	0.00
1	1	0.00	0.00	1.02	0.78	0.00
1	5	0.00	0.02	0.79	0.79	0.00
2	2	0.00	0.00	0.19	0.89	0.00
2	6	0.00	0.00	0.46	0.63	0.00
3	3	0.00	0.00	0.40	1.19	0.00
3	7	0.00	0.01	0.61	1.44	0.00
Core	CPU	C1%	C3%	C6%	C8%	C9%
-	-	0.00	0.00	0.32	0.81	0.00
0	0	0.00	0.00	0.43	0.99	0.00
0	4	0.00	0.00	0.13	0.40	0.00
1	1	0.00	0.01	0.29	1.09	0.00
1	5	0.00	0.00	0.38	0.79	0.00
2	2	0.00	0.00	0.25	0.89	0.00
2	6	0.00	0.01	0.23	0.96	0.00
3	3	0.00	0.00	0.10	1.09	0.00
3	7	0.00	0.00	0.77	0.30	0.00
Core	CPU	C1%	C3%	C6%	C8%	C9%
-	-	0.00	0.01	0.58	0.94	0.00
0	0	0.00	0.03	0.80	0.88	0.00
0	4	0.00	0.00	0.39	0.98	0.00
1	1	0.00	0.02	0.86	1.47	0.00
1	5	0.00	0.00	0.34	1.18	0.00
2	2	0.00	0.02	0.78	0.79	0.00
2	6	0.00	0.00	0.69	0.41	0.00
3	3	0.00	0.00	0.38	0.98	0.00
3	7	0.00	0.00	0.44	0.85	0.00
Core	CPU	C1%	C3%	C6%	C8%	C9%
-	-	0.00	0.00	0.52	0.87	0.00
0	0	0.00	0.00	1.43	0.48	0.00
0	4	0.00	0.00	0.85	0.99	0.00
1	1	0.00	0.00	0.32	0.80	0.00
1	5	0.00	0.00	0.18	0.70	0.00
2	2	0.00	0.00	0.28	0.88	0.00
2	6	0.00	0.00	0.34	1.32	0.00
3	3	0.00	0.00	0.23	1.09	0.00
3	7	0.00	0.02	0.55	0.70	0.00
Core	CPU	C1%	C3%	C6%	C8%	C9%
-	-	0.00	0.30	0.46	1.45	0.01
0	0	0.00	0.02	0.46	1.46	0.00
0	4	0.00	0.00	0.32	1.48	0.00
1	1	0.00	0.00	0.68	1.38	0.00
1	5	0.00	0.00	0.38	1.77	0.00
2	2	0.00	0.00	0.25	1.88	0.00
2	6	0.00	2.37	0.14	0.09	0.07
3	3	0.00	0.00	0.98	1.58	0.00
3	7	0.00	0.04	0.47	1.97	0.00
Core	CPU	C1%	C3%	C6%	C8%	C9%
-	-	0.00	0.01	0.47	0.78	0.00
0	0	0.00	0.03	1.09	0.60	0.00
0	4	0.00	0.00	0.38	1.09	0.00
1	1	0.00	0.00	0.36	0.79	0.00
1	5	0.00	0.00	0.33	0.99	0.00
2	2	0.00	0.02	0.39	0.70	0.00
2	6	0.00	0.00	0.67	0.60	0.00
3	3	0.00	0.00	0.27	0.89	0.00
3	7	0.00	0.00	0.25	0.60	0.00
Core	CPU	C1%	C3%	C6%	C8%	C9%
-	-	0.00	0.00	0.60	0.97	0.00
0	0	0.00	0.00	1.46	1.40	0.00
0	4	0.00	0.00	0.26	1.19	0.00
1	1	0.00	0.00	0.93	0.79	0.00
1	5	0.00	0.02	0.99	0.79	0.00
2	2	0.00	0.00	0.19	0.89	0.00
2	6	0.00	0.00	0.36	0.73	0.00
3	3	0.00	0.00	0.43	0.90	0.00
3	7	0.00	0.00	0.20	1.09	0.00
Core	CPU	C1%	C3%	C6%	C8%	C9%
-	-	0.00	0.01	0.41	0.88	0.00
0	0	0.00	0.05	0.68	0.48	0.00
0	4	0.00	0.00	0.68	0.49	0.00
1	1	0.00	0.00	0.20	0.80	0.00
1	5	0.00	0.00	0.54	1.20	0.00
2	2	0.00	0.00	0.33	1.00	0.00
2	6	0.00	0.00	0.30	1.35	0.00
3	3	0.00	0.00	0.19	0.90	0.00
3	7	0.00	0.01	0.40	0.79	0.00
Core	CPU	C1%	C3%	C6%	C8%	C9%
-	-	0.00	0.02	0.48	0.76	0.00
0	0	0.00	0.02	0.69	0.30	0.00
0	4	0.00	0.00	0.28	1.09	0.00
1	1	0.00	0.00	0.26	0.89	0.00
1	5	0.00	0.00	0.44	0.69	0.00
2	2	0.00	0.12	0.19	0.79	0.00
2	6	0.00	0.04	0.46	1.30	0.00
3	3	0.00	0.00	0.77	0.59	0.00
3	7	0.00	0.00	0.72	0.40	0.00
Core	CPU	C1%	C3%	C6%	C8%	C9%
-	-	0.00	0.00	0.44	1.04	0.00
0	0	0.00	0.00	0.35	1.10	0.00
0	4	0.00	0.00	0.61	1.20	0.00
1	1	0.00	0.00	0.31	0.80	0.00
1	5	0.00	0.00	0.27	0.61	0.00
2	2	0.00	0.00	0.63	1.31	0.00
2	6	0.00	0.01	0.73	1.31	0.00
3	3	0.00	0.00	0.30	1.00	0.00
3	7	0.00	0.00	0.28	1.01	0.00
Core	CPU	C1%	C3%	C6%	C8%	C9%
-	-	0.00	0.31	0.54	1.37	0.01
0	0	0.00	0.00	0.84	1.37	0.00
0	4	0.00	0.00	0.33	1.28	0.00
1	1	0.00	0.00	0.20	1.58	0.00
1	5	0.00	0.00	0.48	1.67	0.00
2	2	0.00	0.00	0.36	1.88	0.00
2	6	0.00	2.47	0.59	0.08	0.07
3	3	0.00	0.00	0.98	1.58	0.00
3	7	0.00	0.00	0.55	1.48	0.00
Core	CPU	C1%	C3%	C6%	C8%	C9%
-	-	0.00	0.00	0.44	1.02	0.00
0	0	0.00	0.00	0.38	1.19	0.00
0	4	0.00	0.00	0.47	1.50	0.00
1	1	0.00	0.00	0.39	1.01	0.00
1	5	0.00	0.00	0.24	1.09	0.00
2	2	0.00	0.01	0.39	0.70	0.00
2	6	0.00	0.01	1.26	1.10	0.00
3	3	0.00	0.00	0.36	0.69	0.00
3	7	0.00	0.00	0.04	0.86	0.00
Core	CPU	C1%	C3%	C6%	C8%	C9%
-	-	0.00	0.03	0.47	4.23	0.00
0	0	0.00	0.00	0.19	1.19	0.00
0	4	0.00	0.00	0.46	0.99	0.00
1	1	0.00	0.00	0.46	1.09	0.00
1	5	0.00	0.02	0.20	0.89	0.00
2	2	0.00	0.00	0.35	0.80	0.00
2	6	0.01	0.17	1.44	27.21	0.00
3	3	0.00	0.01	0.29	0.99	0.00
3	7	0.00	0.00	0.37	0.70	0.00
Core	CPU	C1%	C3%	C6%	C8%	C9%
-	-	0.00	0.00	0.55	0.72	0.00
0	0	0.00	0.01	0.38	0.50	0.00
0	4	0.00	0.00	0.48	0.69	0.00
1	1	0.00	0.00	0.26	0.99	0.00
1	5	0.00	0.00	0.34	0.79	0.00
2	2	0.00	0.02	0.86	0.89	0.00
2	6	0.00	0.00	1.28	0.50	0.00
3	3	0.00	0.00	0.37	0.69	0.00
3	7	0.00	0.00	0.44	0.74	0.00
Core	CPU	C1%	C3%	C6%	C8%	C9%
-	-	0.00	0.00	0.51	0.88	0.00
0	0	0.00	0.00	0.46	1.20	0.00
0	4	0.00	0.00	0.45	1.09	0.00
1	1	0.00	0.00	0.92	0.79	0.00
1	5	0.00	0.01	1.07	0.50	0.00
2	2	0.00	0.00	0.19	1.08	0.00
2	6	0.00	0.03	0.67	1.08	0.00
3	3	0.00	0.00	0.14	0.60	0.00
3	7	0.00	0.00	0.19	0.70	0.00
Core	CPU	C1%	C3%	C6%	C8%	C9%
-	-	0.09	0.01	0.44	0.85	0.00
0	0	0.75	0.00	0.44	0.69	0.00
0	4	0.00	0.02	0.24	1.38	0.00
1	1	0.00	0.01	0.37	0.59	0.00
1	5	0.00	0.00	0.37	0.49	0.00
2	2	0.00	0.00	0.15	0.99	0.00
2	6	0.00	0.06	1.05	0.20	0.00
3	3	0.00	0.00	0.58	0.60	0.00
3	7	0.00	0.02	0.30	1.88	0.00
Core	CPU	C1%	C3%	C6%	C8%	C9%
-	-	0.00	0.09	0.57	0.66	0.00
0	0	0.00	0.00	0.71	0.89	0.00
0	4	0.00	0.00	0.38	0.50	0.00
1	1	0.00	0.00	0.87	0.39	0.00
1	5	0.00	0.00	0.85	0.79	0.00
2	2	0.00	0.00	0.23	0.99	0.00
2	6	0.00	0.73	0.53	0.10	0.00
3	3	0.00	0.00	0.19	0.88	0.00
3	7	0.00	0.00	0.82	0.73	0.00
Core	CPU	C1%	C3%	C6%	C8%	C9%
-	-	0.00	0.01	0.44	0.84	0.00
0	0	0.00	0.00	0.29	0.89	0.00
0	4	0.00	0.00	0.37	0.99	0.00
1	1	0.00	0.00	0.33	0.90	0.00
1	5	0.00	0.03	0.39	1.09	0.00
2	2	0.00	0.00	0.38	1.00	0.00
2	6	0.00	0.01	0.97	0.79	0.00
3	3	0.00	0.00	0.35	0.69	0.00
3	7	0.00	0.00	0.43	0.35	0.00
Core	CPU	C1%	C3%	C6%	C8%	C9%
-	-	0.00	0.00	0.31	1.04	0.00
0	0	0.00	0.00	0.27	0.79	0.00
0	4	0.00	0.00	0.24	1.09	0.00
1	1	0.00	0.02	0.37	1.00	0.00
1	5	0.00	0.00	0.19	1.19	0.00
2	2	0.00	0.00	0.27	0.89	0.00
2	6	0.00	0.00	0.46	1.00	0.00
3	3	0.00	0.00	0.47	1.38	0.00
3	7	0.00	0.00	0.19	1.01	0.00
Core	CPU	C1%	C3%	C6%	C8%	C9%
-	-	0.00	0.00	0.40	0.76	0.00
0	0	0.00	0.00	0.22	0.31	0.00
0	4	0.00	0.00	0.37	0.72	0.00
1	1	0.00	0.00	0.36	0.80	0.00
1	5	0.00	0.00	0.43	0.70	0.00
2	2	0.00	0.00	0.40	0.90	0.00
2	6	0.00	0.04	0.64	1.00	0.00
3	3	0.00	0.00	0.36	0.70	0.00
3	7	0.00	0.00	0.40	0.97	0.00
Core	CPU	C1%	C3%	C6%	C8%	C9%
-	-	0.00	0.00	0.38	1.04	0.00
0	0	0.00	0.00	0.27	0.70	0.00
0	4	0.00	0.00	0.45	0.60	0.00
1	1	0.00	0.00	0.31	1.20	0.00
1	5	0.00	0.00	0.35	1.30	0.00
2	2	0.00	0.00	0.36	1.00	0.00
2	6	0.00	0.01	0.84	1.68	0.00
3	3	0.00	0.01	0.21	0.91	0.00
3	7	0.00	0.00	0.27	0.91	0.00
Core	CPU	C1%	C3%	C6%	C8%	C9%
-	-	0.00	0.00	0.43	0.95	0.00
0	0	0.00	0.00	0.50	0.99	0.00
0	4	0.00	0.00	0.19	1.39	0.00
1	1	0.00	0.00	0.27	0.88	0.00
1	5	0.00	0.00	0.35	0.89	0.00
2	2	0.00	0.00	0.71	0.60	0.00
2	6	0.00	0.02	0.68	1.38	0.00
3	3	0.00	0.00	0.28	0.79	0.00
3	7	0.00	0.00	0.45	0.72	0.00
Core	CPU	C1%	C3%	C6%	C8%	C9%
-	-	0.00	0.19	0.43	0.65	0.00
0	0	0.00	0.00	0.29	0.69	0.00
0	4	0.00	0.00	0.37	0.79	0.00
1	1	0.00	0.00	0.34	0.98	0.00
1	5	0.00	0.00	0.22	0.98	0.00
2	2	0.00	0.00	0.10	0.99	0.00
2	6	0.00	1.51	0.54	0.00	0.00
3	3	0.00	0.00	0.83	0.59	0.00
3	7	0.00	0.02	0.75	0.18	0.00
Core	CPU	C1%	C3%	C6%	C8%	C9%
-	-	0.02	0.00	0.47	0.84	0.00
0	0	0.20	0.00	0.45	0.59	0.00
0	4	0.00	0.00	0.38	1.28	0.00
1	1	0.00	0.00	0.18	0.60	0.00
1	5	0.00	0.00	0.19	0.99	0.00
2	2	0.00	0.00	0.36	0.79	0.00
2	6	0.00	0.01	1.12	0.69	0.00
3	3	0.00	0.01	0.59	0.70	0.00
3	7	0.00	0.00	0.47	1.10	0.00
Core	CPU	C1%	C3%	C6%	C8%	C9%
-	-	0.00	0.00	0.45	0.86	0.00
0	0	0.00	0.02	1.19	0.98	0.00
0	4	0.00	0.00	0.50	0.49	0.00
1	1	0.00	0.00	0.33	0.89	0.00
1	5	0.00	0.00	0.35	0.89	0.00
2	2	0.00	0.00	0.42	0.89	0.00
2	6	0.00	0.01	0.20	1.18	0.00
3	3	0.00	0.00	0.29	0.79	0.00
3	7	0.00	0.00	0.32	0.74	0.00
Core	CPU	C1%	C3%	C6%	C8%	C9%
-	-	0.00	0.00	0.76	0.67	0.00
0	0	0.00	0.00	0.49	1.28	0.00
0	4	0.00	0.00	0.45	0.99	0.00
1	1	0.00	0.00	1.01	0.50	0.00
1	5	0.00	0.01	0.89	0.39	0.00
2	2	0.00	0.00	0.28	0.99	0.00
2	6	0.00	0.00	1.72	0.78	0.00
3	3	0.00	0.00	0.63	0.10	0.00
3	7	0.00	0.00	0.63	0.29	0.00
Core	CPU	C1%	C3%	C6%	C8%	C9%
-	-	0.00	0.00	0.39	0.92	0.00
0	0	0.00	0.01	0.45	0.70	0.00
0	4	0.00	0.00	0.22	0.50	0.00
1	1	0.00	0.03	0.31	1.11	0.00
1	5	0.00	0.00	0.27	1.10	0.00
2	2	0.00	0.00	0.61	1.20	0.00
2	6	0.00	0.00	0.42	1.00	0.00
3	3	0.00	0.00	0.18	1.01	0.00
3	7	0.00	0.00	0.70	0.71	0.00
Core	CPU	C1%	C3%	C6%	C8%	C9%
-	-	0.00	0.01	0.48	1.18	0.00
0	0	0.00	0.04	0.63	1.08	0.00
0	4	0.00	0.00	0.56	2.28	0.00
1	1	0.00	0.00	0.36	0.79	0.00
1	5	0.00	0.00	0.83	0.79	0.00
2	2	0.00	0.02	0.20	1.09	0.00
2	6	0.00	0.00	0.28	1.18	0.00
3	3	0.00	0.00	0.27	0.88	0.00
3	7	0.00	0.03	0.73	1.34	0.00
Core	CPU	C1%	C3%	C6%	C8%	C9%
-	-	0.00	0.08	0.48	0.74	0.00
0	0	0.00	0.00	0.50	1.09	0.00
0	4	0.00	0.00	0.45	0.99	0.00
1	1	0.00	0.00	0.82	0.78	0.00
1	5	0.00	0.01	0.89	0.78	0.00
2	2	0.00	0.00	0.21	1.10	0.00
2	6	0.00	0.65	0.16	0.00	0.00
3	3	0.00	0.00	0.14	1.09	0.00
3	7	0.00	0.00	0.69	0.09	0.00
Core	CPU	C1%	C3%	C6%	C8%	C9%
-	-	0.00	0.00	0.46	1.12	0.00
0	0	0.00	0.01	0.45	1.08	0.00
0	4	0.00	0.02	0.10	0.59	0.00
1	1	0.00	0.00	0.38	1.58	0.00
1	5	0.00	0.00	0.55	1.01	0.00
2	2	0.00	0.00	0.24	0.99	0.00
2	6	0.00	0.00	1.27	1.49	0.00
3	3	0.00	0.00	0.46	1.20	0.00
3	7	0.00	0.00	0.27	1.01	0.00
Core	CPU	C1%	C3%	C6%	C8%	C9%
-	-	0.00	0.00	0.41	1.29	0.00
0	0	0.00	0.02	0.71	0.79	0.00
0	4	0.00	0.00	0.29	1.29	0.00
1	1	0.00	0.00	0.43	1.19	0.00
1	5	0.00	0.00	0.33	1.48	0.00
2	2	0.00	0.01	0.49	1.19	0.00
2	6	0.00	0.00	0.30	1.28	0.00
3	3	0.00	0.00	0.44	1.58	0.00
3	7	0.00	0.00	0.32	1.54	0.00
Core	CPU	C1%	C3%	C6%	C8%	C9%
-	-	0.00	0.01	0.68	1.01	0.00
0	0	0.00	0.04	0.71	0.81	0.00
0	4	0.00	0.00	1.21	1.13	0.00
1	1	0.00	0.03	0.24	0.42	0.00
1	5	0.00	0.00	0.91	1.11	0.00
2	2	0.00	0.00	0.54	0.82	0.00
2	6	0.00	0.00	0.51	0.70	0.00
3	3	0.00	0.00	0.40	1.20	0.00
3	7	0.00	0.00	0.90	1.88	0.00
Core	CPU	C1%	C3%	C6%	C8%	C9%
-	-	0.00	0.00	0.40	0.93	0.00
0	0	0.00	0.00	0.77	1.60	0.00
0	4	0.00	0.00	0.23	1.10	0.00
1	1	0.00	0.00	0.28	0.60	0.00
1	5	0.00	0.00	0.35	0.81	0.00
2	2	0.00	0.00	0.43	0.81	0.00
2	6	0.00	0.00	0.31	1.00	0.00
3	3	0.00	0.00	0.28	0.82	0.00
3	7	0.00	0.01	0.53	0.73	0.00
Core	CPU	C1%	C3%	C6%	C8%	C9%
-	-	0.00	0.00	0.39	0.93	0.00
0	0	0.00	0.01	0.51	1.38	0.00
0	4	0.00	0.00	0.28	0.88	0.00
1	1	0.00	0.00	0.35	1.18	0.00
1	5	0.00	0.00	0.24	1.18	0.00
2	2	0.00	0.00	0.19	1.09	0.00
2	6	0.00	0.00	0.36	0.89	0.00
3	3	0.00	0.00	0.36	0.69	0.00
3	7	0.00	0.00	0.79	0.17	0.00
Core	CPU	C1%	C3%	C6%	C8%	C9%
-	-	0.00	0.22	0.55	4.10	0.00
0	0	0.00	0.06	0.73	0.69	0.00
0	4	0.00	0.00	0.84	0.59	0.00
1	1	0.00	0.00	0.15	0.40	0.00
1	5	0.00	0.00	0.58	0.60	0.00
2	2	0.00	0.00	0.27	0.89	0.00
2	6	0.02	1.69	0.86	27.91	0.00
3	3	0.00	0.00	0.82	0.79	0.00
3	7	0.00	0.00	0.19	0.97	0.00
Core	CPU	C1%	C3%	C6%	C8%	C9%
-	-	0.00	0.02	0.64	1.02	0.00
0	0	0.00	0.00	0.95	0.20	0.00
0	4	0.00	0.12	0.77	1.29	0.00
1	1	0.00	0.00	0.29	0.99	0.00
1	5	0.00	0.00	0.37	0.99	0.00
2	2	0.00	0.00	0.44	1.38	0.00
2	6	0.00	0.00	1.69	0.79	0.00
3	3	0.00	0.00	0.29	0.80	0.00
3	7	0.00	0.00	0.28	1.70	0.00
Core	CPU	C1%	C3%	C6%	C8%	C9%
-	-	0.00	0.02	0.32	0.77	0.09
0	0	0.00	0.04	0.60	0.68	0.00
0	4	0.00	0.00	0.10	0.40	0.00
1	1	0.00	0.00	0.27	0.99	0.00
1	5	0.00	0.00	0.45	0.69	0.00
2	2	0.00	0.10	0.34	0.99	0.00
2	6	0.00	0.00	0.19	1.00	0.00
3	3	0.00	0.00	0.34	0.79	0.68
3	7	0.00	0.00	0.29	0.65	0.00
Core	CPU	C1%	C3%	C6%	C8%	C9%
-	-	0.00	0.01	0.63	0.75	0.00
0	0	0.00	0.04	0.66	1.29	0.00
0	4	0.00	0.00	0.36	0.69	0.00
1	1	0.00	0.00	0.80	0.59	0.00
1	5	0.00	0.01	0.68	0.00	0.00
2	2	0.00	0.00	0.47	1.09	0.00
2	6	0.00	0.00	0.44	0.89	0.00
3	3	0.00	0.00	0.83	0.79	0.00
3	7	0.00	0.01	0.79	0.67	0.00
Core	CPU	C1%	C3%	C6%	C8%	C9%
-	-	0.00	0.00	0.62	1.24	0.00
0	0	0.00	0.01	2.21	1.40	0.00
0	4	0.00	0.00	0.04	0.49	0.00
1	1	0.00	0.00	0.29	0.79	0.00
1	5	0.00	0.00	0.78	1.30	0.00
2	2	0.00	0.00	0.35	0.80	0.00
2	6	0.00	0.00	0.32	2.76	0.00
3	3	0.00	0.00	0.30	1.30	0.00
3	7	0.00	0.00	0.70	1.11	0.00
Core	CPU	C1%	C3%	C6%	C8%	C9%
-	-	0.00	0.01	0.54	0.92	0.00
0	0	0.00	0.01	0.60	0.50	0.00
0	4	0.00	0.00	0.78	0.91	0.00
1	1	0.00	0.00	0.43	0.81	0.00
1	5	0.00	0.00	0.40	1.20	0.00
2	2	0.00	0.00	0.45	0.91	0.00
2	6	0.00	0.00	0.54	1.40	0.00
3	3	0.00	0.00	0.39	0.51	0.00
3	7	0.00	0.05	0.78	1.12	0.00
Core	CPU	C1%	C3%	C6%	C8%	C9%
-	-	0.00	0.32	0.63	1.65	0.01
0	0	0.00	0.02	1.44	1.58	0.00
0	4	0.00	0.00	0.45	1.77	0.00
1	1	0.00	0.00	0.47	1.48	0.00
1	5	0.00	0.00	0.58	1.58	0.00
2	2	0.00	0.00	0.63	2.10	0.00
2	6	0.00	2.57	0.15	0.73	0.07
3	3	0.03	0.00	0.33	1.88	0.00
3	7	0.00	0.01	1.01	2.07	0.00
Core	CPU	C1%	C3%	C6%	C8%	C9%
-	-	0.00	0.01	1.02	1.06	0.18
0	0	0.00	0.04	1.12	0.00	0.00
0	4	0.00	0.01	1.33	0.40	0.00
1	1	0.00	0.00	0.78	0.99	0.00
1	5	0.00	0.00	0.59	1.29	0.00
2	2	0.00	0.00	0.92	0.79	0.00
2	6	0.00	0.00	0.30	1.36	0.00
3	3	0.00	0.00	0.53	1.74	0.00
3	7	0.00	0.00	2.62	1.93	1.41
Core	CPU	C1%	C3%	C6%	C8%	C9%
-	-	0.00	0.00	0.62	1.03	0.00
0	0	0.00	0.01	0.99	0.40	0.00
0	4	0.00	0.00	0.28	0.89	0.00
1	1	0.00	0.00	0.44	0.70	0.00
1	5	0.00	0.00	0.32	0.90	0.00
2	2	0.00	0.00	0.37	1.52	0.01
2	6	0.00	0.00	0.69	1.82	0.00
3	3	0.04	0.00	1.39	1.02	0.00
3	7	0.00	0.02	0.50	1.01	0.00
Core	CPU	C1%	C3%	C6%	C8%	C9%
-	-	0.02	0.01	0.52	0.83	0.00
0	0	0.18	0.00	0.57	0.69	0.00
0	4	0.00	0.00	1.13	1.40	0.00
1	1	0.00	0.00	0.54	1.61	0.00
1	5	0.00	0.00	0.30	0.70	0.00
2	2	0.00	0.00	0.04	0.50	0.00
2	6	0.00	0.05	1.09	0.93	0.00
3	3	0.00	0.02	0.00	0.60	0.00
3	7	0.00	0.00	0.50	0.20	0.00
Core	CPU	C1%	C3%	C6%	C8%	C9%
-	-	0.00	0.02	0.44	0.97	0.00
0	0	0.00	0.00	0.26	0.52	0.00
0	4	0.00	0.10	0.25	0.50	0.00
1	1	0.00	0.00	0.10	0.89	0.00
1	5	0.00	0.00	0.28	1.09	0.00
2	2	0.00	0.00	0.64	1.29	0.00
2	6	0.00	0.03	1.10	0.96	0.00
3	3	0.00	0.00	0.20	0.99	0.00
3	7	0.00	0.01	0.73	1.49	0.00
Core	CPU	C1%	C3%	C6%	C8%	C9%
-	-	0.00	0.11	0.63	1.06	0.00
0	0	0.00	0.02	0.29	1.09	0.00
0	4	0.00	0.00	0.20	0.89	0.00
1	1	0.00	0.00	0.80	0.52	0.00
1	5	0.00	0.00	0.35	0.80	0.00
2	2	0.00	0.00	0.52	0.59	0.00
2	6	0.00	0.03	0.76	1.38	0.00
3	3	0.00	0.00	0.28	1.08	0.00
3	7	0.00	0.82	1.86	2.15	0.00
Core	CPU	C1%	C3%	C6%	C8%	C9%
-	-	0.02	0.32	0.88	1.88	0.01
0	0	0.00	0.00	1.22	2.38	0.00
0	4	0.00	0.00	0.85	1.97	0.00
1	1	0.00	0.00	1.12	1.58	0.00
1	5	0.00	0.00	0.60	2.17	0.00
2	2	0.00	0.00	0.62	2.98	0.00
2	6	0.00	2.57	0.60	0.69	0.08
3	3	0.13	0.00	1.11	1.48	0.00
3	7	0.00	0.00	0.96	1.78	0.00
Core	CPU	C1%	C3%	C6%	C8%	C9%
-	-	0.00	0.00	0.86	1.06	0.00
0	0	0.00	0.00	0.86	0.89	0.00
0	4	0.00	0.00	0.78	1.39	0.00
1	1	0.00	0.00	0.82	0.30	0.00
1	5	0.00	0.02	0.90	0.79	0.00
2	2	0.00	0.00	0.79	0.70	0.00
2	6	0.00	0.01	1.18	1.37	0.00
3	3	0.00	0.00	0.75	1.29	0.00
3	7	0.00	0.00	0.78	1.77	0.00
Core	CPU	C1%	C3%	C6%	C8%	C9%
-	-	0.00	0.00	0.78	0.89	0.00
0	0	0.00	0.00	0.86	0.99	0.00
0	4	0.00	0.00	0.85	0.89	0.00
1	1	0.00	0.00	1.12	0.79	0.00
1	5	0.00	0.02	1.09	0.39	0.00
2	2	0.00	0.00	0.73	1.19	0.00
2	6	0.00	0.00	1.07	0.84	0.00
3	3	0.00	0.00	0.34	0.98	0.00
3	7	0.00	0.00	0.20	1.09	0.00
Core	CPU	C1%	C3%	C6%	C8%	C9%
-	-	0.00	0.00	0.40	1.08	0.00
0	0	0.00	0.00	0.45	0.89	0.00
0	4	0.00	0.03	0.46	1.30	0.00
1	1	0.00	0.00	0.19	0.80	0.00
1	5	0.00	0.00	0.27	0.90	0.00
2	2	0.00	0.00	0.24	0.90	0.00
2	6	0.00	0.01	0.61	1.08	0.00
3	3	0.00	0.00	0.47	1.90	0.00
3	7	0.00	0.00	0.53	0.90	0.00
Core	CPU	C1%	C3%	C6%	C8%	C9%
-	-	0.00	0.00	0.46	0.87	0.00
0	0	0.00	0.00	0.10	0.98	0.00
0	4	0.00	0.00	0.38	0.99	0.00
1	1	0.00	0.00	0.45	0.79	0.00
1	5	0.00	0.00	0.50	0.99	0.00
2	2	0.00	0.00	0.10	0.99	0.00
2	6	0.00	0.02	0.67	0.81	0.00
3	3	0.00	0.00	0.74	0.70	0.00
3	7	0.00	0.00	0.76	0.69	0.00
Core	CPU	C1%	C3%	C6%	C8%	C9%
-	-	0.07	0.01	0.71	1.84	0.00
0	0	0.00	0.00	0.70	1.30	0.00
0	4	0.00	0.00	0.41	2.28	0.00
1	1	0.00	0.00	0.58	2.09	0.00
1	5	0.00	0.00	1.07	0.71	0.00
2	2	0.00	0.00	0.73	1.83	0.00
2	6	0.00	0.05	1.09	2.96	0.00
3	3	0.57	0.00	0.35	0.79	0.00
3	7	0.00	0.00	0.78	2.79	0.00
Core	CPU	C1%	C3%	C6%	C8%	C9%
-	-	0.00	0.32	0.99	1.14	0.01
0	0	0.00	0.00	1.06	1.78	0.00
0	4	0.00	0.00	0.93	1.88	0.00
1	1	0.00	0.00	1.12	0.49	0.00
1	5	0.00	0.02	1.26	0.70	0.00
2	2	0.00	0.00	0.68	2.07	0.00
2	6	0.00	2.49	0.55	0.13	0.07
3	3	0.00	0.00	1.14	1.19	0.00
3	7	0.00	0.04	1.14	0.88	0.00
Core	CPU	C1%	C3%	C6%	C8%	C9%
-	-	0.00	0.00	0.42	0.88	0.00
0	0	0.00	0.00	0.41	0.90	0.00
0	4	0.00	0.00	0.43	1.00	0.00
1	1	0.00	0.01	0.32	0.59	0.00
1	5	0.00	0.00	0.46	1.00	0.00
2	2	0.00	0.00	0.37	0.80	0.00
2	6	0.00	0.02	0.82	0.83	0.00
3	3	0.00	0.00	0.32	0.90	0.00
3	7	0.00	0.00	0.19	1.00	0.00
Core	CPU	C1%	C3%	C6%	C8%	C9%
-	-	0.00	0.00	0.44	0.95	0.00
0	0	0.00	0.00	0.15	0.78	0.00
0	4	0.00	0.00	0.13	0.99	0.00
1	1	0.00	0.00	0.96	0.89	0.00
1	5	0.00	0.00	0.37	0.99	0.00
2	2	0.00	0.00	0.36	0.79	0.00
2	6	0.00	0.01	0.93	1.05	0.00
3	3	0.00	0.02	0.36	0.99	0.00
3	7	0.00	0.00	0.28	1.08	0.00
Core	CPU	C1%	C3%	C6%	C8%	C9%
-	-	0.00	0.01	0.52	0.98	0.00
0	0	0.00	0.02	0.57	1.39	0.00
0	4	0.00	0.00	0.62	1.28	0.00
1	1	0.00	0.00	0.36	0.79	0.00
1	5	0.00	0.00	0.25	0.99	0.00
2	2	0.00	0.02	0.48	0.99	0.00
2	6	0.00	0.01	1.09	0.96	0.00
3	3	0.00	0.00	0.36	0.89	0.00
3	7	0.00	0.00	0.45	0.59	0.00
Core	CPU	C1%	C3%	C6%	C8%	C9%
-	-	0.00	0.04	0.71	4.69	0.00
0	0	0.00	0.00	0.53	1.20	0.00
0	4	0.00	0.00	0.36	0.79	0.00
1	1	0.00	0.00	0.27	0.99	0.00
1	5	0.00	0.02	0.20	1.09	0.00
2	2	0.00	0.00	0.19	0.89	0.00
2	6	0.02	0.22	2.18	28.90	0.00
3	3	0.00	0.00	0.73	1.30	0.00
3	7	0.00	0.04	1.21	2.37	0.00
Core	CPU	C1%	C3%	C6%	C8%	C9%
-	-	0.00	0.01	0.41	0.72	0.00
0	0	0.00	0.00	0.22	0.60	0.00
0	4	0.00	0.00	0.13	0.39	0.00
1	1	0.00	0.00	0.20	0.40	0.00
1	5	0.00	0.00	0.28	0.89	0.00
2	2	0.00	0.00	0.45	0.69	0.00
2	6	0.00	0.03	0.92	0.74	0.00
3	3	0.00	0.00	0.10	1.09	0.00
3	7	0.00	0.09	0.96	0.93	0.00
Core	CPU	C1%	C3%	C6%	C8%	C9%
-	-	0.02	0.30	0.59	1.57	0.01
0	0	0.00	0.02	0.49	1.38	0.00
0	4	0.00	0.00	0.29	1.28	0.00
1	1	0.00	0.00	0.56	1.57	0.00
1	5	0.00	0.00	0.53	2.07	0.00
2	2	0.00	0.00	0.45	2.20	0.00
2	6	0.00	2.37	0.65	0.72	0.07
3	3	0.14	0.00	0.78	2.36	0.00
3	7	0.00	0.01	1.00	0.98	0.00
Core	CPU	C1%	C3%	C6%	C8%	C9%
-	-	0.00	0.00	0.60	1.56	0.00
0	0	0.00	0.00	0.97	1.50	0.00
0	4	0.00	0.00	0.63	2.49	0.00
1	1	0.00	0.00	0.45	1.90	0.00
1	5	0.00	0.00	0.54	1.30	0.00
2	2	0.00	0.00	0.33	1.31	0.00
2	6	0.00	0.02	1.12	1.31	0.00
3	3	0.00	0.02	0.37	1.40	0.00
3	7	0.00	0.00	0.36	1.31	0.00
Core	CPU	C1%	C3%	C6%	C8%	C9%
-	-	0.01	0.00	0.33	0.76	0.00
0	0	0.00	0.00	0.06	0.59	0.00
0	4	0.00	0.00	0.13	0.40	0.00
1	1	0.00	0.00	0.10	0.89	0.00
1	5	0.00	0.00	0.28	0.89	0.00
2	2	0.00	0.00	0.25	0.89	0.00
2	6	0.00	0.04	1.08	0.69	0.00
3	3	0.10	0.00	0.25	0.90	0.00
3	7	0.00	0.00	0.48	0.80	0.00
Core	CPU	C1%	C3%	C6%	C8%	C9%
-	-	0.00	0.00	0.38	0.84	0.00
0	0	0.00	0.00	0.10	0.40	0.00
0	4	0.00	0.00	0.28	0.89	0.00
1	1	0.00	0.00	0.25	0.89	0.00
1	5	0.00	0.00	0.23	1.09	0.00
2	2	0.00	0.00	0.20	0.99	0.00
2	6	0.00	0.02	0.95	0.71	0.00
3	3	0.00	0.00	0.44	0.98	0.00
3	7	0.00	0.00	0.62	0.79	0.00
Core	CPU	C1%	C3%	C6%	C8%	C9%
-	-	0.00	0.02	0.35	1.05	0.00
0	0	0.00	0.00	0.54	1.49	0.00
0	4	0.00	0.00	0.23	1.00	0.00
1	1	0.00	0.02	0.28	1.00	0.00
1	5	0.00	0.00	0.09	0.99	0.00
2	2	0.00	0.00	0.36	0.80	0.00
2	6	0.00	0.02	0.53	1.07	0.00
3	3	0.00	0.10	0.39	1.10	0.00
3	7	0.00	0.00	0.37	0.90	0.00
Core	CPU	C1%	C3%	C6%	C8%	C9%
-	-	0.09	0.00	0.50	0.79	0.00
0	0	0.00	0.00	0.12	0.80	0.00
0	4	0.71	0.00	0.78	0.79	0.00
1	1	0.00	0.00	0.28	0.89	0.00
1	5	0.00	0.00	0.45	0.79	0.00
2	2	0.00	0.00	0.63	0.49	0.00
2	6	0.00	0.02	0.98	1.06	0.00
3	3	0.00	0.00	0.38	0.79	0.00
3	7	0.00	0.00	0.36	0.69	0.00
Core	CPU	C1%	C3%	C6%	C8%	C9%
-	-	0.00	0.13	0.59	1.20	0.00
0	0	0.00	0.00	0.34	1.28	0.00
0	4	0.00	0.02	0.87	1.19	0.00
1	1	0.00	0.00	0.39	1.04	0.00
1	5	0.00	0.00	0.62	1.58	0.00
2	2	0.00	0.00	0.24	1.99	0.00
2	6	0.00	1.00	1.09	0.10	0.00
3	3	0.00	0.00	0.55	0.89	0.00
3	7	0.00	0.04	0.61	1.54	0.00
Core	CPU	C1%	C3%	C6%	C8%	C9%
-	-	0.00	0.00	0.54	0.70	0.00
0	0	0.00	0.00	0.36	1.37	0.00
0	4	0.00	0.00	0.45	0.89	0.00
1	1	0.00	0.00	0.50	0.40	0.00
1	5	0.00	0.00	0.20	0.90	0.00
2	2	0.00	0.00	0.28	0.89	0.00
2	6	0.00	0.02	0.75	0.83	0.00
3	3	0.00	0.00	0.83	0.30	0.00
3	7	0.00	0.01	0.97	0.00	0.00
Core	CPU	C1%	C3%	C6%	C8%	C9%
-	-	0.00	0.01	0.43	0.96	0.00
0	0	0.00	0.00	0.56	0.60	0.00
0	4	0.00	0.00	0.04	0.59	0.00
1	1	0.00	0.00	0.42	1.49	0.00
1	5	0.00	0.00	0.29	0.89	0.00
2	2	0.00	0.00	0.36	0.79	0.00
2	6	0.00	0.01	0.64	0.95	0.00
3	3	0.00	0.01	0.60	0.59	0.00
3	7	0.00	0.02	0.54	1.79	0.00
Core	CPU	C1%	C3%	C6%	C8%	C9%
-	-	0.00	0.00	0.75	1.01	0.00
0	0	0.00	0.00	0.31	0.40	0.00
0	4	0.00	0.00	0.66	0.59	0.00
1	1	0.00	0.00	0.28	1.08	0.00
1	5	0.00	0.00	0.36	0.79	0.00
2	2	0.00	0.00	0.82	0.79	0.00
2	6	0.00	0.03	1.36	1.27	0.00
3	3	0.00	0.00	0.38	0.49	0.00
3	7	0.00	0.00	1.85	2.66	0.00
Core	CPU	C1%	C3%	C6%	C8%	C9%
-	-	0.03	0.00	0.56	1.53	0.00
0	0	0.00	0.00	0.51	1.62	0.00
0	4	0.00	0.00	0.36	0.79	0.00
1	1	0.00	0.00	0.69	2.40	0.00
1	5	0.00	0.02	0.35	1.00	0.00
2	2	0.00	0.00	0.19	0.89	0.00
2	6	0.00	0.01	0.81	2.40	0.00
3	3	0.23	0.00	0.68	1.33	0.00
3	7	0.00	0.00	0.93	1.80	0.00
Core	CPU	C1%	C3%	C6%	C8%	C9%
-	-	0.00	0.00	0.42	0.81	0.00
0	0	0.00	0.00	0.53	0.60	0.00
0	4	0.00	0.00	0.13	0.40	0.00
1	1	0.00	0.00	0.26	0.61	0.00
1	5	0.00	0.00	0.27	1.00	0.00
2	2	0.00	0.00	0.54	0.90	0.00
2	6	0.00	0.01	0.80	0.96	0.00
3	3	0.00	0.01	0.46	1.02	0.00
3	7	0.00	0.00	0.37	1.00	0.00
Core	CPU	C1%	C3%	C6%	C8%	C9%
-	-	0.00	0.30	0.55	1.45	0.01
0	0	0.00	0.00	0.32	1.28	0.00
0	4	0.00	0.00	0.58	1.58	0.00
1	1	0.00	0.00	0.47	1.67	0.00
1	5	0.00	0.00	0.55	1.67	0.00
2	2	0.00	0.00	1.02	1.59	0.00
2	6	0.00	2.39	0.44	0.20	0.07
3	3	0.00	0.00	0.57	1.77	0.00
3	7	0.00	0.00	0.45	1.86	0.00
Core	CPU	C1%	C3%	C6%	C8%	C9%
-	-	0.00	0.00	0.64	1.00	0.00
0	0	0.00	0.02	0.38	1.48	0.00
0	4	0.00	0.00	0.63	1.31	0.00
1	1	0.00	0.00	1.01	0.50	0.00
1	5	0.00	0.01	0.89	0.79	0.00
2	2	0.00	0.00	0.29	0.79	0.00
2	6	0.00	0.01	1.18	1.23	0.00
3	3	0.00	0.00	0.43	0.90	0.00
3	7	0.00	0.00	0.28	1.01	0.00
Core	CPU	C1%	C3%	C6%	C8%	C9%
-	-	0.00	0.00	0.52	0.86	0.00
0	0	0.00	0.00	0.74	0.19	0.00
0	4	0.00	0.00	0.82	0.79	0.00
1	1	0.00	0.00	0.33	1.58	0.00
1	5	0.00	0.00	0.38	0.98	0.00
2	2	0.00	0.00	0.45	0.69	0.00
2	6	0.00	0.01	0.83	0.77	0.00
3	3	0.00	0.00	0.27	1.19	0.00
3	7	0.00	0.00	0.37	0.69	0.00
Core	CPU	C1%	C3%	C6%	C8%	C9%
-	-	0.00	0.00	0.53	0.81	0.00
0	0	0.00	0.00	0.39	0.89	0.00
0	4	0.00	0.00	0.56	1.18	0.00
1	1	0.00	0.00	0.65	0.79	0.00
1	5	0.00	0.00	0.83	0.79	0.00
2	2	0.00	0.01	0.20	0.89	0.00
2	6	0.00	0.01	0.87	0.70	0.00
3	3	0.00	0.00	0.55	0.59	0.00
3	7	0.00	0.00	0.22	0.69	0.00
Core	CPU	C1%	C3%	C6%	C8%	C9%
-	-	0.00	0.00	0.50	0.95	0.00
0	0	0.00	0.00	0.28	1.08	0.00
0	4	0.00	0.00	0.36	1.09	0.00
1	1	0.00	0.00	0.92	0.59	0.00
1	5	0.00	0.01	0.79	0.79	0.00
2	2	0.00	0.00	0.19	0.99	0.00
2	6	0.00	0.03	0.96	0.64	0.00
3	3	0.00	0.00	0.34	1.19	0.00
3	7	0.00	0.00	0.20	1.19	0.00
Core	CPU	C1%	C3%	C6%	C8%	C9%
-	-	0.00	0.00	0.52	1.00	0.00
0	0	0.00	0.00	0.15	0.58	0.00
0	4	0.00	0.00	0.59	0.50	0.00
1	1	0.00	0.00	0.10	0.99	0.00
1	5	0.00	0.00	0.38	1.19	0.00
2	2	0.00	0.00	0.83	1.09	0.00
2	6	0.00	0.00	1.42	1.06	0.00
3	3	0.00	0.00	0.38	1.29	0.00
3	7	0.00	0.00	0.28	1.28	0.00
Core	CPU	C1%	C3%	C6%	C8%	C9%
-	-	0.00	0.24	0.51	1.32	0.00
0	0	0.00	0.02	0.39	1.28	0.00
0	4	0.00	0.02	0.49	1.18	0.00
1	1	0.00	0.00	0.46	1.55	0.00
1	5	0.00	0.00	0.34	1.68	0.00
2	2	0.00	0.12	0.89	1.59	0.00
2	6	0.00	1.78	0.47	0.05	0.00
3	3	0.00	0.00	0.67	1.57	0.00
3	7	0.00	0.00	0.35	1.63	0.00
Core	CPU	C1%	C3%	C6%	C8%	C9%
-	-	0.00	0.01	0.80	0.94	0.00
0	0	0.00	0.00	0.27	0.79	0.00
0	4	0.00	0.00	0.90	1.40	0.00
1	1	0.00	0.00	0.82	0.79	0.00
1	5	0.00	0.01	1.05	1.19	0.00
2	2	0.00	0.00	1.07	0.69	0.00
2	6	0.00	0.00	0.77	1.09	0.00
3	3	0.00	0.00	0.74	0.79	0.00
3	7	0.00	0.05	0.75	0.77	0.00
Core	CPU	C1%	C3%	C6%	C8%	C9%
-	-	0.00	0.01	0.39	1.54	0.00
0	0	0.00	0.00	0.46	0.89	0.00
0	4	0.00	0.00	0.14	0.49	0.00
1	1	0.00	0.00	0.22	0.30	0.00
1	5	0.00	0.00	0.19	0.99	0.00
2	2	0.00	0.00	0.36	0.79	0.00
2	6	0.01	0.06	1.05	7.33	0.00
3	3	0.00	0.01	0.45	0.70	0.00
3	7	0.00	0.00	0.28	0.80	0.00
Core	CPU	C1%	C3%	C6%	C8%	C9%
-	-	0.00	0.01	0.48	3.22	0.00
0	0	0.00	0.00	0.36	0.79	0.00
0	4	0.00	0.00	0.53	0.50	0.00
1	1	0.00	0.02	0.60	0.30	0.00
1	5	0.00	0.00	0.78	0.60	0.00
2	2	0.00	0.00	0.00	0.60	0.00
2	6	0.01	0.09	1.20	20.46	0.00
3	3	0.00	0.00	0.19	1.00	0.00
3	7	0.00	0.00	0.18	1.51	0.00
Core	CPU	C1%	C3%	C6%	C8%	C9%
-	-	0.00	0.01	0.49	1.05	0.04
0	0	0.00	0.01	0.31	0.68	0.00
0	4	0.00	0.00	0.28	0.89	0.00
1	1	0.00	0.00	0.45	0.89	0.00
1	5	0.00	0.00	0.43	1.00	0.00
2	2	0.00	0.00	0.47	1.70	0.32
2	6	0.00	0.00	0.88	0.82	0.00
3	3	0.00	0.00	0.44	0.79	0.00
3	7	0.00	0.04	0.66	1.60	0.00
Core	CPU	C1%	C3%	C6%	C8%	C9%
-	-	0.00	0.00	0.47	0.99	0.00
0	0	0.00	0.00	0.57	0.97	0.00
0	4	0.00	0.00	0.24	0.99	0.00
1	1	0.00	0.01	0.20	0.50	0.00
1	5	0.00	0.00	0.29	0.99	0.00
2	2	0.00	0.00	1.09	1.21	0.00
2	6	0.00	0.00	0.41	1.36	0.00
3	3	0.00	0.01	0.29	1.09	0.00
3	7	0.00	0.00	0.69	0.80	0.00
Core	CPU	C1%	C3%	C6%	C8%	C9%
-	-	0.01	0.30	0.65	1.42	0.01
0	0	0.00	0.03	1.07	1.49	0.00
0	4	0.00	0.00	0.30	1.18	0.00
1	1	0.00	0.00	0.56	1.57	0.00
1	5	0.00	0.00	0.44	1.77	0.00
2	2	0.00	0.02	0.94	1.97	0.00
2	6	0.00	2.37	0.30	0.65	0.07
3	3	0.11	0.00	0.56	1.38	0.00
3	7	0.00	0.00	1.06	1.38	0.00
Core	CPU	C1%	C3%	C6%	C8%	C9%
-	-	0.00	0.00	0.65	1.42	0.00
0	0	0.00	0.04	0.80	1.51	0.00
0	4	0.00	0.00	0.87	1.70	0.00
1	1	0.00	0.00	0.30	1.30	0.00
1	5	0.00	0.00	0.55	1.52	0.00
2	2	0.00	0.00	0.45	1.21	0.00
2	6	0.00	0.00	1.29	1.44	0.00
3	3	0.00	0.00	0.49	1.41	0.00
3	7	0.00	0.00	0.46	1.31	0.00
Core	CPU	C1%	C3%	C6%	C8%	C9%
-	-	0.00	0.00	0.42	1.02	0.00
0	0	0.00	0.00	0.93	0.90	0.00
0	4	0.00	0.02	0.40	1.41	0.00
1	1	0.00	0.00	0.23	0.41	0.00
1	5	0.00	0.00	0.27	0.90	0.00
2	2	0.00	0.00	0.51	1.19	0.00
2	6	0.00	0.00	0.22	1.47	0.00
3	3	0.00	0.00	0.34	0.91	0.00
3	7	0.00	0.00	0.43	1.01	0.00
Core	CPU	C1%	C3%	C6%	C8%	C9%
-	-	0.00	0.00	0.39	0.80	0.00
0	0	0.00	0.01	0.91	0.59	0.00
0	4	0.00	0.00	0.28	0.99	0.00
1	1	0.00	0.00	0.35	0.79	0.00
1	5	0.00	0.00	0.23	1.09	0.00
2	2	0.00	0.00	0.29	0.79	0.00
2	6	0.00	0.00	0.47	0.70	0.00
3	3	0.00	0.00	0.36	0.79	0.00
3	7	0.00	0.00	0.26	0.69	0.00
Core	CPU	C1%	C3%	C6%	C8%	C9%
-	-	0.00	0.00	0.44	0.86	0.00
0	0	0.00	0.00	0.65	1.01	0.00
0	4	0.00	0.00	0.43	0.91	0.00
1	1	0.00	0.00	0.38	0.52	0.00
1	5	0.00	0.00	0.27	0.91	0.00
2	2	0.00	0.00	0.64	0.81	0.00
2	6	0.00	0.00	0.43	0.77	0.00
3	3	0.00	0.00	0.39	0.92	0.00
3	7	0.00	0.00	0.36	1.01	0.00
Core	CPU	C1%	C3%	C6%	C8%	C9%
-	-	0.09	0.01	0.55	0.81	0.00
0	0	0.71	0.02	0.52	0.40	0.00
0	4	0.00	0.01	0.00	1.09	0.00
1	1	0.00	0.00	0.28	0.99	0.00
1	5	0.00	0.00	0.36	0.79	0.00
2	2	0.00	0.00	0.82	0.30	0.00
2	6	0.00	0.01	1.76	1.24	0.00
3	3	0.00	0.00	0.28	0.99	0.00
3	7	0.00	0.00	0.36	0.69	0.00
Core	CPU	C1%	C3%	C6%	C8%	C9%
-	-	0.00	0.27	0.67	1.66	0.00
0	0	0.00	0.00	1.23	0.59	0.00
0	4	0.00	0.00	0.80	1.68	0.00
1	1	0.00	0.00	0.54	1.98	0.00
1	5	0.00	0.00	0.24	2.07	0.00
2	2	0.00	0.02	0.49	1.79	0.00
2	6	0.00	2.12	0.63	0.47	0.04
3	3	0.00	0.00	0.76	1.87	0.00
3	7	0.00	0.01	0.64	2.87	0.00
Core	CPU	C1%	C3%	C6%	C8%	C9%
-	-	0.00	0.01	0.72	0.81	0.00
0	0	0.00	0.00	0.29	1.19	0.00
0	4	0.00	0.00	0.85	1.19	0.00
1	1	0.00	0.00	0.54	0.50	0.00
1	5	0.00	0.03	0.58	0.99	0.00
2	2	0.00	0.00	0.58	0.99	0.00
2	6	0.00	0.05	1.31	0.00	0.00
3	3	0.00	0.00	0.54	0.89	0.00
3	7	0.00	0.00	1.06	0.73	0.00
Core	CPU	C1%	C3%	C6%	C8%	C9%
-	-	0.00	0.01	0.47	0.96	0.00
0	0	0.00	0.00	0.27	1.19	0.00
0	4	0.00	0.00	0.55	1.09	0.00
1	1	0.00	0.00	0.61	1.10	0.00
1	5	0.00	0.02	0.29	0.99	0.00
2	2	0.00	0.00	0.19	0.31	0.00
2	6	0.00	0.02	1.07	1.11	0.00
3	3	0.00	0.00	0.50	0.89	0.00
3	7	0.00	0.02	0.27	0.99	0.00
Core	CPU	C1%	C3%	C6%	C8%	C9%
-	-	0.08	0.01	0.50	0.85	0.00
0	0	0.00	0.00	0.36	0.68	0.00
0	4	0.00	0.00	0.51	0.70	0.00
1	1	0.68	0.01	0.58	0.69	0.00
1	5	0.00	0.00	0.18	0.99	0.00
2	2	0.00	0.00	0.36	0.79	0.00
2	6	0.00	0.02	1.24	1.22	0.00
3	3	0.00	0.01	0.38	0.89	0.00
3	7	0.00	0.01	0.39	0.84	0.00
Core	CPU	C1%	C3%	C6%	C8%	C9%
-	-	0.00	0.01	0.63	0.74	0.00
0	0	0.00	0.00	0.22	0.89	0.00
0	4	0.00	0.02	0.20	0.60	0.00
1	1	0.00	0.00	0.87	0.79	0.00
1	5	0.00	0.00	0.36	0.80	0.00
2	2	0.00	0.00	0.83	0.59	0.00
2	6	0.00	0.05	1.17	0.88	0.00
3	3	0.00	0.00	0.87	0.79	0.00
3	7	0.00	0.00	0.55	0.59	0.00
Core	CPU	C1%	C3%	C6%	C8%	C9%
-	-	0.00	0.01	0.45	0.97	0.00
0	0	0.00	0.00	0.27	0.90	0.00
0	4	0.00	0.00	0.35	0.80	0.00
1	1	0.00	0.00	0.50	1.11	0.00
1	5	0.00	0.02	0.45	1.31	0.00
2	2	0.00	0.00	0.45	0.91	0.00
2	6	0.00	0.01	0.73	0.83	0.00
3	3	0.00	0.00	0.42	1.01	0.00
3	7	0.00	0.05	0.40	0.91	0.00
Core	CPU	C1%	C3%	C6%	C8%	C9%
-	-	0.00	0.31	0.57	1.40	0.01
0	0	0.00	0.00	0.95	1.28	0.00
0	4	0.00	0.00	0.62	1.58	0.00
1	1	0.00	0.01	0.28	1.19	0.00
1	5	0.00	0.00	0.48	1.87	0.00
2	2	0.00	0.00	0.54	1.88	0.00
2	6	0.00	2.47	0.55	0.06	0.08
3	3	0.00	0.01	0.68	1.68	0.00
3	7	0.00	0.00	0.47	1.67	0.00
Core	CPU	C1%	C3%	C6%	C8%	C9%
-	-	0.00	0.01	0.54	1.24	0.00
0	0	0.00	0.02	0.60	0.10	0.00
0	4	0.00	0.02	0.39	1.30	0.00
1	1	0.00	0.00	0.46	1.78	0.00
1	5	0.00	0.00	0.53	1.30	0.00
2	2	0.00	0.00	0.60	1.40	0.00
2	6	0.00	0.07	1.04	1.64	0.00
3	3	0.00	0.00	0.29	1.19	0.00
3	7	0.00	0.00	0.41	1.20	0.00
Core	CPU	C1%	C3%	C6%	C8%	C9%
-	-	0.00	0.00	0.66	1.33	0.00
0	0	0.00	0.01	0.83	0.69	0.00
0	4	0.00	0.02	0.38	1.49	0.00
1	1	0.00	0.00	0.55	1.38	0.00
1	5	0.00	0.00	0.33	1.78	0.00
2	2	0.00	0.00	0.88	1.01	0.00
2	6	0.00	0.00	1.27	1.00	0.00
3	3	0.00	0.00	0.55	1.30	0.00
3	7	0.00	0.00	0.53	1.95	0.00
Core	CPU	C1%	C3%	C6%	C8%	C9%
-	-	0.00	0.01	0.56	1.02	0.00
0	0	0.00	0.00	0.76	1.28	0.00
0	4	0.00	0.00	0.64	1.09	0.00
1	1	0.00	0.00	0.63	0.49	0.00
1	5	0.00	0.00	0.60	0.69	0.00
2	2	0.00	0.00	0.28	0.89	0.00
2	6	0.00	0.02	0.85	0.81	0.00
3	3	0.00	0.00	0.23	1.28	0.00
3	7	0.00	0.02	0.48	1.59	0.00
Core	CPU	C1%	C3%	C6%	C8%	C9%
-	-	0.00	0.01	0.47	0.69	0.00
0	0	0.00	0.00	0.22	0.49	0.00
0	4	0.00	0.00	0.13	0.59	0.00
1	1	0.00	0.00	0.58	0.69	0.00
1	5	0.00	0.00	0.28	0.89	0.00
2	2	0.00	0.00	0.35	0.79	0.00
2	6	0.00	0.00	0.72	0.46	0.00
3	3	0.00	0.00	0.79	0.79	0.00
3	7	0.00	0.05	0.71	0.79	0.00
Core	CPU	C1%	C3%	C6%	C8%	C9%
-	-	0.00	0.01	0.58	1.31	0.00
0	0	0.00	0.02	0.91	1.78	0.00
0	4	0.00	0.00	0.94	2.07	0.00
1	1	0.00	0.00	0.64	0.99	0.00
1	5	0.00	0.00	0.15	0.99	0.00
2	2	0.00	0.02	0.28	0.89	0.00
2	6	0.00	0.00	0.36	1.66	0.00
3	3	0.00	0.00	0.28	0.88	0.00
3	7	0.00	0.03	1.06	1.20	0.00
Core	CPU	C1%	C3%	C6%	C8%	C9%
-	-	0.00	0.31	0.76	1.42	0.02
0	0	0.00	0.00	1.11	1.20	0.00
0	4	0.00	0.02	0.67	1.67	0.00
1	1	0.00	0.00	0.73	1.77	0.00
1	5	0.00	0.00	0.41	1.97	0.00
2	2	0.00	0.00	0.20	1.89	0.00
2	6	0.00	2.37	0.26	0.31	0.15
3	3	0.00	0.00	1.14	1.28	0.00
3	7	0.00	0.06	1.56	1.28	0.00
Core	CPU	C1%	C3%	C6%	C8%	C9%
-	-	0.11	0.02	0.69	4.41	0.00
0	0	0.00	0.00	0.69	0.99	0.00
0	4	0.00	0.00	0.14	0.59	0.00
1	1	0.00	0.02	0.77	1.67	0.00
1	5	0.72	0.00	0.49	0.89	0.00
2	2	0.00	0.00	0.27	0.89	0.00
2	6	0.02	0.12	1.14	28.63	0.00
3	3	0.13	0.00	0.32	0.80	0.00
3	7	0.00	0.00	1.71	0.83	0.00
Core	CPU	C1%	C3%	C6%	C8%	C9%
-	-	0.00	0.01	0.67	0.98	0.00
0	0	0.00	0.00	0.75	0.99	0.00
0	4	0.00	0.00	0.44	1.40	0.00
1	1	0.00	0.00	0.82	0.49	0.00
1	5	0.00	0.02	0.40	0.00	0.00
2	2	0.00	0.00	0.38	1.40	0.00
2	6	0.00	0.00	1.15	1.30	0.00
3	3	0.00	0.00	0.64	1.20	0.00
3	7	0.00	0.10	0.80	1.10	0.00
Core	CPU	C1%	C3%	C6%	C8%	C9%
-	-	0.00	0.01	0.53	0.92	0.00
0	0	0.00	0.00	0.36	1.08	0.00
0	4	0.00	0.03	0.51	1.59	0.00
1	1	0.00	0.01	0.67	0.69	0.00
1	5	0.00	0.00	0.69	0.50	0.00
2	2	0.00	0.00	0.37	1.09	0.00
2	6	0.00	0.00	0.32	0.99	0.00
3	3	0.00	0.02	0.20	0.99	0.00
3	7	0.00	0.06	1.11	0.40	0.00
Core	CPU	C1%	C3%	C6%	C8%	C9%
-	-	0.00	0.01	0.56	0.78	0.00
0	0	0.00	0.00	0.22	0.89	0.00
0	4	0.00	0.00	0.10	0.90	0.00
1	1	0.00	0.00	0.37	1.19	0.00
1	5	0.00	0.00	0.36	1.09	0.00
2	2	0.00	0.00	1.00	0.49	0.00
2	6	0.00	0.01	0.98	0.50	0.00
3	3	0.00	0.00	0.29	0.88	0.00
3	7	0.00	0.04	1.19	0.29	0.00
Core	CPU	C1%	C3%	C6%	C8%	C9%
-	-	0.00	0.00	0.70	0.91	0.00
0	0	0.00	0.00	0.27	1.08	0.00
0	4	0.00	0.00	0.25	0.89	0.00
1	1	0.00	0.00	0.82	0.99	0.00
1	5	0.00	0.00	0.60	0.60	0.00
2	2	0.00	0.00	0.66	0.79	0.00
2	6	0.00	0.00	1.41	1.40	0.00
3	3	0.00	0.00	0.32	1.00	0.00
3	7	0.00	0.02	1.27	0.52	0.00
Core	CPU	C1%	C3%	C6%	C8%	C9%
-	-	0.00	0.22	0.39	0.72	0.00
0	0	0.00	0.00	0.35	0.88	0.00
0	4	0.00	0.00	0.13	0.79	0.00
1	1	0.00	0.00	0.68	0.60	0.00
1	5	0.00	0.00	0.56	0.99	0.00
2	2	0.00	0.00	0.36	0.79	0.00
2	6	0.00	1.68	0.05	0.00	0.00
3	3	0.00	0.02	0.20	0.89	0.00
3	7	0.00	0.07	0.82	0.79	0.00
Core	CPU	C1%	C3%	C6%	C8%	C9%
-	-	0.01	0.01	0.68	1.04	0.00
0	0	0.10	0.00	0.71	1.09	0.00
0	4	0.00	0.00	0.76	1.08	0.00
1	1	0.00	0.00	0.38	0.98	0.00
1	5	0.00	0.00	0.37	1.08	0.00
2	2	0.00	0.00	0.33	1.29	0.00
2	6	0.00	0.03	0.66	0.89	0.00
3	3	0.00	0.00	0.59	1.09	0.00
3	7	0.00	0.02	1.62	0.79	0.00
Core	CPU	C1%	C3%	C6%	C8%	C9%
-	-	0.00	0.01	0.40	1.04	0.00
0	0	0.00	0.00	0.32	0.59	0.00
0	4	0.00	0.00	0.20	0.79	0.00
1	1	0.00	0.00	0.28	1.19	0.00
1	5	0.00	0.00	0.36	1.09	0.00
2	2	0.00	0.00	0.41	1.30	0.00
2	6	0.00	0.02	0.20	0.99	0.00
3	3	0.00	0.00	0.20	1.09	0.00
3	7	0.00	0.07	1.22	1.32	0.00
Core	CPU	C1%	C3%	C6%	C8%	C9%
-	-	0.00	0.01	0.32	0.87	0.00
0	0	0.00	0.00	0.10	0.89	0.00
0	4	0.00	0.00	0.28	1.09	0.00
1	1	0.00	0.00	0.15	1.09	0.00
1	5	0.00	0.00	0.13	0.98	0.00
2	2	0.00	0.00	0.10	0.99	0.00
2	6	0.00	0.00	0.45	0.99	0.00
3	3	0.00	0.00	0.26	0.79	0.00
3	7	0.00	0.07	1.13	0.17	0.00
Core	CPU	C1%	C3%	C6%	C8%	C9%
-	-	0.00	0.01	0.39	0.94	0.00
0	0	0.00	0.00	0.37	0.70	0.00
0	4	0.00	0.00	0.05	0.59	0.00
1	1	0.00	0.02	0.29	0.99	0.00
1	5	0.00	0.00	0.10	0.99	0.00
2	2	0.00	0.00	0.28	0.89	0.00
2	6	0.00	0.00	0.45	0.89	0.00
3	3	0.00	0.00	0.32	0.80	0.00
3	7	0.00	0.03	1.30	1.67	0.00
Core	CPU	C1%	C3%	C6%	C8%	C9%
-	-	0.00	0.01	0.68	1.05	0.00
0	0	0.00	0.00	0.13	0.49	0.00
0	4	0.00	0.02	0.75	1.09	0.00
1	1	0.00	0.00	0.28	0.99	0.00
1	5	0.00	0.00	0.41	1.28	0.00
2	2	0.00	0.00	1.20	1.38	0.00
2	6	0.00	0.01	0.96	0.50	0.00
3	3	0.00	0.00	0.28	0.99	0.00
3	7	0.00	0.07	1.45	1.70	0.00
Core	CPU	C1%	C3%	C6%	C8%	C9%
-	-	0.00	0.24	0.57	0.90	0.00
0	0	0.00	0.00	0.10	0.99	0.00
0	4	0.00	0.00	0.77	1.28	0.00
1	1	0.00	0.00	0.25	1.48	0.00
1	5	0.03	0.01	0.59	1.38	0.00
2	2	0.00	0.00	0.20	1.28	0.00
2	6	0.00	1.88	0.16	0.00	0.00
3	3	0.00	0.00	1.04	0.39	0.00
3	7	0.00	0.06	1.42	0.37	0.00
Core	CPU	C1%	C3%	C6%	C8%	C9%
-	-	0.00	0.01	0.51	0.74	0.00
0	0	0.00	0.00	0.45	0.80	0.00
0	4	0.00	0.00	0.22	0.50	0.00
1	1	0.00	0.01	0.20	0.89	0.00
1	5	0.00	0.00	1.07	0.78	0.00
2	2	0.00	0.00	0.36	0.93	0.00
2	6	0.00	0.02	0.24	0.89	0.00
3	3	0.00	0.02	0.39	0.70	0.00
3	7	0.00	0.07	1.16	0.40	0.00
Core	CPU	C1%	C3%	C6%	C8%	C9%
-	-	0.00	0.02	0.55	0.73	0.00
0	0	0.00	0.00	0.32	0.88	0.00
0	4	0.00	0.00	0.28	0.60	0.00
1	1	0.00	0.00	0.96	0.40	0.00
1	5	0.00	0.00	0.45	0.79	0.00
2	2	0.00	0.03	0.27	0.89	0.00
2	6	0.00	0.00	0.79	0.78	0.00
3	3	0.00	0.00	0.27	1.00	0.00
3	7	0.00	0.15	1.04	0.51	0.00
Core	CPU	C1%	C3%	C6%	C8%	C9%
-	-	0.00	0.01	0.66	0.88	0.00
0	0	0.00	0.00	0.28	1.19	0.00
0	4	0.00	0.00	1.00	1.20	0.00
1	1	0.00	0.00	0.82	0.79	0.00
1	5	0.00	0.01	0.79	0.39	0.00
2	2	0.00	0.00	0.28	1.29	0.00
2	6	0.00	0.00	0.44	0.70	0.00
3	3	0.00	0.00	0.32	1.10	0.00
3	7	0.00	0.10	1.32	0.40	0.00
Core	CPU	C1%	C3%	C6%	C8%	C9%
-	-	0.00	0.01	0.41	0.91	0.00
0	0	0.00	0.00	0.45	0.40	0.00
0	4	0.00	0.00	0.14	0.49	0.00
1	1	0.00	0.00	0.38	0.90	0.00
1	5	0.00	0.00	0.28	0.90	0.00
2	2	0.00	0.00	0.26	0.93	0.00
2	6	0.00	0.00	0.26	1.29	0.00
3	3	0.00	0.02	0.20	0.90	0.00
3	7	0.00	0.05	1.34	1.49	0.00
Core	CPU	C1%	C3%	C6%	C8%	C9%
-	-	0.00	0.01	0.57	0.89	0.00
0	0	0.00	0.00	0.31	0.40	0.00
0	4	0.00	0.00	0.10	0.79	0.00
1	1	0.00	0.00	0.28	0.99	0.00
1	5	0.00	0.00	0.44	0.89	0.00
2	2	0.00	0.00	0.81	0.74	0.00
2	6	0.00	0.02	1.27	0.99	0.00
3	3	0.00	0.00	0.20	1.09	0.00
3	7	0.00	0.08	1.19	1.27	0.00
Core	CPU	C1%	C3%	C6%	C8%	C9%
-	-	0.00	0.31	0.56	1.45	0.01
0	0	0.00	0.00	0.20	1.29	0.00
0	4	0.00	0.00	1.08	1.58	0.00
1	1	0.00	0.00	0.74	1.87	0.00
1	5	0.00	0.00	0.34	2.07	0.00
2	2	0.00	0.02	0.39	1.79	0.00
2	6	0.00	2.47	0.11	0.05	0.07
3	3	0.00	0.00	0.38	1.77	0.00
3	7	0.00	0.00	1.25	1.19	0.00
Core	CPU	C1%	C3%	C6%	C8%	C9%
-	-	0.09	0.01	0.69	0.84	0.00
0	0	0.72	0.00	0.66	1.08	0.00
0	4	0.00	0.01	1.65	0.98	0.00
1	1	0.00	0.03	0.41	0.00	0.00
1	5	0.00	0.02	0.69	0.59	0.00
2	2	0.00	0.00	0.47	1.08	0.00
2	6	0.00	0.00	0.65	0.79	0.00
3	3	0.00	0.00	0.25	0.88	0.00
3	7	0.00	0.01	0.77	1.29	0.00
Core	CPU	C1%	C3%	C6%	C8%	C9%
-	-	0.00	0.01	0.54	1.04	0.00
0	0	0.00	0.00	0.55	1.58	0.00
0	4	0.00	0.02	0.73	1.10	0.00
1	1	0.00	0.02	0.60	0.10	0.00
1	5	0.00	0.00	0.50	0.49	0.00
2	2	0.00	0.00	0.61	1.68	0.00
2	6	0.00	0.00	0.45	0.80	0.00
3	3	0.00	0.00	0.32	1.00	0.00
3	7	0.00	0.01	0.59	1.58	0.00
Core	CPU	C1%	C3%	C6%	C8%	C9%
-	-	0.00	0.00	0.43	1.38	0.00
0	0	0.00	0.00	0.41	1.50	0.00
0	4	0.00	0.02	0.27	1.49	0.00
1	1	0.00	0.00	0.56	1.50	0.00
1	5	0.00	0.00	0.35	1.32	0.00
2	2	0.00	0.00	0.33	0.90	0.00
2	6	0.00	0.00	0.48	1.49	0.00
3	3	0.00	0.00	0.27	1.30	0.00
3	7	0.00	0.00	0.76	1.50	0.00
Core	CPU	C1%	C3%	C6%	C8%	C9%
-	-	0.00	0.00	0.45	1.12	0.00
0	0	0.00	0.01	0.27	0.41	0.00
0	4	0.00	0.00	0.61	1.90	0.00
1	1	0.00	0.00	0.44	0.89	0.00
1	5	0.00	0.00	0.76	1.79	0.00
2	2	0.00	0.01	0.18	0.91	0.00
2	6	0.00	0.00	0.27	1.00	0.00
3	3	0.00	0.00	0.54	0.90	0.00
3	7	0.00	0.01	0.53	1.19	0.00
Core	CPU	C1%	C3%	C6%	C8%	C9%
-	-	0.00	0.04	0.63	4.54	0.00
0	0	0.00	0.00	0.51	1.21	0.00
0	4	0.00	0.00	1.17	1.70	0.00
1	1	0.00	0.00	0.23	0.31	0.00
1	5	0.00	0.00	0.18	1.28	0.00
2	2	0.00	0.00	0.54	1.50	0.00
2	6	0.02	0.27	1.37	28.51	0.00
3	3	0.00	0.00	0.39	0.82	0.00
3	7	0.00	0.05	0.65	1.00	0.00
Core	CPU	C1%	C3%	C6%	C8%	C9%
-	-	0.00	0.15	0.38	0.83	0.01
0	0	0.00	0.00	0.15	1.18	0.00
0	4	0.00	0.00	0.32	1.08	0.00
1	1	0.00	0.00	0.10	0.79	0.00
1	5	0.00	0.00	0.18	0.99	0.00
2	2	0.00	0.00	0.44	0.99	0.00
2	6	0.00	1.17	0.05	0.04	0.07
3	3	0.00	0.01	0.59	1.09	0.00
3	7	0.00	0.01	1.17	0.49	0.00
Core	CPU	C1%	C3%	C6%	C8%	C9%
-	-	0.07	0.01	0.53	0.78	0.00
0	0	0.58	0.03	0.79	0.60	0.00
0	4	0.00	0.00	0.29	1.28	0.00
1	1	0.00	0.00	0.37	0.81	0.00
1	5	0.00	0.00	0.42	0.99	0.00
2	2	0.00	0.02	0.29	1.10	0.00
2	6	0.00	0.00	0.97	0.30	0.00
3	3	0.00	0.00	0.28	0.89	0.00
3	7	0.00	0.02	0.84	0.30	0.00
Core	CPU	C1%	C3%	C6%	C8%	C9%
-	-	0.00	0.00	0.54	0.95	0.00
0	0	0.00	0.00	1.31	1.19	0.00
0	4	0.00	0.00	0.37	1.18	0.00
1	1	0.00	0.00	0.33	1.28	0.00
1	5	0.00	0.00	0.30	0.98	0.00
2	2	0.00	0.00	0.19	1.20	0.00
2	6	0.00	0.00	0.28	0.69	0.00
3	3	0.00	0.00	0.75	0.49	0.00
3	7	0.00	0.00	0.82	0.60	0.00
Core	CPU	C1%	C3%	C6%	C8%	C9%
-	-	0.00	0.01	0.44	1.07	0.00
0	0	0.00	0.00	0.65	1.09	0.00
0	4	0.00	0.00	0.52	1.70	0.00
1	1	0.00	0.02	0.78	0.59	0.00
1	5	0.00	0.00	0.10	0.89	0.00
2	2	0.00	0.00	0.27	0.89	0.00
2	6	0.00	0.02	0.40	0.89	0.00
3	3	0.00	0.00	0.41	1.10	0.00
3	7	0.00	0.01	0.41	1.38	0.00
Core	CPU	C1%	C3%	C6%	C8%	C9%
-	-	0.00	0.01	0.41	1.24	0.00
0	0	0.00	0.00	0.34	1.38	0.00
0	4	0.00	0.02	0.09	0.79	0.00
1	1	0.00	0.00	0.46	1.69	0.00
1	5	0.00	0.00	0.55	1.58	0.00
2	2	0.00	0.00	0.33	1.22	0.00
2	6	0.00	0.00	0.22	1.09	0.00
3	3	0.00	0.00	0.10	1.08	0.00
3	7	0.00	0.02	1.21	1.09	0.00
Core	CPU	C1%	C3%	C6%	C8%	C9%
-	-	0.00	0.00	0.53	1.21	0.00
0	0	0.00	0.00	0.56	0.90	0.00
0	4	0.00	0.00	0.36	1.58	0.00
1	1	0.00	0.00	0.33	1.67	0.00
1	5	0.00	0.02	0.20	1.48	0.00
2	2	0.00	0.00	0.58	1.27	0.00
2	6	0.00	0.00	0.45	1.08	0.00
3	3	0.00	0.00	0.33	1.19	0.00
3	7	0.00	0.00	1.42	0.50	0.00
Core	CPU	C1%	C3%	C6%	C8%	C9%
-	-	0.01	0.19	0.50	1.07	0.00
0	0	0.00	0.00	0.95	1.72	0.00
0	4	0.00	0.00	0.32	1.76	0.00
1	1	0.00	0.00	0.00	0.61	0.00
1	5	0.00	0.00	0.18	0.99	0.00
2	2	0.00	0.00	0.45	0.70	0.00
2	6	0.00	1.48	0.14	0.02	0.00
3	3	0.06	0.00	0.86	0.90	0.00
3	7	0.00	0.01	1.08	1.88	0.00
Core	CPU	C1%	C3%	C6%	C8%	C9%
-	-	0.00	0.00	0.46	0.96	0.07
0	0	0.00	0.00	0.08	0.50	0.00
0	4	0.00	0.00	0.82	1.70	0.00
1	1	0.00	0.00	0.44	1.18	0.00
1	5	0.00	0.00	0.42	1.00	0.00
2	2	0.00	0.00	0.09	1.00	0.00
2	6	0.00	0.00	0.66	0.59	0.00
3	3	0.00	0.00	0.36	0.70	0.00
3	7	0.00	0.02	0.83	1.00	0.55
Core	CPU	C1%	C3%	C6%	C8%	C9%
-	-	0.00	0.00	0.58	1.41	0.00
0	0	0.00	0.00	1.15	0.62	0.00
0	4	0.00	0.00	0.73	1.69	0.00
1	1	0.00	0.00	0.18	1.87	0.00
1	5	0.00	0.00	0.00	0.50	0.00
2	2	0.00	0.00	0.83	1.60	0.00
2	6	0.00	0.00	0.55	1.00	0.00
3	3	0.00	0.00	0.41	1.79	0.00
3	7	0.00	0.02	0.81	2.18	0.00
Core	CPU	C1%	C3%	C6%	C8%	C9%
-	-	0.00	0.00	0.73	0.82	0.00
0	0	0.00	0.00	0.92	0.50	0.00
0	4	0.00	0.01	0.79	0.29	0.00
1	1	0.00	0.00	0.55	1.49	0.00
1	5	0.00	0.00	0.45	1.09	0.00
2	2	0.00	0.00	1.02	0.39	0.00
2	6	0.00	0.02	1.16	0.40	0.00
3	3	0.00	0.00	0.29	1.28	0.00
3	7	0.00	0.00	0.68	1.09	0.00
Core	CPU	C1%	C3%	C6%	C8%	C9%
-	-	0.00	0.01	0.34	0.90	0.00
0	0	0.00	0.00	0.19	0.69	0.00
0	4	0.00	0.00	0.26	1.00	0.00
1	1	0.00	0.00	0.44	0.71	0.00
1	5	0.00	0.00	0.31	1.00	0.00
2	2	0.00	0.00	0.36	1.31	0.00
2	6	0.00	0.00	0.27	0.80	0.00
3	3	0.00	0.00	0.44	0.61	0.00
3	7	0.00	0.05	0.49	1.09	0.00
Core	CPU	C1%	C3%	C6%	C8%	C9%
-	-	0.04	0.01	0.56	1.01	0.00
0	0	0.00	0.00	0.45	1.09	0.00
0	4	0.00	0.00	0.64	0.49	0.00
1	1	0.30	0.03	0.59	0.50	0.00
1	5	0.00	0.00	0.29	1.18	0.00
2	2	0.00	0.00	0.63	1.49	0.00
2	6	0.00	0.03	0.41	1.50	0.00
3	3	0.00	0.01	0.29	1.30	0.00
3	7	0.00	0.03	1.18	0.50	0.00
Core	CPU	C1%	C3%	C6%	C8%	C9%
-	-	0.00	0.14	0.37	0.73	0.00
0	0	0.00	0.00	0.23	0.79	0.00
0	4	0.00	0.00	0.30	0.30	0.00
1	1	0.00	0.00	0.98	0.79	0.00
1	5	0.00	0.00	0.36	0.89	0.00
2	2	0.00	0.00	0.14	1.09	0.00
2	6	0.00	1.11	0.13	0.00	0.04
3	3	0.00	0.00	0.20	1.09	0.00
3	7	0.00	0.02	0.66	0.89	0.00
Core	CPU	C1%	C3%	C6%	C8%	C9%
-	-	0.00	0.00	0.42	0.90	0.00
0	0	0.00	0.00	0.19	0.69	0.00
0	4	0.00	0.00	0.56	0.89	0.00
1	1	0.00	0.00	0.25	0.89	0.00
1	5	0.00	0.00	0.23	0.98	0.00
2	2	0.00	0.00	0.28	1.10	0.00
2	6	0.00	0.00	1.05	0.30	0.00
3	3	0.00	0.00	0.26	1.08	0.00
3	7	0.00	0.01	0.55	1.29	0.00
Core	CPU	C1%	C3%	C6%	C8%	C9%
-	-	0.00	0.01	0.41	0.84	0.00
0	0	0.00	0.00	0.53	0.59	0.00
0	4	0.00	0.00	0.15	0.40	0.00
1	1	0.00	0.02	0.76	0.40	0.00
1	5	0.00	0.00	0.17	0.70	0.00
2	2	0.00	0.00	0.28	0.98	0.00
2	6	0.00	0.02	0.43	0.88	0.00
3	3	0.00	0.00	0.32	1.10	0.00
3	7	0.00	0.01	0.66	1.66	0.00
Core	CPU	C1%	C3%	C6%	C8%	C9%
-	-	0.00	0.00	0.80	1.34	0.00
0	0	0.00	0.00	0.87	1.28	0.00
0	4	0.00	0.00	0.69	0.59	0.00
1	1	0.00	0.00	0.59	0.50	0.00
1	5	0.00	0.00	0.46	1.30	0.00
2	2	0.00	0.00	0.63	1.30	0.00
2	6	0.00	0.00	1.37	1.88	0.00
3	3	0.00	0.00	0.38	1.89	0.00
3	7	0.00	0.01	1.45	1.99	0.00
Core	CPU	C1%	C3%	C6%	C8%	C9%
-	-	0.00	0.01	0.39	1.12	0.00
0	0	0.00	0.02	0.29	0.59	0.00
0	4	0.00	0.00	0.46	1.40	0.00
1	1	0.00	0.00	0.45	1.20	0.00
1	5	0.00	0.00	0.40	1.30	0.00
2	2	0.00	0.02	0.28	1.30	0.00
2	6	0.00	0.00	0.28	1.40	0.00
3	3	0.00	0.00	0.35	1.29	0.00
3	7	0.00	0.01	0.63	0.50	0.00
Core	CPU	C1%	C3%	C6%	C8%	C9%
-	-	0.00	0.00	0.43	0.94	0.00
0	0	0.00	0.00	0.46	0.49	0.00
0	4	0.00	0.00	0.25	0.89	0.00
1	1	0.00	0.00	0.39	1.39	0.00
1	5	0.00	0.00	0.10	1.18	0.00
2	2	0.00	0.00	0.29	0.89	0.00
2	6	0.00	0.00	0.65	0.99	0.00
3	3	0.00	0.00	0.22	1.10	0.00
3	7	0.00	0.04	1.07	0.61	0.00
Core	CPU	C1%	C3%	C6%	C8%	C9%
-	-	0.00	0.19	0.23	0.86	0.00
0	0	0.00	0.00	0.14	0.78	0.00
0	4	0.00	0.00	0.12	1.08	0.00
1	1	0.00	0.00	0.10	0.90	0.00
1	5	0.00	0.00	0.28	0.98	0.00
2	2	0.00	0.00	0.10	0.99	0.00
2	6	0.00	1.48	0.13	0.03	0.00
3	3	0.00	0.00	0.20	1.18	0.00
3	7	0.00	0.02	0.76	0.88	0.00
Core	CPU	C1%	C3%	C6%	C8%	C9%
-	-	0.00	0.00	0.37	0.89	0.00
0	0	0.00	0.00	0.10	0.40	0.00
0	4	0.00	0.00	0.77	0.89	0.00
1	1	0.00	0.00	0.34	1.29	0.00
1	5	0.00	0.00	0.23	1.09	0.00
2	2	0.00	0.00	0.20	0.99	0.00
2	6	0.00	0.00	0.56	0.59	0.00
3	3	0.00	0.00	0.45	0.99	0.00
3	7	0.00	0.02	0.34	0.90	0.00
Core	CPU	C1%	C3%	C6%	C8%	C9%
-	-	0.00	0.00	0.45	0.99	0.00
0	0	0.00	0.00	0.67	1.31	0.00
0	4	0.00	0.00	0.51	1.60	0.00
1	1	0.00	0.00	0.20	0.71	0.00
1	5	0.00	0.00	0.18	0.31	0.00
2	2	0.00	0.00	0.44	0.80	0.00
2	6	0.00	0.02	0.53	0.82	0.00
3	3	0.00	0.00	0.49	1.41	0.00
3	7	0.00	0.02	0.57	1.01	0.00
Core	CPU	C1%	C3%	C6%	C8%	C9%
-	-	0.00	0.09	0.63	4.25	0.00
0	0	0.00	0.00	0.13	0.50	0.00
0	4	0.00	0.00	0.10	0.89	0.00
1	1	0.00	0.48	0.31	1.09	0.00
1	5	0.00	0.00	0.36	0.89	0.00
2	2	0.00	0.00	0.92	0.60	0.00
2	6	0.02	0.13	1.88	28.42	0.00
3	3	0.00	0.00	0.29	1.08	0.00
3	7	0.00	0.08	1.10	0.58	0.00
Core	CPU	C1%	C3%	C6%	C8%	C9%
-	-	0.00	0.01	0.46	0.93	0.00
0	0	0.00	0.00	0.19	0.69	0.00
0	4	0.00	0.00	0.18	1.00	0.00
1	1	0.00	0.00	0.36	1.01	0.00
1	5	0.00	0.00	0.33	1.19	0.00
2	2	0.00	0.02	0.30	0.80	0.00
2	6	0.00	0.00	0.89	0.79	0.00
3	3	0.00	0.00	0.19	1.18	0.00
3	7	0.00	0.03	1.21	0.79	0.00
Core	CPU	C1%	C3%	C6%	C8%	C9%
-	-	0.19	0.01	0.63	1.05	0.00
0	0	0.76	0.00	0.56	1.18	0.00
0	4	0.76	0.00	0.76	1.18	0.00
1	1	0.00	0.00	0.24	1.38	0.00
1	5	0.00	0.00	0.33	0.79	0.00
2	2	0.00	0.00	0.38	0.99	0.00
2	6	0.00	0.00	1.55	0.89	0.00
3	3	0.00	0.00	0.36	1.08	0.00
3	7	0.00	0.08	0.85	0.89	0.00
Core	CPU	C1%	C3%	C6%	C8%	C9%
-	-	0.00	0.19	0.50	0.61	0.00
0	0	0.00	0.00	0.77	1.28	0.00
0	4	0.00	0.00	0.55	0.69	0.00
1	1	0.00	0.00	0.63	0.29	0.00
1	5	0.00	0.02	0.40	0.00	0.00
2	2	0.00	0.00	0.19	1.00	0.00
2	6	0.00	1.49	0.15	0.00	0.00
3	3	0.00	0.00	0.14	1.19	0.00
3	7	0.00	0.05	1.14	0.39	0.00
Core	CPU	C1%	C3%	C6%	C8%	C9%
-	-	0.00	0.01	0.53	0.67	0.00
0	0	0.00	0.00	0.37	1.10	0.00
0	4	0.00	0.00	0.27	0.80	0.00
1	1	0.00	0.00	0.46	0.59	0.00
1	5	0.00	0.00	0.74	0.90	0.00
2	2	0.00	0.00	0.62	0.60	0.00
2	6	0.00	0.00	0.71	0.30	0.00
3	3	0.00	0.02	0.30	0.81	0.00
3	7	0.00	0.05	0.76	0.30	0.00
Core	CPU	C1%	C3%	C6%	C8%	C9%
-	-	0.00	0.01	0.37	0.97	0.00
0	0	0.00	0.00	0.33	1.29	0.00
0	4	0.00	0.00	0.22	1.29	0.00
1	1	0.00	0.00	0.19	0.71	0.00
1	5	0.00	0.00	0.28	0.89	0.00
2	2	0.00	0.00	0.41	0.79	0.00
2	6	0.00	0.00	0.23	1.19	0.00
3	3	0.00	0.00	0.10	1.09	0.00
3	7	0.00	0.06	1.24	0.50	0.00
Core	CPU	C1%	C3%	C6%	C8%	C9%
-	-	0.00	0.00	0.51	0.81	0.00
0	0	0.00	0.00	0.10	0.39	0.00
0	4	0.00	0.00	0.58	1.09	0.00
1	1	0.00	0.00	0.25	1.28	0.00
1	5	0.00	0.00	0.14	0.99	0.00
2	2	0.00	0.00	0.10	0.99	0.00
2	6	0.00	0.00	0.75	0.50	0.00
3	3	0.00	0.00	0.85	0.40	0.00
3	7	0.00	0.04	1.28	0.89	0.00
Core	CPU	C1%	C3%	C6%	C8%	C9%
-	-	0.00	0.00	0.36	0.98	0.00
0	0	0.00	0.00	0.36	1.19	0.00
0	4	0.00	0.00	0.24	1.10	0.00
1	1	0.00	0.00	0.30	0.70	0.00
1	5	0.00	0.00	0.19	1.00	0.00
2	2	0.00	0.00	0.45	0.90	0.00
2	6	0.00	0.00	0.45	0.99	0.00
3	3	0.00	0.00	0.32	1.00	0.00
3	7	0.00	0.01	0.60	0.99	0.00
Core	CPU	C1%	C3%	C6%	C8%	C9%
-	-	0.00	0.01	0.63	1.28	0.00
0	0	0.00	0.00	0.13	0.59	0.00
0	4	0.00	0.00	0.10	1.19	0.00
1	1	0.00	0.00	0.55	1.79	0.00
1	5	0.00	0.00	0.54	1.20	0.00
2	2	0.00	0.00	1.10	1.20	0.00
2	6	0.00	0.01	1.24	1.20	0.00
3	3	0.00	0.00	0.46	1.41	0.00
3	7	0.00	0.05	0.91	1.70	0.00
Core	CPU	C1%	C3%	C6%	C8%	C9%
-	-	0.00	0.10	0.28	0.75	0.00
0	0	0.00	0.00	0.19	0.69	0.00
0	4	0.00	0.00	0.28	0.89	0.00
1	1	0.00	0.00	0.53	0.99	0.00
1	5	0.00	0.00	0.14	1.09	0.00
2	2	0.00	0.00	0.30	0.80	0.00
2	6	0.00	0.68	0.18	0.00	0.00
3	3	0.00	0.00	0.10	0.99	0.00
3	7	0.00	0.08	0.48	0.60	0.00
Core	CPU	C1%	C3%	C6%	C8%	C9%
-	-	0.00	0.01	0.62	1.36	0.00
0	0	0.00	0.00	0.63	1.68	0.00
0	4	0.00	0.00	0.60	0.70	0.00
1	1	0.00	0.00	1.04	1.61	0.00
1	5	0.00	0.00	0.29	1.58	0.00
2	2	0.00	0.00	0.26	1.19	0.00
2	6	0.00	0.00	1.08	1.59	0.00
3	3	0.00	0.02	0.30	1.09	0.00
3	7	0.00	0.04	0.75	1.49	0.00
Core	CPU	C1%	C3%	C6%	C8%	C9%
-	-	0.00	0.00	0.71	1.32	0.00
0	0	0.00	0.00	0.85	1.39	0.00
0	4	0.00	0.00	0.20	0.40	0.00
1	1	0.00	0.00	0.62	1.71	0.00
1	5	0.00	0.00	0.71	1.74	0.00
2	2	0.00	0.00	1.00	1.30	0.00
2	6	0.00	0.00	0.87	0.91	0.00
3	3	0.00	0.00	0.55	1.79	0.00
3	7	0.00	0.01	0.92	1.30	0.00
Core	CPU	C1%	C3%	C6%	C8%	C9%
-	-	0.00	0.01	0.53	0.90	0.00
0	0	0.00	0.00	0.10	0.88	0.00
0	4	0.00	0.00	0.76	0.99	0.00
1	1	0.00	0.00	0.48	0.78	0.00
1	5	0.00	0.00	0.81	0.79	0.00
2	2	0.00	0.00	0.20	1.19	0.00
2	6	0.00	0.01	0.44	1.18	0.00
3	3	0.00	0.00	0.25	0.79	0.00
3	7	0.00	0.04	1.20	0.59	0.00
Core	CPU	C1%	C3%	C6%	C8%	C9%
-	-	0.00	0.00	0.47	0.98	0.00
0	0	0.00	0.00	0.55	1.10	0.00
0	4	0.00	0.00	0.34	1.19	0.00
1	1	0.00	0.00	0.61	0.60	0.00
1	5	0.00	0.00	0.00	0.60	0.00
2	2	0.00	0.00	0.37	0.99	0.00
2	6	0.00	0.00	0.94	0.50	0.00
3	3	0.00	0.00	0.31	1.79	0.00
3	7	0.00	0.02	0.59	1.10	0.00
Core	CPU	C1%	C3%	C6%	C8%	C9%
-	-	0.00	0.01	0.74	0.65	0.00
0	0	0.00	0.00	0.53	0.00	0.00
0	4	0.00	0.01	1.09	0.39	0.00
1	1	0.00	0.00	0.47	1.09	0.00
1	5	0.00	0.00	0.36	0.89	0.00
2	2	0.00	0.00	1.02	0.78	0.00
2	6	0.00	0.01	1.07	0.40	0.00
3	3	0.00	0.00	0.29	1.08	0.00
3	7	0.00	0.04	1.13	0.60	0.00
Core	CPU	C1%	C3%	C6%	C8%	C9%
-	-	0.00	0.19	0.52	0.62	0.00
0	0	0.00	0.00	0.32	0.89	0.00
0	4	0.00	0.00	0.47	0.69	0.00
1	1	0.00	0.00	0.35	0.88	0.00
1	5	0.00	0.00	0.33	0.79	0.00
2	2	0.00	0.00	0.69	0.80	0.00
2	6	0.00	1.48	0.16	0.00	0.00
3	3	0.00	0.00	0.84	0.79	0.00
3	7	0.00	0.03	1.01	0.09	0.00
Core	CPU	C1%	C3%	C6%	C8%	C9%
-	-	0.00	0.00	0.77	1.29	0.00
0	0	0.00	0.00	0.54	1.58	0.00
0	4	0.00	0.00	0.37	0.71	0.00
1	1	0.00	0.00	0.59	0.59	0.00
1	5	0.00	0.00	0.65	1.50	0.00
2	2	0.00	0.00	0.73	1.59	0.00
2	6	0.00	0.00	0.87	1.41	0.00
3	3	0.00	0.00	0.47	1.80	0.00
3	7	0.00	0.00	1.92	1.12	0.00
Core	CPU	C1%	C3%	C6%	C8%	C9%
-	-	0.00	0.02	0.46	0.87	0.00
0	0	0.00	0.02	0.55	0.39	0.00
0	4	0.00	0.00	0.78	0.50	0.00
1	1	0.00	0.00	0.27	0.99	0.00
1	5	0.00	0.00	0.35	0.79	0.00
2	2	0.00	0.10	0.22	1.08	0.00
2	6	0.00	0.00	0.29	1.68	0.00
3	3	0.00	0.00	0.48	0.79	0.00
3	7	0.00	0.05	0.70	0.79	0.00
Core	CPU	C1%	C3%	C6%	C8%	C9%
-	-	0.01	0.01	0.66	0.88	0.00
0	0	0.00	0.00	0.58	1.34	0.00
0	4	0.00	0.00	0.90	0.89	0.00
1	1	0.00	0.00	0.61	0.20	0.00
1	5	0.10	0.01	0.57	0.00	0.00
2	2	0.00	0.00	0.46	1.79	0.00
2	6	0.00	0.00	0.52	1.19	0.00
3	3	0.00	0.00	0.23	1.09	0.00
3	7	0.00	0.04	1.41	0.52	0.00
Core	CPU	C1%	C3%	C6%	C8%	C9%
-	-	0.00	0.00	0.50	1.14	0.00
0	0	0.00	0.00	0.45	1.07	0.00
0	4	0.00	0.00	0.23	0.99	0.00
1	1	0.00	0.00	0.74	0.59	0.00
1	5	0.00	0.00	0.38	0.89	0.00
2	2	0.00	0.00	0.80	2.09	0.00
2	6	0.00	0.00	0.33	1.29	0.00
3	3	0.00	0.00	0.20	1.19	0.00
3	7	0.00	0.02	0.85	0.99	0.00
Core	CPU	C1%	C3%	C6%	C8%	C9%
-	-	0.00	0.00	0.40	0.81	0.00
0	0	0.00	0.00	0.19	0.69	0.00
0	4	0.00	0.00	0.27	0.90	0.00
1	1	0.00	0.00	0.44	0.70	0.00
1	5	0.00	0.00	0.59	0.90	0.00
2	2	0.00	0.00	0.18	1.10	0.00
2	6	0.00	0.00	0.45	1.09	0.00
3	3	0.00	0.00	0.45	0.60	0.00
3	7	0.00	0.02	0.63	0.50	0.00
Core	CPU	C1%	C3%	C6%	C8%	C9%
-	-	0.00	0.22	0.48	0.73	0.00
0	0	0.00	0.00	0.46	0.89	0.00
0	4	0.00	0.00	1.08	0.89	0.00
1	1	0.00	0.00	0.12	0.40	0.00
1	5	0.00	0.00	0.45	1.00	0.00
2	2	0.00	0.00	0.27	0.90	0.00
2	6	0.00	1.69	0.05	0.00	0.00
3	3	0.00	0.00	0.82	0.79	0.00
3	7	0.00	0.06	0.56	0.98	0.00
Core	CPU	C1%	C3%	C6%	C8%	C9%
-	-	0.00	0.02	0.92	3.07	0.00
0	0	0.00	0.00	0.92	0.89	0.00
0	4	0.00	0.02	1.19	0.00	0.00
1	1	0.00	0.00	0.49	1.40	0.00
1	5	0.00	0.00	0.55	1.69	0.00
2	2	0.00	0.00	0.42	1.40	0.00
2	6	0.01	0.17	1.92	17.02	0.00
3	3	0.00	0.00	0.47	1.31	0.00
3	7	0.00	0.00	1.36	0.82	0.00
Core	CPU	C1%	C3%	C6%	C8%	C9%
-	-	0.00	0.02	0.67	2.66	0.00
0	0	0.00	0.02	0.58	1.39	0.00
0	4	0.00	0.02	0.29	0.51	0.00
1	1	0.00	0.00	0.50	1.98	0.00
1	5	0.00	0.00	0.63	1.79	0.00
2	2	0.00	0.00	0.42	1.37	0.00
2	6	0.00	0.05	1.42	10.69	0.00
3	3	0.00	0.00	0.47	1.89	0.00
3	7	0.00	0.07	1.07	1.69	0.00
Core	CPU	C1%	C3%	C6%	C8%	C9%
-	-	0.00	0.01	0.55	0.75	0.00
0	0	0.00	0.00	0.39	0.49	0.00
0	4	0.00	0.00	0.64	0.89	0.00
1	1	0.00	0.00	0.62	0.79	0.00
1	5	0.00	0.00	0.22	0.98	0.00
2	2	0.00	0.00	0.29	0.88	0.00
2	6	0.00	0.00	0.93	0.39	0.00
3	3	0.00	0.00	0.25	0.99	0.00
3	7	0.00	0.11	1.08	0.60	0.00
Core	CPU	C1%	C3%	C6%	C8%	C9%
-	-	0.00	0.02	0.41	0.93	0.00
0	0	0.00	0.00	0.46	1.19	0.00
0	4	0.00	0.00	0.34	1.19	0.00
1	1	0.00	0.10	0.12	0.40	0.00
1	5	0.00	0.00	0.10	1.00	0.00
2	2	0.00	0.00	0.37	1.09	0.00
2	6	0.00	0.00	0.46	0.99	0.00
3	3	0.00	0.00	0.13	1.19	0.00
3	7	0.00	0.02	1.27	0.40	0.00
Core	CPU	C1%	C3%	C6%	C8%	C9%
-	-	0.00	0.01	0.66	1.53	0.00
0	0	0.00	0.00	0.51	1.77	0.00
0	4	0.00	0.02	0.85	1.88	0.00
1	1	0.00	0.00	1.02	1.50	0.00
1	5	0.00	0.00	0.43	1.51	0.00
2	2	0.00	0.00	0.15	0.99	0.00
2	6	0.00	0.00	0.48	0.89	0.00
3	3	0.00	0.00	0.19	1.18	0.00
3	7	0.00	0.04	1.63	2.48	0.00
Core	CPU	C1%	C3%	C6%	C8%	C9%
-	-	0.00	0.22	0.46	0.79	0.00
0	0	0.00	0.00	0.78	0.79	0.00
0	4	0.00	0.00	0.38	1.08	0.00
1	1	0.00	0.00	0.45	0.89	0.00
1	5	0.00	0.00	0.24	0.98	0.00
2	2	0.00	0.01	0.20	0.99	0.00
2	6	0.00	1.58	0.16	0.00	0.00
3	3	0.00	0.00	0.36	0.79	0.00
3	7	0.00	0.18	1.10	0.80	0.00
Core	CPU	C1%	C3%	C6%	C8%	C9%
-	-	0.02	0.01	0.60	0.86	0.00
0	0	0.00	0.00	1.07	1.20	0.00
0	4	0.00	0.00	0.15	0.49	0.00
1	1	0.00	0.02	0.49	0.50	0.00
1	5	0.02	0.02	0.50	0.79	0.00
2	2	0.00	0.00	0.46	0.89	0.00
2	6	0.00	0.01	0.89	1.60	0.00
3	3	0.17	0.00	0.22	0.99	0.00
3	7	0.00	0.07	1.03	0.40	0.00
Core	CPU	C1%	C3%	C6%	C8%	C9%
-	-	0.00	0.00	0.57	0.76	0.00
0	0	0.00	0.00	0.51	0.89	0.00
0	4	0.00	0.00	0.32	1.19	0.00
1	1	0.00	0.00	0.29	0.59	0.00
1	5	0.00	0.00	0.78	0.40	0.00
2	2	0.00	0.00	0.45	1.00	0.00
2	6	0.00	0.00	0.74	0.70	0.00
3	3	0.00	0.00	0.41	0.90	0.00
3	7	0.00	0.01	1.06	0.40	0.00
Core	CPU	C1%	C3%	C6%	C8%	C9%
-	-	0.00	0.03	0.67	0.70	0.00
0	0	0.00	0.00	0.22	0.30	0.00
0	4	0.00	0.01	0.59	0.89	0.00
1	1	0.00	0.00	0.28	0.98	0.00
1	5	0.00	0.00	0.45	0.99	0.00
2	2	0.00	0.00	0.92	0.50	0.00
2	6	0.00	0.01	1.06	0.40	0.00
3	3	0.00	0.00	0.38	0.89	0.00
3	7	0.00	0.22	1.45	0.62	0.00
Core	CPU	C1%	C3%	C6%	C8%	C9%
-	-	0.00	0.01	0.45	0.89	0.00
0	0	0.00	0.00	0.19	0.79	0.00
0	4	0.00	0.00	0.78	0.50	0.00
1	1	0.00	0.00	0.45	1.19	0.00
1	5	0.00	0.00	0.14	1.19	0.00
2	2	0.00	0.02	0.39	1.39	0.00
2	6	0.00	0.00	0.19	1.20	0.00
3	3	0.00	0.00	0.28	0.89	0.00
3	7	0.00	0.07	1.15	0.00	0.00
Core	CPU	C1%	C3%	C6%	C8%	C9%
-	-	0.00	0.00	0.57	0.68	0.00
0	0	0.00	0.02	0.47	0.60	0.00
0	4	0.00	0.00	0.84	0.50	0.00
1	1	0.00	0.00	0.61	0.10	0.00
1	5	0.00	0.00	0.18	0.70	0.00
2	2	0.00	0.00	0.56	0.89	0.00
2	6	0.00	0.00	0.44	1.09	0.00
3	3	0.00	0.00	0.23	1.09	0.00
3	7	0.00	0.00	1.20	0.50	0.00
Core	CPU	C1%	C3%	C6%	C8%	C9%
-	-	0.00	0.21	0.32	0.78	0.00
0	0	0.00	0.00	0.15	0.88	0.00
0	4	0.00	0.00	0.13	0.49	0.00
1	1	0.00	0.01	0.58	0.90	0.00
1	5	0.00	0.00	0.28	1.08	0.00
2	2	0.00	0.00	0.35	0.90	0.00
2	6	0.00	1.58	0.14	0.02	0.00
3	3	0.00	0.00	0.20	1.19	0.00
3	7	0.00	0.05	0.74	0.80	0.00
Core	CPU	C1%	C3%	C6%	C8%	C9%
-	-	0.00	0.00	0.49	0.87	0.00
0	0	0.00	0.00	0.19	1.09	0.00
0	4	0.00	0.00	0.83	0.91	0.00
1	1	0.00	0.00	0.44	0.83	0.00
1	5	0.00	0.00	0.23	1.00	0.00
2	2	0.00	0.02	0.48	0.81	0.00
2	6	0.00	0.00	0.57	0.70	0.00
3	3	0.00	0.00	0.36	1.00	0.00
3	7	0.00	0.02	0.85	0.60	0.00
Core	CPU	C1%	C3%	C6%	C8%	C9%
-	-	0.00	0.01	0.45	0.86	0.00
0	0	0.00	0.00	0.56	0.40	0.00
0	4	0.00	0.00	0.36	0.79	0.00
1	1	0.00	0.00	0.56	0.31	0.00
1	5	0.00	0.02	0.19	1.19	0.00
2	2	0.00	0.00	0.28	1.10	0.00
2	6	0.00	0.01	0.43	1.40	0.00
3	3	0.00	0.00	0.42	0.91	0.00
3	7	0.00	0.02	0.77	0.80	0.00
Core	CPU	C1%	C3%	C6%	C8%	C9%
-	-	0.00	0.01	0.64	1.19	0.00
0	0	0.00	0.00	0.50	1.51	0.00
0	4	0.00	0.00	0.85	2.20	0.00
1	1	0.00	0.00	0.29	0.99	0.00
1	5	0.00	0.00	0.60	1.20	0.00
2	2	0.00	0.00	0.44	0.99	0.00
2	6	0.00	0.00	0.99	0.69	0.00
3	3	0.00	0.00	0.20	1.19	0.00
3	7	0.00	0.04	1.25	0.79	0.00
Core	CPU	C1%	C3%	C6%	C8%	C9%
-	-	0.00	0.00	0.34	0.92	0.00
0	0	0.00	0.02	0.22	0.61	0.00
0	4	0.00	0.00	0.29	0.90	0.00
1	1	0.00	0.00	0.45	0.71	0.00
1	5	0.00	0.00	0.24	0.90	0.00
2	2	0.00	0.00	0.29	1.21	0.00
2	6	0.00	0.00	0.36	1.31	0.00
3	3	0.00	0.00	0.27	0.80	0.00
3	7	0.00	0.01	0.63	0.90	0.00
Core	CPU	C1%	C3%	C6%	C8%	C9%
-	-	0.00	0.01	0.43	0.95	0.00
0	0	0.00	0.00	0.28	1.19	0.00
0	4	0.00	0.00	0.94	1.00	0.00
1	1	0.00	0.00	0.13	1.18	0.00
1	5	0.00	0.00	0.00	0.40	0.00
2	2	0.00	0.00	0.28	0.89	0.00
2	6	0.00	0.00	0.64	1.17	0.00
3	3	0.00	0.00	0.22	1.19	0.00
3	7	0.00	0.05	0.96	0.60	0.00
Core	CPU	C1%	C3%	C6%	C8%	C9%
-	-	0.00	0.11	0.33	0.88	0.00
0	0	0.00	0.00	0.25	1.08	0.00
0	4	0.00	0.00	0.42	0.99	0.00
1	1	0.00	0.00	0.09	0.80	0.00
1	5	0.00	0.00	0.28	0.89	0.00
2	2	0.00	0.00	0.44	0.99	0.00
2	6	0.00	0.89	0.26	0.28	0.00
3	3	0.00	0.00	0.20	1.09	0.00
3	7	0.00	0.03	0.66	0.90	0.00
Core	CPU	C1%	C3%	C6%	C8%	C9%
-	-	0.10	0.00	0.44	1.21	0.00
0	0	0.00	0.00	0.55	1.80	0.00
0	4	0.00	0.00	0.27	0.89	0.00
1	1	0.00	0.00	0.34	1.59	0.00
1	5	0.00	0.00	0.23	0.89	0.00
2	2	0.00	0.00	0.29	0.90	0.00
2	6	0.00	0.00	0.46	0.69	0.00
3	3	0.77	0.00	0.35	0.69	0.00
3	7	0.00	0.01	1.00	2.18	0.00
Core	CPU	C1%	C3%	C6%	C8%	C9%
-	-	0.00	0.01	0.52	0.90	0.00
0	0	0.00	0.00	0.28	0.79	0.00
0	4	0.00	0.00	0.46	0.49	0.00
1	1	0.00	0.00	0.23	1.18	0.00
1	5	0.00	0.02	0.17	0.50	0.00
2	2	0.00	0.00	0.20	1.09	0.00
2	6	0.00	0.00	0.37	1.39	0.00
3	3	0.00	0.00	1.29	1.28	0.00
3	7	0.00	0.02	1.20	0.49	0.00
Core	CPU	C1%	C3%	C6%	C8%	C9%
-	-	0.00	0.01	0.49	1.03	0.00
0	0	0.00	0.00	0.35	1.28	0.00
0	4	0.00	0.00	0.89	1.28	0.00
1	1	0.00	0.00	0.49	0.88	0.00
1	5	0.00	0.00	0.28	0.99	0.00
2	2	0.00	0.00	0.36	0.92	0.00
2	6	0.00	0.00	0.41	0.79	0.00
3	3	0.00	0.00	0.10	0.99	0.00
3	7	0.00	0.06	1.03	1.08	0.00
Core	CPU	C1%	C3%	C6%	C8%	C9%
-	-	0.00	0.00	0.59	0.66	0.00
0	0	0.00	0.00	0.67	0.49	0.00
0	4	0.00	0.01	0.50	0.00	0.00
1	1	0.00	0.00	0.67	0.89	0.00
1	5	0.00	0.00	0.37	0.79	0.00
2	2	0.00	0.00	0.82	0.73	0.00
2	6	0.00	0.00	0.23	0.69	0.00
3	3	0.00	0.00	0.47	0.99	0.00
3	7	0.00	0.02	0.98	0.68	0.00
Core	CPU	C1%	C3%	C6%	C8%	C9%
-	-	0.00	0.00	0.66	1.04	0.00
0	0	0.00	0.00	0.49	0.99	0.00
0	4	0.00	0.00	0.59	0.79	0.00
1	1	0.00	0.00	0.36	0.89	0.00
1	5	0.00	0.00	0.25	0.89	0.00
2	2	0.00	0.00	0.51	1.04	0.00
2	6	0.00	0.00	1.46	1.48	0.00
3	3	0.00	0.00	0.47	1.48	0.00
3	7	0.00	0.01	1.17	0.79	0.00
Core	CPU	C1%	C3%	C6%	C8%	C9%
-	-	0.00	0.34	0.55	5.10	0.01
0	0	0.00	0.00	0.56	1.59	0.00
0	4	0.00	0.00	0.97	1.68	0.00
1	1	0.00	0.00	0.49	1.78	0.00
1	5	0.00	0.00	0.25	1.88	0.00
2	2	0.00	0.00	0.32	1.93	0.00
2	6	0.02	2.69	0.92	28.02	0.08
3	3	0.00	0.00	0.28	1.97	0.00
3	7	0.00	0.01	0.63	1.98	0.00
Core	CPU	C1%	C3%	C6%	C8%	C9%
-	-	0.01	0.01	0.58	0.85	0.00
0	0	0.00	0.00	0.10	0.40	0.00
0	4	0.10	0.01	0.69	0.90	0.00
1	1	0.00	0.00	0.27	0.99	0.00
1	5	0.00	0.00	0.25	0.90	0.00
2	2	0.00	0.00	0.42	1.14	0.00
2	6	0.00	0.00	1.66	0.79	0.00
3	3	0.00	0.00	0.20	0.89	0.00
3	7	0.00	0.10	1.07	0.79	0.00
Core	CPU	C1%	C3%	C6%	C8%	C9%
-	-	0.00	0.01	0.49	0.78	0.00
0	0	0.00	0.01	0.54	0.99	0.00
0	4	0.00	0.00	0.87	0.70	0.00
1	1	0.00	0.00	0.37	0.80	0.00
1	5	0.00	0.00	0.44	1.09	0.00
2	2	0.00	0.00	0.32	0.87	0.00
2	6	0.00	0.00	0.10	0.90	0.00
3	3	0.00	0.00	0.28	0.89	0.00
3	7	0.00	0.07	1.05	0.00	0.00
Core	CPU	C1%	C3%	C6%	C8%	C9%
-	-	0.00	0.00	0.47	1.02	0.00
0	0	0.00	0.00	0.86	1.49	0.00
0	4	0.00	0.00	0.27	1.18	0.00
1	1	0.00	0.00	0.14	0.99	0.00
1	5	0.00	0.00	0.22	0.99	0.00
2	2	0.00	0.00	0.28	1.00	0.00
2	6	0.00	0.00	0.26	0.89	0.00
3	3	0.00	0.00	0.45	0.99	0.00
3	7	0.00	0.01	1.30	0.60	0.00
Core	CPU	C1%	C3%	C6%	C8%	C9%
-	-	0.00	0.01	0.41	0.86	0.00
0	0	0.00	0.00	0.46	1.09	0.00
0	4	0.00	0.00	0.34	1.10	0.00
1	1	0.00	0.00	0.22	0.30	0.00
1	5	0.00	0.00	0.10	0.81	0.00
2	2	0.00	0.00	0.28	0.89	0.00
2	6	0.00	0.00	0.64	0.90	0.00
3	3	0.00	0.00	0.31	1.20	0.00
3	7	0.00	0.07	0.93	0.59	0.00
Core	CPU	C1%	C3%	C6%	C8%	C9%
-	-	0.00	0.01	0.53	0.74	0.00
0	0	0.00	0.00	0.15	0.50	0.00
0	4	0.00	0.00	0.46	0.80	0.00
1	1	0.00	0.00	0.28	0.89	0.00
1	5	0.00	0.00	0.25	1.32	0.00
2	2	0.00	0.00	1.00	0.51	0.00
2	6	0.00	0.01	0.96	0.50	0.00
3	3	0.00	0.00	0.19	0.98	0.00
3	7	0.00	0.08	0.95	0.40	0.00
Core	CPU	C1%	C3%	C6%	C8%	C9%
-	-	0.00	0.19	0.42	0.70	0.00
0	0	0.00	0.00	0.00	0.49	0.00
0	4	0.00	0.00	0.28	0.89	0.00
1	1	0.00	0.00	0.50	0.89	0.00
1	5	0.00	0.00	0.23	0.89	0.00
2	2	0.00	0.00	0.69	0.80	0.00
2	6	0.00	1.48	0.16	0.00	0.00
3	3	0.00	0.00	0.36	0.89	0.00
3	7	0.00	0.03	1.17	0.79	0.00
Core	CPU	C1%	C3%	C6%	C8%	C9%
-	-	0.00	0.01	0.50	0.96	0.00
0	0	0.00	0.00	0.45	0.78	0.00
0	4	0.00	0.00	0.42	1.68	0.00
1	1	0.00	0.01	0.29	0.60	0.00
1	5	0.00	0.00	0.19	0.98	0.00
2	2	0.00	0.00	0.63	1.20	0.00
2	6	0.00	0.00	0.51	0.89	0.00
3	3	0.00	0.01	0.48	0.91	0.00
3	7	0.00	0.07	1.02	0.60	0.00
Core	CPU	C1%	C3%	C6%	C8%	C9%
-	-	0.00	0.01	0.48	1.15	0.00
0	0	0.00	0.00	0.62	0.10	0.00
0	4	0.00	0.00	0.19	1.20	0.00
1	1	0.00	0.00	0.53	1.78	0.00
1	5	0.00	0.00	0.62	1.60	0.00
2	2	0.00	0.00	0.23	1.08	0.00
2	6	0.00	0.00	0.38	1.50	0.00
3	3	0.00	0.00	0.29	1.09	0.00
3	7	0.00	0.05	1.01	0.89	0.00
Core	CPU	C1%	C3%	C6%	C8%	C9%
-	-	0.00	0.00	0.66	0.77	0.00
0	0	0.00	0.00	0.28	0.89	0.00
0	4	0.00	0.00	0.64	0.99	0.00
1	1	0.00	0.00	0.83	0.78	0.00
1	5	0.00	0.01	0.79	0.40	0.00
2	2	0.00	0.00	0.19	1.09	0.00
2	6	0.00	0.00	0.54	0.90	0.00
3	3	0.00	0.00	0.73	0.70	0.00
3	7	0.00	0.00	1.30	0.40	0.00
Core	CPU	C1%	C3%	C6%	C8%	C9%
-	-	0.00	0.00	0.40	0.87	0.00
0	0	0.00	0.01	0.63	0.49	0.00
0	4	0.00	0.00	0.33	0.59	0.00
1	1	0.00	0.00	0.20	0.69	0.00
1	5	0.00	0.00	0.38	0.79	0.00
2	2	0.00	0.00	0.45	0.79	0.00
2	6	0.00	0.00	0.37	1.19	0.00
3	3	0.00	0.00	0.19	1.68	0.00
3	7	0.00	0.00	0.66	0.71	0.00
Core	CPU	C1%	C3%	C6%	C8%	C9%
-	-	0.00	0.01	0.73	1.57	0.00
0	0	0.00	0.00	0.63	0.09	0.00
0	4	0.00	0.00	0.69	1.09	0.00
1	1	0.00	0.00	0.59	1.89	0.00
1	5	0.00	0.00	0.88	2.20	0.00
2	2	0.00	0.05	0.83	2.20	0.00
2	6	0.00	0.03	0.97	1.32	0.00
3	3	0.00	0.01	0.47	1.80	0.00
3	7	0.00	0.00	0.78	1.99	0.00
Core	CPU	C1%	C3%	C6%	C8%	C9%
-	-	0.00	0.21	0.62	0.79	0.00
0	0	0.00	0.00	1.37	0.59	0.00
0	4	0.00	0.01	0.79	0.59	0.00
1	1	0.00	0.00	0.29	1.18	0.00
1	5	0.00	0.00	0.66	0.89	0.00
2	2	0.00	0.00	0.14	1.09	0.00
2	6	0.00	1.61	0.13	0.00	0.04
3	3	0.00	0.00	0.20	1.09	0.00
3	7	0.00	0.02	1.35	0.92	0.00
Core	CPU	C1%	C3%	C6%	C8%	C9%
-	-	0.00	0.00	0.73	0.87	0.00
0	0	0.00	0.00	0.29	0.98	0.00
0	4	0.00	0.00	1.22	1.20	0.00
1	1	0.00	0.00	0.36	0.83	0.00
1	5	0.00	0.00	0.93	0.79	0.00
2	2	0.00	0.01	0.98	0.89	0.00
2	6	0.00	0.00	0.99	0.49	0.00
3	3	0.00	0.00	0.27	0.89	0.00
3	7	0.00	0.02	0.75	0.89	0.00
Core	CPU	C1%	C3%	C6%	C8%	C9%
-	-	0.00	0.00	0.69	0.97	0.00
0	0	0.00	0.00	0.99	1.30	0.00
0	4	0.00	0.00	0.45	1.10	0.00
1	1	0.00	0.00	0.91	1.08	0.00
1	5	0.00	0.01	0.79	0.79	0.00
2	2	0.00	0.00	0.46	1.10	0.00
2	6	0.00	0.00	0.36	0.79	0.00
3	3	0.00	0.00	0.14	1.09	0.00
3	7	0.00	0.01	1.38	0.51	0.00
Core	CPU	C1%	C3%	C6%	C8%	C9%
-	-	0.00	0.01	0.39	1.02	0.00
0	0	0.00	0.00	0.25	1.18	0.00
0	4	0.00	0.00	0.13	1.09	0.00
1	1	0.00	0.00	0.10	0.79	0.00
1	5	0.00	0.00	0.66	0.99	0.00
2	2	0.00	0.00	0.44	0.99	0.00
2	6	0.00	0.00	0.32	1.09	0.00
3	3	0.00	0.01	0.29	1.09	0.00
3	7	0.00	0.05	0.95	0.98	0.00
Core	CPU	C1%	C3%	C6%	C8%	C9%
-	-	0.00	0.00	0.39	0.73	0.00
0	0	0.00	0.00	0.22	0.30	0.00
0	4	0.00	0.00	0.19	0.71	0.00
1	1	0.00	0.00	0.28	0.99	0.00
1	5	0.00	0.00	0.54	0.70	0.00
2	2	0.00	0.00	0.33	1.16	0.00
2	6	0.00	0.00	0.20	1.09	0.00
3	3	0.00	0.00	0.38	0.69	0.00
3	7	0.00	0.02	0.95	0.18	0.00
Core	CPU	C1%	C3%	C6%	C8%	C9%
-	-	0.01	0.01	0.57	0.99	0.00
0	0	0.00	0.00	0.28	0.99	0.00
0	4	0.00	0.02	0.43	1.20	0.00
1	1	0.05	0.00	0.32	0.79	0.00
1	5	0.00	0.00	0.29	0.99	0.00
2	2	0.00	0.00	0.86	1.19	0.00
2	6	0.00	0.00	0.43	1.09	0.00
3	3	0.00	0.00	0.52	0.90	0.00
3	7	0.00	0.04	1.38	0.79	0.00
Core	CPU	C1%	C3%	C6%	C8%	C9%
-	-	0.00	0.21	0.42	0.70	0.00
0	0	0.00	0.00	0.84	0.49	0.00
0	4	0.00	0.00	0.23	0.69	0.00
1	1	0.00	0.00	0.68	0.70	0.00
1	5	0.00	0.00	0.29	0.99	0.00
2	2	0.00	0.00	0.36	0.99	0.00
2	6	0.00	1.67	0.05	0.00	0.00
3	3	0.00	0.02	0.29	0.79	0.00
3	7	0.00	0.02	0.58	0.99	0.00
Core	CPU	C1%	C3%	C6%	C8%	C9%
-	-	0.00	0.01	0.39	1.03	0.00
0	0	0.00	0.00	0.32	0.30	0.00
0	4	0.00	0.00	0.19	0.89	0.00
1	1	0.00	0.00	0.46	1.30	0.00
1	5	0.00	0.00	0.46	0.90	0.00
2	2	0.00	0.00	0.24	1.48	0.00
2	6	0.00	0.00	0.39	1.20	0.00
3	3	0.00	0.00	0.38	1.11	0.00
3	7	0.00	0.04	0.67	1.08	0.00
Core	CPU	C1%	C3%	C6%	C8%	C9%
-	-	0.00	0.00	0.49	0.81	0.00
0	0	0.00	0.02	0.29	0.79	0.00
0	4	0.00	0.00	0.10	0.80	0.00
1	1	0.00	0.00	0.28	0.99	0.00
1	5	0.00	0.00	0.44	1.00	0.00
2	2	0.00	0.00	0.72	0.60	0.00
2	6	0.00	0.00	0.63	0.79	0.00
3	3	0.00	0.00	0.25	0.99	0.00
3	7	0.00	0.01	1.24	0.50	0.00
Core	CPU	C1%	C3%	C6%	C8%	C9%
-	-	0.00	0.03	0.60	3.53	0.00
0	0	0.00	0.00	0.37	0.81	0.00
0	4	0.00	0.00	0.80	1.00	0.00
1	1	0.00	0.00	0.54	0.91	0.00
1	5	0.00	0.00	0.31	0.81	0.00
2	2	0.00	0.00	0.37	1.01	0.00
2	6	0.01	0.19	1.26	22.22	0.00
3	3	0.00	0.00	0.53	1.01	0.00
3	7	0.00	0.02	0.62	0.50	0.00
Core	CPU	C1%	C3%	C6%	C8%	C9%
-	-	0.00	0.01	0.47	1.44	0.00
0	0	0.00	0.00	0.18	0.79	0.00
0	4	0.00	0.00	0.36	0.69	0.00
1	1	0.00	0.00	0.62	0.90	0.00
1	5	0.00	0.02	0.10	1.18	0.00
2	2	0.00	0.00	0.26	1.02	0.00
2	6	0.00	0.01	1.07	5.29	0.00
3	3	0.00	0.00	0.45	0.80	0.00
3	7	0.00	0.08	0.76	0.84	0.00
Core	CPU	C1%	C3%	C6%	C8%	C9%
-	-	0.00	0.01	0.78	0.75	0.00
0	0	0.00	0.00	0.37	0.59	0.00
0	4	0.00	0.00	0.58	1.10	0.00
1	1	0.00	0.00	0.65	0.20	0.00
1	5	0.00	0.00	1.14	1.30	0.00
2	2	0.00	0.00	0.48	0.89	0.00
2	6	0.00	0.00	1.12	0.51	0.00
3	3	0.00	0.00	0.93	0.79	0.00
3	7	0.00	0.10	1.00	0.60	0.00
Core	CPU	C1%	C3%	C6%	C8%	C9%
-	-	0.00	0.20	0.42	0.60	0.00
0	0	0.00	0.00	0.37	0.69	0.00
0	4	0.00	0.00	0.15	0.78	0.00
1	1	0.00	0.02	0.30	0.20	0.00
1	5	0.00	0.00	0.79	0.59	0.00
2	2	0.00	0.00	0.27	0.89	0.00
2	6	0.00	1.58	0.05	0.00	0.00
3	3	0.00	0.00	0.32	0.89	0.00
3	7	0.00	0.04	1.14	0.79	0.00
Core	CPU	C1%	C3%	C6%	C8%	C9%
-	-	0.00	0.01	0.46	1.06	0.00
0	0	0.00	0.00	0.13	0.60	0.00
0	4	0.00	0.02	0.69	0.89	0.00
1	1	0.00	0.00	0.28	1.19	0.00
1	5	0.00	0.00	0.36	1.09	0.00
2	2	0.00	0.00	0.33	1.19	0.00
2	6	0.00	0.02	0.27	1.39	0.00
3	3	0.00	0.00	0.29	1.38	0.00
3	7	0.00	0.00	1.37	0.78	0.00
Core	CPU	C1%	C3%	C6%	C8%	C9%
-	-	0.00	0.02	0.40	0.96	0.00
0	0	0.00	0.01	0.39	0.49	0.00
0	4	0.00	0.02	0.42	1.19	0.00
1	1	0.00	0.00	0.45	0.99	0.00
1	5	0.00	0.00	0.24	0.99	0.00
2	2	0.00	0.02	0.29	1.09	0.00
2	6	0.00	0.00	0.20	1.29	0.00
3	3	0.00	0.00	0.38	0.98	0.00
3	7	0.00	0.09	0.84	0.69	0.00
Core	CPU	C1%	C3%	C6%	C8%	C9%
-	-	0.00	0.00	0.52	1.15	0.00
0	0	0.00	0.00	0.36	1.09	0.00
0	4	0.00	0.00	0.45	0.69	0.00
1	1	0.00	0.00	0.51	0.99	0.00
1	5	0.00	0.00	0.10	0.60	0.00
2	2	0.00	0.00	0.50	2.37	0.00
2	6	0.00	0.00	0.63	1.59	0.00
3	3	0.00	0.00	0.23	1.09	0.00
3	7	0.00	0.02	1.37	0.79	0.00
Core	CPU	C1%	C3%	C6%	C8%	C9%
-	-	0.18	0.00	0.40	0.98	0.00
0	0	0.00	0.00	0.15	1.77	0.00
0	4	0.00	0.00	0.70	0.69	0.00
1	1	1.45	0.00	0.40	0.00	0.00
1	5	0.00	0.00	0.43	1.10	0.00
2	2	0.00	0.00	0.25	0.88	0.00
2	6	0.00	0.00	0.13	1.09	0.00
3	3	0.00	0.00	0.19	1.20	0.00
3	7	0.00	0.02	0.95	1.09	0.00
Core	CPU	C1%	C3%	C6%	C8%	C9%
-	-	0.00	0.00	0.47	0.89	0.00
0	0	0.00	0.00	0.39	0.89	0.00
0	4	0.00	0.00	0.84	0.90	0.00
1	1	0.00	0.00	0.55	0.73	0.00
1	5	0.00	0.00	0.33	0.80	0.00
2	2	0.00	0.01	0.39	0.71	0.00
2	6	0.00	0.00	0.18	1.09	0.00
3	3	0.00	0.00	0.37	0.80	0.00
3	7	0.00	0.01	0.71	1.18	0.00
Core	CPU	C1%	C3%	C6%	C8%	C9%
-	-	0.00	0.19	0.51	0.87	0.00
0	0	0.00	0.00	0.28	1.18	0.00
0	4	0.00	0.00	1.14	0.89	0.00
1	1	0.00	0.00	0.82	0.79	0.00
1	5	0.00	0.01	0.79	0.79	0.00
2	2	0.00	0.00	0.18	0.89	0.00
2	6	0.00	1.48	0.16	0.00	0.00
3	3	0.00	0.00	0.14	0.99	0.00
3	7	0.00	0.05	0.54	1.46	0.00
Core	CPU	C1%	C3%	C6%	C8%	C9%
-	-	0.00	0.00	0.47	1.03	0.00
0	0	0.00	0.00	0.24	0.89	0.00
0	4	0.00	0.02	0.20	0.69	0.00
1	1	0.00	0.00	0.39	1.28	0.00
1	5	0.00	0.00	0.86	1.09	0.00
2	2	0.00	0.00	0.34	1.18	0.00
2	6	0.00	0.00	0.40	0.99	0.00
3	3	0.00	0.00	0.20	1.19	0.00
3	7	0.00	0.00	1.16	0.98	0.00
Core	CPU	C1%	C3%	C6%	C8%	C9%
-	-	0.00	0.00	0.38	0.85	0.00
0	0	0.00	0.01	0.39	0.49	0.00
0	4	0.00	0.00	0.28	0.89	0.00
1	1	0.00	0.00	0.45	0.69	0.00
1	5	0.00	0.00	0.42	1.00	0.00
2	2	0.00	0.01	0.39	0.90	0.00
2	6	0.00	0.00	0.19	1.12	0.00
3	3	0.00	0.00	0.36	0.69	0.00
3	7	0.00	0.01	0.60	0.99	0.00
Core	CPU	C1%	C3%	C6%	C8%	C9%
-	-	0.00	0.01	0.52	0.90	0.00
0	0	0.00	0.00	0.46	0.88	0.00
0	4	0.00	0.02	1.03	0.71	0.00
1	1	0.00	0.00	0.61	0.49	0.00
1	5	0.00	0.00	0.67	0.70	0.00
2	2	0.00	0.00	0.28	0.89	0.00
2	6	0.00	0.00	0.56	1.18	0.00
3	3	0.00	0.00	0.22	1.19	0.00
3	7	0.00	0.06	0.37	1.18	0.00
Core	CPU	C1%	C3%	C6%	C8%	C9%
-	-	0.00	0.01	0.47	1.02	0.00
0	0	0.00	0.00	0.15	0.89	0.00
0	4	0.00	0.02	0.31	0.40	0.00
1	1	0.00	0.00	0.77	1.39	0.00
1	5	0.00	0.00	0.18	1.08	0.00
2	2	0.00	0.00	0.54	1.00	0.00
2	6	0.00	0.00	0.33	1.39	0.00
3	3	0.00	0.01	0.39	1.00	0.00
3	7	0.00	0.05	1.08	1.00	0.00
Core	CPU	C1%	C3%	C6%	C8%	C9%
-	-	0.00	0.01	0.55	0.76	0.00
0	0	0.00	0.00	0.51	0.50	0.00
0	4	0.00	0.00	0.18	0.50	0.00
1	1	0.00	0.00	0.28	1.09	0.00
1	5	0.00	0.00	0.45	0.99	0.00
2	2	0.00	0.00	0.91	0.60	0.00
2	6	0.00	0.01	0.78	0.30	0.00
3	3	0.00	0.00	0.38	1.19	0.00
3	7	0.00	0.04	0.93	0.90	0.00
Core	CPU	C1%	C3%	C6%	C8%	C9%
-	-	0.00	0.19	0.39	0.78	0.00
0	0	0.00	0.00	0.29	0.59	0.00
0	4	0.00	0.00	0.66	1.08	0.00
1	1	0.00	0.00	0.35	0.79	0.00
1	5	0.00	0.00	0.13	1.08	0.00
2	2	0.00	0.00	0.79	0.80	0.00
2	6	0.00	1.48	0.16	0.00	0.00
3	3	0.00	0.00	0.26	0.79	0.00
3	7	0.00	0.02	0.52	1.07	0.00
Core	CPU	C1%	C3%	C6%	C8%	C9%
-	-	0.00	0.01	0.48	0.67	0.00
0	0	0.00	0.00	0.55	0.79	0.00
0	4	0.00	0.05	0.74	0.59	0.00
1	1	0.00	0.02	0.19	0.30	0.00
1	5	0.00	0.00	0.10	0.50	0.00
2	2	0.00	0.00	0.44	1.10	0.00
2	6	0.00	0.00	0.36	0.79	0.00
3	3	0.00	0.00	0.63	0.59	0.00
3	7	0.00	0.00	0.81	0.69	0.00
Core	CPU	C1%	C3%	C6%	C8%	C9%
-	-	0.00	0.00	0.56	1.03	0.00
0	0	0.00	0.00	0.54	1.28	0.00
0	4	0.00	0.00	0.78	0.30	0.00
1	1	0.00	0.00	0.49	0.00	0.00
1	5	0.00	0.00	0.46	1.79	0.00
2	2	0.00	0.00	0.64	1.49	0.00
2	6	0.00	0.00	0.33	1.00	0.00
3	3	0.00	0.00	0.38	1.11	0.00
3	7	0.00	0.01	0.84	1.30	0.00
Core	CPU	C1%	C3%	C6%	C8%	C9%
-	-	0.00	0.00	0.45	1.10	0.00
0	0	0.00	0.00	0.18	1.09	0.00
0	4	0.00	0.00	0.37	0.80	0.00
1	1	0.00	0.00	0.54	0.91	0.00
1	5	0.00	0.00	0.23	0.90	0.00
2	2	0.00	0.01	0.27	1.11	0.00
2	6	0.00	0.00	0.45	0.90	0.00
3	3	0.00	0.00	0.53	1.20	0.00
3	7	0.00	0.03	1.01	1.88	0.00
Core	CPU	C1%	C3%	C6%	C8%	C9%
-	-	0.00	0.00	0.47	0.92	0.00
0	0	0.00	0.00	0.47	0.49	0.00
0	4	0.00	0.00	0.35	0.79	0.00
1	1	0.00	0.00	0.72	0.69	0.00
1	5	0.00	0.00	0.20	1.19	0.00
2	2	0.00	0.00	0.28	1.09	0.00
2	6	0.00	0.00	0.36	1.09	0.00
3	3	0.00	0.00	0.23	1.09	0.00
3	7	0.00	0.01	1.13	0.97	0.00
Core	CPU	C1%	C3%	C6%	C8%	C9%
-	-	0.01	0.00	0.86	0.81	0.00
0	0	0.00	0.00	0.92	0.69	0.00
0	4	0.10	0.02	1.42	0.31	0.00
1	1	0.00	0.00	0.28	1.19	0.00
1	5	0.00	0.00	0.36	1.09	0.00
2	2	0.00	0.00	1.02	0.50	0.00
2	6	0.00	0.02	1.04	0.29	0.00
3	3	0.00	0.00	0.39	1.19	0.00
3	7	0.00	0.00	1.42	1.21	0.00
Core	CPU	C1%	C3%	C6%	C8%	C9%
-	-	0.00	0.19	0.38	0.75	0.00
0	0	0.00	0.00	0.31	0.69	0.00
0	4	0.00	0.00	0.67	0.49	0.00
1	1	0.00	0.00	0.25	0.98	0.00
1	5	0.00	0.00	0.23	0.89	0.00
2	2	0.00	0.00	0.30	0.80	0.00
2	6	0.00	1.48	0.30	0.30	0.00
3	3	0.00	0.00	0.35	0.98	0.00
3	7	0.00	0.07	0.66	0.89	0.00
