Core	CPU	C1%	C3%	C6%	C8%	C9%
-	-	1.20	0.50	8.22	14.73	0.00
0	0	0.22	1.67	38.71	20.26	0.00
0	4	0.00	0.00	1.25	0.11	0.00
1	1	8.58	2.12	10.13	2.98	0.00
1	5	0.00	0.04	3.38	2.95	0.00
2	2	0.82	0.00	0.00	0.00	0.00
2	6	0.00	0.03	3.10	1.66	0.00
3	3	0.00	0.00	1.27	0.29	0.00
3	7	0.00	0.10	7.92	89.63	0.00
Core	CPU	C1%	C3%	C6%	C8%	C9%
-	-	0.02	0.16	6.75	15.72	0.00
0	0	0.13	1.20	43.32	28.07	0.00
0	4	0.00	0.00	0.89	0.00	0.00
1	1	0.00	0.00	0.50	3.66	0.00
1	5	0.00	0.01	0.67	1.28	0.00
2	2	0.00	0.00	0.44	0.69	0.00
2	6	0.00	0.00	0.23	0.99	0.00
3	3	0.00	0.00	0.19	0.70	0.00
3	7	0.00	0.07	7.77	90.37	0.00
Core	CPU	C1%	C3%	C6%	C8%	C9%
-	-	0.02	0.15	6.87	15.76	0.00
0	0	0.12	1.15	43.90	27.50	0.00
0	4	0.00	0.00	1.06	0.61	0.00
1	1	0.00	0.00	0.28	2.16	0.00
1	5	0.00	0.00	1.17	1.19	0.00
2	2	0.00	0.00	0.25	1.19	0.00
2	6	0.00	0.00	0.52	1.48	0.00
3	3	0.00	0.00	0.29	1.29	0.00
3	7	0.00	0.09	7.46	90.63	0.00
Core	CPU	C1%	C3%	C6%	C8%	C9%
-	-	0.01	0.81	8.85	12.97	11.07
0	0	0.05	6.38	62.64	4.41	0.00
0	4	0.00	0.00	0.64	0.18	88.56
1	1	0.00	0.00	0.20	2.68	0.00
1	5	0.00	0.01	0.48	1.18	0.00
2	2	0.00	0.00	0.28	1.08	0.00
2	6	0.00	0.00	0.36	0.88	0.00
3	3	0.00	0.00	0.24	0.88	0.00
3	7	0.00	0.08	5.94	92.43	0.00
Core	CPU	C1%	C3%	C6%	C8%	C9%
-	-	0.02	0.28	6.04	15.59	0.11
0	0	0.18	2.19	38.71	30.81	0.00
0	4	0.00	0.00	0.66	0.00	0.00
1	1	0.00	0.00	6.64	79.23	0.00
1	5	0.00	0.03	0.44	1.87	0.00
2	2	0.00	0.00	0.20	1.19	0.00
2	6	0.00	0.00	0.19	0.99	0.00
3	3	0.00	0.00	0.28	0.98	0.00
3	7	0.00	0.00	1.20	9.64	0.92
Core	CPU	C1%	C3%	C6%	C8%	C9%
-	-	0.03	0.16	6.80	15.34	0.48
0	0	0.21	1.23	42.07	29.64	0.00
0	4	0.00	0.00	0.95	0.00	3.86
1	1	0.00	0.01	9.68	88.48	0.00
1	5	0.00	0.00	0.54	1.10	0.00
2	2	0.00	0.01	0.40	0.90	0.00
2	6	0.00	0.00	0.10	1.07	0.00
3	3	0.00	0.00	0.28	0.88	0.00
3	7	0.00	0.00	0.36	0.69	0.00
Core	CPU	C1%	C3%	C6%	C8%	C9%
-	-	0.03	0.08	6.21	16.13	0.11
0	0	0.22	0.65	39.43	32.69	0.00
0	4	0.00	0.00	0.69	0.00	0.00
1	1	0.00	0.00	7.19	87.07	0.00
1	5	0.00	0.00	0.57	1.88	0.00
2	2	0.00	0.00	0.89	0.71	0.00
2	6	0.00	0.02	0.20	0.89	0.00
3	3	0.00	0.00	0.19	0.89	0.00
3	7	0.00	0.00	0.51	4.91	0.89
Core	CPU	C1%	C3%	C6%	C8%	C9%
-	-	0.02	0.40	7.51	14.59	5.53
0	0	0.14	3.14	50.15	19.82	0.00
0	4	0.00	0.02	0.69	0.40	44.26
1	1	0.00	0.00	0.69	10.63	0.00
1	5	0.00	0.00	0.40	1.19	0.00
2	2	0.00	0.00	0.54	1.19	0.00
2	6	0.00	0.00	0.25	1.28	0.00
3	3	0.00	0.00	0.22	0.99	0.00
3	7	0.00	0.03	7.11	81.20	0.00
Core	CPU	C1%	C3%	C6%	C8%	C9%
-	-	0.03	0.03	5.97	16.19	0.00
0	0	0.21	0.19	36.74	35.87	0.00
0	4	0.00	0.02	0.29	0.31	0.00
1	1	0.00	0.00	0.49	0.21	0.00
1	5	0.00	0.00	0.50	1.49	0.00
2	2	0.00	0.00	0.36	0.89	0.00
2	6	0.00	0.00	0.44	0.98	0.00
3	3	0.00	0.00	0.22	0.50	0.00
3	7	0.00	0.04	8.76	89.30	0.00
Core	CPU	C1%	C3%	C6%	C8%	C9%
-	-	0.77	0.73	7.20	13.90	5.57
0	0	0.11	3.97	40.70	16.90	0.01
0	4	0.00	0.01	0.60	0.00	42.12
1	1	6.05	1.79	7.28	2.57	0.00
1	5	0.00	0.00	0.71	1.70	0.00
2	2	0.00	0.00	0.22	1.28	0.00
2	6	0.00	0.00	0.24	0.85	0.00
3	3	0.00	0.02	0.29	0.31	0.00
3	7	0.00	0.07	7.56	87.63	2.44
Core	CPU	C1%	C3%	C6%	C8%	C9%
-	-	1.35	0.43	6.61	14.31	0.72
0	0	0.26	1.09	32.58	23.68	0.00
0	4	0.00	0.00	0.25	0.30	5.79
1	1	10.52	2.26	10.29	0.68	0.00
1	5	0.00	0.06	0.69	0.19	0.00
2	2	0.00	0.01	0.30	1.29	0.00
2	6	0.00	0.00	0.38	1.28	0.00
3	3	0.00	0.00	0.96	0.60	0.00
3	7	0.00	0.02	7.48	86.43	0.00
Core	CPU	C1%	C3%	C6%	C8%	C9%
-	-	0.02	0.29	6.78	15.20	1.66
0	0	0.17	2.18	42.88	27.99	0.00
0	4	0.00	0.00	0.37	0.31	13.27
1	1	0.00	0.00	0.56	0.90	0.00
1	5	0.00	0.00	1.23	1.48	0.00
2	2	0.00	0.00	0.69	0.00	0.00
2	6	0.00	0.02	0.27	0.40	0.00
3	3	0.00	0.00	0.30	0.59	0.00
3	7	0.00	0.12	7.93	89.91	0.00
Core	CPU	C1%	C3%	C6%	C8%	C9%
-	-	0.02	0.13	6.48	15.71	0.00
0	0	0.20	0.99	39.95	31.93	0.00
0	4	0.00	0.03	0.80	0.00	0.00
1	1	0.00	0.00	0.39	0.89	0.00
1	5	0.00	0.01	0.70	0.90	0.00
2	2	0.00	0.00	0.37	0.99	0.00
2	6	0.00	0.00	0.54	0.79	0.00
3	3	0.00	0.00	0.33	0.80	0.00
3	7	0.00	0.02	8.77	89.35	0.00
Core	CPU	C1%	C3%	C6%	C8%	C9%
-	-	0.02	0.14	6.50	15.95	0.00
0	0	0.18	1.04	40.59	31.25	0.00
0	4	0.00	0.00	0.85	0.00	0.00
1	1	0.00	0.03	0.95	2.10	0.00
1	5	0.00	0.03	0.51	1.19	0.00
2	2	0.00	0.00	0.23	1.29	0.00
2	6	0.00	0.00	0.29	1.27	0.00
3	3	0.00	0.00	0.37	0.59	0.00
3	7	0.00	0.04	8.20	89.92	0.00
Core	CPU	C1%	C3%	C6%	C8%	C9%
-	-	0.02	0.34	6.24	15.55	0.72
0	0	0.18	2.70	39.76	29.68	0.00
0	4	0.00	0.00	0.96	0.00	5.79
1	1	0.00	0.00	0.34	1.39	0.00
1	5	0.00	0.01	0.52	1.19	0.00
2	2	0.00	0.01	4.92	52.97	0.00
2	6	0.00	0.00	0.30	1.48	0.00
3	3	0.00	0.00	0.28	0.99	0.00
3	7	0.00	0.00	2.83	36.74	0.00
Core	CPU	C1%	C3%	C6%	C8%	C9%
-	-	1.10	0.58	7.03	14.28	6.78
0	0	0.20	2.08	35.60	17.13	0.00
0	4	0.00	0.00	0.60	0.00	54.26
1	1	0.00	0.00	0.59	2.17	0.00
1	5	0.00	0.00	0.64	0.90	0.00
2	2	0.00	0.00	5.71	92.59	0.00
2	6	0.00	0.00	0.37	0.70	0.00
3	3	0.00	0.00	0.05	0.59	0.00
3	7	8.63	2.58	12.68	0.19	0.00
Core	CPU	C1%	C3%	C6%	C8%	C9%
-	-	2.45	0.99	5.57	12.95	0.40
0	0	0.04	1.27	16.76	4.72	0.12
0	4	0.00	0.01	0.79	0.00	3.09
1	1	19.55	6.60	19.97	0.88	0.00
1	5	0.00	0.00	0.28	0.79	0.00
2	2	0.00	0.00	1.18	13.98	0.00
2	6	0.00	0.00	0.76	1.88	0.00
3	3	0.00	0.02	0.29	1.10	0.00
3	7	0.00	0.02	4.55	80.25	0.00
Core	CPU	C1%	C3%	C6%	C8%	C9%
-	-	3.75	1.01	6.41	13.14	0.00
0	0	0.49	0.91	17.73	8.45	0.01
0	4	0.00	0.00	0.53	0.60	0.00
1	1	29.53	7.07	25.37	0.00	0.00
1	5	0.00	0.00	0.68	0.89	0.00
2	2	0.00	0.00	0.33	0.80	0.00
2	6	0.00	0.02	0.49	0.97	0.00
3	3	0.00	0.00	0.41	0.70	0.00
3	7	0.00	0.04	5.75	92.73	0.00
Core	CPU	C1%	C3%	C6%	C8%	C9%
-	-	0.02	0.17	6.68	15.53	0.83
0	0	0.18	1.32	42.34	29.22	0.00
0	4	0.00	0.00	0.28	0.30	6.65
1	1	0.00	0.00	1.35	0.58	0.00
1	5	0.00	0.00	0.56	1.28	0.00
2	2	0.00	0.00	6.37	72.94	0.00
2	6	0.00	0.03	0.71	0.99	0.00
3	3	0.00	0.00	0.00	0.60	0.00
3	7	0.00	0.03	1.86	18.32	0.00
Core	CPU	C1%	C3%	C6%	C8%	C9%
-	-	0.03	0.24	5.80	15.85	0.00
0	0	0.21	1.83	35.77	34.56	0.00
0	4	0.00	0.01	0.79	0.00	0.00
1	1	0.00	0.00	0.19	0.99	0.00
1	5	0.00	0.00	0.27	0.99	0.00
2	2	0.00	0.00	7.97	82.28	0.00
2	6	0.00	0.02	0.46	1.38	0.00
3	3	0.00	0.02	0.29	0.41	0.00
3	7	0.00	0.00	0.66	6.21	0.00
Core	CPU	C1%	C3%	C6%	C8%	C9%
-	-	0.68	0.39	7.27	18.02	0.00
0	0	0.25	1.43	38.42	23.58	0.01
0	4	0.00	0.00	0.74	0.00	0.00
1	1	5.21	1.51	7.16	1.69	0.00
1	5	0.00	0.00	0.70	0.79	0.00
2	2	0.01	0.15	3.14	47.61	0.00
2	6	0.00	0.03	0.80	1.48	0.00
3	3	0.00	0.00	0.52	1.18	0.00
3	7	0.00	0.01	6.67	67.81	0.00
Core	CPU	C1%	C3%	C6%	C8%	C9%
-	-	0.02	0.21	6.95	15.55	0.11
0	0	0.17	1.59	40.23	31.19	0.00
0	4	0.00	0.00	0.97	0.00	0.00
1	1	0.00	0.00	0.68	1.59	0.00
1	5	0.00	0.00	0.76	1.11	0.00
2	2	0.00	0.02	5.53	55.05	0.00
2	6	0.00	0.04	0.80	1.87	0.00
3	3	0.00	0.00	0.38	0.59	0.00
3	7	0.00	0.04	6.25	32.99	0.89
Core	CPU	C1%	C3%	C6%	C8%	C9%
-	-	2.05	0.64	6.48	14.76	0.00
0	0	0.11	1.04	28.12	20.79	0.00
0	4	0.00	0.00	0.59	0.10	0.00
1	1	16.31	4.01	14.36	1.67	0.00
1	5	0.00	0.00	0.46	0.69	0.00
2	2	0.00	0.00	6.31	92.11	0.00
2	6	0.00	0.05	1.29	0.59	0.00
3	3	0.00	0.00	0.19	1.09	0.00
3	7	0.00	0.01	0.48	1.08	0.00
Core	CPU	C1%	C3%	C6%	C8%	C9%
-	-	0.07	0.18	6.84	15.79	5.24
0	0	0.17	1.43	43.21	28.84	0.00
0	4	0.10	0.00	0.81	0.11	41.91
1	1	0.00	0.00	1.19	1.00	0.00
1	5	0.11	0.00	0.29	1.49	0.00
2	2	0.21	0.00	6.19	78.41	0.00
2	6	0.00	0.01	0.84	1.98	0.00
3	3	0.00	0.00	0.14	1.09	0.00
3	7	0.00	0.03	2.07	13.42	0.00
Core	CPU	C1%	C3%	C6%	C8%	C9%
-	-	0.03	0.24	5.90	15.88	0.43
0	0	0.20	1.90	36.10	33.96	0.00
0	4	0.00	0.00	1.05	0.00	0.00
1	1	0.00	0.00	0.84	0.60	0.00
1	5	0.00	0.00	0.43	1.28	0.00
2	2	0.00	0.00	3.71	44.36	0.00
2	6	0.00	0.03	0.58	1.09	0.00
3	3	0.00	0.00	0.28	0.99	0.00
3	7	0.00	0.00	4.18	44.74	3.45
Core	CPU	C1%	C3%	C6%	C8%	C9%
-	-	0.02	0.11	6.39	15.88	8.12
0	0	0.19	0.87	39.84	32.11	0.00
0	4	0.00	0.00	0.58	0.30	64.96
1	1	0.00	0.00	0.66	2.45	0.00
1	5	0.00	0.00	0.56	0.39	0.00
2	2	0.00	0.00	0.34	0.78	0.00
2	6	0.00	0.01	0.44	1.29	0.00
3	3	0.00	0.00	0.19	0.99	0.00
3	7	0.00	0.03	8.51	88.75	0.00
Core	CPU	C1%	C3%	C6%	C8%	C9%
-	-	0.02	0.23	6.69	15.65	0.00
0	0	0.16	1.74	40.41	30.82	0.00
0	4	0.00	0.00	0.73	0.00	0.00
1	1	0.00	0.02	0.29	1.39	0.00
1	5	0.00	0.00	0.19	0.90	0.00
2	2	0.00	0.00	0.82	2.50	0.00
2	6	0.00	0.00	0.67	1.09	0.00
3	3	0.00	0.00	0.79	0.60	0.00
3	7	0.00	0.11	9.63	87.92	0.00
Core	CPU	C1%	C3%	C6%	C8%	C9%
-	-	0.02	0.09	6.22	16.12	0.00
0	0	0.20	0.69	39.09	33.12	0.00
0	4	0.00	0.00	0.76	0.00	0.00
1	1	0.00	0.00	0.34	1.28	0.00
1	5	0.00	0.00	0.51	0.99	0.00
2	2	0.00	0.00	0.20	0.70	0.00
2	6	0.00	0.01	0.59	1.68	0.00
3	3	0.00	0.00	0.27	1.19	0.00
3	7	0.00	0.06	8.05	90.02	0.00
Core	CPU	C1%	C3%	C6%	C8%	C9%
-	-	0.02	0.03	5.95	16.38	0.00
0	0	0.18	0.19	36.83	35.76	0.00
0	4	0.00	0.00	0.90	0.30	0.00
1	1	0.00	0.00	0.48	1.18	0.00
1	5	0.00	0.00	0.37	0.89	0.00
2	2	0.00	0.00	0.25	0.89	0.00
2	6	0.00	0.00	0.43	1.49	0.00
3	3	0.00	0.00	0.10	0.79	0.00
3	7	0.00	0.03	8.27	89.78	0.00
Core	CPU	C1%	C3%	C6%	C8%	C9%
-	-	0.02	0.34	6.57	14.86	0.31
0	0	0.15	2.61	39.45	29.92	0.00
0	4	0.00	0.00	0.61	0.11	0.00
1	1	0.00	0.00	1.10	1.87	0.00
1	5	0.00	0.00	0.10	0.99	0.00
2	2	0.00	0.00	0.28	0.79	0.00
2	6	0.00	0.00	0.67	0.70	0.00
3	3	0.00	0.00	0.14	0.49	0.00
3	7	0.00	0.07	10.23	84.05	2.49
Core	CPU	C1%	C3%	C6%	C8%	C9%
-	-	0.02	0.19	6.95	15.27	0.00
0	0	0.14	1.46	42.61	28.85	0.00
0	4	0.00	0.00	0.95	0.00	0.00
1	1	0.00	0.00	0.25	1.18	0.00
1	5	0.00	0.00	0.23	0.99	0.00
2	2	0.00	0.00	0.20	1.08	0.00
2	6	0.00	0.01	0.88	1.28	0.00
3	3	0.00	0.00	0.59	0.60	0.00
3	7	0.00	0.06	9.89	88.22	0.00
Core	CPU	C1%	C3%	C6%	C8%	C9%
-	-	0.02	0.23	6.38	15.64	0.00
0	0	0.17	1.77	40.88	30.29	0.00
0	4	0.00	0.00	0.79	0.00	0.00
1	1	0.00	0.00	0.31	1.48	0.00
1	5	0.00	0.00	0.36	0.79	0.00
2	2	0.00	0.01	0.31	0.99	0.00
2	6	0.00	0.00	0.71	1.37	0.00
3	3	0.00	0.00	0.20	0.50	0.00
3	7	0.00	0.07	7.52	89.68	0.00
Core	CPU	C1%	C3%	C6%	C8%	C9%
-	-	0.02	0.18	6.62	15.51	1.96
0	0	0.15	1.36	41.76	29.80	0.00
0	4	0.00	0.00	0.74	0.00	15.65
1	1	0.00	0.02	0.29	0.99	0.00
1	5	0.00	0.00	0.20	0.99	0.00
2	2	0.00	0.00	0.78	0.79	0.00
2	6	0.00	0.02	0.90	0.98	0.00
3	3	0.00	0.00	0.25	0.39	0.00
3	7	0.00	0.03	8.01	90.14	0.00
Core	CPU	C1%	C3%	C6%	C8%	C9%
-	-	0.68	0.59	8.17	13.15	3.22
0	0	0.15	2.62	46.64	29.00	0.00
0	4	0.00	0.00	0.76	0.00	25.80
1	1	5.30	2.07	9.47	3.07	0.00
1	5	0.00	0.00	0.23	1.19	0.00
2	2	0.00	0.01	0.69	1.98	0.00
2	6	0.00	0.01	0.51	1.00	0.00
3	3	0.00	0.00	0.88	0.59	0.00
3	7	0.00	0.00	6.22	68.41	0.00
Core	CPU	C1%	C3%	C6%	C8%	C9%
-	-	0.02	0.24	6.40	15.01	0.00
0	0	0.16	1.77	39.52	29.91	0.00
0	4	0.00	0.00	0.68	0.51	0.00
1	1	0.00	0.00	0.87	0.70	0.00
1	5	0.00	0.00	0.27	1.08	0.00
2	2	0.00	0.00	0.25	0.98	0.00
2	6	0.00	0.02	0.52	0.78	0.00
3	3	0.00	0.01	0.39	0.80	0.00
3	7	0.00	0.13	8.69	85.31	0.00
Core	CPU	C1%	C3%	C6%	C8%	C9%
-	-	0.02	0.07	6.35	16.03	0.00
0	0	0.19	0.53	38.31	34.03	0.00
0	4	0.00	0.00	0.81	0.11	0.00
1	1	0.00	0.01	0.39	1.49	0.00
1	5	0.00	0.00	0.29	1.29	0.00
2	2	0.00	0.00	0.28	1.08	0.00
2	6	0.00	0.02	1.07	0.58	0.00
3	3	0.00	0.00	0.25	0.99	0.00
3	7	0.00	0.05	9.40	88.67	0.00
Core	CPU	C1%	C3%	C6%	C8%	C9%
-	-	0.02	0.30	6.92	15.22	3.89
0	0	0.16	2.36	43.17	27.44	0.00
0	4	0.00	0.00	1.32	0.20	31.15
1	1	0.00	0.00	0.35	0.50	0.00
1	5	0.00	0.00	0.13	0.99	0.00
2	2	0.00	0.00	0.19	1.19	0.00
2	6	0.00	0.00	1.29	0.99	0.00
3	3	0.00	0.00	0.77	0.69	0.00
3	7	0.00	0.07	8.16	89.74	0.00
Core	CPU	C1%	C3%	C6%	C8%	C9%
-	-	0.02	0.10	6.31	16.12	0.00
0	0	0.18	0.75	39.07	32.90	0.00
0	4	0.00	0.00	0.78	0.00	0.00
1	1	0.00	0.00	1.71	10.05	0.00
1	5	0.00	0.00	0.36	0.69	0.00
2	2	0.00	0.00	0.14	1.09	0.00
2	6	0.00	0.01	0.64	2.27	0.00
3	3	0.00	0.00	0.10	0.50	0.00
3	7	0.00	0.06	7.66	81.45	0.00
Core	CPU	C1%	C3%	C6%	C8%	C9%
-	-	0.02	0.08	6.16	15.98	0.00
0	0	0.19	0.56	38.38	33.88	0.00
0	4	0.00	0.00	0.73	0.00	0.00
1	1	0.00	0.02	0.59	0.50	0.00
1	5	0.00	0.00	0.10	1.09	0.00
2	2	0.00	0.00	0.19	0.89	0.00
2	6	0.00	0.00	0.87	0.70	0.00
3	3	0.00	0.00	0.25	0.89	0.00
3	7	0.00	0.10	8.16	89.86	0.00
Core	CPU	C1%	C3%	C6%	C8%	C9%
-	-	0.02	0.18	6.24	15.67	0.00
0	0	0.19	1.42	38.15	31.57	0.00
0	4	0.00	0.00	0.95	0.00	0.00
1	1	0.00	0.00	0.25	1.28	0.00
1	5	0.00	0.00	0.23	0.99	0.00
2	2	0.00	0.01	0.49	1.29	0.00
2	6	0.00	0.01	0.90	3.04	0.00
3	3	0.00	0.00	0.28	1.09	0.00
3	7	0.00	0.03	8.64	86.07	0.00
Core	CPU	C1%	C3%	C6%	C8%	C9%
-	-	0.02	0.05	5.98	16.15	0.00
0	0	0.20	0.33	37.36	35.12	0.00
0	4	0.00	0.00	0.69	0.40	0.00
1	1	0.00	0.00	0.19	0.97	0.00
1	5	0.00	0.00	0.27	0.79	0.00
2	2	0.00	0.00	0.32	0.89	0.00
2	6	0.00	0.00	0.45	0.90	0.00
3	3	0.00	0.01	0.20	0.41	0.00
3	7	0.00	0.05	8.35	89.71	0.00
Core	CPU	C1%	C3%	C6%	C8%	C9%
-	-	0.02	0.29	7.07	18.85	0.00
0	0	0.13	2.05	43.97	27.72	0.00
0	4	0.00	0.00	0.18	0.51	0.00
1	1	0.00	0.00	0.79	2.00	0.00
1	5	0.00	0.00	0.26	0.80	0.00
2	2	0.01	0.13	1.16	28.98	0.00
2	6	0.00	0.00	0.73	1.11	0.00
3	3	0.00	0.02	0.28	0.81	0.00
3	7	0.00	0.09	9.19	88.88	0.00
Core	CPU	C1%	C3%	C6%	C8%	C9%
-	-	0.18	0.26	6.00	15.37	0.00
0	0	0.16	0.53	33.26	27.66	0.00
0	4	0.00	0.00	0.41	0.29	0.00
1	1	0.00	0.00	1.79	16.32	0.00
1	5	0.00	0.01	0.53	1.78	0.00
2	2	0.00	0.00	0.65	0.00	0.00
2	6	1.30	1.52	4.86	1.07	0.00
3	3	0.00	0.02	0.29	0.40	0.00
3	7	0.00	0.03	6.19	75.41	0.00
Core	CPU	C1%	C3%	C6%	C8%	C9%
-	-	0.02	0.12	6.72	15.57	0.00
0	0	0.17	0.88	41.42	31.19	0.00
0	4	0.00	0.03	0.80	0.00	0.00
1	1	0.00	0.00	0.75	7.49	0.00
1	5	0.00	0.01	0.40	1.67	0.00
2	2	0.00	0.00	0.37	0.89	0.00
2	6	0.00	0.00	0.85	0.49	0.00
3	3	0.00	0.00	0.83	0.40	0.00
3	7	0.00	0.04	8.33	82.44	0.00
Core	CPU	C1%	C3%	C6%	C8%	C9%
-	-	0.01	0.54	7.33	14.22	2.57
0	0	0.11	4.21	47.06	20.83	0.00
0	4	0.00	0.00	0.66	0.10	19.63
1	1	0.00	0.00	0.45	1.86	0.00
1	5	0.00	0.03	1.29	1.48	0.00
2	2	0.00	0.00	0.20	0.99	0.00
2	6	0.00	0.00	0.29	1.08	0.00
3	3	0.00	0.00	0.18	0.79	0.00
3	7	0.01	0.06	8.52	86.63	0.97
Core	CPU	C1%	C3%	C6%	C8%	C9%
-	-	0.12	0.47	7.76	14.44	7.27
0	0	0.11	3.43	50.35	18.04	0.12
0	4	0.00	0.00	0.68	0.69	58.06
1	1	0.00	0.00	1.09	6.49	0.00
1	5	0.00	0.01	0.58	1.59	0.00
2	2	0.00	0.00	0.24	1.09	0.00
2	6	0.00	0.00	0.25	1.29	0.00
3	3	0.00	0.00	0.10	1.09	0.00
3	7	0.88	0.34	8.81	85.25	0.00
Core	CPU	C1%	C3%	C6%	C8%	C9%
-	-	0.02	0.15	6.16	16.15	0.11
0	0	0.20	1.19	38.17	33.56	0.00
0	4	0.00	0.01	0.60	0.00	0.00
1	1	0.00	0.00	8.27	89.96	0.00
1	5	0.00	0.01	0.63	1.49	0.00
2	2	0.00	0.00	0.36	1.18	0.00
2	6	0.00	0.00	0.52	1.18	0.00
3	3	0.00	0.02	0.29	0.33	0.00
3	7	0.00	0.00	0.43	1.51	0.89
Core	CPU	C1%	C3%	C6%	C8%	C9%
-	-	0.02	0.09	6.36	15.79	0.00
0	0	0.19	0.57	39.17	33.11	0.00
0	4	0.00	0.00	0.63	0.30	0.00
1	1	0.00	0.00	2.71	31.54	0.00
1	5	0.00	0.00	0.41	1.30	0.00
2	2	0.00	0.00	0.29	0.88	0.00
2	6	0.00	0.00	0.27	0.79	0.00
3	3	0.00	0.00	0.25	0.50	0.00
3	7	0.00	0.14	7.17	57.89	0.00
Core	CPU	C1%	C3%	C6%	C8%	C9%
-	-	0.02	0.20	6.72	15.24	0.00
0	0	0.16	1.57	42.42	28.94	0.00
0	4	0.00	0.00	0.68	0.00	0.00
1	1	0.00	0.00	0.36	0.89	0.00
1	5	0.00	0.01	0.36	0.99	0.00
2	2	0.00	0.00	0.32	0.80	0.00
2	6	0.00	0.00	0.19	1.09	0.00
3	3	0.00	0.00	0.59	0.00	0.00
3	7	0.00	0.06	8.85	89.24	0.00
Core	CPU	C1%	C3%	C6%	C8%	C9%
-	-	0.02	0.43	6.61	14.82	0.87
0	0	0.16	3.40	41.63	27.17	0.00
0	4	0.00	0.00	0.69	0.11	5.02
1	1	0.00	0.00	1.49	9.91	0.00
1	5	0.00	0.03	0.55	0.79	0.00
2	2	0.00	0.00	0.16	0.50	0.00
2	6	0.00	0.00	0.04	0.69	0.00
3	3	0.00	0.01	0.59	0.50	0.00
3	7	0.00	0.02	7.73	78.92	1.93
Core	CPU	C1%	C3%	C6%	C8%	C9%
-	-	0.02	0.42	7.65	14.45	11.34
0	0	0.13	3.33	50.87	18.96	0.00
0	4	0.00	0.00	0.74	0.00	90.73
1	1	0.00	0.00	6.55	91.83	0.00
1	5	0.00	0.00	0.80	0.79	0.00
2	2	0.00	0.00	0.58	1.28	0.00
2	6	0.00	0.00	0.46	1.28	0.00
3	3	0.00	0.00	0.35	0.79	0.00
3	7	0.00	0.04	0.86	0.69	0.00
Core	CPU	C1%	C3%	C6%	C8%	C9%
-	-	0.02	0.31	6.85	15.10	1.09
0	0	0.16	2.34	42.66	28.08	0.00
0	4	0.00	0.00	0.67	0.00	8.76
1	1	0.00	0.00	0.54	7.07	0.00
1	5	0.00	0.00	0.43	0.50	0.00
2	2	0.00	0.01	0.29	0.60	0.00
2	6	0.00	0.00	0.49	0.99	0.00
3	3	0.00	0.00	0.19	0.88	0.00
3	7	0.00	0.09	9.51	82.70	0.00
Core	CPU	C1%	C3%	C6%	C8%	C9%
-	-	0.00	0.89	9.40	12.34	11.11
0	0	0.01	6.92	66.53	0.11	0.00
0	4	0.00	0.00	0.70	0.00	88.91
1	1	0.00	0.00	3.04	62.82	0.00
1	5	0.00	0.00	0.48	0.59	0.00
2	2	0.00	0.00	0.26	3.07	0.00
2	6	0.00	0.00	0.34	1.08	0.00
3	3	0.00	0.02	0.20	0.50	0.00
3	7	0.00	0.17	3.66	30.52	0.00
Core	CPU	C1%	C3%	C6%	C8%	C9%
-	-	0.29	0.38	7.36	14.62	4.38
0	0	0.12	2.29	44.99	20.34	0.00
0	4	0.00	0.00	1.04	0.10	35.06
1	1	0.00	0.03	7.46	81.03	0.00
1	5	0.00	0.01	0.99	0.40	0.00
2	2	0.01	0.00	0.42	1.48	0.00
2	6	0.00	0.00	0.28	0.89	0.00
3	3	0.00	0.00	0.36	1.18	0.00
3	7	2.23	0.70	3.33	11.51	0.00
Core	CPU	C1%	C3%	C6%	C8%	C9%
-	-	0.44	0.50	6.25	14.75	1.01
0	0	0.17	2.96	37.47	26.48	0.00
0	4	0.00	0.00	0.28	0.31	7.98
1	1	0.00	0.00	7.25	88.45	0.00
1	5	0.00	0.00	0.51	0.50	0.00
2	2	0.00	0.00	0.63	0.80	0.00
2	6	0.00	0.02	0.28	0.69	0.00
3	3	0.00	0.00	0.09	0.40	0.00
3	7	3.34	1.05	3.50	0.40	0.09
Core	CPU	C1%	C3%	C6%	C8%	C9%
-	-	0.03	0.31	7.41	14.63	3.83
0	0	0.13	2.42	46.47	24.07	0.00
0	4	0.00	0.01	0.80	0.00	30.60
1	1	0.00	0.00	5.43	67.20	0.00
1	5	0.00	0.00	0.28	0.70	0.00
2	2	0.00	0.00	0.53	1.70	0.00
2	6	0.00	0.00	0.34	1.48	0.00
3	3	0.00	0.02	0.40	0.49	0.00
3	7	0.07	0.04	5.05	21.44	0.00
Core	CPU	C1%	C3%	C6%	C8%	C9%
-	-	0.02	0.15	6.12	16.12	0.00
0	0	0.18	1.18	38.71	32.97	0.00
0	4	0.00	0.00	1.09	0.41	0.00
1	1	0.00	0.00	0.19	0.89	0.00
1	5	0.00	0.00	0.32	1.19	0.00
2	2	0.00	0.00	7.27	90.64	0.00
2	6	0.00	0.00	0.51	1.48	0.00
3	3	0.00	0.02	0.20	0.50	0.00
3	7	0.00	0.03	0.64	0.89	0.00
Core	CPU	C1%	C3%	C6%	C8%	C9%
-	-	0.02	0.11	6.37	15.95	0.00
0	0	0.20	0.87	39.90	32.15	0.00
0	4	0.00	0.00	0.49	0.21	0.00
1	1	0.00	0.00	0.76	1.69	0.00
1	5	0.00	0.00	0.47	0.69	0.00
2	2	0.00	0.00	6.81	85.05	0.00
2	6	0.00	0.00	0.33	1.58	0.00
3	3	0.00	0.02	0.30	0.40	0.00
3	7	0.00	0.04	1.88	5.82	0.00
Core	CPU	C1%	C3%	C6%	C8%	C9%
-	-	0.03	0.07	6.06	16.29	0.00
0	0	0.21	0.49	38.10	34.25	0.00
0	4	0.00	0.00	0.93	0.00	0.00
1	1	0.00	0.00	0.42	1.09	0.00
1	5	0.00	0.00	0.19	1.09	0.00
2	2	0.00	0.00	7.66	90.55	0.00
2	6	0.00	0.00	0.37	0.98	0.00
3	3	0.00	0.00	0.26	1.09	0.00
3	7	0.00	0.10	0.56	1.29	0.00
Core	CPU	C1%	C3%	C6%	C8%	C9%
-	-	0.02	0.68	7.59	14.02	11.38
0	0	0.11	5.32	51.46	15.60	0.00
0	4	0.00	0.00	0.97	0.00	87.60
1	1	0.00	0.00	0.25	2.27	0.00
1	5	0.00	0.00	0.62	0.51	0.00
2	2	0.00	0.02	5.50	90.33	0.00
2	6	0.00	0.00	0.30	1.68	0.00
3	3	0.00	0.00	0.29	0.98	0.00
3	7	0.01	0.12	1.37	0.81	3.48
Core	CPU	C1%	C3%	C6%	C8%	C9%
-	-	0.01	0.57	8.34	13.62	11.32
0	0	0.08	4.45	56.17	12.62	0.00
0	4	0.00	0.00	0.70	0.00	90.55
1	1	0.00	0.00	0.19	0.79	0.00
1	5	0.00	0.00	0.37	1.29	0.00
2	2	0.00	0.00	6.46	91.97	0.00
2	6	0.00	0.00	1.02	0.79	0.00
3	3	0.00	0.04	0.20	0.60	0.00
3	7	0.00	0.07	1.62	0.89	0.00
Core	CPU	C1%	C3%	C6%	C8%	C9%
-	-	0.02	0.20	6.32	15.79	0.00
0	0	0.19	1.53	40.25	31.24	0.00
0	4	0.00	0.00	0.60	0.00	0.00
1	1	0.00	0.00	0.41	1.67	0.00
1	5	0.00	0.00	0.27	0.79	0.00
2	2	0.00	0.00	7.37	90.86	0.00
2	6	0.00	0.00	0.14	0.50	0.00
3	3	0.00	0.02	0.29	0.80	0.00
3	7	0.00	0.08	1.23	0.49	0.00
Core	CPU	C1%	C3%	C6%	C8%	C9%
-	-	0.02	0.23	6.86	15.72	7.59
0	0	0.18	1.74	42.79	28.36	0.00
0	4	0.00	0.00	0.74	0.00	58.98
1	1	0.00	0.00	1.60	2.76	0.83
1	5	0.00	0.00	0.60	0.79	0.00
2	2	0.00	0.00	6.89	91.39	0.00
2	6	0.00	0.00	0.64	1.08	0.00
3	3	0.00	0.00	0.56	1.38	0.00
3	7	0.00	0.09	1.06	0.00	0.91
Core	CPU	C1%	C3%	C6%	C8%	C9%
-	-	0.02	0.04	6.08	16.35	0.00
0	0	0.20	0.28	37.18	35.35	0.00
0	4	0.00	0.00	0.95	0.00	0.00
1	1	0.00	0.00	0.24	1.58	0.00
1	5	0.00	0.00	0.23	0.99	0.00
2	2	0.00	0.00	7.37	90.83	0.00
2	6	0.00	0.00	0.69	0.69	0.00
3	3	0.00	0.00	0.67	0.65	0.00
3	7	0.00	0.03	1.32	0.69	0.00
Core	CPU	C1%	C3%	C6%	C8%	C9%
-	-	2.73	1.67	10.44	8.76	4.94
0	0	0.53	6.22	61.19	21.64	0.00
0	4	0.00	0.00	0.79	0.00	39.48
1	1	21.29	6.92	17.90	0.89	0.00
1	5	0.00	0.00	0.36	0.89	0.00
2	2	0.01	0.09	2.02	44.76	0.00
2	6	0.00	0.00	0.22	0.60	0.00
3	3	0.00	0.02	0.29	0.60	0.00
3	7	0.00	0.10	0.69	0.69	0.00
Core	CPU	C1%	C3%	C6%	C8%	C9%
-	-	0.02	0.16	7.14	15.40	0.00
0	0	0.14	1.13	41.26	30.43	0.00
0	4	0.00	0.00	0.83	0.81	0.00
1	1	0.00	0.06	1.75	1.31	0.00
1	5	0.00	0.00	1.09	0.59	0.00
2	2	0.00	0.00	0.89	0.99	0.00
2	6	0.00	0.00	0.38	1.28	0.00
3	3	0.00	0.00	0.27	1.78	0.00
3	7	0.00	0.10	10.66	86.06	0.00
Core	CPU	C1%	C3%	C6%	C8%	C9%
-	-	0.02	0.13	6.65	15.57	0.00
0	0	0.15	0.94	40.83	31.12	0.00
0	4	0.00	0.00	0.68	0.18	0.00
1	1	0.00	0.00	0.43	1.78	0.00
1	5	0.00	0.00	0.23	1.19	0.00
2	2	0.00	0.01	0.39	0.70	0.00
2	6	0.00	0.00	0.28	1.09	0.00
3	3	0.00	0.00	0.28	0.88	0.00
3	7	0.00	0.12	10.06	87.61	0.00
Core	CPU	C1%	C3%	C6%	C8%	C9%
-	-	0.02	0.37	6.44	14.82	0.12
0	0	0.14	2.93	40.26	29.04	0.00
0	4	0.00	0.00	0.67	0.11	0.00
1	1	0.00	0.00	0.36	0.39	0.00
1	5	0.00	0.00	0.14	0.58	0.00
2	2	0.00	0.02	0.22	0.90	0.00
2	6	0.00	0.00	0.20	1.19	0.00
3	3	0.00	0.00	0.49	0.49	0.00
3	7	0.01	0.03	9.17	85.90	0.98
Core	CPU	C1%	C3%	C6%	C8%	C9%
-	-	0.02	0.18	6.56	15.31	0.98
0	0	0.14	1.22	41.89	29.79	0.00
0	4	0.00	0.00	0.39	0.41	7.86
1	1	0.00	0.00	0.49	1.08	0.00
1	5	0.00	0.00	0.28	0.79	0.00
2	2	0.00	0.00	0.25	0.79	0.00
2	6	0.00	0.00	0.24	0.79	0.00
3	3	0.00	0.12	0.29	0.69	0.00
3	7	0.00	0.13	8.69	88.11	0.00
Core	CPU	C1%	C3%	C6%	C8%	C9%
-	-	0.02	0.26	6.70	15.54	0.00
0	0	0.16	2.05	42.39	28.59	0.00
0	4	0.00	0.00	1.03	0.00	0.00
1	1	0.00	0.02	0.59	1.68	0.00
1	5	0.00	0.00	0.68	0.90	0.00
2	2	0.00	0.00	3.15	43.22	0.00
2	6	0.00	0.00	0.27	1.18	0.00
3	3	0.00	0.00	0.65	0.59	0.00
3	7	0.00	0.04	4.85	48.14	0.00
Core	CPU	C1%	C3%	C6%	C8%	C9%
-	-	0.02	0.14	6.60	15.59	2.79
0	0	0.15	1.12	41.59	30.19	0.00
0	4	0.00	0.00	0.86	0.00	22.34
1	1	0.00	0.00	0.46	1.49	0.00
1	5	0.00	0.00	0.52	0.69	0.00
2	2	0.00	0.00	3.09	32.96	0.00
2	6	0.00	0.00	0.28	1.08	0.00
3	3	0.00	0.00	0.28	0.88	0.00
3	7	0.00	0.02	5.72	57.44	0.00
Core	CPU	C1%	C3%	C6%	C8%	C9%
-	-	0.01	0.45	7.73	14.25	4.79
0	0	0.10	3.55	52.23	17.38	0.00
0	4	0.00	0.00	0.95	0.00	38.36
1	1	0.00	0.01	0.44	0.88	0.00
1	5	0.00	0.00	0.54	0.91	0.00
2	2	0.00	0.00	1.48	28.28	0.00
2	6	0.00	0.00	0.59	1.09	0.00
3	3	0.00	0.00	0.28	0.88	0.00
3	7	0.00	0.04	5.29	64.61	0.00
Core	CPU	C1%	C3%	C6%	C8%	C9%
-	-	0.02	0.24	5.93	15.79	0.00
0	0	0.18	1.91	36.44	33.68	0.00
0	4	0.00	0.00	0.69	0.40	0.00
1	1	0.00	0.00	1.00	0.49	0.00
1	5	0.00	0.00	0.27	0.79	0.00
2	2	0.00	0.00	7.82	87.94	0.00
2	6	0.00	0.00	0.32	0.89	0.00
3	3	0.00	0.02	0.39	1.10	0.00
3	7	0.00	0.00	0.48	1.00	0.03
Core	CPU	C1%	C3%	C6%	C8%	C9%
-	-	0.03	0.05	6.19	16.37	0.00
0	0	0.21	0.35	37.67	34.81	0.00
0	4	0.00	0.00	1.00	0.00	0.00
1	1	0.00	0.00	1.03	1.49	0.00
1	5	0.00	0.00	0.67	1.38	0.00
2	2	0.00	0.02	7.93	90.23	0.00
2	6	0.00	0.00	0.27	1.29	0.00
3	3	0.00	0.03	0.79	0.59	0.00
3	7	0.00	0.00	0.20	1.19	0.00
Core	CPU	C1%	C3%	C6%	C8%	C9%
-	-	0.02	0.25	6.48	15.71	6.97
0	0	0.15	2.03	42.50	28.50	0.00
0	4	0.00	0.00	0.94	0.00	55.77
1	1	0.00	0.01	0.54	1.78	0.00
1	5	0.00	0.00	0.26	1.09	0.00
2	2	0.00	0.00	6.68	91.28	0.00
2	6	0.00	0.00	0.28	0.79	0.00
3	3	0.00	0.00	0.36	1.28	0.00
3	7	0.00	0.00	0.23	0.98	0.00
Core	CPU	C1%	C3%	C6%	C8%	C9%
-	-	0.02	0.36	7.43	14.93	11.35
0	0	0.14	2.85	49.17	21.08	0.00
0	4	0.00	0.00	1.09	0.00	90.83
1	1	0.00	0.02	0.42	1.68	0.00
1	5	0.00	0.03	0.92	1.06	0.00
2	2	0.00	0.00	6.31	92.05	0.00
2	6	0.00	0.00	0.20	1.08	0.00
3	3	0.00	0.00	0.28	1.28	0.00
3	7	0.00	0.00	1.05	1.19	0.00
Core	CPU	C1%	C3%	C6%	C8%	C9%
-	-	0.01	0.60	8.42	13.95	9.83
0	0	0.07	4.76	57.65	10.84	0.00
0	4	0.00	0.00	0.66	0.11	78.66
1	1	0.00	0.02	0.42	1.77	0.00
1	5	0.00	0.00	0.38	0.79	0.00
2	2	0.00	0.01	1.32	25.70	0.00
2	6	0.00	0.00	0.60	2.28	0.00
3	3	0.00	0.01	0.39	1.39	0.00
3	7	0.00	0.02	5.95	68.70	0.00
Core	CPU	C1%	C3%	C6%	C8%	C9%
-	-	0.02	0.21	6.10	15.19	0.00
0	0	0.18	1.57	36.86	33.06	0.00
0	4	0.00	0.00	0.73	0.00	0.00
1	1	0.00	0.02	1.20	0.81	0.00
1	5	0.00	0.00	0.10	0.99	0.00
2	2	0.00	0.00	2.07	14.16	0.00
2	6	0.00	0.00	0.37	0.69	0.00
3	3	0.00	0.00	0.15	0.59	0.00
3	7	0.00	0.08	7.31	71.20	0.03
Core	CPU	C1%	C3%	C6%	C8%	C9%
-	-	0.02	0.31	7.24	14.98	10.76
0	0	0.16	2.47	47.15	23.46	0.00
0	4	0.00	0.00	1.06	0.00	86.10
1	1	0.00	0.00	0.95	0.90	0.00
1	5	0.00	0.00	0.33	1.19	0.00
2	2	0.00	0.01	7.14	91.20	0.00
2	6	0.00	0.00	0.28	0.99	0.00
3	3	0.00	0.00	0.29	0.88	0.00
3	7	0.00	0.00	0.75	1.18	0.00
Core	CPU	C1%	C3%	C6%	C8%	C9%
-	-	0.01	0.67	8.33	13.30	10.19
0	0	0.06	5.32	56.97	11.05	0.00
0	4	0.00	0.00	0.78	0.00	81.48
1	1	0.00	0.01	0.68	0.99	0.00
1	5	0.00	0.00	0.25	0.89	0.00
2	2	0.00	0.00	6.66	91.82	0.00
2	6	0.00	0.01	0.70	0.00	0.00
3	3	0.00	0.00	0.20	1.08	0.00
3	7	0.00	0.00	0.38	0.59	0.00
Core	CPU	C1%	C3%	C6%	C8%	C9%
-	-	1.80	1.11	8.28	9.67	2.92
0	0	0.09	3.50	44.55	22.18	0.13
0	4	0.00	0.00	0.70	0.00	23.20
1	1	0.00	0.02	0.39	1.08	0.00
1	5	0.00	0.00	0.38	0.79	0.00
2	2	0.00	0.00	3.25	51.30	0.00
2	6	0.00	0.00	0.32	0.89	0.00
3	3	0.00	0.02	0.59	0.09	0.00
3	7	14.31	5.33	16.02	0.98	0.00
Core	CPU	C1%	C3%	C6%	C8%	C9%
-	-	0.02	0.06	6.39	16.50	0.00
0	0	0.19	0.44	37.94	34.35	0.00
0	4	0.00	0.03	1.28	0.20	0.00
1	1	0.00	0.02	1.22	2.48	0.00
1	5	0.00	0.00	0.39	1.58	0.00
2	2	0.00	0.00	1.94	20.22	0.00
2	6	0.00	0.00	0.65	1.18	0.00
3	3	0.00	0.00	6.33	71.57	0.00
3	7	0.00	0.00	1.33	0.40	0.00
Core	CPU	C1%	C3%	C6%	C8%	C9%
-	-	0.02	0.29	5.94	15.75	0.00
0	0	0.16	2.28	37.48	32.45	0.00
0	4	0.00	0.00	1.16	0.00	0.00
1	1	0.00	0.00	0.70	1.98	0.00
1	5	0.00	0.00	0.14	0.99	0.00
2	2	0.00	0.01	0.19	0.51	0.00
2	6	0.00	0.00	0.19	0.89	0.00
3	3	0.00	0.00	7.22	88.55	0.00
3	7	0.00	0.00	0.45	0.59	0.00
Core	CPU	C1%	C3%	C6%	C8%	C9%
-	-	0.02	0.06	6.10	16.27	0.00
0	0	0.17	0.52	38.79	33.58	0.00
0	4	0.00	0.00	0.79	0.00	0.00
1	1	0.00	0.00	0.49	1.64	0.00
1	5	0.00	0.00	0.36	0.99	0.00
2	2	0.00	0.00	0.34	1.29	0.00
2	6	0.00	0.00	0.32	0.99	0.00
3	3	0.00	0.00	7.41	90.81	0.00
3	7	0.00	0.00	0.28	0.89	0.00
Core	CPU	C1%	C3%	C6%	C8%	C9%
-	-	0.02	0.20	6.43	15.67	0.00
0	0	0.14	1.50	39.65	31.82	0.00
0	4	0.00	0.00	0.73	0.00	0.00
1	1	0.00	0.02	0.70	0.60	0.00
1	5	0.00	0.01	0.83	1.18	0.00
2	2	0.00	0.00	0.19	0.79	0.00
2	6	0.00	0.00	0.36	0.79	0.00
3	3	0.00	0.00	8.88	89.27	0.00
3	7	0.00	0.03	0.11	0.88	0.00
Core	CPU	C1%	C3%	C6%	C8%	C9%
-	-	0.02	0.05	6.06	16.44	0.00
0	0	0.19	0.39	38.01	34.44	0.00
0	4	0.00	0.00	0.95	0.00	0.00
1	1	0.00	0.00	0.75	2.98	0.00
1	5	0.00	0.00	0.53	0.60	0.00
2	2	0.00	0.00	7.11	84.32	0.00
2	6	0.00	0.00	0.10	0.99	0.00
3	3	0.00	0.00	0.65	7.48	0.00
3	7	0.00	0.00	0.36	0.69	0.00
Core	CPU	C1%	C3%	C6%	C8%	C9%
-	-	1.13	0.54	6.98	17.96	1.22
0	0	0.19	1.65	36.75	19.29	0.00
0	4	0.00	0.00	0.59	0.10	9.78
1	1	8.87	2.44	9.46	0.69	0.00
1	5	0.00	0.00	0.27	1.09	0.00
2	2	0.01	0.20	1.30	35.89	0.00
2	6	0.00	0.00	1.02	0.99	0.00
3	3	0.00	0.01	6.15	84.63	0.00
3	7	0.00	0.00	0.29	0.98	0.00
Core	CPU	C1%	C3%	C6%	C8%	C9%
-	-	1.09	0.53	6.19	14.61	0.69
0	0	0.24	1.87	31.17	25.12	2.04
0	4	0.00	0.00	0.33	0.20	0.00
1	1	8.40	2.25	8.11	0.30	0.00
1	5	0.00	0.00	0.09	0.60	0.00
2	2	0.00	0.00	0.72	0.98	0.00
2	6	0.00	0.00	0.27	0.89	0.00
3	3	0.00	0.00	7.70	88.09	0.00
3	7	0.08	0.14	1.12	0.69	3.49
Core	CPU	C1%	C3%	C6%	C8%	C9%
-	-	0.02	0.11	6.35	15.72	0.00
0	0	0.13	0.69	40.17	32.08	0.00
0	4	0.00	0.00	0.56	0.11	0.00
1	1	0.00	0.00	0.65	0.59	0.00
1	5	0.00	0.00	0.33	0.80	0.00
2	2	0.00	0.12	0.39	0.70	0.00
2	6	0.00	0.00	0.28	0.70	0.00
3	3	0.00	0.00	7.44	90.80	0.00
3	7	0.00	0.05	0.98	0.00	0.00
Core	CPU	C1%	C3%	C6%	C8%	C9%
-	-	0.02	0.24	6.90	15.48	0.00
0	0	0.10	1.85	41.94	29.20	0.00
0	4	0.00	0.00	0.79	0.00	0.00
1	1	0.00	0.03	1.00	1.48	0.00
1	5	0.00	0.00	0.34	1.47	0.00
2	2	0.00	0.00	0.56	0.88	0.00
2	6	0.00	0.00	0.14	1.09	0.00
3	3	0.00	0.04	9.32	88.40	0.00
3	7	0.07	0.01	1.09	1.28	0.00
Core	CPU	C1%	C3%	C6%	C8%	C9%
-	-	0.02	0.07	6.27	15.81	0.00
0	0	0.15	0.50	38.82	33.61	0.00
0	4	0.00	0.00	0.75	0.00	0.00
1	1	0.00	0.00	0.72	0.29	0.00
1	5	0.00	0.02	0.80	0.30	0.00
2	2	0.00	0.00	2.05	22.44	0.00
2	6	0.00	0.00	0.28	0.89	0.00
3	3	0.00	0.02	5.86	68.88	0.00
3	7	0.00	0.03	0.90	0.10	0.00
Core	CPU	C1%	C3%	C6%	C8%	C9%
-	-	0.02	0.10	6.25	16.05	0.00
0	0	0.13	0.68	39.63	32.66	0.00
0	4	0.00	0.00	0.56	0.50	0.00
1	1	0.00	0.00	0.44	0.30	0.00
1	5	0.00	0.00	0.79	1.79	0.00
2	2	0.00	0.00	7.05	91.19	0.00
2	6	0.00	0.00	0.10	0.88	0.00
3	3	0.00	0.00	0.37	0.89	0.00
3	7	0.00	0.08	1.04	0.20	0.00
Core	CPU	C1%	C3%	C6%	C8%	C9%
-	-	0.74	0.67	6.04	14.31	2.37
0	0	0.10	2.78	31.08	20.23	0.12
0	4	0.00	0.00	0.19	0.80	18.76
1	1	0.00	0.00	1.51	1.67	0.00
1	5	0.00	0.00	0.36	0.69	0.00
2	2	0.00	0.00	2.25	44.13	0.00
2	6	0.00	0.00	0.22	0.80	0.00
3	3	0.00	0.00	3.88	46.19	0.00
3	7	5.82	2.58	8.86	0.00	0.10
Core	CPU	C1%	C3%	C6%	C8%	C9%
-	-	0.01	0.15	6.56	15.51	0.00
0	0	0.11	1.19	42.12	29.68	0.00
0	4	0.00	0.00	0.18	0.51	0.00
1	1	0.00	0.01	1.26	0.92	0.00
1	5	0.00	0.00	0.26	0.70	0.00
2	2	0.00	0.00	0.33	0.72	0.00
2	6	0.00	0.00	0.23	0.41	0.00
3	3	0.00	0.02	7.89	90.36	0.00
3	7	0.00	0.00	0.18	0.81	0.00
Core	CPU	C1%	C3%	C6%	C8%	C9%
-	-	0.03	0.50	6.16	14.77	0.00
0	0	0.07	2.05	34.82	20.92	0.00
0	4	0.00	0.00	0.53	0.21	0.00
1	1	0.00	0.00	0.82	0.90	0.00
1	5	0.17	1.92	5.74	1.29	0.00
2	2	0.00	0.00	0.40	1.08	0.00
2	6	0.00	0.00	0.48	1.09	0.00
3	3	0.00	0.00	6.26	92.09	0.00
3	7	0.00	0.00	0.24	0.59	0.00
Core	CPU	C1%	C3%	C6%	C8%	C9%
-	-	0.49	0.31	6.83	15.48	0.02
0	0	0.06	1.04	41.01	25.29	0.12
0	4	0.00	0.00	0.54	1.30	0.00
1	1	0.00	0.00	0.19	1.59	0.00
1	5	0.00	0.00	0.32	1.59	0.00
2	2	0.00	0.00	0.10	1.19	0.00
2	6	0.00	0.04	0.49	1.27	0.00
3	3	0.00	0.03	6.96	91.28	0.00
3	7	3.82	1.38	5.07	0.30	0.00
Core	CPU	C1%	C3%	C6%	C8%	C9%
-	-	0.01	0.07	6.33	15.91	0.25
0	0	0.09	0.57	39.51	32.86	0.00
0	4	0.00	0.00	0.28	0.89	0.00
1	1	0.00	0.02	0.33	0.60	0.00
1	5	0.00	0.00	0.34	0.79	0.00
2	2	0.00	0.00	0.42	0.99	0.00
2	6	0.00	0.00	1.18	0.29	0.00
3	3	0.00	0.00	7.98	90.21	0.00
3	7	0.00	0.00	0.61	0.69	2.01
Core	CPU	C1%	C3%	C6%	C8%	C9%
-	-	0.01	0.41	6.76	15.03	0.00
0	0	0.07	3.17	43.32	25.64	0.00
0	4	0.00	0.01	0.79	0.00	0.00
1	1	0.00	0.04	1.18	2.45	0.00
1	5	0.00	0.02	0.28	1.09	0.00
2	2	0.00	0.01	0.25	0.80	0.00
2	6	0.00	0.00	0.75	1.00	0.00
3	3	0.00	0.02	7.24	88.48	0.00
3	7	0.00	0.00	0.32	0.80	0.00
Core	CPU	C1%	C3%	C6%	C8%	C9%
-	-	0.02	0.06	6.32	16.06	0.00
0	0	0.08	0.44	38.91	33.56	0.00
0	4	0.00	0.00	0.74	0.11	0.00
1	1	0.00	0.00	1.02	0.59	0.00
1	5	0.00	0.01	0.89	0.50	0.00
2	2	0.00	0.00	0.89	0.69	0.00
2	6	0.00	0.00	0.58	1.09	0.00
3	3	0.00	0.00	7.32	90.92	0.00
3	7	0.07	0.02	0.23	0.98	0.00
Core	CPU	C1%	C3%	C6%	C8%	C9%
-	-	0.01	0.30	6.97	15.06	0.57
0	0	0.08	2.39	45.91	24.88	0.00
0	4	0.00	0.00	0.65	0.11	4.55
1	1	0.00	0.00	0.32	0.89	0.00
1	5	0.00	0.00	0.41	1.09	0.00
2	2	0.00	0.00	0.10	0.79	0.00
2	6	0.00	0.00	0.41	1.08	0.00
3	3	0.00	0.00	7.60	90.58	0.00
3	7	0.00	0.03	0.37	1.09	0.00
Core	CPU	C1%	C3%	C6%	C8%	C9%
-	-	0.10	0.06	6.19	16.38	0.13
0	0	0.09	0.48	38.99	33.50	0.00
0	4	0.00	0.00	0.29	0.71	0.00
1	1	0.00	0.00	0.57	1.69	0.00
1	5	0.00	0.00	0.36	0.89	0.00
2	2	0.00	0.00	0.46	1.08	0.00
2	6	0.00	0.00	0.61	1.59	0.00
3	3	0.00	0.01	7.49	90.69	0.00
3	7	0.70	0.01	0.76	0.90	1.00
Core	CPU	C1%	C3%	C6%	C8%	C9%
-	-	0.02	0.14	6.79	15.42	0.00
0	0	0.10	1.05	41.64	30.28	0.00
0	4	0.00	0.00	0.42	0.20	0.00
1	1	0.00	0.00	0.46	1.78	0.00
1	5	0.00	0.00	0.30	0.68	0.00
2	2	0.00	0.00	0.68	0.81	0.00
2	6	0.00	0.00	0.36	1.09	0.00
3	3	0.00	0.01	9.88	88.35	0.00
3	7	0.04	0.04	0.58	0.19	0.00
Core	CPU	C1%	C3%	C6%	C8%	C9%
-	-	1.95	0.97	6.50	13.41	0.02
0	0	0.05	2.96	27.70	13.12	0.12
0	4	0.00	0.00	0.74	0.41	0.00
1	1	0.00	0.00	0.28	1.28	0.00
1	5	0.00	0.02	0.19	0.90	0.00
2	2	0.00	0.02	0.40	0.70	0.00
2	6	0.00	0.00	0.37	0.79	0.00
3	3	0.00	0.00	5.82	89.85	0.00
3	7	15.55	4.77	16.46	0.20	0.00
Core	CPU	C1%	C3%	C6%	C8%	C9%
-	-	0.01	0.08	6.30	16.08	0.00
0	0	0.10	0.67	39.87	32.40	0.00
0	4	0.00	0.00	0.58	0.28	0.00
1	1	0.00	0.00	0.36	1.28	0.00
1	5	0.00	0.00	0.33	1.18	0.00
2	2	0.00	0.00	0.84	1.20	0.00
2	6	0.00	0.00	0.29	1.10	0.00
3	3	0.00	0.00	7.73	90.51	0.00
3	7	0.00	0.00	0.36	0.69	0.00
Core	CPU	C1%	C3%	C6%	C8%	C9%
-	-	0.01	0.17	6.29	16.04	0.00
0	0	0.11	1.30	41.15	31.07	0.00
0	4	0.00	0.01	0.57	0.52	0.00
1	1	0.00	0.00	0.26	1.70	0.00
1	5	0.00	0.00	0.27	1.10	0.00
2	2	0.00	0.05	0.64	0.88	0.00
2	6	0.00	0.00	0.41	1.01	0.00
3	3	0.00	0.00	6.87	91.31	0.00
3	7	0.00	0.00	0.18	0.72	0.00
Core	CPU	C1%	C3%	C6%	C8%	C9%
-	-	0.02	0.08	6.36	16.05	0.00
0	0	0.12	0.63	39.00	33.31	0.00
0	4	0.00	0.00	0.65	0.00	0.00
1	1	0.00	0.00	1.64	1.10	0.00
1	5	0.00	0.01	0.79	0.30	0.00
2	2	0.00	0.02	0.41	1.17	0.00
2	6	0.00	0.00	0.49	1.17	0.00
3	3	0.00	0.02	7.84	90.36	0.00
3	7	0.00	0.00	0.07	0.98	0.00
Core	CPU	C1%	C3%	C6%	C8%	C9%
-	-	0.15	0.51	8.81	16.04	0.09
0	0	0.39	2.17	42.64	26.92	0.00
0	4	0.00	0.00	3.31	0.69	0.00
1	1	0.46	0.94	5.95	3.40	0.00
1	5	0.04	0.00	1.47	2.76	0.00
2	2	0.00	0.08	5.35	2.39	0.00
2	6	0.16	0.83	2.23	0.74	0.00
3	3	0.10	0.04	7.72	90.46	0.00
3	7	0.00	0.02	1.81	0.98	0.71
Core	CPU	C1%	C3%	C6%	C8%	C9%
-	-	0.01	0.03	6.17	16.34	0.00
0	0	0.12	0.19	37.24	35.48	0.00
0	4	0.00	0.00	1.00	0.00	0.00
1	1	0.00	0.00	0.28	1.19	0.00
1	5	0.00	0.00	0.57	0.79	0.00
2	2	0.00	0.00	0.66	1.60	0.00
2	6	0.00	0.00	1.03	0.40	0.00
3	3	0.00	0.02	7.70	90.48	0.00
3	7	0.00	0.00	0.89	0.79	0.00
Core	CPU	C1%	C3%	C6%	C8%	C9%
-	-	2.36	0.81	7.43	17.78	0.26
0	0	0.58	1.84	29.99	13.43	0.00
0	4	0.00	0.00	0.82	0.00	2.11
1	1	12.14	3.05	14.69	1.58	0.00
1	5	6.18	1.41	5.50	1.38	0.00
2	2	0.01	0.18	1.66	29.18	0.00
2	6	0.00	0.00	0.44	0.99	0.00
3	3	0.00	0.00	5.73	92.78	0.00
3	7	0.00	0.04	0.64	2.89	0.00
Core	CPU	C1%	C3%	C6%	C8%	C9%
-	-	0.01	0.18	6.91	15.68	1.48
0	0	0.11	1.34	42.42	29.36	0.00
0	4	0.00	0.00	0.64	0.31	11.84
1	1	0.00	0.00	1.46	1.80	0.00
1	5	0.00	0.02	0.39	0.90	0.00
2	2	0.00	0.04	1.34	1.19	0.00
2	6	0.00	0.00	0.30	1.37	0.00
3	3	0.00	0.02	8.17	89.98	0.00
3	7	0.00	0.02	0.57	0.54	0.00
Core	CPU	C1%	C3%	C6%	C8%	C9%
-	-	0.01	0.04	6.22	16.31	0.00
0	0	0.12	0.30	37.86	34.85	0.00
0	4	0.00	0.00	0.48	0.20	0.00
1	1	0.00	0.00	0.55	2.48	0.00
1	5	0.00	0.00	0.34	1.19	0.00
2	2	0.00	0.03	1.22	0.30	0.00
2	6	0.00	0.01	0.79	0.40	0.00
3	3	0.00	0.00	8.10	90.02	0.00
3	7	0.00	0.00	0.45	1.02	0.00
Core	CPU	C1%	C3%	C6%	C8%	C9%
-	-	0.02	0.06	5.93	16.07	0.00
0	0	0.15	0.41	37.63	33.34	0.00
0	4	0.00	0.00	0.90	0.00	0.00
1	1	0.00	0.00	0.20	1.38	0.00
1	5	0.00	0.00	0.27	1.09	0.00
2	2	0.00	0.04	0.66	0.98	0.00
2	6	0.00	0.00	0.30	1.03	0.00
3	3	0.00	0.00	7.07	88.46	0.00
3	7	0.00	0.00	0.45	2.25	0.00
Core	CPU	C1%	C3%	C6%	C8%	C9%
-	-	0.01	0.09	6.24	16.10	0.00
0	0	0.12	0.71	40.26	31.91	0.00
0	4	0.00	0.00	0.94	0.00	0.00
1	1	0.00	0.00	0.23	1.18	0.00
1	5	0.00	0.02	0.29	1.10	0.00
2	2	0.00	0.02	0.49	1.27	0.00
2	6	0.00	0.00	0.38	0.89	0.00
3	3	0.00	0.00	6.94	91.28	0.00
3	7	0.00	0.00	0.40	1.19	0.00
Core	CPU	C1%	C3%	C6%	C8%	C9%
-	-	0.01	0.30	7.03	15.43	0.00
0	0	0.06	2.42	46.76	23.77	0.00
0	4	0.00	0.00	1.05	0.11	0.00
1	1	0.00	0.00	0.50	1.39	0.00
1	5	0.00	0.00	0.61	1.19	0.00
2	2	0.00	0.00	0.40	1.51	0.00
2	6	0.00	0.00	0.29	1.09	0.00
3	3	0.00	0.00	5.84	92.46	0.00
3	7	0.04	0.02	0.75	1.93	0.00
Core	CPU	C1%	C3%	C6%	C8%	C9%
-	-	0.01	0.17	6.84	15.23	0.00
0	0	0.08	1.34	45.90	25.38	0.00
0	4	0.00	0.00	0.38	0.51	0.00
1	1	0.00	0.00	0.37	0.69	0.00
1	5	0.00	0.00	0.36	0.69	0.00
2	2	0.00	0.00	0.46	0.70	0.00
2	6	0.00	0.00	0.21	0.80	0.00
3	3	0.00	0.00	6.47	91.80	0.00
3	7	0.00	0.00	0.58	1.28	0.00
Core	CPU	C1%	C3%	C6%	C8%	C9%
-	-	0.44	0.30	6.92	14.88	0.00
0	0	0.10	1.27	41.22	21.94	0.00
0	4	0.00	0.00	0.70	0.00	0.00
1	1	0.00	0.00	0.19	0.89	0.00
1	5	0.00	0.00	0.27	0.99	0.00
2	2	0.00	0.02	0.66	1.19	0.00
2	6	0.00	0.00	0.33	1.19	0.00
3	3	0.00	0.06	6.55	91.65	0.00
3	7	3.46	1.04	5.43	1.19	0.00
Core	CPU	C1%	C3%	C6%	C8%	C9%
-	-	0.03	0.25	6.40	15.49	0.44
0	0	0.15	1.69	38.49	30.27	0.00
0	4	0.00	0.24	3.05	0.42	0.00
1	1	0.00	0.02	0.68	0.21	0.00
1	5	0.00	0.00	0.10	0.99	0.00
2	2	0.00	0.03	0.84	1.28	0.00
2	6	0.00	0.00	0.46	0.89	0.00
3	3	0.00	0.00	6.82	88.86	0.00
3	7	0.05	0.03	0.79	0.98	3.48
Core	CPU	C1%	C3%	C6%	C8%	C9%
-	-	0.02	0.13	6.47	15.82	0.00
0	0	0.12	1.00	40.53	31.43	0.00
0	4	0.00	0.00	0.86	0.00	0.00
1	1	0.00	0.03	0.97	0.59	0.00
1	5	0.00	0.00	0.23	1.18	0.00
2	2	0.00	0.01	6.12	65.25	0.00
2	6	0.00	0.00	0.10	1.08	0.00
3	3	0.00	0.00	2.15	26.59	0.00
3	7	0.00	0.00	0.81	0.40	0.00
Core	CPU	C1%	C3%	C6%	C8%	C9%
-	-	0.02	0.22	6.71	15.42	0.00
0	0	0.13	1.74	41.65	29.55	0.00
0	4	0.00	0.00	0.49	0.50	0.00
1	1	0.00	0.00	0.74	0.79	0.00
1	5	0.00	0.00	0.36	0.79	0.00
2	2	0.00	0.01	1.04	2.08	0.00
2	6	0.00	0.00	0.41	0.60	0.00
3	3	0.00	0.00	8.30	88.18	0.00
3	7	0.00	0.01	0.69	0.89	0.00
Core	CPU	C1%	C3%	C6%	C8%	C9%
-	-	0.01	0.10	6.42	15.66	0.00
0	0	0.12	0.79	41.62	30.12	0.00
0	4	0.00	0.02	0.69	0.10	0.00
1	1	0.00	0.00	0.44	0.89	0.00
1	5	0.00	0.00	0.19	0.98	0.00
2	2	0.00	0.00	0.52	1.39	0.00
2	6	0.00	0.00	0.15	0.60	0.00
3	3	0.00	0.00	7.03	91.22	0.00
3	7	0.00	0.00	0.70	0.00	0.00
Core	CPU	C1%	C3%	C6%	C8%	C9%
-	-	0.01	0.13	6.55	15.55	0.00
0	0	0.11	0.97	42.74	28.78	0.00
0	4	0.00	0.00	0.75	0.00	0.00
1	1	0.00	0.00	0.67	0.55	0.00
1	5	0.00	0.02	0.29	0.89	0.00
2	2	0.00	0.01	0.21	1.00	0.00
2	6	0.00	0.01	0.28	0.98	0.00
3	3	0.00	0.02	6.70	91.51	0.00
3	7	0.00	0.01	0.78	0.73	0.00
Core	CPU	C1%	C3%	C6%	C8%	C9%
-	-	0.02	0.37	6.56	14.91	0.67
0	0	0.14	2.88	41.24	27.77	0.00
0	4	0.00	0.00	0.66	0.11	5.38
1	1	0.00	0.00	1.20	0.09	0.00
1	5	0.00	0.03	0.10	0.99	0.00
2	2	0.00	0.00	0.80	0.30	0.00
2	6	0.00	0.00	0.49	0.71	0.00
3	3	0.00	0.00	7.76	87.87	0.00
3	7	0.04	0.03	0.22	1.48	0.00
Core	CPU	C1%	C3%	C6%	C8%	C9%
-	-	0.03	0.05	6.15	16.19	0.00
0	0	0.21	0.26	37.12	35.47	0.00
0	4	0.00	0.00	1.16	0.00	0.00
1	1	0.00	0.00	0.92	0.90	0.00
1	5	0.00	0.00	0.22	0.69	0.00
2	2	0.00	0.11	0.23	0.89	0.00
2	6	0.00	0.00	0.40	1.20	0.00
3	3	0.00	0.00	8.27	89.93	0.00
3	7	0.00	0.01	0.88	0.48	0.00
Core	CPU	C1%	C3%	C6%	C8%	C9%
-	-	0.03	0.13	5.94	16.32	0.24
0	0	0.21	1.04	37.66	34.23	0.00
0	4	0.00	0.00	0.70	0.00	0.00
1	1	0.00	0.00	0.65	1.66	0.89
1	5	0.00	0.00	0.36	1.09	0.00
2	2	0.00	0.00	0.24	0.79	0.00
2	6	0.00	0.00	0.34	1.20	0.00
3	3	0.00	0.00	7.18	90.92	0.00
3	7	0.00	0.00	0.38	0.69	1.00
Core	CPU	C1%	C3%	C6%	C8%	C9%
-	-	0.02	0.12	6.39	15.80	0.69
0	0	0.20	0.87	39.91	32.11	0.00
0	4	0.00	0.00	0.73	0.00	4.50
1	1	0.00	0.02	0.39	0.99	0.00
1	5	0.00	0.00	0.20	0.99	0.00
2	2	0.00	0.00	0.29	0.89	0.00
2	6	0.00	0.00	0.57	1.19	0.00
3	3	0.00	0.00	8.79	89.44	0.00
3	7	0.00	0.03	0.22	0.79	1.00
Core	CPU	C1%	C3%	C6%	C8%	C9%
-	-	0.04	0.42	7.47	14.33	4.16
0	0	0.13	3.29	50.55	19.27	0.00
0	4	0.00	0.00	0.66	0.80	33.24
1	1	0.00	0.00	0.70	0.00	0.00
1	5	0.00	0.02	0.20	0.89	0.00
2	2	0.10	0.00	0.00	0.79	0.00
2	6	0.00	0.00	0.39	1.10	0.00
3	3	0.00	0.01	7.13	91.18	0.00
3	7	0.08	0.00	0.15	0.59	0.00
Core	CPU	C1%	C3%	C6%	C8%	C9%
-	-	0.02	0.24	5.90	15.75	0.01
0	0	0.18	1.93	37.26	32.67	0.00
0	4	0.00	0.00	0.79	0.48	0.00
1	1	0.00	0.00	0.57	0.69	0.00
1	5	0.00	0.00	0.36	0.89	0.00
2	2	0.00	0.00	0.24	0.69	0.00
2	6	0.00	0.00	0.43	1.30	0.00
3	3	0.00	0.00	7.13	88.46	0.00
3	7	0.00	0.00	0.41	0.79	0.10
Core	CPU	C1%	C3%	C6%	C8%	C9%
-	-	0.03	0.27	6.96	14.98	10.11
0	0	0.15	2.17	45.46	25.36	0.00
0	4	0.00	0.00	0.62	0.00	80.89
1	1	0.00	0.00	0.20	1.19	0.00
1	5	0.00	0.00	0.19	0.79	0.00
2	2	0.00	0.00	0.37	0.79	0.00
2	6	0.00	0.00	0.57	1.09	0.00
3	3	0.00	0.00	7.66	90.65	0.00
3	7	0.10	0.01	0.64	0.00	0.00
Core	CPU	C1%	C3%	C6%	C8%	C9%
-	-	0.02	0.17	6.37	16.14	0.11
0	0	0.20	1.37	38.51	33.09	0.00
0	4	0.00	0.03	0.98	0.40	0.00
1	1	0.00	0.00	0.45	0.99	0.89
1	5	0.00	0.00	0.29	1.18	0.00
2	2	0.00	0.00	0.96	1.18	0.00
2	6	0.00	0.00	0.65	1.59	0.00
3	3	0.00	0.00	8.53	89.71	0.00
3	7	0.00	0.00	0.58	0.99	0.00
Core	CPU	C1%	C3%	C6%	C8%	C9%
-	-	0.02	0.28	7.38	14.76	1.98
0	0	0.12	2.26	45.74	24.96	0.00
0	4	0.00	0.00	0.63	0.20	15.86
1	1	0.00	0.00	0.99	0.39	0.00
1	5	0.00	0.00	0.49	1.87	0.00
2	2	0.00	0.00	0.37	0.79	0.00
2	6	0.00	0.00	0.57	1.10	0.00
3	3	0.00	0.00	9.52	88.80	0.00
3	7	0.00	0.01	0.78	0.00	0.00
Core	CPU	C1%	C3%	C6%	C8%	C9%
-	-	0.68	0.64	7.47	18.28	2.64
0	0	0.09	2.69	44.14	17.94	0.00
0	4	0.00	0.02	0.77	0.49	21.11
1	1	5.34	2.13	6.79	1.29	0.00
1	5	0.00	0.00	0.32	1.39	0.00
2	2	0.01	0.20	0.62	29.46	0.00
2	6	0.00	0.00	0.59	1.28	0.00
3	3	0.00	0.02	6.10	92.27	0.00
3	7	0.00	0.02	0.46	2.16	0.00
Core	CPU	C1%	C3%	C6%	C8%	C9%
-	-	0.03	0.40	6.55	14.83	0.21
0	0	0.16	3.15	39.70	29.36	0.00
0	4	0.00	0.00	0.87	0.00	1.60
1	1	0.00	0.00	0.56	0.20	0.00
1	5	0.00	0.00	0.25	0.89	0.00
2	2	0.00	0.03	0.70	0.00	0.00
2	6	0.00	0.04	1.30	0.30	0.00
3	3	0.00	0.00	8.53	87.38	0.00
3	7	0.07	0.00	0.53	0.50	0.08
Core	CPU	C1%	C3%	C6%	C8%	C9%
-	-	0.02	0.09	6.34	16.06	0.00
0	0	0.20	0.67	39.27	32.93	0.00
0	4	0.00	0.00	0.99	0.00	0.00
1	1	0.00	0.00	0.71	0.89	0.00
1	5	0.00	0.00	0.28	1.08	0.00
2	2	0.00	0.00	0.56	0.89	0.00
2	6	0.00	0.01	0.64	1.18	0.00
3	3	0.00	0.03	8.00	90.18	0.00
3	7	0.00	0.00	0.30	1.28	0.00
Core	CPU	C1%	C3%	C6%	C8%	C9%
-	-	0.05	0.26	6.59	15.45	0.67
0	0	0.16	2.02	41.30	29.65	0.00
0	4	0.00	0.00	0.71	0.21	5.39
1	1	0.00	0.01	0.87	0.49	0.00
1	5	0.00	0.01	0.70	0.19	0.00
2	2	0.00	0.00	0.30	1.08	0.00
2	6	0.00	0.00	0.58	1.38	0.00
3	3	0.00	0.01	8.00	89.95	0.00
3	7	0.25	0.00	0.27	0.69	0.00
Core	CPU	C1%	C3%	C6%	C8%	C9%
-	-	0.02	0.34	7.20	14.71	3.79
0	0	0.12	2.67	47.29	23.10	0.00
0	4	0.00	0.00	0.76	0.20	30.30
1	1	0.00	0.00	0.65	0.60	0.00
1	5	0.00	0.00	0.43	0.70	0.00
2	2	0.00	0.02	0.29	1.61	0.00
2	6	0.00	0.00	0.40	0.91	0.00
3	3	0.00	0.00	7.64	89.85	0.00
3	7	0.00	0.02	0.14	0.69	0.01
Core	CPU	C1%	C3%	C6%	C8%	C9%
-	-	0.02	0.09	6.34	16.21	0.70
0	0	0.18	0.73	39.09	33.02	0.00
0	4	0.00	0.02	0.86	0.70	4.57
1	1	0.00	0.00	0.71	1.50	0.00
1	5	0.00	0.00	1.22	1.99	0.00
2	2	0.00	0.00	2.22	23.35	0.00
2	6	0.00	0.00	0.35	1.19	0.00
3	3	0.00	0.00	5.89	67.46	0.00
3	7	0.00	0.00	0.42	0.49	1.00
Core	CPU	C1%	C3%	C6%	C8%	C9%
-	-	0.01	0.73	7.93	13.92	4.45
0	0	0.09	5.72	53.31	13.60	0.00
0	4	0.00	0.00	1.07	0.01	35.63
1	1	0.00	0.03	0.96	1.93	0.00
1	5	0.00	0.00	0.27	1.19	0.00
2	2	0.00	0.00	4.50	69.92	0.00
2	6	0.00	0.00	0.92	3.06	0.00
3	3	0.00	0.03	2.15	20.86	0.00
3	7	0.00	0.09	0.27	0.79	0.00
Core	CPU	C1%	C3%	C6%	C8%	C9%
-	-	0.03	0.05	6.10	16.41	0.00
0	0	0.19	0.39	37.72	34.69	0.00
0	4	0.02	0.03	0.88	0.58	0.00
1	1	0.00	0.01	0.63	1.58	0.00
1	5	0.00	0.00	0.10	0.99	0.00
2	2	0.00	0.00	8.35	89.88	0.00
2	6	0.00	0.00	0.58	1.39	0.00
3	3	0.00	0.00	0.24	1.09	0.00
3	7	0.00	0.00	0.32	1.09	0.00
Core	CPU	C1%	C3%	C6%	C8%	C9%
-	-	0.02	0.16	6.11	15.96	0.36
0	0	0.19	1.20	38.94	32.78	0.00
0	4	0.00	0.00	0.83	0.10	2.91
1	1	0.00	0.00	0.44	0.59	0.00
1	5	0.00	0.00	0.14	0.79	0.00
2	2	0.00	0.01	0.94	7.60	0.00
2	6	0.00	0.03	0.58	0.99	0.00
3	3	0.00	0.00	6.57	84.21	0.00
3	7	0.00	0.00	0.46	0.59	0.00
Core	CPU	C1%	C3%	C6%	C8%	C9%
-	-	0.02	0.05	6.07	16.04	0.00
0	0	0.18	0.41	37.75	34.56	0.00
0	4	0.00	0.00	0.69	0.00	0.00
1	1	0.00	0.00	0.28	0.79	0.00
1	5	0.00	0.00	0.36	0.69	0.00
2	2	0.00	0.00	0.25	1.09	0.00
2	6	0.00	0.02	0.44	0.70	0.00
3	3	0.00	0.00	8.57	89.63	0.00
3	7	0.00	0.00	0.20	0.88	0.00
Core	CPU	C1%	C3%	C6%	C8%	C9%
-	-	0.03	0.06	6.07	16.26	0.13
0	0	0.20	0.38	37.50	35.01	0.00
0	4	0.00	0.00	0.73	0.00	0.00
1	1	0.00	0.02	1.05	1.09	0.00
1	5	0.00	0.00	0.10	1.09	0.00
2	2	0.00	0.05	0.39	0.98	0.00
2	6	0.00	0.00	0.57	1.18	0.00
3	3	0.00	0.00	8.22	89.99	0.00
3	7	0.00	0.03	0.00	0.69	1.00
Core	CPU	C1%	C3%	C6%	C8%	C9%
-	-	0.72	0.72	6.04	15.10	0.43
0	0	0.27	2.63	34.24	25.60	0.01
0	4	0.00	0.00	0.55	0.40	0.00
1	1	0.00	0.00	0.42	1.57	0.00
1	5	0.00	0.00	0.13	0.50	0.00
2	2	5.51	3.09	6.37	0.61	0.00
2	6	0.00	0.04	0.49	1.10	0.00
3	3	0.00	0.00	5.86	89.93	0.00
3	7	0.00	0.00	0.26	1.09	3.45
Core	CPU	C1%	C3%	C6%	C8%	C9%
-	-	0.03	0.16	7.07	16.68	0.37
0	0	0.15	1.13	41.61	30.30	0.00
0	4	0.00	0.01	0.58	1.96	1.93
1	1	0.00	0.04	3.55	3.91	0.00
1	5	0.00	0.00	0.37	0.89	0.00
2	2	0.07	0.02	1.07	8.88	0.00
2	6	0.00	0.00	0.62	1.50	0.00
3	3	0.00	0.01	8.01	83.19	0.00
3	7	0.00	0.04	0.73	2.81	1.00
Core	CPU	C1%	C3%	C6%	C8%	C9%
-	-	0.02	0.13	5.94	16.20	0.12
0	0	0.19	1.01	36.29	35.65	0.00
0	4	0.00	0.00	0.62	0.20	0.00
1	1	0.00	0.01	0.69	0.09	0.00
1	5	0.00	0.00	0.10	0.99	0.00
2	2	0.00	0.00	0.87	0.58	0.00
2	6	0.00	0.00	0.48	0.99	0.00
3	3	0.00	0.00	7.71	90.39	0.00
3	7	0.00	0.04	0.76	0.70	1.00
Core	CPU	C1%	C3%	C6%	C8%	C9%
-	-	0.13	0.10	6.60	16.16	0.14
0	0	0.27	0.67	40.25	31.79	0.00
0	4	0.62	0.02	0.64	1.38	1.15
1	1	0.00	0.00	0.77	2.48	0.00
1	5	0.17	0.11	0.31	0.79	0.00
2	2	0.00	0.00	1.18	0.78	0.00
2	6	0.00	0.00	0.48	1.10	0.00
3	3	0.00	0.00	8.55	89.67	0.00
3	7	0.00	0.01	0.59	1.25	0.00
Core	CPU	C1%	C3%	C6%	C8%	C9%
-	-	0.06	0.14	6.57	16.07	0.95
0	0	0.18	1.04	40.87	30.92	0.00
0	4	0.00	0.02	1.18	0.60	7.56
1	1	0.00	0.00	0.76	0.98	0.00
1	5	0.00	0.06	0.79	0.30	0.00
2	2	0.00	0.00	0.33	1.09	0.00
2	6	0.00	0.02	0.41	1.30	0.00
3	3	0.00	0.01	7.39	90.80	0.00
3	7	0.30	0.00	0.83	2.58	0.01
Core	CPU	C1%	C3%	C6%	C8%	C9%
-	-	0.02	0.56	7.63	14.02	2.23
0	0	0.09	4.41	48.80	18.83	0.00
0	4	0.06	0.02	1.36	0.19	15.72
1	1	0.00	0.00	0.49	0.60	0.00
1	5	0.00	0.00	1.20	1.34	0.00
2	2	0.00	0.00	0.46	2.08	0.00
2	6	0.00	0.02	0.64	1.28	0.00
3	3	0.04	0.00	7.19	86.57	0.00
3	7	0.00	0.00	0.90	1.28	2.12
Core	CPU	C1%	C3%	C6%	C8%	C9%
-	-	0.02	0.35	7.40	14.94	3.25
0	0	0.13	2.77	49.15	20.96	0.00
0	4	0.00	0.00	1.04	0.20	26.00
1	1	0.00	0.00	0.38	1.29	0.00
1	5	0.00	0.02	0.29	1.19	0.00
2	2	0.00	0.00	0.39	1.58	0.00
2	6	0.00	0.02	0.69	1.19	0.00
3	3	0.00	0.00	6.65	91.66	0.00
3	7	0.00	0.03	0.63	1.47	0.00
Core	CPU	C1%	C3%	C6%	C8%	C9%
-	-	0.01	0.31	6.99	15.43	0.10
0	0	0.10	2.48	45.01	25.33	0.00
0	4	0.00	0.00	1.16	0.00	0.00
1	1	0.00	0.00	1.38	1.75	0.00
1	5	0.00	0.00	0.37	1.68	0.00
2	2	0.00	0.00	0.19	0.80	0.00
2	6	0.00	0.02	0.69	0.89	0.00
3	3	0.00	0.00	6.41	91.61	0.00
3	7	0.00	0.01	0.72	1.40	0.80
Core	CPU	C1%	C3%	C6%	C8%	C9%
-	-	0.01	0.36	7.48	15.11	5.81
0	0	0.10	2.90	50.38	19.78	0.00
0	4	0.00	0.00	0.98	0.70	45.45
1	1	0.00	0.00	0.66	4.84	0.00
1	5	0.00	0.00	0.15	0.99	0.00
2	2	0.00	0.00	0.32	0.80	0.00
2	6	0.00	0.02	0.41	1.18	0.00
3	3	0.00	0.00	6.10	92.29	0.00
3	7	0.00	0.00	0.85	0.30	1.00
Core	CPU	C1%	C3%	C6%	C8%	C9%
-	-	0.03	0.08	6.52	16.32	0.12
0	0	0.18	0.62	39.84	32.36	0.00
0	4	0.08	0.01	1.09	0.09	0.00
1	1	0.00	0.00	0.77	2.97	0.00
1	5	0.00	0.00	1.07	1.61	0.00
2	2	0.00	0.00	4.14	44.88	0.00
2	6	0.00	0.00	1.14	0.80	0.00
3	3	0.01	0.05	3.73	46.64	0.00
3	7	0.00	0.00	0.38	1.18	1.00
Core	CPU	C1%	C3%	C6%	C8%	C9%
-	-	0.03	0.24	5.88	15.68	0.00
0	0	0.21	1.86	36.51	33.66	0.00
0	4	0.00	0.00	0.73	0.00	0.00
1	1	0.00	0.02	0.10	0.99	0.00
1	5	0.00	0.00	0.20	0.99	0.00
2	2	0.00	0.00	0.19	0.88	0.00
2	6	0.00	0.03	0.57	1.08	0.00
3	3	0.00	0.00	8.55	87.12	0.00
3	7	0.00	0.00	0.16	0.69	0.03
Core	CPU	C1%	C3%	C6%	C8%	C9%
-	-	1.26	0.58	6.21	18.40	0.00
0	0	0.10	0.77	29.80	21.80	0.00
0	4	0.00	0.00	0.76	0.00	0.00
1	1	10.00	3.59	11.01	0.89	0.00
1	5	0.00	0.00	0.13	0.79	0.00
2	2	0.01	0.26	0.95	29.32	0.00
2	6	0.00	0.02	0.70	0.98	0.00
3	3	0.00	0.00	5.97	92.45	0.00
3	7	0.00	0.00	0.34	0.99	0.00
Core	CPU	C1%	C3%	C6%	C8%	C9%
-	-	1.46	0.62	7.25	14.69	0.53
0	0	0.23	1.25	33.91	19.43	0.00
0	4	0.00	0.00	0.86	1.46	4.26
1	1	11.43	3.70	13.26	0.50	0.00
1	5	0.00	0.00	0.49	1.08	0.00
2	2	0.00	0.00	0.60	0.39	0.00
2	6	0.00	0.02	1.11	0.99	0.00
3	3	0.00	0.01	6.86	91.45	0.00
3	7	0.00	0.00	0.88	2.24	0.00
Core	CPU	C1%	C3%	C6%	C8%	C9%
-	-	0.05	0.08	6.37	16.08	0.04
0	0	0.35	0.55	38.34	34.02	0.00
0	4	0.00	0.00	1.36	0.00	0.33
1	1	0.00	0.02	0.69	0.59	0.00
1	5	0.00	0.00	0.29	1.19	0.00
2	2	0.00	0.00	0.93	4.71	0.00
2	6	0.00	0.00	0.67	1.29	0.00
3	3	0.00	0.00	8.17	85.84	0.00
3	7	0.07	0.04	0.48	0.99	0.00
Core	CPU	C1%	C3%	C6%	C8%	C9%
-	-	0.03	0.47	7.68	14.32	4.78
0	0	0.19	3.70	51.96	17.52	0.00
0	4	0.00	0.00	1.21	0.56	38.21
1	1	0.00	0.00	0.34	0.79	0.00
1	5	0.00	0.02	0.79	1.19	0.00
2	2	0.00	0.00	6.06	92.36	0.00
2	6	0.00	0.00	0.51	0.79	0.00
3	3	0.06	0.00	0.37	0.89	0.00
3	7	0.00	0.00	0.20	0.50	0.00
Core	CPU	C1%	C3%	C6%	C8%	C9%
-	-	0.07	0.23	5.99	15.84	0.00
0	0	0.39	1.82	36.54	33.73	0.00
0	4	0.00	0.00	0.49	0.50	0.00
1	1	0.00	0.01	1.45	0.98	0.00
1	5	0.00	0.00	0.35	0.79	0.00
2	2	0.00	0.00	7.72	87.94	0.00
2	6	0.00	0.05	0.69	1.18	0.00
3	3	0.20	0.00	0.29	0.80	0.00
3	7	0.00	0.00	0.37	0.79	0.00
Core	CPU	C1%	C3%	C6%	C8%	C9%
-	-	0.03	0.37	7.40	14.58	5.48
0	0	0.23	2.93	49.43	20.75	0.00
0	4	0.00	0.01	0.92	0.50	43.87
1	1	0.00	0.00	0.59	0.89	0.00
1	5	0.00	0.00	0.18	0.89	0.00
2	2	0.00	0.00	0.35	2.66	0.00
2	6	0.00	0.00	1.05	0.49	0.00
3	3	0.00	0.00	6.59	89.50	0.00
3	7	0.00	0.00	0.10	0.99	0.00
Core	CPU	C1%	C3%	C6%	C8%	C9%
-	-	0.04	0.19	6.37	15.79	2.67
0	0	0.34	1.48	40.20	31.27	0.00
0	4	0.00	0.00	0.84	0.40	20.38
1	1	0.00	0.00	1.08	0.15	0.00
1	5	0.00	0.02	0.80	0.30	0.00
2	2	0.00	0.00	0.30	1.19	0.00
2	6	0.00	0.00	0.63	0.99	0.00
3	3	0.00	0.00	6.92	91.03	0.00
3	7	0.00	0.02	0.17	1.00	1.01
Core	CPU	C1%	C3%	C6%	C8%	C9%
-	-	0.05	0.03	5.97	16.27	0.00
0	0	0.38	0.20	36.77	35.90	0.00
0	4	0.00	0.00	0.58	0.19	0.00
1	1	0.00	0.00	0.55	0.69	0.00
1	5	0.00	0.00	0.34	0.79	0.00
2	2	0.00	0.00	0.32	1.19	0.00
2	6	0.00	0.00	0.41	0.98	0.00
3	3	0.00	0.00	8.48	89.73	0.00
3	7	0.00	0.03	0.29	0.68	0.00
Core	CPU	C1%	C3%	C6%	C8%	C9%
-	-	0.03	0.17	6.90	15.74	0.31
0	0	0.20	1.30	41.80	29.90	0.00
0	4	0.00	0.00	0.59	0.11	2.49
1	1	0.00	0.00	0.76	1.59	0.00
1	5	0.00	0.00	0.64	1.39	0.00
2	2	0.00	0.00	2.10	18.92	0.00
2	6	0.00	0.00	0.64	1.50	0.00
3	3	0.00	0.03	8.09	70.76	0.00
3	7	0.00	0.03	0.60	1.77	0.00
Core	CPU	C1%	C3%	C6%	C8%	C9%
-	-	0.02	0.49	7.06	14.62	4.58
0	0	0.11	3.82	44.87	23.71	0.00
0	4	0.00	0.00	0.93	0.00	36.60
1	1	0.00	0.02	0.29	1.10	0.00
1	5	0.00	0.00	0.29	0.90	0.00
2	2	0.00	0.00	0.29	0.98	0.00
2	6	0.00	0.01	0.49	1.20	0.00
3	3	0.00	0.00	8.37	87.60	0.00
3	7	0.09	0.04	0.95	1.47	0.00
Core	CPU	C1%	C3%	C6%	C8%	C9%
-	-	0.02	0.13	6.54	15.90	0.00
0	0	0.14	0.95	41.81	30.03	0.00
0	4	0.00	0.00	0.77	0.00	0.00
1	1	0.00	0.00	0.57	1.80	0.00
1	5	0.00	0.00	0.43	1.38	0.00
2	2	0.00	0.02	7.44	90.81	0.00
2	6	0.00	0.00	0.40	0.91	0.00
3	3	0.05	0.00	0.38	1.39	0.00
3	7	0.00	0.05	0.54	0.89	0.00
Core	CPU	C1%	C3%	C6%	C8%	C9%
-	-	0.02	0.18	6.25	15.69	0.00
0	0	0.17	1.48	40.48	30.95	0.00
0	4	0.00	0.00	0.88	0.00	0.00
1	1	0.00	0.00	0.27	0.89	0.00
1	5	0.00	0.00	0.36	0.69	0.00
2	2	0.00	0.00	7.26	91.01	0.00
2	6	0.00	0.00	0.34	0.71	0.00
3	3	0.00	0.00	0.10	0.60	0.00
3	7	0.00	0.00	0.29	0.69	0.00
Core	CPU	C1%	C3%	C6%	C8%	C9%
-	-	0.02	0.15	6.73	15.70	3.16
0	0	0.13	1.14	41.92	29.80	0.00
0	4	0.00	0.00	0.79	0.09	25.25
1	1	0.00	0.00	0.98	1.38	0.00
1	5	0.00	0.00	0.27	0.79	0.00
2	2	0.00	0.01	0.48	2.37	0.00
2	6	0.00	0.01	0.55	1.77	0.00
3	3	0.00	0.03	8.64	88.13	0.00
3	7	0.00	0.00	0.19	1.29	0.00
Core	CPU	C1%	C3%	C6%	C8%	C9%
-	-	0.02	0.08	6.18	15.88	0.12
0	0	0.15	0.56	38.55	33.71	0.00
0	4	0.00	0.00	0.74	0.00	0.00
1	1	0.00	0.02	0.19	0.80	0.00
1	5	0.00	0.00	0.00	0.79	0.00
2	2	0.00	0.00	0.58	0.18	0.00
2	6	0.00	0.00	0.59	1.29	0.00
3	3	0.00	0.04	8.79	89.38	0.00
3	7	0.00	0.01	0.04	0.88	1.00
Core	CPU	C1%	C3%	C6%	C8%	C9%
-	-	0.02	0.25	6.04	15.66	0.04
0	0	0.18	1.98	37.05	32.97	0.00
0	4	0.00	0.00	0.56	0.50	0.00
1	1	0.00	0.00	0.28	1.77	0.00
1	5	0.00	0.00	0.23	0.89	0.00
2	2	0.00	0.00	0.30	0.60	0.00
2	6	0.00	0.00	0.50	1.10	0.00
3	3	0.00	0.00	8.49	87.10	0.00
3	7	0.00	0.00	0.91	0.38	0.28
Core	CPU	C1%	C3%	C6%	C8%	C9%
-	-	0.02	0.07	6.28	16.15	0.12
0	0	0.16	0.59	38.93	33.34	0.00
0	4	0.00	0.00	0.49	0.29	0.00
1	1	0.00	0.00	0.50	1.98	0.00
1	5	0.00	0.00	0.65	0.99	0.00
2	2	0.00	0.00	0.82	0.79	0.00
2	6	0.00	0.01	0.91	0.21	0.00
3	3	0.00	0.00	7.51	90.72	0.00
3	7	0.00	0.00	0.46	0.89	1.00
Core	CPU	C1%	C3%	C6%	C8%	C9%
-	-	0.02	0.25	6.62	15.75	0.10
0	0	0.12	1.94	42.81	28.06	0.00
0	4	0.00	0.02	0.49	0.21	0.00
1	1	0.00	0.01	1.00	1.97	0.00
1	5	0.00	0.00	0.38	1.49	0.00
2	2	0.00	0.00	0.37	0.88	0.00
2	6	0.00	0.00	0.55	1.00	0.00
3	3	0.00	0.00	7.13	90.85	0.00
3	7	0.00	0.02	0.26	1.56	0.79
Core	CPU	C1%	C3%	C6%	C8%	C9%
-	-	0.02	0.12	6.68	15.58	0.00
0	0	0.13	0.97	41.88	29.88	0.00
0	4	0.00	0.00	0.64	0.00	0.00
1	1	0.00	0.00	1.02	0.79	0.00
1	5	0.00	0.02	0.89	0.39	0.00
2	2	0.00	0.00	0.20	0.89	0.00
2	6	0.00	0.00	0.70	1.88	0.00
3	3	0.00	0.00	7.41	90.83	0.00
3	7	0.00	0.00	0.72	0.00	0.00
Core	CPU	C1%	C3%	C6%	C8%	C9%
-	-	0.01	0.15	6.76	15.90	0.03
0	0	0.09	1.13	42.56	28.87	0.00
0	4	0.00	0.00	0.83	0.40	0.26
1	1	0.00	0.00	0.37	2.35	0.00
1	5	0.00	0.00	0.38	0.97	0.00
2	2	0.00	0.00	0.91	0.90	0.00
2	6	0.00	0.00	0.91	0.30	0.00
3	3	0.00	0.02	7.18	91.00	0.00
3	7	0.00	0.00	0.93	2.41	0.00
Core	CPU	C1%	C3%	C6%	C8%	C9%
-	-	0.02	0.28	6.06	15.74	0.00
0	0	0.15	2.21	38.28	31.55	0.00
0	4	0.00	0.00	0.29	0.40	0.00
1	1	0.00	0.00	0.43	0.54	0.00
1	5	0.00	0.00	0.58	1.50	0.00
2	2	0.00	0.00	0.54	0.69	0.00
2	6	0.00	0.04	0.72	0.89	0.00
3	3	0.00	0.00	7.15	88.44	0.00
3	7	0.00	0.01	0.51	1.86	0.03
Core	CPU	C1%	C3%	C6%	C8%	C9%
-	-	0.02	0.11	6.34	16.32	5.80
0	0	0.14	0.76	39.95	32.16	0.00
0	4	0.00	0.00	0.33	0.49	46.44
1	1	0.00	0.04	1.39	1.39	0.00
1	5	0.00	0.00	0.38	1.87	0.00
2	2	0.00	0.00	3.91	47.77	0.00
2	6	0.00	0.04	0.76	1.08	0.00
3	3	0.01	0.01	3.65	44.38	0.00
3	7	0.00	0.00	0.35	1.37	0.00
Core	CPU	C1%	C3%	C6%	C8%	C9%
-	-	0.03	0.21	6.45	15.73	0.00
0	0	0.14	1.61	40.79	30.67	0.00
0	4	0.00	0.00	0.57	0.19	0.00
1	1	0.00	0.00	0.64	0.50	0.00
1	5	0.00	0.00	0.14	0.78	0.00
2	2	0.00	0.01	8.14	89.83	0.00
2	6	0.07	0.02	0.50	1.00	0.00
3	3	0.00	0.00	0.57	1.09	0.00
3	7	0.00	0.00	0.26	1.76	0.00
Core	CPU	C1%	C3%	C6%	C8%	C9%
-	-	0.01	0.26	7.05	18.92	1.79
0	0	0.10	1.84	45.26	26.43	0.00
0	4	0.00	0.00	0.71	0.00	13.34
1	1	0.00	0.00	0.24	1.69	0.00
1	5	0.00	0.00	0.37	1.09	0.00
2	2	0.01	0.24	1.29	33.56	0.00
2	6	0.00	0.03	1.09	0.69	0.00
3	3	0.00	0.00	7.13	86.81	0.00
3	7	0.00	0.00	0.29	1.09	1.01
Core	CPU	C1%	C3%	C6%	C8%	C9%
-	-	0.10	0.15	6.65	15.92	0.00
0	0	0.13	1.11	41.38	30.41	0.00
0	4	0.00	0.10	2.32	1.12	0.00
1	1	0.00	0.00	0.28	1.40	0.00
1	5	0.00	0.00	0.37	1.39	0.00
2	2	0.68	0.00	0.85	0.60	0.00
2	6	0.00	0.00	0.45	0.90	0.00
3	3	0.00	0.02	7.41	90.71	0.00
3	7	0.00	0.00	0.13	0.87	0.00
Core	CPU	C1%	C3%	C6%	C8%	C9%
-	-	0.02	0.17	6.31	15.84	0.40
0	0	0.16	1.23	38.08	31.80	0.00
0	4	0.00	0.00	1.79	0.60	0.00
1	1	0.00	0.00	1.37	1.99	0.00
1	5	0.00	0.01	0.99	0.49	0.00
2	2	0.00	0.00	0.20	0.79	0.00
2	6	0.00	0.00	0.58	1.59	0.00
3	3	0.00	0.00	7.19	88.27	0.00
3	7	0.00	0.09	0.29	1.19	3.19
Core	CPU	C1%	C3%	C6%	C8%	C9%
-	-	0.02	0.08	6.25	15.97	0.00
0	0	0.14	0.65	39.49	32.73	0.00
0	4	0.00	0.00	0.67	0.00	0.00
1	1	0.00	0.00	0.36	0.69	0.00
1	5	0.00	0.00	0.14	0.99	0.00
2	2	0.00	0.02	8.28	89.95	0.00
2	6	0.00	0.00	0.31	0.90	0.00
3	3	0.00	0.00	0.29	0.98	0.00
3	7	0.00	0.00	0.45	1.49	0.00
Core	CPU	C1%	C3%	C6%	C8%	C9%
-	-	0.03	0.24	6.53	15.78	1.25
0	0	0.16	1.92	41.70	29.37	0.00
0	4	0.00	0.00	0.78	0.10	9.96
1	1	0.00	0.00	0.19	1.47	0.00
1	5	0.00	0.00	0.42	0.79	0.00
2	2	0.00	0.00	7.23	90.77	0.00
2	6	0.00	0.00	0.44	1.19	0.00
3	3	0.00	0.00	0.20	0.99	0.00
3	7	0.07	0.00	1.27	1.57	0.00
Core	CPU	C1%	C3%	C6%	C8%	C9%
-	-	0.02	0.02	5.84	16.25	0.00
0	0	0.20	0.11	36.49	36.23	0.00
0	4	0.00	0.02	0.59	0.00	0.00
1	1	0.00	0.00	0.19	0.80	0.00
1	5	0.00	0.00	0.48	0.40	0.00
2	2	0.00	0.00	7.81	90.40	0.00
2	6	0.00	0.00	0.55	1.00	0.00
3	3	0.00	0.00	0.22	0.50	0.00
3	7	0.00	0.00	0.39	0.69	0.00
Core	CPU	C1%	C3%	C6%	C8%	C9%
-	-	0.02	0.28	7.05	15.10	7.40
0	0	0.13	2.23	46.77	23.81	0.00
0	4	0.00	0.02	0.68	0.22	59.17
1	1	0.00	0.00	0.85	1.40	0.00
1	5	0.00	0.00	0.29	0.88	0.00
2	2	0.00	0.00	6.80	91.55	0.00
2	6	0.00	0.01	0.56	1.19	0.00
3	3	0.00	0.00	0.22	0.92	0.00
3	7	0.00	0.00	0.27	0.88	0.00
Core	CPU	C1%	C3%	C6%	C8%	C9%
-	-	0.02	0.31	6.14	15.73	0.39
0	0	0.15	2.43	38.93	30.83	0.00
0	4	0.00	0.00	0.53	1.01	0.00
1	1	0.00	0.00	0.82	0.60	0.00
1	5	0.00	0.00	0.59	0.69	0.00
2	2	0.00	0.00	0.39	1.29	0.00
2	6	0.00	0.03	0.77	1.29	0.00
3	3	0.00	0.00	6.80	88.98	0.00
3	7	0.00	0.00	0.33	1.18	3.09
Core	CPU	C1%	C3%	C6%	C8%	C9%
-	-	0.02	0.06	6.27	16.40	0.11
0	0	0.15	0.45	38.42	33.97	0.00
0	4	0.00	0.00	0.87	0.58	0.00
1	1	0.00	0.00	0.70	1.59	0.00
1	5	0.00	0.00	0.50	1.99	0.00
2	2	0.00	0.00	0.19	0.70	0.00
2	6	0.00	0.00	0.40	1.19	0.00
3	3	0.00	0.00	8.46	89.76	0.00
3	7	0.00	0.00	0.61	1.39	0.90
Core	CPU	C1%	C3%	C6%	C8%	C9%
-	-	0.02	0.23	6.35	15.64	0.00
0	0	0.16	1.80	41.00	30.24	0.00
0	4	0.00	0.00	0.57	0.29	0.00
1	1	0.00	0.00	0.27	0.71	0.00
1	5	0.00	0.00	0.36	0.79	0.00
2	2	0.00	0.00	0.24	0.69	0.00
2	6	0.00	0.00	0.34	1.00	0.00
3	3	0.00	0.00	7.46	90.71	0.00
3	7	0.00	0.01	0.56	0.68	0.00
Core	CPU	C1%	C3%	C6%	C8%	C9%
-	-	0.01	0.31	7.60	15.47	1.85
0	0	0.11	2.37	47.72	22.90	0.00
0	4	0.00	0.02	1.82	1.18	14.82
1	1	0.00	0.00	0.78	3.86	0.00
1	5	0.00	0.00	0.27	0.79	0.00
2	2	0.00	0.00	0.26	0.79	0.00
2	6	0.00	0.00	0.55	1.39	0.00
3	3	0.00	0.04	8.10	90.13	0.00
3	7	0.00	0.05	1.31	2.69	0.00
Core	CPU	C1%	C3%	C6%	C8%	C9%
-	-	0.03	0.12	6.36	15.88	0.10
0	0	0.16	0.87	39.14	32.79	0.00
0	4	0.00	0.00	0.94	0.00	0.00
1	1	0.00	0.02	0.36	1.09	0.00
1	5	0.00	0.00	0.59	0.88	0.00
2	2	0.00	0.01	0.19	0.89	0.00
2	6	0.00	0.00	0.59	1.10	0.00
3	3	0.00	0.04	8.19	89.98	0.00
3	7	0.08	0.01	0.85	0.29	0.80
Core	CPU	C1%	C3%	C6%	C8%	C9%
-	-	0.02	0.33	6.57	15.27	2.12
0	0	0.17	2.62	41.66	27.28	0.60
0	4	0.00	0.00	1.04	0.00	12.86
1	1	0.00	0.00	0.82	1.49	0.00
1	5	0.00	0.00	0.46	2.17	0.00
2	2	0.00	0.00	6.44	68.26	0.00
2	6	0.00	0.00	0.60	0.80	0.00
3	3	0.02	0.01	1.15	20.69	0.00
3	7	0.00	0.03	0.41	1.48	3.51
Core	CPU	C1%	C3%	C6%	C8%	C9%
-	-	0.02	0.02	6.02	16.26	0.00
0	0	0.18	0.12	36.45	36.24	0.00
0	4	0.00	0.00	0.78	0.20	0.00
1	1	0.00	0.00	0.36	0.79	0.00
1	5	0.00	0.00	0.15	0.79	0.00
2	2	0.00	0.00	8.09	90.12	0.00
2	6	0.00	0.00	0.90	0.71	0.00
3	3	0.00	0.00	1.08	0.40	0.00
3	7	0.00	0.00	0.37	0.80	0.00
Core	CPU	C1%	C3%	C6%	C8%	C9%
-	-	0.28	0.27	6.37	15.78	0.00
0	0	0.11	1.39	37.95	30.55	0.00
0	4	0.00	0.01	0.69	0.18	0.00
1	1	0.00	0.01	0.70	1.08	0.00
1	5	0.00	0.08	0.44	0.50	0.00
2	2	2.12	0.65	3.53	4.84	0.00
2	6	0.00	0.00	0.30	0.80	0.00
3	3	0.00	0.02	6.97	87.10	0.00
3	7	0.00	0.00	0.39	1.18	0.00
Core	CPU	C1%	C3%	C6%	C8%	C9%
-	-	0.03	0.12	6.38	15.88	0.00
0	0	0.15	0.93	40.09	31.97	0.00
0	4	0.00	0.00	0.84	0.00	0.00
1	1	0.00	0.02	0.69	1.49	0.00
1	5	0.00	0.00	0.60	0.30	0.00
2	2	0.00	0.00	0.19	0.99	0.00
2	6	0.00	0.00	0.49	1.19	0.00
3	3	0.00	0.00	7.75	90.38	0.00
3	7	0.08	0.00	0.42	0.69	0.00
Core	CPU	C1%	C3%	C6%	C8%	C9%
-	-	0.02	0.08	6.17	16.14	0.00
0	0	0.15	0.61	38.99	33.38	0.00
0	4	0.00	0.00	0.76	0.00	0.00
1	1	0.00	0.00	0.54	1.37	0.00
1	5	0.00	0.00	0.62	0.79	0.00
2	2	0.00	0.00	0.10	0.70	0.00
2	6	0.00	0.02	0.68	0.90	0.00
3	3	0.00	0.02	7.29	90.80	0.00
3	7	0.00	0.00	0.37	1.19	0.00
Core	CPU	C1%	C3%	C6%	C8%	C9%
-	-	0.02	0.23	5.75	15.96	0.45
0	0	0.18	1.86	36.42	33.58	0.00
0	4	0.00	0.00	0.36	0.61	0.00
1	1	0.00	0.00	0.36	0.79	0.00
1	5	0.00	0.00	0.24	1.30	0.00
2	2	0.00	0.00	4.38	54.39	0.00
2	6	0.00	0.00	1.02	0.60	0.00
3	3	0.00	0.00	2.97	35.13	0.00
3	7	0.00	0.00	0.27	1.28	3.63
Core	CPU	C1%	C3%	C6%	C8%	C9%
-	-	0.03	0.14	6.57	15.71	0.00
0	0	0.16	1.07	41.72	30.14	0.00
0	4	0.00	0.01	0.59	0.00	0.00
1	1	0.00	0.00	0.84	0.89	0.00
1	5	0.00	0.00	0.37	1.28	0.00
2	2	0.00	0.00	0.25	0.98	0.00
2	6	0.00	0.00	0.84	1.20	0.00
3	3	0.00	0.01	7.65	90.62	0.00
3	7	0.07	0.00	0.29	0.60	0.00
Core	CPU	C1%	C3%	C6%	C8%	C9%
-	-	0.09	0.20	6.39	15.56	0.10
0	0	0.15	1.58	40.56	30.67	0.00
0	4	0.00	0.00	0.68	0.50	0.00
1	1	0.00	0.02	0.80	0.10	0.00
1	5	0.59	0.00	0.52	0.40	0.78
2	2	0.00	0.00	0.19	0.89	0.00
2	6	0.00	0.00	0.57	0.99	0.00
3	3	0.00	0.00	7.79	90.15	0.00
3	7	0.00	0.02	0.04	0.78	0.00
Core	CPU	C1%	C3%	C6%	C8%	C9%
-	-	0.02	0.07	6.28	15.90	0.00
0	0	0.17	0.52	38.60	33.74	0.00
0	4	0.00	0.00	1.40	0.11	0.00
1	1	0.00	0.00	0.54	0.99	0.00
1	5	0.00	0.00	0.63	0.50	0.00
2	2	0.00	0.01	0.29	0.40	0.00
2	6	0.00	0.02	0.41	0.89	0.00
3	3	0.00	0.01	8.07	90.15	0.00
3	7	0.00	0.00	0.28	0.40	0.00
Core	CPU	C1%	C3%	C6%	C8%	C9%
-	-	0.60	0.40	7.72	18.66	0.55
0	0	0.09	1.77	38.11	21.08	0.00
0	4	0.01	0.18	5.32	1.53	4.38
1	1	0.00	0.00	0.40	2.54	0.00
1	5	0.00	0.00	0.25	1.28	0.00
2	2	4.63	1.16	9.05	29.24	0.00
2	6	0.07	0.04	1.36	0.87	0.00
3	3	0.00	0.04	6.77	91.43	0.00
3	7	0.00	0.00	0.51	1.29	0.00
Core	CPU	C1%	C3%	C6%	C8%	C9%
-	-	0.03	0.43	7.14	14.88	8.80
0	0	0.13	3.39	43.36	25.37	0.00
0	4	0.00	0.02	0.28	0.21	69.44
1	1	0.00	0.00	1.15	1.59	0.00
1	5	0.00	0.00	0.19	0.99	0.00
2	2	0.00	0.00	1.04	1.29	0.00
2	6	0.00	0.00	1.74	1.77	0.00
3	3	0.00	0.00	8.96	86.68	0.00
3	7	0.07	0.00	0.37	1.19	0.99
Core	CPU	C1%	C3%	C6%	C8%	C9%
-	-	0.04	0.07	6.20	16.24	0.00
0	0	0.15	0.51	38.82	33.53	0.00
0	4	0.00	0.00	0.94	0.00	0.00
1	1	0.00	0.00	0.33	0.98	0.00
1	5	0.00	0.02	0.29	1.38	0.00
2	2	0.00	0.00	0.20	1.28	0.00
2	6	0.00	0.00	0.50	1.28	0.00
3	3	0.00	0.00	8.16	90.06	0.00
3	7	0.18	0.00	0.38	1.38	0.00
Core	CPU	C1%	C3%	C6%	C8%	C9%
-	-	0.02	0.23	6.60	15.75	1.35
0	0	0.15	1.85	42.48	28.76	0.00
0	4	0.00	0.00	0.66	0.00	10.08
1	1	0.00	0.00	0.15	1.68	0.00
1	5	0.00	0.00	0.30	0.69	0.68
2	2	0.00	0.00	0.20	1.29	0.00
2	6	0.00	0.00	0.40	1.58	0.00
3	3	0.00	0.00	8.16	90.02	0.00
3	7	0.00	0.01	0.47	1.97	0.00
Core	CPU	C1%	C3%	C6%	C8%	C9%
-	-	0.02	0.03	5.96	16.33	0.00
0	0	0.15	0.19	36.73	35.83	0.00
0	4	0.00	0.00	0.67	0.40	0.00
1	1	0.00	0.00	0.36	0.70	0.00
1	5	0.00	0.00	0.55	0.39	0.00
2	2	0.00	0.00	0.32	1.20	0.00
2	6	0.00	0.00	0.40	1.40	0.00
3	3	0.00	0.00	8.29	89.91	0.00
3	7	0.00	0.01	0.37	0.78	0.00
Core	CPU	C1%	C3%	C6%	C8%	C9%
-	-	0.02	0.09	6.19	16.15	0.13
0	0	0.18	0.69	38.65	33.48	0.00
0	4	0.00	0.02	0.80	0.00	0.00
1	1	0.00	0.00	0.94	1.48	0.00
1	5	0.00	0.00	0.28	0.89	0.00
2	2	0.00	0.00	6.72	73.74	0.00
2	6	0.00	0.00	0.46	1.40	0.00
3	3	0.00	0.00	1.43	17.44	0.00
3	7	0.00	0.00	0.28	0.80	1.00
Core	CPU	C1%	C3%	C6%	C8%	C9%
-	-	0.02	0.30	6.02	16.07	0.00
0	0	0.18	2.32	37.36	32.53	0.00
0	4	0.00	0.00	0.74	0.00	0.00
1	1	0.00	0.00	0.42	0.79	0.00
1	5	0.00	0.00	0.30	1.27	0.00
2	2	0.00	0.00	7.34	88.45	0.00
2	6	0.00	0.01	1.18	2.46	0.00
3	3	0.00	0.00	0.45	0.60	0.00
3	7	0.00	0.11	0.37	2.48	0.00
Core	CPU	C1%	C3%	C6%	C8%	C9%
-	-	0.03	0.02	5.87	16.50	0.00
0	0	0.23	0.16	37.03	35.70	0.00
0	4	0.00	0.00	0.56	0.50	0.00
1	1	0.00	0.00	0.05	0.79	0.00
1	5	0.00	0.00	0.23	0.69	0.00
2	2	0.00	0.00	8.01	90.16	0.00
2	6	0.00	0.03	0.50	1.27	0.00
3	3	0.00	0.00	0.27	1.19	0.00
3	7	0.00	0.00	0.31	1.68	0.00
Core	CPU	C1%	C3%	C6%	C8%	C9%
-	-	0.03	0.10	5.89	16.29	0.00
0	0	0.21	0.77	35.95	36.28	0.00
0	4	0.00	0.00	0.59	0.28	0.00
1	1	0.00	0.00	0.36	0.89	0.00
1	5	0.00	0.00	0.15	0.99	0.00
2	2	0.00	0.00	1.62	7.69	0.00
2	6	0.00	0.04	1.27	0.30	0.00
3	3	0.00	0.00	6.79	83.16	0.00
3	7	0.00	0.00	0.37	0.69	0.00
Core	CPU	C1%	C3%	C6%	C8%	C9%
-	-	0.02	0.11	6.46	16.30	0.00
0	0	0.16	0.79	39.68	32.38	0.00
0	4	0.00	0.00	0.70	0.00	0.00
1	1	0.00	0.00	0.75	2.38	0.00
1	5	0.00	0.03	0.41	1.10	0.00
2	2	0.00	0.00	1.28	11.94	0.00
2	6	0.00	0.02	0.74	1.78	0.00
3	3	0.00	0.02	7.70	78.63	0.00
3	7	0.00	0.00	0.45	2.17	0.00
Core	CPU	C1%	C3%	C6%	C8%	C9%
-	-	0.02	0.08	6.33	15.90	0.00
0	0	0.17	0.58	39.34	33.10	0.00
0	4	0.00	0.00	0.62	0.22	0.00
1	1	0.00	0.00	0.48	1.38	0.00
1	5	0.00	0.00	0.45	1.20	0.00
2	2	0.00	0.01	8.88	89.11	0.00
2	6	0.00	0.00	0.35	0.71	0.00
3	3	0.00	0.02	0.26	0.61	0.00
3	7	0.00	0.00	0.28	0.89	0.00
Core	CPU	C1%	C3%	C6%	C8%	C9%
-	-	0.03	0.22	5.88	15.96	0.45
0	0	0.16	1.73	36.77	33.25	0.00
0	4	0.00	0.00	0.43	0.89	0.00
1	1	0.00	0.02	0.42	1.38	0.00
1	5	0.00	0.00	0.38	1.38	0.00
2	2	0.00	0.00	7.92	87.54	0.00
2	6	0.00	0.00	0.57	1.28	0.00
3	3	0.07	0.00	0.25	0.79	0.00
3	7	0.00	0.03	0.28	1.18	3.59
Core	CPU	C1%	C3%	C6%	C8%	C9%
-	-	0.02	0.04	5.93	16.37	0.00
0	0	0.18	0.27	37.24	35.34	0.00
0	4	0.00	0.00	0.85	0.10	0.00
1	1	0.00	0.00	0.34	0.89	0.00
1	5	0.00	0.00	0.13	0.99	0.00
2	2	0.00	0.01	7.74	90.46	0.00
2	6	0.00	0.00	0.40	1.20	0.00
3	3	0.00	0.00	0.28	0.89	0.00
3	7	0.00	0.00	0.48	1.07	0.00
Core	CPU	C1%	C3%	C6%	C8%	C9%
-	-	0.02	0.23	6.50	15.47	0.00
0	0	0.16	1.76	39.79	31.48	0.00
0	4	0.00	0.00	0.70	0.00	0.00
1	1	0.00	0.01	0.97	0.46	0.00
1	5	0.00	0.00	0.73	1.09	0.00
2	2	0.00	0.01	8.76	88.91	0.00
2	6	0.00	0.00	0.40	0.71	0.00
3	3	0.00	0.02	0.29	0.63	0.00
3	7	0.00	0.01	0.35	0.49	0.00
Core	CPU	C1%	C3%	C6%	C8%	C9%
-	-	0.03	0.21	6.89	15.43	8.69
0	0	0.23	1.65	44.02	27.22	0.00
0	4	0.00	0.00	0.92	0.11	69.51
1	1	0.00	0.02	0.60	0.69	0.00
1	5	0.00	0.00	0.89	0.60	0.00
2	2	0.00	0.00	0.49	1.18	0.00
2	6	0.00	0.00	0.61	1.39	0.00
3	3	0.00	0.00	6.48	91.80	0.00
3	7	0.00	0.00	1.12	0.49	0.00
Core	CPU	C1%	C3%	C6%	C8%	C9%
-	-	0.02	0.04	5.99	16.26	0.00
0	0	0.16	0.29	37.37	35.18	0.00
0	4	0.00	0.00	0.85	0.00	0.00
1	1	0.00	0.00	0.15	1.09	0.00
1	5	0.00	0.00	0.32	0.99	0.00
2	2	0.00	0.00	0.10	0.89	0.00
2	6	0.00	0.01	0.42	1.19	0.00
3	3	0.00	0.00	8.43	89.75	0.00
3	7	0.00	0.01	0.24	0.97	0.00
Core	CPU	C1%	C3%	C6%	C8%	C9%
-	-	0.02	0.23	5.96	15.87	0.12
0	0	0.17	1.82	36.50	33.66	0.00
0	4	0.00	0.00	1.16	0.00	0.00
1	1	0.00	0.00	0.24	0.89	0.00
1	5	0.00	0.00	0.23	0.98	0.00
2	2	0.00	0.00	0.20	1.29	0.00
2	6	0.00	0.00	0.51	1.69	0.00
3	3	0.00	0.00	7.59	87.96	0.00
3	7	0.00	0.00	1.21	0.47	1.00
Core	CPU	C1%	C3%	C6%	C8%	C9%
-	-	0.70	0.58	6.24	14.09	0.72
0	0	0.10	1.22	30.47	17.05	0.00
0	4	0.00	0.00	0.70	0.00	5.79
1	1	0.00	0.00	0.95	1.19	0.00
1	5	0.00	0.00	0.27	0.89	0.00
2	2	5.49	3.37	10.73	0.31	0.00
2	6	0.00	0.02	0.45	0.68	0.00
3	3	0.00	0.02	6.11	92.18	0.00
3	7	0.00	0.00	0.24	0.39	0.00
Core	CPU	C1%	C3%	C6%	C8%	C9%
-	-	0.02	0.21	6.63	15.85	0.00
0	0	0.13	1.63	41.50	29.89	0.00
0	4	0.00	0.00	1.22	0.00	0.00
1	1	0.00	0.02	0.70	1.08	0.00
1	5	0.00	0.00	0.30	1.29	0.00
2	2	0.00	0.00	0.87	1.09	0.00
2	6	0.00	0.00	0.68	1.28	0.00
3	3	0.00	0.00	7.22	90.63	0.00
3	7	0.00	0.01	0.53	1.59	0.00
Core	CPU	C1%	C3%	C6%	C8%	C9%
-	-	0.02	0.03	6.10	16.23	0.00
0	0	0.16	0.23	37.23	35.37	0.00
0	4	0.00	0.00	0.87	0.00	0.00
1	1	0.00	0.00	0.36	1.09	0.00
1	5	0.00	0.00	0.73	0.81	0.00
2	2	0.00	0.02	3.71	42.21	0.00
2	6	0.00	0.00	0.61	1.10	0.00
3	3	0.00	0.00	4.66	48.83	0.00
3	7	0.00	0.00	0.66	0.40	0.00
Core	CPU	C1%	C3%	C6%	C8%	C9%
-	-	0.05	0.29	6.92	15.07	3.79
0	0	0.14	2.32	46.16	24.54	0.00
0	4	0.00	0.03	0.96	0.00	30.33
1	1	0.00	0.00	0.28	0.88	0.00
1	5	0.00	0.00	0.46	0.50	0.00
2	2	0.00	0.00	0.15	0.79	0.00
2	6	0.00	0.00	0.53	1.40	0.00
3	3	0.00	0.00	6.55	91.75	0.00
3	7	0.25	0.00	0.29	0.69	0.00
Core	CPU	C1%	C3%	C6%	C8%	C9%
-	-	0.02	0.31	6.47	15.49	0.00
0	0	0.14	2.44	40.14	29.40	0.00
0	4	0.00	0.00	0.63	0.00	0.00
1	1	0.00	0.02	0.99	2.18	0.00
1	5	0.00	0.00	0.59	0.60	0.00
2	2	0.00	0.00	0.19	0.89	0.00
2	6	0.00	0.00	0.88	1.29	0.00
3	3	0.00	0.00	8.02	87.58	0.00
3	7	0.00	0.00	0.34	1.97	0.00
Core	CPU	C1%	C3%	C6%	C8%	C9%
-	-	0.01	0.31	7.12	14.90	4.45
0	0	0.10	2.49	47.97	22.63	0.00
0	4	0.00	0.00	1.14	0.40	35.59
1	1	0.00	0.00	0.15	1.29	0.00
1	5	0.00	0.00	0.14	0.99	0.00
2	2	0.00	0.01	0.32	0.60	0.00
2	6	0.00	0.00	0.40	0.89	0.00
3	3	0.00	0.00	6.64	91.69	0.00
3	7	0.00	0.00	0.20	0.69	0.00
Core	CPU	C1%	C3%	C6%	C8%	C9%
-	-	0.02	0.27	6.78	19.13	0.00
0	0	0.15	1.95	43.25	28.45	0.00
0	4	0.00	0.00	0.79	0.49	0.00
1	1	0.00	0.00	0.34	1.38	0.00
1	5	0.00	0.00	0.44	0.78	0.00
2	2	0.01	0.21	0.99	29.53	0.00
2	6	0.00	0.03	1.02	0.49	0.00
3	3	0.00	0.00	7.00	91.22	0.00
3	7	0.00	0.00	0.38	0.69	0.00
Core	CPU	C1%	C3%	C6%	C8%	C9%
-	-	0.02	0.12	6.38	15.96	0.80
0	0	0.17	0.91	40.63	31.37	0.00
0	4	0.00	0.01	0.89	0.00	6.36
1	1	0.00	0.01	0.10	1.09	0.00
1	5	0.00	0.00	0.28	1.18	0.00
2	2	0.00	0.00	0.94	0.50	0.00
2	6	0.00	0.00	0.53	1.30	0.00
3	3	0.00	0.00	7.47	90.74	0.00
3	7	0.00	0.00	0.18	1.50	0.00
Core	CPU	C1%	C3%	C6%	C8%	C9%
-	-	0.01	0.53	8.25	13.84	11.44
0	0	0.09	4.26	55.77	13.21	0.00
0	4	0.00	0.00	0.94	0.00	91.50
1	1	0.00	0.00	1.48	0.40	0.00
1	5	0.00	0.02	0.19	1.09	0.00
2	2	0.00	0.00	5.53	88.59	0.00
2	6	0.00	0.00	0.69	1.39	0.00
3	3	0.00	0.00	0.86	4.73	0.00
3	7	0.00	0.00	0.57	1.35	0.00
Core	CPU	C1%	C3%	C6%	C8%	C9%
-	-	0.02	0.28	5.96	15.79	0.43
0	0	0.19	2.08	36.24	33.85	0.00
0	4	0.00	0.00	1.07	0.00	0.00
1	1	0.00	0.00	0.46	0.99	0.00
1	5	0.00	0.00	0.25	1.08	0.00
2	2	0.00	0.00	7.47	81.80	0.00
2	6	0.00	0.02	0.99	0.49	0.00
3	3	0.00	0.00	0.85	7.06	0.00
3	7	0.00	0.14	0.32	1.08	3.45
Core	CPU	C1%	C3%	C6%	C8%	C9%
-	-	0.01	0.46	7.77	14.30	6.62
0	0	0.08	3.63	53.23	16.26	0.00
0	4	0.00	0.01	0.69	0.11	52.95
1	1	0.00	0.00	0.19	1.38	0.00
1	5	0.00	0.00	0.28	1.19	0.00
2	2	0.00	0.00	0.26	0.89	0.00
2	6	0.00	0.00	1.18	1.17	0.00
3	3	0.00	0.02	5.97	92.42	0.00
3	7	0.00	0.03	0.34	0.99	0.00
Core	CPU	C1%	C3%	C6%	C8%	C9%
-	-	0.02	0.20	6.43	16.25	0.00
0	0	0.13	1.58	40.23	31.07	0.00
0	4	0.00	0.00	1.03	0.00	0.00
1	1	0.00	0.00	0.32	0.80	0.00
1	5	0.00	0.00	0.27	0.99	0.00
2	2	0.00	0.00	0.29	1.38	0.00
2	6	0.00	0.00	0.62	2.05	0.00
3	3	0.00	0.00	7.79	90.45	0.00
3	7	0.00	0.02	0.85	3.22	0.00
Core	CPU	C1%	C3%	C6%	C8%	C9%
-	-	0.43	0.44	6.91	14.88	1.28
0	0	0.15	1.73	39.99	20.90	0.01
0	4	0.00	0.00	0.77	0.11	10.21
1	1	3.33	1.71	6.02	1.48	0.00
1	5	0.00	0.00	0.54	0.98	0.00
2	2	0.00	0.11	1.17	16.76	0.00
2	6	0.00	0.01	0.51	1.59	0.00
3	3	0.00	0.00	5.95	76.22	0.00
3	7	0.00	0.00	0.34	0.97	0.00
Core	CPU	C1%	C3%	C6%	C8%	C9%
-	-	0.01	0.29	7.16	14.80	3.28
0	0	0.10	2.26	47.81	22.68	0.00
0	4	0.00	0.00	0.51	0.21	26.28
1	1	0.00	0.00	0.19	0.89	0.00
1	5	0.00	0.00	0.47	0.39	0.00
2	2	0.00	0.00	7.20	91.12	0.00
2	6	0.00	0.00	0.48	1.19	0.00
3	3	0.00	0.02	0.24	0.51	0.00
3	7	0.00	0.02	0.37	1.42	0.00
Core	CPU	C1%	C3%	C6%	C8%	C9%
-	-	0.02	0.19	5.97	15.47	0.42
0	0	0.17	1.44	38.48	31.11	0.00
0	4	0.00	0.00	0.50	0.29	0.00
1	1	0.00	0.00	0.18	0.99	0.00
1	5	0.00	0.00	0.37	1.09	0.00
2	2	0.00	0.00	2.59	32.22	0.00
2	6	0.00	0.00	0.34	0.80	0.00
3	3	0.00	0.00	4.89	56.44	0.00
3	7	0.00	0.09	0.37	0.83	3.34
Core	CPU	C1%	C3%	C6%	C8%	C9%
-	-	0.02	0.19	6.64	15.55	1.55
0	0	0.14	1.47	43.59	28.53	0.00
0	4	0.00	0.00	0.79	0.00	12.38
1	1	0.00	0.00	0.19	0.89	0.00
1	5	0.00	0.00	0.27	0.79	0.00
2	2	0.00	0.00	0.16	1.09	0.00
2	6	0.00	0.02	0.55	1.48	0.00
3	3	0.00	0.02	7.38	90.92	0.00
3	7	0.00	0.00	0.16	0.68	0.00
Core	CPU	C1%	C3%	C6%	C8%	C9%
-	-	0.02	0.22	6.58	15.93	0.00
0	0	0.15	1.72	40.35	30.89	0.00
0	4	0.00	0.00	0.65	0.00	0.00
1	1	0.00	0.00	1.43	1.79	0.00
1	5	0.00	0.00	1.13	1.19	0.00
2	2	0.00	0.00	0.20	0.98	0.00
2	6	0.00	0.00	0.70	1.88	0.00
3	3	0.00	0.00	7.89	90.37	0.00
3	7	0.00	0.01	0.28	0.39	0.00
Core	CPU	C1%	C3%	C6%	C8%	C9%
-	-	1.83	0.66	6.89	14.07	0.49
0	0	0.42	1.53	31.26	16.38	0.00
0	4	0.00	0.00	0.95	0.00	3.88
1	1	14.09	3.72	14.34	1.08	0.00
1	5	0.00	0.00	0.13	0.99	0.00
2	2	0.00	0.01	0.00	0.70	0.00
2	6	0.00	0.00	0.40	1.09	0.00
3	3	0.00	0.01	7.56	90.83	0.00
3	7	0.12	0.01	0.46	1.53	0.00
Core	CPU	C1%	C3%	C6%	C8%	C9%
-	-	0.02	0.16	6.62	15.51	3.00
0	0	0.16	1.19	41.06	30.76	0.00
0	4	0.00	0.00	0.59	0.11	23.99
1	1	0.00	0.00	0.48	0.90	0.00
1	5	0.00	0.00	0.37	0.89	0.00
2	2	0.00	0.00	0.84	0.30	0.00
2	6	0.00	0.00	0.23	0.99	0.00
3	3	0.00	0.03	8.30	89.84	0.00
3	7	0.00	0.07	1.09	0.30	0.00
Core	CPU	C1%	C3%	C6%	C8%	C9%
-	-	0.02	0.31	6.05	15.47	0.00
0	0	0.17	2.28	38.24	31.46	0.00
0	4	0.00	0.00	0.79	0.00	0.00
1	1	0.00	0.00	0.19	0.89	0.00
1	5	0.00	0.00	0.27	0.89	0.00
2	2	0.00	0.00	0.35	0.79	0.00
2	6	0.00	0.00	0.23	0.78	0.00
3	3	0.00	0.02	7.02	88.54	0.00
3	7	0.00	0.19	1.27	0.40	0.03
Core	CPU	C1%	C3%	C6%	C8%	C9%
-	-	0.02	0.11	6.49	15.88	0.00
0	0	0.19	0.69	39.23	33.03	0.00
0	4	0.00	0.00	0.85	0.00	0.00
1	1	0.00	0.02	1.10	0.80	0.00
1	5	0.00	0.02	0.89	0.69	0.00
2	2	0.00	0.00	0.20	1.08	0.00
2	6	0.00	0.00	0.28	1.08	0.00
3	3	0.00	0.00	8.29	89.91	0.00
3	7	0.00	0.19	1.06	0.42	0.00
Core	CPU	C1%	C3%	C6%	C8%	C9%
-	-	0.02	0.22	6.72	15.65	0.00
0	0	0.13	1.60	41.62	29.61	0.00
0	4	0.00	0.00	0.67	0.30	0.00
1	1	0.00	0.00	0.81	0.60	0.00
1	5	0.00	0.00	0.39	1.26	0.00
2	2	0.00	0.00	0.16	1.18	0.00
2	6	0.00	0.00	0.77	0.99	0.00
3	3	0.00	0.02	7.79	90.06	0.00
3	7	0.00	0.15	1.56	1.19	0.00
Core	CPU	C1%	C3%	C6%	C8%	C9%
-	-	0.02	0.06	6.37	16.03	0.00
0	0	0.16	0.41	38.00	34.42	0.00
0	4	0.00	0.00	0.76	0.21	0.00
1	1	0.00	0.00	0.56	0.89	0.00
1	5	0.00	0.00	0.25	1.19	0.00
2	2	0.00	0.00	0.92	0.39	0.00
2	6	0.00	0.01	0.99	0.40	0.00
3	3	0.00	0.01	8.26	89.91	0.00
3	7	0.00	0.03	1.22	0.80	0.00
Core	CPU	C1%	C3%	C6%	C8%	C9%
-	-	0.03	0.13	6.40	15.93	6.46
0	0	0.17	0.91	40.01	31.94	0.00
0	4	0.00	0.00	0.79	0.11	51.66
1	1	0.00	0.00	0.44	1.49	0.00
1	5	0.00	0.00	0.27	0.79	0.00
2	2	0.00	0.00	6.64	77.28	0.00
2	6	0.00	0.00	0.73	1.30	0.00
3	3	0.05	0.02	1.38	14.12	0.00
3	7	0.00	0.08	0.92	0.40	0.00
Core	CPU	C1%	C3%	C6%	C8%	C9%
-	-	0.02	0.30	6.66	15.04	4.07
0	0	0.14	2.27	41.93	26.99	0.00
0	4	0.00	0.00	0.84	0.00	32.53
1	1	0.00	0.01	1.10	1.48	0.00
1	5	0.00	0.00	0.60	0.59	0.00
2	2	0.00	0.00	0.29	1.37	0.00
2	6	0.00	0.00	0.34	1.08	0.00
3	3	0.00	0.00	7.06	88.49	0.00
3	7	0.05	0.14	1.15	0.29	0.00
Core	CPU	C1%	C3%	C6%	C8%	C9%
-	-	0.02	0.09	6.27	15.90	0.00
0	0	0.16	0.63	38.84	33.42	0.00
0	4	0.00	0.00	0.66	0.00	0.00
1	1	0.00	0.00	0.25	0.88	0.00
1	5	0.00	0.02	0.23	0.60	0.00
2	2	0.00	0.00	0.19	0.90	0.00
2	6	0.00	0.00	0.28	0.79	0.00
3	3	0.00	0.00	8.36	89.84	0.00
3	7	0.00	0.06	1.32	0.79	0.00
Core	CPU	C1%	C3%	C6%	C8%	C9%
-	-	0.02	0.15	6.26	15.95	0.00
0	0	0.17	1.13	38.46	33.33	0.00
0	4	0.00	0.00	0.87	0.00	0.00
1	1	0.00	0.00	0.26	1.00	0.00
1	5	0.00	0.00	0.32	1.19	0.00
2	2	0.00	0.00	0.72	0.50	0.00
2	6	0.00	0.00	0.60	0.69	0.00
3	3	0.00	0.00	7.71	90.52	0.00
3	7	0.00	0.02	1.13	0.40	0.00
Core	CPU	C1%	C3%	C6%	C8%	C9%
-	-	1.81	0.59	6.52	18.74	0.00
0	0	0.22	0.84	28.60	23.63	0.01
0	4	0.00	0.01	0.70	0.00	0.00
1	1	14.19	3.59	14.15	1.08	0.00
1	5	0.00	0.00	0.66	0.90	0.00
2	2	0.01	0.17	0.74	29.71	0.00
2	6	0.00	0.00	0.33	0.99	0.00
3	3	0.00	0.02	5.83	92.59	0.00
3	7	0.05	0.10	1.13	0.98	0.00
Core	CPU	C1%	C3%	C6%	C8%	C9%
-	-	1.08	0.41	6.67	15.06	0.70
0	0	0.16	0.79	33.26	27.21	0.00
0	4	0.00	0.00	0.44	0.71	5.58
1	1	8.45	2.30	9.01	0.60	0.00
1	5	0.00	0.02	0.69	0.69	0.00
2	2	0.00	0.00	0.69	0.40	0.00
2	6	0.00	0.00	0.19	0.78	0.00
3	3	0.00	0.04	8.16	90.12	0.00
3	7	0.00	0.13	0.92	0.00	0.00
Core	CPU	C1%	C3%	C6%	C8%	C9%
-	-	0.03	0.40	6.55	15.11	0.00
0	0	0.15	3.01	41.23	27.77	0.00
0	4	0.00	0.00	0.58	0.28	0.00
1	1	0.00	0.00	0.55	0.59	0.00
1	5	0.00	0.00	0.73	0.89	0.00
2	2	0.00	0.00	0.42	0.80	0.00
2	6	0.00	0.00	0.29	0.89	0.00
3	3	0.00	0.00	7.57	88.05	0.00
3	7	0.08	0.17	1.06	1.58	0.00
Core	CPU	C1%	C3%	C6%	C8%	C9%
-	-	0.02	0.17	6.62	15.79	0.07
0	0	0.13	1.29	43.45	27.98	0.00
0	4	0.00	0.00	1.09	0.00	0.58
1	1	0.00	0.00	0.29	1.39	0.00
1	5	0.00	0.00	0.38	1.19	0.00
2	2	0.00	0.00	0.26	1.18	0.00
2	6	0.00	0.00	0.34	1.38	0.00
3	3	0.00	0.02	5.92	92.31	0.00
3	7	0.00	0.01	1.25	0.89	0.00
Core	CPU	C1%	C3%	C6%	C8%	C9%
-	-	0.02	0.30	6.82	15.67	0.00
0	0	0.14	2.35	43.66	26.89	0.00
0	4	0.00	0.00	0.84	0.00	0.00
1	1	0.00	0.02	0.29	0.99	0.00
1	5	0.00	0.00	0.27	1.29	0.00
2	2	0.00	0.00	0.29	0.98	0.00
2	6	0.00	0.00	0.46	1.19	0.00
3	3	0.00	0.00	6.98	91.29	0.00
3	7	0.00	0.03	1.79	2.70	0.00
Core	CPU	C1%	C3%	C6%	C8%	C9%
-	-	0.02	0.12	6.52	15.99	0.00
0	0	0.16	0.93	40.92	30.71	0.00
0	4	0.00	0.00	0.86	0.00	0.00
1	1	0.00	0.00	1.10	1.39	0.00
1	5	0.00	0.00	0.53	0.69	0.00
2	2	0.00	0.00	0.19	1.29	0.00
2	6	0.00	0.00	0.30	1.38	0.00
3	3	0.00	0.00	7.30	90.91	0.00
3	7	0.00	0.03	0.99	1.57	0.00
Core	CPU	C1%	C3%	C6%	C8%	C9%
-	-	0.03	0.12	6.59	16.08	0.00
0	0	0.16	0.92	41.20	30.74	0.00
0	4	0.00	0.00	1.61	0.00	0.00
1	1	0.00	0.00	0.70	2.45	0.00
1	5	0.00	0.00	0.14	0.98	0.00
2	2	0.00	0.01	0.39	1.00	0.00
2	6	0.00	0.00	0.36	1.38	0.00
3	3	0.00	0.00	7.33	90.92	0.00
3	7	0.06	0.03	1.03	1.17	0.00
Core	CPU	C1%	C3%	C6%	C8%	C9%
-	-	0.02	0.31	6.04	15.62	0.44
0	0	0.19	2.33	37.41	32.46	0.00
0	4	0.00	0.00	0.58	0.30	0.00
1	1	0.00	0.00	0.28	1.39	0.00
1	5	0.00	0.00	0.27	0.69	0.00
2	2	0.00	0.00	0.25	0.99	0.00
2	6	0.00	0.00	0.57	0.60	0.00
3	3	0.00	0.00	7.82	87.94	0.00
3	7	0.00	0.15	1.12	0.60	3.50
Core	CPU	C1%	C3%	C6%	C8%	C9%
-	-	0.02	0.15	6.55	15.88	5.16
0	0	0.17	1.12	41.19	30.68	0.00
0	4	0.00	0.00	0.33	0.80	41.29
1	1	0.00	0.02	0.39	1.30	0.00
1	5	0.00	0.00	0.69	0.80	0.00
2	2	0.00	0.00	0.29	0.98	0.00
2	6	0.00	0.00	0.35	0.99	0.00
3	3	0.00	0.00	8.01	90.22	0.00
3	7	0.00	0.05	1.15	1.28	0.00
Core	CPU	C1%	C3%	C6%	C8%	C9%
-	-	0.02	0.24	6.84	15.61	0.00
0	0	0.17	1.83	40.93	30.10	0.00
0	4	0.00	0.00	0.66	0.41	0.00
1	1	0.00	0.00	0.34	1.98	0.00
1	5	0.00	0.00	0.33	0.89	0.00
2	2	0.00	0.00	1.17	1.90	0.00
2	6	0.00	0.00	0.20	0.88	0.00
3	3	0.00	0.00	9.82	88.35	0.00
3	7	0.00	0.11	1.25	0.39	0.00
Core	CPU	C1%	C3%	C6%	C8%	C9%
-	-	0.02	0.16	6.56	15.59	0.22
0	0	0.17	1.15	41.40	30.37	0.00
0	4	0.00	0.00	0.59	0.29	1.72
1	1	0.00	0.00	0.27	0.88	0.00
1	5	0.00	0.00	0.45	1.00	0.00
2	2	0.00	0.01	0.25	0.49	0.00
2	6	0.00	0.00	0.38	1.09	0.00
3	3	0.00	0.00	8.11	90.14	0.00
3	7	0.00	0.12	1.04	0.50	0.00
Core	CPU	C1%	C3%	C6%	C8%	C9%
-	-	0.02	0.06	6.36	15.77	1.45
0	0	0.16	0.45	37.98	34.40	0.00
0	4	0.00	0.00	0.62	0.11	11.62
1	1	0.00	0.01	0.29	0.79	0.00
1	5	0.00	0.00	0.20	1.29	0.00
2	2	0.00	0.00	0.77	0.40	0.00
2	6	0.00	0.00	0.36	0.59	0.00
3	3	0.00	0.02	9.59	88.60	0.00
3	7	0.00	0.04	1.06	0.00	0.00
Core	CPU	C1%	C3%	C6%	C8%	C9%
-	-	0.02	0.34	6.03	15.60	0.02
0	0	0.16	2.50	38.53	31.08	0.00
0	4	0.00	0.03	0.79	0.30	0.00
1	1	0.00	0.00	0.19	0.99	0.00
1	5	0.00	0.00	0.39	1.58	0.00
2	2	0.00	0.00	0.37	0.89	0.00
2	6	0.00	0.00	0.34	0.89	0.00
3	3	0.00	0.00	6.79	88.92	0.00
3	7	0.00	0.19	0.87	0.20	0.13
Core	CPU	C1%	C3%	C6%	C8%	C9%
-	-	0.12	0.06	6.20	16.35	0.00
0	0	0.18	0.38	38.08	34.35	0.00
0	4	0.00	0.00	0.62	0.21	0.00
1	1	0.78	0.02	1.23	1.99	0.00
1	5	0.00	0.00	0.38	1.30	0.00
2	2	0.00	0.00	0.28	0.78	0.00
2	6	0.00	0.00	0.27	0.79	0.00
3	3	0.00	0.00	7.84	90.38	0.00
3	7	0.00	0.09	0.90	0.99	0.00
Core	CPU	C1%	C3%	C6%	C8%	C9%
-	-	0.02	0.23	6.34	15.72	0.00
0	0	0.13	1.75	41.51	29.51	0.00
0	4	0.00	0.00	0.66	0.00	0.00
1	1	0.00	0.00	0.15	0.89	0.00
1	5	0.00	0.02	0.39	1.09	0.00
2	2	0.00	0.00	0.10	0.99	0.00
2	6	0.00	0.00	0.18	0.89	0.00
3	3	0.00	0.00	6.66	91.29	0.00
3	7	0.00	0.06	1.10	1.09	0.00
Core	CPU	C1%	C3%	C6%	C8%	C9%
-	-	0.00	0.89	9.36	12.31	11.26
0	0	0.02	7.03	66.34	0.11	0.00
0	4	0.00	0.00	0.92	0.00	90.06
1	1	0.00	0.00	0.67	0.69	0.00
1	5	0.00	0.00	0.46	0.69	0.00
2	2	0.00	0.00	0.24	1.28	0.00
2	6	0.00	0.00	0.23	1.19	0.00
3	3	0.00	0.00	4.62	93.93	0.00
3	7	0.00	0.10	1.36	0.59	0.00
Core	CPU	C1%	C3%	C6%	C8%	C9%
-	-	0.01	0.44	8.11	14.18	7.03
0	0	0.08	3.41	53.15	16.34	0.00
0	4	0.00	0.02	0.69	0.20	56.23
1	1	0.00	0.00	0.55	2.09	0.00
1	5	0.00	0.00	0.68	0.69	0.00
2	2	0.00	0.00	0.37	0.79	0.00
2	6	0.00	0.00	1.11	2.28	0.00
3	3	0.00	0.03	7.26	91.08	0.00
3	7	0.02	0.08	1.08	0.00	0.00
Core	CPU	C1%	C3%	C6%	C8%	C9%
-	-	1.03	0.99	7.17	13.10	5.11
0	0	0.04	3.07	38.02	10.04	0.00
0	4	0.00	0.00	0.83	0.61	40.80
1	1	0.00	0.04	1.71	0.38	0.00
1	5	0.00	0.01	0.99	0.69	0.11
2	2	0.00	0.00	3.73	61.94	0.00
2	6	0.00	0.00	0.28	0.89	0.00
3	3	0.00	0.00	1.52	30.03	0.00
3	7	8.20	4.81	10.29	0.20	0.00
Core	CPU	C1%	C3%	C6%	C8%	C9%
-	-	0.02	0.12	6.22	15.98	2.88
0	0	0.17	0.92	39.72	32.24	0.00
0	4	0.00	0.00	0.66	0.10	23.04
1	1	0.00	0.00	0.72	1.39	0.00
1	5	0.00	0.00	0.33	0.89	0.00
2	2	0.00	0.01	6.65	85.97	0.00
2	6	0.00	0.00	0.19	0.89	0.00
3	3	0.00	0.00	0.93	5.78	0.00
3	7	0.00	0.02	0.58	0.59	0.00
Core	CPU	C1%	C3%	C6%	C8%	C9%
-	-	0.16	0.91	5.91	13.24	0.39
0	0	0.06	2.43	25.10	7.90	0.00
0	4	0.00	0.00	0.99	0.11	3.13
1	1	0.00	0.00	1.06	0.40	0.00
1	5	0.00	0.01	1.42	1.00	0.00
2	2	1.13	4.85	12.47	1.18	0.00
2	6	0.00	0.00	0.23	1.58	0.00
3	3	0.00	0.00	5.64	92.77	0.00
3	7	0.07	0.02	0.36	0.99	0.00
Core	CPU	C1%	C3%	C6%	C8%	C9%
-	-	0.11	0.14	6.23	16.51	0.00
0	0	0.15	0.54	37.78	31.36	0.00
0	4	0.00	0.00	0.62	0.21	0.00
1	1	0.76	0.51	1.55	0.80	0.00
1	5	0.00	0.00	0.64	0.98	0.00
2	2	0.00	0.02	0.79	5.81	0.00
2	6	0.00	0.00	0.45	0.89	0.00
3	3	0.00	0.00	7.77	90.48	0.00
3	7	0.00	0.03	0.23	1.57	0.00
Core	CPU	C1%	C3%	C6%	C8%	C9%
-	-	0.83	0.25	6.34	18.53	0.24
0	0	0.21	0.49	32.52	29.65	0.00
0	4	0.00	0.00	0.57	0.20	0.00
1	1	6.43	1.27	7.97	0.80	0.00
1	5	0.00	0.00	0.64	1.48	0.00
2	2	0.01	0.15	0.97	22.74	0.00
2	6	0.00	0.00	0.10	1.09	0.00
3	3	0.00	0.00	7.37	90.91	0.00
3	7	0.00	0.05	0.62	1.38	1.93
Core	CPU	C1%	C3%	C6%	C8%	C9%
-	-	0.02	0.26	6.09	15.71	0.01
0	0	0.13	2.05	38.25	31.52	0.00
0	4	0.00	0.00	0.79	0.00	0.00
1	1	0.00	0.00	0.58	2.08	0.00
1	5	0.00	0.00	0.81	0.99	0.07
2	2	0.00	0.00	0.85	0.79	0.00
2	6	0.00	0.00	0.33	0.50	0.00
3	3	0.00	0.02	6.74	88.74	0.00
3	7	0.00	0.00	0.40	1.09	0.00
Core	CPU	C1%	C3%	C6%	C8%	C9%
-	-	0.07	0.37	6.51	15.24	0.00
0	0	0.14	1.21	35.41	24.41	0.00
0	4	0.00	0.00	1.15	0.00	0.00
1	1	0.00	0.00	0.48	1.48	0.00
1	5	0.00	0.06	0.57	1.40	0.00
2	2	0.00	0.00	0.49	1.29	0.00
2	6	0.00	0.00	0.29	1.08	0.00
3	3	0.00	0.00	7.30	90.86	0.00
3	7	0.43	1.72	6.40	1.38	0.00
Core	CPU	C1%	C3%	C6%	C8%	C9%
-	-	0.02	0.30	6.63	15.59	1.51
0	0	0.14	2.41	42.84	28.00	0.00
0	4	0.00	0.00	0.95	0.00	11.17
1	1	0.00	0.00	0.24	0.99	0.00
1	5	0.00	0.03	0.71	1.78	0.89
2	2	0.00	0.00	0.60	0.69	0.00
2	6	0.00	0.00	0.39	1.08	0.00
3	3	0.00	0.00	6.87	91.30	0.00
3	7	0.00	0.00	0.45	0.89	0.00
Core	CPU	C1%	C3%	C6%	C8%	C9%
-	-	0.02	0.07	6.27	16.07	0.00
0	0	0.19	0.50	38.46	33.91	0.00
0	4	0.00	0.00	0.90	0.30	0.00
1	1	0.00	0.03	0.99	1.18	0.00
1	5	0.00	0.00	0.37	0.69	0.00
2	2	0.00	0.00	0.34	1.18	0.00
2	6	0.00	0.00	0.23	0.99	0.00
3	3	0.00	0.01	8.50	89.58	0.00
3	7	0.00	0.00	0.38	0.69	0.00
Core	CPU	C1%	C3%	C6%	C8%	C9%
-	-	0.02	0.14	6.42	15.70	0.46
0	0	0.16	1.02	41.02	30.99	0.00
0	4	0.00	0.02	0.82	0.00	3.67
1	1	0.00	0.03	0.57	1.09	0.00
1	5	0.00	0.00	0.18	0.99	0.00
2	2	0.00	0.00	0.26	0.79	0.00
2	6	0.00	0.00	0.24	1.08	0.00
3	3	0.00	0.02	8.14	89.96	0.00
3	7	0.00	0.00	0.14	0.70	0.00
Core	CPU	C1%	C3%	C6%	C8%	C9%
-	-	0.03	0.52	6.12	15.44	0.23
0	0	0.16	2.44	38.68	31.03	0.00
0	4	0.00	0.00	0.75	0.00	1.88
1	1	0.00	0.00	0.44	1.09	0.00
1	5	0.01	1.68	0.40	0.89	0.00
2	2	0.00	0.00	0.10	0.89	0.00
2	6	0.00	0.00	0.48	0.99	0.00
3	3	0.00	0.00	7.92	88.16	0.00
3	7	0.07	0.00	0.17	0.49	0.00
Core	CPU	C1%	C3%	C6%	C8%	C9%
-	-	0.02	0.07	6.10	16.16	0.00
0	0	0.17	0.53	38.45	33.93	0.00
0	4	0.00	0.00	0.68	0.00	0.00
1	1	0.00	0.00	0.58	1.48	0.00
1	5	0.00	0.01	0.24	1.09	0.00
2	2	0.00	0.00	0.22	0.70	0.00
2	6	0.00	0.00	0.29	0.90	0.00
3	3	0.00	0.00	7.50	90.73	0.00
3	7	0.00	0.00	0.86	0.49	0.00
Core	CPU	C1%	C3%	C6%	C8%	C9%
-	-	0.21	0.65	6.97	14.15	6.17
0	0	0.09	2.76	41.78	15.65	0.01
0	4	0.00	0.02	0.59	0.50	48.55
1	1	1.62	2.42	6.20	1.39	0.00
1	5	0.00	0.00	0.35	0.87	0.80
2	2	0.00	0.00	0.37	0.69	0.00
2	6	0.00	0.00	0.25	0.98	0.00
3	3	0.00	0.00	5.91	92.43	0.00
3	7	0.00	0.03	0.32	0.69	0.00
Core	CPU	C1%	C3%	C6%	C8%	C9%
-	-	0.61	0.40	7.07	14.88	3.60
0	0	0.12	1.94	40.56	22.72	0.00
0	4	0.00	0.00	1.00	0.00	28.82
1	1	4.72	1.14	5.48	1.59	0.00
1	5	0.00	0.00	0.67	1.08	0.00
2	2	0.00	0.00	0.38	0.99	0.00
2	6	0.00	0.00	0.23	1.09	0.00
3	3	0.00	0.02	7.22	91.10	0.00
3	7	0.00	0.07	1.01	0.42	0.00
Core	CPU	C1%	C3%	C6%	C8%	C9%
-	-	0.02	0.08	6.21	16.01	0.00
0	0	0.15	0.54	38.07	34.22	0.00
0	4	0.00	0.00	0.74	0.00	0.00
1	1	0.00	0.00	0.52	0.99	0.00
1	5	0.00	0.00	0.52	1.00	0.00
2	2	0.00	0.03	0.20	0.88	0.00
2	6	0.00	0.00	0.28	0.89	0.00
3	3	0.00	0.01	8.20	89.99	0.00
3	7	0.00	0.04	1.18	0.09	0.00
Core	CPU	C1%	C3%	C6%	C8%	C9%
-	-	0.08	0.23	6.24	15.54	0.00
0	0	0.15	1.76	40.04	29.27	0.00
0	4	0.00	0.00	0.66	0.50	0.00
1	1	0.00	0.00	0.25	1.77	0.00
1	5	0.00	0.00	0.29	1.48	0.04
2	2	0.00	0.00	0.89	0.49	0.00
2	6	0.00	0.00	0.19	1.08	0.00
3	3	0.00	0.00	6.85	88.66	0.00
3	7	0.50	0.04	0.77	1.09	0.00
Core	CPU	C1%	C3%	C6%	C8%	C9%
-	-	0.03	0.26	6.93	15.55	1.74
0	0	0.23	1.94	44.61	26.53	0.00
0	4	0.00	0.00	0.61	0.29	13.91
1	1	0.00	0.00	0.77	2.47	0.00
1	5	0.00	0.00	0.37	1.29	0.00
2	2	0.00	0.00	0.26	1.18	0.00
2	6	0.00	0.00	0.24	1.28	0.00
3	3	0.00	0.02	7.70	90.56	0.00
3	7	0.00	0.14	0.91	0.79	0.00
Core	CPU	C1%	C3%	C6%	C8%	C9%
-	-	0.04	0.23	6.48	15.81	2.04
0	0	0.29	1.74	40.89	30.48	0.00
0	4	0.00	0.00	1.04	0.10	15.45
1	1	0.00	0.02	0.30	0.89	0.00
1	5	0.00	0.00	0.27	1.29	0.89
2	2	0.00	0.00	0.29	1.09	0.00
2	6	0.00	0.00	0.46	1.38	0.00
3	3	0.00	0.00	7.37	90.89	0.00
3	7	0.00	0.09	1.23	0.40	0.00
Core	CPU	C1%	C3%	C6%	C8%	C9%
-	-	0.03	0.17	7.02	15.65	3.80
0	0	0.27	1.38	43.16	28.54	0.00
0	4	0.00	0.00	0.77	0.00	30.42
1	1	0.00	0.00	1.21	2.36	0.00
1	5	0.00	0.00	0.81	1.49	0.00
2	2	0.00	0.00	0.32	0.60	0.00
2	6	0.00	0.00	0.59	0.89	0.00
3	3	0.00	0.01	8.54	89.71	0.00
3	7	0.00	0.00	0.75	1.58	0.00
Core	CPU	C1%	C3%	C6%	C8%	C9%
-	-	0.04	0.17	6.74	15.50	4.00
0	0	0.34	1.32	42.27	29.42	0.00
0	4	0.00	0.00	0.59	0.51	32.01
1	1	0.00	0.00	0.19	1.28	0.00
1	5	0.00	0.00	0.37	1.09	0.00
2	2	0.00	0.00	0.25	0.89	0.00
2	6	0.00	0.00	0.61	0.88	0.00
3	3	0.00	0.01	8.74	89.51	0.00
3	7	0.00	0.05	0.92	0.40	0.00
Core	CPU	C1%	C3%	C6%	C8%	C9%
-	-	0.02	0.35	6.69	15.44	0.05
0	0	0.20	2.75	42.40	26.66	0.00
0	4	0.00	0.00	0.75	0.18	0.00
1	1	0.00	0.01	0.85	1.60	0.00
1	5	0.00	0.00	0.23	1.97	0.39
2	2	0.00	0.00	0.30	0.88	0.00
2	6	0.00	0.00	0.28	0.88	0.00
3	3	0.00	0.00	7.31	88.24	0.00
3	7	0.00	0.08	1.40	3.14	0.00
Core	CPU	C1%	C3%	C6%	C8%	C9%
-	-	0.03	0.18	6.90	15.65	0.00
0	0	0.22	1.34	44.83	26.56	0.00
0	4	0.00	0.00	0.66	0.40	0.00
1	1	0.00	0.00	0.49	2.94	0.00
1	5	0.00	0.02	0.33	1.79	0.00
2	2	0.00	0.02	0.30	0.79	0.00
2	6	0.00	0.00	0.28	1.10	0.00
3	3	0.00	0.02	7.48	90.79	0.00
3	7	0.00	0.08	0.88	0.79	0.00
Core	CPU	C1%	C3%	C6%	C8%	C9%
-	-	0.03	0.47	7.57	14.58	4.39
0	0	0.14	3.62	50.70	18.76	0.00
0	4	0.00	0.00	0.58	0.41	34.27
1	1	0.00	0.02	0.54	2.21	0.00
1	5	0.00	0.00	0.34	1.08	0.88
2	2	0.00	0.00	3.93	62.76	0.00
2	6	0.00	0.01	1.11	1.06	0.00
3	3	0.07	0.01	2.29	30.08	0.00
3	7	0.00	0.07	1.09	0.30	0.00
Core	CPU	C1%	C3%	C6%	C8%	C9%
-	-	0.03	0.16	6.68	15.47	0.00
0	0	0.23	1.13	43.11	28.44	0.00
0	4	0.00	0.02	0.78	0.22	0.00
1	1	0.00	0.00	0.40	0.99	0.00
1	5	0.00	0.00	0.19	0.99	0.00
2	2	0.00	0.00	6.54	91.73	0.00
2	6	0.00	0.00	0.43	0.70	0.00
3	3	0.00	0.00	0.99	0.29	0.00
3	7	0.00	0.09	1.02	0.40	0.00
Core	CPU	C1%	C3%	C6%	C8%	C9%
-	-	1.25	0.80	7.63	17.30	4.10
0	0	0.05	2.99	42.03	7.46	0.00
0	4	0.00	0.00	0.47	0.46	32.78
1	1	9.92	3.27	11.27	5.14	0.00
1	5	0.00	0.03	0.19	0.99	0.00
2	2	0.01	0.09	2.89	63.81	0.00
2	6	0.00	0.00	0.29	0.88	0.00
3	3	0.00	0.00	2.79	59.08	0.00
3	7	0.00	0.05	1.09	0.60	0.00
Core	CPU	C1%	C3%	C6%	C8%	C9%
-	-	0.04	0.30	6.38	15.08	0.00
0	0	0.21	2.11	38.55	31.39	0.00
0	4	0.00	0.00	0.56	0.22	0.00
1	1	0.00	0.00	0.65	0.40	0.00
1	5	0.00	0.06	0.24	0.40	0.00
2	2	0.00	0.02	0.60	0.00	0.00
2	6	0.00	0.00	1.35	0.59	0.00
3	3	0.00	0.02	8.40	87.26	0.00
3	7	0.09	0.23	0.68	0.39	0.00
Core	CPU	C1%	C3%	C6%	C8%	C9%
-	-	0.02	0.15	6.53	15.74	0.00
0	0	0.16	1.06	41.39	30.45	0.00
0	4	0.00	0.00	0.70	0.19	0.00
1	1	0.00	0.00	0.31	1.28	0.00
1	5	0.00	0.00	0.37	0.88	0.00
2	2	0.00	0.00	0.44	0.69	0.00
2	6	0.00	0.00	0.31	0.80	0.00
3	3	0.00	0.00	7.46	90.77	0.00
3	7	0.00	0.12	1.27	0.88	0.00
Core	CPU	C1%	C3%	C6%	C8%	C9%
-	-	0.02	0.21	6.78	15.87	0.00
0	0	0.16	1.58	40.02	31.43	0.00
0	4	0.00	0.00	0.91	0.31	0.00
1	1	0.00	0.01	0.79	0.50	0.00
1	5	0.00	0.00	0.40	1.19	0.00
2	2	0.00	0.00	0.38	1.08	0.00
2	6	0.00	0.00	1.73	1.29	0.00
3	3	0.00	0.00	8.48	89.36	0.00
3	7	0.00	0.11	1.54	1.78	0.00
Core	CPU	C1%	C3%	C6%	C8%	C9%
-	-	0.02	0.10	6.31	16.02	0.12
0	0	0.16	0.72	39.53	32.66	0.00
0	4	0.00	0.00	0.56	0.11	0.00
1	1	0.00	0.00	0.63	2.87	0.00
1	5	0.00	0.00	0.53	0.69	0.00
2	2	0.00	0.01	0.29	0.59	0.00
2	6	0.00	0.00	0.10	0.99	0.00
3	3	0.00	0.00	7.98	90.24	0.00
3	7	0.00	0.07	0.87	0.00	0.96
Core	CPU	C1%	C3%	C6%	C8%	C9%
-	-	0.02	0.10	6.52	15.69	0.00
0	0	0.16	0.74	39.80	32.25	0.00
0	4	0.00	0.00	0.59	0.10	0.00
1	1	0.00	0.00	0.39	1.60	0.00
1	5	0.00	0.00	0.59	0.79	0.00
2	2	0.00	0.00	0.15	0.89	0.00
2	6	0.00	0.00	0.61	0.20	0.00
3	3	0.00	0.04	8.86	89.31	0.00
3	7	0.00	0.02	1.15	0.39	0.00
Core	CPU	C1%	C3%	C6%	C8%	C9%
-	-	0.02	0.36	6.14	15.43	0.42
0	0	0.16	2.74	38.58	30.96	0.00
0	4	0.00	0.00	0.93	0.00	0.00
1	1	0.00	0.02	0.19	0.70	0.00
1	5	0.00	0.10	0.15	0.89	3.34
2	2	0.00	0.00	0.29	0.88	0.00
2	6	0.00	0.00	0.27	0.69	0.00
3	3	0.00	0.00	7.90	88.10	0.00
3	7	0.00	0.06	0.84	1.18	0.00
Core	CPU	C1%	C3%	C6%	C8%	C9%
-	-	0.02	0.19	6.51	15.69	6.85
0	0	0.15	1.42	41.90	29.65	0.00
0	4	0.00	0.00	1.16	0.00	54.77
1	1	0.00	0.00	0.15	1.48	0.00
1	5	0.00	0.00	0.23	0.49	0.00
2	2	0.00	0.01	0.39	1.00	0.00
2	6	0.00	0.00	0.18	0.89	0.00
3	3	0.00	0.00	7.25	91.02	0.00
3	7	0.00	0.08	0.80	0.99	0.00
Core	CPU	C1%	C3%	C6%	C8%	C9%
-	-	0.02	0.29	6.86	15.34	0.24
0	0	0.12	2.28	44.24	26.43	0.00
0	4	0.00	0.00	0.79	0.00	1.05
1	1	0.00	0.01	1.00	0.88	0.00
1	5	0.00	0.00	0.42	0.89	0.90
2	2	0.00	0.00	0.15	0.99	0.00
2	6	0.00	0.00	0.42	1.68	0.00
3	3	0.00	0.00	6.91	91.08	0.00
3	7	0.00	0.03	0.99	0.78	0.00
Core	CPU	C1%	C3%	C6%	C8%	C9%
-	-	0.03	0.34	7.44	14.45	4.66
0	0	0.11	2.61	48.32	22.13	0.00
0	4	0.00	0.00	0.68	0.22	37.24
1	1	0.00	0.00	0.49	0.59	0.00
1	5	0.00	0.00	0.47	0.59	0.00
2	2	0.00	0.00	0.26	0.79	0.00
2	6	0.00	0.00	0.34	1.08	0.00
3	3	0.00	0.02	8.24	90.08	0.00
3	7	0.10	0.10	0.70	0.10	0.00
Core	CPU	C1%	C3%	C6%	C8%	C9%
-	-	0.02	0.17	6.64	15.71	0.86
0	0	0.14	1.25	41.44	30.21	0.00
0	4	0.00	0.00	0.69	0.21	5.96
1	1	0.00	0.00	0.41	1.29	0.00
1	5	0.00	0.00	0.27	0.99	0.00
2	2	0.00	0.02	0.36	0.69	0.00
2	6	0.00	0.00	0.42	1.29	0.00
3	3	0.00	0.02	8.36	89.88	0.00
3	7	0.00	0.07	1.19	1.08	0.95
Core	CPU	C1%	C3%	C6%	C8%	C9%
-	-	0.02	0.27	6.02	15.69	0.43
0	0	0.18	2.07	37.02	33.14	0.00
0	4	0.00	0.00	0.99	0.00	0.00
1	1	0.00	0.00	0.20	0.98	0.00
1	5	0.00	0.00	0.31	1.19	3.45
2	2	0.00	0.00	0.94	0.59	0.00
2	6	0.00	0.00	0.32	0.59	0.00
3	3	0.00	0.02	7.21	88.54	0.00
3	7	0.00	0.06	1.15	0.49	0.00
Core	CPU	C1%	C3%	C6%	C8%	C9%
-	-	0.02	0.10	6.18	16.20	0.00
0	0	0.18	0.67	38.63	33.58	0.00
0	4	0.00	0.00	0.70	0.00	0.00
1	1	0.00	0.00	0.77	1.19	0.00
1	5	0.00	0.00	0.27	1.38	0.00
2	2	0.00	0.06	6.83	80.76	0.00
2	6	0.00	0.00	0.14	0.99	0.00
3	3	0.00	0.02	1.14	10.95	0.00
3	7	0.00	0.02	0.96	0.79	0.00
Core	CPU	C1%	C3%	C6%	C8%	C9%
-	-	0.02	0.13	6.13	15.99	0.00
0	0	0.17	1.03	38.18	33.77	0.00
0	4	0.00	0.00	0.58	0.11	0.00
1	1	0.00	0.00	0.49	0.49	0.00
1	5	0.00	0.00	0.43	0.80	0.00
2	2	0.00	0.00	6.94	76.41	0.00
2	6	0.00	0.00	0.33	1.00	0.00
3	3	0.00	0.02	1.29	14.71	0.00
3	7	0.00	0.00	0.79	0.61	0.00
Core	CPU	C1%	C3%	C6%	C8%	C9%
-	-	0.02	0.07	6.20	15.80	0.00
0	0	0.17	0.51	38.14	34.24	0.00
0	4	0.00	0.00	0.54	0.10	0.00
1	1	0.00	0.00	0.73	0.29	0.00
1	5	0.00	0.01	0.70	0.19	0.00
2	2	0.00	0.00	1.77	14.50	0.00
2	6	0.00	0.00	0.18	0.59	0.00
3	3	0.00	0.00	6.64	76.16	0.00
3	7	0.00	0.04	0.90	0.31	0.00
Core	CPU	C1%	C3%	C6%	C8%	C9%
-	-	0.02	0.08	6.34	15.99	0.00
0	0	0.17	0.57	38.76	33.55	0.00
0	4	0.00	0.00	0.76	0.00	0.00
1	1	0.00	0.00	0.45	0.59	0.00
1	5	0.00	0.00	0.73	0.11	0.00
2	2	0.00	0.02	0.20	0.90	0.00
2	6	0.00	0.00	0.28	0.99	0.00
3	3	0.00	0.00	8.29	89.92	0.00
3	7	0.00	0.05	1.22	1.87	0.00
Core	CPU	C1%	C3%	C6%	C8%	C9%
-	-	0.02	0.35	6.41	15.28	1.07
0	0	0.15	2.77	39.75	29.56	0.00
0	4	0.00	0.00	0.79	0.00	8.57
1	1	0.00	0.01	1.09	1.29	0.00
1	5	0.00	0.00	0.37	0.89	0.00
2	2	0.00	0.00	0.26	0.99	0.00
2	6	0.00	0.00	0.24	1.09	0.00
3	3	0.00	0.02	8.05	87.63	0.00
3	7	0.00	0.03	0.75	0.79	0.00
Core	CPU	C1%	C3%	C6%	C8%	C9%
-	-	0.02	0.09	6.38	16.00	0.00
0	0	0.14	0.66	39.31	32.90	0.00
0	4	0.00	0.00	0.70	0.00	0.00
1	1	0.00	0.00	0.58	1.48	0.00
1	5	0.00	0.00	0.27	0.79	0.00
2	2	0.00	0.00	0.36	1.48	0.00
2	6	0.00	0.00	0.33	0.99	0.00
3	3	0.00	0.04	8.37	89.82	0.00
3	7	0.00	0.04	1.16	0.49	0.00
Core	CPU	C1%	C3%	C6%	C8%	C9%
-	-	0.02	0.27	6.83	15.53	0.12
0	0	0.13	2.04	42.59	28.48	0.00
0	4	0.00	0.00	0.94	0.00	0.00
1	1	0.00	0.00	1.02	0.39	0.00
1	5	0.00	0.01	1.12	0.50	0.00
2	2	0.00	0.00	0.20	0.98	0.00
2	6	0.00	0.00	0.28	1.08	0.00
3	3	0.00	0.00	7.14	91.12	0.00
3	7	0.00	0.11	1.36	1.67	0.97
