Core	CPU	C1%	C3%	C6%	C8%	C9%
-	-	0.04	0.83	71.57	16.06	0.00
0	0	0.04	0.61	74.37	14.19	0.00
0	4	0.00	0.95	70.88	18.75	0.00
1	1	0.15	0.52	71.57	18.02	0.00
1	5	0.01	0.53	71.03	19.38	0.00
2	2	0.05	0.52	68.84	20.87	0.00
2	6	0.02	0.71	71.25	18.45	0.00
3	3	0.01	0.60	78.86	10.58	0.00
3	7	0.01	2.20	65.29	8.12	0.00
Core	CPU	C1%	C3%	C6%	C8%	C9%
-	-	0.00	0.72	72.05	15.99	0.00
0	0	0.00	0.51	76.49	12.43	0.00
0	4	0.00	0.67	71.40	19.15	0.00
1	1	0.00	0.43	71.61	18.38	0.00
1	5	0.01	0.45	70.16	20.53	0.00
2	2	0.00	0.36	71.84	18.22	0.00
2	6	0.00	0.56	72.45	18.17	0.00
3	3	0.00	0.66	77.24	12.51	0.00
3	7	0.01	2.14	65.00	8.50	0.00
Core	CPU	C1%	C3%	C6%	C8%	C9%
-	-	0.01	0.68	70.28	16.99	0.00
0	0	0.01	0.45	75.29	13.48	0.00
0	4	0.00	0.81	70.98	19.46	0.00
1	1	0.00	0.42	71.22	18.80	0.00
1	5	0.01	0.37	67.56	23.43	0.00
2	2	0.01	0.50	67.88	16.85	0.00
2	6	0.00	0.60	69.43	20.32	0.00
3	3	0.00	0.54	75.39	14.60	0.00
3	7	0.01	1.79	65.08	9.14	0.00
Core	CPU	C1%	C3%	C6%	C8%	C9%
-	-	0.01	0.65	71.55	16.52	0.00
0	0	0.00	0.40	76.11	12.79	0.00
0	4	0.01	0.57	72.73	17.80	0.00
1	1	0.00	0.47	71.69	18.19	0.00
1	5	0.01	0.42	69.23	21.54	0.00
2	2	0.01	0.50	68.54	21.43	0.00
2	6	0.00	0.52	69.28	21.51	0.00
3	3	0.01	0.50	78.97	10.91	0.00
3	7	0.01	1.84	65.89	7.98	0.00
Core	CPU	C1%	C3%	C6%	C8%	C9%
-	-	0.01	0.73	69.06	16.95	0.00
0	0	0.01	0.43	74.17	12.75	0.00
0	4	0.00	0.53	69.73	18.76	0.00
1	1	0.00	0.92	68.95	17.78	0.00
1	5	0.01	0.36	68.55	19.69	0.00
2	2	0.00	0.47	66.79	21.32	0.00
2	6	0.01	0.56	66.93	21.95	0.00
3	3	0.00	0.50	74.41	13.67	0.00
3	7	0.01	2.04	62.36	9.56	0.00
Core	CPU	C1%	C3%	C6%	C8%	C9%
-	-	0.01	0.69	72.09	15.95	0.00
0	0	0.01	0.47	73.60	15.49	0.00
0	4	0.00	0.82	69.96	20.18	0.00
1	1	0.00	0.41	72.03	17.93	0.00
1	5	0.01	0.48	72.54	18.22	0.00
2	2	0.00	0.36	70.58	19.54	0.00
2	6	0.01	0.37	70.13	20.81	0.00
3	3	0.01	0.62	81.85	7.94	0.00
3	7	0.02	2.03	66.04	7.49	0.00
Core	CPU	C1%	C3%	C6%	C8%	C9%
-	-	0.01	0.83	71.64	15.97	0.00
0	0	0.00	0.54	72.30	15.50	0.00
0	4	0.01	0.82	72.35	17.71	0.00
1	1	0.00	0.49	71.29	18.57	0.00
1	5	0.01	1.28	69.73	20.03	0.00
2	2	0.01	0.47	71.39	18.53	0.00
2	6	0.01	0.50	71.21	19.53	0.00
3	3	0.00	0.54	79.50	10.33	0.00
3	7	0.02	2.02	65.92	7.72	0.00
Core	CPU	C1%	C3%	C6%	C8%	C9%
-	-	0.01	0.70	71.62	16.52	0.00
0	0	0.01	0.48	72.33	16.69	0.00
0	4	0.00	0.69	70.44	19.90	0.00
1	1	0.00	0.47	73.51	16.32	0.00
1	5	0.01	0.56	70.06	20.72	0.00
2	2	0.00	0.40	69.61	20.47	0.00
2	6	0.00	0.44	70.96	19.91	0.00
3	3	0.00	0.52	79.59	10.31	0.00
3	7	0.02	2.01	65.92	7.69	0.00
Core	CPU	C1%	C3%	C6%	C8%	C9%
-	-	0.00	0.67	71.05	16.89	0.00
0	0	0.00	0.54	73.71	15.27	0.00
0	4	0.00	0.68	70.67	19.66	0.00
1	1	0.00	0.33	73.92	15.96	0.00
1	5	0.00	0.38	70.76	20.08	0.00
2	2	0.00	0.51	68.00	21.96	0.00
2	6	0.01	0.44	67.70	23.10	0.00
3	3	0.00	0.57	78.68	11.15	0.00
3	7	0.02	1.88	65.57	8.15	0.00
Core	CPU	C1%	C3%	C6%	C8%	C9%
-	-	0.00	1.01	69.67	16.14	0.00
0	0	0.00	0.55	74.05	12.93	0.00
0	4	0.00	0.71	67.62	20.27	0.00
1	1	0.01	1.27	67.52	19.17	0.00
1	5	0.00	0.36	69.07	20.27	0.00
2	2	0.00	0.38	67.55	20.05	0.00
2	6	0.00	0.44	68.58	20.14	0.00
3	3	0.01	0.61	78.70	9.03	0.00
3	7	0.01	3.78	63.87	7.17	0.00
Core	CPU	C1%	C3%	C6%	C8%	C9%
-	-	0.01	0.76	71.69	16.34	0.00
0	0	0.00	0.52	74.06	14.86	0.00
0	4	0.00	0.73	68.25	22.23	0.00
1	1	0.01	0.45	73.14	16.80	0.00
1	5	0.01	0.54	71.34	19.44	0.00
2	2	0.00	0.41	69.66	20.42	0.00
2	6	0.00	0.34	70.18	20.68	0.00
3	3	0.00	0.67	80.87	8.89	0.00
3	7	0.01	2.39	65.83	7.35	0.00
Core	CPU	C1%	C3%	C6%	C8%	C9%
-	-	0.01	0.86	70.68	17.09	0.00
0	0	0.01	0.43	72.74	16.33	0.00
0	4	0.01	0.62	70.33	20.19	0.00
1	1	0.01	0.41	73.11	16.74	0.00
1	5	0.01	1.17	69.69	19.91	0.00
2	2	0.00	0.41	68.07	22.04	0.00
2	6	0.00	0.63	69.22	21.33	0.00
3	3	0.00	0.61	76.69	13.12	0.00
3	7	0.02	2.60	65.92	7.15	0.00
Core	CPU	C1%	C3%	C6%	C8%	C9%
-	-	0.01	0.66	71.25	16.64	0.00
0	0	0.00	0.42	77.51	11.36	0.00
0	4	0.01	0.52	71.71	18.47	0.00
1	1	0.00	0.36	72.46	17.52	0.00
1	5	0.01	0.34	69.47	20.58	0.00
2	2	0.00	0.50	68.17	21.83	0.00
2	6	0.00	0.55	68.66	22.02	0.00
3	3	0.01	0.59	76.70	13.19	0.00
3	7	0.01	2.02	65.34	8.16	0.00
Core	CPU	C1%	C3%	C6%	C8%	C9%
-	-	0.04	0.71	71.54	15.87	0.00
0	0	0.01	0.38	74.31	14.15	0.00
0	4	0.20	0.70	70.29	19.12	0.00
1	1	0.00	0.47	71.59	17.24	0.00
1	5	0.01	0.46	70.80	18.80	0.00
2	2	0.01	0.36	69.74	20.32	0.00
2	6	0.04	0.55	69.93	20.19	0.00
3	3	0.00	0.76	79.91	9.59	0.00
3	7	0.01	2.01	66.02	7.63	0.00
Core	CPU	C1%	C3%	C6%	C8%	C9%
-	-	0.01	0.95	69.87	16.06	0.00
0	0	0.01	0.37	70.50	16.73	0.00
0	4	0.00	0.63	68.78	19.69	0.00
1	1	0.01	2.32	69.25	17.42	0.00
1	5	0.01	0.53	69.69	18.47	0.00
2	2	0.01	0.38	69.49	18.60	0.00
2	6	0.00	0.47	69.05	19.45	0.00
3	3	0.00	0.57	77.21	10.87	0.00
3	7	0.02	2.34	64.44	7.08	0.00
Core	CPU	C1%	C3%	C6%	C8%	C9%
-	-	0.01	0.65	71.63	16.32	0.00
0	0	0.00	0.33	77.16	11.84	0.00
0	4	0.00	0.50	71.69	18.85	0.00
1	1	0.00	0.54	71.32	18.50	0.00
1	5	0.01	0.49	69.46	21.27	0.00
2	2	0.01	0.46	69.47	20.33	0.00
2	6	0.01	0.53	71.44	19.25	0.00
3	3	0.00	0.48	78.16	11.83	0.00
3	7	0.01	1.91	64.97	8.81	0.00
Core	CPU	C1%	C3%	C6%	C8%	C9%
-	-	0.01	0.81	70.82	17.10	0.00
0	0	0.01	0.43	73.41	15.65	0.00
0	4	0.00	0.72	70.20	20.14	0.00
1	1	0.00	0.47	71.50	18.44	0.00
1	5	0.01	1.10	68.70	21.14	0.00
2	2	0.01	0.44	71.87	18.16	0.00
2	6	0.00	0.48	69.15	21.70	0.00
3	3	0.00	0.52	77.46	12.26	0.00
3	7	0.01	2.34	64.19	9.32	0.00
Core	CPU	C1%	C3%	C6%	C8%	C9%
-	-	0.00	0.69	71.71	16.30	0.00
0	0	0.00	0.52	76.27	12.54	0.00
0	4	0.01	0.87	72.05	18.07	0.00
1	1	0.00	0.42	70.73	19.18	0.00
1	5	0.01	0.46	70.47	20.20	0.00
2	2	0.00	0.46	71.93	18.00	0.00
2	6	0.00	0.40	70.44	20.43	0.00
3	3	0.00	0.49	77.78	12.19	0.00
3	7	0.01	1.89	64.09	9.77	0.00
Core	CPU	C1%	C3%	C6%	C8%	C9%
-	-	0.01	0.72	71.68	16.35	0.00
0	0	0.01	0.38	73.55	15.38	0.00
0	4	0.00	0.75	69.42	20.84	0.00
1	1	0.00	0.60	71.16	18.63	0.00
1	5	0.01	0.62	68.62	22.01	0.00
2	2	0.00	0.37	71.98	18.13	0.00
2	6	0.00	0.48	71.79	19.02	0.00
3	3	0.00	0.61	79.97	9.87	0.00
3	7	0.03	1.93	66.91	6.93	0.00
Core	CPU	C1%	C3%	C6%	C8%	C9%
-	-	0.01	1.30	69.64	17.11	0.09
0	0	0.00	0.44	73.05	15.11	0.00
0	4	0.00	0.64	70.04	18.76	0.00
1	1	0.00	3.02	70.41	16.16	0.75
1	5	0.01	0.41	68.59	21.08	0.00
2	2	0.00	0.48	67.58	22.20	0.00
2	6	0.01	0.47	68.30	20.78	0.00
3	3	0.00	0.52	75.75	13.87	0.00
3	7	0.01	4.43	62.80	8.75	0.00
Core	CPU	C1%	C3%	C6%	C8%	C9%
-	-	0.01	0.67	71.87	16.10	0.00
0	0	0.01	0.52	71.95	17.12	0.00
0	4	0.00	0.56	70.21	20.23	0.00
1	1	0.00	0.46	76.10	13.67	0.00
1	5	0.01	0.54	71.93	18.74	0.00
2	2	0.00	0.43	69.36	20.67	0.00
2	6	0.00	0.40	70.04	20.83	0.00
3	3	0.00	0.55	79.65	10.24	0.00
3	7	0.02	1.92	66.35	7.46	0.00
Core	CPU	C1%	C3%	C6%	C8%	C9%
-	-	0.01	0.73	70.26	17.48	0.00
0	0	0.00	0.36	75.81	12.94	0.00
0	4	0.00	0.53	69.67	20.07	0.00
1	1	0.01	0.51	71.23	18.73	0.00
1	5	0.01	0.45	67.81	22.35	0.00
2	2	0.01	0.50	68.72	20.28	0.00
2	6	0.00	0.50	69.25	21.39	0.00
3	3	0.01	0.48	76.14	13.76	0.00
3	7	0.01	2.48	63.01	10.19	0.00
Core	CPU	C1%	C3%	C6%	C8%	C9%
-	-	0.01	0.65	71.59	16.52	0.00
0	0	0.01	0.47	77.75	11.17	0.00
0	4	0.00	0.54	72.22	18.35	0.00
1	1	0.00	0.40	72.67	17.36	0.00
1	5	0.01	0.37	70.03	20.84	0.00
2	2	0.01	0.50	69.72	20.22	0.00
2	6	0.00	0.63	69.32	21.36	0.00
3	3	0.00	0.53	76.08	13.88	0.00
3	7	0.02	1.78	64.80	8.96	0.00
Core	CPU	C1%	C3%	C6%	C8%	C9%
-	-	0.01	0.64	71.52	16.55	0.00
0	0	0.00	0.39	78.37	10.53	0.00
0	4	0.00	0.55	71.06	19.49	0.00
1	1	0.00	0.49	72.36	17.56	0.00
1	5	0.01	0.36	69.26	21.59	0.00
2	2	0.01	0.46	70.26	19.77	0.00
2	6	0.00	0.50	69.74	21.05	0.00
3	3	0.00	0.55	77.26	12.67	0.00
3	7	0.02	1.79	64.10	9.77	0.00
Core	CPU	C1%	C3%	C6%	C8%	C9%
-	-	0.01	1.06	69.95	16.05	0.00
0	0	0.01	0.47	73.19	13.57	0.00
0	4	0.01	0.77	66.85	21.54	0.00
1	1	0.00	2.34	70.65	16.01	0.00
1	5	0.01	0.51	69.82	18.90	0.00
2	2	0.00	0.34	68.83	19.30	0.00
2	6	0.00	0.33	68.36	20.54	0.00
3	3	0.00	0.54	77.50	10.87	0.00
3	7	0.02	3.19	64.17	7.59	0.00
Core	CPU	C1%	C3%	C6%	C8%	C9%
-	-	0.01	0.70	70.45	16.94	0.00
0	0	0.01	0.50	70.09	19.05	0.00
0	4	0.00	0.55	68.92	21.57	0.00
1	1	0.01	0.49	70.31	19.43	0.00
1	5	0.01	0.50	70.63	20.20	0.00
2	2	0.02	0.42	67.90	16.84	0.00
2	6	0.00	0.39	71.70	18.39	0.00
3	3	0.00	0.59	78.27	11.69	0.00
3	7	0.02	2.15	65.75	8.33	0.00
Core	CPU	C1%	C3%	C6%	C8%	C9%
-	-	0.01	0.80	70.61	17.34	0.00
0	0	0.00	0.44	71.00	18.19	0.00
0	4	0.00	0.59	69.24	21.30	0.00
1	1	0.00	0.45	73.42	16.57	0.00
1	5	0.01	0.46	69.98	20.79	0.00
2	2	0.01	1.01	70.46	18.63	0.00
2	6	0.00	0.52	70.17	20.71	0.00
3	3	0.00	0.56	76.64	13.33	0.00
3	7	0.02	2.39	63.99	9.18	0.00
Core	CPU	C1%	C3%	C6%	C8%	C9%
-	-	0.01	0.70	72.46	15.49	0.00
0	0	0.01	0.47	73.09	15.89	0.00
0	4	0.01	0.57	68.72	21.84	0.00
1	1	0.00	0.49	74.73	15.12	0.00
1	5	0.01	0.50	73.96	16.80	0.00
2	2	0.00	0.34	71.61	18.46	0.00
2	6	0.00	0.38	71.28	19.60	0.00
3	3	0.00	0.72	80.88	8.85	0.00
3	7	0.01	2.13	66.06	7.51	0.00
Core	CPU	C1%	C3%	C6%	C8%	C9%
-	-	0.01	0.82	71.10	16.54	0.00
0	0	0.01	0.47	74.35	14.68	0.00
0	4	0.01	1.39	68.76	19.61	0.00
1	1	0.01	0.41	73.45	16.49	0.00
1	5	0.02	0.45	69.84	20.00	0.00
2	2	0.00	0.49	69.78	20.18	0.00
2	6	0.01	0.42	69.94	20.63	0.00
3	3	0.01	0.59	77.87	11.98	0.00
3	7	0.01	2.34	64.46	8.62	0.00
Core	CPU	C1%	C3%	C6%	C8%	C9%
-	-	0.01	0.70	71.25	16.75	0.00
0	0	0.01	0.48	72.31	16.58	0.00
0	4	0.00	0.54	68.56	22.02	0.00
1	1	0.00	0.51	71.76	18.27	0.00
1	5	0.01	0.55	72.10	18.47	0.00
2	2	0.00	0.28	68.76	21.37	0.00
2	6	0.00	0.28	69.95	21.03	0.00
3	3	0.00	0.67	81.31	8.48	0.00
3	7	0.01	2.26	65.58	7.85	0.00
Core	CPU	C1%	C3%	C6%	C8%	C9%
-	-	0.02	0.76	71.85	16.05	0.00
0	0	0.01	0.52	73.60	15.41	0.00
0	4	0.01	0.71	69.52	20.96	0.00
1	1	0.00	0.48	74.92	14.97	0.00
1	5	0.01	0.49	71.85	18.82	0.00
2	2	0.00	0.42	70.10	19.96	0.00
2	6	0.08	0.39	70.27	19.63	0.00
3	3	0.00	0.60	79.26	10.57	0.00
3	7	0.01	2.49	65.29	8.04	0.00
Core	CPU	C1%	C3%	C6%	C8%	C9%
-	-	0.01	0.71	71.84	16.21	0.00
0	0	0.00	0.48	74.12	14.80	0.00
0	4	0.00	0.67	69.12	21.30	0.00
1	1	0.00	0.41	74.47	15.27	0.00
1	5	0.01	0.47	74.33	16.27	0.00
2	2	0.01	0.53	70.46	19.46	0.00
2	6	0.00	0.44	68.47	22.41	0.00
3	3	0.00	0.68	76.96	12.82	0.00
3	7	0.01	1.99	66.09	7.21	0.00
Core	CPU	C1%	C3%	C6%	C8%	C9%
-	-	0.06	0.67	70.99	16.93	0.00
0	0	0.01	0.44	71.39	17.60	0.00
0	4	0.01	0.50	68.86	21.68	0.00
1	1	0.00	0.47	73.40	16.51	0.00
1	5	0.01	0.57	69.98	20.64	0.00
2	2	0.01	0.40	70.84	19.10	0.00
2	6	0.00	0.51	70.75	20.00	0.00
3	3	0.01	0.57	77.89	11.93	0.00
3	7	0.40	1.91	65.27	8.12	0.00
Core	CPU	C1%	C3%	C6%	C8%	C9%
-	-	0.03	1.08	68.72	16.89	0.20
0	0	0.01	0.44	73.06	14.03	0.00
0	4	0.02	0.63	68.96	18.63	0.00
1	1	0.00	2.55	67.83	18.11	0.00
1	5	0.15	0.48	67.69	20.04	0.00
2	2	0.00	0.40	65.95	22.69	0.00
2	6	0.02	0.43	66.99	21.87	0.00
3	3	0.00	0.56	75.31	12.15	0.00
3	7	0.02	3.18	63.98	7.62	1.59
Core	CPU	C1%	C3%	C6%	C8%	C9%
-	-	0.01	0.70	72.11	16.01	0.00
0	0	0.01	0.40	74.33	14.68	0.00
0	4	0.00	0.50	71.65	18.81	0.00
1	1	0.00	0.46	72.58	17.42	0.00
1	5	0.02	0.56	70.77	19.96	0.00
2	2	0.01	0.39	72.35	17.67	0.00
2	6	0.00	0.52	70.89	19.90	0.00
3	3	0.00	0.66	78.33	11.41	0.00
3	7	0.01	2.10	65.54	8.10	0.00
Core	CPU	C1%	C3%	C6%	C8%	C9%
-	-	0.01	0.86	71.30	16.65	0.00
0	0	0.01	0.39	74.59	14.55	0.00
0	4	0.00	0.52	70.92	19.67	0.00
1	1	0.00	1.24	72.65	16.30	0.00
1	5	0.01	0.49	71.18	19.66	0.00
2	2	0.01	0.45	68.76	21.27	0.00
2	6	0.00	0.40	69.91	21.01	0.00
3	3	0.00	0.60	77.11	12.75	0.00
3	7	0.02	2.76	65.26	7.97	0.00
Core	CPU	C1%	C3%	C6%	C8%	C9%
-	-	0.01	0.65	70.93	17.05	0.00
0	0	0.00	0.50	72.00	17.00	0.00
0	4	0.01	0.54	70.94	19.53	0.00
1	1	0.00	0.38	76.27	13.55	0.00
1	5	0.01	0.44	71.64	19.12	0.00
2	2	0.00	0.46	69.13	20.81	0.00
2	6	0.00	0.40	69.10	21.75	0.00
3	3	0.01	0.62	76.45	13.37	0.00
3	7	0.02	1.88	62.30	11.33	0.00
Core	CPU	C1%	C3%	C6%	C8%	C9%
-	-	0.01	0.71	72.22	15.86	0.00
0	0	0.01	0.45	74.20	14.68	0.00
0	4	0.01	0.51	68.36	22.27	0.00
1	1	0.01	0.52	73.53	16.40	0.00
1	5	0.01	0.59	72.64	18.03	0.00
2	2	0.01	0.39	70.02	19.87	0.00
2	6	0.00	0.38	70.73	20.13	0.00
3	3	0.01	0.63	82.21	7.63	0.00
3	7	0.01	2.22	65.67	7.80	0.00
Core	CPU	C1%	C3%	C6%	C8%	C9%
-	-	0.01	1.26	70.20	16.30	0.00
0	0	0.01	0.55	68.53	19.05	0.00
0	4	0.01	0.48	66.93	22.62	0.00
1	1	0.01	2.62	71.73	14.83	0.00
1	5	0.01	0.54	69.32	20.11	0.00
2	2	0.00	0.38	70.29	18.69	0.00
2	6	0.00	0.40	70.72	18.38	0.00
3	3	0.00	0.53	79.38	9.91	0.00
3	7	0.01	4.56	64.68	6.84	0.00
Core	CPU	C1%	C3%	C6%	C8%	C9%
-	-	0.01	0.69	71.76	16.15	0.00
0	0	0.01	0.49	74.71	14.27	0.00
0	4	0.01	0.60	72.36	18.03	0.00
1	1	0.00	0.44	73.51	16.14	0.00
1	5	0.00	0.43	70.87	19.87	0.00
2	2	0.00	0.47	70.05	19.92	0.00
2	6	0.00	0.45	69.33	21.50	0.00
3	3	0.00	0.51	78.09	11.84	0.00
3	7	0.01	2.13	65.72	7.80	0.00
Core	CPU	C1%	C3%	C6%	C8%	C9%
-	-	0.08	0.84	70.75	16.85	0.00
0	0	0.01	0.48	72.34	16.07	0.00
0	4	0.00	0.62	69.09	20.81	0.00
1	1	0.00	0.85	71.34	17.76	0.00
1	5	0.01	0.52	70.37	20.33	0.00
2	2	0.00	0.36	69.49	20.48	0.00
2	6	0.00	0.43	69.32	21.53	0.00
3	3	0.00	0.63	79.05	10.21	0.00
3	7	0.60	2.86	64.66	7.55	0.00
Core	CPU	C1%	C3%	C6%	C8%	C9%
-	-	0.01	0.69	72.33	15.77	0.00
0	0	0.02	0.58	70.56	18.46	0.00
0	4	0.01	0.63	68.43	22.08	0.00
1	1	0.00	0.44	76.43	13.34	0.00
1	5	0.01	0.55	72.50	18.32	0.00
2	2	0.00	0.37	70.75	19.33	0.00
2	6	0.01	0.32	72.76	18.12	0.00
3	3	0.00	0.57	81.08	8.69	0.00
3	7	0.01	2.08	65.90	7.77	0.00
Core	CPU	C1%	C3%	C6%	C8%	C9%
-	-	0.01	0.69	71.81	16.13	0.00
0	0	0.00	0.45	72.47	16.51	0.00
0	4	0.01	0.64	69.74	20.70	0.00
1	1	0.01	0.38	72.70	17.26	0.00
1	5	0.01	0.69	71.65	18.81	0.00
2	2	0.01	0.37	71.12	18.88	0.00
2	6	0.00	0.44	70.40	20.42	0.00
3	3	0.01	0.62	81.02	8.79	0.00
3	7	0.01	1.96	65.94	7.82	0.00
Core	CPU	C1%	C3%	C6%	C8%	C9%
-	-	0.01	0.99	69.64	16.46	0.00
0	0	0.00	0.37	73.67	13.35	0.00
0	4	0.01	0.63	69.70	19.39	0.00
1	1	0.00	1.37	69.35	17.36	0.00
1	5	0.01	0.46	66.46	22.30	0.00
2	2	0.01	0.44	68.58	19.29	0.00
2	6	0.00	0.53	67.27	21.60	0.00
3	3	0.00	0.53	76.45	11.82	0.00
3	7	0.01	3.56	65.12	6.43	0.00
Core	CPU	C1%	C3%	C6%	C8%	C9%
-	-	0.00	0.67	72.03	15.93	0.00
0	0	0.00	0.48	78.32	10.48	0.00
0	4	0.01	0.42	70.22	20.48	0.00
1	1	0.00	0.46	73.33	16.62	0.00
1	5	0.01	0.47	71.67	19.01	0.00
2	2	0.00	0.39	69.36	20.60	0.00
2	6	0.01	0.47	70.25	20.57	0.00
3	3	0.00	0.56	78.77	11.11	0.00
3	7	0.01	2.09	64.93	8.69	0.00
Core	CPU	C1%	C3%	C6%	C8%	C9%
-	-	0.01	0.79	71.16	16.56	0.00
0	0	0.01	0.49	75.53	13.22	0.00
0	4	0.00	0.58	70.95	19.35	0.00
1	1	0.00	0.43	74.74	14.75	0.00
1	5	0.00	0.37	70.05	20.70	0.00
2	2	0.00	0.41	69.21	20.64	0.00
2	6	0.01	0.72	69.32	20.40	0.00
3	3	0.00	0.62	75.94	13.68	0.00
3	7	0.01	2.68	63.31	9.71	0.00
Core	CPU	C1%	C3%	C6%	C8%	C9%
-	-	0.01	0.69	71.26	16.72	0.00
0	0	0.00	0.47	75.52	13.56	0.00
0	4	0.00	0.78	72.36	17.93	0.00
1	1	0.00	0.40	73.26	16.55	0.00
1	5	0.01	0.37	70.20	20.56	0.00
2	2	0.00	0.48	68.30	21.65	0.00
2	6	0.00	0.55	68.41	22.33	0.00
3	3	0.01	0.60	78.49	11.41	0.00
3	7	0.01	1.85	63.74	9.83	0.00
Core	CPU	C1%	C3%	C6%	C8%	C9%
-	-	0.02	0.68	70.46	16.98	0.00
0	0	0.00	0.42	69.62	19.18	0.00
0	4	0.00	0.59	67.97	22.44	0.00
1	1	0.00	0.59	69.93	19.85	0.00
1	5	0.02	0.61	66.86	23.91	0.00
2	2	0.07	0.40	69.90	14.79	0.00
2	6	0.00	0.35	71.76	18.22	0.00
3	3	0.00	0.46	79.60	10.53	0.00
3	7	0.02	2.04	67.46	6.77	0.00
Core	CPU	C1%	C3%	C6%	C8%	C9%
-	-	0.09	0.93	67.80	18.05	0.00
0	0	0.00	0.34	73.57	13.42	0.00
0	4	0.00	0.46	69.42	19.31	0.00
1	1	0.01	2.17	66.95	19.68	0.00
1	5	0.01	0.34	65.68	23.38	0.00
2	2	0.02	0.57	68.08	19.81	0.00
2	6	0.00	0.53	67.30	21.33	0.00
3	3	0.00	0.58	71.47	16.55	0.00
3	7	0.70	2.44	59.92	10.91	0.00
Core	CPU	C1%	C3%	C6%	C8%	C9%
-	-	0.06	0.68	71.83	16.07	0.00
0	0	0.01	0.38	73.73	15.28	0.00
0	4	0.01	0.58	70.38	20.16	0.00
1	1	0.00	0.50	73.40	16.42	0.00
1	5	0.02	0.50	71.67	19.03	0.00
2	2	0.01	0.44	70.59	19.43	0.00
2	6	0.00	0.36	70.40	20.50	0.00
3	3	0.00	0.59	78.83	11.01	0.00
3	7	0.40	2.09	66.27	6.92	0.00
Core	CPU	C1%	C3%	C6%	C8%	C9%
-	-	0.00	0.77	69.94	17.87	0.00
0	0	0.00	0.50	73.37	15.43	0.00
0	4	0.00	0.61	69.60	20.54	0.00
1	1	0.00	0.80	73.74	15.04	0.00
1	5	0.01	0.32	69.25	21.50	0.00
2	2	0.00	0.54	68.31	21.51	0.00
2	6	0.01	0.43	68.09	22.72	0.00
3	3	0.00	0.59	75.77	14.20	0.00
3	7	0.01	2.33	61.27	12.03	0.00
Core	CPU	C1%	C3%	C6%	C8%	C9%
-	-	0.01	0.71	71.25	16.71	0.00
0	0	0.00	0.48	74.69	14.24	0.00
0	4	0.00	0.71	71.01	19.29	0.00
1	1	0.00	0.47	72.17	17.60	0.00
1	5	0.01	0.55	69.84	20.86	0.00
2	2	0.01	0.46	68.90	20.86	0.00
2	6	0.00	0.40	70.31	20.48	0.00
3	3	0.00	0.58	78.23	11.57	0.00
3	7	0.02	2.03	65.02	8.81	0.00
Core	CPU	C1%	C3%	C6%	C8%	C9%
-	-	0.00	0.70	71.88	16.12	0.00
0	0	0.00	0.50	72.55	16.34	0.00
0	4	0.01	0.71	69.39	20.88	0.00
1	1	0.00	0.52	73.02	16.80	0.00
1	5	0.00	0.55	70.84	19.58	0.00
2	2	0.00	0.38	69.57	20.46	0.00
2	6	0.00	0.38	71.96	18.89	0.00
3	3	0.00	0.57	80.36	9.52	0.00
3	7	0.02	1.97	67.35	6.51	0.00
Core	CPU	C1%	C3%	C6%	C8%	C9%
-	-	0.01	1.08	69.93	15.92	0.00
0	0	0.01	0.40	71.61	15.44	0.00
0	4	0.00	0.57	68.73	19.76	0.00
1	1	0.01	2.25	70.74	15.73	0.00
1	5	0.01	0.41	66.73	21.59	0.00
2	2	0.01	0.43	70.56	17.44	0.00
2	6	0.00	0.45	70.37	18.57	0.00
3	3	0.00	0.57	76.15	11.22	0.00
3	7	0.02	3.58	64.00	7.50	0.00
Core	CPU	C1%	C3%	C6%	C8%	C9%
-	-	0.01	0.69	71.75	16.20	0.00
0	0	0.01	0.44	72.07	17.06	0.00
0	4	0.00	0.76	70.14	20.24	0.00
1	1	0.00	0.41	73.26	16.62	0.00
1	5	0.01	0.46	73.71	16.90	0.00
2	2	0.01	0.47	69.01	20.95	0.00
2	6	0.01	0.43	69.40	21.41	0.00
3	3	0.01	0.67	80.57	9.19	0.00
3	7	0.01	1.91	66.38	7.36	0.00
Core	CPU	C1%	C3%	C6%	C8%	C9%
-	-	0.01	0.88	70.65	17.10	0.00
0	0	0.00	0.43	73.18	15.74	0.00
0	4	0.00	0.37	68.06	22.12	0.00
1	1	0.00	1.45	73.27	15.61	0.00
1	5	0.01	0.50	69.40	20.84	0.00
2	2	0.01	0.33	67.60	21.90	0.00
2	6	0.01	0.47	68.57	22.33	0.00
3	3	0.00	0.66	79.35	10.47	0.00
3	7	0.01	2.80	65.17	7.64	0.00
Core	CPU	C1%	C3%	C6%	C8%	C9%
-	-	0.01	0.68	71.69	16.27	0.00
0	0	0.01	0.49	78.39	10.45	0.00
0	4	0.00	0.63	69.92	20.58	0.00
1	1	0.00	0.34	72.55	17.49	0.00
1	5	0.01	0.43	70.73	20.03	0.00
2	2	0.01	0.50	69.71	20.23	0.00
2	6	0.00	0.36	68.81	22.10	0.00
3	3	0.01	0.65	79.65	10.21	0.00
3	7	0.01	2.09	64.40	9.19	0.00
Core	CPU	C1%	C3%	C6%	C8%	C9%
-	-	0.01	0.69	72.16	16.01	0.00
0	0	0.01	0.52	73.52	15.46	0.00
0	4	0.01	0.67	69.62	20.86	0.00
1	1	0.00	0.42	74.42	15.48	0.00
1	5	0.01	0.49	72.00	18.64	0.00
2	2	0.00	0.34	71.12	18.98	0.00
2	6	0.00	0.44	69.78	21.08	0.00
3	3	0.00	0.64	79.91	9.90	0.00
3	7	0.01	2.01	66.25	7.51	0.00
Core	CPU	C1%	C3%	C6%	C8%	C9%
-	-	0.03	0.85	69.36	16.39	0.00
0	0	0.01	0.47	71.36	15.78	0.00
0	4	0.01	0.66	68.07	20.34	0.00
1	1	0.00	1.28	74.06	12.62	0.01
1	5	0.01	0.41	68.43	20.60	0.00
2	2	0.00	0.48	66.77	20.86	0.00
2	6	0.00	0.48	66.97	21.37	0.00
3	3	0.00	0.55	76.48	11.00	0.00
3	7	0.20	2.49	62.73	8.56	0.00
Core	CPU	C1%	C3%	C6%	C8%	C9%
-	-	0.05	0.69	72.15	15.73	0.00
0	0	0.01	0.52	74.81	14.01	0.00
0	4	0.01	0.68	70.12	20.30	0.00
1	1	0.00	0.36	74.93	15.01	0.00
1	5	0.01	0.50	73.32	17.40	0.00
2	2	0.00	0.48	70.54	19.23	0.00
2	6	0.00	0.35	70.01	20.89	0.00
3	3	0.01	0.55	78.29	11.58	0.00
3	7	0.39	2.09	65.61	7.49	0.00
Core	CPU	C1%	C3%	C6%	C8%	C9%
-	-	0.01	0.82	70.34	17.37	0.00
0	0	0.01	0.50	72.69	16.00	0.00
0	4	0.00	0.59	69.53	21.00	0.00
1	1	0.00	0.44	72.22	17.66	0.00
1	5	0.01	0.48	68.82	21.99	0.00
2	2	0.00	0.41	69.52	20.49	0.00
2	6	0.00	1.02	68.30	21.28	0.00
3	3	0.00	0.60	77.17	12.34	0.00
3	7	0.02	2.52	64.65	8.27	0.00
Core	CPU	C1%	C3%	C6%	C8%	C9%
-	-	0.00	0.69	71.71	16.33	0.00
0	0	0.00	0.51	75.39	13.48	0.00
0	4	0.00	0.57	70.44	20.17	0.00
1	1	0.00	0.44	69.76	20.20	0.00
1	5	0.01	0.52	70.68	20.04	0.00
2	2	0.00	0.28	71.30	18.79	0.00
2	6	0.00	0.44	69.52	21.27	0.00
3	3	0.01	0.62	81.11	8.66	0.00
3	7	0.01	2.15	65.58	8.04	0.00
Core	CPU	C1%	C3%	C6%	C8%	C9%
-	-	0.09	0.67	71.78	15.94	0.00
0	0	0.48	0.44	77.05	10.88	0.00
0	4	0.02	0.64	72.09	17.98	0.00
1	1	0.00	0.45	70.50	19.48	0.00
1	5	0.16	0.37	69.94	20.43	0.00
2	2	0.01	0.48	70.52	18.66	0.00
2	6	0.00	0.52	70.14	20.18	0.00
3	3	0.06	0.57	78.84	10.54	0.00
3	7	0.01	1.87	64.51	9.24	0.00
Core	CPU	C1%	C3%	C6%	C8%	C9%
-	-	0.01	0.98	69.01	16.96	0.00
0	0	0.01	0.44	71.32	15.74	0.00
0	4	0.00	0.56	67.98	20.46	0.00
1	1	0.00	2.48	66.64	19.76	0.00
1	5	0.01	0.62	66.88	21.68	0.00
2	2	0.01	0.32	70.01	18.33	0.00
2	6	0.00	0.46	68.92	20.40	0.00
3	3	0.01	0.56	77.20	10.87	0.00
3	7	0.01	2.38	63.15	8.46	0.00
Core	CPU	C1%	C3%	C6%	C8%	C9%
-	-	0.04	0.75	72.40	15.39	0.00
0	0	0.01	0.53	69.77	19.21	0.00
0	4	0.01	0.82	69.32	20.89	0.00
1	1	0.00	0.50	75.22	14.39	0.00
1	5	0.01	0.59	72.77	17.86	0.00
2	2	0.00	0.35	71.45	18.58	0.00
2	6	0.00	0.39	72.21	18.63	0.00
3	3	0.00	0.61	82.06	7.76	0.00
3	7	0.30	2.20	67.08	5.92	0.00
Core	CPU	C1%	C3%	C6%	C8%	C9%
-	-	0.01	0.78	71.39	16.44	0.00
0	0	0.01	0.48	68.60	20.59	0.00
0	4	0.00	0.71	68.59	21.90	0.00
1	1	0.00	0.40	72.27	17.32	0.00
1	5	0.01	0.45	72.07	18.26	0.00
2	2	0.01	0.36	70.87	19.14	0.00
2	6	0.00	0.40	70.46	19.73	0.00
3	3	0.00	0.81	81.19	7.46	0.00
3	7	0.01	2.59	66.40	6.93	0.00
Core	CPU	C1%	C3%	C6%	C8%	C9%
-	-	0.02	0.70	71.37	16.56	0.00
0	0	0.00	0.40	73.90	15.02	0.00
0	4	0.00	0.64	70.57	19.88	0.00
1	1	0.01	0.50	73.02	16.85	0.00
1	5	0.11	0.53	70.91	19.69	0.00
2	2	0.01	0.42	69.48	20.58	0.00
2	6	0.00	0.45	70.56	20.26	0.00
3	3	0.00	0.57	77.83	12.04	0.00
3	7	0.02	2.04	65.41	8.33	0.00
Core	CPU	C1%	C3%	C6%	C8%	C9%
-	-	0.01	0.67	72.03	16.18	0.00
0	0	0.01	0.46	73.76	15.34	0.00
0	4	0.00	0.67	70.11	20.38	0.00
1	1	0.00	0.47	74.16	15.66	0.00
1	5	0.01	0.49	71.73	19.05	0.00
2	2	0.00	0.37	69.92	20.13	0.00
2	6	0.01	0.34	70.69	20.24	0.00
3	3	0.01	0.67	80.31	9.49	0.00
3	7	0.01	1.88	64.84	8.95	0.00
Core	CPU	C1%	C3%	C6%	C8%	C9%
-	-	0.00	1.21	68.66	17.73	0.00
0	0	0.00	0.57	72.19	16.01	0.00
0	4	0.00	0.85	69.37	19.50	0.00
1	1	0.00	1.92	71.71	15.07	0.00
1	5	0.00	0.29	69.32	19.42	0.00
2	2	0.00	0.50	65.28	23.56	0.00
2	6	0.00	0.31	66.07	23.69	0.00
3	3	0.01	0.66	75.30	13.40	0.00
3	7	0.00	4.59	60.26	11.29	0.00
Core	CPU	C1%	C3%	C6%	C8%	C9%
-	-	0.01	0.67	70.98	17.04	0.00
0	0	0.00	0.56	70.42	18.45	0.00
0	4	0.01	0.65	68.64	21.90	0.00
1	1	0.00	0.52	73.49	16.39	0.00
1	5	0.01	0.49	71.66	19.10	0.00
2	2	0.01	0.36	71.04	18.52	0.00
2	6	0.01	0.40	70.34	20.49	0.00
3	3	0.00	0.61	77.80	12.06	0.00
3	7	0.02	1.81	64.45	9.38	0.00
Core	CPU	C1%	C3%	C6%	C8%	C9%
-	-	0.03	0.84	69.99	16.93	0.00
0	0	0.01	0.41	68.86	19.98	0.00
0	4	0.00	0.52	67.85	22.75	0.00
1	1	0.00	1.27	71.93	16.85	0.00
1	5	0.02	0.52	69.74	20.50	0.00
2	2	0.01	0.33	70.28	14.44	0.00
2	6	0.00	0.47	71.80	18.17	0.00
3	3	0.00	0.61	75.78	13.50	0.00
3	7	0.21	2.56	63.97	9.37	0.00
Core	CPU	C1%	C3%	C6%	C8%	C9%
-	-	0.05	0.68	70.75	17.29	0.00
0	0	0.00	0.49	75.61	13.33	0.00
0	4	0.00	0.55	70.61	20.15	0.00
1	1	0.00	0.31	71.69	18.17	0.00
1	5	0.00	0.35	69.97	20.99	0.00
2	2	0.01	0.49	68.78	21.21	0.00
2	6	0.00	0.46	68.53	22.32	0.00
3	3	0.01	0.77	77.40	12.15	0.00
3	7	0.40	1.99	62.97	9.90	0.00
Core	CPU	C1%	C3%	C6%	C8%	C9%
-	-	0.01	0.67	71.04	16.91	0.00
0	0	0.01	0.46	72.02	16.95	0.00
0	4	0.01	0.67	69.19	21.36	0.00
1	1	0.00	0.42	73.43	16.32	0.00
1	5	0.01	0.43	70.89	19.81	0.00
2	2	0.00	0.42	70.32	19.69	0.00
2	6	0.01	0.36	69.32	21.56	0.00
3	3	0.01	0.70	79.65	9.97	0.00
3	7	0.02	1.87	63.99	9.78	0.00
Core	CPU	C1%	C3%	C6%	C8%	C9%
-	-	0.01	1.12	69.96	15.82	0.00
0	0	0.01	0.37	75.82	11.24	0.00
0	4	0.01	0.50	66.42	21.69	0.00
1	1	0.00	2.32	69.47	17.35	0.00
1	5	0.01	0.50	68.81	19.99	0.00
2	2	0.01	0.43	66.94	20.32	0.00
2	6	0.00	0.42	67.49	21.30	0.00
3	3	0.00	0.76	79.35	8.22	0.00
3	7	0.01	3.65	65.02	6.38	0.00
Core	CPU	C1%	C3%	C6%	C8%	C9%
-	-	0.01	0.74	71.93	15.97	0.00
0	0	0.00	0.53	72.87	16.11	0.00
0	4	0.00	0.65	70.98	19.53	0.00
1	1	0.01	0.36	73.81	16.01	0.00
1	5	0.01	0.50	71.27	19.44	0.00
2	2	0.00	0.50	70.89	19.00	0.00
2	6	0.01	0.44	71.07	19.58	0.00
3	3	0.00	0.75	78.81	10.72	0.00
3	7	0.01	2.21	66.03	7.48	0.00
Core	CPU	C1%	C3%	C6%	C8%	C9%
-	-	0.01	0.90	70.71	16.99	0.00
0	0	0.01	0.36	71.00	18.28	0.00
0	4	0.00	0.68	70.59	19.43	0.00
1	1	0.01	0.54	69.00	20.50	0.00
1	5	0.01	0.59	70.13	19.91	0.00
2	2	0.01	0.37	69.59	20.49	0.00
2	6	0.00	1.25	69.27	20.30	0.00
3	3	0.00	0.83	79.13	10.10	0.00
3	7	0.02	2.55	66.48	6.79	0.00
Core	CPU	C1%	C3%	C6%	C8%	C9%
-	-	0.00	0.65	71.05	16.96	0.00
0	0	0.00	0.47	75.86	13.09	0.00
0	4	0.00	0.62	71.35	19.17	0.00
1	1	0.00	0.33	71.46	18.33	0.00
1	5	0.01	0.36	70.40	20.45	0.00
2	2	0.01	0.44	69.04	21.00	0.00
2	6	0.00	0.40	68.35	22.47	0.00
3	3	0.00	0.69	78.22	11.35	0.00
3	7	0.01	1.88	63.81	9.81	0.00
Core	CPU	C1%	C3%	C6%	C8%	C9%
-	-	0.01	0.68	71.42	16.51	0.00
0	0	0.01	0.60	73.13	15.70	0.00
0	4	0.00	0.81	71.14	19.10	0.00
1	1	0.01	0.40	72.98	16.95	0.00
1	5	0.00	0.38	71.19	19.62	0.00
2	2	0.00	0.42	70.98	18.92	0.00
2	6	0.01	0.44	69.78	20.95	0.00
3	3	0.01	0.63	78.78	10.99	0.00
3	7	0.01	1.79	63.91	9.97	0.00
Core	CPU	C1%	C3%	C6%	C8%	C9%
-	-	0.03	0.89	69.18	17.09	0.12
0	0	0.01	0.52	72.04	15.44	0.00
0	4	0.00	0.63	68.86	19.77	0.00
1	1	0.00	1.03	69.03	17.74	0.94
1	5	0.00	0.42	68.84	20.61	0.00
2	2	0.00	0.31	66.92	21.84	0.00
2	6	0.00	0.44	67.49	21.82	0.00
3	3	0.00	0.61	76.51	11.11	0.00
3	7	0.21	3.14	63.38	8.30	0.00
Core	CPU	C1%	C3%	C6%	C8%	C9%
-	-	0.03	0.69	71.47	16.57	0.00
0	0	0.00	0.51	74.41	14.50	0.00
0	4	0.00	0.67	70.19	20.31	0.00
1	1	0.00	0.35	72.43	17.60	0.00
1	5	0.01	0.45	72.01	18.76	0.00
2	2	0.01	0.36	69.71	20.39	0.00
2	6	0.01	0.35	68.67	22.20	0.00
3	3	0.01	0.66	79.66	10.04	0.00
3	7	0.20	2.18	64.54	8.72	0.00
Core	CPU	C1%	C3%	C6%	C8%	C9%
-	-	0.01	0.83	71.20	16.59	0.00
0	0	0.01	0.57	73.08	15.55	0.00
0	4	0.00	0.68	70.05	20.43	0.00
1	1	0.00	0.33	75.92	13.97	0.00
1	5	0.00	0.40	71.19	19.61	0.00
2	2	0.00	0.47	67.91	22.14	0.00
2	6	0.01	1.21	68.67	21.24	0.00
3	3	0.01	0.57	78.76	11.03	0.00
3	7	0.01	2.39	64.50	8.86	0.00
Core	CPU	C1%	C3%	C6%	C8%	C9%
-	-	0.01	0.68	71.86	16.21	0.00
0	0	0.01	0.51	75.25	13.71	0.00
0	4	0.01	0.75	71.27	19.15	0.00
1	1	0.01	0.43	75.03	14.82	0.00
1	5	0.01	0.34	72.53	18.22	0.00
2	2	0.01	0.47	68.91	21.09	0.00
2	6	0.00	0.40	69.01	21.83	0.00
3	3	0.00	0.67	78.34	11.36	0.00
3	7	0.01	1.92	64.26	9.42	0.00
Core	CPU	C1%	C3%	C6%	C8%	C9%
-	-	0.01	0.69	71.68	16.26	0.00
0	0	0.01	0.52	75.48	13.43	0.00
0	4	0.00	0.71	71.58	18.83	0.00
1	1	0.01	0.35	73.20	16.76	0.00
1	5	0.01	0.42	71.54	19.19	0.00
2	2	0.01	0.51	69.93	19.83	0.00
2	6	0.00	0.43	70.40	20.34	0.00
3	3	0.01	0.67	77.81	11.84	0.00
3	7	0.01	1.87	63.76	9.95	0.00
Core	CPU	C1%	C3%	C6%	C8%	C9%
-	-	0.00	0.95	69.62	16.05	0.00
0	0	0.00	0.49	72.16	14.90	0.00
0	4	0.00	0.65	68.09	20.37	0.00
1	1	0.00	2.08	71.80	14.76	0.00
1	5	0.00	0.43	69.71	18.39	0.00
2	2	0.01	0.43	68.06	19.79	0.00
2	6	0.00	0.39	67.51	20.77	0.00
3	3	0.00	0.58	76.58	10.93	0.00
3	7	0.01	2.53	62.91	8.45	0.00
Core	CPU	C1%	C3%	C6%	C8%	C9%
-	-	0.00	0.71	72.15	15.90	0.00
0	0	0.00	0.60	70.87	18.22	0.00
0	4	0.01	0.69	68.65	21.91	0.00
1	1	0.00	0.23	75.94	13.95	0.00
1	5	0.00	0.40	72.39	18.40	0.00
2	2	0.00	0.53	69.56	20.38	0.00
2	6	0.01	0.38	71.06	19.79	0.00
3	3	0.00	0.72	81.61	7.99	0.00
3	7	0.01	2.11	66.94	6.55	0.00
Core	CPU	C1%	C3%	C6%	C8%	C9%
-	-	0.01	0.90	71.17	16.60	0.00
0	0	0.00	0.45	70.13	18.83	0.00
0	4	0.01	0.80	67.11	23.15	0.00
1	1	0.00	0.50	73.59	16.17	0.00
1	5	0.01	1.16	71.04	18.54	0.00
2	2	0.00	0.43	69.87	19.85	0.00
2	6	0.00	0.37	70.59	20.08	0.00
3	3	0.01	0.59	80.76	9.01	0.00
3	7	0.01	2.91	65.94	7.06	0.00
Core	CPU	C1%	C3%	C6%	C8%	C9%
-	-	0.00	0.68	72.06	16.01	0.00
0	0	0.00	0.54	74.04	14.93	0.00
0	4	0.01	0.56	68.69	21.95	0.00
1	1	0.00	0.42	74.81	15.02	0.00
1	5	0.01	0.46	72.58	18.20	0.00
2	2	0.01	0.41	70.06	20.05	0.00
2	6	0.00	0.42	69.90	20.93	0.00
3	3	0.00	0.55	80.56	9.23	0.00
3	7	0.01	2.05	65.80	7.78	0.00
Core	CPU	C1%	C3%	C6%	C8%	C9%
-	-	0.01	0.69	71.88	16.03	0.00
0	0	0.01	0.51	73.34	15.64	0.00
0	4	0.01	0.65	69.50	20.92	0.00
1	1	0.00	0.34	74.23	15.60	0.00
1	5	0.01	0.44	71.26	19.50	0.00
2	2	0.00	0.47	70.96	19.03	0.00
2	6	0.01	0.47	71.10	19.64	0.00
3	3	0.00	0.71	79.64	9.92	0.00
3	7	0.01	1.95	65.66	8.15	0.00
Core	CPU	C1%	C3%	C6%	C8%	C9%
-	-	0.01	1.16	69.31	17.25	0.00
0	0	0.01	0.48	72.77	14.49	0.00
0	4	0.00	0.57	69.30	20.16	0.00
1	1	0.00	2.00	68.18	18.77	0.00
1	5	0.01	0.48	68.04	21.50	0.00
2	2	0.01	0.37	67.65	21.16	0.00
2	6	0.00	0.44	68.36	21.50	0.00
3	3	0.00	0.60	76.26	12.18	0.00
3	7	0.01	4.30	63.46	8.11	0.00
Core	CPU	C1%	C3%	C6%	C8%	C9%
-	-	0.01	0.69	71.03	16.72	0.00
0	0	0.01	0.49	73.48	15.48	0.00
0	4	0.02	0.56	68.90	20.28	0.00
1	1	0.01	0.45	73.21	16.64	0.00
1	5	0.01	0.36	68.59	21.38	0.00
2	2	0.00	0.41	70.55	19.53	0.00
2	6	0.00	0.41	70.40	20.38	0.00
3	3	0.01	0.65	78.12	11.41	0.00
3	7	0.01	2.17	64.80	8.64	0.00
Core	CPU	C1%	C3%	C6%	C8%	C9%
-	-	0.01	0.80	70.20	17.48	0.00
0	0	0.00	0.54	70.96	17.51	0.00
0	4	0.00	1.12	69.81	19.76	0.00
1	1	0.00	0.32	71.87	18.16	0.00
1	5	0.00	0.41	70.18	20.51	0.00
2	2	0.01	0.56	68.47	21.27	0.00
2	6	0.00	0.47	68.24	22.45	0.00
3	3	0.01	0.75	78.56	11.08	0.00
3	7	0.01	2.25	64.13	9.27	0.00
Core	CPU	C1%	C3%	C6%	C8%	C9%
-	-	0.01	0.69	71.21	16.91	0.00
0	0	0.00	0.48	73.84	15.41	0.00
0	4	0.00	0.65	73.60	16.74	0.00
1	1	0.00	0.38	73.48	16.47	0.00
1	5	0.01	0.28	71.01	19.92	0.00
2	2	0.01	0.47	68.71	21.25	0.00
2	6	0.00	0.48	68.55	22.18	0.00
3	3	0.01	0.68	76.90	12.66	0.00
3	7	0.01	2.07	62.96	10.54	0.00
Core	CPU	C1%	C3%	C6%	C8%	C9%
-	-	0.01	0.66	70.43	16.84	0.00
0	0	0.01	0.41	71.42	17.73	0.00
0	4	0.00	0.52	70.42	20.22	0.00
1	1	0.01	0.54	73.47	15.94	0.00
1	5	0.01	0.41	70.60	20.14	0.00
2	2	0.02	0.53	67.88	16.69	0.00
2	6	0.00	0.39	70.16	20.04	0.00
3	3	0.00	0.67	76.84	12.95	0.00
3	7	0.01	1.85	63.29	11.15	0.00
Core	CPU	C1%	C3%	C6%	C8%	C9%
-	-	0.01	1.12	68.61	17.23	0.00
0	0	0.00	0.46	70.62	16.42	0.00
0	4	0.00	0.51	67.54	20.47	0.00
1	1	0.01	2.52	70.58	15.89	0.00
1	5	0.01	0.44	69.12	19.77	0.00
2	2	0.00	0.38	67.77	20.26	0.00
2	6	0.00	0.41	66.27	22.67	0.00
3	3	0.01	0.80	75.55	11.65	0.00
3	7	0.01	3.46	60.92	10.58	0.00
Core	CPU	C1%	C3%	C6%	C8%	C9%
-	-	0.01	0.69	72.00	16.07	0.00
0	0	0.00	0.50	74.61	14.41	0.00
0	4	0.01	0.62	71.87	18.57	0.00
1	1	0.00	0.34	74.91	15.07	0.00
1	5	0.01	0.41	71.73	19.07	0.00
2	2	0.01	0.50	69.83	20.18	0.00
2	6	0.00	0.48	69.68	21.13	0.00
3	3	0.00	0.69	78.54	11.22	0.00
3	7	0.01	1.98	64.69	8.86	0.00
Core	CPU	C1%	C3%	C6%	C8%	C9%
-	-	0.00	0.84	71.66	16.14	0.00
0	0	0.01	0.49	73.71	15.19	0.00
0	4	0.00	0.81	69.04	21.32	0.00
1	1	0.01	0.49	72.68	17.27	0.00
1	5	0.01	0.45	71.90	18.90	0.00
2	2	0.00	0.26	71.32	18.87	0.00
2	6	0.00	0.34	70.62	20.32	0.00
3	3	0.01	1.27	80.06	8.83	0.00
3	7	0.00	2.61	64.58	8.63	0.00
Core	CPU	C1%	C3%	C6%	C8%	C9%
-	-	0.00	0.66	70.85	17.30	0.00
0	0	0.01	0.49	73.47	15.57	0.00
0	4	0.00	0.64	69.66	20.89	0.00
1	1	0.00	0.38	73.09	16.77	0.00
1	5	0.01	0.39	70.38	20.48	0.00
2	2	0.00	0.43	68.20	21.82	0.00
2	6	0.00	0.42	69.43	21.46	0.00
3	3	0.00	0.61	77.50	12.29	0.00
3	7	0.01	1.89	64.67	9.02	0.00
Core	CPU	C1%	C3%	C6%	C8%	C9%
-	-	0.01	0.73	72.37	15.54	0.00
0	0	0.00	0.46	73.54	15.45	0.00
0	4	0.01	0.75	69.23	21.08	0.00
1	1	0.00	0.37	74.10	15.71	0.00
1	5	0.01	0.56	71.89	18.76	0.00
2	2	0.01	0.46	71.88	18.06	0.00
2	6	0.01	0.32	71.10	19.81	0.00
3	3	0.00	0.63	81.10	8.62	0.00
3	7	0.01	2.29	66.54	6.93	0.00
Core	CPU	C1%	C3%	C6%	C8%	C9%
-	-	0.01	1.15	68.85	17.44	0.00
0	0	0.00	0.50	71.34	16.09	0.00
0	4	0.00	0.64	67.86	21.05	0.00
1	1	0.02	1.83	69.89	16.88	0.00
1	5	0.01	0.54	66.98	21.91	0.00
2	2	0.00	0.42	68.24	20.67	0.00
2	6	0.01	0.50	67.33	21.51	0.00
3	3	0.00	0.56	76.36	12.41	0.00
3	7	0.01	4.23	62.61	8.97	0.00
Core	CPU	C1%	C3%	C6%	C8%	C9%
-	-	0.01	0.72	72.45	15.49	0.00
0	0	0.01	0.61	70.38	18.65	0.00
0	4	0.01	0.72	69.38	21.09	0.00
1	1	0.00	0.34	77.26	12.57	0.00
1	5	0.01	0.53	73.38	16.98	0.00
2	2	0.00	0.41	71.43	18.50	0.00
2	6	0.01	0.33	69.64	20.93	0.00
3	3	0.00	0.75	81.76	7.85	0.00
3	7	0.01	2.06	66.28	7.34	0.00
Core	CPU	C1%	C3%	C6%	C8%	C9%
-	-	0.01	0.83	71.54	16.26	0.00
0	0	0.01	0.48	72.74	15.94	0.00
0	4	0.00	0.68	69.96	20.46	0.00
1	1	0.01	0.58	72.55	17.33	0.00
1	5	0.01	0.55	69.39	21.34	0.00
2	2	0.01	0.30	70.82	19.23	0.00
2	6	0.00	0.34	70.07	20.51	0.00
3	3	0.00	1.25	80.39	8.53	0.00
3	7	0.01	2.49	66.58	6.81	0.00
Core	CPU	C1%	C3%	C6%	C8%	C9%
-	-	0.00	0.69	71.45	16.62	0.00
0	0	0.01	0.50	71.02	18.15	0.00
0	4	0.00	0.71	69.26	21.20	0.00
1	1	0.00	0.46	75.63	14.08	0.00
1	5	0.01	0.40	70.82	20.06	0.00
2	2	0.00	0.38	70.19	19.74	0.00
2	6	0.00	0.45	69.41	21.46	0.00
3	3	0.00	0.74	79.53	10.08	0.00
3	7	0.00	1.89	65.55	8.18	0.00
Core	CPU	C1%	C3%	C6%	C8%	C9%
-	-	0.04	0.72	72.26	15.59	0.00
0	0	0.01	0.59	76.17	12.63	0.00
0	4	0.01	0.74	71.50	18.82	0.00
1	1	0.00	0.38	73.69	16.02	0.00
1	5	0.01	0.41	71.79	18.99	0.00
2	2	0.01	0.49	70.77	19.13	0.00
2	6	0.00	0.42	69.64	21.16	0.00
3	3	0.00	0.69	79.33	10.38	0.00
3	7	0.30	2.05	65.57	7.65	0.00
Core	CPU	C1%	C3%	C6%	C8%	C9%
-	-	0.01	1.03	69.88	15.64	0.00
0	0	0.00	0.52	70.88	15.97	0.00
0	4	0.01	0.71	67.19	20.49	0.00
1	1	0.01	1.14	71.55	15.19	0.03
1	5	0.01	0.47	68.18	20.14	0.00
2	2	0.00	0.46	68.09	19.26	0.00
2	6	0.00	0.39	67.90	20.92	0.00
3	3	0.01	0.68	79.67	7.75	0.00
3	7	0.02	3.88	65.51	5.42	0.00
Core	CPU	C1%	C3%	C6%	C8%	C9%
-	-	0.18	0.69	70.81	16.64	0.00
0	0	0.52	0.44	75.66	11.62	0.00
0	4	0.02	0.76	70.63	18.98	0.00
1	1	0.00	0.40	72.00	17.91	0.00
1	5	0.01	0.49	71.69	19.07	0.00
2	2	0.00	0.49	67.36	22.12	0.00
2	6	0.01	0.54	69.06	21.30	0.00
3	3	0.07	0.67	76.82	11.96	0.00
3	7	0.77	1.75	62.78	10.07	0.00
Core	CPU	C1%	C3%	C6%	C8%	C9%
-	-	0.06	0.85	70.63	16.98	0.00
0	0	0.00	0.62	75.40	13.20	0.00
0	4	0.00	0.60	71.22	18.80	0.00
1	1	0.00	0.36	69.86	19.95	0.00
1	5	0.01	1.26	69.46	20.22	0.00
2	2	0.01	0.50	70.42	19.41	0.00
2	6	0.00	0.41	69.10	21.65	0.00
3	3	0.00	0.55	76.10	13.84	0.00
3	7	0.49	2.48	63.74	8.78	0.00
Core	CPU	C1%	C3%	C6%	C8%	C9%
-	-	0.00	0.68	71.71	16.31	0.00
0	0	0.01	0.56	71.98	17.02	0.00
0	4	0.00	0.64	67.37	23.15	0.00
1	1	0.00	0.43	74.28	15.57	0.00
1	5	0.01	0.47	72.74	17.94	0.00
2	2	0.00	0.25	70.65	19.42	0.00
2	6	0.00	0.32	69.63	21.22	0.00
3	3	0.01	0.70	81.83	7.93	0.00
3	7	0.01	2.04	65.44	8.27	0.00
Core	CPU	C1%	C3%	C6%	C8%	C9%
-	-	0.01	0.64	71.85	16.37	0.00
0	0	0.00	0.39	75.58	13.47	0.00
0	4	0.00	0.59	72.21	18.38	0.00
1	1	0.00	0.38	75.30	14.67	0.00
1	5	0.01	0.39	71.16	19.67	0.00
2	2	0.01	0.51	69.08	20.86	0.00
2	6	0.00	0.45	69.14	21.70	0.00
3	3	0.01	0.62	77.65	12.20	0.00
3	7	0.01	1.80	63.99	9.86	0.00
Core	CPU	C1%	C3%	C6%	C8%	C9%
-	-	0.01	1.06	69.29	16.72	0.00
0	0	0.01	0.48	72.87	14.47	0.00
0	4	0.00	0.46	68.18	19.84	0.00
1	1	0.01	2.36	70.07	16.42	0.00
1	5	0.01	0.33	68.36	20.52	0.00
2	2	0.01	0.34	67.95	20.19	0.00
2	6	0.00	0.45	68.68	21.12	0.00
3	3	0.00	0.59	74.98	12.83	0.00
3	7	0.01	3.46	63.20	8.37	0.00
Core	CPU	C1%	C3%	C6%	C8%	C9%
-	-	0.01	0.70	71.91	16.01	0.00
0	0	0.01	0.50	72.16	16.81	0.00
0	4	0.00	0.72	68.05	22.37	0.00
1	1	0.00	0.46	75.09	14.63	0.00
1	5	0.01	0.50	71.97	18.67	0.00
2	2	0.00	0.41	70.15	19.87	0.00
2	6	0.00	0.33	70.83	20.05	0.00
3	3	0.00	0.55	80.78	9.08	0.00
3	7	0.01	2.15	66.81	6.78	0.00
Core	CPU	C1%	C3%	C6%	C8%	C9%
-	-	0.01	0.83	71.85	16.14	0.00
0	0	0.01	0.51	77.19	11.82	0.00
0	4	0.01	0.63	71.91	18.71	0.00
1	1	0.00	0.27	75.53	14.54	0.00
1	5	0.00	0.36	72.24	18.60	0.00
2	2	0.01	0.53	68.73	21.25	0.00
2	6	0.00	0.44	68.62	22.26	0.00
3	3	0.01	1.45	77.07	11.83	0.00
3	7	0.00	2.46	63.16	10.02	0.00
Core	CPU	C1%	C3%	C6%	C8%	C9%
-	-	0.01	0.64	71.13	16.98	0.00
0	0	0.00	0.43	77.21	11.76	0.00
0	4	0.00	0.48	70.12	20.58	0.00
1	1	0.00	0.36	73.39	16.61	0.00
1	5	0.01	0.35	70.76	20.08	0.00
2	2	0.02	0.51	69.34	20.67	0.00
2	6	0.01	0.53	69.00	21.79	0.00
3	3	0.01	0.69	76.47	13.28	0.00
3	7	0.01	1.78	62.68	11.05	0.00
Core	CPU	C1%	C3%	C6%	C8%	C9%
-	-	0.01	0.68	71.33	16.61	0.00
0	0	0.01	0.44	73.57	15.45	0.00
0	4	0.01	0.56	71.35	19.00	0.00
1	1	0.00	0.37	72.66	17.36	0.00
1	5	0.01	0.49	70.71	19.98	0.00
2	2	0.01	0.48	70.03	19.96	0.00
2	6	0.01	0.55	68.95	21.79	0.00
3	3	0.00	0.65	79.30	10.44	0.00
3	7	0.01	1.91	64.64	9.08	0.00
Core	CPU	C1%	C3%	C6%	C8%	C9%
-	-	0.01	1.14	70.19	16.27	0.00
0	0	0.01	0.40	75.47	12.03	0.00
0	4	0.01	0.52	69.94	18.82	0.00
1	1	0.01	2.05	71.48	15.09	0.00
1	5	0.01	0.36	69.08	20.70	0.00
2	2	0.01	0.45	68.36	19.72	0.00
2	6	0.00	0.47	69.14	20.98	0.00
3	3	0.00	0.63	75.56	13.50	0.00
3	7	0.01	4.27	62.28	9.30	0.00
Core	CPU	C1%	C3%	C6%	C8%	C9%
-	-	0.01	0.69	71.34	16.53	0.00
0	0	0.01	0.42	70.74	18.33	0.00
0	4	0.00	0.64	68.31	22.18	0.00
1	1	0.01	0.50	74.67	15.13	0.00
1	5	0.01	0.59	70.96	19.71	0.00
2	2	0.01	0.40	71.07	17.80	0.00
2	6	0.00	0.48	70.12	20.58	0.00
3	3	0.00	0.63	79.44	10.35	0.00
3	7	0.02	1.87	65.60	8.18	0.00
Core	CPU	C1%	C3%	C6%	C8%	C9%
-	-	0.01	0.83	70.19	17.03	0.00
0	0	0.01	0.43	69.21	19.93	0.00
0	4	0.01	0.59	69.68	20.89	0.00
1	1	0.00	0.47	72.24	17.33	0.00
1	5	0.01	0.93	70.68	19.18	0.00
2	2	0.02	0.52	67.75	17.70	0.00
2	6	0.00	0.38	69.10	21.04	0.00
3	3	0.01	0.76	78.26	11.11	0.00
3	7	0.02	2.60	64.33	8.94	0.00
Core	CPU	C1%	C3%	C6%	C8%	C9%
-	-	0.01	0.69	71.34	16.63	0.00
0	0	0.01	0.45	72.39	16.71	0.00
0	4	0.00	0.63	69.37	21.09	0.00
1	1	0.00	0.45	73.29	16.51	0.00
1	5	0.01	0.45	72.10	18.64	0.00
2	2	0.01	0.40	70.63	19.30	0.00
2	6	0.00	0.36	69.29	21.64	0.00
3	3	0.01	0.70	78.85	10.81	0.00
3	7	0.02	2.05	65.02	8.42	0.00
Core	CPU	C1%	C3%	C6%	C8%	C9%
-	-	0.01	0.74	72.02	16.08	0.00
0	0	0.01	0.57	72.56	16.43	0.00
0	4	0.01	0.80	68.35	22.10	0.00
1	1	0.00	0.39	75.17	14.67	0.00
1	5	0.01	0.46	73.31	17.46	0.00
2	2	0.00	0.36	70.47	19.58	0.00
2	6	0.00	0.33	69.64	21.29	0.00
3	3	0.01	0.69	81.67	8.12	0.00
3	7	0.01	2.31	64.45	8.85	0.00
Core	CPU	C1%	C3%	C6%	C8%	C9%
-	-	0.01	0.95	69.70	16.12	0.00
0	0	0.01	0.45	72.17	14.95	0.00
0	4	0.00	0.59	70.58	17.95	0.00
1	1	0.01	2.15	70.17	16.34	0.00
1	5	0.01	0.51	69.38	19.50	0.00
2	2	0.01	0.47	67.80	19.62	0.00
2	6	0.00	0.41	67.62	21.82	0.00
3	3	0.00	0.64	76.47	10.72	0.00
3	7	0.01	2.36	63.42	8.12	0.00
Core	CPU	C1%	C3%	C6%	C8%	C9%
-	-	0.01	0.69	71.67	16.26	0.00
0	0	0.01	0.53	72.57	16.35	0.00
0	4	0.01	0.67	69.16	21.21	0.00
1	1	0.00	0.45	73.51	16.28	0.00
1	5	0.01	0.53	71.57	19.11	0.00
2	2	0.00	0.36	70.03	20.03	0.00
2	6	0.00	0.35	70.61	20.32	0.00
3	3	0.00	0.63	80.47	9.30	0.00
3	7	0.02	2.00	66.07	7.63	0.00
Core	CPU	C1%	C3%	C6%	C8%	C9%
-	-	0.00	0.90	71.38	16.60	0.00
0	0	0.00	0.49	72.99	16.03	0.00
0	4	0.00	0.49	68.79	21.97	0.00
1	1	0.00	0.47	75.22	14.71	0.00
1	5	0.00	1.37	70.63	19.05	0.00
2	2	0.00	0.38	69.04	21.10	0.00
2	6	0.00	0.46	69.21	21.69	0.00
3	3	0.00	0.69	79.82	9.95	0.00
3	7	0.01	2.84	64.83	8.19	0.00
Core	CPU	C1%	C3%	C6%	C8%	C9%
-	-	0.01	0.71	71.65	16.30	0.00
0	0	0.01	0.42	70.41	18.61	0.00
0	4	0.00	0.55	69.12	21.38	0.00
1	1	0.01	0.60	73.69	16.01	0.00
1	5	0.01	0.61	70.34	20.27	0.00
2	2	0.01	0.33	71.02	19.10	0.00
2	6	0.00	0.39	72.69	18.19	0.00
3	3	0.01	0.62	80.41	9.35	0.00
3	7	0.01	2.16	66.06	7.61	0.00
Core	CPU	C1%	C3%	C6%	C8%	C9%
-	-	0.00	0.75	72.04	16.08	0.00
0	0	0.01	0.59	70.74	18.30	0.00
0	4	0.00	0.67	69.03	21.39	0.00
1	1	0.00	0.52	74.61	15.18	0.00
1	5	0.01	0.55	70.42	20.24	0.00
2	2	0.00	0.33	69.81	20.30	0.00
2	6	0.01	0.43	71.22	19.65	0.00
3	3	0.00	0.74	82.76	6.94	0.00
3	7	0.01	2.15	67.09	6.49	0.00
Core	CPU	C1%	C3%	C6%	C8%	C9%
-	-	0.01	1.00	69.35	16.51	0.00
0	0	0.01	0.46	70.94	16.35	0.00
0	4	0.00	0.58	68.85	19.56	0.00
1	1	0.01	2.23	70.68	15.77	0.00
1	5	0.01	0.42	67.52	21.52	0.00
2	2	0.00	0.51	67.83	20.03	0.00
2	6	0.00	0.45	68.14	20.80	0.00
3	3	0.01	0.57	77.10	10.14	0.00
3	7	0.02	2.81	63.76	7.92	0.00
Core	CPU	C1%	C3%	C6%	C8%	C9%
-	-	0.00	0.63	71.25	16.80	0.00
0	0	0.00	0.46	76.63	12.41	0.00
0	4	0.00	0.60	73.00	17.52	0.00
1	1	0.00	0.30	76.56	13.26	0.00
1	5	0.01	0.27	71.18	19.67	0.00
2	2	0.01	0.59	67.51	22.34	0.00
2	6	0.00	0.51	66.56	24.21	0.00
3	3	0.00	0.57	75.54	14.35	0.00
3	7	0.00	1.71	63.21	10.74	0.00
Core	CPU	C1%	C3%	C6%	C8%	C9%
-	-	0.06	0.83	71.63	16.07	0.00
0	0	0.01	0.65	73.24	15.49	0.00
0	4	0.01	0.65	67.38	22.83	0.00
1	1	0.00	0.47	73.46	16.43	0.00
1	5	0.01	0.56	73.72	16.73	0.00
2	2	0.01	0.75	69.31	19.93	0.00
2	6	0.00	0.22	68.89	22.12	0.00
3	3	0.00	0.66	81.05	8.68	0.00
3	7	0.40	2.64	66.30	6.40	0.00
Core	CPU	C1%	C3%	C6%	C8%	C9%
-	-	0.13	0.67	71.18	16.87	0.00
0	0	0.00	0.43	77.38	11.64	0.00
0	4	0.01	0.59	72.55	18.04	0.00
1	1	0.00	0.36	73.34	16.74	0.00
1	5	0.01	0.32	69.42	21.50	0.00
2	2	0.01	0.55	68.72	21.23	0.00
2	6	0.00	0.63	68.42	22.29	0.00
3	3	0.00	0.66	75.91	13.84	0.00
3	7	0.98	1.82	63.14	9.55	0.00
Core	CPU	C1%	C3%	C6%	C8%	C9%
-	-	0.01	0.66	71.37	16.57	0.00
0	0	0.01	0.46	75.24	13.60	0.00
0	4	0.01	0.67	69.51	20.94	0.00
1	1	0.00	0.36	74.27	15.65	0.00
1	5	0.01	0.46	70.26	20.50	0.00
2	2	0.00	0.49	69.20	20.68	0.00
2	6	0.01	0.49	69.31	21.48	0.00
3	3	0.00	0.65	78.66	11.06	0.00
3	7	0.01	1.71	65.11	8.82	0.00
Core	CPU	C1%	C3%	C6%	C8%	C9%
-	-	0.01	0.97	69.79	16.24	0.30
0	0	0.01	0.50	71.74	15.33	0.00
0	4	0.01	0.58	68.66	20.11	0.00
1	1	0.00	1.28	71.84	14.91	2.38
1	5	0.01	0.52	69.29	19.80	0.00
2	2	0.01	0.45	67.87	19.61	0.00
2	6	0.00	0.38	68.49	20.46	0.00
3	3	0.00	0.53	75.98	11.88	0.00
3	7	0.01	3.51	63.84	7.67	0.00
Core	CPU	C1%	C3%	C6%	C8%	C9%
-	-	0.01	0.69	72.08	15.92	0.00
0	0	0.00	0.60	77.10	11.65	0.00
0	4	0.00	0.69	71.18	19.28	0.00
1	1	0.00	0.39	74.45	15.45	0.00
1	5	0.01	0.39	71.05	19.79	0.00
2	2	0.01	0.50	70.07	19.87	0.00
2	6	0.00	0.40	69.89	21.00	0.00
3	3	0.01	0.68	78.86	10.89	0.00
3	7	0.01	1.90	64.24	9.50	0.00
Core	CPU	C1%	C3%	C6%	C8%	C9%
-	-	0.01	0.80	70.91	17.08	0.00
0	0	0.01	0.45	76.83	12.14	0.00
0	4	0.00	0.48	71.14	19.53	0.00
1	1	0.00	0.45	71.51	18.45	0.00
1	5	0.01	0.43	69.19	21.64	0.00
2	2	0.01	0.45	69.76	20.25	0.00
2	6	0.01	0.48	68.50	22.43	0.00
3	3	0.00	1.22	76.56	12.50	0.00
3	7	0.02	2.42	63.62	9.63	0.00
Core	CPU	C1%	C3%	C6%	C8%	C9%
-	-	0.05	0.69	71.82	16.07	0.00
0	0	0.01	0.54	73.71	15.19	0.00
0	4	0.00	0.59	70.07	20.47	0.00
1	1	0.00	0.45	72.52	17.41	0.00
1	5	0.01	0.51	70.57	20.08	0.00
2	2	0.00	0.39	70.49	19.53	0.00
2	6	0.00	0.41	70.32	20.53	0.00
3	3	0.00	0.62	80.71	9.11	0.00
3	7	0.40	2.03	66.74	6.40	0.00
Core	CPU	C1%	C3%	C6%	C8%	C9%
-	-	0.01	0.69	71.71	16.43	0.00
0	0	0.01	0.51	75.71	13.22	0.00
0	4	0.00	0.56	69.47	21.15	0.00
1	1	0.00	0.44	71.64	18.36	0.00
1	5	0.01	0.42	69.89	20.88	0.00
2	2	0.01	0.40	71.30	18.48	0.00
2	6	0.01	0.50	71.15	19.68	0.00
3	3	0.00	0.63	78.85	10.99	0.00
3	7	0.01	2.00	65.12	8.52	0.00
Core	CPU	C1%	C3%	C6%	C8%	C9%
-	-	0.01	0.89	69.87	15.93	0.00
0	0	0.01	0.52	72.27	14.56	0.00
0	4	0.00	0.73	68.43	20.45	0.00
1	1	0.01	1.24	72.82	13.54	0.00
1	5	0.01	0.45	69.33	19.36	0.00
2	2	0.00	0.32	67.27	20.84	0.00
2	6	0.00	0.48	68.59	20.21	0.00
3	3	0.00	0.59	76.81	10.86	0.00
3	7	0.02	2.80	63.76	7.66	0.00
Core	CPU	C1%	C3%	C6%	C8%	C9%
-	-	0.03	0.71	71.46	16.50	0.00
0	0	0.01	0.50	73.58	15.37	0.00
0	4	0.01	0.60	70.15	20.39	0.00
1	1	0.00	0.49	72.77	17.22	0.00
1	5	0.01	0.48	70.45	20.24	0.00
2	2	0.00	0.45	70.16	19.83	0.00
2	6	0.00	0.49	69.37	21.50	0.00
3	3	0.00	0.61	79.59	9.34	0.00
3	7	0.21	2.09	65.29	8.04	0.00
Core	CPU	C1%	C3%	C6%	C8%	C9%
-	-	0.01	0.80	71.54	16.29	0.00
0	0	0.01	0.39	76.03	12.94	0.00
0	4	0.00	0.57	70.76	19.81	0.00
1	1	0.01	0.48	72.79	17.16	0.00
1	5	0.01	0.48	70.62	20.11	0.00
2	2	0.00	0.39	69.07	20.98	0.00
2	6	0.00	0.45	69.31	21.59	0.00
3	3	0.00	1.29	78.84	10.04	0.00
3	7	0.01	2.34	65.51	7.85	0.00
Core	CPU	C1%	C3%	C6%	C8%	C9%
-	-	0.01	0.69	71.85	16.31	0.00
0	0	0.00	0.57	73.20	15.88	0.00
0	4	0.00	0.72	70.83	19.54	0.00
1	1	0.00	0.39	73.89	16.02	0.00
1	5	0.01	0.43	72.02	18.73	0.00
2	2	0.01	0.43	70.00	20.05	0.00
2	6	0.00	0.35	68.99	21.97	0.00
3	3	0.01	0.60	79.87	9.96	0.00
3	7	0.01	2.00	65.39	8.21	0.00
Core	CPU	C1%	C3%	C6%	C8%	C9%
-	-	0.01	0.71	70.11	17.13	0.00
0	0	0.01	0.65	73.35	15.58	0.00
0	4	0.00	0.62	71.68	18.56	0.00
1	1	0.00	0.45	71.75	18.13	0.00
1	5	0.01	0.39	68.39	22.58	0.00
2	2	0.02	0.55	67.83	16.79	0.00
2	6	0.00	0.46	69.10	20.81	0.00
3	3	0.00	0.47	75.92	14.15	0.00
3	7	0.01	2.10	63.48	10.63	0.00
Core	CPU	C1%	C3%	C6%	C8%	C9%
-	-	0.01	0.93	68.83	16.99	0.00
0	0	0.00	0.41	72.51	14.44	0.00
0	4	0.00	0.47	69.86	18.33	0.00
1	1	0.01	2.07	70.04	16.52	0.00
1	5	0.01	0.50	67.15	20.89	0.00
2	2	0.01	0.47	67.98	19.96	0.00
2	6	0.01	0.56	67.36	21.36	0.00
3	3	0.00	0.59	73.18	14.57	0.00
3	7	0.01	2.35	62.03	9.74	0.00
Core	CPU	C1%	C3%	C6%	C8%	C9%
-	-	0.01	0.68	71.98	16.07	0.00
0	0	0.00	0.48	72.59	16.49	0.00
0	4	0.00	0.56	68.55	22.04	0.00
1	1	0.00	0.47	74.00	15.88	0.00
1	5	0.01	0.46	71.44	19.27	0.00
2	2	0.00	0.35	73.19	16.67	0.00
2	6	0.00	0.43	70.96	19.93	0.00
3	3	0.00	0.66	79.98	9.72	0.00
3	7	0.02	2.02	65.08	8.58	0.00
Core	CPU	C1%	C3%	C6%	C8%	C9%
-	-	0.01	0.86	71.52	16.29	0.00
0	0	0.01	0.54	74.35	14.61	0.00
0	4	0.00	0.63	69.19	21.29	0.00
1	1	0.00	0.49	73.78	16.15	0.00
1	5	0.01	0.42	71.43	19.37	0.00
2	2	0.00	0.30	69.71	20.45	0.00
2	6	0.01	1.21	69.61	20.30	0.00
3	3	0.01	0.61	78.75	11.04	0.00
3	7	0.01	2.68	65.94	7.22	0.00
Core	CPU	C1%	C3%	C6%	C8%	C9%
-	-	0.01	0.71	72.23	15.88	0.00
0	0	0.01	0.47	72.26	16.84	0.00
0	4	0.00	0.65	69.96	20.52	0.00
1	1	0.00	0.48	72.64	17.29	0.00
1	5	0.01	0.56	70.45	20.19	0.00
2	2	0.01	0.32	71.65	18.34	0.00
2	6	0.00	0.46	71.32	19.42	0.00
3	3	0.00	0.58	81.30	8.40	0.00
3	7	0.02	2.15	67.63	5.91	0.00
Core	CPU	C1%	C3%	C6%	C8%	C9%
-	-	0.01	0.64	71.01	17.01	0.00
0	0	0.00	0.43	76.51	12.40	0.00
0	4	0.00	0.59	72.63	17.92	0.00
1	1	0.00	0.41	72.49	17.38	0.00
1	5	0.01	0.36	68.61	22.14	0.00
2	2	0.01	0.55	68.92	20.98	0.00
2	6	0.00	0.56	68.28	22.45	0.00
3	3	0.00	0.49	76.31	13.61	0.00
3	7	0.02	1.71	64.66	9.24	0.00
Core	CPU	C1%	C3%	C6%	C8%	C9%
-	-	0.01	1.00	69.17	16.60	0.00
0	0	0.01	0.46	71.13	16.27	0.00
0	4	0.00	0.54	70.21	18.13	0.00
1	1	0.00	2.18	69.96	16.68	0.00
1	5	0.01	0.39	68.37	19.68	0.00
2	2	0.00	0.53	68.11	19.68	0.00
2	6	0.01	0.48	67.27	21.53	0.00
3	3	0.00	0.68	75.70	11.91	0.00
3	7	0.01	2.74	62.71	8.93	0.00
Core	CPU	C1%	C3%	C6%	C8%	C9%
-	-	0.01	0.72	72.88	15.26	0.00
0	0	0.01	0.34	74.73	14.31	0.00
0	4	0.00	0.45	67.08	23.65	0.00
1	1	0.00	0.55	71.89	18.09	0.00
1	5	0.02	0.72	71.22	19.44	0.00
2	2	0.00	0.29	74.48	15.68	0.00
2	6	0.00	0.42	73.57	17.33	0.00
3	3	0.00	0.74	81.79	7.73	0.00
3	7	0.02	2.26	67.79	5.72	0.00
Core	CPU	C1%	C3%	C6%	C8%	C9%
-	-	0.03	0.91	71.42	16.17	0.00
0	0	0.01	0.52	72.76	16.12	0.00
0	4	0.01	0.51	67.90	22.75	0.00
1	1	0.00	0.54	74.74	14.54	0.00
1	5	0.01	0.53	71.88	18.21	0.00
2	2	0.01	1.21	69.42	19.48	0.00
2	6	0.00	0.35	69.58	21.41	0.00
3	3	0.00	0.69	80.13	9.39	0.00
3	7	0.21	2.96	65.14	7.49	0.00
Core	CPU	C1%	C3%	C6%	C8%	C9%
-	-	0.07	0.69	71.54	16.33	0.00
0	0	0.01	0.48	76.62	12.24	0.00
0	4	0.00	0.58	70.40	20.11	0.00
1	1	0.00	0.42	72.58	17.32	0.00
1	5	0.01	0.50	71.76	18.94	0.00
2	2	0.01	0.48	69.59	20.36	0.00
2	6	0.00	0.42	69.64	21.22	0.00
3	3	0.00	0.64	77.89	11.83	0.00
3	7	0.49	1.99	64.25	8.68	0.00
Core	CPU	C1%	C3%	C6%	C8%	C9%
-	-	0.04	0.67	71.21	16.90	0.00
0	0	0.01	0.49	73.19	15.84	0.00
0	4	0.00	0.55	68.84	21.73	0.00
1	1	0.00	0.47	72.07	17.86	0.00
1	5	0.01	0.57	72.05	18.56	0.00
2	2	0.01	0.40	68.12	21.91	0.00
2	6	0.00	0.40	68.77	22.12	0.00
3	3	0.00	0.65	80.71	9.02	0.00
3	7	0.30	1.83	65.30	8.00	0.00
Core	CPU	C1%	C3%	C6%	C8%	C9%
-	-	0.01	0.95	70.16	15.65	0.00
0	0	0.00	0.39	72.68	14.29	0.00
0	4	0.00	0.47	67.45	20.51	0.00
1	1	0.01	2.15	70.67	16.18	0.00
1	5	0.02	0.59	69.19	18.74	0.00
2	2	0.01	0.32	69.26	19.35	0.00
2	6	0.01	0.48	68.43	20.08	0.00
3	3	0.00	0.64	79.12	9.07	0.00
3	7	0.01	2.58	64.44	6.96	0.00
Core	CPU	C1%	C3%	C6%	C8%	C9%
-	-	0.01	0.67	72.47	15.57	0.00
0	0	0.00	0.48	77.11	11.81	0.00
0	4	0.01	0.58	71.35	19.22	0.00
1	1	0.00	0.46	74.52	15.32	0.00
1	5	0.01	0.42	71.87	18.94	0.00
2	2	0.00	0.43	69.38	20.58	0.00
2	6	0.00	0.41	69.39	21.49	0.00
3	3	0.00	0.62	80.32	9.44	0.00
3	7	0.01	1.99	65.85	7.79	0.00
Core	CPU	C1%	C3%	C6%	C8%	C9%
-	-	0.01	0.79	71.09	16.80	0.00
0	0	0.00	0.42	75.71	13.31	0.00
0	4	0.01	1.24	73.25	16.57	0.00
1	1	0.01	0.43	70.32	19.64	0.00
1	5	0.01	0.42	69.54	21.17	0.00
2	2	0.01	0.53	70.95	19.05	0.00
2	6	0.00	0.66	68.86	21.87	0.00
3	3	0.00	0.50	76.13	13.81	0.00
3	7	0.01	2.15	64.42	9.12	0.00
Core	CPU	C1%	C3%	C6%	C8%	C9%
-	-	0.01	0.70	70.33	17.48	0.00
0	0	0.00	0.38	69.50	19.56	0.00
0	4	0.00	0.66	68.80	20.04	0.00
1	1	0.00	0.60	70.54	19.32	0.00
1	5	0.03	0.59	69.57	20.17	0.00
2	2	0.00	0.37	69.64	20.36	0.00
2	6	0.00	0.48	70.35	20.42	0.00
3	3	0.00	0.51	77.96	11.90	0.00
3	7	0.02	2.02	65.74	7.95	0.00
Core	CPU	C1%	C3%	C6%	C8%	C9%
-	-	0.01	0.72	72.23	15.68	0.00
0	0	0.01	0.49	73.89	14.88	0.00
0	4	0.00	0.67	68.92	21.46	0.00
1	1	0.00	0.52	71.69	18.19	0.00
1	5	0.01	0.62	71.50	19.09	0.00
2	2	0.00	0.37	72.08	17.95	0.00
2	6	0.01	0.39	70.98	19.89	0.00
3	3	0.00	0.60	81.77	8.01	0.00
3	7	0.02	2.13	67.55	6.13	0.00
Core	CPU	C1%	C3%	C6%	C8%	C9%
-	-	0.03	0.90	69.19	16.75	0.00
0	0	0.00	0.47	74.65	12.53	0.00
0	4	0.01	0.55	67.71	21.12	0.00
1	1	0.00	1.34	70.01	16.53	0.00
1	5	0.01	0.38	68.65	20.37	0.00
2	2	0.01	0.38	66.11	21.48	0.00
2	6	0.00	0.41	65.75	22.98	0.00
3	3	0.01	0.60	76.24	11.69	0.00
3	7	0.21	3.04	64.07	7.24	0.00
Core	CPU	C1%	C3%	C6%	C8%	C9%
-	-	0.07	0.66	71.18	16.87	0.00
0	0	0.00	0.26	76.60	12.51	0.00
0	4	0.00	0.46	70.08	20.54	0.00
1	1	0.00	0.52	72.11	17.78	0.00
1	5	0.02	0.55	69.96	20.81	0.00
2	2	0.01	0.41	69.92	20.13	0.00
2	6	0.01	0.62	69.40	21.38	0.00
3	3	0.00	0.59	76.56	13.16	0.00
3	7	0.50	1.87	64.60	8.55	0.00
Core	CPU	C1%	C3%	C6%	C8%	C9%
-	-	0.03	0.88	71.49	16.41	0.00
0	0	0.01	0.45	72.05	17.02	0.00
0	4	0.01	1.54	68.25	21.34	0.00
1	1	0.00	0.55	72.71	17.14	0.00
1	5	0.01	0.49	70.46	20.40	0.00
2	2	0.01	0.41	71.55	18.54	0.00
2	6	0.00	0.45	69.32	21.62	0.00
3	3	0.00	0.55	80.82	8.91	0.00
3	7	0.21	2.63	66.73	6.29	0.00
Core	CPU	C1%	C3%	C6%	C8%	C9%
-	-	0.01	0.69	71.93	16.01	0.00
0	0	0.01	0.49	71.30	17.77	0.00
0	4	0.00	0.60	68.43	22.08	0.00
1	1	0.01	0.47	74.14	15.70	0.00
1	5	0.01	0.54	71.80	18.88	0.00
2	2	0.01	0.36	71.50	18.57	0.00
2	6	0.01	0.41	71.76	18.98	0.00
3	3	0.00	0.63	80.73	8.94	0.00
3	7	0.01	2.03	66.40	7.31	0.00
Core	CPU	C1%	C3%	C6%	C8%	C9%
-	-	0.01	0.69	71.96	16.19	0.00
0	0	0.01	0.47	74.93	14.08	0.00
0	4	0.00	0.53	70.03	20.52	0.00
1	1	0.01	0.50	73.15	16.68	0.00
1	5	0.01	0.53	69.50	21.17	0.00
2	2	0.00	0.43	71.25	18.86	0.00
2	6	0.00	0.46	70.88	19.92	0.00
3	3	0.00	0.58	79.60	10.13	0.00
3	7	0.02	1.99	65.69	7.98	0.00
Core	CPU	C1%	C3%	C6%	C8%	C9%
-	-	0.01	1.08	69.67	16.09	0.00
0	0	0.00	0.54	73.21	13.68	0.00
0	4	0.01	0.57	68.79	19.09	0.00
1	1	0.00	2.03	70.00	16.81	0.00
1	5	0.01	0.44	68.62	19.74	0.00
2	2	0.01	0.39	68.35	19.82	0.00
2	6	0.01	0.52	66.91	21.82	0.00
3	3	0.00	0.65	78.34	9.81	0.00
3	7	0.02	3.55	63.27	7.97	0.00
Core	CPU	C1%	C3%	C6%	C8%	C9%
-	-	0.01	0.69	71.14	16.61	0.00
0	0	0.01	0.51	72.82	16.17	0.00
0	4	0.00	0.60	67.01	23.31	0.00
1	1	0.00	0.49	74.65	15.18	0.00
1	5	0.01	0.56	70.46	20.09	0.00
2	2	0.01	0.39	69.34	18.74	0.00
2	6	0.00	0.35	70.69	19.63	0.00
3	3	0.00	0.60	79.01	10.80	0.00
3	7	0.02	2.01	65.00	8.90	0.00
Core	CPU	C1%	C3%	C6%	C8%	C9%
-	-	0.01	0.80	69.68	17.68	0.05
0	0	0.00	0.47	72.10	16.89	0.00
0	4	0.01	0.61	70.29	20.37	0.00
1	1	0.00	0.38	73.09	16.79	0.00
1	5	0.00	0.34	69.17	21.81	0.00
2	2	0.01	0.51	66.91	19.24	0.00
2	6	0.01	0.47	67.89	22.48	0.00
3	3	0.00	0.91	75.36	13.42	0.40
3	7	0.01	2.70	62.88	10.55	0.00
Core	CPU	C1%	C3%	C6%	C8%	C9%
-	-	0.01	0.73	72.10	15.97	0.00
0	0	0.00	0.46	72.46	16.50	0.00
0	4	0.00	0.62	69.45	21.00	0.00
1	1	0.01	0.59	73.88	15.81	0.00
1	5	0.02	0.61	69.39	21.35	0.00
2	2	0.01	0.36	71.38	18.72	0.00
2	6	0.00	0.45	71.25	19.68	0.00
3	3	0.00	0.55	81.01	8.79	0.00
3	7	0.02	2.17	67.70	5.86	0.00
Core	CPU	C1%	C3%	C6%	C8%	C9%
-	-	0.01	0.70	72.54	15.38	0.00
0	0	0.01	0.56	75.72	13.02	0.00
0	4	0.01	0.68	69.78	20.67	0.00
1	1	0.00	0.41	74.12	15.76	0.00
1	5	0.01	0.55	72.87	17.85	0.00
2	2	0.01	0.43	70.29	19.68	0.00
2	6	0.00	0.32	70.38	20.53	0.00
3	3	0.01	0.69	81.67	7.99	0.00
3	7	0.01	1.99	66.01	7.70	0.00
Core	CPU	C1%	C3%	C6%	C8%	C9%
-	-	0.01	1.19	69.06	17.34	0.00
0	0	0.01	0.54	70.10	17.30	0.00
0	4	0.00	0.71	67.69	21.04	0.00
1	1	0.01	2.14	68.76	17.81	0.00
1	5	0.00	0.46	69.58	19.93	0.00
2	2	0.00	0.47	66.51	22.47	0.00
2	6	0.01	0.44	65.51	23.50	0.00
3	3	0.00	0.56	79.93	9.33	0.00
3	7	0.02	4.22	64.29	7.33	0.00
Core	CPU	C1%	C3%	C6%	C8%	C9%
-	-	0.04	0.69	72.04	16.03	0.00
0	0	0.01	0.36	72.38	16.74	0.00
0	4	0.00	0.62	71.16	19.18	0.00
1	1	0.00	0.54	73.02	16.85	0.00
1	5	0.02	0.59	72.26	18.49	0.00
2	2	0.01	0.34	70.03	20.09	0.00
2	6	0.00	0.41	70.13	20.81	0.00
3	3	0.00	0.62	79.40	10.32	0.00
3	7	0.31	2.04	67.55	5.67	0.00
Core	CPU	C1%	C3%	C6%	C8%	C9%
-	-	0.00	0.88	70.89	16.75	0.01
0	0	0.00	0.60	73.67	15.32	0.00
0	4	0.00	0.60	71.08	19.28	0.00
1	1	0.00	0.44	73.13	16.71	0.00
1	5	0.00	1.18	70.75	19.24	0.00
2	2	0.01	0.53	68.21	21.68	0.00
2	6	0.01	0.41	67.63	22.67	0.00
3	3	0.00	0.55	78.22	11.18	0.08
3	7	0.01	2.73	64.77	8.04	0.00
Core	CPU	C1%	C3%	C6%	C8%	C9%
-	-	0.01	0.68	71.26	16.71	0.00
0	0	0.00	0.47	73.38	15.66	0.00
0	4	0.00	0.77	70.81	19.40	0.00
1	1	0.00	0.44	72.54	17.16	0.00
1	5	0.01	0.47	71.35	19.41	0.00
2	2	0.01	0.48	69.26	20.69	0.00
2	6	0.00	0.44	68.57	22.30	0.00
3	3	0.01	0.61	79.54	10.25	0.00
3	7	0.03	1.79	64.89	8.88	0.00
Core	CPU	C1%	C3%	C6%	C8%	C9%
-	-	0.01	0.74	73.06	14.89	0.00
0	0	0.00	0.56	76.03	12.82	0.00
0	4	0.01	0.65	74.49	15.70	0.00
1	1	0.00	0.44	73.91	15.95	0.00
1	5	0.00	0.52	73.81	16.93	0.00
2	2	0.00	0.40	70.01	20.03	0.00
2	6	0.00	0.44	69.70	21.12	0.00
3	3	0.01	0.69	79.85	9.76	0.00
3	7	0.02	2.24	66.41	6.76	0.00
Core	CPU	C1%	C3%	C6%	C8%	C9%
-	-	0.01	1.12	69.51	17.41	0.00
0	0	0.00	0.23	73.73	15.12	0.00
0	4	0.00	0.48	69.61	20.17	0.00
1	1	0.00	2.12	68.75	18.13	0.00
1	5	0.01	0.49	66.93	22.74	0.00
2	2	0.01	0.48	69.33	19.63	0.00
2	6	0.01	0.60	68.48	21.66	0.00
3	3	0.00	0.47	75.07	14.15	0.00
3	7	0.02	4.08	64.00	7.61	0.00
Core	CPU	C1%	C3%	C6%	C8%	C9%
-	-	0.02	0.69	71.29	16.44	0.00
0	0	0.01	0.60	76.81	11.68	0.00
0	4	0.13	0.62	72.46	17.57	0.00
1	1	0.00	0.38	70.51	19.44	0.00
1	5	0.01	0.41	69.69	20.71	0.00
2	2	0.00	0.46	69.13	20.82	0.00
2	6	0.03	0.45	68.46	21.72	0.00
3	3	0.01	0.69	77.87	11.01	0.00
3	7	0.01	1.90	65.24	8.52	0.00
Core	CPU	C1%	C3%	C6%	C8%	C9%
-	-	0.01	0.84	70.97	16.86	0.00
0	0	0.00	0.39	74.89	14.19	0.00
0	4	0.00	1.42	70.90	18.87	0.00
1	1	0.00	0.47	72.74	17.18	0.00
1	5	0.01	0.40	68.19	22.66	0.00
2	2	0.00	0.49	68.21	21.60	0.00
2	6	0.00	0.60	69.42	21.38	0.00
3	3	0.00	0.57	77.62	12.13	0.00
3	7	0.02	2.36	66.10	6.99	0.00
Core	CPU	C1%	C3%	C6%	C8%	C9%
-	-	0.01	0.65	71.44	16.51	0.00
0	0	0.00	0.41	72.80	16.37	0.00
0	4	0.00	0.62	72.10	18.29	0.00
1	1	0.00	0.42	73.38	16.51	0.00
1	5	0.01	0.45	70.62	19.98	0.00
2	2	0.00	0.43	68.65	21.09	0.00
2	6	0.00	0.47	69.98	20.74	0.00
3	3	0.00	0.58	78.61	10.94	0.00
3	7	0.02	1.85	65.64	8.23	0.00
Core	CPU	C1%	C3%	C6%	C8%	C9%
-	-	0.01	0.72	71.88	16.20	0.00
0	0	0.01	0.52	71.58	17.45	0.00
0	4	0.00	0.79	69.34	20.86	0.00
1	1	0.00	0.48	71.16	18.74	0.00
1	5	0.01	0.46	71.75	18.99	0.00
2	2	0.01	0.43	71.29	18.55	0.00
2	6	0.00	0.48	70.28	20.43	0.00
3	3	0.01	0.61	81.15	8.69	0.00
3	7	0.02	2.01	67.88	5.74	0.00
Core	CPU	C1%	C3%	C6%	C8%	C9%
-	-	0.03	1.17	69.79	16.56	0.00
0	0	0.00	0.47	71.98	15.51	0.00
0	4	0.00	0.51	68.65	20.31	0.00
1	1	0.01	2.31	69.74	17.00	0.00
1	5	0.01	0.51	69.24	20.48	0.00
2	2	0.00	0.47	68.57	20.39	0.00
2	6	0.01	0.56	69.57	19.42	0.00
3	3	0.00	0.64	76.81	11.97	0.00
3	7	0.21	3.93	63.88	7.39	0.00
Core	CPU	C1%	C3%	C6%	C8%	C9%
-	-	0.01	0.69	71.59	16.33	0.00
0	0	0.00	0.50	73.23	15.77	0.00
0	4	0.01	0.83	71.53	18.64	0.00
1	1	0.01	0.37	74.71	15.12	0.00
1	5	0.01	0.45	71.75	19.02	0.00
2	2	0.01	0.41	69.97	20.03	0.00
2	6	0.00	0.43	68.82	22.02	0.00
3	3	0.00	0.65	78.97	10.74	0.00
3	7	0.01	1.89	64.28	9.43	0.00
Core	CPU	C1%	C3%	C6%	C8%	C9%
-	-	0.01	0.87	71.47	16.55	0.00
0	0	0.01	0.53	75.23	13.79	0.00
0	4	0.00	1.54	69.12	20.35	0.00
1	1	0.00	0.42	72.52	17.46	0.00
1	5	0.01	0.45	71.70	19.16	0.00
2	2	0.00	0.34	69.28	20.89	0.00
2	6	0.00	0.30	68.77	22.32	0.00
3	3	0.01	0.60	79.86	9.99	0.00
3	7	0.01	2.79	64.73	8.31	0.00
Core	CPU	C1%	C3%	C6%	C8%	C9%
-	-	0.01	0.74	71.45	16.47	0.00
0	0	0.01	0.38	70.91	18.18	0.00
0	4	0.00	0.75	68.01	22.23	0.00
1	1	0.01	0.59	74.00	15.69	0.00
1	5	0.01	0.68	71.88	18.68	0.00
2	2	0.01	0.35	70.59	19.52	0.00
2	6	0.00	0.44	71.44	19.50	0.00
3	3	0.00	0.55	78.27	11.53	0.00
3	7	0.03	2.16	67.04	6.53	0.00
Core	CPU	C1%	C3%	C6%	C8%	C9%
-	-	0.01	0.67	71.63	16.54	0.00
0	0	0.00	0.49	73.76	15.28	0.00
0	4	0.00	0.65	69.36	21.13	0.00
1	1	0.00	0.42	75.26	14.54	0.00
1	5	0.01	0.43	69.87	20.90	0.00
2	2	0.00	0.41	70.72	19.33	0.00
2	6	0.00	0.41	69.39	21.54	0.00
3	3	0.01	0.70	79.13	10.63	0.00
3	7	0.01	1.89	64.87	8.82	0.00
Core	CPU	C1%	C3%	C6%	C8%	C9%
-	-	0.01	1.17	69.27	17.26	0.00
0	0	0.00	0.42	73.80	13.81	0.00
0	4	0.00	0.54	70.36	18.67	0.00
1	1	0.02	2.95	70.82	15.70	0.00
1	5	0.01	0.31	69.24	20.65	0.00
2	2	0.01	0.61	68.21	20.65	0.00
2	6	0.01	0.51	67.07	22.55	0.00
3	3	0.00	0.50	73.74	15.35	0.00
3	7	0.01	3.53	60.92	10.74	0.00
Core	CPU	C1%	C3%	C6%	C8%	C9%
-	-	0.01	0.69	71.09	16.85	0.00
0	0	0.00	0.54	74.56	14.37	0.00
0	4	0.00	0.64	69.55	20.92	0.00
1	1	0.00	0.46	73.90	15.90	0.00
1	5	0.01	0.40	71.33	19.50	0.00
2	2	0.01	0.39	69.15	20.87	0.00
2	6	0.00	0.56	68.75	21.98	0.00
3	3	0.01	0.57	78.28	11.54	0.00
3	7	0.01	1.98	63.75	9.86	0.00
Core	CPU	C1%	C3%	C6%	C8%	C9%
-	-	0.01	0.87	70.14	17.80	0.00
0	0	0.01	0.41	73.72	15.27	0.00
0	4	0.00	0.60	69.68	20.86	0.00
1	1	0.00	0.41	71.40	18.64	0.00
1	5	0.01	1.35	67.55	22.17	0.00
2	2	0.01	0.45	69.08	20.87	0.00
2	6	0.01	0.56	67.38	23.46	0.00
3	3	0.00	0.64	77.21	12.67	0.00
3	7	0.01	2.55	64.82	8.41	0.00
Core	CPU	C1%	C3%	C6%	C8%	C9%
-	-	0.01	0.69	71.72	16.38	0.00
0	0	0.00	0.48	76.85	12.05	0.00
0	4	0.01	0.69	69.81	20.65	0.00
1	1	0.00	0.35	72.67	17.38	0.00
1	5	0.01	0.41	70.11	20.72	0.00
2	2	0.00	0.41	70.59	19.49	0.00
2	6	0.00	0.48	69.20	21.59	0.00
3	3	0.01	0.64	78.76	10.97	0.00
3	7	0.02	2.05	65.50	8.10	0.00
Core	CPU	C1%	C3%	C6%	C8%	C9%
-	-	0.01	0.71	70.99	16.26	0.00
0	0	0.01	0.53	72.19	16.81	0.00
0	4	0.00	0.73	71.18	19.08	0.00
1	1	0.00	0.48	70.67	18.72	0.00
1	5	0.01	0.51	69.43	21.37	0.00
2	2	0.01	0.49	69.04	15.58	0.00
2	6	0.00	0.44	70.74	19.34	0.00
3	3	0.00	0.60	78.64	11.30	0.00
3	7	0.01	1.90	66.28	7.93	0.00
Core	CPU	C1%	C3%	C6%	C8%	C9%
-	-	0.01	1.26	69.73	16.62	0.00
0	0	0.00	0.53	70.80	16.63	0.00
0	4	0.00	0.80	69.04	20.13	0.00
1	1	0.00	2.46	67.42	19.04	0.00
1	5	0.01	0.44	69.99	19.48	0.00
2	2	0.00	0.41	68.59	19.72	0.00
2	6	0.00	0.40	68.12	21.14	0.00
3	3	0.00	0.55	78.25	10.56	0.00
3	7	0.01	4.48	65.41	6.22	0.00
Core	CPU	C1%	C3%	C6%	C8%	C9%
-	-	0.01	0.66	70.94	17.13	0.00
0	0	0.00	0.46	74.73	14.30	0.00
0	4	0.00	0.61	70.36	20.13	0.00
1	1	0.00	0.47	73.63	16.22	0.00
1	5	0.01	0.42	69.96	20.89	0.00
2	2	0.00	0.52	68.83	21.16	0.00
2	6	0.00	0.48	69.49	21.40	0.00
3	3	0.00	0.54	76.95	12.99	0.00
3	7	0.02	1.77	63.75	10.02	0.00
Core	CPU	C1%	C3%	C6%	C8%	C9%
-	-	0.01	0.85	70.99	16.95	0.00
0	0	0.00	0.37	74.06	15.06	0.00
0	4	0.00	1.27	69.16	20.62	0.00
1	1	0.01	0.51	73.08	16.78	0.00
1	5	0.01	0.48	68.70	22.17	0.00
2	2	0.01	0.48	70.16	19.92	0.00
2	6	0.01	0.52	70.39	20.52	0.00
3	3	0.01	0.51	78.12	11.86	0.00
3	7	0.03	2.62	64.27	8.66	0.00
Core	CPU	C1%	C3%	C6%	C8%	C9%
-	-	0.01	0.68	71.15	16.83	0.00
0	0	0.01	0.56	72.22	16.75	0.00
0	4	0.01	0.70	70.14	20.26	0.00
1	1	0.00	0.40	74.75	14.98	0.00
1	5	0.01	0.45	71.38	19.31	0.00
2	2	0.00	0.45	68.17	21.79	0.00
2	6	0.01	0.40	68.66	22.24	0.00
3	3	0.01	0.62	79.38	10.42	0.00
3	7	0.01	1.86	64.79	8.92	0.00
Core	CPU	C1%	C3%	C6%	C8%	C9%
-	-	0.01	0.74	72.30	15.72	0.00
0	0	0.01	0.61	73.03	15.86	0.00
0	4	0.00	0.88	68.88	21.34	0.00
1	1	0.00	0.45	74.12	15.75	0.00
1	5	0.01	0.54	72.79	17.95	0.00
2	2	0.00	0.28	70.98	19.12	0.00
2	6	0.00	0.30	70.58	20.45	0.00
3	3	0.00	0.69	81.65	8.11	0.00
3	7	0.02	2.20	66.44	7.16	0.00
Core	CPU	C1%	C3%	C6%	C8%	C9%
-	-	0.01	1.07	69.22	16.61	0.00
0	0	0.01	0.53	70.85	16.00	0.00
0	4	0.00	0.70	67.21	20.71	0.00
1	1	0.01	2.35	69.05	17.58	0.00
1	5	0.01	0.46	67.99	20.18	0.00
2	2	0.01	0.37	67.90	20.32	0.00
2	6	0.01	0.41	67.27	21.63	0.00
3	3	0.00	0.66	78.55	9.23	0.00
3	7	0.01	3.06	64.56	7.11	0.00
Core	CPU	C1%	C3%	C6%	C8%	C9%
-	-	0.01	0.75	72.81	15.26	0.00
0	0	0.01	0.56	72.32	16.62	0.00
0	4	0.01	0.80	68.15	22.17	0.00
1	1	0.00	0.45	77.18	12.66	0.00
1	5	0.01	0.55	73.37	17.39	0.00
2	2	0.00	0.36	72.10	17.98	0.00
2	6	0.00	0.30	71.61	19.42	0.00
3	3	0.00	0.61	81.46	8.40	0.00
3	7	0.01	2.36	66.04	7.39	0.00
Core	CPU	C1%	C3%	C6%	C8%	C9%
-	-	0.01	0.84	71.07	16.72	0.00
0	0	0.01	0.48	72.36	16.76	0.00
0	4	0.00	0.62	68.08	22.22	0.00
1	1	0.01	0.50	74.70	15.15	0.00
1	5	0.01	0.43	71.48	19.14	0.00
2	2	0.01	0.41	70.62	19.08	0.00
2	6	0.00	0.44	69.88	21.02	0.00
3	3	0.00	1.12	77.86	10.83	0.00
3	7	0.02	2.74	63.55	9.51	0.00
Core	CPU	C1%	C3%	C6%	C8%	C9%
-	-	0.01	0.71	71.03	16.87	0.00
0	0	0.01	0.57	77.90	10.87	0.00
0	4	0.01	0.72	71.64	18.69	0.00
1	1	0.00	0.34	73.10	16.89	0.00
1	5	0.01	0.38	70.92	19.85	0.00
2	2	0.01	0.48	69.09	20.88	0.00
2	6	0.00	0.39	67.76	23.14	0.00
3	3	0.01	0.68	75.91	13.89	0.00
3	7	0.01	2.11	62.58	10.94	0.00
Core	CPU	C1%	C3%	C6%	C8%	C9%
-	-	0.00	0.72	71.82	16.28	0.00
0	0	0.00	0.59	76.28	12.48	0.00
0	4	0.00	0.64	69.74	20.69	0.00
1	1	0.01	0.41	72.62	17.38	0.00
1	5	0.01	0.43	71.20	19.66	0.00
2	2	0.00	0.40	70.79	19.31	0.00
2	6	0.00	0.45	70.01	20.91	0.00
3	3	0.00	0.65	79.38	10.39	0.00
3	7	0.01	2.17	64.09	9.30	0.00
Core	CPU	C1%	C3%	C6%	C8%	C9%
-	-	0.01	1.18	69.05	17.40	0.00
0	0	0.00	0.46	71.93	16.06	0.00
0	4	0.01	0.79	66.99	21.63	0.00
1	1	0.00	2.00	71.85	14.81	0.00
1	5	0.01	0.42	69.25	20.47	0.00
2	2	0.01	0.47	65.63	23.33	0.00
2	6	0.01	0.43	67.30	22.42	0.00
3	3	0.01	0.61	76.45	12.11	0.00
3	7	0.01	4.29	63.10	8.44	0.00
Core	CPU	C1%	C3%	C6%	C8%	C9%
-	-	0.00	0.72	71.19	16.78	0.00
0	0	0.00	0.55	75.63	13.04	0.00
0	4	0.00	0.82	69.46	20.80	0.00
1	1	0.00	0.47	71.65	18.29	0.00
1	5	0.01	0.53	69.79	20.99	0.00
2	2	0.00	0.35	69.24	20.83	0.00
2	6	0.00	0.42	69.24	21.64	0.00
3	3	0.00	0.64	79.13	10.68	0.00
3	7	0.02	2.01	65.69	8.07	0.00
Core	CPU	C1%	C3%	C6%	C8%	C9%
-	-	0.00	0.81	71.36	16.69	0.00
0	0	0.00	0.56	71.10	18.01	0.00
0	4	0.00	0.66	69.69	20.68	0.00
1	1	0.00	0.38	73.31	16.66	0.00
1	5	0.00	1.16	71.17	18.86	0.00
2	2	0.00	0.43	69.64	20.47	0.00
2	6	0.01	0.39	68.40	22.53	0.00
3	3	0.00	0.58	80.87	8.85	0.00
3	7	0.01	2.37	66.03	7.33	0.00
Core	CPU	C1%	C3%	C6%	C8%	C9%
-	-	0.03	0.70	71.33	16.61	0.00
0	0	0.00	0.50	75.47	13.50	0.00
0	4	0.00	0.67	71.48	19.05	0.00
1	1	0.01	0.44	72.74	17.09	0.00
1	5	0.01	0.43	69.45	21.44	0.00
2	2	0.01	0.52	69.41	20.56	0.00
2	6	0.00	0.41	68.64	21.43	0.00
3	3	0.00	0.61	78.63	11.14	0.00
3	7	0.19	2.05	64.82	8.69	0.00
Core	CPU	C1%	C3%	C6%	C8%	C9%
-	-	0.01	0.66	70.64	17.39	0.00
0	0	0.00	0.44	75.44	13.65	0.00
0	4	0.00	0.64	73.71	16.53	0.00
1	1	0.01	0.41	72.62	17.36	0.00
1	5	0.01	0.33	69.07	21.88	0.00
2	2	0.01	0.49	69.56	20.48	0.00
2	6	0.00	0.54	67.91	22.89	0.00
3	3	0.00	0.54	75.02	14.87	0.00
3	7	0.01	1.92	62.09	11.55	0.00
Core	CPU	C1%	C3%	C6%	C8%	C9%
-	-	0.01	1.21	69.03	17.35	0.00
0	0	0.00	0.56	71.62	16.73	0.00
0	4	0.00	0.75	69.55	18.95	0.00
1	1	0.01	2.18	69.22	17.46	0.00
1	5	0.01	0.46	68.94	20.22	0.00
2	2	0.00	0.44	67.57	20.77	0.00
2	6	0.00	0.37	66.57	23.40	0.00
3	3	0.00	0.60	76.37	11.68	0.00
3	7	0.01	4.35	62.07	9.52	0.00
Core	CPU	C1%	C3%	C6%	C8%	C9%
-	-	0.01	0.72	72.24	15.79	0.00
0	0	0.00	0.55	71.86	17.17	0.00
0	4	0.01	0.78	69.60	20.75	0.00
1	1	0.00	0.39	75.52	14.30	0.00
1	5	0.01	0.50	72.01	18.78	0.00
2	2	0.00	0.40	70.80	19.29	0.00
2	6	0.00	0.42	70.09	20.80	0.00
3	3	0.00	0.62	81.40	8.37	0.00
3	7	0.01	2.13	66.64	6.88	0.00
Core	CPU	C1%	C3%	C6%	C8%	C9%
-	-	0.01	0.81	71.11	16.55	0.00
0	0	0.01	0.57	73.51	15.46	0.00
0	4	0.01	0.65	69.93	20.56	0.00
1	1	0.00	0.27	74.51	15.45	0.00
1	5	0.00	1.07	71.14	18.49	0.00
2	2	0.01	0.50	69.95	19.79	0.00
2	6	0.01	0.38	68.14	22.51	0.00
3	3	0.01	0.60	77.74	11.57	0.00
3	7	0.01	2.45	64.62	8.74	0.00
Core	CPU	C1%	C3%	C6%	C8%	C9%
-	-	0.01	0.70	71.03	17.07	0.00
0	0	0.00	0.57	75.30	13.68	0.00
0	4	0.01	0.71	71.49	18.89	0.00
1	1	0.01	0.27	73.98	15.92	0.00
1	5	0.01	0.36	70.08	20.79	0.00
2	2	0.01	0.59	68.64	21.30	0.00
2	6	0.00	0.44	67.50	23.42	0.00
3	3	0.01	0.59	77.70	12.16	0.00
3	7	0.01	2.06	63.18	10.32	0.00
Core	CPU	C1%	C3%	C6%	C8%	C9%
-	-	0.01	0.74	71.59	16.34	0.00
0	0	0.01	0.53	71.38	17.53	0.00
0	4	0.00	0.85	67.65	22.53	0.00
1	1	0.00	0.47	73.83	16.02	0.00
1	5	0.01	0.58	71.30	19.36	0.00
2	2	0.00	0.35	70.80	19.22	0.00
2	6	0.00	0.43	70.02	20.89	0.00
3	3	0.00	0.62	81.22	8.43	0.00
3	7	0.02	2.08	66.81	6.83	0.00
Core	CPU	C1%	C3%	C6%	C8%	C9%
-	-	0.01	0.98	69.06	16.96	0.00
0	0	0.01	0.63	69.96	17.11	0.00
0	4	0.01	0.63	66.58	21.91	0.00
1	1	0.01	1.81	70.79	15.84	0.00
1	5	0.01	0.44	69.21	19.72	0.00
2	2	0.00	0.34	67.88	20.32	0.00
2	6	0.01	0.39	68.54	20.46	0.00
3	3	0.00	0.61	77.34	10.82	0.00
3	7	0.02	2.96	62.19	9.53	0.00
Core	CPU	C1%	C3%	C6%	C8%	C9%
-	-	0.01	0.69	70.69	16.98	0.00
0	0	0.00	0.52	75.62	13.31	0.00
0	4	0.00	0.69	70.83	19.69	0.00
1	1	0.01	0.38	72.55	17.31	0.00
1	5	0.01	0.30	69.88	20.91	0.00
2	2	0.01	0.56	67.12	20.03	0.00
2	6	0.00	0.56	68.54	21.87	0.00
3	3	0.00	0.61	76.86	12.89	0.00
3	7	0.01	1.90	64.13	9.80	0.00
Core	CPU	C1%	C3%	C6%	C8%	C9%
-	-	0.01	0.66	70.41	17.32	0.00
0	0	0.01	0.48	71.57	17.67	0.00
0	4	0.01	0.59	69.01	21.65	0.00
1	1	0.00	0.36	74.44	15.45	0.00
1	5	0.01	0.48	70.36	20.34	0.00
2	2	0.01	0.46	68.75	18.96	0.00
2	6	0.00	0.42	68.50	22.09	0.00
3	3	0.00	0.63	77.00	12.84	0.00
3	7	0.01	1.89	63.67	9.58	0.00
Core	CPU	C1%	C3%	C6%	C8%	C9%
-	-	0.00	0.71	71.86	16.23	0.00
0	0	0.00	0.57	73.12	15.78	0.00
0	4	0.00	0.81	69.78	20.52	0.00
1	1	0.00	0.42	74.40	15.44	0.00
1	5	0.01	0.41	70.42	20.45	0.00
2	2	0.01	0.39	70.61	19.51	0.00
2	6	0.00	0.45	69.71	21.14	0.00
3	3	0.00	0.64	80.59	9.18	0.00
3	7	0.01	1.94	65.91	7.77	0.00
Core	CPU	C1%	C3%	C6%	C8%	C9%
-	-	0.00	0.73	72.05	15.91	0.00
0	0	0.01	0.61	74.76	14.03	0.00
0	4	0.00	0.80	70.89	19.35	0.00
1	1	0.00	0.38	75.45	14.42	0.00
1	5	0.00	0.41	72.57	18.22	0.00
2	2	0.00	0.51	68.41	21.57	0.00
2	6	0.00	0.37	68.27	22.65	0.00
3	3	0.00	0.56	80.41	9.42	0.00
3	7	0.01	2.18	65.93	7.65	0.00
Core	CPU	C1%	C3%	C6%	C8%	C9%
-	-	0.01	0.96	68.72	16.96	0.31
0	0	0.00	0.54	70.63	15.94	0.00
0	4	0.00	0.76	69.33	18.85	0.00
1	1	0.01	1.09	70.19	16.17	2.50
1	5	0.01	0.47	68.23	20.69	0.00
2	2	0.00	0.44	65.57	21.96	0.00
2	6	0.01	0.40	66.81	21.50	0.00
3	3	0.01	0.57	77.07	10.76	0.00
3	7	0.02	3.37	61.77	9.81	0.00
Core	CPU	C1%	C3%	C6%	C8%	C9%
-	-	0.00	0.70	71.20	16.87	0.00
0	0	0.00	0.58	70.49	18.59	0.00
0	4	0.00	0.62	69.20	21.37	0.00
1	1	0.01	0.36	73.66	16.18	0.00
1	5	0.00	0.45	71.33	19.48	0.00
2	2	0.00	0.58	70.71	19.19	0.00
2	6	0.00	0.46	69.79	21.05	0.00
3	3	0.00	0.58	79.58	10.19	0.00
3	7	0.01	1.98	64.66	8.85	0.00
Core	CPU	C1%	C3%	C6%	C8%	C9%
-	-	0.01	0.86	70.48	17.18	0.00
0	0	0.00	0.53	70.88	18.18	0.00
0	4	0.00	0.62	68.70	21.76	0.00
1	1	0.00	0.43	73.06	16.60	0.00
1	5	0.01	1.38	69.09	20.57	0.00
2	2	0.00	0.42	70.45	19.16	0.00
2	6	0.00	0.37	69.04	21.23	0.00
3	3	0.00	0.69	77.67	11.30	0.00
3	7	0.01	2.46	64.64	8.54	0.00
Core	CPU	C1%	C3%	C6%	C8%	C9%
-	-	0.00	0.70	71.66	16.37	0.00
0	0	0.00	0.53	72.42	16.71	0.00
0	4	0.00	0.70	71.62	18.83	0.00
1	1	0.00	0.45	71.26	18.71	0.00
1	5	0.01	0.40	70.42	20.46	0.00
2	2	0.01	0.51	72.63	17.08	0.00
2	6	0.00	0.45	70.57	20.32	0.00
3	3	0.00	0.64	79.13	10.53	0.00
3	7	0.01	1.90	65.34	8.32	0.00
Core	CPU	C1%	C3%	C6%	C8%	C9%
-	-	0.02	0.68	71.46	16.17	0.00
0	0	0.00	0.48	73.04	15.95	0.00
0	4	0.04	0.71	69.63	19.12	0.00
1	1	0.01	0.43	71.86	17.66	0.00
1	5	0.01	0.49	70.56	19.68	0.00
2	2	0.10	0.49	71.61	18.13	0.00
2	6	0.01	0.40	71.11	19.72	0.00
3	3	0.00	0.56	79.40	10.37	0.00
3	7	0.02	1.91	64.94	8.83	0.00
Core	CPU	C1%	C3%	C6%	C8%	C9%
-	-	0.01	1.17	69.62	16.95	0.00
0	0	0.01	0.49	66.03	21.20	0.00
0	4	0.01	0.51	64.70	24.84	0.00
1	1	0.01	2.02	71.12	15.76	0.00
1	5	0.01	0.63	71.08	18.35	0.00
2	2	0.00	0.37	68.28	20.50	0.00
2	6	0.00	0.32	70.04	19.63	0.00
3	3	0.00	0.64	79.14	9.68	0.00
3	7	0.02	4.38	66.08	5.51	0.00
Core	CPU	C1%	C3%	C6%	C8%	C9%
-	-	0.01	0.71	71.59	16.48	0.00
0	0	0.00	0.52	70.32	18.75	0.00
0	4	0.00	0.63	69.12	21.42	0.00
1	1	0.00	0.47	75.46	14.25	0.00
1	5	0.01	0.49	71.11	19.68	0.00
2	2	0.00	0.39	70.27	19.75	0.00
2	6	0.01	0.44	70.67	20.20	0.00
3	3	0.00	0.69	80.31	9.43	0.00
3	7	0.01	2.01	65.37	8.32	0.00
Core	CPU	C1%	C3%	C6%	C8%	C9%
-	-	0.01	0.77	71.81	16.10	0.00
0	0	0.01	0.44	77.60	11.33	0.00
0	4	0.00	0.55	70.37	20.19	0.00
1	1	0.00	0.46	73.74	16.12	0.00
1	5	0.01	0.40	70.37	20.51	0.00
2	2	0.01	0.54	68.92	21.00	0.00
2	6	0.00	0.39	69.50	21.41	0.00
3	3	0.00	1.25	79.59	9.36	0.00
3	7	0.01	2.16	64.69	8.98	0.00
Core	CPU	C1%	C3%	C6%	C8%	C9%
-	-	0.01	0.70	72.32	15.79	0.00
0	0	0.01	0.55	72.58	16.45	0.00
0	4	0.00	0.85	71.11	19.10	0.00
1	1	0.00	0.38	74.83	15.19	0.00
1	5	0.01	0.45	72.79	18.06	0.00
2	2	0.01	0.39	70.42	19.55	0.00
2	6	0.00	0.38	69.39	21.55	0.00
3	3	0.00	0.64	81.03	8.69	0.00
3	7	0.01	2.00	66.09	7.64	0.00
Core	CPU	C1%	C3%	C6%	C8%	C9%
-	-	0.01	0.71	71.98	15.88	0.00
0	0	0.01	0.44	72.20	16.79	0.00
0	4	0.01	0.62	69.09	21.28	0.00
1	1	0.00	0.54	73.89	15.67	0.00
1	5	0.01	0.54	71.87	18.86	0.00
2	2	0.01	0.40	69.74	19.86	0.00
2	6	0.00	0.41	70.56	20.32	0.00
3	3	0.00	0.60	81.95	7.83	0.00
3	7	0.01	2.12	67.10	6.62	0.00
Core	CPU	C1%	C3%	C6%	C8%	C9%
-	-	0.01	1.17	69.59	16.85	0.14
0	0	0.01	0.53	72.13	15.73	0.00
0	4	0.00	0.72	69.24	20.05	0.00
1	1	0.00	2.01	71.51	15.41	1.08
1	5	0.01	0.48	70.52	18.33	0.00
2	2	0.01	0.45	66.68	21.61	0.00
2	6	0.00	0.37	66.94	22.18	0.00
3	3	0.01	0.60	76.67	12.53	0.00
3	7	0.01	4.16	62.71	8.87	0.00
Core	CPU	C1%	C3%	C6%	C8%	C9%
-	-	0.00	0.62	70.66	17.39	0.00
0	0	0.00	0.38	75.35	13.90	0.00
0	4	0.01	0.64	73.77	16.51	0.00
1	1	0.00	0.42	71.03	18.91	0.00
1	5	0.01	0.33	69.60	21.26	0.00
2	2	0.01	0.52	70.08	19.80	0.00
2	6	0.00	0.58	67.71	23.03	0.00
3	3	0.00	0.49	74.78	15.21	0.00
3	7	0.01	1.63	63.39	10.57	0.00
Core	CPU	C1%	C3%	C6%	C8%	C9%
-	-	0.01	0.91	72.06	15.95	0.00
0	0	0.01	0.40	72.61	16.50	0.00
0	4	0.00	1.43	68.29	21.40	0.00
1	1	0.01	0.52	73.28	16.65	0.00
1	5	0.02	0.55	71.31	19.46	0.00
2	2	0.01	0.33	70.61	19.43	0.00
2	6	0.00	0.34	70.03	20.99	0.00
3	3	0.00	0.73	82.27	7.45	0.00
3	7	0.01	2.97	67.45	5.58	0.00
Core	CPU	C1%	C3%	C6%	C8%	C9%
-	-	0.03	0.66	71.00	16.92	0.00
0	0	0.00	0.38	73.59	15.49	0.00
0	4	0.00	0.63	70.69	19.59	0.00
1	1	0.00	0.48	73.24	16.59	0.00
1	5	0.01	0.44	71.67	19.09	0.00
2	2	0.01	0.52	68.31	21.61	0.00
2	6	0.01	0.54	69.58	21.21	0.00
3	3	0.00	0.51	77.15	12.76	0.00
3	7	0.21	1.80	64.43	9.20	0.00
Core	CPU	C1%	C3%	C6%	C8%	C9%
-	-	0.01	0.70	72.22	15.94	0.00
0	0	0.00	0.49	73.92	15.12	0.00
0	4	0.01	0.74	72.02	18.31	0.00
1	1	0.01	0.44	75.24	14.54	0.00
1	5	0.01	0.47	71.80	19.03	0.00
2	2	0.01	0.50	70.35	19.66	0.00
2	6	0.00	0.52	69.24	21.58	0.00
3	3	0.00	0.57	78.91	10.95	0.00
3	7	0.01	1.87	65.63	8.16	0.00
Core	CPU	C1%	C3%	C6%	C8%	C9%
-	-	0.01	1.06	69.08	16.71	0.00
0	0	0.01	0.49	72.18	14.85	0.00
0	4	0.00	0.47	68.84	19.21	0.00
1	1	0.00	0.35	69.41	18.68	0.00
1	5	0.01	2.31	67.61	19.72	0.00
2	2	0.00	0.47	68.23	19.59	0.00
2	6	0.01	0.44	66.90	21.90	0.00
3	3	0.00	0.67	76.96	10.70	0.00
3	7	0.01	3.27	62.55	9.01	0.00
Core	CPU	C1%	C3%	C6%	C8%	C9%
-	-	0.01	0.72	71.56	16.37	0.00
0	0	0.01	0.66	72.14	16.57	0.00
0	4	0.00	0.63	67.76	22.66	0.00
1	1	0.00	0.53	71.85	18.02	0.00
1	5	0.01	0.55	70.75	19.98	0.00
2	2	0.00	0.30	71.48	18.61	0.00
2	6	0.00	0.29	70.57	20.38	0.00
3	3	0.00	0.67	82.05	7.63	0.00
3	7	0.01	2.10	66.36	7.23	0.00
Core	CPU	C1%	C3%	C6%	C8%	C9%
-	-	0.01	0.93	70.81	17.05	0.00
0	0	0.01	0.58	72.40	16.57	0.00
0	4	0.00	1.56	70.18	19.23	0.00
1	1	0.00	0.47	70.66	19.23	0.00
1	5	0.00	0.45	70.35	20.53	0.00
2	2	0.01	0.33	69.31	20.85	0.00
2	6	0.00	0.37	68.72	22.25	0.00
3	3	0.00	0.63	80.23	9.63	0.00
3	7	0.01	3.05	64.53	8.04	0.00
Core	CPU	C1%	C3%	C6%	C8%	C9%
-	-	0.01	0.70	71.37	16.64	0.00
0	0	0.00	0.42	73.37	15.69	0.00
0	4	0.00	0.51	72.99	17.33	0.00
1	1	0.01	0.49	71.78	18.09	0.00
1	5	0.02	0.63	70.76	19.88	0.00
2	2	0.01	0.49	69.79	20.18	0.00
2	6	0.00	0.54	69.54	21.27	0.00
3	3	0.00	0.61	78.00	11.83	0.00
3	7	0.01	1.89	64.96	8.87	0.00
Core	CPU	C1%	C3%	C6%	C8%	C9%
-	-	0.01	0.65	70.09	17.40	0.00
0	0	0.00	0.44	72.46	16.78	0.00
0	4	0.00	0.65	70.59	19.96	0.00
1	1	0.01	0.47	72.97	16.81	0.00
1	5	0.01	0.42	67.73	23.24	0.00
2	2	0.02	0.57	67.77	16.93	0.00
2	6	0.01	0.54	70.25	19.75	0.00
3	3	0.00	0.49	75.01	15.09	0.00
3	7	0.01	1.60	63.90	10.64	0.00
Core	CPU	C1%	C3%	C6%	C8%	C9%
-	-	0.01	1.16	69.27	17.31	0.00
0	0	0.01	0.54	70.31	17.27	0.00
0	4	0.01	0.69	67.71	21.30	0.00
1	1	0.00	0.41	72.17	17.07	0.00
1	5	0.03	2.37	68.55	18.96	0.00
2	2	0.00	0.42	67.69	20.75	0.00
2	6	0.01	0.34	67.36	22.07	0.00
3	3	0.00	0.54	76.75	12.50	0.00
3	7	0.01	3.98	63.13	8.41	0.00
Core	CPU	C1%	C3%	C6%	C8%	C9%
-	-	0.01	0.67	71.93	16.16	0.00
0	0	0.01	0.56	76.60	12.26	0.00
0	4	0.00	0.60	72.20	18.28	0.00
1	1	0.00	0.39	73.65	16.36	0.00
1	5	0.01	0.35	71.88	18.92	0.00
2	2	0.01	0.44	69.65	20.35	0.00
2	6	0.00	0.50	69.97	20.84	0.00
3	3	0.01	0.62	78.50	11.42	0.00
3	7	0.01	1.92	62.95	10.83	0.00
Core	CPU	C1%	C3%	C6%	C8%	C9%
-	-	0.01	0.80	70.86	16.98	0.00
0	0	0.00	0.35	77.99	10.98	0.00
0	4	0.00	0.55	72.33	18.28	0.00
1	1	0.00	0.33	70.58	19.48	0.00
1	5	0.01	1.17	68.20	21.75	0.00
2	2	0.01	0.62	69.91	19.91	0.00
2	6	0.01	0.60	68.36	22.41	0.00
3	3	0.01	0.53	76.70	13.08	0.00
3	7	0.01	2.25	62.98	10.02	0.00
Core	CPU	C1%	C3%	C6%	C8%	C9%
-	-	0.01	0.70	72.55	15.54	0.00
0	0	0.01	0.54	74.70	14.12	0.00
0	4	0.00	0.72	67.67	22.76	0.00
1	1	0.00	0.51	72.17	17.80	0.00
1	5	0.01	0.52	72.89	17.84	0.00
2	2	0.00	0.26	71.68	18.38	0.00
2	6	0.00	0.26	71.41	19.58	0.00
3	3	0.00	0.70	82.04	7.68	0.00
3	7	0.01	2.08	67.63	6.10	0.00
Core	CPU	C1%	C3%	C6%	C8%	C9%
-	-	0.11	0.77	72.24	15.54	0.00
0	0	0.01	0.45	73.22	15.77	0.00
0	4	0.00	0.85	69.89	20.23	0.00
1	1	0.00	0.54	70.83	19.09	0.00
1	5	0.01	0.58	70.95	19.69	0.00
2	2	0.00	0.37	71.40	18.46	0.00
2	6	0.00	0.38	71.87	18.94	0.00
3	3	0.00	0.63	82.50	7.24	0.00
3	7	0.80	2.37	67.60	4.97	0.00
Core	CPU	C1%	C3%	C6%	C8%	C9%
-	-	0.01	1.15	69.81	16.38	0.00
0	0	0.01	0.43	71.57	15.80	0.00
0	4	0.00	0.63	68.79	19.55	0.00
1	1	0.01	0.48	70.44	18.90	0.00
1	5	0.02	2.29	67.81	19.59	0.00
2	2	0.01	0.38	69.08	18.60	0.00
2	6	0.00	0.41	68.87	21.12	0.00
3	3	0.00	0.56	77.01	10.40	0.00
3	7	0.02	4.00	64.57	6.99	0.00
Core	CPU	C1%	C3%	C6%	C8%	C9%
-	-	0.00	0.68	71.92	16.14	0.00
0	0	0.01	0.43	74.64	14.36	0.00
0	4	0.00	0.59	69.64	20.89	0.00
1	1	0.00	0.47	73.37	16.53	0.00
1	5	0.01	0.52	72.11	18.59	0.00
2	2	0.00	0.39	70.12	19.89	0.00
2	6	0.00	0.47	70.19	20.69	0.00
3	3	0.00	0.68	79.92	9.82	0.00
3	7	0.01	1.88	65.34	8.38	0.00
Core	CPU	C1%	C3%	C6%	C8%	C9%
-	-	0.01	0.79	70.97	16.92	0.00
0	0	0.00	0.45	72.68	16.44	0.00
0	4	0.00	0.66	70.00	20.49	0.00
1	1	0.00	0.38	72.52	17.43	0.00
1	5	0.01	0.41	69.22	21.54	0.00
2	2	0.01	1.32	69.95	18.85	0.00
2	6	0.00	0.54	68.16	22.65	0.00
3	3	0.01	0.59	79.75	9.89	0.00
3	7	0.02	1.99	65.42	8.07	0.00
Core	CPU	C1%	C3%	C6%	C8%	C9%
-	-	0.01	0.73	72.24	15.78	0.00
0	0	0.00	0.62	76.14	12.69	0.00
0	4	0.00	0.70	69.77	20.72	0.00
1	1	0.00	0.38	73.07	16.84	0.00
1	5	0.01	0.45	72.08	18.68	0.00
2	2	0.01	0.49	69.82	20.13	0.00
2	6	0.01	0.39	69.65	21.30	0.00
3	3	0.01	0.60	80.76	9.13	0.00
3	7	0.01	2.18	66.62	6.76	0.00
Core	CPU	C1%	C3%	C6%	C8%	C9%
-	-	0.01	0.72	72.32	15.59	0.00
0	0	0.01	0.51	73.82	14.98	0.00
0	4	0.01	0.68	69.40	20.97	0.00
1	1	0.00	0.48	74.70	15.04	0.00
1	5	0.01	0.61	73.01	17.63	0.00
2	2	0.00	0.39	70.96	19.05	0.00
2	6	0.00	0.36	70.48	20.42	0.00
3	3	0.00	0.58	80.14	9.69	0.00
3	7	0.01	2.15	66.57	7.07	0.00
Core	CPU	C1%	C3%	C6%	C8%	C9%
-	-	0.01	0.93	68.64	17.33	0.00
0	0	0.00	0.41	74.35	12.87	0.00
0	4	0.00	0.58	69.73	18.61	0.00
1	1	0.01	0.41	68.16	19.90	0.00
1	5	0.02	1.99	66.87	20.52	0.00
2	2	0.01	0.54	68.47	19.46	0.00
2	6	0.00	0.54	65.94	22.84	0.00
3	3	0.00	0.55	73.85	13.98	0.00
3	7	0.02	2.40	61.28	10.33	0.00
Core	CPU	C1%	C3%	C6%	C8%	C9%
-	-	0.01	0.67	71.29	16.71	0.00
0	0	0.01	0.53	73.28	15.76	0.00
0	4	0.00	0.67	72.35	17.87	0.00
1	1	0.00	0.32	71.88	18.01	0.00
1	5	0.01	0.45	70.53	20.28	0.00
2	2	0.00	0.53	69.33	20.39	0.00
2	6	0.00	0.44	68.62	22.30	0.00
3	3	0.00	0.62	79.32	10.36	0.00
3	7	0.01	1.77	65.02	8.74	0.00
Core	CPU	C1%	C3%	C6%	C8%	C9%
-	-	0.00	0.88	70.88	16.78	0.00
0	0	0.01	0.50	71.54	17.36	0.00
0	4	0.00	0.77	71.35	18.97	0.00
1	1	0.00	0.38	71.95	17.39	0.00
1	5	0.01	0.41	71.28	19.47	0.00
2	2	0.00	1.33	70.18	18.55	0.00
2	6	0.00	0.42	68.15	22.70	0.00
3	3	0.00	0.60	78.47	11.17	0.00
3	7	0.01	2.58	64.43	8.73	0.00
Core	CPU	C1%	C3%	C6%	C8%	C9%
-	-	0.01	0.66	70.73	17.25	0.00
0	0	0.00	0.47	72.31	16.69	0.00
0	4	0.00	0.62	71.18	19.13	0.00
1	1	0.01	0.42	72.51	17.29	0.00
1	5	0.01	0.44	70.38	20.28	0.00
2	2	0.01	0.50	69.53	20.44	0.00
2	6	0.00	0.49	68.73	22.14	0.00
3	3	0.01	0.59	77.36	12.45	0.00
3	7	0.01	1.76	64.15	9.67	0.00
Core	CPU	C1%	C3%	C6%	C8%	C9%
-	-	0.01	0.70	72.62	15.51	0.00
0	0	0.00	0.50	74.72	14.28	0.00
0	4	0.01	0.65	70.65	19.97	0.00
1	1	0.01	0.43	76.67	13.07	0.00
1	5	0.01	0.37	73.89	16.82	0.00
2	2	0.00	0.45	69.77	20.22	0.00
2	6	0.00	0.33	68.91	22.07	0.00
3	3	0.01	0.64	80.04	9.73	0.00
3	7	0.01	2.21	65.64	7.76	0.00
Core	CPU	C1%	C3%	C6%	C8%	C9%
-	-	0.01	0.87	69.53	16.14	0.00
0	0	0.01	0.44	68.66	17.75	0.00
0	4	0.00	0.62	66.94	21.59	0.00
1	1	0.01	0.48	71.73	16.11	0.00
1	5	0.01	1.54	69.71	17.37	0.00
2	2	0.00	0.29	67.36	20.64	0.00
2	6	0.00	0.44	67.97	20.39	0.00
3	3	0.00	0.64	78.77	9.13	0.00
3	7	0.01	2.49	65.23	6.19	0.00
Core	CPU	C1%	C3%	C6%	C8%	C9%
-	-	0.01	0.66	71.09	16.90	0.00
0	0	0.00	0.37	74.48	14.60	0.00
0	4	0.01	0.49	71.64	19.03	0.00
1	1	0.01	0.43	75.40	14.34	0.00
1	5	0.01	0.49	71.13	19.59	0.00
2	2	0.01	0.50	69.78	20.13	0.00
2	6	0.01	0.52	68.83	21.97	0.00
3	3	0.00	0.60	74.78	15.08	0.00
3	7	0.01	1.89	63.13	10.59	0.00
Core	CPU	C1%	C3%	C6%	C8%	C9%
-	-	0.01	0.88	71.18	16.48	0.00
0	0	0.00	0.53	75.63	13.13	0.00
0	4	0.01	0.70	70.82	19.75	0.00
1	1	0.00	0.40	72.32	16.92	0.00
1	5	0.01	0.39	71.73	18.41	0.00
2	2	0.01	1.33	68.87	20.04	0.00
2	6	0.00	0.38	67.83	23.05	0.00
3	3	0.00	0.57	77.33	12.28	0.00
3	7	0.02	2.72	64.72	8.19	0.00
Core	CPU	C1%	C3%	C6%	C8%	C9%
-	-	0.10	0.65	70.18	17.87	0.00
0	0	0.00	0.35	73.50	15.53	0.00
0	4	0.00	0.53	69.25	21.25	0.00
1	1	0.00	0.47	71.50	18.32	0.00
1	5	0.01	0.51	69.29	21.44	0.00
2	2	0.01	0.44	69.36	20.71	0.00
2	6	0.00	0.53	69.01	21.89	0.00
3	3	0.00	0.59	75.66	14.23	0.00
3	7	0.78	1.75	63.47	9.46	0.00
Core	CPU	C1%	C3%	C6%	C8%	C9%
-	-	0.06	0.68	71.77	16.11	0.00
0	0	0.01	0.41	72.44	16.56	0.00
0	4	0.00	0.66	69.80	20.50	0.00
1	1	0.00	0.44	72.96	16.80	0.00
1	5	0.02	0.61	71.17	19.44	0.00
2	2	0.01	0.44	72.36	17.62	0.00
2	6	0.01	0.40	70.76	20.15	0.00
3	3	0.00	0.59	79.92	9.92	0.00
3	7	0.41	1.88	65.33	8.05	0.00
Core	CPU	C1%	C3%	C6%	C8%	C9%
-	-	0.01	1.02	70.62	15.27	0.00
0	0	0.01	0.57	71.07	16.01	0.00
0	4	0.01	0.85	68.39	20.66	0.00
1	1	0.00	0.39	73.32	14.07	0.00
1	5	0.01	1.39	71.80	15.46	0.00
2	2	0.00	0.38	69.31	18.41	0.00
2	6	0.00	0.34	68.03	20.95	0.00
3	3	0.01	0.61	78.01	9.82	0.00
3	7	0.01	3.65	64.85	6.68	0.00
Core	CPU	C1%	C3%	C6%	C8%	C9%
-	-	0.02	0.68	69.92	17.59	0.00
0	0	0.01	0.44	69.18	19.41	0.00
0	4	0.00	0.60	69.32	21.19	0.00
1	1	0.00	0.45	72.10	17.26	0.00
1	5	0.01	0.52	70.87	20.01	0.00
2	2	0.01	0.51	68.17	18.11	0.00
2	6	0.00	0.42	69.47	20.94	0.00
3	3	0.00	0.64	76.18	13.78	0.00
3	7	0.11	1.86	63.97	10.00	0.00
Core	CPU	C1%	C3%	C6%	C8%	C9%
-	-	0.01	0.79	70.02	17.72	0.00
0	0	0.00	0.44	75.10	13.89	0.00
0	4	0.00	0.41	70.78	19.91	0.00
1	1	0.00	0.33	70.86	19.26	0.00
1	5	0.00	1.18	68.74	21.28	0.00
2	2	0.01	0.48	67.44	21.00	0.00
2	6	0.01	0.59	67.42	23.11	0.00
3	3	0.00	0.67	76.55	13.31	0.00
3	7	0.02	2.23	63.41	10.04	0.00
Core	CPU	C1%	C3%	C6%	C8%	C9%
-	-	0.01	0.68	72.00	16.02	0.00
0	0	0.01	0.47	76.07	12.81	0.00
0	4	0.00	0.51	69.63	20.89	0.00
1	1	0.00	0.46	71.52	18.42	0.00
1	5	0.01	0.46	71.69	19.09	0.00
2	2	0.00	0.36	71.49	18.50	0.00
2	6	0.00	0.40	70.27	20.56	0.00
3	3	0.00	0.66	79.56	10.25	0.00
3	7	0.01	2.09	66.01	7.67	0.00
Core	CPU	C1%	C3%	C6%	C8%	C9%
-	-	0.01	0.71	72.34	15.78	0.00
0	0	0.01	0.39	72.69	16.33	0.00
0	4	0.00	0.51	67.74	22.80	0.00
1	1	0.01	0.61	72.95	16.81	0.00
1	5	0.01	0.64	71.30	19.35	0.00
2	2	0.00	0.27	72.18	17.93	0.00
2	6	0.00	0.40	71.89	18.96	0.00
3	3	0.00	0.69	81.35	8.37	0.00
3	7	0.02	2.21	67.96	5.55	0.00
Core	CPU	C1%	C3%	C6%	C8%	C9%
-	-	0.00	1.10	69.14	17.14	0.00
0	0	0.00	0.39	76.21	10.98	0.00
0	4	0.00	0.69	70.15	18.95	0.00
1	1	0.00	0.38	68.62	20.15	0.00
1	5	0.01	2.16	65.56	21.78	0.00
2	2	0.01	0.45	67.59	21.19	0.00
2	6	0.00	0.54	66.48	22.99	0.00
3	3	0.00	0.55	76.40	12.38	0.00
3	7	0.01	3.63	62.74	8.88	0.00
Core	CPU	C1%	C3%	C6%	C8%	C9%
-	-	0.01	0.72	72.40	15.70	0.00
0	0	0.01	0.44	72.09	16.90	0.00
0	4	0.00	0.77	70.89	19.34	0.00
1	1	0.00	0.55	73.10	16.46	0.00
1	5	0.01	0.60	71.70	19.02	0.00
2	2	0.00	0.38	71.59	18.38	0.00
2	6	0.00	0.36	70.67	20.24	0.00
3	3	0.00	0.66	81.05	8.78	0.00
3	7	0.02	1.98	67.42	6.33	0.00
Core	CPU	C1%	C3%	C6%	C8%	C9%
-	-	0.01	0.82	71.72	16.14	0.00
0	0	0.01	0.42	71.53	17.29	0.00
0	4	0.00	1.42	71.53	17.87	0.00
1	1	0.00	0.42	72.56	17.06	0.00
1	5	0.02	0.55	71.40	19.30	0.00
2	2	0.00	0.40	68.79	21.26	0.00
2	6	0.00	0.38	70.15	20.74	0.00
3	3	0.00	0.60	80.78	9.15	0.00
3	7	0.02	2.39	67.02	6.49	0.00
Core	CPU	C1%	C3%	C6%	C8%	C9%
-	-	0.01	0.66	71.36	16.57	0.00
0	0	0.00	0.37	72.88	16.22	0.00
0	4	0.00	0.56	72.44	17.90	0.00
1	1	0.01	0.45	71.70	18.06	0.00
1	5	0.02	0.44	72.56	18.11	0.00
2	2	0.01	0.46	69.89	20.00	0.00
2	6	0.01	0.58	70.00	20.79	0.00
3	3	0.00	0.63	76.84	13.00	0.00
3	7	0.02	1.80	65.23	8.64	0.00
Core	CPU	C1%	C3%	C6%	C8%	C9%
-	-	0.01	0.68	71.34	16.70	0.00
0	0	0.00	0.42	71.18	17.50	0.00
0	4	0.00	0.69	70.74	19.21	0.00
1	1	0.00	0.50	72.01	17.78	0.00
1	5	0.01	0.54	69.99	20.65	0.00
2	2	0.00	0.38	70.65	19.22	0.00
2	6	0.00	0.48	71.29	19.57	0.00
3	3	0.00	0.54	77.69	12.26	0.00
3	7	0.02	1.88	66.63	7.26	0.00
Core	CPU	C1%	C3%	C6%	C8%	C9%
-	-	0.01	1.15	69.66	16.15	0.00
0	0	0.00	0.50	69.06	18.24	0.00
0	4	0.00	0.65	69.94	18.32	0.00
1	1	0.00	0.54	69.01	18.87	0.00
1	5	0.01	2.44	68.95	18.48	0.00
2	2	0.00	0.46	70.26	17.18	0.00
2	6	0.00	0.43	69.49	19.12	0.00
3	3	0.01	0.53	77.29	10.63	0.00
3	7	0.01	3.69	63.15	8.32	0.00
Core	CPU	C1%	C3%	C6%	C8%	C9%
-	-	0.00	0.69	71.37	16.66	0.00
0	0	0.01	0.48	71.95	17.15	0.00
0	4	0.00	0.79	71.73	18.50	0.00
1	1	0.01	0.46	74.03	15.54	0.00
1	5	0.01	0.40	71.16	19.75	0.00
2	2	0.00	0.36	68.44	21.64	0.00
2	6	0.00	0.46	69.66	21.21	0.00
3	3	0.00	0.58	79.19	10.71	0.00
3	7	0.01	2.02	64.83	8.74	0.00
Core	CPU	C1%	C3%	C6%	C8%	C9%
-	-	0.01	0.75	71.31	16.29	0.00
0	0	0.09	0.52	73.74	14.25	0.00
0	4	0.00	0.82	71.72	18.33	0.00
1	1	0.00	0.45	71.70	17.99	0.00
1	5	0.01	0.45	70.15	20.20	0.00
2	2	0.00	0.40	70.28	19.75	0.00
2	6	0.00	0.39	68.64	21.90	0.00
3	3	0.00	0.57	80.12	9.61	0.00
3	7	0.01	2.43	64.73	8.41	0.00
Core	CPU	C1%	C3%	C6%	C8%	C9%
-	-	0.01	0.71	71.22	16.81	0.00
0	0	0.00	0.51	74.35	14.55	0.00
0	4	0.01	0.75	71.61	18.58	0.00
1	1	0.01	0.41	72.09	17.48	0.00
1	5	0.01	0.41	71.00	19.82	0.00
2	2	0.01	0.49	68.83	21.13	0.00
2	6	0.00	0.44	68.83	21.99	0.00
3	3	0.00	0.57	78.42	11.35	0.00
3	7	0.01	2.06	64.06	9.47	0.00
Core	CPU	C1%	C3%	C6%	C8%	C9%
-	-	0.01	0.72	71.66	16.21	0.00
0	0	0.01	0.60	76.87	11.96	0.00
0	4	0.00	0.77	72.34	17.89	0.00
1	1	0.00	0.38	71.42	18.40	0.00
1	5	0.00	0.31	69.08	21.88	0.00
2	2	0.01	0.69	71.06	18.56	0.00
2	6	0.00	0.45	68.68	22.11	0.00
3	3	0.00	0.55	78.77	11.13	0.00
3	7	0.01	2.02	65.38	7.83	0.00
Core	CPU	C1%	C3%	C6%	C8%	C9%
-	-	0.01	1.26	70.51	15.71	0.00
0	0	0.01	0.67	72.27	15.25	0.00
0	4	0.01	0.82	67.68	21.06	0.00
1	1	0.00	0.34	73.26	14.45	0.00
1	5	0.01	2.17	70.37	16.34	0.00
2	2	0.00	0.46	67.80	21.16	0.00
2	6	0.01	0.36	69.64	19.73	0.00
3	3	0.01	0.62	78.45	10.66	0.00
3	7	0.01	4.66	64.37	7.00	0.00
Core	CPU	C1%	C3%	C6%	C8%	C9%
-	-	0.01	0.64	70.63	17.35	0.00
0	0	0.00	0.36	76.89	12.13	0.00
0	4	0.00	0.53	72.34	18.11	0.00
1	1	0.00	0.44	71.57	18.15	0.00
1	5	0.01	0.42	67.95	22.81	0.00
2	2	0.01	0.50	69.43	20.51	0.00
2	6	0.01	0.66	69.34	21.28	0.00
3	3	0.00	0.53	75.05	14.82	0.00
3	7	0.02	1.64	62.94	11.07	0.00
Core	CPU	C1%	C3%	C6%	C8%	C9%
-	-	0.01	0.71	71.11	16.77	0.00
0	0	0.01	0.55	75.99	12.97	0.00
0	4	0.00	0.75	69.04	20.92	0.00
1	1	0.00	0.26	74.35	15.58	0.00
1	5	0.01	0.33	70.86	19.93	0.00
2	2	0.01	0.45	68.42	21.44	0.00
2	6	0.00	0.39	68.05	22.80	0.00
3	3	0.01	0.69	79.69	10.11	0.00
3	7	0.01	2.24	62.56	10.41	0.00
Core	CPU	C1%	C3%	C6%	C8%	C9%
-	-	0.00	0.73	72.29	15.82	0.00
0	0	0.01	0.56	71.62	17.38	0.00
0	4	0.00	0.77	69.00	21.38	0.00
1	1	0.00	0.49	72.06	17.65	0.00
1	5	0.01	0.51	70.79	20.00	0.00
2	2	0.00	0.25	73.25	16.87	0.00
2	6	0.00	0.41	72.48	18.36	0.00
3	3	0.00	0.64	80.79	8.94	0.00
3	7	0.01	2.21	67.75	5.80	0.00
Core	CPU	C1%	C3%	C6%	C8%	C9%
-	-	0.01	0.72	72.10	15.82	0.00
0	0	0.01	0.51	74.43	14.63	0.00
0	4	0.00	0.81	70.79	19.49	0.00
1	1	0.00	0.37	75.46	14.25	0.00
1	5	0.01	0.43	71.43	19.34	0.00
2	2	0.01	0.50	69.29	20.49	0.00
2	6	0.00	0.41	69.58	21.12	0.00
3	3	0.01	0.69	80.75	8.95	0.00
3	7	0.01	2.01	65.40	8.38	0.00
Core	CPU	C1%	C3%	C6%	C8%	C9%
-	-	0.01	1.36	69.89	17.00	0.00
0	0	0.00	0.46	71.93	15.92	0.00
0	4	0.00	0.69	70.36	20.29	0.00
1	1	0.01	0.38	73.22	16.11	0.00
1	5	0.02	3.15	68.52	18.74	0.00
2	2	0.00	0.55	70.04	19.41	0.00
2	6	0.01	0.56	67.23	22.15	0.00
3	3	0.00	0.54	75.36	14.30	0.00
3	7	0.01	4.58	62.56	9.10	0.00
Core	CPU	C1%	C3%	C6%	C8%	C9%
-	-	0.00	0.70	71.65	16.41	0.00
0	0	0.00	0.48	73.05	16.04	0.00
0	4	0.01	0.76	70.54	19.88	0.00
1	1	0.00	0.43	73.58	16.31	0.00
1	5	0.01	0.39	70.30	20.61	0.00
2	2	0.00	0.42	72.46	17.40	0.00
2	6	0.00	0.38	69.88	21.03	0.00
3	3	0.00	0.58	78.31	11.45	0.00
3	7	0.01	2.18	64.90	8.54	0.00
Core	CPU	C1%	C3%	C6%	C8%	C9%
-	-	0.01	0.86	71.39	16.42	0.00
0	0	0.00	0.52	73.25	15.76	0.00
0	4	0.00	0.75	70.72	19.62	0.00
1	1	0.00	0.33	73.23	16.63	0.00
1	5	0.01	0.41	71.61	19.28	0.00
2	2	0.00	1.25	70.03	18.96	0.00
2	6	0.00	0.48	69.01	21.80	0.00
3	3	0.01	0.56	79.65	10.23	0.00
3	7	0.01	2.62	63.97	9.13	0.00
Core	CPU	C1%	C3%	C6%	C8%	C9%
-	-	0.03	0.67	70.54	17.46	0.00
0	0	0.01	0.34	74.00	15.11	0.00
0	4	0.00	0.69	70.69	19.73	0.00
1	1	0.00	0.45	71.74	18.02	0.00
1	5	0.02	0.45	68.62	22.24	0.00
2	2	0.02	0.47	69.85	20.11	0.00
2	6	0.01	0.52	69.44	21.36	0.00
3	3	0.01	0.54	76.31	13.53	0.00
3	7	0.21	1.93	63.39	9.51	0.00
Core	CPU	C1%	C3%	C6%	C8%	C9%
-	-	0.01	0.69	70.47	16.78	0.00
0	0	0.00	0.57	72.60	16.41	0.00
0	4	0.01	0.60	69.02	21.00	0.00
1	1	0.00	0.36	71.50	18.06	0.00
1	5	0.01	0.47	69.68	21.02	0.00
2	2	0.02	0.55	69.10	15.51	0.00
2	6	0.00	0.39	69.19	20.84	0.00
3	3	0.00	0.57	77.00	12.76	0.00
3	7	0.01	1.97	65.33	8.55	0.00
Core	CPU	C1%	C3%	C6%	C8%	C9%
-	-	0.01	1.37	68.60	17.93	0.00
0	0	0.00	0.46	68.48	18.75	0.00
0	4	0.03	0.63	65.47	22.90	0.00
1	1	0.00	0.35	73.07	16.58	0.00
1	5	0.02	3.67	67.33	19.94	0.00
2	2	0.00	0.45	69.07	20.35	0.00
2	6	0.01	0.51	67.22	22.59	0.00
3	3	0.01	0.59	76.97	12.24	0.00
3	7	0.02	4.27	61.41	10.12	0.00
Core	CPU	C1%	C3%	C6%	C8%	C9%
-	-	0.01	0.71	71.66	16.28	0.00
0	0	0.01	0.48	74.19	14.76	0.00
0	4	0.00	0.79	70.40	19.93	0.00
1	1	0.00	0.39	73.10	16.76	0.00
1	5	0.01	0.42	70.77	20.09	0.00
2	2	0.01	0.42	69.50	20.40	0.00
2	6	0.00	0.56	69.79	20.94	0.00
3	3	0.00	0.62	80.01	9.71	0.00
3	7	0.01	2.02	65.86	7.78	0.00
Core	CPU	C1%	C3%	C6%	C8%	C9%
-	-	0.00	0.90	70.56	17.32	0.00
0	0	0.00	0.65	74.19	14.66	0.00
0	4	0.01	0.67	70.01	20.52	0.00
1	1	0.00	0.41	74.28	15.68	0.00
1	5	0.00	0.42	70.88	20.05	0.00
2	2	0.00	1.31	69.05	20.00	0.00
2	6	0.00	0.32	67.51	23.46	0.00
3	3	0.01	0.62	77.17	12.70	0.00
3	7	0.01	2.80	61.43	11.52	0.00
Core	CPU	C1%	C3%	C6%	C8%	C9%
-	-	0.00	0.70	71.12	16.98	0.00
0	0	0.00	0.59	73.17	15.84	0.00
0	4	0.00	0.70	70.02	20.47	0.00
1	1	0.00	0.31	72.82	17.01	0.00
1	5	0.00	0.42	70.86	19.95	0.00
2	2	0.01	0.52	68.86	21.03	0.00
2	6	0.00	0.45	68.79	22.04	0.00
3	3	0.00	0.59	80.00	9.91	0.00
3	7	0.02	2.06	63.92	9.47	0.00
Core	CPU	C1%	C3%	C6%	C8%	C9%
-	-	0.00	0.72	71.57	16.35	0.00
0	0	0.00	0.62	73.59	15.21	0.00
0	4	0.01	0.80	69.02	21.32	0.00
1	1	0.00	0.31	74.49	15.49	0.00
1	5	0.00	0.35	73.20	17.67	0.00
2	2	0.00	0.44	67.74	22.17	0.00
2	6	0.00	0.35	68.05	22.83	0.00
3	3	0.00	0.69	81.02	8.70	0.00
3	7	0.01	2.20	65.90	7.54	0.00
Core	CPU	C1%	C3%	C6%	C8%	C9%
-	-	0.00	1.05	69.24	16.50	0.00
0	0	0.00	0.55	72.40	14.43	0.00
0	4	0.00	0.67	68.75	19.20	0.00
1	1	0.00	0.37	71.04	16.28	0.00
1	5	0.00	2.05	69.15	18.43	0.00
2	2	0.00	0.46	68.75	19.23	0.00
2	6	0.00	0.36	67.68	21.23	0.00
3	3	0.01	0.53	75.04	12.79	0.00
3	7	0.01	3.45	60.98	10.38	0.00
Core	CPU	C1%	C3%	C6%	C8%	C9%
-	-	0.01	0.70	71.70	16.33	0.00
0	0	0.00	0.58	73.21	15.75	0.00
0	4	0.00	0.76	72.08	18.32	0.00
1	1	0.00	0.35	73.77	15.90	0.00
1	5	0.01	0.37	70.53	20.31	0.00
2	2	0.00	0.51	70.43	19.49	0.00
2	6	0.00	0.47	69.68	21.16	0.00
3	3	0.00	0.63	78.84	10.96	0.00
3	7	0.01	1.92	64.89	8.72	0.00
Core	CPU	C1%	C3%	C6%	C8%	C9%
-	-	0.01	0.85	70.88	16.92	0.00
0	0	0.00	0.47	72.78	16.40	0.00
0	4	0.00	0.56	69.11	21.44	0.00
1	1	0.00	0.29	73.88	15.38	0.00
1	5	0.01	1.34	70.28	19.69	0.00
2	2	0.01	0.45	69.73	19.63	0.00
2	6	0.01	0.47	69.42	21.45	0.00
3	3	0.00	0.60	77.53	12.32	0.00
3	7	0.02	2.61	64.20	9.03	0.00
Core	CPU	C1%	C3%	C6%	C8%	C9%
-	-	0.00	0.72	71.03	17.01	0.00
0	0	0.00	0.57	70.56	18.49	0.00
0	4	0.01	0.77	71.17	19.15	0.00
1	1	0.00	0.33	71.95	17.88	0.00
1	5	0.01	0.44	71.10	19.69	0.00
2	2	0.00	0.48	70.11	19.82	0.00
2	6	0.00	0.42	69.34	21.53	0.00
3	3	0.01	0.66	80.19	9.56	0.00
3	7	0.01	2.05	63.62	9.89	0.00
Core	CPU	C1%	C3%	C6%	C8%	C9%
-	-	0.01	0.69	71.94	16.01	0.00
0	0	0.00	0.50	71.84	17.23	0.00
0	4	0.00	0.75	71.60	18.71	0.00
1	1	0.00	0.34	74.80	14.94	0.00
1	5	0.01	0.42	72.04	18.66	0.00
2	2	0.00	0.47	70.81	19.14	0.00
2	6	0.01	0.42	70.57	20.30	0.00
3	3	0.00	0.72	79.64	10.05	0.00
3	7	0.01	1.90	64.50	9.14	0.00
Core	CPU	C1%	C3%	C6%	C8%	C9%
-	-	0.01	1.21	68.56	17.78	0.00
0	0	0.00	0.48	70.60	17.63	0.00
0	4	0.00	0.77	66.61	22.12	0.00
1	1	0.01	0.42	71.66	17.08	0.00
1	5	0.01	2.30	68.62	18.91	0.00
2	2	0.01	0.42	67.33	20.72	0.00
2	6	0.01	0.36	66.80	22.96	0.00
3	3	0.01	0.65	76.04	11.84	0.00
3	7	0.01	4.25	60.58	10.89	0.00
Core	CPU	C1%	C3%	C6%	C8%	C9%
-	-	0.01	0.70	71.77	16.16	0.00
0	0	0.00	0.54	72.69	16.19	0.00
0	4	0.00	0.74	69.76	20.62	0.00
1	1	0.00	0.31	73.09	16.80	0.00
1	5	0.01	0.42	72.33	18.45	0.00
2	2	0.01	0.49	69.62	20.06	0.00
2	6	0.00	0.42	70.30	20.54	0.00
3	3	0.00	0.64	80.73	9.10	0.00
3	7	0.01	2.05	65.91	7.55	0.00
Core	CPU	C1%	C3%	C6%	C8%	C9%
-	-	0.05	0.87	70.06	17.80	0.00
0	0	0.00	0.48	71.41	17.61	0.00
0	4	0.00	0.67	70.62	19.80	0.00
1	1	0.01	0.45	70.30	19.29	0.00
1	5	0.01	1.35	68.68	21.09	0.00
2	2	0.00	0.45	70.03	20.06	0.00
2	6	0.00	0.42	68.71	22.28	0.00
3	3	0.01	0.57	77.27	12.68	0.00
3	7	0.41	2.56	63.22	9.49	0.00
Core	CPU	C1%	C3%	C6%	C8%	C9%
-	-	0.02	0.73	71.07	16.81	0.00
0	0	0.01	0.52	74.04	14.91	0.00
0	4	0.00	0.81	69.19	20.96	0.00
1	1	0.01	0.50	72.86	16.87	0.00
1	5	0.01	0.38	70.79	20.14	0.00
2	2	0.01	0.43	71.16	18.81	0.00
2	6	0.01	0.50	69.66	21.15	0.00
3	3	0.00	0.57	76.95	12.96	0.00
3	7	0.09	2.14	64.25	8.79	0.00
Core	CPU	C1%	C3%	C6%	C8%	C9%
-	-	0.09	0.74	70.56	17.23	0.00
0	0	0.00	0.41	74.26	14.70	0.00
0	4	0.01	0.65	68.66	21.76	0.00
1	1	0.01	0.41	72.15	17.71	0.00
1	5	0.01	0.47	72.17	18.61	0.00
2	2	0.01	0.43	67.99	21.93	0.00
2	6	0.00	0.44	68.36	22.49	0.00
3	3	0.00	0.63	77.48	12.34	0.00
3	7	0.69	2.49	63.73	8.38	0.00
Core	CPU	C1%	C3%	C6%	C8%	C9%
-	-	0.01	1.00	69.10	17.01	0.00
0	0	0.01	0.50	71.73	15.11	0.00
0	4	0.01	0.69	68.75	19.16	0.00
1	1	0.00	0.38	71.16	17.41	0.00
1	5	0.01	1.18	68.49	19.02	0.00
2	2	0.00	0.43	66.21	22.31	0.00
2	6	0.00	0.39	67.07	22.67	0.00
3	3	0.00	0.58	76.17	12.05	0.00
3	7	0.02	3.85	63.15	8.37	0.00
Core	CPU	C1%	C3%	C6%	C8%	C9%
-	-	0.01	0.69	71.50	16.66	0.00
0	0	0.01	0.45	70.68	18.36	0.00
0	4	0.01	0.81	71.67	18.45	0.00
1	1	0.01	0.39	72.61	17.38	0.00
1	5	0.01	0.48	71.54	19.27	0.00
2	2	0.01	0.49	69.90	20.03	0.00
2	6	0.01	0.40	69.79	21.11	0.00
3	3	0.01	0.56	79.89	10.07	0.00
3	7	0.01	1.97	65.34	8.47	0.00
Core	CPU	C1%	C3%	C6%	C8%	C9%
-	-	0.00	0.85	71.08	16.80	0.00
0	0	0.00	0.49	72.76	16.39	0.00
0	4	0.00	0.68	73.45	16.85	0.00
1	1	0.00	0.35	71.04	18.99	0.00
1	5	0.01	1.28	69.91	19.96	0.00
2	2	0.00	0.49	69.26	20.75	0.00
2	6	0.01	0.55	69.94	20.85	0.00
3	3	0.00	0.56	77.73	12.27	0.00
3	7	0.01	2.43	64.94	8.44	0.00
Core	CPU	C1%	C3%	C6%	C8%	C9%
-	-	0.07	0.70	71.48	16.52	0.00
0	0	0.01	0.59	73.86	14.90	0.00
0	4	0.00	0.73	68.59	21.86	0.00
1	1	0.00	0.38	71.78	18.30	0.00
1	5	0.01	0.47	71.35	19.46	0.00
2	2	0.00	0.45	69.98	19.98	0.00
2	6	0.00	0.35	69.04	21.87	0.00
3	3	0.00	0.57	81.44	8.44	0.00
3	7	0.50	2.08	65.71	7.31	0.00
Core	CPU	C1%	C3%	C6%	C8%	C9%
-	-	0.01	0.70	70.95	17.03	0.00
0	0	0.01	0.59	73.10	15.92	0.00
0	4	0.00	0.63	68.88	21.67	0.00
1	1	0.00	0.38	75.14	14.60	0.00
1	5	0.00	0.36	71.34	19.46	0.00
2	2	0.00	0.40	69.64	20.37	0.00
2	6	0.01	0.44	68.05	22.75	0.00
3	3	0.01	0.64	77.95	11.81	0.00
3	7	0.01	2.13	63.82	9.74	0.00
Core	CPU	C1%	C3%	C6%	C8%	C9%
-	-	0.00	0.90	68.56	17.26	0.01
0	0	0.00	0.44	73.84	13.15	0.00
0	4	0.00	0.66	68.78	19.12	0.00
1	1	0.00	0.36	69.21	18.32	0.00
1	5	0.01	0.98	66.67	21.02	0.08
2	2	0.01	0.43	66.87	21.07	0.00
2	6	0.00	0.46	66.33	22.57	0.00
3	3	0.00	0.61	74.60	13.20	0.00
3	7	0.01	3.30	62.07	9.62	0.00
Core	CPU	C1%	C3%	C6%	C8%	C9%
-	-	0.01	0.68	70.85	16.58	0.00
0	0	0.01	0.61	74.97	14.12	0.00
0	4	0.01	0.69	70.62	19.90	0.00
1	1	0.00	0.35	73.58	16.01	0.00
1	5	0.01	0.27	69.36	21.69	0.00
2	2	0.02	0.62	67.97	17.22	0.00
2	6	0.00	0.47	68.90	21.03	0.00
3	3	0.01	0.56	75.87	13.97	0.00
3	7	0.01	1.89	65.34	8.64	0.00
Core	CPU	C1%	C3%	C6%	C8%	C9%
-	-	0.01	0.82	70.78	16.99	0.00
0	0	0.00	0.48	75.04	13.84	0.00
0	4	0.00	0.62	70.02	20.60	0.00
1	1	0.00	0.39	72.80	16.77	0.00
1	5	0.01	0.38	69.14	21.79	0.00
2	2	0.00	0.93	69.58	18.67	0.00
2	6	0.01	0.52	68.77	21.93	0.00
3	3	0.01	0.51	77.55	12.35	0.00
3	7	0.01	2.74	63.30	9.94	0.00
Core	CPU	C1%	C3%	C6%	C8%	C9%
-	-	0.01	0.68	71.40	16.57	0.00
0	0	0.00	0.55	72.58	16.33	0.00
0	4	0.00	0.75	70.07	20.34	0.00
1	1	0.00	0.33	73.70	16.25	0.00
1	5	0.01	0.42	70.97	19.86	0.00
2	2	0.00	0.45	70.16	19.76	0.00
2	6	0.00	0.39	70.04	20.68	0.00
3	3	0.01	0.60	79.74	9.97	0.00
3	7	0.01	1.98	64.26	9.47	0.00
Core	CPU	C1%	C3%	C6%	C8%	C9%
-	-	0.00	0.72	71.55	16.54	0.00
0	0	0.01	0.57	73.57	15.49	0.00
0	4	0.01	0.75	70.27	20.07	0.00
1	1	0.00	0.39	73.22	16.78	0.00
1	5	0.01	0.47	70.86	19.89	0.00
2	2	0.00	0.41	70.67	19.31	0.00
2	6	0.00	0.47	70.10	20.56	0.00
3	3	0.00	0.60	78.68	10.97	0.00
3	7	0.01	2.08	64.56	9.10	0.00
Core	CPU	C1%	C3%	C6%	C8%	C9%
-	-	0.01	1.00	69.36	16.44	0.00
0	0	0.01	0.47	72.38	14.74	0.00
0	4	0.00	0.80	68.65	19.38	0.00
1	1	0.00	0.44	69.80	18.25	0.00
1	5	0.01	1.34	68.34	19.00	0.00
2	2	0.01	0.38	68.85	18.62	0.00
2	6	0.00	0.42	67.15	21.88	0.00
3	3	0.01	0.60	76.53	11.34	0.00
3	7	0.01	3.58	63.34	8.36	0.00
