Core	CPU	C1%	C3%	C6%	C8%	C9%
-	-	0.14	0.14	7.82	15.72	0.00
0	0	0.21	0.88	40.84	30.73	0.00
0	4	0.00	0.00	3.44	0.24	0.00
1	1	0.00	0.01	9.02	89.16	0.00
1	5	0.72	0.13	2.46	0.88	0.00
2	2	0.00	0.00	2.59	3.22	0.00
2	6	0.00	0.00	1.38	0.89	0.00
3	3	0.18	0.02	1.56	0.39	0.00
3	7	0.00	0.06	1.29	0.29	0.00
Core	CPU	C1%	C3%	C6%	C8%	C9%
-	-	0.03	0.38	7.34	14.79	5.04
0	0	0.21	2.95	48.57	21.59	0.00
0	4	0.00	0.00	0.89	0.11	40.29
1	1	0.00	0.00	0.48	1.48	0.00
1	5	0.00	0.03	1.44	0.39	0.00
2	2	0.00	0.00	6.44	91.91	0.00
2	6	0.00	0.00	0.32	0.99	0.00
3	3	0.00	0.00	0.19	1.10	0.00
3	7	0.00	0.04	0.35	0.79	0.00
Core	CPU	C1%	C3%	C6%	C8%	C9%
-	-	0.03	0.08	6.40	15.94	0.00
0	0	0.25	0.60	39.12	33.14	0.00
0	4	0.00	0.00	0.87	0.30	0.00
1	1	0.00	0.00	6.71	68.15	0.00
1	5	0.00	0.05	0.95	0.69	0.00
2	2	0.00	0.02	2.29	22.32	0.00
2	6	0.00	0.00	0.10	1.18	0.00
3	3	0.00	0.00	0.28	1.09	0.00
3	7	0.00	0.00	0.85	0.60	0.00
Core	CPU	C1%	C3%	C6%	C8%	C9%
-	-	0.04	0.22	6.89	15.44	7.62
0	0	0.24	1.68	43.32	27.76	0.00
0	4	0.00	0.00	0.88	0.40	60.97
1	1	0.00	0.00	8.66	89.62	0.00
1	5	0.06	0.10	0.90	1.48	0.00
2	2	0.00	0.00	0.05	1.09	0.00
2	6	0.00	0.00	0.82	0.99	0.00
3	3	0.00	0.00	0.20	0.99	0.00
3	7	0.00	0.00	0.29	1.18	0.00
Core	CPU	C1%	C3%	C6%	C8%	C9%
-	-	0.01	0.58	8.07	13.22	7.65
0	0	0.11	4.50	54.37	12.51	0.00
0	4	0.00	0.01	0.70	0.11	56.74
1	1	0.00	0.00	6.71	89.28	0.00
1	5	0.00	0.10	1.46	0.99	0.96
2	2	0.00	0.00	0.32	1.19	0.00
2	6	0.00	0.00	0.64	0.19	3.49
3	3	0.00	0.02	0.20	0.70	0.00
3	7	0.00	0.00	0.19	0.79	0.00
Core	CPU	C1%	C3%	C6%	C8%	C9%
-	-	0.03	0.10	6.36	15.81	0.12
0	0	0.28	0.67	38.84	33.35	0.00
0	4	0.00	0.00	0.63	0.00	0.00
1	1	0.00	0.03	9.25	88.90	0.00
1	5	0.00	0.10	1.01	0.59	0.95
2	2	0.00	0.00	0.38	0.90	0.00
2	6	0.00	0.00	0.37	0.89	0.00
3	3	0.00	0.00	0.25	1.08	0.00
3	7	0.00	0.00	0.13	0.79	0.00
Core	CPU	C1%	C3%	C6%	C8%	C9%
-	-	0.04	0.35	7.20	15.18	6.04
0	0	0.20	2.68	47.61	22.72	0.00
0	4	0.00	0.00	1.16	0.59	48.30
1	1	0.00	0.00	6.43	91.86	0.00
1	5	0.00	0.12	1.24	1.85	0.00
2	2	0.00	0.01	0.23	1.19	0.00
2	6	0.10	0.00	0.22	1.38	0.00
3	3	0.00	0.00	0.19	0.99	0.00
3	7	0.00	0.00	0.51	0.88	0.00
Core	CPU	C1%	C3%	C6%	C8%	C9%
-	-	0.03	0.09	6.20	16.13	0.00
0	0	0.25	0.59	38.41	33.87	0.00
0	4	0.00	0.00	0.69	0.00	0.00
1	1	0.00	0.00	8.37	89.87	0.00
1	5	0.00	0.10	0.87	0.60	0.00
2	2	0.00	0.00	0.14	0.89	0.00
2	6	0.00	0.00	0.67	2.00	0.00
3	3	0.00	0.00	0.20	0.90	0.00
3	7	0.00	0.00	0.29	0.88	0.00
Core	CPU	C1%	C3%	C6%	C8%	C9%
-	-	0.03	0.07	6.12	15.93	0.00
0	0	0.27	0.38	37.65	34.82	0.00
0	4	0.00	0.03	0.70	0.00	0.00
1	1	0.00	0.00	4.30	42.07	0.00
1	5	0.00	0.13	1.22	0.00	0.00
2	2	0.00	0.00	4.42	48.36	0.00
2	6	0.00	0.00	0.35	0.79	0.00
3	3	0.00	0.00	0.23	0.70	0.00
3	7	0.00	0.00	0.10	0.73	0.00
Core	CPU	C1%	C3%	C6%	C8%	C9%
-	-	0.03	0.29	6.01	15.62	0.00
0	0	0.26	2.12	36.52	33.55	0.00
0	4	0.00	0.00	0.65	0.00	0.00
1	1	0.00	0.00	0.33	0.89	0.00
1	5	0.00	0.13	0.96	0.40	0.00
2	2	0.00	0.02	7.76	87.99	0.00
2	6	0.00	0.05	1.25	0.49	0.00
3	3	0.00	0.00	0.37	0.88	0.00
3	7	0.00	0.00	0.25	0.79	0.00
Core	CPU	C1%	C3%	C6%	C8%	C9%
-	-	0.03	0.08	6.15	16.01	0.00
0	0	0.28	0.42	37.26	35.00	0.00
0	4	0.00	0.00	0.68	0.00	0.00
1	1	0.00	0.00	0.43	0.79	0.00
1	5	0.00	0.15	1.22	0.49	0.00
2	2	0.00	0.02	8.35	89.80	0.00
2	6	0.00	0.01	0.70	0.20	0.00
3	3	0.00	0.00	0.20	0.88	0.00
3	7	0.00	0.00	0.36	0.89	0.00
Core	CPU	C1%	C3%	C6%	C8%	C9%
-	-	0.01	0.69	8.35	13.41	7.85
0	0	0.12	5.47	57.30	10.51	0.00
0	4	0.00	0.00	0.93	0.09	62.77
1	1	0.00	0.00	0.36	0.98	0.00
1	5	0.00	0.05	1.08	0.79	0.00
2	2	0.00	0.00	6.26	91.89	0.00
2	6	0.00	0.00	0.46	1.28	0.00
3	3	0.00	0.00	0.19	0.90	0.00
3	7	0.00	0.00	0.19	0.79	0.00
Core	CPU	C1%	C3%	C6%	C8%	C9%
-	-	0.61	0.42	6.98	18.32	1.25
0	0	0.18	1.35	37.51	23.27	0.00
0	4	0.00	0.00	0.71	0.31	9.99
1	1	4.69	1.84	7.56	9.57	0.00
1	5	0.00	0.09	1.02	0.40	0.00
2	2	0.00	0.00	6.08	83.14	0.00
2	6	0.00	0.00	0.36	0.69	0.00
3	3	0.00	0.00	1.23	0.90	0.00
3	7	0.01	0.11	1.36	28.30	0.00
Core	CPU	C1%	C3%	C6%	C8%	C9%
-	-	0.03	0.10	6.39	16.13	0.33
0	0	0.26	0.68	38.83	33.36	0.00
0	4	0.00	0.00	1.15	0.20	2.61
1	1	0.00	0.00	4.22	46.71	0.00
1	5	0.00	0.08	1.06	1.19	0.00
2	2	0.00	0.03	3.71	44.95	0.00
2	6	0.00	0.00	0.98	0.79	0.00
3	3	0.00	0.00	0.28	1.18	0.00
3	7	0.00	0.00	0.85	0.69	0.00
Core	CPU	C1%	C3%	C6%	C8%	C9%
-	-	0.02	0.81	8.01	13.46	7.45
0	0	0.12	6.34	55.68	11.18	0.00
0	4	0.00	0.00	0.81	0.20	56.27
1	1	0.00	0.00	1.37	26.17	0.00
1	5	0.00	0.11	0.95	0.39	0.00
2	2	0.00	0.00	4.26	66.25	0.00
2	6	0.02	0.01	0.29	1.93	3.35
3	3	0.00	0.02	0.29	0.99	0.00
3	7	0.00	0.00	0.39	0.59	0.00
Core	CPU	C1%	C3%	C6%	C8%	C9%
-	-	0.64	0.29	6.35	15.33	0.00
0	0	0.21	1.07	33.75	26.02	0.00
0	4	0.00	0.00	0.79	0.00	0.00
1	1	4.87	1.18	6.35	2.16	0.00
1	5	0.00	0.03	1.33	0.70	0.00
2	2	0.00	0.00	7.35	90.88	0.00
2	6	0.00	0.00	0.80	0.99	0.00
3	3	0.00	0.02	0.29	0.90	0.00
3	7	0.00	0.00	0.10	0.99	0.00
Core	CPU	C1%	C3%	C6%	C8%	C9%
-	-	0.03	0.14	6.13	15.99	0.00
0	0	0.25	1.06	37.46	34.50	0.00
0	4	0.00	0.00	0.76	0.38	0.00
1	1	0.00	0.00	0.29	0.89	0.00
1	5	0.00	0.00	1.51	1.08	0.00
2	2	0.00	0.00	7.94	89.89	0.00
2	6	0.00	0.00	0.44	0.30	0.00
3	3	0.00	0.02	0.29	0.31	0.00
3	7	0.00	0.00	0.39	0.59	0.00
Core	CPU	C1%	C3%	C6%	C8%	C9%
-	-	0.02	0.52	8.02	14.37	7.81
0	0	0.13	4.05	53.90	15.31	0.00
0	4	0.00	0.00	0.83	0.10	62.52
1	1	0.00	0.01	0.69	2.97	0.00
1	5	0.00	0.07	1.04	1.09	0.00
2	2	0.00	0.00	6.55	91.86	0.00
2	6	0.00	0.00	0.55	1.48	0.00
3	3	0.00	0.00	0.25	1.28	0.00
3	7	0.00	0.00	0.33	0.88	0.00
Core	CPU	C1%	C3%	C6%	C8%	C9%
-	-	0.04	0.42	7.78	14.42	10.66
0	0	0.17	3.22	51.76	18.17	0.00
0	4	0.00	0.00	0.77	0.09	85.31
1	1	0.18	0.00	6.69	79.20	0.00
1	5	0.00	0.11	1.22	0.89	0.00
2	2	0.00	0.01	0.69	13.79	0.00
2	6	0.00	0.00	0.10	0.99	0.00
3	3	0.00	0.00	0.38	1.09	0.00
3	7	0.00	0.00	0.62	1.19	0.00
Core	CPU	C1%	C3%	C6%	C8%	C9%
-	-	3.22	1.27	6.61	13.46	1.01
0	0	0.15	1.78	20.81	10.01	0.11
0	4	0.00	0.00	0.57	0.81	7.98
1	1	7.03	1.93	8.17	67.74	0.00
1	5	0.00	0.05	1.18	0.70	0.00
2	2	0.00	0.00	1.21	24.42	0.00
2	6	0.10	0.00	0.62	1.88	0.00
3	3	11.71	4.74	11.54	1.39	0.00
3	7	6.75	1.70	8.75	0.69	0.00
Core	CPU	C1%	C3%	C6%	C8%	C9%
-	-	0.54	0.30	6.57	15.42	3.22
0	0	0.24	1.23	37.84	29.20	0.00
0	4	0.00	0.00	0.13	0.60	25.77
1	1	4.10	1.08	4.94	0.20	0.00
1	5	0.00	0.11	1.00	0.00	0.00
2	2	0.00	0.01	7.34	90.91	0.00
2	6	0.00	0.00	0.28	0.79	0.00
3	3	0.00	0.00	0.45	0.89	0.00
3	7	0.00	0.00	0.62	0.80	0.00
Core	CPU	C1%	C3%	C6%	C8%	C9%
-	-	0.03	0.26	6.73	15.52	1.69
0	0	0.21	2.02	42.96	28.12	0.00
0	4	0.00	0.00	1.03	0.11	13.51
1	1	0.00	0.00	6.29	75.65	0.00
1	5	0.00	0.08	1.14	0.60	0.00
2	2	0.00	0.00	1.19	16.35	0.00
2	6	0.00	0.00	0.39	1.09	0.00
3	3	0.00	0.00	0.30	1.28	0.00
3	7	0.00	0.00	0.56	0.99	0.00
Core	CPU	C1%	C3%	C6%	C8%	C9%
-	-	0.03	0.29	7.24	14.92	2.68
0	0	0.21	2.25	46.98	23.81	0.00
0	4	0.00	0.00	0.71	0.29	21.46
1	1	0.00	0.00	7.76	90.56	0.00
1	5	0.00	0.03	1.13	1.18	0.00
2	2	0.00	0.00	0.64	1.10	0.00
2	6	0.00	0.00	0.17	0.70	0.00
3	3	0.00	0.00	0.32	0.80	0.00
3	7	0.00	0.00	0.20	0.89	0.00
Core	CPU	C1%	C3%	C6%	C8%	C9%
-	-	0.03	0.13	6.81	15.63	0.00
0	0	0.24	0.95	40.61	31.41	0.00
0	4	0.00	0.00	0.64	0.00	0.00
1	1	0.00	0.00	10.03	88.23	0.00
1	5	0.00	0.08	1.07	0.89	0.00
2	2	0.00	0.00	0.69	0.70	0.00
2	6	0.00	0.00	0.72	1.39	0.00
3	3	0.00	0.00	0.26	1.28	0.00
3	7	0.00	0.00	0.44	1.18	0.00
Core	CPU	C1%	C3%	C6%	C8%	C9%
-	-	1.33	0.57	6.14	14.11	0.34
0	0	0.26	1.83	30.88	18.94	2.71
0	4	0.00	0.00	0.86	0.00	0.00
1	1	10.36	2.59	10.37	5.36	0.00
1	5	0.00	0.12	1.12	0.30	0.00
2	2	0.00	0.01	5.28	85.74	0.00
2	6	0.02	0.00	0.10	0.99	0.00
3	3	0.00	0.00	0.28	0.79	0.00
3	7	0.01	0.01	0.25	0.79	0.00
Core	CPU	C1%	C3%	C6%	C8%	C9%
-	-	0.03	0.14	6.59	15.88	0.00
0	0	0.21	0.98	40.43	31.55	0.00
0	4	0.00	0.00	0.88	0.00	0.00
1	1	0.00	0.00	7.12	72.43	0.00
1	5	0.00	0.10	1.06	0.89	0.00
2	2	0.00	0.00	1.33	18.65	0.00
2	6	0.00	0.00	0.67	1.59	0.00
3	3	0.00	0.00	0.46	1.59	0.00
3	7	0.00	0.00	0.78	0.30	0.00
Core	CPU	C1%	C3%	C6%	C8%	C9%
-	-	0.02	0.19	6.37	15.94	0.31
0	0	0.18	1.45	39.82	31.70	0.13
0	4	0.00	0.00	1.09	0.20	1.42
1	1	0.00	0.00	7.53	90.40	0.00
1	5	0.00	0.07	1.28	0.49	0.00
2	2	0.00	0.00	0.26	1.18	0.00
2	6	0.00	0.00	0.25	1.08	0.00
3	3	0.00	0.02	0.29	1.39	0.00
3	7	0.00	0.00	0.46	1.08	0.90
Core	CPU	C1%	C3%	C6%	C8%	C9%
-	-	0.03	0.09	6.45	15.87	0.00
0	0	0.20	0.65	39.15	33.13	0.00
0	4	0.00	0.00	0.83	0.00	0.00
1	1	0.00	0.02	8.23	89.99	0.00
1	5	0.00	0.06	1.20	0.30	0.00
2	2	0.00	0.00	0.29	0.88	0.00
2	6	0.00	0.00	1.16	0.98	0.00
3	3	0.00	0.00	0.24	0.89	0.00
3	7	0.00	0.00	0.52	0.80	0.00
Core	CPU	C1%	C3%	C6%	C8%	C9%
-	-	0.02	0.14	6.65	15.52	0.00
0	0	0.17	1.01	40.87	31.09	0.00
0	4	0.00	0.00	0.56	0.28	0.00
1	1	0.00	0.01	9.28	88.97	0.00
1	5	0.00	0.09	0.95	0.00	0.00
2	2	0.00	0.02	0.69	0.88	0.00
2	6	0.00	0.00	0.10	1.00	0.00
3	3	0.00	0.00	0.29	0.98	0.00
3	7	0.00	0.00	0.45	0.99	0.00
Core	CPU	C1%	C3%	C6%	C8%	C9%
-	-	0.03	0.28	6.04	15.72	0.00
0	0	0.18	2.20	37.97	32.01	0.00
0	4	0.00	0.00	0.69	0.00	0.00
1	1	0.00	0.00	6.95	88.86	0.00
1	5	0.04	0.06	1.40	0.80	0.00
2	2	0.00	0.00	0.15	0.99	0.00
2	6	0.00	0.00	0.69	1.69	0.00
3	3	0.00	0.00	0.20	0.70	0.00
3	7	0.00	0.00	0.30	0.69	0.00
Core	CPU	C1%	C3%	C6%	C8%	C9%
-	-	0.01	0.26	7.86	15.30	0.16
0	0	0.10	1.88	47.57	23.56	0.00
0	4	0.00	0.01	1.68	1.69	1.30
1	1	0.00	0.04	8.04	89.95	0.00
1	5	0.00	0.10	1.17	0.30	0.00
2	2	0.00	0.00	0.37	2.83	0.00
2	6	0.00	0.05	1.73	2.22	0.00
3	3	0.00	0.00	0.94	0.30	0.00
3	7	0.00	0.02	1.40	1.60	0.00
Core	CPU	C1%	C3%	C6%	C8%	C9%
-	-	0.01	0.31	7.20	15.11	1.40
0	0	0.09	2.42	45.64	25.12	0.00
0	4	0.00	0.03	1.04	0.10	11.17
1	1	0.00	0.00	2.50	24.15	0.00
1	5	0.00	0.03	1.18	0.30	0.00
2	2	0.00	0.00	5.08	68.16	0.00
2	6	0.00	0.00	1.04	1.38	0.00
3	3	0.00	0.00	0.27	0.89	0.00
3	7	0.00	0.00	0.82	0.79	0.00
Core	CPU	C1%	C3%	C6%	C8%	C9%
-	-	0.12	0.18	7.03	15.26	0.00
0	0	0.10	1.35	43.97	27.60	0.00
0	4	0.00	0.00	0.58	0.09	0.00
1	1	0.77	0.00	6.46	75.74	0.00
1	5	0.12	0.05	1.84	1.60	0.00
2	2	0.00	0.00	1.75	14.89	0.00
2	6	0.00	0.00	1.00	0.31	0.00
3	3	0.00	0.00	0.19	1.00	0.00
3	7	0.00	0.00	0.48	0.83	0.00
Core	CPU	C1%	C3%	C6%	C8%	C9%
-	-	0.01	0.20	7.20	15.31	0.16
0	0	0.10	1.50	45.93	25.50	0.00
0	4	0.00	0.02	1.23	0.56	1.27
1	1	0.00	0.00	0.33	1.17	0.00
1	5	0.00	0.05	0.88	1.00	0.00
2	2	0.00	0.00	7.52	90.74	0.00
2	6	0.00	0.00	0.80	0.49	0.00
3	3	0.00	0.00	0.20	1.09	0.00
3	7	0.00	0.02	0.68	1.88	0.00
Core	CPU	C1%	C3%	C6%	C8%	C9%
-	-	0.02	0.37	6.68	19.55	0.04
0	0	0.12	2.61	41.41	28.78	0.00
0	4	0.00	0.00	0.92	0.11	0.29
1	1	0.00	0.02	1.45	7.76	0.00
1	5	0.00	0.00	0.68	0.60	0.00
2	2	0.00	0.00	7.18	88.68	0.00
2	6	0.01	0.05	0.37	1.58	0.00
3	3	0.00	0.00	0.15	0.59	0.00
3	7	0.01	0.26	1.30	28.28	0.00
Core	CPU	C1%	C3%	C6%	C8%	C9%
-	-	0.03	0.11	6.84	16.11	0.00
0	0	0.12	0.83	41.53	31.32	0.00
0	4	0.00	0.00	1.16	0.00	0.00
1	1	0.08	0.00	0.37	2.46	0.00
1	5	0.05	0.03	1.29	1.86	0.00
2	2	0.00	0.00	7.50	90.74	0.00
2	6	0.00	0.02	0.99	1.48	0.00
3	3	0.00	0.00	1.17	0.59	0.00
3	7	0.00	0.00	0.75	0.40	0.00
Core	CPU	C1%	C3%	C6%	C8%	C9%
-	-	0.01	0.21	6.59	15.76	0.00
0	0	0.10	1.60	40.46	31.03	0.00
0	4	0.00	0.00	0.93	1.02	0.00
1	1	0.00	0.00	0.18	1.09	0.00
1	5	0.00	0.03	1.07	1.18	0.00
2	2	0.00	0.00	8.58	89.65	0.00
2	6	0.00	0.00	0.73	0.20	0.00
3	3	0.00	0.01	0.39	0.89	0.00
3	7	0.00	0.00	0.37	1.00	0.00
Core	CPU	C1%	C3%	C6%	C8%	C9%
-	-	0.01	0.08	6.39	16.22	0.00
0	0	0.10	0.54	39.28	33.18	0.00
0	4	0.00	0.03	0.78	0.40	0.00
1	1	0.00	0.00	7.30	81.29	0.00
1	5	0.00	0.04	0.89	1.68	0.00
2	2	0.00	0.00	1.14	9.88	0.00
2	6	0.00	0.00	0.92	1.09	0.00
3	3	0.00	0.00	0.42	1.20	0.00
3	7	0.00	0.00	0.39	1.01	0.00
Core	CPU	C1%	C3%	C6%	C8%	C9%
-	-	0.02	0.15	7.01	15.84	0.99
0	0	0.10	1.12	43.59	28.93	0.00
0	4	0.00	0.00	0.78	0.29	7.94
1	1	0.00	0.00	0.23	1.18	0.00
1	5	0.04	0.08	2.16	2.05	0.00
2	2	0.00	0.00	7.56	90.73	0.00
2	6	0.00	0.00	0.79	1.78	0.00
3	3	0.00	0.00	0.28	1.08	0.00
3	7	0.00	0.00	0.66	0.65	0.00
Core	CPU	C1%	C3%	C6%	C8%	C9%
-	-	0.01	0.31	6.53	15.29	0.45
0	0	0.11	2.38	39.16	30.64	0.00
0	4	0.00	0.00	0.78	0.00	0.00
1	1	0.00	0.00	7.22	84.57	0.00
1	5	0.00	0.05	1.36	1.17	0.00
2	2	0.00	0.00	1.19	3.86	0.00
2	6	0.00	0.01	1.78	0.89	3.56
3	3	0.00	0.00	0.10	0.89	0.00
3	7	0.00	0.00	0.67	0.30	0.00
Core	CPU	C1%	C3%	C6%	C8%	C9%
-	-	0.02	0.03	6.05	16.27	0.12
0	0	0.13	0.20	37.05	35.75	0.00
0	4	0.00	0.00	0.70	0.00	0.00
1	1	0.00	0.01	8.56	89.62	0.00
1	5	0.00	0.03	0.92	1.28	0.95
2	2	0.00	0.00	0.25	0.79	0.00
2	6	0.00	0.00	0.33	1.20	0.00
3	3	0.00	0.02	0.29	0.80	0.00
3	7	0.00	0.00	0.29	0.69	0.00
Core	CPU	C1%	C3%	C6%	C8%	C9%
-	-	0.01	0.32	7.17	15.46	0.00
0	0	0.09	2.34	45.14	25.77	0.00
0	4	0.00	0.00	0.67	0.11	0.00
1	1	0.00	0.00	7.49	77.24	0.00
1	5	0.00	0.14	1.99	2.43	0.00
2	2	0.00	0.00	0.90	14.20	0.00
2	6	0.00	0.01	0.42	1.88	0.00
3	3	0.00	0.02	0.29	0.31	0.00
3	7	0.00	0.01	0.49	1.75	0.00
Core	CPU	C1%	C3%	C6%	C8%	C9%
-	-	0.02	0.09	6.42	16.05	0.00
0	0	0.12	0.70	40.14	32.18	0.00
0	4	0.00	0.00	0.53	0.10	0.00
1	1	0.00	0.00	7.23	80.76	0.00
1	5	0.00	0.03	1.14	0.79	0.00
2	2	0.00	0.00	1.03	10.56	0.00
2	6	0.00	0.00	0.38	1.08	0.00
3	3	0.00	0.00	0.35	1.68	0.00
3	7	0.00	0.00	0.52	1.28	0.00
Core	CPU	C1%	C3%	C6%	C8%	C9%
-	-	0.02	0.08	6.60	15.99	0.00
0	0	0.11	0.56	40.72	32.35	0.00
0	4	0.00	0.00	0.66	0.00	0.00
1	1	0.03	0.00	5.31	58.17	0.00
1	5	0.05	0.05	1.73	0.57	0.00
2	2	0.00	0.00	2.62	32.89	0.00
2	6	0.00	0.00	0.98	1.95	0.00
3	3	0.00	0.00	0.37	0.99	0.00
3	7	0.00	0.00	0.43	0.99	0.00
Core	CPU	C1%	C3%	C6%	C8%	C9%
-	-	0.02	0.29	6.08	15.53	0.43
0	0	0.13	2.22	37.72	32.26	0.00
0	4	0.00	0.00	1.07	0.40	0.00
1	1	0.00	0.00	6.53	74.24	0.00
1	5	0.00	0.07	0.70	0.79	0.00
2	2	0.00	0.00	1.66	14.29	0.00
2	6	0.00	0.00	0.48	0.69	3.43
3	3	0.00	0.00	0.09	1.00	0.00
3	7	0.00	0.00	0.38	0.60	0.00
Core	CPU	C1%	C3%	C6%	C8%	C9%
-	-	0.02	0.06	6.34	15.95	0.00
0	0	0.13	0.37	38.48	34.16	0.00
0	4	0.00	0.00	0.51	0.11	0.00
1	1	0.00	0.00	7.67	90.46	0.00
1	5	0.00	0.07	1.20	0.89	0.00
2	2	0.00	0.00	0.47	0.40	0.00
2	6	0.00	0.03	0.46	0.86	0.00
3	3	0.00	0.00	0.83	0.30	0.00
3	7	0.00	0.02	1.12	0.40	0.00
Core	CPU	C1%	C3%	C6%	C8%	C9%
-	-	0.01	0.18	6.64	15.78	0.00
0	0	0.10	1.36	40.38	31.36	0.00
0	4	0.00	0.00	0.70	0.69	0.00
1	1	0.00	0.00	7.89	90.33	0.00
1	5	0.00	0.03	1.21	0.39	0.00
2	2	0.00	0.00	0.79	0.89	0.00
2	6	0.00	0.02	0.99	0.38	0.00
3	3	0.00	0.00	0.39	0.69	0.00
3	7	0.00	0.00	0.75	1.49	0.00
Core	CPU	C1%	C3%	C6%	C8%	C9%
-	-	0.02	0.10	6.51	15.77	0.00
0	0	0.13	0.80	41.54	30.50	0.00
0	4	0.00	0.01	1.73	8.17	0.00
1	1	0.00	0.00	0.30	1.08	0.00
1	5	0.00	0.00	1.17	0.97	0.00
2	2	0.00	0.00	6.41	83.06	0.00
2	6	0.00	0.00	0.44	1.00	0.00
3	3	0.00	0.02	0.29	0.40	0.00
3	7	0.00	0.00	0.19	1.00	0.00
Core	CPU	C1%	C3%	C6%	C8%	C9%
-	-	0.01	0.27	8.02	14.25	0.00
0	0	0.12	2.01	47.37	23.69	0.00
0	4	0.00	0.06	9.00	29.75	0.00
1	1	0.00	0.00	0.30	1.48	0.00
1	5	0.00	0.04	1.04	0.99	0.00
2	2	0.00	0.00	5.07	55.52	0.00
2	6	0.00	0.00	0.38	1.09	0.00
3	3	0.00	0.02	0.29	0.80	0.00
3	7	0.00	0.00	0.70	0.69	0.00
Core	CPU	C1%	C3%	C6%	C8%	C9%
-	-	0.01	0.32	6.23	15.56	0.07
0	0	0.11	2.48	39.65	30.07	0.00
0	4	0.00	0.00	0.72	0.00	0.00
1	1	0.00	0.00	0.48	2.18	0.00
1	5	0.00	0.03	1.46	1.08	0.00
2	2	0.00	0.00	6.68	89.00	0.00
2	6	0.00	0.00	0.45	0.59	0.00
3	3	0.00	0.00	0.23	0.69	0.00
3	7	0.00	0.05	0.20	0.89	0.55
Core	CPU	C1%	C3%	C6%	C8%	C9%
-	-	0.02	0.06	6.57	16.32	0.00
0	0	0.11	0.52	40.44	32.69	0.00
0	4	0.00	0.00	0.75	0.29	0.00
1	1	0.01	0.00	0.53	1.19	0.00
1	5	0.03	0.00	1.67	2.34	0.00
2	2	0.00	0.00	7.81	90.43	0.00
2	6	0.00	0.00	0.62	0.89	0.00
3	3	0.00	0.00	0.27	1.19	0.00
3	7	0.00	0.00	0.43	1.57	0.00
Core	CPU	C1%	C3%	C6%	C8%	C9%
-	-	0.01	0.22	6.46	15.93	0.00
0	0	0.11	1.67	40.79	30.69	0.00
0	4	0.00	0.00	0.85	0.21	0.00
1	1	0.00	0.00	0.27	0.99	0.00
1	5	0.00	0.05	1.12	1.08	0.00
2	2	0.00	0.00	7.06	90.91	0.00
2	6	0.00	0.02	0.93	1.19	0.00
3	3	0.00	0.00	0.30	1.09	0.00
3	7	0.00	0.00	0.39	1.27	0.00
Core	CPU	C1%	C3%	C6%	C8%	C9%
-	-	0.02	0.03	5.99	16.38	0.00
0	0	0.13	0.18	37.25	35.51	0.00
0	4	0.00	0.02	0.38	0.51	0.00
1	1	0.00	0.00	0.59	0.80	0.00
1	5	0.00	0.02	0.85	0.80	0.00
2	2	0.00	0.00	7.69	90.54	0.00
2	6	0.00	0.00	0.44	0.70	0.00
3	3	0.00	0.00	0.32	1.00	0.00
3	7	0.00	0.00	0.37	1.21	0.00
Core	CPU	C1%	C3%	C6%	C8%	C9%
-	-	0.02	0.04	6.12	16.37	0.00
0	0	0.13	0.20	37.16	35.63	0.00
0	4	0.00	0.00	0.75	0.00	0.00
1	1	0.00	0.00	0.92	0.29	0.00
1	5	0.00	0.14	1.46	0.30	0.00
2	2	0.00	0.00	7.53	90.70	0.00
2	6	0.00	0.00	0.27	0.88	0.00
3	3	0.00	0.00	0.57	2.16	0.00
3	7	0.00	0.00	0.25	0.98	0.00
Core	CPU	C1%	C3%	C6%	C8%	C9%
-	-	0.01	0.30	6.11	15.73	0.00
0	0	0.12	2.26	37.92	32.19	0.00
0	4	0.00	0.00	1.20	0.20	0.00
1	1	0.00	0.00	0.37	0.99	0.00
1	5	0.00	0.10	1.17	0.49	0.00
2	2	0.00	0.00	7.23	88.60	0.00
2	6	0.00	0.02	0.32	1.20	0.00
3	3	0.00	0.00	0.29	1.29	0.00
3	7	0.00	0.00	0.37	0.88	0.00
Core	CPU	C1%	C3%	C6%	C8%	C9%
-	-	0.01	0.12	6.52	15.68	0.00
0	0	0.12	0.84	41.75	30.35	0.00
0	4	0.00	0.02	0.58	0.11	0.00
1	1	0.00	0.00	0.29	1.19	0.00
1	5	0.00	0.08	1.12	0.30	0.00
2	2	0.00	0.00	7.03	91.22	0.00
2	6	0.00	0.01	0.66	1.09	0.00
3	3	0.00	0.00	0.30	0.60	0.00
3	7	0.00	0.00	0.39	0.60	0.00
Core	CPU	C1%	C3%	C6%	C8%	C9%
-	-	0.62	0.47	6.76	18.62	0.11
0	0	0.19	1.79	36.24	24.57	0.01
0	4	0.00	0.00	0.85	0.00	0.00
1	1	4.72	1.65	7.03	1.58	0.00
1	5	0.00	0.13	1.25	0.49	0.89
2	2	0.00	0.00	7.03	91.26	0.00
2	6	0.00	0.00	0.35	1.08	0.00
3	3	0.00	0.00	0.37	0.69	0.00
3	7	0.01	0.23	0.95	29.30	0.00
Core	CPU	C1%	C3%	C6%	C8%	C9%
-	-	0.01	0.13	6.61	15.78	0.00
0	0	0.10	0.93	41.89	30.13	0.00
0	4	0.00	0.00	0.97	0.00	0.00
1	1	0.00	0.00	0.35	1.09	0.00
1	5	0.00	0.05	1.14	1.20	0.00
2	2	0.00	0.02	6.84	91.43	0.00
2	6	0.00	0.00	0.49	0.80	0.00
3	3	0.00	0.00	0.29	1.18	0.00
3	7	0.00	0.00	0.92	0.37	0.00
Core	CPU	C1%	C3%	C6%	C8%	C9%
-	-	0.01	0.14	6.81	15.67	0.00
0	0	0.09	1.08	43.39	28.39	0.00
0	4	0.00	0.00	1.43	1.66	0.00
1	1	0.00	0.00	0.28	0.99	0.00
1	5	0.00	0.03	0.81	0.79	0.00
2	2	0.00	0.01	7.10	91.14	0.00
2	6	0.00	0.00	0.49	0.31	0.00
3	3	0.00	0.02	0.19	0.69	0.00
3	7	0.00	0.00	0.82	1.40	0.00
Core	CPU	C1%	C3%	C6%	C8%	C9%
-	-	0.01	0.49	6.82	14.76	1.23
0	0	0.08	3.75	44.89	24.06	0.00
0	4	0.00	0.00	0.31	2.48	9.88
1	1	0.00	0.00	0.20	0.50	0.00
1	5	0.00	0.12	0.98	0.50	0.00
2	2	0.02	0.00	6.39	88.20	0.00
2	6	0.00	0.00	0.91	1.30	0.00
3	3	0.00	0.00	0.23	0.69	0.00
3	7	0.00	0.06	0.63	0.39	0.00
Core	CPU	C1%	C3%	C6%	C8%	C9%
-	-	0.14	0.24	7.26	15.49	0.00
0	0	0.09	1.35	44.40	26.53	0.00
0	4	0.00	0.00	2.01	9.45	0.00
1	1	0.02	0.01	0.91	2.38	0.00
1	5	0.06	0.13	1.53	0.80	0.00
2	2	0.00	0.00	6.37	82.15	0.00
2	6	0.00	0.00	0.83	2.05	0.00
3	3	0.00	0.00	0.45	0.60	0.00
3	7	0.93	0.45	1.58	0.00	0.00
Core	CPU	C1%	C3%	C6%	C8%	C9%
-	-	0.01	0.16	6.61	15.74	0.26
0	0	0.11	1.18	39.41	32.56	0.00
0	4	0.00	0.00	0.95	0.40	2.10
1	1	0.00	0.00	0.86	0.30	0.00
1	5	0.00	0.07	0.95	0.99	0.00
2	2	0.00	0.00	8.89	89.35	0.00
2	6	0.00	0.01	0.91	0.77	0.00
3	3	0.00	0.00	0.20	0.79	0.00
3	7	0.00	0.00	0.67	0.80	0.00
Core	CPU	C1%	C3%	C6%	C8%	C9%
-	-	0.02	0.06	6.14	16.12	0.00
0	0	0.13	0.35	37.79	34.84	0.00
0	4	0.00	0.00	1.00	0.20	0.00
1	1	0.00	0.00	0.29	0.79	0.00
1	5	0.00	0.15	1.10	0.30	0.00
2	2	0.00	0.00	7.97	90.26	0.00
2	6	0.00	0.00	0.35	0.90	0.00
3	3	0.00	0.02	0.29	0.89	0.00
3	7	0.00	0.00	0.29	0.79	0.00
Core	CPU	C1%	C3%	C6%	C8%	C9%
-	-	1.65	0.70	6.59	14.31	0.02
0	0	0.30	1.04	26.89	19.64	0.12
0	4	0.00	0.00	0.70	0.00	0.00
1	1	0.00	0.00	0.19	0.99	0.00
1	5	12.88	4.57	15.55	0.89	0.00
2	2	0.00	0.00	8.40	89.92	0.00
2	6	0.00	0.00	0.60	1.39	0.00
3	3	0.00	0.02	0.29	0.80	0.00
3	7	0.00	0.00	0.10	0.89	0.00
Core	CPU	C1%	C3%	C6%	C8%	C9%
-	-	0.02	0.26	5.97	15.48	0.00
0	0	0.13	2.05	37.43	32.70	0.00
0	4	0.00	0.00	0.59	0.11	0.00
1	1	0.00	0.00	0.19	0.89	0.00
1	5	0.00	0.00	0.37	0.99	0.00
2	2	0.00	0.00	8.33	87.18	0.00
2	6	0.00	0.00	0.47	0.59	0.00
3	3	0.00	0.02	0.29	0.60	0.00
3	7	0.00	0.00	0.10	0.79	0.00
Core	CPU	C1%	C3%	C6%	C8%	C9%
-	-	1.64	0.74	7.95	12.12	0.32
0	0	0.10	1.70	33.41	10.79	2.55
0	4	0.00	0.00	16.42	72.22	0.00
1	1	0.00	0.00	0.19	0.99	0.00
1	5	0.00	0.00	0.27	1.29	0.00
2	2	0.00	0.01	1.09	9.66	0.00
2	6	13.05	4.22	11.56	0.40	0.00
3	3	0.00	0.02	0.29	0.59	0.00
3	7	0.00	0.00	0.40	0.98	0.00
Core	CPU	C1%	C3%	C6%	C8%	C9%
-	-	0.05	0.16	6.31	15.90	0.11
0	0	0.31	1.11	37.67	34.10	0.00
0	4	0.00	0.00	6.77	74.47	0.00
1	1	0.00	0.00	0.82	0.39	0.00
1	5	0.00	0.01	1.28	0.89	0.89
2	2	0.00	0.00	0.48	0.70	0.00
2	6	0.08	0.09	2.94	15.38	0.00
3	3	0.00	0.00	0.45	0.49	0.00
3	7	0.00	0.03	0.10	0.80	0.00
Core	CPU	C1%	C3%	C6%	C8%	C9%
-	-	0.04	0.09	6.77	15.67	0.00
0	0	0.34	0.68	40.21	31.84	0.00
0	4	0.00	0.00	10.11	88.02	0.00
1	1	0.00	0.00	0.34	0.99	0.00
1	5	0.00	0.00	0.43	0.99	0.00
2	2	0.00	0.01	0.61	1.09	0.00
2	6	0.00	0.00	1.71	0.88	0.00
3	3	0.00	0.00	0.28	0.88	0.00
3	7	0.00	0.00	0.46	0.69	0.00
Core	CPU	C1%	C3%	C6%	C8%	C9%
-	-	0.04	0.11	6.63	15.52	0.00
0	0	0.34	0.81	40.35	31.53	0.00
0	4	0.00	0.00	10.10	88.01	0.00
1	1	0.00	0.00	0.31	0.98	0.00
1	5	0.00	0.00	0.36	0.89	0.00
2	2	0.00	0.00	0.74	0.39	0.00
2	6	0.00	0.06	0.67	1.09	0.00
3	3	0.00	0.00	0.09	0.40	0.00
3	7	0.00	0.01	0.38	0.89	0.00
Core	CPU	C1%	C3%	C6%	C8%	C9%
-	-	0.02	0.35	6.60	14.93	0.08
0	0	0.12	2.69	39.48	30.27	0.00
0	4	0.00	0.02	1.46	4.51	0.00
1	1	0.00	0.00	0.20	0.89	0.00
1	5	0.00	0.00	0.29	1.08	0.00
2	2	0.00	0.00	0.36	0.79	0.00
2	6	0.00	0.07	9.98	80.87	0.65
3	3	0.00	0.00	0.31	0.80	0.00
3	7	0.00	0.00	0.70	0.20	0.00
Core	CPU	C1%	C3%	C6%	C8%	C9%
-	-	0.03	0.09	6.46	15.72	0.00
0	0	0.23	0.67	39.12	33.03	0.00
0	4	0.00	0.00	4.87	42.10	0.00
1	1	0.00	0.00	0.82	0.30	0.00
1	5	0.00	0.01	0.70	0.40	0.00
2	2	0.00	0.00	0.30	0.71	0.00
2	6	0.00	0.03	5.30	47.13	0.00
3	3	0.00	0.00	0.36	1.09	0.00
3	7	0.00	0.00	0.23	0.99	0.00
Core	CPU	C1%	C3%	C6%	C8%	C9%
-	-	0.04	0.16	6.61	15.87	0.00
0	0	0.32	1.28	38.54	32.76	0.00
0	4	0.00	0.00	9.71	87.68	0.00
1	1	0.00	0.00	0.35	0.80	0.00
1	5	0.00	0.00	0.78	1.49	0.00
2	2	0.00	0.02	1.21	0.49	0.00
2	6	0.00	0.00	1.35	1.40	0.00
3	3	0.00	0.00	0.55	1.49	0.00
3	7	0.00	0.00	0.37	0.87	0.00
Core	CPU	C1%	C3%	C6%	C8%	C9%
-	-	0.02	0.17	7.43	15.46	0.04
0	0	0.19	1.31	43.76	27.74	0.00
0	4	0.00	0.00	9.71	55.92	0.32
1	1	0.00	0.00	0.29	1.28	0.00
1	5	0.00	0.00	2.42	33.08	0.00
2	2	0.00	0.00	1.46	0.69	0.00
2	6	0.00	0.02	0.57	1.59	0.00
3	3	0.00	0.02	0.39	1.30	0.00
3	7	0.00	0.00	0.83	2.11	0.00
Core	CPU	C1%	C3%	C6%	C8%	C9%
-	-	0.02	0.06	6.18	15.99	0.00
0	0	0.13	0.45	38.54	34.04	0.00
0	4	0.00	0.00	0.41	0.29	0.00
1	1	0.00	0.00	0.19	0.79	0.00
1	5	0.00	0.00	8.09	90.13	0.00
2	2	0.00	0.00	0.71	0.39	0.00
2	6	0.00	0.02	0.95	0.30	0.00
3	3	0.00	0.02	0.29	0.80	0.00
3	7	0.00	0.00	0.29	1.18	0.00
Core	CPU	C1%	C3%	C6%	C8%	C9%
-	-	1.37	0.80	7.05	13.33	0.27
0	0	0.21	0.78	27.86	19.96	2.19
0	4	0.00	0.00	10.16	28.77	0.00
1	1	0.79	0.00	0.32	1.00	0.00
1	5	0.10	0.02	4.86	51.82	0.00
2	2	0.00	0.00	0.62	1.77	0.00
2	6	1.92	2.93	4.69	0.69	0.00
3	3	0.00	0.00	0.36	1.08	0.00
3	7	7.92	2.67	7.52	1.52	0.00
Core	CPU	C1%	C3%	C6%	C8%	C9%
-	-	0.02	0.27	8.41	13.92	0.00
0	0	0.15	2.05	49.12	21.52	0.00
0	4	0.00	0.00	13.34	84.84	0.00
1	1	0.00	0.00	0.25	1.19	0.00
1	5	0.00	0.04	0.89	0.30	0.00
2	2	0.00	0.02	0.61	0.89	0.00
2	6	0.00	0.05	1.41	1.48	0.00
3	3	0.00	0.00	0.28	0.99	0.00
3	7	0.00	0.00	1.35	0.19	0.00
Core	CPU	C1%	C3%	C6%	C8%	C9%
-	-	0.02	0.26	7.59	14.56	0.00
0	0	0.17	2.06	45.92	24.56	0.00
0	4	0.00	0.00	10.84	87.26	0.00
1	1	0.00	0.00	0.28	0.80	0.00
1	5	0.00	0.00	0.57	0.59	0.00
2	2	0.00	0.00	1.08	0.69	0.00
2	6	0.00	0.02	1.37	0.79	0.00
3	3	0.00	0.01	0.29	0.90	0.00
3	7	0.00	0.00	0.39	0.89	0.00
Core	CPU	C1%	C3%	C6%	C8%	C9%
-	-	1.28	0.60	7.42	12.96	0.32
0	0	0.12	1.52	33.56	14.26	2.57
0	4	0.00	0.00	14.02	84.46	0.00
1	1	0.00	0.00	0.19	0.40	0.00
1	5	0.00	0.00	0.19	0.79	0.00
2	2	10.16	3.22	9.81	1.39	0.00
2	6	0.00	0.08	1.18	0.69	0.00
3	3	0.00	0.00	0.22	0.70	0.00
3	7	0.00	0.00	0.20	0.99	0.00
Core	CPU	C1%	C3%	C6%	C8%	C9%
-	-	0.12	0.40	9.01	16.67	0.00
0	0	0.12	2.88	54.49	16.29	0.00
0	4	0.00	0.00	13.64	84.70	0.00
1	1	0.00	0.00	0.43	1.38	0.00
1	5	0.00	0.02	0.52	0.79	0.00
2	2	0.79	0.00	0.00	0.00	0.00
2	6	0.00	0.14	0.88	0.60	0.00
3	3	0.00	0.00	0.37	0.59	0.00
3	7	0.01	0.16	1.76	29.05	0.00
Core	CPU	C1%	C3%	C6%	C8%	C9%
-	-	0.03	0.38	7.21	14.32	0.00
0	0	0.22	2.88	42.93	25.79	0.00
0	4	0.00	0.00	10.66	84.85	0.00
1	1	0.00	0.00	0.24	0.49	0.00
1	5	0.00	0.10	0.32	0.40	0.00
2	2	0.00	0.00	0.50	0.20	0.00
2	6	0.00	0.06	1.90	1.59	0.00
3	3	0.00	0.00	0.29	0.61	0.00
3	7	0.00	0.00	0.84	0.59	0.00
Core	CPU	C1%	C3%	C6%	C8%	C9%
-	-	0.04	0.03	5.96	16.41	0.08
0	0	0.30	0.12	36.67	35.97	0.00
0	4	0.00	0.00	5.42	57.53	0.00
1	1	0.00	0.00	0.37	1.38	0.61
1	5	0.00	0.00	3.04	33.40	0.00
2	2	0.00	0.00	0.33	1.29	0.00
2	6	0.00	0.11	1.24	0.49	0.00
3	3	0.00	0.00	0.20	0.70	0.00
3	7	0.00	0.00	0.38	0.49	0.00
Core	CPU	C1%	C3%	C6%	C8%	C9%
-	-	0.02	0.20	6.08	15.86	0.11
0	0	0.14	1.21	37.96	32.53	0.00
0	4	0.00	0.02	0.19	0.68	0.00
1	1	0.00	0.00	0.10	0.60	0.00
1	5	0.00	0.00	7.37	90.52	0.00
2	2	0.00	0.00	0.36	0.88	0.00
2	6	0.01	0.40	2.14	0.31	0.00
3	3	0.00	0.00	0.22	0.40	0.00
3	7	0.00	0.00	0.27	1.00	0.89
Core	CPU	C1%	C3%	C6%	C8%	C9%
-	-	0.02	0.05	6.08	16.22	0.00
0	0	0.13	0.32	37.74	34.94	0.00
0	4	0.00	0.00	0.55	0.10	0.00
1	1	0.00	0.00	0.23	0.50	0.00
1	5	0.00	0.02	7.65	90.56	0.00
2	2	0.00	0.01	0.33	0.69	0.00
2	6	0.00	0.03	1.01	0.69	0.00
3	3	0.00	0.00	0.48	1.18	0.00
3	7	0.00	0.00	0.64	1.09	0.00
Core	CPU	C1%	C3%	C6%	C8%	C9%
-	-	1.63	0.59	6.69	14.06	0.00
0	0	0.20	1.24	30.23	18.21	0.00
0	4	0.00	0.00	0.65	0.89	0.00
1	1	0.00	0.00	0.45	0.70	0.00
1	5	0.00	0.11	7.93	90.31	0.00
2	2	0.00	0.02	0.81	0.20	0.00
2	6	12.85	3.37	12.88	0.40	0.00
3	3	0.00	0.00	0.19	0.78	0.00
3	7	0.00	0.00	0.36	0.99	0.00
Core	CPU	C1%	C3%	C6%	C8%	C9%
-	-	0.02	0.17	6.30	15.33	0.33
0	0	0.14	1.32	38.18	31.77	0.00
0	4	0.00	0.00	0.88	0.30	0.00
1	1	0.00	0.00	0.19	0.89	0.00
1	5	0.02	0.05	9.43	85.49	2.66
2	2	0.00	0.00	0.66	0.90	0.00
2	6	0.00	0.00	0.34	0.89	0.00
3	3	0.00	0.02	0.30	0.89	0.00
3	7	0.00	0.00	0.39	1.48	0.00
Core	CPU	C1%	C3%	C6%	C8%	C9%
-	-	0.02	0.10	6.53	15.64	0.00
0	0	0.13	0.71	40.39	32.05	0.00
0	4	0.00	0.00	0.63	0.11	0.00
1	1	0.00	0.01	0.29	0.90	0.00
1	5	0.00	0.07	9.61	88.40	0.00
2	2	0.00	0.00	0.51	1.09	0.00
2	6	0.00	0.00	0.46	0.89	0.00
3	3	0.00	0.00	0.25	0.89	0.00
3	7	0.00	0.00	0.13	0.79	0.00
Core	CPU	C1%	C3%	C6%	C8%	C9%
-	-	0.02	0.20	6.68	15.32	0.00
0	0	0.17	1.57	41.35	30.29	0.00
0	4	0.00	0.00	3.35	17.69	0.00
1	1	0.00	0.00	0.15	0.89	0.00
1	5	0.00	0.04	7.17	70.10	0.00
2	2	0.00	0.01	0.41	0.70	0.00
2	6	0.00	0.00	0.10	0.89	0.00
3	3	0.00	0.00	0.28	0.79	0.00
3	7	0.00	0.01	0.61	1.20	0.00
Core	CPU	C1%	C3%	C6%	C8%	C9%
-	-	0.02	0.15	6.13	15.87	0.00
0	0	0.12	0.39	35.81	32.14	0.00
0	4	0.00	0.00	0.18	1.00	0.00
1	1	0.00	0.00	0.28	0.79	0.00
1	5	0.00	0.08	9.10	89.01	0.00
2	2	0.00	0.01	0.36	0.97	0.00
2	6	0.00	0.00	0.54	1.99	0.00
3	3	0.00	0.00	0.39	0.40	0.00
3	7	0.01	0.69	2.39	0.69	0.00
Core	CPU	C1%	C3%	C6%	C8%	C9%
-	-	0.03	0.10	6.43	15.73	0.00
0	0	0.21	0.73	39.75	32.45	0.00
0	4	0.00	0.00	3.12	23.94	0.00
1	1	0.00	0.00	0.19	0.99	0.00
1	5	0.00	0.04	6.40	65.40	0.00
2	2	0.00	0.01	1.06	0.88	0.00
2	6	0.00	0.00	0.04	0.69	0.00
3	3	0.00	0.02	0.60	0.60	0.00
3	7	0.00	0.00	0.27	0.89	0.00
Core	CPU	C1%	C3%	C6%	C8%	C9%
-	-	0.03	0.32	6.76	14.64	0.44
0	0	0.21	2.50	43.01	25.52	0.00
0	4	0.00	0.00	8.91	86.47	0.00
1	1	0.00	0.00	0.49	0.60	0.00
1	5	0.00	0.00	0.10	1.09	3.48
2	2	0.00	0.00	0.79	0.69	0.00
2	6	0.00	0.00	0.64	1.38	0.00
3	3	0.00	0.00	0.04	0.59	0.00
3	7	0.00	0.03	0.10	0.80	0.00
Core	CPU	C1%	C3%	C6%	C8%	C9%
-	-	0.01	0.19	7.59	14.67	0.00
0	0	0.06	1.42	48.57	21.46	0.00
0	4	0.00	0.00	8.77	67.10	0.00
1	1	0.00	0.00	0.40	1.58	0.00
1	5	0.00	0.02	1.44	22.19	0.00
2	2	0.00	0.00	0.41	1.40	0.00
2	6	0.00	0.00	0.30	0.88	0.00
3	3	0.00	0.00	0.47	1.28	0.00
3	7	0.00	0.03	0.34	1.48	0.00
Core	CPU	C1%	C3%	C6%	C8%	C9%
-	-	1.50	1.11	5.47	12.67	0.01
0	0	0.18	1.07	16.25	3.30	0.12
0	4	0.00	0.00	0.77	0.09	0.00
1	1	0.00	0.00	0.28	0.40	0.00
1	5	0.00	0.01	4.97	93.55	0.00
2	2	1.56	0.77	3.29	0.99	0.00
2	6	0.00	0.00	0.51	2.18	0.00
3	3	0.00	0.01	0.29	0.30	0.00
3	7	10.25	6.99	17.41	0.50	0.00
Core	CPU	C1%	C3%	C6%	C8%	C9%
-	-	0.01	0.26	8.11	14.55	0.37
0	0	0.07	1.68	47.47	22.10	0.01
0	4	0.00	0.28	8.74	41.00	0.00
1	1	0.00	0.02	0.39	1.50	0.00
1	5	0.00	0.01	5.18	47.16	0.00
2	2	0.00	0.04	0.72	1.69	0.00
2	6	0.00	0.00	0.50	1.47	0.00
3	3	0.00	0.00	0.35	1.09	0.00
3	7	0.00	0.03	1.52	0.43	2.92
Core	CPU	C1%	C3%	C6%	C8%	C9%
-	-	1.34	0.75	7.89	12.13	0.27
0	0	0.07	2.23	37.13	8.45	2.18
0	4	0.00	0.00	14.00	84.48	0.00
1	1	0.00	0.00	0.45	0.40	0.00
1	5	0.00	0.00	0.30	0.60	0.00
2	2	0.00	0.01	0.43	0.51	0.00
2	6	0.00	0.01	0.84	0.89	0.00
3	3	10.68	3.76	9.46	0.79	0.00
3	7	0.00	0.02	0.50	0.89	0.00
Core	CPU	C1%	C3%	C6%	C8%	C9%
-	-	0.07	0.44	7.25	15.17	0.02
0	0	0.22	3.27	44.45	24.18	0.00
0	4	0.00	0.00	9.31	86.35	0.00
1	1	0.23	0.00	0.47	0.87	0.00
1	5	0.10	0.01	0.51	4.51	0.20
2	2	0.00	0.02	0.53	0.98	0.00
2	6	0.00	0.03	1.26	2.68	0.00
3	3	0.00	0.10	1.06	0.50	0.00
3	7	0.00	0.06	0.41	1.32	0.00
Core	CPU	C1%	C3%	C6%	C8%	C9%
-	-	0.05	0.01	6.12	16.32	0.00
0	0	0.36	0.05	36.34	36.03	0.00
0	4	0.00	0.00	8.34	89.74	0.00
1	1	0.00	0.00	0.20	1.19	0.00
1	5	0.00	0.00	0.95	0.80	0.00
2	2	0.00	0.01	0.70	0.41	0.00
2	6	0.00	0.00	1.18	0.99	0.00
3	3	0.00	0.00	0.24	0.89	0.00
3	7	0.00	0.02	0.99	0.49	0.00
Core	CPU	C1%	C3%	C6%	C8%	C9%
-	-	0.52	0.48	7.64	14.52	0.27
0	0	0.37	1.72	34.24	23.05	2.18
0	4	0.00	0.00	13.71	84.23	0.00
1	1	0.00	0.00	0.32	1.39	0.00
1	5	0.00	0.02	0.48	1.87	0.00
2	2	1.09	0.42	3.80	1.38	0.00
2	6	2.68	1.67	7.93	1.58	0.00
3	3	0.00	0.00	0.37	1.18	0.00
3	7	0.00	0.00	0.24	1.49	0.00
Core	CPU	C1%	C3%	C6%	C8%	C9%
-	-	0.04	0.12	7.02	15.52	0.00
0	0	0.33	0.96	41.23	30.58	0.00
0	4	0.00	0.00	10.61	87.55	0.00
1	1	0.00	0.00	0.37	1.59	0.00
1	5	0.00	0.00	0.54	1.38	0.00
2	2	0.00	0.01	1.31	0.40	0.00
2	6	0.00	0.03	1.37	0.60	0.00
3	3	0.00	0.00	0.33	1.09	0.00
3	7	0.00	0.00	0.38	0.99	0.00
Core	CPU	C1%	C3%	C6%	C8%	C9%
-	-	0.87	0.49	6.60	13.96	0.19
0	0	0.52	0.69	30.93	22.73	1.48
0	4	0.00	0.01	9.15	49.34	0.00
1	1	0.00	0.00	0.19	1.39	0.00
1	5	0.00	0.04	3.92	36.39	0.00
2	2	0.00	0.00	0.39	0.71	0.00
2	6	0.00	0.00	0.06	0.39	0.00
3	3	6.43	3.17	7.98	0.20	0.00
3	7	0.00	0.00	0.19	0.54	0.00
Core	CPU	C1%	C3%	C6%	C8%	C9%
-	-	0.02	0.14	6.35	15.71	0.00
0	0	0.15	1.02	37.52	32.71	0.00
0	4	0.00	0.00	0.43	0.30	0.00
1	1	0.00	0.02	0.29	0.41	0.00
1	5	0.02	0.04	8.87	86.21	0.00
2	2	0.00	0.00	0.88	2.66	0.00
2	6	0.00	0.01	1.83	1.86	0.00
3	3	0.00	0.00	0.44	0.69	0.00
3	7	0.00	0.00	0.52	0.89	0.00
Core	CPU	C1%	C3%	C6%	C8%	C9%
-	-	0.03	0.08	6.26	15.81	0.00
0	0	0.26	0.60	39.15	33.14	0.00
0	4	0.00	0.00	4.78	43.97	0.00
1	1	0.00	0.00	0.25	0.89	0.00
1	5	0.00	0.03	4.69	45.41	0.00
2	2	0.00	0.01	0.41	0.60	0.00
2	6	0.00	0.00	0.19	0.90	0.00
3	3	0.00	0.00	0.28	0.79	0.00
3	7	0.00	0.00	0.35	0.79	0.00
Core	CPU	C1%	C3%	C6%	C8%	C9%
-	-	0.31	0.39	6.98	18.62	0.04
0	0	0.40	1.54	36.68	25.86	0.34
0	4	0.00	0.00	9.84	88.32	0.00
1	1	2.10	1.35	6.62	0.39	0.00
1	5	0.00	0.00	0.24	1.18	0.00
2	2	0.00	0.06	0.63	1.10	0.00
2	6	0.00	0.00	0.29	1.19	0.00
3	3	0.00	0.00	0.28	1.19	0.00
3	7	0.01	0.16	1.29	29.73	0.00
Core	CPU	C1%	C3%	C6%	C8%	C9%
-	-	0.05	0.01	6.04	16.36	0.00
0	0	0.36	0.05	36.58	36.07	0.00
0	4	0.00	0.01	8.59	89.42	0.00
1	1	0.00	0.00	0.49	0.69	0.00
1	5	0.00	0.00	0.47	0.89	0.00
2	2	0.00	0.00	0.82	1.19	0.00
2	6	0.00	0.00	0.38	1.98	0.00
3	3	0.00	0.02	0.29	0.31	0.00
3	7	0.00	0.00	0.68	0.30	0.00
Core	CPU	C1%	C3%	C6%	C8%	C9%
-	-	0.92	0.34	6.85	14.76	0.15
0	0	0.31	0.61	31.46	25.22	1.21
0	4	0.00	0.00	12.61	85.69	0.00
1	1	0.00	0.00	0.20	1.58	0.00
1	5	0.00	0.04	0.91	1.97	0.00
2	2	0.00	0.01	0.65	1.18	0.00
2	6	7.05	2.07	7.27	1.78	0.00
3	3	0.00	0.00	0.93	0.40	0.00
3	7	0.00	0.01	0.79	0.30	0.00
Core	CPU	C1%	C3%	C6%	C8%	C9%
-	-	0.05	0.12	5.81	15.97	0.00
0	0	0.35	0.89	35.78	34.19	0.00
0	4	0.00	0.00	7.69	87.64	0.00
1	1	0.00	0.00	0.24	0.70	0.00
1	5	0.00	0.03	0.80	0.30	0.00
2	2	0.00	0.00	0.62	1.39	0.00
2	6	0.01	0.07	0.68	0.99	0.00
3	3	0.00	0.00	0.36	1.39	0.00
3	7	0.00	0.00	0.34	1.18	0.00
Core	CPU	C1%	C3%	C6%	C8%	C9%
-	-	1.43	0.53	6.57	13.84	0.75
0	0	0.16	0.94	29.15	19.43	0.87
0	4	0.00	0.00	6.92	36.60	5.10
1	1	11.28	3.22	9.62	0.30	0.00
1	5	0.00	0.00	4.98	51.01	0.00
2	2	0.00	0.05	0.98	0.59	0.00
2	6	0.00	0.00	0.10	0.99	0.00
3	3	0.00	0.00	0.28	0.89	0.00
3	7	0.00	0.00	0.53	0.89	0.00
Core	CPU	C1%	C3%	C6%	C8%	C9%
-	-	0.05	0.13	6.33	15.78	0.04
0	0	0.37	1.05	38.19	33.46	0.13
0	4	0.00	0.00	9.80	87.63	0.21
1	1	0.00	0.00	0.38	0.89	0.00
1	5	0.00	0.00	0.37	0.98	0.00
2	2	0.00	0.00	0.94	0.20	0.00
2	6	0.00	0.01	0.34	1.52	0.00
3	3	0.00	0.01	0.30	0.40	0.00
3	7	0.00	0.00	0.29	1.19	0.00
Core	CPU	C1%	C3%	C6%	C8%	C9%
-	-	0.05	0.08	6.51	15.64	0.00
0	0	0.37	0.63	39.42	32.64	0.00
0	4	0.00	0.00	8.97	89.14	0.00
1	1	0.00	0.00	0.10	0.80	0.00
1	5	0.00	0.00	0.78	1.48	0.00
2	2	0.00	0.00	0.65	0.95	0.00
2	6	0.00	0.00	0.99	0.10	0.00
3	3	0.00	0.00	0.63	0.00	0.00
3	7	0.00	0.01	0.50	0.00	0.00
Core	CPU	C1%	C3%	C6%	C8%	C9%
-	-	0.98	0.45	7.02	14.06	0.09
0	0	0.28	0.61	30.53	24.09	0.69
0	4	0.00	0.00	14.51	83.84	0.00
1	1	0.00	0.00	0.21	0.99	0.00
1	5	0.00	0.02	0.39	1.01	0.00
2	2	0.00	0.00	0.40	0.60	0.00
2	6	0.00	0.00	0.50	0.49	0.00
3	3	0.00	0.00	0.57	0.99	0.00
3	7	7.57	2.97	9.04	0.50	0.00
Core	CPU	C1%	C3%	C6%	C8%	C9%
-	-	0.02	0.31	6.47	15.77	0.72
0	0	0.18	2.47	39.40	30.39	0.00
0	4	0.00	0.00	2.52	19.27	5.78
1	1	0.00	0.00	1.02	2.18	0.00
1	5	0.00	0.04	6.16	70.14	0.00
2	2	0.00	0.00	0.93	0.79	0.00
2	6	0.00	0.00	0.77	1.19	0.00
3	3	0.00	0.00	0.39	1.38	0.00
3	7	0.00	0.00	0.56	0.79	0.00
Core	CPU	C1%	C3%	C6%	C8%	C9%
-	-	0.02	0.12	6.43	15.84	0.00
0	0	0.13	0.82	40.16	32.07	0.00
0	4	0.00	0.02	0.65	1.19	0.00
1	1	0.00	0.03	0.33	0.90	0.00
1	5	0.00	0.06	8.66	89.06	0.00
2	2	0.00	0.02	0.97	1.28	0.00
2	6	0.00	0.00	0.24	0.80	0.00
3	3	0.00	0.00	0.31	0.81	0.00
3	7	0.00	0.00	0.10	0.60	0.00
Core	CPU	C1%	C3%	C6%	C8%	C9%
-	-	0.02	0.16	6.54	15.49	0.00
0	0	0.15	1.24	39.58	32.07	0.00
0	4	0.00	0.00	0.80	0.00	0.00
1	1	0.00	0.01	0.71	0.20	0.00
1	5	0.00	0.04	9.88	87.90	0.00
2	2	0.00	0.00	0.62	0.99	0.00
2	6	0.00	0.00	0.37	0.79	0.00
3	3	0.00	0.00	0.26	1.18	0.00
3	7	0.00	0.00	0.14	0.80	0.00
Core	CPU	C1%	C3%	C6%	C8%	C9%
-	-	0.02	0.07	6.52	15.72	0.00
0	0	0.14	0.49	38.84	33.74	0.00
0	4	0.00	0.00	0.68	0.00	0.00
1	1	0.00	0.00	0.46	0.50	0.00
1	5	0.00	0.08	9.36	88.70	0.00
2	2	0.00	0.00	1.26	0.60	0.00
2	6	0.00	0.01	0.89	0.50	0.00
3	3	0.00	0.00	0.30	0.69	0.00
3	7	0.00	0.00	0.36	0.99	0.00
Core	CPU	C1%	C3%	C6%	C8%	C9%
-	-	0.02	0.09	6.27	15.88	0.00
0	0	0.14	0.60	39.23	33.17	0.00
0	4	0.00	0.00	0.59	0.21	0.00
1	1	0.00	0.00	0.21	0.99	0.00
1	5	0.00	0.08	8.87	89.22	0.00
2	2	0.00	0.02	0.40	1.40	0.00
2	6	0.00	0.00	0.25	0.88	0.00
3	3	0.00	0.01	0.29	0.41	0.00
3	7	0.00	0.01	0.30	0.79	0.00
Core	CPU	C1%	C3%	C6%	C8%	C9%
-	-	0.01	0.36	6.71	14.79	0.37
0	0	0.11	2.68	41.20	28.30	0.00
0	4	0.00	0.00	0.76	0.20	3.00
1	1	0.00	0.02	0.29	0.60	0.00
1	5	0.00	0.12	9.32	86.09	0.00
2	2	0.00	0.00	0.38	0.69	0.00
2	6	0.00	0.00	0.58	0.90	0.00
3	3	0.00	0.00	0.25	1.28	0.00
3	7	0.00	0.03	0.89	0.29	0.00
Core	CPU	C1%	C3%	C6%	C8%	C9%
-	-	0.02	0.11	6.54	15.87	0.86
0	0	0.16	0.88	40.10	31.93	0.00
0	4	0.00	0.00	1.25	0.00	6.88
1	1	0.00	0.01	0.33	1.58	0.00
1	5	0.00	0.02	9.29	88.81	0.00
2	2	0.00	0.00	0.19	1.20	0.00
2	6	0.00	0.00	0.51	1.59	0.00
3	3	0.00	0.00	0.28	1.09	0.00
3	7	0.00	0.00	0.36	0.78	0.00
Core	CPU	C1%	C3%	C6%	C8%	C9%
-	-	0.01	0.19	6.75	15.66	0.00
0	0	0.12	1.42	40.70	31.00	0.00
0	4	0.00	0.00	0.88	0.00	0.00
1	1	0.00	0.00	0.26	0.89	0.00
1	5	0.00	0.05	9.01	89.13	0.00
2	2	0.00	0.00	1.09	0.88	0.00
2	6	0.00	0.02	1.11	0.50	0.00
3	3	0.00	0.00	0.56	1.88	0.00
3	7	0.00	0.00	0.37	0.98	0.00
Core	CPU	C1%	C3%	C6%	C8%	C9%
-	-	0.02	0.09	6.41	15.78	0.00
0	0	0.13	0.66	39.55	32.85	0.00
0	4	0.00	0.00	0.89	0.00	0.00
1	1	0.00	0.00	0.19	0.98	0.00
1	5	0.00	0.07	8.99	89.09	0.00
2	2	0.00	0.00	0.65	0.79	0.00
2	6	0.00	0.00	0.53	0.71	0.00
3	3	0.00	0.01	0.29	0.90	0.00
3	7	0.00	0.00	0.20	0.88	0.00
Core	CPU	C1%	C3%	C6%	C8%	C9%
-	-	0.02	0.08	6.23	16.06	0.00
0	0	0.15	0.58	38.70	33.74	0.00
0	4	0.00	0.00	0.95	0.20	0.00
1	1	0.00	0.02	0.39	0.80	0.00
1	5	0.00	0.05	8.72	89.35	0.00
2	2	0.00	0.00	0.19	1.38	0.00
2	6	0.00	0.00	0.53	1.48	0.00
3	3	0.00	0.00	0.25	0.89	0.00
3	7	0.00	0.03	0.10	0.60	0.00
Core	CPU	C1%	C3%	C6%	C8%	C9%
-	-	2.71	1.19	6.40	12.75	1.45
0	0	0.04	1.41	19.68	6.44	0.00
0	4	0.00	0.00	0.95	0.00	11.59
1	1	21.65	8.02	21.95	1.59	0.00
1	5	0.00	0.06	6.64	89.21	0.00
2	2	0.00	0.04	0.74	1.09	0.00
2	6	0.00	0.00	0.46	1.59	0.00
3	3	0.00	0.00	0.28	1.08	0.00
3	7	0.00	0.00	0.49	0.98	0.00
Core	CPU	C1%	C3%	C6%	C8%	C9%
-	-	0.03	0.07	6.41	15.76	0.00
0	0	0.17	0.53	38.57	33.93	0.00
0	4	0.00	0.00	1.33	6.89	0.00
1	1	0.00	0.00	0.87	0.20	0.00
1	5	0.00	0.02	7.89	82.83	0.00
2	2	0.06	0.01	1.18	0.38	0.00
2	6	0.00	0.03	0.96	0.10	0.00
3	3	0.00	0.00	0.18	0.70	0.00
3	7	0.00	0.00	0.29	1.08	0.00
Core	CPU	C1%	C3%	C6%	C8%	C9%
-	-	0.01	0.26	6.91	15.37	0.87
0	0	0.11	1.96	43.91	27.27	0.00
0	4	0.00	0.01	0.53	0.73	6.97
1	1	0.00	0.00	0.35	1.68	0.00
1	5	0.00	0.09	8.42	89.65	0.00
2	2	0.00	0.00	0.58	0.89	0.00
2	6	0.00	0.01	0.96	1.36	0.00
3	3	0.00	0.00	0.13	0.59	0.00
3	7	0.00	0.03	0.42	0.79	0.00
Core	CPU	C1%	C3%	C6%	C8%	C9%
-	-	0.15	0.14	6.34	15.79	0.00
0	0	0.21	0.59	37.57	31.97	0.00
0	4	0.00	0.00	0.75	0.00	0.00
1	1	0.00	0.00	0.24	0.99	0.00
1	5	0.00	0.07	8.55	89.49	0.00
2	2	0.96	0.48	1.82	1.40	0.00
2	6	0.00	0.00	0.98	1.10	0.00
3	3	0.00	0.00	0.37	0.79	0.00
3	7	0.00	0.00	0.43	0.57	0.00
Core	CPU	C1%	C3%	C6%	C8%	C9%
-	-	0.04	0.22	7.53	18.64	0.00
0	0	0.21	1.45	44.85	27.30	0.00
0	4	0.00	0.00	4.55	36.32	0.00
1	1	0.00	0.02	0.59	1.19	0.00
1	5	0.06	0.04	6.41	51.94	0.00
2	2	0.00	0.02	1.27	0.20	0.00
2	6	0.00	0.01	1.30	1.78	0.00
3	3	0.00	0.00	0.10	0.89	0.00
3	7	0.01	0.22	1.12	29.53	0.00
Core	CPU	C1%	C3%	C6%	C8%	C9%
-	-	0.02	0.23	6.40	15.10	0.35
0	0	0.13	1.68	39.59	30.04	0.00
0	4	0.00	0.01	0.70	0.00	0.00
1	1	0.00	0.00	0.38	0.79	0.00
1	5	0.00	0.04	8.42	86.98	0.00
2	2	0.00	0.00	0.65	0.49	0.00
2	6	0.01	0.09	0.51	1.57	2.79
3	3	0.00	0.02	0.29	0.60	0.00
3	7	0.00	0.00	0.69	0.30	0.00
Core	CPU	C1%	C3%	C6%	C8%	C9%
-	-	1.89	0.61	6.04	14.61	0.00
0	0	0.19	0.76	27.90	20.57	0.00
0	4	0.00	0.00	0.70	0.00	0.00
1	1	0.00	0.00	0.19	0.79	0.00
1	5	0.00	0.05	6.21	92.03	0.00
2	2	0.00	0.00	0.26	1.19	0.00
2	6	14.95	4.06	12.49	0.99	0.00
3	3	0.00	0.02	0.29	0.60	0.00
3	7	0.00	0.00	0.29	0.70	0.00
Core	CPU	C1%	C3%	C6%	C8%	C9%
-	-	0.03	0.22	6.73	15.31	0.00
0	0	0.26	1.64	40.16	31.30	0.00
0	4	0.00	0.02	7.34	54.99	0.00
1	1	0.00	0.00	0.32	0.80	0.00
1	5	0.00	0.08	4.06	32.47	0.00
2	2	0.00	0.00	0.45	0.92	0.00
2	6	0.00	0.00	1.08	0.40	0.00
3	3	0.00	0.00	0.34	0.80	0.00
3	7	0.00	0.03	0.10	0.79	0.00
Core	CPU	C1%	C3%	C6%	C8%	C9%
-	-	0.05	0.07	6.46	16.08	0.00
0	0	0.36	0.47	38.33	33.89	0.00
0	4	0.00	0.00	9.67	88.42	0.00
1	1	0.00	0.00	0.25	1.29	0.00
1	5	0.00	0.11	1.70	0.49	0.00
2	2	0.00	0.00	0.49	1.30	0.00
2	6	0.00	0.00	0.58	1.09	0.00
3	3	0.00	0.00	0.28	1.08	0.00
3	7	0.00	0.00	0.36	1.08	0.00
Core	CPU	C1%	C3%	C6%	C8%	C9%
-	-	0.04	0.09	6.67	15.55	0.00
0	0	0.34	0.65	39.85	32.23	0.00
0	4	0.00	0.00	9.80	88.30	0.00
1	1	0.00	0.00	0.26	1.19	0.00
1	5	0.00	0.05	1.10	0.00	0.00
2	2	0.00	0.00	1.12	0.33	0.00
2	6	0.00	0.02	0.70	0.49	0.00
3	3	0.00	0.00	0.19	0.89	0.00
3	7	0.00	0.00	0.37	0.99	0.00
Core	CPU	C1%	C3%	C6%	C8%	C9%
-	-	0.04	0.19	6.22	15.31	0.00
0	0	0.31	1.47	38.38	31.10	0.00
0	4	0.00	0.00	8.95	86.38	0.00
1	1	0.00	0.00	0.46	1.29	0.00
1	5	0.00	0.00	0.96	0.60	0.00
2	2	0.00	0.05	0.19	0.99	0.00
2	6	0.00	0.00	0.42	0.70	0.00
3	3	0.00	0.01	0.19	0.41	0.00
3	7	0.00	0.00	0.19	0.99	0.00
Core	CPU	C1%	C3%	C6%	C8%	C9%
-	-	0.50	0.49	8.35	12.79	0.03
0	0	0.19	2.41	43.13	15.38	0.27
0	4	0.00	0.03	16.41	81.91	0.00
1	1	3.81	1.40	5.25	1.38	0.00
1	5	0.00	0.06	0.90	0.90	0.00
2	2	0.00	0.00	0.26	0.89	0.00
2	6	0.00	0.00	0.24	0.69	0.00
3	3	0.00	0.02	0.38	0.50	0.00
3	7	0.00	0.00	0.19	0.69	0.00
Core	CPU	C1%	C3%	C6%	C8%	C9%
-	-	0.04	0.13	6.24	16.19	0.10
0	0	0.36	0.93	36.46	35.42	0.00
0	4	0.00	0.00	8.42	89.65	0.00
1	1	0.00	0.00	1.05	0.49	0.78
1	5	0.00	0.08	1.27	0.99	0.00
2	2	0.00	0.00	0.37	1.29	0.00
2	6	0.00	0.00	0.54	1.08	0.00
3	3	0.00	0.00	1.03	0.29	0.00
3	7	0.00	0.02	0.79	0.30	0.00
Core	CPU	C1%	C3%	C6%	C8%	C9%
-	-	0.05	0.03	6.03	16.08	0.00
0	0	0.38	0.19	37.08	35.42	0.00
0	4	0.00	0.00	8.52	89.53	0.00
1	1	0.00	0.00	0.64	0.80	0.00
1	5	0.00	0.06	1.05	0.00	0.00
2	2	0.00	0.01	0.29	0.90	0.00
2	6	0.00	0.00	0.10	0.79	0.00
3	3	0.00	0.00	0.28	0.79	0.00
3	7	0.00	0.00	0.26	0.40	0.00
Core	CPU	C1%	C3%	C6%	C8%	C9%
-	-	0.04	0.21	7.46	14.89	0.09
0	0	0.29	1.67	44.51	26.65	0.00
0	4	0.00	0.00	12.12	86.05	0.00
1	1	0.00	0.00	0.47	1.10	0.68
1	5	0.00	0.04	1.23	1.38	0.01
2	2	0.00	0.00	0.44	0.50	0.00
2	6	0.00	0.00	0.42	1.57	0.00
3	3	0.00	0.00	0.20	1.09	0.00
3	7	0.00	0.00	0.29	0.79	0.00
Core	CPU	C1%	C3%	C6%	C8%	C9%
-	-	0.04	0.34	5.92	15.79	0.00
0	0	0.35	2.63	36.46	33.29	0.00
0	4	0.00	0.02	8.26	87.76	0.00
1	1	0.00	0.00	0.38	1.30	0.00
1	5	0.00	0.03	1.05	0.49	0.00
2	2	0.00	0.00	0.37	0.70	0.00
2	6	0.01	0.08	0.45	0.80	0.00
3	3	0.00	0.00	0.32	1.00	0.00
3	7	0.00	0.00	0.10	0.99	0.00
Core	CPU	C1%	C3%	C6%	C8%	C9%
-	-	0.05	0.01	5.91	16.45	0.00
0	0	0.39	0.07	36.30	36.20	0.00
0	4	0.00	0.02	8.38	89.68	0.00
1	1	0.00	0.00	0.12	1.19	0.00
1	5	0.00	0.00	1.18	1.50	0.00
2	2	0.00	0.00	0.66	0.80	0.00
2	6	0.00	0.00	0.15	0.99	0.00
3	3	0.00	0.00	0.31	0.60	0.00
3	7	0.00	0.02	0.19	0.69	0.00
Core	CPU	C1%	C3%	C6%	C8%	C9%
-	-	1.30	0.63	7.52	13.08	0.43
0	0	0.17	2.09	31.02	17.54	2.64
0	4	0.00	0.00	13.56	72.98	0.00
1	1	0.00	0.00	0.28	0.49	0.00
1	5	0.00	0.06	2.03	11.03	0.00
2	2	10.19	2.84	11.43	0.20	0.00
2	6	0.00	0.00	0.49	0.21	0.79
3	3	0.00	0.02	0.39	1.10	0.00
3	7	0.00	0.00	0.97	1.09	0.00
Core	CPU	C1%	C3%	C6%	C8%	C9%
-	-	0.05	0.04	6.16	16.38	0.00
0	0	0.37	0.18	37.18	35.34	0.00
0	4	0.00	0.01	8.78	89.30	0.00
1	1	0.00	0.00	0.58	2.08	0.00
1	5	0.00	0.15	1.03	0.99	0.00
2	2	0.00	0.00	0.45	0.59	0.00
2	6	0.00	0.00	0.64	0.79	0.00
3	3	0.00	0.02	0.29	0.90	0.00
3	7	0.00	0.00	0.29	1.10	0.00
Core	CPU	C1%	C3%	C6%	C8%	C9%
-	-	0.05	0.13	6.72	15.38	0.00
0	0	0.31	0.87	40.67	31.25	0.00
0	4	0.00	0.00	10.59	87.53	0.00
1	1	0.00	0.00	0.19	0.89	0.00
1	5	0.05	0.13	1.30	0.59	0.00
2	2	0.00	0.00	0.25	0.50	0.00
2	6	0.00	0.00	0.23	0.69	0.00
3	3	0.00	0.02	0.29	0.80	0.00
3	7	0.00	0.00	0.19	0.79	0.00
Core	CPU	C1%	C3%	C6%	C8%	C9%
-	-	0.03	0.36	6.61	14.98	0.00
0	0	0.27	2.79	40.29	29.04	0.00
0	4	0.00	0.01	10.14	85.52	0.00
1	1	0.00	0.00	0.29	0.99	0.00
1	5	0.00	0.07	1.06	1.18	0.00
2	2	0.00	0.00	0.25	0.89	0.00
2	6	0.00	0.00	0.42	0.69	0.00
3	3	0.00	0.02	0.29	0.40	0.00
3	7	0.00	0.00	0.10	1.09	0.00
Core	CPU	C1%	C3%	C6%	C8%	C9%
-	-	0.03	0.12	6.76	15.66	0.00
0	0	0.23	0.90	40.12	31.89	0.00
0	4	0.00	0.00	6.11	49.58	0.00
1	1	0.00	0.00	0.32	1.29	0.00
1	5	0.00	0.05	6.11	37.85	0.00
2	2	0.00	0.00	0.55	1.27	0.00
2	6	0.00	0.00	0.28	1.18	0.00
3	3	0.00	0.00	0.35	0.88	0.00
3	7	0.00	0.00	0.23	1.38	0.00
Core	CPU	C1%	C3%	C6%	C8%	C9%
-	-	0.04	0.19	6.18	16.06	0.10
0	0	0.33	1.42	38.65	32.77	0.00
0	4	0.00	0.00	7.73	83.86	0.00
1	1	0.00	0.00	0.41	0.89	0.78
1	5	0.00	0.07	1.00	6.90	0.00
2	2	0.00	0.01	0.49	1.00	0.00
2	6	0.00	0.00	0.38	1.19	0.00
3	3	0.00	0.00	0.28	0.88	0.00
3	7	0.00	0.00	0.46	0.98	0.00
Core	CPU	C1%	C3%	C6%	C8%	C9%
-	-	0.04	0.05	6.23	16.27	0.00
0	0	0.35	0.40	37.60	34.62	0.00
0	4	0.00	0.00	9.07	89.01	0.00
1	1	0.00	0.00	0.58	0.99	0.00
1	5	0.00	0.00	1.34	0.89	0.00
2	2	0.00	0.00	0.34	1.38	0.00
2	6	0.00	0.00	0.23	1.28	0.00
3	3	0.00	0.01	0.39	1.00	0.00
3	7	0.00	0.00	0.29	0.99	0.00
Core	CPU	C1%	C3%	C6%	C8%	C9%
-	-	0.05	0.09	6.63	15.74	0.00
0	0	0.37	0.53	39.34	32.81	0.00
0	4	0.00	0.00	9.09	88.98	0.00
1	1	0.00	0.00	0.29	1.19	0.00
1	5	0.00	0.18	1.66	0.40	0.00
2	2	0.00	0.00	0.56	0.89	0.00
2	6	0.00	0.00	0.34	0.99	0.00
3	3	0.00	0.00	0.83	0.30	0.00
3	7	0.00	0.01	0.89	0.39	0.00
Core	CPU	C1%	C3%	C6%	C8%	C9%
-	-	0.02	0.30	6.84	14.90	0.39
0	0	0.15	2.35	42.71	26.10	0.00
0	4	0.00	0.00	6.38	42.98	0.00
1	1	0.00	0.00	0.34	1.09	0.00
1	5	0.00	0.04	3.82	44.12	0.00
2	2	0.00	0.00	0.30	1.38	0.00
2	6	0.00	0.00	0.52	1.29	3.11
3	3	0.00	0.00	0.37	0.89	0.00
3	7	0.00	0.00	0.31	1.37	0.00
Core	CPU	C1%	C3%	C6%	C8%	C9%
-	-	0.01	0.15	7.38	14.63	0.00
0	0	0.04	1.17	46.69	24.06	0.00
0	4	0.00	0.00	0.87	0.16	0.00
1	1	0.00	0.00	0.42	0.38	0.00
1	5	0.00	0.07	9.79	88.12	0.00
2	2	0.00	0.00	0.32	0.89	0.00
2	6	0.00	0.00	0.31	1.39	0.00
3	3	0.00	0.00	0.19	0.79	0.00
3	7	0.00	0.00	0.41	1.26	0.00
Core	CPU	C1%	C3%	C6%	C8%	C9%
-	-	0.01	0.31	7.83	18.40	0.10
0	0	0.06	2.19	48.46	22.25	0.00
0	4	0.00	0.01	7.27	42.52	0.00
1	1	0.00	0.00	0.98	4.74	0.78
1	5	0.00	0.00	3.97	45.50	0.00
2	2	0.00	0.00	0.25	1.19	0.00
2	6	0.00	0.01	0.54	1.29	0.00
3	3	0.00	0.02	0.29	0.70	0.00
3	7	0.01	0.21	0.86	29.00	0.00
Core	CPU	C1%	C3%	C6%	C8%	C9%
-	-	0.01	0.36	8.93	13.39	0.00
0	0	0.07	2.81	55.41	14.09	0.00
0	4	0.00	0.00	12.06	80.67	0.00
1	1	0.00	0.00	0.19	0.99	0.00
1	5	0.00	0.04	1.66	6.40	0.00
2	2	0.00	0.00	0.24	0.79	0.00
2	6	0.00	0.00	0.53	1.89	0.00
3	3	0.00	0.00	0.70	0.68	0.00
3	7	0.00	0.00	0.68	1.57	0.00
Core	CPU	C1%	C3%	C6%	C8%	C9%
-	-	0.75	0.47	7.95	13.33	0.11
0	0	0.07	1.74	41.97	15.61	0.86
0	4	0.00	0.00	13.50	84.85	0.00
1	1	0.00	0.00	0.20	1.19	0.00
1	5	0.00	0.00	0.40	0.88	0.00
2	2	0.00	0.00	0.46	0.99	0.00
2	6	0.00	0.02	0.67	1.18	0.00
3	3	5.91	2.03	6.08	0.79	0.00
3	7	0.00	0.00	0.30	1.09	0.00
Core	CPU	C1%	C3%	C6%	C8%	C9%
-	-	0.03	0.38	6.80	14.90	0.01
0	0	0.22	2.94	42.02	26.47	0.00
0	4	0.00	0.00	9.21	86.52	0.00
1	1	0.00	0.00	0.34	1.28	0.00
1	5	0.00	0.00	0.23	1.19	0.00
2	2	0.00	0.01	0.39	0.90	0.00
2	6	0.00	0.12	0.60	1.19	0.12
3	3	0.00	0.00	1.37	0.58	0.00
3	7	0.00	0.00	0.26	1.09	0.00
Core	CPU	C1%	C3%	C6%	C8%	C9%
-	-	0.04	0.15	6.58	15.92	0.00
0	0	0.32	1.12	40.55	31.00	0.00
0	4	0.00	0.04	9.82	88.24	0.00
1	1	0.00	0.00	0.30	1.78	0.00
1	5	0.00	0.00	0.38	1.38	0.00
2	2	0.00	0.00	0.39	1.38	0.00
2	6	0.00	0.02	0.55	1.58	0.00
3	3	0.00	0.02	0.39	1.10	0.00
3	7	0.00	0.00	0.29	0.90	0.00
Core	CPU	C1%	C3%	C6%	C8%	C9%
-	-	0.04	0.15	6.19	15.81	0.11
0	0	0.35	1.18	38.60	32.88	0.00
0	4	0.00	0.01	8.86	89.11	0.00
1	1	0.00	0.00	0.29	0.70	0.00
1	5	0.00	0.00	0.64	0.91	0.00
2	2	0.00	0.00	0.35	0.69	0.00
2	6	0.00	0.00	0.64	1.39	0.89
3	3	0.00	0.02	0.10	0.40	0.00
3	7	0.00	0.00	0.00	0.40	0.00
Core	CPU	C1%	C3%	C6%	C8%	C9%
-	-	0.05	0.06	6.27	16.15	0.00
0	0	0.37	0.44	37.82	34.22	0.00
0	4	0.00	0.00	9.39	88.69	0.00
1	1	0.00	0.00	0.72	0.69	0.00
1	5	0.00	0.00	0.70	0.59	0.00
2	2	0.00	0.00	0.20	0.98	0.00
2	6	0.00	0.00	0.49	1.30	0.00
3	3	0.00	0.00	0.55	1.08	0.00
3	7	0.00	0.00	0.30	1.68	0.00
Core	CPU	C1%	C3%	C6%	C8%	C9%
-	-	0.05	0.02	5.92	16.38	0.00
0	0	0.41	0.16	36.44	35.85	0.00
0	4	0.00	0.00	8.53	89.53	0.00
1	1	0.00	0.00	0.35	0.79	0.00
1	5	0.00	0.00	0.24	1.28	0.00
2	2	0.00	0.02	0.39	0.80	0.00
2	6	0.00	0.00	0.64	1.30	0.00
3	3	0.00	0.00	0.24	0.70	0.00
3	7	0.00	0.00	0.52	0.78	0.00
Core	CPU	C1%	C3%	C6%	C8%	C9%
-	-	1.23	0.75	6.49	13.62	0.22
0	0	0.20	2.64	28.39	19.80	1.76
0	4	0.00	0.00	12.80	83.72	0.00
1	1	0.00	0.00	0.19	0.99	0.00
1	5	0.00	0.00	0.27	1.18	0.00
2	2	0.00	0.00	0.35	0.69	0.00
2	6	0.00	0.01	0.36	1.52	0.00
3	3	9.62	3.31	9.24	0.49	0.00
3	7	0.00	0.00	0.28	0.58	0.00
Core	CPU	C1%	C3%	C6%	C8%	C9%
-	-	0.04	0.07	6.42	16.02	0.00
0	0	0.35	0.54	38.12	33.81	0.00
0	4	0.00	0.00	8.80	89.27	0.00
1	1	0.00	0.00	0.58	1.88	0.00
1	5	0.00	0.00	1.02	1.09	0.00
2	2	0.00	0.00	0.37	1.18	0.00
2	6	0.00	0.03	0.83	0.40	0.00
3	3	0.00	0.01	0.82	0.00	0.00
3	7	0.00	0.00	0.79	0.50	0.00
Core	CPU	C1%	C3%	C6%	C8%	C9%
-	-	0.05	0.14	6.21	16.14	0.11
0	0	0.36	1.12	38.19	33.38	0.00
0	4	0.00	0.02	8.81	89.23	0.00
1	1	0.00	0.00	0.19	1.29	0.00
1	5	0.00	0.00	0.78	1.48	0.00
2	2	0.00	0.00	0.36	0.99	0.00
2	6	0.00	0.00	0.64	1.19	0.89
3	3	0.00	0.00	0.53	0.39	0.00
3	7	0.00	0.00	0.19	1.19	0.00
Core	CPU	C1%	C3%	C6%	C8%	C9%
-	-	0.05	0.02	6.14	16.36	0.00
0	0	0.38	0.10	36.24	36.15	0.00
0	4	0.00	0.00	8.80	89.21	0.00
1	1	0.00	0.00	0.92	0.39	0.00
1	5	0.00	0.03	0.95	0.41	0.00
2	2	0.00	0.00	0.19	1.09	0.00
2	6	0.00	0.00	0.57	1.30	0.00
3	3	0.00	0.00	0.54	1.29	0.00
3	7	0.00	0.00	0.90	1.02	0.00
Core	CPU	C1%	C3%	C6%	C8%	C9%
-	-	0.06	0.06	6.24	16.23	0.00
0	0	0.47	0.50	38.40	33.50	0.00
0	4	0.00	0.00	8.94	89.13	0.00
1	1	0.00	0.00	0.36	1.27	0.00
1	5	0.00	0.00	0.24	1.19	0.00
2	2	0.00	0.00	0.32	1.00	0.00
2	6	0.00	0.00	0.31	1.49	0.00
3	3	0.00	0.00	0.99	1.57	0.00
3	7	0.00	0.01	0.36	0.69	0.00
Core	CPU	C1%	C3%	C6%	C8%	C9%
-	-	0.04	0.18	6.15	15.70	0.01
0	0	0.35	1.48	38.77	30.51	0.00
0	4	0.00	0.00	7.73	87.65	0.00
1	1	0.00	0.00	0.28	0.89	0.00
1	5	0.00	0.00	0.65	1.77	0.00
2	2	0.00	0.00	0.24	1.19	0.00
2	6	0.00	0.00	0.54	1.58	0.11
3	3	0.00	0.00	0.19	1.10	0.00
3	7	0.00	0.00	0.78	0.88	0.00
Core	CPU	C1%	C3%	C6%	C8%	C9%
-	-	0.05	0.01	5.87	16.64	0.00
0	0	0.39	0.06	36.20	36.20	0.00
0	4	0.00	0.00	8.65	89.38	0.00
1	1	0.00	0.00	0.20	1.09	0.00
1	5	0.00	0.00	0.29	1.29	0.00
2	2	0.00	0.00	0.32	1.18	0.00
2	6	0.00	0.01	0.75	1.58	0.00
3	3	0.00	0.00	0.23	0.90	0.00
3	7	0.00	0.00	0.29	1.50	0.00
Core	CPU	C1%	C3%	C6%	C8%	C9%
-	-	0.05	0.18	6.49	15.54	0.00
0	0	0.38	1.42	39.53	31.71	0.00
0	4	0.00	0.00	9.72	87.97	0.00
1	1	0.00	0.00	0.24	0.89	0.00
1	5	0.00	0.00	0.32	0.89	0.00
2	2	0.00	0.00	0.10	0.60	0.00
2	6	0.00	0.01	1.18	0.79	0.00
3	3	0.00	0.00	0.37	0.89	0.00
3	7	0.00	0.00	0.45	0.59	0.00
Core	CPU	C1%	C3%	C6%	C8%	C9%
-	-	0.64	0.29	6.22	15.16	0.06
0	0	0.42	0.70	32.74	27.29	0.51
0	4	0.00	0.00	6.85	58.07	0.00
1	1	4.73	1.61	4.80	0.40	0.00
1	5	0.00	0.03	2.95	31.56	0.00
2	2	0.00	0.01	0.39	0.80	0.00
2	6	0.00	0.01	1.26	0.98	0.00
3	3	0.00	0.00	0.55	1.49	0.00
3	7	0.00	0.00	0.25	0.68	0.00
Core	CPU	C1%	C3%	C6%	C8%	C9%
-	-	0.05	0.09	6.30	16.15	0.00
0	0	0.38	0.60	38.28	33.54	0.00
0	4	0.00	0.00	7.97	86.00	0.00
1	1	0.00	0.00	0.57	0.70	0.00
1	5	0.00	0.04	1.69	5.43	0.00
2	2	0.00	0.00	0.35	0.78	0.00
2	6	0.00	0.08	0.85	0.60	0.00
3	3	0.00	0.00	0.09	1.09	0.00
3	7	0.00	0.00	0.57	1.09	0.00
Core	CPU	C1%	C3%	C6%	C8%	C9%
-	-	0.45	0.72	7.77	12.83	0.49
0	0	0.11	4.09	40.70	16.39	0.48
0	4	0.00	0.00	13.89	81.97	0.00
1	1	0.00	0.00	0.19	0.99	0.00
1	5	0.00	0.00	0.32	0.99	0.00
2	2	0.00	0.00	0.88	0.29	0.00
2	6	0.01	0.11	1.13	0.59	3.46
3	3	3.45	1.58	4.84	0.60	0.00
3	7	0.00	0.00	0.24	0.79	0.00
Core	CPU	C1%	C3%	C6%	C8%	C9%
-	-	0.67	0.58	8.33	13.36	0.14
0	0	0.05	2.97	45.32	13.73	1.11
0	4	0.00	0.00	13.04	85.31	0.00
1	1	0.00	0.00	0.81	1.78	0.00
1	5	0.00	0.00	0.19	1.39	0.00
2	2	0.00	0.00	0.68	1.49	0.00
2	6	0.00	0.00	0.80	1.48	0.00
3	3	5.32	1.65	5.32	0.20	0.00
3	7	0.00	0.00	0.48	1.48	0.00
Core	CPU	C1%	C3%	C6%	C8%	C9%
-	-	0.11	0.37	8.08	14.46	0.00
0	0	0.12	2.89	48.22	22.26	0.00
0	4	0.00	0.00	8.33	41.45	0.00
1	1	0.68	0.00	1.41	2.28	0.00
1	5	0.06	0.01	4.00	46.03	0.00
2	2	0.00	0.04	0.76	1.29	0.00
2	6	0.00	0.04	0.89	1.17	0.00
3	3	0.00	0.00	0.38	0.69	0.00
3	7	0.00	0.00	0.63	0.49	0.00
Core	CPU	C1%	C3%	C6%	C8%	C9%
-	-	0.01	0.32	8.42	13.90	0.00
0	0	0.08	2.45	49.69	19.59	0.00
0	4	0.00	0.00	12.79	81.18	0.00
1	1	0.00	0.01	0.47	1.28	0.00
1	5	0.00	0.00	1.82	5.13	0.00
2	2	0.00	0.00	0.73	0.69	0.00
2	6	0.00	0.06	1.17	0.88	0.00
3	3	0.00	0.00	0.39	1.29	0.00
3	7	0.00	0.00	0.28	1.19	0.00
Core	CPU	C1%	C3%	C6%	C8%	C9%
-	-	0.01	0.37	8.38	17.65	0.00
0	0	0.08	2.75	51.55	18.43	0.00
0	4	0.00	0.00	11.34	86.91	0.00
1	1	0.00	0.01	1.04	1.98	0.00
1	5	0.00	0.00	0.39	1.29	0.00
2	2	0.00	0.00	0.37	0.79	0.00
2	6	0.00	0.00	1.25	1.09	0.00
3	3	0.00	0.00	0.23	1.00	0.00
3	7	0.01	0.19	0.85	29.74	0.00
Core	CPU	C1%	C3%	C6%	C8%	C9%
-	-	0.01	0.68	8.89	12.79	0.43
0	0	0.09	5.43	51.43	14.94	0.00
0	4	0.00	0.00	15.89	80.01	0.00
1	1	0.00	0.00	0.92	1.05	0.00
1	5	0.00	0.02	0.66	1.68	0.00
2	2	0.00	0.00	0.10	1.09	0.00
2	6	0.00	0.00	0.99	2.67	3.40
3	3	0.00	0.00	0.36	0.59	0.00
3	7	0.00	0.00	0.74	0.30	0.00
Core	CPU	C1%	C3%	C6%	C8%	C9%
-	-	0.01	0.73	10.16	11.92	0.00
0	0	0.05	5.73	59.29	7.77	0.00
0	4	0.00	0.00	18.21	80.09	0.00
1	1	0.00	0.03	1.27	2.94	0.00
1	5	0.00	0.04	0.67	0.00	0.00
2	2	0.00	0.03	0.50	0.89	0.00
2	6	0.00	0.00	0.38	0.69	0.00
3	3	0.00	0.00	0.56	1.29	0.00
3	7	0.00	0.01	0.43	1.68	0.00
Core	CPU	C1%	C3%	C6%	C8%	C9%
-	-	0.01	0.32	7.44	14.79	0.00
0	0	0.09	2.56	47.68	21.37	0.00
0	4	0.00	0.00	8.26	89.78	0.00
1	1	0.00	0.00	0.65	3.04	0.00
1	5	0.00	0.00	1.15	0.88	0.00
2	2	0.00	0.00	0.65	0.69	0.00
2	6	0.00	0.00	0.10	0.99	0.00
3	3	0.00	0.00	0.19	0.79	0.00
3	7	0.00	0.00	0.84	0.80	0.00
Core	CPU	C1%	C3%	C6%	C8%	C9%
-	-	0.01	0.10	6.77	15.23	0.00
0	0	0.11	0.76	45.19	25.38	0.00
0	4	0.00	0.02	3.76	46.36	0.00
1	1	0.00	0.00	0.59	0.50	0.00
1	5	0.00	0.00	2.98	46.00	0.00
2	2	0.00	0.04	0.76	1.27	0.00
2	6	0.00	0.00	0.34	1.19	0.00
3	3	0.00	0.00	0.32	0.90	0.00
3	7	0.00	0.00	0.19	0.31	0.00
Core	CPU	C1%	C3%	C6%	C8%	C9%
-	-	0.01	0.14	6.75	15.58	0.00
0	0	0.11	1.07	45.87	25.06	0.00
0	4	0.00	0.00	0.83	0.11	0.00
1	1	0.00	0.00	0.71	2.47	0.00
1	5	0.00	0.00	5.19	92.97	0.00
2	2	0.00	0.00	0.19	0.99	0.00
2	6	0.00	0.02	0.67	0.99	0.00
3	3	0.00	0.00	0.25	0.98	0.00
3	7	0.00	0.00	0.24	1.08	0.00
Core	CPU	C1%	C3%	C6%	C8%	C9%
-	-	0.04	0.41	6.93	15.06	3.18
0	0	0.29	3.23	43.51	25.26	0.00
0	4	0.00	0.00	1.45	0.10	25.38
1	1	0.00	0.00	6.08	76.41	0.00
1	5	0.01	0.00	1.39	14.18	0.08
2	2	0.00	0.01	0.69	0.30	0.00
2	6	0.00	0.02	0.68	1.67	0.00
3	3	0.00	0.00	0.68	1.18	0.00
3	7	0.00	0.00	0.98	1.37	0.00
Core	CPU	C1%	C3%	C6%	C8%	C9%
-	-	0.05	0.06	6.42	16.17	0.00
0	0	0.36	0.48	38.44	34.07	0.00
0	4	0.00	0.00	0.89	0.11	0.00
1	1	0.00	0.00	9.02	89.17	0.00
1	5	0.00	0.00	1.50	0.70	0.00
2	2	0.00	0.02	0.45	2.46	0.00
2	6	0.00	0.00	0.31	0.80	0.00
3	3	0.00	0.00	0.20	0.90	0.00
3	7	0.00	0.00	0.57	1.19	0.00
Core	CPU	C1%	C3%	C6%	C8%	C9%
-	-	0.03	0.15	6.25	15.79	0.00
0	0	0.26	1.15	38.05	33.44	0.00
0	4	0.00	0.00	7.82	86.85	0.00
1	1	0.00	0.01	0.87	3.35	0.00
1	5	0.00	0.00	0.20	0.99	0.00
2	2	0.00	0.01	0.99	0.47	0.00
2	6	0.00	0.00	0.45	0.69	0.00
3	3	0.00	0.00	0.54	0.00	0.00
3	7	0.00	0.02	1.09	0.50	0.00
Core	CPU	C1%	C3%	C6%	C8%	C9%
-	-	0.03	0.03	6.09	16.23	0.00
0	0	0.26	0.21	36.84	35.42	0.00
0	4	0.00	0.00	9.29	88.79	0.00
1	1	0.00	0.00	0.34	1.19	0.00
1	5	0.00	0.00	0.23	1.19	0.00
2	2	0.00	0.00	0.71	0.69	0.00
2	6	0.00	0.00	0.31	1.09	0.00
3	3	0.00	0.00	0.58	0.69	0.00
3	7	0.00	0.00	0.41	0.79	0.00
Core	CPU	C1%	C3%	C6%	C8%	C9%
-	-	0.03	0.09	6.22	15.77	0.00
0	0	0.22	0.67	39.51	32.44	0.00
0	4	0.00	0.00	6.93	77.85	0.00
1	1	0.00	0.00	0.19	1.28	0.00
1	5	0.00	0.00	0.37	0.69	0.00
2	2	0.00	0.00	0.15	0.40	0.00
2	6	0.00	0.01	1.77	12.59	0.00
3	3	0.00	0.01	0.29	0.30	0.00
3	7	0.00	0.00	0.58	0.59	0.00
Core	CPU	C1%	C3%	C6%	C8%	C9%
-	-	0.02	0.34	6.57	15.11	0.00
0	0	0.20	2.70	38.49	30.68	0.00
0	4	0.00	0.00	10.40	85.58	0.00
1	1	0.00	0.00	0.22	0.89	0.00
1	5	0.00	0.00	1.05	1.48	0.00
2	2	0.00	0.00	0.66	0.49	0.00
2	6	0.00	0.00	0.56	1.30	0.00
3	3	0.00	0.00	0.63	0.29	0.00
3	7	0.00	0.01	0.56	0.20	0.00
Core	CPU	C1%	C3%	C6%	C8%	C9%
-	-	0.04	0.01	5.83	16.47	0.00
0	0	0.29	0.06	36.14	36.26	0.00
0	4	0.00	0.00	7.48	87.45	0.00
1	1	0.00	0.00	0.38	1.10	0.00
1	5	0.00	0.00	0.36	1.19	0.00
2	2	0.00	0.00	0.34	0.99	0.00
2	6	0.00	0.01	0.97	3.77	0.00
3	3	0.00	0.01	0.29	0.60	0.00
3	7	0.00	0.00	0.70	0.39	0.00
Core	CPU	C1%	C3%	C6%	C8%	C9%
-	-	0.02	0.45	7.80	14.63	0.11
0	0	0.15	3.61	46.42	22.90	0.00
0	4	0.00	0.00	11.71	86.51	0.00
1	1	0.00	0.00	0.20	1.09	0.00
1	5	0.00	0.00	0.35	1.48	0.00
2	2	0.00	0.03	1.03	2.20	0.89
2	6	0.00	0.00	0.53	1.39	0.00
3	3	0.00	0.00	1.02	1.09	0.00
3	7	0.00	0.00	1.18	0.40	0.00
Core	CPU	C1%	C3%	C6%	C8%	C9%
-	-	0.04	0.19	6.77	15.26	0.00
0	0	0.23	1.45	41.87	29.33	0.00
0	4	0.00	0.00	9.58	88.55	0.00
1	1	0.00	0.00	0.14	0.59	0.00
1	5	0.00	0.03	0.19	0.69	0.00
2	2	0.05	0.01	1.14	0.00	0.00
2	6	0.00	0.03	0.49	1.37	0.00
3	3	0.00	0.00	0.37	0.69	0.00
3	7	0.00	0.00	0.41	0.87	0.00
Core	CPU	C1%	C3%	C6%	C8%	C9%
-	-	0.04	0.05	6.17	16.33	0.00
0	0	0.36	0.36	37.65	34.76	0.00
0	4	0.00	0.00	2.50	27.76	0.00
1	1	0.00	0.00	0.35	1.39	0.00
1	5	0.00	0.00	1.14	1.39	0.00
2	2	0.00	0.03	0.80	0.60	0.00
2	6	0.00	0.00	6.23	63.03	0.00
3	3	0.00	0.00	0.19	1.00	0.00
3	7	0.00	0.00	0.47	0.69	0.00
Core	CPU	C1%	C3%	C6%	C8%	C9%
-	-	0.03	0.63	7.54	13.66	1.31
0	0	0.23	5.00	47.74	19.70	0.00
0	4	0.00	0.00	5.48	25.85	10.49
1	1	0.00	0.00	0.19	0.98	0.00
1	5	0.01	0.00	0.27	0.79	0.00
2	2	0.00	0.00	0.25	0.89	0.00
2	6	0.00	0.01	5.77	59.75	0.00
3	3	0.00	0.01	0.30	0.59	0.00
3	7	0.00	0.00	0.29	0.69	0.00
Core	CPU	C1%	C3%	C6%	C8%	C9%
-	-	0.03	0.53	7.96	13.81	7.16
0	0	0.20	4.17	53.37	15.73	0.00
0	4	0.00	0.00	0.51	0.20	57.26
1	1	0.00	0.00	0.23	1.29	0.00
1	5	0.00	0.00	0.20	0.89	0.00
2	2	0.00	0.00	0.37	0.59	0.00
2	6	0.00	0.01	7.36	91.00	0.00
3	3	0.00	0.00	0.73	0.19	0.00
3	7	0.00	0.05	0.94	0.59	0.00
Core	CPU	C1%	C3%	C6%	C8%	C9%
-	-	2.09	0.84	8.02	14.16	0.05
0	0	0.71	2.37	33.98	19.19	0.37
0	4	0.00	0.00	7.28	23.22	0.00
1	1	10.64	2.92	10.67	3.25	0.00
1	5	0.00	0.02	0.19	1.09	0.00
2	2	0.10	0.00	0.29	0.79	0.00
2	6	0.00	0.00	4.56	64.80	0.00
3	3	0.00	0.00	0.35	0.70	0.00
3	7	5.29	1.39	6.83	0.20	0.00
Core	CPU	C1%	C3%	C6%	C8%	C9%
-	-	0.03	0.06	6.51	15.82	0.00
0	0	0.25	0.50	38.13	33.82	0.00
0	4	0.00	0.00	9.84	88.28	0.00
1	1	0.00	0.00	0.46	0.98	0.00
1	5	0.00	0.00	0.75	0.98	0.00
2	2	0.00	0.00	0.86	0.00	0.00
2	6	0.00	0.01	1.21	1.79	0.00
3	3	0.00	0.00	0.30	0.69	0.00
3	7	0.00	0.00	0.57	0.01	0.00
Core	CPU	C1%	C3%	C6%	C8%	C9%
-	-	0.03	0.05	6.10	16.35	0.00
0	0	0.26	0.39	37.19	34.84	0.00
0	4	0.00	0.01	9.28	88.80	0.00
1	1	0.00	0.00	0.19	1.07	0.00
1	5	0.00	0.00	0.28	0.89	0.00
2	2	0.00	0.00	0.45	0.99	0.00
2	6	0.00	0.00	0.64	1.48	0.00
3	3	0.00	0.02	0.40	1.19	0.00
3	7	0.00	0.00	0.39	1.57	0.00
Core	CPU	C1%	C3%	C6%	C8%	C9%
-	-	0.03	0.31	6.34	15.60	0.12
0	0	0.26	2.46	39.31	30.30	0.00
0	4	0.00	0.01	5.23	35.53	0.00
1	1	0.00	0.00	0.30	1.68	0.00
1	5	0.00	0.00	0.32	1.19	0.96
2	2	0.00	0.00	0.36	1.38	0.00
2	6	0.00	0.00	4.69	52.05	0.00
3	3	0.00	0.02	0.29	1.10	0.00
3	7	0.00	0.00	0.20	1.58	0.00
Core	CPU	C1%	C3%	C6%	C8%	C9%
-	-	1.19	0.67	7.57	17.58	4.59
0	0	0.13	2.18	37.55	14.92	0.00
0	4	0.00	0.00	0.54	0.10	36.76
1	1	9.37	3.09	13.05	2.07	0.00
1	5	0.00	0.02	0.89	0.39	0.00
2	2	0.00	0.02	0.38	1.19	0.00
2	6	0.00	0.02	6.88	91.50	0.00
3	3	0.00	0.00	0.36	0.69	0.00
3	7	0.01	0.07	0.93	29.73	0.00
Core	CPU	C1%	C3%	C6%	C8%	C9%
-	-	0.03	0.19	6.49	15.76	0.00
0	0	0.27	1.51	39.09	32.44	0.00
0	4	0.00	0.00	0.88	0.00	0.00
1	1	0.00	0.00	0.45	0.89	0.00
1	5	0.00	0.00	0.99	0.89	0.00
2	2	0.00	0.00	0.40	0.99	0.00
2	6	0.00	0.01	8.95	89.03	0.00
3	3	0.00	0.00	0.30	1.08	0.00
3	7	0.00	0.00	0.86	0.79	0.00
Core	CPU	C1%	C3%	C6%	C8%	C9%
-	-	0.05	0.03	6.02	16.16	0.00
0	0	0.39	0.19	36.82	35.52	0.00
0	4	0.00	0.00	8.32	87.01	0.00
1	1	0.00	0.00	0.19	0.99	0.00
1	5	0.00	0.00	0.37	0.79	0.00
2	2	0.00	0.00	0.74	0.29	0.00
2	6	0.00	0.01	1.26	3.47	0.00
3	3	0.00	0.01	0.20	0.40	0.00
3	7	0.00	0.00	0.29	0.79	0.00
Core	CPU	C1%	C3%	C6%	C8%	C9%
-	-	0.05	0.04	6.23	16.29	0.00
0	0	0.40	0.26	37.09	35.16	0.00
0	4	0.00	0.00	9.04	89.02	0.00
1	1	0.00	0.00	0.20	1.10	0.00
1	5	0.00	0.00	0.19	0.99	0.00
2	2	0.00	0.04	0.85	1.59	0.00
2	6	0.00	0.00	0.44	1.39	0.00
3	3	0.00	0.00	1.02	0.40	0.00
3	7	0.00	0.01	0.99	0.69	0.00
Core	CPU	C1%	C3%	C6%	C8%	C9%
-	-	0.04	0.25	6.75	15.07	0.00
0	0	0.31	1.95	39.83	29.01	0.00
0	4	0.00	0.02	11.01	83.68	0.00
1	1	0.00	0.00	0.34	1.10	0.00
1	5	0.00	0.00	0.45	1.22	0.00
2	2	0.00	0.00	0.76	0.99	0.00
2	6	0.00	0.00	0.83	1.67	0.00
3	3	0.00	0.00	0.47	1.48	0.00
3	7	0.00	0.00	0.34	1.38	0.00
Core	CPU	C1%	C3%	C6%	C8%	C9%
-	-	0.05	0.05	6.31	16.11	0.00
0	0	0.41	0.35	37.43	34.69	0.00
0	4	0.00	0.00	9.54	88.59	0.00
1	1	0.00	0.00	0.27	0.99	0.00
1	5	0.00	0.00	1.01	0.79	0.00
2	2	0.00	0.00	0.23	1.19	0.00
2	6	0.00	0.02	0.51	1.39	0.00
3	3	0.00	0.00	0.69	0.70	0.00
3	7	0.00	0.00	0.78	0.59	0.00
Core	CPU	C1%	C3%	C6%	C8%	C9%
-	-	0.05	0.20	6.18	15.93	0.00
0	0	0.37	1.56	38.91	32.13	0.00
0	4	0.00	0.02	8.64	89.28	0.00
1	1	0.00	0.00	0.10	1.19	0.00
1	5	0.00	0.01	0.38	0.89	0.00
2	2	0.00	0.00	0.37	1.28	0.00
2	6	0.00	0.00	0.57	1.00	0.00
3	3	0.00	0.00	0.32	1.19	0.00
3	7	0.00	0.00	0.10	0.50	0.00
Core	CPU	C1%	C3%	C6%	C8%	C9%
-	-	0.05	0.02	5.91	16.14	0.00
0	0	0.41	0.17	36.87	35.47	0.00
0	4	0.00	0.01	8.34	89.71	0.00
1	1	0.00	0.00	0.09	0.40	0.00
1	5	0.00	0.00	0.37	0.60	0.00
2	2	0.00	0.00	0.35	0.99	0.00
2	6	0.00	0.00	0.65	1.10	0.00
3	3	0.00	0.02	0.19	0.20	0.00
3	7	0.00	0.00	0.39	0.68	0.00
Core	CPU	C1%	C3%	C6%	C8%	C9%
-	-	0.06	0.09	6.41	15.74	0.00
0	0	0.45	0.71	39.26	32.47	0.00
0	4	0.00	0.03	10.16	87.93	0.00
1	1	0.00	0.00	0.29	1.19	0.00
1	5	0.00	0.00	0.27	1.09	0.00
2	2	0.00	0.00	0.25	0.89	0.00
2	6	0.00	0.00	0.55	1.30	0.00
3	3	0.00	0.02	0.29	0.31	0.00
3	7	0.00	0.00	0.19	0.79	0.00
Core	CPU	C1%	C3%	C6%	C8%	C9%
-	-	0.05	0.24	5.93	15.85	0.00
0	0	0.36	1.92	36.65	32.96	0.00
0	4	0.00	0.00	8.51	86.96	0.00
1	1	0.00	0.00	0.10	0.99	0.00
1	5	0.01	0.00	0.68	1.68	0.01
2	2	0.00	0.00	0.57	1.46	0.00
2	6	0.00	0.00	0.58	1.08	0.00
3	3	0.00	0.00	0.14	0.49	0.00
3	7	0.00	0.03	0.20	1.18	0.00
Core	CPU	C1%	C3%	C6%	C8%	C9%
-	-	0.05	0.05	6.12	16.38	0.00
0	0	0.39	0.36	37.38	34.75	0.00
0	4	0.00	0.00	8.91	89.22	0.00
1	1	0.00	0.00	0.25	0.99	0.00
1	5	0.00	0.00	0.31	1.09	0.00
2	2	0.00	0.01	0.52	1.20	0.00
2	6	0.00	0.00	0.50	1.78	0.00
3	3	0.00	0.00	0.27	0.89	0.00
3	7	0.00	0.00	0.84	1.08	0.00
Core	CPU	C1%	C3%	C6%	C8%	C9%
-	-	0.05	0.18	6.32	15.91	0.00
0	0	0.36	1.42	38.55	32.67	0.00
0	4	0.00	0.00	9.86	88.27	0.00
1	1	0.00	0.00	0.26	1.18	0.00
1	5	0.00	0.00	0.24	1.00	0.00
2	2	0.00	0.03	0.49	0.69	0.00
2	6	0.00	0.00	0.41	1.38	0.00
3	3	0.00	0.00	0.28	1.20	0.00
3	7	0.00	0.00	0.47	0.89	0.00
Core	CPU	C1%	C3%	C6%	C8%	C9%
-	-	0.73	0.37	6.95	14.40	0.27
0	0	0.24	0.96	32.07	25.13	2.16
0	4	0.00	0.01	13.54	84.77	0.00
1	1	0.00	0.00	0.19	0.90	0.00
1	5	0.00	0.03	0.34	0.89	0.00
2	2	0.00	0.00	0.25	0.80	0.00
2	6	5.58	1.92	8.62	1.29	0.00
3	3	0.00	0.02	0.20	0.31	0.00
3	7	0.00	0.01	0.38	1.09	0.00
Core	CPU	C1%	C3%	C6%	C8%	C9%
-	-	0.04	0.15	6.73	15.68	0.00
0	0	0.35	1.14	39.87	31.51	0.00
0	4	0.00	0.00	9.83	88.30	0.00
1	1	0.00	0.02	0.20	1.67	0.00
1	5	0.00	0.00	1.21	1.00	0.00
2	2	0.00	0.00	0.41	0.99	0.00
2	6	0.00	0.01	1.22	0.38	0.00
3	3	0.00	0.00	0.35	0.99	0.00
3	7	0.00	0.00	0.73	0.60	0.00
Core	CPU	C1%	C3%	C6%	C8%	C9%
-	-	0.33	0.43	6.09	15.53	0.57
0	0	0.33	2.34	33.55	29.39	1.10
0	4	0.00	0.00	9.25	86.47	0.00
1	1	0.00	0.00	0.43	2.65	0.00
1	5	0.01	0.00	0.42	1.30	3.45
2	2	0.00	0.01	0.20	1.38	0.00
2	6	2.26	1.05	4.14	0.79	0.00
3	3	0.00	0.00	0.47	1.08	0.00
3	7	0.00	0.00	0.25	1.18	0.00
Core	CPU	C1%	C3%	C6%	C8%	C9%
-	-	0.05	0.02	5.92	16.49	0.00
0	0	0.41	0.15	36.51	35.72	0.00
0	4	0.00	0.00	8.30	89.73	0.00
1	1	0.00	0.00	0.67	0.69	0.00
1	5	0.00	0.00	0.37	1.27	0.00
2	2	0.00	0.00	0.75	1.20	0.00
2	6	0.00	0.00	0.23	1.19	0.00
3	3	0.00	0.00	0.20	1.19	0.00
3	7	0.00	0.00	0.29	0.89	0.00
Core	CPU	C1%	C3%	C6%	C8%	C9%
-	-	0.05	0.17	6.49	15.89	0.00
0	0	0.39	1.23	37.68	32.28	0.02
0	4	0.00	0.10	8.01	38.96	0.00
1	1	0.00	0.00	0.27	1.09	0.00
1	5	0.00	0.04	0.28	1.39	0.00
2	2	0.00	0.00	0.42	0.99	0.00
2	6	0.00	0.00	4.85	50.45	0.00
3	3	0.00	0.00	0.23	1.09	0.00
3	7	0.00	0.00	0.20	0.89	0.00
Core	CPU	C1%	C3%	C6%	C8%	C9%
-	-	0.03	0.15	6.81	15.79	3.32
0	0	0.27	1.17	41.22	30.58	0.00
0	4	0.00	0.02	4.03	23.37	26.57
1	1	0.00	0.00	0.50	0.79	0.00
1	5	0.00	0.02	1.48	2.10	0.00
2	2	0.00	0.00	0.86	1.08	0.00
2	6	0.00	0.00	5.77	65.92	0.00
3	3	0.00	0.00	0.58	1.49	0.00
3	7	0.00	0.00	0.10	0.99	0.00
Core	CPU	C1%	C3%	C6%	C8%	C9%
-	-	0.03	0.17	6.63	15.64	0.00
0	0	0.27	1.35	41.38	30.10	0.00
0	4	0.00	0.00	4.80	42.33	0.00
1	1	0.00	0.00	0.14	1.58	0.00
1	5	0.00	0.00	0.39	1.48	0.00
2	2	0.00	0.00	0.30	1.29	0.00
2	6	0.00	0.01	5.05	47.35	0.00
3	3	0.00	0.00	0.86	0.49	0.00
3	7	0.00	0.00	0.15	0.49	0.00
Core	CPU	C1%	C3%	C6%	C8%	C9%
-	-	0.05	0.27	5.90	15.48	0.00
0	0	0.30	2.13	36.97	32.69	0.00
0	4	0.00	0.00	4.24	50.86	0.00
1	1	0.00	0.00	0.16	0.79	0.00
1	5	0.00	0.00	0.34	0.90	0.01
2	2	0.10	0.00	0.53	0.00	0.00
2	6	0.00	0.01	4.17	37.02	0.00
3	3	0.00	0.00	0.39	0.78	0.00
3	7	0.00	0.00	0.38	0.79	0.00
Core	CPU	C1%	C3%	C6%	C8%	C9%
-	-	0.04	0.17	6.64	15.60	2.68
0	0	0.28	1.26	41.91	29.59	0.00
0	4	0.00	0.04	6.29	55.47	21.48
1	1	0.00	0.00	0.54	2.58	0.00
1	5	0.00	0.04	2.76	34.75	0.00
2	2	0.00	0.00	0.73	0.60	0.00
2	6	0.00	0.00	0.38	0.89	0.00
3	3	0.00	0.02	0.19	0.30	0.00
3	7	0.00	0.00	0.30	0.59	0.00
Core	CPU	C1%	C3%	C6%	C8%	C9%
-	-	0.03	0.21	6.56	15.56	0.00
0	0	0.22	1.59	39.32	32.11	0.00
0	4	0.00	0.00	0.73	0.00	0.00
1	1	0.00	0.02	0.67	1.28	0.00
1	5	0.00	0.09	10.34	87.62	0.00
2	2	0.00	0.00	0.18	0.99	0.00
2	6	0.00	0.00	0.59	0.89	0.00
3	3	0.00	0.00	0.25	0.89	0.00
3	7	0.00	0.00	0.43	0.69	0.00
Core	CPU	C1%	C3%	C6%	C8%	C9%
-	-	0.02	0.37	7.54	18.52	6.87
0	0	0.14	2.76	49.85	21.16	0.00
0	4	0.00	0.00	0.87	0.00	54.98
1	1	0.00	0.00	0.59	3.46	0.00
1	5	0.00	0.07	6.84	91.44	0.00
2	2	0.00	0.01	0.39	0.79	0.00
2	6	0.00	0.01	0.50	1.39	0.00
3	3	0.00	0.00	0.28	0.88	0.00
3	7	0.01	0.11	0.97	29.01	0.00
Core	CPU	C1%	C3%	C6%	C8%	C9%
-	-	0.03	0.11	6.39	15.80	0.97
0	0	0.25	0.80	39.73	32.39	0.00
0	4	0.00	0.00	0.69	0.00	7.78
1	1	0.00	0.00	0.28	1.29	0.00
1	5	0.00	0.04	8.86	89.29	0.00
2	2	0.03	0.02	0.33	1.06	0.00
2	6	0.00	0.00	0.24	0.69	0.00
3	3	0.00	0.00	0.10	0.99	0.00
3	7	0.00	0.00	0.88	0.70	0.00
Core	CPU	C1%	C3%	C6%	C8%	C9%
-	-	0.02	0.50	7.41	14.12	3.85
0	0	0.17	3.76	47.37	20.40	0.00
0	4	0.00	0.03	6.43	57.42	28.35
1	1	0.00	0.00	0.14	1.49	0.00
1	5	0.00	0.23	2.71	29.53	2.48
2	2	0.00	0.00	0.97	0.49	0.00
2	6	0.00	0.01	1.17	1.36	0.00
3	3	0.00	0.00	0.23	1.09	0.00
3	7	0.00	0.00	0.29	1.19	0.00
Core	CPU	C1%	C3%	C6%	C8%	C9%
-	-	0.02	0.21	7.55	14.83	0.00
0	0	0.19	1.64	45.79	24.88	0.00
0	4	0.00	0.00	11.12	87.03	0.00
1	1	0.00	0.00	0.24	0.69	0.00
1	5	0.00	0.03	1.61	1.48	0.00
2	2	0.00	0.00	0.21	1.18	0.00
2	6	0.00	0.01	0.89	1.71	0.00
3	3	0.00	0.00	0.37	0.59	0.00
3	7	0.00	0.00	0.15	1.08	0.00
Core	CPU	C1%	C3%	C6%	C8%	C9%
-	-	0.03	0.24	6.97	15.14	0.11
0	0	0.25	1.93	42.51	28.24	0.00
0	4	0.00	0.00	10.79	87.32	0.00
1	1	0.00	0.00	0.22	1.08	0.88
1	5	0.00	0.00	0.33	0.79	0.00
2	2	0.00	0.00	0.35	0.80	0.00
2	6	0.00	0.00	1.01	0.59	0.00
3	3	0.00	0.00	0.28	1.08	0.00
3	7	0.00	0.00	0.25	1.18	0.00
Core	CPU	C1%	C3%	C6%	C8%	C9%
-	-	0.02	0.35	8.55	13.44	0.00
0	0	0.17	2.79	53.01	17.10	0.00
0	4	0.00	0.00	13.17	85.08	0.00
1	1	0.00	0.00	0.24	0.30	0.00
1	5	0.00	0.00	0.32	1.18	0.00
2	2	0.00	0.00	0.49	0.72	0.00
2	6	0.00	0.00	0.29	0.70	0.00
3	3	0.00	0.00	0.46	1.29	0.00
3	7	0.00	0.00	0.44	1.19	0.00
Core	CPU	C1%	C3%	C6%	C8%	C9%
-	-	0.02	0.24	7.61	14.58	0.00
0	0	0.15	1.88	46.76	24.38	0.00
0	4	0.00	0.00	6.77	37.09	0.00
1	1	0.00	0.00	0.47	1.28	0.00
1	5	0.00	0.03	5.61	49.91	0.00
2	2	0.00	0.00	0.45	1.11	0.00
2	6	0.00	0.02	0.28	1.19	0.00
3	3	0.00	0.00	0.19	0.99	0.00
3	7	0.00	0.00	0.38	0.69	0.00
Core	CPU	C1%	C3%	C6%	C8%	C9%
-	-	2.98	1.08	6.38	12.78	3.38
0	0	0.03	1.41	20.26	9.24	0.00
0	4	0.00	0.00	0.69	0.40	24.30
1	1	23.79	7.14	23.29	0.30	0.00
1	5	0.00	0.03	5.71	90.25	0.00
2	2	0.00	0.00	0.25	0.29	0.00
2	6	0.00	0.01	0.59	0.46	2.76
3	3	0.00	0.02	0.19	0.70	0.00
3	7	0.00	0.00	0.09	0.59	0.00
Core	CPU	C1%	C3%	C6%	C8%	C9%
-	-	0.03	0.01	5.97	16.32	0.00
0	0	0.27	0.06	36.40	36.33	0.00
0	4	0.00	0.00	4.81	47.54	0.00
1	1	0.00	0.00	0.72	0.20	0.00
1	5	0.00	0.00	4.24	42.55	0.00
2	2	0.00	0.00	0.19	0.69	0.00
2	6	0.00	0.00	0.82	1.38	0.00
3	3	0.00	0.00	0.35	0.99	0.00
3	7	0.00	0.00	0.23	0.89	0.00
Core	CPU	C1%	C3%	C6%	C8%	C9%
-	-	0.04	0.11	5.77	16.33	0.10
0	0	0.34	0.92	36.64	35.28	0.00
0	4	0.00	0.00	7.74	90.33	0.00
1	1	0.00	0.00	0.24	0.89	0.00
1	5	0.00	0.00	0.23	0.99	0.00
2	2	0.00	0.00	0.37	0.78	0.80
2	6	0.00	0.00	0.40	1.09	0.00
3	3	0.00	0.00	0.37	0.79	0.00
3	7	0.00	0.00	0.18	0.50	0.00
Core	CPU	C1%	C3%	C6%	C8%	C9%
-	-	0.02	0.12	6.56	16.16	0.00
0	0	0.19	0.88	40.25	31.74	0.00
0	4	0.00	0.00	4.41	41.82	0.00
1	1	0.00	0.00	0.35	2.27	0.00
1	5	0.00	0.04	5.26	48.39	0.00
2	2	0.00	0.02	0.88	1.49	0.00
2	6	0.00	0.02	0.49	1.49	0.00
3	3	0.00	0.00	0.38	1.19	0.00
3	7	0.00	0.00	0.45	0.89	0.00
Core	CPU	C1%	C3%	C6%	C8%	C9%
-	-	0.03	0.20	7.16	14.99	0.01
0	0	0.27	1.60	44.50	26.77	0.00
0	4	0.00	0.00	9.59	71.89	0.00
1	1	0.00	0.01	0.28	1.46	0.07
1	5	0.00	0.00	1.95	15.54	0.00
2	2	0.00	0.01	0.36	1.27	0.00
2	6	0.00	0.00	0.23	1.28	0.00
3	3	0.00	0.00	0.10	0.99	0.00
3	7	0.00	0.01	0.29	0.69	0.00
Core	CPU	C1%	C3%	C6%	C8%	C9%
-	-	0.04	0.35	6.22	15.90	0.00
0	0	0.33	2.70	36.90	33.09	0.00
0	4	0.00	0.00	7.97	88.39	0.00
1	1	0.00	0.00	0.99	0.79	0.00
1	5	0.00	0.00	0.39	1.68	0.00
2	2	0.00	0.01	1.00	1.10	0.00
2	6	0.01	0.08	0.37	0.99	0.00
3	3	0.00	0.00	0.94	0.59	0.00
3	7	0.00	0.01	1.19	0.59	0.00
Core	CPU	C1%	C3%	C6%	C8%	C9%
-	-	3.08	1.01	7.27	12.61	0.25
0	0	0.04	1.00	18.11	7.03	2.04
0	4	0.00	0.49	11.68	27.47	0.00
1	1	0.00	0.00	0.32	1.29	0.00
1	5	0.00	0.06	4.13	60.98	0.00
2	2	24.62	6.52	22.22	0.20	0.00
2	6	0.00	0.00	0.77	1.28	0.00
3	3	0.00	0.00	0.37	1.58	0.00
3	7	0.00	0.01	0.55	1.09	0.00
Core	CPU	C1%	C3%	C6%	C8%	C9%
-	-	0.03	0.31	7.18	15.11	0.11
0	0	0.23	2.20	41.13	27.16	0.00
0	4	0.00	0.24	12.14	67.35	0.00
1	1	0.00	0.00	0.28	0.89	0.00
1	5	0.00	0.00	2.04	21.46	0.00
2	2	0.00	0.00	0.31	0.99	0.89
2	6	0.00	0.00	0.58	0.89	0.00
3	3	0.00	0.00	0.19	1.00	0.00
3	7	0.00	0.03	0.79	1.18	0.00
Core	CPU	C1%	C3%	C6%	C8%	C9%
-	-	0.03	0.24	7.80	14.43	0.00
0	0	0.25	1.86	46.51	24.43	0.00
0	4	0.00	0.00	12.28	85.88	0.00
1	1	0.00	0.00	0.20	1.29	0.00
1	5	0.00	0.00	0.98	1.09	0.00
2	2	0.00	0.00	0.37	1.09	0.00
2	6	0.00	0.00	0.35	1.28	0.00
3	3	0.00	0.00	0.63	0.00	0.00
3	7	0.00	0.04	1.09	0.40	0.00
Core	CPU	C1%	C3%	C6%	C8%	C9%
-	-	0.01	0.33	8.76	13.82	0.00
0	0	0.12	2.59	50.87	19.50	0.00
0	4	0.00	0.02	12.93	53.33	0.00
1	1	0.00	0.00	0.61	2.47	0.00
1	5	0.00	0.02	3.76	29.32	0.00
2	2	0.00	0.00	0.72	1.88	0.00
2	6	0.00	0.00	0.28	0.99	0.00
3	3	0.00	0.00	0.37	1.08	0.00
3	7	0.00	0.01	0.57	1.96	0.00
Core	CPU	C1%	C3%	C6%	C8%	C9%
-	-	0.01	0.27	6.77	15.04	0.00
0	0	0.12	2.10	40.34	29.52	0.00
0	4	0.00	0.00	1.31	3.59	0.00
1	1	0.00	0.00	0.26	0.90	0.00
1	5	0.00	0.07	8.93	83.40	0.00
2	2	0.00	0.00	1.02	0.70	0.00
2	6	0.00	0.01	0.99	0.62	0.00
3	3	0.00	0.00	0.29	0.99	0.00
3	7	0.00	0.00	1.05	0.60	0.00
Core	CPU	C1%	C3%	C6%	C8%	C9%
-	-	0.03	0.10	6.60	16.17	0.31
0	0	0.14	0.75	40.67	32.18	0.00
0	4	0.02	0.02	1.72	0.60	2.50
1	1	0.00	0.00	0.59	0.89	0.00
1	5	0.05	0.05	3.52	33.05	0.00
2	2	0.00	0.00	0.93	1.27	0.00
2	6	0.00	0.00	0.65	6.56	0.00
3	3	0.00	0.00	0.32	1.00	0.00
3	7	0.00	0.00	4.42	53.79	0.00
Core	CPU	C1%	C3%	C6%	C8%	C9%
-	-	0.02	0.21	6.88	15.40	0.00
0	0	0.14	1.56	41.66	30.52	0.00
0	4	0.00	0.00	0.74	0.00	0.00
1	1	0.00	0.00	0.90	1.10	0.00
1	5	0.00	0.00	3.99	38.40	0.00
2	2	0.00	0.00	0.59	0.58	0.00
2	6	0.00	0.03	0.99	0.70	0.00
3	3	0.00	0.00	0.36	0.69	0.00
3	7	0.00	0.06	5.78	51.24	0.00
Core	CPU	C1%	C3%	C6%	C8%	C9%
-	-	0.02	0.17	6.98	15.30	0.31
0	0	0.13	1.28	42.48	29.30	0.00
0	4	0.00	0.00	0.56	0.11	2.51
1	1	0.00	0.00	0.56	0.99	0.00
1	5	0.00	0.03	0.35	1.58	0.00
2	2	0.00	0.00	0.94	0.30	0.00
2	6	0.00	0.02	1.67	0.69	0.00
3	3	0.00	0.00	0.10	0.50	0.00
3	7	0.00	0.01	9.21	88.97	0.00
Core	CPU	C1%	C3%	C6%	C8%	C9%
-	-	0.02	0.07	6.10	16.09	2.10
0	0	0.18	0.53	38.48	34.01	0.00
0	4	0.00	0.00	0.80	0.00	16.83
1	1	0.00	0.00	0.19	0.99	0.00
1	5	0.00	0.00	7.17	78.34	0.00
2	2	0.00	0.00	0.45	0.89	0.00
2	6	0.00	0.04	0.42	1.28	0.00
3	3	0.00	0.01	0.19	0.70	0.00
3	7	0.00	0.00	1.13	12.52	0.00
Core	CPU	C1%	C3%	C6%	C8%	C9%
-	-	2.04	0.77	6.28	17.52	0.02
0	0	0.13	1.92	26.30	17.98	0.12
0	4	0.00	0.00	0.79	0.00	0.00
1	1	16.22	3.97	14.66	1.29	0.00
1	5	0.00	0.06	6.07	89.69	0.00
2	2	0.00	0.00	0.26	0.89	0.00
2	6	0.01	0.08	1.12	0.20	0.00
3	3	0.00	0.02	0.29	0.80	0.00
3	7	0.01	0.12	0.77	29.30	0.00
Core	CPU	C1%	C3%	C6%	C8%	C9%
-	-	0.02	0.03	6.17	16.29	0.00
0	0	0.18	0.20	37.01	35.77	0.00
0	4	0.00	0.00	0.63	0.11	0.00
1	1	0.00	0.02	1.19	0.20	0.00
1	5	0.00	0.00	1.60	15.67	0.00
2	2	0.00	0.00	0.19	1.18	0.00
2	6	0.00	0.00	0.96	1.19	0.00
3	3	0.00	0.00	0.45	0.99	0.00
3	7	0.00	0.02	7.30	75.19	0.00
Core	CPU	C1%	C3%	C6%	C8%	C9%
-	-	0.02	0.23	6.75	15.32	0.11
0	0	0.14	1.76	41.53	29.87	0.00
0	4	0.00	0.00	0.57	0.41	0.00
1	1	0.00	0.00	0.36	0.79	0.00
1	5	0.00	0.08	8.86	85.70	0.00
2	2	0.00	0.00	0.84	0.10	0.89
2	6	0.00	0.01	1.10	0.49	0.00
3	3	0.00	0.00	0.20	1.18	0.00
3	7	0.00	0.00	0.56	4.03	0.00
Core	CPU	C1%	C3%	C6%	C8%	C9%
-	-	0.02	0.11	6.40	15.70	0.00
0	0	0.16	0.84	40.39	31.83	0.00
0	4	0.00	0.00	0.50	0.29	0.00
1	1	0.00	0.00	0.19	0.79	0.00
1	5	0.00	0.05	8.62	89.12	0.00
2	2	0.00	0.00	0.60	0.30	0.00
2	6	0.00	0.00	0.45	1.28	0.00
3	3	0.00	0.02	0.29	0.60	0.00
3	7	0.00	0.00	0.20	1.39	0.00
Core	CPU	C1%	C3%	C6%	C8%	C9%
-	-	0.02	0.12	6.68	15.64	0.00
0	0	0.15	0.86	40.89	31.27	0.00
0	4	0.00	0.00	0.62	0.20	0.00
1	1	0.00	0.01	0.39	0.70	0.00
1	5	0.00	0.05	8.45	89.68	0.00
2	2	0.00	0.00	0.39	1.19	0.00
2	6	0.00	0.00	0.92	1.38	0.00
3	3	0.00	0.00	0.74	0.00	0.00
3	7	0.00	0.02	1.09	0.69	0.00
Core	CPU	C1%	C3%	C6%	C8%	C9%
-	-	0.02	0.44	6.86	14.70	2.71
0	0	0.13	3.44	42.14	26.62	0.00
0	4	0.00	0.00	0.96	0.00	21.65
1	1	0.00	0.00	0.15	0.99	0.00
1	5	0.00	0.07	9.30	86.29	0.00
2	2	0.00	0.00	0.41	1.29	0.00
2	6	0.00	0.03	0.92	0.69	0.00
3	3	0.00	0.00	0.56	1.00	0.00
3	7	0.00	0.00	0.45	0.69	0.00
Core	CPU	C1%	C3%	C6%	C8%	C9%
-	-	0.02	0.13	6.61	15.73	0.00
0	0	0.18	0.91	40.44	31.64	0.00
0	4	0.00	0.00	0.99	0.00	0.00
1	1	0.00	0.00	0.28	1.08	0.00
1	5	0.00	0.12	9.59	88.45	0.00
2	2	0.00	0.00	0.46	1.48	0.00
2	6	0.00	0.00	0.42	1.09	0.00
3	3	0.00	0.00	0.20	1.29	0.00
3	7	0.00	0.00	0.47	0.79	0.00
Core	CPU	C1%	C3%	C6%	C8%	C9%
-	-	0.02	0.19	6.24	15.76	0.11
0	0	0.20	1.49	39.25	32.28	0.00
0	4	0.00	0.02	0.60	0.00	0.00
1	1	0.00	0.00	0.37	1.59	0.88
1	5	0.00	0.04	5.59	68.35	0.00
2	2	0.00	0.00	0.57	0.49	0.00
2	6	0.00	0.00	2.33	22.52	0.00
3	3	0.00	0.00	0.72	0.49	0.00
3	7	0.00	0.00	0.50	0.38	0.00
Core	CPU	C1%	C3%	C6%	C8%	C9%
-	-	0.03	0.07	6.17	16.05	0.00
0	0	0.21	0.51	38.45	34.00	0.00
0	4	0.00	0.02	0.79	0.11	0.00
1	1	0.00	0.00	0.44	1.18	0.00
1	5	0.00	0.04	8.39	89.71	0.00
2	2	0.00	0.00	0.36	0.89	0.00
2	6	0.00	0.00	0.54	1.10	0.00
3	3	0.00	0.00	0.23	0.90	0.00
3	7	0.00	0.00	0.20	0.50	0.00
Core	CPU	C1%	C3%	C6%	C8%	C9%
-	-	0.04	0.06	6.17	16.11	0.00
0	0	0.20	0.41	37.91	34.61	0.00
0	4	0.00	0.00	0.54	0.11	0.00
1	1	0.00	0.00	0.72	0.20	0.00
1	5	0.00	0.01	4.02	41.51	0.00
2	2	0.09	0.00	0.67	0.98	0.00
2	6	0.00	0.03	4.81	49.41	0.00
3	3	0.00	0.00	0.35	1.00	0.00
3	7	0.00	0.00	0.33	1.09	0.00
Core	CPU	C1%	C3%	C6%	C8%	C9%
-	-	0.02	0.31	6.28	15.25	0.00
0	0	0.19	2.46	37.77	32.04	0.00
0	4	0.00	0.00	0.48	0.28	0.00
1	1	0.00	0.00	0.24	0.50	0.00
1	5	0.00	0.03	9.86	85.91	0.00
2	2	0.00	0.00	0.70	0.69	0.00
2	6	0.00	0.00	0.41	1.08	0.00
3	3	0.00	0.00	0.37	0.69	0.00
3	7	0.00	0.00	0.44	0.79	0.00
Core	CPU	C1%	C3%	C6%	C8%	C9%
-	-	0.03	0.09	6.41	15.93	0.00
0	0	0.22	0.67	39.03	33.23	0.00
0	4	0.00	0.00	0.86	0.21	0.00
1	1	0.00	0.00	0.65	0.29	0.00
1	5	0.00	0.03	7.65	90.47	0.00
2	2	0.00	0.00	1.11	0.30	0.00
2	6	0.00	0.01	1.11	0.69	0.00
3	3	0.00	0.00	0.50	1.47	0.00
3	7	0.00	0.00	0.37	0.79	0.00
Core	CPU	C1%	C3%	C6%	C8%	C9%
-	-	0.02	0.26	6.64	15.94	0.04
0	0	0.16	2.04	42.55	28.45	0.00
0	4	0.00	0.02	0.39	0.71	0.00
1	1	0.00	0.00	0.74	2.88	0.30
1	5	0.00	0.04	5.28	68.79	0.00
2	2	0.00	0.00	0.44	1.18	0.00
2	6	0.00	0.01	3.13	23.26	0.00
3	3	0.00	0.00	0.32	1.10	0.00
3	7	0.00	0.00	0.24	1.19	0.00
Core	CPU	C1%	C3%	C6%	C8%	C9%
-	-	0.03	0.07	6.51	15.90	0.00
0	0	0.23	0.55	38.46	33.89	0.00
0	4	0.00	0.00	0.84	0.40	0.00
1	1	0.00	0.00	1.01	0.19	0.00
1	5	0.00	0.04	7.50	65.18	0.00
2	2	0.00	0.00	0.49	0.89	0.00
2	6	0.00	0.00	2.90	24.63	0.00
3	3	0.00	0.00	0.36	1.08	0.00
3	7	0.00	0.00	0.53	0.89	0.00
Core	CPU	C1%	C3%	C6%	C8%	C9%
-	-	0.03	0.07	6.25	16.15	0.00
0	0	0.22	0.53	39.28	33.16	0.00
0	4	0.00	0.00	1.06	0.10	0.00
1	1	0.00	0.00	0.34	1.28	0.00
1	5	0.00	0.03	6.57	76.19	0.00
2	2	0.00	0.00	0.29	0.80	0.00
2	6	0.00	0.01	1.72	15.71	0.00
3	3	0.00	0.00	0.28	1.08	0.00
3	7	0.00	0.00	0.45	0.89	0.00
Core	CPU	C1%	C3%	C6%	C8%	C9%
-	-	0.03	0.13	5.84	15.85	0.34
0	0	0.23	1.04	36.57	33.52	0.00
0	4	0.00	0.00	0.89	0.11	0.00
1	1	0.00	0.00	0.37	1.59	0.00
1	5	0.00	0.00	0.36	0.99	0.00
2	2	0.00	0.00	0.34	0.89	0.00
2	6	0.00	0.01	7.72	87.25	2.69
3	3	0.00	0.00	0.20	1.29	0.00
3	7	0.00	0.00	0.29	1.19	0.00
Core	CPU	C1%	C3%	C6%	C8%	C9%
-	-	0.03	0.07	6.30	15.91	0.00
0	0	0.24	0.57	38.78	33.56	0.00
0	4	0.00	0.00	0.53	0.10	0.00
1	1	0.00	0.00	0.54	1.48	0.00
1	5	0.00	0.00	2.03	21.00	0.00
2	2	0.00	0.00	0.27	0.79	0.00
2	6	0.00	0.01	7.93	68.81	0.00
3	3	0.00	0.00	0.23	1.00	0.00
3	7	0.00	0.00	0.10	0.50	0.00
Core	CPU	C1%	C3%	C6%	C8%	C9%
-	-	0.03	0.18	6.15	15.92	0.00
0	0	0.25	1.38	38.39	33.23	0.00
0	4	0.00	0.00	0.75	0.00	0.00
1	1	0.00	0.00	0.14	0.89	0.00
1	5	0.00	0.09	7.62	81.34	0.00
2	2	0.00	0.00	0.37	0.80	0.00
2	6	0.00	0.00	1.29	9.26	0.00
3	3	0.00	0.00	0.27	1.09	0.00
3	7	0.00	0.00	0.35	0.79	0.00
Core	CPU	C1%	C3%	C6%	C8%	C9%
-	-	0.03	0.13	6.73	15.65	0.00
0	0	0.23	0.93	40.27	31.73	0.00
0	4	0.00	0.00	0.96	0.00	0.00
1	1	0.00	0.00	0.34	1.09	0.00
1	5	0.00	0.07	9.95	88.15	0.00
2	2	0.00	0.01	0.69	0.59	0.00
2	6	0.00	0.00	0.64	1.39	0.00
3	3	0.00	0.00	0.55	1.58	0.00
3	7	0.00	0.00	0.45	0.69	0.00
Core	CPU	C1%	C3%	C6%	C8%	C9%
-	-	0.05	0.05	6.10	16.04	0.00
0	0	0.27	0.36	37.66	34.87	0.00
0	4	0.00	0.00	0.78	0.00	0.00
1	1	0.00	0.00	0.26	0.89	0.00
1	5	0.00	0.01	8.93	89.21	0.00
2	2	0.00	0.06	0.48	0.59	0.00
2	6	0.10	0.00	0.19	1.30	0.00
3	3	0.00	0.00	0.10	0.88	0.00
3	7	0.00	0.00	0.37	0.59	0.00
Core	CPU	C1%	C3%	C6%	C8%	C9%
-	-	0.03	0.40	6.73	14.63	4.60
0	0	0.20	3.14	43.85	24.65	1.35
0	4	0.00	0.00	0.81	0.10	32.53
1	1	0.00	0.00	0.19	0.99	0.00
1	5	0.00	0.02	5.72	71.03	0.00
2	2	0.00	0.01	0.84	0.38	0.00
2	6	0.00	0.01	1.82	18.72	2.91
3	3	0.00	0.02	0.30	0.40	0.00
3	7	0.00	0.00	0.29	0.79	0.00
Core	CPU	C1%	C3%	C6%	C8%	C9%
-	-	0.01	0.66	8.72	13.27	11.15
0	0	0.11	5.19	59.66	8.54	0.00
0	4	0.00	0.00	1.03	0.00	89.23
1	1	0.00	0.01	0.39	1.40	0.00
1	5	0.00	0.07	6.46	91.93	0.00
2	2	0.00	0.00	1.17	0.69	0.00
2	6	0.00	0.01	0.68	1.29	0.00
3	3	0.00	0.00	0.25	1.18	0.00
3	7	0.00	0.00	0.14	1.18	0.00
Core	CPU	C1%	C3%	C6%	C8%	C9%
-	-	0.59	0.61	7.00	18.08	2.54
0	0	0.24	2.64	39.38	20.36	0.01
0	4	0.00	0.00	1.02	0.40	20.32
1	1	4.47	1.98	6.04	1.57	0.00
1	5	0.00	0.00	7.57	90.40	0.00
2	2	0.00	0.00	0.51	0.79	0.00
2	6	0.00	0.04	0.53	0.50	0.00
3	3	0.00	0.00	0.37	0.99	0.00
3	7	0.01	0.22	0.62	29.60	0.00
Core	CPU	C1%	C3%	C6%	C8%	C9%
-	-	0.01	0.56	8.26	13.73	6.76
0	0	0.11	4.45	55.34	13.52	0.00
0	4	0.00	0.00	0.67	0.10	54.07
1	1	0.00	0.00	0.66	2.30	0.00
1	5	0.00	0.00	4.29	67.93	0.00
2	2	0.00	0.02	1.08	0.48	0.00
2	6	0.00	0.03	3.06	24.23	0.00
3	3	0.00	0.00	0.20	0.98	0.00
3	7	0.00	0.00	0.77	0.30	0.00
Core	CPU	C1%	C3%	C6%	C8%	C9%
-	-	0.03	0.14	6.65	15.64	0.30
0	0	0.23	1.10	41.00	30.78	0.00
0	4	0.00	0.02	0.68	0.99	2.38
1	1	0.00	0.00	0.53	0.89	0.00
1	5	0.00	0.02	3.09	27.26	0.00
2	2	0.00	0.00	0.95	0.40	0.00
2	6	0.00	0.02	6.44	63.48	0.00
3	3	0.00	0.00	0.32	0.80	0.00
3	7	0.00	0.00	0.19	0.50	0.00
Core	CPU	C1%	C3%	C6%	C8%	C9%
-	-	0.03	0.50	7.10	14.34	4.88
0	0	0.20	3.92	45.58	22.70	0.00
0	4	0.00	0.00	0.74	0.00	39.02
1	1	0.00	0.02	0.49	1.39	0.00
1	5	0.00	0.06	7.22	82.05	0.00
2	2	0.00	0.00	0.39	0.69	0.00
2	6	0.00	0.01	1.12	6.48	0.00
3	3	0.00	0.00	0.35	0.69	0.00
3	7	0.00	0.00	0.92	0.69	0.00
Core	CPU	C1%	C3%	C6%	C8%	C9%
-	-	0.01	0.73	8.85	12.89	11.28
0	0	0.09	5.77	62.76	4.88	0.00
0	4	0.00	0.00	0.87	0.00	90.27
1	1	0.00	0.00	0.35	1.08	0.00
1	5	0.00	0.00	2.64	43.21	0.00
2	2	0.00	0.02	0.49	1.09	0.00
2	6	0.00	0.03	3.08	50.81	0.00
3	3	0.00	0.00	0.19	0.89	0.00
3	7	0.00	0.00	0.41	1.18	0.00
Core	CPU	C1%	C3%	C6%	C8%	C9%
-	-	0.02	0.43	7.18	14.93	3.96
0	0	0.19	3.42	47.93	21.84	0.00
0	4	0.00	0.00	0.66	0.69	31.65
1	1	0.00	0.00	0.18	0.79	0.00
1	5	0.00	0.00	6.74	91.07	0.00
2	2	0.00	0.00	0.50	1.09	0.00
2	6	0.00	0.02	0.75	0.99	0.00
3	3	0.00	0.01	0.49	1.39	0.00
3	7	0.00	0.00	0.20	1.58	0.00
Core	CPU	C1%	C3%	C6%	C8%	C9%
-	-	0.03	0.09	6.24	16.02	0.00
0	0	0.25	0.71	39.22	32.94	0.00
0	4	0.00	0.00	0.68	0.40	0.00
1	1	0.00	0.00	0.30	1.38	0.00
1	5	0.00	0.02	8.10	89.55	0.00
2	2	0.00	0.00	0.37	0.79	0.00
2	6	0.00	0.00	0.85	1.39	0.00
3	3	0.00	0.02	0.19	0.90	0.00
3	7	0.00	0.00	0.20	0.79	0.00
Core	CPU	C1%	C3%	C6%	C8%	C9%
-	-	0.10	0.42	5.48	14.63	0.00
0	0	0.17	0.79	27.56	22.06	0.00
0	4	0.00	0.00	0.51	0.21	0.00
1	1	0.66	2.57	6.86	0.61	0.00
1	5	0.00	0.00	7.29	90.79	0.00
2	2	0.00	0.02	0.59	0.69	0.00
2	6	0.00	0.00	0.36	0.90	0.00
3	3	0.00	0.00	0.34	0.99	0.00
3	7	0.00	0.00	0.32	0.80	0.00
Core	CPU	C1%	C3%	C6%	C8%	C9%
-	-	0.03	0.54	6.76	14.79	3.03
0	0	0.21	4.29	44.53	23.69	0.00
0	4	0.00	0.00	0.87	0.00	24.26
1	1	0.00	0.00	0.25	1.49	0.00
1	5	0.00	0.00	1.78	30.13	0.00
2	2	0.00	0.03	0.69	1.00	0.00
2	6	0.00	0.02	5.25	60.36	0.00
3	3	0.00	0.00	0.28	0.98	0.00
3	7	0.00	0.00	0.45	0.69	0.00
Core	CPU	C1%	C3%	C6%	C8%	C9%
-	-	0.03	0.06	6.18	16.15	0.00
0	0	0.25	0.42	37.69	34.71	0.00
0	4	0.00	0.00	0.96	0.31	0.00
1	1	0.00	0.00	0.26	0.80	0.00
1	5	0.00	0.02	0.38	1.08	0.00
2	2	0.00	0.00	0.96	0.60	0.00
2	6	0.00	0.01	8.61	89.54	0.00
3	3	0.00	0.00	0.19	1.18	0.00
3	7	0.00	0.00	0.37	0.99	0.00
Core	CPU	C1%	C3%	C6%	C8%	C9%
-	-	0.03	0.20	6.56	15.56	0.35
0	0	0.22	1.59	39.97	31.24	0.00
0	4	0.00	0.00	0.84	0.58	2.80
1	1	0.00	0.00	0.19	1.09	0.00
1	5	0.00	0.02	3.98	26.95	0.00
2	2	0.00	0.00	0.25	0.80	0.00
2	6	0.00	0.01	6.71	62.50	0.00
3	3	0.00	0.02	0.29	0.61	0.00
3	7	0.00	0.00	0.29	0.69	0.00
Core	CPU	C1%	C3%	C6%	C8%	C9%
-	-	0.02	0.26	6.90	15.24	2.22
0	0	0.19	1.94	43.72	27.35	0.00
0	4	0.00	0.03	0.59	0.00	17.76
1	1	0.00	0.00	0.22	3.46	0.00
1	5	0.00	0.07	8.13	84.94	0.00
2	2	0.00	0.00	0.27	0.89	0.00
2	6	0.00	0.00	0.93	5.12	0.00
3	3	0.00	0.00	0.73	0.19	0.00
3	7	0.00	0.02	0.60	0.00	0.00
Core	CPU	C1%	C3%	C6%	C8%	C9%
-	-	0.03	0.20	6.91	16.01	0.00
0	0	0.23	1.11	38.75	30.49	0.00
0	4	0.00	0.40	6.00	1.22	0.00
1	1	0.00	0.00	0.38	3.47	0.00
1	5	0.00	0.05	8.03	90.06	0.00
2	2	0.00	0.01	0.47	1.08	0.00
2	6	0.00	0.00	0.37	1.00	0.00
3	3	0.00	0.02	0.39	0.50	0.00
3	7	0.00	0.00	0.89	0.29	0.00
Core	CPU	C1%	C3%	C6%	C8%	C9%
-	-	0.03	0.03	5.94	16.73	0.43
0	0	0.25	0.22	36.93	35.74	0.00
0	4	0.00	0.00	0.33	0.89	0.00
1	1	0.00	0.01	0.39	0.99	0.00
1	5	0.00	0.00	3.70	43.62	0.00
2	2	0.00	0.03	0.84	2.49	0.00
2	6	0.00	0.00	4.52	47.63	0.06
3	3	0.00	0.00	0.15	0.60	0.00
3	7	0.00	0.00	0.67	1.89	3.39
Core	CPU	C1%	C3%	C6%	C8%	C9%
-	-	0.03	0.17	6.38	15.74	3.79
0	0	0.24	1.17	40.15	31.35	0.00
0	4	0.00	0.00	0.48	0.19	30.29
1	1	0.00	0.00	0.26	1.97	0.00
1	5	0.00	0.02	1.90	15.56	0.00
2	2	0.00	0.02	0.29	0.80	0.00
2	6	0.01	0.16	7.31	74.85	0.00
3	3	0.00	0.00	0.19	0.79	0.00
3	7	0.00	0.00	0.46	0.39	0.00
Core	CPU	C1%	C3%	C6%	C8%	C9%
-	-	0.03	0.21	6.45	15.55	0.00
0	0	0.23	1.63	39.74	31.67	0.00
0	4	0.00	0.00	0.59	0.11	0.00
1	1	0.00	0.00	0.18	0.89	0.00
1	5	0.00	0.06	6.87	67.55	0.00
2	2	0.00	0.00	0.87	0.68	0.00
2	6	0.00	0.00	2.95	21.79	0.00
3	3	0.00	0.00	0.10	1.00	0.00
3	7	0.00	0.00	0.29	0.70	0.00
Core	CPU	C1%	C3%	C6%	C8%	C9%
-	-	0.03	0.18	6.79	15.25	1.53
0	0	0.21	1.29	42.09	29.58	0.00
0	4	0.00	0.00	0.54	0.19	12.25
1	1	0.00	0.01	0.39	0.89	0.00
1	5	0.00	0.07	8.23	73.52	0.00
2	2	0.00	0.00	0.78	0.29	0.00
2	6	0.00	0.00	2.04	15.78	0.00
3	3	0.00	0.00	0.15	0.79	0.00
3	7	0.00	0.02	0.10	0.99	0.00
Core	CPU	C1%	C3%	C6%	C8%	C9%
-	-	0.02	0.43	7.77	14.06	7.04
0	0	0.16	3.36	51.28	18.57	0.00
0	4	0.00	0.00	0.77	0.00	56.35
1	1	0.00	0.00	0.15	0.99	0.00
1	5	0.00	0.06	8.62	89.65	0.00
2	2	0.00	0.02	0.60	0.70	0.00
2	6	0.00	0.00	0.09	0.99	0.00
3	3	0.00	0.00	0.28	0.79	0.00
3	7	0.00	0.00	0.40	0.78	0.00
Core	CPU	C1%	C3%	C6%	C8%	C9%
-	-	0.02	0.46	7.06	14.52	1.77
0	0	0.18	3.60	44.14	24.15	0.00
0	4	0.00	0.00	0.79	0.00	14.14
1	1	0.00	0.00	0.26	0.79	0.00
1	5	0.00	0.06	8.62	86.69	0.00
2	2	0.00	0.00	1.04	0.50	0.00
2	6	0.00	0.02	1.08	2.10	0.03
3	3	0.00	0.00	0.10	0.89	0.00
3	7	0.00	0.00	0.45	0.99	0.00
Core	CPU	C1%	C3%	C6%	C8%	C9%
-	-	0.03	0.06	6.29	16.26	0.00
0	0	0.25	0.45	38.08	34.32	0.00
0	4	0.00	0.00	0.79	0.40	0.00
1	1	0.00	0.00	0.38	1.19	0.00
1	5	0.00	0.00	1.12	1.60	0.00
2	2	0.00	0.00	0.45	0.89	0.00
2	6	0.00	0.01	8.34	89.79	0.00
3	3	0.00	0.01	0.39	0.99	0.00
3	7	0.00	0.00	0.78	0.90	0.00
Core	CPU	C1%	C3%	C6%	C8%	C9%
-	-	0.03	0.14	6.05	16.22	0.00
0	0	0.25	1.09	37.58	34.24	0.00
0	4	0.00	0.01	1.00	0.00	0.00
1	1	0.00	0.00	0.20	1.18	0.00
1	5	0.00	0.00	0.43	1.19	0.00
2	2	0.00	0.00	0.35	1.09	0.00
2	6	0.00	0.00	8.26	89.58	0.00
3	3	0.00	0.02	0.29	1.10	0.00
3	7	0.00	0.00	0.30	1.38	0.00
Core	CPU	C1%	C3%	C6%	C8%	C9%
-	-	0.03	0.08	6.37	16.05	0.00
0	0	0.25	0.63	39.05	33.24	0.00
0	4	0.00	0.00	0.91	0.51	0.00
1	1	0.00	0.01	0.39	0.90	0.00
1	5	0.00	0.00	0.59	0.89	0.00
2	2	0.00	0.00	0.36	1.38	0.00
2	6	0.00	0.01	9.18	88.98	0.00
3	3	0.00	0.00	0.25	1.18	0.00
3	7	0.00	0.00	0.23	1.29	0.00
Core	CPU	C1%	C3%	C6%	C8%	C9%
-	-	2.22	0.87	6.55	17.23	0.30
0	0	0.10	1.22	25.41	13.03	0.24
0	4	0.00	0.00	0.68	0.29	2.19
1	1	17.63	5.50	15.47	1.08	0.00
1	5	0.00	0.05	4.16	42.09	0.00
2	2	0.00	0.02	0.82	0.99	0.00
2	6	0.00	0.00	4.32	49.89	0.00
3	3	0.00	0.00	0.29	1.08	0.00
3	7	0.01	0.14	1.27	29.42	0.00
Core	CPU	C1%	C3%	C6%	C8%	C9%
-	-	0.16	0.27	6.66	14.69	3.05
0	0	0.20	1.73	39.44	28.58	0.00
0	4	0.00	0.00	0.80	0.29	21.72
1	1	1.05	0.41	2.25	0.60	0.00
1	5	0.00	0.00	0.27	2.36	0.00
2	2	0.00	0.00	0.26	1.08	0.00
2	6	0.00	0.04	9.46	83.62	2.69
3	3	0.00	0.02	0.10	0.60	0.00
3	7	0.00	0.00	0.69	0.40	0.00
Core	CPU	C1%	C3%	C6%	C8%	C9%
-	-	0.03	0.27	6.99	15.16	3.60
0	0	0.20	2.14	45.50	25.42	0.00
0	4	0.00	0.00	0.79	0.00	28.84
1	1	0.00	0.00	0.29	1.38	0.00
1	5	0.00	0.01	2.55	22.79	0.00
2	2	0.00	0.00	0.36	0.79	0.00
2	6	0.00	0.00	5.47	68.85	0.00
3	3	0.00	0.02	0.39	0.90	0.00
3	7	0.00	0.00	0.59	1.18	0.00
Core	CPU	C1%	C3%	C6%	C8%	C9%
-	-	0.02	0.43	7.24	14.69	4.61
0	0	0.18	3.32	47.04	22.81	0.00
0	4	0.00	0.00	0.63	0.00	36.89
1	1	0.00	0.02	0.29	0.60	0.00
1	5	0.00	0.06	8.48	89.79	0.00
2	2	0.00	0.00	0.37	0.98	0.00
2	6	0.00	0.01	0.49	1.28	0.00
3	3	0.00	0.00	0.35	0.99	0.00
3	7	0.00	0.00	0.23	1.09	0.00
Core	CPU	C1%	C3%	C6%	C8%	C9%
-	-	0.03	0.11	6.67	15.62	0.00
0	0	0.21	0.80	40.07	32.05	0.00
0	4	0.00	0.00	1.09	0.09	0.00
1	1	0.00	0.00	0.39	1.18	0.00
1	5	0.00	0.09	10.14	87.97	0.00
2	2	0.00	0.02	0.61	0.59	0.00
2	6	0.00	0.00	0.50	1.20	0.00
3	3	0.00	0.00	0.19	0.89	0.00
3	7	0.00	0.00	0.36	0.99	0.00
Core	CPU	C1%	C3%	C6%	C8%	C9%
-	-	0.02	0.30	7.27	14.98	4.70
0	0	0.16	2.36	48.04	22.72	0.00
0	4	0.00	0.00	0.79	0.00	37.59
1	1	0.00	0.00	0.37	1.45	0.00
1	5	0.00	0.00	7.50	90.84	0.00
2	2	0.00	0.02	0.74	1.38	0.00
2	6	0.00	0.00	0.22	1.19	0.00
3	3	0.00	0.00	0.18	0.70	0.00
3	7	0.00	0.01	0.29	1.56	0.00
Core	CPU	C1%	C3%	C6%	C8%	C9%
-	-	0.03	0.30	6.04	15.44	0.00
0	0	0.22	2.35	38.17	31.61	0.00
0	4	0.00	0.00	0.73	0.11	0.00
1	1	0.00	0.02	0.10	0.99	0.00
1	5	0.00	0.00	7.39	88.32	0.00
2	2	0.00	0.04	0.58	0.97	0.00
2	6	0.01	0.00	0.28	0.79	0.00
3	3	0.00	0.00	0.45	0.59	0.00
3	7	0.00	0.03	0.59	0.10	0.00
Core	CPU	C1%	C3%	C6%	C8%	C9%
-	-	0.03	0.15	6.68	15.55	0.00
0	0	0.22	1.05	40.42	31.47	0.00
0	4	0.00	0.00	0.65	0.11	0.00
1	1	0.00	0.00	0.15	0.98	0.00
1	5	0.00	0.10	10.10	88.06	0.00
2	2	0.00	0.01	1.21	0.68	0.00
2	6	0.00	0.00	0.20	1.09	0.00
3	3	0.00	0.00	0.28	1.09	0.00
3	7	0.00	0.00	0.46	0.89	0.00
Core	CPU	C1%	C3%	C6%	C8%	C9%
-	-	0.02	0.38	7.20	14.94	2.50
0	0	0.18	2.89	45.91	24.32	0.00
0	4	0.00	0.00	1.01	0.09	19.99
1	1	0.00	0.00	0.29	1.38	0.00
1	5	0.00	0.09	8.34	89.86	0.00
2	2	0.00	0.00	1.06	0.70	0.00
2	6	0.00	0.00	0.37	1.58	0.00
3	3	0.00	0.02	0.29	0.90	0.00
3	7	0.00	0.00	0.37	0.69	0.00
Core	CPU	C1%	C3%	C6%	C8%	C9%
-	-	0.02	0.21	6.67	15.47	1.01
0	0	0.19	1.55	43.11	28.35	0.00
0	4	0.00	0.04	0.70	0.39	6.15
1	1	0.00	0.01	0.30	0.90	1.91
1	5	0.00	0.07	7.93	90.26	0.00
2	2	0.00	0.01	0.50	1.08	0.00
2	6	0.00	0.00	0.37	0.69	0.00
3	3	0.00	0.00	0.25	0.88	0.00
3	7	0.00	0.00	0.23	1.18	0.00
Core	CPU	C1%	C3%	C6%	C8%	C9%
-	-	0.03	0.16	6.74	15.80	0.38
0	0	0.22	1.23	41.05	30.67	0.00
0	4	0.00	0.00	1.06	0.00	3.01
1	1	0.00	0.00	0.62	2.70	0.00
1	5	0.00	0.03	5.18	44.20	0.00
2	2	0.00	0.00	1.47	0.83	0.00
2	6	0.00	0.01	4.11	45.96	0.00
3	3	0.00	0.00	0.27	1.09	0.00
3	7	0.00	0.00	0.15	0.99	0.00
Core	CPU	C1%	C3%	C6%	C8%	C9%
-	-	0.03	0.41	6.61	15.04	0.63
0	0	0.20	3.21	41.49	27.59	0.00
0	4	0.00	0.00	0.95	0.99	5.05
1	1	0.00	0.00	0.86	0.69	0.00
1	5	0.00	0.00	2.63	27.59	0.00
2	2	0.00	0.01	0.34	0.59	0.00
2	6	0.00	0.06	5.89	60.78	0.00
3	3	0.00	0.00	0.25	1.20	0.00
3	7	0.00	0.00	0.49	0.88	0.00
Core	CPU	C1%	C3%	C6%	C8%	C9%
-	-	0.03	0.15	6.75	15.99	0.77
0	0	0.21	1.17	42.13	29.60	0.00
0	4	0.00	0.00	1.23	1.19	6.18
1	1	0.00	0.00	0.60	2.97	0.00
1	5	0.00	0.00	0.92	7.22	0.00
2	2	0.00	0.00	0.25	0.79	0.00
2	6	0.00	0.00	7.81	84.17	0.00
3	3	0.00	0.02	0.39	1.00	0.00
3	7	0.00	0.04	0.68	0.98	0.00
Core	CPU	C1%	C3%	C6%	C8%	C9%
-	-	0.03	0.14	5.98	16.13	0.17
0	0	0.23	1.13	37.98	33.86	0.00
0	4	0.00	0.00	0.62	0.70	1.39
1	1	0.00	0.00	0.20	0.99	0.00
1	5	0.00	0.00	0.19	0.79	0.00
2	2	0.00	0.00	0.27	0.69	0.00
2	6	0.00	0.00	7.54	90.69	0.00
3	3	0.00	0.00	0.23	1.00	0.00
3	7	0.00	0.00	0.79	0.29	0.00
Core	CPU	C1%	C3%	C6%	C8%	C9%
-	-	0.02	0.38	7.45	14.75	3.23
0	0	0.15	3.01	50.35	20.44	0.00
0	4	0.00	0.04	0.68	0.70	25.84
1	1	0.00	0.00	0.58	2.06	0.00
1	5	0.00	0.00	1.29	13.70	0.00
2	2	0.00	0.00	0.36	0.89	0.00
2	6	0.00	0.00	5.71	78.74	0.00
3	3	0.00	0.00	0.23	0.40	0.00
3	7	0.00	0.00	0.39	1.09	0.00
Core	CPU	C1%	C3%	C6%	C8%	C9%
-	-	0.03	0.14	6.55	15.85	0.00
0	0	0.23	0.80	39.41	32.42	0.00
0	4	0.00	0.23	3.18	1.10	0.00
1	1	0.00	0.00	0.29	1.08	0.00
1	5	0.00	0.07	8.57	89.61	0.00
2	2	0.00	0.00	0.24	0.60	0.00
2	6	0.00	0.00	0.14	0.59	0.00
3	3	0.00	0.02	0.38	0.50	0.00
3	7	0.00	0.00	0.20	0.89	0.00
Core	CPU	C1%	C3%	C6%	C8%	C9%
-	-	0.03	0.29	6.08	15.55	0.23
0	0	0.21	2.23	37.81	32.09	0.00
0	4	0.00	0.07	1.07	0.10	1.78
1	1	0.00	0.00	0.10	1.28	0.00
1	5	0.00	0.05	8.40	87.21	0.00
2	2	0.00	0.00	0.37	0.60	0.00
2	6	0.00	0.00	0.47	1.00	0.06
3	3	0.00	0.00	0.23	0.99	0.00
3	7	0.00	0.00	0.19	1.09	0.00
Core	CPU	C1%	C3%	C6%	C8%	C9%
-	-	0.03	0.09	6.57	15.89	0.00
0	0	0.21	0.69	38.95	33.28	0.00
0	4	0.00	0.00	1.26	0.10	0.00
1	1	0.00	0.00	1.01	0.89	0.00
1	5	0.00	0.06	9.98	87.76	0.00
2	2	0.00	0.00	0.33	1.39	0.00
2	6	0.00	0.00	0.38	1.38	0.00
3	3	0.00	0.00	0.36	0.99	0.00
3	7	0.00	0.00	0.34	1.29	0.00
Core	CPU	C1%	C3%	C6%	C8%	C9%
-	-	0.02	0.36	6.90	15.21	3.18
0	0	0.18	2.75	44.61	25.80	0.00
0	4	0.00	0.03	1.20	0.11	25.44
1	1	0.00	0.00	0.55	0.90	0.00
1	5	0.00	0.06	7.00	82.64	0.00
2	2	0.00	0.02	0.29	0.90	0.00
2	6	0.00	0.00	0.93	9.41	0.00
3	3	0.00	0.00	0.19	0.99	0.00
3	7	0.00	0.00	0.44	0.89	0.00
Core	CPU	C1%	C3%	C6%	C8%	C9%
-	-	0.03	0.12	6.34	15.78	1.42
0	0	0.23	0.84	40.06	32.07	0.00
0	4	0.00	0.02	0.91	0.09	11.39
1	1	0.00	0.00	0.19	0.80	0.00
1	5	0.00	0.02	1.59	15.67	0.00
2	2	0.00	0.00	0.26	0.79	0.00
2	6	0.00	0.05	7.11	75.44	0.00
3	3	0.00	0.02	0.19	0.69	0.00
3	7	0.00	0.00	0.40	0.69	0.00
Core	CPU	C1%	C3%	C6%	C8%	C9%
-	-	0.02	0.46	8.07	14.03	4.47
0	0	0.16	3.68	51.66	17.82	0.00
0	4	0.00	0.00	1.02	0.29	35.75
1	1	0.00	0.00	0.22	0.80	0.00
1	5	0.00	0.01	3.76	22.21	0.00
2	2	0.00	0.00	0.88	0.49	0.00
2	6	0.00	0.00	6.16	67.85	0.00
3	3	0.00	0.00	0.63	1.58	0.00
3	7	0.00	0.00	0.23	1.18	0.00
