Core	CPU	C1%	C3%	C6%	C8%	C9%
-	-	0.29	0.03	1.88	1.51	0.00
0	0	0.00	0.03	3.69	2.74	0.00
0	4	0.00	0.00	0.94	0.59	0.00
1	1	0.00	0.03	3.62	2.24	0.00
1	5	0.70	0.00	0.63	0.29	0.00
2	2	0.78	0.05	2.80	2.01	0.00
2	6	0.57	0.00	0.28	0.40	0.00
3	3	0.16	0.00	1.05	0.48	0.00
3	7	0.14	0.10	2.05	3.30	0.00
Core	CPU	C1%	C3%	C6%	C8%	C9%
-	-	0.00	0.00	0.53	0.66	0.00
0	0	0.00	0.00	0.27	0.69	0.00
0	4	0.00	0.00	0.45	0.60	0.00
1	1	0.00	0.00	0.61	0.60	0.00
1	5	0.00	0.00	0.50	0.00	0.00
2	2	0.00	0.02	1.08	0.79	0.00
2	6	0.00	0.00	0.64	0.80	0.00
3	3	0.00	0.00	0.42	0.89	0.00
3	7	0.00	0.00	0.29	0.88	0.00
Core	CPU	C1%	C3%	C6%	C8%	C9%
-	-	0.00	0.00	0.68	0.70	0.00
0	0	0.00	0.00	1.03	0.14	0.00
0	4	0.00	0.02	0.50	0.00	0.00
1	1	0.00	0.00	0.29	1.08	0.00
1	5	0.00	0.00	0.37	0.89	0.00
2	2	0.00	0.00	1.25	0.60	0.00
2	6	0.00	0.00	0.90	0.79	0.00
3	3	0.00	0.00	0.69	0.89	0.00
3	7	0.00	0.00	0.36	1.19	0.00
Core	CPU	C1%	C3%	C6%	C8%	C9%
-	-	0.00	0.01	0.40	0.84	0.00
0	0	0.00	0.00	0.14	0.50	0.00
0	4	0.00	0.00	0.58	0.59	0.00
1	1	0.00	0.00	0.44	1.01	0.00
1	5	0.00	0.01	0.24	1.20	0.00
2	2	0.00	0.03	0.76	0.99	0.00
2	6	0.00	0.00	0.27	0.89	0.00
3	3	0.00	0.00	0.28	0.79	0.00
3	7	0.00	0.01	0.45	0.71	0.00
Core	CPU	C1%	C3%	C6%	C8%	C9%
-	-	0.00	0.00	0.51	0.97	0.00
0	0	0.00	0.00	0.29	1.18	0.00
0	4	0.00	0.00	0.27	1.18	0.00
1	1	0.00	0.00	0.34	1.19	0.00
1	5	0.00	0.00	0.67	1.58	0.00
2	2	0.00	0.00	1.01	0.69	0.00
2	6	0.00	0.00	0.48	0.88	0.00
3	3	0.00	0.00	0.36	0.79	0.00
3	7	0.00	0.00	0.62	0.25	0.00
Core	CPU	C1%	C3%	C6%	C8%	C9%
-	-	0.00	0.29	0.34	1.45	0.00
0	0	0.00	0.00	0.27	1.28	0.00
0	4	0.00	0.00	0.35	1.09	0.00
1	1	0.00	0.02	0.32	1.19	0.00
1	5	0.00	0.02	0.20	1.88	0.00
2	2	0.00	0.00	0.67	2.08	0.00
2	6	0.00	0.00	0.46	2.07	0.00
3	3	0.02	2.29	0.02	0.00	0.00
3	7	0.00	0.02	0.39	2.06	0.00
Core	CPU	C1%	C3%	C6%	C8%	C9%
-	-	0.00	0.01	0.62	0.72	0.00
0	0	0.00	0.00	0.71	0.89	0.00
0	4	0.00	0.00	0.32	0.89	0.00
1	1	0.00	0.02	0.79	0.00	0.00
1	5	0.00	0.01	0.66	0.79	0.00
2	2	0.00	0.00	1.00	0.69	0.00
2	6	0.00	0.00	0.34	1.08	0.00
3	3	0.00	0.02	0.40	0.79	0.00
3	7	0.00	0.00	0.77	0.60	0.00
Core	CPU	C1%	C3%	C6%	C8%	C9%
-	-	0.03	0.04	0.58	1.00	0.10
0	0	0.00	0.02	0.29	0.79	0.00
0	4	0.00	0.00	0.64	0.79	0.00
1	1	0.00	0.00	0.76	0.50	0.00
1	5	0.24	0.00	0.70	0.78	0.83
2	2	0.00	0.33	0.81	1.19	0.00
2	6	0.00	0.00	0.36	1.10	0.00
3	3	0.00	0.00	0.51	1.30	0.00
3	7	0.00	0.00	0.57	1.52	0.00
Core	CPU	C1%	C3%	C6%	C8%	C9%
-	-	0.00	0.00	0.56	0.83	0.00
0	0	0.00	0.00	0.20	1.18	0.00
0	4	0.00	0.00	0.57	0.59	0.00
1	1	0.00	0.00	0.54	1.09	0.00
1	5	0.00	0.00	0.13	0.99	0.00
2	2	0.00	0.02	1.09	0.89	0.00
2	6	0.00	0.00	0.37	0.99	0.00
3	3	0.00	0.00	0.85	0.79	0.00
3	7	0.00	0.02	0.69	0.15	0.00
Core	CPU	C1%	C3%	C6%	C8%	C9%
-	-	0.00	0.01	0.53	0.75	0.00
0	0	0.00	0.00	0.36	0.98	0.00
0	4	0.00	0.00	0.40	1.19	0.00
1	1	0.00	0.02	0.30	0.40	0.00
1	5	0.00	0.00	0.65	0.01	0.00
2	2	0.00	0.05	0.64	0.90	0.00
2	6	0.00	0.00	1.10	1.00	0.00
3	3	0.00	0.00	0.42	0.70	0.00
3	7	0.00	0.00	0.39	0.78	0.00
Core	CPU	C1%	C3%	C6%	C8%	C9%
-	-	0.00	0.01	0.33	0.98	0.00
0	0	0.00	0.02	0.42	1.50	0.00
0	4	0.00	0.00	0.13	0.99	0.00
1	1	0.00	0.00	0.10	0.50	0.00
1	5	0.00	0.00	0.32	0.89	0.00
2	2	0.00	0.04	0.73	0.79	0.00
2	6	0.00	0.00	0.24	1.19	0.00
3	3	0.00	0.01	0.30	0.80	0.00
3	7	0.00	0.00	0.37	1.19	0.00
Core	CPU	C1%	C3%	C6%	C8%	C9%
-	-	0.00	0.32	0.70	1.44	0.00
0	0	0.00	0.02	0.32	1.09	0.00
0	4	0.00	0.00	0.20	1.38	0.00
1	1	0.00	0.00	0.87	1.68	0.00
1	5	0.00	0.00	0.58	2.44	0.00
2	2	0.00	0.00	1.92	1.67	0.00
2	6	0.00	0.00	1.36	1.38	0.00
3	3	0.00	2.50	0.06	0.00	0.00
3	7	0.00	0.00	0.26	1.90	0.00
Core	CPU	C1%	C3%	C6%	C8%	C9%
-	-	0.00	0.01	0.49	1.17	0.00
0	0	0.00	0.02	0.38	1.60	0.00
0	4	0.00	0.00	0.46	1.40	0.00
1	1	0.00	0.00	0.44	1.29	0.00
1	5	0.00	0.00	0.33	0.81	0.00
2	2	0.00	0.03	0.86	1.51	0.00
2	6	0.00	0.00	0.47	1.40	0.00
3	3	0.00	0.00	0.64	0.81	0.00
3	7	0.00	0.00	0.33	0.56	0.00
Core	CPU	C1%	C3%	C6%	C8%	C9%
-	-	0.00	0.00	0.50	0.79	0.00
0	0	0.00	0.00	0.44	1.68	0.00
0	4	0.00	0.00	0.35	0.69	0.00
1	1	0.00	0.00	0.13	0.39	0.00
1	5	0.00	0.00	0.04	0.60	0.00
2	2	0.00	0.00	1.29	0.50	0.00
2	6	0.00	0.00	0.43	1.09	0.00
3	3	0.00	0.00	0.63	0.49	0.00
3	7	0.00	0.00	0.69	0.86	0.00
Core	CPU	C1%	C3%	C6%	C8%	C9%
-	-	0.00	0.00	0.51	0.93	0.00
0	0	0.00	0.00	1.74	1.91	0.00
0	4	0.00	0.00	0.13	0.51	0.00
1	1	0.00	0.00	0.28	0.41	0.00
1	5	0.00	0.00	0.27	0.90	0.00
2	2	0.00	0.04	0.81	0.70	0.00
2	6	0.00	0.00	0.22	1.00	0.00
3	3	0.00	0.00	0.18	0.91	0.00
3	7	0.00	0.00	0.44	1.10	0.00
Core	CPU	C1%	C3%	C6%	C8%	C9%
-	-	0.00	0.03	0.67	4.62	0.00
0	0	0.00	0.01	0.53	0.30	0.00
0	4	0.00	0.00	0.19	1.39	0.00
1	1	0.01	0.23	0.94	29.33	0.00
1	5	0.00	0.00	0.44	1.10	0.00
2	2	0.00	0.00	1.12	0.79	0.00
2	6	0.00	0.01	1.18	0.91	0.00
3	3	0.00	0.00	0.38	1.39	0.00
3	7	0.00	0.01	0.59	1.79	0.00
Core	CPU	C1%	C3%	C6%	C8%	C9%
-	-	0.00	0.01	0.53	0.82	0.00
0	0	0.00	0.02	0.29	0.60	0.00
0	4	0.00	0.00	0.10	1.00	0.00
1	1	0.00	0.00	0.87	0.00	0.00
1	5	0.00	0.03	1.03	1.47	0.00
2	2	0.00	0.00	0.52	1.09	0.00
2	6	0.00	0.02	0.78	0.50	0.00
3	3	0.00	0.00	0.10	0.99	0.00
3	7	0.00	0.01	0.56	0.91	0.00
Core	CPU	C1%	C3%	C6%	C8%	C9%
-	-	0.00	0.34	0.69	1.58	0.00
0	0	0.00	0.00	0.74	1.69	0.00
0	4	0.00	0.00	0.38	1.98	0.00
1	1	0.00	0.00	1.25	1.58	0.00
1	5	0.00	0.00	0.28	1.97	0.00
2	2	0.00	0.02	0.39	1.78	0.00
2	6	0.00	0.00	0.97	1.78	0.00
3	3	0.00	2.70	0.02	0.00	0.00
3	7	0.00	0.02	1.47	1.82	0.00
Core	CPU	C1%	C3%	C6%	C8%	C9%
-	-	0.00	0.01	0.41	0.97	0.00
0	0	0.00	0.02	0.59	0.79	0.00
0	4	0.00	0.00	0.27	0.89	0.00
1	1	0.00	0.00	0.35	0.79	0.00
1	5	0.00	0.01	0.32	0.98	0.00
2	2	0.00	0.00	0.20	1.19	0.00
2	6	0.00	0.00	0.39	1.09	0.00
3	3	0.00	0.00	0.47	0.79	0.00
3	7	0.00	0.05	0.66	1.21	0.00
Core	CPU	C1%	C3%	C6%	C8%	C9%
-	-	0.00	0.01	0.56	0.91	0.00
0	0	0.00	0.00	0.58	0.59	0.00
0	4	0.00	0.00	0.26	0.89	0.00
1	1	0.00	0.00	0.68	0.69	0.00
1	5	0.00	0.05	0.71	0.56	0.00
2	2	0.00	0.00	0.79	0.79	0.00
2	6	0.00	0.00	0.36	1.38	0.00
3	3	0.00	0.00	0.36	1.18	0.00
3	7	0.00	0.03	0.73	1.21	0.00
Core	CPU	C1%	C3%	C6%	C8%	C9%
-	-	0.00	0.01	0.33	0.87	0.00
0	0	0.00	0.00	0.19	0.90	0.00
0	4	0.00	0.00	0.37	0.59	0.00
1	1	0.00	0.05	0.20	0.89	0.00
1	5	0.00	0.00	0.23	0.99	0.00
2	2	0.00	0.01	0.28	0.51	0.00
2	6	0.00	0.00	0.48	0.99	0.00
3	3	0.00	0.00	0.37	0.99	0.00
3	7	0.00	0.02	0.54	1.12	0.00
Core	CPU	C1%	C3%	C6%	C8%	C9%
-	-	0.00	0.01	0.39	0.92	0.00
0	0	0.00	0.00	0.27	0.90	0.00
0	4	0.00	0.00	0.35	0.80	0.00
1	1	0.00	0.00	0.32	0.91	0.00
1	5	0.00	0.00	0.40	1.02	0.00
2	2	0.00	0.00	0.37	1.51	0.00
2	6	0.00	0.00	0.45	0.91	0.00
3	3	0.00	0.00	0.35	0.70	0.00
3	7	0.00	0.04	0.61	0.64	0.00
Core	CPU	C1%	C3%	C6%	C8%	C9%
-	-	0.00	0.01	0.52	1.12	0.00
0	0	0.00	0.00	0.64	1.71	0.00
0	4	0.00	0.00	0.35	0.90	0.00
1	1	0.00	0.00	0.32	1.01	0.00
1	5	0.03	0.02	0.73	1.41	0.00
2	2	0.00	0.00	0.18	1.00	0.00
2	6	0.00	0.00	0.35	0.80	0.00
3	3	0.00	0.00	0.87	1.30	0.00
3	7	0.00	0.04	0.70	0.84	0.00
Core	CPU	C1%	C3%	C6%	C8%	C9%
-	-	0.00	0.36	0.69	1.29	0.00
0	0	0.00	0.02	1.37	1.18	0.00
0	4	0.00	0.00	0.25	1.38	0.00
1	1	0.00	0.00	0.41	1.39	0.00
1	5	0.00	0.00	0.63	1.28	0.00
2	2	0.00	0.00	0.78	2.07	0.00
2	6	0.00	0.00	0.54	1.78	0.00
3	3	0.00	2.78	0.02	0.00	0.00
3	7	0.00	0.05	1.50	1.23	0.00
Core	CPU	C1%	C3%	C6%	C8%	C9%
-	-	0.00	0.01	0.48	1.12	0.00
0	0	0.00	0.00	0.33	0.80	0.00
0	4	0.00	0.00	0.45	0.60	0.00
1	1	0.00	0.00	0.32	0.99	0.00
1	5	0.00	0.02	0.29	0.90	0.00
2	2	0.00	0.00	0.57	1.50	0.00
2	6	0.00	0.00	0.46	1.69	0.00
3	3	0.00	0.00	0.72	1.21	0.00
3	7	0.00	0.07	0.74	1.27	0.00
Core	CPU	C1%	C3%	C6%	C8%	C9%
-	-	0.00	0.00	0.54	0.98	0.00
0	0	0.00	0.00	0.45	0.90	0.00
0	4	0.00	0.00	0.15	1.18	0.00
1	1	0.00	0.00	0.31	1.10	0.00
1	5	0.00	0.00	0.10	1.39	0.00
2	2	0.00	0.00	0.46	1.10	0.00
2	6	0.00	0.00	0.44	0.79	0.00
3	3	0.00	0.00	1.16	0.51	0.00
3	7	0.00	0.02	1.30	0.87	0.00
Core	CPU	C1%	C3%	C6%	C8%	C9%
-	-	0.00	0.01	0.38	1.18	0.00
0	0	0.00	0.00	0.48	1.30	0.00
0	4	0.00	0.00	0.23	1.19	0.00
1	1	0.00	0.00	0.10	0.50	0.00
1	5	0.00	0.00	0.19	0.99	0.00
2	2	0.00	0.00	0.36	0.79	0.00
2	6	0.00	0.01	0.24	1.68	0.00
3	3	0.00	0.00	0.10	1.09	0.00
3	7	0.00	0.04	1.32	1.89	0.00
Core	CPU	C1%	C3%	C6%	C8%	C9%
-	-	0.00	0.01	0.38	0.77	0.00
0	0	0.00	0.02	0.14	0.50	0.00
0	4	0.00	0.00	0.10	0.40	0.00
1	1	0.00	0.00	0.31	0.89	0.00
1	5	0.00	0.00	0.39	1.08	0.00
2	2	0.00	0.00	0.13	0.99	0.00
2	6	0.00	0.00	0.92	0.69	0.00
3	3	0.00	0.00	0.28	0.79	0.00
3	7	0.00	0.04	0.74	0.80	0.00
Core	CPU	C1%	C3%	C6%	C8%	C9%
-	-	0.00	0.00	0.37	0.94	0.00
0	0	0.00	0.00	0.20	0.69	0.00
0	4	0.00	0.00	0.27	0.90	0.00
1	1	0.00	0.00	0.25	0.89	0.00
1	5	0.00	0.00	0.22	1.18	0.00
2	2	0.00	0.00	0.37	1.50	0.00
2	6	0.00	0.00	0.38	1.09	0.00
3	3	0.00	0.00	0.36	0.79	0.00
3	7	0.00	0.00	0.93	0.46	0.00
Core	CPU	C1%	C3%	C6%	C8%	C9%
-	-	0.00	0.27	0.36	1.49	0.17
0	0	0.00	0.00	0.47	1.97	0.00
0	4	0.00	0.00	0.43	2.07	0.00
1	1	0.00	0.02	0.20	1.19	0.00
1	5	0.00	0.00	0.27	1.19	0.00
2	2	0.00	0.00	0.38	1.77	0.00
2	6	0.00	0.00	0.53	1.58	0.00
3	3	0.00	2.08	0.12	0.00	1.35
3	7	0.00	0.05	0.47	2.16	0.00
Core	CPU	C1%	C3%	C6%	C8%	C9%
-	-	0.00	0.01	0.58	1.15	0.00
0	0	0.00	0.00	0.69	1.69	0.00
0	4	0.00	0.02	0.55	1.00	0.00
1	1	0.00	0.00	0.19	1.08	0.00
1	5	0.00	0.00	0.27	0.89	0.00
2	2	0.00	0.00	0.34	1.18	0.00
2	6	0.00	0.00	0.31	0.98	0.00
3	3	0.00	0.00	0.78	0.80	0.00
3	7	0.00	0.04	1.48	1.62	0.00
Core	CPU	C1%	C3%	C6%	C8%	C9%
-	-	0.19	0.01	0.58	0.76	0.00
0	0	0.00	0.01	0.14	0.49	0.00
0	4	0.00	0.00	0.93	0.79	0.00
1	1	0.00	0.00	0.16	1.09	0.00
1	5	0.00	0.00	0.34	0.79	0.00
2	2	0.00	0.02	0.91	1.00	0.00
2	6	0.79	0.00	0.87	0.00	0.00
3	3	0.00	0.00	0.28	0.89	0.00
3	7	0.71	0.02	1.04	1.00	0.00
Core	CPU	C1%	C3%	C6%	C8%	C9%
-	-	0.00	0.00	0.37	0.84	0.00
0	0	0.00	0.00	0.20	0.40	0.00
0	4	0.00	0.00	0.28	0.90	0.00
1	1	0.00	0.00	0.36	0.89	0.00
1	5	0.00	0.00	0.64	1.00	0.00
2	2	0.00	0.00	0.52	0.60	0.00
2	6	0.00	0.00	0.10	1.09	0.00
3	3	0.00	0.00	0.19	0.89	0.00
3	7	0.00	0.00	0.68	0.92	0.00
Core	CPU	C1%	C3%	C6%	C8%	C9%
-	-	0.00	0.01	0.39	0.88	0.00
0	0	0.00	0.00	0.35	1.01	0.00
0	4	0.00	0.00	0.35	0.90	0.00
1	1	0.00	0.00	0.44	0.71	0.00
1	5	0.00	0.00	0.32	0.90	0.00
2	2	0.00	0.00	0.28	1.18	0.00
2	6	0.00	0.00	0.45	0.91	0.00
3	3	0.00	0.00	0.45	0.81	0.00
3	7	0.00	0.05	0.51	0.66	0.00
Core	CPU	C1%	C3%	C6%	C8%	C9%
-	-	0.00	0.00	0.50	0.96	0.00
0	0	0.00	0.00	0.41	1.10	0.00
0	4	0.00	0.00	0.36	0.50	0.00
1	1	0.00	0.00	0.59	0.30	0.00
1	5	0.00	0.00	0.60	0.49	0.00
2	2	0.00	0.00	0.28	1.09	0.00
2	6	0.00	0.00	0.37	0.89	0.00
3	3	0.00	0.00	0.46	1.39	0.00
3	7	0.00	0.02	0.89	1.95	0.00
Core	CPU	C1%	C3%	C6%	C8%	C9%
-	-	0.00	0.34	0.76	1.43	0.00
0	0	0.00	0.00	0.59	1.37	0.00
0	4	0.00	0.00	0.23	1.28	0.00
1	1	0.00	0.00	0.59	0.79	0.00
1	5	0.00	0.00	0.51	1.98	0.00
2	2	0.00	0.00	0.92	2.30	0.00
2	6	0.00	0.00	0.51	1.77	0.00
3	3	0.00	2.68	0.00	0.02	0.00
3	7	0.00	0.03	2.71	1.95	0.00
Core	CPU	C1%	C3%	C6%	C8%	C9%
-	-	0.02	0.00	0.64	0.94	0.00
0	0	0.00	0.02	0.31	0.69	0.00
0	4	0.00	0.00	0.29	1.00	0.00
1	1	0.00	0.00	0.48	0.89	0.00
1	5	0.07	0.00	0.36	1.00	0.00
2	2	0.08	0.00	1.40	0.71	0.00
2	6	0.00	0.02	0.99	0.79	0.00
3	3	0.00	0.00	0.49	0.60	0.00
3	7	0.00	0.00	0.83	1.84	0.00
Core	CPU	C1%	C3%	C6%	C8%	C9%
-	-	0.01	0.02	0.49	3.64	0.00
0	0	0.00	0.00	0.19	0.69	0.00
0	4	0.00	0.00	0.94	0.69	0.00
1	1	0.05	0.11	0.88	22.63	0.00
1	5	0.00	0.00	0.23	0.99	0.00
2	2	0.00	0.00	0.26	1.58	0.00
2	6	0.00	0.00	0.36	0.89	0.00
3	3	0.00	0.00	0.42	0.69	0.00
3	7	0.00	0.02	0.61	0.95	0.00
Core	CPU	C1%	C3%	C6%	C8%	C9%
-	-	0.00	0.01	0.41	1.53	0.00
0	0	0.00	0.00	0.55	1.01	0.00
0	4	0.00	0.00	0.25	1.09	0.00
1	1	0.00	0.04	0.70	5.48	0.00
1	5	0.00	0.00	0.10	0.40	0.00
2	2	0.00	0.00	0.37	0.99	0.00
2	6	0.00	0.00	0.36	0.79	0.00
3	3	0.00	0.00	0.32	1.10	0.00
3	7	0.00	0.01	0.60	1.36	0.00
Core	CPU	C1%	C3%	C6%	C8%	C9%
-	-	0.00	0.00	0.43	0.67	0.00
0	0	0.00	0.00	0.34	0.79	0.00
0	4	0.00	0.00	0.23	0.69	0.00
1	1	0.00	0.00	0.50	0.00	0.00
1	5	0.00	0.00	0.27	0.89	0.00
2	2	0.00	0.00	0.35	0.79	0.00
2	6	0.00	0.00	0.51	0.79	0.00
3	3	0.00	0.01	0.38	0.70	0.00
3	7	0.00	0.00	0.89	0.70	0.00
Core	CPU	C1%	C3%	C6%	C8%	C9%
-	-	0.00	0.00	0.51	0.71	0.00
0	0	0.00	0.00	0.22	0.89	0.00
0	4	0.00	0.00	0.18	0.70	0.00
1	1	0.00	0.00	0.61	0.69	0.00
1	5	0.00	0.00	0.36	0.79	0.00
2	2	0.00	0.00	0.92	0.49	0.00
2	6	0.00	0.01	0.89	0.40	0.00
3	3	0.00	0.00	0.19	0.88	0.00
3	7	0.00	0.01	0.74	0.84	0.00
Core	CPU	C1%	C3%	C6%	C8%	C9%
-	-	0.00	0.32	0.95	1.44	0.00
0	0	0.00	0.00	0.97	2.07	0.00
0	4	0.00	0.00	0.56	2.07	0.00
1	1	0.00	0.00	1.12	1.28	0.00
1	5	0.00	0.01	1.32	1.29	0.00
2	2	0.00	0.00	1.07	1.58	0.00
2	6	0.00	0.00	1.22	1.78	0.00
3	3	0.01	2.58	0.13	0.00	0.00
3	7	0.00	0.01	1.22	1.44	0.00
Core	CPU	C1%	C3%	C6%	C8%	C9%
-	-	0.00	0.00	0.57	0.89	0.00
0	0	0.00	0.00	1.00	1.30	0.00
0	4	0.00	0.00	0.24	0.69	0.00
1	1	0.00	0.02	0.20	0.30	0.00
1	5	0.00	0.00	0.19	0.80	0.00
2	2	0.00	0.00	0.37	1.00	0.00
2	6	0.00	0.00	0.64	1.60	0.00
3	3	0.00	0.00	0.74	0.40	0.00
3	7	0.00	0.02	1.18	1.05	0.00
Core	CPU	C1%	C3%	C6%	C8%	C9%
-	-	0.00	0.01	0.57	0.97	0.00
0	0	0.00	0.00	0.63	0.61	0.00
0	4	0.00	0.00	0.22	0.90	0.00
1	1	0.00	0.00	0.18	0.90	0.00
1	5	0.00	0.00	0.55	2.57	0.00
2	2	0.00	0.00	0.35	0.80	0.00
2	6	0.00	0.00	1.19	1.38	0.00
3	3	0.00	0.02	0.57	0.22	0.00
3	7	0.00	0.06	0.83	0.40	0.00
Core	CPU	C1%	C3%	C6%	C8%	C9%
-	-	0.00	0.00	0.57	0.63	0.00
0	0	0.00	0.00	0.59	0.00	0.00
0	4	0.00	0.02	0.67	0.00	0.00
1	1	0.00	0.00	0.77	1.19	0.00
1	5	0.00	0.00	0.31	1.08	0.00
2	2	0.00	0.00	0.24	0.89	0.00
2	6	0.00	0.00	0.33	0.89	0.00
3	3	0.00	0.00	0.69	0.39	0.00
3	7	0.00	0.01	0.97	0.61	0.00
Core	CPU	C1%	C3%	C6%	C8%	C9%
-	-	0.00	0.00	0.51	0.75	0.00
0	0	0.00	0.00	0.49	0.24	0.00
0	4	0.00	0.00	0.58	0.69	0.00
1	1	0.00	0.00	0.36	0.89	0.00
1	5	0.00	0.00	0.15	0.99	0.00
2	2	0.00	0.01	0.68	0.80	0.00
2	6	0.00	0.00	0.27	0.99	0.00
3	3	0.00	0.00	0.37	0.98	0.00
3	7	0.00	0.02	1.18	0.43	0.00
Core	CPU	C1%	C3%	C6%	C8%	C9%
-	-	0.00	0.01	0.47	1.09	0.00
0	0	0.00	0.00	0.58	1.39	0.00
0	4	0.00	0.00	0.63	1.40	0.00
1	1	0.00	0.00	0.14	1.18	0.00
1	5	0.00	0.00	0.32	1.10	0.00
2	2	0.00	0.00	0.29	1.20	0.00
2	6	0.00	0.00	0.28	0.89	0.00
3	3	0.00	0.00	0.26	0.89	0.00
3	7	0.00	0.08	1.24	0.66	0.00
Core	CPU	C1%	C3%	C6%	C8%	C9%
-	-	0.00	0.34	0.78	1.33	0.00
0	0	0.00	0.00	1.05	0.89	0.00
0	4	0.00	0.00	0.24	1.38	0.00
1	1	0.00	0.02	0.89	1.09	0.00
1	5	0.00	0.00	0.79	1.97	0.00
2	2	0.00	0.00	0.65	1.77	0.00
2	6	0.00	0.00	1.51	1.97	0.00
3	3	0.00	2.67	0.02	0.00	0.00
3	7	0.00	0.03	1.08	1.56	0.00
Core	CPU	C1%	C3%	C6%	C8%	C9%
-	-	0.00	0.01	0.33	0.91	0.00
0	0	0.00	0.00	0.54	0.99	0.00
0	4	0.00	0.02	0.10	1.00	0.00
1	1	0.00	0.00	0.10	0.40	0.00
1	5	0.00	0.00	0.18	0.99	0.00
2	2	0.00	0.00	0.54	1.00	0.00
2	6	0.00	0.00	0.24	0.99	0.00
3	3	0.00	0.02	0.39	0.90	0.00
3	7	0.00	0.02	0.58	1.00	0.00
Core	CPU	C1%	C3%	C6%	C8%	C9%
-	-	0.00	0.00	0.72	0.84	0.00
0	0	0.00	0.00	0.42	0.89	0.00
0	4	0.00	0.00	0.75	1.19	0.00
1	1	0.00	0.00	0.89	1.09	0.00
1	5	0.00	0.00	0.43	0.79	0.00
2	2	0.00	0.00	1.02	0.49	0.00
2	6	0.00	0.02	1.07	0.39	0.00
3	3	0.00	0.00	0.19	0.89	0.00
3	7	0.00	0.01	0.96	0.99	0.00
Core	CPU	C1%	C3%	C6%	C8%	C9%
-	-	0.00	0.00	0.36	1.07	0.00
0	0	0.00	0.00	0.40	1.79	0.00
0	4	0.00	0.00	0.19	0.99	0.00
1	1	0.00	0.00	0.36	0.89	0.00
1	5	0.00	0.00	0.25	0.89	0.00
2	2	0.00	0.00	0.32	1.09	0.00
2	6	0.00	0.00	0.10	1.19	0.00
3	3	0.00	0.00	0.28	0.79	0.00
3	7	0.00	0.00	1.02	0.96	0.00
Core	CPU	C1%	C3%	C6%	C8%	C9%
-	-	0.00	0.00	0.62	0.74	0.00
0	0	0.00	0.00	0.69	0.50	0.00
0	4	0.00	0.00	0.44	0.89	0.00
1	1	0.00	0.00	0.63	0.49	0.00
1	5	0.00	0.00	1.00	0.30	0.00
2	2	0.00	0.00	0.37	0.99	0.00
2	6	0.00	0.00	0.53	0.90	0.00
3	3	0.00	0.00	0.62	0.99	0.00
3	7	0.00	0.00	0.67	0.87	0.00
Core	CPU	C1%	C3%	C6%	C8%	C9%
-	-	0.00	0.02	0.41	0.74	0.00
0	0	0.00	0.00	0.35	0.70	0.00
0	4	0.00	0.00	0.61	0.59	0.00
1	1	0.00	0.01	0.30	0.60	0.00
1	5	0.00	0.00	0.20	0.89	0.00
2	2	0.00	0.00	0.27	0.99	0.00
2	6	0.00	0.00	0.45	0.69	0.00
3	3	0.00	0.10	0.22	0.79	0.00
3	7	0.00	0.04	0.87	0.69	0.00
Core	CPU	C1%	C3%	C6%	C8%	C9%
-	-	0.00	0.27	0.54	1.51	0.01
0	0	0.00	0.00	1.10	0.79	0.00
0	4	0.00	0.01	0.89	0.59	0.00
1	1	0.00	0.00	0.48	1.78	0.00
1	5	0.00	0.00	0.47	2.25	0.00
2	2	0.00	0.00	0.24	2.07	0.00
2	6	0.00	0.00	0.30	2.07	0.00
3	3	0.00	2.08	0.10	0.02	0.10
3	7	0.00	0.03	0.69	2.48	0.00
Core	CPU	C1%	C3%	C6%	C8%	C9%
-	-	0.00	0.00	0.48	0.85	0.00
0	0	0.00	0.02	0.62	0.91	0.00
0	4	0.00	0.00	0.20	0.79	0.00
1	1	0.00	0.00	0.27	0.89	0.00
1	5	0.00	0.00	0.75	0.59	0.00
2	2	0.00	0.00	0.51	0.90	0.00
2	6	0.00	0.00	0.20	1.00	0.00
3	3	0.00	0.00	0.58	0.49	0.00
3	7	0.00	0.02	0.74	1.23	0.00
Core	CPU	C1%	C3%	C6%	C8%	C9%
-	-	0.00	0.02	0.47	0.98	0.00
0	0	0.00	0.00	0.45	0.93	0.00
0	4	0.00	0.00	0.51	0.80	0.00
1	1	0.00	0.00	0.41	0.90	0.00
1	5	0.00	0.05	0.35	1.09	0.00
2	2	0.00	0.00	0.36	1.00	0.00
2	6	0.00	0.00	0.43	0.71	0.00
3	3	0.00	0.00	0.53	1.02	0.00
3	7	0.00	0.08	0.72	1.35	0.00
Core	CPU	C1%	C3%	C6%	C8%	C9%
-	-	0.00	0.00	0.49	0.68	0.00
0	0	0.00	0.00	0.37	0.59	0.00
0	4	0.00	0.00	0.52	0.40	0.00
1	1	0.00	0.02	0.58	0.31	0.00
1	5	0.00	0.01	0.60	0.68	0.00
2	2	0.00	0.00	0.28	0.89	0.00
2	6	0.00	0.00	0.54	0.79	0.00
3	3	0.00	0.00	0.12	1.09	0.00
3	7	0.00	0.00	0.90	0.70	0.00
Core	CPU	C1%	C3%	C6%	C8%	C9%
-	-	0.00	0.00	0.59	0.62	0.00
0	0	0.00	0.00	0.21	0.50	0.00
0	4	0.00	0.00	0.49	0.00	0.00
1	1	0.00	0.00	0.77	0.89	0.00
1	5	0.00	0.00	0.36	0.79	0.00
2	2	0.00	0.00	0.82	0.59	0.00
2	6	0.00	0.01	0.87	0.49	0.00
3	3	0.00	0.00	0.38	0.79	0.00
3	7	0.00	0.01	0.79	0.93	0.00
Core	CPU	C1%	C3%	C6%	C8%	C9%
-	-	0.00	0.00	0.50	0.78	0.00
0	0	0.00	0.00	0.38	0.61	0.00
0	4	0.00	0.00	0.37	0.78	0.00
1	1	0.00	0.00	0.34	0.89	0.00
1	5	0.00	0.00	0.22	1.09	0.00
2	2	0.00	0.00	0.39	0.99	0.00
2	6	0.00	0.00	0.28	0.79	0.00
3	3	0.00	0.00	0.75	0.00	0.00
3	7	0.00	0.03	1.27	1.07	0.00
Core	CPU	C1%	C3%	C6%	C8%	C9%
-	-	0.00	0.38	0.57	4.46	0.00
0	0	0.00	0.00	0.85	1.28	0.00
0	4	0.00	0.00	0.42	1.28	0.00
1	1	0.02	0.23	0.79	25.25	0.00
1	5	0.00	0.04	0.77	1.87	0.00
2	2	0.00	0.00	0.64	1.77	0.00
2	6	0.00	0.00	0.42	1.97	0.00
3	3	0.00	2.77	0.01	0.00	0.00
3	7	0.00	0.03	0.69	2.25	0.00
Core	CPU	C1%	C3%	C6%	C8%	C9%
-	-	0.00	0.00	0.54	0.99	0.00
0	0	0.00	0.00	0.14	0.49	0.00
0	4	0.00	0.02	0.28	0.60	0.00
1	1	0.00	0.00	0.49	3.36	0.00
1	5	0.00	0.00	0.87	0.79	0.00
2	2	0.00	0.00	0.54	0.80	0.00
2	6	0.00	0.00	0.14	1.09	0.00
3	3	0.00	0.00	0.70	0.40	0.00
3	7	0.00	0.00	1.19	0.40	0.00
Core	CPU	C1%	C3%	C6%	C8%	C9%
-	-	0.01	0.01	0.57	0.73	0.00
0	0	0.00	0.02	0.29	0.39	0.00
0	4	0.00	0.00	0.47	0.70	0.00
1	1	0.00	0.00	0.48	0.69	0.00
1	5	0.00	0.00	0.36	0.89	0.00
2	2	0.00	0.00	0.93	0.79	0.00
2	6	0.10	0.02	0.97	0.79	0.00
3	3	0.00	0.00	0.19	0.90	0.00
3	7	0.00	0.02	0.91	0.71	0.00
Core	CPU	C1%	C3%	C6%	C8%	C9%
-	-	0.00	0.00	0.45	1.04	0.00
0	0	0.00	0.00	0.63	1.20	0.00
0	4	0.00	0.00	0.67	0.99	0.00
1	1	0.00	0.00	0.36	0.80	0.00
1	5	0.00	0.00	0.31	1.20	0.00
2	2	0.00	0.02	0.29	0.79	0.00
2	6	0.00	0.00	0.29	1.38	0.00
3	3	0.00	0.00	0.28	0.79	0.00
3	7	0.00	0.02	0.77	1.16	0.00
Core	CPU	C1%	C3%	C6%	C8%	C9%
-	-	0.00	0.00	0.37	0.92	0.00
0	0	0.00	0.00	0.27	0.90	0.00
0	4	0.00	0.00	0.35	0.81	0.00
1	1	0.00	0.00	0.22	0.90	0.00
1	5	0.00	0.02	0.28	1.01	0.00
2	2	0.00	0.00	0.18	1.00	0.00
2	6	0.00	0.00	0.44	0.80	0.00
3	3	0.00	0.00	0.44	0.61	0.00
3	7	0.00	0.02	0.75	1.36	0.00
Core	CPU	C1%	C3%	C6%	C8%	C9%
-	-	0.00	0.01	0.41	0.82	0.00
0	0	0.00	0.00	0.45	0.40	0.00
0	4	0.00	0.00	0.32	0.59	0.00
1	1	0.00	0.02	0.28	1.00	0.00
1	5	0.00	0.00	0.09	0.90	0.00
2	2	0.00	0.00	0.36	0.80	0.00
2	6	0.00	0.00	0.43	1.09	0.00
3	3	0.00	0.00	0.69	0.91	0.00
3	7	0.00	0.05	0.65	0.91	0.00
Core	CPU	C1%	C3%	C6%	C8%	C9%
-	-	0.00	0.30	0.52	1.40	0.00
0	0	0.00	0.00	0.38	1.39	0.00
0	4	0.00	0.00	0.20	1.09	0.00
1	1	0.00	0.00	0.39	1.87	0.00
1	5	0.00	0.00	0.55	2.08	0.00
2	2	0.00	0.00	0.72	1.28	0.00
2	6	0.00	0.00	1.17	1.48	0.00
3	3	0.00	2.40	0.13	0.00	0.00
3	7	0.00	0.02	0.65	2.02	0.00
Core	CPU	C1%	C3%	C6%	C8%	C9%
-	-	0.00	0.01	0.44	1.16	0.00
0	0	0.00	0.03	0.37	1.08	0.00
0	4	0.00	0.00	0.45	1.40	0.00
1	1	0.00	0.00	0.44	1.19	0.00
1	5	0.00	0.00	0.41	0.91	0.00
2	2	0.00	0.00	0.38	1.20	0.00
2	6	0.00	0.00	0.46	1.39	0.00
3	3	0.00	0.00	0.54	1.09	0.00
3	7	0.00	0.04	0.50	0.98	0.00
Core	CPU	C1%	C3%	C6%	C8%	C9%
-	-	0.00	0.01	0.55	1.02	0.00
0	0	0.00	0.00	0.55	1.08	0.00
0	4	0.00	0.00	0.90	0.79	0.00
1	1	0.00	0.01	0.00	0.40	0.00
1	5	0.00	0.00	0.20	1.08	0.00
2	2	0.00	0.00	0.65	0.98	0.00
2	6	0.00	0.00	0.43	1.68	0.00
3	3	0.00	0.02	0.20	0.99	0.00
3	7	0.00	0.05	1.48	1.15	0.00
Core	CPU	C1%	C3%	C6%	C8%	C9%
-	-	0.00	0.00	0.41	0.82	0.00
0	0	0.00	0.00	0.64	0.59	0.00
0	4	0.00	0.01	0.64	1.08	0.00
1	1	0.00	0.00	0.10	0.50	0.00
1	5	0.00	0.03	0.46	0.69	0.00
2	2	0.00	0.00	0.37	0.99	0.00
2	6	0.00	0.00	0.15	0.99	0.00
3	3	0.00	0.00	0.32	1.09	0.00
3	7	0.00	0.00	0.58	0.60	0.00
Core	CPU	C1%	C3%	C6%	C8%	C9%
-	-	0.00	0.01	0.63	0.76	0.00
0	0	0.00	0.00	0.22	0.50	0.00
0	4	0.00	0.04	1.07	0.89	0.00
1	1	0.00	0.00	0.77	0.99	0.00
1	5	0.00	0.00	0.36	0.79	0.00
2	2	0.00	0.00	0.73	0.69	0.00
2	6	0.00	0.00	0.80	0.59	0.00
3	3	0.00	0.00	0.77	0.79	0.00
3	7	0.00	0.00	0.35	0.82	0.00
Core	CPU	C1%	C3%	C6%	C8%	C9%
-	-	0.00	0.01	0.43	0.91	0.00
0	0	0.00	0.00	0.35	1.49	0.00
0	4	0.00	0.02	0.67	0.89	0.00
1	1	0.00	0.05	0.10	1.18	0.00
1	5	0.00	0.00	0.13	1.09	0.00
2	2	0.00	0.00	0.20	0.90	0.00
2	6	0.00	0.00	0.37	1.28	0.00
3	3	0.00	0.00	0.75	0.00	0.00
3	7	0.00	0.02	0.86	0.47	0.00
Core	CPU	C1%	C3%	C6%	C8%	C9%
-	-	0.00	0.28	0.44	1.42	0.01
0	0	0.00	0.00	0.47	1.48	0.00
0	4	0.00	0.00	1.12	0.70	0.00
1	1	0.00	0.00	0.23	1.19	0.00
1	5	0.00	0.00	0.37	2.08	0.00
2	2	0.00	0.00	0.46	1.77	0.00
2	6	0.00	0.00	0.32	2.07	0.00
3	3	0.01	2.20	0.01	0.00	0.07
3	7	0.00	0.01	0.57	2.09	0.00
Core	CPU	C1%	C3%	C6%	C8%	C9%
-	-	0.00	0.01	0.60	0.78	0.00
0	0	0.00	0.05	0.59	0.50	0.00
0	4	0.00	0.00	0.20	0.89	0.00
1	1	0.00	0.00	0.28	0.99	0.00
1	5	0.00	0.00	0.36	0.79	0.00
2	2	0.00	0.00	1.12	0.39	0.00
2	6	0.00	0.02	0.99	0.79	0.00
3	3	0.00	0.00	0.78	0.79	0.00
3	7	0.00	0.00	0.45	1.11	0.00
Core	CPU	C1%	C3%	C6%	C8%	C9%
-	-	0.00	0.00	0.38	0.83	0.00
0	0	0.00	0.02	0.41	0.59	0.00
0	4	0.00	0.00	0.35	0.81	0.00
1	1	0.00	0.00	0.42	1.30	0.00
1	5	0.00	0.00	0.40	0.91	0.00
2	2	0.00	0.00	0.28	0.81	0.00
2	6	0.00	0.00	0.42	0.81	0.00
3	3	0.00	0.00	0.43	0.71	0.00
3	7	0.00	0.00	0.31	0.66	0.00
Core	CPU	C1%	C3%	C6%	C8%	C9%
-	-	0.00	0.01	0.54	1.39	0.00
0	0	0.00	0.05	1.43	1.59	0.00
0	4	0.00	0.00	0.51	1.70	0.00
1	1	0.00	0.02	0.18	1.00	0.00
1	5	0.00	0.00	0.18	0.91	0.00
2	2	0.00	0.00	0.44	1.10	0.00
2	6	0.00	0.00	0.71	1.12	0.00
3	3	0.00	0.00	0.48	1.70	0.00
3	7	0.00	0.00	0.36	2.04	0.00
Core	CPU	C1%	C3%	C6%	C8%	C9%
-	-	0.00	0.02	0.45	0.97	0.00
0	0	0.00	0.00	0.77	0.41	0.00
0	4	0.00	0.02	0.67	1.02	0.00
1	1	0.00	0.00	0.28	1.21	0.00
1	5	0.00	0.00	0.26	1.39	0.00
2	2	0.00	0.00	0.45	0.91	0.00
2	6	0.00	0.00	0.51	0.71	0.00
3	3	0.00	0.11	0.21	0.81	0.00
3	7	0.00	0.00	0.41	1.30	0.00
Core	CPU	C1%	C3%	C6%	C8%	C9%
-	-	0.10	0.00	0.37	0.90	0.00
0	0	0.78	0.00	0.29	1.10	0.00
0	4	0.00	0.02	0.77	1.71	0.00
1	1	0.00	0.00	0.09	0.41	0.00
1	5	0.00	0.00	0.36	0.81	0.00
2	2	0.00	0.00	0.43	0.71	0.00
2	6	0.00	0.00	0.31	0.91	0.00
3	3	0.00	0.00	0.27	0.82	0.00
3	7	0.00	0.00	0.44	0.73	0.00
Core	CPU	C1%	C3%	C6%	C8%	C9%
-	-	0.00	0.26	0.60	1.76	0.00
0	0	0.00	0.00	0.48	1.38	0.00
0	4	0.00	0.00	1.26	2.08	0.00
1	1	0.00	0.00	0.55	1.67	0.00
1	5	0.00	0.01	0.24	2.25	0.00
2	2	0.00	0.00	0.96	2.07	0.00
2	6	0.00	0.00	0.47	1.98	0.00
3	3	0.00	2.08	0.38	0.29	0.00
3	7	0.00	0.00	0.46	2.32	0.00
Core	CPU	C1%	C3%	C6%	C8%	C9%
-	-	0.00	0.01	0.47	1.09	0.00
0	0	0.00	0.00	0.55	1.98	0.00
0	4	0.00	0.02	0.65	0.81	0.00
1	1	0.00	0.00	0.14	0.49	0.00
1	5	0.00	0.02	0.79	0.29	0.00
2	2	0.00	0.00	0.37	1.49	0.00
2	6	0.00	0.00	0.46	1.48	0.00
3	3	0.00	0.00	0.54	0.80	0.00
3	7	0.00	0.03	0.28	1.34	0.00
Core	CPU	C1%	C3%	C6%	C8%	C9%
-	-	0.00	0.01	0.46	0.96	0.00
0	0	0.00	0.02	0.59	1.29	0.00
0	4	0.00	0.01	1.14	0.29	0.00
1	1	0.00	0.01	0.40	0.69	0.00
1	5	0.00	0.03	0.47	1.19	0.00
2	2	0.00	0.00	0.37	0.79	0.00
2	6	0.00	0.00	0.32	1.19	0.00
3	3	0.00	0.04	0.19	1.20	0.00
3	7	0.00	0.00	0.19	1.00	0.00
Core	CPU	C1%	C3%	C6%	C8%	C9%
-	-	0.00	0.01	0.51	0.69	0.00
0	0	0.00	0.02	0.61	0.89	0.00
0	4	0.00	0.00	0.10	0.70	0.00
1	1	0.00	0.00	0.28	1.09	0.00
1	5	0.00	0.05	0.72	0.20	0.00
2	2	0.00	0.00	0.92	0.40	0.00
2	6	0.00	0.01	0.89	0.49	0.00
3	3	0.00	0.00	0.28	0.99	0.00
3	7	0.00	0.00	0.25	0.73	0.00
Core	CPU	C1%	C3%	C6%	C8%	C9%
-	-	0.00	0.03	0.67	4.46	0.06
0	0	0.00	0.00	1.09	0.69	0.00
0	4	0.00	0.00	0.36	1.08	0.00
1	1	0.01	0.22	1.06	28.41	0.00
1	5	0.00	0.02	0.66	1.08	0.51
2	2	0.00	0.00	0.20	1.18	0.00
2	6	0.00	0.00	1.23	1.39	0.00
3	3	0.00	0.00	0.34	1.09	0.00
3	7	0.00	0.03	0.39	0.74	0.00
Core	CPU	C1%	C3%	C6%	C8%	C9%
-	-	0.00	0.01	0.51	0.78	0.00
0	0	0.00	0.05	0.87	1.11	0.00
0	4	0.00	0.00	0.23	0.50	0.00
1	1	0.00	0.02	0.49	0.10	0.00
1	5	0.00	0.00	0.19	0.68	0.00
2	2	0.00	0.00	0.28	1.09	0.00
2	6	0.00	0.00	0.36	0.89	0.00
3	3	0.00	0.00	0.83	0.79	0.00
3	7	0.00	0.00	0.86	1.07	0.00
Core	CPU	C1%	C3%	C6%	C8%	C9%
-	-	0.01	0.28	0.44	1.49	0.00
0	0	0.00	0.05	0.51	1.48	0.00
0	4	0.00	0.00	0.22	1.28	0.00
1	1	0.00	0.00	0.59	0.79	0.00
1	5	0.04	0.02	0.91	2.37	0.00
2	2	0.00	0.00	0.52	1.87	0.00
2	6	0.00	0.00	0.39	2.07	0.00
3	3	0.08	2.20	0.00	0.00	0.00
3	7	0.00	0.00	0.36	2.04	0.00
Core	CPU	C1%	C3%	C6%	C8%	C9%
-	-	0.00	0.00	0.57	0.57	0.00
0	0	0.00	0.01	1.04	0.10	0.00
0	4	0.00	0.02	0.20	0.90	0.00
1	1	0.00	0.00	0.10	0.40	0.00
1	5	0.00	0.00	0.79	0.40	0.00
2	2	0.00	0.00	0.27	0.90	0.00
2	6	0.00	0.00	0.56	0.69	0.00
3	3	0.00	0.00	0.74	0.40	0.00
3	7	0.00	0.00	0.87	0.79	0.00
Core	CPU	C1%	C3%	C6%	C8%	C9%
-	-	0.00	0.00	0.43	0.98	0.00
0	0	0.00	0.01	0.64	1.10	0.00
0	4	0.00	0.00	0.39	1.00	0.00
1	1	0.00	0.00	0.18	0.91	0.00
1	5	0.00	0.00	0.45	1.29	0.00
2	2	0.00	0.00	0.44	0.70	0.00
2	6	0.00	0.00	0.49	1.01	0.00
3	3	0.00	0.00	0.44	1.01	0.00
3	7	0.00	0.00	0.37	0.80	0.00
Core	CPU	C1%	C3%	C6%	C8%	C9%
-	-	0.00	0.01	0.32	0.98	0.00
0	0	0.00	0.03	0.37	0.72	0.00
0	4	0.00	0.02	0.30	1.09	0.00
1	1	0.00	0.00	0.27	0.90	0.00
1	5	0.00	0.00	0.70	1.01	0.00
2	2	0.00	0.00	0.21	1.20	0.00
2	6	0.00	0.00	0.09	1.10	0.00
3	3	0.00	0.00	0.27	0.80	0.00
3	7	0.00	0.00	0.32	1.04	0.00
Core	CPU	C1%	C3%	C6%	C8%	C9%
-	-	0.00	0.00	0.63	0.83	0.00
0	0	0.00	0.00	0.72	1.00	0.00
0	4	0.00	0.00	0.75	0.30	0.00
1	1	0.00	0.00	0.66	0.59	0.00
1	5	0.00	0.00	0.66	0.89	0.00
2	2	0.00	0.00	0.33	1.19	0.00
2	6	0.00	0.00	0.59	0.99	0.00
3	3	0.00	0.00	0.69	0.79	0.00
3	7	0.00	0.00	0.66	0.87	0.00
Core	CPU	C1%	C3%	C6%	C8%	C9%
-	-	0.00	0.00	0.35	0.71	0.00
0	0	0.00	0.01	0.36	0.59	0.00
0	4	0.00	0.00	0.23	0.39	0.00
1	1	0.00	0.00	0.20	0.70	0.00
1	5	0.00	0.00	0.18	0.99	0.00
2	2	0.00	0.00	0.35	0.79	0.00
2	6	0.00	0.00	0.43	0.79	0.00
3	3	0.00	0.00	0.47	0.80	0.00
3	7	0.00	0.00	0.60	0.62	0.00
Core	CPU	C1%	C3%	C6%	C8%	C9%
-	-	0.00	0.32	0.51	1.61	0.09
0	0	0.00	0.01	1.00	1.50	0.00
0	4	0.00	0.00	0.38	1.87	0.76
1	1	0.00	0.00	0.49	1.77	0.00
1	5	0.00	0.00	0.46	2.07	0.00
2	2	0.00	0.00	0.30	1.98	0.00
2	6	0.00	0.00	0.47	1.77	0.00
3	3	0.00	2.57	0.13	0.00	0.00
3	7	0.00	0.00	0.83	1.88	0.00
Core	CPU	C1%	C3%	C6%	C8%	C9%
-	-	0.00	0.01	0.58	0.90	0.00
0	0	0.00	0.04	0.91	1.39	0.00
0	4	0.00	0.00	0.45	1.00	0.00
1	1	0.00	0.00	0.53	0.00	0.00
1	5	0.00	0.01	0.78	0.59	0.00
2	2	0.00	0.00	0.47	1.59	0.00
2	6	0.00	0.00	0.36	1.09	0.00
3	3	0.00	0.00	0.73	0.60	0.00
3	7	0.00	0.00	0.38	0.91	0.00
Core	CPU	C1%	C3%	C6%	C8%	C9%
-	-	0.00	0.01	0.47	0.62	0.00
0	0	0.00	0.01	0.63	0.99	0.00
0	4	0.00	0.02	0.19	0.90	0.00
1	1	0.00	0.00	0.49	0.29	0.00
1	5	0.00	0.02	0.44	0.40	0.00
2	2	0.00	0.00	0.54	0.40	0.00
2	6	0.00	0.02	0.38	0.50	0.00
3	3	0.00	0.02	0.34	0.51	0.00
3	7	0.00	0.00	0.71	0.99	0.00
Core	CPU	C1%	C3%	C6%	C8%	C9%
-	-	0.00	0.01	0.45	0.83	0.00
0	0	0.00	0.07	0.97	0.89	0.00
0	4	0.00	0.00	0.10	0.89	0.00
1	1	0.00	0.00	0.36	1.00	0.00
1	5	0.00	0.00	0.43	0.99	0.00
2	2	0.00	0.00	0.51	0.89	0.00
2	6	0.00	0.00	0.29	0.90	0.00
3	3	0.00	0.00	0.58	0.50	0.00
3	7	0.00	0.00	0.34	0.59	0.00
Core	CPU	C1%	C3%	C6%	C8%	C9%
-	-	0.00	0.01	0.68	0.54	0.00
0	0	0.00	0.02	0.59	1.08	0.00
0	4	0.00	0.00	0.45	0.50	0.00
1	1	0.00	0.00	0.66	0.00	0.00
1	5	0.00	0.01	0.49	0.00	0.00
2	2	0.00	0.00	0.87	0.89	0.00
2	6	0.00	0.00	0.53	1.19	0.00
3	3	0.00	0.00	0.93	0.39	0.00
3	7	0.00	0.01	0.89	0.29	0.00
Core	CPU	C1%	C3%	C6%	C8%	C9%
-	-	0.00	0.00	0.51	0.85	0.00
0	0	0.00	0.00	1.37	0.80	0.00
0	4	0.00	0.00	0.23	0.89	0.00
1	1	0.00	0.00	0.64	0.21	0.00
1	5	0.00	0.00	0.48	0.79	0.00
2	2	0.00	0.00	0.45	0.89	0.00
2	6	0.00	0.01	0.14	1.09	0.00
3	3	0.00	0.00	0.29	1.10	0.00
3	7	0.00	0.00	0.49	1.00	0.00
Core	CPU	C1%	C3%	C6%	C8%	C9%
-	-	0.00	0.14	0.44	0.76	0.16
0	0	0.00	0.04	0.28	0.79	0.00
0	4	0.00	0.01	0.31	0.71	0.00
1	1	0.00	0.00	0.28	0.89	0.00
1	5	0.00	0.00	0.51	1.00	0.00
2	2	0.00	0.00	0.23	1.09	0.00
2	6	0.00	0.00	1.66	0.79	0.00
3	3	0.00	1.06	0.02	0.00	1.30
3	7	0.00	0.00	0.26	0.80	0.00
Core	CPU	C1%	C3%	C6%	C8%	C9%
-	-	0.00	0.00	0.32	0.89	0.00
0	0	0.00	0.01	0.41	0.90	0.00
0	4	0.00	0.00	0.19	0.99	0.00
1	1	0.00	0.00	0.36	0.80	0.00
1	5	0.00	0.00	0.14	1.09	0.00
2	2	0.00	0.02	0.29	0.99	0.00
2	6	0.00	0.00	0.46	0.90	0.00
3	3	0.00	0.00	0.47	0.78	0.00
3	7	0.00	0.00	0.21	0.69	0.00
Core	CPU	C1%	C3%	C6%	C8%	C9%
-	-	0.00	0.00	0.40	0.89	0.00
0	0	0.00	0.00	0.48	0.79	0.00
0	4	0.00	0.04	0.63	0.79	0.00
1	1	0.00	0.00	0.60	0.31	0.00
1	5	0.00	0.00	0.10	0.99	0.00
2	2	0.00	0.00	0.27	1.09	0.00
2	6	0.00	0.00	0.53	0.99	0.00
3	3	0.00	0.00	0.39	1.10	0.00
3	7	0.00	0.00	0.19	1.10	0.00
Core	CPU	C1%	C3%	C6%	C8%	C9%
-	-	0.00	0.00	0.42	1.09	0.00
0	0	0.00	0.00	0.42	1.97	0.00
0	4	0.00	0.01	0.81	0.60	0.00
1	1	0.00	0.00	0.59	0.51	0.00
1	5	0.00	0.00	0.28	1.09	0.00
2	2	0.00	0.00	0.35	1.09	0.00
2	6	0.00	0.02	0.32	1.30	0.00
3	3	0.00	0.00	0.20	1.19	0.00
3	7	0.00	0.00	0.37	0.99	0.00
Core	CPU	C1%	C3%	C6%	C8%	C9%
-	-	0.00	0.00	0.36	0.84	0.00
0	0	0.00	0.00	0.22	0.61	0.00
0	4	0.00	0.01	0.76	1.00	0.00
1	1	0.00	0.00	0.43	0.70	0.00
1	5	0.00	0.00	0.31	1.00	0.00
2	2	0.00	0.00	0.18	0.91	0.00
2	6	0.00	0.00	0.36	0.90	0.00
3	3	0.00	0.00	0.35	0.70	0.00
3	7	0.00	0.00	0.23	0.90	0.00
Core	CPU	C1%	C3%	C6%	C8%	C9%
-	-	0.00	0.00	0.41	0.96	0.00
0	0	0.00	0.00	0.27	0.99	0.00
0	4	0.00	0.00	1.30	0.90	0.00
1	1	0.00	0.00	0.12	1.19	0.00
1	5	0.00	0.00	0.00	0.40	0.00
2	2	0.00	0.00	0.66	1.08	0.00
2	6	0.00	0.00	0.54	0.99	0.00
3	3	0.00	0.00	0.23	1.08	0.00
3	7	0.00	0.00	0.19	1.08	0.00
Core	CPU	C1%	C3%	C6%	C8%	C9%
-	-	0.00	0.21	0.68	0.66	0.00
0	0	0.00	0.00	0.92	0.79	0.00
0	4	0.00	0.02	0.90	0.39	0.00
1	1	0.00	0.00	0.29	1.08	0.00
1	5	0.00	0.00	0.37	0.79	0.00
2	2	0.00	0.00	0.93	0.69	0.00
2	6	0.00	0.10	1.68	0.79	0.00
3	3	0.00	1.56	0.00	0.02	0.00
3	7	0.00	0.00	0.37	0.69	0.00
Core	CPU	C1%	C3%	C6%	C8%	C9%
-	-	0.01	0.02	0.46	0.87	0.00
0	0	0.00	0.01	0.73	0.70	0.00
0	4	0.00	0.05	0.76	0.90	0.00
1	1	0.00	0.00	0.36	0.89	0.00
1	5	0.00	0.00	0.83	0.79	0.00
2	2	0.00	0.12	0.29	0.70	0.00
2	6	0.10	0.00	0.10	1.19	0.00
3	3	0.00	0.00	0.48	0.69	0.00
3	7	0.00	0.00	0.15	1.09	0.00
Core	CPU	C1%	C3%	C6%	C8%	C9%
-	-	0.00	0.03	0.60	4.62	0.00
0	0	0.00	0.00	0.36	1.30	0.00
0	4	0.00	0.02	0.67	1.32	0.00
1	1	0.01	0.22	1.00	29.53	0.00
1	5	0.00	0.00	0.40	0.71	0.00
2	2	0.00	0.00	0.37	1.51	0.00
2	6	0.00	0.00	1.33	1.40	0.00
3	3	0.00	0.00	0.34	0.81	0.00
3	7	0.00	0.00	0.32	0.41	0.00
Core	CPU	C1%	C3%	C6%	C8%	C9%
-	-	0.00	0.00	0.35	0.92	0.00
0	0	0.00	0.00	0.30	1.09	0.00
0	4	0.00	0.02	0.66	0.89	0.00
1	1	0.00	0.00	0.84	0.59	0.00
1	5	0.00	0.00	0.13	1.19	0.00
2	2	0.00	0.00	0.20	1.09	0.00
2	6	0.00	0.00	0.20	0.98	0.00
3	3	0.00	0.00	0.37	0.79	0.00
3	7	0.00	0.00	0.15	0.69	0.00
Core	CPU	C1%	C3%	C6%	C8%	C9%
-	-	0.00	0.00	0.57	0.73	0.00
0	0	0.00	0.00	0.58	0.27	0.00
0	4	0.00	0.00	0.93	0.50	0.00
1	1	0.00	0.00	0.73	0.39	0.00
1	5	0.00	0.00	0.59	0.10	0.00
2	2	0.00	0.00	0.29	1.09	0.00
2	6	0.00	0.00	1.03	0.99	0.00
3	3	0.00	0.00	0.34	1.19	0.00
3	7	0.00	0.03	0.10	1.28	0.00
Core	CPU	C1%	C3%	C6%	C8%	C9%
-	-	0.00	0.01	0.37	1.04	0.00
0	0	0.00	0.05	0.93	1.31	0.00
0	4	0.00	0.00	0.24	1.09	0.00
1	1	0.00	0.02	0.33	0.70	0.00
1	5	0.00	0.02	0.17	1.09	0.00
2	2	0.00	0.00	0.39	1.21	0.00
2	6	0.00	0.00	0.36	0.78	0.00
3	3	0.00	0.00	0.31	1.10	0.00
3	7	0.00	0.00	0.19	1.00	0.00
Core	CPU	C1%	C3%	C6%	C8%	C9%
-	-	0.00	0.19	0.54	0.68	0.00
0	0	0.00	0.02	1.04	0.87	0.00
0	4	0.00	0.02	0.78	0.69	0.00
1	1	0.00	0.00	0.00	0.49	0.00
1	5	0.00	0.00	0.28	0.89	0.00
2	2	0.00	0.00	0.35	0.82	0.00
2	6	0.00	0.00	1.69	0.79	0.00
3	3	0.01	1.49	0.00	0.01	0.00
3	7	0.00	0.00	0.18	0.90	0.00
Core	CPU	C1%	C3%	C6%	C8%	C9%
-	-	0.00	0.00	0.45	1.10	0.00
0	0	0.00	0.00	0.50	0.41	0.00
0	4	0.00	0.01	0.50	1.01	0.00
1	1	0.00	0.00	0.47	1.19	0.00
1	5	0.00	0.00	0.35	1.29	0.00
2	2	0.00	0.00	0.33	1.35	0.00
2	6	0.00	0.00	0.42	1.19	0.00
3	3	0.00	0.00	0.68	1.10	0.00
3	7	0.00	0.00	0.36	1.29	0.00
Core	CPU	C1%	C3%	C6%	C8%	C9%
-	-	0.00	0.01	0.63	1.16	0.00
0	0	0.00	0.01	0.50	0.71	0.00
0	4	0.00	0.01	0.68	1.38	0.00
1	1	0.00	0.00	0.62	1.40	0.00
1	5	0.00	0.00	0.48	1.50	0.00
2	2	0.00	0.01	0.46	1.10	0.00
2	6	0.00	0.00	1.24	1.20	0.00
3	3	0.00	0.00	0.70	1.60	0.00
3	7	0.00	0.00	0.32	0.41	0.00
Core	CPU	C1%	C3%	C6%	C8%	C9%
-	-	0.00	0.01	0.43	1.05	0.00
0	0	0.00	0.00	0.90	1.99	0.00
0	4	0.00	0.01	0.96	0.70	0.00
1	1	0.00	0.03	0.10	0.39	0.00
1	5	0.00	0.00	0.27	1.01	0.00
2	2	0.00	0.00	0.37	0.99	0.00
2	6	0.00	0.00	0.45	0.99	0.00
3	3	0.00	0.00	0.22	1.19	0.00
3	7	0.00	0.00	0.19	1.10	0.00
Core	CPU	C1%	C3%	C6%	C8%	C9%
-	-	0.00	0.00	0.45	0.87	0.00
0	0	0.00	0.00	0.77	0.59	0.00
0	4	0.00	0.02	0.92	0.10	0.00
1	1	0.00	0.00	0.38	0.79	0.00
1	5	0.00	0.00	0.38	1.01	0.00
2	2	0.00	0.00	0.24	0.89	0.00
2	6	0.00	0.00	0.20	1.09	0.00
3	3	0.00	0.00	0.28	1.10	0.00
3	7	0.00	0.00	0.47	1.39	0.00
Core	CPU	C1%	C3%	C6%	C8%	C9%
-	-	0.00	0.00	0.38	0.84	0.00
0	0	0.00	0.02	0.49	0.11	0.00
0	4	0.00	0.00	0.85	1.10	0.00
1	1	0.00	0.00	0.36	0.80	0.00
1	5	0.00	0.01	0.42	0.80	0.00
2	2	0.00	0.00	0.21	0.90	0.00
2	6	0.00	0.00	0.18	1.11	0.00
3	3	0.00	0.00	0.27	0.89	0.00
3	7	0.00	0.00	0.23	1.00	0.00
Core	CPU	C1%	C3%	C6%	C8%	C9%
-	-	0.00	0.09	0.53	0.70	0.00
0	0	0.00	0.00	0.28	0.99	0.00
0	4	0.00	0.02	0.57	1.28	0.00
1	1	0.00	0.00	0.82	0.79	0.00
1	5	0.00	0.00	0.49	0.20	0.00
2	2	0.00	0.00	0.87	0.69	0.00
2	6	0.00	0.00	0.44	0.89	0.00
3	3	0.01	0.70	0.02	0.00	0.00
3	7	0.00	0.00	0.79	0.80	0.00
Core	CPU	C1%	C3%	C6%	C8%	C9%
-	-	0.00	0.01	0.60	1.01	0.00
0	0	0.00	0.02	1.11	1.40	0.00
0	4	0.00	0.05	0.79	1.00	0.00
1	1	0.00	0.00	0.39	0.90	0.00
1	5	0.00	0.00	0.47	0.69	0.00
2	2	0.00	0.00	0.35	0.79	0.00
2	6	0.00	0.00	0.39	1.38	0.00
3	3	0.00	0.00	0.97	0.90	0.00
3	7	0.00	0.00	0.36	0.99	0.00
Core	CPU	C1%	C3%	C6%	C8%	C9%
-	-	0.00	0.00	0.36	0.90	0.00
0	0	0.00	0.00	0.16	0.50	0.00
0	4	0.00	0.00	0.49	1.11	0.00
1	1	0.00	0.00	0.28	0.99	0.00
1	5	0.00	0.00	0.42	0.89	0.00
2	2	0.00	0.00	0.19	1.10	0.00
2	6	0.00	0.00	0.66	0.50	0.00
3	3	0.00	0.00	0.36	0.99	0.00
3	7	0.00	0.00	0.32	1.10	0.00
Core	CPU	C1%	C3%	C6%	C8%	C9%
-	-	0.00	0.00	0.38	0.91	0.00
0	0	0.00	0.04	0.72	1.01	0.00
0	4	0.00	0.00	0.43	1.01	0.00
1	1	0.00	0.00	0.30	1.00	0.00
1	5	0.00	0.00	0.09	0.31	0.00
2	2	0.00	0.00	0.26	0.90	0.00
2	6	0.00	0.00	0.63	1.11	0.00
3	3	0.00	0.00	0.30	1.01	0.00
3	7	0.00	0.00	0.27	0.91	0.00
Core	CPU	C1%	C3%	C6%	C8%	C9%
-	-	0.00	0.00	0.75	0.84	0.00
0	0	0.00	0.00	0.63	0.48	0.00
0	4	0.00	0.02	1.09	0.60	0.00
1	1	0.00	0.00	0.18	0.99	0.00
1	5	0.00	0.00	0.43	0.99	0.00
2	2	0.00	0.00	1.03	0.39	0.00
2	6	0.00	0.02	1.86	0.79	0.00
3	3	0.00	0.00	0.29	1.18	0.00
3	7	0.00	0.00	0.46	1.29	0.00
Core	CPU	C1%	C3%	C6%	C8%	C9%
-	-	0.00	0.01	0.51	1.03	0.00
0	0	0.00	0.00	1.17	1.78	0.00
0	4	0.00	0.04	0.46	1.10	0.00
1	1	0.00	0.00	0.73	1.12	0.00
1	5	0.00	0.01	0.71	0.80	0.00
2	2	0.00	0.01	0.39	0.80	0.00
2	6	0.00	0.00	0.19	0.90	0.00
3	3	0.00	0.00	0.27	0.99	0.00
3	7	0.00	0.00	0.14	0.79	0.00
Core	CPU	C1%	C3%	C6%	C8%	C9%
-	-	0.00	0.08	0.43	0.80	0.00
0	0	0.00	0.00	0.79	0.59	0.00
0	4	0.00	0.02	0.64	1.18	0.00
1	1	0.00	0.00	0.25	0.91	0.00
1	5	0.00	0.00	0.97	0.99	0.00
2	2	0.00	0.01	0.29	0.99	0.00
2	6	0.00	0.00	0.18	1.09	0.00
3	3	0.00	0.61	0.10	0.00	0.00
3	7	0.00	0.00	0.18	0.69	0.00
Core	CPU	C1%	C3%	C6%	C8%	C9%
-	-	0.00	0.00	0.44	0.90	0.00
0	0	0.00	0.00	0.43	0.90	0.00
0	4	0.00	0.00	1.19	0.89	0.00
1	1	0.00	0.00	0.25	0.89	0.00
1	5	0.00	0.00	0.62	0.99	0.00
2	2	0.00	0.00	0.20	0.99	0.00
2	6	0.00	0.00	0.19	0.89	0.00
3	3	0.00	0.00	0.46	0.78	0.00
3	7	0.00	0.00	0.23	0.89	0.00
Core	CPU	C1%	C3%	C6%	C8%	C9%
-	-	0.00	0.01	0.51	1.11	0.00
0	0	0.00	0.00	0.59	1.19	0.00
0	4	0.00	0.04	0.93	2.19	0.00
1	1	0.00	0.02	0.39	0.99	0.00
1	5	0.00	0.00	0.56	0.10	0.00
2	2	0.00	0.00	0.27	0.89	0.00
2	6	0.00	0.00	0.53	0.90	0.00
3	3	0.00	0.00	0.22	0.89	0.00
3	7	0.00	0.00	0.59	1.70	0.00
Core	CPU	C1%	C3%	C6%	C8%	C9%
-	-	0.00	0.00	0.35	1.22	0.00
0	0	0.00	0.00	0.46	1.19	0.00
0	4	0.00	0.02	0.35	0.69	0.00
1	1	0.00	0.00	0.10	0.89	0.00
1	5	0.00	0.00	0.53	0.90	0.00
2	2	0.00	0.00	0.23	1.69	0.00
2	6	0.00	0.00	0.22	1.48	0.00
3	3	0.00	0.00	0.38	1.90	0.00
3	7	0.00	0.01	0.55	1.01	0.00
Core	CPU	C1%	C3%	C6%	C8%	C9%
-	-	0.00	0.00	0.34	0.91	0.00
0	0	0.00	0.00	0.30	0.90	0.00
0	4	0.00	0.02	0.35	0.90	0.00
1	1	0.00	0.00	0.44	0.71	0.00
1	5	0.00	0.00	0.22	1.00	0.00
2	2	0.00	0.00	0.28	1.01	0.00
2	6	0.00	0.00	0.35	0.90	0.00
3	3	0.00	0.00	0.44	0.61	0.00
3	7	0.00	0.00	0.31	1.29	0.00
Core	CPU	C1%	C3%	C6%	C8%	C9%
-	-	0.00	0.01	0.55	0.91	0.00
0	0	0.00	0.04	0.75	0.79	0.00
0	4	0.00	0.02	0.74	0.59	0.00
1	1	0.00	0.00	0.62	0.59	0.00
1	5	0.00	0.00	0.79	0.79	0.00
2	2	0.00	0.00	0.28	1.08	0.00
2	6	0.00	0.00	0.84	1.08	0.00
3	3	0.00	0.00	0.23	1.19	0.00
3	7	0.00	0.00	0.20	1.18	0.00
Core	CPU	C1%	C3%	C6%	C8%	C9%
-	-	0.00	0.30	0.89	4.47	0.00
0	0	0.00	0.02	1.22	0.60	0.00
0	4	0.00	0.01	0.60	0.19	0.00
1	1	0.02	0.25	0.83	29.35	0.00
1	5	0.00	0.00	1.02	1.28	0.00
2	2	0.00	0.00	0.74	1.58	0.00
2	6	0.00	0.00	1.69	1.58	0.00
3	3	0.00	2.08	0.00	0.02	0.00
3	7	0.00	0.00	1.07	1.19	0.00
Core	CPU	C1%	C3%	C6%	C8%	C9%
-	-	0.00	0.00	0.80	1.57	0.00
0	0	0.00	0.00	0.81	1.41	0.00
0	4	0.00	0.00	1.01	1.86	0.00
1	1	0.00	0.00	1.16	0.91	0.00
1	5	0.00	0.00	0.62	1.82	0.00
2	2	0.00	0.00	0.62	1.79	0.00
2	6	0.00	0.00	0.70	1.79	0.00
3	3	0.00	0.00	0.87	1.40	0.00
3	7	0.00	0.00	0.65	1.59	0.00
Core	CPU	C1%	C3%	C6%	C8%	C9%
-	-	0.00	0.00	0.46	0.81	0.00
0	0	0.00	0.00	0.31	0.81	0.00
0	4	0.00	0.00	0.39	0.89	0.00
1	1	0.00	0.00	0.36	0.82	0.00
1	5	0.00	0.00	0.82	0.41	0.00
2	2	0.00	0.02	0.78	0.90	0.00
2	6	0.00	0.00	0.28	1.09	0.00
3	3	0.00	0.00	0.28	0.89	0.00
3	7	0.00	0.00	0.45	0.68	0.00
Core	CPU	C1%	C3%	C6%	C8%	C9%
-	-	0.00	0.00	0.58	1.29	0.00
0	0	0.00	0.01	0.50	1.08	0.00
0	4	0.00	0.00	0.36	1.19	0.00
1	1	0.00	0.00	0.33	1.79	0.00
1	5	0.00	0.00	0.32	1.18	0.00
2	2	0.00	0.00	0.57	1.70	0.00
2	6	0.00	0.00	0.37	1.09	0.00
3	3	0.00	0.00	1.12	1.09	0.00
3	7	0.00	0.01	1.07	1.20	0.00
Core	CPU	C1%	C3%	C6%	C8%	C9%
-	-	0.00	0.01	0.43	1.00	0.00
0	0	0.00	0.05	1.21	1.88	0.00
0	4	0.00	0.00	0.31	1.10	0.00
1	1	0.00	0.00	0.09	0.80	0.00
1	5	0.00	0.00	0.44	0.91	0.00
2	2	0.00	0.00	0.44	0.70	0.00
2	6	0.00	0.00	0.39	0.91	0.00
3	3	0.00	0.00	0.18	0.90	0.00
3	7	0.00	0.00	0.36	0.81	0.00
Core	CPU	C1%	C3%	C6%	C8%	C9%
-	-	0.00	0.00	0.49	0.89	0.00
0	0	0.00	0.00	1.07	1.00	0.00
0	4	0.00	0.00	0.04	0.61	0.00
1	1	0.00	0.00	0.28	1.08	0.00
1	5	0.00	0.00	0.54	0.99	0.00
2	2	0.00	0.00	0.63	0.89	0.00
2	6	0.00	0.00	0.59	0.49	0.00
3	3	0.00	0.00	0.29	0.98	0.00
3	7	0.00	0.00	0.44	1.09	0.00
Core	CPU	C1%	C3%	C6%	C8%	C9%
-	-	0.00	0.08	0.41	0.89	0.00
0	0	0.00	0.01	0.66	1.29	0.00
0	4	0.00	0.00	0.26	0.89	0.00
1	1	0.00	0.00	0.83	0.79	0.00
1	5	0.00	0.02	0.10	1.09	0.00
2	2	0.00	0.00	0.10	0.99	0.00
2	6	0.00	0.00	0.36	1.38	0.00
3	3	0.00	0.59	0.13	0.00	0.00
3	7	0.00	0.00	0.86	0.70	0.00
Core	CPU	C1%	C3%	C6%	C8%	C9%
-	-	0.00	0.00	0.43	0.90	0.00
0	0	0.00	0.02	0.58	0.90	0.00
0	4	0.00	0.00	0.45	0.79	0.00
1	1	0.00	0.00	0.33	0.30	0.00
1	5	0.00	0.00	0.10	0.60	0.00
2	2	0.00	0.00	0.56	1.69	0.00
2	6	0.00	0.00	0.54	1.00	0.00
3	3	0.00	0.00	0.52	0.80	0.00
3	7	0.00	0.00	0.36	1.08	0.00
Core	CPU	C1%	C3%	C6%	C8%	C9%
-	-	0.00	0.00	0.50	0.95	0.00
0	0	0.00	0.01	1.05	0.22	0.00
0	4	0.00	0.01	0.22	1.09	0.00
1	1	0.00	0.00	0.20	1.08	0.00
1	5	0.00	0.00	0.37	1.09	0.00
2	2	0.00	0.00	0.34	1.09	0.00
2	6	0.00	0.00	1.03	0.91	0.00
3	3	0.00	0.00	0.28	1.30	0.00
3	7	0.00	0.00	0.53	0.80	0.00
Core	CPU	C1%	C3%	C6%	C8%	C9%
-	-	0.00	0.01	0.41	0.99	0.00
0	0	0.00	0.05	1.18	1.40	0.00
0	4	0.00	0.00	0.18	1.00	0.00
1	1	0.00	0.00	0.44	0.91	0.00
1	5	0.00	0.00	0.23	0.90	0.00
2	2	0.00	0.02	0.28	0.91	0.00
2	6	0.00	0.02	0.26	1.01	0.00
3	3	0.00	0.00	0.36	0.80	0.00
3	7	0.00	0.00	0.32	1.00	0.00
Core	CPU	C1%	C3%	C6%	C8%	C9%
-	-	0.00	0.00	0.39	0.71	0.00
0	0	0.00	0.00	0.75	0.41	0.00
0	4	0.00	0.02	0.24	0.41	0.00
1	1	0.00	0.00	0.29	0.41	0.00
1	5	0.00	0.00	0.29	0.42	0.00
2	2	0.00	0.00	0.26	0.90	0.00
2	6	0.00	0.00	0.61	0.91	0.00
3	3	0.00	0.00	0.39	1.21	0.00
3	7	0.00	0.00	0.27	1.00	0.00
Core	CPU	C1%	C3%	C6%	C8%	C9%
-	-	0.01	0.00	0.42	1.12	0.00
0	0	0.00	0.00	0.24	1.08	0.00
0	4	0.00	0.00	0.03	0.49	0.00
1	1	0.00	0.00	0.30	1.00	0.00
1	5	0.00	0.00	0.69	1.39	0.00
2	2	0.00	0.00	0.34	1.49	0.00
2	6	0.00	0.00	0.99	1.01	0.00
3	3	0.10	0.00	0.28	1.40	0.00
3	7	0.00	0.00	0.54	1.11	0.00
Core	CPU	C1%	C3%	C6%	C8%	C9%
-	-	0.00	0.09	0.46	0.99	0.00
0	0	0.00	0.00	0.44	1.40	0.00
0	4	0.00	0.00	0.28	0.89	0.00
1	1	0.00	0.00	0.28	1.28	0.00
1	5	0.00	0.01	1.13	0.89	0.00
2	2	0.00	0.00	0.65	1.39	0.00
2	6	0.00	0.00	0.36	0.79	0.00
3	3	0.00	0.70	0.02	0.00	0.00
3	7	0.00	0.00	0.55	1.30	0.00
Core	CPU	C1%	C3%	C6%	C8%	C9%
-	-	0.00	0.01	0.56	1.53	0.00
0	0	0.00	0.00	0.99	2.40	0.00
0	4	0.00	0.00	0.59	1.50	0.00
1	1	0.00	0.00	0.31	1.39	0.00
1	5	0.00	0.05	0.36	0.52	0.00
2	2	0.00	0.00	0.55	1.80	0.00
2	6	0.00	0.00	0.63	1.21	0.00
3	3	0.00	0.00	0.60	1.60	0.00
3	7	0.00	0.00	0.46	1.81	0.00
Core	CPU	C1%	C3%	C6%	C8%	C9%
-	-	0.00	0.00	0.49	0.99	0.00
0	0	0.00	0.00	0.49	0.91	0.00
0	4	0.00	0.00	0.59	1.41	0.00
1	1	0.00	0.00	0.27	1.00	0.00
1	5	0.00	0.02	0.85	0.82	0.00
2	2	0.00	0.00	0.43	0.71	0.00
2	6	0.00	0.00	0.58	0.92	0.00
3	3	0.00	0.01	0.27	0.81	0.00
3	7	0.00	0.00	0.44	1.31	0.00
Core	CPU	C1%	C3%	C6%	C8%	C9%
-	-	0.00	0.01	0.69	1.15	0.00
0	0	0.00	0.00	0.03	0.50	0.00
0	4	0.00	0.00	0.19	1.21	0.00
1	1	0.00	0.00	0.55	1.79	0.00
1	5	0.00	0.04	1.41	0.72	0.00
2	2	0.00	0.00	1.10	1.20	0.00
2	6	0.00	0.01	1.22	0.79	0.00
3	3	0.00	0.00	0.46	1.79	0.00
3	7	0.00	0.00	0.53	1.20	0.00
Core	CPU	C1%	C3%	C6%	C8%	C9%
-	-	0.00	0.01	0.62	0.83	0.00
0	0	0.00	0.00	0.28	1.09	0.00
0	4	0.00	0.00	0.26	0.89	0.00
1	1	0.00	0.00	0.83	0.79	0.00
1	5	0.00	0.03	1.21	0.38	0.00
2	2	0.00	0.00	0.28	1.09	0.00
2	6	0.00	0.00	0.54	0.90	0.00
3	3	0.00	0.00	0.83	0.79	0.00
3	7	0.00	0.02	0.77	0.68	0.00
Core	CPU	C1%	C3%	C6%	C8%	C9%
-	-	0.00	0.02	0.59	0.61	0.00
0	0	0.00	0.03	1.51	0.30	0.00
0	4	0.00	0.01	0.31	0.89	0.00
1	1	0.00	0.00	0.20	0.40	0.00
1	5	0.00	0.06	1.22	0.00	0.00
2	2	0.00	0.00	0.38	0.99	0.00
2	6	0.00	0.00	0.27	1.10	0.00
3	3	0.00	0.01	0.39	0.60	0.00
3	7	0.00	0.00	0.46	0.60	0.00
Core	CPU	C1%	C3%	C6%	C8%	C9%
-	-	0.00	0.10	0.42	0.83	0.00
0	0	0.00	0.00	0.19	0.69	0.00
0	4	0.00	0.00	0.88	0.79	0.00
1	1	0.00	0.00	0.36	0.89	0.00
1	5	0.00	0.04	1.12	0.88	0.00
2	2	0.00	0.02	0.38	1.29	0.00
2	6	0.00	0.00	0.18	1.19	0.00
3	3	0.00	0.72	0.02	0.00	0.00
3	7	0.00	0.00	0.25	0.89	0.00
Core	CPU	C1%	C3%	C6%	C8%	C9%
-	-	0.00	0.00	0.55	1.29	0.00
0	0	0.00	0.00	0.10	0.39	0.00
0	4	0.00	0.00	0.46	1.20	0.00
1	1	0.00	0.00	0.34	1.78	0.00
1	5	0.00	0.02	1.22	1.39	0.00
2	2	0.00	0.00	0.36	1.41	0.00
2	6	0.00	0.00	0.46	1.60	0.00
3	3	0.00	0.00	0.64	1.20	0.00
3	7	0.00	0.00	0.80	1.39	0.00
Core	CPU	C1%	C3%	C6%	C8%	C9%
-	-	0.00	0.00	0.57	0.95	0.00
0	0	0.00	0.00	0.46	0.49	0.00
0	4	0.00	0.00	0.25	2.07	0.00
1	1	0.00	0.02	0.00	0.59	0.00
1	5	0.02	0.00	0.68	0.13	0.00
2	2	0.00	0.00	0.76	1.19	0.00
2	6	0.00	0.01	0.24	1.30	0.00
3	3	0.00	0.01	1.09	0.89	0.00
3	7	0.00	0.00	1.07	0.89	0.00
Core	CPU	C1%	C3%	C6%	C8%	C9%
-	-	0.00	0.02	0.48	0.93	0.00
0	0	0.00	0.00	0.54	1.69	0.00
0	4	0.00	0.00	0.29	0.89	0.00
1	1	0.00	0.00	0.85	0.79	0.00
1	5	0.00	0.02	1.05	0.93	0.00
2	2	0.00	0.12	0.39	0.79	0.00
2	6	0.00	0.00	0.20	0.99	0.00
3	3	0.00	0.00	0.38	0.78	0.00
3	7	0.00	0.00	0.15	0.59	0.00
Core	CPU	C1%	C3%	C6%	C8%	C9%
-	-	0.00	0.03	0.54	4.53	0.00
0	0	0.00	0.00	0.18	0.99	0.00
0	4	0.00	0.00	0.36	0.80	0.00
1	1	0.03	0.18	0.86	29.03	0.00
1	5	0.00	0.04	0.91	0.98	0.00
2	2	0.00	0.00	0.58	0.99	0.00
2	6	0.00	0.00	0.36	0.89	0.00
3	3	0.00	0.00	0.68	1.68	0.00
3	7	0.00	0.00	0.36	0.90	0.00
Core	CPU	C1%	C3%	C6%	C8%	C9%
-	-	0.00	0.00	0.73	0.99	0.00
0	0	0.00	0.00	0.36	1.49	0.00
0	4	0.00	0.00	0.54	1.50	0.00
1	1	0.00	0.01	0.62	0.00	0.00
1	5	0.00	0.00	1.21	0.60	0.00
2	2	0.00	0.00	0.38	1.59	0.00
2	6	0.00	0.00	0.46	1.50	0.00
3	3	0.00	0.00	1.22	0.61	0.00
3	7	0.00	0.02	1.09	0.60	0.00
Core	CPU	C1%	C3%	C6%	C8%	C9%
-	-	0.00	0.21	0.47	0.73	0.00
0	0	0.00	0.00	0.36	0.98	0.00
0	4	0.00	0.00	0.14	1.08	0.00
1	1	0.00	0.02	0.49	0.39	0.00
1	5	0.00	0.06	1.06	0.58	0.00
2	2	0.00	0.00	0.27	0.89	0.00
2	6	0.00	0.00	0.60	1.09	0.00
3	3	0.00	1.59	0.02	0.00	0.00
3	7	0.00	0.00	0.79	0.80	0.00
Core	CPU	C1%	C3%	C6%	C8%	C9%
-	-	0.00	0.01	0.56	1.28	0.00
0	0	0.00	0.00	0.38	0.71	0.00
0	4	0.00	0.02	0.29	1.38	0.00
1	1	0.00	0.00	0.54	0.89	0.00
1	5	0.00	0.02	1.34	0.72	0.00
2	2	0.00	0.00	0.43	1.99	0.00
2	6	0.00	0.00	0.41	1.89	0.00
3	3	0.00	0.00	0.48	1.69	0.00
3	7	0.00	0.00	0.64	1.00	0.00
Core	CPU	C1%	C3%	C6%	C8%	C9%
-	-	0.00	0.00	0.47	1.15	0.00
0	0	0.00	0.00	0.18	1.46	0.00
0	4	0.00	0.00	0.46	0.99	0.00
1	1	0.00	0.00	0.44	0.73	0.00
1	5	0.00	0.00	0.54	1.11	0.00
2	2	0.00	0.01	0.37	1.01	0.00
2	6	0.00	0.00	0.74	1.95	0.00
3	3	0.00	0.00	0.36	0.81	0.00
3	7	0.00	0.00	0.68	1.10	0.00
Core	CPU	C1%	C3%	C6%	C8%	C9%
-	-	0.00	0.00	0.53	0.86	0.00
0	0	0.00	0.00	0.57	1.09	0.00
0	4	0.00	0.00	0.36	0.99	0.00
1	1	0.00	0.00	0.83	0.79	0.00
1	5	0.00	0.03	1.10	0.40	0.00
2	2	0.00	0.00	0.20	1.18	0.00
2	6	0.00	0.00	0.37	0.99	0.00
3	3	0.00	0.00	0.04	0.70	0.00
3	7	0.00	0.00	0.79	0.79	0.00
Core	CPU	C1%	C3%	C6%	C8%	C9%
-	-	0.00	0.00	0.42	0.93	0.00
0	0	0.00	0.00	0.25	0.99	0.00
0	4	0.00	0.00	0.22	1.19	0.00
1	1	0.00	0.00	0.29	0.59	0.00
1	5	0.00	0.00	0.64	0.98	0.00
2	2	0.00	0.00	0.36	0.89	0.00
2	6	0.00	0.02	0.80	0.50	0.00
3	3	0.00	0.02	0.48	1.19	0.00
3	7	0.00	0.00	0.35	1.09	0.00
Core	CPU	C1%	C3%	C6%	C8%	C9%
-	-	0.00	0.01	0.80	1.36	0.00
0	0	0.00	0.01	0.95	2.41	0.00
0	4	0.00	0.00	1.47	1.00	0.00
1	1	0.00	0.00	0.38	1.19	0.00
1	5	0.00	0.03	1.11	0.92	0.00
2	2	0.00	0.00	0.33	1.10	0.00
2	6	0.00	0.01	1.19	1.42	0.00
3	3	0.00	0.00	0.39	1.08	0.00
3	7	0.00	0.03	0.61	1.73	0.00
Core	CPU	C1%	C3%	C6%	C8%	C9%
-	-	0.00	0.10	0.42	0.76	0.00
0	0	0.00	0.00	0.19	1.09	0.00
0	4	0.00	0.00	0.66	0.50	0.00
1	1	0.00	0.00	0.52	0.99	0.00
1	5	0.00	0.06	0.51	1.29	0.00
2	2	0.00	0.00	0.19	0.89	0.00
2	6	0.00	0.00	0.65	0.50	0.00
3	3	0.01	0.70	0.02	0.00	0.00
3	7	0.00	0.02	0.62	0.80	0.00
Core	CPU	C1%	C3%	C6%	C8%	C9%
-	-	0.01	0.01	0.51	1.11	1.02
0	0	0.00	0.00	0.45	0.49	0.00
0	4	0.00	0.00	0.48	1.18	0.00
1	1	0.00	0.01	0.40	0.30	0.00
1	5	0.00	0.02	1.18	2.85	8.19
2	2	0.04	0.00	0.37	0.99	0.00
2	6	0.00	0.00	0.24	0.98	0.00
3	3	0.00	0.02	0.60	0.79	0.00
3	7	0.00	0.00	0.37	1.28	0.00
Core	CPU	C1%	C3%	C6%	C8%	C9%
-	-	0.00	0.01	0.50	0.92	0.00
0	0	0.00	0.00	0.28	0.92	0.00
0	4	0.00	0.02	0.54	0.78	0.00
1	1	0.00	0.00	0.69	0.90	0.00
1	5	0.00	0.05	0.48	1.16	0.00
2	2	0.00	0.00	0.99	0.01	0.00
2	6	0.00	0.00	0.31	0.79	0.00
3	3	0.00	0.00	0.51	1.59	0.00
3	7	0.00	0.01	0.24	1.19	0.00
Core	CPU	C1%	C3%	C6%	C8%	C9%
-	-	0.00	0.00	0.67	1.05	0.00
0	0	0.00	0.00	1.17	1.69	0.00
0	4	0.00	0.02	0.46	1.10	0.00
1	1	0.00	0.00	0.83	0.79	0.00
1	5	0.00	0.01	1.19	1.08	0.00
2	2	0.00	0.00	0.71	0.99	0.00
2	6	0.00	0.00	0.36	0.69	0.00
3	3	0.00	0.00	0.43	0.99	0.00
3	7	0.00	0.00	0.20	1.09	0.00
Core	CPU	C1%	C3%	C6%	C8%	C9%
-	-	0.06	0.01	0.62	1.50	0.00
0	0	0.00	0.00	0.41	1.60	0.00
0	4	0.00	0.02	0.50	1.50	0.00
1	1	0.01	0.00	0.50	1.20	0.00
1	5	0.00	0.01	0.87	2.10	0.00
2	2	0.06	0.02	0.42	1.50	0.00
2	6	0.00	0.00	0.38	1.41	0.00
3	3	0.38	0.00	0.64	1.41	0.00
3	7	0.00	0.00	1.21	1.30	0.00
Core	CPU	C1%	C3%	C6%	C8%	C9%
-	-	0.00	0.01	0.42	0.85	0.00
0	0	0.00	0.01	0.37	0.51	0.00
0	4	0.00	0.01	0.66	0.70	0.00
1	1	0.00	0.00	0.36	0.80	0.00
1	5	0.00	0.02	0.74	0.80	0.00
2	2	0.00	0.00	0.12	1.00	0.00
2	6	0.00	0.00	0.09	1.10	0.00
3	3	0.00	0.00	0.45	1.29	0.00
3	7	0.00	0.00	0.55	0.60	0.00
Core	CPU	C1%	C3%	C6%	C8%	C9%
-	-	0.00	0.23	0.60	1.16	0.00
0	0	0.00	0.00	0.47	1.38	0.00
0	4	0.00	0.00	0.94	0.89	0.00
1	1	0.00	0.00	0.02	0.59	0.00
1	5	0.00	0.03	0.59	1.69	0.00
2	2	0.00	0.00	0.47	1.38	0.00
2	6	0.00	0.00	0.72	1.28	0.00
3	3	0.00	1.80	0.75	0.56	0.00
3	7	0.00	0.00	0.81	1.48	0.00
Core	CPU	C1%	C3%	C6%	C8%	C9%
-	-	0.08	0.01	0.62	0.96	0.00
0	0	0.00	0.00	0.45	0.82	0.00
0	4	0.00	0.00	0.26	1.00	0.00
1	1	0.00	0.00	0.28	0.99	0.00
1	5	0.00	0.02	0.75	2.31	0.00
2	2	0.07	0.00	0.88	0.78	0.00
2	6	0.54	0.01	1.01	0.39	0.00
3	3	0.00	0.02	0.89	0.79	0.00
3	7	0.00	0.00	0.45	0.60	0.00
Core	CPU	C1%	C3%	C6%	C8%	C9%
-	-	0.00	0.00	0.48	0.96	0.00
0	0	0.00	0.00	0.10	1.08	0.00
0	4	0.00	0.00	0.86	0.60	0.00
1	1	0.00	0.00	0.25	0.89	0.00
1	5	0.00	0.01	0.72	1.48	0.00
2	2	0.00	0.00	0.29	1.10	0.00
2	6	0.00	0.00	0.67	0.69	0.00
3	3	0.00	0.00	0.56	0.80	0.00
3	7	0.00	0.00	0.35	1.08	0.00
Core	CPU	C1%	C3%	C6%	C8%	C9%
-	-	0.00	0.01	0.59	1.09	0.00
0	0	0.00	0.00	0.43	1.09	0.00
0	4	0.00	0.01	0.43	1.00	0.00
1	1	0.00	0.00	0.83	0.79	0.00
1	5	0.00	0.05	1.48	0.99	0.00
2	2	0.00	0.00	0.28	0.90	0.00
2	6	0.00	0.00	0.42	1.18	0.00
3	3	0.00	0.00	0.33	1.10	0.00
3	7	0.00	0.00	0.51	1.70	0.00
Core	CPU	C1%	C3%	C6%	C8%	C9%
-	-	0.00	0.01	0.61	1.02	0.00
0	0	0.00	0.00	0.36	0.99	0.00
0	4	0.00	0.00	1.02	0.50	0.00
1	1	0.00	0.01	0.49	0.89	0.00
1	5	0.00	0.04	1.36	0.59	0.00
2	2	0.00	0.00	0.36	0.79	0.00
2	6	0.00	0.00	0.31	1.30	0.00
3	3	0.00	0.02	0.29	0.99	0.00
3	7	0.00	0.00	0.64	2.08	0.00
Core	CPU	C1%	C3%	C6%	C8%	C9%
-	-	0.00	0.01	0.77	1.29	0.00
0	0	0.00	0.00	0.59	1.89	0.00
0	4	0.00	0.04	0.56	1.68	0.00
1	1	0.00	0.00	0.28	1.19	0.00
1	5	0.00	0.02	1.65	1.60	0.00
2	2	0.04	0.00	0.92	0.59	0.00
2	6	0.00	0.01	1.50	0.83	0.00
3	3	0.00	0.00	0.43	1.67	0.00
3	7	0.00	0.00	0.25	0.89	0.00
Core	CPU	C1%	C3%	C6%	C8%	C9%
-	-	0.00	0.08	0.57	0.85	0.34
0	0	0.00	0.00	0.20	1.08	0.00
0	4	0.00	0.00	1.34	0.90	0.00
1	1	0.00	0.00	0.84	0.79	0.00
1	5	0.00	0.00	0.42	1.07	0.00
2	2	0.00	0.00	0.30	0.79	0.00
2	6	0.00	0.02	0.66	1.08	0.00
3	3	0.00	0.61	0.12	0.00	2.70
3	7	0.00	0.00	0.67	1.10	0.00
Core	CPU	C1%	C3%	C6%	C8%	C9%
-	-	0.00	0.00	0.49	0.83	0.00
0	0	0.00	0.00	0.56	1.09	0.00
0	4	0.00	0.00	0.36	0.90	0.00
1	1	0.00	0.00	0.43	0.00	0.00
1	5	0.00	0.01	0.60	0.29	0.00
2	2	0.00	0.00	0.29	1.18	0.00
2	6	0.00	0.00	0.59	1.20	0.00
3	3	0.00	0.00	0.92	0.90	0.00
3	7	0.00	0.00	0.20	1.09	0.00
Core	CPU	C1%	C3%	C6%	C8%	C9%
-	-	0.00	0.04	0.60	4.45	0.00
0	0	0.00	0.00	0.44	1.00	0.00
0	4	0.00	0.00	0.13	1.18	0.00
1	1	0.01	0.15	1.11	28.39	0.00
1	5	0.00	0.00	0.76	0.79	0.00
2	2	0.00	0.00	0.45	0.90	0.00
2	6	0.00	0.05	1.33	0.50	0.00
3	3	0.00	0.12	0.29	1.29	0.00
3	7	0.00	0.00	0.28	1.59	0.00
Core	CPU	C1%	C3%	C6%	C8%	C9%
-	-	0.00	0.01	0.42	1.08	0.00
0	0	0.00	0.00	0.37	1.40	0.00
0	4	0.00	0.00	0.30	1.30	0.00
1	1	0.00	0.00	0.69	0.59	0.00
1	5	0.00	0.00	0.18	0.99	0.00
2	2	0.00	0.00	0.36	0.89	0.00
2	6	0.00	0.05	0.65	1.59	0.00
3	3	0.00	0.01	0.39	1.00	0.00
3	7	0.00	0.00	0.44	0.89	0.00
Core	CPU	C1%	C3%	C6%	C8%	C9%
-	-	0.00	0.01	0.45	0.82	0.00
0	0	0.00	0.01	0.20	0.70	0.00
0	4	0.00	0.00	0.20	0.99	0.00
1	1	0.00	0.00	0.46	0.72	0.00
1	5	0.00	0.00	0.15	0.99	0.00
2	2	0.00	0.00	0.50	0.99	0.00
2	6	0.00	0.01	1.40	0.69	0.00
3	3	0.00	0.00	0.28	0.89	0.00
3	7	0.00	0.02	0.45	0.59	0.00
Core	CPU	C1%	C3%	C6%	C8%	C9%
-	-	0.03	0.01	0.44	1.21	0.00
0	0	0.00	0.00	0.28	0.89	0.00
0	4	0.00	0.00	0.40	1.00	0.00
1	1	0.00	0.00	0.33	1.56	0.00
1	5	0.00	0.02	0.29	1.00	0.00
2	2	0.25	0.00	0.29	1.09	0.00
2	6	0.01	0.02	1.02	2.17	0.00
3	3	0.00	0.00	0.23	0.70	0.00
3	7	0.00	0.00	0.70	1.29	0.00
Core	CPU	C1%	C3%	C6%	C8%	C9%
-	-	0.00	0.21	0.55	0.53	0.00
0	0	0.00	0.00	0.26	1.09	0.00
0	4	0.00	0.00	0.83	0.79	0.00
1	1	0.00	0.00	0.62	0.32	0.00
1	5	0.00	0.02	0.74	0.09	0.00
2	2	0.00	0.00	0.58	0.50	0.00
2	6	0.00	0.05	1.14	0.48	0.00
3	3	0.00	1.59	0.01	0.00	0.00
3	7	0.00	0.00	0.25	0.99	0.00
Core	CPU	C1%	C3%	C6%	C8%	C9%
-	-	0.00	0.01	0.56	1.08	0.00
0	0	0.00	0.00	0.55	2.29	0.00
0	4	0.00	0.00	0.37	0.80	0.00
1	1	0.00	0.00	0.82	1.10	0.00
1	5	0.00	0.03	0.44	0.70	0.00
2	2	0.00	0.00	0.20	1.19	0.00
2	6	0.00	0.04	1.18	1.18	0.00
3	3	0.00	0.00	0.75	0.40	0.00
3	7	0.00	0.03	0.20	0.99	0.00
Core	CPU	C1%	C3%	C6%	C8%	C9%
-	-	0.00	0.00	0.58	1.11	0.00
0	0	0.00	0.00	0.45	0.89	0.00
0	4	0.00	0.00	1.33	2.18	0.00
1	1	0.00	0.01	0.29	0.60	0.00
1	5	0.00	0.00	0.34	1.28	0.00
2	2	0.00	0.00	0.45	0.89	0.00
2	6	0.00	0.00	0.93	0.69	0.00
3	3	0.00	0.02	0.45	0.80	0.00
3	7	0.00	0.00	0.38	1.58	0.00
Core	CPU	C1%	C3%	C6%	C8%	C9%
-	-	0.00	0.00	0.48	0.89	0.00
0	0	0.00	0.00	0.18	0.50	0.00
0	4	0.00	0.00	0.19	0.90	0.00
1	1	0.00	0.00	0.28	1.08	0.00
1	5	0.00	0.00	0.36	1.20	0.00
2	2	0.00	0.00	0.92	0.59	0.00
2	6	0.00	0.02	1.29	0.70	0.00
3	3	0.00	0.00	0.29	1.08	0.00
3	7	0.00	0.00	0.35	1.08	0.00
Core	CPU	C1%	C3%	C6%	C8%	C9%
-	-	0.00	0.01	0.71	0.78	0.00
0	0	0.00	0.00	0.48	1.09	0.00
0	4	0.00	0.00	0.26	0.89	0.00
1	1	0.00	0.00	0.83	0.79	0.00
1	5	0.00	0.02	0.99	0.29	0.00
2	2	0.00	0.00	0.29	1.09	0.00
2	6	0.00	0.01	0.76	1.09	0.00
3	3	0.00	0.00	1.03	0.40	0.00
3	7	0.00	0.02	1.08	0.59	0.00
Core	CPU	C1%	C3%	C6%	C8%	C9%
-	-	0.00	0.00	0.51	1.06	0.00
0	0	0.00	0.00	0.98	1.40	0.00
0	4	0.00	0.00	0.32	1.18	0.00
1	1	0.00	0.02	0.63	0.80	0.00
1	5	0.00	0.00	0.28	0.91	0.00
2	2	0.00	0.00	0.45	1.00	0.00
2	6	0.00	0.02	0.74	1.30	0.00
3	3	0.00	0.00	0.31	1.01	0.00
3	7	0.00	0.00	0.38	0.91	0.00
Core	CPU	C1%	C3%	C6%	C8%	C9%
-	-	0.00	0.21	0.30	0.73	0.00
0	0	0.00	0.00	0.04	0.49	0.00
0	4	0.00	0.02	0.37	0.51	0.00
1	1	0.00	0.00	0.10	0.79	0.00
1	5	0.00	0.00	0.27	1.09	0.00
2	2	0.00	0.00	0.25	1.08	0.00
2	6	0.00	0.05	1.07	0.86	0.00
3	3	0.01	1.59	0.00	0.01	0.00
3	7	0.00	0.00	0.27	0.99	0.00
Core	CPU	C1%	C3%	C6%	C8%	C9%
-	-	0.00	0.01	0.52	0.99	0.00
0	0	0.00	0.00	0.42	0.89	0.00
0	4	0.00	0.00	0.45	0.71	0.00
1	1	0.00	0.00	0.38	1.09	0.00
1	5	0.00	0.00	0.70	1.58	0.00
2	2	0.00	0.00	0.33	1.09	0.00
2	6	0.00	0.08	0.93	0.60	0.00
3	3	0.00	0.00	0.58	0.69	0.00
3	7	0.00	0.01	0.35	1.29	0.00
Core	CPU	C1%	C3%	C6%	C8%	C9%
-	-	0.00	0.01	0.74	0.79	0.00
0	0	0.00	0.00	0.28	0.89	0.00
0	4	0.00	0.00	0.26	0.89	0.00
1	1	0.00	0.00	0.96	0.79	0.00
1	5	0.00	0.01	0.95	0.40	0.00
2	2	0.00	0.00	0.19	0.89	0.00
2	6	0.00	0.04	1.28	1.06	0.00
3	3	0.00	0.00	0.93	0.49	0.00
3	7	0.00	0.01	1.06	0.90	0.00
Core	CPU	C1%	C3%	C6%	C8%	C9%
-	-	0.01	0.02	0.80	0.98	0.00
0	0	0.00	0.02	0.65	0.80	0.00
0	4	0.00	0.02	0.63	1.68	0.00
1	1	0.00	0.02	1.37	0.51	0.00
1	5	0.00	0.00	0.58	1.18	0.00
2	2	0.04	0.00	0.27	0.89	0.00
2	6	0.02	0.03	2.12	0.99	0.00
3	3	0.00	0.10	0.61	0.88	0.00
3	7	0.00	0.00	0.19	0.89	0.00
Core	CPU	C1%	C3%	C6%	C8%	C9%
-	-	0.00	0.01	0.54	0.76	0.00
0	0	0.00	0.00	0.63	0.00	0.00
0	4	0.00	0.00	0.78	0.59	0.00
1	1	0.00	0.00	0.19	0.99	0.00
1	5	0.00	0.00	0.45	1.20	0.00
2	2	0.00	0.00	0.44	0.90	0.00
2	6	0.00	0.08	0.93	0.60	0.00
3	3	0.00	0.01	0.68	0.80	0.00
3	7	0.00	0.00	0.20	0.99	0.00
Core	CPU	C1%	C3%	C6%	C8%	C9%
-	-	0.00	0.01	0.62	0.63	0.00
0	0	0.00	0.00	0.63	0.09	0.00
0	4	0.00	0.01	0.74	0.10	0.00
1	1	0.00	0.00	0.18	0.99	0.00
1	5	0.00	0.00	0.29	0.83	0.00
2	2	0.00	0.00	0.83	0.79	0.00
2	6	0.00	0.04	1.25	0.39	0.00
3	3	0.00	0.00	0.79	0.89	0.00
3	7	0.00	0.00	0.27	0.98	0.00
Core	CPU	C1%	C3%	C6%	C8%	C9%
-	-	0.00	0.25	0.56	1.08	0.00
0	0	0.00	0.00	0.58	0.79	0.00
0	4	0.00	0.00	0.38	1.19	0.00
1	1	0.00	0.00	0.74	1.18	0.00
1	5	0.00	0.00	0.33	1.22	0.00
2	2	0.00	0.01	0.39	1.09	0.00
2	6	0.00	0.08	1.59	1.28	0.00
3	3	0.00	1.88	0.02	0.00	0.00
3	7	0.00	0.00	0.48	1.87	0.00
Core	CPU	C1%	C3%	C6%	C8%	C9%
-	-	0.00	0.01	0.51	0.89	0.00
0	0	0.00	0.00	0.54	1.59	0.00
0	4	0.00	0.00	0.28	0.89	0.00
1	1	0.00	0.00	0.46	0.69	0.00
1	5	0.00	0.00	0.33	1.24	0.00
2	2	0.00	0.02	0.39	0.80	0.00
2	6	0.00	0.04	1.34	0.40	0.00
3	3	0.00	0.00	0.48	0.60	0.00
3	7	0.00	0.00	0.25	0.89	0.00
Core	CPU	C1%	C3%	C6%	C8%	C9%
-	-	0.00	0.01	0.52	0.79	0.00
0	0	0.00	0.00	0.28	0.99	0.00
0	4	0.00	0.00	0.36	0.80	0.00
1	1	0.00	0.00	0.83	0.79	0.00
1	5	0.00	0.01	0.79	0.79	0.00
2	2	0.00	0.00	0.28	0.99	0.00
2	6	0.00	0.07	1.17	0.51	0.00
3	3	0.00	0.00	0.31	0.50	0.00
3	7	0.00	0.00	0.18	1.00	0.00
Core	CPU	C1%	C3%	C6%	C8%	C9%
-	-	0.00	0.00	0.38	0.99	0.00
0	0	0.00	0.00	0.25	1.18	0.00
0	4	0.00	0.00	0.13	1.19	0.00
1	1	0.00	0.00	0.10	0.71	0.00
1	5	0.00	0.00	0.28	0.89	0.00
2	2	0.00	0.00	0.25	0.89	0.00
2	6	0.00	0.03	1.08	1.18	0.00
3	3	0.00	0.00	0.58	1.09	0.00
3	7	0.00	0.00	0.37	0.79	0.00
Core	CPU	C1%	C3%	C6%	C8%	C9%
-	-	0.00	0.01	0.34	0.78	0.00
0	0	0.00	0.00	0.19	0.70	0.00
0	4	0.00	0.00	0.27	0.90	0.00
1	1	0.00	0.00	0.34	0.80	0.00
1	5	0.00	0.00	0.23	0.90	0.00
2	2	0.00	0.00	0.19	0.90	0.00
2	6	0.00	0.04	0.89	0.69	0.00
3	3	0.00	0.00	0.36	0.69	0.00
3	7	0.00	0.00	0.22	0.70	0.00
Core	CPU	C1%	C3%	C6%	C8%	C9%
-	-	0.00	0.00	0.60	1.61	0.00
0	0	0.00	0.00	0.71	2.02	0.00
0	4	0.00	0.00	0.52	1.79	0.00
1	1	0.00	0.00	0.31	1.76	0.00
1	5	0.00	0.00	0.00	0.50	0.00
2	2	0.00	0.00	0.55	1.69	0.00
2	6	0.00	0.01	1.91	2.02	0.00
3	3	0.00	0.00	0.40	1.80	0.00
3	7	0.00	0.00	0.38	1.29	0.00
Core	CPU	C1%	C3%	C6%	C8%	C9%
-	-	0.00	0.23	0.40	4.19	0.00
0	0	0.00	0.00	0.33	0.79	0.00
0	4	0.00	0.02	0.10	0.79	0.00
1	1	0.03	0.19	0.64	29.26	0.00
1	5	0.00	0.00	0.28	0.89	0.00
2	2	0.00	0.00	0.35	0.60	0.00
2	6	0.00	0.11	1.20	0.00	0.00
3	3	0.00	1.50	0.00	0.01	0.00
3	7	0.00	0.00	0.29	1.19	0.00
Core	CPU	C1%	C3%	C6%	C8%	C9%
-	-	0.00	0.00	0.56	0.71	0.00
0	0	0.00	0.00	0.35	0.59	0.00
0	4	0.00	0.00	0.24	0.79	0.00
1	1	0.00	0.00	0.70	0.00	0.00
1	5	0.00	0.00	0.10	1.00	0.00
2	2	0.00	0.00	0.86	0.60	0.00
2	6	0.00	0.01	1.34	0.79	0.00
3	3	0.00	0.00	0.63	0.69	0.00
3	7	0.00	0.00	0.27	1.20	0.00
Core	CPU	C1%	C3%	C6%	C8%	C9%
-	-	0.00	0.02	0.48	1.28	0.00
0	0	0.00	0.00	0.33	1.09	0.00
0	4	0.00	0.02	0.29	1.09	0.00
1	1	0.00	0.00	0.38	1.00	0.00
1	5	0.00	0.00	0.52	2.07	0.00
2	2	0.00	0.00	0.33	1.78	0.00
2	6	0.00	0.10	1.19	0.60	0.00
3	3	0.00	0.00	0.37	1.40	0.00
3	7	0.00	0.00	0.47	1.19	0.00
Core	CPU	C1%	C3%	C6%	C8%	C9%
-	-	0.00	0.02	0.66	1.28	0.00
0	0	0.00	0.02	0.66	2.29	0.00
0	4	0.00	0.00	0.39	1.58	0.00
1	1	0.00	0.00	0.39	1.29	0.00
1	5	0.00	0.06	0.50	1.71	0.00
2	2	0.00	0.00	1.02	0.39	0.00
2	6	0.00	0.05	1.37	0.79	0.00
3	3	0.00	0.00	0.29	0.99	0.00
3	7	0.00	0.00	0.61	1.19	0.00
Core	CPU	C1%	C3%	C6%	C8%	C9%
-	-	0.00	0.01	0.74	1.08	0.00
0	0	0.00	0.00	0.58	0.59	0.00
0	4	0.00	0.00	0.37	1.57	0.00
1	1	0.00	0.00	0.63	0.70	0.00
1	5	0.00	0.00	0.94	0.79	0.00
2	2	0.00	0.00	0.29	1.48	0.00
2	6	0.00	0.05	1.41	0.79	0.00
3	3	0.00	0.00	0.74	1.38	0.00
3	7	0.00	0.00	0.92	1.39	0.00
Core	CPU	C1%	C3%	C6%	C8%	C9%
-	-	0.09	0.00	0.64	1.24	0.15
0	0	0.00	0.00	0.27	0.79	0.00
0	4	0.00	0.00	0.77	1.30	0.00
1	1	0.00	0.00	0.42	0.90	0.00
1	5	0.00	0.01	1.33	1.31	0.00
2	2	0.68	0.00	0.46	1.92	1.19
2	6	0.00	0.02	1.07	0.69	0.00
3	3	0.00	0.00	0.51	1.30	0.00
3	7	0.00	0.00	0.28	1.69	0.00
Core	CPU	C1%	C3%	C6%	C8%	C9%
-	-	0.00	0.21	0.58	0.74	0.00
0	0	0.00	0.00	0.44	0.99	0.00
0	4	0.00	0.00	1.00	1.10	0.00
1	1	0.00	0.01	0.20	0.70	0.00
1	5	0.00	0.00	0.40	0.69	0.00
2	2	0.00	0.00	0.28	0.89	0.00
2	6	0.00	0.02	1.15	0.48	0.00
3	3	0.00	1.59	0.02	0.00	0.00
3	7	0.00	0.02	1.13	1.11	0.00
Core	CPU	C1%	C3%	C6%	C8%	C9%
-	-	0.00	0.00	0.53	0.92	0.00
0	0	0.00	0.00	0.59	1.00	0.00
0	4	0.00	0.00	0.32	1.08	0.00
1	1	0.00	0.00	0.19	0.40	0.00
1	5	0.00	0.00	0.19	1.08	0.00
2	2	0.00	0.02	0.45	1.20	0.00
2	6	0.00	0.00	1.33	1.00	0.00
3	3	0.00	0.01	0.69	0.60	0.00
3	7	0.00	0.00	0.44	1.00	0.00
Core	CPU	C1%	C3%	C6%	C8%	C9%
-	-	0.00	0.02	0.41	1.15	0.00
0	0	0.00	0.01	0.29	0.88	0.00
0	4	0.00	0.00	0.19	0.99	0.00
1	1	0.00	0.00	0.36	0.79	0.00
1	5	0.00	0.00	0.22	1.09	0.00
2	2	0.00	0.01	0.68	1.19	0.00
2	6	0.00	0.10	0.78	1.88	0.00
3	3	0.00	0.00	0.52	1.39	0.00
3	7	0.00	0.00	0.25	0.98	0.00
Core	CPU	C1%	C3%	C6%	C8%	C9%
-	-	0.00	0.00	0.43	0.89	0.00
0	0	0.00	0.00	0.27	0.69	0.00
0	4	0.00	0.00	0.45	0.50	0.00
1	1	0.00	0.00	0.32	1.19	0.00
1	5	0.00	0.00	0.30	1.29	0.00
2	2	0.00	0.00	0.28	1.09	0.00
2	6	0.00	0.01	1.24	0.51	0.00
3	3	0.00	0.00	0.33	0.90	0.00
3	7	0.00	0.00	0.27	0.98	0.00
Core	CPU	C1%	C3%	C6%	C8%	C9%
-	-	0.00	0.01	0.60	0.97	0.00
0	0	0.00	0.00	0.82	0.29	0.00
0	4	0.00	0.01	0.79	0.79	0.00
1	1	0.00	0.00	0.28	1.10	0.00
1	5	0.00	0.02	0.54	1.39	0.00
2	2	0.00	0.00	0.24	1.19	0.00
2	6	0.00	0.03	1.38	0.80	0.00
3	3	0.00	0.00	0.39	1.09	0.00
3	7	0.00	0.00	0.38	1.10	0.00
Core	CPU	C1%	C3%	C6%	C8%	C9%
-	-	0.00	0.01	0.42	0.83	0.00
0	0	0.00	0.00	0.28	0.71	0.00
0	4	0.00	0.00	0.28	0.89	0.00
1	1	0.00	0.00	0.44	1.09	0.00
1	5	0.00	0.05	0.87	0.39	0.00
2	2	0.00	0.00	0.29	0.90	0.00
2	6	0.00	0.05	0.56	1.07	0.00
3	3	0.00	0.00	0.36	0.79	0.00
3	7	0.00	0.00	0.30	0.79	0.00
Core	CPU	C1%	C3%	C6%	C8%	C9%
-	-	0.00	0.21	0.43	0.80	0.00
0	0	0.00	0.00	0.37	1.28	0.00
0	4	0.00	0.00	0.25	1.28	0.00
1	1	0.00	0.01	0.15	0.89	0.00
1	5	0.00	0.00	0.67	0.00	0.00
2	2	0.00	0.00	0.28	0.98	0.00
2	6	0.00	0.05	1.11	0.88	0.00
3	3	0.01	1.58	0.13	0.00	0.00
3	7	0.00	0.01	0.48	1.10	0.00
Core	CPU	C1%	C3%	C6%	C8%	C9%
-	-	0.00	0.01	0.44	0.90	0.00
0	0	0.00	0.00	0.45	0.88	0.00
0	4	0.00	0.00	0.24	0.99	0.00
1	1	0.00	0.00	0.59	0.29	0.00
1	5	0.00	0.02	0.38	0.49	0.00
2	2	0.00	0.00	0.46	0.90	0.00
2	6	0.00	0.01	0.45	1.40	0.00
3	3	0.00	0.02	0.48	0.90	0.00
3	7	0.00	0.00	0.47	1.38	0.00
Core	CPU	C1%	C3%	C6%	C8%	C9%
-	-	0.00	0.00	0.44	0.93	0.00
0	0	0.00	0.00	0.12	0.40	0.00
0	4	0.00	0.00	0.19	1.08	0.00
1	1	0.00	0.00	0.48	0.69	0.00
1	5	0.00	0.01	1.10	1.11	0.00
2	2	0.00	0.00	0.22	1.09	0.00
2	6	0.00	0.00	0.60	1.28	0.00
3	3	0.00	0.00	0.28	0.78	0.00
3	7	0.00	0.00	0.54	0.99	0.00
Core	CPU	C1%	C3%	C6%	C8%	C9%
-	-	0.01	0.01	0.61	0.87	0.00
0	0	0.00	0.00	0.46	1.60	0.00
0	4	0.00	0.00	0.36	1.19	0.00
1	1	0.00	0.00	0.24	0.98	0.00
1	5	0.08	0.03	1.11	0.30	0.00
2	2	0.00	0.00	0.19	1.09	0.00
2	6	0.00	0.01	0.59	0.88	0.00
3	3	0.00	0.00	1.03	0.40	0.00
3	7	0.00	0.01	0.89	0.49	0.00
Core	CPU	C1%	C3%	C6%	C8%	C9%
-	-	0.00	0.00	0.45	0.82	0.00
0	0	0.00	0.00	0.36	0.59	0.00
0	4	0.00	0.00	0.14	0.79	0.00
1	1	0.00	0.02	0.28	0.60	0.00
1	5	0.00	0.00	0.60	0.49	0.00
2	2	0.00	0.00	0.37	0.99	0.00
2	6	0.00	0.01	1.37	0.99	0.00
3	3	0.00	0.00	0.40	1.09	0.00
3	7	0.00	0.00	0.10	1.00	0.00
Core	CPU	C1%	C3%	C6%	C8%	C9%
-	-	0.00	0.00	0.41	1.01	0.00
0	0	0.00	0.00	0.23	0.40	0.00
0	4	0.00	0.00	0.21	0.89	0.00
1	1	0.00	0.00	0.28	1.20	0.00
1	5	0.00	0.00	0.45	1.01	0.00
2	2	0.00	0.00	0.52	1.01	0.00
2	6	0.00	0.01	0.80	1.58	0.00
3	3	0.00	0.00	0.37	0.82	0.00
3	7	0.00	0.00	0.43	1.21	0.00
Core	CPU	C1%	C3%	C6%	C8%	C9%
-	-	0.00	0.19	0.36	0.75	0.00
0	0	0.00	0.00	0.10	0.78	0.00
0	4	0.00	0.00	0.28	0.89	0.00
1	1	0.00	0.00	0.35	0.79	0.00
1	5	0.00	0.00	0.23	0.98	0.00
2	2	0.00	0.00	0.20	1.09	0.00
2	6	0.00	0.02	0.87	0.78	0.00
3	3	0.00	1.48	0.13	0.00	0.00
3	7	0.00	0.00	0.71	0.70	0.00
Core	CPU	C1%	C3%	C6%	C8%	C9%
-	-	0.00	0.00	0.51	0.76	0.00
0	0	0.00	0.00	0.69	0.81	0.00
0	4	0.00	0.00	0.25	0.79	0.00
1	1	0.00	0.00	0.70	0.30	0.00
1	5	0.00	0.00	0.16	0.70	0.00
2	2	0.00	0.00	0.28	0.89	0.00
2	6	0.00	0.00	1.26	0.89	0.00
3	3	0.00	0.00	0.42	0.80	0.00
3	7	0.00	0.00	0.29	0.89	0.00
Core	CPU	C1%	C3%	C6%	C8%	C9%
-	-	0.00	0.00	0.44	1.06	0.00
0	0	0.00	0.00	0.73	0.19	0.00
0	4	0.00	0.02	0.79	0.30	0.00
1	1	0.00	0.00	0.19	1.18	0.00
1	5	0.00	0.00	0.37	1.19	0.00
2	2	0.00	0.00	0.25	1.19	0.00
2	6	0.00	0.01	0.63	2.02	0.00
3	3	0.00	0.00	0.19	1.20	0.00
3	7	0.00	0.00	0.38	1.19	0.00
Core	CPU	C1%	C3%	C6%	C8%	C9%
-	-	0.00	0.01	0.43	0.75	0.00
0	0	0.00	0.02	0.49	0.00	0.00
0	4	0.00	0.00	0.30	0.59	0.00
1	1	0.00	0.00	0.36	1.04	0.00
1	5	0.00	0.00	0.35	0.79	0.00
2	2	0.00	0.00	0.22	0.89	0.00
2	6	0.00	0.02	1.08	0.91	0.00
3	3	0.00	0.00	0.28	0.97	0.00
3	7	0.00	0.00	0.34	0.79	0.00
Core	CPU	C1%	C3%	C6%	C8%	C9%
-	-	0.00	0.03	0.63	4.56	0.00
0	0	0.00	0.00	0.76	1.09	0.00
0	4	0.00	0.00	0.97	1.30	0.00
1	1	0.02	0.19	0.80	28.35	0.00
1	5	0.00	0.00	0.15	0.70	0.00
2	2	0.00	0.00	0.38	0.98	0.00
2	6	0.00	0.02	1.12	0.72	0.00
3	3	0.00	0.00	0.34	1.07	0.00
3	7	0.00	0.00	0.54	2.28	0.00
Core	CPU	C1%	C3%	C6%	C8%	C9%
-	-	0.00	0.01	0.45	1.06	0.00
0	0	0.00	0.00	0.56	1.11	0.00
0	4	0.00	0.00	0.32	0.69	0.00
1	1	0.00	0.00	0.60	0.10	0.00
1	5	0.00	0.00	0.20	0.99	0.00
2	2	0.00	0.00	0.27	0.89	0.00
2	6	0.00	0.06	0.61	1.33	0.00
3	3	0.00	0.04	0.46	1.40	0.00
3	7	0.00	0.00	0.58	2.00	0.00
Core	CPU	C1%	C3%	C6%	C8%	C9%
-	-	0.00	0.09	0.36	0.62	0.00
0	0	0.00	0.00	0.25	0.89	0.00
0	4	0.00	0.00	0.17	0.69	0.00
1	1	0.00	0.00	0.28	0.40	0.00
1	5	0.00	0.00	0.28	0.89	0.00
2	2	0.00	0.00	0.25	0.89	0.00
2	6	0.00	0.00	1.31	0.37	0.00
3	3	0.00	0.70	0.00	0.02	0.00
3	7	0.00	0.00	0.32	0.79	0.00
Core	CPU	C1%	C3%	C6%	C8%	C9%
-	-	0.06	0.01	0.57	0.78	0.00
0	0	0.00	0.02	0.27	0.40	0.00
0	4	0.00	0.02	0.67	0.42	0.00
1	1	0.00	0.00	0.36	0.80	0.00
1	5	0.00	0.00	0.31	1.01	0.00
2	2	0.46	0.02	0.68	0.11	0.00
2	6	0.00	0.01	1.07	0.99	0.00
3	3	0.00	0.00	0.92	1.50	0.00
3	7	0.00	0.00	0.24	0.99	0.00
Core	CPU	C1%	C3%	C6%	C8%	C9%
-	-	0.00	0.01	0.48	0.86	0.00
0	0	0.00	0.00	0.18	0.79	0.00
0	4	0.00	0.00	0.90	0.61	0.00
1	1	0.00	0.00	0.23	0.69	0.00
1	5	0.00	0.00	0.13	0.99	0.00
2	2	0.00	0.00	0.67	0.60	0.00
2	6	0.00	0.04	0.64	0.99	0.00
3	3	0.00	0.00	0.96	1.20	0.00
3	7	0.00	0.00	0.15	0.99	0.00
Core	CPU	C1%	C3%	C6%	C8%	C9%
-	-	0.00	0.01	0.53	1.03	0.00
0	0	0.00	0.00	0.82	1.69	0.00
0	4	0.00	0.00	0.35	1.19	0.00
1	1	0.00	0.00	0.33	0.80	0.00
1	5	0.00	0.02	0.20	0.99	0.00
2	2	0.00	0.00	0.39	0.90	0.00
2	6	0.00	0.01	0.59	0.98	0.00
3	3	0.00	0.00	0.81	1.06	0.00
3	7	0.00	0.02	0.78	0.59	0.00
Core	CPU	C1%	C3%	C6%	C8%	C9%
-	-	0.00	0.00	0.49	0.88	0.00
0	0	0.00	0.00	0.35	0.79	0.00
0	4	0.00	0.00	0.23	0.88	0.00
1	1	0.00	0.00	0.10	0.60	0.00
1	5	0.00	0.00	0.28	1.09	0.00
2	2	0.00	0.00	0.26	0.98	0.00
2	6	0.00	0.00	1.32	0.61	0.00
3	3	0.00	0.01	0.59	0.79	0.00
3	7	0.00	0.00	0.75	1.29	0.00
Core	CPU	C1%	C3%	C6%	C8%	C9%
-	-	0.00	0.01	0.37	0.85	0.00
0	0	0.00	0.00	0.13	0.40	0.00
0	4	0.00	0.02	0.19	0.69	0.00
1	1	0.00	0.00	0.45	1.10	0.00
1	5	0.00	0.00	0.35	0.91	0.00
2	2	0.00	0.00	0.42	1.01	0.00
2	6	0.00	0.04	0.68	0.80	0.00
3	3	0.00	0.00	0.27	0.91	0.00
3	7	0.00	0.00	0.47	0.94	0.00
Core	CPU	C1%	C3%	C6%	C8%	C9%
-	-	0.00	0.07	0.47	0.74	0.00
0	0	0.00	0.00	0.10	0.79	0.00
0	4	0.00	0.00	0.28	0.88	0.00
1	1	0.00	0.00	0.25	0.98	0.00
1	5	0.00	0.00	0.82	0.79	0.00
2	2	0.00	0.00	0.79	0.79	0.00
2	6	0.00	0.00	0.68	0.98	0.00
3	3	0.00	0.59	0.13	0.00	0.00
3	7	0.00	0.00	0.70	0.70	0.00
Core	CPU	C1%	C3%	C6%	C8%	C9%
-	-	0.00	0.00	0.58	0.84	0.00
0	0	0.00	0.00	0.68	0.80	0.00
0	4	0.00	0.00	0.96	0.70	0.00
1	1	0.00	0.00	0.62	0.01	0.00
1	5	0.00	0.00	0.14	0.70	0.00
2	2	0.00	0.00	0.97	0.79	0.00
2	6	0.00	0.00	0.48	1.28	0.00
3	3	0.00	0.00	0.43	0.99	0.00
3	7	0.00	0.00	0.39	1.48	0.00
Core	CPU	C1%	C3%	C6%	C8%	C9%
-	-	0.00	0.00	0.38	1.02	0.00
0	0	0.00	0.00	0.33	1.38	0.00
0	4	0.00	0.00	0.13	0.40	0.00
1	1	0.00	0.00	0.49	0.39	0.00
1	5	0.00	0.00	0.18	0.99	0.00
2	2	0.00	0.00	0.45	0.89	0.00
2	6	0.00	0.01	0.53	1.19	0.00
3	3	0.00	0.01	0.39	1.00	0.00
3	7	0.00	0.00	0.53	1.88	0.00
Core	CPU	C1%	C3%	C6%	C8%	C9%
-	-	0.00	0.00	0.55	0.88	0.00
0	0	0.00	0.00	0.32	0.99	0.00
0	4	0.00	0.00	0.20	0.80	0.00
1	1	0.00	0.00	0.76	1.19	0.00
1	5	0.00	0.00	0.36	1.09	0.00
2	2	0.00	0.00	0.92	0.49	0.00
2	6	0.00	0.02	1.20	0.68	0.00
3	3	0.00	0.00	0.39	0.79	0.00
3	7	0.00	0.00	0.25	0.99	0.00
Core	CPU	C1%	C3%	C6%	C8%	C9%
-	-	0.00	0.01	0.72	0.84	0.00
0	0	0.00	0.00	0.57	0.99	0.00
0	4	0.00	0.00	0.26	0.99	0.00
1	1	0.00	0.03	0.90	0.79	0.00
1	5	0.00	0.02	0.89	0.79	0.00
2	2	0.00	0.00	0.19	1.09	0.00
2	6	0.00	0.02	0.96	0.99	0.00
3	3	0.00	0.00	1.03	0.79	0.00
3	7	0.00	0.02	0.99	0.30	0.00
Core	CPU	C1%	C3%	C6%	C8%	C9%
-	-	0.00	0.00	0.36	0.93	0.00
0	0	0.00	0.00	0.57	1.19	0.00
0	4	0.00	0.00	0.23	1.08	0.00
1	1	0.00	0.01	0.19	0.30	0.00
1	5	0.00	0.00	0.28	0.89	0.00
2	2	0.00	0.00	0.45	0.79	0.00
2	6	0.00	0.01	0.57	1.56	0.00
3	3	0.00	0.00	0.19	0.90	0.00
3	7	0.00	0.00	0.36	0.70	0.00
Core	CPU	C1%	C3%	C6%	C8%	C9%
-	-	0.00	0.10	0.51	0.69	0.00
0	0	0.00	0.00	0.40	0.30	0.00
0	4	0.00	0.00	0.18	0.99	0.00
1	1	0.00	0.00	0.95	0.79	0.00
1	5	0.00	0.00	0.75	0.80	0.00
2	2	0.00	0.02	0.69	0.89	0.00
2	6	0.00	0.01	0.78	0.97	0.00
3	3	0.00	0.75	0.02	0.00	0.00
3	7	0.00	0.00	0.34	0.80	0.00
Core	CPU	C1%	C3%	C6%	C8%	C9%
-	-	0.00	0.01	0.53	0.94	0.00
0	0	0.00	0.00	0.29	0.89	0.00
0	4	0.00	0.00	0.41	0.65	0.00
1	1	0.00	0.05	0.29	1.29	0.00
1	5	0.00	0.00	0.47	1.47	0.00
2	2	0.00	0.00	0.68	1.00	0.00
2	6	0.00	0.01	0.78	0.69	0.00
3	3	0.00	0.00	1.04	0.50	0.00
3	7	0.00	0.00	0.33	1.08	0.00
Core	CPU	C1%	C3%	C6%	C8%	C9%
-	-	0.00	0.00	0.57	0.92	0.00
0	0	0.00	0.00	0.36	0.89	0.00
0	4	0.00	0.00	0.35	0.99	0.00
1	1	0.00	0.00	0.22	0.50	0.00
1	5	0.00	0.00	0.34	2.08	0.00
2	2	0.00	0.00	0.37	1.09	0.00
2	6	0.00	0.03	1.22	0.93	0.00
3	3	0.00	0.00	0.83	0.50	0.00
3	7	0.00	0.01	0.89	0.40	0.00
Core	CPU	C1%	C3%	C6%	C8%	C9%
-	-	0.00	0.00	0.47	1.04	0.00
0	0	0.00	0.00	0.67	0.91	0.00
0	4	0.00	0.00	0.26	0.41	0.00
1	1	0.00	0.00	0.18	1.00	0.00
1	5	0.00	0.00	0.50	1.01	0.00
2	2	0.00	0.00	0.53	0.71	0.00
2	6	0.00	0.01	0.84	1.77	0.00
3	3	0.00	0.00	0.37	1.50	0.00
3	7	0.00	0.00	0.44	1.01	0.00
Core	CPU	C1%	C3%	C6%	C8%	C9%
-	-	0.00	0.01	0.42	0.89	0.00
0	0	0.00	0.00	0.09	0.41	0.00
0	4	0.00	0.00	0.36	0.91	0.00
1	1	0.00	0.00	0.62	0.81	0.00
1	5	0.00	0.00	0.49	1.20	0.00
2	2	0.00	0.01	0.37	1.50	0.00
2	6	0.00	0.06	0.73	0.78	0.00
3	3	0.00	0.00	0.35	0.70	0.00
3	7	0.00	0.00	0.32	0.81	0.00
Core	CPU	C1%	C3%	C6%	C8%	C9%
-	-	0.00	0.01	0.64	0.65	0.00
0	0	0.00	0.00	0.28	1.08	0.00
0	4	0.00	0.00	0.45	1.00	0.00
1	1	0.00	0.00	0.63	0.00	0.00
1	5	0.00	0.02	0.50	0.00	0.00
2	2	0.00	0.00	0.19	0.99	0.00
2	6	0.00	0.01	1.06	0.53	0.00
3	3	0.00	0.00	1.01	0.90	0.00
3	7	0.00	0.01	0.96	0.70	0.00
Core	CPU	C1%	C3%	C6%	C8%	C9%
-	-	0.00	0.19	0.46	0.66	0.00
0	0	0.00	0.00	0.35	0.69	0.00
0	4	0.00	0.00	0.63	0.69	0.00
1	1	0.00	0.00	0.38	0.50	0.00
1	5	0.00	0.00	0.58	0.59	0.00
2	2	0.00	0.00	0.26	0.88	0.00
2	6	0.00	0.00	1.23	0.96	0.00
3	3	0.00	1.49	0.00	0.00	0.00
3	7	0.00	0.00	0.25	1.00	0.00
Core	CPU	C1%	C3%	C6%	C8%	C9%
-	-	0.00	0.01	0.35	0.87	0.00
0	0	0.00	0.02	0.38	0.62	0.00
0	4	0.00	0.00	0.28	0.89	0.00
1	1	0.00	0.00	0.36	0.79	0.00
1	5	0.00	0.00	0.14	1.09	0.00
2	2	0.00	0.02	0.28	0.80	0.00
2	6	0.00	0.05	0.65	1.22	0.00
3	3	0.00	0.00	0.47	0.70	0.00
3	7	0.00	0.01	0.22	0.86	0.00
Core	CPU	C1%	C3%	C6%	C8%	C9%
-	-	0.00	0.00	0.49	1.23	0.00
0	0	0.00	0.00	0.45	1.60	0.00
0	4	0.00	0.00	0.61	1.01	0.00
1	1	0.00	0.00	0.30	0.91	0.00
1	5	0.00	0.00	0.28	0.90	0.00
2	2	0.00	0.00	0.54	1.50	0.00
2	6	0.00	0.01	0.63	1.45	0.00
3	3	0.00	0.00	0.49	1.02	0.00
3	7	0.00	0.00	0.62	1.41	0.00
Core	CPU	C1%	C3%	C6%	C8%	C9%
-	-	0.00	0.02	0.48	4.33	0.00
0	0	0.00	0.00	0.41	0.91	0.00
0	4	0.00	0.00	0.40	1.01	0.00
1	1	0.04	0.11	0.67	28.43	0.00
1	5	0.00	0.00	0.36	0.81	0.00
2	2	0.00	0.00	0.43	0.71	0.00
2	6	0.00	0.02	0.73	0.95	0.00
3	3	0.00	0.00	0.27	0.90	0.00
3	7	0.00	0.00	0.61	0.92	0.00
Core	CPU	C1%	C3%	C6%	C8%	C9%
-	-	0.00	0.00	0.53	0.74	0.00
0	0	0.00	0.01	0.29	0.70	0.00
0	4	0.00	0.00	0.19	1.18	0.00
1	1	0.00	0.00	0.95	0.50	0.00
1	5	0.00	0.00	0.55	0.69	0.00
2	2	0.00	0.00	0.62	0.50	0.00
2	6	0.00	0.01	1.07	0.57	0.00
3	3	0.00	0.00	0.19	0.99	0.00
3	7	0.00	0.00	0.37	0.79	0.00
Core	CPU	C1%	C3%	C6%	C8%	C9%
-	-	0.00	0.00	0.48	1.04	0.00
0	0	0.00	0.00	0.64	1.90	0.00
0	4	0.00	0.00	0.28	1.09	0.00
1	1	0.00	0.00	0.36	0.80	0.00
1	5	0.00	0.00	0.14	1.09	0.00
2	2	0.00	0.02	0.29	1.10	0.00
2	6	0.00	0.02	1.10	0.79	0.00
3	3	0.00	0.00	0.28	0.89	0.00
3	7	0.00	0.00	0.72	0.69	0.00
Core	CPU	C1%	C3%	C6%	C8%	C9%
-	-	0.00	0.20	0.46	0.59	0.00
0	0	0.00	0.00	0.28	0.99	0.00
0	4	0.00	0.00	0.36	0.89	0.00
1	1	0.00	0.00	0.63	0.00	0.00
1	5	0.00	0.02	0.76	0.10	0.00
2	2	0.00	0.00	0.19	0.98	0.00
2	6	0.00	0.01	1.38	0.72	0.00
3	3	0.00	1.59	0.02	0.00	0.00
3	7	0.00	0.02	0.10	0.99	0.00
Core	CPU	C1%	C3%	C6%	C8%	C9%
-	-	0.00	0.00	0.55	0.85	0.00
0	0	0.00	0.00	0.46	0.98	0.00
0	4	0.00	0.00	0.83	0.79	0.00
1	1	0.00	0.00	0.50	0.38	0.00
1	5	0.00	0.00	0.56	0.98	0.00
2	2	0.00	0.00	0.36	0.79	0.00
2	6	0.00	0.01	0.83	1.42	0.00
3	3	0.00	0.02	0.50	0.69	0.00
3	7	0.00	0.00	0.33	0.78	0.00
Core	CPU	C1%	C3%	C6%	C8%	C9%
-	-	0.00	0.01	0.68	1.02	0.00
0	0	0.00	0.02	0.49	0.40	0.00
0	4	0.00	0.00	0.48	0.99	0.00
1	1	0.00	0.00	0.87	1.19	0.00
1	5	0.00	0.00	0.53	1.09	0.00
2	2	0.00	0.00	0.73	0.89	0.00
2	6	0.00	0.03	1.56	1.28	0.00
3	3	0.00	0.00	0.39	1.28	0.00
3	7	0.00	0.00	0.37	1.08	0.00
Core	CPU	C1%	C3%	C6%	C8%	C9%
-	-	0.00	0.01	0.43	0.91	0.00
0	0	0.00	0.02	0.57	0.52	0.00
0	4	0.00	0.00	0.27	0.90	0.00
1	1	0.00	0.00	0.44	0.70	0.00
1	5	0.00	0.03	0.31	1.19	0.00
2	2	0.00	0.00	0.18	0.91	0.00
2	6	0.00	0.01	0.86	1.02	0.00
3	3	0.00	0.00	0.45	0.70	0.00
3	7	0.00	0.03	0.35	1.30	0.00
Core	CPU	C1%	C3%	C6%	C8%	C9%
-	-	0.00	0.01	0.49	0.87	0.00
0	0	0.00	0.00	0.64	0.91	0.00
0	4	0.00	0.00	0.30	0.59	0.00
1	1	0.00	0.02	0.13	0.70	0.00
1	5	0.00	0.00	0.59	0.59	0.00
2	2	0.00	0.00	0.27	0.89	0.00
2	6	0.00	0.02	0.92	0.73	0.00
3	3	0.00	0.00	0.22	0.99	0.00
3	7	0.00	0.00	0.88	1.58	0.00
Core	CPU	C1%	C3%	C6%	C8%	C9%
-	-	0.00	0.00	0.36	0.85	0.00
0	0	0.00	0.00	0.54	0.59	0.00
0	4	0.00	0.02	0.11	0.59	0.00
1	1	0.00	0.00	0.47	0.99	0.00
1	5	0.00	0.00	0.27	0.89	0.00
2	2	0.00	0.00	0.15	0.99	0.00
2	6	0.00	0.02	0.63	0.97	0.00
3	3	0.00	0.00	0.20	0.99	0.00
3	7	0.00	0.00	0.53	0.79	0.00
Core	CPU	C1%	C3%	C6%	C8%	C9%
-	-	0.01	0.25	0.64	1.19	0.00
0	0	0.00	0.00	1.14	1.11	0.00
0	4	0.00	0.00	0.91	1.39	0.00
1	1	0.00	0.00	1.15	1.18	0.00
1	5	0.00	0.00	0.13	1.59	0.00
2	2	0.12	0.00	0.10	1.28	0.00
2	6	0.00	0.01	1.55	1.66	0.00
3	3	0.00	1.98	0.02	0.00	0.00
3	7	0.00	0.00	0.13	1.29	0.00
Core	CPU	C1%	C3%	C6%	C8%	C9%
-	-	0.00	0.01	0.43	1.05	0.00
0	0	0.00	0.00	0.71	2.09	0.00
0	4	0.00	0.00	0.66	0.50	0.00
1	1	0.00	0.04	0.23	1.19	0.00
1	5	0.00	0.03	0.20	0.90	0.00
2	2	0.00	0.00	0.29	0.79	0.00
2	6	0.00	0.01	0.75	1.46	0.00
3	3	0.00	0.00	0.36	0.79	0.00
3	7	0.00	0.00	0.21	0.69	0.00
Core	CPU	C1%	C3%	C6%	C8%	C9%
-	-	0.00	0.00	0.64	1.42	0.00
0	0	0.00	0.00	0.62	2.18	0.00
0	4	0.00	0.00	0.62	1.70	0.00
1	1	0.00	0.00	0.22	0.50	0.00
1	5	0.00	0.00	0.64	1.78	0.00
2	2	0.00	0.00	0.64	1.80	0.00
2	6	0.00	0.03	1.41	0.80	0.00
3	3	0.00	0.00	0.51	1.30	0.00
3	7	0.00	0.00	0.48	1.30	0.00
Core	CPU	C1%	C3%	C6%	C8%	C9%
-	-	0.00	0.00	0.42	1.03	0.00
0	0	0.00	0.00	0.23	0.51	0.00
0	4	0.00	0.00	0.21	0.79	0.00
1	1	0.00	0.00	0.37	1.40	0.00
1	5	0.00	0.00	0.45	1.01	0.00
2	2	0.00	0.00	0.61	0.92	0.00
2	6	0.00	0.00	0.62	1.59	0.00
3	3	0.00	0.00	0.37	1.02	0.00
3	7	0.00	0.00	0.53	1.01	0.00
Core	CPU	C1%	C3%	C6%	C8%	C9%
-	-	0.00	0.00	0.39	0.92	0.00
0	0	0.00	0.00	0.18	0.80	0.00
0	4	0.00	0.00	0.36	0.81	0.00
1	1	0.00	0.00	0.43	0.81	0.00
1	5	0.00	0.00	0.31	0.80	0.00
2	2	0.00	0.00	0.28	1.20	0.00
2	6	0.00	0.03	0.84	1.11	0.00
3	3	0.00	0.00	0.44	0.81	0.00
3	7	0.00	0.00	0.32	1.00	0.00
Core	CPU	C1%	C3%	C6%	C8%	C9%
-	-	0.00	0.00	0.40	0.89	0.00
0	0	0.00	0.00	0.69	0.79	0.00
0	4	0.00	0.00	0.20	0.50	0.00
1	1	0.00	0.00	0.30	0.99	0.00
1	5	0.00	0.00	0.16	0.69	0.00
2	2	0.00	0.00	0.28	0.99	0.00
2	6	0.00	0.00	1.17	0.89	0.00
3	3	0.00	0.00	0.23	1.19	0.00
3	7	0.00	0.00	0.20	1.08	0.00
Core	CPU	C1%	C3%	C6%	C8%	C9%
-	-	0.00	0.20	0.47	0.68	0.00
0	0	0.00	0.00	0.31	0.88	0.00
0	4	0.00	0.00	0.16	0.69	0.00
1	1	0.00	0.00	0.28	0.99	0.00
1	5	0.00	0.00	0.36	0.98	0.00
2	2	0.00	0.00	1.02	0.39	0.00
2	6	0.00	0.04	1.28	0.59	0.00
3	3	0.00	1.55	0.11	0.02	0.00
3	7	0.00	0.00	0.27	0.89	0.00
Core	CPU	C1%	C3%	C6%	C8%	C9%
-	-	0.00	0.01	0.33	0.82	0.00
0	0	0.00	0.00	0.19	0.69	0.00
0	4	0.00	0.00	0.28	0.89	0.00
1	1	0.00	0.00	0.36	0.89	0.00
1	5	0.00	0.00	0.15	0.99	0.00
2	2	0.00	0.02	0.39	0.70	0.00
2	6	0.00	0.04	0.58	1.00	0.00
3	3	0.00	0.00	0.47	0.69	0.00
3	7	0.00	0.00	0.22	0.70	0.00
Core	CPU	C1%	C3%	C6%	C8%	C9%
-	-	0.00	0.01	0.43	0.90	0.00
0	0	0.00	0.00	0.54	0.79	0.00
0	4	0.00	0.00	0.36	0.30	0.00
1	1	0.00	0.00	0.04	0.49	0.00
1	5	0.00	0.05	0.36	0.49	0.00
2	2	0.00	0.00	0.29	1.47	0.00
2	6	0.00	0.00	0.75	1.38	0.00
3	3	0.00	0.00	0.64	1.19	0.00
3	7	0.00	0.00	0.43	1.09	0.00
Core	CPU	C1%	C3%	C6%	C8%	C9%
-	-	0.00	0.00	0.50	0.90	0.00
0	0	0.00	0.00	0.73	1.40	0.00
0	4	0.00	0.00	0.34	0.20	0.00
1	1	0.00	0.02	0.33	0.31	0.00
1	5	0.00	0.00	0.72	1.61	0.00
2	2	0.00	0.00	0.27	0.89	0.00
2	6	0.00	0.01	0.56	1.08	0.00
3	3	0.00	0.00	0.80	0.80	0.00
3	7	0.00	0.00	0.28	0.89	0.00
Core	CPU	C1%	C3%	C6%	C8%	C9%
-	-	0.00	0.01	0.47	0.73	0.00
0	0	0.00	0.00	0.62	0.00	0.00
0	4	0.00	0.01	0.54	0.00	0.00
1	1	0.00	0.00	0.28	0.88	0.00
1	5	0.00	0.01	0.29	1.20	0.00
2	2	0.00	0.06	0.49	1.09	0.00
2	6	0.00	0.00	0.65	1.09	0.00
3	3	0.00	0.00	0.59	0.79	0.00
3	7	0.00	0.00	0.28	0.78	0.00
Core	CPU	C1%	C3%	C6%	C8%	C9%
-	-	0.00	0.01	0.53	0.74	0.00
0	0	0.00	0.01	0.45	0.20	0.00
0	4	0.00	0.00	0.69	0.50	0.00
1	1	0.00	0.00	0.27	0.92	0.00
1	5	0.00	0.00	0.84	0.83	0.00
2	2	0.00	0.04	1.09	0.89	0.00
2	6	0.00	0.00	0.20	1.00	0.00
3	3	0.00	0.00	0.28	0.99	0.00
3	7	0.00	0.00	0.45	0.59	0.00
Core	CPU	C1%	C3%	C6%	C8%	C9%
-	-	0.00	0.27	0.83	4.85	0.00
0	0	0.00	0.00	1.92	2.37	0.00
0	4	0.00	0.00	1.00	1.69	0.00
1	1	0.01	0.18	0.91	29.52	0.00
1	5	0.00	0.00	0.32	1.58	0.00
2	2	0.00	0.01	1.95	1.20	0.00
2	6	0.00	0.00	0.36	1.18	0.00
3	3	0.00	1.99	0.02	0.00	0.00
3	7	0.00	0.00	0.13	1.29	0.00
Core	CPU	C1%	C3%	C6%	C8%	C9%
-	-	0.09	0.01	0.55	0.84	0.00
0	0	0.00	0.00	0.71	0.62	0.00
0	4	0.00	0.00	0.67	1.10	0.00
1	1	0.00	0.00	0.54	0.00	0.00
1	5	0.00	0.00	0.31	1.37	0.00
2	2	0.00	0.05	0.40	0.60	0.00
2	6	0.00	0.00	0.37	0.80	0.00
3	3	0.00	0.00	0.55	0.60	0.00
3	7	0.71	0.00	0.85	1.61	0.00
Core	CPU	C1%	C3%	C6%	C8%	C9%
-	-	0.00	0.00	0.38	0.95	0.00
0	0	0.00	0.00	0.59	0.99	0.00
0	4	0.00	0.00	0.45	0.99	0.00
1	1	0.00	0.02	0.50	0.59	0.00
1	5	0.00	0.00	0.10	0.79	0.00
2	2	0.00	0.01	0.49	1.09	0.00
2	6	0.00	0.00	0.43	0.98	0.00
3	3	0.00	0.00	0.31	1.10	0.00
3	7	0.00	0.00	0.20	1.09	0.00
Core	CPU	C1%	C3%	C6%	C8%	C9%
-	-	0.00	0.01	0.45	1.23	0.00
0	0	0.00	0.00	0.71	1.20	0.00
0	4	0.00	0.00	0.40	1.30	0.00
1	1	0.00	0.00	0.19	0.30	0.00
1	5	0.00	0.00	0.35	1.04	0.00
2	2	0.00	0.04	0.79	1.29	0.00
2	6	0.00	0.00	0.40	1.50	0.00
3	3	0.00	0.00	0.37	1.50	0.00
3	7	0.00	0.00	0.37	1.69	0.00
Core	CPU	C1%	C3%	C6%	C8%	C9%
-	-	0.00	0.00	0.63	1.27	0.00
0	0	0.00	0.00	0.69	0.79	0.00
0	4	0.00	0.00	0.66	1.29	0.00
1	1	0.00	0.00	0.94	1.29	0.00
1	5	0.00	0.00	0.42	1.19	0.00
2	2	0.00	0.01	1.01	1.68	0.00
2	6	0.00	0.00	0.55	1.39	0.00
3	3	0.00	0.00	0.55	1.39	0.00
3	7	0.00	0.00	0.23	1.18	0.00
Core	CPU	C1%	C3%	C6%	C8%	C9%
-	-	0.00	0.02	0.57	0.92	0.00
0	0	0.00	0.01	0.77	1.08	0.00
0	4	0.00	0.00	0.45	1.00	0.00
1	1	0.00	0.04	0.14	0.49	0.00
1	5	0.00	0.02	0.20	1.19	0.00
2	2	0.00	0.04	0.66	1.09	0.00
2	6	0.00	0.00	0.37	1.10	0.00
3	3	0.00	0.00	1.11	0.81	0.00
3	7	0.00	0.01	0.89	0.59	0.00
Core	CPU	C1%	C3%	C6%	C8%	C9%
-	-	0.00	0.20	0.31	0.72	0.00
0	0	0.00	0.00	0.45	0.79	0.00
0	4	0.00	0.00	0.14	1.08	0.00
1	1	0.00	0.01	0.29	0.59	0.00
1	5	0.00	0.00	0.19	0.99	0.00
2	2	0.00	0.02	0.75	0.89	0.00
2	6	0.00	0.00	0.23	0.99	0.00
3	3	0.00	1.58	0.02	0.00	0.00
3	7	0.00	0.00	0.39	0.40	0.00
Core	CPU	C1%	C3%	C6%	C8%	C9%
-	-	0.01	0.01	0.44	0.86	0.00
0	0	0.00	0.00	0.63	0.00	0.00
0	4	0.10	0.01	0.60	0.29	0.00
1	1	0.00	0.00	0.28	0.99	0.00
1	5	0.00	0.00	0.36	0.99	0.00
2	2	0.00	0.02	0.53	1.30	0.00
2	6	0.00	0.02	0.20	1.19	0.00
3	3	0.00	0.00	0.39	1.09	0.00
3	7	0.00	0.00	0.55	0.99	0.00
Core	CPU	C1%	C3%	C6%	C8%	C9%
-	-	0.00	0.00	0.43	0.63	0.00
0	0	0.00	0.00	0.49	0.00	0.00
0	4	0.00	0.00	0.57	0.59	0.00
1	1	0.00	0.00	0.45	0.78	0.00
1	5	0.00	0.00	0.41	0.69	0.00
2	2	0.00	0.04	0.59	0.79	0.00
2	6	0.00	0.00	0.36	0.59	0.00
3	3	0.00	0.00	0.42	0.79	0.00
3	7	0.00	0.00	0.19	0.78	0.00
Core	CPU	C1%	C3%	C6%	C8%	C9%
-	-	0.00	0.01	0.42	0.93	0.00
0	0	0.00	0.00	0.53	1.19	0.00
0	4	0.00	0.00	0.54	0.79	0.00
1	1	0.00	0.00	0.42	0.89	0.00
1	5	0.00	0.00	0.10	0.99	0.00
2	2	0.00	0.04	0.95	0.60	0.00
2	6	0.00	0.00	0.17	0.99	0.00
3	3	0.00	0.00	0.23	1.09	0.00
3	7	0.00	0.00	0.39	0.89	0.00
Core	CPU	C1%	C3%	C6%	C8%	C9%
-	-	0.00	0.00	0.45	1.19	0.00
0	0	0.00	0.00	0.23	1.19	0.00
0	4	0.00	0.02	0.10	0.98	0.00
1	1	0.00	0.00	0.28	1.19	0.00
1	5	0.03	0.00	0.81	1.40	0.00
2	2	0.00	0.01	1.15	0.68	0.00
2	6	0.00	0.00	0.30	1.09	0.00
3	3	0.00	0.00	0.27	1.40	0.00
3	7	0.00	0.00	0.46	1.58	0.00
Core	CPU	C1%	C3%	C6%	C8%	C9%
-	-	0.00	0.01	0.56	1.08	0.00
0	0	0.00	0.02	0.65	1.49	0.00
0	4	0.00	0.00	0.10	1.19	0.00
1	1	0.00	0.03	0.19	1.09	0.00
1	5	0.00	0.00	0.47	0.69	0.00
2	2	0.00	0.02	1.80	1.09	0.00
2	6	0.00	0.00	0.82	0.79	0.00
3	3	0.00	0.00	0.10	1.29	0.00
3	7	0.00	0.00	0.35	0.98	0.00
Core	CPU	C1%	C3%	C6%	C8%	C9%
-	-	0.01	0.00	0.49	0.85	0.00
0	0	0.00	0.02	0.20	0.61	0.00
0	4	0.00	0.00	0.10	0.89	0.00
1	1	0.00	0.00	0.48	0.79	0.00
1	5	0.00	0.00	0.36	0.84	0.00
2	2	0.00	0.00	1.15	0.89	0.00
2	6	0.10	0.01	1.07	0.79	0.00
3	3	0.00	0.00	0.19	1.19	0.00
3	7	0.00	0.00	0.36	0.79	0.00
Core	CPU	C1%	C3%	C6%	C8%	C9%
-	-	0.00	0.01	0.49	1.12	0.00
0	0	0.00	0.00	0.32	0.90	0.00
0	4	0.00	0.00	0.28	0.89	0.00
1	1	0.00	0.00	0.71	2.36	0.00
1	5	0.00	0.00	0.32	1.58	0.00
2	2	0.00	0.02	1.09	0.89	0.00
2	6	0.00	0.00	0.19	0.99	0.00
3	3	0.00	0.00	0.36	0.69	0.00
3	7	0.00	0.03	0.65	0.69	0.00
Core	CPU	C1%	C3%	C6%	C8%	C9%
-	-	0.00	0.00	0.48	1.16	0.00
0	0	0.00	0.00	0.54	1.00	0.00
0	4	0.00	0.00	0.22	1.20	0.00
1	1	0.00	0.00	0.26	1.59	0.00
1	5	0.00	0.00	0.18	0.99	0.00
2	2	0.00	0.01	0.67	0.89	0.00
2	6	0.00	0.00	0.31	1.00	0.00
3	3	0.00	0.01	0.47	1.11	0.00
3	7	0.00	0.00	1.19	1.53	0.00
Core	CPU	C1%	C3%	C6%	C8%	C9%
-	-	0.00	0.01	0.38	0.90	0.00
0	0	0.00	0.00	0.22	0.30	0.00
0	4	0.00	0.00	0.19	0.80	0.00
1	1	0.00	0.00	0.27	0.98	0.00
1	5	0.00	0.00	0.35	0.99	0.00
2	2	0.00	0.06	1.04	0.79	0.00
2	6	0.00	0.00	0.30	1.19	0.00
3	3	0.00	0.00	0.38	0.99	0.00
3	7	0.00	0.00	0.25	1.18	0.00
Core	CPU	C1%	C3%	C6%	C8%	C9%
-	-	0.00	0.01	0.40	0.94	0.00
0	0	0.00	0.00	0.28	0.99	0.00
0	4	0.00	0.00	0.26	0.99	0.00
1	1	0.00	0.00	0.24	1.18	0.00
1	5	0.00	0.02	0.19	0.90	0.00
2	2	0.00	0.02	1.18	0.79	0.00
2	6	0.00	0.00	0.36	0.88	0.00
3	3	0.00	0.00	0.35	0.69	0.00
3	7	0.00	0.00	0.32	1.09	0.00
Core	CPU	C1%	C3%	C6%	C8%	C9%
-	-	0.00	0.20	0.51	0.98	0.15
0	0	0.00	0.00	0.82	1.79	0.00
0	4	0.00	0.00	0.15	1.57	0.00
1	1	0.00	0.02	0.20	0.99	0.00
1	5	0.00	0.00	0.79	0.79	0.00
2	2	0.00	0.00	0.79	0.79	0.00
2	6	0.00	0.01	0.44	1.18	0.00
3	3	0.00	1.58	0.02	0.00	1.20
3	7	0.00	0.00	0.88	0.69	0.00
Core	CPU	C1%	C3%	C6%	C8%	C9%
-	-	0.00	0.00	0.51	0.66	0.00
0	0	0.00	0.00	0.31	0.40	0.00
0	4	0.00	0.00	0.19	0.69	0.00
1	1	0.00	0.00	0.27	1.09	0.00
1	5	0.00	0.00	0.45	0.69	0.00
2	2	0.00	0.02	1.12	0.40	0.00
2	6	0.00	0.00	0.91	0.40	0.00
3	3	0.00	0.00	0.38	0.99	0.00
3	7	0.00	0.00	0.45	0.59	0.00
Core	CPU	C1%	C3%	C6%	C8%	C9%
-	-	0.00	0.01	0.55	0.93	0.00
0	0	0.00	0.00	0.34	1.09	0.00
0	4	0.00	0.00	0.54	1.77	0.00
1	1	0.00	0.00	0.22	0.99	0.00
1	5	0.00	0.00	0.13	1.09	0.00
2	2	0.00	0.03	1.00	0.49	0.00
2	6	0.00	0.00	0.70	1.98	0.00
3	3	0.00	0.00	0.75	0.00	0.00
3	7	0.00	0.02	0.76	0.00	0.00
Core	CPU	C1%	C3%	C6%	C8%	C9%
-	-	0.01	0.00	0.35	0.93	0.00
0	0	0.06	0.00	0.09	0.79	0.00
0	4	0.00	0.00	0.13	0.89	0.00
1	1	0.00	0.00	0.10	0.60	0.00
1	5	0.00	0.00	0.28	1.10	0.00
2	2	0.00	0.01	0.90	1.17	0.00
2	6	0.00	0.02	0.23	1.38	0.00
3	3	0.00	0.01	0.69	0.60	0.00
3	7	0.00	0.00	0.39	0.89	0.00
Core	CPU	C1%	C3%	C6%	C8%	C9%
-	-	0.00	0.04	0.83	4.54	0.00
0	0	0.00	0.00	0.98	0.20	0.00
0	4	0.00	0.02	0.88	0.89	0.00
1	1	0.02	0.29	1.11	29.30	0.00
1	5	0.00	0.00	0.55	1.30	0.00
2	2	0.00	0.02	1.13	1.18	0.00
2	6	0.00	0.02	1.16	0.91	0.00
3	3	0.00	0.00	0.38	1.39	0.00
3	7	0.00	0.00	0.45	1.18	0.00
Core	CPU	C1%	C3%	C6%	C8%	C9%
-	-	0.00	0.00	0.63	1.18	0.00
0	0	0.00	0.00	0.53	1.59	0.00
0	4	0.00	0.00	0.28	1.09	0.00
1	1	0.00	0.00	0.85	0.40	0.00
1	5	0.00	0.00	0.83	0.79	0.00
2	2	0.00	0.02	1.02	0.79	0.00
2	6	0.00	0.00	0.18	1.19	0.00
3	3	0.00	0.00	0.90	2.19	0.00
3	7	0.00	0.00	0.46	1.38	0.00
Core	CPU	C1%	C3%	C6%	C8%	C9%
-	-	0.00	0.19	0.55	0.67	0.00
0	0	0.00	0.00	0.79	0.49	0.00
0	4	0.00	0.00	0.46	0.89	0.00
1	1	0.00	0.00	0.25	0.98	0.00
1	5	0.00	0.00	0.82	0.79	0.00
2	2	0.00	0.03	1.08	0.60	0.00
2	6	0.00	0.00	0.19	0.89	0.00
3	3	0.00	1.48	0.13	0.00	0.00
3	7	0.00	0.00	0.68	0.70	0.00
Core	CPU	C1%	C3%	C6%	C8%	C9%
-	-	0.00	0.00	0.54	0.71	0.00
0	0	0.00	0.00	0.47	0.49	0.00
0	4	0.00	0.00	0.25	0.89	0.00
1	1	0.00	0.00	0.32	0.89	0.00
1	5	0.00	0.00	0.10	0.50	0.00
2	2	0.00	0.03	0.77	1.10	0.00
2	6	0.00	0.00	0.53	1.00	0.00
3	3	0.00	0.00	1.02	0.40	0.00
3	7	0.00	0.01	0.89	0.40	0.00
Core	CPU	C1%	C3%	C6%	C8%	C9%
-	-	0.00	0.01	0.49	1.11	0.00
0	0	0.00	0.00	0.54	1.40	0.00
0	4	0.00	0.00	0.33	1.19	0.00
1	1	0.00	0.01	0.57	0.49	0.00
1	5	0.00	0.00	0.29	1.10	0.00
2	2	0.00	0.04	1.22	0.72	0.00
2	6	0.00	0.00	0.24	1.20	0.00
3	3	0.00	0.00	0.40	1.11	0.00
3	7	0.00	0.00	0.38	1.68	0.00
Core	CPU	C1%	C3%	C6%	C8%	C9%
-	-	0.00	0.00	0.55	0.78	0.00
0	0	0.00	0.00	0.52	0.10	0.00
0	4	0.00	0.00	0.10	0.99	0.00
1	1	0.00	0.00	0.37	1.09	0.00
1	5	0.00	0.00	0.36	0.99	0.00
2	2	0.00	0.02	1.33	0.48	0.00
2	6	0.00	0.01	0.97	0.59	0.00
3	3	0.00	0.00	0.29	1.09	0.00
3	7	0.00	0.00	0.46	0.89	0.00
Core	CPU	C1%	C3%	C6%	C8%	C9%
-	-	0.00	0.01	0.64	0.86	0.00
0	0	0.00	0.01	0.18	0.48	0.00
0	4	0.00	0.00	0.75	0.49	0.00
1	1	0.00	0.00	0.25	1.28	0.00
1	5	0.00	0.00	0.23	1.39	0.00
2	2	0.00	0.00	1.01	1.09	0.00
2	6	0.00	0.01	0.37	1.38	0.00
3	3	0.00	0.00	1.33	0.40	0.00
3	7	0.00	0.02	0.99	0.39	0.00
Core	CPU	C1%	C3%	C6%	C8%	C9%
-	-	0.00	0.00	0.63	0.88	0.00
0	0	0.00	0.00	1.03	0.70	0.00
0	4	0.00	0.00	0.14	0.89	0.00
1	1	0.00	0.00	0.49	0.60	0.00
1	5	0.00	0.00	0.45	1.50	0.00
2	2	0.00	0.02	1.34	0.61	0.00
2	6	0.00	0.00	1.00	0.50	0.00
3	3	0.00	0.01	0.39	1.29	0.00
3	7	0.00	0.00	0.19	0.98	0.00
Core	CPU	C1%	C3%	C6%	C8%	C9%
-	-	0.00	0.10	0.45	1.10	0.00
0	0	0.00	0.02	0.55	1.98	0.00
0	4	0.00	0.00	0.10	1.38	0.00
1	1	0.00	0.00	0.51	0.99	0.00
1	5	0.00	0.00	0.36	0.88	0.00
2	2	0.00	0.04	0.71	1.39	0.00
2	6	0.00	0.00	0.20	1.09	0.00
3	3	0.00	0.71	0.31	0.00	0.00
3	7	0.00	0.00	0.90	1.11	0.00
Core	CPU	C1%	C3%	C6%	C8%	C9%
-	-	0.03	0.00	0.79	0.98	0.00
0	0	0.00	0.00	0.28	0.79	0.00
0	4	0.00	0.00	0.73	1.39	0.00
1	1	0.00	0.00	1.63	1.38	0.00
1	5	0.00	0.00	0.00	0.70	0.00
2	2	0.15	0.03	1.17	0.59	0.00
2	6	0.08	0.00	0.44	0.99	0.00
3	3	0.00	0.00	1.26	0.99	0.00
3	7	0.00	0.00	0.78	1.00	0.00
Core	CPU	C1%	C3%	C6%	C8%	C9%
-	-	0.00	0.00	0.47	0.73	0.00
0	0	0.00	0.00	0.35	0.59	0.00
0	4	0.00	0.00	0.63	0.29	0.00
1	1	0.00	0.01	0.16	0.40	0.00
1	5	0.00	0.00	0.88	0.79	0.00
2	2	0.00	0.00	1.08	0.80	0.00
2	6	0.00	0.00	0.44	0.90	0.00
3	3	0.00	0.00	0.13	1.09	0.00
3	7	0.00	0.00	0.10	0.99	0.00
Core	CPU	C1%	C3%	C6%	C8%	C9%
-	-	0.00	0.01	0.39	0.89	0.00
0	0	0.00	0.00	0.33	0.60	0.00
0	4	0.00	0.02	0.29	0.79	0.00
1	1	0.00	0.00	0.20	0.69	0.00
1	5	0.00	0.00	0.38	0.99	0.00
2	2	0.00	0.02	1.13	0.80	0.00
2	6	0.00	0.00	0.31	1.09	0.00
3	3	0.00	0.00	0.20	1.19	0.00
3	7	0.00	0.00	0.28	0.99	0.00
Core	CPU	C1%	C3%	C6%	C8%	C9%
-	-	0.00	0.01	0.30	0.74	0.00
0	0	0.00	0.02	0.41	1.00	0.00
0	4	0.00	0.00	0.10	0.40	0.00
1	1	0.00	0.00	0.50	0.90	0.00
1	5	0.00	0.00	0.25	0.89	0.00
2	2	0.00	0.05	0.57	0.71	0.00
2	6	0.00	0.02	0.07	0.70	0.00
3	3	0.00	0.00	0.28	0.79	0.00
3	7	0.00	0.03	0.25	0.56	0.00
Core	CPU	C1%	C3%	C6%	C8%	C9%
-	-	0.00	0.01	0.41	0.67	0.00
0	0	0.00	0.00	0.47	0.49	0.00
0	4	0.00	0.00	0.45	0.50	0.00
1	1	0.00	0.00	0.03	0.50	0.00
1	5	0.00	0.00	0.00	0.60	0.00
2	2	0.00	0.04	0.56	0.99	0.00
2	6	0.00	0.00	0.44	0.89	0.00
3	3	0.00	0.00	0.63	0.59	0.00
3	7	0.00	0.00	0.73	0.79	0.00
Core	CPU	C1%	C3%	C6%	C8%	C9%
-	-	0.00	0.19	0.44	0.55	0.00
0	0	0.00	0.00	0.15	0.78	0.00
0	4	0.00	0.00	0.61	0.59	0.00
1	1	0.00	0.00	0.49	0.00	0.00
1	5	0.00	0.00	0.28	0.89	0.00
2	2	0.00	0.00	1.23	0.59	0.00
2	6	0.00	0.00	0.41	0.89	0.00
3	3	0.00	1.49	0.00	0.00	0.00
3	7	0.00	0.00	0.36	0.70	0.00
Core	CPU	C1%	C3%	C6%	C8%	C9%
-	-	0.00	0.00	0.54	0.83	0.00
0	0	0.00	0.00	0.19	0.69	0.00
0	4	0.00	0.00	0.88	0.79	0.00
1	1	0.00	0.00	0.36	0.92	0.00
1	5	0.00	0.00	0.14	0.99	0.00
2	2	0.00	0.02	1.28	0.90	0.00
2	6	0.00	0.00	0.27	0.99	0.00
3	3	0.00	0.00	0.85	0.69	0.00
3	7	0.00	0.00	0.35	0.70	0.00
Core	CPU	C1%	C3%	C6%	C8%	C9%
-	-	0.01	0.01	0.59	1.15	0.00
0	0	0.00	0.00	0.36	1.78	0.00
0	4	0.00	0.00	0.64	0.99	0.00
1	1	0.00	0.00	1.02	0.98	0.00
1	5	0.10	0.02	0.70	0.79	0.00
2	2	0.00	0.04	0.66	1.19	0.00
2	6	0.00	0.00	0.55	1.50	0.00
3	3	0.00	0.00	0.62	0.80	0.00
3	7	0.00	0.00	0.17	1.18	0.00
Core	CPU	C1%	C3%	C6%	C8%	C9%
-	-	0.00	0.01	0.34	1.03	0.00
0	0	0.00	0.00	0.24	0.99	0.00
0	4	0.00	0.00	0.23	1.19	0.00
1	1	0.00	0.00	0.20	0.69	0.00
1	5	0.00	0.00	0.28	0.99	0.00
2	2	0.00	0.03	0.83	0.71	0.00
2	6	0.00	0.04	0.22	1.68	0.00
3	3	0.00	0.01	0.40	0.90	0.00
3	7	0.00	0.00	0.29	1.08	0.00
Core	CPU	C1%	C3%	C6%	C8%	C9%
-	-	0.00	0.00	0.54	0.87	0.00
0	0	0.00	0.00	0.32	0.60	0.00
0	4	0.00	0.00	0.19	0.90	0.00
1	1	0.00	0.00	0.56	1.19	0.00
1	5	0.00	0.00	0.45	0.89	0.00
2	2	0.00	0.02	1.41	0.40	0.00
2	6	0.00	0.00	0.69	0.89	0.00
3	3	0.00	0.00	0.28	1.08	0.00
3	7	0.00	0.00	0.44	0.99	0.00
Core	CPU	C1%	C3%	C6%	C8%	C9%
-	-	0.00	0.01	0.61	0.79	0.00
0	0	0.00	0.00	0.27	1.29	0.00
0	4	0.00	0.00	0.26	0.89	0.00
1	1	0.00	0.00	0.83	0.29	0.00
1	5	0.00	0.01	0.89	0.79	0.00
2	2	0.00	0.02	0.79	0.79	0.00
2	6	0.00	0.00	0.53	0.90	0.00
3	3	0.00	0.00	0.81	0.70	0.00
3	7	0.00	0.00	0.50	0.69	0.00
Core	CPU	C1%	C3%	C6%	C8%	C9%
-	-	0.00	0.19	0.43	0.74	0.00
0	0	0.00	0.00	0.58	0.90	0.00
0	4	0.00	0.00	0.32	0.98	0.00
1	1	0.00	0.00	0.14	0.70	0.00
1	5	0.00	0.00	0.28	0.88	0.00
2	2	0.00	0.05	0.82	0.79	0.00
2	6	0.00	0.00	0.83	0.79	0.00
3	3	0.00	1.49	0.00	0.00	0.00
3	7	0.00	0.02	0.43	0.89	0.00
