Core	CPU	C1%	C3%	C6%	C8%	C9%
-	-	0.08	0.40	1.81	1.85	0.00
0	0	0.02	1.17	1.77	1.51	0.00
0	4	0.00	0.02	1.29	3.15	0.00
1	1	0.00	0.00	1.76	0.89	0.00
1	5	0.00	1.08	1.69	1.79	0.00
2	2	0.65	0.00	1.86	1.15	0.00
2	6	0.00	0.00	0.83	1.19	0.00
3	3	0.00	0.01	3.74	2.11	0.00
3	7	0.00	0.92	1.53	3.02	0.00
Core	CPU	C1%	C3%	C6%	C8%	C9%
-	-	0.35	2.65	17.18	12.14	0.03
0	0	0.29	0.69	20.62	24.57	0.00
0	4	0.00	0.22	15.50	13.15	0.15
1	1	1.73	0.54	19.13	8.92	0.00
1	5	0.49	15.24	13.76	1.24	0.08
2	2	0.00	0.60	20.57	13.55	0.00
2	6	0.00	0.24	18.40	11.76	0.00
3	3	0.27	2.87	14.69	11.64	0.00
3	7	0.00	0.80	14.87	12.36	0.00
Core	CPU	C1%	C3%	C6%	C8%	C9%
-	-	0.13	3.24	20.93	23.81	0.06
0	0	0.20	5.14	27.82	23.61	0.00
0	4	0.00	0.32	23.23	25.57	0.00
1	1	0.36	7.66	16.00	22.58	0.46
1	5	0.07	2.04	17.40	20.01	0.00
2	2	0.07	0.19	22.58	25.99	0.00
2	6	0.01	0.18	20.79	25.53	0.00
3	3	0.34	10.10	16.09	20.05	0.00
3	7	0.00	0.29	23.37	26.98	0.02
Core	CPU	C1%	C3%	C6%	C8%	C9%
-	-	0.11	3.65	21.82	23.07	0.03
0	0	0.01	0.97	32.45	9.34	0.21
0	4	0.00	6.33	17.02	30.29	0.00
1	1	0.53	10.43	17.73	17.54	0.00
1	5	0.31	10.56	16.85	18.04	0.04
2	2	0.01	0.17	22.47	26.18	0.00
2	6	0.01	0.19	20.82	29.01	0.00
3	3	0.00	0.27	23.46	23.71	0.00
3	7	0.01	0.26	23.81	30.49	0.00
Core	CPU	C1%	C3%	C6%	C8%	C9%
-	-	0.14	2.68	12.14	12.38	0.00
0	0	0.10	5.14	18.94	9.37	0.00
0	4	0.00	1.57	11.84	15.38	0.00
1	1	0.36	5.64	9.24	5.96	0.00
1	5	0.00	0.12	11.79	13.62	0.00
2	2	0.67	8.62	6.88	7.16	0.00
2	6	0.00	0.04	11.05	18.07	0.00
3	3	0.00	0.11	11.87	11.39	0.00
3	7	0.00	0.17	15.49	18.04	0.00
Core	CPU	C1%	C3%	C6%	C8%	C9%
-	-	0.20	4.22	21.42	23.14	0.00
0	0	0.01	1.75	30.42	16.69	0.00
0	4	0.23	22.00	11.13	8.14	0.00
1	1	0.82	5.32	19.17	38.80	0.00
1	5	0.01	0.26	22.59	22.81	0.00
2	2	0.36	2.11	21.48	26.64	0.00
2	6	0.20	0.52	21.93	23.88	0.00
3	3	0.00	0.26	22.16	25.17	0.00
3	7	0.01	1.54	22.49	22.98	0.00
Core	CPU	C1%	C3%	C6%	C8%	C9%
-	-	0.11	3.76	21.37	22.09	0.18
0	0	0.02	8.69	25.09	7.04	0.00
0	4	0.21	3.75	22.87	23.77	0.30
1	1	0.13	4.98	19.79	22.63	1.05
1	5	0.24	4.22	20.23	25.69	0.00
2	2	0.00	0.18	21.20	28.65	0.00
2	6	0.00	0.21	21.62	31.18	0.06
3	3	0.29	7.69	15.52	14.35	0.00
3	7	0.01	0.33	24.67	23.39	0.00
Core	CPU	C1%	C3%	C6%	C8%	C9%
-	-	0.17	3.62	23.87	22.06	0.05
0	0	0.11	0.52	34.22	20.37	0.00
0	4	0.00	0.31	25.43	16.68	0.00
1	1	0.31	5.52	23.84	18.74	0.00
1	5	0.44	11.54	17.39	23.46	0.00
2	2	0.00	0.33	24.08	28.41	0.00
2	6	0.00	0.30	24.86	27.05	0.13
3	3	0.50	10.17	16.21	17.75	0.00
3	7	0.00	0.27	24.94	23.99	0.31
Core	CPU	C1%	C3%	C6%	C8%	C9%
-	-	0.13	4.02	21.96	20.99	0.01
0	0	0.01	5.89	26.49	15.58	0.00
0	4	0.00	1.42	22.68	22.34	0.00
1	1	0.12	0.26	20.88	25.93	0.00
1	5	0.01	0.16	21.01	24.66	0.00
2	2	0.69	19.98	10.90	8.03	0.05
2	6	0.17	3.29	25.03	19.46	0.00
3	3	0.00	0.20	25.61	32.05	0.00
3	7	0.00	0.94	23.08	19.90	0.00
Core	CPU	C1%	C3%	C6%	C8%	C9%
-	-	0.07	2.44	27.41	24.47	0.01
0	0	0.01	8.43	30.68	9.45	0.00
0	4	0.34	9.01	15.93	7.60	0.00
1	1	0.00	0.38	29.88	37.87	0.00
1	5	0.00	0.35	29.87	31.32	0.00
2	2	0.06	0.36	28.06	25.16	0.00
2	6	0.12	0.19	29.11	31.79	0.07
3	3	0.00	0.30	27.90	27.88	0.00
3	7	0.00	0.53	27.88	24.71	0.00
Core	CPU	C1%	C3%	C6%	C8%	C9%
-	-	0.05	3.82	23.17	22.35	0.17
0	0	0.01	7.90	25.11	8.14	0.00
0	4	0.13	15.10	15.83	10.18	0.00
1	1	0.10	1.01	26.33	33.91	0.00
1	5	0.00	0.23	23.48	23.39	0.00
2	2	0.00	0.15	21.24	27.31	0.00
2	6	0.01	0.16	24.45	25.62	0.06
3	3	0.14	5.69	24.13	20.89	1.27
3	7	0.02	0.38	24.79	29.38	0.00
Core	CPU	C1%	C3%	C6%	C8%	C9%
-	-	0.02	3.97	22.28	21.91	0.01
0	0	0.01	8.24	26.77	13.52	0.00
0	4	0.09	21.89	12.06	6.94	0.00
1	1	0.00	0.30	23.86	20.08	0.00
1	5	0.00	0.28	23.53	26.06	0.00
2	2	0.00	0.25	23.89	41.96	0.01
2	6	0.00	0.20	21.64	22.13	0.07
3	3	0.02	0.28	23.44	22.27	0.00
3	7	0.01	0.32	23.01	22.28	0.00
Core	CPU	C1%	C3%	C6%	C8%	C9%
-	-	0.04	3.56	22.35	23.02	0.06
0	0	0.01	3.20	29.02	19.49	0.00
0	4	0.02	14.43	18.73	9.02	0.00
1	1	0.00	0.18	24.67	27.45	0.00
1	5	0.01	0.16	24.01	27.27	0.00
2	2	0.20	7.92	16.71	20.19	0.44
2	6	0.11	2.28	23.45	29.40	0.06
3	3	0.00	0.14	20.29	28.73	0.00
3	7	0.00	0.15	21.94	22.58	0.00
Core	CPU	C1%	C3%	C6%	C8%	C9%
-	-	0.04	3.75	20.65	23.67	0.00
0	0	0.02	10.18	23.62	8.43	0.00
0	4	0.01	13.06	17.22	13.51	0.00
1	1	0.05	0.21	21.84	41.41	0.00
1	5	0.00	0.23	20.90	23.54	0.00
2	2	0.00	0.26	22.05	30.83	0.00
2	6	0.23	4.66	17.37	21.20	0.00
3	3	0.00	1.18	21.53	25.75	0.00
3	7	0.00	0.19	20.65	24.65	0.00
Core	CPU	C1%	C3%	C6%	C8%	C9%
-	-	0.01	3.21	17.14	15.10	0.39
0	0	0.01	20.46	9.41	0.87	0.00
0	4	0.01	3.67	18.14	13.55	0.00
1	1	0.00	0.23	18.82	21.72	0.00
1	5	0.00	0.21	18.62	16.36	0.00
2	2	0.00	0.22	16.90	16.07	0.00
2	6	0.00	0.18	17.67	14.60	0.00
3	3	0.10	0.22	17.38	12.33	0.00
3	7	0.00	0.50	20.16	25.31	3.12
Core	CPU	C1%	C3%	C6%	C8%	C9%
-	-	0.11	3.55	20.69	24.52	0.00
0	0	0.04	6.49	27.85	9.46	0.00
0	4	0.01	3.49	20.28	38.96	0.00
1	1	0.00	0.17	20.24	24.23	0.00
1	5	0.00	0.15	21.93	26.40	0.00
2	2	0.18	3.55	20.09	21.64	0.00
2	6	0.60	14.27	12.35	20.35	0.00
3	3	0.00	0.18	21.17	24.19	0.00
3	7	0.04	0.16	21.78	31.18	0.00
Core	CPU	C1%	C3%	C6%	C8%	C9%
-	-	0.13	3.96	22.08	20.10	0.00
0	0	0.10	0.48	33.36	7.70	0.01
0	4	0.00	0.15	22.58	33.49	0.00
1	1	0.00	0.16	25.11	18.43	0.00
1	5	0.00	0.14	22.09	19.08	0.00
2	2	0.17	5.96	24.29	33.01	0.00
2	6	0.73	24.49	6.92	5.55	0.00
3	3	0.00	0.14	20.59	25.20	0.00
3	7	0.00	0.23	21.98	18.56	0.00
Core	CPU	C1%	C3%	C6%	C8%	C9%
-	-	0.15	3.35	23.35	23.81	0.08
0	0	0.06	0.61	31.92	25.10	0.01
0	4	0.00	0.24	24.63	23.60	0.00
1	1	0.11	4.72	19.10	22.57	0.00
1	5	0.14	3.31	20.48	30.24	0.00
2	2	0.00	0.16	21.93	18.74	0.00
2	6	0.00	0.20	23.84	35.29	0.00
3	3	0.85	17.07	13.13	7.60	0.59
3	7	0.01	0.40	31.24	26.86	0.00
Core	CPU	C1%	C3%	C6%	C8%	C9%
-	-	0.22	3.95	21.51	21.35	0.19
0	0	0.13	0.37	33.96	30.14	1.37
0	4	0.00	0.26	23.33	20.87	0.00
1	1	0.74	11.01	16.34	24.97	0.11
1	5	0.87	19.14	13.25	8.00	0.00
2	2	0.00	0.17	21.21	22.39	0.00
2	6	0.00	0.27	20.10	22.51	0.07
3	3	0.01	0.16	22.38	22.84	0.00
3	7	0.00	0.24	21.50	19.06	0.00
Core	CPU	C1%	C3%	C6%	C8%	C9%
-	-	0.12	3.03	16.35	16.37	0.00
0	0	0.09	0.38	24.67	6.11	0.03
0	4	0.00	0.18	17.57	22.18	0.00
1	1	0.22	3.33	14.44	18.26	0.00
1	5	0.60	19.53	6.53	3.68	0.00
2	2	0.00	0.21	16.97	20.49	0.00
2	6	0.00	0.20	15.56	24.03	0.00
3	3	0.00	0.16	15.51	16.22	0.00
3	7	0.00	0.21	19.52	20.01	0.00
Core	CPU	C1%	C3%	C6%	C8%	C9%
-	-	0.20	4.17	22.19	22.09	0.33
0	0	0.78	3.80	32.75	12.12	2.68
0	4	0.01	1.79	22.51	24.30	0.00
1	1	0.01	2.33	22.66	20.78	0.00
1	5	0.17	9.86	14.98	25.51	0.00
2	2	0.35	7.74	19.06	20.26	0.00
2	6	0.09	2.31	22.37	21.81	0.00
3	3	0.16	2.97	23.11	24.15	0.00
3	7	0.00	2.61	20.23	27.92	0.00
Core	CPU	C1%	C3%	C6%	C8%	C9%
-	-	0.11	3.85	20.77	23.45	0.00
0	0	0.02	7.01	27.90	10.88	0.01
0	4	0.01	0.15	20.82	23.02	0.00
1	1	0.18	5.76	18.99	32.19	0.00
1	5	0.22	5.80	18.25	36.67	0.00
2	2	0.33	7.75	19.06	20.33	0.00
2	6	0.13	4.05	20.25	21.72	0.00
3	3	0.00	0.10	19.96	21.50	0.00
3	7	0.00	0.18	20.75	21.14	0.00
Core	CPU	C1%	C3%	C6%	C8%	C9%
-	-	0.08	3.50	22.85	22.19	0.34
0	0	0.02	7.45	32.01	13.31	0.33
0	4	0.00	0.32	24.07	18.29	1.51
1	1	0.26	6.18	17.71	15.08	0.00
1	5	0.16	3.43	23.09	19.39	0.04
2	2	0.00	0.95	22.92	20.50	0.00
2	6	0.00	0.17	21.27	51.55	0.00
3	3	0.23	7.34	18.40	17.36	0.00
3	7	0.00	2.20	23.56	22.14	0.88
Core	CPU	C1%	C3%	C6%	C8%	C9%
-	-	0.08	3.74	21.18	22.43	0.00
0	0	0.03	9.76	28.85	12.54	0.00
0	4	0.01	1.14	23.32	25.38	0.00
1	1	0.50	12.56	15.10	12.70	0.00
1	5	0.00	0.23	20.15	30.55	0.00
2	2	0.00	0.19	21.41	34.21	0.00
2	6	0.03	3.44	20.64	18.30	0.00
3	3	0.00	1.24	19.70	25.78	0.00
3	7	0.05	1.29	20.14	19.82	0.00
Core	CPU	C1%	C3%	C6%	C8%	C9%
-	-	0.08	2.21	25.86	23.58	0.01
0	0	0.01	2.37	33.79	11.57	0.00
0	4	0.37	12.84	13.27	4.11	0.00
1	1	0.01	0.40	27.14	32.62	0.00
1	5	0.00	0.33	25.67	24.94	0.00
2	2	0.00	0.23	26.42	37.61	0.00
2	6	0.00	0.36	27.85	28.63	0.11
3	3	0.13	0.29	27.33	24.66	0.00
3	7	0.13	0.83	25.40	24.46	0.00
Core	CPU	C1%	C3%	C6%	C8%	C9%
-	-	0.07	3.74	21.84	22.79	0.00
0	0	0.04	10.66	28.26	8.05	0.00
0	4	0.20	6.06	21.32	16.58	0.00
1	1	0.13	0.21	22.04	22.41	0.00
1	5	0.00	0.20	21.29	23.17	0.00
2	2	0.00	0.21	22.93	40.72	0.00
2	6	0.23	10.09	13.95	25.81	0.00
3	3	0.00	0.19	22.26	21.88	0.00
3	7	0.00	2.33	22.67	23.71	0.00
Core	CPU	C1%	C3%	C6%	C8%	C9%
-	-	0.03	3.85	21.75	24.29	0.00
0	0	0.00	15.37	22.04	5.57	0.00
0	4	0.04	9.33	18.70	19.87	0.00
1	1	0.00	0.28	23.08	23.74	0.00
1	5	0.00	0.33	23.11	24.79	0.00
2	2	0.21	4.54	19.76	27.90	0.00
2	6	0.00	0.30	22.52	34.51	0.00
3	3	0.00	0.33	21.68	24.81	0.00
3	7	0.00	0.40	23.20	33.19	0.00
Core	CPU	C1%	C3%	C6%	C8%	C9%
-	-	0.17	3.48	21.41	22.92	0.00
0	0	0.01	0.41	33.00	23.07	0.00
0	4	0.00	0.15	26.20	33.39	0.00
1	1	0.00	0.22	22.20	27.32	0.00
1	5	0.36	5.51	17.90	21.72	0.00
2	2	0.28	6.48	16.15	15.34	0.00
2	6	0.70	13.78	14.56	12.60	0.02
3	3	0.00	0.20	19.86	26.48	0.00
3	7	0.01	1.11	21.24	23.31	0.00
Core	CPU	C1%	C3%	C6%	C8%	C9%
-	-	0.09	3.96	20.86	24.20	0.00
0	0	0.01	3.88	27.66	16.48	0.00
0	4	0.07	12.16	14.37	22.53	0.00
1	1	0.00	0.39	24.32	28.70	0.00
1	5	0.00	0.31	23.26	20.88	0.00
2	2	0.21	7.51	18.03	30.54	0.00
2	6	0.41	6.84	17.56	19.76	0.00
3	3	0.00	0.30	21.14	29.16	0.00
3	7	0.00	0.32	20.63	25.58	0.00
Core	CPU	C1%	C3%	C6%	C8%	C9%
-	-	0.09	3.30	15.93	14.84	0.22
0	0	0.01	0.41	22.29	4.97	0.07
0	4	0.01	3.37	15.10	23.27	0.00
1	1	0.00	1.06	18.52	15.57	1.67
1	5	0.00	0.10	15.23	14.31	0.00
2	2	0.20	6.35	14.42	22.66	0.00
2	6	0.50	13.06	11.18	7.82	0.00
3	3	0.00	0.08	13.23	16.97	0.00
3	7	0.00	2.02	17.44	13.15	0.00
Core	CPU	C1%	C3%	C6%	C8%	C9%
-	-	0.16	3.78	21.53	22.19	0.00
0	0	0.00	0.37	28.15	12.08	0.01
0	4	0.00	0.21	22.16	24.60	0.00
1	1	0.02	2.45	22.68	22.40	0.00
1	5	0.00	0.22	24.67	32.35	0.00
2	2	0.63	11.35	16.29	13.02	0.00
2	6	0.50	14.29	12.76	14.88	0.00
3	3	0.00	0.11	22.16	27.52	0.00
3	7	0.08	1.26	23.49	30.74	0.00
Core	CPU	C1%	C3%	C6%	C8%	C9%
-	-	0.11	3.60	20.94	21.30	0.00
0	0	0.01	0.50	32.26	8.65	0.00
0	4	0.00	0.20	23.26	22.64	0.00
1	1	0.28	5.77	18.89	14.21	0.00
1	5	0.17	5.13	18.04	43.45	0.00
2	2	0.11	4.46	19.70	20.12	0.00
2	6	0.29	11.62	15.27	14.29	0.00
3	3	0.01	0.89	19.26	22.12	0.00
3	7	0.00	0.20	20.72	24.81	0.00
Core	CPU	C1%	C3%	C6%	C8%	C9%
-	-	0.09	2.81	21.53	21.45	0.14
0	0	0.02	9.04	24.51	7.68	1.04
0	4	0.01	0.15	20.86	33.02	0.00
1	1	0.06	2.24	21.03	18.97	0.00
1	5	0.27	3.79	20.11	22.65	0.00
2	2	0.30	4.37	17.57	14.83	0.00
2	6	0.00	0.25	23.71	22.12	0.00
3	3	0.00	0.13	22.15	31.43	0.00
3	7	0.01	2.51	22.33	20.93	0.10
Core	CPU	C1%	C3%	C6%	C8%	C9%
-	-	0.31	3.11	20.99	20.04	0.00
0	0	0.01	0.45	29.56	19.64	0.00
0	4	0.00	0.12	24.04	18.22	0.00
1	1	1.84	13.63	12.40	8.75	0.00
1	5	0.64	9.76	17.42	15.26	0.00
2	2	0.01	0.31	21.05	22.44	0.00
2	6	0.00	0.14	19.08	18.85	0.00
3	3	0.00	0.13	21.12	40.25	0.00
3	7	0.01	0.32	23.21	16.87	0.00
Core	CPU	C1%	C3%	C6%	C8%	C9%
-	-	0.34	3.19	17.21	15.00	0.11
0	0	0.01	0.44	23.81	20.30	0.00
0	4	0.00	0.16	17.71	17.38	0.00
1	1	1.33	10.13	12.01	6.76	0.00
1	5	1.38	13.49	10.67	9.09	0.00
2	2	0.00	0.14	18.59	19.06	0.00
2	6	0.00	0.25	17.15	15.65	0.00
3	3	0.00	0.18	17.36	17.56	0.00
3	7	0.00	0.68	20.38	14.18	0.91
Core	CPU	C1%	C3%	C6%	C8%	C9%
-	-	0.16	3.68	20.95	21.69	0.01
0	0	0.06	3.75	25.98	12.70	0.02
0	4	0.00	0.29	21.61	27.53	0.00
1	1	0.55	4.33	18.28	17.98	0.00
1	5	0.39	11.13	14.08	28.21	0.00
2	2	0.00	0.38	22.63	25.11	0.00
2	6	0.03	0.34	23.46	27.89	0.05
3	3	0.27	7.83	17.64	12.63	0.00
3	7	0.00	1.48	24.28	21.79	0.00
Core	CPU	C1%	C3%	C6%	C8%	C9%
-	-	0.05	3.69	20.63	23.27	0.00
0	0	0.01	15.69	20.59	6.82	0.01
0	4	0.13	6.69	17.47	27.41	0.00
1	1	0.00	0.28	21.47	22.40	0.00
1	5	0.00	0.24	20.21	28.58	0.00
2	2	0.00	0.24	20.09	22.74	0.00
2	6	0.00	0.21	23.45	28.68	0.00
3	3	0.27	5.73	17.22	25.22	0.00
3	7	0.00	0.40	24.18	23.96	0.00
Core	CPU	C1%	C3%	C6%	C8%	C9%
-	-	0.04	3.33	22.05	21.30	0.20
0	0	0.03	9.47	23.56	10.33	0.59
0	4	0.02	10.88	15.34	12.25	0.00
1	1	0.01	0.16	23.98	29.27	0.00
1	5	0.00	0.15	24.45	22.73	0.00
2	2	0.01	0.18	23.06	26.00	1.02
2	6	0.01	0.23	23.31	33.57	0.00
3	3	0.24	5.30	19.39	16.33	0.00
3	7	0.01	0.25	23.30	19.95	0.00
Core	CPU	C1%	C3%	C6%	C8%	C9%
-	-	0.01	3.94	22.28	21.66	0.00
0	0	0.01	4.93	30.91	8.73	0.00
0	4	0.08	25.56	9.25	4.66	0.00
1	1	0.01	0.19	23.86	30.82	0.00
1	5	0.00	0.15	22.19	22.02	0.00
2	2	0.01	0.22	22.96	20.84	0.00
2	6	0.01	0.14	25.44	35.41	0.00
3	3	0.00	0.18	22.23	27.32	0.00
3	7	0.00	0.18	21.51	23.53	0.00
Core	CPU	C1%	C3%	C6%	C8%	C9%
-	-	0.09	2.39	27.17	27.23	0.01
0	0	0.13	3.92	31.95	9.36	0.00
0	4	0.31	11.94	22.55	12.34	0.00
1	1	0.20	1.23	27.08	39.64	0.00
1	5	0.00	0.31	28.32	28.74	0.00
2	2	0.00	0.80	26.52	29.36	0.00
2	6	0.00	0.29	26.43	30.30	0.06
3	3	0.00	0.34	25.58	39.08	0.00
3	7	0.10	0.30	28.85	28.99	0.02
Core	CPU	C1%	C3%	C6%	C8%	C9%
-	-	0.08	3.50	21.76	24.65	0.19
0	0	0.03	18.10	19.25	8.50	0.00
0	4	0.01	0.24	22.20	32.27	1.44
1	1	0.15	1.01	21.08	23.69	0.00
1	5	0.13	0.12	23.07	22.55	0.00
2	2	0.01	0.17	22.86	25.92	0.00
2	6	0.00	0.15	24.00	27.10	0.05
3	3	0.33	5.83	18.25	28.37	0.00
3	7	0.01	2.41	23.33	28.81	0.00
Core	CPU	C1%	C3%	C6%	C8%	C9%
-	-	0.01	3.92	20.07	24.88	0.20
0	0	0.03	28.61	9.09	0.30	0.19
0	4	0.00	0.21	23.66	27.23	0.00
1	1	0.01	0.23	24.08	32.83	0.00
1	5	0.01	0.18	20.41	31.90	0.00
2	2	0.00	0.19	21.41	26.02	1.38
2	6	0.00	0.16	22.61	32.78	0.00
3	3	0.00	0.51	21.49	25.28	0.00
3	7	0.00	1.29	17.77	22.69	0.00
Core	CPU	C1%	C3%	C6%	C8%	C9%
-	-	0.01	3.58	21.10	23.61	0.18
0	0	0.01	17.73	14.87	3.68	0.00
0	4	0.02	8.83	18.82	22.55	0.08
1	1	0.00	0.26	23.05	22.37	0.00
1	5	0.00	0.19	22.20	22.19	0.00
2	2	0.00	0.23	24.14	51.97	0.00
2	6	0.00	0.15	20.06	25.01	0.06
3	3	0.00	0.98	22.86	20.06	1.28
3	7	0.00	0.26	22.77	21.04	0.00
Core	CPU	C1%	C3%	C6%	C8%	C9%
-	-	0.09	3.94	21.42	23.44	0.01
0	0	0.02	12.57	21.60	4.49	0.00
0	4	0.01	5.57	22.43	22.18	0.00
1	1	0.66	11.19	14.91	14.87	0.04
1	5	0.01	0.16	23.38	23.19	0.00
2	2	0.00	0.29	23.78	31.56	0.00
2	6	0.05	0.19	21.24	46.13	0.06
3	3	0.01	0.21	21.03	23.67	0.00
3	7	0.01	1.32	23.00	21.42	0.00
Core	CPU	C1%	C3%	C6%	C8%	C9%
-	-	0.19	2.18	25.20	25.46	0.02
0	0	0.07	1.86	29.82	17.74	0.01
0	4	0.00	0.25	28.37	26.00	0.00
1	1	1.16	11.75	12.02	9.02	0.00
1	5	0.20	1.76	23.01	30.96	0.00
2	2	0.00	0.20	26.03	29.44	0.00
2	6	0.00	0.28	25.99	35.35	0.12
3	3	0.00	0.59	27.74	32.61	0.00
3	7	0.09	0.75	28.70	22.60	0.00
Core	CPU	C1%	C3%	C6%	C8%	C9%
-	-	0.03	3.83	22.58	23.47	0.00
0	0	0.00	22.46	15.68	1.19	0.00
0	4	0.14	6.25	21.38	17.78	0.00
1	1	0.00	0.36	25.57	39.50	0.00
1	5	0.00	0.31	24.26	23.51	0.00
2	2	0.00	0.27	23.11	21.30	0.00
2	6	0.00	0.26	22.60	27.49	0.00
3	3	0.10	0.37	24.38	28.13	0.00
3	7	0.00	0.38	23.71	28.86	0.00
Core	CPU	C1%	C3%	C6%	C8%	C9%
-	-	0.17	3.75	20.96	21.21	0.01
0	0	0.01	0.50	30.94	16.94	0.00
0	4	0.30	13.06	13.43	11.35	0.09
1	1	0.20	0.17	22.97	36.62	0.00
1	5	0.00	0.29	22.11	19.26	0.00
2	2	0.00	0.20	21.04	27.76	0.00
2	6	0.86	15.35	11.89	12.95	0.00
3	3	0.00	0.21	23.11	21.21	0.00
3	7	0.00	0.28	22.24	23.74	0.00
Core	CPU	C1%	C3%	C6%	C8%	C9%
-	-	0.19	3.47	23.15	22.82	0.00
0	0	0.02	4.03	30.77	18.16	0.01
0	4	0.00	0.21	23.28	18.58	0.00
1	1	0.84	2.42	22.69	25.35	0.00
1	5	0.30	11.35	17.45	23.00	0.00
2	2	0.00	0.23	23.71	26.12	0.00
2	6	0.38	7.46	18.02	16.27	0.00
3	3	0.00	0.25	23.66	25.45	0.00
3	7	0.00	1.75	25.42	29.45	0.00
Core	CPU	C1%	C3%	C6%	C8%	C9%
-	-	0.08	3.92	22.43	23.87	0.00
0	0	0.01	12.57	24.71	8.27	0.00
0	4	0.13	5.12	21.51	23.37	0.00
1	1	0.00	1.10	23.88	29.70	0.00
1	5	0.25	1.59	24.31	29.86	0.00
2	2	0.12	3.57	19.68	18.71	0.00
2	6	0.10	5.53	21.49	30.41	0.00
3	3	0.00	0.31	21.54	23.78	0.00
3	7	0.00	1.55	22.33	26.85	0.00
Core	CPU	C1%	C3%	C6%	C8%	C9%
-	-	0.06	2.62	16.07	16.75	0.05
0	0	0.02	8.01	15.79	10.47	0.41
0	4	0.00	4.25	13.49	16.66	0.00
1	1	0.00	0.20	17.49	19.00	0.00
1	5	0.00	0.20	16.66	25.64	0.00
2	2	0.21	3.78	14.65	11.55	0.00
2	6	0.25	4.17	14.43	19.77	0.00
3	3	0.00	0.18	17.80	15.29	0.00
3	7	0.00	0.18	18.22	15.60	0.00
Core	CPU	C1%	C3%	C6%	C8%	C9%
-	-	0.15	3.97	21.20	23.65	0.00
0	0	0.01	10.18	25.58	12.06	0.01
0	4	0.00	1.68	21.45	20.00	0.00
1	1	0.00	0.85	22.26	29.56	0.00
1	5	0.00	0.20	22.26	25.29	0.00
2	2	0.73	11.41	16.34	13.96	0.01
2	6	0.49	5.76	18.92	30.97	0.00
3	3	0.00	0.16	21.90	26.02	0.00
3	7	0.00	1.54	20.92	31.38	0.00
Core	CPU	C1%	C3%	C6%	C8%	C9%
-	-	0.15	3.57	20.14	22.41	0.01
0	0	0.00	0.47	29.45	11.44	0.00
0	4	0.00	0.12	19.90	25.16	0.00
1	1	0.00	0.19	19.00	24.71	0.00
1	5	0.00	0.20	22.65	31.55	0.00
2	2	0.20	3.37	19.97	17.93	0.00
2	6	0.00	0.17	19.88	25.70	0.00
3	3	0.98	23.70	6.29	3.06	0.05
3	7	0.00	0.31	23.99	39.69	0.00
Core	CPU	C1%	C3%	C6%	C8%	C9%
-	-	0.13	3.50	22.88	22.58	0.04
0	0	0.07	22.72	13.75	1.48	0.00
0	4	0.00	2.35	22.89	26.68	0.00
1	1	0.80	0.12	24.72	25.97	0.00
1	5	0.00	0.16	24.42	20.43	0.00
2	2	0.00	0.15	22.25	23.59	0.00
2	6	0.00	0.14	24.21	25.21	0.00
3	3	0.13	1.96	25.74	32.03	0.00
3	7	0.01	0.42	25.07	25.26	0.29
Core	CPU	C1%	C3%	C6%	C8%	C9%
-	-	0.09	3.95	21.24	21.48	0.00
0	0	0.01	10.20	23.01	7.46	0.00
0	4	0.00	0.22	21.82	23.44	0.00
1	1	0.00	0.27	21.25	25.58	0.00
1	5	0.13	0.28	23.85	23.57	0.00
2	2	0.15	5.38	19.22	20.61	0.00
2	6	0.00	0.25	20.77	18.87	0.00
3	3	0.45	14.57	15.96	20.27	0.00
3	7	0.00	0.40	24.03	32.07	0.00
Core	CPU	C1%	C3%	C6%	C8%	C9%
-	-	0.10	2.74	14.96	15.80	0.01
0	0	0.00	0.34	20.81	20.33	0.00
0	4	0.00	0.19	15.70	19.71	0.00
1	1	0.00	0.11	15.42	19.80	0.00
1	5	0.00	0.11	16.49	13.02	0.00
2	2	0.30	9.91	9.79	8.68	0.09
2	6	0.46	11.00	10.16	13.22	0.00
3	3	0.00	0.07	15.77	15.02	0.00
3	7	0.00	0.19	15.68	16.78	0.00
Core	CPU	C1%	C3%	C6%	C8%	C9%
-	-	0.12	3.60	21.18	21.99	0.00
0	0	0.21	12.16	22.85	6.84	0.00
0	4	0.00	1.16	22.30	30.65	0.00
1	1	0.01	0.14	24.52	24.65	0.00
1	5	0.00	0.20	22.41	29.83	0.00
2	2	0.10	1.23	21.36	26.16	0.00
2	6	0.65	12.68	12.63	18.36	0.00
3	3	0.01	0.14	20.55	20.40	0.00
3	7	0.00	1.12	22.62	18.84	0.00
Core	CPU	C1%	C3%	C6%	C8%	C9%
-	-	0.06	3.77	21.22	23.24	0.09
0	0	0.02	18.56	16.13	6.81	0.00
0	4	0.00	1.14	21.56	24.41	0.00
1	1	0.02	0.14	23.63	20.98	0.73
1	5	0.00	0.17	22.98	24.30	0.00
2	2	0.40	9.61	16.85	17.10	0.00
2	6	0.00	0.12	22.74	23.33	0.00
3	3	0.01	0.19	23.73	45.88	0.00
3	7	0.00	0.25	22.16	23.11	0.00
Core	CPU	C1%	C3%	C6%	C8%	C9%
-	-	0.05	3.70	21.23	22.07	0.00
0	0	0.01	12.91	21.74	5.07	0.00
0	4	0.10	6.41	18.85	17.70	0.00
1	1	0.00	0.25	23.81	20.59	0.00
1	5	0.19	6.29	19.10	20.12	0.00
2	2	0.01	1.04	23.30	34.04	0.00
2	6	0.00	1.13	20.62	28.35	0.00
3	3	0.05	0.16	19.45	25.23	0.00
3	7	0.00	1.37	22.98	25.42	0.00
Core	CPU	C1%	C3%	C6%	C8%	C9%
-	-	0.12	3.96	21.82	22.24	0.00
0	0	0.01	0.32	32.94	14.18	0.00
0	4	0.13	7.68	17.73	17.58	0.00
1	1	0.00	0.14	22.75	30.18	0.00
1	5	0.53	14.99	10.90	16.61	0.02
2	2	0.31	7.89	21.15	17.80	0.00
2	6	0.00	0.25	24.55	30.50	0.00
3	3	0.00	0.21	22.88	31.73	0.00
3	7	0.00	0.18	21.68	19.33	0.00
Core	CPU	C1%	C3%	C6%	C8%	C9%
-	-	0.05	3.42	17.33	18.12	0.00
0	0	0.00	13.71	14.20	7.41	0.00
0	4	0.26	12.21	13.47	12.40	0.00
1	1	0.00	0.17	17.00	30.28	0.00
1	5	0.00	0.17	17.25	22.72	0.00
2	2	0.00	0.13	18.60	16.67	0.00
2	6	0.09	0.22	21.63	21.85	0.00
3	3	0.01	0.19	18.35	16.43	0.00
3	7	0.06	0.54	18.11	17.19	0.00
Core	CPU	C1%	C3%	C6%	C8%	C9%
-	-	0.12	3.53	20.61	22.35	0.39
0	0	0.01	10.04	21.76	5.25	3.00
0	4	0.23	1.09	21.11	18.45	0.00
1	1	0.54	7.40	16.80	17.77	0.00
1	5	0.16	8.91	16.41	20.30	0.00
2	2	0.00	0.14	23.77	29.49	0.00
2	6	0.01	0.27	21.86	44.80	0.10
3	3	0.01	0.18	22.25	22.53	0.00
3	7	0.00	0.21	20.92	20.20	0.00
Core	CPU	C1%	C3%	C6%	C8%	C9%
-	-	0.09	3.99	22.37	22.89	0.00
0	0	0.01	12.30	26.20	5.16	0.00
0	4	0.02	5.53	19.64	18.96	0.00
1	1	0.16	4.72	19.63	23.65	0.00
1	5	0.04	1.29	22.83	42.00	0.00
2	2	0.34	5.27	21.32	19.55	0.00
2	6	0.01	0.31	23.12	25.96	0.00
3	3	0.00	0.16	22.09	23.84	0.00
3	7	0.15	2.36	24.12	24.00	0.00
Core	CPU	C1%	C3%	C6%	C8%	C9%
-	-	0.17	3.76	22.67	23.58	0.09
0	0	0.15	1.83	31.95	26.71	0.02
0	4	0.00	1.30	24.34	26.97	0.00
1	1	0.00	0.38	24.70	28.97	0.00
1	5	0.00	0.33	23.96	27.75	0.00
2	2	0.79	16.52	11.24	11.03	0.68
2	6	0.44	8.06	15.25	15.95	0.00
3	3	0.00	0.39	25.92	27.62	0.00
3	7	0.01	1.26	23.98	23.58	0.00
Core	CPU	C1%	C3%	C6%	C8%	C9%
-	-	0.16	3.42	22.00	22.71	0.36
0	0	0.00	4.80	28.95	19.14	2.75
0	4	0.00	0.15	25.08	29.33	0.00
1	1	0.01	0.12	22.45	21.98	0.00
1	5	0.13	0.09	20.72	22.61	0.00
2	2	0.56	11.86	16.14	15.10	0.03
2	6	0.54	10.08	19.72	19.92	0.10
3	3	0.00	0.10	22.23	29.55	0.00
3	7	0.00	0.18	20.72	24.07	0.00
Core	CPU	C1%	C3%	C6%	C8%	C9%
-	-	0.03	2.93	17.02	17.50	0.00
0	0	0.02	11.24	15.45	3.89	0.02
0	4	0.01	4.64	16.50	14.46	0.00
1	1	0.00	0.16	17.85	27.29	0.00
1	5	0.00	0.11	16.94	15.96	0.00
2	2	0.00	0.18	18.88	25.90	0.00
2	6	0.21	6.82	14.72	12.30	0.00
3	3	0.00	0.11	16.84	18.91	0.00
3	7	0.00	0.22	19.01	21.27	0.01
Core	CPU	C1%	C3%	C6%	C8%	C9%
-	-	0.05	3.58	21.91	21.04	0.02
0	0	0.01	1.63	29.49	24.80	0.00
0	4	0.01	16.64	11.65	3.90	0.00
1	1	0.10	4.64	22.25	21.99	0.00
1	5	0.00	0.20	22.82	24.64	0.00
2	2	0.24	4.44	21.34	20.11	0.00
2	6	0.03	0.75	21.55	25.67	0.05
3	3	0.01	0.21	23.83	26.51	0.00
3	7	0.00	0.26	22.86	21.23	0.09
Core	CPU	C1%	C3%	C6%	C8%	C9%
-	-	0.08	3.90	21.64	20.76	0.01
0	0	0.01	8.26	25.51	17.91	0.00
0	4	0.08	14.58	16.13	15.51	0.00
1	1	0.01	0.23	23.51	31.78	0.00
1	5	0.01	0.25	20.94	24.29	0.00
2	2	0.01	0.16	24.77	21.69	0.00
2	6	0.46	6.98	18.51	17.49	0.09
3	3	0.01	0.30	20.49	19.31	0.00
3	7	0.04	0.42	22.85	17.69	0.00
Core	CPU	C1%	C3%	C6%	C8%	C9%
-	-	0.02	3.84	22.14	22.90	0.00
0	0	0.01	13.16	25.93	5.84	0.00
0	4	0.09	13.56	17.33	9.89	0.00
1	1	0.00	0.27	22.42	59.10	0.00
1	5	0.00	0.14	21.53	21.06	0.00
2	2	0.00	0.26	21.48	25.65	0.00
2	6	0.00	1.37	20.97	21.69	0.00
3	3	0.00	0.30	21.61	18.77	0.00
3	7	0.01	1.55	25.74	21.11	0.00
Core	CPU	C1%	C3%	C6%	C8%	C9%
-	-	0.05	4.21	21.55	23.41	0.00
0	0	0.06	26.52	11.76	1.02	0.00
0	4	0.00	2.28	24.19	27.59	0.00
1	1	0.00	0.31	21.72	28.48	0.00
1	5	0.00	0.36	22.19	37.17	0.00
2	2	0.00	1.17	23.98	27.29	0.00
2	6	0.21	2.20	20.19	22.33	0.00
3	3	0.00	0.46	24.02	20.71	0.00
3	7	0.07	0.36	24.38	22.68	0.00
Core	CPU	C1%	C3%	C6%	C8%	C9%
-	-	0.08	2.42	25.37	25.71	0.01
0	0	0.01	10.34	26.71	14.37	0.00
0	4	0.11	2.48	23.41	30.64	0.00
1	1	0.10	0.44	24.65	26.55	0.00
1	5	0.33	2.69	21.51	27.14	0.00
2	2	0.00	0.34	28.55	28.40	0.00
2	6	0.00	0.33	25.30	28.36	0.06
3	3	0.00	0.28	25.55	26.40	0.00
3	7	0.05	2.50	27.27	23.83	0.00
Core	CPU	C1%	C3%	C6%	C8%	C9%
-	-	0.16	3.39	22.78	22.51	0.01
0	0	0.01	0.93	33.55	19.52	0.10
0	4	0.00	0.28	24.33	27.27	0.00
1	1	0.00	0.25	21.47	23.98	0.00
1	5	0.00	0.23	25.43	23.53	0.00
2	2	1.04	17.88	9.59	7.03	0.00
2	6	0.21	6.96	21.88	24.71	0.00
3	3	0.00	0.26	22.22	23.30	0.00
3	7	0.00	0.37	23.77	30.75	0.00
Core	CPU	C1%	C3%	C6%	C8%	C9%
-	-	0.05	4.02	22.63	22.58	0.00
0	0	0.02	17.19	20.43	9.24	0.00
0	4	0.21	9.07	18.09	19.42	0.00
1	1	0.00	0.25	23.81	27.44	0.00
1	5	0.00	0.26	22.00	22.70	0.00
2	2	0.06	2.75	24.31	22.80	0.00
2	6	0.00	0.24	21.61	23.32	0.00
3	3	0.00	0.23	22.81	20.95	0.00
3	7	0.07	2.14	28.01	34.78	0.00
Core	CPU	C1%	C3%	C6%	C8%	C9%
-	-	0.15	3.47	22.90	22.77	0.02
0	0	0.00	2.77	30.07	20.51	0.00
0	4	0.00	0.24	24.98	21.50	0.00
1	1	0.80	10.72	13.65	15.48	0.12
1	5	0.37	13.21	14.93	14.01	0.00
2	2	0.00	0.16	26.38	38.91	0.00
2	6	0.00	0.17	22.46	22.48	0.00
3	3	0.00	0.27	25.01	23.68	0.00
3	7	0.00	0.27	25.96	25.78	0.00
Core	CPU	C1%	C3%	C6%	C8%	C9%
-	-	0.15	3.83	21.37	23.11	0.04
0	0	0.01	0.42	30.62	18.14	0.01
0	4	0.01	0.20	24.60	19.20	0.00
1	1	1.16	29.36	3.30	0.05	0.19
1	5	0.01	0.17	22.76	27.26	0.00
2	2	0.00	0.19	22.19	28.52	0.00
2	6	0.00	0.12	22.42	38.19	0.00
3	3	0.00	0.18	23.56	31.03	0.00
3	7	0.00	0.19	22.37	23.42	0.10
Core	CPU	C1%	C3%	C6%	C8%	C9%
-	-	0.19	3.50	21.81	23.20	0.05
0	0	0.69	11.67	25.06	9.90	0.00
0	4	0.00	0.25	25.46	28.14	0.00
1	1	0.00	0.16	23.56	24.70	0.00
1	5	0.00	0.18	21.28	23.40	0.00
2	2	0.44	9.23	14.97	17.37	0.37
2	6	0.00	0.17	21.06	28.93	0.00
3	3	0.33	5.84	18.47	33.25	0.00
3	7	0.00	0.33	23.51	18.82	0.00
Core	CPU	C1%	C3%	C6%	C8%	C9%
-	-	0.06	3.13	19.08	19.08	0.00
0	0	0.09	7.06	24.52	14.77	0.00
0	4	0.00	4.25	20.84	16.55	0.00
1	1	0.00	1.33	20.49	18.53	0.00
1	5	0.00	0.18	19.41	30.13	0.00
2	2	0.21	7.61	14.27	13.96	0.00
2	6	0.05	3.30	17.68	23.96	0.00
3	3	0.09	1.12	17.60	16.04	0.00
3	7	0.00	0.16	17.90	18.78	0.00
Core	CPU	C1%	C3%	C6%	C8%	C9%
-	-	0.00	3.16	24.49	23.55	0.08
0	0	0.01	15.59	21.68	5.21	0.00
0	4	0.00	7.20	17.73	15.25	0.63
1	1	0.00	0.57	25.33	22.36	0.00
1	5	0.00	0.23	26.48	24.43	0.00
2	2	0.01	0.93	26.21	28.61	0.00
2	6	0.00	0.19	25.57	38.86	0.00
3	3	0.00	0.34	24.35	21.86	0.00
3	7	0.00	0.26	28.51	31.76	0.00
Core	CPU	C1%	C3%	C6%	C8%	C9%
-	-	0.25	2.27	25.19	23.49	0.09
0	0	0.10	0.65	35.00	16.32	0.00
0	4	0.45	4.42	18.11	10.51	0.00
1	1	0.35	0.49	27.29	24.86	0.00
1	5	0.10	0.24	25.58	32.91	0.00
2	2	0.07	4.21	22.82	22.99	0.00
2	6	0.00	0.24	26.54	25.94	0.36
3	3	0.93	7.70	19.49	19.03	0.37
3	7	0.01	0.23	26.83	35.47	0.00
Core	CPU	C1%	C3%	C6%	C8%	C9%
-	-	0.15	3.85	22.54	21.33	0.07
0	0	0.01	3.52	30.74	13.68	0.00
0	4	0.13	2.24	21.67	16.21	0.00
1	1	0.01	1.03	24.17	32.09	0.00
1	5	0.01	0.23	21.96	25.05	0.00
2	2	0.03	2.39	22.31	27.00	0.00
2	6	0.00	0.18	25.10	24.76	0.05
3	3	0.94	18.76	10.93	6.35	0.48
3	7	0.10	2.49	23.32	25.39	0.00
Core	CPU	C1%	C3%	C6%	C8%	C9%
-	-	0.01	3.64	22.09	23.22	0.09
0	0	0.00	19.13	18.28	2.73	0.00
0	4	0.03	8.74	19.32	14.57	0.03
1	1	0.00	0.23	25.49	22.23	0.00
1	5	0.00	0.14	22.28	38.56	0.00
2	2	0.00	0.29	22.75	25.34	0.00
2	6	0.00	0.25	24.68	38.89	0.00
3	3	0.01	0.16	21.41	20.74	0.00
3	7	0.00	0.22	22.56	22.72	0.66
Core	CPU	C1%	C3%	C6%	C8%	C9%
-	-	0.11	3.71	22.17	23.45	0.00
0	0	0.01	4.92	29.57	18.48	0.01
0	4	0.00	0.84	23.78	19.02	0.00
1	1	0.00	0.18	22.72	22.24	0.00
1	5	0.01	0.06	23.59	29.68	0.00
2	2	0.24	4.04	20.73	21.10	0.00
2	6	0.61	19.39	11.61	11.92	0.00
3	3	0.01	0.08	23.50	34.26	0.00
3	7	0.00	0.18	21.88	30.95	0.00
Core	CPU	C1%	C3%	C6%	C8%	C9%
-	-	0.15	3.18	22.36	21.59	0.01
0	0	0.01	0.77	29.36	16.54	0.01
0	4	0.01	0.09	23.29	17.52	0.00
1	1	0.00	0.18	24.62	23.12	0.00
1	5	0.00	0.15	22.16	33.86	0.00
2	2	0.59	10.85	17.44	11.61	0.00
2	6	0.56	13.07	12.85	19.72	0.06
3	3	0.00	0.13	26.06	27.23	0.00
3	7	0.00	0.16	23.12	23.11	0.00
Core	CPU	C1%	C3%	C6%	C8%	C9%
-	-	0.05	2.54	25.50	22.88	0.01
0	0	0.02	11.92	23.09	10.44	0.00
0	4	0.01	2.70	20.48	17.13	0.00
1	1	0.00	0.39	30.89	25.93	0.00
1	5	0.00	0.36	26.99	22.89	0.00
2	2	0.38	3.89	20.13	18.36	0.00
2	6	0.00	0.27	27.10	22.99	0.05
3	3	0.00	0.42	28.42	35.97	0.00
3	7	0.00	0.34	26.87	29.35	0.00
Core	CPU	C1%	C3%	C6%	C8%	C9%
-	-	0.11	3.96	22.35	21.21	0.16
0	0	0.01	2.77	30.71	8.64	0.00
0	4	0.54	27.39	7.99	1.88	0.00
1	1	0.00	0.25	24.00	24.11	0.00
1	5	0.00	0.24	25.33	20.79	0.00
2	2	0.14	0.35	22.28	45.57	0.00
2	6	0.00	0.21	23.10	19.78	0.06
3	3	0.14	0.24	22.55	29.47	0.00
3	7	0.00	0.23	22.84	19.47	1.21
Core	CPU	C1%	C3%	C6%	C8%	C9%
-	-	0.09	3.36	22.46	24.45	0.00
0	0	0.04	7.47	28.71	17.89	0.01
0	4	0.01	5.64	22.89	19.00	0.00
1	1	0.00	0.77	23.95	35.82	0.00
1	5	0.00	0.15	22.36	20.00	0.00
2	2	0.33	7.77	17.63	22.63	0.00
2	6	0.26	4.01	18.53	20.43	0.00
3	3	0.00	0.16	22.23	35.47	0.00
3	7	0.05	0.88	23.40	24.32	0.00
Core	CPU	C1%	C3%	C6%	C8%	C9%
-	-	0.02	3.62	21.50	23.61	0.00
0	0	0.03	23.86	14.14	3.52	0.00
0	4	0.00	2.75	23.86	24.74	0.00
1	1	0.11	0.27	21.87	22.85	0.00
1	5	0.00	0.21	22.56	21.17	0.00
2	2	0.00	0.18	23.90	31.58	0.00
2	6	0.02	1.34	22.63	29.81	0.00
3	3	0.00	0.10	21.85	33.51	0.00
3	7	0.00	0.26	21.16	21.65	0.00
Core	CPU	C1%	C3%	C6%	C8%	C9%
-	-	0.19	3.41	23.30	20.12	0.02
0	0	0.18	3.07	30.74	6.92	0.01
0	4	0.00	0.15	22.46	33.67	0.00
1	1	0.14	2.47	23.21	23.43	0.00
1	5	0.00	0.06	23.75	19.75	0.00
2	2	0.00	0.16	25.06	18.96	0.00
2	6	0.00	0.12	26.14	30.58	0.12
3	3	1.16	20.93	7.08	3.97	0.00
3	7	0.00	0.32	27.98	23.71	0.00
Core	CPU	C1%	C3%	C6%	C8%	C9%
-	-	0.19	2.58	24.70	25.25	0.38
0	0	0.02	0.97	36.40	15.38	2.77
0	4	0.21	1.11	23.88	29.72	0.00
1	1	0.18	2.18	24.71	27.02	0.00
1	5	0.00	0.34	26.99	32.18	0.00
2	2	0.64	11.84	14.07	14.70	0.00
2	6	0.30	1.45	22.97	26.62	0.23
3	3	0.18	1.73	22.85	30.07	0.00
3	7	0.01	1.02	25.70	26.28	0.02
Core	CPU	C1%	C3%	C6%	C8%	C9%
-	-	0.18	3.89	21.03	20.88	0.00
0	0	0.01	0.53	28.66	24.95	0.00
0	4	0.01	0.36	23.26	25.11	0.00
1	1	0.18	2.57	19.75	21.19	0.00
1	5	0.75	18.07	10.13	14.36	0.00
2	2	0.01	0.28	20.17	20.99	0.00
2	6	0.10	0.28	24.90	22.58	0.00
3	3	0.36	8.71	17.28	15.49	0.00
3	7	0.00	0.34	24.08	22.39	0.00
Core	CPU	C1%	C3%	C6%	C8%	C9%
-	-	0.13	3.61	23.82	22.32	0.08
0	0	0.11	1.59	33.12	10.30	0.60
0	4	0.20	9.90	19.49	17.72	0.00
1	1	0.15	2.21	23.48	20.69	0.00
1	5	0.01	0.22	22.74	22.45	0.00
2	2	0.01	0.60	24.09	30.85	0.00
2	6	0.01	0.26	25.98	41.04	0.06
3	3	0.52	13.74	15.74	10.95	0.00
3	7	0.01	0.37	25.98	24.60	0.00
Core	CPU	C1%	C3%	C6%	C8%	C9%
-	-	0.06	4.05	23.67	22.18	0.13
0	0	0.01	15.54	21.99	5.05	0.00
0	4	0.10	12.84	16.66	15.62	1.00
1	1	0.17	2.38	23.83	32.89	0.00
1	5	0.00	0.28	23.32	21.81	0.00
2	2	0.00	0.32	26.83	24.74	0.00
2	6	0.20	0.27	26.05	28.80	0.00
3	3	0.01	0.33	24.34	22.95	0.00
3	7	0.01	0.43	26.33	25.56	0.00
Core	CPU	C1%	C3%	C6%	C8%	C9%
-	-	0.11	3.12	24.10	22.16	0.01
0	0	0.01	4.33	30.18	10.33	0.00
0	4	0.01	2.98	21.50	21.49	0.00
1	1	0.48	7.94	22.31	21.66	0.00
1	5	0.20	5.27	22.56	17.34	0.00
2	2	0.11	3.66	23.30	25.97	0.00
2	6	0.00	0.15	23.92	28.63	0.05
3	3	0.10	0.32	25.94	27.00	0.00
3	7	0.00	0.30	23.09	24.89	0.00
Core	CPU	C1%	C3%	C6%	C8%	C9%
-	-	0.10	2.27	26.00	25.63	0.00
0	0	0.01	2.30	32.01	11.93	0.00
0	4	0.03	1.59	25.74	26.58	0.00
1	1	0.29	2.12	20.95	29.84	0.00
1	5	0.00	0.31	25.57	36.83	0.00
2	2	0.00	1.15	26.54	32.95	0.00
2	6	0.00	0.29	26.06	30.44	0.00
3	3	0.48	9.90	21.82	14.01	0.00
3	7	0.00	0.50	29.54	22.73	0.00
Core	CPU	C1%	C3%	C6%	C8%	C9%
-	-	0.13	3.82	21.76	21.16	0.18
0	0	0.01	2.78	30.10	25.03	0.01
0	4	0.00	0.16	20.14	22.44	0.00
1	1	0.00	0.20	22.24	28.75	1.43
1	5	0.00	0.26	20.44	21.20	0.00
2	2	0.00	0.16	23.24	21.76	0.00
2	6	0.00	0.18	24.67	24.33	0.00
3	3	1.00	26.59	6.54	0.22	0.00
3	7	0.01	0.21	26.48	25.30	0.00
Core	CPU	C1%	C3%	C6%	C8%	C9%
-	-	0.11	3.61	22.95	21.67	0.02
0	0	0.01	4.82	29.81	12.89	0.04
0	4	0.01	0.12	24.56	49.69	0.00
1	1	0.08	2.39	25.66	22.07	0.00
1	5	0.46	8.60	16.42	14.22	0.09
2	2	0.05	1.36	22.72	18.64	0.00
2	6	0.01	0.27	26.17	21.69	0.00
3	3	0.27	11.00	15.10	11.95	0.00
3	7	0.01	0.32	23.13	22.24	0.00
Core	CPU	C1%	C3%	C6%	C8%	C9%
-	-	0.11	4.09	21.30	23.68	0.14
0	0	0.01	10.74	25.60	6.47	0.00
0	4	0.08	7.25	20.43	25.30	0.00
1	1	0.00	0.20	22.21	22.12	0.00
1	5	0.34	7.95	17.98	33.16	0.00
2	2	0.32	5.55	20.26	28.20	0.00
2	6	0.00	0.43	21.49	26.99	0.13
3	3	0.00	0.25	21.97	29.32	0.00
3	7	0.13	0.30	20.45	17.85	0.97
Core	CPU	C1%	C3%	C6%	C8%	C9%
-	-	0.18	3.54	20.23	22.14	0.00
0	0	0.29	3.56	29.32	9.69	0.03
0	4	0.00	1.53	19.69	25.60	0.00
1	1	0.00	0.20	21.07	33.84	0.00
1	5	0.00	0.16	19.17	31.79	0.00
2	2	0.29	6.21	18.04	17.22	0.00
2	6	0.79	14.67	12.26	11.75	0.00
3	3	0.00	0.14	20.80	22.49	0.00
3	7	0.07	1.84	21.46	24.72	0.00
Core	CPU	C1%	C3%	C6%	C8%	C9%
-	-	0.02	3.19	17.95	19.08	0.00
0	0	0.03	3.07	26.08	13.70	0.00
0	4	0.02	20.62	6.71	3.40	0.00
1	1	0.00	0.18	16.89	20.86	0.00
1	5	0.10	0.20	18.33	26.85	0.00
2	2	0.00	0.20	18.15	23.15	0.00
2	6	0.01	0.20	17.82	28.49	0.00
3	3	0.01	0.23	20.34	18.44	0.00
3	7	0.00	0.87	19.34	17.82	0.00
Core	CPU	C1%	C3%	C6%	C8%	C9%
-	-	0.07	4.08	21.88	21.23	0.01
0	0	0.01	0.41	32.15	20.34	0.00
0	4	0.45	30.59	6.15	0.00	0.00
1	1	0.00	0.27	22.03	24.96	0.00
1	5	0.04	0.27	23.90	23.79	0.00
2	2	0.00	0.26	22.99	22.57	0.00
2	6	0.04	0.25	22.30	27.73	0.06
3	3	0.00	0.23	22.22	23.55	0.00
3	7	0.00	0.34	23.21	26.83	0.00
Core	CPU	C1%	C3%	C6%	C8%	C9%
-	-	0.06	3.68	23.01	22.78	0.08
0	0	0.01	15.20	20.69	11.83	0.00
0	4	0.00	7.00	19.30	21.56	0.00
1	1	0.00	0.22	23.08	25.16	0.00
1	5	0.00	0.20	24.04	27.99	0.00
2	2	0.14	2.35	26.35	22.68	0.00
2	6	0.00	1.22	24.96	28.47	0.06
3	3	0.34	2.58	22.98	27.49	0.00
3	7	0.00	0.64	22.71	17.05	0.61
Core	CPU	C1%	C3%	C6%	C8%	C9%
-	-	0.01	3.84	22.03	22.91	0.11
0	0	0.02	26.37	11.56	1.81	0.00
0	4	0.00	2.36	25.86	24.80	0.00
1	1	0.01	0.16	25.34	23.59	0.00
1	5	0.01	0.17	21.19	21.10	0.88
2	2	0.01	1.17	22.81	22.54	0.00
2	6	0.01	0.15	23.31	28.30	0.00
3	3	0.01	0.20	22.76	42.16	0.00
3	7	0.01	0.14	23.42	19.00	0.03
Core	CPU	C1%	C3%	C6%	C8%	C9%
-	-	0.06	3.49	23.09	21.12	0.00
0	0	0.01	4.83	29.84	8.91	0.00
0	4	0.22	13.69	16.81	8.91	0.00
1	1	0.00	0.15	23.29	27.49	0.00
1	5	0.22	7.24	17.66	19.26	0.00
2	2	0.00	0.27	22.88	22.53	0.00
2	6	0.00	0.21	25.55	32.15	0.00
3	3	0.01	0.21	25.51	21.09	0.00
3	7	0.00	1.33	23.18	28.60	0.00
Core	CPU	C1%	C3%	C6%	C8%	C9%
-	-	0.09	2.41	25.59	23.73	0.06
0	0	0.04	4.87	23.16	13.45	0.00
0	4	0.13	3.52	23.30	24.66	0.00
1	1	0.34	5.94	24.98	24.78	0.00
1	5	0.19	3.65	24.08	20.98	0.00
2	2	0.02	0.30	28.19	29.75	0.00
2	6	0.00	0.17	26.28	24.80	0.46
3	3	0.00	0.24	27.00	21.64	0.00
3	7	0.00	0.59	27.72	29.83	0.00
Core	CPU	C1%	C3%	C6%	C8%	C9%
-	-	0.15	3.82	21.02	22.02	0.01
0	0	0.01	0.41	30.58	32.98	0.00
0	4	0.00	0.17	22.48	19.30	0.00
1	1	0.11	2.70	20.99	35.48	0.00
1	5	0.61	15.44	14.27	11.67	0.00
2	2	0.08	2.32	20.98	21.90	0.00
2	6	0.35	9.02	15.17	13.10	0.11
3	3	0.00	0.24	22.48	23.16	0.00
3	7	0.01	0.26	21.22	18.55	0.00
Core	CPU	C1%	C3%	C6%	C8%	C9%
-	-	0.21	3.40	23.34	22.72	0.00
0	0	0.01	0.68	33.76	29.47	0.00
0	4	0.12	0.27	24.88	21.09	0.00
1	1	0.14	1.77	23.50	22.55	0.00
1	5	1.38	23.50	5.83	1.57	0.00
2	2	0.00	0.23	25.09	27.32	0.00
2	6	0.00	0.22	22.90	28.60	0.00
3	3	0.01	0.27	25.26	28.85	0.00
3	7	0.00	0.26	25.46	22.29	0.00
Core	CPU	C1%	C3%	C6%	C8%	C9%
-	-	0.15	3.86	20.45	21.45	0.06
0	0	0.00	1.26	28.59	17.26	0.00
0	4	0.01	0.06	19.64	18.41	0.00
1	1	0.73	16.80	14.70	16.42	0.00
1	5	0.42	11.24	16.33	20.45	0.00
2	2	0.00	0.84	18.92	27.90	0.00
2	6	0.00	0.04	20.89	27.13	0.06
3	3	0.00	0.08	21.61	22.72	0.00
3	7	0.04	0.59	22.88	21.34	0.40
Core	CPU	C1%	C3%	C6%	C8%	C9%
-	-	0.08	3.67	21.68	22.62	0.17
0	0	0.01	5.60	26.34	20.70	1.39
0	4	0.01	7.66	19.67	27.05	0.00
1	1	0.16	3.18	19.72	22.67	0.00
1	5	0.09	2.24	22.23	20.80	0.00
2	2	0.17	5.46	20.11	24.90	0.00
2	6	0.19	4.76	19.81	18.70	0.00
3	3	0.00	0.21	23.45	26.49	0.00
3	7	0.00	0.23	22.21	19.70	0.00
Core	CPU	C1%	C3%	C6%	C8%	C9%
-	-	0.05	3.05	17.75	16.66	0.01
0	0	0.01	6.81	19.65	6.91	0.00
0	4	0.00	6.30	14.50	13.62	0.00
1	1	0.00	0.20	20.85	23.80	0.00
1	5	0.35	6.03	14.50	11.51	0.00
2	2	0.01	0.13	18.28	18.87	0.00
2	6	0.01	0.11	16.94	21.04	0.06
3	3	0.02	4.61	17.33	13.82	0.00
3	7	0.00	0.24	19.91	23.70	0.00
Core	CPU	C1%	C3%	C6%	C8%	C9%
-	-	0.02	3.91	22.49	23.12	0.16
0	0	0.02	14.71	22.79	4.18	0.00
0	4	0.09	15.02	16.15	10.23	0.00
1	1	0.00	0.30	21.75	27.37	0.00
1	5	0.00	0.25	24.01	23.80	0.00
2	2	0.00	0.26	25.62	26.05	0.00
2	6	0.00	0.23	22.15	34.43	0.00
3	3	0.05	0.24	23.80	29.81	1.24
3	7	0.00	0.28	23.67	29.12	0.00
Core	CPU	C1%	C3%	C6%	C8%	C9%
-	-	0.09	3.76	22.61	22.30	0.11
0	0	0.10	8.16	25.92	11.11	0.58
0	4	0.00	7.16	22.57	17.40	0.21
1	1	0.00	1.09	23.21	26.27	0.00
1	5	0.32	5.54	19.64	31.75	0.11
2	2	0.23	4.14	21.75	17.33	0.00
2	6	0.06	2.15	21.20	25.94	0.00
3	3	0.02	0.35	23.63	27.05	0.00
3	7	0.00	1.48	22.95	21.60	0.00
Core	CPU	C1%	C3%	C6%	C8%	C9%
-	-	0.12	3.62	21.52	21.14	0.02
0	0	0.01	0.40	28.79	8.06	0.00
0	4	0.00	5.97	19.71	40.12	0.00
1	1	0.76	15.73	14.34	19.60	0.06
1	5	0.17	6.42	19.40	15.51	0.07
2	2	0.00	0.09	21.96	24.43	0.00
2	6	0.00	0.08	21.60	23.55	0.05
3	3	0.00	0.18	22.31	18.62	0.00
3	7	0.04	0.13	24.08	19.25	0.00
Core	CPU	C1%	C3%	C6%	C8%	C9%
-	-	0.10	4.07	20.07	22.65	0.00
0	0	0.01	10.75	22.94	11.02	0.00
0	4	0.00	0.22	20.67	43.35	0.00
1	1	0.43	11.49	15.04	12.21	0.00
1	5	0.35	7.70	19.15	22.48	0.00
2	2	0.00	0.29	18.87	22.73	0.00
2	6	0.00	0.24	19.36	25.66	0.00
3	3	0.00	0.36	21.55	21.17	0.00
3	7	0.00	1.50	22.96	22.56	0.00
Core	CPU	C1%	C3%	C6%	C8%	C9%
-	-	0.05	2.91	15.86	17.77	0.01
0	0	0.02	11.52	15.44	13.13	0.00
0	4	0.00	2.36	16.01	14.33	0.00
1	1	0.06	0.76	15.24	17.92	0.00
1	5	0.30	7.67	13.40	19.93	0.00
2	2	0.00	0.08	16.75	17.00	0.00
2	6	0.00	0.05	16.03	17.20	0.00
3	3	0.00	0.16	16.95	19.10	0.00
3	7	0.02	0.77	17.26	23.74	0.09
Core	CPU	C1%	C3%	C6%	C8%	C9%
-	-	0.14	3.74	21.72	21.04	0.00
0	0	0.01	1.73	30.25	11.98	0.01
0	4	0.00	0.24	20.82	18.17	0.00
1	1	0.00	0.23	23.76	28.40	0.00
1	5	0.73	14.61	12.71	17.45	0.00
2	2	0.20	3.98	20.64	26.83	0.00
2	6	0.14	7.54	18.66	19.57	0.00
3	3	0.04	1.35	23.98	26.69	0.00
3	7	0.00	0.23	22.61	18.98	0.00
Core	CPU	C1%	C3%	C6%	C8%	C9%
-	-	0.12	3.71	21.60	22.30	0.01
0	0	0.09	4.24	27.28	6.91	0.00
0	4	0.14	7.21	16.77	18.53	0.00
1	1	0.37	8.51	20.93	17.04	0.00
1	5	0.33	9.09	16.59	15.43	0.00
2	2	0.00	0.17	22.11	22.73	0.00
2	6	0.00	0.11	22.77	37.10	0.06
3	3	0.01	0.10	23.68	34.37	0.00
3	7	0.00	0.23	22.73	26.28	0.00
Core	CPU	C1%	C3%	C6%	C8%	C9%
-	-	0.11	4.32	22.91	22.28	0.01
0	0	0.02	3.87	28.70	14.22	0.00
0	4	0.47	16.99	16.78	8.95	0.00
1	1	0.01	0.43	23.25	34.53	0.00
1	5	0.00	0.34	22.34	24.91	0.00
2	2	0.07	3.41	21.75	19.41	0.00
2	6	0.33	7.29	19.23	28.10	0.06
3	3	0.00	0.32	24.23	23.78	0.00
3	7	0.00	1.95	26.97	24.32	0.00
Core	CPU	C1%	C3%	C6%	C8%	C9%
-	-	0.10	3.55	21.34	21.86	0.15
0	0	0.02	11.81	21.48	5.25	0.52
0	4	0.10	0.17	23.91	25.34	0.00
1	1	0.48	10.88	15.84	16.31	0.53
1	5	0.06	1.40	21.84	30.50	0.00
2	2	0.11	2.59	21.29	22.42	0.00
2	6	0.01	0.08	21.53	30.57	0.00
3	3	0.00	0.10	23.18	22.37	0.13
3	7	0.05	1.38	21.62	22.11	0.00
Core	CPU	C1%	C3%	C6%	C8%	C9%
-	-	0.05	3.18	17.41	17.02	0.41
0	0	0.01	3.52	23.52	5.86	0.00
0	4	0.15	15.10	9.15	6.25	1.01
1	1	0.10	3.16	16.37	14.93	0.00
1	5	0.00	0.28	18.08	20.46	0.00
2	2	0.00	0.25	16.00	24.53	0.00
2	6	0.00	0.25	16.08	20.48	0.00
3	3	0.15	0.24	20.20	28.65	0.00
3	7	0.00	2.63	19.95	15.02	2.31
Core	CPU	C1%	C3%	C6%	C8%	C9%
-	-	0.10	3.90	20.99	21.55	0.24
0	0	0.00	0.36	31.71	15.07	1.35
0	4	0.15	13.28	14.47	12.07	0.00
1	1	0.06	1.28	22.23	27.42	0.00
1	5	0.59	15.86	13.96	9.59	0.00
2	2	0.01	0.16	22.16	27.20	0.00
2	6	0.00	0.13	19.84	22.22	0.53
3	3	0.00	0.09	21.67	34.41	0.00
3	7	0.01	0.08	21.85	24.36	0.00
Core	CPU	C1%	C3%	C6%	C8%	C9%
-	-	0.15	3.34	22.64	20.84	0.00
0	0	0.01	0.49	33.00	15.64	0.00
0	4	0.00	0.11	21.11	18.65	0.00
1	1	0.00	0.06	22.30	19.16	0.00
1	5	0.17	3.28	22.00	20.01	0.00
2	2	0.00	0.10	23.75	30.29	0.00
2	6	0.00	0.34	25.77	25.95	0.00
3	3	1.00	22.10	8.03	4.30	0.00
3	7	0.01	0.23	25.12	32.72	0.00
Core	CPU	C1%	C3%	C6%	C8%	C9%
-	-	0.15	3.78	21.56	22.20	0.06
0	0	0.01	4.87	30.57	14.93	0.00
0	4	0.00	0.12	21.68	28.43	0.00
1	1	0.00	0.18	22.08	33.31	0.00
1	5	0.00	0.21	22.63	19.87	0.00
2	2	0.57	12.20	15.84	20.31	0.00
2	6	0.26	6.26	20.56	22.00	0.06
3	3	0.34	6.19	18.32	16.97	0.41
3	7	0.00	0.24	20.96	21.98	0.00
Core	CPU	C1%	C3%	C6%	C8%	C9%
-	-	0.14	3.98	21.78	23.53	0.00
0	0	0.00	2.74	30.67	19.01	0.00
0	4	0.00	0.27	21.27	23.14	0.00
1	1	0.00	0.26	22.42	23.17	0.00
1	5	0.00	0.21	22.07	28.58	0.00
2	2	0.43	7.58	17.44	28.56	0.00
2	6	0.00	0.27	22.32	31.59	0.00
3	3	0.66	18.86	11.42	12.01	0.00
3	7	0.00	1.63	26.44	22.00	0.00
Core	CPU	C1%	C3%	C6%	C8%	C9%
-	-	0.07	2.51	17.02	15.82	0.38
0	0	0.02	11.36	14.88	18.33	3.02
0	4	0.00	0.14	17.77	16.99	0.00
1	1	0.00	0.08	19.03	16.18	0.00
1	5	0.00	0.15	18.58	12.24	0.00
2	2	0.10	3.38	14.88	23.90	0.00
2	6	0.31	4.59	15.68	11.90	0.00
3	3	0.00	0.13	16.34	14.68	0.00
3	7	0.14	0.26	19.18	12.53	0.03
Core	CPU	C1%	C3%	C6%	C8%	C9%
-	-	0.16	3.74	21.62	23.68	0.00
0	0	0.00	1.49	32.33	24.61	0.00
0	4	0.00	0.22	23.10	23.62	0.00
1	1	0.34	8.57	17.01	14.64	0.00
1	5	0.09	4.06	20.81	38.26	0.00
2	2	0.74	14.98	14.02	14.73	0.00
2	6	0.00	0.19	22.02	28.38	0.00
3	3	0.00	0.17	20.86	22.72	0.00
3	7	0.10	0.24	22.54	22.20	0.00
Core	CPU	C1%	C3%	C6%	C8%	C9%
-	-	0.11	3.56	22.38	23.04	0.17
0	0	0.02	10.05	24.77	14.07	0.00
0	4	0.24	4.20	20.50	32.80	0.00
1	1	0.00	0.26	22.02	22.18	0.00
1	5	0.00	0.22	21.50	24.18	0.00
2	2	0.00	0.32	24.90	23.38	0.00
2	6	0.00	0.21	25.20	27.53	0.00
3	3	0.61	12.87	14.13	10.52	1.39
3	7	0.01	0.37	26.03	29.62	0.00
Core	CPU	C1%	C3%	C6%	C8%	C9%
-	-	0.11	3.81	21.04	22.91	0.00
0	0	0.00	0.37	32.72	16.74	0.00
0	4	0.09	13.91	15.71	23.30	0.00
1	1	0.00	0.21	23.09	24.31	0.00
1	5	0.14	0.16	20.64	22.41	0.00
2	2	0.00	0.18	20.40	24.14	0.00
2	6	0.00	0.14	23.11	25.09	0.00
3	3	0.65	15.37	11.46	22.34	0.00
3	7	0.00	0.17	21.35	25.08	0.00
Core	CPU	C1%	C3%	C6%	C8%	C9%
-	-	0.19	3.81	21.86	22.04	0.01
0	0	0.01	0.43	33.56	17.11	0.00
0	4	0.01	0.20	24.36	36.49	0.00
1	1	0.00	0.20	19.02	22.85	0.00
1	5	0.00	0.21	20.54	30.92	0.00
2	2	1.01	18.30	9.06	7.88	0.00
2	6	0.00	0.20	24.40	24.89	0.06
3	3	0.43	10.50	19.00	12.81	0.00
3	7	0.06	0.45	24.83	23.27	0.00
Core	CPU	C1%	C3%	C6%	C8%	C9%
-	-	0.09	2.55	16.28	16.20	0.00
0	0	0.00	0.24	23.68	14.80	0.02
0	4	0.00	0.07	16.90	19.09	0.00
1	1	0.00	0.29	17.39	18.01	0.00
1	5	0.00	0.07	16.56	18.32	0.00
2	2	0.05	1.23	15.03	23.91	0.00
2	6	0.00	0.07	14.83	16.62	0.00
3	3	0.66	16.58	6.84	3.31	0.00
3	7	0.01	1.84	18.96	15.50	0.00
Core	CPU	C1%	C3%	C6%	C8%	C9%
-	-	0.05	3.53	22.71	24.26	0.00
0	0	0.04	3.44	31.89	21.56	0.02
0	4	0.01	11.14	17.55	27.95	0.00
1	1	0.01	0.26	23.45	23.78	0.00
1	5	0.00	0.14	21.86	28.84	0.00
2	2	0.00	0.16	22.98	30.95	0.00
2	6	0.00	0.13	24.54	25.30	0.00
3	3	0.36	12.63	15.12	17.36	0.00
3	7	0.01	0.31	24.33	18.31	0.00
Core	CPU	C1%	C3%	C6%	C8%	C9%
-	-	0.09	3.96	22.58	24.29	0.01
0	0	0.05	0.62	32.25	19.25	0.00
0	4	0.15	17.68	12.19	10.84	0.00
1	1	0.10	1.36	24.90	26.37	0.00
1	5	0.00	0.32	22.90	36.23	0.00
2	2	0.00	0.25	24.20	35.97	0.00
2	6	0.01	0.30	21.17	26.07	0.07
3	3	0.43	9.24	19.00	18.52	0.00
3	7	0.00	1.89	24.03	21.07	0.00
Core	CPU	C1%	C3%	C6%	C8%	C9%
-	-	0.13	3.77	22.70	24.61	0.01
0	0	0.02	6.24	27.70	13.05	0.00
0	4	0.00	1.53	22.07	19.53	0.00
1	1	0.00	0.25	24.43	31.83	0.00
1	5	0.00	0.20	23.22	47.91	0.00
2	2	0.57	12.21	18.25	15.73	0.00
2	6	0.46	9.48	19.66	19.94	0.05
3	3	0.00	0.13	24.27	24.34	0.00
3	7	0.00	0.14	21.98	24.58	0.00
Core	CPU	C1%	C3%	C6%	C8%	C9%
-	-	0.14	3.85	21.95	22.18	0.41
0	0	0.01	0.54	32.32	14.96	1.93
0	4	0.00	0.44	23.53	20.49	1.36
1	1	0.00	0.28	22.13	29.93	0.00
1	5	0.00	0.27	22.32	32.42	0.00
2	2	0.91	17.98	12.51	10.78	0.00
2	6	0.19	10.74	18.12	16.27	0.00
3	3	0.00	0.21	22.56	29.20	0.00
3	7	0.00	0.34	22.15	23.40	0.00
Core	CPU	C1%	C3%	C6%	C8%	C9%
-	-	0.14	2.04	26.51	24.85	0.03
0	0	0.01	2.29	33.74	10.20	0.00
0	4	0.22	7.09	22.13	20.58	0.00
1	1	0.00	0.18	28.66	36.25	0.00
1	5	0.00	0.22	26.91	30.96	0.00
2	2	0.67	4.98	18.33	18.37	0.00
2	6	0.20	0.92	26.43	23.19	0.22
3	3	0.00	0.18	28.77	35.58	0.00
3	7	0.00	0.44	27.07	23.66	0.04
Core	CPU	C1%	C3%	C6%	C8%	C9%
-	-	0.07	4.03	21.90	21.81	0.30
0	0	0.02	18.22	17.28	2.88	1.50
0	4	0.01	1.79	22.77	44.67	0.00
1	1	0.09	1.80	26.46	17.85	0.00
1	5	0.00	0.35	22.83	19.87	0.13
2	2	0.36	8.39	15.71	14.41	0.00
2	6	0.00	0.34	23.43	22.04	0.00
3	3	0.00	0.29	22.47	27.92	0.77
3	7	0.04	1.07	24.25	24.87	0.00
Core	CPU	C1%	C3%	C6%	C8%	C9%
-	-	0.07	3.67	21.89	22.43	0.17
0	0	0.02	10.16	27.27	11.16	0.00
0	4	0.03	9.42	19.33	13.30	0.00
1	1	0.10	1.98	22.56	20.88	0.00
1	5	0.09	1.90	20.53	22.54	0.13
2	2	0.07	0.41	20.96	28.36	0.00
2	6	0.25	4.45	16.59	19.82	0.00
3	3	0.00	0.57	22.18	30.91	1.27
3	7	0.01	0.48	25.67	32.50	0.00
Core	CPU	C1%	C3%	C6%	C8%	C9%
-	-	0.14	3.81	21.48	23.22	0.00
0	0	0.01	4.68	29.87	12.59	0.02
0	4	0.00	0.27	25.39	25.67	0.00
1	1	0.97	21.10	9.93	6.57	0.00
1	5	0.06	1.28	20.69	29.58	0.00
2	2	0.08	2.44	19.75	29.46	0.00
2	6	0.00	0.25	22.65	40.48	0.00
3	3	0.00	0.25	22.80	22.32	0.00
3	7	0.00	0.26	20.98	19.21	0.00
Core	CPU	C1%	C3%	C6%	C8%	C9%
-	-	0.16	3.85	21.56	22.71	0.03
0	0	0.18	4.24	30.15	15.51	0.12
0	4	0.01	2.55	20.05	33.32	0.00
1	1	0.45	8.75	18.15	30.23	0.00
1	5	0.26	4.30	20.25	17.77	0.00
2	2	0.13	2.36	20.04	23.06	0.00
2	6	0.21	6.25	17.45	20.95	0.12
3	3	0.00	0.16	21.93	21.42	0.00
3	7	0.01	2.11	24.28	19.21	0.00
Core	CPU	C1%	C3%	C6%	C8%	C9%
-	-	0.08	1.98	27.79	25.19	0.02
0	0	0.01	2.61	33.76	13.79	0.00
0	4	0.01	7.80	23.32	17.79	0.00
1	1	0.00	0.29	28.30	23.27	0.00
1	5	0.38	2.02	22.15	37.65	0.00
2	2	0.00	0.64	30.12	28.90	0.00
2	6	0.01	0.24	29.38	30.99	0.17
3	3	0.21	1.63	25.48	28.79	0.00
3	7	0.00	0.57	29.80	20.37	0.00
Core	CPU	C1%	C3%	C6%	C8%	C9%
-	-	0.03	3.98	22.17	23.00	0.02
0	0	0.00	0.65	34.20	13.33	0.10
0	4	0.18	29.61	6.51	0.00	0.00
1	1	0.00	0.26	21.45	22.59	0.00
1	5	0.01	0.24	22.65	30.55	0.00
2	2	0.00	0.33	22.57	25.05	0.00
2	6	0.01	0.25	22.93	27.61	0.06
3	3	0.00	0.23	21.45	25.98	0.00
3	7	0.01	0.29	25.62	38.90	0.00
Core	CPU	C1%	C3%	C6%	C8%	C9%
-	-	0.03	3.07	19.77	18.71	0.00
0	0	0.02	15.42	17.37	2.83	0.00
0	4	0.23	8.02	18.47	12.42	0.00
1	1	0.00	0.19	20.59	17.95	0.00
1	5	0.00	0.21	20.31	23.65	0.00
2	2	0.01	0.22	20.28	21.41	0.00
2	6	0.00	0.19	20.86	19.37	0.00
3	3	0.00	0.15	20.82	34.05	0.00
3	7	0.00	0.19	19.49	18.02	0.00
Core	CPU	C1%	C3%	C6%	C8%	C9%
-	-	0.01	4.14	22.16	21.84	0.10
0	0	0.01	5.95	29.43	9.02	0.00
0	4	0.01	25.60	8.50	3.92	0.00
1	1	0.00	0.29	24.12	30.58	0.00
1	5	0.00	0.23	22.51	19.67	0.00
2	2	0.00	0.28	21.03	37.56	0.00
2	6	0.01	0.15	21.75	29.17	0.06
3	3	0.01	0.33	24.91	17.76	0.00
3	7	0.01	0.32	25.05	27.07	0.72
Core	CPU	C1%	C3%	C6%	C8%	C9%
-	-	0.43	3.57	22.48	20.93	0.00
0	0	0.03	5.82	27.46	9.70	0.00
0	4	0.00	0.12	22.82	31.97	0.00
1	1	0.71	0.18	25.24	26.78	0.00
1	5	0.12	0.32	22.59	18.91	0.00
2	2	1.15	8.90	17.37	18.67	0.00
2	6	1.40	12.80	15.81	11.23	0.00
3	3	0.01	0.23	25.23	30.18	0.00
3	7	0.02	0.22	23.53	20.19	0.00
Core	CPU	C1%	C3%	C6%	C8%	C9%
-	-	0.13	2.78	15.22	14.11	0.08
0	0	0.01	0.51	22.49	7.40	0.00
0	4	0.00	0.25	15.35	17.81	0.00
1	1	0.00	0.26	15.51	15.91	0.00
1	5	0.02	0.23	14.88	18.36	0.00
2	2	0.09	2.42	14.73	12.34	0.00
2	6	0.92	16.89	4.18	2.43	0.00
3	3	0.00	0.42	17.28	24.57	0.51
3	7	0.00	1.25	17.25	13.97	0.10
Core	CPU	C1%	C3%	C6%	C8%	C9%
-	-	0.10	3.64	21.87	20.77	0.00
0	0	0.02	4.65	29.16	9.63	0.00
0	4	0.00	0.24	24.13	20.40	0.00
1	1	0.00	0.17	22.55	19.69	0.00
1	5	0.00	0.15	23.02	30.02	0.00
2	2	0.20	5.58	19.66	18.89	0.00
2	6	0.19	7.85	18.86	16.29	0.00
3	3	0.40	10.30	14.11	14.29	0.00
3	7	0.00	0.14	23.44	36.93	0.00
Core	CPU	C1%	C3%	C6%	C8%	C9%
-	-	0.14	3.53	23.03	22.99	0.00
0	0	0.01	3.04	33.18	13.21	0.00
0	4	0.01	0.30	24.89	33.06	0.00
1	1	0.00	0.27	26.72	29.40	0.00
1	5	0.00	0.29	22.53	32.76	0.00
2	2	0.00	0.29	22.45	24.08	0.00
2	6	0.00	0.34	23.14	22.79	0.00
3	3	1.05	23.43	7.18	3.08	0.00
3	7	0.04	0.29	24.24	25.65	0.00
Core	CPU	C1%	C3%	C6%	C8%	C9%
-	-	0.15	3.55	21.23	21.70	0.06
0	0	0.00	0.42	30.65	17.04	0.00
0	4	0.00	0.16	20.52	29.57	0.00
1	1	0.00	0.19	21.46	21.84	0.00
1	5	0.00	0.15	21.63	30.63	0.00
2	2	0.00	0.13	21.51	26.39	0.00
2	6	0.31	5.46	19.27	23.87	0.05
3	3	0.73	21.63	8.82	3.83	0.45
3	7	0.13	0.28	25.93	20.36	0.00
Core	CPU	C1%	C3%	C6%	C8%	C9%
-	-	0.07	3.54	21.02	24.47	0.05
0	0	0.02	10.99	22.20	9.92	0.00
0	4	0.00	0.11	23.13	34.38	0.41
1	1	0.16	3.46	21.02	28.26	0.00
1	5	0.00	0.15	20.67	25.22	0.00
2	2	0.08	2.07	22.28	22.58	0.00
2	6	0.31	10.01	14.75	16.81	0.00
3	3	0.01	0.22	21.90	31.50	0.00
3	7	0.01	1.26	22.20	27.13	0.00
Core	CPU	C1%	C3%	C6%	C8%	C9%
-	-	0.10	3.11	15.62	15.96	0.20
0	0	0.00	2.90	19.76	9.44	0.00
0	4	0.00	0.09	17.25	12.96	0.00
1	1	0.66	20.47	8.34	2.70	0.00
1	5	0.15	0.88	15.97	23.44	0.00
2	2	0.00	0.16	16.79	17.18	1.51
2	6	0.00	0.16	14.06	18.50	0.00
3	3	0.00	0.09	16.28	15.36	0.00
3	7	0.00	0.15	16.49	28.07	0.10
Core	CPU	C1%	C3%	C6%	C8%	C9%
-	-	0.12	3.60	21.53	23.52	0.20
0	0	0.01	5.88	26.75	12.13	1.19
0	4	0.00	0.12	20.36	21.63	0.00
1	1	0.22	6.79	17.56	19.34	0.00
1	5	0.01	0.18	23.05	26.04	0.00
2	2	0.38	8.24	20.92	17.04	0.00
2	6	0.19	6.42	17.71	18.93	0.45
3	3	0.00	0.20	22.81	39.24	0.00
3	7	0.14	0.95	23.07	33.78	0.00
Core	CPU	C1%	C3%	C6%	C8%	C9%
-	-	0.05	3.66	22.45	22.74	0.01
0	0	0.01	8.81	27.90	7.82	0.00
0	4	0.14	13.66	14.48	9.45	0.00
1	1	0.14	0.21	22.32	25.83	0.00
1	5	0.00	0.16	20.93	36.83	0.00
2	2	0.00	0.32	23.55	25.68	0.00
2	6	0.00	0.26	22.78	32.24	0.00
3	3	0.10	4.38	23.86	21.99	0.05
3	7	0.00	1.47	23.77	22.10	0.00
Core	CPU	C1%	C3%	C6%	C8%	C9%
-	-	0.02	3.76	22.77	23.27	0.25
0	0	0.02	16.13	21.64	4.84	0.00
0	4	0.15	9.89	19.33	16.35	0.00
1	1	0.00	1.44	22.58	28.60	0.61
1	5	0.00	1.43	21.65	25.75	0.00
2	2	0.00	0.27	24.52	24.56	0.00
2	6	0.00	0.24	23.02	33.08	0.00
3	3	0.00	0.26	24.03	20.76	1.28
3	7	0.00	0.42	25.36	32.19	0.10
Core	CPU	C1%	C3%	C6%	C8%	C9%
-	-	0.07	3.42	22.76	24.17	0.08
0	0	0.14	6.91	29.56	14.76	0.66
0	4	0.01	5.28	22.01	20.04	0.00
1	1	0.07	1.33	22.12	24.32	0.00
1	5	0.00	0.17	20.92	35.05	0.00
2	2	0.01	0.26	24.04	29.58	0.00
2	6	0.00	0.16	23.08	31.63	0.00
3	3	0.32	12.91	15.41	13.16	0.00
3	7	0.00	0.33	25.06	24.89	0.00
Core	CPU	C1%	C3%	C6%	C8%	C9%
-	-	0.08	2.74	16.05	16.18	0.00
0	0	0.01	0.96	22.18	11.56	0.00
0	4	0.00	0.23	17.65	17.23	0.00
1	1	0.00	0.23	16.61	19.43	0.00
1	5	0.00	0.17	14.83	29.95	0.00
2	2	0.01	0.26	15.53	15.67	0.00
2	6	0.09	0.11	15.75	19.62	0.00
3	3	0.54	19.64	7.71	2.31	0.00
3	7	0.00	0.29	18.08	13.58	0.02
Core	CPU	C1%	C3%	C6%	C8%	C9%
-	-	0.04	4.02	21.49	24.78	0.03
0	0	0.01	21.77	16.68	3.92	0.00
0	4	0.01	0.22	21.59	29.83	0.00
1	1	0.13	4.77	19.77	25.98	0.00
1	5	0.00	0.19	22.89	25.03	0.00
2	2	0.04	0.34	24.24	30.02	0.25
2	6	0.09	3.18	20.40	24.54	0.00
3	3	0.01	0.37	24.69	37.84	0.00
3	7	0.00	1.30	21.66	21.08	0.02
Core	CPU	C1%	C3%	C6%	C8%	C9%
-	-	0.12	3.73	22.19	22.42	0.00
0	0	0.02	7.54	24.76	6.58	0.00
0	4	0.01	0.13	23.80	23.40	0.00
1	1	0.00	0.16	24.78	22.39	0.00
1	5	0.00	0.16	21.96	19.67	0.00
2	2	0.82	19.56	10.31	14.51	0.00
2	6	0.00	0.17	23.92	26.92	0.03
3	3	0.00	0.33	25.04	43.97	0.00
3	7	0.10	1.79	22.97	21.94	0.00
Core	CPU	C1%	C3%	C6%	C8%	C9%
-	-	0.01	3.89	20.78	25.68	0.00
0	0	0.03	26.45	9.82	0.91	0.00
0	4	0.00	1.32	22.70	25.12	0.00
1	1	0.00	0.26	22.70	31.38	0.00
1	5	0.00	0.25	20.79	24.84	0.00
2	2	0.00	0.98	21.49	24.41	0.00
2	6	0.00	0.23	20.60	37.52	0.00
3	3	0.00	0.22	24.86	34.40	0.00
3	7	0.00	1.43	23.27	26.89	0.00
Core	CPU	C1%	C3%	C6%	C8%	C9%
-	-	0.15	3.68	22.07	20.96	0.00
0	0	0.00	1.45	32.14	12.10	0.00
0	4	0.00	0.13	22.64	17.64	0.00
1	1	0.00	0.14	21.61	20.17	0.00
1	5	0.00	0.16	23.35	36.44	0.00
2	2	0.00	0.14	21.22	24.36	0.00
2	6	0.00	0.17	22.17	34.02	0.00
3	3	1.20	26.99	6.95	0.17	0.00
3	7	0.01	0.26	26.87	23.20	0.00
Core	CPU	C1%	C3%	C6%	C8%	C9%
-	-	0.06	2.07	27.51	25.37	0.02
0	0	0.01	5.40	25.04	4.82	0.00
0	4	0.31	2.88	23.59	18.70	0.00
1	1	0.00	0.68	28.63	24.24	0.00
1	5	0.00	0.22	30.62	34.88	0.00
2	2	0.06	2.81	27.43	30.47	0.00
2	6	0.00	0.32	28.87	27.08	0.06
3	3	0.06	3.99	27.78	36.09	0.04
3	7	0.00	0.26	27.71	26.29	0.03
Core	CPU	C1%	C3%	C6%	C8%	C9%
-	-	0.07	4.11	23.23	21.56	0.01
0	0	0.00	13.13	23.42	7.74	0.00
0	4	0.00	0.17	26.45	20.33	0.00
1	1	0.17	6.56	19.23	19.67	0.00
1	5	0.00	0.27	23.42	20.87	0.00
2	2	0.01	0.21	23.12	24.34	0.00
2	6	0.00	0.28	24.43	25.92	0.00
3	3	0.24	10.88	17.35	13.57	0.05
3	7	0.09	1.44	28.62	40.16	0.00
Core	CPU	C1%	C3%	C6%	C8%	C9%
-	-	0.13	3.54	21.95	22.27	0.00
0	0	0.01	5.16	26.70	11.99	0.03
0	4	0.08	1.36	19.58	28.47	0.00
1	1	0.37	4.35	20.21	20.71	0.00
1	5	0.00	1.53	21.43	19.95	0.00
2	2	0.00	0.23	23.82	41.21	0.00
2	6	0.00	0.26	25.39	24.38	0.00
3	3	0.59	13.10	14.15	8.07	0.00
3	7	0.00	2.32	24.23	23.32	0.00
Core	CPU	C1%	C3%	C6%	C8%	C9%
-	-	0.06	4.05	21.83	22.47	0.01
0	0	0.01	11.20	26.15	19.17	0.00
0	4	0.00	10.11	17.74	19.21	0.00
1	1	0.01	0.27	22.06	31.85	0.00
1	5	0.00	0.23	21.60	21.80	0.00
2	2	0.07	4.27	20.17	24.14	0.10
2	6	0.00	0.26	23.31	21.83	0.00
3	3	0.21	3.57	22.24	21.14	0.00
3	7	0.14	2.49	21.24	20.49	0.00
Core	CPU	C1%	C3%	C6%	C8%	C9%
-	-	0.05	3.85	21.60	22.35	0.00
0	0	0.01	16.00	20.74	5.01	0.00
0	4	0.13	4.06	20.22	15.89	0.00
1	1	0.00	0.26	22.31	28.72	0.00
1	5	0.00	0.32	22.26	31.49	0.00
2	2	0.00	0.23	23.89	22.59	0.00
2	6	0.00	0.28	24.67	27.11	0.00
3	3	0.27	8.21	16.87	19.88	0.00
3	7	0.00	1.44	21.80	28.12	0.00
Core	CPU	C1%	C3%	C6%	C8%	C9%
-	-	0.18	2.34	26.57	23.29	0.00
0	0	0.01	0.67	39.13	21.77	0.00
0	4	0.15	7.95	18.08	15.04	0.00
1	1	0.28	0.75	27.07	27.79	0.00
1	5	0.00	0.38	27.03	25.05	0.00
2	2	0.03	0.33	29.16	27.21	0.00
2	6	0.00	0.32	27.38	32.28	0.00
3	3	0.85	6.82	13.98	8.63	0.00
3	7	0.09	1.54	31.18	28.91	0.00
Core	CPU	C1%	C3%	C6%	C8%	C9%
-	-	0.11	3.79	20.03	22.81	0.02
0	0	0.03	9.71	22.23	8.03	0.00
0	4	0.43	8.27	15.02	25.52	0.00
1	1	0.00	0.28	22.42	27.76	0.00
1	5	0.00	0.14	21.22	28.03	0.00
2	2	0.05	0.14	21.38	32.55	0.00
2	6	0.01	0.18	22.53	24.12	0.05
3	3	0.41	11.41	14.27	14.80	0.00
3	7	0.00	0.17	20.98	21.35	0.10
Core	CPU	C1%	C3%	C6%	C8%	C9%
-	-	0.19	3.55	23.85	23.08	0.01
0	0	0.01	2.87	32.98	21.72	0.00
0	4	0.11	0.32	26.42	30.14	0.00
1	1	0.79	15.68	14.03	9.27	0.00
1	5	0.30	5.74	22.28	20.43	0.00
2	2	0.00	1.10	23.54	26.48	0.00
2	6	0.00	0.31	27.02	28.62	0.07
3	3	0.28	2.16	21.94	24.63	0.00
3	7	0.00	0.24	22.42	23.22	0.00
Core	CPU	C1%	C3%	C6%	C8%	C9%
-	-	0.04	3.87	21.76	24.35	0.00
0	0	0.02	19.21	18.26	6.07	0.00
0	4	0.09	4.14	19.97	26.38	0.00
1	1	0.00	0.24	22.84	38.80	0.00
1	5	0.00	0.26	22.16	21.09	0.00
2	2	0.18	5.70	21.05	19.64	0.01
2	6	0.01	0.17	24.49	35.24	0.00
3	3	0.00	0.99	22.07	23.16	0.00
3	7	0.06	0.28	23.25	24.44	0.00
Core	CPU	C1%	C3%	C6%	C8%	C9%
-	-	0.13	3.97	21.99	21.62	0.01
0	0	0.01	6.43	24.46	26.01	0.00
0	4	0.00	0.21	20.64	15.24	0.00
1	1	0.48	10.39	16.98	14.25	0.11
1	5	0.45	13.30	16.84	13.78	0.00
2	2	0.12	0.28	23.34	25.25	0.00
2	6	0.00	0.40	24.76	22.26	0.00
3	3	0.01	0.34	24.80	30.91	0.00
3	7	0.00	0.40	24.12	25.29	0.00
Core	CPU	C1%	C3%	C6%	C8%	C9%
-	-	0.08	1.93	26.10	24.64	0.02
0	0	0.01	5.37	27.14	13.85	0.00
0	4	0.16	1.28	28.24	24.53	0.00
1	1	0.21	5.05	25.29	23.61	0.00
1	5	0.28	2.08	20.96	26.32	0.00
2	2	0.00	0.28	27.75	32.60	0.00
2	6	0.00	0.31	29.51	24.69	0.10
3	3	0.00	0.26	25.86	27.74	0.00
3	7	0.00	0.82	24.14	23.78	0.03
Core	CPU	C1%	C3%	C6%	C8%	C9%
-	-	0.04	4.09	22.19	22.45	0.01
0	0	0.01	5.06	31.21	11.03	0.01
0	4	0.16	23.95	10.46	5.70	0.00
1	1	0.09	1.17	21.60	30.70	0.00
1	5	0.00	0.25	21.49	26.82	0.00
2	2	0.00	0.28	24.60	30.24	0.00
2	6	0.00	0.40	23.04	25.39	0.05
3	3	0.01	0.31	21.67	19.65	0.00
3	7	0.01	1.39	23.73	30.40	0.00
Core	CPU	C1%	C3%	C6%	C8%	C9%
-	-	0.16	3.61	23.54	21.99	0.09
0	0	0.30	8.31	26.20	9.00	0.01
0	4	0.00	1.36	25.85	22.39	0.00
1	1	0.24	1.22	26.58	26.94	0.00
1	5	0.74	16.59	10.80	9.70	0.00
2	2	0.00	0.46	26.29	26.22	0.71
2	6	0.00	0.26	23.37	24.49	0.00
3	3	0.00	0.33	25.81	33.79	0.00
3	7	0.01	0.30	22.99	23.02	0.00
Core	CPU	C1%	C3%	C6%	C8%	C9%
-	-	0.11	3.85	23.33	21.87	0.31
0	0	0.01	4.19	29.26	11.54	1.39
0	4	0.09	7.66	20.86	19.40	0.00
1	1	0.37	8.88	17.96	21.70	0.00
1	5	0.00	0.31	22.75	25.43	0.00
2	2	0.25	5.71	23.79	19.95	1.00
2	6	0.08	2.55	25.15	19.44	0.06
3	3	0.04	1.24	23.32	31.88	0.00
3	7	0.00	0.30	23.58	25.69	0.00
Core	CPU	C1%	C3%	C6%	C8%	C9%
-	-	0.08	3.92	23.57	23.00	0.08
0	0	0.00	9.91	26.54	7.52	0.60
0	4	0.00	0.31	25.18	26.40	0.00
1	1	0.12	4.78	21.99	21.68	0.00
1	5	0.00	0.22	24.28	30.27	0.00
2	2	0.22	7.16	23.58	21.29	0.00
2	6	0.26	8.38	20.27	23.08	0.00
3	3	0.01	0.22	23.12	30.41	0.00
3	7	0.01	0.37	23.61	23.33	0.00
Core	CPU	C1%	C3%	C6%	C8%	C9%
-	-	0.16	2.16	27.57	25.14	0.01
0	0	0.04	1.23	38.84	12.07	0.00
0	4	0.00	0.58	31.36	31.64	0.00
1	1	0.02	2.48	25.49	24.77	0.00
1	5	0.00	0.39	28.20	37.56	0.00
2	2	0.55	4.83	16.45	15.74	0.00
2	6	0.61	6.43	19.56	15.87	0.05
3	3	0.01	0.43	30.39	27.61	0.00
3	7	0.07	0.91	30.24	35.88	0.00
Core	CPU	C1%	C3%	C6%	C8%	C9%
-	-	0.11	3.50	21.45	22.16	0.02
0	0	0.08	0.91	30.68	29.61	0.03
0	4	0.00	2.55	19.50	21.01	0.00
1	1	0.00	0.14	20.70	23.94	0.00
1	5	0.00	0.16	20.46	21.14	0.00
2	2	0.11	2.46	23.41	30.18	0.00
2	6	0.52	17.69	11.39	10.39	0.00
3	3	0.12	2.98	21.55	18.34	0.00
3	7	0.01	1.09	23.90	22.70	0.11
Core	CPU	C1%	C3%	C6%	C8%	C9%
-	-	0.03	3.78	21.96	22.72	0.01
0	0	0.00	2.77	32.00	16.75	0.00
0	4	0.04	23.69	11.89	5.78	0.00
1	1	0.00	0.23	23.85	23.48	0.00
1	5	0.21	2.51	16.67	40.16	0.00
2	2	0.00	0.25	22.85	24.07	0.00
2	6	0.00	0.23	23.37	27.94	0.00
3	3	0.00	0.27	22.77	22.68	0.11
3	7	0.00	0.31	22.33	20.94	0.00
Core	CPU	C1%	C3%	C6%	C8%	C9%
-	-	0.19	3.44	21.31	22.14	0.00
0	0	0.00	0.37	30.80	13.23	0.00
0	4	0.00	0.18	22.37	25.58	0.00
1	1	0.95	16.77	11.45	9.10	0.00
1	5	0.20	2.07	24.02	24.94	0.00
2	2	0.00	0.16	19.80	31.58	0.00
2	6	0.00	0.18	21.74	28.52	0.00
3	3	0.36	7.59	17.06	19.28	0.00
3	7	0.00	0.17	23.20	24.91	0.00
Core	CPU	C1%	C3%	C6%	C8%	C9%
-	-	0.11	3.73	21.86	21.84	0.01
0	0	0.01	1.63	30.34	15.72	0.04
0	4	0.00	0.22	25.21	22.02	0.00
1	1	0.00	0.18	21.73	24.60	0.00
1	5	0.00	0.22	21.44	32.31	0.00
2	2	0.14	3.55	19.94	26.24	0.00
2	6	0.05	2.08	19.58	25.52	0.00
3	3	0.69	21.60	10.53	6.96	0.00
3	7	0.00	0.37	26.15	21.39	0.00
Core	CPU	C1%	C3%	C6%	C8%	C9%
-	-	0.06	2.75	16.64	15.43	0.32
0	0	0.01	3.89	20.86	7.25	0.00
0	4	0.01	14.81	12.85	8.84	0.18
1	1	0.00	0.12	16.43	16.87	0.00
1	5	0.00	0.10	18.59	22.71	0.00
2	2	0.35	2.66	13.54	21.01	0.00
2	6	0.00	0.16	16.20	15.25	0.00
3	3	0.10	0.11	17.15	19.34	1.08
3	7	0.00	0.14	17.52	12.18	1.32
Core	CPU	C1%	C3%	C6%	C8%	C9%
-	-	0.12	3.64	21.90	22.50	0.01
0	0	0.01	0.45	30.86	13.12	0.00
0	4	0.01	3.15	21.80	15.69	0.00
1	1	0.00	0.19	23.53	24.63	0.00
1	5	0.00	0.14	23.27	26.23	0.00
2	2	0.11	3.70	20.53	31.47	0.00
2	6	0.10	2.49	20.27	24.32	0.00
3	3	0.69	18.67	10.55	13.75	0.06
3	7	0.04	0.30	24.38	30.77	0.00
Core	CPU	C1%	C3%	C6%	C8%	C9%
-	-	0.03	4.09	22.26	22.53	0.04
0	0	0.01	24.36	13.95	4.68	0.22
0	4	0.01	2.95	20.98	21.61	0.00
1	1	0.00	0.48	25.32	28.29	0.00
1	5	0.00	0.34	22.74	23.46	0.00
2	2	0.07	2.29	21.83	29.15	0.00
2	6	0.00	0.38	23.37	28.85	0.07
3	3	0.13	1.38	24.13	27.07	0.00
3	7	0.02	0.58	25.78	17.14	0.00
Core	CPU	C1%	C3%	C6%	C8%	C9%
-	-	0.07	3.72	22.34	23.51	0.01
0	0	0.02	18.41	16.89	8.58	0.01
0	4	0.00	0.46	24.39	26.95	0.00
1	1	0.35	3.47	21.92	25.77	0.00
1	5	0.00	0.20	23.44	33.66	0.00
2	2	0.16	4.48	20.31	17.66	0.00
2	6	0.00	0.18	24.20	31.84	0.06
3	3	0.01	0.14	22.60	19.69	0.00
3	7	0.01	2.39	24.99	23.97	0.00
Core	CPU	C1%	C3%	C6%	C8%	C9%
-	-	0.13	3.66	22.12	21.69	0.09
0	0	0.01	4.31	29.16	14.96	0.00
0	4	0.00	2.44	22.43	20.89	0.00
1	1	0.47	11.29	16.99	13.14	0.00
1	5	0.00	0.20	22.71	26.14	0.00
2	2	0.52	9.61	17.74	18.27	0.00
2	6	0.05	0.91	22.46	27.26	0.00
3	3	0.00	0.26	22.34	29.59	0.70
3	7	0.00	0.30	23.07	23.29	0.00
Core	CPU	C1%	C3%	C6%	C8%	C9%
-	-	0.09	2.03	26.54	26.36	0.01
0	0	0.04	8.24	22.79	5.71	0.00
0	4	0.00	4.89	25.09	19.80	0.00
1	1	0.13	0.25	28.35	32.12	0.00
1	5	0.00	0.28	28.77	26.35	0.00
2	2	0.16	0.66	27.75	39.62	0.00
2	6	0.12	0.60	26.38	29.39	0.06
3	3	0.14	0.79	26.48	24.70	0.00
3	7	0.13	0.56	26.69	33.18	0.00
Core	CPU	C1%	C3%	C6%	C8%	C9%
-	-	0.09	3.87	24.29	22.79	0.00
0	0	0.02	13.78	23.55	7.09	0.00
0	4	0.00	0.37	25.78	28.16	0.00
1	1	0.11	2.29	28.31	25.20	0.00
1	5	0.00	0.35	25.08	30.73	0.00
2	2	0.29	7.03	18.12	24.90	0.00
2	6	0.09	3.00	21.89	22.34	0.00
3	3	0.00	0.31	25.41	25.80	0.00
3	7	0.22	3.81	26.21	18.11	0.00
Core	CPU	C1%	C3%	C6%	C8%	C9%
-	-	0.12	3.83	22.86	21.98	0.00
0	0	0.05	5.79	28.93	11.10	0.00
0	4	0.11	12.56	19.45	16.80	0.00
1	1	0.00	0.37	24.64	17.69	0.00
1	5	0.00	0.20	22.97	33.13	0.00
2	2	0.37	6.57	18.28	20.26	0.00
2	6	0.31	2.43	20.28	30.10	0.00
3	3	0.00	0.17	22.76	21.79	0.00
3	7	0.14	2.52	25.56	24.94	0.00
Core	CPU	C1%	C3%	C6%	C8%	C9%
-	-	0.13	3.60	21.69	23.75	0.06
0	0	0.00	4.95	29.32	8.69	0.49
0	4	0.00	1.10	20.95	43.03	0.00
1	1	0.54	12.44	16.31	12.52	0.00
1	5	0.20	4.93	21.78	19.11	0.00
2	2	0.09	4.32	21.79	21.45	0.00
2	6	0.19	0.75	21.52	31.52	0.00
3	3	0.00	0.12	20.69	31.50	0.00
3	7	0.00	0.16	21.12	22.18	0.00
Core	CPU	C1%	C3%	C6%	C8%	C9%
-	-	0.14	3.62	20.72	21.99	0.19
0	0	0.01	0.57	30.17	9.83	0.02
0	4	0.01	0.19	22.67	39.51	0.00
1	1	0.22	5.72	19.13	18.25	0.00
1	5	0.58	16.16	11.08	11.90	0.00
2	2	0.20	4.50	16.98	17.87	1.47
2	6	0.01	0.22	22.81	29.77	0.00
3	3	0.06	1.33	22.14	27.56	0.00
3	7	0.01	0.24	20.84	21.24	0.00
Core	CPU	C1%	C3%	C6%	C8%	C9%
-	-	0.05	3.12	15.62	15.54	0.00
0	0	0.01	4.81	19.30	8.29	0.00
0	4	0.00	11.94	11.40	10.47	0.00
1	1	0.06	0.20	15.32	17.83	0.00
1	5	0.05	0.19	17.22	15.43	0.00
2	2	0.00	0.20	15.05	16.09	0.00
2	6	0.24	6.93	10.07	16.05	0.00
3	3	0.00	0.27	18.63	19.98	0.00
3	7	0.01	0.45	17.95	20.17	0.00
Core	CPU	C1%	C3%	C6%	C8%	C9%
-	-	0.12	3.72	21.74	21.31	0.17
0	0	0.01	0.51	30.01	16.54	1.38
0	4	0.00	0.13	23.15	33.18	0.00
1	1	0.13	3.57	20.35	18.21	0.00
1	5	0.24	8.53	16.05	19.97	0.00
2	2	0.25	6.05	19.66	16.57	0.00
2	6	0.30	10.50	15.30	20.55	0.00
3	3	0.00	0.26	26.49	24.83	0.00
3	7	0.00	0.24	22.92	20.60	0.00
Core	CPU	C1%	C3%	C6%	C8%	C9%
-	-	0.19	3.74	22.29	19.80	0.18
0	0	0.00	0.41	30.84	10.89	1.39
0	4	0.00	0.20	23.64	22.08	0.00
1	1	0.14	3.69	21.62	15.82	0.00
1	5	0.04	1.49	20.17	15.28	0.00
2	2	0.81	16.72	13.27	7.73	0.00
2	6	0.22	6.82	19.03	26.57	0.00
3	3	0.01	0.30	25.37	32.47	0.06
3	7	0.30	0.25	24.46	27.58	0.00
Core	CPU	C1%	C3%	C6%	C8%	C9%
-	-	0.24	3.69	21.55	22.34	0.03
0	0	0.79	0.53	28.56	18.92	0.01
0	4	0.00	0.20	21.37	46.00	0.00
1	1	0.00	0.21	23.04	19.66	0.00
1	5	0.19	5.65	17.55	16.36	0.00
2	2	0.18	4.50	22.02	20.46	0.00
2	6	0.09	1.22	23.95	25.23	0.00
3	3	0.66	16.81	12.33	9.21	0.22
3	7	0.02	0.39	23.55	22.79	0.00
Core	CPU	C1%	C3%	C6%	C8%	C9%
-	-	0.16	3.59	22.46	22.82	0.00
0	0	0.31	0.46	31.36	11.87	0.01
0	4	0.01	0.25	21.62	26.10	0.00
1	1	0.01	0.23	23.98	26.42	0.00
1	5	0.00	0.17	24.28	25.99	0.00
2	2	0.00	0.29	24.33	29.94	0.00
2	6	0.01	0.17	23.12	35.20	0.00
3	3	0.90	26.83	4.20	0.00	0.00
3	7	0.06	0.29	26.79	27.04	0.00
Core	CPU	C1%	C3%	C6%	C8%	C9%
-	-	0.09	3.18	15.03	15.48	0.00
0	0	0.00	0.26	21.50	18.36	0.01
0	4	0.00	0.08	13.54	15.04	0.00
1	1	0.00	0.91	15.91	14.22	0.00
1	5	0.00	0.07	16.20	18.04	0.00
2	2	0.00	0.11	17.06	22.49	0.00
2	6	0.00	0.16	17.00	14.39	0.00
3	3	0.72	23.68	1.57	0.00	0.00
3	7	0.00	0.14	17.61	21.49	0.02
Core	CPU	C1%	C3%	C6%	C8%	C9%
-	-	0.14	3.45	22.77	21.16	0.00
0	0	0.02	3.67	30.31	8.34	0.02
0	4	0.00	1.26	23.26	28.95	0.00
1	1	0.16	5.78	21.31	18.46	0.00
1	5	0.24	2.19	20.89	26.54	0.00
2	2	0.07	0.49	23.23	30.40	0.00
2	6	0.09	2.59	21.17	18.63	0.01
3	3	0.50	11.28	17.94	13.45	0.00
3	7	0.00	0.32	23.80	24.35	0.00
Core	CPU	C1%	C3%	C6%	C8%	C9%
-	-	0.01	3.84	20.85	23.26	0.00
0	0	0.01	26.22	11.29	0.81	0.00
0	4	0.01	3.33	24.16	26.31	0.00
1	1	0.01	0.12	23.17	28.09	0.01
1	5	0.01	0.14	20.84	32.28	0.00
2	2	0.01	0.27	22.57	36.86	0.00
2	6	0.01	0.21	20.97	22.23	0.00
3	3	0.01	0.19	21.36	20.84	0.00
3	7	0.01	0.24	22.47	18.68	0.00
Core	CPU	C1%	C3%	C6%	C8%	C9%
-	-	0.03	3.73	22.31	25.97	0.01
0	0	0.10	19.23	15.76	3.08	0.00
0	4	0.13	9.33	19.64	18.23	0.00
1	1	0.00	0.21	25.94	32.33	0.00
1	5	0.00	0.11	21.58	42.72	0.00
2	2	0.00	0.21	23.62	27.15	0.00
2	6	0.00	0.27	24.21	34.69	0.06
3	3	0.01	0.25	24.93	25.56	0.00
3	7	0.01	0.25	22.82	23.98	0.00
Core	CPU	C1%	C3%	C6%	C8%	C9%
-	-	0.18	3.95	21.53	24.11	0.01
0	0	0.21	0.47	30.27	27.09	0.01
0	4	0.00	2.48	21.50	34.82	0.00
1	1	1.24	25.98	6.21	3.20	0.00
1	5	0.02	0.81	25.21	36.82	0.00
2	2	0.00	1.06	22.84	25.07	0.00
2	6	0.00	0.26	22.35	22.52	0.06
3	3	0.00	0.25	21.09	21.13	0.00
3	7	0.00	0.27	22.81	22.32	0.00
Core	CPU	C1%	C3%	C6%	C8%	C9%
-	-	0.16	2.33	26.30	23.30	0.03
0	0	0.01	1.25	34.12	12.34	0.02
0	4	0.02	1.70	24.44	23.72	0.00
1	1	0.66	8.64	18.93	20.67	0.09
1	5	0.29	2.43	23.36	26.75	0.00
2	2	0.10	2.31	26.51	22.06	0.00
2	6	0.20	1.65	27.10	29.68	0.11
3	3	0.00	0.33	28.30	28.29	0.00
3	7	0.01	0.34	27.88	23.12	0.00
Core	CPU	C1%	C3%	C6%	C8%	C9%
-	-	0.09	3.81	22.17	21.03	0.00
0	0	0.01	2.90	28.73	26.37	0.00
0	4	0.00	0.13	22.55	22.27	0.00
1	1	0.18	9.69	18.50	23.21	0.00
1	5	0.01	1.26	23.18	23.21	0.00
2	2	0.20	4.91	20.94	16.49	0.00
2	6	0.14	3.91	21.77	20.49	0.00
3	3	0.20	6.40	18.73	16.33	0.00
3	7	0.01	1.19	22.69	19.60	0.00
Core	CPU	C1%	C3%	C6%	C8%	C9%
-	-	0.09	3.93	21.25	21.45	0.07
0	0	0.01	1.66	32.50	19.36	0.00
0	4	0.37	22.92	10.01	11.66	0.00
1	1	0.29	5.53	18.11	28.67	0.48
1	5	0.00	0.17	19.99	19.47	0.00
2	2	0.00	0.38	22.56	21.39	0.06
2	6	0.00	0.23	20.71	34.02	0.00
3	3	0.00	0.22	23.18	19.47	0.00
3	7	0.01	0.31	22.98	17.53	0.00
Core	CPU	C1%	C3%	C6%	C8%	C9%
-	-	0.14	3.54	20.98	24.23	0.02
0	0	0.02	5.06	24.95	10.95	0.01
0	4	0.00	0.19	21.61	26.28	0.00
1	1	1.12	21.85	9.53	8.35	0.00
1	5	0.00	0.23	21.40	33.53	0.00
2	2	0.00	0.25	23.25	40.24	0.00
2	6	0.00	0.23	22.70	28.21	0.12
3	3	0.00	0.20	20.84	23.83	0.00
3	7	0.00	0.31	23.62	22.54	0.00
Core	CPU	C1%	C3%	C6%	C8%	C9%
-	-	0.29	3.53	21.72	22.10	0.00
0	0	0.01	0.52	28.39	15.50	0.01
0	4	0.01	0.14	23.11	37.17	0.00
1	1	1.72	15.23	14.34	12.43	0.00
1	5	0.54	11.47	18.93	15.58	0.00
2	2	0.00	0.23	22.40	28.44	0.00
2	6	0.00	0.18	20.79	26.24	0.00
3	3	0.00	0.24	22.53	19.89	0.00
3	7	0.00	0.18	23.24	21.52	0.00
Core	CPU	C1%	C3%	C6%	C8%	C9%
-	-	0.13	3.30	15.35	17.33	0.23
0	0	0.01	0.26	22.57	15.67	0.00
0	4	0.01	0.12	15.59	29.37	0.00
1	1	0.94	21.17	3.94	1.12	0.00
1	5	0.06	3.94	17.67	22.91	0.00
2	2	0.00	0.06	15.05	20.56	0.00
2	6	0.00	0.10	16.57	16.13	0.00
3	3	0.00	0.12	15.02	16.84	0.00
3	7	0.00	0.64	16.36	16.02	1.87
Core	CPU	C1%	C3%	C6%	C8%	C9%
-	-	0.05	3.85	22.35	23.12	0.02
0	0	0.01	16.70	18.54	7.55	0.10
0	4	0.13	8.20	19.48	29.35	0.00
1	1	0.01	0.17	23.47	30.47	0.00
1	5	0.13	1.83	22.18	23.94	0.00
2	2	0.00	0.41	25.89	29.89	0.00
2	6	0.04	0.32	24.35	21.21	0.00
3	3	0.11	2.89	23.35	21.97	0.00
3	7	0.01	0.31	21.51	20.61	0.02
Core	CPU	C1%	C3%	C6%	C8%	C9%
-	-	0.05	3.86	23.31	21.19	0.00
0	0	0.00	10.04	26.74	6.20	0.02
0	4	0.09	6.82	21.34	18.33	0.00
1	1	0.00	0.22	22.97	26.66	0.00
1	5	0.00	0.24	22.05	32.84	0.00
2	2	0.00	0.41	25.76	27.38	0.00
2	6	0.00	0.17	24.96	22.59	0.00
3	3	0.31	10.73	18.60	13.28	0.00
3	7	0.02	2.34	24.38	22.59	0.00
Core	CPU	C1%	C3%	C6%	C8%	C9%
-	-	0.06	3.90	22.64	20.72	0.05
0	0	0.01	7.57	26.74	17.57	0.00
0	4	0.01	9.23	20.40	17.08	0.00
1	1	0.24	2.67	21.54	19.65	0.00
1	5	0.03	2.50	20.72	24.59	0.00
2	2	0.10	3.54	19.27	16.36	0.30
2	6	0.00	0.18	22.85	24.92	0.05
3	3	0.10	4.65	24.37	19.95	0.00
3	7	0.01	0.85	25.12	25.58	0.02
Core	CPU	C1%	C3%	C6%	C8%	C9%
-	-	0.07	3.84	20.32	22.65	0.01
0	0	0.03	19.16	19.58	10.01	0.00
0	4	0.00	1.24	21.59	27.68	0.00
1	1	0.28	3.63	20.85	32.06	0.00
1	5	0.21	5.86	18.57	17.55	0.00
2	2	0.00	0.16	20.45	28.68	0.00
2	6	0.00	0.15	21.46	21.04	0.06
3	3	0.00	0.25	20.67	22.50	0.00
3	7	0.00	0.18	19.12	21.38	0.00
Core	CPU	C1%	C3%	C6%	C8%	C9%
-	-	0.08	2.23	25.06	26.07	0.01
0	0	0.11	11.36	23.78	8.43	0.00
0	4	0.16	2.28	25.28	25.69	0.00
1	1	0.35	2.58	19.92	28.39	0.00
1	5	0.01	0.33	27.20	31.53	0.00
2	2	0.01	0.30	25.07	30.93	0.00
2	6	0.01	0.27	28.60	34.66	0.06
3	3	0.02	0.24	25.29	26.13	0.00
3	7	0.00	0.53	25.40	22.81	0.00
Core	CPU	C1%	C3%	C6%	C8%	C9%
-	-	0.06	3.87	21.72	24.53	0.00
0	0	0.04	20.48	15.58	2.46	0.02
0	4	0.00	0.37	23.72	34.73	0.00
1	1	0.21	4.17	21.80	23.91	0.00
1	5	0.00	0.39	25.48	25.75	0.00
2	2	0.00	0.34	23.47	29.83	0.00
2	6	0.00	0.32	23.14	35.18	0.00
3	3	0.24	4.52	18.69	18.04	0.00
3	7	0.00	0.34	21.87	26.31	0.00
Core	CPU	C1%	C3%	C6%	C8%	C9%
-	-	0.15	3.93	23.89	22.47	0.00
0	0	0.30	13.47	24.91	15.30	0.00
0	4	0.00	1.30	23.04	19.16	0.00
1	1	0.28	3.09	25.73	27.37	0.00
1	5	0.00	0.21	22.83	22.00	0.00
2	2	0.21	4.39	24.51	32.55	0.00
2	6	0.29	7.57	20.06	18.07	0.00
3	3	0.00	0.15	24.24	24.30	0.00
3	7	0.14	1.29	25.84	21.02	0.00
Core	CPU	C1%	C3%	C6%	C8%	C9%
-	-	0.06	3.61	21.32	22.14	0.10
0	0	0.01	14.20	21.02	5.86	0.00
0	4	0.01	3.65	22.04	15.19	0.00
1	1	0.00	0.21	22.28	38.95	0.00
1	5	0.00	0.12	19.14	20.70	0.00
2	2	0.01	0.10	21.88	39.84	0.00
2	6	0.00	0.25	21.10	21.43	0.00
3	3	0.37	9.63	19.77	15.35	0.05
3	7	0.10	0.74	23.31	19.82	0.71
Core	CPU	C1%	C3%	C6%	C8%	C9%
-	-	0.18	3.76	22.61	20.57	0.00
0	0	0.01	1.61	31.06	18.76	0.00
0	4	0.01	5.90	22.39	13.72	0.00
1	1	0.68	11.53	16.80	12.37	0.00
1	5	0.00	0.18	21.98	21.30	0.00
2	2	0.70	10.10	17.34	16.42	0.00
2	6	0.01	0.25	24.78	19.99	0.00
3	3	0.00	0.27	22.16	32.38	0.00
3	7	0.01	0.20	24.34	29.59	0.00
Core	CPU	C1%	C3%	C6%	C8%	C9%
-	-	0.05	3.39	16.59	16.96	0.00
0	0	0.00	13.88	15.96	9.35	0.00
0	4	0.00	0.19	18.21	25.71	0.00
1	1	0.00	0.15	18.33	19.61	0.00
1	5	0.00	0.14	16.71	20.34	0.00
2	2	0.06	2.16	14.53	16.02	0.00
2	6	0.26	8.47	13.61	10.77	0.00
3	3	0.00	0.23	16.92	18.68	0.00
3	7	0.05	1.87	18.48	15.21	0.00
Core	CPU	C1%	C3%	C6%	C8%	C9%
-	-	0.08	3.40	22.20	23.36	0.01
0	0	0.00	15.62	16.88	3.54	0.00
0	4	0.00	2.23	23.77	19.37	0.00
1	1	0.00	0.17	24.92	24.51	0.00
1	5	0.01	0.14	23.58	24.42	0.00
2	2	0.00	0.14	23.23	35.35	0.11
2	6	0.58	8.54	17.02	22.05	0.00
3	3	0.06	0.17	26.09	34.19	0.00
3	7	0.01	0.15	22.17	23.47	0.00
Core	CPU	C1%	C3%	C6%	C8%	C9%
-	-	0.12	3.91	21.55	22.88	0.20
0	0	0.01	6.80	27.06	17.83	0.11
0	4	0.00	0.20	22.58	21.87	0.00
1	1	0.00	0.13	23.97	19.32	1.38
1	5	0.00	0.15	20.99	28.22	0.00
2	2	0.44	9.43	17.29	20.12	0.05
2	6	0.54	13.18	14.17	14.24	0.03
3	3	0.00	0.13	22.74	24.88	0.00
3	7	0.01	1.28	23.82	36.83	0.00
Core	CPU	C1%	C3%	C6%	C8%	C9%
-	-	0.13	3.83	21.72	23.25	0.02
0	0	0.01	6.07	23.84	11.06	0.00
0	4	0.00	8.17	21.00	20.51	0.00
1	1	0.10	2.39	22.00	31.14	0.00
1	5	0.00	0.23	23.19	30.20	0.00
2	2	0.82	11.05	16.47	21.55	0.00
2	6	0.01	0.36	24.03	25.63	0.05
3	3	0.11	2.05	20.64	21.79	0.11
3	7	0.01	0.33	22.75	24.33	0.00
Core	CPU	C1%	C3%	C6%	C8%	C9%
-	-	0.16	3.90	21.44	21.05	0.01
0	0	0.00	0.62	30.12	12.18	0.05
0	4	0.13	0.28	19.34	38.49	0.00
1	1	0.00	0.36	23.19	23.72	0.00
1	5	0.00	0.25	21.69	16.12	0.00
2	2	0.29	10.66	16.79	23.26	0.00
2	6	0.88	18.25	12.51	7.75	0.00
3	3	0.00	0.37	23.47	22.62	0.00
3	7	0.00	0.32	23.96	23.79	0.02
Core	CPU	C1%	C3%	C6%	C8%	C9%
-	-	0.09	2.16	25.83	22.93	0.01
0	0	0.11	8.49	24.66	4.57	0.00
0	4	0.01	3.58	23.65	25.39	0.00
1	1	0.00	0.25	27.59	24.44	0.00
1	5	0.26	0.15	24.86	21.46	0.00
2	2	0.12	1.41	28.74	39.48	0.00
2	6	0.18	2.85	23.63	17.90	0.06
3	3	0.01	0.23	25.89	27.37	0.00
3	7	0.00	0.27	27.59	22.80	0.00
Core	CPU	C1%	C3%	C6%	C8%	C9%
-	-	0.10	3.80	22.04	23.59	0.07
0	0	0.02	9.33	22.06	23.81	0.00
0	4	0.00	0.27	24.52	35.56	0.00
1	1	0.09	3.96	23.86	19.85	0.48
1	5	0.54	9.47	18.12	20.48	0.00
2	2	0.10	4.41	20.98	19.15	0.00
2	6	0.04	1.31	19.91	23.34	0.05
3	3	0.00	0.28	22.62	24.93	0.00
3	7	0.00	1.34	24.26	21.56	0.00
Core	CPU	C1%	C3%	C6%	C8%	C9%
-	-	0.05	4.01	22.66	24.41	0.17
0	0	0.01	23.69	14.14	1.96	0.00
0	4	0.09	6.05	21.19	19.35	0.10
1	1	0.10	1.20	22.75	23.11	0.00
1	5	0.01	0.25	23.01	35.49	0.00
2	2	0.01	0.25	27.02	32.39	0.00
2	6	0.01	0.24	25.20	26.91	0.00
3	3	0.01	0.22	22.03	23.97	1.27
3	7	0.16	0.24	26.07	32.23	0.00
Core	CPU	C1%	C3%	C6%	C8%	C9%
-	-	0.06	3.75	22.87	21.69	0.01
0	0	0.11	10.38	26.02	7.18	0.01
0	4	0.16	14.34	19.39	13.48	0.00
1	1	0.10	2.69	22.89	22.86	0.00
1	5	0.00	0.39	23.30	48.59	0.00
2	2	0.10	0.84	22.41	19.68	0.00
2	6	0.00	0.66	23.06	21.07	0.00
3	3	0.00	0.37	25.13	22.76	0.00
3	7	0.00	0.31	20.65	17.73	0.09
Core	CPU	C1%	C3%	C6%	C8%	C9%
-	-	0.06	3.95	21.01	24.83	0.15
0	0	0.03	11.65	23.82	11.70	0.00
0	4	0.33	17.43	14.83	11.77	1.19
1	1	0.00	0.20	22.46	33.31	0.00
1	5	0.00	0.18	19.62	24.33	0.00
2	2	0.00	0.25	20.36	23.46	0.00
2	6	0.00	0.25	21.39	36.88	0.00
3	3	0.13	0.27	23.31	27.27	0.00
3	7	0.00	1.42	22.30	29.95	0.00
Core	CPU	C1%	C3%	C6%	C8%	C9%
-	-	0.08	2.96	17.20	15.89	0.00
0	0	0.01	2.98	21.65	6.27	0.00
0	4	0.26	10.21	12.68	6.00	0.00
1	1	0.00	0.18	17.59	17.76	0.00
1	5	0.00	0.24	17.70	26.59	0.00
2	2	0.38	8.22	11.52	14.85	0.00
2	6	0.00	0.26	17.90	18.48	0.00
3	3	0.00	0.22	21.15	18.20	0.00
3	7	0.00	1.42	17.51	19.01	0.00
Core	CPU	C1%	C3%	C6%	C8%	C9%
-	-	0.01	3.81	21.47	22.56	0.01
0	0	0.01	20.31	16.13	2.68	0.00
0	4	0.00	6.66	20.70	20.84	0.00
1	1	0.01	1.05	21.46	20.83	0.00
1	5	0.01	0.27	22.95	32.31	0.00
2	2	0.00	0.21	22.34	34.26	0.00
2	6	0.00	0.27	21.76	31.20	0.08
3	3	0.00	0.29	23.03	22.76	0.00
3	7	0.04	1.35	23.38	15.61	0.00
Core	CPU	C1%	C3%	C6%	C8%	C9%
-	-	0.01	4.18	22.31	21.28	0.20
0	0	0.01	18.05	18.68	4.54	0.00
0	4	0.01	12.78	17.14	14.43	0.00
1	1	0.00	0.45	23.16	19.85	0.00
1	5	0.00	0.44	24.24	28.60	0.00
2	2	0.03	0.36	22.30	30.67	0.00
2	6	0.00	0.43	23.85	21.00	0.00
3	3	0.00	0.54	25.58	24.28	1.00
3	7	0.00	0.43	23.53	26.87	0.63
Core	CPU	C1%	C3%	C6%	C8%	C9%
-	-	0.15	3.59	22.10	21.60	0.01
0	0	0.01	3.02	29.87	18.45	0.00
0	4	0.00	0.20	21.10	27.38	0.00
1	1	0.07	2.32	20.75	24.67	0.00
1	5	0.00	0.91	21.73	26.93	0.00
2	2	0.87	14.87	12.07	8.45	0.00
2	6	0.21	5.93	22.11	19.08	0.06
3	3	0.00	0.20	26.09	27.34	0.00
3	7	0.00	1.31	23.33	20.79	0.00
Core	CPU	C1%	C3%	C6%	C8%	C9%
-	-	0.19	3.87	21.78	20.98	0.01
0	0	0.01	0.42	32.14	23.27	0.00
0	4	0.00	0.18	21.65	17.65	0.00
1	1	0.59	8.46	18.33	12.56	0.00
1	5	0.07	2.36	22.41	20.53	0.00
2	2	0.64	11.31	16.58	20.80	0.05
2	6	0.22	7.42	20.05	20.94	0.00
3	3	0.00	0.17	22.28	31.81	0.00
3	7	0.00	0.60	20.50	20.05	0.00
Core	CPU	C1%	C3%	C6%	C8%	C9%
-	-	0.13	2.99	16.57	16.48	0.01
0	0	0.01	0.51	21.26	14.43	0.00
0	4	0.01	0.31	18.18	15.20	0.00
1	1	0.00	0.30	17.55	15.97	0.00
1	5	0.00	0.32	16.25	25.19	0.00
2	2	0.62	15.11	9.42	5.34	0.00
2	6	0.42	6.66	15.52	13.70	0.06
3	3	0.00	0.30	18.07	22.56	0.00
3	7	0.00	0.39	16.28	19.48	0.00
Core	CPU	C1%	C3%	C6%	C8%	C9%
-	-	0.10	3.69	23.04	21.90	0.15
0	0	0.01	9.56	27.05	9.58	0.00
0	4	0.00	2.34	23.51	20.70	0.00
1	1	0.37	5.61	20.79	22.14	0.00
1	5	0.10	2.07	23.29	24.48	0.00
2	2	0.23	2.76	22.12	21.98	1.17
2	6	0.05	5.59	20.57	21.73	0.00
3	3	0.00	0.21	21.84	24.41	0.00
3	7	0.00	1.38	25.13	30.14	0.00
Core	CPU	C1%	C3%	C6%	C8%	C9%
-	-	0.13	3.77	22.08	21.32	0.09
0	0	0.19	13.06	21.82	19.79	0.00
0	4	0.00	0.19	23.08	25.97	0.00
1	1	0.17	6.28	22.10	19.98	0.10
1	5	0.39	8.03	19.16	16.31	0.00
2	2	0.17	1.88	23.26	28.48	0.00
2	6	0.00	0.27	22.93	20.60	0.00
3	3	0.00	0.20	23.34	17.36	0.00
3	7	0.09	0.23	20.99	22.04	0.61
Core	CPU	C1%	C3%	C6%	C8%	C9%
-	-	0.05	3.75	22.50	23.89	0.00
0	0	0.01	23.70	12.88	1.52	0.00
0	4	0.01	1.20	22.79	34.17	0.00
1	1	0.14	0.29	26.12	24.91	0.00
1	5	0.00	0.23	25.23	25.65	0.00
2	2	0.22	3.61	22.84	39.30	0.00
2	6	0.00	0.26	21.11	21.15	0.00
3	3	0.00	0.40	24.51	21.54	0.00
3	7	0.00	0.29	24.56	22.87	0.00
Core	CPU	C1%	C3%	C6%	C8%	C9%
-	-	0.23	3.64	20.94	20.67	0.06
0	0	0.69	1.55	28.24	15.44	0.01
0	4	0.00	1.95	20.30	14.27	0.00
1	1	0.00	0.16	24.01	27.83	0.00
1	5	0.00	0.16	22.27	22.93	0.00
2	2	0.83	17.04	10.40	11.02	0.00
2	6	0.28	7.85	17.96	27.05	0.47
3	3	0.00	0.19	22.14	25.11	0.00
3	7	0.00	0.26	22.50	21.95	0.00
Core	CPU	C1%	C3%	C6%	C8%	C9%
-	-	0.02	3.09	17.14	16.14	0.00
0	0	0.01	17.71	10.04	5.70	0.00
0	4	0.00	0.12	15.16	20.37	0.00
1	1	0.00	0.28	19.45	21.31	0.00
1	5	0.00	0.24	19.20	18.48	0.00
2	2	0.13	3.74	17.48	18.42	0.00
2	6	0.00	0.30	19.47	14.63	0.00
3	3	0.00	0.27	18.97	15.89	0.00
3	7	0.03	2.02	17.18	14.11	0.00
Core	CPU	C1%	C3%	C6%	C8%	C9%
-	-	0.06	3.67	20.76	20.92	0.01
0	0	0.06	7.13	27.48	13.39	0.00
0	4	0.09	15.25	14.16	9.44	0.00
1	1	0.05	0.85	21.51	23.43	0.00
1	5	0.26	4.71	17.98	14.07	0.00
2	2	0.00	0.18	21.59	34.66	0.00
2	6	0.00	0.25	20.83	19.93	0.05
3	3	0.00	0.72	20.40	19.78	0.00
3	7	0.01	0.30	22.15	32.70	0.00
Core	CPU	C1%	C3%	C6%	C8%	C9%
-	-	0.02	3.86	22.47	22.01	0.06
0	0	0.01	5.56	30.51	15.81	0.39
0	4	0.12	24.04	9.90	5.66	0.00
1	1	0.00	0.12	22.43	25.38	0.00
1	5	0.00	0.10	20.53	30.05	0.00
2	2	0.00	0.32	25.40	19.39	0.00
2	6	0.01	0.21	22.69	21.12	0.07
3	3	0.00	0.25	22.80	39.87	0.00
3	7	0.00	0.31	25.45	18.81	0.00
Core	CPU	C1%	C3%	C6%	C8%	C9%
-	-	0.05	3.74	22.79	21.49	0.16
0	0	0.00	0.47	34.41	7.96	0.00
0	4	0.36	28.78	4.22	0.00	0.00
1	1	0.01	0.12	26.88	23.29	0.00
1	5	0.01	0.06	23.21	19.64	0.00
2	2	0.01	0.09	21.04	19.45	0.00
2	6	0.01	0.09	22.84	28.42	0.00
3	3	0.01	0.18	24.91	41.63	1.29
3	7	0.01	0.14	24.82	31.53	0.00
Core	CPU	C1%	C3%	C6%	C8%	C9%
-	-	0.11	3.95	22.69	21.75	0.00
0	0	0.01	7.80	28.82	9.74	0.00
0	4	0.03	22.62	12.61	7.20	0.00
1	1	0.00	0.21	25.83	26.66	0.00
1	5	0.00	0.13	21.44	25.11	0.00
2	2	0.00	0.20	21.76	31.76	0.00
2	6	0.00	0.20	22.08	30.62	0.00
3	3	0.02	0.18	22.50	20.27	0.00
3	7	0.79	0.28	26.48	22.61	0.03
Core	CPU	C1%	C3%	C6%	C8%	C9%
-	-	0.07	2.44	25.95	25.35	0.07
0	0	0.17	3.72	31.63	9.49	0.00
0	4	0.11	10.90	22.96	15.67	0.00
1	1	0.00	0.26	27.44	32.76	0.52
1	5	0.00	0.20	25.43	32.05	0.00
2	2	0.20	1.14	24.65	24.15	0.00
2	6	0.07	2.34	21.37	29.87	0.00
3	3	0.00	0.25	27.16	26.03	0.00
3	7	0.01	0.71	26.97	32.81	0.00
Core	CPU	C1%	C3%	C6%	C8%	C9%
-	-	0.14	3.30	23.17	21.61	0.17
0	0	0.00	0.41	33.52	10.24	1.39
0	4	0.00	0.24	23.94	25.82	0.00
1	1	0.01	0.23	24.09	22.72	0.00
1	5	0.00	0.17	24.00	28.58	0.00
2	2	0.00	0.26	24.42	38.32	0.00
2	6	0.00	0.22	23.78	23.02	0.00
3	3	1.01	24.69	4.82	0.00	0.00
3	7	0.13	0.20	26.77	24.18	0.00
Core	CPU	C1%	C3%	C6%	C8%	C9%
-	-	0.05	3.98	21.74	24.17	0.00
0	0	0.00	19.43	16.55	9.22	0.00
0	4	0.01	0.22	25.50	24.74	0.00
1	1	0.00	0.20	23.87	27.23	0.00
1	5	0.00	0.17	23.04	33.11	0.00
2	2	0.00	0.97	22.74	33.09	0.00
2	6	0.00	0.13	22.33	24.27	0.00
3	3	0.38	10.43	17.16	19.67	0.00
3	7	0.01	0.25	22.77	22.01	0.00
Core	CPU	C1%	C3%	C6%	C8%	C9%
-	-	0.05	3.47	22.28	22.90	0.06
0	0	0.01	10.38	23.26	6.19	0.02
0	4	0.00	1.52	24.79	25.59	0.00
1	1	0.09	3.11	21.19	31.14	0.45
1	5	0.00	0.23	23.51	28.46	0.00
2	2	0.04	0.80	23.29	22.91	0.00
2	6	0.23	9.40	16.63	13.82	0.00
3	3	0.00	1.33	21.97	33.26	0.00
3	7	0.00	1.01	23.58	21.84	0.00
Core	CPU	C1%	C3%	C6%	C8%	C9%
-	-	0.15	3.61	22.39	24.41	0.19
0	0	0.04	6.17	27.14	18.11	0.00
0	4	0.14	5.96	20.36	18.28	0.00
1	1	0.25	2.29	24.09	22.88	0.07
1	5	0.12	0.13	22.87	29.11	0.00
2	2	0.21	5.62	19.80	19.68	1.41
2	6	0.26	5.37	19.35	31.47	0.00
3	3	0.15	3.21	20.09	23.21	0.00
3	7	0.00	0.17	25.42	32.51	0.00
Core	CPU	C1%	C3%	C6%	C8%	C9%
-	-	0.14	2.42	26.14	25.40	0.19
0	0	0.02	6.08	34.04	15.94	0.00
0	4	0.00	2.27	26.55	21.04	0.00
1	1	0.02	0.29	27.80	34.13	0.00
1	5	0.01	0.34	25.68	25.30	0.00
2	2	0.89	8.63	15.43	10.45	1.32
2	6	0.08	0.91	26.43	32.44	0.21
3	3	0.00	0.26	27.20	33.58	0.00
3	7	0.06	0.59	26.31	30.57	0.00
Core	CPU	C1%	C3%	C6%	C8%	C9%
-	-	0.15	3.49	23.64	22.18	0.00
0	0	0.00	0.55	31.92	23.66	0.00
0	4	0.00	0.19	23.47	28.69	0.00
1	1	0.07	1.70	26.17	24.96	0.00
1	5	0.00	0.15	23.15	23.85	0.00
2	2	0.34	0.90	22.48	22.08	0.00
2	6	0.00	0.13	23.76	22.83	0.00
3	3	0.80	23.94	9.37	4.08	0.00
3	7	0.00	0.38	28.50	27.00	0.00
Core	CPU	C1%	C3%	C6%	C8%	C9%
-	-	0.02	4.19	21.67	20.77	0.15
0	0	0.01	10.47	25.76	8.87	0.00
0	4	0.09	19.98	13.74	15.65	0.01
1	1	0.00	0.24	23.82	38.99	0.00
1	5	0.01	0.20	21.61	16.88	0.00
2	2	0.00	1.04	24.19	27.01	0.00
2	6	0.00	0.20	22.82	21.65	0.00
3	3	0.07	1.24	20.53	13.64	1.21
3	7	0.00	0.19	20.92	23.45	0.00
Core	CPU	C1%	C3%	C6%	C8%	C9%
-	-	0.09	3.45	22.32	21.18	0.02
0	0	0.01	0.42	30.30	7.96	0.06
0	4	0.11	7.26	19.40	20.89	0.00
1	1	0.00	0.22	23.03	28.56	0.00
1	5	0.00	0.72	21.19	20.79	0.00
2	2	0.22	6.76	18.36	24.08	0.00
2	6	0.00	0.22	22.23	21.22	0.06
3	3	0.36	11.78	16.19	21.09	0.00
3	7	0.02	0.24	27.80	24.85	0.00
Core	CPU	C1%	C3%	C6%	C8%	C9%
-	-	0.09	3.68	22.24	22.59	0.17
0	0	0.01	0.57	31.63	23.47	1.36
0	4	0.02	10.62	16.69	19.94	0.00
1	1	0.00	0.26	22.57	22.41	0.00
1	5	0.00	0.18	23.33	30.15	0.00
2	2	0.00	0.19	22.93	24.48	0.00
2	6	0.00	0.17	23.37	26.80	0.00
3	3	0.62	17.14	11.66	9.45	0.00
3	7	0.06	0.33	25.73	24.01	0.00
Core	CPU	C1%	C3%	C6%	C8%	C9%
-	-	0.08	2.75	25.20	24.28	0.07
0	0	0.01	8.34	29.83	15.71	0.00
0	4	0.00	3.73	26.59	27.58	0.00
1	1	0.10	2.96	23.00	24.35	0.50
1	5	0.00	0.46	26.11	30.26	0.00
2	2	0.38	3.36	18.80	25.41	0.00
2	6	0.12	2.39	23.71	21.80	0.06
3	3	0.00	0.26	27.44	29.33	0.00
3	7	0.00	0.55	26.38	20.12	0.00
Core	CPU	C1%	C3%	C6%	C8%	C9%
-	-	0.18	3.42	21.71	23.01	0.18
0	0	0.01	0.70	33.55	20.92	0.01
0	4	0.00	0.22	25.71	24.43	0.00
1	1	0.00	0.08	20.28	18.15	1.40
1	5	0.35	10.28	15.81	23.70	0.00
2	2	1.04	15.01	10.32	11.42	0.00
2	6	0.02	0.55	21.05	31.29	0.06
3	3	0.00	0.22	21.86	23.63	0.00
3	7	0.00	0.23	24.86	30.29	0.00
Core	CPU	C1%	C3%	C6%	C8%	C9%
-	-	0.12	3.76	22.17	20.34	0.02
0	0	0.01	3.79	30.45	22.15	0.11
0	4	0.00	1.30	22.27	15.60	0.00
1	1	0.14	2.89	20.67	17.17	0.00
1	5	0.00	0.28	21.10	21.94	0.00
2	2	0.22	9.04	16.93	17.98	0.00
2	6	0.54	12.25	17.89	20.83	0.06
3	3	0.00	0.31	23.80	23.83	0.00
3	7	0.00	0.20	24.28	23.22	0.00
Core	CPU	C1%	C3%	C6%	C8%	C9%
-	-	0.11	3.63	21.50	22.66	0.00
0	0	0.02	7.50	23.98	16.22	0.00
0	4	0.00	0.26	22.55	22.53	0.00
1	1	0.44	11.98	17.00	21.07	0.00
1	5	0.31	8.79	19.02	19.45	0.00
2	2	0.00	0.14	24.06	31.18	0.00
2	6	0.00	0.13	22.25	27.64	0.00
3	3	0.00	0.16	20.70	23.08	0.00
3	7	0.12	0.14	22.47	20.08	0.00
Core	CPU	C1%	C3%	C6%	C8%	C9%
-	-	0.02	3.90	22.67	23.66	0.15
0	0	0.01	15.77	22.18	7.96	0.02
0	4	0.00	11.12	19.87	15.92	1.19
1	1	0.00	0.33	22.54	47.75	0.00
1	5	0.14	2.43	21.85	23.01	0.00
2	2	0.01	0.99	24.02	23.24	0.00
2	6	0.00	0.23	25.13	23.80	0.00
3	3	0.01	0.22	23.27	23.35	0.00
3	7	0.01	0.16	22.46	24.27	0.00
Core	CPU	C1%	C3%	C6%	C8%	C9%
-	-	0.06	3.11	16.07	17.72	0.15
0	0	0.02	6.81	19.10	4.89	1.21
0	4	0.00	0.13	17.89	17.93	0.00
1	1	0.00	0.17	16.15	24.88	0.00
1	5	0.00	0.17	16.00	20.03	0.00
2	2	0.30	14.91	9.13	8.20	0.00
2	6	0.00	0.20	17.03	28.75	0.00
3	3	0.18	2.25	15.89	14.39	0.00
3	7	0.00	0.28	17.38	22.65	0.00
Core	CPU	C1%	C3%	C6%	C8%	C9%
-	-	0.11	3.63	20.97	19.68	0.35
0	0	0.01	0.37	29.59	8.53	0.00
0	4	0.07	7.33	18.17	13.47	0.00
1	1	0.08	2.61	23.76	26.36	2.27
1	5	0.54	18.01	10.61	7.33	0.46
2	2	0.00	0.17	21.27	20.60	0.00
2	6	0.00	0.13	19.46	37.56	0.07
3	3	0.00	0.20	21.90	20.46	0.00
3	7	0.19	0.19	22.96	23.15	0.00
Core	CPU	C1%	C3%	C6%	C8%	C9%
-	-	0.10	3.87	22.33	23.55	0.21
0	0	0.01	6.24	27.24	9.41	0.00
0	4	0.00	4.64	22.47	21.59	0.00
1	1	0.44	8.73	19.86	20.36	0.00
1	5	0.04	3.74	21.27	22.07	1.69
2	2	0.00	0.23	22.37	24.89	0.00
2	6	0.28	6.81	18.70	42.71	0.00
3	3	0.00	0.24	23.12	22.05	0.00
3	7	0.00	0.29	23.61	25.30	0.00
Core	CPU	C1%	C3%	C6%	C8%	C9%
-	-	0.14	3.60	21.54	23.96	0.09
0	0	0.01	0.41	31.42	28.49	0.01
0	4	0.00	0.14	22.50	23.77	0.64
1	1	0.85	19.04	12.31	10.72	0.09
1	5	0.28	7.96	16.31	19.65	0.00
2	2	0.00	0.14	23.50	30.08	0.00
2	6	0.00	0.12	20.30	29.55	0.00
3	3	0.00	0.24	24.65	27.33	0.00
3	7	0.00	0.76	21.51	22.23	0.00
Core	CPU	C1%	C3%	C6%	C8%	C9%
-	-	0.14	3.85	22.55	22.68	0.00
0	0	0.20	2.31	29.59	12.83	0.02
0	4	0.00	0.13	22.65	31.90	0.00
1	1	0.34	10.79	17.16	14.70	0.00
1	5	0.00	0.14	25.86	30.17	0.00
2	2	0.46	13.97	16.70	13.82	0.00
2	6	0.11	2.33	23.41	30.62	0.00
3	3	0.01	0.10	21.10	23.21	0.00
3	7	0.01	1.04	23.80	24.05	0.00
Core	CPU	C1%	C3%	C6%	C8%	C9%
-	-	0.05	3.18	18.69	18.87	0.00
0	0	0.16	18.31	14.37	2.83	0.00
0	4	0.01	2.80	18.83	19.49	0.00
1	1	0.01	0.05	18.40	19.38	0.00
1	5	0.09	0.82	17.24	17.10	0.00
2	2	0.04	2.12	19.49	24.72	0.00
2	6	0.01	0.09	19.17	25.28	0.00
3	3	0.00	0.09	20.28	23.72	0.00
3	7	0.07	1.20	21.78	18.49	0.00
Core	CPU	C1%	C3%	C6%	C8%	C9%
-	-	0.15	3.34	21.54	18.90	0.55
0	0	0.01	0.51	28.69	25.58	0.00
0	4	0.00	0.23	22.11	23.19	0.00
1	1	0.42	12.87	11.73	10.58	0.00
1	5	0.40	5.53	18.90	14.77	2.95
2	2	0.00	0.32	23.67	25.08	0.00
2	6	0.00	0.40	22.65	18.29	0.11
3	3	0.38	6.73	19.19	14.62	1.32
3	7	0.00	0.18	25.50	19.24	0.00
Core	CPU	C1%	C3%	C6%	C8%	C9%
-	-	0.10	3.79	22.37	21.12	0.19
0	0	0.24	6.70	28.81	11.29	1.38
0	4	0.00	5.67	22.97	21.03	0.00
1	1	0.00	0.19	23.03	21.27	0.00
1	5	0.00	0.27	24.20	23.62	0.00
2	2	0.09	2.36	22.51	29.44	0.00
2	6	0.32	7.94	17.21	16.17	0.12
3	3	0.09	7.05	17.94	26.07	0.00
3	7	0.04	0.13	22.33	20.06	0.00
Core	CPU	C1%	C3%	C6%	C8%	C9%
-	-	0.14	3.51	22.02	22.41	0.03
0	0	0.00	0.41	28.98	27.11	0.00
0	4	0.01	0.06	22.62	19.65	0.00
1	1	0.01	0.11	21.97	28.03	0.00
1	5	0.00	0.26	24.45	20.69	0.00
2	2	0.24	7.78	20.88	18.63	0.00
2	6	0.83	19.21	8.83	7.94	0.04
3	3	0.00	0.13	24.26	29.68	0.00
3	7	0.00	0.14	23.90	27.22	0.19
Core	CPU	C1%	C3%	C6%	C8%	C9%
-	-	0.06	3.79	23.62	22.30	0.02
0	0	0.01	6.17	31.88	25.20	0.02
0	4	0.01	11.31	20.99	17.57	0.00
1	1	0.00	0.22	22.42	30.81	0.00
1	5	0.01	0.28	23.26	31.08	0.00
2	2	0.26	5.41	20.51	17.18	0.00
2	6	0.09	1.24	23.63	20.94	0.12
3	3	0.08	5.49	19.92	16.41	0.00
3	7	0.03	0.21	26.37	19.18	0.00
Core	CPU	C1%	C3%	C6%	C8%	C9%
-	-	0.12	3.03	17.49	18.07	0.29
0	0	0.00	4.89	24.84	7.84	0.01
0	4	0.00	0.12	18.95	16.44	0.00
1	1	0.00	0.15	19.12	22.77	0.00
1	5	0.00	0.24	17.05	29.15	0.00
2	2	0.61	7.84	12.45	8.84	0.81
2	6	0.29	8.32	13.42	15.37	1.51
3	3	0.06	1.33	16.69	26.35	0.00
3	7	0.01	1.37	17.37	17.82	0.00
Core	CPU	C1%	C3%	C6%	C8%	C9%
-	-	0.21	3.14	19.90	21.66	0.02
0	0	0.06	18.35	15.72	8.88	0.00
0	4	0.00	4.15	17.91	33.23	0.00
1	1	0.01	0.24	20.94	21.03	0.10
1	5	0.05	0.53	21.69	20.87	0.00
2	2	0.76	0.20	20.38	29.12	0.00
2	6	0.80	1.22	20.75	16.45	0.00
3	3	0.01	0.23	20.70	23.33	0.00
3	7	0.01	0.21	21.11	20.39	0.09
Core	CPU	C1%	C3%	C6%	C8%	C9%
-	-	0.11	4.05	20.96	21.54	0.01
0	0	0.01	4.12	28.11	13.45	0.00
0	4	0.00	2.35	18.52	25.46	0.00
1	1	0.00	0.32	23.41	21.88	0.00
1	5	0.00	0.51	23.50	25.21	0.00
2	2	0.31	8.07	16.95	22.95	0.00
2	6	0.01	0.30	21.54	33.55	0.00
3	3	0.57	16.36	10.65	10.02	0.04
3	7	0.00	0.41	25.34	20.19	0.00
Core	CPU	C1%	C3%	C6%	C8%	C9%
-	-	0.17	3.61	21.73	22.73	0.18
0	0	0.01	0.55	30.89	15.43	0.00
0	4	0.00	0.19	22.42	23.72	0.00
1	1	0.00	0.27	21.92	26.03	0.00
1	5	0.13	0.15	22.16	31.11	1.40
2	2	0.41	9.88	18.54	17.34	0.00
2	6	0.36	7.50	20.92	27.23	0.06
3	3	0.41	9.65	14.26	16.22	0.00
3	7	0.00	0.70	22.37	24.42	0.00
Core	CPU	C1%	C3%	C6%	C8%	C9%
-	-	0.11	3.67	22.53	22.93	0.01
0	0	0.20	8.39	26.23	19.12	0.09
0	4	0.00	1.43	24.69	26.73	0.00
1	1	0.10	3.32	20.83	19.11	0.00
1	5	0.00	0.17	23.06	21.01	0.00
2	2	0.17	3.19	22.38	20.18	0.00
2	6	0.43	12.51	15.62	17.91	0.00
3	3	0.00	0.14	22.35	31.58	0.00
3	7	0.00	0.26	25.06	27.77	0.00
Core	CPU	C1%	C3%	C6%	C8%	C9%
-	-	0.15	3.43	17.27	17.78	0.65
0	0	0.09	0.29	21.95	11.66	3.10
0	4	0.00	0.15	18.42	22.01	0.00
1	1	0.10	2.30	19.39	15.27	2.09
1	5	0.01	0.88	18.56	33.79	0.00
2	2	0.73	15.93	8.53	4.62	0.00
2	6	0.26	6.90	16.55	20.56	0.00
3	3	0.00	0.94	18.09	17.30	0.00
3	7	0.00	0.05	16.67	17.05	0.00
Core	CPU	C1%	C3%	C6%	C8%	C9%
-	-	0.10	3.45	20.87	19.68	0.00
0	0	0.00	2.35	29.24	9.10	0.00
0	4	0.00	5.07	20.03	20.22	0.00
1	1	0.00	2.71	20.06	19.60	0.00
1	5	0.00	0.13	21.52	23.17	0.00
2	2	0.35	6.96	18.01	17.30	0.00
2	6	0.44	8.13	14.97	20.32	0.00
3	3	0.01	0.17	20.98	27.80	0.00
3	7	0.00	2.08	22.12	19.97	0.00
Core	CPU	C1%	C3%	C6%	C8%	C9%
-	-	0.08	3.60	22.64	22.89	0.17
0	0	0.01	7.55	26.23	21.68	1.39
0	4	0.00	4.54	20.14	16.51	0.00
1	1	0.00	0.20	23.10	24.17	0.00
1	5	0.00	0.18	24.34	23.98	0.00
2	2	0.60	15.80	11.31	15.98	0.00
2	6	0.00	0.14	28.12	24.79	0.00
3	3	0.00	0.14	22.76	28.11	0.00
3	7	0.01	0.22	25.16	27.85	0.00
Core	CPU	C1%	C3%	C6%	C8%	C9%
-	-	0.15	3.64	23.53	22.47	0.02
0	0	0.01	0.49	29.81	30.78	0.02
0	4	0.00	0.21	23.65	22.27	0.00
1	1	0.00	0.19	25.76	25.99	0.00
1	5	0.00	0.16	25.51	25.78	0.00
2	2	0.22	4.80	22.71	24.23	0.00
2	6	0.00	0.26	24.42	26.46	0.00
3	3	0.98	22.69	8.98	3.38	0.04
3	7	0.00	0.35	27.40	20.92	0.12
Core	CPU	C1%	C3%	C6%	C8%	C9%
-	-	0.13	3.56	21.68	21.01	0.00
0	0	0.00	0.34	29.63	10.76	0.01
0	4	0.00	0.15	22.05	21.59	0.00
1	1	0.00	0.19	20.88	27.12	0.00
1	5	0.00	0.16	21.57	24.27	0.00
2	2	0.00	0.19	21.02	25.35	0.00
2	6	0.01	0.23	20.64	37.14	0.00
3	3	0.91	26.94	7.13	0.08	0.00
3	7	0.11	0.30	30.52	21.77	0.00
Core	CPU	C1%	C3%	C6%	C8%	C9%
-	-	0.07	3.38	18.34	19.39	0.13
0	0	0.07	4.45	22.38	16.74	0.00
0	4	0.10	10.98	15.60	16.30	0.91
1	1	0.00	0.21	18.92	20.10	0.00
1	5	0.00	0.21	18.27	20.67	0.00
2	2	0.00	0.32	17.86	18.93	0.00
2	6	0.00	0.23	19.00	29.06	0.00
3	3	0.37	10.29	13.24	13.36	0.00
3	7	0.00	0.33	21.44	19.97	0.09
Core	CPU	C1%	C3%	C6%	C8%	C9%
-	-	0.03	3.57	20.54	19.32	0.38
0	0	0.01	6.08	23.56	10.46	2.15
0	4	0.22	21.39	12.07	5.55	0.00
1	1	0.00	0.23	21.27	16.91	0.00
1	5	0.00	0.20	20.87	18.66	0.00
2	2	0.00	0.13	21.05	20.33	0.91
2	6	0.03	0.16	21.48	35.91	0.00
3	3	0.00	0.18	21.28	21.10	0.00
3	7	0.00	0.21	22.77	25.62	0.00
Core	CPU	C1%	C3%	C6%	C8%	C9%
-	-	0.03	3.77	21.52	23.07	0.09
0	0	0.04	17.30	18.62	2.29	0.00
0	4	0.01	6.69	21.27	20.72	0.00
1	1	0.01	0.24	20.72	23.20	0.00
1	5	0.01	0.22	23.11	27.00	0.00
2	2	0.19	4.19	21.69	19.15	0.00
2	6	0.01	0.16	22.12	36.39	0.06
3	3	0.01	0.16	23.49	37.47	0.00
3	7	0.01	1.33	21.49	18.66	0.70
Core	CPU	C1%	C3%	C6%	C8%	C9%
-	-	0.10	3.55	22.95	21.61	0.00
0	0	0.01	0.84	30.89	8.48	0.02
0	4	0.02	10.49	19.41	13.66	0.00
1	1	0.37	7.20	19.58	14.81	0.00
1	5	0.00	0.24	22.81	40.17	0.00
2	2	0.26	8.02	17.74	14.81	0.00
2	6	0.00	0.32	24.52	25.90	0.00
3	3	0.00	0.23	25.45	29.23	0.00
3	7	0.17	0.96	22.82	25.46	0.00
Core	CPU	C1%	C3%	C6%	C8%	C9%
-	-	0.13	3.91	21.20	24.25	0.15
0	0	0.00	10.18	24.19	6.03	1.20
0	4	0.00	3.40	22.00	35.25	0.00
1	1	0.42	10.57	14.96	24.90	0.00
1	5	0.07	2.18	22.25	26.01	0.00
2	2	0.14	0.13	21.37	29.59	0.00
2	6	0.15	0.20	23.23	21.19	0.00
3	3	0.24	3.21	18.85	18.77	0.00
3	7	0.00	1.39	22.75	32.29	0.00
Core	CPU	C1%	C3%	C6%	C8%	C9%
-	-	0.11	2.90	23.50	23.63	0.00
0	0	0.15	10.05	28.32	7.29	0.01
0	4	0.18	1.39	22.22	31.71	0.00
1	1	0.25	1.65	24.59	19.09	0.00
1	5	0.22	1.18	21.34	20.70	0.00
2	2	0.00	0.25	24.84	24.43	0.00
2	6	0.00	0.32	23.08	33.22	0.00
3	3	0.11	8.06	19.18	22.61	0.00
3	7	0.00	0.31	24.41	30.01	0.00
Core	CPU	C1%	C3%	C6%	C8%	C9%
-	-	0.11	3.00	23.99	24.25	0.01
0	0	0.02	15.13	22.34	10.87	0.00
0	4	0.01	4.83	23.12	21.52	0.00
1	1	0.41	2.27	20.75	21.90	0.00
1	5	0.01	0.33	25.55	28.01	0.00
2	2	0.00	0.44	24.68	20.64	0.00
2	6	0.00	0.29	25.76	38.79	0.06
3	3	0.31	0.39	25.22	24.10	0.00
3	7	0.16	0.35	24.52	28.18	0.00
Core	CPU	C1%	C3%	C6%	C8%	C9%
-	-	0.03	3.86	21.91	23.93	0.01
0	0	0.02	19.09	19.62	2.69	0.00
0	4	0.01	3.44	23.31	24.03	0.00
1	1	0.10	6.79	19.37	22.74	0.00
1	5	0.00	0.27	22.82	24.15	0.00
2	2	0.00	0.41	23.05	22.93	0.00
2	6	0.10	0.31	25.56	44.33	0.06
3	3	0.00	0.29	20.62	23.15	0.00
3	7	0.00	0.26	20.97	27.44	0.00
Core	CPU	C1%	C3%	C6%	C8%	C9%
-	-	0.10	3.74	22.15	24.48	0.01
0	0	0.01	2.95	31.71	12.57	0.00
0	4	0.18	10.75	19.43	23.75	0.00
1	1	0.48	12.26	15.19	20.27	0.00
1	5	0.03	3.37	20.69	33.18	0.00
2	2	0.00	0.21	25.46	26.72	0.00
2	6	0.08	0.24	24.67	30.68	0.06
3	3	0.00	0.06	20.92	22.08	0.00
3	7	0.01	0.11	19.09	26.58	0.00
Core	CPU	C1%	C3%	C6%	C8%	C9%
-	-	0.12	3.66	20.36	24.36	0.00
0	0	0.15	3.72	24.81	37.04	0.00
0	4	0.00	0.16	21.60	32.01	0.00
1	1	0.13	2.10	19.95	21.50	0.00
1	5	0.38	16.15	12.60	12.76	0.00
2	2	0.26	5.40	19.35	22.56	0.00
2	6	0.04	1.40	22.30	23.56	0.00
3	3	0.00	0.13	20.87	20.82	0.00
3	7	0.00	0.19	21.43	24.59	0.00
Core	CPU	C1%	C3%	C6%	C8%	C9%
-	-	0.00	3.64	17.85	19.98	0.00
0	0	0.01	23.63	10.84	1.27	0.00
0	4	0.00	0.60	19.15	32.34	0.00
1	1	0.00	0.35	18.27	28.22	0.00
1	5	0.00	0.30	17.81	18.05	0.00
2	2	0.00	0.25	19.42	25.06	0.00
2	6	0.00	0.24	19.66	19.44	0.00
3	3	0.00	0.35	19.58	15.94	0.00
3	7	0.00	3.43	18.09	19.49	0.00
Core	CPU	C1%	C3%	C6%	C8%	C9%
-	-	0.04	3.41	18.98	20.29	0.32
0	0	0.01	15.79	15.45	8.50	0.00
0	4	0.10	5.10	18.24	17.41	0.00
1	1	0.01	0.27	20.88	19.92	2.60
1	5	0.00	0.25	19.52	23.99	0.00
2	2	0.22	4.94	18.73	17.01	0.00
2	6	0.00	0.30	19.65	30.14	0.00
3	3	0.00	0.32	20.25	20.04	0.00
3	7	0.00	0.33	19.15	25.27	0.00
Core	CPU	C1%	C3%	C6%	C8%	C9%
-	-	0.14	3.69	21.38	21.32	0.00
0	0	0.00	4.28	27.74	10.04	0.00
0	4	0.00	0.19	23.76	24.79	0.00
1	1	0.72	18.40	12.20	7.35	0.00
1	5	0.39	5.73	19.48	22.92	0.00
2	2	0.00	0.24	22.77	23.48	0.00
2	6	0.00	0.19	21.29	33.45	0.00
3	3	0.00	0.22	21.04	21.01	0.00
3	7	0.00	0.31	22.86	27.53	0.00
Core	CPU	C1%	C3%	C6%	C8%	C9%
-	-	0.06	3.59	21.86	23.30	0.00
0	0	0.03	10.01	24.64	16.43	0.00
0	4	0.00	3.74	19.62	18.26	0.00
1	1	0.44	11.92	16.90	15.22	0.00
1	5	0.03	1.38	21.68	19.26	0.00
2	2	0.00	0.94	22.96	27.45	0.00
2	6	0.00	0.21	21.46	33.57	0.00
3	3	0.00	0.17	20.61	18.22	0.00
3	7	0.01	0.33	26.92	37.94	0.00
Core	CPU	C1%	C3%	C6%	C8%	C9%
-	-	0.13	3.87	20.48	24.71	0.00
0	0	0.01	8.59	25.54	21.36	0.03
0	4	0.00	0.66	20.85	42.11	0.00
1	1	0.26	6.12	17.37	22.54	0.00
1	5	0.08	2.18	23.38	22.20	0.00
2	2	0.43	7.50	17.26	17.53	0.00
2	6	0.26	5.48	16.62	22.39	0.00
3	3	0.00	0.21	20.05	24.68	0.00
3	7	0.00	0.22	22.80	24.85	0.00
Core	CPU	C1%	C3%	C6%	C8%	C9%
-	-	0.10	3.32	18.17	19.80	0.01
0	0	0.01	0.38	24.28	17.28	0.00
0	4	0.00	0.19	19.80	28.25	0.00
1	1	0.30	8.39	15.27	10.28	0.00
1	5	0.18	6.59	15.14	20.57	0.00
2	2	0.00	0.10	18.03	30.87	0.00
2	6	0.30	10.59	12.36	11.14	0.07
3	3	0.00	0.15	19.58	19.23	0.00
3	7	0.00	0.17	20.88	20.77	0.02
Core	CPU	C1%	C3%	C6%	C8%	C9%
-	-	0.13	3.38	19.51	19.86	0.00
0	0	0.01	0.20	27.82	11.27	0.03
0	4	0.00	0.13	22.28	25.98	0.00
1	1	0.01	0.08	18.87	28.72	0.00
1	5	0.00	0.10	20.66	29.78	0.00
2	2	0.10	0.23	20.02	23.20	0.00
2	6	0.88	25.16	4.30	0.59	0.00
3	3	0.01	0.86	21.07	17.61	0.00
3	7	0.04	0.28	21.32	21.98	0.00
Core	CPU	C1%	C3%	C6%	C8%	C9%
-	-	0.08	3.73	21.76	23.62	0.00
0	0	0.01	6.67	26.70	11.83	0.01
0	4	0.00	0.16	22.85	19.06	0.00
1	1	0.01	0.20	22.60	27.02	0.00
1	5	0.00	0.16	18.23	28.14	0.00
2	2	0.11	3.50	20.88	30.81	0.00
2	6	0.01	0.17	23.12	40.59	0.00
3	3	0.49	18.60	12.28	7.54	0.00
3	7	0.00	0.37	27.23	23.75	0.00
Core	CPU	C1%	C3%	C6%	C8%	C9%
-	-	0.02	3.66	22.39	22.38	0.32
0	0	0.02	5.91	29.70	24.30	0.00
0	4	0.12	20.57	12.57	6.36	0.00
1	1	0.00	0.25	23.73	25.26	0.00
1	5	0.00	0.22	23.03	25.63	0.00
2	2	0.00	0.24	22.03	23.08	0.00
2	6	0.00	0.25	21.73	22.72	0.00
3	3	0.00	0.27	22.35	20.36	2.56
3	7	0.01	1.52	23.89	31.25	0.00
Core	CPU	C1%	C3%	C6%	C8%	C9%
-	-	0.04	4.02	20.88	25.30	0.17
0	0	0.07	23.22	14.69	1.18	1.37
0	4	0.01	3.59	21.26	25.81	0.00
1	1	0.25	3.37	21.30	30.34	0.00
1	5	0.00	0.15	20.75	25.15	0.00
2	2	0.00	1.00	22.55	28.80	0.00
2	6	0.00	0.26	22.37	24.95	0.00
3	3	0.00	0.31	21.70	37.09	0.00
3	7	0.00	0.30	22.56	29.24	0.00
Core	CPU	C1%	C3%	C6%	C8%	C9%
-	-	0.10	2.72	23.47	24.15	0.00
0	0	0.01	2.17	33.08	16.72	0.00
0	4	0.02	1.57	21.75	33.17	0.00
1	1	0.19	2.17	21.81	25.06	0.00
1	5	0.00	0.15	22.42	26.20	0.00
2	2	0.00	0.27	24.17	33.90	0.00
2	6	0.00	0.16	24.61	22.77	0.00
3	3	0.59	14.98	13.56	9.62	0.00
3	7	0.01	0.32	26.20	25.56	0.00
Core	CPU	C1%	C3%	C6%	C8%	C9%
-	-	0.09	2.99	22.98	26.43	0.00
0	0	0.00	10.62	23.81	6.71	0.03
0	4	0.01	0.51	24.44	38.07	0.00
1	1	0.40	10.00	18.28	20.51	0.00
1	5	0.08	0.96	22.69	28.35	0.00
2	2	0.01	0.10	23.99	29.52	0.00
2	6	0.00	0.08	24.39	35.11	0.00
3	3	0.23	1.30	22.85	27.25	0.00
3	7	0.01	0.34	23.35	25.94	0.00
Core	CPU	C1%	C3%	C6%	C8%	C9%
-	-	0.12	3.92	21.33	22.69	0.01
0	0	0.02	4.14	29.23	18.37	0.00
0	4	0.21	10.95	16.92	17.44	0.00
1	1	0.01	0.15	17.65	23.21	0.00
1	5	0.00	0.12	20.89	25.53	0.00
2	2	0.00	0.22	21.61	20.76	0.00
2	6	0.00	0.26	23.30	23.54	0.00
3	3	0.70	15.21	16.66	21.09	0.06
3	7	0.01	0.26	24.38	31.63	0.00
Core	CPU	C1%	C3%	C6%	C8%	C9%
-	-	0.06	3.71	21.95	23.88	0.00
0	0	0.02	19.17	16.16	11.16	0.00
0	4	0.01	2.39	23.47	36.57	0.00
1	1	0.40	6.70	16.79	22.25	0.00
1	5	0.00	0.15	21.41	24.92	0.00
2	2	0.00	0.29	23.80	24.48	0.00
2	6	0.00	0.28	26.36	27.96	0.00
3	3	0.00	0.27	23.07	20.16	0.00
3	7	0.00	0.39	24.58	23.56	0.00
Core	CPU	C1%	C3%	C6%	C8%	C9%
-	-	0.01	4.07	20.46	24.28	0.17
0	0	0.02	26.15	9.75	4.52	0.00
0	4	0.00	0.11	22.66	23.55	0.00
1	1	0.09	4.43	17.76	21.92	1.39
1	5	0.00	0.16	20.24	54.91	0.00
2	2	0.00	0.98	24.48	24.48	0.00
2	6	0.00	0.18	23.52	21.94	0.00
3	3	0.00	0.25	22.74	18.79	0.00
3	7	0.00	0.26	22.51	24.14	0.01
Core	CPU	C1%	C3%	C6%	C8%	C9%
-	-	0.03	2.98	22.84	25.87	0.02
0	0	0.10	18.02	18.57	4.60	0.00
0	4	0.02	3.39	21.91	23.64	0.00
1	1	0.14	0.77	22.94	33.97	0.00
1	5	0.00	0.39	23.09	30.68	0.00
2	2	0.00	0.22	23.63	30.51	0.00
2	6	0.00	0.22	23.24	25.63	0.07
3	3	0.00	0.21	25.41	31.03	0.00
3	7	0.00	0.67	24.03	27.02	0.09
Core	CPU	C1%	C3%	C6%	C8%	C9%
-	-	0.14	2.85	22.12	23.62	0.03
0	0	0.01	1.99	32.05	8.38	0.02
0	4	0.01	1.34	24.06	36.16	0.00
1	1	0.58	3.91	16.07	16.90	0.00
1	5	0.49	13.70	14.48	14.70	0.00
2	2	0.01	0.21	22.59	35.98	0.00
2	6	0.00	0.19	22.09	28.98	0.16
3	3	0.00	1.16	22.03	22.46	0.00
3	7	0.01	0.26	23.47	25.31	0.10
