Core	CPU	C1%	C3%	C6%	C8%	C9%
-	-	4.88	0.96	12.16	5.85	0.00
0	0	38.92	4.06	30.63	18.94	0.00
0	4	0.01	3.59	58.12	23.31	0.00
1	1	0.00	0.00	1.29	0.83	0.00
1	5	0.00	0.00	1.06	0.79	0.00
2	2	0.15	0.00	1.38	0.49	0.00
2	6	0.00	0.00	1.38	0.69	0.00
3	3	0.00	0.00	1.96	1.06	0.00
3	7	0.00	0.02	1.48	0.69	0.00
Core	CPU	C1%	C3%	C6%	C8%	C9%
-	-	1.04	0.29	8.30	3.82	0.02
0	0	4.30	1.79	53.60	22.74	0.13
0	4	0.00	0.00	0.19	0.60	0.00
1	1	0.00	0.00	0.48	1.14	0.00
1	5	0.00	0.00	0.65	0.59	0.00
2	2	0.00	0.00	0.45	0.30	0.00
2	6	0.00	0.00	0.33	0.79	0.00
3	3	3.99	0.50	10.03	3.93	0.00
3	7	0.00	0.00	0.69	0.48	0.00
Core	CPU	C1%	C3%	C6%	C8%	C9%
-	-	2.32	0.35	6.86	4.77	0.15
0	0	8.60	0.91	12.41	11.77	0.11
0	4	0.00	0.00	0.82	0.21	0.00
1	1	0.00	0.02	0.29	1.48	0.00
1	5	0.00	0.02	0.19	1.20	0.00
2	2	0.00	0.00	0.28	0.90	0.00
2	6	0.00	0.00	0.36	0.98	0.00
3	3	9.99	1.82	40.05	20.72	0.00
3	7	0.00	0.02	0.47	0.89	1.06
Core	CPU	C1%	C3%	C6%	C8%	C9%
-	-	2.36	0.43	6.73	4.74	0.00
0	0	9.46	1.23	12.00	11.83	0.00
0	4	0.00	0.00	0.46	0.40	0.00
1	1	0.00	0.00	0.24	0.69	0.00
1	5	0.00	0.00	0.13	0.50	0.00
2	2	0.00	0.00	0.10	0.40	0.00
2	6	0.00	0.00	0.20	0.99	0.00
3	3	9.39	2.22	40.24	21.65	0.00
3	7	0.00	0.02	0.45	1.48	0.00
Core	CPU	C1%	C3%	C6%	C8%	C9%
-	-	0.00	0.32	9.36	4.78	1.42
0	0	0.00	2.27	65.97	25.10	0.00
0	4	0.00	0.00	2.75	0.99	11.35
1	1	0.00	0.00	1.69	2.27	0.00
1	5	0.00	0.28	0.47	1.38	0.00
2	2	0.00	0.02	0.54	1.89	0.00
2	6	0.00	0.00	1.54	3.03	0.00
3	3	0.00	0.00	1.08	1.39	0.00
3	7	0.00	0.00	0.77	2.18	0.00
Core	CPU	C1%	C3%	C6%	C8%	C9%
-	-	3.33	0.59	7.86	5.26	0.00
0	0	14.95	1.27	12.76	14.60	0.00
0	4	0.00	0.04	2.41	1.51	0.00
1	1	0.00	0.02	1.79	1.89	0.00
1	5	0.00	0.00	0.13	0.50	0.00
2	2	0.00	0.01	1.68	1.62	0.00
2	6	0.00	0.00	0.10	0.50	0.00
3	3	11.71	3.33	41.29	19.37	0.00
3	7	0.00	0.04	2.78	2.10	0.00
Core	CPU	C1%	C3%	C6%	C8%	C9%
-	-	2.10	0.45	8.05	4.24	0.16
0	0	8.31	1.52	32.56	17.65	0.00
0	4	0.00	0.00	0.52	0.50	0.37
1	1	0.00	0.01	0.55	1.32	0.00
1	5	0.00	0.00	0.10	0.80	0.00
2	2	0.00	0.00	0.62	1.08	0.00
2	6	0.00	0.00	0.45	1.19	0.00
3	3	8.48	2.03	28.12	10.06	0.00
3	7	0.00	0.02	1.49	1.35	0.88
Core	CPU	C1%	C3%	C6%	C8%	C9%
-	-	3.87	0.48	6.79	5.04	0.01
0	0	16.54	0.99	12.68	16.45	0.06
0	4	0.00	0.00	0.56	0.40	0.00
1	1	0.00	0.00	0.15	0.79	0.00
1	5	0.00	0.00	0.13	0.40	0.00
2	2	0.00	0.01	0.27	0.40	0.00
2	6	0.00	0.00	0.10	0.79	0.00
3	3	14.46	2.84	39.82	19.91	0.00
3	7	0.00	0.00	0.60	1.18	0.00
Core	CPU	C1%	C3%	C6%	C8%	C9%
-	-	0.00	0.28	8.54	4.13	0.00
0	0	0.00	2.12	64.40	26.81	0.00
0	4	0.00	0.00	0.29	0.31	0.00
1	1	0.00	0.00	0.99	0.41	0.00
1	5	0.00	0.00	0.57	0.99	0.00
2	2	0.00	0.00	0.45	1.18	0.00
2	6	0.00	0.00	0.33	1.19	0.00
3	3	0.00	0.10	0.61	1.19	0.00
3	7	0.00	0.00	0.67	0.98	0.00
Core	CPU	C1%	C3%	C6%	C8%	C9%
-	-	0.10	0.30	8.49	3.89	0.72
0	0	0.01	2.33	65.10	26.10	0.00
0	4	0.00	0.00	0.83	0.10	5.76
1	1	0.00	0.02	0.39	0.90	0.00
1	5	0.79	0.02	0.00	0.10	0.00
2	2	0.00	0.00	0.28	0.79	0.00
2	6	0.00	0.00	0.47	0.49	0.00
3	3	0.00	0.00	0.24	1.09	0.00
3	7	0.00	0.00	0.60	1.57	0.00
Core	CPU	C1%	C3%	C6%	C8%	C9%
-	-	0.00	0.29	8.55	4.39	0.44
0	0	0.00	2.24	64.81	26.31	0.00
0	4	0.00	0.00	0.57	0.00	2.59
1	1	0.00	0.00	0.78	2.95	0.00
1	5	0.00	0.00	0.20	0.79	0.00
2	2	0.00	0.03	0.69	0.99	0.00
2	6	0.00	0.00	0.19	0.79	0.96
3	3	0.00	0.00	0.28	0.89	0.00
3	7	0.00	0.01	0.87	2.40	0.00
Core	CPU	C1%	C3%	C6%	C8%	C9%
-	-	3.69	0.55	7.60	8.94	0.10
0	0	15.51	1.17	14.84	21.36	0.01
0	4	0.00	0.00	1.17	0.19	0.80
1	1	14.03	2.92	41.71	17.57	0.00
1	5	0.00	0.00	0.36	1.19	0.00
2	2	0.00	0.00	0.33	0.50	0.00
2	6	0.00	0.00	0.22	1.09	0.00
3	3	0.00	0.00	0.59	1.19	0.00
3	7	0.01	0.28	1.56	28.44	0.00
Core	CPU	C1%	C3%	C6%	C8%	C9%
-	-	1.61	0.28	7.13	4.97	0.00
0	0	5.88	0.89	12.03	12.32	0.01
0	4	0.00	0.00	0.61	0.60	0.00
1	1	6.24	1.37	42.28	22.55	0.00
1	5	0.00	0.00	0.40	0.99	0.00
2	2	0.00	0.00	0.37	0.80	0.00
2	6	0.00	0.00	0.45	0.89	0.00
3	3	0.02	0.00	0.23	0.90	0.00
3	7	0.72	0.00	0.69	0.70	0.00
Core	CPU	C1%	C3%	C6%	C8%	C9%
-	-	2.38	0.55	7.02	5.53	0.00
0	0	10.09	1.24	11.84	16.89	0.00
0	4	0.00	0.00	0.43	1.20	0.00
1	1	8.98	3.15	41.83	21.25	0.00
1	5	0.00	0.00	0.49	0.00	0.00
2	2	0.00	0.00	0.38	1.38	0.00
2	6	0.00	0.00	0.37	1.19	0.00
3	3	0.00	0.00	0.46	1.08	0.00
3	7	0.00	0.00	0.33	1.29	0.00
Core	CPU	C1%	C3%	C6%	C8%	C9%
-	-	2.09	0.50	7.29	5.49	0.00
0	0	8.77	1.30	13.07	15.96	0.00
0	4	0.00	0.00	0.36	1.58	0.00
1	1	7.92	2.73	42.82	20.89	0.00
1	5	0.00	0.00	0.63	1.00	0.00
2	2	0.00	0.00	0.41	1.00	0.00
2	6	0.00	0.00	0.27	1.29	0.00
3	3	0.00	0.00	0.28	1.10	0.00
3	7	0.00	0.00	0.46	1.08	0.00
Core	CPU	C1%	C3%	C6%	C8%	C9%
-	-	1.77	0.28	7.15	5.70	0.39
0	0	7.09	0.98	14.23	16.72	0.11
0	4	0.00	0.00	0.09	0.51	0.00
1	1	3.05	0.32	4.72	1.09	2.98
1	5	4.00	0.90	36.87	24.25	0.00
2	2	0.00	0.00	0.35	0.79	0.00
2	6	0.00	0.00	0.14	0.79	0.00
3	3	0.00	0.02	0.49	0.79	0.00
3	7	0.00	0.00	0.29	0.69	0.00
Core	CPU	C1%	C3%	C6%	C8%	C9%
-	-	2.13	0.54	7.36	5.67	0.10
0	0	8.74	1.28	13.36	19.39	0.00
0	4	0.00	0.00	0.22	0.60	0.79
1	1	0.00	0.02	0.95	0.30	0.00
1	5	8.26	2.96	42.30	20.85	0.00
2	2	0.00	0.00	0.65	1.29	0.00
2	6	0.00	0.00	0.64	1.18	0.00
3	3	0.00	0.00	0.25	0.89	0.00
3	7	0.00	0.03	0.49	0.89	0.00
Core	CPU	C1%	C3%	C6%	C8%	C9%
-	-	1.01	0.43	7.53	5.27	0.00
0	0	4.17	1.76	37.05	24.16	0.00
0	4	0.00	0.00	0.26	0.41	0.00
1	1	3.91	1.59	21.51	13.29	0.00
1	5	0.00	0.00	0.10	0.50	0.00
2	2	0.00	0.00	0.10	0.78	0.00
2	6	0.00	0.00	0.29	0.89	0.00
3	3	0.00	0.00	0.77	1.28	0.00
3	7	0.00	0.06	0.20	0.89	0.00
Core	CPU	C1%	C3%	C6%	C8%	C9%
-	-	2.18	0.46	7.30	5.96	0.00
0	0	8.86	0.98	13.29	22.41	0.00
0	4	0.00	0.00	0.18	0.99	0.00
1	1	7.99	2.64	41.22	18.79	0.00
1	5	0.00	0.00	0.26	0.89	0.00
2	2	0.59	0.06	2.78	2.01	0.00
2	6	0.00	0.00	0.21	0.99	0.00
3	3	0.00	0.00	0.10	0.99	0.00
3	7	0.00	0.00	0.37	0.60	0.00
Core	CPU	C1%	C3%	C6%	C8%	C9%
-	-	1.93	0.35	6.65	4.97	0.00
0	0	7.76	0.73	10.52	11.77	0.01
0	4	0.00	0.02	0.48	0.79	0.00
1	1	0.00	0.09	0.21	0.89	0.00
1	5	0.00	0.00	0.18	0.99	0.00
2	2	7.68	1.94	39.94	22.51	0.00
2	6	0.00	0.00	0.34	0.99	0.00
3	3	0.00	0.00	0.72	0.99	0.00
3	7	0.00	0.00	0.79	0.79	0.00
Core	CPU	C1%	C3%	C6%	C8%	C9%
-	-	2.22	0.63	6.65	4.72	0.00
0	0	9.38	0.81	11.00	10.70	0.00
0	4	0.00	0.00	0.63	0.60	0.00
1	1	0.00	0.00	0.32	1.20	0.00
1	5	0.00	1.76	0.00	0.05	0.00
2	2	8.35	2.46	40.16	21.63	0.00
2	6	0.00	0.00	0.36	1.39	0.00
3	3	0.00	0.00	0.36	1.09	0.00
3	7	0.00	0.00	0.33	1.10	0.00
Core	CPU	C1%	C3%	C6%	C8%	C9%
-	-	3.01	0.38	7.29	4.89	0.00
0	0	12.37	0.97	12.78	16.03	0.01
0	4	0.00	0.00	0.27	0.90	0.00
1	1	0.00	0.00	0.36	0.79	0.00
1	5	0.00	0.00	0.55	0.40	0.00
2	2	11.73	2.09	42.96	18.85	0.00
2	6	0.00	0.01	0.60	0.69	0.00
3	3	0.00	0.00	0.39	0.69	0.00
3	7	0.00	0.00	0.37	0.79	0.00
Core	CPU	C1%	C3%	C6%	C8%	C9%
-	-	2.81	0.43	7.36	4.58	0.13
0	0	10.86	0.76	12.47	13.80	0.12
0	4	0.00	0.00	0.46	0.62	0.00
1	1	0.00	0.00	0.18	0.89	0.00
1	5	0.00	0.00	0.37	0.79	0.00
2	2	11.63	2.67	44.21	17.95	0.00
2	6	0.00	0.00	0.52	0.79	0.00
3	3	0.00	0.01	0.29	0.60	0.00
3	7	0.00	0.01	0.36	1.18	0.89
Core	CPU	C1%	C3%	C6%	C8%	C9%
-	-	2.02	0.30	6.87	4.49	0.00
0	0	8.29	0.85	9.91	11.32	0.01
0	4	0.00	0.00	0.23	0.49	0.00
1	1	0.00	0.01	0.33	0.10	0.00
1	5	0.00	0.00	0.10	0.99	0.00
2	2	7.85	1.52	42.97	21.36	0.00
2	6	0.00	0.00	0.35	0.89	0.00
3	3	0.00	0.00	0.24	0.50	0.00
3	7	0.00	0.04	0.79	0.30	0.00
Core	CPU	C1%	C3%	C6%	C8%	C9%
-	-	2.79	0.46	7.11	4.91	0.00
0	0	11.01	1.59	11.67	15.55	0.00
0	4	0.00	0.00	0.56	0.40	0.00
1	1	0.00	0.00	0.53	0.50	0.00
1	5	0.00	0.00	0.14	0.50	0.00
2	2	11.29	2.06	42.33	19.69	0.00
2	6	0.00	0.00	0.38	1.08	0.00
3	3	0.00	0.00	0.58	1.08	0.00
3	7	0.00	0.00	0.74	0.49	0.00
Core	CPU	C1%	C3%	C6%	C8%	C9%
-	-	3.13	0.39	7.09	4.63	0.00
0	0	12.78	0.74	11.40	14.38	0.00
0	4	0.00	0.00	0.19	0.99	0.00
1	1	0.00	0.00	0.27	1.37	0.00
1	5	0.01	0.00	0.36	0.69	0.00
2	2	11.44	2.34	43.54	18.34	0.00
2	6	0.00	0.02	0.59	0.49	0.00
3	3	0.79	0.00	0.00	0.00	0.00
3	7	0.00	0.00	0.38	0.80	0.00
Core	CPU	C1%	C3%	C6%	C8%	C9%
-	-	2.19	0.45	7.52	5.24	0.00
0	0	8.86	1.39	14.47	17.11	0.00
0	4	0.00	0.02	0.19	0.30	0.00
1	1	0.00	0.00	0.65	0.00	0.00
1	5	0.00	0.00	0.31	1.59	0.00
2	2	8.64	2.15	42.96	19.47	0.00
2	6	0.02	0.00	0.52	1.09	0.00
3	3	0.00	0.00	0.81	1.09	0.00
3	7	0.00	0.00	0.29	1.29	0.00
Core	CPU	C1%	C3%	C6%	C8%	C9%
-	-	2.26	0.51	7.63	5.95	0.00
0	0	9.36	1.12	15.95	22.28	0.00
0	4	0.00	0.00	0.13	0.59	0.00
1	1	0.00	0.00	0.72	0.22	0.00
1	5	0.00	0.01	0.59	0.50	0.00
2	2	8.74	2.95	42.09	20.47	0.00
2	6	0.00	0.00	0.46	1.20	0.00
3	3	0.00	0.00	0.74	1.19	0.00
3	7	0.00	0.00	0.33	1.19	0.00
Core	CPU	C1%	C3%	C6%	C8%	C9%
-	-	1.83	0.36	7.00	5.54	0.00
0	0	7.03	1.10	18.34	18.71	0.00
0	4	0.00	0.00	0.35	0.80	0.00
1	1	0.00	0.00	0.35	0.78	0.00
1	5	0.00	0.00	0.33	0.99	0.00
2	2	7.63	1.75	35.58	20.61	0.00
2	6	0.00	0.00	0.27	1.00	0.00
3	3	0.00	0.00	0.29	0.78	0.00
3	7	0.00	0.00	0.45	0.69	0.00
Core	CPU	C1%	C3%	C6%	C8%	C9%
-	-	0.00	0.32	8.35	4.10	0.00
0	0	0.00	2.53	63.85	26.90	0.00
0	4	0.00	0.00	0.49	0.50	0.00
1	1	0.00	0.00	0.28	1.08	0.00
1	5	0.00	0.00	0.36	0.79	0.00
2	2	0.00	0.00	0.83	0.59	0.00
2	6	0.00	0.00	0.23	0.89	0.00
3	3	0.00	0.00	0.49	1.09	0.00
3	7	0.00	0.00	0.29	0.98	0.00
Core	CPU	C1%	C3%	C6%	C8%	C9%
-	-	0.15	0.31	8.42	3.88	0.31
0	0	0.75	2.44	62.25	24.20	0.00
0	4	0.00	0.02	0.60	0.00	2.47
1	1	0.42	0.02	2.87	2.30	0.00
1	5	0.01	0.02	0.18	1.08	0.00
2	2	0.00	0.00	0.37	0.99	0.00
2	6	0.00	0.00	0.44	0.79	0.00
3	3	0.00	0.00	0.34	0.89	0.00
3	7	0.00	0.00	0.30	0.80	0.00
Core	CPU	C1%	C3%	C6%	C8%	C9%
-	-	2.23	0.55	7.82	4.98	0.01
0	0	10.72	1.73	24.79	17.44	0.06
0	4	0.00	0.00	1.12	1.00	0.00
1	1	7.13	2.64	33.78	14.60	0.00
1	5	0.00	0.01	0.19	1.00	0.00
2	2	0.00	0.01	0.42	1.67	0.00
2	6	0.00	0.00	0.67	1.28	0.00
3	3	0.00	0.00	0.95	1.28	0.00
3	7	0.00	0.00	0.63	1.58	0.00
Core	CPU	C1%	C3%	C6%	C8%	C9%
-	-	0.00	0.31	8.78	4.04	0.66
0	0	0.00	2.47	64.83	25.51	0.00
0	4	0.00	0.00	0.81	0.30	5.25
1	1	0.00	0.00	1.02	1.57	0.00
1	5	0.00	0.00	0.64	0.79	0.00
2	2	0.00	0.00	0.53	1.11	0.00
2	6	0.00	0.00	1.08	0.89	0.00
3	3	0.00	0.00	0.69	0.89	0.00
3	7	0.00	0.00	0.64	1.28	0.00
Core	CPU	C1%	C3%	C6%	C8%	C9%
-	-	1.60	0.39	7.36	8.04	0.03
0	0	6.20	1.57	36.64	19.91	0.28
0	4	0.00	0.00	0.50	0.00	0.00
1	1	6.61	1.34	19.63	10.81	0.00
1	5	0.00	0.00	0.37	0.89	0.00
2	2	0.00	0.00	0.36	1.28	0.00
2	6	0.00	0.00	0.13	1.19	0.00
3	3	0.00	0.00	0.20	1.09	0.00
3	7	0.01	0.21	1.08	29.18	0.00
Core	CPU	C1%	C3%	C6%	C8%	C9%
-	-	2.03	0.48	7.59	4.53	0.25
0	0	8.43	1.48	26.45	16.87	0.00
0	4	0.00	0.00	0.22	0.39	1.98
1	1	7.81	2.31	30.69	14.24	0.00
1	5	0.00	0.00	0.97	0.60	0.00
2	2	0.00	0.03	0.77	1.18	0.00
2	6	0.00	0.00	0.44	1.19	0.00
3	3	0.00	0.00	0.32	1.19	0.00
3	7	0.00	0.00	0.89	0.60	0.00
Core	CPU	C1%	C3%	C6%	C8%	C9%
-	-	0.00	0.28	8.74	3.89	1.24
0	0	0.00	2.20	65.96	25.27	0.00
0	4	0.00	0.00	0.94	0.09	9.95
1	1	0.00	0.00	0.72	0.70	0.00
1	5	0.00	0.02	0.80	0.89	0.00
2	2	0.00	0.01	0.61	1.08	0.00
2	6	0.00	0.00	0.28	0.89	0.00
3	3	0.00	0.00	0.26	1.09	0.00
3	7	0.00	0.00	0.34	1.09	0.00
Core	CPU	C1%	C3%	C6%	C8%	C9%
-	-	0.00	0.26	8.68	3.88	0.00
0	0	0.00	2.05	64.50	26.93	0.00
0	4	0.00	0.00	0.88	0.00	0.00
1	1	0.00	0.00	0.66	0.50	0.00
1	5	0.00	0.00	0.35	0.99	0.00
2	2	0.00	0.02	1.33	0.49	0.00
2	6	0.00	0.01	1.08	0.49	0.00
3	3	0.00	0.01	0.30	0.98	0.00
3	7	0.00	0.00	0.37	0.69	0.00
Core	CPU	C1%	C3%	C6%	C8%	C9%
-	-	0.00	0.27	8.70	4.53	0.00
0	0	0.00	2.16	65.30	25.71	0.00
0	4	0.00	0.00	1.17	0.50	0.00
1	1	0.00	0.00	0.72	2.06	0.00
1	5	0.00	0.00	0.37	1.68	0.00
2	2	0.00	0.01	0.57	1.96	0.00
2	6	0.00	0.00	0.24	1.68	0.00
3	3	0.00	0.00	0.90	0.99	0.00
3	7	0.00	0.00	0.30	1.67	0.00
Core	CPU	C1%	C3%	C6%	C8%	C9%
-	-	0.09	0.38	9.09	3.92	0.20
0	0	0.00	3.00	65.46	25.03	0.00
0	4	0.00	0.00	1.43	0.00	1.60
1	1	0.00	0.02	0.50	1.08	0.00
1	5	0.00	0.02	0.40	0.79	0.00
2	2	0.00	0.00	1.09	1.20	0.00
2	6	0.72	0.00	1.53	1.28	0.00
3	3	0.00	0.00	1.16	0.69	0.00
3	7	0.00	0.03	1.18	1.28	0.00
Core	CPU	C1%	C3%	C6%	C8%	C9%
-	-	0.00	0.33	8.66	3.66	0.00
0	0	0.00	2.61	65.93	24.89	0.00
0	4	0.00	0.00	0.76	0.00	0.00
1	1	0.00	0.00	0.14	0.80	0.00
1	5	0.00	0.00	0.13	0.40	0.00
2	2	0.00	0.00	0.81	0.70	0.00
2	6	0.00	0.00	0.19	1.18	0.00
3	3	0.00	0.00	0.37	0.79	0.00
3	7	0.00	0.00	0.97	0.49	0.00
Core	CPU	C1%	C3%	C6%	C8%	C9%
-	-	0.00	0.35	9.07	3.36	0.67
0	0	0.00	2.75	67.88	22.81	0.00
0	4	0.00	0.00	0.89	0.00	5.33
1	1	0.00	0.00	0.47	0.40	0.00
1	5	0.00	0.00	0.35	0.79	0.00
2	2	0.00	0.00	1.22	0.20	0.00
2	6	0.00	0.02	0.89	0.79	0.00
3	3	0.00	0.00	0.49	0.40	0.00
3	7	0.00	0.02	0.38	1.48	0.00
Core	CPU	C1%	C3%	C6%	C8%	C9%
-	-	0.00	0.34	8.73	3.52	0.68
0	0	0.00	2.71	66.75	23.98	0.00
0	4	0.00	0.00	0.50	0.10	5.40
1	1	0.00	0.00	0.29	0.80	0.00
1	5	0.00	0.00	0.27	0.80	0.00
2	2	0.00	0.02	0.75	1.00	0.00
2	6	0.00	0.00	0.24	0.89	0.00
3	3	0.00	0.02	0.34	0.50	0.00
3	7	0.00	0.00	0.69	0.09	0.00
Core	CPU	C1%	C3%	C6%	C8%	C9%
-	-	3.68	0.26	6.78	4.22	0.01
0	0	15.01	0.65	8.61	11.24	0.11
0	4	0.00	0.00	0.63	0.00	0.00
1	1	14.40	1.39	41.30	20.23	0.00
1	5	0.00	0.00	0.10	0.50	0.00
2	2	0.00	0.03	1.35	0.30	0.00
2	6	0.00	0.00	0.46	0.79	0.00
3	3	0.00	0.00	0.94	0.29	0.00
3	7	0.00	0.02	0.89	0.39	0.00
Core	CPU	C1%	C3%	C6%	C8%	C9%
-	-	4.08	0.37	6.57	3.93	0.00
0	0	16.38	0.49	9.23	7.88	0.00
0	4	0.00	0.00	0.16	0.40	0.00
1	1	16.24	2.49	40.89	18.53	0.00
1	5	0.00	0.00	0.13	0.40	0.00
2	2	0.00	0.00	0.62	0.20	0.00
2	6	0.00	0.00	0.30	1.38	0.00
3	3	0.00	0.00	0.47	1.19	0.00
3	7	0.00	0.00	0.78	1.48	0.00
Core	CPU	C1%	C3%	C6%	C8%	C9%
-	-	2.91	0.34	6.25	4.18	0.00
0	0	11.81	0.79	7.27	7.13	0.00
0	4	0.00	0.00	0.09	0.40	0.00
1	1	11.50	1.87	40.90	21.30	0.00
1	5	0.00	0.00	0.35	0.80	0.00
2	2	0.00	0.03	0.36	1.16	0.00
2	6	0.00	0.00	0.32	0.69	0.00
3	3	0.00	0.01	0.36	0.50	0.00
3	7	0.00	0.03	0.38	1.49	0.00
Core	CPU	C1%	C3%	C6%	C8%	C9%
-	-	4.26	0.41	6.61	4.03	0.00
0	0	18.60	0.39	9.88	8.47	0.01
0	4	0.00	0.00	0.13	0.50	0.00
1	1	15.50	2.80	41.11	18.40	0.00
1	5	0.00	0.00	0.00	0.50	0.00
2	2	0.00	0.01	0.88	0.80	0.00
2	6	0.00	0.00	0.43	1.29	0.00
3	3	0.00	0.00	0.24	1.09	0.00
3	7	0.00	0.04	0.19	1.19	0.00
Core	CPU	C1%	C3%	C6%	C8%	C9%
-	-	3.80	0.27	6.00	4.62	0.00
0	0	14.63	0.40	6.08	9.99	0.00
0	4	0.00	0.00	0.36	0.79	0.00
1	1	15.75	1.71	39.54	21.66	0.00
1	5	0.00	0.00	0.32	0.89	0.00
2	2	0.00	0.03	0.49	1.77	0.00
2	6	0.00	0.00	0.18	0.60	0.00
3	3	0.00	0.00	0.33	1.28	0.00
3	7	0.00	0.00	0.65	0.00	0.00
Core	CPU	C1%	C3%	C6%	C8%	C9%
-	-	3.71	0.30	5.90	4.40	0.02
0	0	15.08	0.28	5.71	9.75	0.16
0	4	0.00	0.00	0.39	0.19	0.00
1	1	14.62	2.07	39.49	21.19	0.00
1	5	0.00	0.00	0.26	0.89	0.00
2	2	0.00	0.01	0.36	1.18	0.00
2	6	0.00	0.00	0.13	0.60	0.00
3	3	0.00	0.01	0.40	0.69	0.00
3	7	0.00	0.00	0.49	0.69	0.00
Core	CPU	C1%	C3%	C6%	C8%	C9%
-	-	2.08	0.21	6.63	4.04	0.00
0	0	7.86	0.81	13.34	8.86	0.00
0	4	0.00	0.00	0.43	0.20	0.00
1	1	8.76	0.88	36.67	20.71	0.00
1	5	0.00	0.00	0.00	0.49	0.00
2	2	0.00	0.02	0.68	0.79	0.00
2	6	0.00	0.00	0.45	0.69	0.00
3	3	0.00	0.00	0.74	0.39	0.00
3	7	0.00	0.01	0.69	0.19	0.00
Core	CPU	C1%	C3%	C6%	C8%	C9%
-	-	0.00	0.38	8.87	3.41	0.34
0	0	0.00	2.99	68.23	22.27	0.00
0	4	0.00	0.00	0.57	0.19	2.69
1	1	0.00	0.01	0.35	0.70	0.00
1	5	0.00	0.02	0.40	0.20	0.00
2	2	0.00	0.03	0.40	1.08	0.00
2	6	0.00	0.00	0.29	1.09	0.00
3	3	0.00	0.00	0.37	0.88	0.00
3	7	0.00	0.00	0.35	0.89	0.00
Core	CPU	C1%	C3%	C6%	C8%	C9%
-	-	3.30	0.45	6.43	4.20	0.02
0	0	13.68	0.57	7.61	9.66	0.14
0	4	0.00	0.00	0.55	1.08	0.00
1	1	12.73	2.96	39.96	20.17	0.01
1	5	0.00	0.00	0.84	0.79	0.00
2	2	0.00	0.03	0.91	0.20	0.00
2	6	0.00	0.01	0.78	0.39	0.00
3	3	0.00	0.00	0.30	0.68	0.00
3	7	0.00	0.01	0.50	0.59	0.00
Core	CPU	C1%	C3%	C6%	C8%	C9%
-	-	4.07	0.38	6.05	4.76	0.00
0	0	17.15	0.36	4.39	13.07	0.00
0	4	0.00	0.00	0.28	0.98	0.00
1	1	15.45	2.62	41.89	19.87	0.00
1	5	0.00	0.00	0.36	0.81	0.00
2	2	0.00	0.02	0.67	0.78	0.00
2	6	0.00	0.00	0.24	0.90	0.00
3	3	0.00	0.02	0.30	0.80	0.00
3	7	0.00	0.00	0.29	0.89	0.00
Core	CPU	C1%	C3%	C6%	C8%	C9%
-	-	3.18	0.37	6.62	4.51	0.00
0	0	12.31	0.66	7.30	10.31	0.00
0	4	0.00	0.00	0.12	0.49	0.00
1	1	13.15	2.32	41.92	19.67	0.00
1	5	0.00	0.00	0.29	1.28	0.00
2	2	0.00	0.00	0.95	1.98	0.00
2	6	0.00	0.00	0.44	1.09	0.00
3	3	0.00	0.00	1.01	0.22	0.00
3	7	0.00	0.01	0.95	1.05	0.00
Core	CPU	C1%	C3%	C6%	C8%	C9%
-	-	2.49	0.36	7.37	5.43	0.00
0	0	9.70	0.67	12.29	18.67	0.00
0	4	0.00	0.00	0.51	0.11	0.00
1	1	10.23	2.19	43.47	20.60	0.00
1	5	0.00	0.02	0.57	0.46	0.00
2	2	0.00	0.00	0.64	0.60	0.00
2	6	0.00	0.00	0.35	0.89	0.00
3	3	0.00	0.00	0.67	0.03	0.00
3	7	0.00	0.03	0.45	2.04	0.00
Core	CPU	C1%	C3%	C6%	C8%	C9%
-	-	3.54	0.35	6.51	4.96	0.00
0	0	14.65	0.43	8.06	13.89	0.00
0	4	0.00	0.00	0.54	0.40	0.00
1	1	13.71	2.37	41.81	21.19	0.00
1	5	0.00	0.00	0.13	0.50	0.00
2	2	0.00	0.04	0.49	0.40	0.00
2	6	0.00	0.00	0.19	0.98	0.00
3	3	0.00	0.00	0.52	0.88	0.00
3	7	0.00	0.00	0.32	1.45	0.00
Core	CPU	C1%	C3%	C6%	C8%	C9%
-	-	4.92	0.45	6.79	4.86	0.00
0	0	19.58	0.72	11.26	14.25	0.00
0	4	0.09	0.02	0.87	1.20	0.00
1	1	19.67	2.73	40.50	18.09	0.00
1	5	0.00	0.00	0.24	1.09	0.00
2	2	0.00	0.05	0.43	0.88	0.00
2	6	0.00	0.02	0.30	0.96	0.00
3	3	0.06	0.00	0.22	1.38	0.00
3	7	0.00	0.04	0.46	1.09	0.00
Core	CPU	C1%	C3%	C6%	C8%	C9%
-	-	2.40	0.29	6.71	8.12	0.25
0	0	7.80	0.47	8.13	10.14	0.00
0	4	0.00	0.00	0.22	0.40	0.00
1	1	11.39	1.10	41.28	23.33	0.00
1	5	0.01	0.52	0.07	0.38	1.98
2	2	0.00	0.00	0.58	0.99	0.00
2	6	0.00	0.00	1.73	0.89	0.00
3	3	0.00	0.00	0.60	0.33	0.00
3	7	0.01	0.21	1.02	28.52	0.00
Core	CPU	C1%	C3%	C6%	C8%	C9%
-	-	3.42	0.42	6.83	4.91	0.00
0	0	14.40	0.82	10.74	14.44	0.00
0	4	0.00	0.00	0.55	0.30	0.00
1	1	12.99	2.52	40.71	22.17	0.00
1	5	0.00	0.02	0.59	0.20	0.00
2	2	0.00	0.04	0.49	0.50	0.00
2	6	0.00	0.00	0.19	0.89	0.00
3	3	0.00	0.00	0.66	0.40	0.00
3	7	0.00	0.00	0.74	0.39	0.00
Core	CPU	C1%	C3%	C6%	C8%	C9%
-	-	3.95	0.49	6.50	5.40	0.00
0	0	15.49	0.49	9.85	16.93	0.01
0	4	0.00	0.00	0.39	0.98	0.00
1	1	5.09	1.30	11.54	5.40	0.00
1	5	0.00	0.00	0.42	0.99	0.00
2	2	11.03	2.11	28.53	15.90	0.00
2	6	0.00	0.00	0.51	1.21	0.00
3	3	0.00	0.00	0.29	1.10	0.00
3	7	0.00	0.00	0.47	0.69	0.00
Core	CPU	C1%	C3%	C6%	C8%	C9%
-	-	3.50	0.45	6.57	4.41	0.00
0	0	13.48	1.43	9.41	12.59	0.00
0	4	0.00	0.01	0.40	0.00	0.00
1	1	0.00	0.00	0.59	0.39	0.00
1	5	0.00	0.00	0.28	0.69	0.00
2	2	14.49	2.11	41.29	19.53	0.00
2	6	0.00	0.00	0.23	0.50	0.00
3	3	0.00	0.02	0.16	0.70	0.00
3	7	0.00	0.00	0.20	0.89	0.00
Core	CPU	C1%	C3%	C6%	C8%	C9%
-	-	0.90	0.47	8.67	3.47	0.27
0	0	3.29	3.26	60.62	22.33	0.00
0	4	0.00	0.00	0.44	0.20	2.13
1	1	0.00	0.02	0.59	0.31	0.00
1	5	0.00	0.00	0.09	0.60	0.00
2	2	3.91	0.47	6.38	1.85	0.00
2	6	0.00	0.00	0.61	0.79	0.00
3	3	0.00	0.00	0.44	0.70	0.00
3	7	0.00	0.03	0.19	0.99	0.00
Core	CPU	C1%	C3%	C6%	C8%	C9%
-	-	0.00	0.41	8.97	3.47	2.39
0	0	0.00	3.27	68.95	21.04	0.00
0	4	0.00	0.00	0.45	0.11	15.80
1	1	0.00	0.00	0.63	0.89	0.00
1	5	0.00	0.04	0.23	1.10	3.29
2	2	0.00	0.00	0.54	0.89	0.00
2	6	0.00	0.00	0.29	1.29	0.00
3	3	0.00	0.00	0.36	1.28	0.00
3	7	0.00	0.00	0.34	1.19	0.00
Core	CPU	C1%	C3%	C6%	C8%	C9%
-	-	0.00	0.47	9.64	2.97	4.61
0	0	0.01	3.72	71.82	17.89	0.00
0	4	0.00	0.00	0.87	0.21	36.92
1	1	0.00	0.01	1.37	1.29	0.00
1	5	0.00	0.00	0.25	0.89	0.00
2	2	0.00	0.00	1.14	0.60	0.00
2	6	0.00	0.01	1.08	0.49	0.00
3	3	0.00	0.00	0.20	1.18	0.00
3	7	0.00	0.00	0.37	1.18	0.00
Core	CPU	C1%	C3%	C6%	C8%	C9%
-	-	4.59	0.37	5.92	4.92	0.01
0	0	18.61	0.13	6.31	11.10	0.10
0	4	0.00	0.00	0.10	0.89	0.00
1	1	18.11	2.81	38.78	22.62	0.00
1	5	0.00	0.00	0.36	0.99	0.00
2	2	0.00	0.00	0.47	1.19	0.00
2	6	0.00	0.00	0.82	0.79	0.00
3	3	0.00	0.01	0.20	0.99	0.00
3	7	0.00	0.00	0.30	0.79	0.00
Core	CPU	C1%	C3%	C6%	C8%	C9%
-	-	4.24	0.35	6.70	4.53	0.00
0	0	17.78	0.14	9.48	10.88	0.00
0	4	0.00	0.00	0.23	0.69	0.00
1	1	16.13	2.63	40.17	21.63	0.00
1	5	0.00	0.00	0.10	0.59	0.00
2	2	0.00	0.03	0.79	0.79	0.00
2	6	0.00	0.00	0.46	0.69	0.00
3	3	0.00	0.00	1.57	0.79	0.00
3	7	0.00	0.02	0.78	0.19	0.00
Core	CPU	C1%	C3%	C6%	C8%	C9%
-	-	4.41	0.42	6.20	4.37	0.00
0	0	17.56	0.81	6.86	10.81	0.00
0	4	0.00	0.00	0.37	0.58	0.00
1	1	17.74	2.54	39.98	20.96	0.00
1	5	0.00	0.00	0.52	0.00	0.00
2	2	0.00	0.03	0.58	0.29	0.00
2	6	0.00	0.00	0.10	1.09	0.00
3	3	0.00	0.00	0.67	0.80	0.00
3	7	0.00	0.00	0.54	0.40	0.00
Core	CPU	C1%	C3%	C6%	C8%	C9%
-	-	4.43	0.38	6.13	4.64	0.00
0	0	16.40	0.28	6.72	10.08	0.00
0	4	0.00	0.00	0.29	1.18	0.00
1	1	19.04	2.76	39.75	20.69	0.00
1	5	0.00	0.03	0.39	0.70	0.00
2	2	0.00	0.00	0.89	1.78	0.00
2	6	0.00	0.00	0.40	0.99	0.00
3	3	0.00	0.00	0.20	0.89	0.00
3	7	0.00	0.00	0.37	0.79	0.00
Core	CPU	C1%	C3%	C6%	C8%	C9%
-	-	4.13	0.43	6.45	4.15	0.00
0	0	16.82	0.63	8.57	10.20	0.00
0	4	0.00	0.00	0.12	0.78	0.00
1	1	16.22	2.77	39.99	18.56	0.00
1	5	0.00	0.00	0.29	0.89	0.00
2	2	0.00	0.01	0.58	1.08	0.00
2	6	0.00	0.00	0.36	1.08	0.00
3	3	0.00	0.00	0.83	0.30	0.00
3	7	0.00	0.02	0.89	0.30	0.00
Core	CPU	C1%	C3%	C6%	C8%	C9%
-	-	3.21	0.31	6.72	4.34	0.00
0	0	12.33	0.86	18.48	10.99	0.00
0	4	0.00	0.00	0.36	0.88	0.00
1	1	13.34	1.64	33.03	17.65	0.00
1	5	0.00	0.00	0.33	1.19	0.00
2	2	0.00	0.00	0.31	0.70	0.00
2	6	0.00	0.00	0.29	1.38	0.00
3	3	0.00	0.00	0.54	0.99	0.00
3	7	0.00	0.01	0.42	0.99	0.00
Core	CPU	C1%	C3%	C6%	C8%	C9%
-	-	1.76	0.38	7.81	4.08	0.00
0	0	7.26	1.87	42.50	19.86	0.01
0	4	0.00	0.00	0.27	0.90	0.00
1	1	6.78	1.14	16.58	8.74	0.00
1	5	0.00	0.00	0.23	0.90	0.00
2	2	0.00	0.01	1.22	0.70	0.00
2	6	0.00	0.01	0.79	0.30	0.00
3	3	0.00	0.00	0.19	0.98	0.00
3	7	0.00	0.00	0.67	0.30	0.00
Core	CPU	C1%	C3%	C6%	C8%	C9%
-	-	4.51	0.38	6.19	4.71	0.00
0	0	17.27	0.40	7.36	12.40	0.00
0	4	0.20	0.01	0.30	0.00	0.00
1	1	18.58	2.60	39.31	20.94	0.00
1	5	0.00	0.00	0.98	0.30	0.00
2	2	0.00	0.03	0.65	1.19	0.00
2	6	0.00	0.00	0.23	1.09	0.00
3	3	0.00	0.02	0.20	0.99	0.00
3	7	0.00	0.00	0.48	0.80	0.00
Core	CPU	C1%	C3%	C6%	C8%	C9%
-	-	3.65	0.46	6.69	4.90	0.00
0	0	15.85	0.84	17.00	16.11	0.00
0	4	0.00	0.00	0.43	0.20	0.00
1	1	13.38	2.83	34.30	18.71	0.00
1	5	0.00	0.00	0.20	0.40	0.00
2	2	0.00	0.00	0.81	0.99	0.00
2	6	0.00	0.00	0.36	0.99	0.00
3	3	0.00	0.00	0.24	0.90	0.00
3	7	0.00	0.00	0.22	0.90	0.00
Core	CPU	C1%	C3%	C6%	C8%	C9%
-	-	2.78	0.19	6.20	3.75	0.01
0	0	8.49	0.39	7.42	6.89	0.12
0	4	0.00	0.00	0.25	0.30	0.00
1	1	13.71	1.05	40.64	19.60	0.00
1	5	0.00	0.02	0.19	0.39	0.00
2	2	0.00	0.03	0.29	0.59	0.00
2	6	0.00	0.00	0.28	0.88	0.00
3	3	0.00	0.00	0.37	0.78	0.00
3	7	0.00	0.00	0.19	0.59	0.00
Core	CPU	C1%	C3%	C6%	C8%	C9%
-	-	3.88	0.46	6.54	4.75	1.47
0	0	16.26	0.42	9.48	10.86	0.00
0	4	0.00	0.00	0.97	1.09	2.20
1	1	14.81	3.19	39.06	19.97	0.00
1	5	0.00	0.00	0.92	1.69	9.58
2	2	0.00	0.04	0.99	0.89	0.00
2	6	0.00	0.00	0.19	1.20	0.00
3	3	0.00	0.00	0.25	1.19	0.00
3	7	0.00	0.00	0.44	1.08	0.00
Core	CPU	C1%	C3%	C6%	C8%	C9%
-	-	3.69	0.35	6.57	5.06	0.00
0	0	13.37	0.83	8.32	11.76	0.00
0	4	0.00	0.02	0.77	1.40	0.00
1	1	16.13	1.90	41.12	20.93	0.00
1	5	0.00	0.00	0.58	1.41	0.00
2	2	0.00	0.04	0.75	1.19	0.00
2	6	0.00	0.00	0.43	1.29	0.00
3	3	0.00	0.00	0.32	1.20	0.00
3	7	0.00	0.00	0.29	1.29	0.00
Core	CPU	C1%	C3%	C6%	C8%	C9%
-	-	3.27	0.40	5.93	4.53	0.00
0	0	12.27	0.75	6.63	9.19	0.01
0	4	0.00	0.00	0.33	0.20	0.00
1	1	13.93	2.40	38.52	22.16	0.00
1	5	0.00	0.00	0.18	0.91	0.00
2	2	0.00	0.02	0.69	1.09	0.00
2	6	0.00	0.00	0.27	1.18	0.00
3	3	0.00	0.00	0.54	0.39	0.00
3	7	0.00	0.00	0.23	1.10	0.00
Core	CPU	C1%	C3%	C6%	C8%	C9%
-	-	2.29	0.20	6.60	4.10	0.00
0	0	8.18	0.49	7.71	6.68	0.00
0	4	0.00	0.00	0.36	0.79	0.00
1	1	10.12	1.10	42.48	22.13	0.00
1	5	0.00	0.00	0.25	0.92	0.00
2	2	0.00	0.02	0.90	0.19	0.00
2	6	0.00	0.00	0.28	0.90	0.00
3	3	0.00	0.00	0.28	0.79	0.00
3	7	0.00	0.00	0.55	0.39	0.00
Core	CPU	C1%	C3%	C6%	C8%	C9%
-	-	3.47	0.31	6.46	4.13	0.00
0	0	13.89	0.37	8.88	9.67	0.00
0	4	0.00	0.00	0.00	0.49	0.00
1	1	13.88	2.09	40.97	19.61	0.00
1	5	0.00	0.00	0.36	0.79	0.00
2	2	0.00	0.01	0.92	0.21	0.00
2	6	0.00	0.00	0.13	0.99	0.00
3	3	0.00	0.00	0.19	0.50	0.00
3	7	0.00	0.00	0.21	0.79	0.00
Core	CPU	C1%	C3%	C6%	C8%	C9%
-	-	3.37	0.38	6.63	8.07	0.01
0	0	12.47	0.67	7.87	10.47	0.11
0	4	0.00	0.00	0.13	0.50	0.00
1	1	14.50	2.16	41.09	20.55	0.00
1	5	0.00	0.00	0.54	0.63	0.00
2	2	0.00	0.02	0.69	1.19	0.00
2	6	0.00	0.00	0.47	0.88	0.00
3	3	0.00	0.00	0.70	0.69	0.00
3	7	0.01	0.20	1.57	29.62	0.00
Core	CPU	C1%	C3%	C6%	C8%	C9%
-	-	3.13	0.43	6.74	5.02	0.00
0	0	12.18	0.67	11.68	15.26	0.00
0	4	0.00	0.00	0.56	0.39	0.00
1	1	12.89	2.69	39.80	21.29	0.00
1	5	0.00	0.00	0.31	0.30	0.00
2	2	0.00	0.05	0.47	0.50	0.00
2	6	0.00	0.00	0.20	0.99	0.00
3	3	0.00	0.00	0.28	0.88	0.00
3	7	0.00	0.00	0.64	0.59	0.00
Core	CPU	C1%	C3%	C6%	C8%	C9%
-	-	2.37	0.19	6.59	5.20	0.00
0	0	8.72	0.52	9.23	12.32	0.01
0	4	0.00	0.00	0.28	1.00	0.00
1	1	10.21	0.98	41.45	22.70	0.00
1	5	0.00	0.00	0.44	1.20	0.00
2	2	0.00	0.00	0.45	1.09	0.00
2	6	0.00	0.00	0.31	1.38	0.00
3	3	0.00	0.00	0.19	1.00	0.00
3	7	0.00	0.00	0.38	0.88	0.00
Core	CPU	C1%	C3%	C6%	C8%	C9%
-	-	0.00	0.40	9.10	3.81	0.86
0	0	0.00	3.13	69.16	21.05	0.00
0	4	0.00	0.02	0.30	0.30	6.87
1	1	0.00	0.00	0.49	1.48	0.00
1	5	0.00	0.00	0.41	1.48	0.00
2	2	0.00	0.00	0.97	1.29	0.00
2	6	0.00	0.00	0.34	1.58	0.00
3	3	0.00	0.02	0.40	1.67	0.00
3	7	0.00	0.00	0.70	1.58	0.00
Core	CPU	C1%	C3%	C6%	C8%	C9%
-	-	0.00	0.43	8.93	3.81	0.93
0	0	0.00	3.46	68.06	21.95	0.00
0	4	0.00	0.00	0.94	0.10	7.42
1	1	0.00	0.00	0.61	1.19	0.00
1	5	0.00	0.00	0.10	0.80	0.00
2	2	0.00	0.00	0.60	1.69	0.00
2	6	0.00	0.00	0.46	1.58	0.00
3	3	0.00	0.00	0.45	1.68	0.00
3	7	0.00	0.00	0.23	1.48	0.00
Core	CPU	C1%	C3%	C6%	C8%	C9%
-	-	0.29	0.37	8.29	3.95	1.41
0	0	1.11	2.31	58.42	22.22	0.00
0	4	0.00	0.00	0.57	0.10	11.25
1	1	1.24	0.69	4.40	4.93	0.00
1	5	0.00	0.00	0.43	0.59	0.00
2	2	0.00	0.00	0.89	0.40	0.00
2	6	0.00	0.00	0.20	0.99	0.00
3	3	0.00	0.00	0.87	1.28	0.00
3	7	0.00	0.00	0.58	1.09	0.00
Core	CPU	C1%	C3%	C6%	C8%	C9%
-	-	2.12	0.18	6.55	5.27	0.00
0	0	8.28	0.68	10.82	12.25	0.00
0	4	0.00	0.00	0.78	0.39	0.00
1	1	8.66	0.77	39.20	25.06	0.00
1	5	0.00	0.00	0.35	0.79	0.00
2	2	0.00	0.01	0.65	0.89	0.00
2	6	0.00	0.00	0.22	1.28	0.00
3	3	0.00	0.00	0.10	0.79	0.00
3	7	0.00	0.00	0.27	0.70	0.00
Core	CPU	C1%	C3%	C6%	C8%	C9%
-	-	2.83	0.41	6.53	5.12	0.00
0	0	10.74	0.58	10.44	11.57	0.00
0	4	0.00	0.01	0.49	0.79	0.00
1	1	11.91	2.62	38.99	22.27	0.00
1	5	0.00	0.00	0.36	1.21	0.00
2	2	0.00	0.04	0.93	1.20	0.00
2	6	0.00	0.00	0.33	1.49	0.00
3	3	0.00	0.02	0.38	1.12	0.00
3	7	0.00	0.00	0.28	1.30	0.00
Core	CPU	C1%	C3%	C6%	C8%	C9%
-	-	0.00	0.36	8.76	3.84	0.37
0	0	0.00	2.80	66.50	24.13	0.00
0	4	0.00	0.00	0.33	1.00	0.00
1	1	0.00	0.00	0.92	0.70	0.00
1	5	0.00	0.02	0.77	0.40	2.98
2	2	0.00	0.02	0.61	1.28	0.00
2	6	0.00	0.00	0.36	1.18	0.00
3	3	0.00	0.00	0.36	0.88	0.00
3	7	0.00	0.00	0.23	1.18	0.00
Core	CPU	C1%	C3%	C6%	C8%	C9%
-	-	0.00	0.36	8.73	3.80	0.00
0	0	0.00	2.83	66.40	24.19	0.00
0	4	0.00	0.00	0.78	0.38	0.00
1	1	0.00	0.00	0.38	1.28	0.00
1	5	0.00	0.00	0.93	0.29	0.00
2	2	0.00	0.04	0.60	0.90	0.00
2	6	0.00	0.00	0.10	1.09	0.00
3	3	0.00	0.00	0.19	1.08	0.00
3	7	0.00	0.00	0.46	1.18	0.00
Core	CPU	C1%	C3%	C6%	C8%	C9%
-	-	2.04	0.19	6.10	4.35	0.00
0	0	7.95	0.48	7.39	4.25	0.00
0	4	0.00	0.00	0.79	0.60	0.00
1	1	8.36	1.00	38.93	24.20	0.00
1	5	0.00	0.00	0.35	0.89	0.00
2	2	0.00	0.00	0.56	1.18	0.00
2	6	0.00	0.00	0.31	1.30	0.00
3	3	0.00	0.00	0.20	1.49	0.00
3	7	0.00	0.00	0.29	0.88	0.00
Core	CPU	C1%	C3%	C6%	C8%	C9%
-	-	2.93	0.37	6.93	5.47	0.11
0	0	12.06	0.70	11.62	16.57	0.00
0	4	0.00	0.02	0.54	0.69	0.90
1	1	11.36	2.22	41.51	21.40	0.00
1	5	0.00	0.00	0.27	0.60	0.00
2	2	0.00	0.00	0.77	1.09	0.00
2	6	0.00	0.00	0.15	0.99	0.00
3	3	0.00	0.00	0.32	0.79	0.00
3	7	0.00	0.00	0.22	1.58	0.00
Core	CPU	C1%	C3%	C6%	C8%	C9%
-	-	0.83	0.42	8.42	4.80	0.00
0	0	3.19	2.37	53.23	26.33	0.00
0	4	0.00	0.00	0.66	0.71	0.00
1	1	3.45	0.88	9.77	6.00	0.00
1	5	0.00	0.05	0.49	0.31	0.00
2	2	0.00	0.00	0.54	1.30	0.00
2	6	0.00	0.00	0.49	1.49	0.00
3	3	0.00	0.00	1.08	0.80	0.00
3	7	0.00	0.03	1.10	1.49	0.00
Core	CPU	C1%	C3%	C6%	C8%	C9%
-	-	2.67	0.49	6.65	5.50	0.00
0	0	10.43	1.09	9.36	17.79	0.00
0	4	0.00	0.00	0.37	0.89	0.00
1	1	10.90	2.83	41.28	20.78	0.00
1	5	0.00	0.00	0.44	0.79	0.00
2	2	0.00	0.03	0.71	1.09	0.00
2	6	0.00	0.00	0.10	1.09	0.00
3	3	0.00	0.00	0.28	1.09	0.00
3	7	0.00	0.00	0.66	0.50	0.00
Core	CPU	C1%	C3%	C6%	C8%	C9%
-	-	0.00	0.57	8.47	4.03	0.27
0	0	0.00	2.95	63.73	24.36	2.18
0	4	0.00	0.00	0.20	1.09	0.00
1	1	0.00	0.00	0.21	1.39	0.00
1	5	0.01	1.60	0.08	0.00	0.00
2	2	0.00	0.00	1.15	1.69	0.00
2	6	0.00	0.00	1.11	1.38	0.00
3	3	0.00	0.00	0.20	1.29	0.00
3	7	0.00	0.00	1.07	1.09	0.00
Core	CPU	C1%	C3%	C6%	C8%	C9%
-	-	3.51	0.41	6.36	4.17	0.00
0	0	14.21	0.48	7.30	8.11	0.00
0	4	0.00	0.02	0.79	0.39	0.00
1	1	13.84	2.76	40.33	19.04	0.00
1	5	0.00	0.00	0.66	0.71	0.00
2	2	0.00	0.00	0.59	1.52	0.00
2	6	0.00	0.00	0.34	1.10	0.00
3	3	0.00	0.00	0.55	1.20	0.00
3	7	0.00	0.00	0.29	1.29	0.00
Core	CPU	C1%	C3%	C6%	C8%	C9%
-	-	1.70	0.34	7.66	4.01	0.00
0	0	6.38	1.54	37.95	16.57	0.00
0	4	0.00	0.00	1.11	0.40	0.00
1	1	7.19	1.14	20.43	9.83	0.00
1	5	0.00	0.02	0.49	0.60	0.00
2	2	0.00	0.00	0.50	1.89	0.00
2	6	0.00	0.00	0.27	0.90	0.00
3	3	0.00	0.00	0.37	0.88	0.00
3	7	0.00	0.00	0.14	0.99	0.00
Core	CPU	C1%	C3%	C6%	C8%	C9%
-	-	3.14	0.43	6.35	4.76	0.00
0	0	12.96	0.53	8.09	8.74	0.00
0	4	0.00	0.00	0.65	1.30	0.00
1	1	12.18	2.90	38.45	20.97	0.00
1	5	0.00	0.00	1.22	1.59	0.00
2	2	0.00	0.02	1.11	1.10	0.00
2	6	0.00	0.00	0.29	1.59	0.00
3	3	0.00	0.00	0.30	1.48	0.00
3	7	0.00	0.00	0.67	1.28	0.00
Core	CPU	C1%	C3%	C6%	C8%	C9%
-	-	0.00	0.31	8.66	4.27	0.25
0	0	0.00	2.43	65.02	26.04	0.00
0	4	0.00	0.00	0.40	0.20	2.01
1	1	0.00	0.00	0.57	1.19	0.00
1	5	0.00	0.00	0.86	1.08	0.00
2	2	0.00	0.03	1.10	1.20	0.00
2	6	0.00	0.00	0.42	1.09	0.00
3	3	0.00	0.01	0.49	1.39	0.00
3	7	0.00	0.00	0.40	1.97	0.00
Core	CPU	C1%	C3%	C6%	C8%	C9%
-	-	0.00	0.64	8.75	4.42	1.11
0	0	0.00	2.33	65.31	25.88	0.00
0	4	0.00	0.00	1.91	0.01	8.88
1	1	0.00	0.00	0.69	1.29	0.00
1	5	0.01	2.68	0.08	0.08	0.00
2	2	0.00	0.06	0.84	2.47	0.00
2	6	0.00	0.00	0.46	1.68	0.00
3	3	0.00	0.00	0.34	2.19	0.00
3	7	0.00	0.02	0.40	1.78	0.00
Core	CPU	C1%	C3%	C6%	C8%	C9%
-	-	0.00	0.33	8.46	4.04	0.00
0	0	0.00	2.58	64.74	26.09	0.00
0	4	0.00	0.00	0.37	0.40	0.00
1	1	0.00	0.00	0.24	1.39	0.00
1	5	0.00	0.00	0.23	0.30	0.00
2	2	0.00	0.03	1.24	0.60	0.00
2	6	0.00	0.00	0.28	1.28	0.00
3	3	0.00	0.00	0.47	1.18	0.00
3	7	0.00	0.00	0.14	1.08	0.00
Core	CPU	C1%	C3%	C6%	C8%	C9%
-	-	0.00	0.33	8.47	3.98	0.81
0	0	0.00	2.61	65.17	25.71	0.00
0	4	0.00	0.00	0.74	0.40	6.47
1	1	0.00	0.00	0.29	0.79	0.00
1	5	0.00	0.00	0.15	1.00	0.00
2	2	0.00	0.00	0.65	1.09	0.00
2	6	0.00	0.00	0.10	1.00	0.00
3	3	0.00	0.00	0.29	1.08	0.00
3	7	0.00	0.00	0.37	0.79	0.00
Core	CPU	C1%	C3%	C6%	C8%	C9%
-	-	2.15	0.22	6.54	7.64	0.00
0	0	8.91	0.50	8.70	5.76	0.00
0	4	0.00	0.00	0.49	0.00	0.00
1	1	8.31	1.10	41.07	22.22	0.00
1	5	0.00	0.00	0.28	0.78	0.00
2	2	0.00	0.02	0.54	1.18	0.00
2	6	0.00	0.00	0.23	1.08	0.00
3	3	0.00	0.02	0.19	0.99	0.00
3	7	0.01	0.14	0.82	29.13	0.00
Core	CPU	C1%	C3%	C6%	C8%	C9%
-	-	2.98	0.50	6.80	5.66	0.00
0	0	12.24	0.94	10.93	16.05	0.00
0	4	0.00	0.00	0.33	1.10	0.00
1	1	11.57	3.04	40.34	21.35	0.00
1	5	0.00	0.00	0.27	1.20	0.00
2	2	0.00	0.01	0.77	2.19	0.00
2	6	0.00	0.00	0.46	1.09	0.00
3	3	0.00	0.00	0.33	1.30	0.00
3	7	0.00	0.03	0.96	0.99	0.00
Core	CPU	C1%	C3%	C6%	C8%	C9%
-	-	2.57	0.43	7.03	4.67	0.32
0	0	9.94	1.04	12.41	11.89	0.01
0	4	0.00	0.00	0.46	0.89	0.00
1	1	10.62	2.43	41.05	20.78	0.00
1	5	0.01	0.00	0.32	1.29	2.57
2	2	0.00	0.02	0.88	0.31	0.00
2	6	0.00	0.00	0.18	1.09	0.00
3	3	0.00	0.00	0.46	0.41	0.00
3	7	0.00	0.00	0.45	0.69	0.00
Core	CPU	C1%	C3%	C6%	C8%	C9%
-	-	2.59	0.50	6.63	5.21	0.00
0	0	10.34	0.80	9.97	14.38	0.00
0	4	0.00	0.00	0.27	1.28	0.00
1	1	10.42	3.14	40.86	20.98	0.00
1	5	0.00	0.00	0.46	1.19	0.00
2	2	0.00	0.03	0.74	0.99	0.00
2	6	0.00	0.00	0.23	0.99	0.00
3	3	0.00	0.00	0.24	1.19	0.00
3	7	0.00	0.00	0.29	0.68	0.00
Core	CPU	C1%	C3%	C6%	C8%	C9%
-	-	0.00	0.29	8.47	4.21	0.12
0	0	0.00	2.24	65.32	25.89	0.00
0	4	0.00	0.02	0.40	0.78	0.99
1	1	0.00	0.00	0.10	1.18	0.00
1	5	0.00	0.00	0.28	0.99	0.00
2	2	0.00	0.04	0.88	1.97	0.00
2	6	0.00	0.00	0.22	0.99	0.00
3	3	0.00	0.00	0.37	0.80	0.00
3	7	0.00	0.00	0.20	1.09	0.00
Core	CPU	C1%	C3%	C6%	C8%	C9%
-	-	0.00	0.26	8.46	4.16	0.00
0	0	0.00	2.04	64.34	27.05	0.00
0	4	0.00	0.00	1.13	0.10	0.00
1	1	0.00	0.02	0.20	0.82	0.00
1	5	0.00	0.00	0.10	0.40	0.00
2	2	0.00	0.03	0.76	1.67	0.00
2	6	0.00	0.00	0.27	1.09	0.00
3	3	0.00	0.00	0.25	1.09	0.00
3	7	0.00	0.00	0.62	1.09	0.00
Core	CPU	C1%	C3%	C6%	C8%	C9%
-	-	2.75	0.34	6.46	3.74	0.00
0	0	10.75	0.56	8.91	5.16	0.00
0	4	0.00	0.00	0.26	0.30	0.00
1	1	11.21	2.12	40.87	20.23	0.00
1	5	0.00	0.00	0.23	0.99	0.00
2	2	0.00	0.02	0.80	0.20	0.00
2	6	0.00	0.00	0.18	1.09	0.00
3	3	0.00	0.00	0.28	0.89	0.00
3	7	0.00	0.00	0.15	1.08	0.00
Core	CPU	C1%	C3%	C6%	C8%	C9%
-	-	3.72	0.38	6.51	4.63	0.00
0	0	15.80	0.38	7.31	13.96	0.00
0	4	0.00	0.00	0.37	0.80	0.00
1	1	11.38	2.20	33.05	16.33	0.00
1	5	0.00	0.00	0.34	0.89	0.00
2	2	2.58	0.44	9.61	2.96	0.00
2	6	0.00	0.01	0.79	0.40	0.00
3	3	0.00	0.00	0.20	0.89	0.00
3	7	0.00	0.00	0.37	0.79	0.00
Core	CPU	C1%	C3%	C6%	C8%	C9%
-	-	2.44	0.35	6.76	4.44	0.00
0	0	9.75	1.15	10.54	8.83	0.00
0	4	0.00	0.02	0.19	0.40	0.00
1	1	2.17	0.27	9.83	5.24	0.00
1	5	0.00	0.00	0.48	1.10	0.00
2	2	7.59	1.35	31.87	16.19	0.00
2	6	0.00	0.00	0.53	1.29	0.00
3	3	0.00	0.00	0.42	1.20	0.00
3	7	0.00	0.00	0.19	1.29	0.00
Core	CPU	C1%	C3%	C6%	C8%	C9%
-	-	1.33	0.36	7.87	4.32	0.29
0	0	5.74	1.76	44.27	20.42	0.00
0	4	0.00	0.00	0.32	0.59	2.29
1	1	4.92	1.13	16.56	8.43	0.00
1	5	0.00	0.00	0.00	0.50	0.00
2	2	0.00	0.00	0.66	1.38	0.00
2	6	0.00	0.00	0.56	1.74	0.00
3	3	0.00	0.00	0.35	0.79	0.00
3	7	0.00	0.00	0.21	0.69	0.00
Core	CPU	C1%	C3%	C6%	C8%	C9%
-	-	0.22	0.30	8.07	4.08	0.00
0	0	1.18	2.22	54.99	21.66	0.00
0	4	0.00	0.00	0.57	0.40	0.00
1	1	0.00	0.00	0.36	0.79	0.00
1	5	0.00	0.00	0.34	0.90	0.00
2	2	0.56	0.18	7.02	5.86	0.00
2	6	0.00	0.00	0.50	1.44	0.00
3	3	0.00	0.00	0.29	0.99	0.00
3	7	0.00	0.00	0.48	0.59	0.00
Core	CPU	C1%	C3%	C6%	C8%	C9%
-	-	0.00	0.28	8.37	4.14	0.00
0	0	0.00	2.24	64.37	26.65	0.00
0	4	0.00	0.00	0.40	0.10	0.00
1	1	0.00	0.00	0.86	1.29	0.00
1	5	0.00	0.00	0.26	1.09	0.00
2	2	0.00	0.00	0.44	1.19	0.00
2	6	0.00	0.00	0.23	0.92	0.00
3	3	0.00	0.00	0.09	1.00	0.00
3	7	0.00	0.00	0.29	0.89	0.00
Core	CPU	C1%	C3%	C6%	C8%	C9%
-	-	0.00	0.28	8.76	4.17	0.69
0	0	0.00	2.22	66.02	25.16	0.00
0	4	0.00	0.00	0.42	0.10	5.49
1	1	0.00	0.00	0.57	1.48	0.00
1	5	0.01	0.02	0.38	1.18	0.00
2	2	0.00	0.00	0.95	1.19	0.00
2	6	0.00	0.00	1.21	1.69	0.00
3	3	0.00	0.00	0.33	1.19	0.00
3	7	0.00	0.01	0.24	1.38	0.00
Core	CPU	C1%	C3%	C6%	C8%	C9%
-	-	0.95	0.37	8.21	3.60	0.00
0	0	4.00	1.85	50.87	21.63	0.00
0	4	0.00	0.00	0.63	0.60	0.00
1	1	0.00	0.00	0.52	0.00	0.00
1	5	0.00	0.00	0.50	0.10	0.00
2	2	3.60	1.13	11.75	4.60	0.00
2	6	0.00	0.00	0.35	0.98	0.00
3	3	0.00	0.00	0.25	0.80	0.00
3	7	0.00	0.00	0.78	0.10	0.00
Core	CPU	C1%	C3%	C6%	C8%	C9%
-	-	0.00	0.29	8.74	3.76	0.76
0	0	0.00	2.34	65.29	25.86	0.00
0	4	0.00	0.00	0.93	0.58	6.10
1	1	0.00	0.00	0.45	0.89	0.00
1	5	0.00	0.00	0.53	0.89	0.00
2	2	0.00	0.02	1.36	0.00	0.00
2	6	0.00	0.00	0.49	0.83	0.00
3	3	0.00	0.00	0.23	0.74	0.00
3	7	0.00	0.00	0.63	0.30	0.00
Core	CPU	C1%	C3%	C6%	C8%	C9%
-	-	0.00	0.28	8.32	4.26	0.00
0	0	0.00	2.26	63.72	27.54	0.00
0	4	0.00	0.00	0.50	0.10	0.00
1	1	0.00	0.00	0.18	1.37	0.00
1	5	0.00	0.00	0.27	1.09	0.00
2	2	0.00	0.00	0.91	1.50	0.00
2	6	0.00	0.00	0.37	0.81	0.00
3	3	0.00	0.00	0.29	0.80	0.00
3	7	0.00	0.00	0.29	0.88	0.00
Core	CPU	C1%	C3%	C6%	C8%	C9%
-	-	4.84	0.48	7.18	4.32	0.00
0	0	21.12	0.63	13.35	14.57	0.00
0	4	0.00	0.00	0.32	0.30	0.00
1	1	0.00	0.00	0.10	0.40	0.00
1	5	0.00	0.00	0.19	1.09	0.00
2	2	17.56	3.24	41.20	16.11	0.00
2	6	0.00	0.00	0.98	0.78	0.00
3	3	0.00	0.00	0.64	0.59	0.00
3	7	0.00	0.00	0.65	0.69	0.00
Core	CPU	C1%	C3%	C6%	C8%	C9%
-	-	0.00	0.31	8.84	4.18	0.92
0	0	0.00	2.35	66.23	24.93	0.00
0	4	0.00	0.00	1.21	1.32	7.37
1	1	0.00	0.00	0.24	1.09	0.00
1	5	0.00	0.00	0.32	1.09	0.00
2	2	0.00	0.10	0.31	1.19	0.00
2	6	0.00	0.00	0.88	0.99	0.00
3	3	0.00	0.00	0.67	0.89	0.00
3	7	0.00	0.02	0.85	1.92	0.00
Core	CPU	C1%	C3%	C6%	C8%	C9%
-	-	0.00	0.32	8.46	4.32	0.43
0	0	0.00	2.49	64.29	26.71	0.00
0	4	0.00	0.01	0.79	0.59	3.48
1	1	0.00	0.00	0.55	1.09	0.00
1	5	0.00	0.00	0.25	0.99	0.00
2	2	0.00	0.00	0.58	1.70	0.00
2	6	0.00	0.00	0.38	1.29	0.00
3	3	0.00	0.00	0.30	1.18	0.00
3	7	0.00	0.03	0.54	0.98	0.00
Core	CPU	C1%	C3%	C6%	C8%	C9%
-	-	0.01	0.27	8.99	4.49	0.25
0	0	0.00	2.17	64.69	25.83	0.00
0	4	0.00	0.00	1.29	0.89	1.98
1	1	0.00	0.00	0.96	2.65	0.00
1	5	0.00	0.00	1.34	1.19	0.00
2	2	0.00	0.00	0.85	1.49	0.00
2	6	0.00	0.00	1.11	1.58	0.00
3	3	0.08	0.02	0.73	1.29	0.00
3	7	0.00	0.00	0.95	0.99	0.00
Core	CPU	C1%	C3%	C6%	C8%	C9%
-	-	0.00	0.27	8.54	4.00	0.00
0	0	0.00	2.14	64.48	26.80	0.00
0	4	0.00	0.00	0.64	0.10	0.00
1	1	0.00	0.02	0.40	0.49	0.00
1	5	0.00	0.00	0.70	0.39	0.00
2	2	0.00	0.00	0.50	1.39	0.00
2	6	0.00	0.00	0.60	0.90	0.00
3	3	0.00	0.00	0.24	1.00	0.00
3	7	0.00	0.02	0.78	0.89	0.00
Core	CPU	C1%	C3%	C6%	C8%	C9%
-	-	0.00	0.27	8.46	3.98	0.00
0	0	0.01	2.18	64.32	27.01	0.00
0	4	0.00	0.00	0.85	0.09	0.00
1	1	0.00	0.00	0.24	0.80	0.00
1	5	0.00	0.00	0.03	0.60	0.00
2	2	0.00	0.01	1.16	0.20	0.00
2	6	0.00	0.00	0.19	1.08	0.00
3	3	0.00	0.00	0.41	0.88	0.00
3	7	0.00	0.00	0.47	1.18	0.00
Core	CPU	C1%	C3%	C6%	C8%	C9%
-	-	3.09	0.55	7.02	8.38	0.00
0	0	13.42	0.90	10.04	14.18	0.04
0	4	0.00	0.00	0.58	0.60	0.00
1	1	0.00	0.00	0.32	1.28	0.00
1	5	0.00	0.00	0.35	0.89	0.00
2	2	11.31	3.21	42.52	19.43	0.00
2	6	0.00	0.02	0.98	0.80	0.00
3	3	0.00	0.00	0.19	0.89	0.00
3	7	0.01	0.29	1.17	29.00	0.00
Core	CPU	C1%	C3%	C6%	C8%	C9%
-	-	2.33	0.37	7.06	5.04	0.00
0	0	9.62	0.93	10.52	11.40	0.00
0	4	0.00	0.01	0.47	1.00	0.00
1	1	0.00	0.00	0.39	1.58	0.00
1	5	0.00	0.00	0.37	1.49	0.00
2	2	9.00	2.02	42.74	21.74	0.00
2	6	0.00	0.00	0.52	0.99	0.00
3	3	0.00	0.02	0.49	1.30	0.00
3	7	0.00	0.00	0.98	0.80	0.00
Core	CPU	C1%	C3%	C6%	C8%	C9%
-	-	3.28	0.48	6.62	5.14	0.00
0	0	12.49	0.89	9.93	14.53	0.00
0	4	0.00	0.00	0.53	1.00	0.00
1	1	0.00	0.00	0.32	0.99	0.00
1	5	0.00	0.00	0.39	1.29	0.00
2	2	13.71	2.92	40.45	19.03	0.02
2	6	0.00	0.00	0.63	1.20	0.00
3	3	0.00	0.00	0.34	1.39	0.00
3	7	0.00	0.02	0.37	1.68	0.00
Core	CPU	C1%	C3%	C6%	C8%	C9%
-	-	3.23	0.40	7.16	4.20	0.00
0	0	12.55	1.00	10.29	13.20	0.00
0	4	0.00	0.00	0.36	0.99	0.00
1	1	0.00	0.00	0.25	0.79	0.00
1	5	0.00	0.00	0.23	0.50	0.00
2	2	13.27	2.23	45.09	15.83	0.00
2	6	0.00	0.00	0.32	0.80	0.00
3	3	0.00	0.00	0.28	0.89	0.00
3	7	0.00	0.00	0.46	0.59	0.00
Core	CPU	C1%	C3%	C6%	C8%	C9%
-	-	3.10	0.52	7.97	4.37	0.00
0	0	13.40	2.54	35.56	21.08	0.00
0	4	0.00	0.00	0.19	0.89	0.00
1	1	0.00	0.00	0.27	0.79	0.00
1	5	0.00	0.00	0.36	1.08	0.00
2	2	11.39	1.55	26.27	8.33	0.00
2	6	0.00	0.00	0.40	0.59	0.00
3	3	0.00	0.00	0.19	0.90	0.00
3	7	0.00	0.02	0.51	1.28	0.00
Core	CPU	C1%	C3%	C6%	C8%	C9%
-	-	0.00	0.28	8.47	4.22	0.00
0	0	0.00	2.18	64.34	26.94	0.00
0	4	0.00	0.02	0.41	0.09	0.00
1	1	0.00	0.00	0.10	0.99	0.00
1	5	0.00	0.00	0.39	1.19	0.00
2	2	0.00	0.02	1.36	0.79	0.00
2	6	0.00	0.00	0.45	1.19	0.00
3	3	0.00	0.00	0.43	1.19	0.00
3	7	0.00	0.00	0.29	1.39	0.00
Core	CPU	C1%	C3%	C6%	C8%	C9%
-	-	0.00	0.53	9.02	4.04	1.79
0	0	0.00	2.61	66.58	24.39	0.00
0	4	0.00	0.00	1.93	0.00	14.34
1	1	0.00	0.00	1.12	0.71	0.00
1	5	0.01	1.62	0.15	0.00	0.00
2	2	0.00	0.01	1.20	1.97	0.00
2	6	0.00	0.00	0.47	1.78	0.00
3	3	0.00	0.00	0.46	1.68	0.00
3	7	0.00	0.00	0.28	1.78	0.00
Core	CPU	C1%	C3%	C6%	C8%	C9%
-	-	0.00	0.26	8.59	4.03	0.00
0	0	0.00	2.10	64.33	27.02	0.00
0	4	0.00	0.00	0.87	0.10	0.00
1	1	0.00	0.00	0.35	0.69	0.00
1	5	0.00	0.00	0.84	0.79	0.00
2	2	0.00	0.02	1.01	0.70	0.00
2	6	0.00	0.00	0.49	0.99	0.00
3	3	0.00	0.00	0.38	1.09	0.00
3	7	0.00	0.00	0.47	0.89	0.00
Core	CPU	C1%	C3%	C6%	C8%	C9%
-	-	0.00	0.36	8.99	4.36	1.19
0	0	0.01	2.77	66.00	24.67	0.00
0	4	0.00	0.00	0.79	0.20	9.50
1	1	0.00	0.00	2.15	2.34	0.00
1	5	0.00	0.04	0.60	0.99	0.00
2	2	0.00	0.00	0.96	0.80	0.00
2	6	0.00	0.02	0.70	2.58	0.00
3	3	0.00	0.02	0.37	1.89	0.00
3	7	0.00	0.00	0.38	1.39	0.00
Core	CPU	C1%	C3%	C6%	C8%	C9%
-	-	4.22	0.44	7.53	5.10	0.01
0	0	18.11	1.02	14.12	19.26	0.12
0	4	0.00	0.00	0.41	0.71	0.00
1	1	15.62	2.45	44.14	16.28	0.00
1	5	0.00	0.00	0.10	0.99	0.00
2	2	0.00	0.04	0.67	0.98	0.00
2	6	0.00	0.00	0.45	0.60	0.00
3	3	0.00	0.00	0.14	0.99	0.00
3	7	0.00	0.02	0.19	1.00	0.00
Core	CPU	C1%	C3%	C6%	C8%	C9%
-	-	1.95	0.33	7.08	4.66	0.00
0	0	7.48	0.80	12.24	11.57	0.00
0	4	0.00	0.00	1.07	0.68	0.00
1	1	8.11	1.82	41.48	21.58	0.00
1	5	0.00	0.02	0.19	0.40	0.00
2	2	0.00	0.00	0.84	0.20	0.00
2	6	0.00	0.00	0.28	0.99	0.00
3	3	0.00	0.00	0.37	0.79	0.00
3	7	0.00	0.00	0.14	1.08	0.00
Core	CPU	C1%	C3%	C6%	C8%	C9%
-	-	2.97	0.48	6.91	5.06	0.00
0	0	12.15	0.67	10.55	13.14	0.00
0	4	0.00	0.00	0.95	1.11	0.00
1	1	11.63	3.15	40.95	19.50	0.00
1	5	0.00	0.00	0.52	1.50	0.00
2	2	0.00	0.05	0.99	1.19	0.00
2	6	0.00	0.00	0.29	1.49	0.00
3	3	0.00	0.00	0.29	1.48	0.00
3	7	0.00	0.00	0.76	1.09	0.00
Core	CPU	C1%	C3%	C6%	C8%	C9%
-	-	2.61	0.33	7.18	4.67	0.00
0	0	10.42	1.19	10.60	13.61	0.00
0	4	0.00	0.02	0.49	0.00	0.00
1	1	10.42	1.39	44.28	19.28	0.00
1	5	0.00	0.00	0.27	1.09	0.00
2	2	0.00	0.04	0.85	0.69	0.00
2	6	0.00	0.00	0.33	0.99	0.00
3	3	0.00	0.02	0.29	0.90	0.00
3	7	0.00	0.00	0.33	0.79	0.00
Core	CPU	C1%	C3%	C6%	C8%	C9%
-	-	0.00	0.28	8.66	4.23	0.46
0	0	0.00	2.21	64.81	26.38	0.00
0	4	0.00	0.00	0.63	0.00	3.70
1	1	0.00	0.00	0.18	0.80	0.00
1	5	0.00	0.00	0.54	1.19	0.00
2	2	0.00	0.03	0.67	1.69	0.00
2	6	0.00	0.00	0.45	1.19	0.00
3	3	0.00	0.00	0.68	1.49	0.00
3	7	0.00	0.02	1.28	1.09	0.00
Core	CPU	C1%	C3%	C6%	C8%	C9%
-	-	0.00	0.27	8.46	4.28	1.06
0	0	0.00	2.14	65.02	26.31	0.00
0	4	0.00	0.00	0.56	0.10	8.49
1	1	0.00	0.00	0.33	1.02	0.00
1	5	0.00	0.00	0.32	1.49	0.00
2	2	0.00	0.00	0.40	1.39	0.00
2	6	0.00	0.00	0.37	1.29	0.00
3	3	0.00	0.00	0.36	1.29	0.00
3	7	0.00	0.00	0.34	1.39	0.00
Core	CPU	C1%	C3%	C6%	C8%	C9%
-	-	0.11	0.28	8.37	4.23	0.06
0	0	0.57	2.17	62.10	26.41	0.49
0	4	0.00	0.00	1.07	0.10	0.00
1	1	0.30	0.09	1.94	1.35	0.00
1	5	0.00	0.00	0.14	1.09	0.00
2	2	0.00	0.02	0.51	1.30	0.00
2	6	0.00	0.00	0.59	1.58	0.00
3	3	0.00	0.00	0.19	0.89	0.00
3	7	0.00	0.00	0.37	1.08	0.00
Core	CPU	C1%	C3%	C6%	C8%	C9%
-	-	1.89	0.29	6.37	4.67	0.00
0	0	7.69	0.84	9.48	8.08	0.00
0	4	0.00	0.00	0.19	0.41	0.00
1	1	7.40	1.46	39.48	23.67	0.00
1	5	0.00	0.00	0.28	0.99	0.00
2	2	0.00	0.00	0.57	1.09	0.00
2	6	0.00	0.00	0.33	0.89	0.00
3	3	0.00	0.00	0.22	1.10	0.00
3	7	0.00	0.00	0.38	1.13	0.00
Core	CPU	C1%	C3%	C6%	C8%	C9%
-	-	3.81	0.37	6.71	4.63	0.00
0	0	16.08	0.53	10.18	12.86	0.00
0	4	0.00	0.00	0.04	0.59	0.00
1	1	9.40	1.79	30.80	15.95	0.00
1	5	0.00	0.00	0.00	0.70	0.00
2	2	5.02	0.67	11.65	3.67	0.00
2	6	0.00	0.00	0.27	1.09	0.00
3	3	0.00	0.00	0.24	0.89	0.00
3	7	0.00	0.00	0.50	1.29	0.00
Core	CPU	C1%	C3%	C6%	C8%	C9%
-	-	1.63	0.30	6.62	4.58	0.00
0	0	6.89	0.96	10.10	8.36	0.00
0	4	0.00	0.00	0.37	0.89	0.00
1	1	1.75	0.32	11.75	7.52	0.00
1	5	0.00	0.00	0.39	0.79	0.00
2	2	4.38	1.11	29.01	16.89	0.00
2	6	0.00	0.00	0.69	0.41	0.00
3	3	0.00	0.00	0.33	0.99	0.00
3	7	0.00	0.00	0.35	0.79	0.00
Core	CPU	C1%	C3%	C6%	C8%	C9%
-	-	1.00	0.64	7.76	4.77	0.00
0	0	3.86	1.70	40.74	21.94	0.00
0	4	0.00	0.00	0.38	1.09	0.00
1	1	3.52	1.22	15.35	7.53	0.00
1	5	0.00	1.42	0.10	0.11	0.00
2	2	0.59	0.77	4.33	3.53	0.00
2	6	0.00	0.00	0.49	1.59	0.00
3	3	0.00	0.00	0.29	1.30	0.00
3	7	0.00	0.00	0.38	1.09	0.00
Core	CPU	C1%	C3%	C6%	C8%	C9%
-	-	0.00	0.26	8.49	4.02	0.00
0	0	0.00	2.04	64.83	26.54	0.00
0	4	0.00	0.02	0.61	0.10	0.00
1	1	0.00	0.00	0.10	1.18	0.00
1	5	0.00	0.00	0.69	0.50	0.00
2	2	0.00	0.00	0.70	0.90	0.00
2	6	0.00	0.00	0.46	0.89	0.00
3	3	0.00	0.00	0.33	1.09	0.00
3	7	0.00	0.00	0.20	1.00	0.00
Core	CPU	C1%	C3%	C6%	C8%	C9%
-	-	0.00	0.28	8.75	4.15	0.00
0	0	0.00	2.18	65.20	26.11	0.00
0	4	0.00	0.00	0.72	0.09	0.00
1	1	0.00	0.00	1.02	0.80	0.00
1	5	0.00	0.02	0.70	0.00	0.00
2	2	0.00	0.02	0.70	1.59	0.00
2	6	0.00	0.00	0.48	1.28	0.00
3	3	0.00	0.00	0.85	1.78	0.00
3	7	0.00	0.00	0.33	1.58	0.00
Core	CPU	C1%	C3%	C6%	C8%	C9%
-	-	1.67	0.25	6.77	7.62	0.00
0	0	6.39	1.15	22.88	11.05	0.00
0	4	0.00	0.00	0.88	0.00	0.00
1	1	6.93	0.67	27.86	17.15	0.00
1	5	0.00	0.00	0.44	0.69	0.00
2	2	0.00	0.02	0.43	1.18	0.00
2	6	0.00	0.00	0.28	1.09	0.00
3	3	0.00	0.00	0.19	0.89	0.00
3	7	0.01	0.19	1.21	28.89	0.00
Core	CPU	C1%	C3%	C6%	C8%	C9%
-	-	2.39	0.35	7.37	4.42	0.01
0	0	10.23	0.92	24.19	13.43	0.11
0	4	0.00	0.00	0.60	0.00	0.00
1	1	8.92	1.83	29.77	16.10	0.00
1	5	0.00	0.00	0.91	1.29	0.00
2	2	0.00	0.01	1.45	0.49	0.00
2	6	0.00	0.00	0.72	1.98	0.00
3	3	0.00	0.01	0.39	1.19	0.00
3	7	0.00	0.00	0.89	0.89	0.00
Core	CPU	C1%	C3%	C6%	C8%	C9%
-	-	1.98	0.25	6.76	4.18	0.00
0	0	7.91	0.87	9.26	7.01	0.00
0	4	0.00	0.00	0.63	0.00	0.00
1	1	7.95	1.05	41.88	22.41	0.00
1	5	0.00	0.00	0.00	0.59	0.00
2	2	0.00	0.03	0.78	0.98	0.00
2	6	0.00	0.00	0.46	0.79	0.00
3	3	0.00	0.00	0.25	0.89	0.00
3	7	0.00	0.03	0.79	0.79	0.00
Core	CPU	C1%	C3%	C6%	C8%	C9%
-	-	3.89	0.49	6.60	4.73	0.00
0	0	15.88	0.94	9.46	11.78	0.00
0	4	0.00	0.00	1.25	0.90	0.00
1	1	15.23	2.96	39.55	18.25	0.00
1	5	0.00	0.00	0.71	0.80	0.00
2	2	0.00	0.06	0.68	1.18	0.00
2	6	0.00	0.00	0.10	1.29	0.00
3	3	0.00	0.00	0.47	1.68	0.00
3	7	0.00	0.00	0.59	1.98	0.00
Core	CPU	C1%	C3%	C6%	C8%	C9%
-	-	1.53	0.24	6.81	5.18	0.00
0	0	6.25	0.76	11.27	12.87	0.00
0	4	0.00	0.00	0.19	0.31	0.00
1	1	6.02	1.16	40.53	23.99	0.00
1	5	0.00	0.00	0.41	0.91	0.00
2	2	0.00	0.00	1.06	0.79	0.00
2	6	0.00	0.00	0.32	0.99	0.00
3	3	0.00	0.01	0.39	0.80	0.00
3	7	0.00	0.00	0.28	0.79	0.00
Core	CPU	C1%	C3%	C6%	C8%	C9%
-	-	3.19	0.42	6.49	4.11	0.00
0	0	13.97	0.57	8.54	9.38	0.01
0	4	0.00	0.02	0.00	0.49	0.00
1	1	11.51	2.79	41.18	18.41	0.00
1	5	0.00	0.00	0.88	0.49	0.00
2	2	0.00	0.00	0.57	1.00	0.00
2	6	0.00	0.00	0.24	0.90	0.00
3	3	0.00	0.00	0.31	1.30	0.00
3	7	0.00	0.00	0.19	0.90	0.00
Core	CPU	C1%	C3%	C6%	C8%	C9%
-	-	1.25	0.35	7.71	4.61	0.00
0	0	5.29	1.64	42.18	19.79	0.00
0	4	0.00	0.00	0.65	0.00	0.00
1	1	4.70	1.13	17.05	9.49	0.00
1	5	0.00	0.02	0.50	0.89	0.00
2	2	0.00	0.01	0.31	1.36	0.00
2	6	0.00	0.00	0.38	1.48	0.00
3	3	0.00	0.00	0.37	2.36	0.00
3	7	0.00	0.00	0.24	1.48	0.00
Core	CPU	C1%	C3%	C6%	C8%	C9%
-	-	1.13	0.39	7.90	3.98	0.87
0	0	4.55	1.90	48.46	20.85	0.00
0	4	0.00	0.00	0.36	0.80	6.97
1	1	4.48	1.16	12.47	5.97	0.00
1	5	0.00	0.04	0.16	1.09	0.00
2	2	0.00	0.04	0.77	0.82	0.00
2	6	0.00	0.00	0.10	0.88	0.00
3	3	0.00	0.00	0.28	0.89	0.00
3	7	0.00	0.00	0.59	0.58	0.00
Core	CPU	C1%	C3%	C6%	C8%	C9%
-	-	2.19	0.36	6.54	4.22	0.00
0	0	9.25	0.46	9.13	8.24	0.00
0	4	0.00	0.00	0.39	0.40	0.00
1	1	8.31	2.44	40.54	21.27	0.00
1	5	0.00	0.00	0.17	0.98	0.00
2	2	0.00	0.00	1.05	0.50	0.00
2	6	0.00	0.00	0.32	0.89	0.00
3	3	0.00	0.01	0.39	0.80	0.00
3	7	0.00	0.00	0.38	0.68	0.00
Core	CPU	C1%	C3%	C6%	C8%	C9%
-	-	2.79	0.46	7.02	5.95	0.10
0	0	12.00	0.69	12.38	21.60	0.01
0	4	0.00	0.03	0.27	0.50	0.79
1	1	10.31	2.93	40.96	21.23	0.00
1	5	0.00	0.00	0.28	0.89	0.00
2	2	0.00	0.00	0.47	1.09	0.00
2	6	0.00	0.00	0.34	0.99	0.00
3	3	0.00	0.00	0.63	0.59	0.00
3	7	0.00	0.00	0.79	0.69	0.00
Core	CPU	C1%	C3%	C6%	C8%	C9%
-	-	0.00	0.28	8.43	4.14	0.00
0	0	0.00	2.14	64.35	26.71	0.00
0	4	0.00	0.00	0.34	0.11	0.00
1	1	0.00	0.10	0.70	1.00	0.00
1	5	0.00	0.02	0.39	0.80	0.00
2	2	0.00	0.01	0.81	2.31	0.00
2	6	0.00	0.00	0.27	0.89	0.00
3	3	0.00	0.00	0.37	0.79	0.00
3	7	0.00	0.00	0.24	0.49	0.00
Core	CPU	C1%	C3%	C6%	C8%	C9%
-	-	0.00	0.27	8.47	4.12	0.48
0	0	0.00	2.17	64.44	26.87	0.00
0	4	0.00	0.00	0.65	0.49	3.87
1	1	0.00	0.00	0.87	0.60	0.00
1	5	0.00	0.00	0.31	1.10	0.00
2	2	0.00	0.02	0.60	1.04	0.00
2	6	0.00	0.00	0.20	1.19	0.00
3	3	0.00	0.00	0.19	0.99	0.00
3	7	0.00	0.00	0.47	0.69	0.00
Core	CPU	C1%	C3%	C6%	C8%	C9%
-	-	1.66	0.35	7.12	3.88	0.00
0	0	6.99	1.09	26.20	12.37	0.00
0	4	0.00	0.00	0.09	0.40	0.00
1	1	6.30	1.65	28.62	13.79	0.00
1	5	0.01	0.00	0.38	0.81	0.00
2	2	0.00	0.01	0.66	0.90	0.00
2	6	0.00	0.00	0.32	0.89	0.00
3	3	0.00	0.01	0.29	0.79	0.00
3	7	0.00	0.01	0.38	1.09	0.00
Core	CPU	C1%	C3%	C6%	C8%	C9%
-	-	0.00	0.28	8.43	4.02	0.00
0	0	0.00	2.26	64.21	26.97	0.00
0	4	0.00	0.00	0.42	0.31	0.00
1	1	0.00	0.00	0.20	0.70	0.00
1	5	0.00	0.00	0.64	0.89	0.00
2	2	0.00	0.00	0.48	1.10	0.00
2	6	0.00	0.00	0.35	0.79	0.00
3	3	0.00	0.00	0.33	0.90	0.00
3	7	0.00	0.00	0.80	0.50	0.00
Core	CPU	C1%	C3%	C6%	C8%	C9%
-	-	0.00	0.29	8.51	4.32	0.48
0	0	0.00	2.31	64.71	26.45	0.00
0	4	0.00	0.00	0.92	0.19	3.84
1	1	0.00	0.00	0.73	1.88	0.00
1	5	0.00	0.00	0.32	1.57	0.00
2	2	0.00	0.00	0.62	1.74	0.00
2	6	0.00	0.00	0.28	0.89	0.00
3	3	0.00	0.00	0.37	0.89	0.00
3	7	0.00	0.00	0.14	0.98	0.00
Core	CPU	C1%	C3%	C6%	C8%	C9%
-	-	0.00	0.28	8.46	4.13	0.55
0	0	0.00	2.24	64.62	26.61	0.00
0	4	0.00	0.00	0.96	0.00	4.38
1	1	0.00	0.00	0.26	1.67	0.00
1	5	0.00	0.00	0.34	1.09	0.00
2	2	0.00	0.02	0.80	0.82	0.00
2	6	0.00	0.00	0.10	1.09	0.00
3	3	0.00	0.00	0.19	1.08	0.00
3	7	0.00	0.00	0.37	0.69	0.00
Core	CPU	C1%	C3%	C6%	C8%	C9%
-	-	0.00	0.28	8.37	4.11	0.00
0	0	0.00	2.23	64.57	26.67	0.00
0	4	0.00	0.00	0.60	0.00	0.00
1	1	0.00	0.00	0.20	1.29	0.00
1	5	0.00	0.00	0.28	0.89	0.00
2	2	0.00	0.01	0.52	1.19	0.00
2	6	0.00	0.00	0.22	1.09	0.00
3	3	0.00	0.02	0.29	0.99	0.00
3	7	0.00	0.00	0.29	0.79	0.00
Core	CPU	C1%	C3%	C6%	C8%	C9%
-	-	0.00	0.29	8.55	4.04	0.65
0	0	0.00	2.22	65.71	25.56	0.00
0	4	0.00	0.00	0.63	0.12	5.19
1	1	0.00	0.00	0.40	0.60	0.00
1	5	0.00	0.00	0.19	1.29	0.00
2	2	0.00	0.06	0.76	1.28	0.00
2	6	0.00	0.00	0.36	0.99	0.00
3	3	0.00	0.00	0.15	1.19	0.00
3	7	0.00	0.03	0.19	1.31	0.00
Core	CPU	C1%	C3%	C6%	C8%	C9%
-	-	2.47	0.34	6.30	4.23	0.00
0	0	10.01	0.64	7.03	5.85	0.00
0	4	0.00	0.00	0.66	1.10	0.00
1	1	9.72	2.03	40.38	21.85	0.00
1	5	0.00	0.02	0.79	0.78	0.00
2	2	0.00	0.02	0.41	1.52	0.00
2	6	0.00	0.00	0.28	0.88	0.00
3	3	0.00	0.00	0.37	0.79	0.00
3	7	0.00	0.00	0.53	1.09	0.00
Core	CPU	C1%	C3%	C6%	C8%	C9%
-	-	0.00	0.28	8.67	3.98	0.20
0	0	0.00	2.23	65.17	26.00	0.00
0	4	0.00	0.00	0.54	0.99	1.58
1	1	0.00	0.00	0.86	0.49	0.00
1	5	0.00	0.00	0.35	0.87	0.00
2	2	0.00	0.00	1.13	0.70	0.00
2	6	0.00	0.01	0.80	0.79	0.00
3	3	0.00	0.00	0.10	1.28	0.00
3	7	0.00	0.00	0.41	0.69	0.00
Core	CPU	C1%	C3%	C6%	C8%	C9%
-	-	0.00	0.29	8.71	4.05	0.57
0	0	0.00	2.29	64.88	26.23	0.00
0	4	0.00	0.02	0.60	0.00	4.59
1	1	0.00	0.00	0.30	1.09	0.00
1	5	0.00	0.00	0.38	0.89	0.00
2	2	0.00	0.00	0.82	2.10	0.00
2	6	0.00	0.00	1.72	0.79	0.00
3	3	0.00	0.02	0.30	0.70	0.00
3	7	0.02	0.00	0.71	0.59	0.00
Core	CPU	C1%	C3%	C6%	C8%	C9%
-	-	0.00	0.26	8.48	3.92	0.00
0	0	0.00	2.03	64.43	27.00	0.00
0	4	0.00	0.00	0.82	0.10	0.00
1	1	0.00	0.01	0.29	0.79	0.00
1	5	0.00	0.00	0.42	0.11	0.00
2	2	0.00	0.00	0.50	1.09	0.00
2	6	0.00	0.00	0.74	0.89	0.00
3	3	0.00	0.00	0.15	0.79	0.00
3	7	0.00	0.03	0.49	0.59	0.00
Core	CPU	C1%	C3%	C6%	C8%	C9%
-	-	1.09	0.27	7.49	7.95	0.01
0	0	4.21	1.46	34.87	17.80	0.11
0	4	0.00	0.00	0.56	0.09	0.00
1	1	4.48	0.54	21.80	14.13	0.00
1	5	0.00	0.00	0.43	0.10	0.00
2	2	0.00	0.01	0.80	0.31	0.00
2	6	0.00	0.00	0.18	1.09	0.00
3	3	0.00	0.00	0.27	0.89	0.00
3	7	0.01	0.11	1.04	29.17	0.00
Core	CPU	C1%	C3%	C6%	C8%	C9%
-	-	1.00	0.35	8.27	4.15	0.00
0	0	4.46	1.82	49.82	23.44	0.00
0	4	0.00	0.00	0.67	0.51	0.00
1	1	3.57	0.97	12.63	5.85	0.00
1	5	0.00	0.00	0.24	1.00	0.00
2	2	0.00	0.00	1.13	0.60	0.00
2	6	0.00	0.01	0.80	0.40	0.00
3	3	0.00	0.00	0.20	0.88	0.00
3	7	0.00	0.00	0.67	0.50	0.00
Core	CPU	C1%	C3%	C6%	C8%	C9%
-	-	1.32	0.32	7.40	5.23	0.20
0	0	5.96	0.92	20.10	12.51	0.00
0	4	0.00	0.02	0.68	0.81	1.58
1	1	4.64	0.93	34.92	20.53	0.00
1	5	0.00	0.00	0.38	1.59	0.00
2	2	0.00	0.01	0.96	1.48	0.00
2	6	0.00	0.68	0.53	1.50	0.00
3	3	0.00	0.00	0.91	1.79	0.00
3	7	0.00	0.00	0.78	1.68	0.00
Core	CPU	C1%	C3%	C6%	C8%	C9%
-	-	2.95	0.46	6.45	4.67	0.00
0	0	11.93	0.71	10.12	12.52	0.00
0	4	0.00	0.00	0.23	0.30	0.00
1	1	11.68	2.95	39.89	20.46	0.00
1	5	0.00	0.00	0.00	0.59	0.00
2	2	0.00	0.02	0.59	0.89	0.00
2	6	0.00	0.00	0.37	0.79	0.00
3	3	0.00	0.00	0.25	0.80	0.00
3	7	0.00	0.00	0.13	0.99	0.00
Core	CPU	C1%	C3%	C6%	C8%	C9%
-	-	1.49	0.30	7.60	4.84	0.01
0	0	5.87	1.42	29.96	18.85	0.11
0	4	0.00	0.00	0.37	0.88	0.00
1	1	6.06	0.91	28.31	14.88	0.00
1	5	0.00	0.00	0.83	0.30	0.00
2	2	0.00	0.04	0.41	0.97	0.00
2	6	0.00	0.00	0.18	1.00	0.00
3	3	0.00	0.00	0.28	0.80	0.00
3	7	0.00	0.00	0.50	1.08	0.00
Core	CPU	C1%	C3%	C6%	C8%	C9%
-	-	2.66	0.42	6.49	4.94	0.00
0	0	10.79	0.82	10.51	12.04	0.00
0	4	0.00	0.00	0.19	0.69	0.00
1	1	10.50	2.54	39.69	21.52	0.00
1	5	0.00	0.00	0.36	0.89	0.00
2	2	0.00	0.02	0.65	1.19	0.00
2	6	0.00	0.00	0.13	1.09	0.00
3	3	0.00	0.00	0.20	1.19	0.00
3	7	0.00	0.00	0.19	0.89	0.00
Core	CPU	C1%	C3%	C6%	C8%	C9%
-	-	2.93	0.57	6.77	4.82	0.01
0	0	12.86	1.18	9.57	13.93	0.05
0	4	0.00	0.00	0.61	0.89	0.00
1	1	10.60	2.50	41.29	18.43	0.00
1	5	0.01	0.89	0.18	0.00	0.00
2	2	0.00	0.00	1.26	1.68	0.00
2	6	0.00	0.00	0.64	0.89	0.00
3	3	0.00	0.00	0.40	1.68	0.00
3	7	0.00	0.00	0.19	1.10	0.00
Core	CPU	C1%	C3%	C6%	C8%	C9%
-	-	3.41	0.48	6.46	4.80	0.00
0	0	13.71	0.61	10.08	14.53	0.00
0	4	0.00	0.00	0.15	1.09	0.00
1	1	13.53	3.23	39.91	19.36	0.00
1	5	0.00	0.02	0.50	0.00	0.00
2	2	0.00	0.00	0.10	0.30	0.00
2	6	0.00	0.00	0.28	1.28	0.00
3	3	0.00	0.00	0.54	1.09	0.00
3	7	0.00	0.00	0.15	0.78	0.00
Core	CPU	C1%	C3%	C6%	C8%	C9%
-	-	2.03	0.30	7.23	5.13	0.00
0	0	7.68	1.15	12.50	13.21	0.01
0	4	0.00	0.00	0.49	1.19	0.00
1	1	8.53	1.22	42.74	20.64	0.00
1	5	0.00	0.00	0.93	0.80	0.01
2	2	0.00	0.00	0.33	1.09	0.00
2	6	0.00	0.02	0.36	1.09	0.00
3	3	0.00	0.00	0.19	1.29	0.00
3	7	0.00	0.00	0.27	1.68	0.00
Core	CPU	C1%	C3%	C6%	C8%	C9%
-	-	0.00	0.31	8.55	4.06	0.00
0	0	0.00	2.36	65.16	25.85	0.00
0	4	0.00	0.02	0.30	0.20	0.00
1	1	0.00	0.00	0.39	0.60	0.00
1	5	0.00	0.00	0.58	1.09	0.00
2	2	0.00	0.00	0.85	1.19	0.00
2	6	0.00	0.00	0.25	1.38	0.00
3	3	0.00	0.11	0.52	1.09	0.00
3	7	0.00	0.00	0.39	1.09	0.00
Core	CPU	C1%	C3%	C6%	C8%	C9%
-	-	2.04	0.28	6.73	4.36	0.00
0	0	8.02	1.07	10.18	10.01	0.00
0	4	0.00	0.00	0.54	0.19	0.00
1	1	8.29	1.18	41.63	20.98	0.00
1	5	0.00	0.00	0.00	0.50	0.00
2	2	0.00	0.00	0.29	0.88	0.00
2	6	0.00	0.00	0.36	0.98	0.00
3	3	0.00	0.00	0.54	0.69	0.00
3	7	0.00	0.02	0.27	0.68	0.00
Core	CPU	C1%	C3%	C6%	C8%	C9%
-	-	3.23	0.52	6.63	4.53	0.00
0	0	14.46	1.00	9.65	12.95	0.00
0	4	0.00	0.00	0.36	0.30	0.00
1	1	11.39	2.74	41.79	19.57	0.00
1	5	0.00	0.39	0.18	0.10	0.00
2	2	0.00	0.00	0.00	0.40	0.00
2	6	0.00	0.00	0.20	1.28	0.00
3	3	0.00	0.00	0.47	1.09	0.00
3	7	0.00	0.00	0.42	0.53	0.00
Core	CPU	C1%	C3%	C6%	C8%	C9%
-	-	2.46	0.32	6.68	4.57	0.00
0	0	9.88	1.23	10.44	11.23	0.00
0	4	0.00	0.00	0.09	0.50	0.00
1	1	9.82	1.28	40.69	21.57	0.00
1	5	0.00	0.00	0.88	0.30	0.00
2	2	0.00	0.00	0.25	0.89	0.00
2	6	0.00	0.00	0.32	0.50	0.00
3	3	0.00	0.01	0.30	0.79	0.00
3	7	0.00	0.01	0.49	0.80	0.00
Core	CPU	C1%	C3%	C6%	C8%	C9%
-	-	3.07	0.41	6.69	4.35	0.00
0	0	12.23	0.92	10.41	10.84	0.01
0	4	0.00	0.00	0.67	1.11	0.00
1	1	12.33	2.38	40.46	18.99	0.00
1	5	0.00	0.00	0.18	0.99	0.00
2	2	0.00	0.00	0.36	1.09	0.00
2	6	0.00	0.00	0.35	0.69	0.00
3	3	0.00	0.00	0.23	0.70	0.00
3	7	0.00	0.00	0.85	0.39	0.00
Core	CPU	C1%	C3%	C6%	C8%	C9%
-	-	1.40	0.28	7.16	3.87	0.00
0	0	5.58	1.56	29.54	12.52	0.00
0	4	0.00	0.00	0.54	0.10	0.00
1	1	5.62	0.68	25.62	15.25	0.00
1	5	0.00	0.02	0.19	0.39	0.00
2	2	0.00	0.00	0.40	0.00	0.00
2	6	0.00	0.00	0.38	0.88	0.00
3	3	0.00	0.00	0.37	0.88	0.00
3	7	0.00	0.00	0.27	0.91	0.00
Core	CPU	C1%	C3%	C6%	C8%	C9%
-	-	3.53	0.50	6.85	4.52	0.00
0	0	15.46	0.72	10.78	12.05	0.00
0	4	0.00	0.00	0.56	0.80	0.00
1	1	12.76	3.24	41.15	18.32	0.00
1	5	0.00	0.00	0.53	0.90	0.00
2	2	0.00	0.02	0.38	1.00	0.00
2	6	0.00	0.00	0.19	1.09	0.00
3	3	0.00	0.00	0.68	1.09	0.00
3	7	0.00	0.00	0.50	0.90	0.00
Core	CPU	C1%	C3%	C6%	C8%	C9%
-	-	2.61	0.35	6.87	4.79	0.01
0	0	10.40	0.91	11.27	12.32	0.00
0	4	0.00	0.00	0.00	0.49	0.00
1	1	9.97	1.89	42.04	20.32	0.00
1	5	0.00	0.00	0.27	0.99	0.07
2	2	0.00	0.00	0.36	0.89	0.00
2	6	0.48	0.00	0.24	1.09	0.00
3	3	0.00	0.02	0.39	0.89	0.00
3	7	0.00	0.00	0.38	1.30	0.00
Core	CPU	C1%	C3%	C6%	C8%	C9%
-	-	2.82	0.47	6.63	4.37	0.00
0	0	12.37	0.88	9.36	11.41	0.00
0	4	0.00	0.00	0.13	0.59	0.00
1	1	10.19	2.85	42.29	18.91	0.00
1	5	0.00	0.00	0.10	0.40	0.00
2	2	0.00	0.00	0.27	0.89	0.00
2	6	0.00	0.00	0.36	0.89	0.00
3	3	0.00	0.00	0.33	1.00	0.00
3	7	0.00	0.02	0.24	0.91	0.00
Core	CPU	C1%	C3%	C6%	C8%	C9%
-	-	1.69	0.25	6.54	4.54	0.11
0	0	6.12	0.70	8.87	7.83	0.01
0	4	0.00	0.00	0.62	0.93	0.00
1	1	7.43	1.29	40.41	22.72	0.00
1	5	0.00	0.00	0.82	0.59	0.00
2	2	0.00	0.01	0.39	0.89	0.00
2	6	0.00	0.00	0.34	1.29	0.00
3	3	0.00	0.00	0.28	1.08	0.00
3	7	0.00	0.00	0.56	1.00	0.89
Core	CPU	C1%	C3%	C6%	C8%	C9%
-	-	1.36	0.48	8.27	4.07	0.98
0	0	6.26	2.57	51.33	19.72	0.00
0	4	0.00	0.00	0.57	1.10	7.81
1	1	4.66	1.26	12.28	5.89	0.00
1	5	0.00	0.00	0.69	1.09	0.00
2	2	0.00	0.00	0.33	1.19	0.00
2	6	0.00	0.02	0.29	1.19	0.00
3	3	0.00	0.00	0.29	1.29	0.00
3	7	0.00	0.00	0.42	1.08	0.00
Core	CPU	C1%	C3%	C6%	C8%	C9%
-	-	1.60	0.31	6.93	4.14	0.00
0	0	6.63	1.24	18.07	9.15	0.00
0	4	0.00	0.02	0.19	0.41	0.00
1	1	6.17	1.22	35.77	19.58	0.00
1	5	0.00	0.00	0.28	0.99	0.00
2	2	0.00	0.00	0.36	0.70	0.00
2	6	0.00	0.00	0.34	0.80	0.00
3	3	0.00	0.00	0.23	0.89	0.00
3	7	0.00	0.00	0.18	0.61	0.00
Core	CPU	C1%	C3%	C6%	C8%	C9%
-	-	3.79	0.45	6.97	4.74	0.02
0	0	16.07	0.98	10.13	15.89	0.13
0	4	0.00	0.00	0.25	1.00	0.00
1	1	14.28	2.63	43.63	16.00	0.00
1	5	0.00	0.00	0.30	0.94	0.04
2	2	0.00	0.00	0.29	0.79	0.00
2	6	0.00	0.00	0.37	1.19	0.00
3	3	0.00	0.00	0.55	0.99	0.00
3	7	0.00	0.00	0.23	1.09	0.00
Core	CPU	C1%	C3%	C6%	C8%	C9%
-	-	2.56	0.34	6.88	8.32	0.03
0	0	9.49	0.70	11.37	11.64	0.24
0	4	0.00	0.00	0.26	0.90	0.00
1	1	10.96	1.77	41.37	21.36	0.00
1	5	0.00	0.00	0.22	0.91	0.00
2	2	0.00	0.02	0.29	0.60	0.00
2	6	0.00	0.00	0.18	1.19	0.00
3	3	0.00	0.00	0.19	0.78	0.00
3	7	0.01	0.23	1.13	29.19	0.00
Core	CPU	C1%	C3%	C6%	C8%	C9%
-	-	3.40	0.49	6.65	4.58	0.00
0	0	13.98	0.94	9.72	12.93	0.00
0	4	0.00	0.00	0.09	1.00	0.00
1	1	13.25	2.93	40.70	19.24	0.00
1	5	0.00	0.00	0.95	0.00	0.00
2	2	0.00	0.00	0.35	0.89	0.00
2	6	0.00	0.00	0.33	0.99	0.00
3	3	0.00	0.01	0.29	1.00	0.00
3	7	0.00	0.00	0.78	0.60	0.00
Core	CPU	C1%	C3%	C6%	C8%	C9%
-	-	1.21	0.31	7.38	4.41	0.04
0	0	4.86	1.68	23.49	11.60	0.00
0	4	0.00	0.00	0.43	0.30	0.34
1	1	4.79	0.77	32.81	18.79	0.00
1	5	0.00	0.00	0.52	0.88	0.00
2	2	0.00	0.00	0.68	0.79	0.00
2	6	0.00	0.00	0.46	0.99	0.00
3	3	0.00	0.00	0.35	0.89	0.00
3	7	0.00	0.02	0.30	0.99	0.00
Core	CPU	C1%	C3%	C6%	C8%	C9%
-	-	0.05	0.44	9.17	3.38	3.19
0	0	0.35	3.53	67.81	16.05	0.00
0	4	0.00	0.00	0.75	0.21	25.49
1	1	0.02	0.03	2.49	3.45	0.00
1	5	0.00	0.00	0.33	1.31	0.00
2	2	0.00	0.00	0.69	1.17	0.00
2	6	0.00	0.00	0.50	1.67	0.00
3	3	0.00	0.00	0.38	1.57	0.00
3	7	0.00	0.00	0.46	1.57	0.00
Core	CPU	C1%	C3%	C6%	C8%	C9%
-	-	1.19	0.29	7.03	5.81	0.00
0	0	4.81	0.82	12.40	15.07	0.00
0	4	0.00	0.00	0.47	1.10	0.00
1	1	3.31	0.70	30.37	18.65	0.00
1	5	0.01	0.00	0.63	1.30	0.00
2	2	1.42	0.82	10.81	7.18	0.00
2	6	0.00	0.02	0.77	0.80	0.00
3	3	0.00	0.00	0.20	1.19	0.00
3	7	0.00	0.00	0.56	1.19	0.00
Core	CPU	C1%	C3%	C6%	C8%	C9%
-	-	2.05	0.42	6.83	5.78	0.00
0	0	8.53	0.97	11.89	18.43	0.00
0	4	0.00	0.00	0.10	0.50	0.00
1	1	0.00	0.00	0.18	0.99	0.00
1	5	0.00	0.00	0.37	0.79	0.00
2	2	7.88	2.39	41.27	22.34	0.00
2	6	0.00	0.00	0.13	0.99	0.00
3	3	0.00	0.01	0.39	0.89	0.00
3	7	0.00	0.00	0.30	1.27	0.00
Core	CPU	C1%	C3%	C6%	C8%	C9%
-	-	2.09	0.53	7.32	5.87	0.00
0	0	8.31	1.40	14.88	17.72	0.00
0	4	0.00	0.00	0.62	1.30	0.00
1	1	0.00	0.00	0.22	0.43	0.00
1	5	0.00	0.00	0.19	1.62	0.00
2	2	0.00	0.00	0.91	1.28	0.00
2	6	0.00	0.00	0.55	1.29	0.00
3	3	8.40	2.82	40.50	22.24	0.00
3	7	0.00	0.00	0.69	1.07	0.00
Core	CPU	C1%	C3%	C6%	C8%	C9%
-	-	3.03	0.43	6.36	5.29	0.12
0	0	11.96	0.66	8.11	15.99	0.00
0	4	0.00	0.00	0.37	0.99	0.00
1	1	0.00	0.00	0.36	0.99	0.00
1	5	0.00	0.00	0.33	1.01	0.00
2	2	12.30	2.62	40.47	20.53	0.00
2	6	0.00	0.00	0.18	1.11	0.98
3	3	0.00	0.10	0.19	0.99	0.00
3	7	0.00	0.10	0.87	0.69	0.00
Core	CPU	C1%	C3%	C6%	C8%	C9%
-	-	2.58	0.30	6.22	3.99	0.00
0	0	9.62	0.57	8.63	5.73	0.00
0	4	0.00	0.00	0.19	0.90	0.00
1	1	0.00	0.00	0.28	0.89	0.00
1	5	0.00	0.00	0.36	0.80	0.00
2	2	10.99	1.76	38.85	21.33	0.00
2	6	0.00	0.00	0.22	0.99	0.00
3	3	0.00	0.00	0.09	1.00	0.00
3	7	0.00	0.04	1.14	0.30	0.00
Core	CPU	C1%	C3%	C6%	C8%	C9%
-	-	2.80	0.49	6.72	5.03	0.44
0	0	12.69	0.87	10.52	12.04	0.06
0	4	0.00	0.02	0.28	0.89	0.00
1	1	0.00	0.00	0.38	1.97	0.00
1	5	0.01	0.00	0.54	0.99	3.44
2	2	9.74	3.01	40.17	21.95	0.00
2	6	0.00	0.00	0.64	0.89	0.00
3	3	0.00	0.00	0.32	0.80	0.00
3	7	0.00	0.00	0.93	0.68	0.00
Core	CPU	C1%	C3%	C6%	C8%	C9%
-	-	2.11	0.35	6.45	4.44	0.00
0	0	8.93	1.08	10.01	8.19	0.00
0	4	0.00	0.00	0.05	0.50	0.00
1	1	0.00	0.00	0.23	1.10	0.00
1	5	0.00	0.02	0.20	0.50	0.00
2	2	7.98	1.68	40.10	22.39	0.00
2	6	0.00	0.00	0.37	0.89	0.00
3	3	0.00	0.00	0.37	0.89	0.00
3	7	0.00	0.00	0.27	1.11	0.00
Core	CPU	C1%	C3%	C6%	C8%	C9%
-	-	0.43	0.44	9.14	3.55	1.91
0	0	1.91	3.25	65.22	21.53	0.12
0	4	0.00	0.00	0.65	1.00	15.15
1	1	0.00	0.00	0.35	0.79	0.00
1	5	0.00	0.00	0.24	0.89	0.00
2	2	1.40	0.24	5.03	2.36	0.00
2	6	0.09	0.00	0.58	0.30	0.00
3	3	0.00	0.00	0.58	0.88	0.00
3	7	0.00	0.00	0.46	0.60	0.00
Core	CPU	C1%	C3%	C6%	C8%	C9%
-	-	0.00	0.52	9.23	3.78	1.97
0	0	0.00	3.29	68.87	21.25	0.00
0	4	0.00	0.00	0.59	0.30	15.76
1	1	0.00	0.04	0.79	1.86	0.00
1	5	0.00	0.00	0.46	1.49	0.00
2	2	0.00	0.00	0.35	1.78	0.00
2	6	0.00	0.71	0.81	0.29	0.00
3	3	0.00	0.12	0.96	1.87	0.00
3	7	0.00	0.04	1.00	1.36	0.00
Core	CPU	C1%	C3%	C6%	C8%	C9%
-	-	4.08	0.45	6.82	4.03	0.04
0	0	16.77	0.37	10.47	12.24	0.05
0	4	0.00	0.00	0.63	0.49	0.00
1	1	0.00	0.01	0.71	0.37	0.00
1	5	0.00	0.00	0.10	0.40	0.00
2	2	0.00	0.00	0.28	0.89	0.00
2	6	0.00	0.00	0.37	0.69	0.00
3	3	15.84	3.17	41.20	16.28	0.00
3	7	0.00	0.06	0.80	0.89	0.23
Core	CPU	C1%	C3%	C6%	C8%	C9%
-	-	2.25	0.34	6.53	4.20	0.01
0	0	9.13	0.94	11.52	7.06	0.11
0	4	0.00	0.00	0.45	0.20	0.00
1	1	0.00	0.00	0.84	0.68	0.00
1	5	0.00	0.02	0.10	0.59	0.00
2	2	0.00	0.00	0.20	0.50	0.00
2	6	0.00	0.00	0.28	1.18	0.00
3	3	8.90	1.71	38.03	22.68	0.00
3	7	0.00	0.06	0.81	0.69	0.00
Core	CPU	C1%	C3%	C6%	C8%	C9%
-	-	2.75	0.55	6.68	3.88	0.20
0	0	10.93	0.47	6.96	7.42	0.00
0	4	0.00	0.00	0.88	0.50	0.00
1	1	0.00	0.00	0.46	1.19	0.00
1	5	0.00	1.48	0.13	0.01	0.00
2	2	0.00	0.00	0.33	1.39	0.00
2	6	0.00	0.00	0.41	1.59	0.00
3	3	11.05	2.40	42.97	18.25	0.00
3	7	0.00	0.08	1.28	0.69	1.61
Core	CPU	C1%	C3%	C6%	C8%	C9%
-	-	2.32	0.24	6.51	3.59	0.00
0	0	8.86	0.69	9.51	4.04	0.00
0	4	0.00	0.03	0.39	0.00	0.00
1	1	0.00	0.00	0.19	0.50	0.00
1	5	0.00	0.00	0.48	0.59	0.00
2	2	0.00	0.00	0.36	0.69	0.00
2	6	0.00	0.00	0.44	0.88	0.00
3	3	9.69	1.16	39.72	21.68	0.00
3	7	0.00	0.06	1.01	0.30	0.00
Core	CPU	C1%	C3%	C6%	C8%	C9%
-	-	4.24	0.44	6.75	3.75	0.00
0	0	17.79	0.46	10.73	9.47	0.00
0	4	0.00	0.00	0.54	0.29	0.00
1	1	0.00	0.00	0.62	0.31	0.00
1	5	0.00	0.01	0.40	0.00	0.00
2	2	0.00	0.00	0.25	0.99	0.00
2	6	0.00	0.00	0.28	0.89	0.00
3	3	16.11	2.82	40.03	17.12	0.00
3	7	0.00	0.21	1.12	0.89	0.00
Core	CPU	C1%	C3%	C6%	C8%	C9%
-	-	2.68	0.36	7.25	3.74	0.12
0	0	10.53	0.86	9.71	6.32	0.00
0	4	0.00	0.00	0.27	0.90	0.00
1	1	0.00	0.00	0.46	1.08	0.00
1	5	0.00	0.00	0.54	0.89	0.00
2	2	0.00	0.00	0.82	0.39	0.00
2	6	0.00	0.01	0.88	0.30	0.00
3	3	10.93	1.96	43.73	18.27	0.00
3	7	0.00	0.09	1.62	1.75	0.99
Core	CPU	C1%	C3%	C6%	C8%	C9%
-	-	0.00	0.37	8.77	3.86	0.00
0	0	0.00	2.86	65.94	24.63	0.00
0	4	0.00	0.00	0.20	0.40	0.00
1	1	0.00	0.00	0.77	0.50	0.00
1	5	0.00	0.00	0.58	1.09	0.00
2	2	0.00	0.00	0.65	1.09	0.00
2	6	0.00	0.00	0.33	1.19	0.00
3	3	0.00	0.02	0.39	0.90	0.00
3	7	0.00	0.09	1.29	1.11	0.00
Core	CPU	C1%	C3%	C6%	C8%	C9%
-	-	0.00	0.42	9.14	3.90	1.02
0	0	0.00	2.96	67.75	22.70	0.00
0	4	0.00	0.00	1.22	0.11	8.19
1	1	0.00	0.02	0.29	1.68	0.00
1	5	0.01	0.25	0.10	1.29	0.00
2	2	0.00	0.00	0.29	1.38	0.00
2	6	0.00	0.00	1.74	1.19	0.00
3	3	0.00	0.00	0.45	1.87	0.00
3	7	0.00	0.16	1.28	0.99	0.00
Core	CPU	C1%	C3%	C6%	C8%	C9%
-	-	0.00	0.31	8.65	3.80	0.58
0	0	0.00	2.42	65.86	25.18	0.00
0	4	0.00	0.00	0.66	0.10	4.66
1	1	0.00	0.00	0.24	1.00	0.00
1	5	0.00	0.00	0.23	0.90	0.00
2	2	0.00	0.00	0.50	0.39	0.00
2	6	0.00	0.00	0.20	0.98	0.00
3	3	0.00	0.00	0.28	1.07	0.00
3	7	0.00	0.03	1.21	0.79	0.00
Core	CPU	C1%	C3%	C6%	C8%	C9%
-	-	2.04	0.28	6.92	5.36	0.01
0	0	8.04	0.69	9.13	6.74	0.11
0	4	0.00	0.00	0.88	0.30	0.00
1	1	0.00	0.00	0.34	1.28	0.00
1	5	0.00	0.00	0.36	0.99	0.00
2	2	0.00	0.00	0.23	0.90	0.00
2	6	0.00	0.02	0.26	1.02	0.00
3	3	8.26	1.28	42.44	20.63	0.00
3	7	0.01	0.27	1.74	11.06	0.00
Core	CPU	C1%	C3%	C6%	C8%	C9%
-	-	0.00	0.42	9.00	6.00	0.58
0	0	0.03	3.07	66.17	24.13	0.00
0	4	0.00	0.02	0.59	0.31	4.67
1	1	0.00	0.00	0.43	1.98	0.00
1	5	0.00	0.00	0.37	1.48	0.00
2	2	0.00	0.00	0.85	1.19	0.00
2	6	0.00	0.00	1.23	0.89	0.00
3	3	0.00	0.19	0.41	1.09	0.00
3	7	0.01	0.11	1.93	16.97	0.00
Core	CPU	C1%	C3%	C6%	C8%	C9%
-	-	1.23	0.31	7.72	4.85	0.17
0	0	5.03	1.92	39.65	22.12	0.00
0	4	0.00	0.00	0.65	0.00	1.36
1	1	4.80	0.56	19.44	11.70	0.00
1	5	0.00	0.00	0.00	0.50	0.00
2	2	0.00	0.00	0.48	1.08	0.00
2	6	0.00	0.00	0.36	0.89	0.00
3	3	0.00	0.00	0.35	0.98	0.00
3	7	0.00	0.04	0.81	1.56	0.00
Core	CPU	C1%	C3%	C6%	C8%	C9%
-	-	2.80	0.50	7.38	5.94	0.00
0	0	11.76	0.77	13.42	21.78	0.00
0	4	0.00	0.00	0.45	1.10	0.00
1	1	10.60	3.16	42.84	19.56	0.00
1	5	0.00	0.00	0.28	1.38	0.00
2	2	0.00	0.01	0.39	1.00	0.00
2	6	0.00	0.00	0.20	1.29	0.00
3	3	0.00	0.00	0.26	0.90	0.00
3	7	0.00	0.06	1.20	0.50	0.00
Core	CPU	C1%	C3%	C6%	C8%	C9%
-	-	0.75	0.28	7.83	4.64	0.44
0	0	3.39	1.67	37.73	15.76	0.00
0	4	0.00	0.00	0.30	0.39	3.49
1	1	2.60	0.52	21.66	14.11	0.00
1	5	0.00	0.00	0.82	1.14	0.00
2	2	0.00	0.00	0.40	1.69	0.00
2	6	0.00	0.00	0.32	1.19	0.00
3	3	0.00	0.02	0.39	1.00	0.00
3	7	0.00	0.00	1.00	1.86	0.00
Core	CPU	C1%	C3%	C6%	C8%	C9%
-	-	2.61	0.61	6.88	4.73	0.01
0	0	10.82	1.70	11.29	13.00	0.10
0	4	0.00	0.00	0.23	1.08	0.00
1	1	8.07	2.16	23.80	10.85	0.00
1	5	0.00	0.00	0.57	0.60	0.00
2	2	2.00	1.00	16.98	10.91	0.00
2	6	0.00	0.00	0.35	0.69	0.00
3	3	0.00	0.00	0.73	0.19	0.00
3	7	0.00	0.03	1.08	0.48	0.00
Core	CPU	C1%	C3%	C6%	C8%	C9%
-	-	2.06	0.32	6.97	4.61	0.00
0	0	8.18	1.11	11.54	10.48	0.00
0	4	0.00	0.00	0.44	0.52	0.00
1	1	8.26	1.37	40.49	22.58	0.00
1	5	0.00	0.00	0.32	0.40	0.00
2	2	0.00	0.09	0.60	0.30	0.00
2	6	0.00	0.00	0.28	1.09	0.00
3	3	0.00	0.00	0.86	0.30	0.00
3	7	0.00	0.00	1.24	1.19	0.00
Core	CPU	C1%	C3%	C6%	C8%	C9%
-	-	2.27	0.38	7.00	4.85	0.00
0	0	8.76	0.93	20.22	13.94	0.00
0	4	0.00	0.00	0.58	0.41	0.00
1	1	0.00	0.00	0.76	0.31	0.00
1	5	0.00	0.00	0.45	1.59	0.00
2	2	9.39	2.07	32.62	19.45	0.00
2	6	0.00	0.02	0.20	1.09	0.00
3	3	0.00	0.00	0.78	1.20	0.00
3	7	0.00	0.00	0.43	0.79	0.00
Core	CPU	C1%	C3%	C6%	C8%	C9%
-	-	1.74	0.40	6.72	4.57	0.02
0	0	7.12	1.03	8.70	9.49	0.12
0	4	0.00	0.00	0.55	0.39	0.00
1	1	0.00	0.00	0.14	0.99	0.00
1	5	0.00	0.00	0.27	1.18	0.00
2	2	6.83	2.14	41.67	22.36	0.00
2	6	0.00	0.00	0.54	1.28	0.00
3	3	0.00	0.00	1.00	0.39	0.00
3	7	0.00	0.01	0.88	0.49	0.00
Core	CPU	C1%	C3%	C6%	C8%	C9%
-	-	2.72	0.39	6.89	4.26	0.00
0	0	10.36	1.04	10.76	11.20	0.00
0	4	0.00	0.00	0.35	0.21	0.00
1	1	0.00	0.00	0.14	0.99	0.00
1	5	0.00	0.02	0.19	0.68	0.00
2	2	11.42	2.09	42.10	18.95	0.00
2	6	0.00	0.00	0.56	0.70	0.00
3	3	0.00	0.00	0.37	0.78	0.00
3	7	0.00	0.00	0.64	0.59	0.00
Core	CPU	C1%	C3%	C6%	C8%	C9%
-	-	2.22	0.42	7.15	5.58	0.02
0	0	8.72	1.45	16.91	17.67	0.13
0	4	0.00	0.00	0.68	0.50	0.00
1	1	9.06	1.91	36.76	19.46	0.00
1	5	0.00	0.00	0.45	0.99	0.00
2	2	0.00	0.00	1.13	0.69	0.00
2	6	0.00	0.00	0.51	1.88	0.00
3	3	0.00	0.00	0.20	1.29	0.00
3	7	0.00	0.00	0.56	2.17	0.00
Core	CPU	C1%	C3%	C6%	C8%	C9%
-	-	0.00	0.30	8.54	4.18	0.00
0	0	0.00	2.42	64.88	26.01	0.00
0	4	0.00	0.02	0.60	0.00	0.00
1	1	0.00	0.00	0.60	1.28	0.00
1	5	0.00	0.00	0.88	1.58	0.00
2	2	0.00	0.00	0.37	0.69	0.00
2	6	0.00	0.00	0.25	1.09	0.00
3	3	0.00	0.00	0.33	1.18	0.00
3	7	0.00	0.00	0.38	1.59	0.00
Core	CPU	C1%	C3%	C6%	C8%	C9%
-	-	0.00	0.30	8.44	3.83	0.00
0	0	0.00	2.24	64.70	26.46	0.00
0	4	0.00	0.02	1.03	0.00	0.00
1	1	0.00	0.00	0.34	1.38	0.00
1	5	0.00	0.05	0.17	0.60	0.00
2	2	0.00	0.03	0.06	0.70	0.00
2	6	0.00	0.02	0.45	0.49	0.00
3	3	0.00	0.02	0.35	0.49	0.00
3	7	0.00	0.00	0.42	0.49	0.00
Core	CPU	C1%	C3%	C6%	C8%	C9%
-	-	0.00	0.30	8.67	3.87	0.00
0	0	0.00	2.36	65.29	25.79	0.00
0	4	0.00	0.00	0.67	0.21	0.00
1	1	0.00	0.00	0.60	1.26	0.00
1	5	0.00	0.00	0.25	0.99	0.00
2	2	0.00	0.00	0.32	0.90	0.00
2	6	0.00	0.00	0.69	0.80	0.00
3	3	0.00	0.00	0.79	0.39	0.00
3	7	0.00	0.01	0.76	0.59	0.00
Core	CPU	C1%	C3%	C6%	C8%	C9%
-	-	1.69	0.22	6.50	4.36	0.00
0	0	6.15	0.72	9.06	6.95	0.00
0	4	0.00	0.00	0.68	0.31	0.00
1	1	7.38	1.06	40.24	23.17	0.00
1	5	0.00	0.00	0.27	0.99	0.00
2	2	0.00	0.00	0.25	0.99	0.00
2	6	0.00	0.00	0.32	0.99	0.00
3	3	0.00	0.02	0.39	1.20	0.00
3	7	0.00	0.00	0.78	0.30	0.00
Core	CPU	C1%	C3%	C6%	C8%	C9%
-	-	0.77	0.32	8.34	4.09	0.62
0	0	3.63	2.06	52.36	21.93	0.00
0	4	0.00	0.00	0.42	0.59	4.96
1	1	2.54	0.50	10.23	5.81	0.00
1	5	0.00	0.00	0.98	0.39	0.00
2	2	0.00	0.00	0.47	1.35	0.00
2	6	0.00	0.00	0.36	0.80	0.00
3	3	0.00	0.00	0.94	0.88	0.00
3	7	0.00	0.03	0.96	0.99	0.00
Core	CPU	C1%	C3%	C6%	C8%	C9%
-	-	0.01	0.32	8.91	3.68	0.00
0	0	0.00	2.38	65.01	25.95	0.00
0	4	0.00	0.03	0.73	0.49	0.00
1	1	0.07	0.04	1.25	0.10	0.00
1	5	0.00	0.05	0.27	0.10	0.00
2	2	0.00	0.00	0.50	0.00	0.00
2	6	0.00	0.02	1.74	0.79	0.00
3	3	0.00	0.03	0.93	0.79	0.00
3	7	0.00	0.02	0.89	1.19	0.00
Core	CPU	C1%	C3%	C6%	C8%	C9%
-	-	0.00	0.28	8.71	3.99	1.02
0	0	0.00	2.23	64.87	26.38	0.00
0	4	0.00	0.00	0.88	0.00	8.16
1	1	0.00	0.02	0.92	1.39	0.00
1	5	0.00	0.00	0.25	0.89	0.00
2	2	0.00	0.01	0.82	0.79	0.00
2	6	0.00	0.00	0.60	0.60	0.00
3	3	0.00	0.00	0.88	0.79	0.00
3	7	0.00	0.00	0.47	1.08	0.00
Core	CPU	C1%	C3%	C6%	C8%	C9%
-	-	0.00	0.32	9.04	3.96	0.77
0	0	0.00	2.54	66.09	24.88	0.00
0	4	0.00	0.00	0.79	0.21	6.15
1	1	0.00	0.03	2.05	1.58	0.00
1	5	0.00	0.00	0.67	1.29	0.00
2	2	0.00	0.00	0.64	0.60	0.00
2	6	0.00	0.00	1.01	0.99	0.00
3	3	0.00	0.02	0.67	0.90	0.00
3	7	0.00	0.00	0.39	1.19	0.00
Core	CPU	C1%	C3%	C6%	C8%	C9%
-	-	3.12	0.45	6.70	4.64	0.01
0	0	13.49	0.63	9.64	12.92	0.11
0	4	0.00	0.00	0.33	0.30	0.00
1	1	11.48	2.94	41.01	19.64	0.00
1	5	0.00	0.00	0.18	1.09	0.00
2	2	0.00	0.00	0.37	0.89	0.00
2	6	0.00	0.00	0.35	0.79	0.00
3	3	0.00	0.00	0.73	0.19	0.00
3	7	0.00	0.03	0.97	1.29	0.00
Core	CPU	C1%	C3%	C6%	C8%	C9%
-	-	0.00	0.30	8.50	3.91	0.04
0	0	0.00	2.38	65.19	25.91	0.00
0	4	0.00	0.00	0.47	0.08	0.30
1	1	0.00	0.00	0.55	1.01	0.00
1	5	0.00	0.03	0.29	0.10	0.00
2	2	0.00	0.00	0.12	0.70	0.00
2	6	0.00	0.00	0.28	0.99	0.00
3	3	0.00	0.00	0.66	1.38	0.00
3	7	0.00	0.00	0.41	1.09	0.00
Core	CPU	C1%	C3%	C6%	C8%	C9%
-	-	0.00	0.28	8.44	4.16	0.00
0	0	0.00	2.12	64.52	26.84	0.00
0	4	0.00	0.00	0.97	0.20	0.00
1	1	0.00	0.04	0.66	1.19	0.00
1	5	0.00	0.00	0.24	0.99	0.00
2	2	0.00	0.02	0.39	1.00	0.00
2	6	0.00	0.00	0.10	1.19	0.00
3	3	0.00	0.00	0.19	0.89	0.00
3	7	0.00	0.03	0.47	0.99	0.00
Core	CPU	C1%	C3%	C6%	C8%	C9%
-	-	4.44	0.46	7.13	4.27	0.01
0	0	18.37	0.68	11.52	11.76	0.10
0	4	0.00	0.00	0.09	0.40	0.00
1	1	11.47	1.79	24.92	10.07	0.00
1	5	0.00	0.00	0.95	0.78	0.00
2	2	5.69	1.18	18.31	8.18	0.00
2	6	0.00	0.00	0.79	1.40	0.00
3	3	0.00	0.02	0.19	0.90	0.00
3	7	0.00	0.00	0.29	0.69	0.00
Core	CPU	C1%	C3%	C6%	C8%	C9%
-	-	4.36	0.50	6.83	8.15	0.00
0	0	17.49	0.81	13.46	15.70	0.00
0	4	0.00	0.00	0.22	0.30	0.00
1	1	6.42	1.19	17.45	7.94	0.00
1	5	0.00	0.00	0.49	0.69	0.00
2	2	10.92	1.78	21.23	9.22	0.00
2	6	0.00	0.00	0.44	0.80	0.00
3	3	0.00	0.00	0.23	0.99	0.00
3	7	0.01	0.26	1.12	29.59	0.00
Core	CPU	C1%	C3%	C6%	C8%	C9%
-	-	1.97	0.33	6.40	4.55	0.38
0	0	7.37	0.67	9.49	9.31	0.00
0	4	0.00	0.00	0.46	0.40	0.00
1	1	8.37	1.80	39.03	22.85	0.00
1	5	0.00	0.20	0.03	0.04	3.01
2	2	0.00	0.00	0.00	0.50	0.00
2	6	0.00	0.00	0.68	1.69	0.00
3	3	0.00	0.00	0.28	0.89	0.00
3	7	0.00	0.00	1.26	0.70	0.00
Core	CPU	C1%	C3%	C6%	C8%	C9%
-	-	2.70	0.45	6.83	4.88	0.00
0	0	11.62	1.15	11.02	11.54	0.00
0	4	0.00	0.00	0.37	1.19	0.00
1	1	9.98	2.43	40.64	21.37	0.00
1	5	0.00	0.00	0.47	0.80	0.00
2	2	0.00	0.00	0.83	0.69	0.00
2	6	0.00	0.00	0.67	0.89	0.00
3	3	0.00	0.00	0.19	1.19	0.00
3	7	0.00	0.02	0.49	1.37	0.00
Core	CPU	C1%	C3%	C6%	C8%	C9%
-	-	1.76	0.21	6.98	4.60	0.10
0	0	6.65	0.64	12.89	8.90	0.00
0	4	0.00	0.02	0.40	0.20	0.00
1	1	7.45	0.99	39.28	22.56	0.00
1	5	0.00	0.00	0.64	0.99	0.80
2	2	0.00	0.00	0.66	1.19	0.00
2	6	0.00	0.00	0.44	1.19	0.00
3	3	0.00	0.00	0.32	1.09	0.00
3	7	0.00	0.00	1.21	0.71	0.00
Core	CPU	C1%	C3%	C6%	C8%	C9%
-	-	3.44	0.49	6.82	5.09	0.00
0	0	13.74	0.76	11.13	15.69	0.00
0	4	0.00	0.00	0.15	0.50	0.00
1	1	13.74	3.18	41.62	19.58	0.00
1	5	0.00	0.00	0.29	0.20	0.00
2	2	0.00	0.00	0.19	0.94	0.00
2	6	0.02	0.00	0.27	0.89	0.00
3	3	0.00	0.00	0.45	1.39	0.00
3	7	0.00	0.01	0.45	1.56	0.00
Core	CPU	C1%	C3%	C6%	C8%	C9%
-	-	1.54	0.23	6.77	5.29	0.00
0	0	6.27	0.75	10.37	11.63	0.01
0	4	0.00	0.00	0.37	0.99	0.00
1	1	6.09	1.10	41.14	23.91	0.00
1	5	0.00	0.00	0.63	0.70	0.00
2	2	0.00	0.00	0.41	1.51	0.00
2	6	0.00	0.00	0.66	1.59	0.00
3	3	0.00	0.00	0.29	0.98	0.00
3	7	0.00	0.00	0.26	0.99	0.00
Core	CPU	C1%	C3%	C6%	C8%	C9%
-	-	0.86	0.48	7.84	4.28	0.00
0	0	4.07	1.87	49.32	22.03	0.00
0	4	0.00	0.00	0.20	0.30	0.00
1	1	2.78	0.87	11.79	8.00	0.00
1	5	0.00	1.10	0.07	0.00	0.00
2	2	0.00	0.00	0.25	0.89	0.00
2	6	0.00	0.00	0.43	0.79	0.00
3	3	0.00	0.01	0.39	1.09	0.00
3	7	0.00	0.00	0.30	1.18	0.00
Core	CPU	C1%	C3%	C6%	C8%	C9%
-	-	1.71	0.25	6.46	4.79	0.00
0	0	6.97	0.92	9.41	9.33	0.00
0	4	0.00	0.00	0.25	0.99	0.00
1	1	6.71	1.10	40.22	24.04	0.00
1	5	0.00	0.02	0.65	0.32	0.00
2	2	0.00	0.00	0.19	0.99	0.00
2	6	0.00	0.00	0.36	0.89	0.00
3	3	0.00	0.00	0.36	0.79	0.00
3	7	0.00	0.00	0.23	0.99	0.00
Core	CPU	C1%	C3%	C6%	C8%	C9%
-	-	2.23	0.44	7.52	4.91	0.01
0	0	9.57	1.27	23.48	15.72	0.06
0	4	0.00	0.00	0.69	0.28	0.00
1	1	8.25	2.21	33.21	17.87	0.00
1	5	0.00	0.00	0.64	1.49	0.00
2	2	0.00	0.00	0.72	0.69	0.00
2	6	0.00	0.00	0.70	0.79	0.00
3	3	0.00	0.00	0.30	0.99	0.00
3	7	0.00	0.00	0.44	1.40	0.00
Core	CPU	C1%	C3%	C6%	C8%	C9%
-	-	0.00	0.32	8.53	4.13	0.00
0	0	0.00	2.51	64.38	26.44	0.00
0	4	0.00	0.01	0.50	0.00	0.00
1	1	0.00	0.02	0.77	0.69	0.00
1	5	0.00	0.00	0.36	1.58	0.00
2	2	0.00	0.00	0.26	1.09	0.00
2	6	0.00	0.00	0.23	1.09	0.00
3	3	0.00	0.02	0.96	1.49	0.00
3	7	0.00	0.00	0.78	0.69	0.00
Core	CPU	C1%	C3%	C6%	C8%	C9%
-	-	0.67	0.32	8.21	3.82	0.55
0	0	3.33	1.91	51.66	21.95	0.00
0	4	0.00	0.00	0.83	0.20	4.39
1	1	2.05	0.63	11.45	4.63	0.00
1	5	0.00	0.00	0.10	0.60	0.00
2	2	0.00	0.00	0.29	0.88	0.00
2	6	0.00	0.00	0.56	0.59	0.00
3	3	0.00	0.00	0.34	0.99	0.00
3	7	0.00	0.00	0.42	0.69	0.00
Core	CPU	C1%	C3%	C6%	C8%	C9%
-	-	0.00	0.32	8.52	3.71	1.57
0	0	0.01	2.51	65.23	25.58	0.00
0	4	0.00	0.00	0.77	0.00	12.56
1	1	0.00	0.04	0.34	0.50	0.00
1	5	0.00	0.01	0.20	0.80	0.00
2	2	0.00	0.01	0.29	0.80	0.00
2	6	0.00	0.00	0.58	0.21	0.00
3	3	0.00	0.00	0.47	0.89	0.00
3	7	0.00	0.00	0.25	0.89	0.00
Core	CPU	C1%	C3%	C6%	C8%	C9%
-	-	4.10	0.54	7.69	5.78	0.00
0	0	17.26	1.78	19.15	21.15	0.00
0	4	0.00	0.00	1.28	0.00	0.00
1	1	15.54	2.55	39.10	16.74	0.00
1	5	0.00	0.00	0.59	1.48	0.00
2	2	0.00	0.00	0.28	1.88	0.00
2	6	0.00	0.00	0.23	1.38	0.00
3	3	0.00	0.00	0.47	2.18	0.00
3	7	0.00	0.01	0.38	1.39	0.00
Core	CPU	C1%	C3%	C6%	C8%	C9%
-	-	3.66	0.74	7.23	5.88	0.00
0	0	16.05	0.85	14.73	21.96	0.02
0	4	0.00	0.00	0.51	0.91	0.00
1	1	13.21	5.04	40.57	19.37	0.00
1	5	0.00	0.00	0.48	0.98	0.00
2	2	0.00	0.00	0.28	1.18	0.00
2	6	0.00	0.00	0.34	1.09	0.00
3	3	0.00	0.00	0.25	1.09	0.00
3	7	0.00	0.02	0.69	0.49	0.00
Core	CPU	C1%	C3%	C6%	C8%	C9%
-	-	3.58	0.42	7.71	5.75	0.00
0	0	15.85	0.91	15.83	22.46	0.00
0	4	0.00	0.00	0.36	0.70	0.00
1	1	12.76	2.44	43.94	19.58	0.00
1	5	0.00	0.00	0.62	0.31	0.00
2	2	0.00	0.00	0.10	0.50	0.00
2	6	0.00	0.00	0.10	0.99	0.00
3	3	0.00	0.00	0.27	0.89	0.00
3	7	0.00	0.00	0.45	0.60	0.00
Core	CPU	C1%	C3%	C6%	C8%	C9%
-	-	1.33	0.28	7.11	5.77	0.00
0	0	5.18	1.10	12.77	18.19	0.00
0	4	0.00	0.00	0.00	0.59	0.00
1	1	5.45	1.17	42.10	23.85	0.00
1	5	0.00	0.00	0.75	0.40	0.00
2	2	0.00	0.00	0.15	0.79	0.00
2	6	0.00	0.00	0.32	0.89	0.00
3	3	0.00	0.01	0.39	0.80	0.00
3	7	0.00	0.00	0.38	0.69	0.00
Core	CPU	C1%	C3%	C6%	C8%	C9%
-	-	3.10	0.53	7.39	6.25	0.00
0	0	13.71	1.14	13.31	23.22	0.00
0	4	0.00	0.00	0.22	1.10	0.00
1	1	11.12	3.06	43.42	19.61	0.00
1	5	0.00	0.00	0.53	1.10	0.00
2	2	0.00	0.00	0.46	1.09	0.00
2	6	0.00	0.00	0.45	1.19	0.00
3	3	0.00	0.00	0.42	1.20	0.00
3	7	0.00	0.02	0.28	1.49	0.00
Core	CPU	C1%	C3%	C6%	C8%	C9%
-	-	1.79	0.36	7.07	4.82	0.00
0	0	7.05	1.64	13.63	12.30	0.00
0	4	0.00	0.00	0.45	0.90	0.00
1	1	7.23	1.22	40.59	22.21	0.00
1	5	0.00	0.00	0.26	1.20	0.00
2	2	0.00	0.01	0.29	0.20	0.00
2	6	0.00	0.00	0.58	0.29	0.00
3	3	0.00	0.00	0.28	0.79	0.00
3	7	0.00	0.00	0.45	0.69	0.00
Core	CPU	C1%	C3%	C6%	C8%	C9%
-	-	0.00	0.33	8.75	3.93	0.00
0	0	0.00	2.61	65.34	25.50	0.00
0	4	0.00	0.00	0.58	0.31	0.00
1	1	0.00	0.03	1.16	1.26	0.00
1	5	0.00	0.00	0.35	0.88	0.00
2	2	0.00	0.00	0.70	0.69	0.00
2	6	0.00	0.02	0.48	1.00	0.00
3	3	0.00	0.00	0.99	0.79	0.00
3	7	0.00	0.00	0.38	0.99	0.00
Core	CPU	C1%	C3%	C6%	C8%	C9%
-	-	0.00	0.31	8.56	3.96	0.00
0	0	0.00	2.49	65.18	25.72	0.00
0	4	0.00	0.02	0.99	0.00	0.00
1	1	0.00	0.00	0.41	0.90	0.00
1	5	0.00	0.00	0.18	1.10	0.00
2	2	0.00	0.00	0.36	0.79	0.00
2	6	0.00	0.00	0.33	1.00	0.00
3	3	0.00	0.00	0.52	0.99	0.00
3	7	0.00	0.00	0.52	1.19	0.00
Core	CPU	C1%	C3%	C6%	C8%	C9%
-	-	0.05	0.28	8.30	3.97	1.15
0	0	0.30	2.21	62.35	24.88	0.00
0	4	0.00	0.00	0.54	0.00	9.18
1	1	0.10	0.05	2.11	2.19	0.00
1	5	0.00	0.00	0.10	0.60	0.00
2	2	0.00	0.00	0.34	1.09	0.00
2	6	0.02	0.00	0.37	0.90	0.00
3	3	0.00	0.00	0.34	0.99	0.00
3	7	0.00	0.00	0.23	1.08	0.00
Core	CPU	C1%	C3%	C6%	C8%	C9%
-	-	0.00	0.31	8.89	3.96	0.00
0	0	0.00	2.42	65.54	25.52	0.00
0	4	0.00	0.00	0.87	0.00	0.00
1	1	0.00	0.01	1.51	0.69	0.00
1	5	0.01	0.00	0.24	1.18	0.00
2	2	0.00	0.02	0.88	0.89	0.00
2	6	0.00	0.00	1.37	0.70	0.00
3	3	0.00	0.00	0.28	1.38	0.00
3	7	0.00	0.01	0.39	1.29	0.00
Core	CPU	C1%	C3%	C6%	C8%	C9%
-	-	0.00	0.40	8.60	7.76	0.00
0	0	0.00	2.92	63.74	26.86	0.00
0	4	0.00	0.00	0.70	0.00	0.00
1	1	0.00	0.04	1.13	1.86	0.00
1	5	0.00	0.00	0.36	0.79	0.00
2	2	0.00	0.00	0.34	1.48	0.00
2	6	0.00	0.00	0.32	1.30	0.00
3	3	0.00	0.00	0.39	0.99	0.00
3	7	0.01	0.26	1.82	28.82	0.00
Core	CPU	C1%	C3%	C6%	C8%	C9%
-	-	1.66	0.35	7.97	4.31	0.00
0	0	6.93	1.52	45.06	21.26	0.00
0	4	0.00	0.03	0.68	0.70	0.00
1	1	6.38	1.29	15.97	7.41	0.00
1	5	0.00	0.00	0.19	1.18	0.00
2	2	0.00	0.00	0.37	0.79	0.00
2	6	0.00	0.00	0.53	1.57	0.00
3	3	0.00	0.00	0.29	0.99	0.00
3	7	0.00	0.00	0.69	0.60	0.00
Core	CPU	C1%	C3%	C6%	C8%	C9%
-	-	0.00	0.31	8.66	3.94	0.00
0	0	0.00	2.35	64.57	26.52	0.00
0	4	0.00	0.00	1.13	0.10	0.00
1	1	0.00	0.10	1.01	0.31	0.00
1	5	0.00	0.01	0.50	0.00	0.00
2	2	0.00	0.00	0.68	1.09	0.00
2	6	0.00	0.00	0.34	1.39	0.00
3	3	0.00	0.00	0.35	1.00	0.00
3	7	0.00	0.00	0.72	1.09	0.00
Core	CPU	C1%	C3%	C6%	C8%	C9%
-	-	0.00	0.29	8.70	3.90	0.00
0	0	0.00	2.26	64.40	26.77	0.00
0	4	0.00	0.00	0.87	0.00	0.00
1	1	0.00	0.00	1.88	0.49	0.00
1	5	0.00	0.00	0.54	0.69	0.00
2	2	0.00	0.02	0.69	0.90	0.00
2	6	0.00	0.00	0.69	0.69	0.00
3	3	0.00	0.00	0.19	0.89	0.00
3	7	0.00	0.00	0.36	0.79	0.00
Core	CPU	C1%	C3%	C6%	C8%	C9%
-	-	0.00	0.29	8.71	4.00	0.71
0	0	0.00	2.27	65.49	25.72	0.00
0	4	0.00	0.00	0.39	0.61	4.17
1	1	0.00	0.07	1.18	0.49	0.00
1	5	0.00	0.00	0.36	1.00	1.55
2	2	0.00	0.00	0.54	0.99	0.00
2	6	0.00	0.00	0.62	1.09	0.00
3	3	0.00	0.00	0.78	1.00	0.00
3	7	0.00	0.00	0.29	1.08	0.00
Core	CPU	C1%	C3%	C6%	C8%	C9%
-	-	0.00	0.28	8.46	4.04	0.00
0	0	0.01	2.17	64.53	26.76	0.00
0	4	0.00	0.00	0.94	0.18	0.00
1	1	0.00	0.11	1.06	0.87	0.00
1	5	0.00	0.00	0.10	1.08	0.00
2	2	0.00	0.00	0.28	0.99	0.00
2	6	0.00	0.00	0.45	0.79	0.00
3	3	0.00	0.00	0.23	0.70	0.00
3	7	0.00	0.00	0.10	0.99	0.00
Core	CPU	C1%	C3%	C6%	C8%	C9%
-	-	0.00	0.30	8.65	3.95	0.51
0	0	0.00	2.24	65.51	25.70	0.00
0	4	0.00	0.00	0.65	0.00	4.07
1	1	0.00	0.14	0.91	0.50	0.00
1	5	0.00	0.02	0.89	0.88	0.00
2	2	0.00	0.00	0.19	0.99	0.00
2	6	0.00	0.00	0.34	0.99	0.00
3	3	0.00	0.00	0.55	1.56	0.00
3	7	0.00	0.00	0.14	0.99	0.00
Core	CPU	C1%	C3%	C6%	C8%	C9%
-	-	0.00	0.31	8.74	3.83	0.00
0	0	0.01	2.37	64.19	26.63	0.00
0	4	0.00	0.00	0.88	0.00	0.00
1	1	0.00	0.10	2.20	0.98	0.00
1	5	0.00	0.00	0.54	0.31	0.00
2	2	0.00	0.00	0.72	0.50	0.00
2	6	0.00	0.00	0.60	0.59	0.00
3	3	0.00	0.00	0.29	0.99	0.00
3	7	0.00	0.00	0.49	0.60	0.00
Core	CPU	C1%	C3%	C6%	C8%	C9%
-	-	0.00	0.32	8.64	3.97	0.00
0	0	0.00	2.45	65.33	25.64	0.00
0	4	0.00	0.00	0.90	0.00	0.00
1	1	0.00	0.08	1.07	1.08	0.00
1	5	0.00	0.00	0.77	0.49	0.00
2	2	0.00	0.00	0.25	1.08	0.00
2	6	0.00	0.00	0.24	1.19	0.00
3	3	0.00	0.01	0.29	1.10	0.00
3	7	0.00	0.00	0.29	1.20	0.00
Core	CPU	C1%	C3%	C6%	C8%	C9%
-	-	0.90	0.33	8.25	4.24	0.38
0	0	4.18	1.92	52.93	23.94	0.00
0	4	0.00	0.00	0.63	0.59	3.07
1	1	3.00	0.73	10.40	5.19	0.00
1	5	0.00	0.00	0.00	0.60	0.00
2	2	0.00	0.00	0.58	1.09	0.00
2	6	0.00	0.00	0.45	0.79	0.00
3	3	0.00	0.00	0.83	0.59	0.00
3	7	0.00	0.02	0.19	1.09	0.00
Core	CPU	C1%	C3%	C6%	C8%	C9%
-	-	0.00	0.30	8.63	4.09	1.17
0	0	0.00	2.35	64.87	26.22	0.00
0	4	0.00	0.00	0.46	0.11	9.38
1	1	0.00	0.06	1.05	0.79	0.00
1	5	0.00	0.00	0.39	0.70	0.00
2	2	0.00	0.00	0.59	0.99	0.00
2	6	0.00	0.00	0.23	1.67	0.00
3	3	0.00	0.00	0.38	1.18	0.00
3	7	0.00	0.00	1.05	1.09	0.00
Core	CPU	C1%	C3%	C6%	C8%	C9%
-	-	2.64	0.45	7.29	4.58	0.00
0	0	11.65	1.30	30.64	17.81	0.00
0	4	0.00	0.00	0.69	0.80	0.00
1	1	9.49	2.32	25.02	10.66	0.00
1	5	0.00	0.00	0.46	1.29	0.00
2	2	0.00	0.00	0.24	1.48	0.00
2	6	0.00	0.00	0.50	1.78	0.00
3	3	0.00	0.00	0.19	1.59	0.00
3	7	0.00	0.00	0.57	1.28	0.00
Core	CPU	C1%	C3%	C6%	C8%	C9%
-	-	0.00	0.32	8.90	4.29	0.00
0	0	0.00	2.53	64.99	25.87	0.00
0	4	0.00	0.02	0.90	0.00	0.00
1	1	0.00	0.02	1.50	0.89	0.00
1	5	0.00	0.00	0.47	1.68	0.00
2	2	0.00	0.00	0.65	1.09	0.00
2	6	0.00	0.00	0.61	1.39	0.00
3	3	0.00	0.00	1.00	1.59	0.00
3	7	0.00	0.02	1.06	1.79	0.00
Core	CPU	C1%	C3%	C6%	C8%	C9%
-	-	0.00	0.33	8.94	3.79	0.00
0	0	0.00	2.56	65.86	25.01	0.00
0	4	0.00	0.00	0.65	0.10	0.00
1	1	0.00	0.04	1.05	0.80	0.00
1	5	0.00	0.00	0.99	0.69	0.00
2	2	0.00	0.00	0.39	0.89	0.00
2	6	0.00	0.00	1.16	1.09	0.00
3	3	0.00	0.00	0.26	0.98	0.00
3	7	0.00	0.05	1.17	0.79	0.00
Core	CPU	C1%	C3%	C6%	C8%	C9%
-	-	0.00	0.30	8.70	3.75	0.00
0	0	0.00	2.35	65.95	25.16	0.00
0	4	0.00	0.00	0.87	0.00	0.00
1	1	0.00	0.01	1.06	0.39	0.00
1	5	0.00	0.00	0.23	1.00	0.00
2	2	0.00	0.01	0.69	0.89	0.00
2	6	0.00	0.00	0.10	1.00	0.00
3	3	0.00	0.00	0.28	0.89	0.00
3	7	0.00	0.02	0.44	0.70	0.00
Core	CPU	C1%	C3%	C6%	C8%	C9%
-	-	0.00	0.31	8.81	3.86	0.00
0	0	0.00	2.46	65.43	25.55	0.00
0	4	0.00	0.00	0.99	0.00	0.00
1	1	0.00	0.00	1.60	0.61	0.00
1	5	0.00	0.00	0.36	0.79	0.00
2	2	0.00	0.00	0.24	1.09	0.00
2	6	0.00	0.00	1.00	0.79	0.00
3	3	0.00	0.00	0.49	0.89	0.00
3	7	0.00	0.00	0.38	1.18	0.00
Core	CPU	C1%	C3%	C6%	C8%	C9%
-	-	0.00	0.31	8.75	4.39	0.00
0	0	0.00	2.46	65.62	25.37	0.00
0	4	0.00	0.01	0.80	0.00	0.00
1	1	0.00	0.00	1.20	1.69	0.00
1	5	0.00	0.00	0.37	1.68	0.00
2	2	0.00	0.00	0.75	1.19	0.00
2	6	0.00	0.00	0.41	1.68	0.00
3	3	0.00	0.00	0.58	1.71	0.00
3	7	0.00	0.00	0.32	1.78	0.00
Core	CPU	C1%	C3%	C6%	C8%	C9%
-	-	0.00	0.32	8.64	3.83	0.00
0	0	0.00	2.58	65.38	25.34	0.00
0	4	0.00	0.00	0.65	0.00	0.00
1	1	0.00	0.00	1.04	0.50	0.00
1	5	0.00	0.01	0.70	0.69	0.00
2	2	0.00	0.00	0.19	1.09	0.00
2	6	0.00	0.00	0.28	0.89	0.00
3	3	0.00	0.00	0.46	1.27	0.00
3	7	0.00	0.00	0.43	0.89	0.00
Core	CPU	C1%	C3%	C6%	C8%	C9%
-	-	0.09	0.29	8.56	4.10	0.00
0	0	0.00	2.26	65.32	25.85	0.00
0	4	0.00	0.00	0.57	0.00	0.00
1	1	0.00	0.01	0.46	1.09	0.00
1	5	0.00	0.02	0.63	0.89	0.00
2	2	0.00	0.01	0.40	0.50	0.00
2	6	0.72	0.00	0.20	1.78	0.00
3	3	0.00	0.00	0.37	1.58	0.00
3	7	0.00	0.01	0.50	1.09	0.00
Core	CPU	C1%	C3%	C6%	C8%	C9%
-	-	3.88	0.72	7.00	5.34	0.00
0	0	17.37	1.56	11.98	18.44	0.00
0	4	0.00	0.00	0.19	0.41	0.00
1	1	13.71	4.16	41.94	17.60	0.00
1	5	0.00	0.00	0.35	1.20	0.00
2	2	0.00	0.00	0.25	1.19	0.00
2	6	0.00	0.00	0.31	1.19	0.00
3	3	0.00	0.00	0.39	1.29	0.00
3	7	0.00	0.01	0.58	1.44	0.00
Core	CPU	C1%	C3%	C6%	C8%	C9%
-	-	0.00	0.64	8.88	3.38	0.00
0	0	0.00	3.07	67.80	22.46	0.00
0	4	0.00	0.00	0.23	0.29	0.00
1	1	0.00	0.10	0.59	0.22	0.00
1	5	0.00	1.42	0.08	0.10	0.00
2	2	0.00	0.00	0.55	1.46	0.00
2	6	0.00	0.00	1.03	1.17	0.00
3	3	0.00	0.00	0.33	1.36	0.00
3	7	0.02	0.50	0.44	0.00	0.00
Core	CPU	C1%	C3%	C6%	C8%	C9%
-	-	0.00	0.34	8.79	3.97	0.00
0	0	0.00	2.71	65.61	25.17	0.00
0	4	0.00	0.00	0.59	0.28	0.00
1	1	0.00	0.02	0.66	1.07	0.00
1	5	0.00	0.00	0.63	0.90	0.00
2	2	0.00	0.02	0.39	0.80	0.00
2	6	0.00	0.00	1.08	1.09	0.00
3	3	0.00	0.00	0.37	1.58	0.00
3	7	0.00	0.00	1.00	0.83	0.00
Core	CPU	C1%	C3%	C6%	C8%	C9%
-	-	0.04	0.40	8.82	5.73	0.27
0	0	0.00	2.96	66.26	24.32	0.00
0	4	0.00	0.00	0.60	0.00	2.17
1	1	0.00	0.04	0.81	1.57	0.00
1	5	0.00	0.00	0.36	0.79	0.00
2	2	0.00	0.00	0.64	1.18	0.00
2	6	0.00	0.00	0.82	0.79	0.00
3	3	0.00	0.00	0.10	1.58	0.00
3	7	0.35	0.19	0.98	15.60	0.00
Core	CPU	C1%	C3%	C6%	C8%	C9%
-	-	0.00	0.33	8.68	5.36	1.77
0	0	0.00	2.54	65.66	25.12	0.00
0	4	0.00	0.00	0.53	0.30	14.18
1	1	0.00	0.08	0.84	1.27	0.00
1	5	0.00	0.00	0.10	0.98	0.00
2	2	0.00	0.00	0.27	0.89	0.00
2	6	0.00	0.00	0.44	0.89	0.00
3	3	0.00	0.00	0.72	0.90	0.00
3	7	0.00	0.00	0.87	12.51	0.00
Core	CPU	C1%	C3%	C6%	C8%	C9%
-	-	0.43	0.39	8.45	3.81	0.22
0	0	1.72	2.57	57.97	23.75	0.00
0	4	0.00	0.00	0.83	0.42	0.00
1	1	1.55	0.55	6.68	2.55	0.00
1	5	0.20	0.02	0.37	0.00	1.73
2	2	0.00	0.00	0.20	0.99	0.00
2	6	0.00	0.00	0.57	0.89	0.00
3	3	0.00	0.00	0.35	1.19	0.00
3	7	0.00	0.00	0.67	0.72	0.00
Core	CPU	C1%	C3%	C6%	C8%	C9%
-	-	0.00	0.69	9.00	4.03	0.00
0	0	0.00	2.53	66.21	24.69	0.00
0	4	0.00	0.00	1.93	0.00	0.00
1	1	0.00	0.01	1.64	1.17	0.00
1	5	0.00	1.55	0.46	0.00	0.00
2	2	0.00	0.00	0.70	1.66	0.00
2	6	0.00	0.00	0.38	2.05	0.00
3	3	0.00	0.00	0.38	1.76	0.00
3	7	0.00	1.46	0.29	0.92	0.00
Core	CPU	C1%	C3%	C6%	C8%	C9%
-	-	0.00	0.31	8.74	3.68	1.09
0	0	0.00	2.45	66.35	24.61	0.00
0	4	0.00	0.00	1.13	0.00	8.72
1	1	0.00	0.02	0.95	0.70	0.00
1	5	0.00	0.00	0.19	0.31	0.00
2	2	0.00	0.00	0.28	0.89	0.00
2	6	0.00	0.00	0.37	0.89	0.00
3	3	0.00	0.00	0.35	1.18	0.00
3	7	0.00	0.00	0.31	0.89	0.00
Core	CPU	C1%	C3%	C6%	C8%	C9%
-	-	0.00	0.37	8.73	3.74	0.00
0	0	0.00	2.39	65.30	25.55	0.00
0	4	0.00	0.00	0.86	0.00	0.00
1	1	0.00	0.02	0.86	1.08	0.00
1	5	0.00	0.00	0.83	0.79	0.00
2	2	0.00	0.02	0.89	0.80	0.00
2	6	0.00	0.00	0.55	0.60	0.00
3	3	0.00	0.50	0.16	0.30	0.00
3	7	0.00	0.00	0.39	0.79	0.00
Core	CPU	C1%	C3%	C6%	C8%	C9%
-	-	2.01	0.37	7.47	4.53	0.00
0	0	9.23	1.41	37.28	22.72	0.00
0	4	0.00	0.00	0.99	0.29	0.00
1	1	6.82	1.53	20.11	7.91	0.00
1	5	0.00	0.00	0.25	0.99	0.00
2	2	0.00	0.00	0.23	0.89	0.00
2	6	0.00	0.00	0.12	1.20	0.00
3	3	0.00	0.00	0.48	1.09	0.00
3	7	0.00	0.00	0.32	1.18	0.00
Core	CPU	C1%	C3%	C6%	C8%	C9%
-	-	0.72	0.36	7.42	4.39	0.01
0	0	3.44	1.66	37.02	16.57	0.05
0	4	0.00	0.00	0.43	0.09	0.00
1	1	2.30	1.23	18.07	12.09	0.00
1	5	0.00	0.00	0.39	1.19	0.00
2	2	0.00	0.00	0.86	1.19	0.00
2	6	0.00	0.00	1.82	1.19	0.00
3	3	0.00	0.00	0.43	1.38	0.00
3	7	0.00	0.00	0.32	1.43	0.00
Core	CPU	C1%	C3%	C6%	C8%	C9%
-	-	2.73	0.66	7.07	4.09	0.16
0	0	11.44	1.52	19.70	14.82	0.00
0	4	0.00	0.00	0.14	0.38	0.00
1	1	10.43	2.50	35.50	15.12	0.00
1	5	0.01	0.55	0.00	0.00	0.56
2	2	0.00	0.00	0.28	0.86	0.00
2	6	0.00	0.00	0.26	0.86	0.00
3	3	0.00	0.00	0.61	0.67	0.00
3	7	0.00	0.71	0.06	0.01	0.69
Core	CPU	C1%	C3%	C6%	C8%	C9%
-	-	0.01	0.30	8.71	4.34	0.00
0	0	0.00	2.34	65.09	25.97	0.00
0	4	0.00	0.00	0.34	0.21	0.00
1	1	0.09	0.02	1.37	1.48	0.00
1	5	0.00	0.00	0.69	0.89	0.00
2	2	0.00	0.00	0.29	1.28	0.00
2	6	0.00	0.00	0.86	1.58	0.00
3	3	0.00	0.00	0.74	1.78	0.00
3	7	0.00	0.01	0.29	1.49	0.00
Core	CPU	C1%	C3%	C6%	C8%	C9%
-	-	0.85	0.43	8.49	4.34	0.38
0	0	3.82	3.08	57.44	23.84	0.00
0	4	0.00	0.00	0.75	0.21	3.07
1	1	2.97	0.33	7.44	3.95	0.00
1	5	0.00	0.00	0.39	1.59	0.00
2	2	0.00	0.00	0.28	1.60	0.00
2	6	0.00	0.00	0.29	1.29	0.00
3	3	0.00	0.00	0.66	1.19	0.00
3	7	0.00	0.00	0.64	1.10	0.00
Core	CPU	C1%	C3%	C6%	C8%	C9%
-	-	0.66	0.35	8.42	3.62	0.00
0	0	3.09	2.12	57.14	23.38	0.00
0	4	0.00	0.00	0.68	0.50	0.00
1	1	2.21	0.61	7.17	2.41	0.00
1	5	0.00	0.00	0.24	0.89	0.00
2	2	0.00	0.00	0.73	0.19	0.00
2	6	0.00	0.02	0.68	0.20	0.00
3	3	0.00	0.00	0.19	0.89	0.00
3	7	0.00	0.02	0.51	0.49	0.00
Core	CPU	C1%	C3%	C6%	C8%	C9%
-	-	0.00	0.30	8.70	4.00	0.00
0	0	0.00	2.38	65.91	25.13	0.00
0	4	0.00	0.00	0.59	0.10	0.00
1	1	0.00	0.02	0.50	1.57	0.00
1	5	0.00	0.00	0.37	0.89	0.00
2	2	0.00	0.00	0.84	0.89	0.00
2	6	0.00	0.00	0.44	0.99	0.00
3	3	0.00	0.02	0.69	1.30	0.00
3	7	0.00	0.00	0.23	1.09	0.00
Core	CPU	C1%	C3%	C6%	C8%	C9%
-	-	3.44	0.71	7.05	4.23	0.52
0	0	14.02	0.89	16.29	10.94	0.06
0	4	0.00	0.00	1.72	0.20	3.17
1	1	13.49	3.54	34.27	16.72	0.00
1	5	0.00	1.19	0.00	0.16	0.91
2	2	0.00	0.00	0.38	1.88	0.00
2	6	0.00	0.00	1.24	1.78	0.00
3	3	0.00	0.00	1.24	0.99	0.00
3	7	0.00	0.03	1.26	1.19	0.00
Core	CPU	C1%	C3%	C6%	C8%	C9%
-	-	0.64	0.32	8.49	4.06	0.00
0	0	2.43	2.26	59.72	26.52	0.00
0	4	0.00	0.00	0.56	0.00	0.00
1	1	2.68	0.32	5.46	1.67	0.00
1	5	0.00	0.00	0.03	0.58	0.00
2	2	0.00	0.00	0.19	1.18	0.00
2	6	0.00	0.00	0.30	0.89	0.00
3	3	0.00	0.00	1.03	1.09	0.00
3	7	0.00	0.00	0.65	0.49	0.00
Core	CPU	C1%	C3%	C6%	C8%	C9%
-	-	0.00	0.31	8.60	3.99	0.04
0	0	0.00	2.44	65.62	25.32	0.00
0	4	0.00	0.00	0.59	0.30	0.32
1	1	0.00	0.00	0.69	1.00	0.00
1	5	0.00	0.00	0.55	0.80	0.00
2	2	0.00	0.00	0.24	1.29	0.00
2	6	0.00	0.02	0.41	1.19	0.00
3	3	0.00	0.00	0.27	1.09	0.00
3	7	0.00	0.00	0.47	0.90	0.00
Core	CPU	C1%	C3%	C6%	C8%	C9%
-	-	0.00	0.35	8.67	4.12	1.65
0	0	0.00	2.78	65.83	24.82	0.00
0	4	0.00	0.00	0.69	0.50	13.21
1	1	0.00	0.00	0.61	1.48	0.00
1	5	0.00	0.00	0.28	1.48	0.00
2	2	0.00	0.00	0.49	1.58	0.00
2	6	0.00	0.00	0.15	1.19	0.00
3	3	0.00	0.02	1.09	0.59	0.00
3	7	0.00	0.00	0.20	1.29	0.00
Core	CPU	C1%	C3%	C6%	C8%	C9%
-	-	0.00	0.30	8.54	4.05	0.00
0	0	0.00	2.40	64.96	26.06	0.00
0	4	0.00	0.00	0.44	1.18	0.00
1	1	0.00	0.00	0.94	0.61	0.00
1	5	0.00	0.00	0.59	0.29	0.00
2	2	0.00	0.00	0.29	0.89	0.00
2	6	0.00	0.00	0.36	0.99	0.00
3	3	0.00	0.00	0.54	1.09	0.00
3	7	0.00	0.00	0.23	1.28	0.00
Core	CPU	C1%	C3%	C6%	C8%	C9%
-	-	0.00	0.34	8.76	4.08	0.98
0	0	0.00	2.62	65.73	25.00	0.00
0	4	0.00	0.00	0.76	0.99	4.39
1	1	0.00	0.00	1.46	2.37	0.00
1	5	0.00	0.07	0.29	1.29	3.44
2	2	0.00	0.00	0.19	0.40	0.00
2	6	0.00	0.00	0.78	0.89	0.00
3	3	0.00	0.00	0.37	0.89	0.00
3	7	0.00	0.00	0.50	0.78	0.00
Core	CPU	C1%	C3%	C6%	C8%	C9%
-	-	0.00	0.31	8.63	4.46	0.00
0	0	0.00	2.49	64.83	26.18	0.00
0	4	0.00	0.00	0.89	0.21	0.00
1	1	0.00	0.00	0.87	1.49	0.00
1	5	0.00	0.00	0.47	1.67	0.00
2	2	0.00	0.00	0.83	1.09	0.00
2	6	0.00	0.00	0.42	1.68	0.00
3	3	0.00	0.00	0.30	1.58	0.00
3	7	0.00	0.00	0.45	1.78	0.00
Core	CPU	C1%	C3%	C6%	C8%	C9%
-	-	0.00	0.31	8.59	3.83	0.67
0	0	0.01	2.43	65.77	25.20	0.00
0	4	0.00	0.02	0.60	0.00	5.38
1	1	0.00	0.00	0.51	0.80	0.00
1	5	0.00	0.00	1.05	0.79	0.00
2	2	0.00	0.00	0.36	0.89	0.00
2	6	0.00	0.00	0.15	0.99	0.00
3	3	0.00	0.00	0.22	0.99	0.00
3	7	0.00	0.00	0.10	0.99	0.00
Core	CPU	C1%	C3%	C6%	C8%	C9%
-	-	0.00	0.29	8.39	4.04	0.75
0	0	0.00	2.31	64.74	26.40	0.00
0	4	0.00	0.00	0.56	0.00	6.03
1	1	0.00	0.00	0.54	1.21	0.00
1	5	0.00	0.02	0.10	0.89	0.00
2	2	0.00	0.00	0.10	0.79	0.00
2	6	0.00	0.00	0.38	1.08	0.00
3	3	0.00	0.00	0.46	0.99	0.00
3	7	0.00	0.00	0.24	0.98	0.00
Core	CPU	C1%	C3%	C6%	C8%	C9%
-	-	0.00	0.26	8.58	3.99	0.00
0	0	0.00	2.06	65.33	26.07	0.00
0	4	0.00	0.00	1.07	0.00	0.00
1	1	0.00	0.00	0.87	0.60	0.00
1	5	0.00	0.00	0.34	1.09	0.00
2	2	0.00	0.02	0.29	1.09	0.00
2	6	0.00	0.00	0.10	1.20	0.00
3	3	0.00	0.00	0.28	1.10	0.00
3	7	0.00	0.00	0.37	0.79	0.00
Core	CPU	C1%	C3%	C6%	C8%	C9%
-	-	0.00	0.34	8.81	7.63	1.60
0	0	0.00	2.59	65.57	25.35	0.00
0	4	0.00	0.00	0.60	0.00	12.77
1	1	0.00	0.00	1.06	0.89	0.00
1	5	0.00	0.00	0.51	1.58	0.00
2	2	0.00	0.00	0.59	1.29	0.00
2	6	0.00	0.00	0.31	1.38	0.00
3	3	0.00	0.01	0.49	1.29	0.00
3	7	0.01	0.12	1.32	29.26	0.00
Core	CPU	C1%	C3%	C6%	C8%	C9%
-	-	0.00	0.30	8.54	3.83	0.00
0	0	0.00	2.33	65.02	26.17	0.00
0	4	0.00	0.00	0.62	0.31	0.00
1	1	0.00	0.04	0.79	0.29	0.00
1	5	0.00	0.00	0.19	0.89	0.00
2	2	0.00	0.00	0.27	0.79	0.00
2	6	0.00	0.00	0.36	0.79	0.00
3	3	0.00	0.00	0.23	0.99	0.00
3	7	0.00	0.00	0.80	0.39	0.00
Core	CPU	C1%	C3%	C6%	C8%	C9%
-	-	0.00	0.29	8.55	4.12	0.38
0	0	0.00	2.26	65.27	25.94	0.00
0	4	0.00	0.00	0.45	0.10	3.07
1	1	0.00	0.03	0.96	1.30	0.00
1	5	0.00	0.02	0.16	0.79	0.00
2	2	0.00	0.00	0.30	0.69	0.00
2	6	0.00	0.00	0.28	1.09	0.00
3	3	0.00	0.00	0.74	1.96	0.00
3	7	0.00	0.00	0.24	1.08	0.00
Core	CPU	C1%	C3%	C6%	C8%	C9%
-	-	0.00	0.28	8.51	3.93	0.00
0	0	0.00	2.26	65.01	26.17	0.00
0	4	0.00	0.00	0.88	0.00	0.00
1	1	0.00	0.02	0.87	0.68	0.00
1	5	0.00	0.00	0.24	1.09	0.00
2	2	0.00	0.00	0.32	0.90	0.00
2	6	0.00	0.00	0.10	1.00	0.00
3	3	0.00	0.00	0.29	0.89	0.00
3	7	0.00	0.00	0.37	0.69	0.00
