Core	CPU	C1%	C3%	C6%	C8%	C9%
-	-	0.04	0.34	1.52	0.80	0.00
0	0	0.18	0.00	1.19	0.39	0.00
0	4	0.00	0.08	1.84	0.79	0.00
1	1	0.00	0.06	1.29	0.39	0.00
1	5	0.14	0.10	1.48	2.18	0.00
2	2	0.00	0.00	1.29	0.79	0.00
2	6	0.00	0.04	1.62	0.79	0.00
3	3	0.02	2.36	1.47	0.40	0.00
3	7	0.00	0.07	1.99	0.69	0.00
Core	CPU	C1%	C3%	C6%	C8%	C9%
-	-	0.49	0.57	7.96	7.51	0.45
0	0	3.64	1.30	20.14	6.08	0.00
0	4	0.00	1.15	10.05	2.79	3.64
1	1	0.12	1.37	5.04	3.82	0.00
1	5	0.00	0.03	4.99	10.29	0.00
2	2	0.00	0.04	3.20	4.39	0.00
2	6	0.00	0.19	5.05	3.93	0.00
3	3	0.01	0.18	6.86	26.37	0.00
3	7	0.11	0.25	8.35	2.38	0.00
Core	CPU	C1%	C3%	C6%	C8%	C9%
-	-	0.00	0.65	8.91	12.63	10.89
0	0	0.04	5.02	62.73	0.00	0.00
0	4	0.00	0.00	0.58	0.58	87.10
1	1	0.00	0.00	0.27	1.38	0.00
1	5	0.00	0.00	4.58	94.00	0.00
2	2	0.00	0.00	0.23	1.19	0.00
2	6	0.00	0.21	1.04	0.98	0.00
3	3	0.00	0.00	0.99	1.68	0.00
3	7	0.00	0.00	0.82	1.19	0.00
Core	CPU	C1%	C3%	C6%	C8%	C9%
-	-	4.23	1.63	3.67	15.10	0.13
0	0	16.95	0.74	11.44	18.96	0.00
0	4	0.00	0.02	0.90	0.38	1.01
1	1	0.00	0.00	0.59	3.55	0.00
1	5	0.00	0.00	4.08	94.41	0.00
2	2	0.00	0.00	0.56	0.99	0.00
2	6	0.00	0.09	1.34	0.30	0.00
3	3	0.00	0.00	0.92	1.09	0.00
3	7	16.85	12.19	9.48	1.09	0.00
Core	CPU	C1%	C3%	C6%	C8%	C9%
-	-	0.01	0.65	9.12	12.30	7.56
0	0	0.08	5.09	62.84	0.00	0.00
0	4	0.00	0.00	0.80	0.29	60.48
1	1	0.00	0.00	0.98	1.96	0.00
1	5	0.00	0.00	5.26	93.22	0.00
2	2	0.00	0.00	0.26	1.39	0.00
2	6	0.00	0.10	1.01	0.00	0.00
3	3	0.00	0.00	0.69	0.89	0.00
3	7	0.00	0.00	1.15	0.69	0.00
Core	CPU	C1%	C3%	C6%	C8%	C9%
-	-	2.86	1.22	5.39	13.85	2.45
0	0	10.07	2.06	28.19	12.14	0.00
0	4	0.00	0.02	0.66	0.57	19.60
1	1	0.00	0.00	0.39	1.08	0.00
1	5	0.00	0.03	3.19	34.50	0.00
2	2	0.00	0.00	0.35	0.89	0.00
2	6	0.00	0.00	0.96	0.20	0.00
3	3	0.00	0.02	2.06	60.52	0.00
3	7	12.80	7.65	7.36	0.89	0.00
Core	CPU	C1%	C3%	C6%	C8%	C9%
-	-	2.12	0.97	6.57	13.65	2.90
0	0	6.96	2.96	40.36	7.34	0.00
0	4	0.00	0.01	0.60	0.99	23.19
1	1	1.29	0.00	0.14	2.00	0.00
1	5	0.00	0.02	0.61	1.19	0.00
2	2	0.00	0.00	0.16	1.88	0.00
2	6	0.00	0.00	0.19	0.98	0.00
3	3	0.00	0.00	4.39	94.13	0.00
3	7	8.74	4.73	6.15	0.69	0.00
Core	CPU	C1%	C3%	C6%	C8%	C9%
-	-	0.00	0.60	9.15	12.43	8.58
0	0	0.02	4.81	62.87	0.00	0.00
0	4	0.00	0.00	1.33	0.20	68.67
1	1	0.00	0.00	0.28	2.26	0.00
1	5	0.00	0.01	2.62	29.11	0.00
2	2	0.00	0.00	1.24	0.79	0.00
2	6	0.00	0.00	0.40	1.18	0.00
3	3	0.00	0.01	3.85	65.44	0.00
3	7	0.00	0.00	0.59	0.49	0.00
Core	CPU	C1%	C3%	C6%	C8%	C9%
-	-	0.00	0.65	9.24	12.36	8.48
0	0	0.01	5.19	62.72	0.00	0.00
0	4	0.00	0.00	0.89	0.20	67.84
1	1	0.00	0.00	1.20	1.37	0.00
1	5	0.00	0.03	6.04	92.43	0.00
2	2	0.00	0.00	0.78	1.29	0.00
2	6	0.00	0.00	0.39	1.28	0.00
3	3	0.00	0.00	0.86	1.18	0.00
3	7	0.00	0.00	1.02	1.08	0.00
Core	CPU	C1%	C3%	C6%	C8%	C9%
-	-	0.05	0.69	7.59	9.76	5.14
0	0	0.36	5.01	40.47	3.11	0.00
0	4	0.01	0.03	1.68	0.88	41.14
1	1	0.01	0.34	4.30	3.81	0.00
1	5	0.00	0.04	5.47	61.88	0.00
2	2	0.00	0.02	2.82	1.84	0.00
2	6	0.00	0.02	1.55	1.66	0.00
3	3	0.00	0.01	2.04	2.17	0.00
3	7	0.00	0.01	2.39	2.75	0.00
Core	CPU	C1%	C3%	C6%	C8%	C9%
-	-	0.00	0.01	0.47	0.90	0.00
0	0	0.00	0.00	0.12	0.50	0.00
0	4	0.00	0.00	0.59	0.00	0.00
1	1	0.00	0.00	0.53	1.00	0.00
1	5	0.00	0.05	0.81	1.43	0.00
2	2	0.00	0.00	0.23	1.00	0.00
2	6	0.00	0.02	0.19	0.89	0.00
3	3	0.00	0.00	0.19	1.09	0.00
3	7	0.00	0.00	1.07	1.33	0.00
Core	CPU	C1%	C3%	C6%	C8%	C9%
-	-	0.02	0.01	0.79	0.94	0.00
0	0	0.00	0.00	0.19	1.36	0.00
0	4	0.01	0.00	0.34	0.89	0.01
1	1	0.03	0.00	1.35	1.11	0.00
1	5	0.00	0.08	1.25	0.89	0.00
2	2	0.00	0.00	0.57	1.48	0.00
2	6	0.00	0.00	0.45	0.69	0.00
3	3	0.09	0.00	1.47	1.09	0.00
3	7	0.00	0.02	0.72	0.00	0.00
Core	CPU	C1%	C3%	C6%	C8%	C9%
-	-	0.00	0.00	0.47	0.92	0.00
0	0	0.00	0.00	0.46	0.60	0.00
0	4	0.00	0.00	0.15	0.40	0.00
1	1	0.00	0.02	0.49	1.09	0.00
1	5	0.00	0.02	0.80	0.69	0.00
2	2	0.00	0.00	0.37	1.38	0.00
2	6	0.00	0.00	0.63	1.00	0.00
3	3	0.00	0.00	0.36	1.40	0.00
3	7	0.00	0.00	0.48	0.81	0.00
Core	CPU	C1%	C3%	C6%	C8%	C9%
-	-	0.00	0.01	0.49	1.28	0.00
0	0	0.00	0.00	0.05	0.59	0.00
0	4	0.00	0.00	0.22	1.67	0.00
1	1	0.00	0.00	0.59	0.69	0.00
1	5	0.00	0.05	1.58	2.22	0.00
2	2	0.00	0.02	0.44	1.19	0.00
2	6	0.00	0.02	0.39	1.47	0.00
3	3	0.00	0.00	0.20	1.19	0.00
3	7	0.00	0.01	0.47	1.19	0.00
Core	CPU	C1%	C3%	C6%	C8%	C9%
-	-	0.00	0.00	0.37	0.94	0.00
0	0	0.00	0.02	0.30	0.59	0.00
0	4	0.00	0.00	0.29	1.09	0.00
1	1	0.00	0.00	0.46	0.99	0.00
1	5	0.00	0.01	0.66	0.98	0.00
2	2	0.00	0.00	0.39	1.10	0.00
2	6	0.00	0.00	0.16	1.09	0.00
3	3	0.00	0.00	0.28	0.88	0.00
3	7	0.00	0.00	0.43	0.79	0.00
Core	CPU	C1%	C3%	C6%	C8%	C9%
-	-	0.00	0.00	0.49	1.48	0.00
0	0	0.00	0.00	0.55	1.79	0.00
0	4	0.00	0.00	0.52	1.89	0.00
1	1	0.00	0.00	0.12	0.40	0.00
1	5	0.00	0.01	0.50	1.28	0.00
2	2	0.00	0.00	0.55	1.79	0.00
2	6	0.00	0.00	0.83	0.91	0.00
3	3	0.00	0.00	0.40	1.89	0.00
3	7	0.00	0.00	0.46	1.89	0.00
Core	CPU	C1%	C3%	C6%	C8%	C9%
-	-	0.00	0.00	0.43	1.09	0.00
0	0	0.00	0.00	0.05	0.59	0.00
0	4	0.00	0.00	0.31	1.17	0.00
1	1	0.00	0.00	0.20	1.08	0.00
1	5	0.00	0.01	0.99	0.91	0.00
2	2	0.00	0.00	0.54	0.99	0.00
2	6	0.00	0.00	0.62	1.79	0.00
3	3	0.00	0.00	0.29	1.20	0.00
3	7	0.00	0.00	0.43	0.98	0.00
Core	CPU	C1%	C3%	C6%	C8%	C9%
-	-	0.01	0.00	0.66	1.10	0.00
0	0	0.00	0.00	0.10	0.39	0.00
0	4	0.00	0.00	0.28	1.87	0.00
1	1	0.00	0.00	0.54	0.49	0.00
1	5	0.09	0.04	2.74	1.19	0.00
2	2	0.00	0.00	0.20	1.09	0.00
2	6	0.00	0.00	0.38	0.78	0.00
3	3	0.00	0.00	0.64	2.17	0.00
3	7	0.00	0.00	0.43	0.79	0.00
Core	CPU	C1%	C3%	C6%	C8%	C9%
-	-	0.00	0.00	0.35	0.82	0.00
0	0	0.00	0.00	0.27	0.98	0.00
0	4	0.00	0.00	0.25	0.69	0.00
1	1	0.00	0.00	0.62	0.10	0.00
1	5	0.00	0.02	0.29	0.81	0.00
2	2	0.00	0.00	0.46	1.10	0.00
2	6	0.00	0.00	0.36	0.89	0.00
3	3	0.00	0.00	0.13	1.08	0.00
3	7	0.00	0.00	0.39	0.90	0.00
Core	CPU	C1%	C3%	C6%	C8%	C9%
-	-	0.00	0.01	0.82	4.45	0.00
0	0	0.00	0.00	2.50	0.79	0.00
0	4	0.00	0.01	0.79	0.30	0.00
1	1	0.00	0.00	0.31	1.19	0.00
1	5	0.00	0.00	0.77	1.20	0.00
2	2	0.00	0.00	0.33	1.08	0.00
2	6	0.00	0.00	0.37	1.20	0.00
3	3	0.02	0.10	1.11	28.67	0.00
3	7	0.00	0.00	0.34	1.19	0.00
Core	CPU	C1%	C3%	C6%	C8%	C9%
-	-	0.00	0.01	0.71	0.85	0.00
0	0	0.00	0.00	0.28	1.08	0.00
0	4	0.01	0.00	0.86	0.08	0.00
1	1	0.00	0.00	1.02	0.40	0.00
1	5	0.00	0.07	1.27	0.87	0.00
2	2	0.00	0.00	0.47	1.28	0.00
2	6	0.00	0.00	0.37	1.09	0.00
3	3	0.00	0.00	0.91	0.59	0.00
3	7	0.00	0.00	0.48	1.38	0.00
Core	CPU	C1%	C3%	C6%	C8%	C9%
-	-	0.01	0.00	0.69	0.87	0.00
0	0	0.00	0.00	0.34	0.39	0.00
0	4	0.06	0.00	1.37	0.59	0.00
1	1	0.00	0.00	0.29	0.80	0.00
1	5	0.00	0.01	1.79	0.60	0.00
2	2	0.00	0.00	0.44	0.99	0.00
2	6	0.00	0.00	0.40	1.19	0.00
3	3	0.00	0.00	0.39	1.10	0.00
3	7	0.00	0.00	0.47	1.28	0.00
Core	CPU	C1%	C3%	C6%	C8%	C9%
-	-	0.00	0.01	0.39	0.72	0.00
0	0	0.00	0.02	0.47	0.40	0.00
0	4	0.00	0.00	0.57	0.00	0.00
1	1	0.00	0.00	0.36	0.79	0.00
1	5	0.00	0.03	0.64	0.90	0.00
2	2	0.00	0.00	0.39	1.10	0.00
2	6	0.00	0.00	0.09	1.09	0.00
3	3	0.00	0.00	0.35	0.79	0.00
3	7	0.00	0.00	0.23	0.70	0.00
Core	CPU	C1%	C3%	C6%	C8%	C9%
-	-	0.00	0.00	0.37	0.83	0.00
0	0	0.00	0.00	0.27	1.19	0.00
0	4	0.00	0.00	0.34	0.89	0.00
1	1	0.00	0.00	0.12	0.30	0.00
1	5	0.00	0.00	0.91	0.42	0.00
2	2	0.00	0.00	0.45	0.79	0.00
2	6	0.00	0.00	0.42	0.89	0.00
3	3	0.00	0.02	0.19	1.10	0.00
3	7	0.00	0.00	0.28	1.09	0.00
Core	CPU	C1%	C3%	C6%	C8%	C9%
-	-	0.00	0.00	0.52	0.68	0.00
0	0	0.00	0.00	0.23	0.30	0.00
0	4	0.00	0.00	0.09	0.59	0.00
1	1	0.00	0.00	0.28	0.89	0.00
1	5	0.00	0.01	0.47	1.13	0.00
2	2	0.00	0.00	1.10	0.59	0.00
2	6	0.00	0.01	0.89	0.39	0.00
3	3	0.00	0.00	0.29	0.88	0.00
3	7	0.00	0.00	0.84	0.69	0.00
Core	CPU	C1%	C3%	C6%	C8%	C9%
-	-	0.00	0.01	0.85	0.90	0.00
0	0	0.00	0.00	0.30	1.09	0.00
0	4	0.00	0.00	0.85	1.19	0.00
1	1	0.00	0.00	0.83	0.78	0.00
1	5	0.00	0.03	1.62	0.97	0.00
2	2	0.00	0.00	0.34	1.27	0.00
2	6	0.00	0.00	0.45	0.99	0.00
3	3	0.00	0.00	1.31	0.49	0.00
3	7	0.00	0.02	1.09	0.39	0.00
Core	CPU	C1%	C3%	C6%	C8%	C9%
-	-	0.00	0.21	0.47	0.75	0.00
0	0	0.00	0.00	0.55	0.49	0.00
0	4	0.00	1.69	0.04	0.11	0.04
1	1	0.00	0.00	0.10	0.80	0.00
1	5	0.00	0.00	1.30	0.50	0.00
2	2	0.00	0.00	0.54	0.98	0.00
2	6	0.00	0.00	0.14	1.08	0.00
3	3	0.00	0.01	0.85	0.99	0.00
3	7	0.00	0.00	0.28	1.08	0.00
Core	CPU	C1%	C3%	C6%	C8%	C9%
-	-	0.00	0.01	0.42	0.86	0.00
0	0	0.00	0.01	0.67	0.21	0.00
0	4	0.00	0.00	0.58	0.60	0.00
1	1	0.00	0.00	0.45	0.70	0.00
1	5	0.00	0.02	0.43	1.10	0.00
2	2	0.00	0.01	0.19	0.90	0.00
2	6	0.00	0.00	0.46	1.68	0.00
3	3	0.00	0.00	0.36	0.70	0.00
3	7	0.00	0.00	0.23	1.00	0.00
Core	CPU	C1%	C3%	C6%	C8%	C9%
-	-	0.00	0.01	0.53	1.11	0.00
0	0	0.00	0.00	0.54	1.49	0.00
0	4	0.00	0.00	0.81	0.80	0.00
1	1	0.00	0.00	0.32	0.90	0.00
1	5	0.00	0.04	1.18	0.39	0.00
2	2	0.00	0.00	0.37	1.78	0.00
2	6	0.00	0.00	0.55	1.00	0.00
3	3	0.00	0.00	0.23	1.19	0.00
3	7	0.00	0.00	0.26	1.31	0.00
Core	CPU	C1%	C3%	C6%	C8%	C9%
-	-	0.00	0.01	0.69	0.87	0.00
0	0	0.00	0.00	1.02	0.40	0.00
0	4	0.00	0.02	0.89	0.59	0.00
1	1	0.00	0.00	0.28	1.18	0.00
1	5	0.00	0.07	1.39	0.99	0.00
2	2	0.00	0.01	0.72	0.79	0.00
2	6	0.00	0.00	0.76	0.69	0.00
3	3	0.00	0.01	0.27	1.00	0.00
3	7	0.00	0.00	0.20	1.29	0.00
Core	CPU	C1%	C3%	C6%	C8%	C9%
-	-	0.00	0.01	0.48	0.84	0.00
0	0	0.00	0.00	0.28	0.89	0.00
0	4	0.00	0.00	0.55	0.60	0.00
1	1	0.00	0.00	0.23	0.89	0.00
1	5	0.00	0.07	0.86	0.90	0.00
2	2	0.00	0.00	0.19	1.09	0.00
2	6	0.00	0.00	0.34	0.90	0.00
3	3	0.00	0.00	0.73	0.61	0.00
3	7	0.00	0.00	0.68	0.87	0.00
Core	CPU	C1%	C3%	C6%	C8%	C9%
-	-	0.01	0.00	0.34	0.88	0.00
0	0	0.00	0.00	0.34	0.90	0.00
0	4	0.00	0.00	0.22	0.69	0.00
1	1	0.00	0.00	0.09	0.40	0.00
1	5	0.00	0.02	0.48	1.09	0.00
2	2	0.00	0.00	0.54	0.80	0.00
2	6	0.00	0.00	0.38	1.28	0.00
3	3	0.10	0.01	0.28	1.10	0.00
3	7	0.00	0.00	0.37	0.79	0.00
Core	CPU	C1%	C3%	C6%	C8%	C9%
-	-	0.00	0.16	0.72	1.33	0.00
0	0	0.00	0.00	0.42	1.09	0.00
0	4	0.00	1.26	0.30	0.15	0.00
1	1	0.00	0.00	0.57	1.88	0.00
1	5	0.00	0.00	1.36	1.29	0.00
2	2	0.00	0.00	0.82	1.48	0.00
2	6	0.00	0.00	0.97	1.68	0.00
3	3	0.00	0.00	0.97	1.19	0.00
3	7	0.00	0.00	0.35	1.87	0.00
Core	CPU	C1%	C3%	C6%	C8%	C9%
-	-	0.00	0.01	0.85	0.75	0.00
0	0	0.00	0.00	0.37	0.79	0.00
0	4	0.00	0.00	0.55	0.98	0.00
1	1	0.00	0.00	1.01	0.50	0.00
1	5	0.00	0.02	1.77	0.49	0.00
2	2	0.00	0.00	0.67	0.99	0.00
2	6	0.00	0.00	0.71	1.08	0.00
3	3	0.00	0.00	0.94	0.99	0.00
3	7	0.00	0.02	0.79	0.21	0.00
Core	CPU	C1%	C3%	C6%	C8%	C9%
-	-	0.00	0.00	0.49	1.12	0.00
0	0	0.00	0.00	0.45	0.49	0.00
0	4	0.00	0.00	0.23	1.09	0.00
1	1	0.00	0.01	0.30	0.90	0.00
1	5	0.00	0.02	0.97	1.69	0.00
2	2	0.00	0.00	0.46	0.99	0.00
2	6	0.00	0.00	0.57	1.67	0.00
3	3	0.00	0.00	0.50	1.01	0.00
3	7	0.00	0.00	0.45	1.11	0.00
Core	CPU	C1%	C3%	C6%	C8%	C9%
-	-	0.00	0.01	0.36	0.98	0.00
0	0	0.00	0.00	0.21	0.30	0.00
0	4	0.00	0.00	0.09	0.79	0.00
1	1	0.00	0.00	0.35	1.30	0.00
1	5	0.00	0.01	0.74	1.59	0.00
2	2	0.00	0.00	0.39	1.40	0.00
2	6	0.00	0.00	0.44	0.72	0.00
3	3	0.00	0.00	0.35	1.29	0.00
3	7	0.00	0.05	0.28	0.41	0.00
Core	CPU	C1%	C3%	C6%	C8%	C9%
-	-	0.00	0.00	0.35	0.95	0.00
0	0	0.00	0.00	0.37	0.59	0.00
0	4	0.00	0.00	0.15	0.79	0.00
1	1	0.00	0.00	0.61	0.50	0.00
1	5	0.00	0.02	0.61	1.59	0.00
2	2	0.00	0.00	0.28	0.88	0.00
2	6	0.00	0.00	0.40	0.98	0.00
3	3	0.00	0.00	0.22	1.19	0.00
3	7	0.00	0.00	0.20	1.08	0.00
Core	CPU	C1%	C3%	C6%	C8%	C9%
-	-	0.00	0.01	0.40	0.85	0.00
0	0	0.00	0.00	0.22	0.30	0.00
0	4	0.00	0.00	0.10	1.19	0.00
1	1	0.00	0.00	0.27	0.89	0.00
1	5	0.00	0.04	1.29	0.90	0.00
2	2	0.00	0.00	0.22	0.89	0.00
2	6	0.00	0.00	0.47	1.10	0.00
3	3	0.00	0.00	0.28	0.89	0.00
3	7	0.00	0.00	0.35	0.68	0.00
Core	CPU	C1%	C3%	C6%	C8%	C9%
-	-	0.00	0.34	0.87	1.59	0.00
0	0	0.00	0.00	1.07	1.78	0.00
0	4	0.01	2.67	0.06	0.08	0.00
1	1	0.00	0.00	1.02	1.28	0.00
1	5	0.00	0.05	2.05	1.28	0.00
2	2	0.00	0.00	0.39	1.97	0.00
2	6	0.00	0.00	0.63	2.07	0.00
3	3	0.00	0.00	1.02	1.98	0.00
3	7	0.00	0.00	0.68	2.27	0.00
Core	CPU	C1%	C3%	C6%	C8%	C9%
-	-	0.00	0.00	0.66	1.34	0.00
0	0	0.00	0.00	0.88	1.00	0.00
0	4	0.00	0.00	0.81	0.89	0.00
1	1	0.00	0.00	0.52	1.20	0.00
1	5	0.00	0.01	0.68	1.42	0.00
2	2	0.00	0.00	0.53	1.69	0.00
2	6	0.00	0.00	0.74	1.41	0.00
3	3	0.00	0.00	0.57	1.69	0.00
3	7	0.00	0.00	0.55	1.39	0.00
Core	CPU	C1%	C3%	C6%	C8%	C9%
-	-	0.00	0.00	0.40	1.05	0.00
0	0	0.00	0.02	0.18	0.31	0.00
0	4	0.00	0.00	0.25	1.28	0.00
1	1	0.00	0.00	0.44	1.30	0.00
1	5	0.00	0.00	0.74	1.19	0.00
2	2	0.00	0.00	0.39	1.40	0.00
2	6	0.00	0.00	0.28	0.81	0.00
3	3	0.00	0.00	0.52	0.91	0.00
3	7	0.00	0.00	0.42	1.20	0.00
Core	CPU	C1%	C3%	C6%	C8%	C9%
-	-	0.00	0.02	0.48	1.35	0.00
0	0	0.00	0.00	0.27	1.09	0.00
0	4	0.00	0.00	0.74	0.89	0.00
1	1	0.00	0.03	0.15	0.30	0.00
1	5	0.00	0.03	0.87	1.58	0.00
2	2	0.00	0.00	0.65	1.48	0.00
2	6	0.00	0.02	0.43	1.29	0.00
3	3	0.00	0.04	0.53	3.08	0.00
3	7	0.00	0.00	0.20	1.09	0.00
Core	CPU	C1%	C3%	C6%	C8%	C9%
-	-	0.00	0.02	0.57	3.98	0.00
0	0	0.00	0.00	0.25	1.28	0.00
0	4	0.00	0.00	0.23	1.18	0.00
1	1	0.00	0.00	0.60	0.40	0.00
1	5	0.00	0.00	1.07	0.60	0.00
2	2	0.00	0.00	0.35	1.09	0.00
2	6	0.00	0.02	0.30	0.99	0.00
3	3	0.01	0.13	1.39	25.43	0.00
3	7	0.00	0.00	0.37	0.89	0.00
Core	CPU	C1%	C3%	C6%	C8%	C9%
-	-	0.00	0.00	0.58	1.05	0.00
0	0	0.00	0.00	0.20	0.89	0.00
0	4	0.00	0.00	0.47	1.19	0.00
1	1	0.00	0.00	0.35	1.18	0.00
1	5	0.00	0.03	0.54	1.48	0.00
2	2	0.00	0.01	0.68	0.80	0.00
2	6	0.00	0.00	1.08	0.89	0.00
3	3	0.00	0.00	0.95	0.49	0.00
3	7	0.00	0.00	0.33	1.45	0.00
Core	CPU	C1%	C3%	C6%	C8%	C9%
-	-	0.00	0.15	0.35	0.80	0.00
0	0	0.00	0.00	0.27	0.89	0.00
0	4	0.00	1.19	0.06	0.09	0.00
1	1	0.00	0.00	0.21	0.89	0.00
1	5	0.00	0.00	0.82	0.11	0.00
2	2	0.00	0.00	0.27	0.89	0.00
2	6	0.00	0.00	0.35	1.19	0.00
3	3	0.00	0.00	0.22	1.09	0.00
3	7	0.00	0.00	0.58	1.28	0.00
Core	CPU	C1%	C3%	C6%	C8%	C9%
-	-	0.00	0.01	0.71	0.89	0.00
0	0	0.00	0.00	0.23	0.40	0.00
0	4	0.00	0.00	0.59	0.88	0.00
1	1	0.00	0.00	0.38	1.29	0.00
1	5	0.00	0.01	1.37	0.94	0.00
2	2	0.00	0.00	1.11	0.49	0.00
2	6	0.00	0.03	1.22	0.87	0.00
3	3	0.00	0.00	0.38	1.28	0.00
3	7	0.00	0.00	0.36	0.98	0.00
Core	CPU	C1%	C3%	C6%	C8%	C9%
-	-	0.00	0.00	0.46	0.71	0.00
0	0	0.00	0.00	0.10	0.39	0.00
0	4	0.00	0.00	0.28	0.89	0.00
1	1	0.00	0.00	0.35	0.79	0.00
1	5	0.00	0.01	0.82	0.90	0.00
2	2	0.00	0.00	0.25	0.90	0.00
2	6	0.00	0.00	0.87	0.30	0.00
3	3	0.00	0.00	0.36	0.79	0.00
3	7	0.00	0.03	0.68	0.69	0.00
Core	CPU	C1%	C3%	C6%	C8%	C9%
-	-	0.00	0.00	0.42	1.07	0.00
0	0	0.00	0.00	0.72	1.20	0.00
0	4	0.00	0.00	0.22	1.09	0.00
1	1	0.00	0.01	0.19	0.70	0.00
1	5	0.00	0.01	0.60	1.09	0.00
2	2	0.00	0.00	0.36	0.79	0.00
2	6	0.00	0.00	0.41	0.90	0.00
3	3	0.00	0.02	0.37	1.20	0.00
3	7	0.00	0.00	0.49	1.58	0.00
Core	CPU	C1%	C3%	C6%	C8%	C9%
-	-	0.00	0.00	0.33	0.78	0.00
0	0	0.00	0.00	0.12	0.40	0.00
0	4	0.00	0.00	0.19	0.69	0.00
1	1	0.00	0.00	0.26	0.90	0.00
1	5	0.00	0.02	0.94	0.80	0.00
2	2	0.00	0.00	0.30	1.00	0.00
2	6	0.00	0.00	0.28	1.00	0.00
3	3	0.00	0.00	0.26	0.80	0.00
3	7	0.00	0.00	0.31	0.60	0.00
Core	CPU	C1%	C3%	C6%	C8%	C9%
-	-	0.00	0.00	0.52	0.91	0.00
0	0	0.00	0.00	0.86	0.50	0.00
0	4	0.00	0.00	0.15	1.17	0.00
1	1	0.00	0.00	0.27	0.60	0.00
1	5	0.00	0.03	1.58	0.49	0.00
2	2	0.00	0.00	0.43	1.37	0.00
2	6	0.00	0.00	0.43	0.88	0.00
3	3	0.00	0.00	0.23	1.09	0.00
3	7	0.00	0.00	0.20	1.18	0.00
Core	CPU	C1%	C3%	C6%	C8%	C9%
-	-	0.00	0.16	0.43	1.53	0.22
0	0	0.00	0.00	0.24	1.28	0.00
0	4	0.01	1.28	0.14	0.22	1.77
1	1	0.00	0.00	0.20	1.18	0.00
1	5	0.00	0.02	0.87	2.10	0.00
2	2	0.00	0.00	0.64	1.69	0.00
2	6	0.00	0.00	0.32	1.97	0.00
3	3	0.00	0.00	0.46	2.19	0.00
3	7	0.00	0.00	0.56	1.58	0.00
Core	CPU	C1%	C3%	C6%	C8%	C9%
-	-	0.00	0.00	0.48	0.97	0.00
0	0	0.00	0.00	0.29	0.89	0.00
0	4	0.00	0.00	0.68	0.79	0.00
1	1	0.00	0.00	0.35	0.89	0.00
1	5	0.00	0.00	1.24	0.90	0.00
2	2	0.00	0.00	0.20	1.18	0.00
2	6	0.00	0.01	0.45	1.19	0.00
3	3	0.00	0.00	0.36	0.79	0.00
3	7	0.00	0.00	0.23	1.09	0.00
Core	CPU	C1%	C3%	C6%	C8%	C9%
-	-	0.00	0.00	0.42	0.93	0.00
0	0	0.00	0.00	0.36	1.19	0.00
0	4	0.00	0.00	0.25	1.08	0.00
1	1	0.00	0.00	0.22	0.30	0.00
1	5	0.00	0.00	0.49	0.99	0.00
2	2	0.00	0.00	0.35	0.89	0.00
2	6	0.00	0.00	0.92	0.30	0.00
3	3	0.00	0.00	0.40	1.50	0.00
3	7	0.00	0.00	0.34	1.19	0.00
Core	CPU	C1%	C3%	C6%	C8%	C9%
-	-	0.00	0.01	0.82	1.09	0.00
0	0	0.00	0.00	0.24	1.28	0.00
0	4	0.00	0.02	0.68	1.88	0.00
1	1	0.00	0.00	0.20	0.99	0.00
1	5	0.00	0.01	1.73	1.88	0.00
2	2	0.00	0.00	0.93	0.78	0.00
2	6	0.00	0.02	0.87	0.30	0.00
3	3	0.00	0.00	1.04	0.63	0.00
3	7	0.00	0.00	0.88	1.01	0.00
Core	CPU	C1%	C3%	C6%	C8%	C9%
-	-	0.00	0.01	0.63	0.66	0.00
0	0	0.00	0.00	0.10	0.39	0.00
0	4	0.00	0.00	0.36	1.11	0.00
1	1	0.00	0.01	0.44	0.68	0.00
1	5	0.00	0.06	1.09	0.39	0.00
2	2	0.00	0.00	0.88	0.69	0.00
2	6	0.00	0.00	0.55	0.58	0.00
3	3	0.00	0.01	1.16	0.49	0.00
3	7	0.00	0.00	0.47	0.98	0.00
Core	CPU	C1%	C3%	C6%	C8%	C9%
-	-	0.09	0.02	0.61	0.39	0.00
0	0	0.00	0.00	0.25	0.58	0.00
0	4	0.55	0.00	0.54	0.00	0.00
1	1	0.00	0.00	0.88	0.30	0.00
1	5	0.00	0.01	1.28	0.00	0.00
2	2	0.06	0.00	0.16	0.36	0.00
2	6	0.00	0.00	0.80	0.90	0.00
3	3	0.11	0.12	0.49	0.01	0.00
3	7	0.00	0.00	0.48	0.99	0.00
Core	CPU	C1%	C3%	C6%	C8%	C9%
-	-	0.00	0.17	0.79	1.34	0.00
0	0	0.00	0.00	1.21	0.79	0.00
0	4	0.00	1.34	0.24	0.11	0.00
1	1	0.00	0.00	0.77	1.48	0.00
1	5	0.00	0.01	0.86	1.78	0.00
2	2	0.00	0.00	0.62	1.59	0.00
2	6	0.00	0.00	0.55	2.47	0.00
3	3	0.00	0.00	1.56	0.80	0.00
3	7	0.00	0.00	0.54	1.68	0.00
Core	CPU	C1%	C3%	C6%	C8%	C9%
-	-	0.04	0.00	0.52	0.96	0.00
0	0	0.00	0.00	0.37	0.89	0.00
0	4	0.00	0.00	1.05	1.07	0.00
1	1	0.00	0.00	0.33	0.79	0.00
1	5	0.30	0.00	1.22	0.79	0.00
2	2	0.00	0.00	0.18	0.89	0.00
2	6	0.00	0.02	0.43	1.26	0.00
3	3	0.00	0.00	0.32	0.99	0.00
3	7	0.00	0.00	0.29	1.00	0.00
Core	CPU	C1%	C3%	C6%	C8%	C9%
-	-	0.00	0.00	0.43	1.00	0.00
0	0	0.00	0.00	0.14	0.40	0.00
0	4	0.00	0.00	0.47	1.28	0.00
1	1	0.00	0.00	0.32	0.82	0.00
1	5	0.00	0.02	0.56	1.04	0.00
2	2	0.00	0.00	0.44	0.80	0.00
2	6	0.00	0.00	0.47	1.39	0.00
3	3	0.00	0.00	0.67	1.41	0.00
3	7	0.00	0.00	0.36	0.89	0.00
Core	CPU	C1%	C3%	C6%	C8%	C9%
-	-	0.00	0.00	0.60	0.76	0.00
0	0	0.00	0.00	0.10	0.40	0.00
0	4	0.00	0.00	0.28	0.89	0.00
1	1	0.00	0.00	0.26	0.89	0.00
1	5	0.00	0.01	1.23	0.40	0.00
2	2	0.00	0.00	0.78	0.79	0.00
2	6	0.00	0.02	0.28	0.88	0.00
3	3	0.00	0.00	1.05	1.08	0.00
3	7	0.00	0.00	0.82	0.79	0.00
Core	CPU	C1%	C3%	C6%	C8%	C9%
-	-	0.00	0.00	0.46	0.94	0.00
0	0	0.00	0.00	0.75	1.29	0.00
0	4	0.00	0.00	0.44	1.28	0.00
1	1	0.00	0.00	0.12	0.30	0.00
1	5	0.00	0.00	0.41	0.90	0.00
2	2	0.00	0.00	0.85	0.79	0.00
2	6	0.00	0.00	0.54	0.70	0.00
3	3	0.00	0.00	0.32	0.99	0.00
3	7	0.00	0.00	0.28	1.28	0.00
Core	CPU	C1%	C3%	C6%	C8%	C9%
-	-	0.00	0.01	0.69	0.78	0.00
0	0	0.00	0.00	0.72	0.68	0.00
0	4	0.00	0.01	0.79	0.79	0.00
1	1	0.00	0.00	0.28	0.90	0.00
1	5	0.00	0.02	0.98	1.12	0.00
2	2	0.00	0.00	1.02	0.78	0.00
2	6	0.00	0.02	1.07	0.40	0.00
3	3	0.00	0.00	0.29	0.89	0.00
3	7	0.00	0.00	0.37	0.69	0.00
Core	CPU	C1%	C3%	C6%	C8%	C9%
-	-	0.09	0.10	0.32	0.79	0.00
0	0	0.00	0.00	0.09	0.50	0.00
0	4	0.00	0.72	0.23	0.17	0.00
1	1	0.00	0.00	0.25	0.89	0.00
1	5	0.00	0.03	1.10	0.89	0.00
2	2	0.00	0.00	0.10	1.09	0.00
2	6	0.00	0.00	0.36	0.99	0.00
3	3	0.73	0.01	0.36	0.69	0.00
3	7	0.00	0.02	0.10	1.09	0.00
Core	CPU	C1%	C3%	C6%	C8%	C9%
-	-	0.00	0.02	0.50	0.83	0.00
0	0	0.00	0.00	0.64	1.40	0.00
0	4	0.00	0.00	0.92	0.60	0.00
1	1	0.00	0.02	0.20	0.30	0.00
1	5	0.00	0.01	0.60	0.80	0.00
2	2	0.00	0.00	0.37	0.99	0.00
2	6	0.00	0.00	0.43	0.79	0.00
3	3	0.00	0.13	0.69	0.78	0.00
3	7	0.00	0.00	0.19	0.99	0.00
Core	CPU	C1%	C3%	C6%	C8%	C9%
-	-	0.00	0.04	0.66	4.36	0.00
0	0	0.00	0.00	0.72	0.68	0.00
0	4	0.00	0.01	0.79	0.88	0.00
1	1	0.00	0.00	0.31	1.09	0.00
1	5	0.00	0.06	0.54	1.13	0.00
2	2	0.00	0.00	0.62	0.99	0.00
2	6	0.00	0.02	0.46	0.89	0.00
3	3	0.01	0.20	1.44	28.34	0.00
3	7	0.00	0.00	0.45	0.89	0.00
Core	CPU	C1%	C3%	C6%	C8%	C9%
-	-	0.00	0.01	0.50	0.88	0.00
0	0	0.00	0.00	0.40	0.10	0.00
0	4	0.00	0.00	0.37	0.88	0.00
1	1	0.00	0.00	0.35	0.79	0.00
1	5	0.00	0.05	1.18	1.66	0.00
2	2	0.00	0.00	0.18	0.90	0.00
2	6	0.00	0.00	0.36	0.80	0.00
3	3	0.00	0.00	0.85	0.79	0.00
3	7	0.00	0.00	0.32	1.09	0.00
Core	CPU	C1%	C3%	C6%	C8%	C9%
-	-	0.00	0.00	0.38	0.89	0.00
0	0	0.00	0.00	0.37	0.98	0.00
0	4	0.00	0.00	0.25	0.98	0.00
1	1	0.00	0.00	0.22	0.50	0.00
1	5	0.00	0.02	1.05	0.71	0.00
2	2	0.00	0.00	0.37	1.09	0.00
2	6	0.00	0.00	0.19	1.08	0.00
3	3	0.00	0.00	0.42	0.69	0.00
3	7	0.00	0.00	0.19	1.08	0.00
Core	CPU	C1%	C3%	C6%	C8%	C9%
-	-	0.00	0.00	0.46	0.72	0.00
0	0	0.00	0.00	0.23	0.69	0.00
0	4	0.00	0.00	0.18	0.50	0.00
1	1	0.00	0.00	0.28	0.89	0.00
1	5	0.00	0.02	0.66	0.93	0.00
2	2	0.00	0.00	0.83	0.68	0.00
2	6	0.00	0.01	0.87	0.40	0.00
3	3	0.00	0.00	0.28	0.99	0.00
3	7	0.00	0.00	0.36	0.69	0.00
Core	CPU	C1%	C3%	C6%	C8%	C9%
-	-	0.00	0.11	0.48	0.64	0.10
0	0	0.00	0.00	0.30	0.59	0.00
0	4	0.01	0.89	0.19	0.06	0.80
1	1	0.00	0.00	0.25	0.89	0.00
1	5	0.00	0.01	0.73	0.79	0.00
2	2	0.00	0.00	0.69	0.79	0.00
2	6	0.00	0.00	0.18	0.99	0.00
3	3	0.00	0.00	0.75	0.19	0.00
3	7	0.00	0.02	0.79	0.79	0.00
Core	CPU	C1%	C3%	C6%	C8%	C9%
-	-	0.01	0.01	0.68	0.97	0.00
0	0	0.00	0.00	0.73	1.39	0.00
0	4	0.00	0.00	0.43	0.89	0.00
1	1	0.00	0.00	0.33	1.48	0.00
1	5	0.00	0.00	1.32	0.40	0.00
2	2	0.00	0.00	0.45	0.70	0.00
2	6	0.06	0.04	0.69	1.00	0.00
3	3	0.00	0.02	0.77	0.71	0.00
3	7	0.00	0.00	0.72	1.20	0.00
Core	CPU	C1%	C3%	C6%	C8%	C9%
-	-	0.00	0.01	0.47	0.91	0.00
0	0	0.00	0.00	0.12	0.98	0.00
0	4	0.00	0.00	0.59	0.39	0.00
1	1	0.00	0.00	0.65	1.09	0.00
1	5	0.00	0.00	0.45	0.79	0.00
2	2	0.00	0.00	0.33	1.08	0.00
2	6	0.00	0.05	1.03	0.79	0.00
3	3	0.00	0.00	0.36	1.08	0.00
3	7	0.00	0.00	0.25	1.08	0.00
Core	CPU	C1%	C3%	C6%	C8%	C9%
-	-	0.00	0.02	0.52	0.81	0.00
0	0	0.00	0.00	0.87	0.49	0.00
0	4	0.00	0.00	0.54	0.60	0.00
1	1	0.00	0.10	0.21	0.60	0.00
1	5	0.00	0.00	0.10	0.99	0.00
2	2	0.00	0.00	0.66	1.18	0.00
2	6	0.00	0.07	1.25	0.39	0.00
3	3	0.00	0.00	0.32	1.09	0.00
3	7	0.00	0.00	0.20	1.09	0.00
Core	CPU	C1%	C3%	C6%	C8%	C9%
-	-	0.01	0.01	0.66	0.83	0.00
0	0	0.00	0.00	0.92	0.39	0.00
0	4	0.00	0.01	0.69	0.29	0.00
1	1	0.00	0.00	0.48	1.09	0.00
1	5	0.00	0.00	0.46	1.13	0.00
2	2	0.00	0.00	1.02	0.78	0.00
2	6	0.06	0.08	1.17	0.79	0.00
3	3	0.00	0.00	0.29	1.08	0.00
3	7	0.00	0.00	0.26	1.08	0.00
Core	CPU	C1%	C3%	C6%	C8%	C9%
-	-	0.00	0.00	0.47	0.84	0.00
0	0	0.00	0.00	0.10	0.79	0.00
0	4	0.00	0.00	0.75	0.89	0.00
1	1	0.00	0.00	0.15	0.98	0.00
1	5	0.00	0.00	0.79	1.00	0.00
2	2	0.00	0.00	0.10	0.89	0.00
2	6	0.00	0.01	1.42	0.40	0.00
3	3	0.00	0.00	0.45	1.09	0.00
3	7	0.00	0.00	0.04	0.69	0.00
Core	CPU	C1%	C3%	C6%	C8%	C9%
-	-	0.00	0.20	0.41	0.73	0.00
0	0	0.00	0.00	0.37	0.98	0.00
0	4	0.00	1.58	0.14	0.00	0.00
1	1	0.00	0.02	0.10	0.40	0.00
1	5	0.00	0.00	0.40	0.51	0.00
2	2	0.00	0.00	0.27	0.98	0.00
2	6	0.00	0.04	1.47	0.99	0.00
3	3	0.00	0.00	0.22	1.09	0.00
3	7	0.00	0.00	0.29	0.88	0.00
Core	CPU	C1%	C3%	C6%	C8%	C9%
-	-	0.00	0.01	0.47	0.67	0.00
0	0	0.00	0.00	0.32	0.60	0.00
0	4	0.00	0.00	0.52	0.10	0.00
1	1	0.00	0.00	0.30	0.89	0.00
1	5	0.00	0.00	0.35	0.84	0.00
2	2	0.00	0.00	0.32	0.99	0.00
2	6	0.00	0.09	1.24	0.60	0.00
3	3	0.00	0.00	0.28	0.79	0.00
3	7	0.00	0.00	0.45	0.60	0.00
Core	CPU	C1%	C3%	C6%	C8%	C9%
-	-	0.10	0.01	0.52	0.76	0.00
0	0	0.00	0.00	0.10	0.39	0.00
0	4	0.00	0.00	0.34	0.89	0.00
1	1	0.00	0.00	0.25	0.88	0.00
1	5	0.00	0.00	0.60	1.09	0.00
2	2	0.79	0.00	0.00	0.00	0.00
2	6	0.00	0.04	1.07	1.29	0.00
3	3	0.03	0.01	0.92	0.78	0.00
3	7	0.00	0.02	0.89	0.78	0.00
Core	CPU	C1%	C3%	C6%	C8%	C9%
-	-	0.00	0.01	0.65	1.07	0.00
0	0	0.00	0.00	0.45	1.38	0.00
0	4	0.00	0.00	0.33	1.39	0.00
1	1	0.00	0.00	0.19	1.48	0.00
1	5	0.00	0.00	1.06	1.77	0.00
2	2	0.00	0.00	0.36	0.82	0.00
2	6	0.00	0.06	1.57	0.49	0.00
3	3	0.00	0.00	0.98	0.40	0.00
3	7	0.00	0.00	0.29	0.79	0.00
Core	CPU	C1%	C3%	C6%	C8%	C9%
-	-	0.00	0.00	0.40	0.89	0.00
0	0	0.00	0.00	0.22	0.89	0.00
0	4	0.00	0.00	0.20	1.19	0.00
1	1	0.00	0.00	0.27	0.89	0.00
1	5	0.00	0.00	0.45	0.79	0.00
2	2	0.00	0.00	0.22	0.96	0.00
2	6	0.00	0.01	1.40	0.30	0.00
3	3	0.00	0.00	0.19	0.99	0.00
3	7	0.00	0.00	0.25	1.08	0.00
Core	CPU	C1%	C3%	C6%	C8%	C9%
-	-	0.00	0.01	0.36	0.87	0.00
0	0	0.00	0.00	0.19	1.09	0.00
0	4	0.00	0.00	0.27	1.09	0.00
1	1	0.00	0.00	0.34	0.89	0.00
1	5	0.00	0.00	0.23	0.90	0.00
2	2	0.00	0.00	0.28	0.89	0.00
2	6	0.00	0.05	0.89	0.30	0.00
3	3	0.00	0.00	0.54	1.09	0.00
3	7	0.00	0.00	0.13	0.69	0.00
Core	CPU	C1%	C3%	C6%	C8%	C9%
-	-	0.00	0.15	0.27	0.74	0.01
0	0	0.00	0.00	0.27	0.99	0.00
0	4	0.00	1.09	0.13	0.09	0.07
1	1	0.00	0.00	0.02	0.40	0.00
1	5	0.00	0.00	0.10	0.80	0.00
2	2	0.00	0.00	0.28	0.89	0.00
2	6	0.00	0.08	0.96	0.59	0.00
3	3	0.00	0.00	0.23	1.09	0.00
3	7	0.00	0.00	0.20	1.08	0.00
Core	CPU	C1%	C3%	C6%	C8%	C9%
-	-	0.00	0.00	0.58	0.74	0.00
0	0	0.00	0.00	0.72	0.39	0.00
0	4	0.00	0.00	0.67	0.20	0.00
1	1	0.00	0.00	0.28	0.89	0.00
1	5	0.00	0.01	0.67	0.93	0.00
2	2	0.00	0.00	0.23	0.99	0.00
2	6	0.00	0.02	1.24	0.49	0.00
3	3	0.00	0.00	0.46	1.28	0.00
3	7	0.00	0.00	0.36	0.69	0.00
Core	CPU	C1%	C3%	C6%	C8%	C9%
-	-	0.00	0.01	0.49	0.94	0.00
0	0	0.00	0.00	0.10	0.88	0.00
0	4	0.03	0.01	0.71	1.58	0.00
1	1	0.00	0.00	0.35	0.79	0.00
1	5	0.00	0.00	0.71	0.78	0.00
2	2	0.00	0.00	0.20	0.99	0.00
2	6	0.00	0.05	1.13	0.78	0.00
3	3	0.00	0.00	0.53	0.59	0.00
3	7	0.00	0.03	0.19	1.09	0.00
Core	CPU	C1%	C3%	C6%	C8%	C9%
-	-	0.00	0.01	0.57	0.79	0.00
0	0	0.00	0.00	0.74	1.09	0.00
0	4	0.00	0.00	1.15	0.70	0.00
1	1	0.00	0.02	0.20	0.40	0.00
1	5	0.00	0.00	0.10	0.79	0.00
2	2	0.00	0.00	0.66	0.89	0.00
2	6	0.00	0.07	1.16	0.39	0.00
3	3	0.00	0.00	0.33	0.79	0.00
3	7	0.00	0.00	0.20	1.29	0.00
Core	CPU	C1%	C3%	C6%	C8%	C9%
-	-	0.00	0.01	0.43	0.86	0.00
0	0	0.00	0.00	0.54	0.80	0.00
0	4	0.00	0.00	0.23	0.99	0.00
1	1	0.00	0.01	0.30	0.60	0.00
1	5	0.00	0.00	0.28	1.00	0.00
2	2	0.00	0.00	0.36	0.79	0.00
2	6	0.00	0.07	1.06	0.70	0.00
3	3	0.00	0.02	0.39	0.90	0.00
3	7	0.00	0.00	0.28	1.09	0.00
Core	CPU	C1%	C3%	C6%	C8%	C9%
-	-	0.00	0.01	0.60	0.67	0.00
0	0	0.00	0.02	0.10	0.50	0.00
0	4	0.00	0.00	0.29	0.20	0.00
1	1	0.00	0.00	0.36	1.21	0.00
1	5	0.00	0.00	0.77	0.89	0.00
2	2	0.00	0.00	0.91	0.79	0.00
2	6	0.00	0.04	1.24	0.79	0.00
3	3	0.00	0.00	0.65	0.30	0.00
3	7	0.00	0.00	0.45	0.69	0.00
Core	CPU	C1%	C3%	C6%	C8%	C9%
-	-	0.00	0.08	0.49	1.45	0.00
0	0	0.00	0.00	0.19	0.99	0.00
0	4	0.00	0.59	0.25	0.00	0.00
1	1	0.00	0.00	0.26	0.89	0.00
1	5	0.00	0.02	0.40	0.69	0.00
2	2	0.00	0.00	0.29	1.18	0.00
2	6	0.00	0.03	1.13	0.79	0.00
3	3	0.01	0.03	0.72	6.32	0.00
3	7	0.00	0.00	0.67	0.69	0.00
Core	CPU	C1%	C3%	C6%	C8%	C9%
-	-	0.00	0.02	0.62	3.30	0.00
0	0	0.00	0.00	0.18	0.80	0.00
0	4	0.00	0.00	0.47	0.60	0.00
1	1	0.00	0.00	0.36	0.60	0.00
1	5	0.00	0.00	0.25	0.90	0.00
2	2	0.00	0.00	0.84	0.90	0.00
2	6	0.00	0.07	1.35	0.49	0.00
3	3	0.00	0.12	0.95	22.11	0.00
3	7	0.00	0.01	0.60	0.00	0.00
Core	CPU	C1%	C3%	C6%	C8%	C9%
-	-	0.00	0.01	0.57	0.83	0.00
0	0	0.00	0.00	0.44	1.59	0.00
0	4	0.00	0.00	0.84	0.89	0.00
1	1	0.00	0.00	0.10	0.80	0.00
1	5	0.00	0.00	0.18	0.99	0.00
2	2	0.00	0.00	0.45	0.69	0.00
2	6	0.00	0.07	1.08	0.29	0.00
3	3	0.00	0.00	1.08	0.40	0.00
3	7	0.00	0.00	0.37	0.99	0.00
Core	CPU	C1%	C3%	C6%	C8%	C9%
-	-	0.00	0.00	0.44	0.93	0.00
0	0	0.00	0.00	0.20	1.28	0.00
0	4	0.00	0.00	0.28	1.08	0.00
1	1	0.00	0.00	0.25	1.28	0.00
1	5	0.00	0.02	0.75	0.99	0.00
2	2	0.00	0.00	0.41	0.99	0.00
2	6	0.00	0.00	1.25	0.40	0.00
3	3	0.00	0.00	0.35	0.69	0.00
3	7	0.00	0.00	0.03	0.69	0.00
Core	CPU	C1%	C3%	C6%	C8%	C9%
-	-	0.00	0.01	0.45	0.97	0.00
0	0	0.00	0.00	0.45	0.79	0.00
0	4	0.00	0.00	0.51	1.20	0.00
1	1	0.00	0.02	0.30	0.59	0.00
1	5	0.00	0.00	0.50	0.59	0.00
2	2	0.00	0.00	0.45	0.90	0.00
2	6	0.00	0.05	0.72	0.80	0.00
3	3	0.00	0.00	0.31	1.59	0.00
3	7	0.00	0.00	0.38	1.28	0.00
Core	CPU	C1%	C3%	C6%	C8%	C9%
-	-	0.00	0.00	0.76	0.85	0.00
0	0	0.00	0.00	0.21	0.70	0.00
0	4	0.00	0.00	0.47	0.61	0.00
1	1	0.00	0.00	1.05	0.90	0.00
1	5	0.00	0.00	0.44	1.09	0.00
2	2	0.00	0.00	0.99	1.11	0.00
2	6	0.00	0.03	1.42	0.64	0.00
3	3	0.00	0.00	1.06	0.80	0.00
3	7	0.00	0.00	0.44	0.99	0.00
Core	CPU	C1%	C3%	C6%	C8%	C9%
-	-	0.00	0.27	0.80	1.58	0.00
0	0	0.00	0.00	0.49	1.38	0.00
0	4	0.01	2.07	0.26	0.30	0.00
1	1	0.00	0.03	1.19	1.08	0.00
1	5	0.00	0.02	1.18	1.18	0.00
2	2	0.00	0.00	1.08	1.58	0.00
2	6	0.00	0.01	0.95	2.85	0.00
3	3	0.00	0.00	0.83	2.07	0.00
3	7	0.00	0.00	0.45	2.17	0.00
Core	CPU	C1%	C3%	C6%	C8%	C9%
-	-	0.00	0.00	0.49	0.83	0.00
0	0	0.00	0.00	0.25	0.39	0.00
0	4	0.00	0.00	0.52	0.78	0.00
1	1	0.00	0.00	0.29	1.00	0.00
1	5	0.00	0.00	0.89	1.01	0.00
2	2	0.00	0.00	0.45	0.70	0.00
2	6	0.00	0.00	0.53	1.11	0.00
3	3	0.00	0.01	0.48	0.71	0.00
3	7	0.00	0.00	0.46	0.91	0.00
Core	CPU	C1%	C3%	C6%	C8%	C9%
-	-	0.00	0.00	0.43	0.97	0.00
0	0	0.00	0.00	0.30	0.59	0.00
0	4	0.00	0.00	0.83	0.99	0.00
1	1	0.00	0.00	0.28	0.89	0.00
1	5	0.00	0.00	0.83	0.79	0.00
2	2	0.00	0.00	0.23	1.09	0.00
2	6	0.00	0.04	0.47	1.70	0.00
3	3	0.00	0.00	0.28	0.89	0.00
3	7	0.00	0.00	0.25	0.79	0.00
Core	CPU	C1%	C3%	C6%	C8%	C9%
-	-	0.00	0.01	0.40	0.98	0.00
0	0	0.00	0.00	0.10	0.80	0.00
0	4	0.00	0.00	0.19	0.99	0.00
1	1	0.00	0.00	0.26	1.29	0.00
1	5	0.00	0.00	0.44	1.00	0.00
2	2	0.00	0.00	0.23	1.20	0.00
2	6	0.00	0.05	1.51	0.61	0.00
3	3	0.00	0.00	0.10	1.10	0.00
3	7	0.00	0.00	0.39	0.89	0.00
Core	CPU	C1%	C3%	C6%	C8%	C9%
-	-	0.00	0.00	0.31	0.88	0.00
0	0	0.00	0.02	0.39	0.49	0.00
0	4	0.00	0.00	0.19	0.89	0.00
1	1	0.00	0.00	0.36	0.79	0.00
1	5	0.00	0.00	0.14	0.99	0.00
2	2	0.00	0.02	0.38	0.80	0.00
2	6	0.00	0.00	0.41	1.10	0.00
3	3	0.00	0.00	0.36	0.80	0.00
3	7	0.00	0.00	0.22	1.17	0.00
Core	CPU	C1%	C3%	C6%	C8%	C9%
-	-	0.00	0.01	0.52	1.04	0.00
0	0	0.00	0.00	0.54	1.02	0.00
0	4	0.00	0.00	0.56	0.90	0.00
1	1	0.00	0.02	0.19	1.18	0.00
1	5	0.00	0.05	0.78	0.41	0.00
2	2	0.00	0.00	0.45	0.90	0.00
2	6	0.00	0.02	0.85	1.78	0.00
3	3	0.00	0.02	0.39	1.21	0.00
3	7	0.00	0.00	0.38	0.89	0.00
Core	CPU	C1%	C3%	C6%	C8%	C9%
-	-	0.00	0.18	0.48	1.49	0.00
0	0	0.00	0.00	0.13	1.38	0.00
0	4	0.00	1.34	0.11	0.25	0.00
1	1	0.00	0.00	0.51	1.78	0.00
1	5	0.00	0.02	0.56	1.68	0.00
2	2	0.00	0.00	0.32	1.88	0.00
2	6	0.00	0.05	1.27	1.38	0.00
3	3	0.00	0.00	0.47	1.78	0.00
3	7	0.00	0.00	0.45	1.77	0.00
Core	CPU	C1%	C3%	C6%	C8%	C9%
-	-	0.01	0.01	0.89	0.92	0.00
0	0	0.00	0.00	0.97	1.10	0.00
0	4	0.00	0.00	0.46	1.08	0.00
1	1	0.00	0.00	1.36	1.29	0.00
1	5	0.00	0.01	1.43	0.81	0.00
2	2	0.00	0.00	0.29	1.09	0.00
2	6	0.00	0.01	0.76	1.08	0.00
3	3	0.09	0.01	0.93	0.49	0.00
3	7	0.00	0.01	0.89	0.40	0.00
Core	CPU	C1%	C3%	C6%	C8%	C9%
-	-	0.00	0.00	0.53	0.84	0.00
0	0	0.00	0.00	0.35	0.98	0.00
0	4	0.00	0.00	0.31	0.89	0.00
1	1	0.00	0.00	0.67	0.69	0.00
1	5	0.00	0.00	0.28	1.01	0.00
2	2	0.00	0.00	0.35	0.89	0.00
2	6	0.00	0.04	0.91	0.80	0.00
3	3	0.00	0.00	1.08	0.40	0.00
3	7	0.00	0.00	0.28	1.08	0.00
Core	CPU	C1%	C3%	C6%	C8%	C9%
-	-	0.00	0.00	0.48	0.94	0.00
0	0	0.00	0.00	0.10	0.39	0.00
0	4	0.00	0.00	0.47	0.79	0.00
1	1	0.00	0.00	0.45	0.79	0.00
1	5	0.00	0.00	0.97	0.89	0.00
2	2	0.00	0.01	0.39	0.90	0.00
2	6	0.00	0.00	0.68	1.19	0.00
3	3	0.00	0.00	0.51	1.38	0.00
3	7	0.00	0.00	0.24	1.18	0.00
Core	CPU	C1%	C3%	C6%	C8%	C9%
-	-	0.00	0.00	0.36	0.88	0.00
0	0	0.00	0.00	0.37	1.09	0.00
0	4	0.00	0.00	0.35	0.99	0.00
1	1	0.00	0.00	0.62	0.49	0.00
1	5	0.00	0.00	0.30	0.41	0.00
2	2	0.00	0.00	0.28	0.79	0.00
2	6	0.00	0.03	0.56	0.99	0.00
3	3	0.00	0.00	0.22	1.19	0.00
3	7	0.00	0.00	0.19	1.09	0.00
Core	CPU	C1%	C3%	C6%	C8%	C9%
-	-	0.00	0.00	0.76	0.80	0.00
0	0	0.00	0.00	0.82	0.78	0.00
0	4	0.00	0.01	0.89	0.31	0.00
1	1	0.00	0.00	0.47	1.28	0.00
1	5	0.00	0.00	0.45	1.09	0.00
2	2	0.00	0.00	0.82	0.40	0.00
2	6	0.00	0.01	1.76	0.00	0.00
3	3	0.00	0.00	0.38	1.28	0.00
3	7	0.00	0.00	0.49	1.28	0.00
Core	CPU	C1%	C3%	C6%	C8%	C9%
-	-	0.00	0.29	0.81	1.50	0.00
0	0	0.00	0.00	0.61	1.88	0.00
0	4	0.00	2.28	0.08	0.06	0.00
1	1	0.00	0.00	0.73	1.77	0.00
1	5	0.00	0.02	0.99	1.68	0.00
2	2	0.00	0.00	0.89	0.99	0.00
2	6	0.00	0.01	0.80	2.06	0.00
3	3	0.00	0.00	1.59	1.98	0.00
3	7	0.00	0.02	0.79	1.58	0.00
Core	CPU	C1%	C3%	C6%	C8%	C9%
-	-	0.00	0.01	0.61	0.86	0.00
0	0	0.00	0.00	0.36	0.69	0.00
0	4	0.00	0.00	0.73	0.49	0.00
1	1	0.00	0.02	0.59	0.70	0.00
1	5	0.00	0.00	0.80	1.00	0.00
2	2	0.00	0.00	0.54	0.90	0.00
2	6	0.00	0.02	1.31	1.09	0.00
3	3	0.00	0.02	0.29	1.00	0.00
3	7	0.00	0.00	0.29	0.99	0.00
Core	CPU	C1%	C3%	C6%	C8%	C9%
-	-	0.00	0.00	0.79	1.00	0.00
0	0	0.00	0.00	0.71	0.49	0.00
0	4	0.00	0.00	0.59	0.70	0.00
1	1	0.00	0.00	0.64	1.59	0.00
1	5	0.00	0.00	0.65	0.99	0.00
2	2	0.00	0.00	1.19	1.00	0.00
2	6	0.00	0.02	1.49	0.71	0.00
3	3	0.00	0.00	0.45	1.19	0.00
3	7	0.00	0.00	0.63	1.29	0.00
Core	CPU	C1%	C3%	C6%	C8%	C9%
-	-	0.00	0.01	0.46	1.27	0.00
0	0	0.00	0.00	0.45	1.89	0.00
0	4	0.00	0.00	0.44	1.19	0.00
1	1	0.00	0.00	0.32	0.81	0.00
1	5	0.00	0.02	0.37	1.49	0.00
2	2	0.00	0.00	0.37	0.91	0.00
2	6	0.00	0.01	0.95	1.79	0.00
3	3	0.00	0.00	0.49	0.76	0.00
3	7	0.00	0.03	0.28	1.29	0.00
Core	CPU	C1%	C3%	C6%	C8%	C9%
-	-	0.00	0.00	0.31	0.98	0.00
0	0	0.00	0.00	0.36	0.69	0.00
0	4	0.00	0.00	0.14	0.98	0.00
1	1	0.00	0.02	0.20	0.89	0.00
1	5	0.00	0.00	0.10	0.89	0.00
2	2	0.00	0.00	0.36	1.38	0.00
2	6	0.00	0.00	0.84	0.80	0.00
3	3	0.00	0.00	0.21	1.10	0.00
3	7	0.00	0.00	0.29	1.09	0.00
Core	CPU	C1%	C3%	C6%	C8%	C9%
-	-	0.00	0.03	0.69	4.65	0.00
0	0	0.00	0.00	0.22	1.19	0.00
0	4	0.00	0.00	0.19	1.68	0.00
1	1	0.00	0.00	0.40	1.28	0.00
1	5	0.00	0.00	1.20	1.50	0.00
2	2	0.00	0.00	0.80	0.90	0.00
2	6	0.00	0.03	1.18	0.69	0.00
3	3	0.02	0.19	1.14	28.73	0.00
3	7	0.00	0.01	0.35	1.19	0.00
Core	CPU	C1%	C3%	C6%	C8%	C9%
-	-	0.00	0.32	0.81	1.39	0.00
0	0	0.00	0.00	0.89	1.09	0.00
0	4	0.00	2.57	0.18	0.07	0.00
1	1	0.00	0.00	0.34	1.97	0.00
1	5	0.00	0.00	0.35	2.07	0.00
2	2	0.00	0.00	0.99	1.68	0.00
2	6	0.00	0.02	0.67	1.88	0.00
3	3	0.00	0.00	1.93	1.08	0.00
3	7	0.00	0.01	1.09	1.28	0.00
Core	CPU	C1%	C3%	C6%	C8%	C9%
-	-	0.00	0.00	0.52	0.81	0.00
0	0	0.00	0.00	0.55	0.40	0.00
0	4	0.00	0.00	0.42	0.49	0.00
1	1	0.00	0.00	0.29	0.90	0.00
1	5	0.00	0.00	0.29	0.99	0.00
2	2	0.00	0.00	0.45	0.89	0.00
2	6	0.00	0.00	1.23	0.89	0.00
3	3	0.00	0.01	0.58	0.80	0.00
3	7	0.00	0.00	0.37	1.09	0.00
Core	CPU	C1%	C3%	C6%	C8%	C9%
-	-	0.00	0.00	0.43	0.76	0.00
0	0	0.00	0.00	0.30	0.40	0.00
0	4	0.00	0.00	0.10	0.81	0.00
1	1	0.00	0.00	0.28	0.89	0.00
1	5	0.00	0.00	0.45	0.99	0.00
2	2	0.00	0.00	0.80	0.49	0.00
2	6	0.00	0.02	0.90	0.60	0.00
3	3	0.00	0.00	0.38	0.99	0.00
3	7	0.00	0.00	0.25	0.89	0.00
Core	CPU	C1%	C3%	C6%	C8%	C9%
-	-	0.00	0.00	0.56	1.03	0.00
0	0	0.00	0.00	0.29	1.08	0.00
0	4	0.00	0.00	0.34	1.58	0.00
1	1	0.00	0.00	0.42	0.99	0.00
1	5	0.00	0.00	0.78	1.70	0.00
2	2	0.00	0.00	0.46	0.59	0.00
2	6	0.00	0.02	1.22	0.50	0.00
3	3	0.00	0.00	0.32	0.99	0.00
3	7	0.00	0.00	0.69	0.79	0.00
Core	CPU	C1%	C3%	C6%	C8%	C9%
-	-	0.00	0.00	0.53	0.80	0.00
0	0	0.00	0.00	0.23	0.30	0.00
0	4	0.00	0.00	0.10	0.90	0.00
1	1	0.00	0.00	0.28	1.09	0.00
1	5	0.00	0.00	0.52	1.08	0.00
2	2	0.00	0.00	1.02	0.59	0.00
2	6	0.00	0.03	1.39	0.50	0.00
3	3	0.00	0.00	0.29	1.08	0.00
3	7	0.00	0.00	0.45	0.89	0.00
Core	CPU	C1%	C3%	C6%	C8%	C9%
-	-	0.00	0.01	0.61	1.15	0.02
0	0	0.00	0.00	0.18	0.99	0.00
0	4	0.00	0.00	0.26	0.89	0.00
1	1	0.00	0.00	1.02	0.67	0.00
1	5	0.00	0.02	1.05	2.55	0.17
2	2	0.00	0.00	0.20	1.18	0.00
2	6	0.00	0.01	0.67	1.47	0.00
3	3	0.00	0.00	0.71	0.69	0.00
3	7	0.00	0.03	0.78	0.79	0.00
Core	CPU	C1%	C3%	C6%	C8%	C9%
-	-	0.00	0.26	0.46	1.50	0.00
0	0	0.00	0.00	0.36	0.97	0.00
0	4	0.00	1.16	0.27	0.50	0.00
1	1	0.00	0.02	0.28	0.99	0.00
1	5	0.00	0.40	0.52	1.71	0.00
2	2	0.00	0.36	0.31	0.69	0.00
2	6	0.00	0.01	0.65	1.69	0.00
3	3	0.00	0.10	0.50	2.08	0.00
3	7	0.00	0.00	0.74	3.36	0.00
Core	CPU	C1%	C3%	C6%	C8%	C9%
-	-	0.00	0.01	0.73	1.25	0.10
0	0	0.00	0.00	1.00	0.89	0.00
0	4	0.00	0.00	0.59	1.28	0.00
1	1	0.00	0.00	0.46	1.19	0.00
1	5	0.00	0.00	0.76	1.18	0.00
2	2	0.00	0.00	0.49	1.28	0.78
2	6	0.00	0.06	1.16	0.75	0.00
3	3	0.00	0.00	0.50	1.58	0.00
3	7	0.00	0.01	0.90	1.89	0.00
Core	CPU	C1%	C3%	C6%	C8%	C9%
-	-	0.00	0.01	0.60	1.18	0.08
0	0	0.00	0.00	0.28	1.28	0.00
0	4	0.00	0.00	0.35	0.79	0.00
1	1	0.00	0.00	0.49	1.40	0.00
1	5	0.00	0.00	0.77	1.39	0.00
2	2	0.00	0.02	0.61	1.88	0.60
2	6	0.00	0.05	1.19	0.39	0.00
3	3	0.00	0.00	0.39	0.99	0.00
3	7	0.00	0.00	0.70	1.28	0.00
Core	CPU	C1%	C3%	C6%	C8%	C9%
-	-	0.01	0.01	0.63	0.95	0.00
0	0	0.00	0.00	0.52	1.18	0.00
0	4	0.00	0.00	0.17	0.89	0.00
1	1	0.00	0.00	0.36	0.73	0.00
1	5	0.00	0.00	0.79	1.13	0.00
2	2	0.00	0.00	0.91	0.89	0.00
2	6	0.00	0.04	1.20	0.78	0.00
3	3	0.04	0.00	0.65	1.27	0.00
3	7	0.00	0.00	0.43	0.68	0.00
Core	CPU	C1%	C3%	C6%	C8%	C9%
-	-	0.00	0.01	0.51	0.67	0.00
0	0	0.00	0.00	0.47	0.49	0.00
0	4	0.00	0.00	0.35	0.99	0.00
1	1	0.00	0.03	0.40	0.10	0.00
1	5	0.00	0.00	0.18	0.50	0.00
2	2	0.00	0.00	0.28	0.99	0.00
2	6	0.00	0.04	1.12	0.39	0.00
3	3	0.00	0.00	1.09	0.78	0.00
3	7	0.00	0.00	0.19	1.09	0.00
Core	CPU	C1%	C3%	C6%	C8%	C9%
-	-	0.00	0.01	0.59	1.15	0.00
0	0	0.00	0.00	0.36	1.79	0.00
0	4	0.00	0.00	0.19	1.28	0.00
1	1	0.00	0.01	0.28	1.19	0.00
1	5	0.00	0.03	1.37	1.19	0.00
2	2	0.00	0.00	0.33	1.19	0.00
2	6	0.00	0.00	1.37	0.40	0.00
3	3	0.00	0.01	0.58	1.09	0.00
3	7	0.00	0.00	0.27	1.08	0.00
Core	CPU	C1%	C3%	C6%	C8%	C9%
-	-	0.00	0.28	0.72	1.17	0.00
0	0	0.00	0.00	0.19	1.38	0.00
0	4	0.00	2.17	0.19	0.06	0.00
1	1	0.00	0.00	0.94	0.99	0.00
1	5	0.00	0.00	0.80	1.38	0.00
2	2	0.00	0.00	0.79	1.68	0.00
2	6	0.00	0.07	0.83	1.38	0.00
3	3	0.00	0.00	1.32	0.89	0.00
3	7	0.00	0.02	0.69	1.58	0.00
Core	CPU	C1%	C3%	C6%	C8%	C9%
-	-	0.00	0.01	0.67	0.68	0.00
0	0	0.00	0.00	0.55	0.49	0.00
0	4	0.00	0.00	0.70	0.00	0.00
1	1	0.00	0.02	0.87	0.39	0.00
1	5	0.00	0.00	0.38	0.79	0.00
2	2	0.00	0.00	0.54	1.10	0.00
2	6	0.00	0.02	1.28	0.40	0.00
3	3	0.00	0.00	0.60	1.29	0.00
3	7	0.00	0.00	0.45	0.99	0.00
Core	CPU	C1%	C3%	C6%	C8%	C9%
-	-	0.00	0.01	0.63	0.85	0.00
0	0	0.00	0.00	0.92	0.49	0.00
0	4	0.00	0.02	0.50	0.00	0.00
1	1	0.00	0.00	0.57	0.99	0.00
1	5	0.00	0.00	0.74	1.08	0.00
2	2	0.00	0.00	0.34	0.99	0.00
2	6	0.00	0.06	0.73	0.79	0.00
3	3	0.00	0.00	0.36	1.19	0.00
3	7	0.00	0.00	0.91	1.28	0.00
Core	CPU	C1%	C3%	C6%	C8%	C9%
-	-	0.00	0.01	0.68	1.18	0.00
0	0	0.00	0.00	0.40	1.01	0.00
0	4	0.00	0.00	0.90	0.99	0.00
1	1	0.00	0.00	0.44	1.29	0.00
1	5	0.00	0.00	1.15	1.39	0.00
2	2	0.00	0.00	0.29	1.19	0.00
2	6	0.00	0.06	1.56	0.69	0.00
3	3	0.00	0.00	0.33	1.68	0.00
3	7	0.00	0.00	0.33	1.19	0.00
Core	CPU	C1%	C3%	C6%	C8%	C9%
-	-	0.00	0.01	0.55	0.66	0.00
0	0	0.00	0.00	0.18	0.69	0.00
0	4	0.00	0.00	0.46	0.49	0.00
1	1	0.00	0.00	0.14	0.98	0.00
1	5	0.00	0.02	0.39	0.49	0.00
2	2	0.00	0.00	0.59	0.98	0.00
2	6	0.00	0.07	1.00	0.49	0.00
3	3	0.00	0.00	0.84	0.84	0.00
3	7	0.00	0.02	0.79	0.29	0.00
Core	CPU	C1%	C3%	C6%	C8%	C9%
-	-	0.00	0.01	0.44	0.74	0.00
0	0	0.00	0.00	0.45	0.49	0.00
0	4	0.00	0.00	0.04	0.49	0.00
1	1	0.00	0.00	0.29	1.19	0.00
1	5	0.00	0.00	0.29	1.18	0.00
2	2	0.00	0.00	0.36	0.79	0.00
2	6	0.00	0.07	1.15	0.50	0.00
3	3	0.00	0.01	0.59	0.57	0.00
3	7	0.00	0.00	0.39	0.69	0.00
Core	CPU	C1%	C3%	C6%	C8%	C9%
-	-	0.00	0.02	0.44	0.63	0.00
0	0	0.00	0.00	0.12	0.61	0.00
0	4	0.00	0.11	0.11	0.14	0.00
1	1	0.00	0.00	0.28	0.89	0.00
1	5	0.00	0.00	0.35	1.00	0.00
2	2	0.00	0.00	0.62	0.60	0.00
2	6	0.00	0.02	1.05	0.68	0.00
3	3	0.00	0.00	0.65	0.44	0.00
3	7	0.00	0.00	0.35	0.69	0.00
Core	CPU	C1%	C3%	C6%	C8%	C9%
-	-	0.00	0.01	0.73	0.82	0.00
0	0	0.00	0.00	0.38	0.98	0.00
0	4	0.00	0.00	0.65	0.89	0.00
1	1	0.00	0.00	0.92	0.30	0.00
1	5	0.00	0.04	1.89	0.72	0.00
2	2	0.00	0.00	0.28	1.09	0.00
2	6	0.00	0.02	1.15	0.68	0.00
3	3	0.00	0.00	0.49	1.27	0.00
3	7	0.00	0.00	0.10	0.59	0.00
Core	CPU	C1%	C3%	C6%	C8%	C9%
-	-	0.00	0.00	0.39	0.84	0.10
0	0	0.00	0.00	0.53	0.89	0.00
0	4	0.00	0.00	0.21	0.59	0.00
1	1	0.00	0.00	0.10	0.99	0.00
1	5	0.00	0.00	0.37	1.09	0.00
2	2	0.00	0.00	0.25	0.88	0.00
2	6	0.00	0.00	1.04	0.61	0.00
3	3	0.00	0.00	0.25	1.00	0.79
3	7	0.00	0.00	0.37	0.69	0.00
Core	CPU	C1%	C3%	C6%	C8%	C9%
-	-	0.00	0.01	0.47	1.95	0.00
0	0	0.00	0.00	0.19	0.31	0.00
0	4	0.00	0.00	0.27	0.90	0.00
1	1	0.00	0.00	1.23	0.80	0.00
1	5	0.00	0.00	0.22	0.90	0.00
2	2	0.00	0.00	0.18	0.90	0.00
2	6	0.00	0.04	0.74	0.90	0.00
3	3	0.01	0.07	0.71	9.93	0.00
3	7	0.00	0.00	0.23	0.99	0.00
Core	CPU	C1%	C3%	C6%	C8%	C9%
-	-	0.01	0.01	0.42	3.11	0.00
0	0	0.00	0.00	0.10	0.89	0.00
0	4	0.00	0.00	0.10	1.18	0.00
1	1	0.00	0.00	0.37	1.20	0.00
1	5	0.00	0.00	0.35	1.39	0.00
2	2	0.00	0.00	0.25	0.99	0.00
2	6	0.00	0.02	0.55	1.19	0.00
3	3	0.08	0.09	0.93	17.94	0.00
3	7	0.00	0.00	0.74	0.09	0.00
Core	CPU	C1%	C3%	C6%	C8%	C9%
-	-	0.00	0.01	0.54	0.89	0.00
0	0	0.00	0.00	0.46	1.08	0.00
0	4	0.00	0.02	0.25	0.60	0.00
1	1	0.00	0.00	0.61	0.70	0.00
1	5	0.00	0.00	0.13	0.99	0.00
2	2	0.00	0.00	0.28	1.09	0.00
2	6	0.00	0.01	1.31	1.19	0.00
3	3	0.00	0.03	0.99	0.40	0.00
3	7	0.00	0.00	0.29	1.09	0.00
Core	CPU	C1%	C3%	C6%	C8%	C9%
-	-	0.00	0.23	0.56	1.52	0.00
0	0	0.00	0.00	0.24	1.68	0.00
0	4	0.00	1.81	0.00	0.12	0.00
1	1	0.00	0.00	1.08	1.69	0.00
1	5	0.00	0.02	0.54	2.07	0.00
2	2	0.00	0.00	0.34	1.87	0.00
2	6	0.00	0.03	1.01	1.58	0.00
3	3	0.00	0.00	0.69	1.39	0.00
3	7	0.00	0.00	0.60	1.77	0.00
Core	CPU	C1%	C3%	C6%	C8%	C9%
-	-	0.00	0.01	0.42	0.76	0.00
0	0	0.00	0.00	0.20	0.69	0.00
0	4	0.00	0.00	0.67	0.50	0.00
1	1	0.00	0.00	0.38	0.71	0.00
1	5	0.00	0.00	0.42	0.71	0.00
2	2	0.00	0.00	0.57	1.10	0.00
2	6	0.00	0.01	0.57	1.08	0.00
3	3	0.00	0.00	0.29	0.71	0.00
3	7	0.00	0.03	0.29	0.57	0.00
Core	CPU	C1%	C3%	C6%	C8%	C9%
-	-	0.00	0.00	0.60	1.22	0.00
0	0	0.00	0.00	0.65	1.08	0.00
0	4	0.00	0.00	0.25	1.28	0.00
1	1	0.00	0.00	1.34	1.00	0.00
1	5	0.00	0.00	0.10	0.80	0.00
2	2	0.00	0.00	0.37	1.71	0.00
2	6	0.00	0.00	1.36	0.71	0.00
3	3	0.00	0.00	0.39	1.18	0.00
3	7	0.00	0.00	0.38	1.98	0.00
Core	CPU	C1%	C3%	C6%	C8%	C9%
-	-	0.00	0.01	0.67	1.11	0.00
0	0	0.00	0.00	0.23	0.89	0.00
0	4	0.00	0.00	0.20	0.99	0.00
1	1	0.00	0.00	0.46	1.29	0.00
1	5	0.00	0.00	0.45	1.10	0.00
2	2	0.00	0.00	1.13	1.17	0.00
2	6	0.00	0.06	1.98	1.20	0.00
3	3	0.00	0.00	0.47	1.19	0.00
3	7	0.00	0.00	0.45	1.09	0.00
Core	CPU	C1%	C3%	C6%	C8%	C9%
-	-	0.00	0.00	0.35	0.85	0.00
0	0	0.00	0.00	0.09	0.79	0.00
0	4	0.00	0.00	0.27	1.00	0.00
1	1	0.00	0.00	0.44	0.70	0.00
1	5	0.00	0.00	0.31	1.00	0.00
2	2	0.00	0.00	0.28	0.82	0.00
2	6	0.00	0.01	0.69	0.80	0.00
3	3	0.00	0.00	0.44	0.60	0.00
3	7	0.00	0.03	0.28	1.10	0.00
Core	CPU	C1%	C3%	C6%	C8%	C9%
-	-	0.00	0.00	0.49	1.14	0.00
0	0	0.00	0.00	0.76	1.20	0.00
0	4	0.00	0.00	0.27	0.61	0.00
1	1	0.00	0.00	0.18	1.00	0.00
1	5	0.00	0.00	0.36	1.00	0.00
2	2	0.00	0.00	0.43	1.24	0.00
2	6	0.00	0.02	0.78	1.21	0.00
3	3	0.00	0.00	0.28	1.10	0.00
3	7	0.00	0.00	0.89	1.80	0.00
Core	CPU	C1%	C3%	C6%	C8%	C9%
-	-	0.00	0.08	0.26	0.61	0.00
0	0	0.00	0.01	0.10	0.50	0.00
0	4	0.00	0.59	0.20	0.05	0.00
1	1	0.00	0.00	0.36	0.79	0.00
1	5	0.00	0.00	0.08	0.79	0.00
2	2	0.00	0.02	0.20	0.68	0.00
2	6	0.00	0.02	0.55	0.69	0.00
3	3	0.00	0.00	0.37	0.69	0.00
3	7	0.00	0.00	0.22	0.69	0.00
Core	CPU	C1%	C3%	C6%	C8%	C9%
-	-	0.00	0.01	0.49	0.98	0.00
0	0	0.00	0.00	0.37	0.98	0.00
0	4	0.00	0.00	0.83	0.69	0.00
1	1	0.00	0.00	0.22	0.30	0.00
1	5	0.00	0.00	0.19	1.18	0.00
2	2	0.00	0.00	0.37	0.99	0.00
2	6	0.00	0.04	1.35	1.67	0.00
3	3	0.00	0.00	0.41	1.10	0.00
3	7	0.00	0.00	0.20	0.90	0.00
Core	CPU	C1%	C3%	C6%	C8%	C9%
-	-	0.00	0.00	0.39	1.01	0.00
0	0	0.00	0.00	0.33	1.09	0.00
0	4	0.00	0.00	0.31	0.90	0.00
1	1	0.00	0.00	0.19	0.71	0.00
1	5	0.00	0.00	0.36	1.29	0.00
2	2	0.00	0.00	0.44	0.70	0.00
2	6	0.00	0.03	0.64	1.30	0.00
3	3	0.00	0.00	0.35	1.21	0.00
3	7	0.00	0.00	0.51	0.90	0.00
Core	CPU	C1%	C3%	C6%	C8%	C9%
-	-	0.00	0.00	0.62	1.22	0.00
0	0	0.00	0.00	0.28	1.29	0.00
0	4	0.02	0.00	0.99	1.31	0.00
1	1	0.00	0.00	0.61	1.40	0.00
1	5	0.00	0.00	0.54	1.01	0.00
2	2	0.00	0.00	0.46	1.21	0.00
2	6	0.00	0.02	1.03	1.11	0.00
3	3	0.00	0.00	0.53	0.91	0.00
3	7	0.00	0.00	0.50	1.50	0.00
Core	CPU	C1%	C3%	C6%	C8%	C9%
-	-	0.00	0.01	0.61	1.09	0.00
0	0	0.00	0.00	0.87	0.49	0.00
0	4	0.00	0.00	0.94	1.09	0.00
1	1	0.00	0.04	0.10	1.28	0.00
1	5	0.00	0.02	0.10	0.59	0.00
2	2	0.00	0.00	0.29	1.78	0.00
2	6	0.00	0.01	0.67	1.58	0.00
3	3	0.00	0.01	0.93	0.89	0.00
3	7	0.00	0.01	0.99	0.98	0.00
Core	CPU	C1%	C3%	C6%	C8%	C9%
-	-	0.01	0.01	0.47	0.96	0.00
0	0	0.00	0.00	0.39	1.28	0.00
0	4	0.00	0.00	0.24	0.99	0.00
1	1	0.00	0.01	0.30	1.08	0.00
1	5	0.00	0.00	0.20	0.99	0.00
2	2	0.00	0.00	0.27	0.89	0.00
2	6	0.00	0.03	1.17	1.19	0.00
3	3	0.00	0.02	0.99	0.30	0.00
3	7	0.08	0.00	0.19	0.99	0.00
Core	CPU	C1%	C3%	C6%	C8%	C9%
-	-	0.00	0.17	0.70	1.40	0.00
0	0	0.00	0.00	0.92	1.09	0.00
0	4	0.00	1.35	0.20	0.45	0.00
1	1	0.00	0.00	0.48	1.77	0.00
1	5	0.00	0.00	0.46	1.77	0.00
2	2	0.00	0.00	1.12	1.19	0.00
2	6	0.00	0.03	1.49	1.28	0.00
3	3	0.00	0.00	0.39	1.77	0.00
3	7	0.00	0.00	0.54	1.88	0.00
Core	CPU	C1%	C3%	C6%	C8%	C9%
-	-	0.00	0.01	0.76	0.78	0.00
0	0	0.00	0.00	0.66	0.89	0.00
0	4	0.00	0.00	0.45	0.70	0.00
1	1	0.00	0.00	1.02	0.78	0.00
1	5	0.00	0.01	0.89	0.78	0.00
2	2	0.00	0.00	0.38	1.09	0.00
2	6	0.00	0.02	0.74	1.09	0.00
3	3	0.00	0.00	0.93	0.40	0.00
3	7	0.00	0.01	0.98	0.50	0.00
Core	CPU	C1%	C3%	C6%	C8%	C9%
-	-	0.00	0.00	0.47	0.88	0.00
0	0	0.00	0.00	0.45	0.49	0.00
0	4	0.00	0.00	0.78	0.99	0.00
1	1	0.00	0.00	0.20	1.20	0.00
1	5	0.00	0.00	0.18	0.99	0.00
2	2	0.00	0.00	0.33	0.99	0.00
2	6	0.00	0.00	1.15	0.60	0.00
3	3	0.00	0.01	0.39	0.70	0.00
3	7	0.00	0.00	0.28	1.09	0.00
Core	CPU	C1%	C3%	C6%	C8%	C9%
-	-	0.00	0.01	0.51	0.62	0.00
0	0	0.00	0.01	0.42	0.31	0.00
0	4	0.00	0.00	0.38	0.79	0.00
1	1	0.00	0.00	0.35	0.92	0.00
1	5	0.00	0.03	0.40	0.70	0.00
2	2	0.00	0.02	0.35	0.61	0.00
2	6	0.00	0.05	1.27	0.70	0.00
3	3	0.00	0.00	0.43	0.50	0.00
3	7	0.00	0.00	0.51	0.40	0.00
Core	CPU	C1%	C3%	C6%	C8%	C9%
-	-	0.00	0.00	0.62	1.05	0.00
0	0	0.00	0.00	0.60	1.50	0.00
0	4	0.00	0.00	0.36	0.89	0.00
1	1	0.00	0.00	0.92	1.08	0.00
1	5	0.00	0.02	0.79	0.30	0.00
2	2	0.00	0.00	0.20	0.98	0.00
2	6	0.00	0.01	0.67	1.00	0.00
3	3	0.00	0.00	0.77	1.99	0.00
3	7	0.00	0.00	0.67	0.70	0.00
Core	CPU	C1%	C3%	C6%	C8%	C9%
-	-	0.00	0.00	0.33	1.03	0.00
0	0	0.00	0.00	0.24	1.08	0.00
0	4	0.00	0.00	0.12	1.09	0.00
1	1	0.00	0.00	0.20	0.98	0.00
1	5	0.00	0.00	0.56	0.90	0.00
2	2	0.00	0.00	0.35	0.79	0.00
2	6	0.00	0.01	0.72	1.09	0.00
3	3	0.00	0.00	0.19	1.09	0.00
3	7	0.00	0.00	0.27	1.19	0.00
Core	CPU	C1%	C3%	C6%	C8%	C9%
-	-	0.00	0.12	0.38	0.95	0.00
0	0	0.00	0.01	0.10	0.40	0.00
0	4	0.00	0.89	0.14	0.34	0.00
1	1	0.00	0.00	0.36	0.82	0.00
1	5	0.00	0.01	0.48	1.97	0.00
2	2	0.00	0.00	0.12	0.99	0.00
2	6	0.00	0.03	1.23	1.08	0.00
3	3	0.00	0.00	0.28	0.79	0.00
3	7	0.00	0.02	0.34	1.18	0.00
Core	CPU	C1%	C3%	C6%	C8%	C9%
-	-	0.00	0.02	0.97	0.75	0.00
0	0	0.00	0.00	0.38	0.89	0.00
0	4	0.00	0.02	0.53	0.79	0.00
1	1	0.00	0.00	1.02	1.08	0.00
1	5	0.00	0.04	0.96	0.49	0.00
2	2	0.00	0.00	1.06	0.69	0.00
2	6	0.00	0.06	1.96	0.60	0.00
3	3	0.00	0.00	0.91	0.80	0.00
3	7	0.00	0.00	0.98	0.70	0.00
Core	CPU	C1%	C3%	C6%	C8%	C9%
-	-	0.00	0.03	0.50	4.38	0.00
0	0	0.00	0.00	0.44	0.99	0.00
0	4	0.00	0.00	0.32	1.19	0.00
1	1	0.00	0.00	0.21	0.71	0.00
1	5	0.00	0.00	0.27	0.90	0.00
2	2	0.00	0.00	0.35	0.79	0.00
2	6	0.00	0.02	0.53	1.10	0.00
3	3	0.01	0.25	1.47	28.64	0.00
3	7	0.00	0.00	0.42	0.70	0.00
Core	CPU	C1%	C3%	C6%	C8%	C9%
-	-	0.00	0.00	0.32	0.95	0.00
0	0	0.00	0.00	0.10	1.09	0.00
0	4	0.00	0.00	0.28	1.09	0.00
1	1	0.00	0.00	0.25	0.90	0.00
1	5	0.00	0.00	0.14	0.99	0.00
2	2	0.00	0.00	0.10	1.09	0.00
2	6	0.00	0.01	0.68	0.99	0.00
3	3	0.00	0.00	0.96	0.79	0.00
3	7	0.00	0.00	0.05	0.69	0.00
Core	CPU	C1%	C3%	C6%	C8%	C9%
-	-	0.00	0.01	0.46	1.46	0.00
0	0	0.00	0.00	0.42	1.80	0.00
0	4	0.00	0.00	0.66	1.11	0.00
1	1	0.00	0.00	0.27	1.29	0.00
1	5	0.00	0.00	0.36	1.31	0.00
2	2	0.00	0.00	0.45	1.18	0.00
2	6	0.00	0.04	0.63	1.28	0.00
3	3	0.00	0.00	0.50	1.71	0.00
3	7	0.00	0.03	0.38	2.00	0.00
Core	CPU	C1%	C3%	C6%	C8%	C9%
-	-	0.00	0.01	0.49	1.13	0.00
0	0	0.00	0.00	0.36	1.18	0.00
0	4	0.00	0.02	0.24	1.38	0.00
1	1	0.00	0.01	0.39	1.47	0.00
1	5	0.00	0.00	0.27	1.07	0.00
2	2	0.00	0.00	0.36	0.89	0.00
2	6	0.00	0.01	1.80	1.19	0.00
3	3	0.00	0.02	0.29	0.99	0.00
3	7	0.00	0.00	0.20	0.88	0.00
Core	CPU	C1%	C3%	C6%	C8%	C9%
-	-	0.00	0.19	0.69	1.37	0.22
0	0	0.00	0.00	0.62	1.29	0.00
0	4	0.00	1.45	0.00	0.14	1.78
1	1	0.00	0.00	0.65	1.89	0.00
1	5	0.00	0.00	0.46	1.68	0.00
2	2	0.00	0.00	1.02	1.27	0.00
2	6	0.00	0.06	1.56	1.09	0.00
3	3	0.00	0.00	0.48	1.88	0.00
3	7	0.00	0.00	0.74	1.68	0.00
Core	CPU	C1%	C3%	C6%	C8%	C9%
-	-	0.00	0.00	0.58	1.16	0.00
0	0	0.00	0.00	0.73	2.17	0.00
0	4	0.00	0.00	0.65	0.88	0.00
1	1	0.00	0.00	0.67	1.40	0.00
1	5	0.00	0.02	0.39	0.89	0.00
2	2	0.00	0.00	0.37	1.09	0.00
2	6	0.00	0.02	1.24	0.89	0.00
3	3	0.00	0.00	0.35	0.88	0.00
3	7	0.00	0.00	0.23	1.09	0.00
Core	CPU	C1%	C3%	C6%	C8%	C9%
-	-	0.00	0.00	0.40	0.87	0.00
0	0	0.00	0.00	0.46	0.49	0.00
0	4	0.00	0.00	0.24	0.78	0.00
1	1	0.00	0.02	0.17	0.60	0.00
1	5	0.00	0.00	0.10	0.99	0.00
2	2	0.00	0.00	0.37	1.19	0.00
2	6	0.00	0.00	1.26	0.56	0.00
3	3	0.00	0.00	0.22	0.99	0.00
3	7	0.00	0.01	0.35	1.39	0.00
Core	CPU	C1%	C3%	C6%	C8%	C9%
-	-	0.00	0.00	0.59	0.81	0.00
0	0	0.00	0.00	0.13	0.49	0.00
0	4	0.00	0.00	0.10	0.79	0.00
1	1	0.00	0.00	0.86	0.89	0.00
1	5	0.00	0.00	0.36	0.79	0.00
2	2	0.00	0.00	0.83	0.78	0.00
2	6	0.00	0.02	1.60	0.95	0.00
3	3	0.00	0.00	0.46	0.99	0.00
3	7	0.00	0.00	0.35	0.78	0.00
Core	CPU	C1%	C3%	C6%	C8%	C9%
-	-	0.00	0.00	0.41	0.87	0.00
0	0	0.00	0.00	0.10	0.50	0.00
0	4	0.00	0.00	0.28	0.89	0.00
1	1	0.00	0.00	0.36	0.88	0.00
1	5	0.00	0.00	0.33	1.30	0.00
2	2	0.00	0.00	0.39	0.90	0.00
2	6	0.00	0.00	1.00	0.61	0.00
3	3	0.00	0.00	0.62	1.19	0.00
3	7	0.00	0.00	0.22	0.69	0.00
Core	CPU	C1%	C3%	C6%	C8%	C9%
-	-	0.00	0.01	0.32	0.85	0.00
0	0	0.00	0.00	0.37	0.59	0.00
0	4	0.00	0.00	0.15	0.40	0.00
1	1	0.00	0.02	0.29	0.80	0.00
1	5	0.00	0.00	0.29	0.70	0.00
2	2	0.00	0.00	0.27	0.89	0.00
2	6	0.00	0.02	0.72	0.93	0.00
3	3	0.00	0.00	0.12	1.09	0.00
3	7	0.00	0.00	0.37	1.39	0.00
Core	CPU	C1%	C3%	C6%	C8%	C9%
-	-	0.00	0.04	0.48	0.94	0.00
0	0	0.00	0.00	0.09	0.59	0.00
0	4	0.01	0.30	0.09	0.31	0.00
1	1	0.00	0.00	0.79	0.79	0.00
1	5	0.00	0.00	0.47	1.28	0.00
2	2	0.00	0.00	0.73	1.18	0.00
2	6	0.00	0.03	1.11	0.87	0.00
3	3	0.00	0.00	0.20	1.29	0.00
3	7	0.00	0.00	0.37	1.18	0.00
Core	CPU	C1%	C3%	C6%	C8%	C9%
-	-	0.00	0.00	0.54	0.76	0.00
0	0	0.00	0.00	0.19	0.41	0.00
0	4	0.00	0.00	0.66	0.31	0.00
1	1	0.00	0.00	0.45	0.79	0.00
1	5	0.00	0.00	0.61	0.90	0.00
2	2	0.00	0.01	0.66	0.80	0.00
2	6	0.00	0.02	1.17	0.90	0.00
3	3	0.00	0.00	0.36	0.89	0.00
3	7	0.00	0.00	0.24	1.09	0.00
Core	CPU	C1%	C3%	C6%	C8%	C9%
-	-	0.01	0.00	0.54	0.99	0.00
0	0	0.00	0.00	0.37	1.10	0.00
0	4	0.00	0.00	0.52	1.49	0.00
1	1	0.00	0.00	0.82	0.79	0.00
1	5	0.00	0.01	0.70	0.19	0.00
2	2	0.00	0.00	0.19	0.99	0.00
2	6	0.00	0.00	1.26	1.22	0.00
3	3	0.10	0.01	0.23	0.99	0.00
3	7	0.00	0.00	0.26	1.20	0.00
Core	CPU	C1%	C3%	C6%	C8%	C9%
-	-	0.00	0.00	0.45	0.65	0.00
0	0	0.00	0.00	0.54	0.49	0.00
0	4	0.00	0.02	0.43	0.50	0.00
1	1	0.00	0.00	0.30	0.30	0.00
1	5	0.00	0.00	0.28	0.89	0.00
2	2	0.00	0.00	0.25	0.89	0.00
2	6	0.00	0.01	0.71	0.96	0.00
3	3	0.00	0.00	0.79	0.39	0.00
3	7	0.00	0.00	0.28	0.79	0.00
Core	CPU	C1%	C3%	C6%	C8%	C9%
-	-	0.00	0.01	0.33	0.84	0.00
0	0	0.00	0.01	0.40	0.29	0.00
0	4	0.00	0.00	0.20	0.98	0.00
1	1	0.00	0.00	0.36	0.88	0.00
1	5	0.00	0.00	0.22	0.98	0.00
2	2	0.00	0.02	0.27	0.89	0.00
2	6	0.00	0.04	0.57	0.91	0.00
3	3	0.00	0.00	0.28	0.88	0.00
3	7	0.00	0.00	0.33	0.89	0.00
Core	CPU	C1%	C3%	C6%	C8%	C9%
-	-	0.00	0.01	0.62	0.79	0.00
0	0	0.00	0.02	0.72	0.41	0.00
0	4	0.00	0.00	0.43	0.90	0.00
1	1	0.00	0.00	0.30	0.41	0.00
1	5	0.00	0.00	0.27	1.30	0.00
2	2	0.00	0.00	0.35	0.81	0.00
2	6	0.00	0.05	1.35	0.45	0.00
3	3	0.00	0.00	0.79	1.01	0.00
3	7	0.00	0.00	0.76	1.01	0.00
Core	CPU	C1%	C3%	C6%	C8%	C9%
-	-	0.00	0.04	0.30	0.76	0.40
0	0	0.00	0.00	0.44	0.21	0.00
0	4	0.01	0.30	0.03	0.11	3.17
1	1	0.00	0.00	0.09	1.00	0.00
1	5	0.00	0.00	0.28	0.99	0.00
2	2	0.00	0.00	0.45	0.70	0.00
2	6	0.00	0.01	0.63	0.97	0.00
3	3	0.00	0.00	0.09	1.19	0.00
3	7	0.00	0.00	0.36	0.89	0.00
Core	CPU	C1%	C3%	C6%	C8%	C9%
-	-	0.00	0.00	0.56	0.80	0.00
0	0	0.00	0.00	0.67	0.59	0.00
0	4	0.00	0.00	0.83	0.69	0.00
1	1	0.00	0.00	0.36	0.89	0.00
1	5	0.00	0.01	0.32	1.08	0.00
2	2	0.00	0.01	0.58	0.90	0.00
2	6	0.00	0.00	1.07	0.61	0.00
3	3	0.00	0.00	0.44	0.99	0.00
3	7	0.00	0.00	0.23	0.69	0.00
Core	CPU	C1%	C3%	C6%	C8%	C9%
-	-	0.00	0.00	0.43	0.88	0.00
0	0	0.00	0.00	0.27	1.09	0.00
0	4	0.00	0.00	0.44	1.09	0.00
1	1	0.00	0.00	0.28	0.89	0.00
1	5	0.00	0.00	0.90	0.10	0.00
2	2	0.00	0.00	0.37	0.80	0.00
2	6	0.00	0.00	0.57	1.05	0.00
3	3	0.00	0.00	0.32	1.00	0.00
3	7	0.00	0.00	0.29	1.00	0.00
Core	CPU	C1%	C3%	C6%	C8%	C9%
-	-	0.00	0.01	0.58	0.81	0.00
0	0	0.00	0.00	0.72	0.00	0.00
0	4	0.00	0.01	0.68	0.49	0.00
1	1	0.00	0.00	0.28	1.18	0.00
1	5	0.00	0.00	0.45	1.09	0.00
2	2	0.00	0.00	0.93	0.79	0.00
2	6	0.00	0.06	0.95	0.97	0.00
3	3	0.00	0.00	0.29	0.99	0.00
3	7	0.00	0.00	0.36	0.99	0.00
Core	CPU	C1%	C3%	C6%	C8%	C9%
-	-	0.00	0.00	0.38	0.88	0.00
0	0	0.00	0.00	0.69	0.68	0.00
0	4	0.00	0.00	0.38	0.79	0.00
1	1	0.00	0.00	0.34	0.99	0.00
1	5	0.00	0.00	0.13	0.98	0.00
2	2	0.00	0.00	0.20	0.79	0.00
2	6	0.00	0.01	0.79	0.72	0.00
3	3	0.00	0.00	0.36	0.89	0.00
3	7	0.00	0.02	0.19	1.19	0.00
Core	CPU	C1%	C3%	C6%	C8%	C9%
-	-	0.00	0.00	0.35	0.80	0.00
0	0	0.00	0.00	0.46	0.49	0.00
0	4	0.00	0.00	0.15	0.40	0.00
1	1	0.00	0.02	0.67	0.50	0.00
1	5	0.00	0.00	0.10	0.89	0.00
2	2	0.00	0.00	0.27	0.89	0.00
2	6	0.00	0.01	0.87	1.23	0.00
3	3	0.00	0.00	0.22	0.90	0.00
3	7	0.00	0.00	0.10	1.09	0.00
Core	CPU	C1%	C3%	C6%	C8%	C9%
-	-	0.00	0.04	0.54	2.40	0.00
0	0	0.00	0.00	0.14	0.60	0.00
0	4	0.00	0.22	0.10	0.40	0.00
1	1	0.00	0.00	0.51	0.69	0.00
1	5	0.00	0.00	0.36	0.79	0.00
2	2	0.00	0.00	0.34	0.79	0.00
2	6	0.00	0.03	1.15	0.68	0.00
3	3	0.01	0.07	1.24	14.53	0.00
3	7	0.00	0.00	0.45	0.70	0.00
Core	CPU	C1%	C3%	C6%	C8%	C9%
-	-	0.00	0.02	0.45	2.32	0.00
0	0	0.00	0.01	0.39	0.78	0.00
0	4	0.00	0.00	0.49	0.59	0.00
1	1	0.00	0.00	0.37	0.99	0.00
1	5	0.00	0.00	0.20	0.79	0.00
2	2	0.00	0.02	0.23	0.40	0.00
2	6	0.00	0.02	1.05	0.50	0.00
3	3	0.00	0.09	0.51	13.93	0.00
3	7	0.00	0.00	0.35	0.60	0.00
Core	CPU	C1%	C3%	C6%	C8%	C9%
-	-	0.00	0.00	0.73	0.90	0.00
0	0	0.00	0.00	0.38	1.09	0.00
0	4	0.00	0.01	0.61	2.26	0.00
1	1	0.00	0.00	1.19	0.39	0.00
1	5	0.00	0.01	1.17	0.40	0.00
2	2	0.00	0.00	0.29	0.89	0.00
2	6	0.00	0.01	1.06	0.63	0.00
3	3	0.00	0.00	0.93	0.40	0.00
3	7	0.00	0.00	0.20	1.09	0.00
Core	CPU	C1%	C3%	C6%	C8%	C9%
-	-	0.00	0.00	0.45	1.17	0.00
0	0	0.00	0.00	0.23	1.19	0.00
0	4	0.00	0.00	0.30	0.61	0.00
1	1	0.00	0.00	0.09	0.79	0.00
1	5	0.00	0.00	0.54	1.50	0.00
2	2	0.00	0.00	0.51	1.02	0.00
2	6	0.00	0.02	0.96	1.57	0.00
3	3	0.00	0.00	0.46	1.60	0.00
3	7	0.00	0.00	0.54	1.11	0.00
Core	CPU	C1%	C3%	C6%	C8%	C9%
-	-	0.00	0.01	0.48	1.11	0.00
0	0	0.00	0.02	0.25	0.40	0.00
0	4	0.00	0.00	0.32	2.07	0.00
1	1	0.00	0.00	0.37	0.79	0.00
1	5	0.00	0.02	0.24	1.38	0.00
2	2	0.00	0.02	0.10	0.99	0.00
2	6	0.00	0.02	1.79	1.49	0.00
3	3	0.00	0.00	0.37	0.89	0.00
3	7	0.00	0.00	0.42	0.89	0.00
Core	CPU	C1%	C3%	C6%	C8%	C9%
-	-	0.00	0.01	0.41	0.78	0.00
0	0	0.00	0.00	0.49	0.79	0.00
0	4	0.00	0.00	0.76	0.49	0.00
1	1	0.00	0.00	0.23	0.99	0.00
1	5	0.00	0.02	0.21	1.07	0.00
2	2	0.00	0.00	0.10	0.78	0.00
2	6	0.00	0.03	0.94	0.32	0.00
3	3	0.00	0.00	0.33	0.99	0.00
3	7	0.00	0.03	0.26	0.80	0.00
Core	CPU	C1%	C3%	C6%	C8%	C9%
-	-	0.00	0.19	0.34	1.45	0.23
0	0	0.00	0.00	0.29	1.19	0.00
0	4	0.00	1.48	0.05	0.09	1.82
1	1	0.00	0.00	0.32	1.38	0.00
1	5	0.00	0.00	0.20	1.58	0.00
2	2	0.00	0.00	0.37	1.78	0.00
2	6	0.00	0.02	0.86	1.87	0.00
3	3	0.00	0.00	0.32	1.88	0.00
3	7	0.00	0.00	0.29	1.87	0.00
Core	CPU	C1%	C3%	C6%	C8%	C9%
-	-	0.00	0.00	0.56	0.67	0.00
0	0	0.00	0.00	0.41	0.30	0.00
0	4	0.00	0.00	0.29	0.59	0.00
1	1	0.00	0.00	0.28	0.99	0.00
1	5	0.00	0.00	0.76	0.40	0.00
2	2	0.00	0.00	0.42	1.09	0.00
2	6	0.00	0.00	1.28	0.78	0.00
3	3	0.00	0.00	0.58	0.50	0.00
3	7	0.00	0.00	0.45	0.69	0.00
Core	CPU	C1%	C3%	C6%	C8%	C9%
-	-	0.00	0.01	0.51	0.81	0.00
0	0	0.00	0.00	0.10	0.79	0.00
0	4	0.00	0.00	0.28	0.99	0.00
1	1	0.00	0.00	0.39	1.09	0.00
1	5	0.00	0.00	0.33	0.99	0.00
2	2	0.00	0.00	0.10	1.09	0.00
2	6	0.00	0.05	1.26	0.71	0.00
3	3	0.00	0.00	0.85	0.78	0.00
3	7	0.00	0.02	0.77	0.00	0.00
Core	CPU	C1%	C3%	C6%	C8%	C9%
-	-	0.00	0.00	0.45	0.78	0.00
0	0	0.00	0.00	0.36	0.70	0.00
0	4	0.00	0.00	0.21	0.49	0.00
1	1	0.00	0.01	0.30	1.08	0.00
1	5	0.00	0.00	0.28	0.90	0.00
2	2	0.00	0.00	0.36	0.79	0.00
2	6	0.00	0.01	1.02	0.65	0.00
3	3	0.00	0.02	0.59	0.70	0.00
3	7	0.00	0.00	0.48	0.89	0.00
Core	CPU	C1%	C3%	C6%	C8%	C9%
-	-	0.00	0.00	0.42	0.78	0.00
0	0	0.00	0.00	0.22	0.69	0.00
0	4	0.00	0.00	0.10	0.50	0.00
1	1	0.00	0.00	0.31	0.89	0.00
1	5	0.00	0.00	0.49	0.69	0.00
2	2	0.00	0.00	0.61	0.89	0.00
2	6	0.00	0.02	0.90	0.68	0.00
3	3	0.00	0.00	0.29	0.78	0.00
3	7	0.00	0.00	0.44	1.08	0.00
Core	CPU	C1%	C3%	C6%	C8%	C9%
-	-	0.00	0.01	0.76	0.68	0.00
0	0	0.00	0.00	0.28	0.99	0.00
0	4	0.00	0.00	0.36	0.79	0.00
1	1	0.00	0.00	1.02	0.79	0.00
1	5	0.00	0.02	0.79	0.49	0.00
2	2	0.00	0.00	0.29	1.18	0.00
2	6	0.00	0.02	1.16	0.53	0.00
3	3	0.00	0.00	1.03	0.30	0.00
3	7	0.00	0.01	1.16	0.40	0.00
Core	CPU	C1%	C3%	C6%	C8%	C9%
-	-	0.00	0.19	0.43	0.73	0.00
0	0	0.00	0.00	0.37	0.98	0.00
0	4	0.00	1.48	0.05	0.09	0.00
1	1	0.00	0.02	0.75	0.20	0.00
1	5	0.00	0.00	0.20	0.89	0.00
2	2	0.00	0.00	0.27	0.88	0.00
2	6	0.00	0.02	1.16	0.94	0.00
3	3	0.00	0.00	0.32	0.99	0.00
3	7	0.00	0.00	0.29	0.88	0.00
Core	CPU	C1%	C3%	C6%	C8%	C9%
-	-	0.00	0.01	0.50	0.74	0.00
0	0	0.00	0.00	0.63	0.00	0.00
0	4	0.00	0.01	0.72	0.10	0.00
1	1	0.00	0.01	0.38	1.00	0.00
1	5	0.00	0.00	0.37	0.79	0.00
2	2	0.00	0.00	0.43	0.99	0.00
2	6	0.00	0.04	1.03	1.23	0.00
3	3	0.03	0.01	0.20	0.90	0.00
3	7	0.00	0.00	0.28	0.89	0.00
Core	CPU	C1%	C3%	C6%	C8%	C9%
-	-	0.01	0.00	0.62	0.72	0.00
0	0	0.00	0.02	0.58	0.30	0.00
0	4	0.00	0.00	0.20	0.89	0.00
1	1	0.08	0.00	1.11	0.79	0.00
1	5	0.00	0.00	0.25	0.69	0.00
2	2	0.00	0.00	0.60	0.80	0.00
2	6	0.00	0.01	1.10	0.79	0.00
3	3	0.00	0.00	0.87	0.78	0.00
3	7	0.00	0.00	0.28	0.69	0.00
Core	CPU	C1%	C3%	C6%	C8%	C9%
-	-	0.00	0.01	0.58	0.95	0.00
0	0	0.00	0.00	0.28	1.08	0.00
0	4	0.00	0.00	0.45	1.00	0.00
1	1	0.00	0.00	1.10	0.51	0.00
1	5	0.00	0.01	0.86	1.17	0.00
2	2	0.00	0.00	0.18	0.99	0.00
2	6	0.00	0.05	1.10	0.54	0.00
3	3	0.00	0.00	0.49	1.10	0.00
3	7	0.00	0.00	0.19	1.20	0.00
Core	CPU	C1%	C3%	C6%	C8%	C9%
-	-	0.00	0.00	0.51	0.79	0.00
0	0	0.00	0.00	0.84	0.59	0.00
0	4	0.00	0.00	0.03	0.49	0.00
1	1	0.00	0.00	0.48	0.69	0.00
1	5	0.00	0.00	0.27	0.89	0.00
2	2	0.00	0.00	0.35	0.89	0.00
2	6	0.00	0.00	1.07	1.07	0.00
3	3	0.00	0.00	0.79	0.79	0.00
3	7	0.00	0.00	0.27	0.88	0.00
Core	CPU	C1%	C3%	C6%	C8%	C9%
-	-	0.00	0.01	0.44	0.74	0.00
0	0	0.00	0.01	0.48	0.40	0.00
0	4	0.00	0.00	0.19	0.99	0.00
1	1	0.00	0.00	0.65	0.60	0.00
1	5	0.00	0.00	0.25	0.89	0.00
2	2	0.00	0.02	0.20	0.90	0.00
2	6	0.00	0.01	0.97	0.69	0.00
3	3	0.00	0.00	0.28	0.79	0.00
3	7	0.00	0.00	0.49	0.69	0.00
Core	CPU	C1%	C3%	C6%	C8%	C9%
-	-	0.00	0.09	0.36	0.75	0.00
0	0	0.00	0.00	0.00	0.49	0.00
0	4	0.00	0.62	0.18	0.07	0.00
1	1	0.00	0.00	0.25	1.17	0.00
1	5	0.00	0.00	0.82	0.79	0.00
2	2	0.00	0.00	0.10	0.99	0.00
2	6	0.00	0.05	0.74	0.72	0.00
3	3	0.00	0.00	0.35	0.98	0.00
3	7	0.00	0.02	0.40	0.79	0.00
Core	CPU	C1%	C3%	C6%	C8%	C9%
-	-	0.00	0.00	0.57	0.97	0.00
0	0	0.00	0.00	0.55	0.39	0.00
0	4	0.00	0.00	0.33	0.59	0.00
1	1	0.00	0.00	0.20	0.79	0.00
1	5	0.00	0.00	0.55	1.10	0.00
2	2	0.00	0.00	0.54	1.38	0.00
2	6	0.00	0.00	1.41	1.04	0.00
3	3	0.00	0.01	0.57	1.40	0.00
3	7	0.00	0.00	0.38	1.09	0.00
Core	CPU	C1%	C3%	C6%	C8%	C9%
-	-	0.00	0.01	0.67	0.81	0.00
0	0	0.00	0.00	0.30	0.40	0.00
0	4	0.00	0.00	0.59	0.10	0.00
1	1	0.00	0.00	0.75	1.20	0.00
1	5	0.00	0.00	0.45	0.89	0.00
2	2	0.00	0.00	0.63	0.50	0.00
2	6	0.00	0.04	1.48	1.00	0.00
3	3	0.00	0.00	0.92	1.50	0.00
3	7	0.00	0.00	0.25	0.89	0.00
Core	CPU	C1%	C3%	C6%	C8%	C9%
-	-	0.00	0.00	0.74	0.71	0.00
0	0	0.00	0.00	0.28	0.98	0.00
0	4	0.00	0.00	0.45	1.09	0.00
1	1	0.00	0.00	1.20	0.59	0.00
1	5	0.00	0.01	0.89	0.39	0.00
2	2	0.00	0.00	0.68	0.89	0.00
2	6	0.00	0.01	0.94	0.63	0.00
3	3	0.00	0.00	0.72	0.59	0.00
3	7	0.00	0.00	0.79	0.50	0.00
Core	CPU	C1%	C3%	C6%	C8%	C9%
-	-	0.00	0.00	0.40	0.97	0.00
0	0	0.00	0.00	0.35	0.98	0.00
0	4	0.00	0.00	0.13	0.70	0.00
1	1	0.00	0.00	0.39	0.70	0.00
1	5	0.00	0.00	0.36	1.20	0.00
2	2	0.00	0.00	0.35	1.17	0.00
2	6	0.00	0.00	1.13	1.07	0.00
3	3	0.00	0.00	0.20	1.09	0.00
3	7	0.00	0.00	0.27	0.88	0.00
Core	CPU	C1%	C3%	C6%	C8%	C9%
-	-	0.00	0.03	0.48	4.24	0.00
0	0	0.00	0.00	0.09	0.41	0.00
0	4	0.00	0.00	0.36	0.91	0.00
1	1	0.00	0.00	0.47	0.70	0.00
1	5	0.00	0.00	0.31	0.91	0.00
2	2	0.00	0.00	0.18	0.91	0.00
2	6	0.00	0.02	0.86	0.71	0.00
3	3	0.02	0.19	1.26	28.48	0.00
3	7	0.00	0.00	0.32	0.90	0.00
Core	CPU	C1%	C3%	C6%	C8%	C9%
-	-	0.00	0.19	0.60	0.69	0.00
0	0	0.00	0.00	0.28	0.99	0.00
0	4	0.00	1.48	0.17	0.09	0.00
1	1	0.00	0.00	0.82	0.79	0.00
1	5	0.00	0.01	0.89	0.30	0.00
2	2	0.00	0.00	0.28	0.89	0.00
2	6	0.00	0.02	1.37	0.73	0.00
3	3	0.00	0.00	0.83	0.79	0.00
3	7	0.00	0.00	0.20	0.99	0.00
Core	CPU	C1%	C3%	C6%	C8%	C9%
-	-	0.00	0.01	0.45	0.95	0.00
0	0	0.00	0.00	0.14	0.78	0.00
0	4	0.00	0.02	0.75	1.29	0.00
1	1	0.00	0.00	0.30	0.79	0.00
1	5	0.00	0.00	0.37	1.09	0.00
2	2	0.00	0.00	0.35	0.89	0.00
2	6	0.00	0.02	1.10	0.67	0.00
3	3	0.00	0.00	0.29	0.99	0.00
3	7	0.00	0.00	0.28	1.09	0.00
Core	CPU	C1%	C3%	C6%	C8%	C9%
-	-	0.00	0.01	0.52	0.53	0.00
0	0	0.00	0.02	0.24	0.40	0.00
0	4	0.00	0.03	0.69	0.00	0.00
1	1	0.00	0.00	0.74	0.30	0.00
1	5	0.00	0.02	0.53	0.30	0.00
2	2	0.00	0.00	0.71	0.89	0.00
2	6	0.00	0.01	0.60	0.68	0.00
3	3	0.00	0.00	0.28	0.88	0.00
3	7	0.00	0.00	0.34	0.79	0.00
Core	CPU	C1%	C3%	C6%	C8%	C9%
-	-	0.00	0.00	0.72	0.66	0.00
0	0	0.00	0.00	0.37	0.99	0.00
0	4	0.00	0.00	0.64	0.88	0.00
1	1	0.00	0.00	0.82	0.39	0.00
1	5	0.00	0.00	0.89	0.49	0.00
2	2	0.00	0.00	0.66	0.79	0.00
2	6	0.00	0.00	1.15	0.91	0.00
3	3	0.00	0.00	0.63	0.49	0.00
3	7	0.00	0.00	0.60	0.29	0.00
Core	CPU	C1%	C3%	C6%	C8%	C9%
-	-	0.09	0.01	0.58	1.15	0.00
0	0	0.00	0.00	0.33	0.40	0.00
0	4	0.04	0.00	0.64	0.69	0.00
1	1	0.00	0.00	0.28	0.81	0.00
1	5	0.00	0.00	0.54	1.60	0.00
2	2	0.00	0.00	0.62	1.40	0.00
2	6	0.00	0.05	1.21	1.75	0.00
3	3	0.00	0.00	0.46	1.02	0.00
3	7	0.71	0.00	0.53	1.50	0.00
Core	CPU	C1%	C3%	C6%	C8%	C9%
-	-	0.00	0.01	0.57	0.75	0.00
0	0	0.00	0.02	0.18	0.70	0.00
0	4	0.00	0.00	0.60	0.00	0.00
1	1	0.00	0.00	1.07	0.79	0.00
1	5	0.00	0.00	0.37	0.79	0.00
2	2	0.00	0.00	0.15	1.09	0.00
2	6	0.00	0.03	1.15	0.96	0.00
3	3	0.00	0.00	0.79	0.80	0.00
3	7	0.00	0.00	0.29	0.89	0.00
Core	CPU	C1%	C3%	C6%	C8%	C9%
-	-	0.00	0.03	0.36	0.62	0.00
0	0	0.00	0.02	0.19	0.40	0.00
0	4	0.00	0.20	0.25	0.00	0.00
1	1	0.00	0.00	0.66	0.29	0.00
1	5	0.00	0.00	0.35	0.89	0.00
2	2	0.00	0.00	0.22	0.90	0.00
2	6	0.00	0.01	0.60	0.90	0.00
3	3	0.00	0.00	0.28	0.78	0.00
3	7	0.00	0.00	0.34	0.79	0.00
Core	CPU	C1%	C3%	C6%	C8%	C9%
-	-	0.00	0.01	0.56	0.78	0.00
0	0	0.00	0.00	0.37	1.09	0.00
0	4	0.00	0.00	0.65	0.59	0.00
1	1	0.00	0.03	0.78	0.59	0.00
1	5	0.00	0.01	0.60	0.00	0.00
2	2	0.00	0.00	0.37	0.90	0.00
2	6	0.00	0.04	1.11	0.54	0.00
3	3	0.00	0.00	0.41	1.30	0.00
3	7	0.00	0.00	0.19	1.27	0.00
Core	CPU	C1%	C3%	C6%	C8%	C9%
-	-	0.00	0.00	0.48	0.74	0.00
0	0	0.00	0.00	0.35	0.69	0.00
0	4	0.00	0.00	0.52	0.10	0.00
1	1	0.00	0.00	0.36	0.40	0.00
1	5	0.00	0.02	0.57	1.19	0.00
2	2	0.00	0.00	0.35	0.79	0.00
2	6	0.00	0.00	1.20	0.96	0.00
3	3	0.00	0.00	0.10	1.09	0.00
3	7	0.00	0.00	0.37	0.69	0.00
Core	CPU	C1%	C3%	C6%	C8%	C9%
-	-	0.00	0.00	0.55	1.24	0.00
0	0	0.00	0.00	0.39	0.99	0.00
0	4	0.00	0.00	0.29	1.18	0.00
1	1	0.00	0.00	0.69	1.40	0.00
1	5	0.00	0.00	0.24	1.28	0.00
2	2	0.00	0.01	0.78	0.90	0.00
2	6	0.00	0.02	0.96	1.09	0.00
3	3	0.00	0.00	0.37	0.98	0.00
3	7	0.00	0.00	0.68	2.08	0.00
Core	CPU	C1%	C3%	C6%	C8%	C9%
-	-	0.00	0.00	0.78	0.93	0.00
0	0	0.00	0.00	0.66	1.19	0.00
0	4	0.00	0.00	0.36	0.99	0.00
1	1	0.00	0.00	0.81	0.59	0.00
1	5	0.00	0.01	1.03	1.20	0.00
2	2	0.00	0.00	0.19	0.99	0.00
2	6	0.00	0.00	1.18	0.92	0.00
3	3	0.00	0.00	1.04	0.79	0.00
3	7	0.00	0.02	0.99	0.79	0.00
Core	CPU	C1%	C3%	C6%	C8%	C9%
-	-	0.00	0.01	0.45	0.73	0.00
0	0	0.00	0.00	0.52	0.59	0.00
0	4	0.00	0.00	0.20	0.70	0.00
1	1	0.00	0.01	0.20	0.30	0.00
1	5	0.00	0.00	0.48	0.69	0.00
2	2	0.00	0.00	0.38	0.79	0.00
2	6	0.00	0.02	0.61	1.05	0.00
3	3	0.00	0.05	0.46	0.70	0.00
3	7	0.00	0.00	0.71	1.00	0.00
Core	CPU	C1%	C3%	C6%	C8%	C9%
-	-	0.00	0.05	0.73	0.79	0.37
0	0	0.00	0.00	0.12	0.61	0.00
0	4	0.00	0.26	0.11	0.24	2.98
1	1	0.00	0.01	1.35	1.60	0.00
1	5	0.00	0.00	0.45	0.70	0.00
2	2	0.00	0.00	0.82	0.79	0.00
2	6	0.00	0.06	1.71	0.89	0.00
3	3	0.00	0.00	0.78	0.40	0.00
3	7	0.00	0.04	0.53	1.11	0.00
Core	CPU	C1%	C3%	C6%	C8%	C9%
-	-	0.01	0.00	0.93	1.27	0.00
0	0	0.00	0.00	0.63	1.19	0.00
0	4	0.00	0.00	0.84	1.09	0.00
1	1	0.00	0.00	1.19	1.59	0.00
1	5	0.00	0.00	0.88	0.80	0.00
2	2	0.00	0.00	0.47	1.00	0.00
2	6	0.00	0.01	1.31	1.93	0.00
3	3	0.06	0.00	1.21	2.04	0.00
3	7	0.00	0.00	0.95	0.50	0.00
Core	CPU	C1%	C3%	C6%	C8%	C9%
-	-	0.00	0.00	0.39	0.99	0.00
0	0	0.00	0.00	0.53	0.91	0.00
0	4	0.00	0.00	0.68	0.99	0.00
1	1	0.00	0.00	0.13	0.40	0.00
1	5	0.00	0.00	0.12	0.90	0.00
2	2	0.00	0.00	0.18	1.40	0.00
2	6	0.00	0.01	0.87	1.10	0.00
3	3	0.00	0.00	0.27	1.10	0.00
3	7	0.00	0.00	0.34	1.11	0.00
Core	CPU	C1%	C3%	C6%	C8%	C9%
-	-	0.00	0.00	0.47	0.83	0.00
0	0	0.00	0.00	0.10	0.88	0.00
0	4	0.00	0.00	0.56	0.59	0.00
1	1	0.00	0.00	0.25	0.98	0.00
1	5	0.00	0.00	0.91	0.69	0.00
2	2	0.00	0.00	0.29	0.79	0.00
2	6	0.00	0.01	0.86	0.70	0.00
3	3	0.00	0.00	0.54	0.98	0.00
3	7	0.00	0.00	0.23	0.98	0.00
Core	CPU	C1%	C3%	C6%	C8%	C9%
-	-	0.00	0.02	0.59	1.21	0.00
0	0	0.00	0.00	0.85	1.19	0.00
0	4	0.00	0.00	0.47	1.28	0.00
1	1	0.00	0.02	0.39	1.38	0.00
1	5	0.00	0.01	0.90	1.28	0.00
2	2	0.00	0.00	0.46	0.98	0.00
2	6	0.00	0.03	1.27	1.33	0.00
3	3	0.00	0.10	0.22	1.18	0.00
3	7	0.00	0.00	0.19	1.08	0.00
Core	CPU	C1%	C3%	C6%	C8%	C9%
-	-	0.01	0.01	0.51	0.68	0.00
0	0	0.00	0.00	0.53	0.00	0.00
0	4	0.00	0.01	0.60	0.00	0.00
1	1	0.00	0.00	0.19	0.99	0.00
1	5	0.00	0.00	0.37	0.79	0.00
2	2	0.00	0.00	0.83	0.79	0.00
2	6	0.04	0.04	1.01	0.56	0.00
3	3	0.00	0.00	0.30	0.89	0.00
3	7	0.00	0.00	0.28	1.38	0.00
Core	CPU	C1%	C3%	C6%	C8%	C9%
-	-	0.00	0.11	0.47	0.65	0.00
0	0	0.00	0.01	0.39	0.30	0.00
0	4	0.00	0.73	0.09	0.05	0.00
1	1	0.00	0.00	0.36	0.79	0.00
1	5	0.00	0.00	0.33	0.99	0.00
2	2	0.00	0.02	0.29	0.80	0.00
2	6	0.00	0.08	1.21	0.81	0.00
3	3	0.00	0.00	0.37	0.79	0.00
3	7	0.00	0.00	0.72	0.69	0.00
Core	CPU	C1%	C3%	C6%	C8%	C9%
-	-	0.00	0.01	0.65	1.32	0.00
0	0	0.00	0.00	0.62	2.18	0.00
0	4	0.00	0.00	0.65	0.79	0.00
1	1	0.00	0.00	0.76	1.80	0.00
1	5	0.00	0.00	0.62	1.23	0.00
2	2	0.00	0.00	0.59	1.20	0.00
2	6	0.00	0.07	1.41	1.12	0.00
3	3	0.00	0.00	0.23	1.00	0.00
3	7	0.00	0.00	0.29	1.29	0.00
Core	CPU	C1%	C3%	C6%	C8%	C9%
-	-	0.00	0.01	0.52	0.97	0.00
0	0	0.00	0.00	0.72	0.49	0.00
0	4	0.00	0.00	0.28	0.50	0.00
1	1	0.00	0.00	0.16	1.38	0.00
1	5	0.00	0.00	0.88	0.89	0.00
2	2	0.00	0.00	0.25	0.99	0.00
2	6	0.00	0.07	1.34	1.45	0.00
3	3	0.00	0.00	0.20	1.09	0.00
3	7	0.00	0.00	0.37	0.99	0.00
Core	CPU	C1%	C3%	C6%	C8%	C9%
-	-	0.00	0.02	0.53	3.02	0.00
0	0	0.00	0.00	0.10	0.98	0.00
0	4	0.00	0.00	0.28	0.90	0.00
1	1	0.00	0.00	0.28	1.38	0.00
1	5	0.00	0.00	0.72	0.69	0.00
2	2	0.00	0.01	0.34	0.79	0.00
2	6	0.00	0.03	1.24	0.88	0.00
3	3	0.00	0.11	0.92	18.17	0.00
3	7	0.00	0.00	0.35	0.39	0.00
Core	CPU	C1%	C3%	C6%	C8%	C9%
-	-	0.00	0.04	0.56	2.03	0.00
0	0	0.00	0.00	0.38	1.08	0.00
0	4	0.00	0.00	0.46	0.99	0.00
1	1	0.00	0.00	0.62	1.09	0.00
1	5	0.00	0.12	0.28	0.99	0.00
2	2	0.00	0.00	0.29	0.89	0.00
2	6	0.00	0.17	0.79	0.63	0.00
3	3	0.00	0.05	0.90	9.77	0.00
3	7	0.00	0.01	0.79	0.78	0.00
Core	CPU	C1%	C3%	C6%	C8%	C9%
-	-	0.00	0.01	0.75	0.88	0.00
0	0	0.00	0.00	0.35	0.89	0.00
0	4	0.00	0.00	0.82	0.79	0.00
1	1	0.00	0.00	0.49	0.19	0.00
1	5	0.00	0.00	0.77	1.29	0.00
2	2	0.00	0.00	0.35	1.19	0.00
2	6	0.00	0.08	1.62	0.85	0.00
3	3	0.00	0.00	0.89	0.59	0.00
3	7	0.00	0.00	0.68	1.28	0.00
Core	CPU	C1%	C3%	C6%	C8%	C9%
-	-	0.00	0.04	0.49	0.74	0.00
0	0	0.00	0.02	0.18	0.50	0.00
0	4	0.00	0.26	0.10	0.14	0.00
1	1	0.00	0.00	0.36	0.89	0.00
1	5	0.00	0.00	0.97	0.98	0.00
2	2	0.00	0.00	0.22	0.99	0.00
2	6	0.00	0.02	1.38	0.98	0.00
3	3	0.00	0.00	0.38	0.68	0.00
3	7	0.00	0.00	0.34	0.79	0.00
Core	CPU	C1%	C3%	C6%	C8%	C9%
-	-	0.00	0.01	0.56	0.91	0.00
0	0	0.00	0.00	0.56	1.49	0.00
0	4	0.00	0.00	0.75	0.80	0.00
1	1	0.00	0.00	0.42	1.00	0.00
1	5	0.00	0.03	0.58	0.80	0.00
2	2	0.00	0.00	0.29	0.90	0.00
2	6	0.00	0.09	0.94	0.32	0.00
3	3	0.00	0.00	0.45	0.79	0.00
3	7	0.00	0.00	0.50	1.20	0.00
Core	CPU	C1%	C3%	C6%	C8%	C9%
-	-	0.00	0.00	0.50	0.96	0.00
0	0	0.00	0.00	0.66	1.08	0.00
0	4	0.00	0.00	0.31	1.38	0.00
1	1	0.00	0.00	0.22	0.89	0.00
1	5	0.00	0.00	0.67	0.69	0.00
2	2	0.00	0.00	0.28	0.99	0.00
2	6	0.00	0.04	1.30	0.75	0.00
3	3	0.00	0.00	0.32	0.90	0.00
3	7	0.00	0.00	0.20	0.98	0.00
Core	CPU	C1%	C3%	C6%	C8%	C9%
-	-	0.00	0.02	0.40	0.77	0.00
0	0	0.00	0.00	0.23	0.99	0.00
0	4	0.00	0.00	0.27	0.60	0.00
1	1	0.00	0.00	0.28	1.09	0.00
1	5	0.00	0.00	0.36	0.79	0.00
2	2	0.00	0.00	0.23	1.09	0.00
2	6	0.00	0.15	1.10	0.08	0.00
3	3	0.00	0.00	0.39	0.79	0.00
3	7	0.00	0.00	0.36	0.69	0.00
Core	CPU	C1%	C3%	C6%	C8%	C9%
-	-	0.00	0.01	0.54	1.04	0.00
0	0	0.00	0.00	0.10	0.78	0.00
0	4	0.00	0.00	0.46	1.18	0.00
1	1	0.00	0.00	0.25	0.89	0.00
1	5	0.00	0.03	0.84	1.00	0.00
2	2	0.00	0.00	0.19	0.90	0.00
2	6	0.00	0.03	1.82	1.57	0.00
3	3	0.00	0.00	0.45	0.89	0.00
3	7	0.00	0.03	0.19	1.08	0.00
Core	CPU	C1%	C3%	C6%	C8%	C9%
-	-	0.00	0.01	0.47	0.90	0.00
0	0	0.00	0.00	0.36	0.89	0.00
0	4	0.00	0.00	0.34	1.00	0.00
1	1	0.00	0.00	0.22	0.51	0.00
1	5	0.00	0.00	1.26	0.81	0.00
2	2	0.00	0.00	0.37	1.19	0.00
2	6	0.00	0.07	0.74	0.82	0.00
3	3	0.00	0.00	0.24	0.89	0.00
3	7	0.00	0.00	0.22	1.09	0.00
Core	CPU	C1%	C3%	C6%	C8%	C9%
-	-	0.00	0.20	0.37	0.98	0.00
0	0	0.00	0.00	0.37	0.99	0.00
0	4	0.00	1.58	0.05	0.08	0.00
1	1	0.00	0.00	0.22	0.99	0.00
1	5	0.00	0.00	0.59	1.19	0.00
2	2	0.00	0.00	0.28	1.18	0.00
2	6	0.00	0.01	1.24	0.83	0.00
3	3	0.00	0.00	0.13	1.29	0.00
3	7	0.00	0.00	0.10	1.29	0.00
Core	CPU	C1%	C3%	C6%	C8%	C9%
-	-	0.00	0.03	0.43	0.85	0.00
0	0	0.00	0.00	0.43	0.99	0.00
0	4	0.00	0.02	0.67	0.21	0.00
1	1	0.00	0.00	0.29	0.99	0.00
1	5	0.00	0.00	0.27	0.89	0.00
2	2	0.00	0.00	0.15	0.99	0.00
2	6	0.00	0.18	1.12	0.86	0.00
3	3	0.00	0.00	0.20	0.90	0.00
3	7	0.00	0.00	0.28	0.99	0.00
Core	CPU	C1%	C3%	C6%	C8%	C9%
-	-	0.00	0.01	0.54	0.98	0.00
0	0	0.00	0.00	0.36	1.18	0.00
0	4	0.00	0.00	0.36	1.19	0.00
1	1	0.00	0.00	0.36	0.79	0.00
1	5	0.00	0.03	0.75	1.29	0.00
2	2	0.00	0.01	0.39	0.70	0.00
2	6	0.00	0.07	1.30	0.61	0.00
3	3	0.00	0.00	0.46	1.09	0.00
3	7	0.00	0.00	0.31	0.98	0.00
Core	CPU	C1%	C3%	C6%	C8%	C9%
-	-	0.00	0.01	0.39	0.78	0.00
0	0	0.00	0.00	0.36	1.10	0.00
0	4	0.00	0.00	0.25	0.99	0.00
1	1	0.00	0.02	0.12	0.40	0.00
1	5	0.00	0.00	0.40	0.10	0.00
2	2	0.00	0.00	0.28	0.89	0.00
2	6	0.00	0.04	1.19	0.44	0.00
3	3	0.00	0.03	0.30	1.09	0.00
3	7	0.00	0.00	0.20	1.19	0.00
Core	CPU	C1%	C3%	C6%	C8%	C9%
-	-	0.00	0.00	0.49	0.70	0.00
0	0	0.00	0.00	0.15	0.40	0.00
0	4	0.00	0.00	0.13	0.49	0.00
1	1	0.00	0.00	0.69	0.79	0.00
1	5	0.00	0.00	0.28	1.08	0.00
2	2	0.00	0.00	0.25	0.89	0.00
2	6	0.00	0.00	1.22	0.86	0.00
3	3	0.00	0.00	0.79	0.40	0.00
3	7	0.00	0.00	0.37	0.69	0.00
Core	CPU	C1%	C3%	C6%	C8%	C9%
-	-	0.00	0.01	0.37	0.91	0.00
0	0	0.00	0.00	0.20	0.99	0.00
0	4	0.00	0.00	0.18	1.08	0.00
1	1	0.00	0.00	0.46	0.69	0.00
1	5	0.00	0.00	0.24	1.09	0.00
2	2	0.00	0.02	0.29	0.80	0.00
2	6	0.00	0.07	1.00	1.11	0.00
3	3	0.00	0.00	0.37	0.79	0.00
3	7	0.00	0.00	0.23	0.69	0.00
Core	CPU	C1%	C3%	C6%	C8%	C9%
-	-	0.00	0.09	0.69	0.77	0.00
0	0	0.00	0.00	0.28	0.89	0.00
0	4	0.00	0.59	0.17	0.09	0.00
1	1	0.00	0.00	0.92	0.49	0.00
1	5	0.00	0.04	1.68	0.98	0.00
2	2	0.00	0.00	0.28	0.79	0.00
2	6	0.00	0.08	1.20	1.11	0.00
3	3	0.00	0.00	0.82	0.79	0.00
3	7	0.00	0.00	0.20	0.99	0.00
Core	CPU	C1%	C3%	C6%	C8%	C9%
-	-	0.00	0.01	0.47	0.70	0.00
0	0	0.00	0.00	0.23	0.49	0.00
0	4	0.00	0.03	0.67	0.10	0.00
1	1	0.00	0.00	0.19	0.80	0.00
1	5	0.00	0.00	0.38	0.79	0.00
2	2	0.00	0.00	0.45	0.70	0.00
2	6	0.00	0.06	1.25	0.36	0.00
3	3	0.00	0.00	0.29	1.38	0.00
3	7	0.00	0.00	0.28	0.99	0.00
Core	CPU	C1%	C3%	C6%	C8%	C9%
-	-	0.00	0.00	0.49	0.82	0.00
0	0	0.00	0.00	0.42	0.88	0.00
0	4	0.00	0.00	0.66	0.50	0.00
1	1	0.00	0.00	0.28	1.08	0.00
1	5	0.00	0.00	0.46	0.69	0.00
2	2	0.00	0.00	0.13	0.99	0.00
2	6	0.00	0.01	1.09	0.50	0.00
3	3	0.00	0.00	0.67	0.89	0.00
3	7	0.00	0.01	0.25	1.04	0.00
Core	CPU	C1%	C3%	C6%	C8%	C9%
-	-	0.00	0.01	0.79	0.62	0.00
0	0	0.00	0.00	0.28	1.09	0.00
0	4	0.00	0.00	0.36	1.28	0.00
1	1	0.00	0.00	0.92	0.40	0.00
1	5	0.00	0.01	0.89	0.00	0.00
2	2	0.00	0.00	0.47	0.99	0.00
2	6	0.00	0.04	1.33	0.12	0.00
3	3	0.00	0.00	0.93	0.38	0.00
3	7	0.00	0.01	1.11	0.70	0.00
Core	CPU	C1%	C3%	C6%	C8%	C9%
-	-	0.00	0.01	0.48	0.80	0.00
0	0	0.00	0.00	0.59	1.19	0.00
0	4	0.00	0.00	0.34	0.99	0.00
1	1	0.00	0.02	0.29	0.30	0.00
1	5	0.00	0.03	0.82	0.20	0.00
2	2	0.00	0.00	0.36	0.80	0.00
2	6	0.00	0.01	0.74	1.24	0.00
3	3	0.00	0.00	0.41	0.70	0.00
3	7	0.00	0.00	0.31	0.99	0.00
Core	CPU	C1%	C3%	C6%	C8%	C9%
-	-	0.00	0.00	0.53	0.70	0.00
0	0	0.00	0.00	0.53	0.19	0.00
0	4	0.00	0.00	0.50	0.09	0.00
1	1	0.00	0.00	0.37	0.79	0.00
1	5	0.00	0.00	0.65	0.69	0.00
2	2	0.00	0.00	0.51	0.89	0.00
2	6	0.00	0.03	1.18	0.97	0.00
3	3	0.00	0.00	0.19	1.10	0.00
3	7	0.00	0.00	0.28	0.89	0.00
Core	CPU	C1%	C3%	C6%	C8%	C9%
-	-	0.00	0.10	0.42	0.85	0.20
0	0	0.00	0.01	0.29	0.21	0.00
0	4	0.00	0.78	0.55	0.55	1.60
1	1	0.00	0.00	0.36	0.79	0.00
1	5	0.00	0.00	0.33	1.28	0.00
2	2	0.00	0.02	0.61	1.29	0.00
2	6	0.00	0.01	0.69	1.20	0.00
3	3	0.00	0.00	0.37	0.79	0.00
3	7	0.00	0.00	0.18	0.69	0.00
Core	CPU	C1%	C3%	C6%	C8%	C9%
-	-	0.00	0.02	0.53	3.34	0.00
0	0	0.00	0.00	0.44	1.01	0.00
0	4	0.00	0.00	0.43	0.91	0.00
1	1	0.00	0.00	0.24	0.42	0.00
1	5	0.00	0.00	0.28	0.61	0.00
2	2	0.00	0.00	0.36	0.81	0.00
2	6	0.00	0.02	1.00	1.23	0.00
3	3	0.01	0.14	1.00	20.55	0.00
3	7	0.00	0.00	0.46	1.20	0.00
Core	CPU	C1%	C3%	C6%	C8%	C9%
-	-	0.00	0.01	0.50	1.64	0.00
0	0	0.00	0.00	0.85	0.49	0.00
0	4	0.00	0.00	0.13	0.70	0.00
1	1	0.00	0.02	0.24	0.60	0.00
1	5	0.00	0.03	0.62	0.99	0.00
2	2	0.00	0.00	0.30	0.99	0.00
2	6	0.00	0.00	0.87	1.12	0.00
3	3	0.00	0.04	0.89	7.11	0.00
3	7	0.00	0.00	0.10	1.08	0.00
Core	CPU	C1%	C3%	C6%	C8%	C9%
-	-	0.00	0.00	0.63	0.78	0.00
0	0	0.00	0.00	0.73	0.69	0.00
0	4	0.00	0.02	0.60	0.09	0.00
1	1	0.00	0.00	0.88	1.08	0.00
1	5	0.00	0.00	0.66	0.79	0.00
2	2	0.00	0.00	0.34	0.89	0.00
2	6	0.00	0.01	0.61	1.16	0.00
3	3	0.00	0.00	0.89	0.59	0.00
3	7	0.00	0.00	0.36	0.98	0.00
Core	CPU	C1%	C3%	C6%	C8%	C9%
-	-	0.00	0.01	0.54	1.20	0.00
0	0	0.00	0.02	0.39	0.60	0.00
0	4	0.00	0.00	0.68	0.90	0.00
1	1	0.00	0.00	0.55	1.23	0.00
1	5	0.00	0.00	0.34	1.29	0.00
2	2	0.00	0.02	0.57	1.79	0.00
2	6	0.00	0.04	1.06	0.80	0.00
3	3	0.00	0.00	0.37	1.09	0.00
3	7	0.00	0.00	0.33	1.88	0.00
Core	CPU	C1%	C3%	C6%	C8%	C9%
-	-	0.00	0.00	0.65	0.89	0.00
0	0	0.00	0.00	0.66	1.28	0.00
0	4	0.00	0.00	0.36	1.09	0.00
1	1	0.00	0.00	0.83	0.79	0.00
1	5	0.00	0.02	0.99	0.30	0.00
2	2	0.00	0.00	0.30	1.08	0.00
2	6	0.00	0.00	0.87	0.81	0.00
3	3	0.00	0.00	0.35	0.98	0.00
3	7	0.00	0.00	0.82	0.78	0.00
Core	CPU	C1%	C3%	C6%	C8%	C9%
-	-	0.00	0.08	0.41	0.76	0.00
0	0	0.00	0.00	0.85	0.50	0.00
0	4	0.00	0.49	0.05	0.09	0.00
1	1	0.00	0.12	0.24	0.50	0.00
1	5	0.00	0.03	0.62	0.99	0.00
2	2	0.00	0.00	0.27	0.89	0.00
2	6	0.00	0.02	0.93	1.03	0.00
3	3	0.00	0.00	0.12	0.99	0.00
3	7	0.00	0.02	0.19	1.09	0.00
Core	CPU	C1%	C3%	C6%	C8%	C9%
-	-	0.00	0.00	0.48	0.82	0.00
0	0	0.00	0.00	0.32	0.59	0.00
0	4	0.00	0.00	0.10	0.50	0.00
1	1	0.00	0.00	0.77	0.89	0.00
1	5	0.00	0.00	0.46	0.69	0.00
2	2	0.00	0.00	0.42	0.99	0.00
2	6	0.00	0.04	1.19	0.47	0.00
3	3	0.00	0.00	0.20	0.99	0.00
3	7	0.00	0.00	0.36	1.46	0.00
Core	CPU	C1%	C3%	C6%	C8%	C9%
-	-	0.00	0.00	0.54	1.04	0.06
0	0	0.00	0.00	0.38	0.99	0.00
0	4	0.00	0.00	0.84	0.99	0.00
1	1	0.00	0.00	0.46	0.98	0.00
1	5	0.00	0.00	0.14	0.99	0.00
2	2	0.00	0.01	0.67	0.79	0.00
2	6	0.00	0.01	0.69	1.18	0.00
3	3	0.00	0.00	0.37	0.69	0.00
3	7	0.00	0.00	0.74	1.68	0.52
Core	CPU	C1%	C3%	C6%	C8%	C9%
-	-	0.00	0.00	0.46	0.78	0.00
0	0	0.00	0.00	0.27	0.99	0.00
0	4	0.00	0.00	0.45	0.90	0.00
1	1	0.00	0.00	0.53	0.00	0.00
1	5	0.00	0.02	0.60	0.09	0.00
2	2	0.00	0.00	0.29	0.89	0.00
2	6	0.00	0.02	0.79	0.71	0.00
3	3	0.00	0.00	0.35	1.08	0.00
3	7	0.00	0.00	0.42	1.56	0.00
Core	CPU	C1%	C3%	C6%	C8%	C9%
-	-	0.00	0.01	0.55	0.90	0.00
0	0	0.00	0.00	0.37	0.89	0.00
0	4	0.00	0.00	0.15	1.19	0.00
1	1	0.00	0.02	0.60	0.50	0.00
1	5	0.00	0.03	1.10	0.30	0.00
2	2	0.00	0.00	0.28	0.89	0.00
2	6	0.00	0.00	1.26	0.86	0.00
3	3	0.00	0.00	0.22	1.08	0.00
3	7	0.00	0.00	0.46	1.49	0.00
Core	CPU	C1%	C3%	C6%	C8%	C9%
-	-	0.00	0.00	0.52	0.78	0.00
0	0	0.00	0.00	0.22	0.50	0.00
0	4	0.00	0.00	0.18	0.61	0.00
1	1	0.00	0.00	0.27	0.99	0.00
1	5	0.00	0.00	0.84	0.79	0.00
2	2	0.00	0.00	0.73	0.40	0.00
2	6	0.00	0.02	1.08	0.58	0.00
3	3	0.00	0.00	0.28	1.08	0.00
3	7	0.00	0.01	0.57	1.30	0.00
Core	CPU	C1%	C3%	C6%	C8%	C9%
-	-	0.00	0.08	0.41	0.63	0.00
0	0	0.00	0.00	0.00	0.49	0.00
0	4	0.00	0.60	0.18	0.07	0.04
1	1	0.00	0.00	0.15	0.99	0.00
1	5	0.00	0.00	0.23	0.99	0.00
2	2	0.00	0.00	0.10	0.99	0.00
2	6	0.00	0.02	0.87	0.62	0.00
3	3	0.00	0.00	0.75	0.00	0.00
3	7	0.00	0.03	1.03	0.89	0.00
Core	CPU	C1%	C3%	C6%	C8%	C9%
-	-	0.00	0.01	0.51	0.95	0.00
0	0	0.00	0.00	0.37	0.88	0.00
0	4	0.00	0.00	0.44	0.89	0.00
1	1	0.00	0.02	0.56	1.09	0.00
1	5	0.00	0.00	0.20	1.19	0.00
2	2	0.00	0.00	0.27	0.89	0.00
2	6	0.00	0.02	0.67	1.43	0.00
3	3	0.00	0.01	0.65	0.80	0.00
3	7	0.00	0.00	0.89	0.40	0.00
Core	CPU	C1%	C3%	C6%	C8%	C9%
-	-	0.00	0.01	0.52	0.87	0.00
0	0	0.00	0.00	0.19	0.50	0.00
0	4	0.00	0.02	0.34	0.60	0.00
1	1	0.00	0.00	0.20	0.98	0.00
1	5	0.00	0.03	1.04	1.09	0.00
2	2	0.00	0.00	0.24	0.99	0.00
2	6	0.00	0.03	0.82	1.16	0.00
3	3	0.00	0.00	0.79	0.79	0.00
3	7	0.00	0.00	0.50	0.89	0.00
Core	CPU	C1%	C3%	C6%	C8%	C9%
-	-	0.00	0.00	0.48	0.75	0.00
0	0	0.00	0.00	0.10	0.50	0.00
0	4	0.00	0.00	0.47	0.99	0.00
1	1	0.00	0.00	0.45	0.73	0.00
1	5	0.00	0.00	0.54	0.69	0.00
2	2	0.00	0.01	0.39	0.70	0.00
2	6	0.00	0.00	1.19	0.99	0.00
3	3	0.00	0.00	0.27	0.89	0.00
3	7	0.00	0.00	0.41	0.50	0.00
Core	CPU	C1%	C3%	C6%	C8%	C9%
-	-	0.00	0.00	0.55	0.96	0.00
0	0	0.00	0.00	0.28	0.89	0.00
0	4	0.00	0.00	0.45	1.19	0.00
1	1	0.00	0.00	1.12	0.40	0.00
1	5	0.00	0.02	1.18	0.97	0.00
2	2	0.00	0.00	0.19	0.89	0.00
2	6	0.00	0.01	0.79	0.83	0.00
3	3	0.00	0.00	0.24	0.99	0.00
3	7	0.00	0.00	0.18	1.49	0.00
Core	CPU	C1%	C3%	C6%	C8%	C9%
-	-	0.00	0.00	0.36	0.80	0.00
0	0	0.00	0.00	0.14	0.40	0.00
0	4	0.00	0.00	0.29	0.41	0.00
1	1	0.00	0.00	0.18	1.29	0.00
1	5	0.00	0.00	0.36	0.90	0.00
2	2	0.00	0.00	0.43	0.71	0.00
2	6	0.00	0.02	0.69	0.98	0.00
3	3	0.00	0.00	0.37	0.91	0.00
3	7	0.00	0.00	0.45	0.80	0.00
Core	CPU	C1%	C3%	C6%	C8%	C9%
-	-	0.00	0.08	0.49	0.96	0.00
0	0	0.00	0.02	0.21	0.72	0.00
0	4	0.01	0.59	0.17	0.33	0.00
1	1	0.00	0.00	0.37	0.88	0.00
1	5	0.00	0.03	1.05	1.49	0.00
2	2	0.00	0.00	0.12	0.99	0.00
2	6	0.00	0.04	1.17	1.57	0.00
3	3	0.00	0.00	0.28	0.78	0.00
3	7	0.00	0.00	0.56	0.89	0.00
Core	CPU	C1%	C3%	C6%	C8%	C9%
-	-	0.00	0.01	0.61	0.82	0.00
0	0	0.00	0.00	0.47	1.09	0.00
0	4	0.00	0.00	0.95	0.89	0.00
1	1	0.00	0.00	0.63	0.00	0.00
1	5	0.00	0.02	0.68	0.59	0.00
2	2	0.00	0.00	0.68	0.99	0.00
2	6	0.00	0.00	0.70	1.00	0.00
3	3	0.00	0.00	0.15	1.19	0.00
3	7	0.00	0.03	0.60	0.79	0.00
Core	CPU	C1%	C3%	C6%	C8%	C9%
-	-	0.00	0.00	0.42	0.85	0.00
0	0	0.00	0.00	0.46	0.49	0.00
0	4	0.00	0.00	0.31	0.79	0.00
1	1	0.00	0.02	0.60	0.69	0.00
1	5	0.00	0.00	0.39	0.69	0.00
2	2	0.00	0.00	0.27	0.89	0.00
2	6	0.00	0.02	0.64	1.34	0.00
3	3	0.00	0.00	0.41	1.00	0.00
3	7	0.00	0.00	0.31	0.89	0.00
Core	CPU	C1%	C3%	C6%	C8%	C9%
-	-	0.00	0.00	0.38	0.81	0.00
0	0	0.00	0.00	0.12	0.40	0.00
0	4	0.00	0.00	0.38	0.49	0.00
1	1	0.00	0.00	0.28	0.89	0.00
1	5	0.00	0.00	0.45	0.69	0.00
2	2	0.00	0.00	0.32	0.90	0.00
2	6	0.00	0.02	0.73	1.56	0.00
3	3	0.00	0.00	0.29	0.99	0.00
3	7	0.00	0.00	0.50	0.59	0.00
Core	CPU	C1%	C3%	C6%	C8%	C9%
-	-	0.00	0.01	0.52	0.96	0.00
0	0	0.00	0.00	0.29	1.18	0.00
0	4	0.00	0.00	0.58	0.79	0.00
1	1	0.00	0.00	0.50	0.99	0.00
1	5	0.00	0.03	0.76	0.99	0.00
2	2	0.00	0.01	0.51	0.91	0.00
2	6	0.00	0.02	0.49	1.40	0.00
3	3	0.00	0.00	0.37	0.69	0.00
3	7	0.00	0.01	0.66	0.72	0.00
Core	CPU	C1%	C3%	C6%	C8%	C9%
-	-	0.01	0.02	0.72	3.93	0.00
0	0	0.00	0.00	0.37	1.09	0.00
0	4	0.00	0.00	0.35	0.99	0.00
1	1	0.00	0.00	0.25	0.99	0.00
1	5	0.00	0.00	0.58	1.39	0.00
2	2	0.00	0.00	0.28	0.89	0.00
2	6	0.00	0.01	0.85	0.81	0.00
3	3	0.10	0.14	1.68	23.55	0.00
3	7	0.00	0.01	1.44	1.77	0.00
Core	CPU	C1%	C3%	C6%	C8%	C9%
-	-	0.01	0.08	0.41	1.04	0.00
0	0	0.00	0.00	0.86	0.49	0.00
0	4	0.10	0.53	0.49	0.10	0.00
1	1	0.00	0.02	0.20	0.40	0.00
1	5	0.00	0.00	0.00	0.49	0.00
2	2	0.00	0.00	0.37	0.79	0.00
2	6	0.00	0.05	0.73	0.82	0.00
3	3	0.00	0.03	0.15	4.73	0.00
3	7	0.00	0.00	0.49	0.47	0.00
Core	CPU	C1%	C3%	C6%	C8%	C9%
-	-	0.00	0.01	0.69	0.58	0.00
0	0	0.00	0.00	0.53	0.00	0.00
0	4	0.00	0.01	0.66	0.00	0.00
1	1	0.00	0.00	0.68	1.09	0.00
1	5	0.00	0.00	0.28	0.90	0.00
2	2	0.00	0.00	0.49	1.09	0.00
2	6	0.00	0.01	1.22	0.45	0.00
3	3	0.00	0.02	0.80	0.79	0.00
3	7	0.00	0.00	0.89	0.30	0.00
Core	CPU	C1%	C3%	C6%	C8%	C9%
-	-	0.00	0.01	0.78	0.70	0.00
0	0	0.00	0.00	0.64	0.32	0.00
0	4	0.00	0.00	0.76	0.00	0.00
1	1	0.00	0.00	0.38	0.98	0.00
1	5	0.00	0.03	0.94	0.80	0.00
2	2	0.00	0.00	0.83	0.78	0.00
2	6	0.00	0.05	1.34	0.97	0.00
3	3	0.00	0.00	0.78	0.89	0.00
3	7	0.00	0.00	0.55	0.83	0.00
Core	CPU	C1%	C3%	C6%	C8%	C9%
-	-	0.00	0.00	0.53	1.36	0.00
0	0	0.00	0.00	0.38	1.99	0.00
0	4	0.00	0.00	0.37	1.19	0.00
1	1	0.00	0.00	0.34	1.19	0.00
1	5	0.00	0.00	0.81	1.59	0.00
2	2	0.00	0.00	0.39	1.10	0.00
2	6	0.00	0.02	1.25	0.72	0.00
3	3	0.00	0.00	0.45	1.78	0.00
3	7	0.00	0.00	0.24	1.28	0.00
Core	CPU	C1%	C3%	C6%	C8%	C9%
-	-	0.00	0.01	0.54	0.93	0.00
0	0	0.00	0.00	0.66	1.18	0.00
0	4	0.00	0.00	0.64	0.69	0.00
1	1	0.00	0.00	0.12	0.60	0.00
1	5	0.00	0.00	0.79	0.79	0.00
2	2	0.00	0.00	0.77	1.28	0.00
2	6	0.00	0.06	0.82	0.83	0.00
3	3	0.00	0.00	0.33	0.98	0.00
3	7	0.00	0.00	0.20	1.09	0.00
Core	CPU	C1%	C3%	C6%	C8%	C9%
-	-	0.00	0.01	0.49	0.77	0.00
0	0	0.00	0.00	0.63	0.00	0.00
0	4	0.00	0.02	0.50	0.48	0.00
1	1	0.00	0.00	0.38	0.99	0.00
1	5	0.00	0.00	0.27	0.89	0.00
2	2	0.00	0.00	0.43	0.99	0.00
2	6	0.00	0.04	1.18	0.93	0.00
3	3	0.00	0.00	0.10	1.09	0.00
3	7	0.00	0.00	0.45	0.79	0.00
Core	CPU	C1%	C3%	C6%	C8%	C9%
-	-	0.00	0.06	0.57	0.76	0.09
0	0	0.00	0.02	0.39	0.10	0.00
0	4	0.00	0.40	0.13	0.00	0.70
1	1	0.00	0.00	0.37	0.99	0.00
1	5	0.00	0.03	0.87	1.08	0.00
2	2	0.00	0.00	0.83	0.79	0.00
2	6	0.00	0.04	1.19	1.16	0.00
3	3	0.00	0.00	0.19	0.99	0.00
3	7	0.00	0.00	0.62	0.99	0.00
Core	CPU	C1%	C3%	C6%	C8%	C9%
-	-	0.00	0.00	0.52	1.02	0.00
0	0	0.00	0.00	0.48	0.69	0.00
0	4	0.00	0.00	0.76	0.41	0.00
1	1	0.00	0.00	0.25	1.19	0.00
1	5	0.00	0.00	0.71	1.49	0.00
2	2	0.00	0.00	0.57	0.90	0.00
2	6	0.00	0.00	0.70	1.11	0.00
3	3	0.00	0.00	0.35	1.10	0.00
3	7	0.00	0.00	0.33	1.28	0.00
Core	CPU	C1%	C3%	C6%	C8%	C9%
-	-	0.00	0.00	0.49	0.85	0.00
0	0	0.00	0.00	0.55	1.29	0.00
0	4	0.00	0.00	0.45	0.79	0.00
1	1	0.00	0.00	0.63	0.10	0.00
1	5	0.00	0.00	0.59	0.49	0.00
2	2	0.00	0.00	0.28	0.89	0.00
2	6	0.00	0.02	0.85	0.75	0.00
3	3	0.00	0.00	0.32	1.00	0.00
3	7	0.00	0.00	0.25	1.46	0.00
Core	CPU	C1%	C3%	C6%	C8%	C9%
-	-	0.00	0.00	0.53	0.85	0.00
0	0	0.00	0.00	0.91	0.59	0.00
0	4	0.00	0.01	0.70	0.40	0.00
1	1	0.00	0.00	0.28	1.18	0.00
1	5	0.00	0.00	0.45	1.09	0.00
2	2	0.00	0.00	0.14	0.99	0.00
2	6	0.00	0.02	1.19	0.48	0.00
3	3	0.00	0.00	0.20	1.09	0.00
3	7	0.00	0.00	0.40	0.97	0.00
Core	CPU	C1%	C3%	C6%	C8%	C9%
-	-	0.00	0.01	0.58	1.05	0.00
0	0	0.00	0.00	0.38	0.70	0.00
0	4	0.00	0.00	0.66	1.08	0.00
1	1	0.00	0.00	0.44	0.89	0.00
1	5	0.00	0.03	1.25	1.02	0.00
2	2	0.00	0.00	0.28	1.10	0.00
2	6	0.00	0.05	0.73	1.20	0.00
3	3	0.00	0.00	0.35	0.80	0.00
3	7	0.00	0.00	0.53	1.60	0.00
Core	CPU	C1%	C3%	C6%	C8%	C9%
-	-	0.00	0.01	0.53	0.70	0.00
0	0	0.00	0.00	0.75	0.50	0.00
0	4	0.00	0.00	0.45	0.49	0.00
1	1	0.00	0.02	0.52	0.20	0.00
1	5	0.00	0.00	0.54	0.90	0.00
2	2	0.00	0.00	0.19	0.98	0.00
2	6	0.00	0.01	0.85	0.78	0.00
3	3	0.00	0.02	0.15	0.98	0.00
3	7	0.00	0.02	0.78	0.79	0.00
Core	CPU	C1%	C3%	C6%	C8%	C9%
-	-	0.00	0.19	0.60	1.25	0.12
0	0	0.00	0.00	0.36	1.09	0.00
0	4	0.00	1.48	0.16	0.39	1.00
1	1	0.00	0.00	0.99	0.39	0.00
1	5	0.00	0.00	0.59	1.38	0.00
2	2	0.00	0.00	0.37	1.88	0.00
2	6	0.00	0.04	0.84	1.88	0.00
3	3	0.00	0.03	1.18	1.09	0.00
3	7	0.00	0.00	0.30	1.88	0.00
Core	CPU	C1%	C3%	C6%	C8%	C9%
-	-	0.00	0.01	0.64	1.20	0.00
0	0	0.00	0.00	0.73	0.68	0.00
0	4	0.00	0.03	0.98	0.70	0.00
1	1	0.00	0.00	0.29	1.29	0.00
1	5	0.00	0.00	0.37	1.10	0.00
2	2	0.00	0.00	0.66	1.30	0.00
2	6	0.00	0.02	0.80	1.30	0.00
3	3	0.00	0.01	0.49	1.17	0.00
3	7	0.00	0.00	0.82	2.10	0.00
Core	CPU	C1%	C3%	C6%	C8%	C9%
-	-	0.00	0.00	0.71	1.55	0.00
0	0	0.00	0.00	0.61	0.10	0.00
0	4	0.00	0.00	0.38	1.79	0.00
1	1	0.00	0.00	0.60	1.60	0.00
1	5	0.00	0.03	1.15	1.79	0.00
2	2	0.00	0.00	0.50	1.89	0.00
2	6	0.00	0.00	1.40	1.30	0.00
3	3	0.00	0.00	0.63	2.18	0.00
3	7	0.00	0.00	0.43	1.78	0.00
Core	CPU	C1%	C3%	C6%	C8%	C9%
-	-	0.00	0.01	0.33	0.84	0.00
0	0	0.00	0.00	0.19	0.99	0.00
0	4	0.00	0.00	0.26	0.89	0.00
1	1	0.00	0.00	0.51	0.51	0.00
1	5	0.00	0.03	0.40	0.89	0.00
2	2	0.00	0.00	0.10	0.99	0.00
2	6	0.00	0.02	0.67	0.98	0.00
3	3	0.00	0.00	0.36	0.79	0.00
3	7	0.00	0.00	0.14	0.69	0.00
Core	CPU	C1%	C3%	C6%	C8%	C9%
-	-	0.00	0.00	0.63	0.80	0.00
0	0	0.00	0.00	0.27	0.70	0.00
0	4	0.00	0.00	0.35	0.69	0.00
1	1	0.00	0.00	0.73	0.68	0.00
1	5	0.00	0.02	0.79	0.79	0.00
2	2	0.00	0.00	0.38	1.68	0.00
2	6	0.00	0.00	1.08	0.70	0.00
3	3	0.00	0.00	0.73	0.70	0.00
3	7	0.00	0.00	0.69	0.50	0.00
Core	CPU	C1%	C3%	C6%	C8%	C9%
-	-	0.00	0.00	0.38	0.82	0.00
0	0	0.00	0.00	0.35	0.59	0.00
0	4	0.00	0.00	0.13	0.79	0.00
1	1	0.00	0.00	0.49	0.00	0.00
1	5	0.00	0.00	0.76	0.80	0.00
2	2	0.00	0.00	0.35	0.89	0.00
2	6	0.00	0.02	0.43	1.25	0.00
3	3	0.00	0.00	0.20	1.09	0.00
3	7	0.00	0.02	0.37	1.18	0.00
Core	CPU	C1%	C3%	C6%	C8%	C9%
-	-	0.00	0.08	0.41	0.75	0.00
0	0	0.00	0.02	0.28	0.40	0.00
0	4	0.00	0.59	0.10	0.14	0.00
1	1	0.00	0.00	0.37	0.79	0.00
1	5	0.00	0.00	0.71	1.08	0.00
2	2	0.00	0.02	0.10	0.99	0.00
2	6	0.00	0.01	0.99	0.89	0.00
3	3	0.00	0.00	0.37	0.90	0.00
3	7	0.00	0.00	0.33	0.79	0.00
Core	CPU	C1%	C3%	C6%	C8%	C9%
-	-	0.00	0.01	0.54	1.01	0.00
0	0	0.00	0.00	0.37	1.29	0.00
0	4	0.00	0.00	0.64	1.39	0.00
1	1	0.00	0.00	0.81	0.59	0.00
1	5	0.00	0.01	0.60	0.58	0.00
2	2	0.00	0.00	0.28	0.90	0.00
2	6	0.00	0.01	0.74	0.92	0.00
3	3	0.00	0.00	0.32	1.10	0.00
3	7	0.00	0.03	0.53	1.30	0.00
Core	CPU	C1%	C3%	C6%	C8%	C9%
-	-	0.00	0.00	0.58	0.91	0.00
0	0	0.00	0.00	0.85	0.49	0.00
0	4	0.00	0.00	0.62	0.59	0.00
1	1	0.00	0.02	0.39	0.90	0.00
1	5	0.00	0.00	0.39	0.69	0.00
2	2	0.00	0.00	0.27	0.89	0.00
2	6	0.00	0.00	1.05	1.05	0.00
3	3	0.00	0.00	0.75	1.41	0.00
3	7	0.00	0.00	0.34	1.27	0.00
Core	CPU	C1%	C3%	C6%	C8%	C9%
-	-	0.00	0.02	0.64	3.88	0.00
0	0	0.00	0.00	0.52	0.10	0.00
0	4	0.00	0.00	0.00	0.40	0.00
1	1	0.00	0.00	0.40	1.00	0.00
1	5	0.00	0.00	0.36	0.89	0.00
2	2	0.00	0.00	0.83	0.79	0.00
2	6	0.00	0.03	1.28	0.37	0.00
3	3	0.01	0.10	1.23	26.59	0.00
3	7	0.00	0.00	0.48	0.89	0.00
Core	CPU	C1%	C3%	C6%	C8%	C9%
-	-	0.00	0.01	0.77	1.34	0.00
0	0	0.00	0.00	0.36	1.48	0.00
0	4	0.00	0.00	1.41	1.70	0.00
1	1	0.00	0.00	0.36	0.99	0.00
1	5	0.00	0.00	0.82	0.94	0.00
2	2	0.00	0.02	1.31	1.50	0.00
2	6	0.00	0.01	0.79	1.65	0.00
3	3	0.00	0.00	0.86	1.55	0.00
3	7	0.00	0.01	0.25	0.91	0.00
Core	CPU	C1%	C3%	C6%	C8%	C9%
-	-	0.00	0.00	0.55	0.92	0.00
0	0	0.00	0.00	0.19	1.09	0.00
0	4	0.00	0.00	0.27	0.89	0.00
1	1	0.00	0.00	0.15	0.99	0.00
1	5	0.00	0.00	1.02	0.79	0.00
2	2	0.00	0.00	0.79	0.80	0.00
2	6	0.00	0.00	1.18	0.99	0.00
3	3	0.00	0.00	0.27	0.79	0.00
3	7	0.00	0.00	0.51	0.99	0.00
Core	CPU	C1%	C3%	C6%	C8%	C9%
-	-	0.00	0.08	0.53	0.74	0.00
0	0	0.00	0.00	0.37	1.19	0.00
0	4	0.00	0.59	0.17	0.08	0.00
1	1	0.00	0.00	0.92	0.39	0.00
1	5	0.00	0.01	0.99	0.49	0.00
2	2	0.00	0.00	0.78	0.79	0.00
2	6	0.00	0.06	0.64	0.81	0.00
3	3	0.00	0.00	0.24	1.09	0.00
3	7	0.00	0.00	0.17	1.06	0.00
Core	CPU	C1%	C3%	C6%	C8%	C9%
-	-	0.00	0.01	0.48	1.06	0.00
0	0	0.00	0.00	0.25	1.08	0.00
0	4	0.00	0.00	0.32	1.19	0.00
1	1	0.00	0.00	0.18	0.70	0.00
1	5	0.00	0.00	0.41	1.50	0.00
2	2	0.00	0.00	0.45	0.90	0.00
2	6	0.00	0.02	1.21	0.53	0.00
3	3	0.00	0.02	0.47	1.40	0.00
3	7	0.00	0.00	0.54	1.21	0.00
Core	CPU	C1%	C3%	C6%	C8%	C9%
-	-	0.00	0.01	0.58	1.18	0.00
0	0	0.00	0.00	0.14	0.80	0.00
0	4	0.00	0.02	0.59	0.50	0.00
1	1	0.00	0.00	0.27	1.08	0.00
1	5	0.00	0.00	1.15	1.68	0.00
2	2	0.00	0.00	0.25	0.89	0.00
2	6	0.00	0.02	0.91	1.86	0.00
3	3	0.00	0.00	0.69	0.79	0.00
3	7	0.00	0.00	0.63	1.82	0.00
Core	CPU	C1%	C3%	C6%	C8%	C9%
-	-	0.00	0.01	0.44	0.89	0.00
0	0	0.00	0.00	0.58	0.70	0.00
0	4	0.00	0.00	0.29	0.89	0.00
1	1	0.00	0.00	0.36	0.89	0.00
1	5	0.00	0.00	0.52	0.89	0.00
2	2	0.00	0.02	0.39	0.90	0.00
2	6	0.00	0.05	0.54	1.09	0.00
3	3	0.00	0.00	0.38	0.69	0.00
3	7	0.00	0.00	0.46	1.07	0.00
Core	CPU	C1%	C3%	C6%	C8%	C9%
-	-	0.00	0.00	0.70	0.75	0.00
0	0	0.00	0.00	0.68	1.08	0.00
0	4	0.00	0.00	0.37	0.79	0.00
1	1	0.00	0.00	0.83	0.79	0.00
1	5	0.00	0.00	0.32	0.99	0.00
2	2	0.00	0.00	0.69	0.88	0.00
2	6	0.00	0.02	0.78	0.72	0.00
3	3	0.00	0.00	1.03	0.39	0.00
3	7	0.00	0.01	0.89	0.39	0.00
Core	CPU	C1%	C3%	C6%	C8%	C9%
-	-	0.00	0.01	0.34	0.82	0.00
0	0	0.00	0.00	0.44	0.71	0.00
0	4	0.00	0.00	0.31	1.01	0.00
1	1	0.00	0.00	0.09	0.31	0.00
1	5	0.00	0.00	0.36	0.91	0.00
2	2	0.00	0.00	0.44	0.70	0.00
2	6	0.00	0.05	0.57	1.17	0.00
3	3	0.00	0.00	0.28	0.91	0.00
3	7	0.00	0.00	0.26	0.81	0.00
Core	CPU	C1%	C3%	C6%	C8%	C9%
-	-	0.00	0.04	0.48	1.01	0.00
0	0	0.00	0.03	0.16	0.50	0.00
0	4	0.01	0.26	0.10	0.14	0.00
1	1	0.00	0.00	0.56	0.99	0.00
1	5	0.00	0.00	0.93	1.98	0.00
2	2	0.00	0.00	0.82	0.79	0.00
2	6	0.00	0.00	0.61	1.78	0.00
3	3	0.00	0.00	0.37	0.98	0.00
3	7	0.00	0.00	0.25	0.88	0.00
Core	CPU	C1%	C3%	C6%	C8%	C9%
-	-	0.00	0.01	0.54	0.83	0.00
0	0	0.00	0.00	0.88	0.79	0.00
0	4	0.00	0.00	0.47	0.69	0.00
1	1	0.00	0.00	0.63	0.60	0.00
1	5	0.00	0.10	0.13	1.08	0.00
2	2	0.00	0.00	0.20	0.89	0.00
2	6	0.00	0.01	0.57	1.58	0.00
3	3	0.00	0.00	0.64	0.20	0.00
3	7	0.00	0.00	0.82	0.79	0.00
Core	CPU	C1%	C3%	C6%	C8%	C9%
-	-	0.00	0.00	0.69	1.06	0.00
0	0	0.00	0.00	0.56	1.28	0.00
0	4	0.00	0.00	0.74	0.98	0.00
1	1	0.00	0.02	0.35	0.79	0.00
1	5	0.00	0.00	0.77	0.79	0.00
2	2	0.00	0.00	0.96	1.08	0.00
2	6	0.00	0.00	0.87	1.25	0.00
3	3	0.00	0.00	0.89	0.99	0.00
3	7	0.00	0.00	0.39	1.28	0.00
Core	CPU	C1%	C3%	C6%	C8%	C9%
-	-	0.00	0.01	0.51	0.70	0.00
0	0	0.00	0.00	0.23	0.49	0.00
0	4	0.00	0.00	0.20	0.50	0.00
1	1	0.00	0.01	0.36	0.99	0.00
1	5	0.00	0.00	0.36	0.79	0.00
2	2	0.00	0.00	0.83	0.79	0.00
2	6	0.00	0.03	1.27	0.39	0.00
3	3	0.00	0.03	0.44	0.89	0.00
3	7	0.00	0.00	0.36	0.79	0.00
Core	CPU	C1%	C3%	C6%	C8%	C9%
-	-	0.00	0.01	0.52	0.98	0.00
0	0	0.00	0.00	0.20	1.09	0.00
0	4	0.00	0.00	0.28	0.89	0.00
1	1	0.00	0.00	0.94	0.40	0.00
1	5	0.00	0.01	0.44	0.99	0.00
2	2	0.00	0.00	0.20	0.90	0.00
2	6	0.00	0.05	0.97	1.67	0.00
3	3	0.00	0.00	0.85	0.49	0.00
3	7	0.00	0.03	0.33	1.38	0.00
Core	CPU	C1%	C3%	C6%	C8%	C9%
-	-	0.00	0.01	0.68	0.90	0.00
0	0	0.00	0.00	0.66	1.19	0.00
0	4	0.00	0.00	0.36	0.99	0.00
1	1	0.00	0.00	0.73	0.89	0.00
1	5	0.00	0.00	1.08	0.69	0.00
2	2	0.00	0.00	0.78	1.28	0.00
2	6	0.00	0.02	0.94	0.71	0.00
3	3	0.00	0.00	0.84	0.79	0.00
3	7	0.00	0.05	0.07	0.69	0.00
Core	CPU	C1%	C3%	C6%	C8%	C9%
-	-	0.00	0.19	0.40	0.75	0.00
0	0	0.00	0.00	1.05	0.79	0.00
0	4	0.00	1.48	0.15	0.09	0.00
1	1	0.00	0.02	0.19	0.30	0.00
1	5	0.00	0.00	0.10	0.50	0.00
2	2	0.00	0.00	0.38	1.18	0.00
2	6	0.00	0.02	0.55	1.13	0.00
3	3	0.00	0.00	0.61	0.89	0.00
3	7	0.00	0.00	0.20	1.09	0.00
Core	CPU	C1%	C3%	C6%	C8%	C9%
-	-	0.00	0.00	0.52	1.13	0.00
0	0	0.00	0.00	0.64	0.80	0.00
0	4	0.00	0.00	0.30	0.60	0.00
1	1	0.00	0.00	0.10	1.00	0.00
1	5	0.00	0.00	0.76	1.30	0.00
2	2	0.00	0.00	0.52	1.50	0.00
2	6	0.00	0.02	0.70	1.36	0.00
3	3	0.00	0.01	0.88	1.29	0.00
3	7	0.00	0.00	0.29	1.19	0.00
Core	CPU	C1%	C3%	C6%	C8%	C9%
-	-	0.00	0.01	0.50	0.79	0.00
0	0	0.00	0.00	0.32	0.40	0.00
0	4	0.00	0.02	0.19	0.50	0.00
1	1	0.00	0.00	0.34	1.39	0.00
1	5	0.00	0.01	0.97	0.79	0.00
2	2	0.00	0.01	0.62	0.50	0.00
2	6	0.00	0.02	0.99	1.38	0.00
3	3	0.00	0.00	0.35	0.80	0.00
3	7	0.00	0.00	0.25	0.60	0.00
Core	CPU	C1%	C3%	C6%	C8%	C9%
-	-	0.00	0.01	0.39	0.87	0.00
0	0	0.00	0.00	0.28	1.09	0.00
0	4	0.00	0.00	0.36	1.09	0.00
1	1	0.00	0.00	0.32	0.99	0.00
1	5	0.00	0.02	0.77	0.70	0.00
2	2	0.00	0.00	0.19	0.90	0.00
2	6	0.00	0.04	0.83	0.73	0.00
3	3	0.00	0.00	0.24	0.80	0.00
3	7	0.00	0.03	0.16	0.70	0.00
Core	CPU	C1%	C3%	C6%	C8%	C9%
-	-	0.00	0.00	0.34	0.77	0.00
0	0	0.00	0.00	0.35	0.79	0.00
0	4	0.00	0.00	0.30	0.60	0.00
1	1	0.00	0.00	0.10	0.50	0.00
1	5	0.00	0.00	0.27	0.90	0.00
2	2	0.00	0.00	0.44	0.90	0.00
2	6	0.00	0.00	0.64	0.97	0.00
3	3	0.00	0.01	0.29	0.80	0.00
3	7	0.00	0.00	0.37	0.70	0.00
Core	CPU	C1%	C3%	C6%	C8%	C9%
-	-	0.00	0.01	0.37	0.92	0.00
0	0	0.00	0.02	0.20	0.89	0.00
0	4	0.00	0.00	0.20	1.18	0.00
1	1	0.00	0.00	0.45	0.89	0.00
1	5	0.00	0.00	0.25	0.99	0.00
2	2	0.00	0.02	0.10	1.00	0.00
2	6	0.00	0.01	1.07	0.60	0.00
3	3	0.00	0.00	0.28	0.89	0.00
3	7	0.00	0.00	0.45	0.89	0.00
Core	CPU	C1%	C3%	C6%	C8%	C9%
-	-	0.00	0.08	0.57	0.82	0.00
0	0	0.00	0.00	0.18	0.99	0.00
0	4	0.01	0.59	0.17	0.08	0.00
1	1	0.00	0.00	1.05	0.30	0.00
1	5	0.00	0.02	1.50	0.79	0.00
2	2	0.00	0.00	0.34	1.00	0.00
2	6	0.00	0.02	0.86	1.23	0.00
3	3	0.00	0.00	0.24	1.09	0.00
3	7	0.00	0.00	0.20	1.09	0.00
