Core	CPU	C1%	C3%	C6%	C8%	C9%
-	-	0.07	0.02	5.80	8.72	0.13
0	0	0.00	0.06	36.38	60.50	0.00
0	4	0.00	0.00	0.16	1.09	0.00
1	1	0.00	0.03	2.35	1.82	0.00
1	5	0.52	0.03	0.00	0.50	1.00
2	2	0.00	0.00	2.55	2.21	0.00
2	6	0.00	0.02	2.22	2.74	0.00
3	3	0.00	0.03	0.59	0.00	0.00
3	7	0.00	0.00	2.19	0.91	0.00
Core	CPU	C1%	C3%	C6%	C8%	C9%
-	-	0.00	0.00	4.92	8.59	0.00
0	0	0.00	0.03	35.03	62.61	0.00
0	4	0.00	0.00	0.18	1.19	0.00
1	1	0.00	0.00	0.54	1.00	0.00
1	5	0.00	0.00	0.83	0.60	0.00
2	2	0.00	0.00	0.22	1.09	0.00
2	6	0.00	0.00	1.22	0.25	0.00
3	3	0.00	0.00	0.58	0.89	0.00
3	7	0.00	0.00	0.72	1.10	0.00
Core	CPU	C1%	C3%	C6%	C8%	C9%
-	-	0.04	0.13	5.33	11.58	0.00
0	0	0.00	0.22	37.55	59.42	0.00
0	4	0.00	0.00	0.76	0.60	0.00
1	1	0.28	0.60	0.07	0.31	0.00
1	5	0.00	0.00	0.52	0.41	0.00
2	2	0.00	0.00	0.61	0.50	0.00
2	6	0.00	0.01	0.89	1.93	0.00
3	3	0.01	0.23	0.87	28.57	0.00
3	7	0.00	0.00	1.39	0.90	0.00
Core	CPU	C1%	C3%	C6%	C8%	C9%
-	-	0.00	0.00	4.99	8.62	0.00
0	0	0.00	0.03	34.64	62.99	0.00
0	4	0.00	0.00	0.49	0.89	0.00
1	1	0.00	0.00	0.86	0.80	0.00
1	5	0.00	0.00	0.44	1.39	0.00
2	2	0.00	0.00	0.93	0.59	0.00
2	6	0.00	0.01	1.20	1.02	0.00
3	3	0.00	0.00	0.99	0.40	0.00
3	7	0.00	0.00	0.37	0.87	0.00
Core	CPU	C1%	C3%	C6%	C8%	C9%
-	-	0.00	0.01	4.90	8.74	0.00
0	0	0.00	0.08	36.03	61.59	0.00
0	4	0.00	0.00	0.10	0.50	0.00
1	1	0.00	0.00	0.28	1.20	0.00
1	5	0.00	0.00	0.56	1.98	0.00
2	2	0.00	0.00	0.24	1.09	0.00
2	6	0.00	0.00	1.13	1.63	0.00
3	3	0.00	0.00	0.29	1.10	0.00
3	7	0.00	0.00	0.55	0.80	0.00
Core	CPU	C1%	C3%	C6%	C8%	C9%
-	-	0.00	0.44	4.81	8.44	0.00
0	0	0.00	1.88	35.07	60.37	0.00
0	4	0.00	0.00	0.00	0.50	0.00
1	1	0.00	0.00	0.98	1.28	0.00
1	5	0.00	0.00	1.01	1.67	0.00
2	2	0.00	0.00	0.54	1.38	0.00
2	6	0.00	0.00	0.56	1.50	0.00
3	3	0.00	1.31	0.00	0.01	0.00
3	7	0.00	0.30	0.30	0.78	0.00
Core	CPU	C1%	C3%	C6%	C8%	C9%
-	-	0.00	0.01	5.03	8.55	0.00
0	0	0.00	0.07	36.60	61.04	0.00
0	4	0.00	0.00	0.14	0.50	0.00
1	1	0.00	0.01	0.40	0.30	0.00
1	5	0.00	0.00	0.10	0.90	0.00
2	2	0.00	0.00	0.37	1.00	0.00
2	6	0.00	0.03	1.04	1.98	0.00
3	3	0.00	0.00	0.73	0.69	0.00
3	7	0.00	0.00	0.85	2.00	0.00
Core	CPU	C1%	C3%	C6%	C8%	C9%
-	-	0.10	0.04	4.88	8.48	0.11
0	0	0.00	0.07	36.26	61.46	0.00
0	4	0.00	0.00	0.24	1.19	0.00
1	1	0.00	0.02	0.28	0.40	0.00
1	5	0.78	0.18	0.10	0.60	0.00
2	2	0.00	0.00	0.28	1.08	0.00
2	6	0.00	0.00	1.44	0.59	0.00
3	3	0.00	0.00	0.29	1.19	0.89
3	7	0.00	0.03	0.19	1.32	0.00
Core	CPU	C1%	C3%	C6%	C8%	C9%
-	-	0.00	0.01	4.89	8.56	0.00
0	0	0.00	0.03	36.50	61.16	0.00
0	4	0.00	0.00	0.35	0.61	0.00
1	1	0.00	0.00	0.23	0.58	0.00
1	5	0.00	0.03	0.16	0.50	0.00
2	2	0.00	0.00	0.09	1.09	0.00
2	6	0.00	0.00	0.95	2.01	0.00
3	3	0.00	0.00	0.54	1.29	0.00
3	7	0.00	0.00	0.31	1.22	0.00
Core	CPU	C1%	C3%	C6%	C8%	C9%
-	-	0.00	0.01	5.02	8.53	0.00
0	0	0.00	0.07	37.14	60.51	0.00
0	4	0.00	0.00	0.44	0.51	0.00
1	1	0.00	0.00	0.41	1.70	0.00
1	5	0.00	0.00	0.30	1.10	0.00
2	2	0.00	0.00	0.18	0.91	0.00
2	6	0.00	0.00	0.68	1.19	0.00
3	3	0.00	0.00	0.54	0.92	0.00
3	7	0.00	0.00	0.45	1.41	0.00
Core	CPU	C1%	C3%	C6%	C8%	C9%
-	-	0.00	0.02	5.00	9.01	0.00
0	0	0.00	0.05	36.07	61.60	0.00
0	4	0.00	0.00	0.27	1.09	0.00
1	1	0.00	0.00	0.25	1.29	0.00
1	5	0.00	0.00	1.12	2.00	0.00
2	2	0.00	0.02	0.46	2.49	0.00
2	6	0.00	0.02	0.58	1.38	0.00
3	3	0.00	0.08	0.46	1.11	0.00
3	7	0.00	0.01	0.76	1.09	0.00
Core	CPU	C1%	C3%	C6%	C8%	C9%
-	-	0.00	0.01	4.71	8.90	0.00
0	0	0.00	0.00	34.53	63.15	0.00
0	4	0.00	0.00	0.18	1.19	0.00
1	1	0.00	0.00	0.53	1.60	0.00
1	5	0.00	0.00	0.24	1.39	0.00
2	2	0.00	0.10	0.31	1.30	0.00
2	6	0.00	0.01	1.11	0.66	0.00
3	3	0.00	0.00	0.19	1.09	0.00
3	7	0.00	0.00	0.56	0.78	0.00
Core	CPU	C1%	C3%	C6%	C8%	C9%
-	-	0.05	0.01	4.85	8.68	0.11
0	0	0.00	0.03	35.60	62.15	0.00
0	4	0.00	0.00	0.59	0.79	0.00
1	1	0.39	0.00	0.28	1.19	0.88
1	5	0.00	0.00	0.69	0.98	0.00
2	2	0.00	0.00	0.14	1.29	0.00
2	6	0.00	0.04	1.09	0.77	0.00
3	3	0.00	0.00	0.10	1.19	0.00
3	7	0.00	0.00	0.27	1.06	0.00
Core	CPU	C1%	C3%	C6%	C8%	C9%
-	-	0.00	0.01	5.04	8.35	0.00
0	0	0.00	0.03	36.10	61.53	0.00
0	4	0.00	0.00	0.60	0.00	0.00
1	1	0.00	0.02	0.76	1.18	0.00
1	5	0.00	0.02	0.83	0.31	0.00
2	2	0.00	0.00	0.23	1.11	0.00
2	6	0.00	0.00	1.03	0.81	0.00
3	3	0.00	0.02	0.48	0.81	0.00
3	7	0.00	0.00	0.28	1.07	0.00
Core	CPU	C1%	C3%	C6%	C8%	C9%
-	-	0.00	0.01	5.19	8.29	0.00
0	0	0.00	0.02	36.97	60.72	0.00
0	4	0.00	0.00	0.13	0.50	0.00
1	1	0.00	0.00	0.70	0.19	0.00
1	5	0.00	0.00	0.98	0.40	0.00
2	2	0.00	0.00	0.37	1.08	0.00
2	6	0.00	0.00	0.73	1.79	0.00
3	3	0.00	0.03	0.80	0.50	0.00
3	7	0.00	0.03	0.89	1.15	0.00
Core	CPU	C1%	C3%	C6%	C8%	C9%
-	-	0.00	0.02	4.91	8.50	0.00
0	0	0.00	0.08	36.36	61.32	0.00
0	4	0.00	0.00	0.23	0.40	0.00
1	1	0.00	0.00	0.59	0.49	0.00
1	5	0.00	0.00	0.19	1.28	0.00
2	2	0.00	0.00	0.46	1.10	0.00
2	6	0.00	0.00	0.57	1.40	0.00
3	3	0.00	0.10	0.33	1.00	0.00
3	7	0.00	0.00	0.57	1.05	0.00
Core	CPU	C1%	C3%	C6%	C8%	C9%
-	-	0.00	0.11	4.90	8.51	0.00
0	0	0.00	0.05	36.88	60.86	0.00
0	4	0.00	0.00	0.14	0.50	0.00
1	1	0.00	0.02	0.29	0.80	0.00
1	5	0.00	0.00	0.09	0.72	0.00
2	2	0.00	0.80	0.37	1.60	0.00
2	6	0.00	0.01	0.82	1.09	0.00
3	3	0.00	0.00	0.33	1.49	0.00
3	7	0.00	0.03	0.27	1.05	0.00
Core	CPU	C1%	C3%	C6%	C8%	C9%
-	-	0.09	0.18	5.08	8.39	0.00
0	0	0.00	0.03	36.21	61.45	0.00
0	4	0.00	0.00	0.51	0.60	0.00
1	1	0.71	0.67	0.73	0.01	0.00
1	5	0.00	0.75	1.48	0.79	0.00
2	2	0.00	0.00	0.29	1.29	0.00
2	6	0.00	0.00	0.67	0.79	0.00
3	3	0.00	0.00	0.36	0.99	0.00
3	7	0.00	0.00	0.38	1.22	0.00
Core	CPU	C1%	C3%	C6%	C8%	C9%
-	-	0.00	0.00	5.04	8.65	0.00
0	0	0.00	0.01	36.52	61.08	0.00
0	4	0.00	0.00	0.36	0.59	0.00
1	1	0.00	0.00	0.53	0.90	0.00
1	5	0.00	0.00	0.66	1.70	0.00
2	2	0.00	0.00	0.10	1.19	0.00
2	6	0.00	0.00	0.37	1.29	0.00
3	3	0.00	0.00	0.45	1.69	0.00
3	7	0.00	0.00	1.36	0.72	0.00
Core	CPU	C1%	C3%	C6%	C8%	C9%
-	-	0.00	0.00	4.69	8.88	0.00
0	0	0.00	0.01	34.60	63.20	0.00
0	4	0.00	0.00	0.46	0.50	0.00
1	1	0.00	0.00	0.23	1.39	0.00
1	5	0.00	0.01	0.40	2.10	0.00
2	2	0.00	0.00	0.51	0.81	0.00
2	6	0.00	0.00	0.28	1.20	0.00
3	3	0.00	0.00	0.45	1.21	0.00
3	7	0.00	0.00	0.63	0.61	0.00
Core	CPU	C1%	C3%	C6%	C8%	C9%
-	-	0.00	0.01	4.76	9.12	0.00
0	0	0.00	0.02	34.51	63.34	0.00
0	4	0.00	0.00	0.36	1.40	0.00
1	1	0.00	0.00	0.53	1.41	0.00
1	5	0.00	0.00	0.52	2.00	0.00
2	2	0.00	0.00	0.72	1.02	0.00
2	6	0.00	0.00	0.39	1.41	0.00
3	3	0.00	0.06	0.55	1.61	0.00
3	7	0.00	0.00	0.53	0.80	0.00
Core	CPU	C1%	C3%	C6%	C8%	C9%
-	-	0.00	0.01	4.70	9.02	0.00
0	0	0.00	0.01	34.65	63.15	0.00
0	4	0.00	0.00	0.29	1.10	0.00
1	1	0.00	0.00	0.36	1.10	0.00
1	5	0.00	0.00	0.54	1.11	0.00
2	2	0.00	0.02	0.78	1.79	0.00
2	6	0.00	0.00	0.21	1.10	0.00
3	3	0.00	0.00	0.28	1.61	0.00
3	7	0.00	0.02	0.46	1.16	0.00
Core	CPU	C1%	C3%	C6%	C8%	C9%
-	-	0.08	0.01	4.78	9.37	0.11
0	0	0.19	0.01	34.00	63.71	0.00
0	4	0.00	0.00	0.26	0.41	0.00
1	1	0.00	0.00	0.28	1.31	0.00
1	5	0.49	0.00	0.53	1.20	0.00
2	2	0.00	0.04	1.42	2.90	0.89
2	6	0.00	0.00	0.61	2.10	0.00
3	3	0.00	0.00	0.40	1.02	0.00
3	7	0.00	0.00	0.76	2.29	0.00
Core	CPU	C1%	C3%	C6%	C8%	C9%
-	-	0.00	0.01	4.77	9.08	0.00
0	0	0.00	0.00	34.77	63.01	0.00
0	4	0.00	0.00	0.23	1.21	0.00
1	1	0.00	0.02	0.23	0.90	0.00
1	5	0.00	0.00	0.09	1.10	0.00
2	2	0.00	0.00	1.19	0.61	0.00
2	6	0.00	0.00	0.67	1.89	0.00
3	3	0.02	0.03	0.50	2.29	0.00
3	7	0.00	0.00	0.50	1.61	0.00
Core	CPU	C1%	C3%	C6%	C8%	C9%
-	-	0.00	0.02	4.70	12.51	0.00
0	0	0.00	0.00	33.62	64.36	0.00
0	4	0.00	0.00	0.36	1.09	0.00
1	1	0.00	0.00	0.24	1.79	0.00
1	5	0.00	0.00	0.22	1.49	0.00
2	2	0.00	0.00	0.55	1.60	0.00
2	6	0.00	0.00	0.38	2.08	0.00
3	3	0.01	0.14	1.85	26.15	0.00
3	7	0.00	0.00	0.42	1.50	0.00
Core	CPU	C1%	C3%	C6%	C8%	C9%
-	-	0.00	0.02	4.75	8.73	0.00
0	0	0.00	0.02	35.45	62.30	0.00
0	4	0.00	0.00	0.28	1.09	0.00
1	1	0.00	0.00	0.25	1.09	0.00
1	5	0.00	0.00	0.14	1.19	0.00
2	2	0.00	0.02	0.67	1.29	0.00
2	6	0.00	0.00	0.10	1.29	0.00
3	3	0.00	0.10	0.87	0.50	0.00
3	7	0.00	0.00	0.26	1.08	0.00
Core	CPU	C1%	C3%	C6%	C8%	C9%
-	-	0.00	0.01	5.04	8.79	0.00
0	0	0.00	0.03	35.54	62.23	0.00
0	4	0.00	0.00	0.54	0.93	0.00
1	1	0.00	0.00	0.43	0.92	0.00
1	5	0.00	0.00	0.49	0.74	0.00
2	2	0.00	0.01	0.93	0.93	0.00
2	6	0.00	0.00	0.63	1.73	0.00
3	3	0.00	0.00	0.64	1.42	0.00
3	7	0.00	0.02	1.12	1.39	0.00
Core	CPU	C1%	C3%	C6%	C8%	C9%
-	-	0.06	0.00	4.73	9.05	0.10
0	0	0.00	0.00	33.32	64.58	0.00
0	4	0.00	0.00	0.56	1.37	0.81
1	1	0.00	0.00	0.17	1.19	0.00
1	5	0.52	0.00	0.51	1.39	0.00
2	2	0.00	0.00	1.65	0.90	0.00
2	6	0.00	0.02	0.99	0.40	0.00
3	3	0.00	0.00	0.20	1.28	0.00
3	7	0.00	0.00	0.47	1.25	0.00
Core	CPU	C1%	C3%	C6%	C8%	C9%
-	-	0.00	0.00	4.62	9.01	0.00
0	0	0.00	0.00	34.02	63.84	0.00
0	4	0.00	0.00	0.20	0.50	0.00
1	1	0.00	0.00	0.38	1.59	0.00
1	5	0.00	0.00	0.37	1.09	0.00
2	2	0.00	0.01	0.87	1.29	0.00
2	6	0.00	0.00	0.44	1.80	0.00
3	3	0.00	0.02	0.29	1.01	0.00
3	7	0.00	0.00	0.38	0.97	0.00
Core	CPU	C1%	C3%	C6%	C8%	C9%
-	-	0.00	0.01	4.75	8.94	0.00
0	0	0.00	0.02	34.94	62.90	0.00
0	4	0.00	0.02	0.19	0.70	0.00
1	1	0.00	0.00	0.09	0.98	0.00
1	5	0.00	0.00	0.36	1.50	0.00
2	2	0.00	0.01	1.20	0.92	0.00
2	6	0.00	0.00	0.42	1.60	0.00
3	3	0.00	0.00	0.49	1.41	0.00
3	7	0.00	0.00	0.27	1.54	0.00
Core	CPU	C1%	C3%	C6%	C8%	C9%
-	-	0.00	0.01	4.92	8.51	0.00
0	0	0.00	0.00	35.21	62.63	0.00
0	4	0.00	0.00	0.15	0.59	0.00
1	1	0.00	0.00	0.62	0.00	0.00
1	5	0.00	0.01	0.70	0.00	0.00
2	2	0.00	0.00	0.94	1.40	0.00
2	6	0.00	0.00	0.45	1.20	0.00
3	3	0.00	0.10	0.26	1.08	0.00
3	7	0.00	0.00	1.08	1.21	0.00
Core	CPU	C1%	C3%	C6%	C8%	C9%
-	-	0.00	0.01	4.66	8.85	0.00
0	0	0.00	0.00	34.19	63.63	0.00
0	4	0.00	0.00	0.37	0.69	0.00
1	1	0.00	0.00	0.43	1.19	0.00
1	5	0.00	0.00	0.42	1.29	0.00
2	2	0.00	0.04	0.55	1.00	0.00
2	6	0.00	0.00	0.29	1.18	0.00
3	3	0.00	0.00	0.37	0.99	0.00
3	7	0.00	0.00	0.64	0.80	0.00
Core	CPU	C1%	C3%	C6%	C8%	C9%
-	-	0.10	0.05	4.54	9.21	0.00
0	0	0.00	0.00	32.91	64.99	0.00
0	4	0.79	0.38	0.19	1.19	0.00
1	1	0.00	0.00	0.17	1.29	0.00
1	5	0.00	0.00	0.23	1.38	0.00
2	2	0.00	0.03	1.36	0.49	0.00
2	6	0.00	0.00	0.19	1.39	0.00
3	3	0.00	0.00	0.98	0.79	0.00
3	7	0.00	0.00	0.33	2.16	0.00
Core	CPU	C1%	C3%	C6%	C8%	C9%
-	-	0.00	0.00	4.74	8.93	0.00
0	0	0.00	0.00	34.41	63.39	0.00
0	4	0.00	0.00	0.68	0.70	0.00
1	1	0.00	0.00	0.37	1.19	0.00
1	5	0.00	0.00	0.36	1.08	0.00
2	2	0.00	0.00	1.40	1.31	0.00
2	6	0.00	0.03	0.19	1.29	0.00
3	3	0.00	0.00	0.19	1.39	0.00
3	7	0.00	0.00	0.28	1.07	0.00
Core	CPU	C1%	C3%	C6%	C8%	C9%
-	-	0.00	0.01	5.05	9.16	0.00
0	0	0.00	0.03	35.52	62.25	0.00
0	4	0.00	0.00	0.60	0.00	0.00
1	1	0.00	0.00	0.37	1.88	0.00
1	5	0.00	0.00	0.37	1.19	0.00
2	2	0.00	0.00	1.01	1.79	0.00
2	6	0.00	0.00	0.66	1.91	0.00
3	3	0.00	0.01	0.48	1.39	0.00
3	7	0.00	0.00	1.37	2.83	0.00
Core	CPU	C1%	C3%	C6%	C8%	C9%
-	-	0.00	0.02	4.80	8.65	0.00
0	0	0.00	0.02	35.61	62.23	0.00
0	4	0.00	0.02	0.60	0.00	0.00
1	1	0.00	0.00	0.21	1.29	0.00
1	5	0.00	0.00	0.28	1.18	0.00
2	2	0.00	0.02	0.94	0.89	0.00
2	6	0.00	0.00	0.23	1.29	0.00
3	3	0.01	0.12	0.29	1.20	0.00
3	7	0.00	0.00	0.20	1.14	0.00
Core	CPU	C1%	C3%	C6%	C8%	C9%
-	-	0.00	0.02	4.74	8.74	0.00
0	0	0.00	0.00	34.29	63.55	0.00
0	4	0.00	0.00	0.54	0.10	0.00
1	1	0.00	0.02	0.30	0.59	0.00
1	5	0.00	0.00	0.10	0.99	0.00
2	2	0.00	0.09	1.00	2.09	0.00
2	6	0.00	0.00	0.55	1.09	0.00
3	3	0.00	0.00	0.94	0.40	0.00
3	7	0.00	0.03	0.19	1.13	0.00
Core	CPU	C1%	C3%	C6%	C8%	C9%
-	-	0.07	0.00	4.53	9.03	0.00
0	0	0.00	0.00	33.23	64.67	0.00
0	4	0.59	0.00	0.35	0.61	0.00
1	1	0.00	0.00	0.22	0.60	0.00
1	5	0.00	0.03	0.25	1.29	0.00
2	2	0.00	0.02	0.74	1.39	0.00
2	6	0.00	0.00	0.46	1.50	0.00
3	3	0.00	0.00	0.54	0.82	0.00
3	7	0.00	0.00	0.41	1.41	0.00
Core	CPU	C1%	C3%	C6%	C8%	C9%
-	-	0.00	0.02	4.75	8.77	0.00
0	0	0.00	0.04	33.70	64.15	0.00
0	4	0.00	0.00	0.57	1.19	0.00
1	1	0.00	0.00	0.65	0.50	0.00
1	5	0.00	0.01	0.43	0.59	0.00
2	2	0.00	0.07	1.20	0.59	0.00
2	6	0.00	0.00	0.32	0.86	0.00
3	3	0.00	0.00	0.19	1.08	0.00
3	7	0.00	0.03	0.94	1.18	0.00
Core	CPU	C1%	C3%	C6%	C8%	C9%
-	-	0.00	0.01	4.81	9.12	0.00
0	0	0.00	0.00	33.51	64.35	0.00
0	4	0.00	0.00	0.56	1.00	0.00
1	1	0.00	0.00	0.64	1.40	0.00
1	5	0.00	0.00	0.72	1.89	0.00
2	2	0.00	0.05	1.24	0.51	0.00
2	6	0.00	0.00	0.87	1.10	0.00
3	3	0.00	0.00	0.28	1.59	0.00
3	7	0.00	0.00	0.62	1.09	0.00
Core	CPU	C1%	C3%	C6%	C8%	C9%
-	-	0.00	0.02	4.70	9.09	0.00
0	0	0.00	0.00	34.20	63.64	0.00
0	4	0.00	0.00	0.29	0.70	0.00
1	1	0.00	0.00	0.29	1.28	0.00
1	5	0.00	0.00	0.37	1.10	0.00
2	2	0.00	0.02	1.39	1.49	0.00
2	6	0.00	0.00	0.67	1.91	0.00
3	3	0.00	0.12	0.10	1.09	0.00
3	7	0.00	0.00	0.27	1.55	0.00
Core	CPU	C1%	C3%	C6%	C8%	C9%
-	-	0.00	0.02	4.86	8.71	0.00
0	0	0.00	0.03	35.66	62.17	0.00
0	4	0.00	0.12	0.18	0.41	0.00
1	1	0.00	0.00	0.28	0.90	0.00
1	5	0.00	0.00	0.45	1.01	0.00
2	2	0.00	0.00	0.94	1.11	0.00
2	6	0.00	0.00	0.42	1.11	0.00
3	3	0.00	0.00	0.48	1.42	0.00
3	7	0.00	0.00	0.46	1.53	0.00
Core	CPU	C1%	C3%	C6%	C8%	C9%
-	-	0.09	0.01	4.87	8.70	0.00
0	0	0.00	0.03	34.84	63.07	0.00
0	4	0.00	0.00	0.14	1.18	0.00
1	1	0.00	0.00	0.62	0.10	0.00
1	5	0.72	0.01	0.76	0.10	0.00
2	2	0.00	0.04	0.95	1.39	0.00
2	6	0.00	0.00	0.46	1.19	0.00
3	3	0.00	0.00	0.26	1.09	0.00
3	7	0.00	0.00	0.88	1.49	0.00
Core	CPU	C1%	C3%	C6%	C8%	C9%
-	-	0.00	0.00	4.58	8.92	0.00
0	0	0.00	0.00	33.37	64.50	0.00
0	4	0.00	0.00	0.27	0.69	0.00
1	1	0.00	0.00	0.43	1.79	0.00
1	5	0.00	0.00	0.42	1.29	0.00
2	2	0.00	0.02	1.00	0.10	0.00
2	6	0.03	0.00	0.35	0.90	0.00
3	3	0.00	0.00	0.37	1.09	0.00
3	7	0.00	0.00	0.45	0.99	0.00
Core	CPU	C1%	C3%	C6%	C8%	C9%
-	-	0.00	0.00	4.73	8.93	0.00
0	0	0.00	0.00	34.08	63.76	0.00
0	4	0.00	0.00	0.28	1.10	0.00
1	1	0.00	0.00	0.45	1.11	0.00
1	5	0.00	0.00	0.44	1.00	0.00
2	2	0.00	0.00	1.16	0.90	0.00
2	6	0.00	0.03	0.67	0.81	0.00
3	3	0.00	0.00	0.37	1.80	0.00
3	7	0.00	0.00	0.36	0.99	0.00
Core	CPU	C1%	C3%	C6%	C8%	C9%
-	-	0.00	0.05	4.77	12.59	0.44
0	0	0.00	0.02	34.71	63.17	0.00
0	4	0.00	0.00	0.12	0.71	0.00
1	1	0.00	0.00	0.43	2.19	0.00
1	5	0.00	0.00	0.45	1.00	0.00
2	2	0.00	0.04	0.85	1.30	0.00
2	6	0.00	0.00	0.31	1.69	0.00
3	3	0.02	0.32	0.92	29.09	3.50
3	7	0.00	0.00	0.37	1.54	0.00
Core	CPU	C1%	C3%	C6%	C8%	C9%
-	-	0.00	0.00	4.92	8.93	0.00
0	0	0.00	0.00	35.40	62.40	0.00
0	4	0.00	0.00	0.03	0.60	0.00
1	1	0.00	0.00	0.18	0.70	0.00
1	5	0.00	0.00	0.10	1.28	0.00
2	2	0.00	0.00	1.03	0.99	0.00
2	6	0.00	0.00	0.63	2.50	0.00
3	3	0.00	0.00	0.74	0.59	0.00
3	7	0.00	0.00	1.24	2.40	0.00
Core	CPU	C1%	C3%	C6%	C8%	C9%
-	-	0.14	0.00	4.60	9.19	0.07
0	0	0.00	0.00	33.83	64.03	0.00
0	4	0.78	0.00	0.54	2.00	0.00
1	1	0.01	0.02	0.40	1.50	0.60
1	5	0.31	0.00	0.18	1.01	0.00
2	2	0.00	0.02	0.81	1.09	0.00
2	6	0.00	0.00	0.43	1.30	0.00
3	3	0.00	0.00	0.33	1.59	0.00
3	7	0.00	0.00	0.31	1.03	0.00
Core	CPU	C1%	C3%	C6%	C8%	C9%
-	-	0.00	0.00	4.77	8.91	0.00
0	0	0.00	0.02	34.81	63.01	0.00
0	4	0.00	0.00	0.37	0.59	0.00
1	1	0.00	0.00	0.25	1.28	0.00
1	5	0.00	0.00	0.13	1.29	0.00
2	2	0.00	0.00	1.36	0.31	0.00
2	6	0.00	0.00	0.28	1.29	0.00
3	3	0.00	0.00	0.37	1.19	0.00
3	7	0.00	0.00	0.59	2.30	0.00
Core	CPU	C1%	C3%	C6%	C8%	C9%
-	-	0.00	0.01	4.64	8.98	0.00
0	0	0.00	0.00	34.21	63.61	0.00
0	4	0.00	0.00	0.27	1.09	0.00
1	1	0.00	0.00	0.25	1.18	0.00
1	5	0.00	0.00	0.31	1.48	0.00
2	2	0.00	0.05	0.53	1.19	0.00
2	6	0.00	0.00	1.00	1.19	0.00
3	3	0.00	0.00	0.28	0.99	0.00
3	7	0.00	0.00	0.26	1.08	0.00
Core	CPU	C1%	C3%	C6%	C8%	C9%
-	-	0.00	0.07	4.91	8.70	0.17
0	0	0.00	0.00	34.76	63.06	0.00
0	4	0.00	0.00	0.19	1.19	0.00
1	1	0.00	0.00	0.17	1.19	0.00
1	5	0.00	0.04	0.51	1.00	0.00
2	2	0.00	0.02	1.55	0.30	0.00
2	6	0.00	0.02	1.08	0.40	0.00
3	3	0.00	0.51	0.10	1.39	0.00
3	7	0.00	0.01	0.91	1.07	1.39
Core	CPU	C1%	C3%	C6%	C8%	C9%
-	-	0.00	0.01	4.85	8.84	0.00
0	0	0.00	0.02	34.76	63.05	0.00
0	4	0.00	0.00	0.10	0.50	0.00
1	1	0.00	0.00	0.28	1.38	0.00
1	5	0.00	0.00	0.94	1.20	0.00
2	2	0.00	0.02	1.05	0.98	0.00
2	6	0.00	0.00	0.23	1.29	0.00
3	3	0.00	0.00	0.99	0.78	0.00
3	7	0.00	0.00	0.46	1.55	0.00
Core	CPU	C1%	C3%	C6%	C8%	C9%
-	-	0.04	0.12	4.76	8.67	0.03
0	0	0.01	0.79	35.10	61.90	0.00
0	4	0.00	0.02	0.19	0.41	0.00
1	1	0.00	0.00	0.19	1.30	0.00
1	5	0.31	0.01	0.52	1.70	0.24
2	2	0.00	0.00	0.89	1.11	0.00
2	6	0.00	0.00	0.51	1.00	0.00
3	3	0.00	0.10	0.40	0.90	0.00
3	7	0.00	0.00	0.27	1.06	0.00
Core	CPU	C1%	C3%	C6%	C8%	C9%
-	-	0.00	0.00	4.57	8.75	0.00
0	0	0.00	0.00	34.04	63.75	0.00
0	4	0.00	0.00	0.05	0.60	0.00
1	1	0.00	0.00	0.12	0.79	0.00
1	5	0.00	0.00	0.70	0.40	0.00
2	2	0.00	0.02	0.72	1.19	0.00
2	6	0.00	0.00	0.37	1.09	0.00
3	3	0.00	0.00	0.44	1.00	0.00
3	7	0.00	0.00	0.13	1.21	0.00
Core	CPU	C1%	C3%	C6%	C8%	C9%
-	-	0.00	0.01	4.85	8.75	0.00
0	0	0.00	0.04	35.03	62.77	0.00
0	4	0.00	0.00	0.45	0.50	0.00
1	1	0.00	0.00	0.32	1.30	0.00
1	5	0.00	0.00	0.40	1.10	0.00
2	2	0.00	0.01	0.48	0.61	0.00
2	6	0.00	0.00	0.46	1.11	0.00
3	3	0.00	0.00	0.44	1.11	0.00
3	7	0.00	0.03	1.22	1.52	0.00
Core	CPU	C1%	C3%	C6%	C8%	C9%
-	-	0.00	0.01	4.68	9.19	0.00
0	0	0.00	0.03	34.32	63.42	0.00
0	4	0.00	0.00	0.36	0.71	0.00
1	1	0.00	0.00	0.23	2.37	0.00
1	5	0.00	0.00	0.31	1.90	0.00
2	2	0.00	0.01	0.92	0.70	0.00
2	6	0.00	0.00	0.46	1.50	0.00
3	3	0.00	0.06	0.45	0.91	0.00
3	7	0.00	0.00	0.42	1.99	0.00
Core	CPU	C1%	C3%	C6%	C8%	C9%
-	-	0.00	0.00	4.66	9.06	0.00
0	0	0.00	0.00	34.14	63.69	0.00
0	4	0.00	0.00	0.68	1.19	0.00
1	1	0.00	0.00	0.38	1.29	0.00
1	5	0.00	0.00	0.24	1.39	0.00
2	2	0.00	0.03	1.14	1.09	0.00
2	6	0.00	0.00	0.27	1.50	0.00
3	3	0.00	0.00	0.20	1.28	0.00
3	7	0.00	0.00	0.26	1.08	0.00
Core	CPU	C1%	C3%	C6%	C8%	C9%
-	-	0.09	0.07	4.78	8.79	0.11
0	0	0.00	0.50	34.22	62.76	0.00
0	4	0.00	0.00	0.19	1.19	0.00
1	1	0.00	0.00	0.20	1.19	0.00
1	5	0.71	0.00	0.35	1.09	0.88
2	2	0.00	0.01	1.61	0.60	0.00
2	6	0.00	0.02	0.99	0.68	0.00
3	3	0.01	0.03	0.27	1.29	0.00
3	7	0.00	0.00	0.43	1.56	0.00
Core	CPU	C1%	C3%	C6%	C8%	C9%
-	-	0.00	0.01	4.98	8.81	0.00
0	0	0.00	0.00	34.96	62.89	0.00
0	4	0.00	0.00	0.10	0.50	0.00
1	1	0.00	0.00	0.19	1.18	0.00
1	5	0.00	0.00	0.52	1.38	0.00
2	2	0.00	0.04	1.69	1.19	0.00
2	6	0.00	0.00	0.33	1.89	0.00
3	3	0.00	0.02	0.69	0.70	0.00
3	7	0.00	0.00	1.33	0.75	0.00
Core	CPU	C1%	C3%	C6%	C8%	C9%
-	-	0.00	0.01	4.64	8.70	0.00
0	0	0.00	0.00	34.34	63.50	0.00
0	4	0.00	0.00	0.21	0.41	0.00
1	1	0.00	0.00	0.18	0.71	0.00
1	5	0.00	0.00	0.37	1.01	0.00
2	2	0.00	0.06	0.79	1.12	0.00
2	6	0.00	0.00	0.53	0.90	0.00
3	3	0.00	0.00	0.31	1.02	0.00
3	7	0.00	0.00	0.37	0.95	0.00
Core	CPU	C1%	C3%	C6%	C8%	C9%
-	-	0.00	0.01	4.89	8.90	0.00
0	0	0.00	0.00	34.33	63.51	0.00
0	4	0.00	0.00	0.05	0.60	0.00
1	1	0.00	0.00	0.62	0.59	0.00
1	5	0.00	0.01	0.99	0.79	0.00
2	2	0.00	0.00	1.75	1.10	0.00
2	6	0.00	0.00	0.73	2.09	0.00
3	3	0.00	0.06	0.36	0.99	0.00
3	7	0.00	0.00	0.32	1.51	0.00
Core	CPU	C1%	C3%	C6%	C8%	C9%
-	-	0.00	0.00	4.79	9.06	0.00
0	0	0.00	0.00	33.68	64.19	0.00
0	4	0.00	0.00	0.36	0.59	0.00
1	1	0.00	0.00	0.93	1.18	0.00
1	5	0.00	0.01	0.87	1.40	0.00
2	2	0.00	0.03	1.20	0.99	0.00
2	6	0.00	0.00	0.29	1.38	0.00
3	3	0.00	0.00	0.75	1.29	0.00
3	7	0.00	0.00	0.25	1.48	0.00
Core	CPU	C1%	C3%	C6%	C8%	C9%
-	-	0.10	0.02	4.90	8.99	0.00
0	0	0.00	0.14	34.47	62.51	0.00
0	4	0.80	0.00	0.18	1.19	0.00
1	1	0.00	0.00	0.36	1.20	0.00
1	5	0.00	0.00	0.59	2.57	0.00
2	2	0.00	0.02	1.39	0.50	0.00
2	6	0.00	0.01	1.07	1.64	0.00
3	3	0.00	0.00	0.29	1.19	0.00
3	7	0.00	0.00	0.83	1.09	0.00
Core	CPU	C1%	C3%	C6%	C8%	C9%
-	-	0.00	0.01	4.66	8.86	0.00
0	0	0.00	0.01	34.34	63.45	0.00
0	4	0.00	0.00	0.10	0.80	0.00
1	1	0.00	0.00	0.36	1.11	0.00
1	5	0.00	0.03	0.31	0.80	0.00
2	2	0.00	0.03	0.78	1.60	0.00
2	6	0.00	0.00	0.70	0.43	0.00
3	3	0.00	0.00	0.18	1.80	0.00
3	7	0.00	0.00	0.55	0.91	0.00
Core	CPU	C1%	C3%	C6%	C8%	C9%
-	-	0.00	0.01	4.88	8.57	0.00
0	0	0.00	0.00	34.12	63.70	0.00
0	4	0.00	0.00	0.14	0.50	0.00
1	1	0.00	0.01	0.49	0.89	0.00
1	5	0.00	0.00	0.10	0.89	0.00
2	2	0.00	0.05	1.50	0.89	0.00
2	6	0.00	0.00	0.64	0.89	0.00
3	3	0.00	0.00	1.04	0.39	0.00
3	7	0.00	0.01	0.99	0.39	0.00
Core	CPU	C1%	C3%	C6%	C8%	C9%
-	-	0.00	0.01	5.21	9.05	0.43
0	0	0.00	0.00	35.15	62.72	0.00
0	4	0.00	0.00	1.46	1.40	0.00
1	1	0.00	0.00	0.38	1.38	0.00
1	5	0.00	0.03	0.37	1.40	0.00
2	2	0.00	0.05	3.03	1.40	0.00
2	6	0.00	0.00	0.28	1.15	0.00
3	3	0.00	0.02	0.45	1.09	3.44
3	7	0.00	0.00	0.55	1.82	0.00
Core	CPU	C1%	C3%	C6%	C8%	C9%
-	-	0.00	0.01	4.94	9.10	0.00
0	0	0.00	0.03	34.89	62.98	0.00
0	4	0.00	0.00	0.74	0.90	0.00
1	1	0.00	0.00	0.35	1.69	0.00
1	5	0.00	0.00	0.24	1.20	0.00
2	2	0.00	0.07	1.51	1.88	0.00
2	6	0.00	0.00	0.28	1.86	0.00
3	3	0.00	0.00	0.28	1.19	0.00
3	7	0.00	0.00	1.25	1.09	0.00
Core	CPU	C1%	C3%	C6%	C8%	C9%
-	-	0.02	0.05	5.02	9.46	0.00
0	0	0.11	0.33	34.99	61.87	0.00
0	4	0.00	0.00	0.19	1.19	0.00
1	1	0.00	0.00	0.32	1.40	0.00
1	5	0.00	0.00	0.42	1.50	0.00
2	2	0.00	0.01	2.29	0.90	0.00
2	6	0.00	0.01	0.98	1.71	0.00
3	3	0.00	0.01	0.44	6.11	0.00
3	7	0.06	0.00	0.53	0.99	0.00
Core	CPU	C1%	C3%	C6%	C8%	C9%
-	-	0.00	0.01	4.83	11.49	0.00
0	0	0.00	0.00	34.15	63.76	0.00
0	4	0.00	0.01	0.60	0.58	0.00
1	1	0.00	0.00	0.69	0.70	0.00
1	5	0.00	0.00	0.37	1.20	0.00
2	2	0.00	0.00	0.83	1.08	0.00
2	6	0.00	0.00	0.32	1.22	0.00
3	3	0.01	0.07	1.37	22.39	0.00
3	7	0.00	0.00	0.29	0.99	0.00
Core	CPU	C1%	C3%	C6%	C8%	C9%
-	-	0.00	0.01	4.97	8.77	0.00
0	0	0.00	0.00	34.25	63.61	0.00
0	4	0.00	0.00	0.33	0.39	0.00
1	1	0.00	0.00	0.10	0.99	0.00
1	5	0.00	0.00	0.59	1.39	0.00
2	2	0.00	0.02	1.99	1.40	0.00
2	6	0.00	0.00	0.26	1.09	0.00
3	3	0.00	0.00	1.13	0.79	0.00
3	7	0.00	0.02	1.09	0.50	0.00
Core	CPU	C1%	C3%	C6%	C8%	C9%
-	-	0.00	0.00	4.98	9.06	0.00
0	0	0.00	0.00	35.03	62.76	0.00
0	4	0.00	0.00	0.53	0.91	0.00
1	1	0.00	0.00	0.59	1.62	0.00
1	5	0.00	0.00	0.49	1.61	0.00
2	2	0.00	0.00	0.77	1.26	0.00
2	6	0.00	0.00	0.65	1.41	0.00
3	3	0.00	0.00	0.56	1.41	0.00
3	7	0.00	0.00	1.24	1.51	0.00
Core	CPU	C1%	C3%	C6%	C8%	C9%
-	-	0.00	0.00	4.67	8.84	0.00
0	0	0.00	0.00	34.22	63.55	0.00
0	4	0.00	0.00	0.35	1.01	0.00
1	1	0.00	0.00	0.44	0.90	0.00
1	5	0.00	0.00	0.32	1.00	0.00
2	2	0.00	0.02	0.70	1.04	0.00
2	6	0.00	0.00	0.36	1.61	0.00
3	3	0.00	0.00	0.36	0.90	0.00
3	7	0.00	0.00	0.63	0.72	0.00
Core	CPU	C1%	C3%	C6%	C8%	C9%
-	-	0.09	0.04	4.77	8.93	0.00
0	0	0.00	0.02	34.69	62.22	0.00
0	4	0.72	0.28	0.28	1.10	0.00
1	1	0.00	0.00	0.45	1.10	0.00
1	5	0.00	0.00	0.62	1.51	0.00
2	2	0.00	0.00	0.73	1.03	0.00
2	6	0.00	0.00	0.58	1.61	0.00
3	3	0.00	0.00	0.37	1.61	0.00
3	7	0.00	0.00	0.45	1.30	0.00
Core	CPU	C1%	C3%	C6%	C8%	C9%
-	-	0.00	0.00	4.61	8.88	0.00
0	0	0.00	0.02	34.43	63.35	0.00
0	4	0.00	0.00	0.00	0.61	0.00
1	1	0.00	0.00	0.27	1.10	0.00
1	5	0.00	0.00	0.45	1.20	0.00
2	2	0.00	0.00	0.79	1.40	0.00
2	6	0.00	0.00	0.31	1.21	0.00
3	3	0.00	0.01	0.18	1.10	0.00
3	7	0.00	0.00	0.47	1.10	0.00
Core	CPU	C1%	C3%	C6%	C8%	C9%
-	-	0.00	0.01	4.79	8.98	0.00
0	0	0.00	0.00	34.88	62.94	0.00
0	4	0.00	0.00	0.13	0.59	0.00
1	1	0.00	0.01	0.19	0.90	0.00
1	5	0.00	0.00	0.28	1.21	0.00
2	2	0.00	0.03	0.83	1.89	0.00
2	6	0.00	0.00	0.53	1.11	0.00
3	3	0.00	0.00	0.31	1.60	0.00
3	7	0.00	0.00	1.14	1.62	0.00
Core	CPU	C1%	C3%	C6%	C8%	C9%
-	-	0.00	0.00	4.73	8.50	0.00
0	0	0.00	0.00	35.61	62.20	0.00
0	4	0.00	0.00	0.34	0.79	0.00
1	1	0.00	0.00	0.22	0.81	0.00
1	5	0.00	0.00	0.16	0.80	0.00
2	2	0.00	0.02	0.58	1.09	0.00
2	6	0.00	0.00	0.27	0.70	0.00
3	3	0.00	0.00	0.44	0.70	0.00
3	7	0.00	0.00	0.23	0.90	0.00
Core	CPU	C1%	C3%	C6%	C8%	C9%
-	-	0.05	0.00	4.67	8.90	0.00
0	0	0.00	0.00	34.15	63.66	0.00
0	4	0.00	0.00	0.26	0.89	0.00
1	1	0.00	0.00	0.43	1.20	0.00
1	5	0.00	0.00	0.60	1.40	0.00
2	2	0.40	0.03	0.69	0.41	0.00
2	6	0.00	0.00	0.18	1.20	0.00
3	3	0.00	0.00	0.45	1.50	0.00
3	7	0.00	0.00	0.57	0.90	0.00
Core	CPU	C1%	C3%	C6%	C8%	C9%
-	-	0.09	0.04	5.02	8.91	0.11
0	0	0.00	0.30	33.63	63.34	0.00
0	4	0.72	0.00	0.20	0.99	0.88
1	1	0.00	0.00	0.17	1.09	0.00
1	5	0.00	0.01	0.36	0.79	0.00
2	2	0.00	0.01	5.30	1.57	0.00
2	6	0.00	0.02	0.10	1.19	0.00
3	3	0.00	0.00	0.10	1.09	0.00
3	7	0.00	0.00	0.28	1.19	0.00
Core	CPU	C1%	C3%	C6%	C8%	C9%
-	-	0.00	0.00	5.06	8.36	0.00
0	0	0.00	0.00	36.01	61.80	0.00
0	4	0.00	0.02	0.50	0.00	0.00
1	1	0.00	0.00	0.69	0.50	0.00
1	5	0.00	0.00	0.97	1.19	0.00
2	2	0.00	0.02	1.19	0.40	0.00
2	6	0.00	0.00	0.24	1.19	0.00
3	3	0.00	0.00	0.22	0.90	0.00
3	7	0.00	0.00	0.70	0.90	0.00
Core	CPU	C1%	C3%	C6%	C8%	C9%
-	-	0.00	0.01	4.85	8.60	0.00
0	0	0.00	0.00	34.67	63.14	0.00
0	4	0.00	0.00	0.54	0.10	0.00
1	1	0.00	0.01	0.39	0.80	0.00
1	5	0.00	0.00	0.45	1.58	0.00
2	2	0.00	0.04	1.58	0.20	0.00
2	6	0.00	0.00	0.45	0.89	0.00
3	3	0.00	0.00	0.24	1.29	0.00
3	7	0.00	0.03	0.49	0.79	0.00
Core	CPU	C1%	C3%	C6%	C8%	C9%
-	-	0.00	0.01	4.98	8.82	0.00
0	0	0.00	0.02	35.98	61.82	0.00
0	4	0.00	0.00	0.45	1.09	0.00
1	1	0.00	0.02	0.23	1.20	0.00
1	5	0.00	0.00	0.20	1.37	0.00
2	2	0.00	0.05	1.38	1.26	0.00
2	6	0.00	0.00	0.82	1.71	0.00
3	3	0.00	0.02	0.55	1.00	0.00
3	7	0.00	0.00	0.23	1.10	0.00
Core	CPU	C1%	C3%	C6%	C8%	C9%
-	-	0.00	0.01	4.88	8.63	0.00
0	0	0.00	0.03	35.36	62.50	0.00
0	4	0.00	0.00	0.95	0.80	0.00
1	1	0.00	0.00	0.32	1.09	0.00
1	5	0.00	0.00	0.13	1.28	0.00
2	2	0.00	0.01	0.66	1.14	0.00
2	6	0.00	0.00	0.20	1.09	0.00
3	3	0.00	0.00	0.96	0.39	0.00
3	7	0.00	0.00	0.45	0.79	0.00
Core	CPU	C1%	C3%	C6%	C8%	C9%
-	-	0.05	0.08	4.81	8.87	0.00
0	0	0.00	0.51	34.62	62.38	0.00
0	4	0.00	0.00	0.65	1.19	0.00
1	1	0.00	0.00	0.16	1.19	0.00
1	5	0.00	0.00	0.24	1.39	0.00
2	2	0.00	0.07	1.26	1.02	0.00
2	6	0.00	0.00	0.18	1.39	0.00
3	3	0.00	0.00	0.28	1.19	0.00
3	7	0.40	0.03	1.11	1.17	0.00
Core	CPU	C1%	C3%	C6%	C8%	C9%
-	-	0.00	0.01	4.71	8.82	0.00
0	0	0.00	0.01	34.92	62.92	0.00
0	4	0.00	0.00	0.38	0.80	0.00
1	1	0.00	0.00	0.28	1.19	0.00
1	5	0.00	0.00	0.37	0.99	0.00
2	2	0.00	0.05	0.93	0.80	0.00
2	6	0.00	0.00	0.22	1.39	0.00
3	3	0.00	0.00	0.10	1.39	0.00
3	7	0.00	0.00	0.48	1.10	0.00
Core	CPU	C1%	C3%	C6%	C8%	C9%
-	-	0.00	0.00	4.69	8.81	0.00
0	0	0.00	0.00	34.55	63.28	0.00
0	4	0.00	0.00	0.32	0.60	0.00
1	1	0.00	0.00	0.09	0.60	0.00
1	5	0.00	0.00	0.28	1.11	0.00
2	2	0.00	0.04	1.00	1.60	0.00
2	6	0.00	0.00	0.62	0.92	0.00
3	3	0.00	0.00	0.41	1.01	0.00
3	7	0.00	0.00	0.28	1.39	0.00
Core	CPU	C1%	C3%	C6%	C8%	C9%
-	-	0.00	0.01	5.16	8.55	0.00
0	0	0.00	0.04	35.02	62.84	0.00
0	4	0.00	0.00	0.25	1.09	0.00
1	1	0.00	0.00	0.68	0.00	0.00
1	5	0.00	0.01	0.70	0.29	0.00
2	2	0.00	0.00	3.78	0.79	0.00
2	6	0.00	0.00	0.31	1.19	0.00
3	3	0.00	0.00	0.45	0.99	0.00
3	7	0.00	0.00	0.14	1.18	0.00
Core	CPU	C1%	C3%	C6%	C8%	C9%
-	-	0.00	0.00	4.84	8.88	0.00
0	0	0.00	0.00	34.46	63.38	0.00
0	4	0.00	0.00	0.45	0.89	0.00
1	1	0.00	0.00	0.43	0.71	0.00
1	5	0.00	0.00	0.41	1.23	0.00
2	2	0.00	0.00	0.68	0.91	0.00
2	6	0.00	0.00	0.55	1.61	0.00
3	3	0.00	0.00	0.45	1.01	0.00
3	7	0.00	0.00	1.33	1.32	0.00
Core	CPU	C1%	C3%	C6%	C8%	C9%
-	-	0.04	0.01	4.76	8.81	0.11
0	0	0.00	0.00	35.70	62.07	0.00
0	4	0.00	0.00	0.32	1.19	0.89
1	1	0.00	0.00	0.35	0.99	0.00
1	5	0.00	0.02	0.24	2.09	0.00
2	2	0.00	0.04	0.82	0.88	0.00
2	6	0.00	0.00	0.10	1.29	0.00
3	3	0.00	0.00	0.28	0.99	0.00
3	7	0.32	0.00	0.26	0.99	0.00
Core	CPU	C1%	C3%	C6%	C8%	C9%
-	-	0.04	0.01	4.46	9.07	0.13
0	0	0.00	0.02	33.04	64.88	0.00
0	4	0.00	0.00	0.10	0.59	0.00
1	1	0.30	0.04	0.49	2.04	0.00
1	5	0.00	0.00	0.52	0.61	1.02
2	2	0.00	0.03	0.61	1.19	0.00
2	6	0.00	0.00	0.21	1.19	0.00
3	3	0.00	0.00	0.18	1.30	0.00
3	7	0.00	0.00	0.56	0.81	0.00
Core	CPU	C1%	C3%	C6%	C8%	C9%
-	-	0.00	0.01	4.75	9.10	0.12
0	0	0.00	0.00	33.60	64.37	0.00
0	4	0.00	0.02	0.57	0.49	0.00
1	1	0.00	0.04	1.00	0.76	0.00
1	5	0.00	0.02	0.36	1.48	0.99
2	2	0.00	0.03	1.58	1.27	0.00
2	6	0.00	0.00	0.15	1.38	0.00
3	3	0.00	0.00	0.22	1.20	0.00
3	7	0.00	0.00	0.54	1.89	0.00
Core	CPU	C1%	C3%	C6%	C8%	C9%
-	-	0.00	0.03	4.88	9.71	0.25
0	0	0.00	0.01	34.13	63.74	0.00
0	4	0.00	0.00	0.93	0.89	0.00
1	1	0.00	0.08	0.88	0.58	0.00
1	5	0.00	0.00	0.31	1.91	2.01
2	2	0.00	0.00	1.32	0.59	0.00
2	6	0.00	0.00	0.36	1.19	0.00
3	3	0.00	0.14	0.60	5.73	0.00
3	7	0.00	0.00	0.50	2.98	0.00
Core	CPU	C1%	C3%	C6%	C8%	C9%
-	-	0.00	0.02	4.66	11.80	0.00
0	0	0.00	0.00	32.97	65.09	0.00
0	4	0.00	0.00	0.19	1.20	0.00
1	1	0.00	0.04	1.19	0.66	0.00
1	5	0.00	0.00	0.24	1.20	0.02
2	2	0.00	0.00	0.84	1.29	0.00
2	6	0.00	0.00	0.45	1.10	0.00
3	3	0.01	0.13	1.27	22.64	0.00
3	7	0.00	0.00	0.14	1.29	0.00
Core	CPU	C1%	C3%	C6%	C8%	C9%
-	-	0.01	0.07	4.83	8.74	0.10
0	0	0.00	0.51	33.91	63.16	0.00
0	4	0.00	0.00	0.36	1.68	0.00
1	1	0.00	0.05	0.93	0.18	0.00
1	5	0.12	0.00	0.41	1.31	0.81
2	2	0.00	0.00	0.55	0.60	0.00
2	6	0.00	0.00	1.33	1.28	0.00
3	3	0.00	0.00	0.97	0.39	0.00
3	7	0.00	0.00	0.15	1.29	0.00
Core	CPU	C1%	C3%	C6%	C8%	C9%
-	-	0.00	0.00	4.77	9.00	0.00
0	0	0.00	0.00	34.41	63.47	0.00
0	4	0.00	0.00	0.36	1.01	0.00
1	1	0.00	0.00	1.06	0.91	0.00
1	5	0.00	0.00	0.52	1.32	0.00
2	2	0.00	0.02	0.71	1.21	0.00
2	6	0.00	0.00	0.28	1.80	0.00
3	3	0.00	0.00	0.27	1.09	0.00
3	7	0.00	0.00	0.58	1.20	0.00
Core	CPU	C1%	C3%	C6%	C8%	C9%
-	-	0.00	0.02	4.86	8.95	0.00
0	0	0.00	0.05	34.93	62.93	0.00
0	4	0.00	0.00	0.09	0.59	0.00
1	1	0.00	0.05	0.66	1.09	0.00
1	5	0.00	0.00	0.53	1.91	0.00
2	2	0.00	0.00	0.86	1.31	0.00
2	6	0.00	0.00	0.40	1.21	0.00
3	3	0.00	0.00	0.37	1.71	0.00
3	7	0.00	0.02	1.08	0.90	0.00
Core	CPU	C1%	C3%	C6%	C8%	C9%
-	-	0.00	0.03	4.69	8.86	0.00
0	0	0.00	0.00	34.71	63.20	0.00
0	4	0.00	0.00	0.59	0.20	0.00
1	1	0.00	0.03	0.60	1.26	0.00
1	5	0.00	0.00	0.28	1.08	0.00
2	2	0.00	0.01	0.72	1.39	0.00
2	6	0.00	0.00	0.14	1.38	0.00
3	3	0.00	0.20	0.10	1.19	0.00
3	7	0.00	0.00	0.39	1.20	0.00
Core	CPU	C1%	C3%	C6%	C8%	C9%
-	-	0.00	0.01	4.88	8.53	0.00
0	0	0.00	0.00	35.22	62.69	0.00
0	4	0.00	0.00	0.24	1.09	0.00
1	1	0.00	0.05	0.71	0.28	0.00
1	5	0.00	0.00	0.10	0.89	0.00
2	2	0.00	0.00	0.99	0.79	0.00
2	6	0.00	0.00	0.44	1.00	0.00
3	3	0.00	0.00	0.64	0.60	0.00
3	7	0.00	0.00	0.68	0.88	0.00
Core	CPU	C1%	C3%	C6%	C8%	C9%
-	-	0.07	0.01	4.66	8.87	0.00
0	0	0.00	0.00	33.79	64.17	0.00
0	4	0.00	0.00	0.51	0.70	0.00
1	1	0.52	0.05	1.03	0.31	0.00
1	5	0.00	0.04	0.20	1.41	0.00
2	2	0.00	0.00	0.54	1.10	0.00
2	6	0.00	0.00	0.28	1.19	0.00
3	3	0.00	0.00	0.56	1.00	0.00
3	7	0.00	0.00	0.34	1.09	0.00
Core	CPU	C1%	C3%	C6%	C8%	C9%
-	-	0.00	0.00	5.28	8.59	0.00
0	0	0.00	0.00	35.20	62.69	0.00
0	4	0.00	0.00	0.68	0.99	0.00
1	1	0.00	0.00	1.57	0.60	0.00
1	5	0.00	0.00	1.04	0.80	0.00
2	2	0.00	0.02	1.50	0.40	0.00
2	6	0.00	0.02	1.08	0.89	0.00
3	3	0.00	0.00	0.10	1.38	0.00
3	7	0.00	0.00	1.11	1.00	0.00
Core	CPU	C1%	C3%	C6%	C8%	C9%
-	-	0.00	0.01	4.80	9.05	0.12
0	0	0.00	0.01	34.65	63.22	0.00
0	4	0.00	0.00	0.10	0.90	0.00
1	1	0.00	0.03	1.07	0.68	0.00
1	5	0.00	0.00	0.35	1.00	0.99
2	2	0.00	0.00	0.89	1.80	0.00
2	6	0.00	0.00	0.31	1.59	0.00
3	3	0.00	0.00	0.37	1.80	0.00
3	7	0.00	0.00	0.64	1.39	0.00
Core	CPU	C1%	C3%	C6%	C8%	C9%
-	-	0.00	0.04	4.98	9.20	0.12
0	0	0.00	0.00	34.32	63.59	0.00
0	4	0.00	0.02	0.56	1.31	0.00
1	1	0.00	0.08	0.91	0.78	0.00
1	5	0.00	0.00	0.66	1.21	1.00
2	2	0.00	0.03	1.83	1.70	0.00
2	6	0.00	0.02	0.58	1.39	0.00
3	3	0.00	0.14	0.52	1.80	0.00
3	7	0.00	0.00	0.47	1.79	0.00
Core	CPU	C1%	C3%	C6%	C8%	C9%
-	-	0.00	0.00	5.22	8.58	0.25
0	0	0.00	0.00	34.61	63.29	0.00
0	4	0.00	0.00	0.14	1.19	0.00
1	1	0.00	0.00	0.91	0.48	0.00
1	5	0.00	0.00	0.20	1.08	2.01
2	2	0.00	0.00	3.89	0.79	0.00
2	6	0.00	0.00	0.36	0.89	0.00
3	3	0.00	0.00	0.83	0.39	0.00
3	7	0.00	0.01	0.80	0.50	0.00
Core	CPU	C1%	C3%	C6%	C8%	C9%
-	-	0.00	0.02	4.75	8.98	0.25
0	0	0.00	0.02	34.14	63.78	0.00
0	4	0.01	0.00	0.45	0.50	0.00
1	1	0.00	0.08	1.32	1.16	0.00
1	5	0.00	0.03	0.17	0.60	2.01
2	2	0.00	0.00	0.60	0.69	0.00
2	6	0.00	0.00	0.36	1.19	0.00
3	3	0.00	0.01	0.41	1.11	0.00
3	7	0.01	0.00	0.58	2.79	0.00
Core	CPU	C1%	C3%	C6%	C8%	C9%
-	-	0.00	0.01	4.77	8.65	0.13
0	0	0.00	0.00	33.87	64.05	0.00
0	4	0.00	0.00	0.36	0.70	0.00
1	1	0.00	0.05	0.95	0.56	0.00
1	5	0.00	0.00	0.13	0.50	1.01
2	2	0.00	0.00	0.94	0.88	0.00
2	6	0.00	0.00	0.19	1.19	0.00
3	3	0.00	0.00	0.96	0.59	0.00
3	7	0.00	0.00	0.74	0.69	0.00
Core	CPU	C1%	C3%	C6%	C8%	C9%
-	-	0.00	0.00	4.85	9.19	0.00
0	0	0.00	0.01	33.79	64.14	0.00
0	4	0.00	0.00	0.18	1.48	0.00
1	1	0.00	0.02	0.68	1.08	0.00
1	5	0.00	0.00	0.54	0.91	0.00
2	2	0.00	0.00	2.41	1.70	0.00
2	6	0.00	0.00	0.39	1.80	0.00
3	3	0.00	0.00	0.28	1.01	0.00
3	7	0.00	0.00	0.55	1.41	0.00
Core	CPU	C1%	C3%	C6%	C8%	C9%
-	-	0.00	0.01	4.61	8.89	0.00
0	0	0.00	0.00	33.39	64.55	0.00
0	4	0.00	0.00	0.39	0.59	0.00
1	1	0.00	0.06	1.09	0.74	0.00
1	5	0.00	0.00	0.37	1.09	0.00
2	2	0.00	0.00	0.60	0.99	0.00
2	6	0.00	0.00	0.14	1.39	0.00
3	3	0.00	0.01	0.74	0.90	0.00
3	7	0.00	0.00	0.20	0.88	0.00
Core	CPU	C1%	C3%	C6%	C8%	C9%
-	-	0.00	0.01	4.82	8.75	0.25
0	0	0.00	0.03	34.74	63.16	0.00
0	4	0.00	0.00	0.13	0.40	0.00
1	1	0.00	0.02	0.91	0.86	0.00
1	5	0.00	0.00	0.19	1.29	1.99
2	2	0.00	0.01	0.86	1.19	0.00
2	6	0.00	0.00	0.53	1.10	0.00
3	3	0.00	0.00	0.61	0.90	0.00
3	7	0.00	0.02	0.62	1.10	0.00
Core	CPU	C1%	C3%	C6%	C8%	C9%
-	-	0.07	0.01	4.67	8.90	0.13
0	0	0.00	0.00	33.81	64.14	0.00
0	4	0.00	0.00	0.15	0.48	0.00
1	1	0.00	0.05	1.12	0.89	0.00
1	5	0.00	0.00	0.17	1.19	1.01
2	2	0.00	0.01	0.86	0.89	0.00
2	6	0.00	0.00	0.37	1.10	0.00
3	3	0.60	0.00	0.45	1.00	0.00
3	7	0.00	0.00	0.48	1.47	0.00
Core	CPU	C1%	C3%	C6%	C8%	C9%
-	-	0.00	0.00	4.59	9.11	0.00
0	0	0.00	0.00	33.06	64.89	0.00
0	4	0.00	0.00	0.45	1.10	0.00
1	1	0.00	0.00	0.77	1.01	0.00
1	5	0.00	0.00	0.23	1.10	0.00
2	2	0.00	0.00	1.22	0.91	0.00
2	6	0.00	0.00	0.28	1.20	0.00
3	3	0.00	0.00	0.46	1.58	0.00
3	7	0.00	0.00	0.24	1.09	0.00
Core	CPU	C1%	C3%	C6%	C8%	C9%
-	-	0.00	0.01	4.76	8.95	0.00
0	0	0.00	0.00	33.20	64.75	0.00
0	4	0.00	0.00	0.51	1.19	0.00
1	1	0.00	0.02	0.93	1.29	0.00
1	5	0.00	0.00	0.25	1.09	0.00
2	2	0.00	0.07	1.44	0.39	0.00
2	6	0.00	0.02	0.99	0.39	0.00
3	3	0.00	0.00	0.29	1.19	0.00
3	7	0.00	0.00	0.49	1.29	0.00
Core	CPU	C1%	C3%	C6%	C8%	C9%
-	-	0.00	0.02	5.18	9.36	0.00
0	0	0.00	0.00	33.83	64.18	0.00
0	4	0.00	0.02	0.20	0.69	0.00
1	1	0.00	0.02	0.59	1.89	0.00
1	5	0.00	0.00	0.37	1.00	0.00
2	2	0.00	0.00	4.12	1.81	0.00
2	6	0.00	0.00	0.96	2.30	0.00
3	3	0.00	0.00	0.34	1.70	0.00
3	7	0.00	0.09	1.03	1.31	0.00
Core	CPU	C1%	C3%	C6%	C8%	C9%
-	-	0.00	0.00	4.77	8.69	0.00
0	0	0.00	0.00	33.81	64.13	0.00
0	4	0.00	0.00	0.23	1.19	0.00
1	1	0.00	0.00	1.04	0.41	0.00
1	5	0.00	0.01	0.60	0.00	0.00
2	2	0.00	0.01	0.70	1.09	0.00
2	6	0.00	0.00	0.37	1.09	0.00
3	3	0.00	0.00	0.36	0.89	0.00
3	7	0.00	0.00	1.08	0.69	0.00
Core	CPU	C1%	C3%	C6%	C8%	C9%
-	-	0.06	0.03	4.91	12.94	0.12
0	0	0.00	0.00	32.11	65.94	0.00
0	4	0.00	0.00	0.63	1.40	0.00
1	1	0.00	0.00	1.57	1.91	0.00
1	5	0.00	0.00	0.91	1.01	0.99
2	2	0.00	0.06	1.29	0.80	0.00
2	6	0.00	0.00	0.46	1.42	0.00
3	3	0.52	0.17	1.37	29.76	0.00
3	7	0.00	0.00	0.93	1.31	0.00
Core	CPU	C1%	C3%	C6%	C8%	C9%
-	-	0.00	0.01	4.74	8.59	0.13
0	0	0.00	0.01	33.38	64.56	0.00
0	4	0.00	0.00	0.30	0.20	0.00
1	1	0.00	0.00	1.21	0.60	0.00
1	5	0.00	0.00	0.32	0.60	1.01
2	2	0.00	0.04	1.08	0.49	0.00
2	6	0.00	0.00	0.52	0.79	0.00
3	3	0.00	0.00	0.78	0.59	0.00
3	7	0.00	0.01	0.36	0.89	0.00
Core	CPU	C1%	C3%	C6%	C8%	C9%
-	-	0.00	0.02	5.08	8.58	0.13
0	0	0.00	0.00	35.08	62.83	0.00
0	4	0.00	0.02	0.10	0.40	0.00
1	1	0.00	0.00	1.01	0.47	0.00
1	5	0.00	0.00	0.37	1.20	1.00
2	2	0.00	0.05	1.28	0.61	0.00
2	6	0.00	0.00	0.45	1.31	0.00
3	3	0.00	0.02	0.58	0.91	0.00
3	7	0.00	0.03	1.76	0.90	0.00
Core	CPU	C1%	C3%	C6%	C8%	C9%
-	-	0.00	0.01	4.62	8.61	0.12
0	0	0.00	0.00	34.06	63.85	0.00
0	4	0.00	0.00	0.14	0.40	0.00
1	1	0.00	0.02	0.91	0.09	0.00
1	5	0.00	0.00	0.05	0.60	0.99
2	2	0.00	0.05	0.53	1.09	0.00
2	6	0.00	0.00	0.36	0.90	0.00
3	3	0.03	0.00	0.27	1.00	0.00
3	7	0.00	0.03	0.63	0.99	0.00
Core	CPU	C1%	C3%	C6%	C8%	C9%
-	-	0.00	0.00	4.62	8.74	0.00
0	0	0.00	0.00	33.92	63.98	0.00
0	4	0.00	0.00	0.37	0.49	0.00
1	1	0.00	0.00	1.16	0.51	0.00
1	5	0.00	0.01	0.13	1.29	0.00
2	2	0.00	0.00	0.51	0.50	0.00
2	6	0.00	0.00	0.28	1.09	0.00
3	3	0.00	0.00	0.37	0.79	0.00
3	7	0.00	0.00	0.22	1.29	0.00
Core	CPU	C1%	C3%	C6%	C8%	C9%
-	-	0.04	0.06	4.71	9.32	0.19
0	0	0.00	0.00	33.42	64.55	0.00
0	4	0.00	0.00	0.67	1.29	0.00
1	1	0.00	0.06	1.42	0.60	0.00
1	5	0.00	0.02	0.37	1.68	1.49
2	2	0.00	0.02	0.69	1.68	0.00
2	6	0.00	0.00	0.32	2.27	0.00
3	3	0.31	0.38	0.19	1.18	0.00
3	7	0.00	0.01	0.61	1.32	0.00
Core	CPU	C1%	C3%	C6%	C8%	C9%
-	-	0.00	0.01	4.88	8.66	0.00
0	0	0.00	0.00	34.25	63.71	0.00
0	4	0.00	0.00	0.50	0.00	0.00
1	1	0.00	0.04	1.00	0.66	0.00
1	5	0.00	0.00	0.40	1.98	0.00
2	2	0.00	0.04	0.84	0.89	0.00
2	6	0.00	0.00	0.73	0.69	0.00
3	3	0.00	0.02	0.50	0.59	0.00
3	7	0.00	0.00	0.80	0.79	0.00
Core	CPU	C1%	C3%	C6%	C8%	C9%
-	-	0.00	0.01	4.87	8.81	0.00
0	0	0.00	0.00	32.88	65.07	0.00
0	4	0.00	0.02	0.20	0.30	0.00
1	1	0.00	0.05	0.79	0.16	0.00
1	5	0.00	0.00	0.19	0.99	0.00
2	2	0.00	0.01	3.58	0.79	0.00
2	6	0.00	0.00	0.25	0.89	0.00
3	3	0.00	0.00	0.61	1.48	0.00
3	7	0.00	0.00	0.49	0.81	0.00
Core	CPU	C1%	C3%	C6%	C8%	C9%
-	-	0.01	0.01	4.91	8.70	0.43
0	0	0.00	0.00	34.47	63.48	0.00
0	4	0.00	0.00	0.90	0.89	0.00
1	1	0.00	0.02	0.99	0.28	3.42
1	5	0.00	0.01	0.73	0.20	0.00
2	2	0.00	0.02	1.37	0.79	0.00
2	6	0.00	0.00	0.36	0.99	0.00
3	3	0.04	0.00	0.25	1.78	0.00
3	7	0.00	0.00	0.22	1.19	0.00
Core	CPU	C1%	C3%	C6%	C8%	C9%
-	-	0.00	0.01	4.55	8.75	0.00
0	0	0.00	0.00	33.30	64.60	0.00
0	4	0.00	0.00	0.45	0.40	0.00
1	1	0.00	0.05	0.64	1.15	0.00
1	5	0.00	0.00	0.51	1.01	0.00
2	2	0.00	0.00	0.47	0.40	0.00
2	6	0.00	0.00	0.19	0.99	0.00
3	3	0.00	0.00	0.36	0.79	0.00
3	7	0.00	0.00	0.44	0.70	0.00
Core	CPU	C1%	C3%	C6%	C8%	C9%
-	-	0.07	0.01	4.72	9.09	0.11
0	0	0.00	0.01	32.91	65.04	0.00
0	4	0.00	0.00	0.18	0.99	0.00
1	1	0.00	0.02	0.90	1.17	0.00
1	5	0.00	0.00	0.49	1.81	0.00
2	2	0.00	0.03	1.53	0.79	0.00
2	6	0.00	0.01	0.88	0.50	0.00
3	3	0.58	0.00	0.19	1.30	0.89
3	7	0.00	0.00	0.71	1.09	0.00
Core	CPU	C1%	C3%	C6%	C8%	C9%
-	-	0.00	0.01	4.61	8.78	0.00
0	0	0.00	0.01	33.78	64.11	0.00
0	4	0.00	0.00	0.20	1.00	0.00
1	1	0.00	0.04	0.58	1.05	0.00
1	5	0.00	0.00	0.36	0.89	0.00
2	2	0.00	0.02	1.42	0.20	0.00
2	6	0.00	0.00	0.13	0.99	0.00
3	3	0.00	0.00	0.10	1.09	0.00
3	7	0.00	0.00	0.28	0.89	0.00
Core	CPU	C1%	C3%	C6%	C8%	C9%
-	-	0.00	0.01	4.68	8.70	0.12
0	0	0.00	0.00	33.82	64.11	0.00
0	4	0.00	0.00	0.13	0.40	0.00
1	1	0.00	0.06	0.99	1.07	0.00
1	5	0.00	0.00	0.19	0.99	0.99
2	2	0.00	0.04	1.01	0.40	0.00
2	6	0.00	0.00	1.00	0.50	0.00
3	3	0.00	0.00	0.23	1.00	0.00
3	7	0.00	0.00	0.10	1.12	0.00
Core	CPU	C1%	C3%	C6%	C8%	C9%
-	-	0.01	0.01	4.86	8.38	0.30
0	0	0.00	0.03	35.87	61.89	0.00
0	4	0.00	0.00	0.14	0.40	0.00
1	1	0.00	0.03	0.76	0.38	0.00
1	5	0.00	0.00	0.18	0.69	2.00
2	2	0.00	0.04	0.56	0.69	0.00
2	6	0.00	0.00	0.56	0.39	0.00
3	3	0.08	0.00	0.23	1.57	0.42
3	7	0.00	0.00	0.62	0.99	0.00
Core	CPU	C1%	C3%	C6%	C8%	C9%
-	-	0.00	0.01	4.98	8.55	0.00
0	0	0.00	0.03	34.67	63.19	0.00
0	4	0.00	0.00	0.85	0.50	0.00
1	1	0.00	0.00	0.72	0.51	0.00
1	5	0.00	0.00	0.23	1.09	0.00
2	2	0.00	0.04	1.36	0.20	0.00
2	6	0.00	0.00	1.05	0.98	0.00
3	3	0.00	0.00	0.27	0.99	0.00
3	7	0.00	0.00	0.67	0.99	0.00
Core	CPU	C1%	C3%	C6%	C8%	C9%
-	-	0.06	0.01	4.62	8.95	0.11
0	0	0.00	0.00	33.08	64.85	0.00
0	4	0.00	0.00	0.28	1.08	0.00
1	1	0.00	0.00	0.54	0.89	0.00
1	5	0.00	0.00	0.24	1.19	0.92
2	2	0.00	0.05	1.45	0.29	0.00
2	6	0.00	0.00	0.20	1.09	0.00
3	3	0.47	0.00	0.19	1.29	0.00
3	7	0.00	0.00	1.01	0.89	0.00
Core	CPU	C1%	C3%	C6%	C8%	C9%
-	-	0.00	0.01	4.63	8.81	0.00
0	0	0.00	0.02	34.33	63.52	0.00
0	4	0.00	0.00	0.00	0.50	0.00
1	1	0.00	0.00	0.56	0.50	0.00
1	5	0.00	0.00	0.37	1.08	0.00
2	2	0.00	0.03	0.62	1.48	0.00
2	6	0.00	0.00	0.41	1.29	0.00
3	3	0.00	0.00	0.10	1.29	0.00
3	7	0.00	0.00	0.67	0.79	0.00
Core	CPU	C1%	C3%	C6%	C8%	C9%
-	-	0.00	0.00	4.66	8.60	0.00
0	0	0.00	0.00	34.44	63.39	0.00
0	4	0.00	0.00	0.10	0.40	0.00
1	1	0.00	0.00	0.86	0.89	0.00
1	5	0.00	0.00	0.46	0.80	0.00
2	2	0.00	0.03	0.81	0.50	0.00
2	6	0.00	0.00	0.23	0.99	0.00
3	3	0.00	0.00	0.10	1.00	0.00
3	7	0.00	0.00	0.29	0.79	0.00
Core	CPU	C1%	C3%	C6%	C8%	C9%
-	-	0.00	0.00	4.92	8.62	0.00
0	0	0.00	0.00	35.13	62.72	0.00
0	4	0.00	0.00	0.13	0.40	0.00
1	1	0.00	0.00	0.36	1.09	0.00
1	5	0.00	0.02	1.24	1.19	0.00
2	2	0.00	0.00	0.76	0.49	0.00
2	6	0.00	0.02	0.47	1.38	0.00
3	3	0.03	0.00	0.41	0.90	0.00
3	7	0.00	0.00	0.86	0.80	0.00
Core	CPU	C1%	C3%	C6%	C8%	C9%
-	-	0.00	0.01	4.60	8.63	0.00
0	0	0.00	0.00	33.73	64.13	0.00
0	4	0.00	0.00	0.14	0.40	0.00
1	1	0.00	0.02	0.28	0.80	0.00
1	5	0.00	0.00	0.00	0.70	0.00
2	2	0.00	0.07	0.59	0.69	0.00
2	6	0.00	0.00	0.86	0.79	0.00
3	3	0.00	0.00	0.35	0.79	0.00
3	7	0.00	0.00	0.83	0.79	0.00
Core	CPU	C1%	C3%	C6%	C8%	C9%
-	-	0.07	0.03	4.58	8.74	0.00
0	0	0.00	0.00	33.61	64.24	0.00
0	4	0.00	0.00	0.36	0.59	0.00
1	1	0.00	0.00	0.32	1.02	0.00
1	5	0.59	0.00	0.23	0.99	0.00
2	2	0.00	0.02	1.05	0.49	0.00
2	6	0.00	0.00	0.37	0.99	0.00
3	3	0.00	0.00	0.53	0.49	0.00
3	7	0.00	0.18	0.17	1.09	0.01
Core	CPU	C1%	C3%	C6%	C8%	C9%
-	-	0.00	0.00	4.60	8.81	0.00
0	0	0.00	0.00	34.41	63.44	0.00
0	4	0.00	0.00	0.27	1.09	0.00
1	1	0.00	0.00	0.34	0.99	0.00
1	5	0.00	0.00	0.14	1.19	0.00
2	2	0.00	0.02	0.68	0.70	0.00
2	6	0.00	0.00	0.10	1.30	0.00
3	3	0.00	0.00	0.48	0.89	0.00
3	7	0.00	0.00	0.37	0.89	0.00
Core	CPU	C1%	C3%	C6%	C8%	C9%
-	-	0.00	0.00	4.92	8.87	0.00
0	0	0.00	0.01	35.74	62.06	0.00
0	4	0.00	0.00	0.18	1.20	0.00
1	1	0.00	0.00	0.53	1.79	0.00
1	5	0.00	0.00	0.44	0.90	0.00
2	2	0.00	0.02	0.60	0.80	0.00
2	6	0.00	0.00	0.28	1.21	0.00
3	3	0.00	0.00	0.18	1.21	0.00
3	7	0.00	0.00	1.42	1.79	0.00
Core	CPU	C1%	C3%	C6%	C8%	C9%
-	-	0.00	0.04	5.07	12.28	0.00
0	0	0.00	0.02	34.02	63.92	0.00
0	4	0.00	0.00	0.50	0.00	0.00
1	1	0.00	0.00	0.25	0.98	0.00
1	5	0.00	0.00	0.49	1.28	0.00
2	2	0.00	0.00	0.65	0.90	0.00
2	6	0.00	0.00	0.14	1.09	0.00
3	3	0.03	0.26	4.28	29.17	0.00
3	7	0.00	0.00	0.20	0.89	0.00
Core	CPU	C1%	C3%	C6%	C8%	C9%
-	-	0.00	0.01	4.70	8.48	0.00
0	0	0.00	0.00	34.84	62.70	0.00
0	4	0.00	0.00	0.14	0.40	0.00
1	1	0.00	0.02	0.10	0.60	0.00
1	5	0.00	0.00	0.25	0.80	0.00
2	2	0.00	0.04	0.89	0.70	0.00
2	6	0.00	0.00	0.36	0.99	0.00
3	3	0.00	0.00	0.94	0.50	0.00
3	7	0.00	0.03	0.10	1.18	0.00
Core	CPU	C1%	C3%	C6%	C8%	C9%
-	-	0.07	0.08	4.81	8.44	0.09
0	0	0.00	0.61	34.44	62.61	0.00
0	4	0.00	0.00	0.45	0.40	0.00
1	1	0.00	0.00	0.31	0.42	0.00
1	5	0.57	0.02	0.25	0.79	0.71
2	2	0.00	0.03	1.44	0.31	0.00
2	6	0.00	0.00	0.40	1.09	0.00
3	3	0.00	0.00	0.36	1.07	0.00
3	7	0.00	0.00	0.83	0.79	0.00
Core	CPU	C1%	C3%	C6%	C8%	C9%
-	-	0.00	0.01	4.75	9.27	0.00
0	0	0.00	0.00	33.96	63.94	0.00
0	4	0.00	0.00	0.36	1.10	0.00
1	1	0.00	0.00	0.77	2.60	0.00
1	5	0.00	0.02	0.11	0.90	0.00
2	2	0.00	0.04	1.05	1.61	0.00
2	6	0.00	0.01	0.56	1.50	0.00
3	3	0.00	0.00	0.27	1.29	0.00
3	7	0.00	0.00	0.93	1.21	0.00
Core	CPU	C1%	C3%	C6%	C8%	C9%
-	-	0.00	0.01	4.65	9.09	0.00
0	0	0.00	0.00	33.74	64.14	0.00
0	4	0.00	0.00	0.19	1.48	0.00
1	1	0.00	0.00	0.45	0.90	0.00
1	5	0.00	0.00	0.54	0.99	0.00
2	2	0.00	0.05	0.68	1.20	0.00
2	6	0.00	0.04	0.90	0.77	0.00
3	3	0.00	0.00	0.18	1.78	0.00
3	7	0.00	0.00	0.56	1.50	0.00
Core	CPU	C1%	C3%	C6%	C8%	C9%
-	-	0.00	0.05	4.79	8.56	0.00
0	0	0.00	0.00	35.07	62.80	0.00
0	4	0.00	0.01	0.50	0.00	0.00
1	1	0.00	0.00	0.20	0.98	0.00
1	5	0.00	0.00	0.28	0.89	0.00
2	2	0.00	0.02	0.60	1.18	0.00
2	6	0.00	0.02	1.13	0.77	0.00
3	3	0.00	0.35	0.23	1.00	0.00
3	7	0.00	0.00	0.29	0.89	0.00
Core	CPU	C1%	C3%	C6%	C8%	C9%
-	-	0.00	0.01	4.52	8.80	0.00
0	0	0.00	0.00	33.20	64.72	0.00
0	4	0.00	0.02	0.40	0.10	0.00
1	1	0.00	0.00	0.00	0.50	0.00
1	5	0.00	0.00	0.18	0.99	0.00
2	2	0.00	0.05	0.81	1.09	0.00
2	6	0.00	0.02	1.05	0.96	0.00
3	3	0.00	0.02	0.29	1.00	0.00
3	7	0.00	0.00	0.20	0.99	0.00
Core	CPU	C1%	C3%	C6%	C8%	C9%
-	-	0.04	0.03	4.97	9.12	0.00
0	0	0.00	0.04	33.98	63.97	0.00
0	4	0.00	0.00	0.33	1.59	0.00
1	1	0.00	0.02	1.18	1.29	0.00
1	5	0.31	0.00	0.50	0.39	0.00
2	2	0.00	0.05	0.85	1.19	0.00
2	6	0.00	0.05	1.63	1.27	0.00
3	3	0.00	0.00	0.43	1.60	0.00
3	7	0.00	0.06	0.86	1.68	0.00
Core	CPU	C1%	C3%	C6%	C8%	C9%
-	-	0.00	0.02	4.74	8.77	0.00
0	0	0.00	0.00	33.40	64.54	0.00
0	4	0.00	0.00	0.36	0.69	0.00
1	1	0.00	0.00	0.14	1.00	0.00
1	5	0.00	0.00	0.62	0.99	0.00
2	2	0.00	0.03	0.91	0.40	0.00
2	6	0.00	0.01	1.19	0.58	0.00
3	3	0.00	0.00	0.37	0.98	0.00
3	7	0.00	0.12	0.94	0.99	0.00
Core	CPU	C1%	C3%	C6%	C8%	C9%
-	-	0.00	0.01	4.56	9.20	0.00
0	0	0.00	0.00	33.06	64.89	0.00
0	4	0.00	0.00	0.27	1.39	0.00
1	1	0.00	0.00	0.35	1.29	0.00
1	5	0.00	0.00	0.25	1.09	0.00
2	2	0.00	0.03	0.79	1.59	0.00
2	6	0.00	0.03	1.20	0.66	0.00
3	3	0.00	0.00	0.10	1.38	0.00
3	7	0.00	0.00	0.45	1.29	0.00
Core	CPU	C1%	C3%	C6%	C8%	C9%
-	-	0.00	0.01	4.74	8.86	0.00
0	0	0.00	0.02	33.63	64.30	0.00
0	4	0.00	0.00	0.39	0.11	0.00
1	1	0.00	0.00	0.28	1.08	0.00
1	5	0.00	0.00	0.37	0.89	0.00
2	2	0.02	0.01	1.56	0.88	0.00
2	6	0.00	0.05	1.22	1.07	0.00
3	3	0.00	0.00	0.20	1.39	0.00
3	7	0.00	0.01	0.29	1.18	0.00
Core	CPU	C1%	C3%	C6%	C8%	C9%
-	-	0.00	0.01	4.99	8.65	0.00
0	0	0.00	0.00	33.89	64.08	0.00
0	4	0.00	0.00	0.23	0.39	0.00
1	1	0.00	0.01	0.59	0.30	0.00
1	5	0.00	0.00	0.79	0.60	0.00
2	2	0.00	0.04	1.64	1.08	0.00
2	6	0.00	0.00	0.84	0.50	0.00
3	3	0.00	0.00	0.57	1.89	0.00
3	7	0.00	0.00	1.32	0.39	0.00
Core	CPU	C1%	C3%	C6%	C8%	C9%
-	-	0.08	0.01	4.87	8.77	0.10
0	0	0.00	0.00	34.24	63.69	0.00
0	4	0.00	0.00	0.36	0.89	0.84
1	1	0.00	0.00	0.82	0.90	0.00
1	5	0.60	0.02	0.97	0.88	0.00
2	2	0.00	0.02	0.63	0.89	0.00
2	6	0.00	0.00	0.59	1.18	0.00
3	3	0.00	0.00	0.49	0.89	0.00
3	7	0.00	0.00	0.83	0.79	0.00
Core	CPU	C1%	C3%	C6%	C8%	C9%
-	-	0.00	0.00	4.64	9.14	0.00
0	0	0.00	0.00	33.15	64.77	0.00
0	4	0.00	0.00	0.27	1.11	0.00
1	1	0.00	0.00	0.64	1.10	0.00
1	5	0.00	0.00	0.43	1.00	0.00
2	2	0.00	0.00	0.88	1.41	0.00
2	6	0.00	0.02	0.67	1.97	0.00
3	3	0.00	0.00	0.47	0.90	0.00
3	7	0.00	0.00	0.64	0.90	0.00
Core	CPU	C1%	C3%	C6%	C8%	C9%
-	-	0.00	0.00	4.54	9.08	0.00
0	0	0.00	0.00	33.10	64.83	0.00
0	4	0.00	0.00	0.10	1.28	0.00
1	1	0.00	0.00	0.28	1.08	0.00
1	5	0.00	0.00	0.36	0.99	0.00
2	2	0.00	0.00	0.66	1.59	0.00
2	6	0.00	0.04	1.20	0.58	0.00
3	3	0.00	0.00	0.19	1.20	0.00
3	7	0.00	0.00	0.47	1.10	0.00
Core	CPU	C1%	C3%	C6%	C8%	C9%
-	-	0.00	0.02	4.84	9.23	0.00
0	0	0.00	0.01	34.78	63.14	0.00
0	4	0.00	0.02	0.29	0.89	0.00
1	1	0.00	0.00	0.30	0.60	0.00
1	5	0.00	0.00	0.51	0.89	0.00
2	2	0.02	0.00	0.68	1.09	0.00
2	6	0.00	0.04	0.96	0.87	0.00
3	3	0.00	0.05	0.90	4.29	0.00
3	7	0.00	0.00	0.29	2.09	0.00
Core	CPU	C1%	C3%	C6%	C8%	C9%
-	-	0.00	0.01	4.49	8.79	0.00
0	0	0.00	0.00	33.44	64.51	0.00
0	4	0.00	0.00	0.14	0.40	0.00
1	1	0.00	0.02	0.30	0.44	0.00
1	5	0.00	0.00	0.00	0.50	0.00
2	2	0.00	0.04	0.92	1.20	0.00
2	6	0.00	0.00	0.91	1.17	0.00
3	3	0.00	0.00	0.14	1.00	0.00
3	7	0.00	0.03	0.09	1.09	0.00
Core	CPU	C1%	C3%	C6%	C8%	C9%
-	-	0.09	0.00	4.73	8.77	0.00
0	0	0.00	0.00	34.00	63.95	0.00
0	4	0.70	0.00	0.56	0.30	0.00
1	1	0.00	0.00	0.63	1.80	0.00
1	5	0.00	0.00	0.13	0.70	0.00
2	2	0.00	0.00	1.05	0.10	0.00
2	6	0.00	0.01	0.83	1.36	0.00
3	3	0.00	0.02	0.46	1.00	0.00
3	7	0.00	0.00	0.20	0.99	0.00
Core	CPU	C1%	C3%	C6%	C8%	C9%
-	-	0.00	0.00	4.67	8.91	0.00
0	0	0.00	0.00	33.81	64.12	0.00
0	4	0.00	0.00	0.46	1.10	0.00
1	1	0.00	0.00	0.34	1.00	0.00
1	5	0.00	0.00	0.23	1.10	0.00
2	2	0.00	0.02	0.63	1.10	0.00
2	6	0.00	0.01	1.00	0.77	0.00
3	3	0.00	0.00	0.37	1.29	0.00
3	7	0.00	0.00	0.55	0.79	0.00
Core	CPU	C1%	C3%	C6%	C8%	C9%
-	-	0.00	0.02	4.78	8.88	0.00
0	0	0.00	0.05	34.10	63.79	0.00
0	4	0.00	0.00	0.19	0.99	0.00
1	1	0.00	0.00	0.47	1.09	0.00
1	5	0.00	0.00	0.37	0.80	0.00
2	2	0.00	0.00	0.59	1.28	0.00
2	6	0.00	0.07	1.47	0.87	0.00
3	3	0.00	0.00	0.26	1.39	0.00
3	7	0.00	0.00	0.80	0.80	0.00
Core	CPU	C1%	C3%	C6%	C8%	C9%
-	-	0.00	0.00	4.67	8.82	0.00
0	0	0.00	0.00	33.48	64.49	0.00
0	4	0.00	0.00	0.40	0.29	0.00
1	1	0.00	0.00	0.19	1.00	0.00
1	5	0.00	0.00	0.36	1.00	0.00
2	2	0.00	0.00	0.71	1.19	0.00
2	6	0.00	0.01	0.85	0.79	0.00
3	3	0.02	0.01	0.68	0.59	0.00
3	7	0.00	0.00	0.66	1.20	0.00
Core	CPU	C1%	C3%	C6%	C8%	C9%
-	-	0.00	0.00	4.73	8.58	0.00
0	0	0.00	0.00	33.64	64.31	0.00
0	4	0.00	0.00	0.23	0.30	0.00
1	1	0.00	0.01	0.39	0.50	0.00
1	5	0.00	0.00	0.00	0.50	0.00
2	2	0.00	0.00	0.80	0.89	0.00
2	6	0.00	0.01	1.05	0.97	0.00
3	3	0.00	0.00	0.93	0.41	0.00
3	7	0.00	0.01	0.80	0.79	0.00
Core	CPU	C1%	C3%	C6%	C8%	C9%
-	-	0.03	0.09	4.81	9.63	0.01
0	0	0.00	0.61	34.45	62.62	0.00
0	4	0.00	0.00	0.30	0.42	0.00
1	1	0.00	0.00	0.68	0.31	0.00
1	5	0.00	0.00	0.10	0.99	0.00
2	2	0.00	0.00	0.73	1.18	0.00
2	6	0.00	0.01	0.98	0.78	0.00
3	3	0.01	0.09	1.01	9.77	0.00
3	7	0.22	0.00	0.23	0.89	0.08
Core	CPU	C1%	C3%	C6%	C8%	C9%
-	-	0.00	0.02	4.65	11.29	0.00
0	0	0.00	0.00	32.88	65.22	0.00
0	4	0.00	0.00	0.38	0.51	0.00
1	1	0.00	0.00	0.29	1.57	0.00
1	5	0.00	0.00	0.36	0.79	0.00
2	2	0.00	0.02	0.53	1.10	0.00
2	6	0.00	0.01	0.93	0.89	0.00
3	3	0.00	0.14	0.58	18.61	0.00
3	7	0.00	0.00	1.24	1.69	0.00
Core	CPU	C1%	C3%	C6%	C8%	C9%
-	-	0.00	0.00	4.66	8.78	0.00
0	0	0.00	0.00	33.79	64.15	0.00
0	4	0.00	0.00	0.53	0.90	0.00
1	1	0.00	0.02	0.29	0.70	0.00
1	5	0.00	0.00	0.07	0.60	0.00
2	2	0.00	0.01	0.96	1.09	0.00
2	6	0.00	0.00	0.67	1.10	0.00
3	3	0.00	0.00	0.84	0.60	0.00
3	7	0.00	0.00	0.13	1.08	0.00
Core	CPU	C1%	C3%	C6%	C8%	C9%
-	-	0.00	0.00	4.67	8.80	0.00
0	0	0.00	0.00	33.99	64.00	0.00
0	4	0.00	0.00	0.36	0.60	0.00
1	1	0.00	0.00	0.24	0.92	0.00
1	5	0.00	0.00	0.20	0.70	0.00
2	2	0.00	0.00	1.10	0.10	0.00
2	6	0.00	0.02	0.86	1.37	0.00
3	3	0.00	0.00	0.36	1.09	0.00
3	7	0.00	0.00	0.23	1.59	0.00
Core	CPU	C1%	C3%	C6%	C8%	C9%
-	-	0.00	0.01	4.76	8.96	0.00
0	0	0.00	0.00	33.97	63.97	0.00
0	4	0.00	0.02	0.58	1.19	0.00
1	1	0.00	0.00	0.35	1.09	0.00
1	5	0.00	0.00	0.33	1.30	0.00
2	2	0.00	0.03	0.83	1.30	0.00
2	6	0.00	0.01	1.30	0.57	0.00
3	3	0.00	0.00	0.28	1.38	0.00
3	7	0.00	0.00	0.47	0.89	0.00
Core	CPU	C1%	C3%	C6%	C8%	C9%
-	-	0.08	0.01	4.79	8.75	0.00
0	0	0.00	0.02	33.78	64.17	0.00
0	4	0.60	0.00	0.00	0.51	0.00
1	1	0.00	0.00	0.18	0.99	0.00
1	5	0.00	0.02	0.37	0.79	0.00
2	2	0.00	0.02	1.22	0.69	0.00
2	6	0.00	0.00	1.55	0.79	0.00
3	3	0.00	0.00	0.39	1.17	0.00
3	7	0.00	0.01	0.79	0.89	0.00
Core	CPU	C1%	C3%	C6%	C8%	C9%
-	-	0.00	0.00	4.59	8.73	0.00
0	0	0.00	0.00	33.19	64.75	0.00
0	4	0.00	0.00	0.22	0.30	0.00
1	1	0.00	0.00	0.59	0.60	0.00
1	5	0.00	0.00	0.29	0.69	0.00
2	2	0.00	0.03	0.66	0.99	0.00
2	6	0.00	0.00	0.56	0.99	0.00
3	3	0.00	0.00	0.23	1.09	0.00
3	7	0.00	0.00	0.99	0.40	0.00
Core	CPU	C1%	C3%	C6%	C8%	C9%
-	-	0.00	0.00	4.74	8.84	0.00
0	0	0.00	0.00	33.82	64.08	0.00
0	4	0.00	0.00	0.14	0.40	0.00
1	1	0.00	0.02	0.30	1.00	0.00
1	5	0.00	0.00	0.10	1.20	0.00
2	2	0.00	0.00	0.84	1.18	0.00
2	6	0.00	0.00	0.78	1.67	0.00
3	3	0.00	0.00	1.02	0.60	0.00
3	7	0.00	0.01	0.89	0.59	0.00
Core	CPU	C1%	C3%	C6%	C8%	C9%
-	-	0.09	0.01	4.80	9.05	0.00
0	0	0.00	0.00	33.95	63.98	0.00
0	4	0.00	0.00	0.15	0.40	0.00
1	1	0.00	0.00	0.82	0.82	0.00
1	5	0.00	0.01	0.99	0.40	0.00
2	2	0.00	0.07	0.73	1.18	0.00
2	6	0.00	0.00	0.77	2.10	0.00
3	3	0.00	0.00	0.54	1.68	0.00
3	7	0.71	0.00	0.42	1.79	0.00
Core	CPU	C1%	C3%	C6%	C8%	C9%
-	-	0.00	0.02	4.59	9.27	0.00
0	0	0.00	0.00	32.84	65.11	0.00
0	4	0.00	0.00	0.27	1.19	0.00
1	1	0.00	0.00	0.45	1.50	0.00
1	5	0.00	0.00	0.23	1.40	0.00
2	2	0.00	0.04	1.12	0.70	0.00
2	6	0.03	0.01	0.86	1.68	0.00
3	3	0.00	0.00	0.19	1.28	0.00
3	7	0.00	0.09	0.74	1.29	0.00
Core	CPU	C1%	C3%	C6%	C8%	C9%
-	-	0.09	0.01	4.44	9.11	0.10
0	0	0.00	0.00	32.69	65.27	0.00
0	4	0.00	0.00	0.29	1.08	0.00
1	1	0.00	0.00	0.27	1.09	0.00
1	5	0.00	0.00	0.35	0.99	0.00
2	2	0.00	0.02	0.46	1.19	0.00
2	6	0.00	0.04	1.05	0.77	0.84
3	3	0.00	0.00	0.26	1.38	0.00
3	7	0.70	0.00	0.19	1.08	0.00
Core	CPU	C1%	C3%	C6%	C8%	C9%
-	-	0.00	0.01	4.74	8.65	0.00
0	0	0.00	0.00	34.32	63.57	0.00
0	4	0.00	0.01	0.50	0.00	0.00
1	1	0.00	0.00	0.20	0.98	0.00
1	5	0.00	0.00	0.28	0.89	0.00
2	2	0.00	0.02	0.58	1.09	0.00
2	6	0.00	0.01	1.05	0.96	0.00
3	3	0.00	0.01	0.60	0.69	0.00
3	7	0.00	0.00	0.38	0.99	0.00
Core	CPU	C1%	C3%	C6%	C8%	C9%
-	-	0.00	0.01	4.80	8.65	0.00
0	0	0.00	0.00	33.76	64.17	0.00
0	4	0.00	0.00	0.43	0.10	0.00
1	1	0.00	0.00	0.10	0.60	0.00
1	5	0.00	0.00	0.10	1.29	0.00
2	2	0.00	0.05	1.17	0.50	0.00
2	6	0.00	0.01	1.06	0.87	0.00
3	3	0.00	0.00	0.83	0.79	0.00
3	7	0.00	0.01	0.98	0.90	0.00
Core	CPU	C1%	C3%	C6%	C8%	C9%
-	-	0.00	0.01	4.93	8.67	0.42
0	0	0.00	0.03	34.85	63.03	0.00
0	4	0.00	0.00	0.15	0.40	0.00
1	1	0.00	0.00	0.63	0.59	0.00
1	5	0.00	0.01	0.83	0.40	0.00
2	2	0.00	0.04	0.51	1.30	0.00
2	6	0.00	0.01	1.17	1.08	0.00
3	3	0.00	0.01	0.53	1.39	3.39
3	7	0.00	0.00	0.75	1.19	0.00
Core	CPU	C1%	C3%	C6%	C8%	C9%
-	-	0.00	0.00	5.09	8.53	0.00
0	0	0.00	0.00	34.61	63.34	0.00
0	4	0.00	0.00	0.74	0.50	0.00
1	1	0.00	0.00	0.44	0.99	0.00
1	5	0.00	0.00	0.33	0.99	0.00
2	2	0.00	0.00	1.54	0.40	0.00
2	6	0.00	0.01	1.37	1.06	0.00
3	3	0.00	0.00	1.07	0.40	0.00
3	7	0.00	0.00	0.64	0.59	0.00
Core	CPU	C1%	C3%	C6%	C8%	C9%
-	-	0.04	0.01	4.69	8.84	0.11
0	0	0.00	0.00	33.57	64.39	0.00
0	4	0.31	0.00	0.19	1.01	0.88
1	1	0.00	0.00	0.17	1.00	0.00
1	5	0.00	0.00	0.35	0.89	0.00
2	2	0.00	0.04	1.37	0.40	0.00
2	6	0.00	0.01	1.13	0.78	0.00
3	3	0.00	0.00	0.10	1.09	0.00
3	7	0.01	0.00	0.61	1.20	0.00
Core	CPU	C1%	C3%	C6%	C8%	C9%
-	-	0.00	0.00	4.72	8.79	0.00
0	0	0.00	0.02	34.20	63.71	0.00
0	4	0.00	0.00	0.00	0.50	0.00
1	1	0.00	0.00	0.37	0.99	0.00
1	5	0.00	0.00	0.36	1.00	0.00
2	2	0.00	0.00	1.32	0.39	0.00
2	6	0.00	0.01	0.83	1.17	0.00
3	3	0.00	0.00	0.19	1.19	0.00
3	7	0.00	0.00	0.48	1.38	0.00
Core	CPU	C1%	C3%	C6%	C8%	C9%
-	-	0.00	0.01	4.78	8.59	0.00
0	0	0.00	0.00	34.71	63.20	0.00
0	4	0.00	0.02	0.20	0.30	0.00
1	1	0.00	0.00	0.10	0.59	0.00
1	5	0.00	0.00	0.19	0.99	0.00
2	2	0.00	0.03	0.61	1.00	0.00
2	6	0.00	0.01	1.10	0.68	0.00
3	3	0.00	0.00	0.61	1.00	0.00
3	7	0.00	0.00	0.76	0.99	0.00
Core	CPU	C1%	C3%	C6%	C8%	C9%
-	-	0.00	0.02	4.68	8.71	0.00
0	0	0.00	0.00	33.74	64.16	0.00
0	4	0.00	0.00	0.63	0.60	0.00
1	1	0.00	0.02	0.30	0.20	0.00
1	5	0.00	0.00	0.24	0.79	0.00
2	2	0.00	0.02	0.54	1.38	0.00
2	6	0.00	0.06	1.11	1.09	0.00
3	3	0.00	0.00	0.57	0.69	0.00
3	7	0.00	0.03	0.30	0.79	0.00
Core	CPU	C1%	C3%	C6%	C8%	C9%
-	-	0.00	0.00	4.59	9.01	0.00
0	0	0.00	0.00	33.46	64.45	0.00
0	4	0.00	0.00	0.54	0.81	0.00
1	1	0.00	0.00	0.41	1.52	0.00
1	5	0.00	0.00	0.21	1.00	0.00
2	2	0.00	0.01	0.68	0.91	0.00
2	6	0.00	0.01	0.76	1.29	0.00
3	3	0.00	0.00	0.35	0.80	0.00
3	7	0.00	0.00	0.32	1.30	0.00
Core	CPU	C1%	C3%	C6%	C8%	C9%
-	-	0.08	0.01	4.65	8.93	0.11
0	0	0.00	0.00	33.27	64.65	0.00
0	4	0.00	0.00	0.41	1.19	0.89
1	1	0.00	0.00	0.26	1.18	0.00
1	5	0.00	0.00	0.23	1.20	0.00
2	2	0.00	0.08	1.05	0.68	0.00
2	6	0.00	0.02	1.13	0.59	0.00
3	3	0.00	0.00	0.37	1.09	0.00
3	7	0.60	0.00	0.46	0.89	0.00
Core	CPU	C1%	C3%	C6%	C8%	C9%
-	-	0.00	0.01	4.98	8.95	0.00
0	0	0.00	0.01	34.47	63.46	0.00
0	4	0.00	0.00	0.60	0.50	0.00
1	1	0.00	0.00	0.38	1.97	0.00
1	5	0.00	0.00	0.45	1.00	0.00
2	2	0.00	0.00	1.64	0.90	0.00
2	6	0.00	0.03	0.98	0.60	0.00
3	3	0.00	0.00	0.27	1.40	0.00
3	7	0.00	0.00	1.05	1.79	0.00
Core	CPU	C1%	C3%	C6%	C8%	C9%
-	-	0.00	0.01	4.46	8.88	0.00
0	0	0.00	0.00	33.05	64.90	0.00
0	4	0.00	0.00	0.40	0.59	0.00
1	1	0.00	0.00	0.49	0.49	0.00
1	5	0.00	0.01	0.36	0.49	0.00
2	2	0.00	0.04	0.75	1.27	0.00
2	6	0.00	0.00	0.14	1.09	0.00
3	3	0.00	0.02	0.29	1.10	0.00
3	7	0.00	0.00	0.20	1.09	0.00
Core	CPU	C1%	C3%	C6%	C8%	C9%
-	-	0.00	0.04	4.78	12.61	0.09
0	0	0.00	0.02	32.85	65.19	0.00
0	4	0.00	0.00	0.24	0.59	0.00
1	1	0.00	0.02	0.65	0.50	0.00
1	5	0.00	0.00	0.67	0.21	0.00
2	2	0.00	0.07	1.83	1.67	0.00
2	6	0.00	0.00	0.73	1.69	0.00
3	3	0.01	0.16	1.11	29.95	0.72
3	7	0.00	0.03	0.19	1.09	0.00
Core	CPU	C1%	C3%	C6%	C8%	C9%
-	-	0.00	0.00	4.72	8.90	0.00
0	0	0.00	0.00	33.17	64.79	0.00
0	4	0.00	0.00	0.85	0.50	0.00
1	1	0.00	0.00	0.27	1.59	0.00
1	5	0.00	0.00	0.62	1.19	0.00
2	2	0.00	0.00	1.41	0.48	0.00
2	6	0.00	0.00	0.39	0.99	0.00
3	3	0.00	0.00	0.76	0.39	0.00
3	7	0.00	0.00	0.31	1.27	0.00
Core	CPU	C1%	C3%	C6%	C8%	C9%
-	-	0.06	0.11	4.77	8.71	0.00
0	0	0.00	0.42	33.47	63.56	0.00
0	4	0.52	0.37	0.19	1.00	0.00
1	1	0.00	0.00	0.17	1.19	0.00
1	5	0.00	0.00	0.35	0.89	0.00
2	2	0.00	0.03	1.86	0.48	0.00
2	6	0.00	0.02	0.98	0.90	0.00
3	3	0.00	0.00	0.29	1.09	0.00
3	7	0.00	0.01	0.89	0.60	0.00
Core	CPU	C1%	C3%	C6%	C8%	C9%
-	-	0.00	0.01	4.50	8.86	0.00
0	0	0.00	0.02	32.89	65.02	0.00
0	4	0.00	0.00	0.10	0.40	0.00
1	1	0.00	0.00	0.28	1.09	0.00
1	5	0.00	0.00	0.27	0.89	0.00
2	2	0.00	0.02	1.45	0.57	0.00
2	6	0.00	0.00	0.33	1.10	0.00
3	3	0.00	0.01	0.39	0.80	0.00
3	7	0.00	0.00	0.29	0.98	0.00
Core	CPU	C1%	C3%	C6%	C8%	C9%
-	-	0.00	0.01	4.76	8.69	0.00
0	0	0.00	0.00	33.22	64.72	0.00
0	4	0.00	0.00	0.23	0.49	0.00
1	1	0.00	0.01	0.30	0.40	0.00
1	5	0.00	0.00	0.79	0.60	0.00
2	2	0.00	0.08	1.44	0.67	0.00
2	6	0.00	0.00	0.45	1.09	0.00
3	3	0.00	0.00	0.84	0.79	0.00
3	7	0.00	0.01	0.80	0.79	0.00
Core	CPU	C1%	C3%	C6%	C8%	C9%
-	-	0.00	0.01	4.62	8.74	0.00
0	0	0.00	0.00	33.87	64.06	0.00
0	4	0.00	0.00	0.35	0.69	0.00
1	1	0.00	0.00	0.13	1.11	0.00
1	5	0.00	0.05	0.18	0.40	0.00
2	2	0.00	0.03	1.51	0.89	0.00
2	6	0.00	0.00	0.19	0.99	0.00
3	3	0.00	0.00	0.40	0.89	0.00
3	7	0.00	0.00	0.34	0.90	0.00
Core	CPU	C1%	C3%	C6%	C8%	C9%
-	-	0.00	0.02	6.34	7.87	0.00
0	0	0.00	0.03	45.18	52.75	0.00
0	4	0.00	0.00	0.28	1.08	0.00
1	1	0.00	0.00	2.03	2.17	0.00
1	5	0.00	0.01	0.26	1.50	0.00
2	2	0.00	0.07	0.94	1.28	0.00
2	6	0.00	0.00	0.18	1.29	0.00
3	3	0.00	0.00	0.57	1.58	0.00
3	7	0.00	0.04	1.28	1.28	0.00
Core	CPU	C1%	C3%	C6%	C8%	C9%
-	-	0.04	0.01	5.10	8.49	0.11
0	0	0.00	0.02	36.21	61.68	0.00
0	4	0.29	0.00	0.20	1.28	0.00
1	1	0.00	0.00	1.03	0.76	0.91
1	5	0.00	0.01	0.53	0.50	0.00
2	2	0.00	0.00	1.42	0.50	0.00
2	6	0.00	0.02	0.69	1.29	0.00
3	3	0.00	0.00	0.28	0.81	0.00
3	7	0.00	0.00	0.47	1.08	0.00
Core	CPU	C1%	C3%	C6%	C8%	C9%
-	-	0.02	0.02	5.20	8.32	0.00
0	0	0.00	0.08	36.94	60.81	0.00
0	4	0.00	0.02	0.10	0.40	0.00
1	1	0.00	0.02	1.32	0.72	0.00
1	5	0.00	0.00	0.77	0.69	0.00
2	2	0.00	0.00	1.17	1.17	0.00
2	6	0.00	0.00	0.33	1.19	0.00
3	3	0.04	0.02	0.50	0.59	0.00
3	7	0.08	0.00	0.43	0.99	0.00
Core	CPU	C1%	C3%	C6%	C8%	C9%
-	-	0.00	0.01	5.10	8.50	0.00
0	0	0.00	0.05	38.00	59.74	0.00
0	4	0.00	0.02	0.50	0.18	0.00
1	1	0.00	0.00	0.69	0.59	0.00
1	5	0.00	0.00	0.28	0.89	0.00
2	2	0.00	0.00	0.63	2.06	0.00
2	6	0.00	0.00	0.14	1.28	0.00
3	3	0.00	0.00	0.20	1.10	0.00
3	7	0.00	0.00	0.37	2.17	0.00
Core	CPU	C1%	C3%	C6%	C8%	C9%
-	-	0.00	0.01	4.89	8.59	0.43
0	0	0.00	0.04	35.24	62.48	0.00
0	4	0.00	0.00	0.71	0.21	0.00
1	1	0.00	0.00	0.10	0.79	0.00
1	5	0.00	0.00	0.10	1.09	0.00
2	2	0.00	0.00	0.58	1.27	3.41
2	6	0.00	0.00	0.53	1.00	0.00
3	3	0.00	0.00	0.76	1.30	0.00
3	7	0.00	0.00	1.07	0.60	0.00
Core	CPU	C1%	C3%	C6%	C8%	C9%
-	-	0.03	0.01	4.95	8.54	0.00
0	0	0.00	0.04	36.30	61.45	0.00
0	4	0.00	0.00	0.51	1.39	0.00
1	1	0.00	0.00	0.79	1.32	0.00
1	5	0.00	0.01	0.23	0.72	0.00
2	2	0.00	0.01	0.50	1.27	0.00
2	6	0.00	0.00	0.27	0.99	0.00
3	3	0.13	0.00	0.34	0.80	0.00
3	7	0.10	0.00	0.64	0.41	0.00
Core	CPU	C1%	C3%	C6%	C8%	C9%
-	-	0.07	0.08	5.36	7.94	0.10
0	0	0.00	0.56	39.01	57.82	0.00
0	4	0.58	0.00	0.83	0.50	0.81
1	1	0.00	0.00	0.91	0.62	0.00
1	5	0.00	0.00	0.13	1.09	0.00
2	2	0.00	0.04	0.99	0.28	0.00
2	6	0.00	0.00	0.28	1.09	0.00
3	3	0.00	0.00	0.27	0.89	0.00
3	7	0.00	0.00	0.43	1.21	0.00
Core	CPU	C1%	C3%	C6%	C8%	C9%
-	-	0.00	0.02	4.59	9.11	0.00
0	0	0.00	0.02	33.14	64.73	0.00
0	4	0.00	0.00	0.57	0.79	0.00
1	1	0.00	0.00	0.28	1.08	0.00
1	5	0.00	0.00	0.37	2.05	0.00
2	2	0.00	0.09	1.25	0.76	0.00
2	6	0.00	0.00	0.28	1.30	0.00
3	3	0.00	0.02	0.37	1.00	0.00
3	7	0.00	0.00	0.45	1.19	0.00
Core	CPU	C1%	C3%	C6%	C8%	C9%
-	-	0.05	0.01	4.85	9.28	0.00
0	0	0.00	0.01	33.12	64.83	0.00
0	4	0.00	0.00	0.10	0.79	0.00
1	1	0.00	0.00	0.98	2.10	0.00
1	5	0.00	0.00	0.72	1.55	0.00
2	2	0.00	0.05	1.64	1.27	0.00
2	6	0.00	0.00	0.39	1.79	0.00
3	3	0.13	0.00	0.89	0.49	0.00
3	7	0.26	0.00	0.95	1.39	0.00
Core	CPU	C1%	C3%	C6%	C8%	C9%
-	-	0.00	0.01	4.59	8.89	0.00
0	0	0.00	0.02	33.62	64.28	0.00
0	4	0.00	0.00	0.10	0.40	0.00
1	1	0.00	0.00	0.38	0.90	0.00
1	5	0.00	0.00	0.27	0.89	0.00
2	2	0.00	0.08	1.34	1.20	0.00
2	6	0.00	0.00	0.14	1.18	0.00
3	3	0.00	0.01	0.66	1.40	0.00
3	7	0.00	0.00	0.20	0.89	0.00
Core	CPU	C1%	C3%	C6%	C8%	C9%
-	-	0.00	0.01	4.59	8.77	0.00
0	0	0.00	0.00	34.44	63.47	0.00
0	4	0.00	0.00	0.13	1.00	0.00
1	1	0.00	0.01	0.30	0.59	0.00
1	5	0.00	0.02	0.10	1.09	0.00
2	2	0.00	0.08	1.21	0.67	0.00
2	6	0.00	0.00	0.34	1.10	0.00
3	3	0.00	0.00	0.13	1.19	0.00
3	7	0.00	0.00	0.10	1.10	0.00
Core	CPU	C1%	C3%	C6%	C8%	C9%
-	-	0.05	0.01	4.99	8.54	0.11
0	0	0.00	0.00	35.25	62.72	0.00
0	4	0.01	0.00	0.45	0.60	0.88
1	1	0.00	0.02	0.74	0.24	0.00
1	5	0.42	0.00	0.50	1.29	0.00
2	2	0.00	0.05	1.50	0.58	0.00
2	6	0.00	0.00	0.37	0.79	0.00
3	3	0.00	0.00	0.84	0.79	0.00
3	7	0.00	0.03	0.27	1.28	0.00
Core	CPU	C1%	C3%	C6%	C8%	C9%
-	-	0.00	0.02	4.95	8.69	0.00
0	0	0.00	0.03	35.59	62.28	0.00
0	4	0.00	0.00	0.45	0.39	0.00
1	1	0.00	0.00	0.13	0.83	0.00
1	5	0.00	0.03	0.39	0.50	0.00
2	2	0.00	0.12	0.99	0.86	0.00
2	6	0.00	0.00	0.38	1.09	0.00
3	3	0.00	0.00	0.45	0.90	0.00
3	7	0.00	0.02	1.22	2.66	0.00
Core	CPU	C1%	C3%	C6%	C8%	C9%
-	-	0.01	0.01	4.80	9.63	0.00
0	0	0.00	0.00	32.95	65.02	0.00
0	4	0.00	0.00	0.81	2.29	0.00
1	1	0.00	0.00	0.74	2.38	0.00
1	5	0.00	0.00	0.54	2.05	0.00
2	2	0.00	0.00	1.54	0.70	0.00
2	6	0.00	0.09	0.51	1.46	0.00
3	3	0.02	0.00	0.55	1.89	0.00
3	7	0.08	0.00	0.76	1.22	0.00
Core	CPU	C1%	C3%	C6%	C8%	C9%
-	-	0.00	0.01	4.76	8.97	0.42
0	0	0.00	0.00	33.00	64.96	0.00
0	4	0.00	0.00	0.20	0.98	0.00
1	1	0.00	0.00	0.96	0.79	0.00
1	5	0.00	0.00	0.35	0.78	0.00
2	2	0.00	0.07	1.42	1.58	0.00
2	6	0.00	0.01	1.05	0.10	0.02
3	3	0.00	0.00	0.53	1.59	3.38
3	7	0.00	0.00	0.56	0.99	0.00
Core	CPU	C1%	C3%	C6%	C8%	C9%
-	-	0.00	0.01	4.83	8.85	0.00
0	0	0.00	0.00	34.21	63.72	0.00
0	4	0.00	0.00	0.10	1.09	0.00
1	1	0.00	0.00	0.28	1.19	0.00
1	5	0.00	0.02	0.36	1.49	0.00
2	2	0.00	0.00	1.20	0.70	0.00
2	6	0.00	0.03	0.91	0.39	0.00
3	3	0.00	0.04	1.30	1.41	0.00
3	7	0.00	0.00	0.29	0.79	0.00
Core	CPU	C1%	C3%	C6%	C8%	C9%
-	-	0.08	0.01	4.77	8.79	0.22
0	0	0.00	0.00	33.81	64.13	0.00
0	4	0.61	0.00	0.13	0.41	0.00
1	1	0.00	0.00	0.09	0.80	0.00
1	5	0.00	0.00	0.78	0.90	0.00
2	2	0.00	0.04	0.70	1.10	0.00
2	6	0.00	0.00	0.53	1.00	0.84
3	3	0.00	0.01	1.34	0.81	0.89
3	7	0.00	0.00	0.75	1.20	0.00
Core	CPU	C1%	C3%	C6%	C8%	C9%
-	-	0.00	0.04	4.64	12.47	0.00
0	0	0.00	0.00	32.77	65.26	0.00
0	4	0.00	0.00	0.14	0.40	0.00
1	1	0.00	0.02	0.24	1.09	0.00
1	5	0.00	0.00	0.39	0.99	0.00
2	2	0.00	0.03	1.02	1.28	0.00
2	6	0.00	0.00	0.37	0.79	0.00
3	3	0.01	0.25	1.70	29.06	0.00
3	7	0.00	0.00	0.52	0.89	0.00
Core	CPU	C1%	C3%	C6%	C8%	C9%
-	-	0.00	0.01	5.08	8.74	0.00
0	0	0.00	0.00	35.66	62.28	0.00
0	4	0.00	0.00	0.37	0.60	0.00
1	1	0.00	0.00	0.37	1.29	0.00
1	5	0.00	0.00	1.24	2.01	0.00
2	2	0.00	0.04	0.65	0.99	0.00
2	6	0.00	0.00	0.97	0.60	0.00
3	3	0.00	0.01	1.02	0.77	0.00
3	7	0.00	0.00	0.40	1.38	0.00
Core	CPU	C1%	C3%	C6%	C8%	C9%
-	-	0.00	0.01	4.82	8.84	0.00
0	0	0.00	0.00	34.94	62.97	0.00
0	4	0.00	0.00	0.18	0.99	0.00
1	1	0.00	0.00	0.16	0.99	0.00
1	5	0.00	0.00	0.43	1.68	0.00
2	2	0.00	0.05	0.75	1.20	0.00
2	6	0.00	0.00	0.37	1.09	0.00
3	3	0.00	0.00	1.28	0.98	0.00
3	7	0.00	0.00	0.46	0.79	0.00
Core	CPU	C1%	C3%	C6%	C8%	C9%
-	-	0.04	0.01	4.94	8.82	0.00
0	0	0.20	0.03	34.52	63.28	0.00
0	4	0.00	0.00	0.10	0.40	0.00
1	1	0.00	0.00	0.23	1.11	0.00
1	5	0.00	0.00	0.88	1.27	0.00
2	2	0.00	0.02	1.14	0.49	0.00
2	6	0.00	0.00	0.22	1.28	0.00
3	3	0.05	0.00	1.00	1.00	0.00
3	7	0.06	0.00	1.42	1.77	0.00
Core	CPU	C1%	C3%	C6%	C8%	C9%
-	-	0.09	0.00	4.56	8.94	0.21
0	0	0.00	0.00	33.48	64.47	0.00
0	4	0.01	0.00	0.27	1.09	0.80
1	1	0.00	0.00	0.59	0.29	0.00
1	5	0.71	0.00	0.19	1.00	0.89
2	2	0.00	0.01	1.00	1.20	0.00
2	6	0.00	0.00	0.44	0.90	0.00
3	3	0.00	0.01	0.43	1.49	0.00
3	7	0.00	0.00	0.09	1.10	0.00
Core	CPU	C1%	C3%	C6%	C8%	C9%
-	-	0.00	0.01	4.78	8.62	0.00
0	0	0.00	0.00	34.03	63.89	0.00
0	4	0.00	0.00	0.15	0.40	0.00
1	1	0.00	0.00	0.73	0.69	0.00
1	5	0.00	0.02	0.60	0.59	0.00
2	2	0.00	0.06	1.17	0.60	0.00
2	6	0.00	0.00	0.36	1.00	0.00
3	3	0.00	0.01	0.96	0.68	0.00
3	7	0.00	0.00	0.23	1.09	0.00
Core	CPU	C1%	C3%	C6%	C8%	C9%
-	-	0.00	0.01	4.79	8.49	0.00
0	0	0.00	0.00	34.01	63.89	0.00
0	4	0.00	0.00	0.46	0.69	0.00
1	1	0.00	0.00	0.34	0.22	0.00
1	5	0.00	0.03	0.40	0.20	0.00
2	2	0.00	0.02	0.91	0.09	0.00
2	6	0.00	0.00	0.29	0.99	0.00
3	3	0.00	0.01	1.01	0.78	0.00
3	7	0.00	0.01	0.93	1.10	0.00
Core	CPU	C1%	C3%	C6%	C8%	C9%
-	-	0.00	0.02	4.96	9.04	0.43
0	0	0.00	0.03	34.32	63.60	0.00
0	4	0.00	0.00	0.85	1.69	0.00
1	1	0.00	0.00	0.74	1.30	0.00
1	5	0.00	0.00	0.24	1.39	0.00
2	2	0.00	0.08	0.74	1.29	0.04
2	6	0.00	0.08	0.85	1.20	0.00
3	3	0.00	0.00	0.76	0.69	3.38
3	7	0.00	0.00	1.20	1.19	0.00
Core	CPU	C1%	C3%	C6%	C8%	C9%
-	-	0.00	0.01	4.72	8.99	0.00
0	0	0.00	0.00	33.14	64.78	0.00
0	4	0.00	0.00	0.28	1.29	0.00
1	1	0.00	0.00	0.35	1.00	0.00
1	5	0.00	0.00	0.43	1.10	0.00
2	2	0.00	0.00	1.34	0.51	0.00
2	6	0.00	0.09	1.40	0.61	0.00
3	3	0.00	0.00	0.38	1.69	0.00
3	7	0.00	0.00	0.46	0.89	0.00
Core	CPU	C1%	C3%	C6%	C8%	C9%
-	-	0.08	0.03	4.73	9.51	0.21
0	0	0.00	0.02	32.72	65.25	0.00
0	4	0.01	0.08	0.34	1.89	0.81
1	1	0.00	0.00	0.28	1.88	0.00
1	5	0.62	0.00	0.64	1.70	0.89
2	2	0.00	0.05	1.75	1.80	0.00
2	6	0.00	0.06	1.42	0.70	0.00
3	3	0.00	0.00	0.19	1.59	0.00
3	7	0.00	0.00	0.47	1.28	0.00
Core	CPU	C1%	C3%	C6%	C8%	C9%
-	-	0.00	0.02	4.89	8.78	0.00
0	0	0.00	0.00	34.49	63.46	0.00
0	4	0.00	0.01	0.79	0.29	0.00
1	1	0.00	0.00	0.10	1.38	0.00
1	5	0.00	0.00	0.37	1.20	0.00
2	2	0.00	0.06	1.27	0.60	0.00
2	6	0.00	0.08	1.47	0.60	0.00
3	3	0.00	0.02	0.20	1.10	0.00
3	7	0.00	0.00	0.46	1.61	0.00
Core	CPU	C1%	C3%	C6%	C8%	C9%
-	-	0.00	0.02	5.34	9.14	0.00
0	0	0.00	0.00	36.11	61.85	0.00
0	4	0.00	0.00	0.60	2.18	0.00
1	1	0.00	0.02	0.80	1.52	0.00
1	5	0.00	0.00	0.28	1.70	0.00
2	2	0.00	0.03	1.44	0.91	0.00
2	6	0.00	0.05	1.47	1.13	0.00
3	3	0.00	0.00	0.61	1.71	0.00
3	7	0.00	0.03	1.41	2.09	0.00
Core	CPU	C1%	C3%	C6%	C8%	C9%
-	-	0.00	0.02	4.78	9.03	0.00
0	0	0.00	0.00	34.14	63.77	0.00
0	4	0.00	0.00	0.45	1.39	0.00
1	1	0.00	0.02	0.23	1.39	0.00
1	5	0.00	0.00	0.31	1.50	0.00
2	2	0.00	0.03	0.48	0.81	0.03
2	6	0.00	0.09	1.20	0.49	0.00
3	3	0.00	0.01	0.61	1.09	0.00
3	7	0.00	0.00	0.81	1.81	0.00
Core	CPU	C1%	C3%	C6%	C8%	C9%
-	-	0.04	0.01	4.89	8.92	0.00
0	0	0.00	0.00	34.27	63.64	0.00
0	4	0.00	0.00	0.64	1.39	0.00
1	1	0.00	0.00	0.62	1.62	0.00
1	5	0.00	0.00	0.25	0.99	0.00
2	2	0.00	0.02	0.76	1.27	0.00
2	6	0.00	0.06	1.12	0.61	0.00
3	3	0.00	0.00	0.89	0.78	0.00
3	7	0.29	0.00	0.54	1.09	0.00
Core	CPU	C1%	C3%	C6%	C8%	C9%
-	-	0.10	0.02	5.03	8.75	0.00
0	0	0.00	0.02	34.71	63.21	0.00
0	4	0.80	0.00	0.00	0.51	0.00
1	1	0.00	0.00	0.54	0.89	0.00
1	5	0.00	0.00	0.71	0.99	0.00
2	2	0.00	0.00	1.12	0.69	0.00
2	6	0.00	0.09	2.02	1.01	0.00
3	3	0.00	0.01	0.84	1.60	0.00
3	7	0.00	0.00	0.29	1.10	0.00
Core	CPU	C1%	C3%	C6%	C8%	C9%
-	-	0.00	0.02	5.01	8.28	0.00
0	0	0.00	0.00	35.27	62.63	0.00
0	4	0.00	0.00	0.54	0.00	0.00
1	1	0.00	0.02	0.59	0.10	0.00
1	5	0.00	0.00	0.20	0.30	0.00
2	2	0.00	0.05	1.06	0.79	0.00
2	6	0.00	0.07	1.45	0.50	0.00
3	3	0.00	0.00	0.15	1.09	0.00
3	7	0.00	0.02	0.87	0.80	0.00
Core	CPU	C1%	C3%	C6%	C8%	C9%
-	-	0.00	0.00	4.48	8.89	0.00
0	0	0.00	0.00	32.48	65.52	0.00
0	4	0.00	0.00	0.35	0.61	0.00
1	1	0.00	0.00	0.23	0.70	0.00
1	5	0.00	0.00	0.22	0.90	0.00
2	2	0.00	0.00	0.90	0.60	0.00
2	6	0.00	0.03	0.67	1.20	0.00
3	3	0.00	0.00	0.45	0.90	0.00
3	7	0.00	0.00	0.53	0.71	0.00
Core	CPU	C1%	C3%	C6%	C8%	C9%
-	-	0.00	0.01	4.61	8.93	0.43
0	0	0.00	0.00	33.65	64.25	0.00
0	4	0.00	0.00	0.18	1.00	0.00
1	1	0.00	0.00	0.26	0.90	0.00
1	5	0.00	0.00	0.24	0.99	0.00
2	2	0.02	0.03	0.77	1.21	0.04
2	6	0.00	0.03	0.95	1.21	0.00
3	3	0.00	0.00	0.35	1.09	3.40
3	7	0.00	0.00	0.45	0.81	0.00
Core	CPU	C1%	C3%	C6%	C8%	C9%
-	-	0.00	0.00	4.56	8.79	0.00
0	0	0.00	0.01	34.00	63.91	0.00
0	4	0.00	0.00	0.00	0.50	0.00
1	1	0.00	0.00	0.36	1.01	0.00
1	5	0.00	0.00	0.36	0.80	0.00
2	2	0.00	0.00	0.61	1.19	0.00
2	6	0.00	0.00	0.81	1.00	0.00
3	3	0.00	0.00	0.09	1.00	0.00
3	7	0.00	0.00	0.29	0.89	0.00
Core	CPU	C1%	C3%	C6%	C8%	C9%
-	-	0.06	0.01	4.88	8.82	0.00
0	0	0.00	0.00	34.70	63.22	0.00
0	4	0.49	0.00	0.13	0.40	0.00
1	1	0.00	0.00	0.69	1.48	0.00
1	5	0.00	0.00	0.81	0.99	0.00
2	2	0.00	0.04	0.78	1.09	0.00
2	6	0.00	0.03	1.18	1.30	0.00
3	3	0.00	0.00	0.22	0.99	0.00
3	7	0.00	0.00	0.49	1.10	0.00
Core	CPU	C1%	C3%	C6%	C8%	C9%
-	-	0.00	0.01	4.81	8.48	0.00
0	0	0.00	0.00	34.60	63.32	0.00
0	4	0.00	0.00	0.54	0.00	0.00
1	1	0.00	0.02	0.48	0.69	0.00
1	5	0.00	0.00	0.20	0.40	0.00
2	2	0.00	0.01	1.35	0.40	0.00
2	6	0.00	0.07	0.75	1.09	0.00
3	3	0.00	0.00	0.35	0.89	0.00
3	7	0.00	0.00	0.23	1.10	0.00
Core	CPU	C1%	C3%	C6%	C8%	C9%
-	-	0.00	0.01	4.72	8.71	0.00
0	0	0.00	0.00	33.73	64.21	0.00
0	4	0.00	0.00	0.46	0.59	0.00
1	1	0.00	0.00	0.14	1.11	0.00
1	5	0.00	0.00	0.62	0.69	0.00
2	2	0.00	0.05	0.89	0.69	0.00
2	6	0.00	0.02	1.44	0.30	0.00
3	3	0.00	0.00	0.35	0.99	0.00
3	7	0.00	0.00	0.15	1.08	0.00
Core	CPU	C1%	C3%	C6%	C8%	C9%
-	-	0.00	0.03	4.78	10.23	0.17
0	0	0.00	0.00	33.14	64.82	0.00
0	4	0.00	0.00	0.27	1.09	0.00
1	1	0.00	0.00	0.40	0.99	0.00
1	5	0.00	0.00	0.30	1.28	0.00
2	2	0.00	0.08	1.25	0.58	1.35
2	6	0.00	0.04	1.26	0.00	0.00
3	3	0.01	0.11	1.21	12.12	0.00
3	7	0.00	0.00	0.36	0.99	0.00
Core	CPU	C1%	C3%	C6%	C8%	C9%
-	-	0.00	0.02	4.95	10.67	0.00
0	0	0.00	0.04	34.49	63.45	0.00
0	4	0.00	0.00	0.00	0.50	0.00
1	1	0.00	0.00	0.19	0.99	0.00
1	5	0.00	0.00	0.36	1.29	0.00
2	2	0.00	0.02	1.31	0.40	0.00
2	6	0.00	0.02	1.09	0.79	0.00
3	3	0.00	0.07	0.93	16.52	0.00
3	7	0.00	0.00	1.20	1.39	0.00
Core	CPU	C1%	C3%	C6%	C8%	C9%
-	-	0.07	0.02	4.68	8.64	0.00
0	0	0.00	0.00	33.13	64.84	0.00
0	4	0.00	0.00	0.14	0.40	0.00
1	1	0.00	0.01	0.30	0.39	0.00
1	5	0.51	0.00	0.09	0.79	0.00
2	2	0.00	0.00	1.46	0.51	0.00
2	6	0.03	0.12	1.00	0.79	0.00
3	3	0.00	0.00	0.87	0.50	0.00
3	7	0.00	0.03	0.49	0.89	0.00
Core	CPU	C1%	C3%	C6%	C8%	C9%
-	-	0.00	0.01	5.04	9.03	0.00
0	0	0.00	0.00	35.19	62.76	0.00
0	4	0.00	0.00	0.37	0.59	0.00
1	1	0.00	0.00	0.60	1.20	0.00
1	5	0.00	0.00	0.30	1.30	0.00
2	2	0.00	0.02	0.88	1.22	0.00
2	6	0.00	0.05	1.27	1.00	0.00
3	3	0.00	0.00	1.38	2.89	0.00
3	7	0.00	0.00	0.32	1.30	0.00
Core	CPU	C1%	C3%	C6%	C8%	C9%
-	-	0.00	0.01	4.68	8.96	0.00
0	0	0.00	0.00	33.35	64.56	0.00
0	4	0.00	0.00	0.50	1.00	0.00
1	1	0.00	0.00	0.45	1.19	0.00
1	5	0.00	0.00	0.32	1.29	0.00
2	2	0.00	0.05	1.02	1.61	0.00
2	6	0.00	0.02	0.87	0.40	0.00
3	3	0.00	0.00	0.37	0.81	0.00
3	7	0.00	0.00	0.55	0.80	0.00
Core	CPU	C1%	C3%	C6%	C8%	C9%
-	-	0.14	0.01	4.97	9.15	0.00
0	0	0.00	0.02	34.93	63.06	0.00
0	4	0.00	0.01	0.10	0.40	0.00
1	1	0.00	0.00	0.35	1.22	0.00
1	5	0.10	0.00	0.74	1.78	0.00
2	2	0.75	0.02	1.08	1.40	0.03
2	6	0.00	0.00	0.99	0.60	0.00
3	3	0.00	0.00	0.44	3.82	0.00
3	7	0.29	0.00	1.13	0.89	0.00
Core	CPU	C1%	C3%	C6%	C8%	C9%
-	-	0.00	0.01	4.69	8.72	0.00
0	0	0.00	0.00	34.00	63.94	0.00
0	4	0.00	0.00	0.50	0.00	0.00
1	1	0.00	0.00	0.69	0.49	0.00
1	5	0.00	0.00	0.28	0.99	0.00
2	2	0.00	0.04	0.91	1.18	0.00
2	6	0.00	0.00	0.62	1.23	0.00
3	3	0.00	0.02	0.30	0.99	0.00
3	7	0.00	0.00	0.20	0.89	0.00
Core	CPU	C1%	C3%	C6%	C8%	C9%
-	-	0.03	0.02	4.70	8.97	0.10
0	0	0.00	0.00	33.71	64.27	0.00
0	4	0.00	0.00	0.45	0.10	0.00
1	1	0.00	0.00	0.22	0.50	0.00
1	5	0.20	0.00	0.07	0.50	0.82
2	2	0.00	0.04	0.95	1.46	0.00
2	6	0.00	0.09	0.75	1.69	0.00
3	3	0.00	0.00	1.21	2.19	0.00
3	7	0.00	0.00	0.22	1.09	0.00
Core	CPU	C1%	C3%	C6%	C8%	C9%
-	-	0.00	0.01	4.68	8.75	0.00
0	0	0.00	0.00	33.21	64.78	0.00
0	4	0.00	0.00	0.37	0.69	0.00
1	1	0.00	0.00	0.25	1.19	0.00
1	5	0.00	0.00	0.33	0.69	0.00
2	2	0.00	0.03	1.35	0.40	0.00
2	6	0.00	0.04	1.01	0.79	0.00
3	3	0.00	0.00	0.36	1.08	0.00
3	7	0.00	0.00	0.56	0.40	0.00
Core	CPU	C1%	C3%	C6%	C8%	C9%
-	-	0.02	0.01	4.77	8.79	0.00
0	0	0.19	0.03	33.73	64.08	0.00
0	4	0.00	0.00	0.00	0.50	0.00
1	1	0.00	0.00	0.28	0.89	0.00
1	5	0.00	0.00	0.36	0.89	0.00
2	2	0.00	0.00	0.87	1.08	0.00
2	6	0.00	0.05	1.25	0.59	0.00
3	3	0.00	0.00	0.79	0.80	0.00
3	7	0.00	0.00	0.85	1.49	0.00
Core	CPU	C1%	C3%	C6%	C8%	C9%
-	-	0.01	0.01	4.70	8.85	0.00
0	0	0.00	0.00	33.96	64.04	0.00
0	4	0.09	0.02	0.41	0.00	0.00
1	1	0.00	0.00	0.10	1.09	0.00
1	5	0.00	0.00	0.67	1.28	0.00
2	2	0.00	0.02	0.87	1.10	0.04
2	6	0.00	0.05	0.93	1.00	0.00
3	3	0.00	0.02	0.37	1.09	0.00
3	7	0.00	0.00	0.29	1.20	0.00
Core	CPU	C1%	C3%	C6%	C8%	C9%
-	-	0.00	0.01	4.74	8.62	0.00
0	0	0.00	0.00	33.31	64.65	0.00
0	4	0.00	0.00	0.54	0.00	0.00
1	1	0.00	0.01	0.30	0.40	0.00
1	5	0.00	0.00	0.79	0.60	0.00
2	2	0.00	0.04	1.56	0.81	0.00
2	6	0.00	0.00	1.15	0.63	0.00
3	3	0.00	0.00	0.21	0.80	0.00
3	7	0.00	0.00	0.10	1.09	0.00
Core	CPU	C1%	C3%	C6%	C8%	C9%
-	-	0.10	0.01	4.56	8.87	0.00
0	0	0.00	0.00	33.74	64.25	0.00
0	4	0.00	0.00	0.14	0.40	0.00
1	1	0.00	0.02	0.20	0.50	0.00
1	5	0.01	0.00	0.25	1.67	0.00
2	2	0.79	0.06	1.14	0.85	0.00
2	6	0.00	0.03	0.65	1.17	0.00
3	3	0.00	0.00	0.24	1.09	0.00
3	7	0.00	0.00	0.13	0.99	0.00
Core	CPU	C1%	C3%	C6%	C8%	C9%
-	-	0.00	0.03	4.94	8.56	0.00
0	0	0.00	0.03	34.94	62.96	0.00
0	4	0.00	0.00	0.56	0.30	0.00
1	1	0.00	0.00	0.66	1.11	0.00
1	5	0.00	0.00	0.33	1.27	0.00
2	2	0.00	0.02	0.96	0.18	0.00
2	6	0.00	0.17	1.02	0.79	0.01
3	3	0.00	0.01	0.37	0.79	0.00
3	7	0.00	0.00	0.66	1.08	0.00
Core	CPU	C1%	C3%	C6%	C8%	C9%
-	-	0.00	0.02	4.92	8.69	0.00
0	0	0.00	0.00	34.08	63.88	0.00
0	4	0.00	0.00	0.27	1.09	0.00
1	1	0.00	0.00	0.35	0.99	0.00
1	5	0.00	0.00	0.63	1.19	0.00
2	2	0.00	0.01	1.29	0.41	0.00
2	6	0.00	0.13	1.26	0.49	0.00
3	3	0.00	0.00	1.05	0.79	0.00
3	7	0.00	0.00	0.46	0.70	0.00
Core	CPU	C1%	C3%	C6%	C8%	C9%
-	-	0.00	0.01	4.82	9.26	0.00
0	0	0.00	0.00	33.86	64.08	0.00
0	4	0.00	0.00	0.65	2.30	0.00
1	1	0.00	0.00	0.37	1.48	0.00
1	5	0.00	0.00	0.36	0.99	0.00
2	2	0.00	0.00	1.57	1.99	0.00
2	6	0.00	0.08	1.03	0.90	0.00
3	3	0.00	0.00	0.34	1.30	0.00
3	7	0.00	0.00	0.37	1.00	0.00
Core	CPU	C1%	C3%	C6%	C8%	C9%
-	-	0.00	0.01	4.61	9.02	0.00
0	0	0.00	0.02	33.62	64.33	0.00
0	4	0.00	0.00	0.00	0.40	0.00
1	1	0.00	0.00	0.18	1.09	0.00
1	5	0.00	0.00	0.45	0.91	0.00
2	2	0.00	0.02	1.37	2.00	0.00
2	6	0.00	0.02	0.79	1.39	0.00
3	3	0.00	0.00	0.18	1.20	0.00
3	7	0.00	0.00	0.28	0.80	0.00
Core	CPU	C1%	C3%	C6%	C8%	C9%
-	-	0.09	0.15	4.96	8.66	0.00
0	0	0.00	0.81	35.72	61.34	0.00
0	4	0.00	0.00	0.12	0.50	0.00
1	1	0.00	0.00	0.09	0.80	0.00
1	5	0.72	0.37	0.38	1.20	0.00
2	2	0.00	0.03	1.40	1.53	0.00
2	6	0.00	0.00	0.80	1.21	0.00
3	3	0.00	0.00	0.31	1.11	0.00
3	7	0.00	0.03	0.89	1.61	0.00
Core	CPU	C1%	C3%	C6%	C8%	C9%
-	-	0.00	0.02	4.64	8.67	0.00
0	0	0.00	0.00	34.15	63.76	0.00
0	4	0.00	0.00	0.14	0.40	0.00
1	1	0.00	0.00	0.22	0.71	0.00
1	5	0.00	0.00	0.18	0.71	0.00
2	2	0.00	0.03	0.82	0.89	0.00
2	6	0.00	0.13	0.73	1.00	0.00
3	3	0.00	0.00	0.44	1.00	0.00
3	7	0.00	0.00	0.42	0.89	0.00
Core	CPU	C1%	C3%	C6%	C8%	C9%
-	-	0.00	0.00	4.62	8.79	0.00
0	0	0.00	0.00	33.62	64.34	0.00
0	4	0.00	0.00	0.37	0.50	0.00
1	1	0.00	0.00	0.15	1.09	0.00
1	5	0.00	0.00	0.14	1.19	0.00
2	2	0.00	0.03	0.72	0.40	0.00
2	6	0.00	0.00	1.19	0.79	0.00
3	3	0.00	0.00	0.28	0.99	0.00
3	7	0.00	0.00	0.45	1.08	0.00
Core	CPU	C1%	C3%	C6%	C8%	C9%
-	-	0.02	0.02	4.98	8.87	0.00
0	0	0.00	0.00	33.93	64.08	0.00
0	4	0.00	0.00	0.88	0.79	0.00
1	1	0.00	0.00	0.17	1.09	0.00
1	5	0.00	0.00	0.74	1.06	0.00
2	2	0.10	0.06	1.99	0.79	0.00
2	6	0.00	0.07	1.23	0.30	0.00
3	3	0.03	0.00	0.56	2.08	0.00
3	7	0.00	0.00	0.38	0.79	0.00
Core	CPU	C1%	C3%	C6%	C8%	C9%
-	-	0.00	0.01	4.89	8.82	0.00
0	0	0.00	0.00	34.78	63.17	0.00
0	4	0.00	0.01	0.89	0.78	0.00
1	1	0.00	0.00	0.19	1.09	0.00
1	5	0.00	0.00	0.28	1.09	0.00
2	2	0.00	0.02	0.96	0.98	0.00
2	6	0.00	0.06	1.04	1.58	0.00
3	3	0.00	0.02	0.20	0.99	0.00
3	7	0.00	0.00	0.76	0.90	0.00
Core	CPU	C1%	C3%	C6%	C8%	C9%
-	-	0.03	0.06	4.60	8.69	0.11
0	0	0.00	0.40	33.03	64.03	0.00
0	4	0.00	0.00	0.23	0.30	0.00
1	1	0.00	0.00	0.10	0.59	0.00
1	5	0.23	0.00	0.28	1.29	0.89
2	2	0.00	0.02	1.05	0.51	0.00
2	6	0.00	0.08	1.14	0.71	0.00
3	3	0.00	0.00	0.50	0.91	0.00
3	7	0.00	0.00	0.48	1.20	0.00
Core	CPU	C1%	C3%	C6%	C8%	C9%
-	-	0.00	0.05	5.06	12.02	0.00
0	0	0.00	0.01	34.87	63.19	0.00
0	4	0.00	0.00	0.25	0.40	0.00
1	1	0.00	0.00	0.17	0.60	0.00
1	5	0.00	0.02	0.39	0.60	0.00
2	2	0.00	0.02	1.17	0.79	0.00
2	6	0.00	0.16	0.83	0.59	0.00
3	3	0.01	0.21	2.61	28.62	0.00
3	7	0.00	0.00	0.23	1.38	0.00
Core	CPU	C1%	C3%	C6%	C8%	C9%
-	-	0.00	0.02	4.84	8.82	0.00
0	0	0.00	0.00	33.12	64.85	0.00
0	4	0.00	0.00	0.69	0.50	0.00
1	1	0.00	0.00	0.34	1.19	0.00
1	5	0.00	0.00	0.91	1.39	0.00
2	2	0.00	0.10	1.54	0.20	0.00
2	6	0.00	0.04	0.81	0.59	0.00
3	3	0.00	0.00	0.77	0.79	0.00
3	7	0.00	0.00	0.54	1.10	0.00
Core	CPU	C1%	C3%	C6%	C8%	C9%
-	-	0.09	0.03	5.16	8.85	0.00
0	0	0.00	0.05	34.65	63.36	0.00
0	4	0.00	0.00	0.10	0.39	0.00
1	1	0.00	0.00	0.38	1.10	0.00
1	5	0.00	0.00	0.80	1.77	0.00
2	2	0.00	0.04	1.88	1.19	0.00
2	6	0.00	0.10	1.27	0.30	0.00
3	3	0.02	0.00	1.14	1.60	0.00
3	7	0.67	0.02	1.08	1.10	0.00
Core	CPU	C1%	C3%	C6%	C8%	C9%
-	-	0.00	0.01	4.90	8.56	0.00
0	0	0.00	0.00	33.47	64.49	0.00
0	4	0.00	0.00	0.10	0.40	0.00
1	1	0.00	0.00	0.69	0.49	0.00
1	5	0.00	0.00	0.56	0.60	0.00
2	2	0.00	0.02	1.56	0.69	0.00
2	6	0.00	0.03	1.38	0.39	0.00
3	3	0.00	0.02	0.69	0.60	0.00
3	7	0.00	0.00	0.78	0.80	0.00
Core	CPU	C1%	C3%	C6%	C8%	C9%
-	-	0.04	0.08	4.67	8.76	0.11
0	0	0.00	0.53	34.02	63.04	0.00
0	4	0.00	0.00	0.14	0.40	0.00
1	1	0.00	0.02	0.39	0.51	0.00
1	5	0.00	0.00	0.36	1.30	0.00
2	2	0.00	0.04	0.99	1.19	0.00
2	6	0.00	0.00	0.84	1.40	0.00
3	3	0.29	0.00	0.33	1.31	0.89
3	7	0.00	0.03	0.28	0.90	0.00
Core	CPU	C1%	C3%	C6%	C8%	C9%
-	-	0.00	0.01	4.96	8.39	0.00
0	0	0.00	0.00	34.70	63.18	0.00
0	4	0.00	0.00	0.45	0.20	0.00
1	1	0.00	0.00	0.24	0.72	0.00
1	5	0.00	0.02	0.68	0.11	0.00
2	2	0.00	0.04	1.27	0.78	0.00
2	6	0.00	0.00	1.15	0.80	0.00
3	3	0.00	0.00	0.55	0.60	0.00
3	7	0.00	0.00	0.62	0.71	0.00
Core	CPU	C1%	C3%	C6%	C8%	C9%
-	-	0.02	0.02	4.78	8.90	0.00
0	0	0.00	0.03	33.98	63.95	0.00
0	4	0.00	0.00	0.27	1.08	0.00
1	1	0.00	0.00	0.25	1.57	0.00
1	5	0.00	0.00	0.33	1.09	0.00
2	2	0.20	0.04	1.22	0.59	0.00
2	6	0.00	0.08	0.80	1.00	0.00
3	3	0.00	0.00	0.28	1.09	0.00
3	7	0.00	0.02	1.12	0.79	0.00
Core	CPU	C1%	C3%	C6%	C8%	C9%
-	-	0.00	0.02	4.89	8.76	0.00
0	0	0.00	0.01	34.62	63.27	0.00
0	4	0.00	0.00	0.10	0.79	0.00
1	1	0.00	0.00	0.66	1.09	0.00
1	5	0.00	0.00	0.36	0.99	0.00
2	2	0.00	0.04	1.56	0.89	0.00
2	6	0.00	0.13	1.28	0.39	0.00
3	3	0.00	0.00	0.19	1.59	0.00
3	7	0.00	0.00	0.39	1.08	0.00
Core	CPU	C1%	C3%	C6%	C8%	C9%
-	-	0.00	0.01	4.71	8.92	0.00
0	0	0.00	0.00	33.43	64.16	0.00
0	4	0.00	0.00	0.23	1.09	0.00
1	1	0.00	0.00	0.28	1.59	0.00
1	5	0.00	0.00	0.28	1.20	0.00
2	2	0.00	0.02	1.19	0.70	0.00
2	6	0.00	0.07	1.07	0.40	0.00
3	3	0.00	0.00	0.52	0.40	0.00
3	7	0.00	0.00	0.66	1.81	0.00
Core	CPU	C1%	C3%	C6%	C8%	C9%
-	-	0.09	0.08	4.64	8.79	0.00
0	0	0.00	0.61	33.94	63.11	0.00
0	4	0.00	0.00	0.32	1.01	0.00
1	1	0.00	0.02	0.20	0.79	0.00
1	5	0.00	0.02	0.09	0.71	0.00
2	2	0.00	0.00	1.06	1.32	0.00
2	6	0.00	0.00	0.73	1.01	0.00
3	3	0.71	0.00	0.60	1.20	0.00
3	7	0.00	0.00	0.21	1.20	0.00
Core	CPU	C1%	C3%	C6%	C8%	C9%
-	-	0.00	0.09	4.83	8.87	0.11
0	0	0.00	0.62	33.96	63.03	0.00
0	4	0.00	0.00	0.36	0.60	0.00
1	1	0.00	0.00	0.33	2.20	0.00
1	5	0.00	0.00	0.44	1.10	0.88
2	2	0.03	0.06	1.34	0.20	0.00
2	6	0.00	0.00	0.78	1.08	0.00
3	3	0.00	0.00	0.72	1.99	0.00
3	7	0.00	0.04	0.67	0.79	0.00
Core	CPU	C1%	C3%	C6%	C8%	C9%
-	-	0.00	0.01	4.71	8.76	0.00
0	0	0.00	0.00	34.01	63.87	0.00
0	4	0.00	0.00	0.27	1.09	0.00
1	1	0.00	0.00	0.25	1.08	0.00
1	5	0.00	0.00	0.24	0.79	0.00
2	2	0.00	0.10	1.46	1.16	0.00
2	6	0.00	0.00	0.19	1.40	0.00
3	3	0.00	0.00	0.57	0.40	0.00
3	7	0.00	0.00	0.65	0.30	0.00
Core	CPU	C1%	C3%	C6%	C8%	C9%
-	-	0.02	0.08	4.71	9.03	0.00
0	0	0.13	0.14	33.24	63.61	0.00
0	4	0.00	0.36	0.16	0.80	0.00
1	1	0.00	0.00	0.40	1.48	0.00
1	5	0.00	0.00	1.12	0.89	0.00
2	2	0.00	0.09	1.29	1.87	0.00
2	6	0.00	0.00	0.40	1.50	0.00
3	3	0.00	0.04	0.43	1.21	0.00
3	7	0.00	0.00	0.65	0.91	0.00
Core	CPU	C1%	C3%	C6%	C8%	C9%
-	-	0.00	0.01	4.65	8.81	0.00
0	0	0.00	0.00	33.51	64.46	0.00
0	4	0.00	0.00	0.10	0.40	0.00
1	1	0.00	0.00	0.54	1.09	0.00
1	5	0.00	0.00	0.27	0.89	0.00
2	2	0.00	0.03	1.33	0.97	0.00
2	6	0.00	0.00	0.42	0.90	0.00
3	3	0.00	0.02	0.80	0.79	0.00
3	7	0.00	0.00	0.20	1.00	0.00
Core	CPU	C1%	C3%	C6%	C8%	C9%
-	-	0.00	0.02	5.13	8.71	0.00
0	0	0.00	0.04	34.25	63.71	0.00
0	4	0.00	0.00	0.14	0.40	0.00
1	1	0.00	0.02	0.20	0.50	0.00
1	5	0.00	0.00	0.57	0.71	0.00
2	2	0.00	0.02	3.81	1.01	0.00
2	6	0.00	0.00	0.65	1.27	0.00
3	3	0.00	0.00	0.62	0.79	0.00
3	7	0.00	0.06	0.82	1.28	0.00
Core	CPU	C1%	C3%	C6%	C8%	C9%
-	-	0.00	0.01	4.67	8.59	0.43
0	0	0.00	0.00	33.31	64.64	0.00
0	4	0.00	0.00	0.15	0.40	0.00
1	1	0.00	0.00	0.53	0.02	0.00
1	5	0.00	0.02	0.68	0.00	0.00
2	2	0.00	0.09	1.21	0.97	0.04
2	6	0.00	0.00	0.67	0.70	0.00
3	3	0.00	0.00	0.45	0.89	3.37
3	7	0.00	0.00	0.34	1.09	0.00
Core	CPU	C1%	C3%	C6%	C8%	C9%
-	-	0.00	0.00	4.58	9.03	0.00
0	0	0.00	0.00	32.93	65.01	0.00
0	4	0.00	0.00	0.28	1.09	0.00
1	1	0.00	0.00	0.65	0.71	0.00
1	5	0.00	0.00	0.70	0.90	0.00
2	2	0.00	0.03	1.50	1.28	0.00
2	6	0.00	0.00	0.10	1.28	0.00
3	3	0.00	0.00	0.28	0.99	0.00
3	7	0.00	0.00	0.25	0.99	0.00
Core	CPU	C1%	C3%	C6%	C8%	C9%
-	-	0.01	0.01	4.75	9.04	0.11
0	0	0.11	0.01	32.94	63.96	0.00
0	4	0.00	0.00	0.73	1.60	0.00
1	1	0.00	0.00	0.61	1.29	0.89
1	5	0.00	0.00	0.33	0.90	0.00
2	2	0.00	0.08	2.30	1.37	0.00
2	6	0.00	0.00	0.28	1.19	0.00
3	3	0.00	0.00	0.28	1.00	0.00
3	7	0.00	0.00	0.51	0.97	0.00
Core	CPU	C1%	C3%	C6%	C8%	C9%
-	-	0.00	0.01	4.90	8.65	0.00
0	0	0.00	0.00	34.91	63.04	0.00
0	4	0.00	0.00	0.00	0.50	0.00
1	1	0.00	0.00	0.58	1.09	0.00
1	5	0.00	0.00	0.28	0.89	0.00
2	2	0.00	0.05	1.36	0.78	0.00
2	6	0.00	0.00	0.83	0.79	0.00
3	3	0.00	0.02	0.23	1.10	0.00
3	7	0.00	0.03	1.01	0.99	0.00
Core	CPU	C1%	C3%	C6%	C8%	C9%
-	-	0.00	0.00	4.62	8.79	0.00
0	0	0.00	0.00	32.92	64.99	0.00
0	4	0.00	0.00	0.14	0.40	0.00
1	1	0.00	0.01	0.40	0.10	0.00
1	5	0.00	0.00	0.10	1.09	0.00
2	2	0.00	0.01	1.09	1.26	0.00
2	6	0.00	0.00	0.44	0.90	0.00
3	3	0.00	0.00	0.93	0.79	0.00
3	7	0.00	0.01	0.99	0.78	0.00
Core	CPU	C1%	C3%	C6%	C8%	C9%
-	-	0.00	0.01	4.69	8.98	0.01
0	0	0.00	0.00	33.56	64.36	0.00
0	4	0.00	0.00	0.15	0.40	0.00
1	1	0.00	0.00	0.52	0.00	0.00
1	5	0.00	0.01	0.65	0.00	0.00
2	2	0.00	0.05	1.46	0.68	0.04
2	6	0.00	0.00	0.37	0.80	0.00
3	3	0.00	0.00	0.52	4.29	0.05
3	7	0.00	0.03	0.28	1.29	0.00
Core	CPU	C1%	C3%	C6%	C8%	C9%
-	-	0.00	0.01	4.83	8.78	0.00
0	0	0.00	0.00	34.36	63.53	0.00
0	4	0.00	0.00	0.36	0.50	0.00
1	1	0.00	0.00	0.64	0.70	0.00
1	5	0.00	0.00	0.42	1.02	0.00
2	2	0.00	0.07	1.29	0.47	0.00
2	6	0.00	0.00	0.46	1.50	0.00
3	3	0.00	0.00	0.55	1.59	0.00
3	7	0.00	0.00	0.54	0.91	0.00
Core	CPU	C1%	C3%	C6%	C8%	C9%
-	-	0.02	0.02	4.86	10.31	0.00
0	0	0.13	0.01	34.29	62.57	0.00
0	4	0.00	0.00	0.77	1.00	0.00
1	1	0.00	0.00	0.22	1.09	0.00
1	5	0.00	0.00	0.55	0.80	0.00
2	2	0.00	0.08	1.45	0.96	0.00
2	6	0.00	0.00	0.50	0.69	0.00
3	3	0.00	0.11	0.75	14.58	0.00
3	7	0.00	0.00	0.36	0.79	0.00
Core	CPU	C1%	C3%	C6%	C8%	C9%
-	-	0.00	0.01	4.78	10.41	0.00
0	0	0.00	0.01	34.28	63.71	0.00
0	4	0.00	0.00	0.20	0.50	0.00
1	1	0.00	0.00	0.28	0.89	0.00
1	5	0.00	0.00	0.36	0.99	0.00
2	2	0.00	0.04	1.53	0.98	0.00
2	6	0.00	0.00	0.22	1.19	0.00
3	3	0.00	0.02	1.16	14.14	0.00
3	7	0.00	0.00	0.19	0.88	0.00
Core	CPU	C1%	C3%	C6%	C8%	C9%
-	-	0.00	0.01	4.75	8.80	0.00
0	0	0.00	0.00	34.24	63.74	0.00
0	4	0.00	0.00	0.13	0.40	0.00
1	1	0.00	0.01	0.39	0.99	0.00
1	5	0.00	0.00	0.10	1.09	0.00
2	2	0.00	0.06	1.17	1.36	0.00
2	6	0.00	0.00	0.45	1.59	0.00
3	3	0.00	0.00	0.93	0.79	0.00
3	7	0.00	0.00	0.60	0.49	0.00
Core	CPU	C1%	C3%	C6%	C8%	C9%
-	-	0.00	0.01	4.78	9.05	0.00
0	0	0.00	0.00	33.50	64.45	0.00
0	4	0.00	0.00	0.15	0.40	0.00
1	1	0.00	0.00	0.68	0.00	0.00
1	5	0.00	0.04	1.00	0.22	0.00
2	2	0.00	0.04	1.59	0.59	0.02
2	6	0.00	0.00	0.46	1.00	0.00
3	3	0.00	0.00	0.72	4.59	0.00
3	7	0.00	0.00	0.14	1.19	0.00
Core	CPU	C1%	C3%	C6%	C8%	C9%
-	-	0.00	0.01	4.78	8.41	0.00
0	0	0.00	0.00	34.76	63.19	0.00
0	4	0.00	0.00	0.18	0.76	0.00
1	1	0.00	0.00	0.46	0.40	0.00
1	5	0.00	0.02	0.74	0.10	0.00
2	2	0.00	0.10	1.33	0.37	0.00
2	6	0.00	0.00	0.09	0.60	0.00
3	3	0.00	0.00	0.29	0.79	0.00
3	7	0.00	0.00	0.36	1.09	0.00
Core	CPU	C1%	C3%	C6%	C8%	C9%
-	-	0.01	0.00	4.72	8.67	0.11
0	0	0.11	0.01	33.95	62.91	0.00
0	4	0.00	0.00	0.45	0.92	0.00
1	1	0.00	0.00	0.28	0.89	0.00
1	5	0.00	0.00	1.19	0.40	0.88
2	2	0.00	0.01	1.19	1.08	0.00
2	6	0.00	0.00	0.21	0.99	0.00
3	3	0.00	0.00	0.10	1.19	0.00
3	7	0.00	0.00	0.38	1.00	0.00
Core	CPU	C1%	C3%	C6%	C8%	C9%
-	-	0.00	0.01	4.82	8.50	0.00
0	0	0.00	0.00	34.57	63.37	0.00
0	4	0.00	0.00	0.04	0.50	0.00
1	1	0.00	0.01	0.20	0.40	0.00
1	5	0.00	0.01	0.57	0.90	0.00
2	2	0.00	0.01	1.12	1.27	0.00
2	6	0.00	0.00	0.36	0.80	0.00
3	3	0.00	0.00	0.83	0.39	0.00
3	7	0.00	0.01	0.89	0.41	0.00
Core	CPU	C1%	C3%	C6%	C8%	C9%
-	-	0.00	0.01	6.30	7.23	0.00
0	0	0.00	0.05	46.97	50.79	0.00
0	4	0.00	0.00	0.25	1.09	0.00
1	1	0.00	0.00	0.37	0.50	0.00
1	5	0.00	0.00	0.60	0.89	0.00
2	2	0.00	0.01	0.70	1.16	0.00
2	6	0.00	0.00	0.35	1.19	0.00
3	3	0.00	0.00	0.72	0.70	0.00
3	7	0.00	0.00	0.44	1.48	0.00
Core	CPU	C1%	C3%	C6%	C8%	C9%
-	-	0.00	0.31	5.27	7.94	0.42
0	0	0.00	2.46	38.14	56.02	0.00
0	4	0.00	0.00	0.59	1.10	0.00
1	1	0.00	0.00	0.35	1.29	0.00
1	5	0.00	0.00	0.82	0.71	0.00
2	2	0.02	0.02	1.15	0.60	3.33
2	6	0.00	0.00	0.10	1.29	0.00
3	3	0.00	0.00	0.28	1.58	0.00
3	7	0.00	0.00	0.73	0.90	0.00
Core	CPU	C1%	C3%	C6%	C8%	C9%
-	-	0.10	0.01	5.14	9.36	0.00
0	0	0.00	0.06	36.91	60.65	0.00
0	4	0.00	0.00	0.47	2.09	0.00
1	1	0.00	0.02	0.67	1.62	0.00
1	5	0.00	0.00	1.08	1.85	0.00
2	2	0.00	0.01	0.47	2.12	0.00
2	6	0.00	0.00	0.60	2.29	0.00
3	3	0.00	0.00	0.38	2.89	0.00
3	7	0.82	0.00	0.56	1.40	0.00
Core	CPU	C1%	C3%	C6%	C8%	C9%
-	-	0.04	0.00	4.90	8.28	0.00
0	0	0.00	0.04	35.91	61.61	0.00
0	4	0.00	0.00	0.07	0.50	0.00
1	1	0.00	0.00	0.60	0.09	0.00
1	5	0.30	0.00	0.89	0.30	0.00
2	2	0.00	0.00	0.86	0.39	0.00
2	6	0.00	0.00	0.56	0.99	0.00
3	3	0.00	0.00	0.23	1.09	0.00
3	7	0.00	0.00	0.10	1.29	0.00
Core	CPU	C1%	C3%	C6%	C8%	C9%
-	-	0.02	0.01	5.04	8.42	0.00
0	0	0.19	0.03	37.16	60.40	0.00
0	4	0.00	0.00	0.29	0.60	0.00
1	1	0.00	0.00	0.25	0.68	0.00
1	5	0.00	0.03	1.06	1.33	0.00
2	2	0.00	0.00	0.37	0.89	0.00
2	6	0.00	0.01	0.82	1.37	0.00
3	3	0.00	0.03	0.25	0.89	0.00
3	7	0.00	0.00	0.13	1.18	0.00
Core	CPU	C1%	C3%	C6%	C8%	C9%
-	-	0.00	0.01	4.99	8.42	0.00
0	0	0.00	0.02	35.67	62.08	0.00
0	4	0.00	0.00	0.27	1.00	0.00
1	1	0.00	0.00	0.45	0.80	0.00
1	5	0.00	0.00	0.63	0.80	0.00
2	2	0.00	0.02	0.67	0.90	0.00
2	6	0.00	0.01	1.01	0.66	0.00
3	3	0.00	0.00	0.78	0.40	0.00
3	7	0.00	0.00	0.46	0.70	0.00
Core	CPU	C1%	C3%	C6%	C8%	C9%
-	-	0.00	0.01	4.77	9.09	0.01
0	0	0.00	0.04	35.39	62.30	0.00
0	4	0.00	0.00	0.19	1.00	0.00
1	1	0.00	0.00	0.17	1.08	0.00
1	5	0.00	0.00	0.32	1.28	0.00
2	2	0.00	0.00	0.26	4.40	0.07
2	6	0.00	0.01	1.19	0.96	0.00
3	3	0.01	0.00	0.29	0.89	0.00
3	7	0.00	0.00	0.37	0.78	0.00
Core	CPU	C1%	C3%	C6%	C8%	C9%
-	-	0.00	0.00	4.91	8.65	0.00
0	0	0.00	0.01	36.15	61.55	0.00
0	4	0.00	0.00	0.10	0.40	0.00
1	1	0.00	0.00	0.19	1.09	0.00
1	5	0.00	0.02	0.36	1.88	0.00
2	2	0.00	0.00	0.80	1.19	0.00
2	6	0.00	0.00	1.14	1.09	0.00
3	3	0.00	0.00	0.10	1.00	0.00
3	7	0.00	0.00	0.41	0.99	0.00
Core	CPU	C1%	C3%	C6%	C8%	C9%
-	-	0.04	0.01	5.07	8.59	0.10
0	0	0.00	0.03	36.88	60.82	0.00
0	4	0.00	0.02	0.20	0.30	0.00
1	1	0.00	0.00	0.73	0.49	0.81
1	5	0.30	0.02	0.70	2.22	0.00
2	2	0.00	0.00	1.06	1.82	0.00
2	6	0.00	0.02	0.65	1.07	0.00
3	3	0.00	0.00	0.22	0.90	0.00
3	7	0.00	0.00	0.09	1.10	0.00
Core	CPU	C1%	C3%	C6%	C8%	C9%
-	-	0.00	0.01	4.85	8.87	0.00
0	0	0.00	0.03	34.91	62.81	0.00
0	4	0.00	0.00	0.24	0.50	0.00
1	1	0.00	0.00	0.72	1.09	0.00
1	5	0.00	0.00	0.59	1.23	0.00
2	2	0.00	0.00	0.47	1.19	0.00
2	6	0.00	0.01	1.18	0.99	0.00
3	3	0.00	0.00	0.36	1.29	0.00
3	7	0.00	0.00	0.33	1.89	0.00
Core	CPU	C1%	C3%	C6%	C8%	C9%
-	-	0.00	0.01	5.01	8.49	0.00
0	0	0.00	0.07	36.19	61.49	0.00
0	4	0.00	0.00	0.27	1.09	0.00
1	1	0.00	0.00	0.34	0.99	0.00
1	5	0.00	0.00	0.62	0.72	0.00
2	2	0.00	0.01	0.76	0.90	0.00
2	6	0.00	0.00	1.19	0.88	0.00
3	3	0.00	0.00	0.28	0.98	0.00
3	7	0.00	0.00	0.46	0.89	0.00
Core	CPU	C1%	C3%	C6%	C8%	C9%
-	-	0.00	0.01	4.94	8.69	0.40
0	0	0.00	0.08	35.67	62.01	0.00
0	4	0.00	0.00	0.19	1.19	0.00
1	1	0.00	0.00	0.27	1.09	0.00
1	5	0.00	0.00	0.34	1.21	0.00
2	2	0.00	0.00	1.34	1.11	3.17
2	6	0.00	0.03	1.01	0.67	0.00
3	3	0.00	0.00	0.36	1.29	0.00
3	7	0.00	0.00	0.36	0.98	0.00
Core	CPU	C1%	C3%	C6%	C8%	C9%
-	-	0.00	0.01	5.06	8.55	0.00
0	0	0.00	0.04	36.32	61.40	0.00
0	4	0.00	0.00	0.20	1.19	0.00
1	1	0.00	0.00	0.28	1.09	0.00
1	5	0.00	0.00	0.92	1.09	0.00
2	2	0.00	0.00	0.52	0.80	0.00
2	6	0.04	0.03	1.74	0.68	0.00
3	3	0.00	0.00	0.10	1.29	0.00
3	7	0.00	0.00	0.38	0.89	0.00
Core	CPU	C1%	C3%	C6%	C8%	C9%
-	-	0.09	0.02	4.91	8.49	0.00
0	0	0.00	0.05	36.28	61.42	0.00
0	4	0.00	0.02	0.10	0.40	0.00
1	1	0.70	0.00	0.10	0.80	0.00
1	5	0.00	0.00	0.57	1.69	0.00
2	2	0.00	0.00	0.31	0.90	0.00
2	6	0.00	0.01	1.15	0.67	0.00
3	3	0.00	0.10	0.61	1.09	0.00
3	7	0.00	0.00	0.20	0.99	0.00
Core	CPU	C1%	C3%	C6%	C8%	C9%
-	-	0.00	0.03	5.00	10.89	0.00
0	0	0.00	0.08	35.70	62.01	0.00
0	4	0.00	0.00	0.14	0.40	0.00
1	1	0.00	0.02	0.20	0.89	0.00
1	5	0.00	0.00	0.78	1.40	0.00
2	2	0.00	0.00	0.65	1.09	0.00
2	6	0.00	0.00	1.24	0.98	0.00
3	3	0.01	0.15	0.89	18.26	0.00
3	7	0.00	0.00	0.41	2.09	0.00
Core	CPU	C1%	C3%	C6%	C8%	C9%
-	-	0.00	0.01	4.76	10.00	0.00
0	0	0.00	0.04	34.59	63.14	0.00
0	4	0.00	0.00	0.35	0.21	0.00
1	1	0.00	0.00	0.24	1.48	0.00
1	5	0.00	0.00	0.13	1.62	0.00
2	2	0.00	0.00	0.48	0.30	0.00
2	6	0.00	0.01	1.00	1.46	0.00
3	3	0.00	0.00	1.12	10.34	0.00
3	7	0.00	0.00	0.14	1.48	0.00
Core	CPU	C1%	C3%	C6%	C8%	C9%
-	-	0.00	0.01	5.23	8.46	0.00
0	0	0.00	0.02	36.60	61.09	0.00
0	4	0.00	0.00	0.96	0.49	0.00
1	1	0.00	0.00	0.25	1.09	0.00
1	5	0.00	0.00	0.71	1.79	0.00
2	2	0.00	0.01	0.85	0.70	0.00
2	6	0.00	0.01	1.38	0.96	0.00
3	3	0.00	0.00	0.63	0.70	0.00
3	7	0.00	0.00	0.46	0.88	0.00
Core	CPU	C1%	C3%	C6%	C8%	C9%
-	-	0.00	0.01	4.96	8.52	0.00
0	0	0.00	0.01	36.87	60.78	0.00
0	4	0.00	0.00	0.19	1.19	0.00
1	1	0.00	0.00	0.17	1.09	0.00
1	5	0.00	0.00	0.35	0.99	0.00
2	2	0.00	0.00	0.32	0.99	0.00
2	6	0.00	0.03	0.92	0.96	0.00
3	3	0.00	0.00	0.48	1.09	0.00
3	7	0.00	0.00	0.37	1.10	0.00
Core	CPU	C1%	C3%	C6%	C8%	C9%
-	-	0.00	0.02	5.13	8.17	0.00
0	0	0.00	0.10	37.72	59.81	0.00
0	4	0.00	0.00	0.17	0.50	0.00
1	1	0.00	0.00	0.38	0.99	0.00
1	5	0.00	0.00	0.36	1.00	0.00
2	2	0.00	0.00	0.61	0.40	0.00
2	6	0.00	0.01	1.03	0.68	0.00
3	3	0.00	0.01	0.49	1.20	0.00
3	7	0.00	0.00	0.30	0.79	0.00
Core	CPU	C1%	C3%	C6%	C8%	C9%
-	-	0.03	0.08	4.86	8.64	0.00
0	0	0.00	0.63	35.51	61.31	0.00
0	4	0.00	0.00	0.89	1.10	0.00
1	1	0.00	0.01	0.39	1.28	0.00
1	5	0.00	0.00	0.39	0.88	0.00
2	2	0.20	0.01	0.24	0.80	0.00
2	6	0.00	0.01	0.96	1.16	0.00
3	3	0.00	0.00	0.23	1.47	0.00
3	7	0.01	0.00	0.27	1.09	0.00
Core	CPU	C1%	C3%	C6%	C8%	C9%
-	-	0.00	0.01	4.97	8.41	0.00
0	0	0.00	0.03	36.81	60.85	0.00
0	4	0.00	0.02	0.10	0.40	0.00
1	1	0.00	0.00	0.10	0.79	0.00
1	5	0.00	0.00	0.70	0.99	0.00
2	2	0.00	0.00	0.31	1.58	0.00
2	6	0.00	0.00	1.14	0.68	0.00
3	3	0.00	0.02	0.29	0.90	0.00
3	7	0.00	0.00	0.29	1.09	0.00
Core	CPU	C1%	C3%	C6%	C8%	C9%
-	-	0.00	0.01	4.99	8.27	0.42
0	0	0.00	0.05	37.95	59.70	0.00
0	4	0.00	0.00	0.14	0.40	0.00
1	1	0.00	0.02	0.20	0.69	0.00
1	5	0.00	0.00	0.50	0.60	0.00
2	2	0.00	0.00	0.19	0.99	3.38
2	6	0.00	0.02	0.49	1.25	0.00
3	3	0.00	0.00	0.30	1.18	0.00
3	7	0.00	0.03	0.19	1.33	0.00
