Core	CPU	C1%	C3%	C6%	C8%	C9%
-	-	0.14	0.21	1.65	1.29	4.46
0	0	0.00	0.00	0.88	0.30	0.00
0	4	0.00	1.61	1.82	1.40	0.00
1	1	0.00	0.01	2.91	1.54	0.00
1	5	0.63	0.00	0.20	0.10	0.00
2	2	0.51	0.02	2.45	2.71	0.00
2	6	0.00	0.00	0.57	0.50	35.70
3	3	0.00	0.00	1.46	1.97	0.00
3	7	0.00	0.03	2.89	1.78	0.00
Core	CPU	C1%	C3%	C6%	C8%	C9%
-	-	0.27	2.11	12.93	9.70	0.00
0	0	0.78	0.71	13.51	5.34	0.00
0	4	0.31	4.99	14.01	7.95	0.00
1	1	0.42	5.76	11.86	6.39	0.04
1	5	0.18	3.14	16.45	4.41	0.00
2	2	0.00	0.26	14.11	7.54	0.00
2	6	0.05	0.90	9.85	25.19	0.00
3	3	0.42	0.31	15.45	14.42	0.00
3	7	0.00	0.80	8.19	6.34	0.00
Core	CPU	C1%	C3%	C6%	C8%	C9%
-	-	0.14	2.38	14.11	13.96	0.00
0	0	0.19	0.39	21.11	8.04	0.00
0	4	0.00	2.97	12.84	12.33	0.00
1	1	0.94	14.97	5.34	4.66	0.00
1	5	0.00	0.14	14.73	16.73	0.00
2	2	0.00	0.09	14.57	26.81	0.00
2	6	0.00	0.17	14.79	16.45	0.00
3	3	0.00	0.14	14.73	14.06	0.00
3	7	0.00	0.19	14.77	12.59	0.00
Core	CPU	C1%	C3%	C6%	C8%	C9%
-	-	0.08	2.52	13.95	12.74	0.27
0	0	0.06	0.25	19.04	4.05	0.06
0	4	0.01	5.85	12.63	6.05	0.00
1	1	0.11	1.59	14.57	11.88	0.00
1	5	0.43	11.73	7.12	6.37	2.13
2	2	0.00	0.30	15.53	24.97	0.00
2	6	0.00	0.18	14.21	20.52	0.00
3	3	0.00	0.13	13.29	13.73	0.00
3	7	0.00	0.13	15.36	14.43	0.00
Core	CPU	C1%	C3%	C6%	C8%	C9%
-	-	0.10	2.92	16.96	16.79	0.22
0	0	0.02	1.10	25.13	15.19	0.00
0	4	0.00	1.57	18.03	16.83	0.00
1	1	0.00	0.97	19.31	23.32	1.73
1	5	0.77	18.91	4.65	0.95	0.00
2	2	0.00	0.17	17.78	20.54	0.00
2	6	0.00	0.10	15.64	20.94	0.00
3	3	0.00	0.19	16.43	14.51	0.00
3	7	0.01	0.36	18.55	21.89	0.00
Core	CPU	C1%	C3%	C6%	C8%	C9%
-	-	0.12	3.68	21.47	23.45	0.19
0	0	0.01	5.96	25.46	32.35	0.00
0	4	0.00	0.17	24.11	19.99	1.52
1	1	0.41	10.62	15.23	14.01	0.00
1	5	0.16	2.78	20.78	25.02	0.00
2	2	0.01	0.08	21.48	27.42	0.00
2	6	0.40	9.37	17.18	17.90	0.00
3	3	0.00	0.30	22.21	22.52	0.00
3	7	0.00	0.17	25.36	28.43	0.00
Core	CPU	C1%	C3%	C6%	C8%	C9%
-	-	0.07	3.62	21.65	23.14	0.16
0	0	0.00	8.54	26.65	9.73	0.00
0	4	0.27	12.52	16.22	12.28	0.61
1	1	0.14	2.71	21.74	24.41	0.00
1	5	0.11	4.22	20.02	33.36	0.00
2	2	0.00	0.26	23.12	26.50	0.62
2	6	0.00	0.18	20.71	30.56	0.00
3	3	0.00	0.28	22.54	23.51	0.00
3	7	0.00	0.26	22.18	24.79	0.02
Core	CPU	C1%	C3%	C6%	C8%	C9%
-	-	0.17	3.37	20.80	21.60	0.00
0	0	0.05	1.58	29.64	8.42	0.00
0	4	0.10	1.11	20.88	16.84	0.00
1	1	0.23	5.26	19.08	25.42	0.00
1	5	0.66	13.64	12.09	20.06	0.00
2	2	0.01	0.33	20.59	25.92	0.00
2	6	0.18	4.69	19.06	25.43	0.00
3	3	0.01	0.22	22.72	21.34	0.00
3	7	0.13	0.11	22.34	29.37	0.00
Core	CPU	C1%	C3%	C6%	C8%	C9%
-	-	0.09	3.57	21.09	22.18	0.00
0	0	0.00	12.75	23.78	5.56	0.00
0	4	0.00	1.36	22.05	21.17	0.00
1	1	0.22	5.28	18.01	17.79	0.00
1	5	0.48	8.10	18.40	12.95	0.00
2	2	0.00	0.20	19.98	33.78	0.00
2	6	0.01	0.19	20.64	33.82	0.00
3	3	0.00	0.33	22.38	20.10	0.00
3	7	0.01	0.32	23.44	32.24	0.00
Core	CPU	C1%	C3%	C6%	C8%	C9%
-	-	0.04	2.88	16.05	17.01	0.13
0	0	0.01	8.11	16.61	3.10	0.00
0	4	0.15	3.98	14.77	19.43	0.00
1	1	0.07	3.49	15.31	20.47	1.01
1	5	0.00	0.16	15.22	17.76	0.00
2	2	0.04	2.78	15.56	21.03	0.00
2	6	0.05	3.86	15.14	18.32	0.00
3	3	0.01	0.58	18.01	16.60	0.00
3	7	0.00	0.08	17.81	19.39	0.00
Core	CPU	C1%	C3%	C6%	C8%	C9%
-	-	0.03	2.95	18.21	18.52	0.00
0	0	0.03	19.30	11.31	2.85	0.00
0	4	0.22	2.61	18.20	16.52	0.00
1	1	0.00	0.11	20.12	23.87	0.00
1	5	0.00	0.12	18.55	21.36	0.00
2	2	0.00	0.19	18.76	16.11	0.00
2	6	0.00	0.09	18.32	22.71	0.00
3	3	0.00	0.19	19.09	26.05	0.00
3	7	0.00	0.98	21.36	18.66	0.00
Core	CPU	C1%	C3%	C6%	C8%	C9%
-	-	0.34	3.57	21.69	22.13	0.16
0	0	0.01	6.68	25.21	6.89	0.00
0	4	0.01	5.17	22.60	17.31	0.00
1	1	0.65	4.09	22.46	24.37	0.00
1	5	2.07	11.63	14.37	10.18	0.00
2	2	0.00	0.23	21.53	25.03	1.29
2	6	0.00	0.17	20.22	25.18	0.00
3	3	0.00	0.27	22.80	32.02	0.00
3	7	0.00	0.35	24.35	36.09	0.00
Core	CPU	C1%	C3%	C6%	C8%	C9%
-	-	0.22	3.69	21.17	21.70	0.10
0	0	0.00	0.46	28.40	17.69	0.00
0	4	0.00	0.16	23.23	16.59	0.00
1	1	0.20	0.96	23.18	26.03	0.00
1	5	1.54	26.12	4.73	0.82	0.00
2	2	0.00	0.20	21.64	30.31	0.00
2	6	0.00	0.94	22.81	22.01	0.00
3	3	0.00	0.33	21.76	21.32	0.79
3	7	0.00	0.34	23.60	38.85	0.00
Core	CPU	C1%	C3%	C6%	C8%	C9%
-	-	0.15	3.59	20.57	22.47	0.07
0	0	0.01	0.49	29.16	22.69	0.00
0	4	0.00	0.25	22.08	21.31	0.00
1	1	0.07	2.08	19.86	22.36	0.00
1	5	0.74	16.27	13.76	8.45	0.46
2	2	0.18	4.51	18.68	21.38	0.00
2	6	0.18	4.43	17.82	19.97	0.07
3	3	0.00	0.40	23.27	36.06	0.00
3	7	0.00	0.24	19.91	27.51	0.00
Core	CPU	C1%	C3%	C6%	C8%	C9%
-	-	0.04	2.01	27.14	25.42	0.03
0	0	0.01	6.94	26.88	6.40	0.00
0	4	0.04	3.54	24.05	16.09	0.00
1	1	0.12	3.64	27.96	27.65	0.00
1	5	0.00	0.20	28.40	27.48	0.00
2	2	0.06	0.22	29.16	30.20	0.00
2	6	0.08	0.41	27.23	32.02	0.11
3	3	0.00	0.30	28.54	36.44	0.00
3	7	0.01	0.89	25.04	27.19	0.09
Core	CPU	C1%	C3%	C6%	C8%	C9%
-	-	0.18	3.64	20.46	23.23	0.00
0	0	0.00	0.46	32.21	11.01	0.02
0	4	0.00	0.08	23.93	39.67	0.00
1	1	0.31	7.35	15.62	14.28	0.00
1	5	1.09	20.69	10.50	6.56	0.00
2	2	0.00	0.12	19.66	25.50	0.00
2	6	0.00	0.08	18.32	37.89	0.00
3	3	0.00	0.15	20.66	24.16	0.00
3	7	0.00	0.16	22.65	26.60	0.00
Core	CPU	C1%	C3%	C6%	C8%	C9%
-	-	0.18	3.33	21.09	21.96	0.28
0	0	0.01	0.75	30.80	25.17	0.00
0	4	0.00	0.30	21.63	26.74	0.00
1	1	0.69	13.08	14.06	11.62	0.00
1	5	0.71	11.30	15.91	10.57	0.00
2	2	0.00	0.26	21.07	24.76	0.00
2	6	0.00	0.31	21.98	29.43	1.33
3	3	0.00	0.29	22.99	25.61	0.88
3	7	0.00	0.32	20.37	21.90	0.00
Core	CPU	C1%	C3%	C6%	C8%	C9%
-	-	0.18	3.43	21.91	21.58	0.00
0	0	0.11	0.51	30.95	13.12	0.00
0	4	0.16	0.16	22.97	24.84	0.00
1	1	0.01	0.17	23.48	22.81	0.00
1	5	0.25	5.33	16.52	34.94	0.00
2	2	0.46	8.01	17.14	17.98	0.00
2	6	0.43	12.84	18.66	13.00	0.00
3	3	0.00	0.18	24.58	22.10	0.00
3	7	0.00	0.26	20.87	23.75	0.00
Core	CPU	C1%	C3%	C6%	C8%	C9%
-	-	0.24	3.58	22.30	21.83	0.19
0	0	0.01	3.89	32.69	37.54	0.00
0	4	0.00	0.17	24.38	21.71	1.54
1	1	1.00	3.86	22.05	21.15	0.00
1	5	0.40	12.29	17.63	12.39	0.00
2	2	0.37	7.92	15.90	17.54	0.00
2	6	0.00	0.16	23.02	22.14	0.00
3	3	0.00	0.18	21.83	19.64	0.00
3	7	0.10	0.17	20.89	22.54	0.00
Core	CPU	C1%	C3%	C6%	C8%	C9%
-	-	0.10	3.29	16.93	16.17	0.00
0	0	0.02	6.99	22.98	7.09	0.01
0	4	0.23	4.19	17.20	14.41	0.00
1	1	0.01	1.64	18.77	18.85	0.00
1	5	0.32	6.38	11.37	21.49	0.00
2	2	0.00	0.13	15.98	21.50	0.00
2	6	0.17	3.71	14.84	11.82	0.00
3	3	0.08	0.17	15.55	15.95	0.00
3	7	0.00	3.15	18.71	18.19	0.00
Core	CPU	C1%	C3%	C6%	C8%	C9%
-	-	0.17	3.48	21.23	20.42	0.20
0	0	0.01	0.42	31.77	10.78	0.02
0	4	0.00	0.20	23.47	19.26	0.00
1	1	1.11	23.21	6.77	1.40	0.00
1	5	0.09	1.95	24.47	31.94	0.05
2	2	0.00	0.14	21.14	18.85	1.39
2	6	0.00	0.14	21.61	41.15	0.12
3	3	0.17	1.59	19.43	20.68	0.00
3	7	0.00	0.17	21.18	19.28	0.00
Core	CPU	C1%	C3%	C6%	C8%	C9%
-	-	0.12	3.43	23.12	21.18	0.02
0	0	0.01	2.66	31.63	16.09	0.00
0	4	0.00	0.22	25.26	27.69	0.00
1	1	0.53	15.49	15.40	14.62	0.00
1	5	0.38	4.96	23.37	17.53	0.00
2	2	0.01	0.31	23.82	28.28	0.00
2	6	0.04	3.42	19.82	19.08	0.00
3	3	0.00	0.24	21.11	20.92	0.20
3	7	0.00	0.22	24.80	25.40	0.00
Core	CPU	C1%	C3%	C6%	C8%	C9%
-	-	0.14	3.80	22.77	23.68	0.17
0	0	0.01	1.44	32.06	9.87	1.37
0	4	0.00	0.25	24.65	24.74	0.00
1	1	0.35	8.49	21.06	17.87	0.00
1	5	0.20	5.45	19.67	27.66	0.00
2	2	0.42	11.32	17.54	26.31	0.00
2	6	0.00	0.25	22.26	33.33	0.00
3	3	0.17	2.91	20.69	23.85	0.00
3	7	0.00	0.24	24.01	25.64	0.00
Core	CPU	C1%	C3%	C6%	C8%	C9%
-	-	0.07	3.85	21.00	23.99	0.13
0	0	0.00	9.61	26.48	16.37	0.98
0	4	0.00	3.92	22.88	22.20	0.00
1	1	0.00	0.29	21.37	27.34	0.00
1	5	0.41	11.85	13.54	14.62	0.00
2	2	0.10	3.17	20.80	36.80	0.00
2	6	0.00	0.30	22.78	26.70	0.06
3	3	0.04	0.22	20.79	26.49	0.00
3	7	0.00	1.47	19.40	21.39	0.00
Core	CPU	C1%	C3%	C6%	C8%	C9%
-	-	0.10	2.77	16.30	15.24	0.00
0	0	0.10	6.65	19.30	10.89	0.00
0	4	0.00	0.12	17.31	12.34	0.00
1	1	0.38	6.35	15.09	13.38	0.00
1	5	0.18	5.09	14.33	12.23	0.00
2	2	0.00	0.13	15.79	18.40	0.00
2	6	0.00	0.24	15.72	25.98	0.00
3	3	0.12	3.39	15.86	14.37	0.00
3	7	0.01	0.17	16.99	14.30	0.00
Core	CPU	C1%	C3%	C6%	C8%	C9%
-	-	0.12	3.49	21.40	22.84	0.00
0	0	0.00	2.77	30.80	16.76	0.00
0	4	0.00	0.22	22.85	21.74	0.00
1	1	0.57	13.29	15.58	17.63	0.00
1	5	0.00	0.13	21.84	30.51	0.00
2	2	0.35	7.42	17.07	20.32	0.00
2	6	0.00	0.14	23.95	29.93	0.00
3	3	0.06	3.73	19.09	24.00	0.00
3	7	0.00	0.20	20.06	21.78	0.00
Core	CPU	C1%	C3%	C6%	C8%	C9%
-	-	0.12	3.17	23.29	22.79	0.17
0	0	0.01	0.50	35.49	16.50	0.00
0	4	0.00	0.15	25.32	23.53	0.00
1	1	0.00	0.19	23.19	25.63	0.00
1	5	0.00	0.18	20.95	24.42	0.00
2	2	0.74	20.83	8.33	4.60	0.13
2	6	0.23	2.38	26.55	21.80	0.25
3	3	0.00	1.00	23.57	34.50	1.00
3	7	0.00	0.21	23.49	31.86	0.00
Core	CPU	C1%	C3%	C6%	C8%	C9%
-	-	0.17	3.68	21.91	23.35	0.16
0	0	0.01	6.75	25.80	7.28	0.00
0	4	0.80	10.65	15.51	12.85	0.00
1	1	0.09	1.33	23.48	37.96	0.00
1	5	0.47	9.67	16.58	11.63	0.00
2	2	0.00	0.21	24.23	28.13	0.00
2	6	0.00	0.20	23.60	33.84	0.05
3	3	0.00	0.24	22.20	23.76	1.27
3	7	0.01	0.23	23.37	30.91	0.00
Core	CPU	C1%	C3%	C6%	C8%	C9%
-	-	0.14	3.39	21.29	22.02	0.08
0	0	0.01	0.49	33.03	8.63	0.02
0	4	0.00	0.15	22.50	24.19	0.00
1	1	0.12	2.94	18.83	20.89	0.07
1	5	0.00	0.62	19.99	22.36	0.00
2	2	0.90	20.64	8.91	3.62	0.57
2	6	0.09	1.85	23.10	45.05	0.00
3	3	0.00	0.24	21.07	23.41	0.00
3	7	0.00	0.20	22.91	28.04	0.00
Core	CPU	C1%	C3%	C6%	C8%	C9%
-	-	0.09	2.13	25.57	23.57	0.00
0	0	0.10	2.31	29.52	12.50	0.00
0	4	0.01	4.35	22.58	22.18	0.00
1	1	0.12	1.15	25.43	28.50	0.00
1	5	0.00	0.12	26.70	25.37	0.00
2	2	0.16	1.24	25.05	26.62	0.00
2	6	0.13	5.78	23.27	28.49	0.00
3	3	0.17	1.31	23.46	19.63	0.00
3	7	0.00	0.78	28.68	25.37	0.00
Core	CPU	C1%	C3%	C6%	C8%	C9%
-	-	0.11	3.62	20.44	21.16	0.01
0	0	0.00	0.60	30.35	14.74	0.00
0	4	0.00	0.16	21.25	21.66	0.00
1	1	0.00	0.15	22.25	25.82	0.00
1	5	0.00	0.11	18.99	20.69	0.00
2	2	0.16	4.83	20.77	31.80	0.00
2	6	0.67	22.73	8.79	3.61	0.05
3	3	0.00	0.19	20.26	29.39	0.00
3	7	0.00	0.18	20.77	21.44	0.00
Core	CPU	C1%	C3%	C6%	C8%	C9%
-	-	0.12	3.66	21.02	23.83	0.22
0	0	0.01	6.01	28.11	12.75	0.00
0	4	0.00	0.06	22.62	29.65	0.00
1	1	0.03	2.55	20.74	30.31	0.00
1	5	0.00	0.11	20.87	34.03	0.00
2	2	0.14	3.94	19.50	19.57	1.39
2	6	0.72	15.69	11.83	12.17	0.00
3	3	0.01	0.15	24.50	27.47	0.34
3	7	0.00	0.79	20.02	24.74	0.00
Core	CPU	C1%	C3%	C6%	C8%	C9%
-	-	0.14	3.69	20.97	21.60	0.00
0	0	0.01	0.48	29.44	23.42	0.00
0	4	0.00	0.26	23.69	20.58	0.00
1	1	0.01	0.15	21.78	25.26	0.00
1	5	0.00	0.14	20.93	38.98	0.00
2	2	1.03	25.62	4.98	0.99	0.00
2	6	0.08	2.42	21.60	22.37	0.00
3	3	0.01	0.19	21.46	20.93	0.00
3	7	0.00	0.26	23.86	20.23	0.00
Core	CPU	C1%	C3%	C6%	C8%	C9%
-	-	0.13	3.66	21.43	21.30	0.19
0	0	0.01	1.58	32.63	27.12	1.39
0	4	0.00	0.10	21.48	21.47	0.00
1	1	0.00	0.18	23.25	35.37	0.00
1	5	0.00	0.14	22.59	18.43	0.00
2	2	0.44	10.59	16.97	19.29	0.00
2	6	0.55	16.27	10.74	10.03	0.11
3	3	0.00	0.20	21.90	20.07	0.00
3	7	0.00	0.23	21.86	18.64	0.00
Core	CPU	C1%	C3%	C6%	C8%	C9%
-	-	0.09	2.34	16.29	14.31	0.39
0	0	0.00	3.61	19.14	4.33	3.11
0	4	0.00	0.14	18.25	17.39	0.00
1	1	0.02	1.67	16.42	16.87	0.00
1	5	0.13	2.12	15.78	19.87	0.00
2	2	0.26	4.42	15.51	15.57	0.00
2	6	0.30	6.52	12.39	9.33	0.00
3	3	0.00	0.08	15.75	14.67	0.00
3	7	0.00	0.13	17.10	16.43	0.00
Core	CPU	C1%	C3%	C6%	C8%	C9%
-	-	0.10	3.74	21.79	21.56	0.02
0	0	0.01	4.60	26.28	6.92	0.00
0	4	0.10	10.80	16.92	14.04	0.13
1	1	0.08	3.49	19.60	25.44	0.00
1	5	0.00	0.19	22.63	22.49	0.00
2	2	0.19	0.20	23.32	33.48	0.00
2	6	0.39	9.04	17.06	24.53	0.00
3	3	0.01	0.28	25.08	23.64	0.00
3	7	0.00	1.33	23.45	21.92	0.00
Core	CPU	C1%	C3%	C6%	C8%	C9%
-	-	0.11	3.68	23.42	22.54	0.00
0	0	0.01	9.14	24.70	6.52	0.00
0	4	0.26	9.07	20.16	15.61	0.00
1	1	0.51	6.59	18.85	15.39	0.00
1	5	0.01	1.64	24.11	26.45	0.00
2	2	0.07	2.31	22.06	31.36	0.00
2	6	0.00	0.18	24.63	25.63	0.00
3	3	0.00	0.29	27.10	39.79	0.00
3	7	0.00	0.22	25.76	19.60	0.00
Core	CPU	C1%	C3%	C6%	C8%	C9%
-	-	0.10	3.67	22.42	22.15	0.10
0	0	0.01	6.92	28.12	8.78	0.00
0	4	0.00	2.08	21.88	29.44	0.00
1	1	0.55	9.54	19.51	16.36	0.13
1	5	0.06	3.49	19.89	20.13	0.00
2	2	0.12	3.57	20.89	18.22	0.00
2	6	0.00	0.13	22.36	28.49	0.00
3	3	0.09	3.51	24.23	31.64	0.00
3	7	0.00	0.12	22.51	24.15	0.71
Core	CPU	C1%	C3%	C6%	C8%	C9%
-	-	0.00	3.84	20.88	22.85	0.00
0	0	0.01	24.79	12.37	1.26	0.00
0	4	0.01	4.68	21.77	26.37	0.00
1	1	0.00	0.30	24.28	28.70	0.00
1	5	0.00	0.12	20.92	21.07	0.00
2	2	0.00	0.19	21.45	43.96	0.00
2	6	0.00	0.18	21.57	24.34	0.00
3	3	0.00	0.25	22.80	16.53	0.00
3	7	0.00	0.26	22.16	20.91	0.00
Core	CPU	C1%	C3%	C6%	C8%	C9%
-	-	0.08	2.59	16.44	15.90	0.00
0	0	0.01	4.86	20.31	4.44	0.00
0	4	0.00	0.16	17.93	19.42	0.00
1	1	0.00	1.39	14.95	19.25	0.00
1	5	0.12	2.24	15.52	23.97	0.00
2	2	0.00	0.81	15.19	14.38	0.00
2	6	0.00	0.05	15.81	19.25	0.00
3	3	0.47	10.92	11.98	8.98	0.00
3	7	0.00	0.23	19.62	17.32	0.00
Core	CPU	C1%	C3%	C6%	C8%	C9%
-	-	0.19	3.71	22.34	21.97	0.01
0	0	0.03	13.17	21.86	7.81	0.02
0	4	0.23	3.35	22.33	22.56	0.10
1	1	0.00	0.21	22.88	24.84	0.00
1	5	0.00	0.14	21.56	34.81	0.00
2	2	0.33	6.97	20.18	18.35	0.00
2	6	0.18	5.71	21.54	21.13	0.00
3	3	0.79	0.13	25.42	27.54	0.00
3	7	0.00	0.12	23.22	19.07	0.00
Core	CPU	C1%	C3%	C6%	C8%	C9%
-	-	0.12	3.28	22.16	22.88	0.16
0	0	0.01	4.40	30.55	6.91	0.04
0	4	0.00	0.25	24.19	35.26	0.00
1	1	0.09	1.95	22.34	23.06	1.20
1	5	0.00	0.24	23.24	31.55	0.00
2	2	0.81	15.93	10.37	6.01	0.00
2	6	0.07	2.84	21.87	25.18	0.06
3	3	0.00	0.16	22.13	30.47	0.00
3	7	0.00	0.41	22.27	24.28	0.00
Core	CPU	C1%	C3%	C6%	C8%	C9%
-	-	0.13	3.62	20.80	21.86	0.00
0	0	0.00	1.62	29.97	13.71	0.00
0	4	0.00	0.15	23.33	17.38	0.00
1	1	0.52	13.00	14.97	11.46	0.00
1	5	0.48	12.36	14.05	15.86	0.00
2	2	0.00	1.33	22.69	24.73	0.00
2	6	0.00	0.11	21.26	35.56	0.00
3	3	0.00	0.22	19.01	32.69	0.00
3	7	0.01	0.21	21.14	23.45	0.00
Core	CPU	C1%	C3%	C6%	C8%	C9%
-	-	0.14	3.61	21.20	21.98	0.00
0	0	0.01	5.09	29.08	16.25	0.00
0	4	0.01	0.36	24.19	19.78	0.00
1	1	0.18	4.50	18.70	23.49	0.00
1	5	0.87	17.91	11.89	13.00	0.00
2	2	0.01	0.22	22.83	31.32	0.00
2	6	0.00	0.23	21.77	22.88	0.00
3	3	0.00	0.27	20.85	27.34	0.00
3	7	0.00	0.27	20.28	21.81	0.00
Core	CPU	C1%	C3%	C6%	C8%	C9%
-	-	0.11	2.78	16.09	14.68	0.00
0	0	0.00	0.55	24.10	20.75	0.00
0	4	0.00	0.19	16.65	14.68	0.00
1	1	0.28	7.27	11.06	8.32	0.00
1	5	0.55	13.33	8.57	3.49	0.00
2	2	0.00	0.19	17.07	15.66	0.00
2	6	0.00	0.24	16.89	16.05	0.00
3	3	0.00	0.19	16.48	21.08	0.00
3	7	0.00	0.25	17.87	17.43	0.00
Core	CPU	C1%	C3%	C6%	C8%	C9%
-	-	0.15	3.88	21.77	21.64	0.06
0	0	0.00	2.69	29.06	7.55	0.01
0	4	0.00	0.28	23.74	32.88	0.00
1	1	0.17	5.74	19.73	27.19	0.00
1	5	0.29	5.48	19.03	18.24	0.00
2	2	0.66	14.42	13.01	14.08	0.46
2	6	0.10	1.19	21.34	22.15	0.00
3	3	0.00	0.99	22.18	21.03	0.00
3	7	0.00	0.26	26.22	30.15	0.00
Core	CPU	C1%	C3%	C6%	C8%	C9%
-	-	0.16	3.28	21.69	24.04	0.00
0	0	0.01	0.42	31.61	18.77	0.00
0	4	0.00	0.18	23.62	24.14	0.00
1	1	0.81	12.23	15.36	15.59	0.00
1	5	0.22	9.33	19.10	21.37	0.00
2	2	0.11	1.51	19.72	23.47	0.00
2	6	0.13	2.08	18.36	19.83	0.00
3	3	0.00	0.21	23.15	36.58	0.00
3	7	0.01	0.29	22.46	32.50	0.00
Core	CPU	C1%	C3%	C6%	C8%	C9%
-	-	0.17	3.81	20.84	22.15	0.06
0	0	0.01	0.72	33.95	18.86	0.00
0	4	0.00	0.20	19.53	23.57	0.00
1	1	0.00	0.32	21.19	23.88	0.00
1	5	0.00	0.32	19.72	28.27	0.00
2	2	0.90	17.22	12.14	7.05	0.50
2	6	0.43	9.88	16.44	15.17	0.00
3	3	0.00	0.19	21.74	33.27	0.00
3	7	0.00	1.68	22.37	27.49	0.00
Core	CPU	C1%	C3%	C6%	C8%	C9%
-	-	0.17	3.59	21.08	20.45	0.21
0	0	0.01	0.46	30.70	7.74	0.00
0	4	0.00	1.19	18.74	17.81	1.52
1	1	0.83	16.11	11.70	15.84	0.00
1	5	0.39	8.78	17.55	22.41	0.13
2	2	0.00	0.23	24.33	34.24	0.00
2	6	0.11	1.32	20.11	21.61	0.00
3	3	0.00	0.23	21.59	23.50	0.00
3	7	0.00	0.35	23.59	20.12	0.00
Core	CPU	C1%	C3%	C6%	C8%	C9%
-	-	0.06	2.71	16.65	16.65	0.07
0	0	0.00	0.92	23.80	12.39	0.00
0	4	0.01	2.88	14.45	12.80	0.00
1	1	0.00	1.00	16.65	19.97	0.00
1	5	0.00	1.89	15.75	19.25	0.54
2	2	0.00	0.16	16.80	16.28	0.00
2	6	0.05	1.28	15.43	22.08	0.00
3	3	0.36	11.92	9.94	6.58	0.00
3	7	0.02	1.67	20.34	23.84	0.00
Core	CPU	C1%	C3%	C6%	C8%	C9%
-	-	0.04	3.71	21.29	22.78	0.18
0	0	0.01	12.04	25.02	5.93	0.00
0	4	0.01	15.06	16.09	12.49	0.00
1	1	0.01	0.22	23.48	26.96	1.40
1	5	0.13	0.21	21.83	38.34	0.00
2	2	0.00	0.16	21.04	27.70	0.00
2	6	0.18	1.54	18.21	23.05	0.00
3	3	0.00	0.23	22.84	24.48	0.00
3	7	0.00	0.21	21.86	23.30	0.00
Core	CPU	C1%	C3%	C6%	C8%	C9%
-	-	0.10	3.61	22.22	23.23	0.00
0	0	0.01	2.43	32.60	9.89	0.00
0	4	0.00	6.45	21.10	19.49	0.00
1	1	0.14	4.85	20.79	21.36	0.00
1	5	0.00	0.21	23.18	25.76	0.00
2	2	0.47	4.84	18.74	19.10	0.00
2	6	0.21	8.97	15.28	28.97	0.00
3	3	0.00	0.94	21.40	27.64	0.00
3	7	0.00	0.20	24.62	33.63	0.02
Core	CPU	C1%	C3%	C6%	C8%	C9%
-	-	0.08	3.73	22.18	21.79	0.18
0	0	0.02	8.14	23.30	6.23	0.02
0	4	0.00	3.34	21.30	25.37	0.00
1	1	0.01	0.28	22.93	19.22	1.39
1	5	0.00	0.27	22.68	34.68	0.00
2	2	0.46	12.30	15.59	12.14	0.00
2	6	0.12	3.72	23.34	20.64	0.07
3	3	0.01	0.39	24.30	30.57	0.00
3	7	0.02	1.44	23.96	25.46	0.00
Core	CPU	C1%	C3%	C6%	C8%	C9%
-	-	0.08	3.56	21.24	22.88	0.00
0	0	0.01	10.17	25.64	12.91	0.00
0	4	0.00	0.13	19.17	28.36	0.00
1	1	0.00	0.16	21.52	24.56	0.00
1	5	0.00	0.19	22.00	23.96	0.00
2	2	0.30	7.10	18.02	29.74	0.00
2	6	0.29	9.50	18.02	14.71	0.00
3	3	0.00	0.93	21.64	26.47	0.00
3	7	0.00	0.25	23.91	22.30	0.00
Core	CPU	C1%	C3%	C6%	C8%	C9%
-	-	0.07	2.58	17.42	15.62	0.40
0	0	0.01	1.57	23.12	15.13	3.16
0	4	0.01	1.49	15.34	12.90	0.00
1	1	0.00	0.19	19.74	24.52	0.00
1	5	0.00	0.21	18.50	14.79	0.00
2	2	0.34	7.21	11.92	9.77	0.00
2	6	0.19	9.69	13.45	16.67	0.00
3	3	0.00	0.14	18.36	16.86	0.00
3	7	0.00	0.13	18.91	14.34	0.00
Core	CPU	C1%	C3%	C6%	C8%	C9%
-	-	0.01	4.10	22.75	23.19	0.14
0	0	0.01	18.36	17.28	7.60	0.00
0	4	0.08	10.73	20.70	20.16	0.00
1	1	0.00	0.30	23.87	28.36	0.00
1	5	0.00	0.36	23.11	37.88	1.00
2	2	0.00	1.08	25.09	25.47	0.00
2	6	0.01	0.29	23.62	23.66	0.00
3	3	0.00	0.23	24.54	23.08	0.00
3	7	0.00	1.44	23.80	19.29	0.11
Core	CPU	C1%	C3%	C6%	C8%	C9%
-	-	0.11	3.40	22.26	25.31	0.04
0	0	0.01	3.91	30.63	22.34	0.00
0	4	0.00	0.25	21.26	28.87	0.00
1	1	0.36	4.84	20.60	23.55	0.00
1	5	0.47	16.47	14.16	10.09	0.06
2	2	0.00	0.22	23.26	28.63	0.00
2	6	0.00	0.99	23.61	27.13	0.27
3	3	0.00	0.23	21.46	25.99	0.00
3	7	0.00	0.29	23.27	36.11	0.00
Core	CPU	C1%	C3%	C6%	C8%	C9%
-	-	0.10	3.77	20.86	22.00	0.04
0	0	0.02	8.14	25.97	11.95	0.01
0	4	0.01	0.17	21.29	25.97	0.00
1	1	0.12	5.13	18.96	23.32	0.00
1	5	0.62	15.13	13.20	14.37	0.30
2	2	0.00	0.21	21.56	22.43	0.00
2	6	0.01	0.27	22.06	26.84	0.00
3	3	0.00	0.26	20.94	33.52	0.00
3	7	0.00	0.79	22.73	17.40	0.00
Core	CPU	C1%	C3%	C6%	C8%	C9%
-	-	0.09	3.73	21.84	23.02	0.01
0	0	0.01	12.70	23.42	6.55	0.00
0	4	0.00	0.13	21.76	21.99	0.00
1	1	0.00	0.18	22.52	22.08	0.00
1	5	0.00	0.18	20.94	29.94	0.00
2	2	0.35	6.86	18.50	19.78	0.00
2	6	0.00	0.14	22.79	34.39	0.09
3	3	0.31	9.38	18.69	23.49	0.00
3	7	0.05	0.30	26.14	25.92	0.00
Core	CPU	C1%	C3%	C6%	C8%	C9%
-	-	0.05	2.70	15.92	17.34	0.00
0	0	0.00	0.32	23.31	10.90	0.01
0	4	0.09	11.61	10.50	9.63	0.00
1	1	0.00	0.16	18.35	30.50	0.00
1	5	0.00	0.16	16.23	18.19	0.00
2	2	0.00	0.13	16.09	19.56	0.00
2	6	0.05	2.55	14.27	18.75	0.00
3	3	0.30	6.45	11.98	11.81	0.00
3	7	0.00	0.22	16.65	19.37	0.00
Core	CPU	C1%	C3%	C6%	C8%	C9%
-	-	0.07	3.74	21.92	21.68	0.01
0	0	0.01	7.35	25.92	6.66	0.00
0	4	0.00	8.69	18.68	11.89	0.00
1	1	0.00	0.24	23.62	43.00	0.00
1	5	0.00	0.23	21.52	20.41	0.00
2	2	0.01	0.15	22.61	34.32	0.00
2	6	0.01	0.14	21.37	25.04	0.12
3	3	0.50	12.84	17.46	9.73	0.00
3	7	0.01	0.32	24.20	22.39	0.00
Core	CPU	C1%	C3%	C6%	C8%	C9%
-	-	0.09	3.65	22.52	23.07	0.19
0	0	0.01	13.91	22.39	16.75	0.00
0	4	0.01	0.13	23.15	20.89	0.00
1	1	0.52	13.12	19.04	15.90	0.00
1	5	0.21	0.72	23.22	20.03	0.00
2	2	0.00	0.16	21.52	34.13	1.38
2	6	0.00	0.11	23.69	22.68	0.12
3	3	0.00	0.86	22.16	21.63	0.00
3	7	0.01	0.20	25.02	32.60	0.00
Core	CPU	C1%	C3%	C6%	C8%	C9%
-	-	0.10	3.86	21.76	23.93	0.00
0	0	0.00	3.75	31.14	30.01	0.00
0	4	0.00	0.29	23.35	19.70	0.00
1	1	0.00	0.17	22.64	28.49	0.00
1	5	0.70	20.85	8.81	7.70	0.00
2	2	0.11	3.70	18.93	21.55	0.00
2	6	0.00	0.28	21.68	32.65	0.00
3	3	0.00	0.28	23.71	25.37	0.00
3	7	0.00	1.53	23.86	25.97	0.00
Core	CPU	C1%	C3%	C6%	C8%	C9%
-	-	0.02	3.72	21.14	24.36	0.01
0	0	0.02	24.57	11.99	4.53	0.00
0	4	0.00	0.21	24.31	25.31	0.00
1	1	0.00	0.24	21.59	31.64	0.00
1	5	0.04	0.27	22.67	33.46	0.00
2	2	0.00	0.23	21.23	24.54	0.00
2	6	0.03	0.22	22.17	25.44	0.06
3	3	0.07	2.75	23.04	19.81	0.00
3	7	0.01	1.46	22.98	31.11	0.00
Core	CPU	C1%	C3%	C6%	C8%	C9%
-	-	0.15	2.43	15.95	17.14	0.43
0	0	0.01	1.37	22.22	7.98	3.40
0	4	0.00	0.07	16.06	24.62	0.00
1	1	0.00	0.07	16.75	17.64	0.00
1	5	0.00	0.13	18.74	21.36	0.00
2	2	0.00	0.10	15.77	17.53	0.00
2	6	1.17	17.42	3.93	0.89	0.00
3	3	0.00	0.10	17.26	28.14	0.00
3	7	0.00	0.03	16.19	18.29	0.00
Core	CPU	C1%	C3%	C6%	C8%	C9%
-	-	0.13	3.53	22.36	21.48	0.18
0	0	0.00	0.33	34.75	12.31	0.00
0	4	0.01	2.46	21.04	25.59	0.00
1	1	0.00	0.14	21.62	29.47	1.41
1	5	0.00	0.23	22.74	21.72	0.00
2	2	0.44	9.40	19.14	16.21	0.00
2	6	0.54	15.24	13.09	8.08	0.00
3	3	0.01	0.29	25.00	36.19	0.00
3	7	0.00	0.14	21.53	22.28	0.00
Core	CPU	C1%	C3%	C6%	C8%	C9%
-	-	0.01	3.60	22.31	23.84	0.01
0	0	0.01	20.44	16.67	3.28	0.08
0	4	0.01	6.93	20.85	23.14	0.00
1	1	0.04	0.22	23.53	29.98	0.00
1	5	0.00	0.22	23.62	23.19	0.00
2	2	0.00	0.23	22.87	20.88	0.00
2	6	0.00	0.20	23.85	23.25	0.00
3	3	0.00	0.22	24.11	30.96	0.00
3	7	0.00	0.30	23.00	36.01	0.00
Core	CPU	C1%	C3%	C6%	C8%	C9%
-	-	0.12	3.71	22.77	20.56	0.01
0	0	0.00	2.87	32.90	19.74	0.00
0	4	0.34	12.91	16.16	10.70	0.00
1	1	0.11	3.55	21.03	31.14	0.00
1	5	0.45	8.72	15.53	11.89	0.00
2	2	0.00	0.14	21.69	19.33	0.00
2	6	0.00	0.16	24.38	21.23	0.06
3	3	0.00	0.28	24.59	19.64	0.00
3	7	0.04	1.02	25.87	30.78	0.00
Core	CPU	C1%	C3%	C6%	C8%	C9%
-	-	0.07	3.87	21.06	23.00	0.02
0	0	0.02	14.52	19.48	17.34	0.09
0	4	0.00	0.20	25.71	23.07	0.00
1	1	0.00	0.13	20.71	30.75	0.00
1	5	0.44	10.13	16.95	18.22	0.00
2	2	0.00	0.18	21.11	22.03	0.00
2	6	0.00	0.19	21.59	22.09	0.06
3	3	0.13	5.45	20.73	23.32	0.00
3	7	0.00	0.16	22.28	27.33	0.00
Core	CPU	C1%	C3%	C6%	C8%	C9%
-	-	0.04	2.73	16.57	17.31	0.00
0	0	0.02	12.67	14.34	3.46	0.00
0	4	0.25	4.43	14.35	11.43	0.00
1	1	0.00	0.20	18.60	22.43	0.00
1	5	0.00	0.15	16.54	17.22	0.00
2	2	0.00	0.21	15.89	25.27	0.00
2	6	0.00	0.21	19.05	17.17	0.00
3	3	0.06	1.43	16.41	27.58	0.00
3	7	0.00	2.51	17.30	13.85	0.00
Core	CPU	C1%	C3%	C6%	C8%	C9%
-	-	0.11	3.67	21.20	24.20	0.00
0	0	0.01	11.75	23.68	8.09	0.00
0	4	0.00	0.18	21.59	32.01	0.00
1	1	0.00	0.96	19.97	32.50	0.00
1	5	0.00	0.21	21.95	26.56	0.00
2	2	0.39	8.39	16.90	18.42	0.00
2	6	0.17	2.27	20.44	24.93	0.00
3	3	0.30	5.49	20.84	24.83	0.00
3	7	0.01	0.16	24.40	26.39	0.00
Core	CPU	C1%	C3%	C6%	C8%	C9%
-	-	0.04	3.40	22.11	24.00	0.01
0	0	0.01	17.02	16.18	3.08	0.00
0	4	0.08	3.67	23.35	22.26	0.06
1	1	0.10	2.20	21.19	25.29	0.00
1	5	0.06	2.10	20.74	23.33	0.00
2	2	0.00	0.22	22.81	36.98	0.00
2	6	0.03	0.19	22.13	32.87	0.00
3	3	0.01	0.27	24.77	21.48	0.00
3	7	0.01	1.45	25.59	26.62	0.00
Core	CPU	C1%	C3%	C6%	C8%	C9%
-	-	0.06	3.76	21.91	23.94	0.00
0	0	0.00	10.74	24.20	5.91	0.00
0	4	0.25	13.26	17.35	13.18	0.00
1	1	0.11	3.59	20.80	31.26	0.00
1	5	0.00	0.27	22.09	22.29	0.00
2	2	0.00	0.25	20.23	26.45	0.00
2	6	0.00	0.17	20.19	38.36	0.00
3	3	0.10	0.28	25.00	23.90	0.00
3	7	0.01	1.55	25.42	30.19	0.00
Core	CPU	C1%	C3%	C6%	C8%	C9%
-	-	0.14	3.33	20.95	21.78	0.07
0	0	0.01	0.39	30.80	12.83	0.01
0	4	0.00	0.15	22.47	22.01	0.00
1	1	0.05	3.62	18.67	19.09	0.00
1	5	0.00	0.25	20.52	26.67	0.51
2	2	0.00	0.28	22.11	40.13	0.00
2	6	0.00	0.18	21.72	22.45	0.07
3	3	1.09	21.51	6.38	4.58	0.00
3	7	0.00	0.24	24.94	26.50	0.00
Core	CPU	C1%	C3%	C6%	C8%	C9%
-	-	0.12	2.38	15.45	16.98	0.08
0	0	0.02	0.64	21.76	15.30	0.14
0	4	0.00	0.22	16.42	26.94	0.00
1	1	0.00	0.23	15.95	19.19	0.00
1	5	0.00	0.27	15.96	15.80	0.00
2	2	0.00	0.30	17.52	19.31	0.52
2	6	0.00	0.15	15.49	21.88	0.00
3	3	0.90	16.92	2.92	0.00	0.00
3	7	0.00	0.27	17.58	17.45	0.00
Core	CPU	C1%	C3%	C6%	C8%	C9%
-	-	0.16	3.44	21.77	23.60	0.08
0	0	0.01	0.64	33.23	19.29	0.00
0	4	0.01	2.45	21.51	23.81	0.00
1	1	0.01	0.17	22.19	25.24	0.00
1	5	0.00	0.23	22.36	27.37	0.00
2	2	0.00	0.17	20.93	27.87	0.00
2	6	0.00	0.24	19.79	35.11	0.20
3	3	1.19	23.39	8.10	2.20	0.46
3	7	0.01	0.24	26.02	27.88	0.00
Core	CPU	C1%	C3%	C6%	C8%	C9%
-	-	0.05	3.80	22.18	22.66	0.00
0	0	0.01	8.91	28.04	11.54	0.00
0	4	0.38	16.90	16.52	10.70	0.00
1	1	0.04	2.90	18.10	21.30	0.00
1	5	0.00	0.16	22.52	29.59	0.00
2	2	0.00	1.02	24.16	32.69	0.00
2	6	0.00	0.19	23.16	21.44	0.00
3	3	0.00	0.18	23.40	28.89	0.00
3	7	0.00	0.11	21.51	25.14	0.00
Core	CPU	C1%	C3%	C6%	C8%	C9%
-	-	0.18	3.32	21.88	21.56	0.01
0	0	0.01	0.24	30.17	11.36	0.01
0	4	0.01	0.11	23.44	35.50	0.00
1	1	0.13	0.47	24.51	27.38	0.00
1	5	0.83	19.25	8.66	7.96	0.11
2	2	0.10	1.15	23.15	22.44	0.00
2	6	0.22	5.11	17.56	17.43	0.00
3	3	0.01	0.11	23.61	27.62	0.00
3	7	0.13	0.14	23.98	22.80	0.00
Core	CPU	C1%	C3%	C6%	C8%	C9%
-	-	0.13	3.78	22.99	21.88	0.01
0	0	0.00	0.43	32.60	20.28	0.00
0	4	0.00	5.53	20.35	16.38	0.00
1	1	0.00	0.18	25.27	28.28	0.00
1	5	0.55	15.30	12.84	20.88	0.00
2	2	0.52	8.13	17.61	15.96	0.00
2	6	0.00	0.26	27.73	26.48	0.07
3	3	0.00	0.19	22.41	23.71	0.00
3	7	0.00	0.27	25.47	23.37	0.00
Core	CPU	C1%	C3%	C6%	C8%	C9%
-	-	0.08	2.75	16.17	14.71	0.00
0	0	0.01	0.73	20.72	7.47	0.00
0	4	0.00	3.66	14.67	22.20	0.00
1	1	0.00	0.14	17.76	19.92	0.00
1	5	0.61	12.57	10.07	7.25	0.00
2	2	0.04	3.56	16.10	14.06	0.00
2	6	0.00	0.19	16.18	20.28	0.00
3	3	0.00	0.14	15.48	12.65	0.00
3	7	0.00	0.95	18.16	13.60	0.00
Core	CPU	C1%	C3%	C6%	C8%	C9%
-	-	0.07	4.02	21.77	22.76	0.00
0	0	0.01	14.74	23.01	13.89	0.00
0	4	0.08	4.19	21.02	15.47	0.00
1	1	0.16	7.09	18.72	27.47	0.00
1	5	0.23	3.66	18.41	30.37	0.00
2	2	0.01	0.38	22.43	23.09	0.00
2	6	0.00	0.37	22.02	22.43	0.00
3	3	0.00	0.36	22.96	26.66	0.00
3	7	0.06	1.34	25.61	22.72	0.00
Core	CPU	C1%	C3%	C6%	C8%	C9%
-	-	0.09	3.84	21.64	23.25	0.00
0	0	0.02	2.91	31.35	22.22	0.01
0	4	0.34	14.43	15.40	15.05	0.00
1	1	0.05	0.21	22.09	29.28	0.00
1	5	0.28	12.20	14.81	16.87	0.00
2	2	0.00	0.25	22.19	33.66	0.00
2	6	0.00	0.26	22.32	22.08	0.00
3	3	0.00	0.24	22.22	22.35	0.00
3	7	0.04	0.23	22.78	24.46	0.00
Core	CPU	C1%	C3%	C6%	C8%	C9%
-	-	0.09	3.31	21.56	22.91	0.00
0	0	0.02	8.94	23.76	8.31	0.00
0	4	0.08	0.51	21.44	20.58	0.00
1	1	0.43	8.91	18.37	22.15	0.00
1	5	0.01	0.24	22.59	37.36	0.00
2	2	0.00	0.22	23.07	30.60	0.00
2	6	0.00	0.13	23.31	21.99	0.00
3	3	0.21	6.15	19.58	17.75	0.00
3	7	0.01	1.38	20.38	24.58	0.00
Core	CPU	C1%	C3%	C6%	C8%	C9%
-	-	0.10	3.84	21.30	20.69	0.00
0	0	0.11	10.07	22.43	11.86	0.00
0	4	0.01	2.22	19.63	21.58	0.00
1	1	0.00	0.05	21.64	24.57	0.00
1	5	0.00	0.10	20.97	30.80	0.00
2	2	0.00	0.87	21.57	17.71	0.00
2	6	0.00	0.13	23.71	17.04	0.00
3	3	0.62	16.97	13.75	11.98	0.00
3	7	0.07	0.32	26.74	30.01	0.00
Core	CPU	C1%	C3%	C6%	C8%	C9%
-	-	0.10	2.22	26.06	24.62	0.01
0	0	0.00	7.49	30.16	11.69	0.00
0	4	0.10	1.74	24.19	22.15	0.00
1	1	0.00	0.80	26.82	31.43	0.00
1	5	0.00	0.26	24.14	26.39	0.00
2	2	0.00	0.29	26.69	24.92	0.00
2	6	0.00	0.27	30.07	31.43	0.11
3	3	0.64	6.48	15.07	10.65	0.00
3	7	0.01	0.42	31.33	38.29	0.00
Core	CPU	C1%	C3%	C6%	C8%	C9%
-	-	0.08	3.72	21.80	22.04	0.00
0	0	0.01	3.18	29.58	10.72	0.00
0	4	0.19	9.61	15.96	15.05	0.00
1	1	0.00	0.28	21.04	37.61	0.00
1	5	0.00	0.28	23.08	33.40	0.00
2	2	0.00	1.05	22.48	25.03	0.00
2	6	0.00	0.29	22.40	18.88	0.00
3	3	0.42	14.70	14.32	9.69	0.00
3	7	0.05	0.42	25.60	26.02	0.00
Core	CPU	C1%	C3%	C6%	C8%	C9%
-	-	0.01	3.91	22.11	22.23	0.01
0	0	0.02	12.30	23.32	5.97	0.00
0	4	0.01	15.84	15.49	23.22	0.00
1	1	0.00	0.27	22.56	30.68	0.00
1	5	0.00	0.23	24.04	20.62	0.00
2	2	0.00	0.27	23.64	25.61	0.00
2	6	0.02	0.24	25.13	24.07	0.05
3	3	0.00	1.79	21.75	27.75	0.00
3	7	0.00	0.34	20.84	19.92	0.00
Core	CPU	C1%	C3%	C6%	C8%	C9%
-	-	0.07	3.72	21.24	23.60	0.06
0	0	0.11	16.17	19.76	6.33	0.02
0	4	0.00	1.26	23.92	29.88	0.00
1	1	0.00	0.19	20.70	29.51	0.00
1	5	0.00	0.19	20.68	33.31	0.00
2	2	0.44	10.20	15.68	23.92	0.47
2	6	0.01	0.20	23.95	19.58	0.00
3	3	0.00	0.19	22.36	26.52	0.00
3	7	0.00	1.36	23.06	19.90	0.00
Core	CPU	C1%	C3%	C6%	C8%	C9%
-	-	0.06	3.87	21.09	22.44	0.06
0	0	0.01	5.91	25.11	7.59	0.04
0	4	0.27	14.51	15.63	11.82	0.00
1	1	0.05	1.17	24.07	32.80	0.00
1	5	0.10	7.40	16.57	28.41	0.48
2	2	0.01	1.23	20.50	25.54	0.00
2	6	0.01	0.19	19.92	31.20	0.00
3	3	0.01	0.26	22.90	19.93	0.00
3	7	0.00	0.25	23.91	22.07	0.00
Core	CPU	C1%	C3%	C6%	C8%	C9%
-	-	0.03	2.80	15.10	15.93	0.00
0	0	0.09	2.16	22.73	14.04	0.00
0	4	0.12	17.82	6.05	5.47	0.00
1	1	0.05	1.10	15.33	24.38	0.00
1	5	0.00	0.07	15.36	16.48	0.00
2	2	0.00	0.12	16.23	16.55	0.00
2	6	0.00	0.10	15.65	17.96	0.00
3	3	0.00	0.91	13.90	15.95	0.00
3	7	0.00	0.12	15.51	16.60	0.00
Core	CPU	C1%	C3%	C6%	C8%	C9%
-	-	0.10	3.78	20.39	22.21	0.00
0	0	0.12	10.59	20.61	5.22	0.01
0	4	0.01	3.46	22.02	16.56	0.00
1	1	0.45	14.13	11.16	15.73	0.00
1	5	0.00	0.12	20.55	40.84	0.00
2	2	0.00	0.20	21.95	21.01	0.00
2	6	0.00	0.22	21.50	35.40	0.00
3	3	0.20	0.18	22.63	22.15	0.00
3	7	0.00	1.38	22.75	20.83	0.00
Core	CPU	C1%	C3%	C6%	C8%	C9%
-	-	0.13	3.55	21.33	23.23	0.06
0	0	0.00	5.60	25.80	7.11	0.00
0	4	0.14	4.15	23.88	19.97	0.00
1	1	0.82	14.60	13.94	10.25	0.00
1	5	0.09	2.50	23.17	37.60	0.44
2	2	0.00	0.07	20.80	36.26	0.00
2	6	0.00	0.07	19.43	29.86	0.00
3	3	0.00	0.13	22.79	23.21	0.00
3	7	0.00	1.29	20.76	21.52	0.00
Core	CPU	C1%	C3%	C6%	C8%	C9%
-	-	0.03	3.63	20.21	22.24	0.16
0	0	0.01	5.22	18.77	5.87	0.00
0	4	0.19	21.93	11.22	9.92	0.13
1	1	0.01	0.15	20.34	37.43	1.11
1	5	0.01	0.14	19.95	29.24	0.00
2	2	0.01	0.09	20.18	24.34	0.00
2	6	0.00	0.16	23.65	28.99	0.06
3	3	0.01	0.18	23.31	22.58	0.00
3	7	0.00	1.18	24.27	19.56	0.00
Core	CPU	C1%	C3%	C6%	C8%	C9%
-	-	0.07	3.89	20.41	24.17	0.01
0	0	0.01	14.52	18.63	9.37	0.00
0	4	0.01	5.39	19.60	32.01	0.00
1	1	0.38	6.08	16.77	17.35	0.00
1	5	0.00	0.22	20.43	40.58	0.00
2	2	0.16	3.54	21.14	23.75	0.00
2	6	0.00	0.18	21.90	23.34	0.07
3	3	0.01	1.04	24.30	23.52	0.00
3	7	0.00	0.22	20.69	23.60	0.00
Core	CPU	C1%	C3%	C6%	C8%	C9%
-	-	0.05	3.40	15.81	17.35	0.01
0	0	0.01	5.89	19.17	5.33	0.02
0	4	0.23	17.53	7.78	7.89	0.00
1	1	0.00	0.50	16.74	32.05	0.05
1	5	0.00	0.12	16.06	18.46	0.00
2	2	0.14	2.33	14.85	14.01	0.00
2	6	0.00	0.21	17.75	15.59	0.00
3	3	0.00	0.26	16.71	15.53	0.00
3	7	0.02	0.36	17.34	29.81	0.00
Core	CPU	C1%	C3%	C6%	C8%	C9%
-	-	0.16	3.43	20.83	21.00	0.16
0	0	0.00	0.42	27.59	14.72	0.01
0	4	0.00	0.13	22.00	31.82	0.00
1	1	0.98	18.60	9.38	5.70	0.00
1	5	0.33	7.61	18.46	18.19	0.00
2	2	0.00	0.16	21.78	22.95	0.00
2	6	0.00	0.17	22.36	29.18	0.06
3	3	0.00	0.18	23.74	25.44	0.00
3	7	0.00	0.16	21.29	19.97	1.21
Core	CPU	C1%	C3%	C6%	C8%	C9%
-	-	0.05	3.80	21.22	22.20	0.01
0	0	0.03	13.93	21.91	10.68	0.00
0	4	0.07	6.73	21.21	16.59	0.00
1	1	0.14	5.54	17.42	17.22	0.00
1	5	0.17	2.32	22.76	25.24	0.00
2	2	0.00	0.17	21.63	41.60	0.00
2	6	0.00	0.09	20.92	23.26	0.06
3	3	0.00	0.20	21.48	20.80	0.00
3	7	0.00	1.42	22.43	22.18	0.00
Core	CPU	C1%	C3%	C6%	C8%	C9%
-	-	0.02	3.48	21.65	24.61	0.01
0	0	0.01	22.94	9.83	1.15	0.00
0	4	0.01	2.39	26.87	26.45	0.00
1	1	0.01	0.22	23.27	31.17	0.00
1	5	0.00	0.20	22.15	26.81	0.00
2	2	0.00	0.22	23.08	30.05	0.00
2	6	0.09	1.23	21.27	23.73	0.06
3	3	0.00	0.24	23.23	25.90	0.00
3	7	0.00	0.40	23.50	31.67	0.00
Core	CPU	C1%	C3%	C6%	C8%	C9%
-	-	0.14	3.70	22.21	22.15	0.24
0	0	0.01	0.46	29.94	8.69	1.37
0	4	0.00	0.25	19.37	18.32	0.00
1	1	0.00	0.29	24.56	38.01	0.00
1	5	0.45	12.70	18.27	17.79	0.00
2	2	0.41	6.78	19.72	21.03	0.00
2	6	0.16	6.38	19.22	21.83	0.54
3	3	0.05	2.43	23.18	29.17	0.00
3	7	0.00	0.34	23.36	22.34	0.00
Core	CPU	C1%	C3%	C6%	C8%	C9%
-	-	0.17	2.96	16.21	16.13	0.19
0	0	0.10	2.35	21.41	4.88	0.03
0	4	0.33	4.42	16.47	16.57	0.00
1	1	0.01	0.18	13.81	16.05	0.00
1	5	0.11	0.16	16.32	19.99	0.00
2	2	0.48	9.51	10.88	12.52	1.52
2	6	0.00	0.18	18.20	18.36	0.00
3	3	0.28	6.07	16.08	24.38	0.00
3	7	0.03	0.89	16.99	16.69	0.00
Core	CPU	C1%	C3%	C6%	C8%	C9%
-	-	0.15	3.24	22.44	22.14	0.03
0	0	0.01	0.43	34.41	11.27	0.01
0	4	0.00	0.16	21.53	27.69	0.00
1	1	0.01	0.22	23.74	35.60	0.00
1	5	0.01	0.13	20.02	24.58	0.00
2	2	0.00	0.10	23.13	31.47	0.00
2	6	0.00	0.10	23.07	22.91	0.19
3	3	1.14	23.35	7.00	0.77	0.00
3	7	0.01	1.44	25.92	22.15	0.00
Core	CPU	C1%	C3%	C6%	C8%	C9%
-	-	0.13	3.72	22.06	22.14	0.02
0	0	0.02	1.61	31.88	29.89	0.00
0	4	0.01	0.21	24.22	21.83	0.17
1	1	0.00	0.22	23.99	33.09	0.00
1	5	0.00	0.11	21.30	19.26	0.00
2	2	0.00	0.88	22.61	24.38	0.00
2	6	0.00	0.07	20.26	21.38	0.00
3	3	0.91	26.53	6.59	1.08	0.00
3	7	0.13	0.24	26.33	26.88	0.00
Core	CPU	C1%	C3%	C6%	C8%	C9%
-	-	0.03	3.44	22.37	24.48	0.11
0	0	0.01	16.25	16.81	5.28	0.13
0	4	0.00	1.69	23.83	22.22	0.55
1	1	0.00	0.19	23.54	25.28	0.00
1	5	0.00	0.11	24.44	23.53	0.00
2	2	0.00	0.15	21.60	42.99	0.00
2	6	0.01	0.18	22.58	35.80	0.18
3	3	0.21	7.44	22.08	17.14	0.00
3	7	0.01	1.42	23.41	22.86	0.00
Core	CPU	C1%	C3%	C6%	C8%	C9%
-	-	0.03	3.78	22.01	23.75	0.19
0	0	0.02	11.98	25.71	5.42	1.40
0	4	0.01	14.13	17.22	13.47	0.08
1	1	0.16	3.15	21.63	22.47	0.00
1	5	0.00	0.23	21.01	25.52	0.00
2	2	0.00	0.11	22.48	38.40	0.00
2	6	0.00	0.17	21.94	26.20	0.00
3	3	0.01	0.24	24.24	35.25	0.00
3	7	0.00	0.29	21.89	23.29	0.00
Core	CPU	C1%	C3%	C6%	C8%	C9%
-	-	0.10	3.19	19.22	19.90	0.00
0	0	0.01	0.52	28.33	9.66	0.00
0	4	0.14	6.72	16.52	22.78	0.00
1	1	0.00	0.15	19.95	24.63	0.00
1	5	0.00	0.12	17.26	23.21	0.00
2	2	0.28	7.15	15.92	18.26	0.00
2	6	0.00	0.18	18.51	24.75	0.00
3	3	0.30	10.48	14.88	15.29	0.00
3	7	0.05	0.20	22.41	20.67	0.00
Core	CPU	C1%	C3%	C6%	C8%	C9%
-	-	0.19	2.75	16.40	17.46	0.00
0	0	0.02	4.50	20.17	6.23	0.00
0	4	0.10	4.38	14.47	21.75	0.00
1	1	0.00	0.29	16.34	23.31	0.00
1	5	0.43	3.66	13.24	16.12	0.00
2	2	0.17	1.22	17.54	18.94	0.00
2	6	0.00	0.11	16.14	27.67	0.00
3	3	0.82	7.59	13.98	13.52	0.00
3	7	0.00	0.21	19.26	12.08	0.00
Core	CPU	C1%	C3%	C6%	C8%	C9%
-	-	0.11	3.84	20.84	24.48	0.01
0	0	0.01	1.30	32.34	9.42	0.00
0	4	0.83	27.93	5.97	0.91	0.00
1	1	0.00	0.27	20.88	30.29	0.00
1	5	0.01	0.19	21.62	28.23	0.00
2	2	0.01	0.21	20.05	41.24	0.00
2	6	0.00	0.31	20.49	25.71	0.12
3	3	0.00	0.24	22.71	33.67	0.00
3	7	0.01	0.24	22.75	26.38	0.00
Core	CPU	C1%	C3%	C6%	C8%	C9%
-	-	0.12	3.65	22.29	23.11	0.20
0	0	0.00	8.81	22.94	8.31	0.00
0	4	0.21	9.90	17.94	16.32	0.00
1	1	0.00	0.27	24.03	29.57	0.00
1	5	0.09	0.31	23.43	20.62	0.00
2	2	0.11	2.46	19.96	22.61	0.00
2	6	0.00	0.23	24.85	40.40	0.06
3	3	0.17	5.06	20.09	17.22	1.52
3	7	0.36	2.21	25.28	30.06	0.00
Core	CPU	C1%	C3%	C6%	C8%	C9%
-	-	0.14	3.25	20.93	21.23	0.09
0	0	0.01	3.18	27.04	8.22	0.00
0	4	0.00	0.24	21.03	22.26	0.00
1	1	0.00	0.18	22.38	20.45	0.00
1	5	0.00	0.16	19.91	23.36	0.00
2	2	0.31	6.89	18.71	14.37	0.00
2	6	0.80	14.76	12.20	11.09	0.00
3	3	0.00	0.16	22.67	41.07	0.72
3	7	0.00	0.44	23.25	28.83	0.00
Core	CPU	C1%	C3%	C6%	C8%	C9%
-	-	0.13	3.31	22.69	22.52	0.02
0	0	0.09	3.97	29.86	12.99	0.03
0	4	0.00	2.46	22.76	18.28	0.00
1	1	0.00	0.26	22.50	21.56	0.00
1	5	0.00	0.28	22.22	32.15	0.00
2	2	0.62	10.65	19.06	14.01	0.09
2	6	0.34	7.26	17.16	21.34	0.00
3	3	0.00	0.20	23.85	37.01	0.00
3	7	0.00	1.41	24.10	22.83	0.00
Core	CPU	C1%	C3%	C6%	C8%	C9%
-	-	0.06	2.21	26.23	26.75	0.02
0	0	0.02	6.29	30.38	8.90	0.00
0	4	0.01	5.02	26.44	26.89	0.00
1	1	0.00	0.22	27.15	29.65	0.00
1	5	0.00	0.15	27.00	35.53	0.00
2	2	0.35	2.67	20.81	23.11	0.00
2	6	0.12	2.48	25.43	20.83	0.12
3	3	0.00	0.23	27.54	38.03	0.00
3	7	0.00	0.61	25.07	31.06	0.00
Core	CPU	C1%	C3%	C6%	C8%	C9%
-	-	0.08	3.70	21.99	23.19	0.00
0	0	0.02	8.95	25.37	21.88	0.00
0	4	0.02	5.27	21.38	28.13	0.00
1	1	0.01	0.23	23.92	20.88	0.00
1	5	0.00	0.25	20.25	25.92	0.00
2	2	0.00	0.20	22.17	21.67	0.00
2	6	0.00	0.25	23.41	24.92	0.00
3	3	0.53	14.14	14.91	20.63	0.00
3	7	0.05	0.28	24.50	21.52	0.00
Core	CPU	C1%	C3%	C6%	C8%	C9%
-	-	0.09	3.44	21.60	22.76	0.02
0	0	0.00	7.60	23.09	6.96	0.12
0	4	0.00	0.23	24.85	22.84	0.02
1	1	0.39	9.22	18.25	19.29	0.00
1	5	0.00	0.33	22.02	37.02	0.00
2	2	0.00	0.26	21.05	30.21	0.00
2	6	0.00	0.23	21.81	26.76	0.00
3	3	0.35	8.22	17.00	13.58	0.00
3	7	0.00	1.42	24.80	25.49	0.00
Core	CPU	C1%	C3%	C6%	C8%	C9%
-	-	0.03	3.89	20.65	23.26	0.02
0	0	0.02	20.13	16.16	9.37	0.00
0	4	0.02	9.69	16.71	18.11	0.09
1	1	0.01	0.19	20.02	30.87	0.00
1	5	0.01	0.27	19.60	25.29	0.00
2	2	0.00	0.16	23.49	25.10	0.00
2	6	0.01	0.16	24.25	35.74	0.07
3	3	0.20	0.24	23.79	21.83	0.00
3	7	0.00	0.25	21.16	19.71	0.00
Core	CPU	C1%	C3%	C6%	C8%	C9%
-	-	0.06	3.49	20.09	21.14	0.04
0	0	0.01	10.11	22.97	12.47	0.00
0	4	0.02	10.65	16.12	13.19	0.29
1	1	0.44	6.25	16.85	15.14	0.00
1	5	0.00	0.13	20.09	18.86	0.00
2	2	0.00	0.19	21.68	25.63	0.00
2	6	0.00	0.12	19.72	21.18	0.00
3	3	0.00	0.24	22.43	34.85	0.00
3	7	0.00	0.22	20.89	27.79	0.00
Core	CPU	C1%	C3%	C6%	C8%	C9%
-	-	0.10	2.79	17.36	16.71	0.10
0	0	0.01	1.54	21.76	5.76	0.00
0	4	0.00	0.48	17.41	22.93	0.00
1	1	0.00	0.99	17.38	16.73	0.00
1	5	0.00	0.10	17.72	15.10	0.00
2	2	0.50	9.29	13.02	8.94	0.71
2	6	0.29	9.59	11.43	9.40	0.07
3	3	0.00	0.10	20.15	19.72	0.00
3	7	0.00	0.22	20.05	35.05	0.00
Core	CPU	C1%	C3%	C6%	C8%	C9%
-	-	0.11	3.62	23.20	21.80	0.18
0	0	0.02	6.36	29.50	19.36	0.00
0	4	0.00	1.29	26.03	24.96	0.00
1	1	0.00	0.41	23.46	23.45	0.00
1	5	0.00	0.22	22.28	20.98	1.40
2	2	0.50	10.28	15.24	11.71	0.00
2	6	0.32	9.15	20.40	14.45	0.00
3	3	0.00	0.25	23.47	25.80	0.00
3	7	0.04	1.01	25.22	33.74	0.00
Core	CPU	C1%	C3%	C6%	C8%	C9%
-	-	0.14	3.38	21.75	23.02	0.01
0	0	0.00	0.59	34.07	17.45	0.01
0	4	0.00	0.91	23.33	25.54	0.00
1	1	0.70	17.10	12.62	9.72	0.09
1	5	0.38	6.65	16.35	16.93	0.00
2	2	0.00	0.10	20.31	26.62	0.00
2	6	0.04	1.30	21.17	33.37	0.00
3	3	0.00	0.17	22.87	21.69	0.00
3	7	0.01	0.21	23.23	32.84	0.00
Core	CPU	C1%	C3%	C6%	C8%	C9%
-	-	0.04	3.79	21.44	22.35	0.02
0	0	0.02	20.12	18.16	5.80	0.12
0	4	0.00	0.19	20.58	23.74	0.00
1	1	0.04	1.28	20.12	24.72	0.00
1	5	0.01	0.15	21.06	34.56	0.00
2	2	0.14	2.20	22.39	20.09	0.00
2	6	0.08	2.54	20.42	24.48	0.00
3	3	0.01	0.23	24.71	21.60	0.00
3	7	0.01	3.67	24.37	24.05	0.03
Core	CPU	C1%	C3%	C6%	C8%	C9%
-	-	0.09	3.36	21.96	22.73	0.05
0	0	0.01	10.46	25.20	14.23	0.00
0	4	0.13	2.25	21.35	28.38	0.00
1	1	0.11	1.16	18.25	27.90	0.00
1	5	0.00	0.11	23.69	24.01	0.00
2	2	0.00	0.93	22.68	25.16	0.00
2	6	0.00	0.14	23.23	24.82	0.07
3	3	0.37	11.44	16.90	11.88	0.36
3	7	0.06	0.33	24.11	25.14	0.00
Core	CPU	C1%	C3%	C6%	C8%	C9%
-	-	0.16	2.33	27.18	25.74	0.08
0	0	0.00	2.17	35.36	22.75	0.50
0	4	0.00	0.83	28.87	32.25	0.00
1	1	0.16	5.83	24.84	23.63	0.00
1	5	0.09	2.59	26.31	31.67	0.00
2	2	0.56	2.41	21.90	22.31	0.00
2	6	0.40	3.13	23.30	19.38	0.12
3	3	0.10	1.40	29.18	26.61	0.00
3	7	0.00	0.26	27.68	27.35	0.00
Core	CPU	C1%	C3%	C6%	C8%	C9%
-	-	0.12	3.56	21.90	22.49	0.19
0	0	0.01	1.49	29.94	11.82	0.00
0	4	0.00	0.20	22.02	22.77	1.48
1	1	0.00	0.17	23.37	20.41	0.00
1	5	0.04	2.65	19.81	22.32	0.00
2	2	0.62	15.54	13.54	9.82	0.00
2	6	0.28	7.95	20.12	17.51	0.00
3	3	0.00	0.31	26.06	52.74	0.00
3	7	0.00	0.21	20.47	22.60	0.00
Core	CPU	C1%	C3%	C6%	C8%	C9%
-	-	0.05	3.57	23.06	22.72	0.00
0	0	0.02	10.20	26.13	9.20	0.00
0	4	0.01	6.09	18.22	21.14	0.00
1	1	0.06	3.50	23.62	19.51	0.00
1	5	0.00	0.26	24.65	31.80	0.00
2	2	0.00	0.16	24.37	37.59	0.00
2	6	0.33	8.04	19.70	17.25	0.00
3	3	0.00	0.13	22.64	19.75	0.00
3	7	0.00	0.12	25.00	25.37	0.00
Core	CPU	C1%	C3%	C6%	C8%	C9%
-	-	0.05	3.64	22.19	22.37	0.07
0	0	0.03	15.16	20.75	10.72	0.56
0	4	0.00	3.08	24.49	26.51	0.00
1	1	0.09	2.13	23.53	23.79	0.00
1	5	0.08	6.98	19.03	16.18	0.00
2	2	0.00	0.13	21.90	35.66	0.00
2	6	0.00	0.15	21.59	19.60	0.00
3	3	0.01	0.12	23.24	29.19	0.00
3	7	0.17	1.35	23.06	17.38	0.00
Core	CPU	C1%	C3%	C6%	C8%	C9%
-	-	0.11	3.53	20.11	22.63	0.00
0	0	0.01	4.21	28.39	31.50	0.00
0	4	0.00	2.29	20.67	25.42	0.00
1	1	0.10	1.27	20.24	22.20	0.00
1	5	0.46	13.31	13.30	17.77	0.00
2	2	0.00	0.23	20.97	21.60	0.00
2	6	0.00	0.22	22.02	22.30	0.00
3	3	0.27	5.29	13.97	17.85	0.00
3	7	0.00	1.37	21.25	22.33	0.00
Core	CPU	C1%	C3%	C6%	C8%	C9%
-	-	0.12	3.23	17.34	16.96	0.01
0	0	0.01	3.19	23.05	10.88	0.01
0	4	0.00	1.70	17.06	25.15	0.00
1	1	0.07	2.51	15.04	19.32	0.00
1	5	0.15	6.54	16.78	16.22	0.00
2	2	0.02	0.44	18.48	20.41	0.00
2	6	0.29	2.70	15.84	17.63	0.06
3	3	0.41	8.31	13.78	8.08	0.00
3	7	0.01	0.45	18.92	18.15	0.00
Core	CPU	C1%	C3%	C6%	C8%	C9%
-	-	0.07	3.79	21.42	22.98	0.00
0	0	0.00	5.92	29.76	14.38	0.00
0	4	0.29	16.10	13.16	14.13	0.00
1	1	0.00	0.30	21.23	42.57	0.00
1	5	0.00	0.23	21.83	21.33	0.00
2	2	0.00	0.24	22.64	27.89	0.00
2	6	0.00	0.21	21.87	24.51	0.00
3	3	0.26	7.03	18.78	16.63	0.00
3	7	0.01	0.21	21.90	22.16	0.00
Core	CPU	C1%	C3%	C6%	C8%	C9%
-	-	0.03	3.50	20.69	23.21	0.00
0	0	0.01	4.32	20.70	7.83	0.00
0	4	0.11	15.20	13.28	8.52	0.00
1	1	0.00	0.24	24.37	28.31	0.00
1	5	0.01	0.17	21.28	50.31	0.00
2	2	0.00	0.17	20.33	27.94	0.00
2	6	0.00	0.19	23.58	25.02	0.00
3	3	0.11	7.46	19.64	18.24	0.00
3	7	0.01	0.24	22.35	19.53	0.00
Core	CPU	C1%	C3%	C6%	C8%	C9%
-	-	0.03	4.06	23.13	21.06	0.01
0	0	0.00	18.42	18.63	6.22	0.00
0	4	0.21	10.40	17.87	26.29	0.09
1	1	0.00	1.00	25.36	19.82	0.00
1	5	0.00	0.26	25.95	21.60	0.00
2	2	0.00	0.26	22.86	23.29	0.00
2	6	0.00	0.35	23.18	20.32	0.00
3	3	0.02	0.28	25.27	27.64	0.00
3	7	0.00	1.45	25.89	23.25	0.00
Core	CPU	C1%	C3%	C6%	C8%	C9%
-	-	0.03	3.52	22.12	23.97	0.00
0	0	0.02	22.18	16.34	6.61	0.00
0	4	0.00	3.61	24.11	22.35	0.00
1	1	0.19	1.73	17.99	25.49	0.00
1	5	0.00	0.11	23.36	24.36	0.00
2	2	0.00	0.16	24.24	23.83	0.00
2	6	0.00	0.13	21.67	28.14	0.00
3	3	0.01	0.21	27.40	36.07	0.00
3	7	0.01	0.11	22.00	25.01	0.00
Core	CPU	C1%	C3%	C6%	C8%	C9%
-	-	0.20	2.27	25.04	24.85	0.05
0	0	0.01	0.46	36.49	14.18	0.04
0	4	0.00	0.19	27.22	36.43	0.00
1	1	1.00	10.14	17.77	11.62	0.11
1	5	0.57	6.39	16.09	12.82	0.00
2	2	0.00	0.24	25.24	31.72	0.00
2	6	0.00	0.14	25.30	31.32	0.18
3	3	0.01	0.33	26.92	31.74	0.00
3	7	0.00	0.25	25.13	28.80	0.09
Core	CPU	C1%	C3%	C6%	C8%	C9%
-	-	0.16	3.67	21.78	22.47	0.07
0	0	0.00	0.45	31.54	15.29	0.01
0	4	0.00	0.27	23.15	25.22	0.00
1	1	0.97	18.96	13.64	7.04	0.00
1	5	0.25	8.53	19.70	20.74	0.45
2	2	0.00	0.31	22.67	30.59	0.00
2	6	0.00	0.22	21.94	24.84	0.13
3	3	0.01	0.23	21.09	28.77	0.00
3	7	0.00	0.39	20.53	27.29	0.00
Core	CPU	C1%	C3%	C6%	C8%	C9%
-	-	0.12	3.37	23.64	21.87	0.21
0	0	0.01	7.44	28.17	11.17	0.51
0	4	0.00	0.22	27.43	23.66	0.00
1	1	0.33	3.32	22.66	22.33	0.00
1	5	0.01	2.05	21.51	24.99	0.70
2	2	0.43	10.97	17.32	14.79	0.00
2	6	0.02	1.19	23.89	22.69	0.47
3	3	0.00	0.29	25.18	31.60	0.00
3	7	0.13	1.47	22.95	23.74	0.00
Core	CPU	C1%	C3%	C6%	C8%	C9%
-	-	0.05	3.70	21.22	22.52	0.00
0	0	0.00	13.43	20.63	7.30	0.00
0	4	0.01	4.77	20.86	29.32	0.00
1	1	0.38	10.34	16.51	12.09	0.00
1	5	0.01	0.17	22.59	30.98	0.00
2	2	0.00	0.27	23.47	29.23	0.00
2	6	0.00	0.21	22.14	29.25	0.00
3	3	0.00	0.21	21.65	21.36	0.00
3	7	0.00	0.22	21.88	20.66	0.00
Core	CPU	C1%	C3%	C6%	C8%	C9%
-	-	0.13	3.32	21.78	21.65	0.00
0	0	0.01	1.49	30.80	29.48	0.00
0	4	0.14	10.10	19.24	17.03	0.00
1	1	0.32	5.74	18.20	15.06	0.00
1	5	0.45	8.29	16.36	24.42	0.00
2	2	0.00	0.23	22.31	26.48	0.00
2	6	0.12	0.18	21.62	21.97	0.00
3	3	0.00	0.24	22.53	20.20	0.00
3	7	0.01	0.33	23.15	18.58	0.00
Core	CPU	C1%	C3%	C6%	C8%	C9%
-	-	0.05	2.26	27.38	24.86	0.02
0	0	0.02	7.47	29.76	5.38	0.00
0	4	0.08	5.21	23.31	21.47	0.00
1	1	0.00	0.46	26.84	38.97	0.00
1	5	0.00	0.42	27.95	32.20	0.00
2	2	0.14	2.07	25.92	23.88	0.00
2	6	0.00	0.28	26.80	28.06	0.17
3	3	0.14	0.65	27.93	21.37	0.00
3	7	0.00	1.54	30.52	27.55	0.00
Core	CPU	C1%	C3%	C6%	C8%	C9%
-	-	0.14	3.69	22.25	20.85	0.19
0	0	0.00	0.55	30.43	26.06	1.41
0	4	0.00	0.15	22.73	24.93	0.00
1	1	0.19	7.54	18.12	19.71	0.00
1	5	0.13	3.42	20.65	21.56	0.00
2	2	0.46	11.84	16.57	12.73	0.00
2	6	0.30	5.50	22.32	16.55	0.12
3	3	0.00	0.28	23.11	21.29	0.00
3	7	0.00	0.24	24.32	24.32	0.00
Core	CPU	C1%	C3%	C6%	C8%	C9%
-	-	0.14	3.19	21.60	22.53	0.07
0	0	0.01	0.46	28.20	15.16	0.02
0	4	0.01	0.23	23.25	35.51	0.00
1	1	0.10	0.77	20.65	27.59	0.00
1	5	0.00	0.17	21.18	21.17	0.48
2	2	0.47	15.76	12.71	6.85	0.01
2	6	0.01	0.22	24.52	23.09	0.06
3	3	0.55	7.55	19.49	21.95	0.00
3	7	0.00	0.37	22.46	28.62	0.00
Core	CPU	C1%	C3%	C6%	C8%	C9%
-	-	0.15	3.58	21.45	22.96	0.02
0	0	0.01	0.54	32.66	24.05	0.00
0	4	0.00	0.20	20.36	20.08	0.00
1	1	1.20	27.00	3.88	0.00	0.02
1	5	0.00	0.15	26.57	24.78	0.00
2	2	0.00	0.17	21.22	27.09	0.00
2	6	0.00	0.14	21.59	25.17	0.13
3	3	0.00	0.19	24.09	37.67	0.00
3	7	0.00	0.21	21.23	24.85	0.00
Core	CPU	C1%	C3%	C6%	C8%	C9%
-	-	0.13	3.35	22.59	22.59	0.06
0	0	0.00	0.45	33.44	17.16	0.01
0	4	0.00	0.17	22.31	28.52	0.00
1	1	0.03	4.85	21.80	30.65	0.45
1	5	1.01	20.53	9.40	3.53	0.00
2	2	0.00	0.16	23.48	28.40	0.00
2	6	0.00	0.12	22.49	24.27	0.00
3	3	0.00	0.16	23.97	18.95	0.00
3	7	0.01	0.34	23.94	29.36	0.00
Core	CPU	C1%	C3%	C6%	C8%	C9%
-	-	0.18	2.30	24.79	26.63	0.16
0	0	0.01	0.76	37.34	28.80	0.51
0	4	0.00	0.30	27.66	26.60	0.79
1	1	1.09	12.44	10.05	7.93	0.00
1	5	0.32	3.46	21.65	27.29	0.00
2	2	0.00	0.31	24.92	30.22	0.00
2	6	0.00	0.34	27.12	32.48	0.00
3	3	0.00	0.48	25.08	29.25	0.00
3	7	0.00	0.29	24.49	30.45	0.00
Core	CPU	C1%	C3%	C6%	C8%	C9%
-	-	0.15	3.85	20.95	21.18	0.21
0	0	0.01	0.30	30.98	16.73	0.00
0	4	0.00	0.18	20.86	27.56	1.63
1	1	0.95	24.57	9.02	4.09	0.00
1	5	0.22	4.39	22.63	33.16	0.00
2	2	0.00	0.12	20.87	21.53	0.00
2	6	0.00	0.17	20.14	28.45	0.06
3	3	0.00	0.14	21.41	23.87	0.00
3	7	0.00	1.00	21.80	14.14	0.00
Core	CPU	C1%	C3%	C6%	C8%	C9%
-	-	0.10	3.44	22.76	23.24	0.06
0	0	0.01	2.70	30.20	13.63	0.04
0	4	0.10	4.72	23.34	21.02	0.46
1	1	0.21	6.71	19.26	15.74	0.00
1	5	0.49	12.37	16.47	14.74	0.00
2	2	0.00	0.25	22.98	35.92	0.00
2	6	0.00	0.20	21.37	34.56	0.00
3	3	0.00	0.27	23.88	26.70	0.00
3	7	0.00	0.28	24.48	23.48	0.00
Core	CPU	C1%	C3%	C6%	C8%	C9%
-	-	0.09	4.11	23.76	21.27	0.01
0	0	0.06	16.31	20.99	4.56	0.01
0	4	0.00	1.27	25.89	40.99	0.00
1	1	0.06	2.61	24.71	21.02	0.00
1	5	0.00	0.20	22.22	18.08	0.00
2	2	0.24	8.72	21.18	22.71	0.00
2	6	0.11	0.22	24.76	23.20	0.07
3	3	0.00	0.22	25.36	22.08	0.00
3	7	0.25	3.32	25.11	17.71	0.00
Core	CPU	C1%	C3%	C6%	C8%	C9%
-	-	0.09	3.34	21.24	21.13	0.00
0	0	0.01	6.06	26.48	8.74	0.00
0	4	0.00	3.73	20.27	23.22	0.00
1	1	0.00	0.28	22.20	28.20	0.00
1	5	0.05	2.58	20.33	24.11	0.00
2	2	0.60	12.57	13.19	10.62	0.00
2	6	0.00	0.21	21.72	22.09	0.00
3	3	0.00	0.20	21.00	25.66	0.00
3	7	0.03	1.02	24.51	26.22	0.00
Core	CPU	C1%	C3%	C6%	C8%	C9%
-	-	0.07	2.79	16.55	17.80	0.00
0	0	0.01	2.11	23.17	7.36	0.00
0	4	0.00	2.26	15.79	23.52	0.00
1	1	0.01	1.53	16.87	23.58	0.00
1	5	0.00	1.87	15.51	20.94	0.00
2	2	0.00	0.07	18.04	18.71	0.00
2	6	0.28	5.08	12.44	15.06	0.00
3	3	0.30	9.31	11.89	11.56	0.00
3	7	0.00	0.07	18.72	21.65	0.00
Core	CPU	C1%	C3%	C6%	C8%	C9%
-	-	0.07	3.60	21.33	21.11	0.01
0	0	0.02	10.29	22.20	3.85	0.11
0	4	0.01	0.07	22.13	25.58	0.00
1	1	0.00	0.12	21.81	29.22	0.00
1	5	0.00	0.15	22.60	23.66	0.00
2	2	0.18	5.91	17.35	17.28	0.00
2	6	0.01	0.16	22.93	28.33	0.00
3	3	0.33	10.71	16.63	12.30	0.00
3	7	0.00	1.35	25.01	28.69	0.00
Core	CPU	C1%	C3%	C6%	C8%	C9%
-	-	0.05	3.64	22.24	22.77	0.00
0	0	0.11	14.22	21.68	5.31	0.00
0	4	0.01	3.22	21.91	22.17	0.00
1	1	0.31	9.03	17.04	28.65	0.00
1	5	0.01	1.20	22.37	22.91	0.00
2	2	0.00	0.38	24.59	31.75	0.00
2	6	0.00	0.38	22.84	23.03	0.00
3	3	0.00	0.38	22.65	25.45	0.00
3	7	0.00	0.34	24.83	22.91	0.00
Core	CPU	C1%	C3%	C6%	C8%	C9%
-	-	0.07	3.79	21.97	22.04	0.19
0	0	0.00	0.52	31.61	10.52	0.00
0	4	0.53	28.49	6.92	0.55	0.00
1	1	0.01	0.20	19.50	22.64	1.52
1	5	0.01	0.19	21.22	49.31	0.00
2	2	0.01	0.19	21.85	23.26	0.00
2	6	0.00	0.22	24.49	24.34	0.00
3	3	0.00	0.27	24.31	20.24	0.00
3	7	0.01	0.21	25.83	25.49	0.00
Core	CPU	C1%	C3%	C6%	C8%	C9%
-	-	0.10	3.71	20.98	22.13	0.00
0	0	0.01	12.03	20.05	4.34	0.01
0	4	0.00	0.20	21.67	39.94	0.00
1	1	0.42	11.13	16.24	20.85	0.00
1	5	0.40	5.40	18.50	22.17	0.00
2	2	0.00	0.24	21.81	27.04	0.00
2	6	0.00	0.14	21.38	19.85	0.00
3	3	0.00	0.35	25.92	23.92	0.00
3	7	0.00	0.16	22.29	18.95	0.00
Core	CPU	C1%	C3%	C6%	C8%	C9%
-	-	0.15	2.77	16.30	16.51	0.03
0	0	0.01	0.34	22.88	14.07	0.00
0	4	0.00	0.06	16.06	19.92	0.00
1	1	0.12	2.91	15.69	13.19	0.00
1	5	1.05	18.04	4.96	2.13	0.00
2	2	0.00	0.09	17.52	23.38	0.00
2	6	0.00	0.17	17.73	23.86	0.21
3	3	0.00	0.36	17.59	15.89	0.00
3	7	0.00	0.17	17.96	19.66	0.00
Core	CPU	C1%	C3%	C6%	C8%	C9%
-	-	0.19	3.65	20.00	23.48	0.01
0	0	0.01	0.57	30.81	21.22	0.02
0	4	0.00	0.07	22.31	22.81	0.00
1	1	0.25	6.97	17.92	22.15	0.00
1	5	1.15	20.17	12.53	8.82	0.00
2	2	0.00	0.20	20.77	43.72	0.00
2	6	0.09	0.82	17.36	21.94	0.08
3	3	0.00	0.20	20.14	22.72	0.00
3	7	0.00	0.19	18.16	24.48	0.00
Core	CPU	C1%	C3%	C6%	C8%	C9%
-	-	0.10	3.49	24.06	20.41	0.01
0	0	0.02	1.68	32.63	16.16	0.00
0	4	0.07	11.31	19.47	15.81	0.00
1	1	0.11	2.17	22.91	18.91	0.00
1	5	0.05	1.98	20.66	24.16	0.00
2	2	0.14	1.99	26.71	34.16	0.00
2	6	0.37	7.22	20.47	12.31	0.09
3	3	0.00	1.01	26.20	19.74	0.00
3	7	0.00	0.57	23.46	22.01	0.00
Core	CPU	C1%	C3%	C6%	C8%	C9%
-	-	0.11	3.47	20.06	22.14	0.18
0	0	0.01	1.51	26.74	7.81	1.38
0	4	0.00	0.14	19.13	25.20	0.00
1	1	0.47	12.17	15.32	12.46	0.00
1	5	0.37	13.10	13.97	14.64	0.00
2	2	0.00	0.18	19.54	21.43	0.00
2	6	0.01	0.16	20.22	52.83	0.09
3	3	0.00	0.21	21.57	20.18	0.00
3	7	0.00	0.30	23.98	22.54	0.00
Core	CPU	C1%	C3%	C6%	C8%	C9%
-	-	0.13	3.47	21.28	22.44	0.20
0	0	0.02	4.72	26.42	5.96	0.83
0	4	0.00	0.13	23.41	19.69	0.00
1	1	0.75	16.43	13.28	16.68	0.00
1	5	0.00	0.16	22.57	29.04	0.00
2	2	0.00	0.17	23.24	24.09	0.00
2	6	0.00	0.12	20.35	32.72	0.00
3	3	0.26	5.84	18.89	22.32	0.00
3	7	0.00	0.20	22.05	29.04	0.81
Core	CPU	C1%	C3%	C6%	C8%	C9%
-	-	0.05	2.84	16.62	18.24	0.00
0	0	0.02	14.19	14.77	5.46	0.00
0	4	0.00	0.06	19.31	17.36	0.00
1	1	0.00	0.12	16.02	21.51	0.00
1	5	0.00	0.05	16.80	24.13	0.00
2	2	0.19	5.63	13.40	13.88	0.00
2	6	0.17	2.30	16.25	24.94	0.00
3	3	0.00	0.29	19.01	19.51	0.00
3	7	0.00	0.16	17.61	19.31	0.00
Core	CPU	C1%	C3%	C6%	C8%	C9%
-	-	0.22	3.61	21.11	21.35	0.06
0	0	0.00	0.48	28.95	24.82	0.01
0	4	0.00	0.21	21.53	26.78	0.00
1	1	0.20	5.78	18.99	17.12	0.46
1	5	0.00	0.30	18.91	17.57	0.00
2	2	0.79	0.30	23.30	35.89	0.00
2	6	0.77	21.10	8.87	3.68	0.00
3	3	0.00	0.30	22.32	21.41	0.00
3	7	0.00	0.41	25.81	23.28	0.00
Core	CPU	C1%	C3%	C6%	C8%	C9%
-	-	0.10	3.61	22.83	23.65	0.17
0	0	0.02	6.48	26.56	11.08	1.38
0	4	0.27	7.41	20.69	21.52	0.00
1	1	0.00	0.35	22.32	21.58	0.00
1	5	0.18	3.47	22.60	25.17	0.00
2	2	0.31	8.03	19.74	15.78	0.00
2	6	0.00	0.29	22.02	25.66	0.00
3	3	0.00	0.65	24.81	40.12	0.00
3	7	0.00	2.21	23.86	28.24	0.00
Core	CPU	C1%	C3%	C6%	C8%	C9%
-	-	0.07	3.59	21.37	23.36	0.17
0	0	0.02	15.73	18.43	4.72	0.03
0	4	0.00	0.10	24.22	28.89	0.00
1	1	0.00	0.11	23.87	23.17	0.00
1	5	0.00	0.11	23.69	23.14	0.00
2	2	0.43	10.56	16.13	26.79	0.00
2	6	0.08	1.80	21.55	21.71	0.07
3	3	0.01	0.12	21.94	31.61	1.28
3	7	0.04	0.18	21.18	26.84	0.00
Core	CPU	C1%	C3%	C6%	C8%	C9%
-	-	0.01	3.65	22.38	24.11	0.08
0	0	0.01	21.63	15.57	1.72	0.09
0	4	0.01	2.44	25.26	24.29	0.49
1	1	0.07	2.58	22.50	24.15	0.00
1	5	0.00	0.14	24.11	23.10	0.00
2	2	0.00	0.13	22.40	30.01	0.00
2	6	0.00	0.10	22.58	37.94	0.08
3	3	0.00	0.88	22.40	27.46	0.00
3	7	0.00	1.27	24.22	24.22	0.00
Core	CPU	C1%	C3%	C6%	C8%	C9%
-	-	0.10	2.86	15.21	15.53	0.02
0	0	0.01	1.36	20.95	7.40	0.02
0	4	0.06	0.82	15.29	13.60	0.00
1	1	0.58	13.97	10.38	6.06	0.00
1	5	0.13	5.39	11.34	22.56	0.00
2	2	0.00	0.16	14.79	20.01	0.00
2	6	0.00	0.14	17.09	15.25	0.13
3	3	0.00	0.74	13.88	16.36	0.00
3	7	0.00	0.26	18.05	23.02	0.00
Core	CPU	C1%	C3%	C6%	C8%	C9%
-	-	0.11	3.83	21.79	22.56	0.11
0	0	0.00	1.66	29.68	22.45	0.00
0	4	0.00	0.15	26.94	24.86	0.00
1	1	0.17	5.67	19.38	24.48	0.00
1	5	0.48	9.98	14.52	18.14	0.00
2	2	0.00	0.99	22.62	25.00	0.00
2	6	0.23	11.69	15.21	14.66	0.05
3	3	0.00	0.20	23.42	28.01	0.00
3	7	0.00	0.27	22.47	22.81	0.81
Core	CPU	C1%	C3%	C6%	C8%	C9%
-	-	0.15	3.48	22.45	23.58	0.08
0	0	0.01	0.47	30.43	9.07	0.00
0	4	0.00	1.01	23.42	26.21	0.00
1	1	0.19	2.03	24.03	28.88	0.00
1	5	0.33	9.84	17.93	14.54	0.00
2	2	0.51	10.21	13.79	15.84	0.55
2	6	0.13	3.62	22.08	21.87	0.06
3	3	0.00	0.35	23.78	37.95	0.00
3	7	0.03	0.39	24.41	34.53	0.02
Core	CPU	C1%	C3%	C6%	C8%	C9%
-	-	0.16	3.63	22.63	21.85	0.00
0	0	0.01	6.24	27.60	9.56	0.00
0	4	0.00	0.24	22.80	19.07	0.00
1	1	0.00	0.30	22.40	26.02	0.00
1	5	0.00	0.25	24.40	32.20	0.00
2	2	0.47	11.71	18.79	11.25	0.00
2	6	0.79	9.91	17.44	17.28	0.00
3	3	0.00	0.18	23.57	29.37	0.00
3	7	0.00	0.18	23.76	29.76	0.00
Core	CPU	C1%	C3%	C6%	C8%	C9%
-	-	0.15	3.75	22.25	20.75	0.17
0	0	0.01	0.54	30.53	17.15	1.39
0	4	0.00	0.31	22.69	30.34	0.00
1	1	0.68	18.27	10.85	4.95	0.00
1	5	0.00	0.18	24.25	25.22	0.00
2	2	0.05	2.06	20.90	23.86	0.00
2	6	0.42	8.17	20.51	16.68	0.00
3	3	0.00	0.26	22.82	22.22	0.00
3	7	0.00	0.22	25.49	25.60	0.00
Core	CPU	C1%	C3%	C6%	C8%	C9%
-	-	0.08	2.96	15.74	16.39	0.87
0	0	0.00	7.84	19.82	11.93	1.01
0	4	0.00	4.19	13.68	13.47	0.00
1	1	0.03	1.41	16.19	26.55	3.01
1	5	0.02	1.95	15.93	14.52	0.00
2	2	0.00	0.11	15.48	18.71	0.00
2	6	0.00	0.05	15.55	19.54	0.00
3	3	0.58	7.88	11.90	8.25	2.98
3	7	0.00	0.21	17.36	18.17	0.00
Core	CPU	C1%	C3%	C6%	C8%	C9%
-	-	0.07	3.68	20.35	22.78	0.00
0	0	0.01	16.59	17.84	4.76	0.00
0	4	0.13	3.74	20.46	17.87	0.00
1	1	0.00	0.22	21.15	30.92	0.00
1	5	0.00	0.22	21.80	22.26	0.00
2	2	0.13	2.51	19.66	31.26	0.00
2	6	0.24	5.74	17.10	22.90	0.00
3	3	0.01	0.19	23.11	25.69	0.00
3	7	0.00	0.25	21.66	26.56	0.00
Core	CPU	C1%	C3%	C6%	C8%	C9%
-	-	0.07	3.29	21.54	21.04	0.03
0	0	0.02	9.74	23.77	10.88	0.00
0	4	0.07	3.38	21.22	20.20	0.00
1	1	0.00	0.08	22.40	19.19	0.00
1	5	0.00	0.14	22.17	21.20	0.00
2	2	0.01	0.13	24.28	35.16	0.00
2	6	0.41	12.47	10.90	9.96	0.25
3	3	0.01	0.12	22.57	26.46	0.00
3	7	0.05	0.26	25.01	25.27	0.00
Core	CPU	C1%	C3%	C6%	C8%	C9%
-	-	0.14	3.47	20.96	24.12	0.00
0	0	0.19	1.47	29.19	24.94	0.00
0	4	0.00	0.13	20.93	25.03	0.00
1	1	0.00	0.18	23.30	27.93	0.00
1	5	0.00	0.16	21.74	29.08	0.00
2	2	0.13	2.30	22.96	24.29	0.00
2	6	0.78	23.00	8.20	2.68	0.00
3	3	0.00	0.25	20.48	31.26	0.00
3	7	0.00	0.24	21.18	28.09	0.00
Core	CPU	C1%	C3%	C6%	C8%	C9%
-	-	0.13	3.52	22.44	20.91	0.19
0	0	0.01	1.42	28.19	9.16	1.40
0	4	0.00	7.30	18.75	19.13	0.00
1	1	0.72	14.63	15.46	10.18	0.00
1	5	0.28	3.88	21.59	31.84	0.10
2	2	0.00	0.23	22.04	20.87	0.00
2	6	0.00	0.19	24.57	33.01	0.00
3	3	0.00	0.18	24.98	22.54	0.00
3	7	0.00	0.22	23.66	20.33	0.00
Core	CPU	C1%	C3%	C6%	C8%	C9%
-	-	0.07	2.51	16.30	16.40	0.17
0	0	0.00	0.83	22.00	8.15	0.00
0	4	0.00	0.12	17.77	14.26	0.00
1	1	0.13	7.67	12.43	9.71	1.39
1	5	0.21	7.23	12.09	20.80	0.00
2	2	0.08	3.54	17.67	20.00	0.00
2	6	0.01	0.23	17.24	18.05	0.00
3	3	0.00	0.10	15.55	23.71	0.00
3	7	0.10	0.37	15.60	16.52	0.00
Core	CPU	C1%	C3%	C6%	C8%	C9%
-	-	0.12	3.48	20.43	21.99	0.14
0	0	0.01	0.50	29.39	13.24	0.00
0	4	0.01	0.15	20.32	25.77	1.09
1	1	0.24	5.43	15.44	25.12	0.00
1	5	0.01	0.11	20.29	23.78	0.00
2	2	0.32	7.55	17.50	23.96	0.00
2	6	0.22	7.72	19.29	14.41	0.00
3	3	0.14	6.20	18.69	23.97	0.00
3	7	0.01	0.23	22.69	25.87	0.00
Core	CPU	C1%	C3%	C6%	C8%	C9%
-	-	0.20	3.30	22.52	21.52	0.10
0	0	0.20	0.40	31.68	11.92	0.00
0	4	0.00	0.21	23.82	34.83	0.00
1	1	0.28	9.03	17.44	12.64	0.00
1	5	0.22	5.76	19.21	22.07	0.50
2	2	0.78	10.30	18.23	16.45	0.12
2	6	0.10	0.28	23.94	31.56	0.19
3	3	0.00	0.16	23.54	21.34	0.00
3	7	0.00	0.25	22.14	21.17	0.00
Core	CPU	C1%	C3%	C6%	C8%	C9%
-	-	0.13	3.61	22.34	21.64	0.02
0	0	0.02	8.16	26.49	14.41	0.01
0	4	0.14	2.42	23.04	24.68	0.00
1	1	0.33	6.57	20.91	25.57	0.00
1	5	0.01	0.19	22.81	23.77	0.00
2	2	0.01	0.25	22.64	22.64	0.00
2	6	0.01	0.32	22.17	24.88	0.13
3	3	0.50	8.76	18.22	15.20	0.00
3	7	0.01	2.21	22.39	21.92	0.00
Core	CPU	C1%	C3%	C6%	C8%	C9%
-	-	0.11	3.47	22.52	21.38	0.00
0	0	0.01	2.93	29.95	19.27	0.00
0	4	0.24	6.89	21.27	15.56	0.00
1	1	0.00	0.24	22.83	22.91	0.00
1	5	0.00	0.27	21.05	27.66	0.00
2	2	0.00	0.29	22.72	29.50	0.00
2	6	0.00	0.29	22.94	28.28	0.00
3	3	0.63	15.36	13.70	7.90	0.00
3	7	0.05	1.52	25.72	19.95	0.00
Core	CPU	C1%	C3%	C6%	C8%	C9%
-	-	0.04	2.97	15.98	16.21	0.00
0	0	0.01	7.37	20.17	6.09	0.00
0	4	0.11	4.86	15.31	12.70	0.00
1	1	0.00	0.19	16.18	19.77	0.00
1	5	0.00	0.21	14.40	19.85	0.00
2	2	0.08	2.69	15.51	15.02	0.00
2	6	0.06	5.76	15.30	16.79	0.00
3	3	0.00	0.61	15.50	16.69	0.00
3	7	0.09	2.07	15.58	22.89	0.00
Core	CPU	C1%	C3%	C6%	C8%	C9%
-	-	0.13	3.53	21.33	23.19	0.01
0	0	0.00	0.38	29.92	14.98	0.02
0	4	0.00	0.18	22.25	37.68	0.00
1	1	0.00	0.14	19.21	27.39	0.00
1	5	0.00	0.13	19.65	25.59	0.00
2	2	0.73	17.48	15.15	9.43	0.09
2	6	0.27	8.53	21.54	16.54	0.00
3	3	0.05	1.26	22.14	31.01	0.00
3	7	0.00	0.15	20.89	22.99	0.00
Core	CPU	C1%	C3%	C6%	C8%	C9%
-	-	0.12	3.26	20.68	22.29	0.02
0	0	0.00	0.48	29.51	14.92	0.00
0	4	0.00	0.08	19.17	18.47	0.00
1	1	0.00	0.18	22.21	29.73	0.00
1	5	0.00	0.89	22.99	22.26	0.00
2	2	0.00	0.10	20.18	35.98	0.00
2	6	0.00	0.12	21.57	25.15	0.06
3	3	0.98	24.02	5.12	0.20	0.07
3	7	0.00	0.21	24.78	31.75	0.00
Core	CPU	C1%	C3%	C6%	C8%	C9%
-	-	0.16	3.48	20.64	22.58	0.17
0	0	0.01	1.93	26.43	10.91	1.39
0	4	0.01	0.19	21.12	33.55	0.00
1	1	0.12	3.87	18.04	20.14	0.00
1	5	0.01	0.12	22.08	24.10	0.00
2	2	0.02	2.41	20.40	21.40	0.00
2	6	0.10	0.51	22.38	33.32	0.00
3	3	1.01	18.39	10.84	7.57	0.00
3	7	0.00	0.37	23.47	29.26	0.00
Core	CPU	C1%	C3%	C6%	C8%	C9%
-	-	0.11	3.80	21.87	22.57	0.27
0	0	0.00	4.05	29.89	23.45	0.00
0	4	0.00	0.14	23.79	24.66	1.52
1	1	0.59	16.29	12.78	8.69	0.00
1	5	0.14	4.77	20.32	18.21	0.47
2	2	0.11	2.33	22.10	23.50	0.00
2	6	0.00	0.76	20.86	28.01	0.06
3	3	0.00	0.08	23.10	22.72	0.00
3	7	0.00	1.98	22.14	31.37	0.10
Core	CPU	C1%	C3%	C6%	C8%	C9%
-	-	0.10	1.90	26.05	23.98	0.00
0	0	0.01	3.87	28.23	13.94	0.00
0	4	0.00	0.54	31.10	27.15	0.00
1	1	0.78	9.06	16.30	10.94	0.00
1	5	0.03	0.69	26.56	22.75	0.00
2	2	0.00	0.40	27.97	36.33	0.00
2	6	0.00	0.27	27.38	22.67	0.00
3	3	0.00	0.20	26.45	25.67	0.00
3	7	0.00	0.19	24.44	32.42	0.00
Core	CPU	C1%	C3%	C6%	C8%	C9%
-	-	0.13	3.29	20.16	21.99	0.12
0	0	0.01	0.48	27.86	9.37	0.00
0	4	0.00	0.21	21.32	18.80	0.00
1	1	0.68	16.84	10.07	13.80	0.00
1	5	0.00	0.31	21.13	34.40	0.00
2	2	0.20	5.45	17.64	24.00	0.48
2	6	0.13	2.77	22.16	29.52	0.46
3	3	0.00	0.17	20.67	23.55	0.00
3	7	0.00	0.14	20.41	22.45	0.00
Core	CPU	C1%	C3%	C6%	C8%	C9%
-	-	0.16	3.41	22.18	21.90	0.08
0	0	0.10	0.43	31.58	14.18	0.06
0	4	0.00	0.12	24.77	31.69	0.00
1	1	0.01	0.25	21.92	25.61	0.00
1	5	0.00	0.18	20.41	19.56	0.60
2	2	0.48	8.97	19.19	19.13	0.00
2	6	0.69	16.27	13.76	7.56	0.00
3	3	0.00	0.14	23.81	34.27	0.00
3	7	0.00	0.97	22.15	23.35	0.00
Core	CPU	C1%	C3%	C6%	C8%	C9%
-	-	0.13	3.62	22.19	20.72	0.10
0	0	0.02	6.06	27.05	12.69	0.00
0	4	0.12	0.22	22.14	19.07	0.00
1	1	0.01	0.24	23.29	23.41	0.67
1	5	0.01	0.22	21.30	24.17	0.00
2	2	0.38	10.23	16.35	14.25	0.00
2	6	0.01	0.16	23.77	28.14	0.06
3	3	0.49	9.46	17.99	14.47	0.00
3	7	0.00	2.35	25.49	29.43	0.11
Core	CPU	C1%	C3%	C6%	C8%	C9%
-	-	0.13	3.61	21.58	24.06	0.01
0	0	0.01	3.95	28.30	8.12	0.03
0	4	0.01	1.30	24.10	31.30	0.00
1	1	0.35	7.36	19.48	30.33	0.00
1	5	0.45	9.97	14.24	14.35	0.00
2	2	0.00	0.16	20.46	26.19	0.00
2	6	0.00	0.09	21.30	25.74	0.00
3	3	0.19	5.67	20.77	19.55	0.05
3	7	0.02	0.35	23.95	36.87	0.00
Core	CPU	C1%	C3%	C6%	C8%	C9%
-	-	0.09	2.56	15.12	16.46	0.43
0	0	0.00	0.25	22.45	9.97	0.50
0	4	0.00	0.01	13.98	16.36	0.00
1	1	0.41	7.49	9.33	11.76	0.00
1	5	0.02	3.25	15.30	14.59	2.20
2	2	0.23	6.60	11.88	12.68	0.30
2	6	0.05	2.57	14.93	20.24	0.06
3	3	0.01	0.10	16.75	23.61	0.35
3	7	0.00	0.21	16.30	22.42	0.00
Core	CPU	C1%	C3%	C6%	C8%	C9%
-	-	0.05	3.90	22.64	23.82	0.17
0	0	0.03	19.58	17.90	3.97	0.00
0	4	0.25	7.31	20.44	19.88	0.00
1	1	0.00	0.24	24.46	25.32	0.00
1	5	0.00	0.16	22.75	20.44	0.00
2	2	0.01	0.32	22.91	38.49	0.00
2	6	0.10	1.79	20.05	21.12	0.06
3	3	0.01	0.30	25.48	29.32	1.27
3	7	0.01	1.48	27.10	32.00	0.00
Core	CPU	C1%	C3%	C6%	C8%	C9%
-	-	0.01	3.69	23.03	22.43	0.02
0	0	0.02	12.60	24.34	10.83	0.03
0	4	0.01	15.38	14.59	9.92	0.00
1	1	0.01	0.22	24.30	25.12	0.00
1	5	0.01	0.22	22.27	25.12	0.00
2	2	0.01	0.27	26.36	28.57	0.00
2	6	0.00	0.21	22.38	29.44	0.13
3	3	0.01	0.36	26.36	24.32	0.00
3	7	0.01	0.27	23.68	26.16	0.00
Core	CPU	C1%	C3%	C6%	C8%	C9%
-	-	0.14	3.56	23.03	21.30	0.19
0	0	0.01	1.43	30.37	17.02	1.40
0	4	0.01	0.21	23.44	18.75	0.00
1	1	0.00	1.28	22.99	27.17	0.00
1	5	0.00	0.25	23.98	32.88	0.00
2	2	0.90	17.80	11.75	7.00	0.12
2	6	0.21	5.98	21.97	20.16	0.00
3	3	0.00	1.11	26.83	23.05	0.00
3	7	0.00	0.39	22.94	24.39	0.00
Core	CPU	C1%	C3%	C6%	C8%	C9%
-	-	0.14	3.93	21.70	21.72	0.01
0	0	0.10	1.60	30.61	27.76	0.00
0	4	0.11	0.17	21.90	23.54	0.00
1	1	0.57	15.31	14.22	10.43	0.00
1	5	0.18	8.13	18.03	16.88	0.00
2	2	0.15	5.47	22.39	22.20	0.00
2	6	0.00	0.19	22.16	21.57	0.00
3	3	0.00	0.22	22.17	25.52	0.00
3	7	0.00	0.38	22.26	25.94	0.09
Core	CPU	C1%	C3%	C6%	C8%	C9%
-	-	0.09	2.62	16.58	15.86	0.08
0	0	0.00	0.33	22.21	14.34	0.03
0	4	0.01	2.18	13.94	16.29	0.00
1	1	0.15	7.89	13.20	11.47	0.00
1	5	0.00	0.20	16.62	19.83	0.00
2	2	0.25	3.53	16.98	21.08	0.00
2	6	0.28	6.44	13.43	12.82	0.59
3	3	0.00	0.18	18.28	16.85	0.00
3	7	0.00	0.20	17.88	14.17	0.00
Core	CPU	C1%	C3%	C6%	C8%	C9%
-	-	0.22	3.52	23.16	22.35	0.36
0	0	0.01	0.29	32.63	12.19	2.78
0	4	0.01	1.98	22.79	28.96	0.00
1	1	0.64	9.62	18.57	18.14	0.00
1	5	0.02	1.84	22.05	30.17	0.00
2	2	1.09	13.73	13.46	21.20	0.00
2	6	0.00	0.20	23.80	24.51	0.08
3	3	0.00	0.27	26.67	23.33	0.00
3	7	0.00	0.21	25.35	20.27	0.00
Core	CPU	C1%	C3%	C6%	C8%	C9%
-	-	0.08	3.72	22.21	23.50	0.00
0	0	0.02	11.43	23.93	11.78	0.02
0	4	0.08	7.62	18.03	21.98	0.00
1	1	0.00	0.13	22.10	27.85	0.00
1	5	0.00	0.14	23.15	27.69	0.00
2	2	0.20	4.85	22.02	17.32	0.00
2	6	0.31	5.13	21.11	24.39	0.00
3	3	0.00	0.27	26.05	34.36	0.00
3	7	0.00	0.15	21.30	22.59	0.00
Core	CPU	C1%	C3%	C6%	C8%	C9%
-	-	0.13	3.56	20.92	21.76	0.17
0	0	0.10	0.33	29.84	18.53	1.37
0	4	0.15	8.32	17.84	25.99	0.00
1	1	0.01	0.18	25.18	33.19	0.00
1	5	0.79	18.87	8.21	7.81	0.00
2	2	0.00	0.19	20.01	25.25	0.00
2	6	0.00	0.15	21.09	21.10	0.00
3	3	0.00	0.19	21.95	20.08	0.00
3	7	0.00	0.25	23.24	22.11	0.00
Core	CPU	C1%	C3%	C6%	C8%	C9%
-	-	0.14	3.58	21.95	23.59	0.07
0	0	0.00	0.69	32.56	16.68	0.02
0	4	0.00	0.32	21.31	31.01	0.00
1	1	0.47	12.90	14.97	12.93	0.00
1	5	0.01	1.39	24.69	29.10	0.00
2	2	0.00	0.24	21.83	24.80	0.00
2	6	0.00	0.23	21.48	26.28	0.07
3	3	0.60	11.36	14.49	21.17	0.46
3	7	0.00	1.55	24.64	27.14	0.00
Core	CPU	C1%	C3%	C6%	C8%	C9%
-	-	0.09	2.55	16.67	17.81	0.01
0	0	0.19	8.42	17.14	4.09	0.00
0	4	0.01	0.12	15.10	20.66	0.00
1	1	0.00	0.06	16.33	18.83	0.00
1	5	0.00	0.13	17.81	19.18	0.00
2	2	0.45	10.35	10.50	7.89	0.00
2	6	0.06	1.02	19.23	20.66	0.06
3	3	0.00	0.18	18.60	30.47	0.00
3	7	0.00	0.10	18.54	20.55	0.00
Core	CPU	C1%	C3%	C6%	C8%	C9%
-	-	0.08	3.72	22.66	22.50	0.00
0	0	0.01	7.40	29.51	11.07	0.02
0	4	0.00	2.48	23.14	24.15	0.00
1	1	0.00	0.31	23.44	23.39	0.00
1	5	0.00	0.31	19.51	31.42	0.00
2	2	0.25	5.60	20.74	20.18	0.00
2	6	0.36	9.47	17.70	16.57	0.00
3	3	0.00	0.33	24.88	27.95	0.00
3	7	0.00	3.88	22.42	25.36	0.00
Core	CPU	C1%	C3%	C6%	C8%	C9%
-	-	0.10	3.76	22.51	20.14	0.01
0	0	0.02	4.88	25.75	16.34	0.00
0	4	0.24	11.11	17.00	10.57	0.00
1	1	0.00	0.25	21.64	23.04	0.00
1	5	0.00	0.21	23.27	22.39	0.00
2	2	0.44	7.23	18.32	20.79	0.00
2	6	0.09	3.68	21.30	20.74	0.06
3	3	0.00	0.35	24.32	18.22	0.00
3	7	0.01	2.30	28.28	28.84	0.00
Core	CPU	C1%	C3%	C6%	C8%	C9%
-	-	0.06	3.71	22.85	23.08	0.03
0	0	0.01	8.00	28.01	7.44	0.00
0	4	0.13	8.77	18.89	23.44	0.00
1	1	0.12	3.21	23.40	21.57	0.00
1	5	0.00	0.17	22.52	30.20	0.00
2	2	0.18	5.86	21.07	16.62	0.00
2	6	0.06	3.20	24.04	22.23	0.00
3	3	0.00	0.25	24.24	37.70	0.20
3	7	0.00	0.22	20.51	25.44	0.00
Core	CPU	C1%	C3%	C6%	C8%	C9%
-	-	0.06	3.86	21.62	22.71	0.01
0	0	0.02	10.46	24.15	6.98	0.00
0	4	0.06	5.75	20.02	22.44	0.00
1	1	0.17	5.26	18.61	20.77	0.00
1	5	0.21	7.53	16.87	21.02	0.05
2	2	0.00	0.16	24.03	32.05	0.00
2	6	0.00	1.30	20.81	33.25	0.06
3	3	0.00	0.24	25.19	21.82	0.00
3	7	0.05	0.20	23.28	23.36	0.00
Core	CPU	C1%	C3%	C6%	C8%	C9%
-	-	0.12	2.04	25.94	24.25	0.00
0	0	0.23	3.41	29.42	10.56	0.00
0	4	0.24	3.68	20.77	14.30	0.00
1	1	0.46	7.18	20.06	19.72	0.00
1	5	0.04	0.63	26.42	26.04	0.00
2	2	0.00	0.37	26.33	40.38	0.00
2	6	0.00	0.28	29.62	29.30	0.00
3	3	0.00	0.33	26.96	30.82	0.00
3	7	0.00	0.41	27.97	22.91	0.00
Core	CPU	C1%	C3%	C6%	C8%	C9%
-	-	0.14	3.56	20.14	21.43	0.01
0	0	0.01	5.49	25.42	8.98	0.00
0	4	0.01	0.13	20.55	23.92	0.00
1	1	0.53	10.13	14.27	13.16	0.00
1	5	0.54	12.07	15.06	19.65	0.00
2	2	0.00	0.13	21.78	25.90	0.00
2	6	0.00	0.13	21.17	37.38	0.04
3	3	0.00	0.15	20.04	19.85	0.00
3	7	0.00	0.28	22.81	22.60	0.00
Core	CPU	C1%	C3%	C6%	C8%	C9%
-	-	0.16	3.35	21.78	23.09	0.07
0	0	0.01	0.38	35.83	34.13	0.00
0	4	0.01	0.13	23.00	19.60	0.00
1	1	0.01	0.13	20.68	36.03	0.00
1	5	0.01	0.22	23.09	23.12	0.00
2	2	0.33	7.43	17.25	18.14	0.05
2	6	0.86	18.18	10.73	6.57	0.51
3	3	0.00	0.11	20.74	24.47	0.00
3	7	0.01	0.22	23.05	22.84	0.00
Core	CPU	C1%	C3%	C6%	C8%	C9%
-	-	0.18	3.65	21.96	22.37	0.00
0	0	0.12	1.00	31.39	16.54	0.01
0	4	0.00	0.15	21.64	18.59	0.00
1	1	0.31	4.91	19.58	20.41	0.00
1	5	0.00	0.13	21.60	36.97	0.00
2	2	0.50	11.39	16.33	9.51	0.00
2	6	0.48	11.11	17.75	16.12	0.00
3	3	0.01	0.14	24.27	32.43	0.00
3	7	0.00	0.35	23.02	28.26	0.00
Core	CPU	C1%	C3%	C6%	C8%	C9%
-	-	0.05	3.71	21.32	23.00	0.01
0	0	0.15	17.68	19.76	13.85	0.00
0	4	0.01	4.96	21.39	19.21	0.00
1	1	0.25	6.06	17.87	21.45	0.00
1	5	0.00	0.13	21.56	24.78	0.00
2	2	0.01	0.13	23.15	28.58	0.00
2	6	0.00	0.14	22.39	31.12	0.05
3	3	0.00	0.29	22.22	20.14	0.00
3	7	0.00	0.30	22.25	24.84	0.00
Core	CPU	C1%	C3%	C6%	C8%	C9%
-	-	0.05	2.06	25.72	23.26	0.01
0	0	0.01	1.49	39.17	29.72	0.00
0	4	0.02	7.69	18.04	9.28	0.00
1	1	0.00	0.21	26.46	32.43	0.00
1	5	0.00	0.23	26.32	27.47	0.00
2	2	0.11	2.04	24.51	22.61	0.00
2	6	0.28	3.14	22.16	22.60	0.06
3	3	0.00	0.28	25.31	23.69	0.00
3	7	0.00	1.48	24.37	18.78	0.00
Core	CPU	C1%	C3%	C6%	C8%	C9%
-	-	0.10	3.74	22.11	23.18	0.00
0	0	0.21	12.00	23.53	4.20	0.00
0	4	0.00	0.15	20.89	25.02	0.00
1	1	0.00	0.22	21.67	26.69	0.00
1	5	0.00	0.21	22.52	24.59	0.00
2	2	0.02	3.37	21.94	37.71	0.00
2	6	0.00	0.21	21.53	29.94	0.00
3	3	0.55	12.07	17.95	11.00	0.00
3	7	0.01	1.56	26.47	25.86	0.00
Core	CPU	C1%	C3%	C6%	C8%	C9%
-	-	0.15	3.35	22.86	23.95	0.01
0	0	0.02	6.93	28.68	12.89	0.00
0	4	0.00	0.17	24.43	22.01	0.00
1	1	0.00	0.17	24.05	27.82	0.00
1	5	0.62	5.79	18.50	23.18	0.00
2	2	0.36	8.37	17.93	20.00	0.00
2	6	0.00	0.10	22.23	31.82	0.06
3	3	0.14	4.87	22.37	16.04	0.00
3	7	0.03	0.42	25.01	38.14	0.00
Core	CPU	C1%	C3%	C6%	C8%	C9%
-	-	0.07	3.59	22.05	22.03	0.00
0	0	0.00	0.58	31.14	13.34	0.00
0	4	0.01	12.52	15.35	9.93	0.00
1	1	0.00	0.24	21.49	34.23	0.00
1	5	0.00	0.23	20.69	21.46	0.00
2	2	0.42	10.08	17.39	20.61	0.00
2	6	0.14	4.44	20.51	30.13	0.00
3	3	0.00	0.32	25.93	22.09	0.00
3	7	0.00	0.28	23.56	24.22	0.00
Core	CPU	C1%	C3%	C6%	C8%	C9%
-	-	0.15	3.90	20.99	22.77	0.15
0	0	0.01	3.99	27.34	21.62	0.00
0	4	0.00	0.25	20.63	23.79	0.00
1	1	0.00	0.18	21.77	30.60	0.00
1	5	0.00	0.16	21.16	22.86	0.00
2	2	0.45	12.17	15.87	16.53	0.04
2	6	0.74	13.98	15.03	12.55	0.00
3	3	0.01	0.28	21.99	24.22	1.19
3	7	0.00	0.20	24.15	30.01	0.00
Core	CPU	C1%	C3%	C6%	C8%	C9%
-	-	0.03	2.83	15.62	15.96	0.00
0	0	0.01	5.95	14.73	5.46	0.00
0	4	0.12	14.80	9.68	5.74	0.00
1	1	0.00	0.24	17.86	22.91	0.00
1	5	0.01	0.18	16.27	24.42	0.00
2	2	0.12	0.24	16.36	20.76	0.00
2	6	0.00	0.20	15.56	17.00	0.00
3	3	0.01	0.85	16.46	16.00	0.00
3	7	0.00	0.22	18.01	15.43	0.00
Core	CPU	C1%	C3%	C6%	C8%	C9%
-	-	0.09	3.71	20.31	23.46	0.00
0	0	0.01	13.10	23.39	9.87	0.00
0	4	0.00	0.22	20.79	31.41	0.00
1	1	0.41	9.75	16.17	19.23	0.00
1	5	0.28	4.45	19.03	28.65	0.00
2	2	0.01	0.24	21.66	25.57	0.00
2	6	0.00	0.21	21.23	32.49	0.00
3	3	0.01	0.29	20.24	20.52	0.00
3	7	0.04	1.39	19.98	19.93	0.00
Core	CPU	C1%	C3%	C6%	C8%	C9%
-	-	0.11	3.51	21.32	22.57	0.06
0	0	0.01	6.09	25.96	20.15	0.00
0	4	0.00	0.25	20.62	24.34	0.00
1	1	0.11	3.19	20.52	18.24	0.00
1	5	0.02	1.30	21.17	21.50	0.00
2	2	0.00	0.14	20.02	28.56	0.00
2	6	0.00	0.19	22.93	30.21	0.00
3	3	0.73	16.65	13.89	9.81	0.51
3	7	0.00	0.26	25.45	27.78	0.00
Core	CPU	C1%	C3%	C6%	C8%	C9%
-	-	0.13	3.55	22.44	22.30	0.02
0	0	0.01	0.52	31.71	13.39	0.00
0	4	0.00	0.29	22.37	17.55	0.00
1	1	0.22	0.84	19.59	30.67	0.00
1	5	0.00	0.13	20.36	37.47	0.00
2	2	0.00	0.98	24.28	29.21	0.00
2	6	0.00	0.19	25.46	28.63	0.12
3	3	0.74	25.09	9.48	2.57	0.06
3	7	0.08	0.36	26.26	18.90	0.00
Core	CPU	C1%	C3%	C6%	C8%	C9%
-	-	0.10	3.58	20.27	22.02	0.00
0	0	0.01	6.14	25.85	12.13	0.00
0	4	0.00	0.25	21.33	17.85	0.00
1	1	0.00	0.13	20.23	31.56	0.00
1	5	0.00	0.17	19.42	23.30	0.00
2	2	0.00	0.15	19.90	21.99	0.00
2	6	0.00	0.10	20.69	33.20	0.00
3	3	0.78	20.28	8.46	5.03	0.00
3	7	0.01	1.37	26.32	31.16	0.00
Core	CPU	C1%	C3%	C6%	C8%	C9%
-	-	0.07	3.57	15.21	16.30	0.00
0	0	0.08	10.58	17.33	5.94	0.01
0	4	0.00	0.19	15.91	15.85	0.00
1	1	0.00	0.17	13.91	17.83	0.00
1	5	0.00	0.11	15.58	17.14	0.00
2	2	0.06	0.89	16.85	23.40	0.00
2	6	0.43	11.60	11.08	8.73	0.00
3	3	0.01	2.02	14.24	12.35	0.00
3	7	0.00	3.01	16.81	29.16	0.00
Core	CPU	C1%	C3%	C6%	C8%	C9%
-	-	0.18	3.53	22.89	22.19	0.09
0	0	0.00	1.76	30.68	12.75	0.00
0	4	0.00	1.33	25.50	18.99	0.00
1	1	0.14	3.80	20.78	18.35	0.00
1	5	0.22	4.29	23.05	18.23	0.00
2	2	0.29	7.91	17.49	24.84	0.68
2	6	0.35	0.38	23.82	34.43	0.06
3	3	0.37	8.25	17.74	23.39	0.00
3	7	0.04	0.58	24.25	26.76	0.00
Core	CPU	C1%	C3%	C6%	C8%	C9%
-	-	0.16	3.89	21.00	22.28	0.01
0	0	0.00	10.50	23.59	6.30	0.03
0	4	0.00	0.12	25.40	23.46	0.00
1	1	0.00	0.89	22.64	29.44	0.00
1	5	0.00	0.09	21.83	35.59	0.00
2	2	0.00	0.17	22.14	23.67	0.00
2	6	0.00	0.16	20.33	26.53	0.06
3	3	1.18	18.00	10.37	8.19	0.00
3	7	0.09	1.20	21.39	24.76	0.00
Core	CPU	C1%	C3%	C6%	C8%	C9%
-	-	0.17	3.45	22.25	24.04	0.08
0	0	0.01	1.02	31.27	12.24	0.06
0	4	0.00	0.18	23.68	25.82	0.59
1	1	0.00	0.19	24.39	27.71	0.00
1	5	0.00	0.20	23.70	25.00	0.00
2	2	1.22	24.95	7.20	2.86	0.00
2	6	0.14	0.69	22.59	23.57	0.00
3	3	0.00	0.19	22.50	47.64	0.00
3	7	0.00	0.17	22.65	27.50	0.02
Core	CPU	C1%	C3%	C6%	C8%	C9%
-	-	0.11	3.74	21.55	22.29	0.01
0	0	0.01	6.56	27.31	9.80	0.01
0	4	0.00	0.10	21.76	27.39	0.00
1	1	0.10	2.19	20.49	19.70	0.00
1	5	0.00	0.14	21.80	24.92	0.00
2	2	0.51	12.90	16.40	10.84	0.00
2	6	0.15	4.42	20.56	30.57	0.10
3	3	0.08	3.33	22.77	34.10	0.00
3	7	0.00	0.26	21.27	21.03	0.00
Core	CPU	C1%	C3%	C6%	C8%	C9%
-	-	0.10	2.02	26.90	25.05	0.01
0	0	0.12	8.11	30.41	5.60	0.00
0	4	0.25	5.07	18.94	14.38	0.00
1	1	0.18	0.64	28.62	31.73	0.00
1	5	0.14	1.24	27.97	29.34	0.00
2	2	0.10	0.28	27.13	24.24	0.00
2	6	0.01	0.23	27.59	29.47	0.11
3	3	0.01	0.27	26.80	32.60	0.00
3	7	0.01	0.31	27.77	33.02	0.00
Core	CPU	C1%	C3%	C6%	C8%	C9%
-	-	0.13	3.63	22.10	20.97	0.00
0	0	0.01	0.45	31.28	22.02	0.02
0	4	0.00	0.14	25.17	18.85	0.00
1	1	0.29	6.51	20.18	17.96	0.00
1	5	0.70	21.07	9.18	6.41	0.00
2	2	0.00	0.22	23.95	29.10	0.00
2	6	0.00	0.19	22.33	24.67	0.00
3	3	0.00	0.23	22.59	25.54	0.00
3	7	0.00	0.21	22.23	23.31	0.00
Core	CPU	C1%	C3%	C6%	C8%	C9%
-	-	0.03	3.80	21.19	23.21	0.00
0	0	0.00	12.69	23.48	10.24	0.00
0	4	0.01	12.22	17.53	17.91	0.00
1	1	0.00	0.24	21.95	35.51	0.00
1	5	0.13	3.36	21.56	22.87	0.00
2	2	0.00	0.20	22.17	33.29	0.00
2	6	0.00	0.22	21.42	24.96	0.00
3	3	0.06	1.22	21.41	18.50	0.00
3	7	0.00	0.19	19.91	22.25	0.00
Core	CPU	C1%	C3%	C6%	C8%	C9%
-	-	0.03	3.70	23.58	22.36	0.01
0	0	0.00	7.63	27.81	4.22	0.00
0	4	0.08	11.48	18.76	15.67	0.00
1	1	0.00	0.31	25.36	35.59	0.00
1	5	0.00	1.17	23.55	30.89	0.00
2	2	0.00	0.25	24.08	24.39	0.00
2	6	0.00	0.25	25.82	29.83	0.05
3	3	0.15	5.97	20.30	20.69	0.00
3	7	0.00	2.56	22.95	17.59	0.00
Core	CPU	C1%	C3%	C6%	C8%	C9%
-	-	0.08	3.76	20.98	22.95	0.01
0	0	0.03	15.57	18.75	9.25	0.00
0	4	0.00	0.17	24.00	33.48	0.00
1	1	0.00	0.17	22.73	30.73	0.00
1	5	0.00	0.15	21.85	35.15	0.00
2	2	0.00	0.23	24.10	20.68	0.00
2	6	0.00	0.20	22.65	23.99	0.05
3	3	0.63	13.31	13.01	9.82	0.00
3	7	0.00	0.28	20.73	20.52	0.00
Core	CPU	C1%	C3%	C6%	C8%	C9%
-	-	0.04	2.70	15.39	13.95	0.00
0	0	0.00	13.02	15.36	2.91	0.00
0	4	0.01	6.03	14.12	12.47	0.00
1	1	0.28	0.23	14.51	14.69	0.00
1	5	0.00	0.18	14.80	21.92	0.00
2	2	0.01	0.27	17.49	18.43	0.00
2	6	0.00	0.20	16.81	14.73	0.00
3	3	0.00	0.10	13.34	8.88	0.00
3	7	0.02	1.54	16.70	17.55	0.00
Core	CPU	C1%	C3%	C6%	C8%	C9%
-	-	0.33	3.24	22.54	20.38	0.01
0	0	0.00	0.50	31.44	17.22	0.00
0	4	0.12	2.63	20.60	34.61	0.00
1	1	0.13	0.95	22.36	22.59	0.00
1	5	0.46	3.02	20.56	23.28	0.00
2	2	0.00	0.10	21.51	23.97	0.00
2	6	0.00	0.07	21.80	19.34	0.05
3	3	1.92	18.33	12.40	5.80	0.00
3	7	0.01	0.34	29.67	16.26	0.00
Core	CPU	C1%	C3%	C6%	C8%	C9%
-	-	0.12	3.97	22.57	19.10	0.00
0	0	0.00	0.57	33.72	13.40	0.02
0	4	0.06	23.09	9.82	2.90	0.00
1	1	0.62	6.14	18.54	21.32	0.00
1	5	0.16	0.67	21.87	16.26	0.00
2	2	0.00	0.39	24.81	24.32	0.00
2	6	0.00	0.35	24.25	19.20	0.00
3	3	0.08	0.26	22.41	27.59	0.00
3	7	0.00	0.28	25.13	27.79	0.00
Core	CPU	C1%	C3%	C6%	C8%	C9%
-	-	0.42	3.41	22.35	21.34	0.02
0	0	0.01	0.57	32.38	20.91	0.00
0	4	0.00	0.21	21.67	27.19	0.01
1	1	0.64	5.88	19.83	24.65	0.00
1	5	0.53	4.84	21.58	12.96	0.00
2	2	0.00	0.26	22.01	23.04	0.00
2	6	0.00	0.19	23.42	32.36	0.13
3	3	2.21	15.09	13.19	9.54	0.00
3	7	0.00	0.27	25.18	20.57	0.00
Core	CPU	C1%	C3%	C6%	C8%	C9%
-	-	0.14	3.69	22.12	22.82	0.00
0	0	0.03	9.59	25.79	10.43	0.00
0	4	0.47	13.08	14.42	12.67	0.00
1	1	0.00	0.10	23.55	41.05	0.00
1	5	0.00	0.09	21.46	15.58	0.00
2	2	0.00	0.06	23.60	23.37	0.00
2	6	0.00	0.11	23.23	31.48	0.00
3	3	0.59	5.54	19.25	15.20	0.00
3	7	0.03	0.87	25.23	32.37	0.00
Core	CPU	C1%	C3%	C6%	C8%	C9%
-	-	0.16	2.96	16.07	15.18	0.01
0	0	0.00	0.54	25.43	16.69	0.00
0	4	0.19	4.20	14.51	12.50	0.00
1	1	0.00	0.19	15.50	21.87	0.00
1	5	0.00	0.16	16.07	19.05	0.00
2	2	0.47	9.25	11.17	9.68	0.00
2	6	0.50	8.93	12.71	10.57	0.09
3	3	0.10	0.24	17.15	16.83	0.00
3	7	0.00	0.17	16.00	14.30	0.00
Core	CPU	C1%	C3%	C6%	C8%	C9%
-	-	0.03	2.84	20.29	19.43	0.01
0	0	0.00	5.33	27.06	10.05	0.00
0	4	0.00	8.75	17.27	14.26	0.00
1	1	0.00	3.27	20.03	23.11	0.00
1	5	0.00	0.16	19.30	29.00	0.00
2	2	0.14	2.17	16.33	16.05	0.00
2	6	0.00	0.19	20.32	18.23	0.06
3	3	0.00	0.20	20.47	27.80	0.00
3	7	0.07	2.63	21.58	16.93	0.00
Core	CPU	C1%	C3%	C6%	C8%	C9%
-	-	0.16	4.06	22.26	21.98	0.01
0	0	0.03	6.38	30.61	15.94	0.06
0	4	0.19	17.27	13.45	8.39	0.00
1	1	0.15	1.15	23.87	29.29	0.00
1	5	0.37	4.43	19.85	21.85	0.00
2	2	0.18	0.29	22.72	43.25	0.00
2	6	0.00	0.25	20.50	21.58	0.00
3	3	0.31	2.30	23.20	18.57	0.00
3	7	0.00	0.39	23.83	16.91	0.00
Core	CPU	C1%	C3%	C6%	C8%	C9%
-	-	0.07	3.53	23.20	21.89	0.11
0	0	0.01	0.56	35.04	16.59	0.00
0	4	0.25	23.87	9.68	3.46	0.00
1	1	0.00	0.20	25.39	39.53	0.00
1	5	0.00	0.17	22.55	14.47	0.00
2	2	0.27	2.89	21.72	25.58	0.00
2	6	0.00	0.18	25.22	25.11	0.92
3	3	0.00	0.24	21.78	24.99	0.00
3	7	0.00	0.17	24.21	25.39	0.00
Core	CPU	C1%	C3%	C6%	C8%	C9%
-	-	0.15	3.58	22.61	20.15	0.29
0	0	0.01	0.58	31.48	6.49	1.36
0	4	0.00	0.27	23.61	17.96	0.00
1	1	0.45	11.10	14.69	11.60	0.94
1	5	0.14	3.44	21.97	36.75	0.00
2	2	0.43	9.01	14.32	16.49	0.00
2	6	0.14	3.06	21.53	23.56	0.06
3	3	0.01	0.32	25.10	18.65	0.00
3	7	0.01	0.89	28.43	29.82	0.00
Core	CPU	C1%	C3%	C6%	C8%	C9%
-	-	0.12	2.21	24.84	23.28	0.02
0	0	0.01	0.57	36.32	17.36	0.00
0	4	0.15	4.60	13.74	8.75	0.00
1	1	0.14	0.76	24.13	25.38	0.00
1	5	0.58	10.58	16.76	15.04	0.00
2	2	0.00	0.30	25.54	26.50	0.00
2	6	0.01	0.29	27.62	40.06	0.17
3	3	0.10	0.23	28.47	24.64	0.00
3	7	0.00	0.31	25.88	28.37	0.00
Core	CPU	C1%	C3%	C6%	C8%	C9%
-	-	0.17	3.11	18.15	17.39	0.18
0	0	0.01	1.16	23.69	15.68	1.42
0	4	0.01	3.66	18.00	29.35	0.00
1	1	0.32	9.62	13.25	9.31	0.00
1	5	1.03	9.48	12.96	15.38	0.00
2	2	0.00	0.29	20.17	15.98	0.00
2	6	0.00	0.22	17.81	19.21	0.00
3	3	0.00	0.24	20.37	18.05	0.00
3	7	0.00	0.27	19.08	16.27	0.00
Core	CPU	C1%	C3%	C6%	C8%	C9%
-	-	0.29	3.71	23.66	21.58	0.19
0	0	0.01	5.17	27.99	4.14	0.79
0	4	0.01	2.69	22.17	30.00	0.00
1	1	0.80	7.29	21.12	16.27	0.00
1	5	1.54	13.20	17.72	11.53	0.00
2	2	0.00	0.29	25.40	31.55	0.76
2	6	0.00	0.28	24.05	38.02	0.00
3	3	0.00	0.18	25.09	20.30	0.00
3	7	0.01	0.58	25.54	20.73	0.00
Core	CPU	C1%	C3%	C6%	C8%	C9%
-	-	0.18	3.76	23.14	22.65	0.01
0	0	0.10	5.07	29.17	16.01	0.01
0	4	0.24	11.03	18.69	11.76	0.00
1	1	0.48	6.57	21.27	25.01	0.00
1	5	0.17	3.57	19.28	26.50	0.00
2	2	0.03	0.28	24.60	34.08	0.00
2	6	0.28	1.81	22.88	26.40	0.06
3	3	0.16	0.21	25.59	21.26	0.01
3	7	0.00	1.52	23.61	20.22	0.00
Core	CPU	C1%	C3%	C6%	C8%	C9%
-	-	0.18	4.02	21.13	22.26	0.00
0	0	0.01	1.36	29.30	6.99	0.04
0	4	0.00	0.23	21.74	25.85	0.00
1	1	1.35	27.63	4.41	1.32	0.00
1	5	0.10	1.28	26.66	33.75	0.00
2	2	0.00	0.25	22.50	33.41	0.00
2	6	0.00	0.21	23.07	27.75	0.00
3	3	0.00	0.25	21.27	26.73	0.00
3	7	0.00	0.96	20.08	22.28	0.00
Core	CPU	C1%	C3%	C6%	C8%	C9%
-	-	0.11	2.80	14.15	14.11	0.29
0	0	0.00	0.31	21.37	4.42	0.00
0	4	0.00	0.16	14.75	11.66	0.00
1	1	0.06	2.42	13.02	23.14	0.00
1	5	0.00	0.15	15.25	23.21	0.00
2	2	0.00	0.23	14.78	17.76	0.00
2	6	0.80	17.71	3.20	3.41	2.31
3	3	0.00	0.53	15.59	16.38	0.00
3	7	0.00	0.91	15.20	12.91	0.00
Core	CPU	C1%	C3%	C6%	C8%	C9%
-	-	0.15	3.75	20.76	21.66	0.19
0	0	0.02	4.42	24.92	8.86	1.51
0	4	0.00	0.17	21.46	27.54	0.00
1	1	0.58	13.95	14.09	19.05	0.00
1	5	0.28	4.65	16.14	26.25	0.00
2	2	0.16	2.68	20.50	22.34	0.00
2	6	0.14	1.65	22.49	19.16	0.00
3	3	0.00	1.34	23.72	31.34	0.00
3	7	0.00	1.21	22.83	18.85	0.00
Core	CPU	C1%	C3%	C6%	C8%	C9%
-	-	0.15	3.77	21.27	21.59	0.00
0	0	0.01	1.77	31.72	17.72	0.00
0	4	0.00	0.21	24.43	21.33	0.00
1	1	0.61	16.19	13.96	9.51	0.00
1	5	0.54	10.31	16.39	24.01	0.00
2	2	0.00	0.91	20.68	23.82	0.00
2	6	0.00	0.17	20.13	19.73	0.00
3	3	0.00	0.25	19.63	27.39	0.00
3	7	0.05	0.33	23.12	29.10	0.00
Core	CPU	C1%	C3%	C6%	C8%	C9%
-	-	0.12	2.68	19.64	16.47	0.19
0	0	0.01	0.31	26.80	11.47	0.02
0	4	0.01	0.12	19.66	29.30	1.02
1	1	0.72	14.97	9.78	4.34	0.00
1	5	0.17	4.53	15.12	20.06	0.00
2	2	0.00	0.11	18.84	16.45	0.00
2	6	0.00	0.75	18.68	14.71	0.00
3	3	0.00	0.41	23.76	20.85	0.51
3	7	0.02	0.24	24.51	14.58	0.00
Core	CPU	C1%	C3%	C6%	C8%	C9%
-	-	0.38	3.99	22.24	20.54	0.00
0	0	0.01	3.01	29.66	8.77	0.00
0	4	0.00	0.14	20.18	20.19	0.00
1	1	0.00	0.31	23.75	32.45	0.00
1	5	0.00	0.19	19.94	35.00	0.00
2	2	2.17	16.44	14.93	6.76	0.00
2	6	0.89	10.65	20.49	16.26	0.00
3	3	0.00	0.44	25.40	29.44	0.00
3	7	0.00	0.76	23.57	15.44	0.00
Core	CPU	C1%	C3%	C6%	C8%	C9%
-	-	0.33	2.95	16.52	16.48	0.18
0	0	0.09	0.54	26.54	11.95	0.00
0	4	0.11	0.24	16.51	16.90	0.00
1	1	0.12	0.23	17.08	19.92	0.00
1	5	0.00	0.18	16.92	18.56	0.00
2	2	0.85	7.18	12.46	12.10	0.00
2	6	1.40	14.70	7.76	6.88	1.31
3	3	0.00	0.27	17.56	27.43	0.11
3	7	0.10	0.25	17.34	18.07	0.00
Core	CPU	C1%	C3%	C6%	C8%	C9%
-	-	0.20	3.99	20.61	21.34	0.02
0	0	0.01	0.42	28.35	9.86	0.00
0	4	0.00	0.08	20.36	20.94	0.00
1	1	0.94	18.70	9.47	13.21	0.12
1	5	0.00	0.14	23.18	34.26	0.00
2	2	0.39	5.81	17.92	25.68	0.00
2	6	0.25	3.23	21.20	25.56	0.00
3	3	0.00	1.85	21.78	21.16	0.00
3	7	0.00	1.65	22.68	20.09	0.00
Core	CPU	C1%	C3%	C6%	C8%	C9%
-	-	0.16	3.63	21.79	22.32	0.00
0	0	0.00	4.83	29.06	14.13	0.00
0	4	0.00	0.22	23.15	29.62	0.00
1	1	0.23	5.58	21.61	23.50	0.00
1	5	0.98	17.55	11.50	6.64	0.00
2	2	0.00	0.19	21.57	29.66	0.00
2	6	0.01	0.26	22.37	21.96	0.00
3	3	0.00	0.16	21.51	27.74	0.00
3	7	0.08	0.25	23.42	25.20	0.00
Core	CPU	C1%	C3%	C6%	C8%	C9%
-	-	0.09	3.63	21.40	21.81	0.00
0	0	0.00	0.38	29.56	12.97	0.00
0	4	0.00	0.19	23.21	20.71	0.00
1	1	0.25	10.03	16.73	13.89	0.00
1	5	0.19	6.76	18.02	20.58	0.00
2	2	0.00	0.18	25.02	29.74	0.00
2	6	0.24	9.73	14.87	18.11	0.00
3	3	0.00	0.82	22.34	31.78	0.00
3	7	0.00	1.04	21.78	27.05	0.00
Core	CPU	C1%	C3%	C6%	C8%	C9%
-	-	0.15	3.86	21.25	23.21	0.00
0	0	0.01	0.41	31.87	28.07	0.00
0	4	0.00	0.91	22.10	19.80	0.00
1	1	0.00	0.17	21.08	32.20	0.00
1	5	0.01	0.16	21.15	21.70	0.00
2	2	0.08	2.93	22.24	23.83	0.00
2	6	1.09	25.97	5.09	2.43	0.00
3	3	0.00	0.11	22.31	26.44	0.00
3	7	0.01	0.18	23.79	30.86	0.00
Core	CPU	C1%	C3%	C6%	C8%	C9%
-	-	0.08	3.17	16.16	16.97	0.01
0	0	0.01	8.29	18.24	4.93	0.00
0	4	0.00	0.18	16.85	27.87	0.00
1	1	0.00	0.19	17.27	22.69	0.00
1	5	0.00	0.12	13.83	14.87	0.00
2	2	0.22	7.09	15.84	12.50	0.00
2	6	0.00	0.27	15.58	18.81	0.05
3	3	0.41	7.50	12.81	17.03	0.00
3	7	0.00	1.70	18.81	17.05	0.00
Core	CPU	C1%	C3%	C6%	C8%	C9%
-	-	0.06	3.78	21.48	23.49	0.00
0	0	0.01	20.66	15.52	5.01	0.00
0	4	0.01	1.26	23.83	39.56	0.00
1	1	0.22	2.92	21.38	24.13	0.00
1	5	0.00	0.27	19.55	22.89	0.00
2	2	0.10	1.38	23.42	24.55	0.00
2	6	0.00	0.24	22.69	22.89	0.00
3	3	0.00	0.66	21.37	27.35	0.00
3	7	0.14	2.91	24.38	21.79	0.01
Core	CPU	C1%	C3%	C6%	C8%	C9%
-	-	0.01	4.01	22.01	23.56	0.00
0	0	0.08	19.75	18.74	3.48	0.00
0	4	0.00	9.08	20.43	14.76	0.00
1	1	0.00	0.90	22.49	36.21	0.00
1	5	0.01	0.23	22.38	41.69	0.00
2	2	0.00	0.24	22.59	25.64	0.00
2	6	0.00	0.24	23.29	22.78	0.00
3	3	0.00	1.28	23.23	17.71	0.00
3	7	0.01	0.36	22.86	26.16	0.00
Core	CPU	C1%	C3%	C6%	C8%	C9%
-	-	0.16	2.73	21.19	16.50	0.01
0	0	0.01	1.99	28.63	5.51	0.00
0	4	0.00	2.50	19.60	12.58	0.00
1	1	0.00	0.21	20.13	28.57	0.00
1	5	0.00	0.17	18.85	14.74	0.00
2	2	0.00	0.28	22.96	29.30	0.00
2	6	0.00	0.31	20.40	24.97	0.09
3	3	1.06	16.09	10.72	2.28	0.00
3	7	0.21	0.28	28.02	13.87	0.00
Core	CPU	C1%	C3%	C6%	C8%	C9%
-	-	0.01	3.94	20.75	23.55	0.00
0	0	0.04	23.89	11.08	1.03	0.00
0	4	0.01	5.62	24.63	29.96	0.00
1	1	0.00	0.28	21.81	25.99	0.00
1	5	0.00	0.24	21.57	41.53	0.00
2	2	0.00	0.13	21.56	26.79	0.00
2	6	0.00	0.15	20.34	21.96	0.00
3	3	0.00	1.02	22.74	22.69	0.00
3	7	0.00	0.20	22.28	18.44	0.00
Core	CPU	C1%	C3%	C6%	C8%	C9%
-	-	0.02	3.36	16.88	17.11	0.00
0	0	0.00	25.11	5.93	0.00	0.00
0	4	0.00	0.52	17.46	22.97	0.00
1	1	0.00	0.18	19.04	20.15	0.00
1	5	0.00	0.24	17.46	23.37	0.00
2	2	0.00	0.22	17.71	23.32	0.00
2	6	0.00	0.20	18.12	16.73	0.00
3	3	0.11	0.17	18.91	15.90	0.00
3	7	0.00	0.22	20.38	14.44	0.00
Core	CPU	C1%	C3%	C6%	C8%	C9%
-	-	0.09	4.02	22.28	21.55	0.00
0	0	0.01	4.01	31.26	9.17	0.00
0	4	0.35	16.50	15.32	14.64	0.00
1	1	0.00	0.32	20.50	24.98	0.00
1	5	0.31	7.13	18.41	18.79	0.00
2	2	0.00	0.32	23.68	25.31	0.00
2	6	0.01	0.42	23.37	26.82	0.00
3	3	0.00	1.63	22.72	23.37	0.00
3	7	0.00	1.87	23.02	29.31	0.00
Core	CPU	C1%	C3%	C6%	C8%	C9%
-	-	0.03	3.98	21.29	22.29	0.27
0	0	0.01	5.95	26.38	9.99	0.07
0	4	0.20	24.90	9.28	3.65	0.08
1	1	0.01	0.13	21.12	20.24	0.00
1	5	0.00	0.25	21.90	53.22	0.00
2	2	0.01	0.17	23.24	21.32	0.00
2	6	0.01	0.15	22.60	23.58	0.06
3	3	0.00	0.17	21.26	22.98	0.72
3	7	0.01	0.16	24.68	23.37	1.25
Core	CPU	C1%	C3%	C6%	C8%	C9%
-	-	0.05	3.49	22.59	22.46	0.00
0	0	0.02	15.66	19.66	3.11	0.00
0	4	0.23	10.49	18.49	16.66	0.00
1	1	0.00	0.25	23.48	31.24	0.00
1	5	0.13	0.26	23.37	33.16	0.00
2	2	0.00	0.32	23.45	27.17	0.00
2	6	0.00	0.25	22.19	22.75	0.00
3	3	0.00	0.32	24.75	23.19	0.00
3	7	0.00	0.32	25.22	22.37	0.00
Core	CPU	C1%	C3%	C6%	C8%	C9%
-	-	0.04	3.83	20.91	24.09	0.00
0	0	0.01	18.87	17.28	3.53	0.02
0	4	0.02	3.58	22.83	31.84	0.00
1	1	0.05	2.47	22.12	22.93	0.00
1	5	0.20	4.80	20.35	21.68	0.00
2	2	0.00	0.21	20.65	32.95	0.00
2	6	0.00	0.23	20.61	25.16	0.00
3	3	0.00	0.23	22.57	31.13	0.00
3	7	0.00	0.21	20.87	23.52	0.00
Core	CPU	C1%	C3%	C6%	C8%	C9%
-	-	0.10	2.42	25.11	24.50	0.00
0	0	0.01	2.30	35.61	17.37	0.02
0	4	0.01	3.48	26.08	31.45	0.00
1	1	0.50	6.98	18.90	16.26	0.00
1	5	0.30	4.72	22.02	20.99	0.01
2	2	0.00	0.38	24.22	30.78	0.00
2	6	0.00	0.31	23.99	24.03	0.00
3	3	0.00	0.35	24.42	31.74	0.00
3	7	0.00	0.84	25.67	23.39	0.00
Core	CPU	C1%	C3%	C6%	C8%	C9%
-	-	0.08	3.76	22.08	22.08	0.00
0	0	0.01	18.42	16.12	2.27	0.00
0	4	0.00	0.28	24.29	26.68	0.00
1	1	0.29	7.85	18.24	24.16	0.00
1	5	0.15	2.30	22.07	22.44	0.00
2	2	0.14	0.30	25.87	31.93	0.00
2	6	0.01	0.29	23.91	22.63	0.00
3	3	0.00	0.30	22.64	27.29	0.00
3	7	0.01	0.34	23.54	19.25	0.00
Core	CPU	C1%	C3%	C6%	C8%	C9%
-	-	0.11	3.28	21.18	21.96	0.32
0	0	0.00	0.37	30.31	11.49	1.39
0	4	0.00	0.15	22.35	27.86	0.00
1	1	0.09	3.24	18.07	20.76	1.19
1	5	0.62	16.65	11.47	7.85	0.00
2	2	0.00	0.11	22.15	27.32	0.00
2	6	0.00	0.03	22.48	33.33	0.00
3	3	0.12	5.55	19.32	23.86	0.00
3	7	0.01	0.11	23.25	23.22	0.00
Core	CPU	C1%	C3%	C6%	C8%	C9%
-	-	0.15	3.47	21.47	20.08	0.11
0	0	0.00	0.49	33.99	8.10	0.00
0	4	0.01	0.23	23.31	18.76	0.00
1	1	0.24	4.48	18.65	19.49	0.00
1	5	0.36	6.00	17.81	25.44	0.00
2	2	0.00	0.26	25.26	44.50	0.00
2	6	0.57	15.99	10.06	7.45	0.86
3	3	0.01	0.17	22.00	18.10	0.00
3	7	0.00	0.16	20.83	18.96	0.00
Core	CPU	C1%	C3%	C6%	C8%	C9%
-	-	0.13	3.82	21.84	22.15	0.23
0	0	0.01	0.67	33.09	11.70	1.37
0	4	0.00	0.22	23.39	21.81	0.00
1	1	0.00	0.18	22.36	26.70	0.00
1	5	0.00	0.10	21.45	30.12	0.00
2	2	0.04	1.04	22.54	25.00	0.05
2	6	1.01	27.86	4.25	0.35	0.45
3	3	0.00	0.29	24.04	31.90	0.00
3	7	0.00	0.23	23.50	29.50	0.00
Core	CPU	C1%	C3%	C6%	C8%	C9%
-	-	0.08	2.24	24.19	25.97	0.02
0	0	0.02	6.58	27.76	7.79	0.00
0	4	0.00	3.00	22.53	15.73	0.00
1	1	0.19	2.13	22.66	24.69	0.00
1	5	0.14	0.74	23.65	29.11	0.00
2	2	0.10	2.31	24.28	28.91	0.00
2	6	0.16	2.57	24.00	29.48	0.17
3	3	0.01	0.27	24.21	40.86	0.00
3	7	0.00	0.29	24.45	31.21	0.00
Core	CPU	C1%	C3%	C6%	C8%	C9%
-	-	0.07	3.67	21.11	21.25	0.01
0	0	0.03	17.49	14.90	3.33	0.01
0	4	0.00	0.23	22.69	30.86	0.00
1	1	0.01	0.23	23.70	44.73	0.00
1	5	0.00	0.21	22.53	18.21	0.00
2	2	0.00	0.21	21.83	20.89	0.00
2	6	0.01	0.29	25.46	20.73	0.06
3	3	0.46	9.33	14.14	10.94	0.00
3	7	0.06	1.39	23.65	20.33	0.00
Core	CPU	C1%	C3%	C6%	C8%	C9%
-	-	0.00	4.30	22.74	20.47	0.01
0	0	0.01	30.47	6.33	0.86	0.00
0	4	0.00	0.22	24.79	43.28	0.00
1	1	0.00	0.34	23.98	20.87	0.00
1	5	0.00	0.33	23.45	22.36	0.00
2	2	0.00	0.49	25.42	26.76	0.00
2	6	0.00	0.43	24.85	21.46	0.05
3	3	0.00	0.51	26.77	13.88	0.00
3	7	0.00	1.66	26.33	14.27	0.01
Core	CPU	C1%	C3%	C6%	C8%	C9%
-	-	0.00	3.96	21.69	24.84	0.08
0	0	0.00	28.86	6.46	0.20	0.68
0	4	0.00	0.24	25.68	26.33	0.00
1	1	0.01	0.25	21.46	26.30	0.00
1	5	0.00	0.29	22.23	28.94	0.00
2	2	0.01	0.83	24.74	20.91	0.00
2	6	0.00	0.33	22.91	31.17	0.00
3	3	0.00	0.37	22.66	25.38	0.00
3	7	0.00	0.55	27.37	39.51	0.00
Core	CPU	C1%	C3%	C6%	C8%	C9%
-	-	0.06	3.82	21.85	23.42	0.00
0	0	0.05	24.86	10.58	1.40	0.00
0	4	0.23	4.56	23.56	22.72	0.00
1	1	0.05	0.06	22.99	25.25	0.00
1	5	0.00	0.14	20.85	39.01	0.00
2	2	0.10	0.09	23.34	38.81	0.00
2	6	0.00	0.08	23.30	22.26	0.00
3	3	0.05	0.58	25.97	16.88	0.00
3	7	0.01	0.23	24.25	21.04	0.00
Core	CPU	C1%	C3%	C6%	C8%	C9%
-	-	0.09	3.21	15.86	15.97	0.10
0	0	0.00	2.70	19.60	6.58	0.01
0	4	0.01	5.44	15.06	12.34	0.00
1	1	0.67	16.23	6.78	11.62	0.74
1	5	0.00	0.17	19.28	25.65	0.00
2	2	0.00	0.21	16.92	25.00	0.00
2	6	0.00	0.13	15.69	15.60	0.07
3	3	0.00	0.57	16.76	14.64	0.00
3	7	0.00	0.26	16.74	16.30	0.00
Core	CPU	C1%	C3%	C6%	C8%	C9%
-	-	0.06	3.89	22.65	22.45	0.00
0	0	0.14	10.62	24.51	4.77	0.02
0	4	0.23	16.12	15.11	11.27	0.00
1	1	0.09	1.22	22.60	43.52	0.00
1	5	0.00	0.28	24.05	20.23	0.00
2	2	0.00	0.16	22.43	31.58	0.00
2	6	0.00	0.20	23.53	24.95	0.00
3	3	0.01	1.83	23.64	19.72	0.00
3	7	0.00	0.86	25.62	23.85	0.00
Core	CPU	C1%	C3%	C6%	C8%	C9%
-	-	0.01	3.86	21.67	23.80	0.00
0	0	0.01	21.78	15.79	5.35	0.00
0	4	0.00	4.18	21.08	22.16	0.00
1	1	0.00	0.21	24.18	34.07	0.00
1	5	0.05	2.24	21.07	20.94	0.00
2	2	0.00	0.31	23.70	39.59	0.00
2	6	0.00	0.28	21.05	21.10	0.00
3	3	0.00	0.30	22.44	23.62	0.00
3	7	0.00	1.39	23.69	23.28	0.00
Core	CPU	C1%	C3%	C6%	C8%	C9%
-	-	0.06	3.67	21.83	24.11	0.06
0	0	0.01	11.58	21.65	11.14	0.01
0	4	0.24	11.06	17.44	16.77	0.00
1	1	0.13	4.31	22.37	22.62	0.00
1	5	0.07	1.81	24.08	23.13	0.46
2	2	0.04	0.14	22.17	32.14	0.00
2	6	0.00	0.16	21.55	28.13	0.00
3	3	0.00	0.18	22.81	33.66	0.00
3	7	0.00	0.15	22.60	25.30	0.00
Core	CPU	C1%	C3%	C6%	C8%	C9%
-	-	0.08	3.43	22.43	22.60	0.01
0	0	0.03	6.34	28.34	8.92	0.02
0	4	0.22	9.92	18.17	21.20	0.00
1	1	0.01	0.16	22.99	23.96	0.00
1	5	0.20	6.15	18.31	17.16	0.00
2	2	0.01	0.23	22.96	23.03	0.00
2	6	0.00	0.24	23.26	37.27	0.06
3	3	0.09	3.92	20.44	17.12	0.00
3	7	0.04	0.50	24.97	32.15	0.00
Core	CPU	C1%	C3%	C6%	C8%	C9%
-	-	0.02	2.01	25.06	24.73	0.01
0	0	0.08	7.30	14.29	2.12	0.00
0	4	0.09	6.75	23.60	35.06	0.00
1	1	0.00	0.09	25.74	28.49	0.00
1	5	0.00	0.19	28.40	22.23	0.00
2	2	0.00	0.31	28.63	26.11	0.00
2	6	0.00	0.24	27.61	33.34	0.05
3	3	0.00	0.21	26.14	25.52	0.00
3	7	0.00	0.96	26.06	25.00	0.00
Core	CPU	C1%	C3%	C6%	C8%	C9%
-	-	0.01	3.55	23.73	23.99	0.17
0	0	0.10	17.77	19.76	4.01	0.00
0	4	0.01	8.27	22.26	21.31	0.00
1	1	0.00	0.17	22.22	26.23	0.00
1	5	0.00	0.17	24.67	22.29	0.00
2	2	0.00	0.13	26.74	24.40	0.00
2	6	0.00	0.19	25.84	24.51	1.34
3	3	0.00	0.34	25.40	39.48	0.00
3	7	0.00	1.38	22.97	29.69	0.00
Core	CPU	C1%	C3%	C6%	C8%	C9%
-	-	0.13	3.72	22.15	20.93	0.00
0	0	0.01	0.70	30.84	10.93	0.02
0	4	0.00	0.14	21.31	19.76	0.00
1	1	0.01	2.40	22.38	28.37	0.00
1	5	0.00	0.20	20.89	18.55	0.00
2	2	0.01	0.15	25.49	33.66	0.00
2	6	0.01	0.21	23.94	22.89	0.00
3	3	1.02	25.73	6.51	1.48	0.00
3	7	0.01	0.21	25.85	31.78	0.00
Core	CPU	C1%	C3%	C6%	C8%	C9%
-	-	0.07	3.56	22.38	22.18	0.01
0	0	0.00	3.02	29.01	11.29	0.00
0	4	0.02	11.82	18.18	14.82	0.00
1	1	0.26	5.68	20.87	17.08	0.00
1	5	0.22	6.17	20.13	17.78	0.08
2	2	0.00	0.17	23.00	32.73	0.00
2	6	0.01	0.16	23.22	35.49	0.00
3	3	0.04	1.26	20.96	29.31	0.00
3	7	0.04	0.22	23.68	18.94	0.00
Core	CPU	C1%	C3%	C6%	C8%	C9%
-	-	0.07	3.84	23.07	21.40	0.10
0	0	0.00	1.13	32.86	17.73	0.02
0	4	0.31	22.67	10.84	7.82	0.00
1	1	0.19	4.16	18.30	14.48	0.00
1	5	0.00	0.27	23.68	30.72	0.78
2	2	0.00	0.41	24.20	22.85	0.00
2	6	0.00	0.29	26.39	28.22	0.00
3	3	0.00	0.31	23.82	25.30	0.00
3	7	0.06	1.46	24.47	24.05	0.00
Core	CPU	C1%	C3%	C6%	C8%	C9%
-	-	0.07	2.19	25.82	25.48	0.00
0	0	0.02	6.05	27.45	12.10	0.00
0	4	0.14	5.30	20.55	16.17	0.00
1	1	0.30	4.28	22.51	23.10	0.00
1	5	0.01	0.48	27.45	35.87	0.00
2	2	0.01	0.35	29.95	33.96	0.00
2	6	0.00	0.26	27.30	24.85	0.00
3	3	0.01	0.22	26.81	25.84	0.00
3	7	0.05	0.59	24.55	31.96	0.00
Core	CPU	C1%	C3%	C6%	C8%	C9%
-	-	0.14	3.78	23.03	20.74	0.00
0	0	0.00	0.42	30.88	26.75	0.00
0	4	0.00	0.66	24.41	16.75	0.00
1	1	0.82	23.67	9.87	4.30	0.00
1	5	0.20	3.60	22.13	34.45	0.00
2	2	0.00	0.33	23.47	23.18	0.00
2	6	0.00	0.25	25.54	23.06	0.00
3	3	0.06	1.01	23.37	21.14	0.00
3	7	0.00	0.35	24.72	16.42	0.00
Core	CPU	C1%	C3%	C6%	C8%	C9%
-	-	0.15	4.07	22.09	20.84	0.00
0	0	0.01	0.72	31.46	25.95	0.00
0	4	0.00	0.31	22.33	18.27	0.00
1	1	0.35	7.56	20.62	15.55	0.00
1	5	0.81	21.94	10.04	6.34	0.00
2	2	0.00	1.06	23.68	23.05	0.00
2	6	0.00	0.26	20.43	25.46	0.00
3	3	0.00	0.33	25.06	32.68	0.00
3	7	0.00	0.32	22.95	19.24	0.00
Core	CPU	C1%	C3%	C6%	C8%	C9%
-	-	0.16	3.49	22.84	20.86	0.01
0	0	0.01	4.95	29.99	18.10	0.00
0	4	0.01	0.20	23.49	22.73	0.00
1	1	0.39	5.56	18.98	19.63	0.00
1	5	0.53	11.00	16.58	15.41	0.00
2	2	0.01	0.21	25.65	27.16	0.00
2	6	0.00	0.15	23.84	23.06	0.00
3	3	0.37	5.70	21.57	19.37	0.12
3	7	0.00	0.19	22.85	21.62	0.00
Core	CPU	C1%	C3%	C6%	C8%	C9%
-	-	0.18	3.61	21.09	20.65	0.02
0	0	0.01	0.35	29.81	17.00	0.02
0	4	0.00	0.11	19.14	18.83	0.00
1	1	0.74	16.70	12.33	12.77	0.10
1	5	0.66	11.20	18.35	17.04	0.00
2	2	0.00	0.16	22.59	37.02	0.00
2	6	0.00	0.13	21.65	19.56	0.00
3	3	0.00	0.08	21.99	20.30	0.00
3	7	0.00	0.16	22.64	22.56	0.00
Core	CPU	C1%	C3%	C6%	C8%	C9%
-	-	0.07	3.29	15.35	14.38	0.00
0	0	0.01	9.30	17.21	8.16	0.01
0	4	0.00	0.14	16.77	14.55	0.00
1	1	0.49	11.06	8.51	11.46	0.00
1	5	0.05	4.38	15.12	13.05	0.00
2	2	0.00	0.24	14.92	17.36	0.00
2	6	0.00	0.24	16.29	13.37	0.00
3	3	0.00	0.72	17.91	22.99	0.00
3	7	0.00	0.27	16.07	14.06	0.00
Core	CPU	C1%	C3%	C6%	C8%	C9%
-	-	0.01	3.85	21.24	23.44	0.18
0	0	0.02	26.22	11.35	1.24	0.00
0	4	0.00	0.89	22.84	20.46	0.00
1	1	0.00	0.15	22.10	24.81	1.36
1	5	0.01	0.13	21.00	40.30	0.00
2	2	0.01	0.18	24.47	21.80	0.00
2	6	0.00	0.14	23.73	33.27	0.11
3	3	0.00	1.72	22.14	26.00	0.00
3	7	0.00	1.36	22.32	19.60	0.00
Core	CPU	C1%	C3%	C6%	C8%	C9%
-	-	0.05	3.02	19.69	18.17	0.00
0	0	0.01	6.69	22.74	6.97	0.00
0	4	0.00	7.57	15.43	12.14	0.00
1	1	0.27	5.81	16.74	17.55	0.00
1	5	0.04	0.23	22.06	19.07	0.00
2	2	0.00	0.20	22.62	23.69	0.00
2	6	0.00	0.16	19.25	25.65	0.00
3	3	0.08	3.27	16.07	11.88	0.00
3	7	0.00	0.26	22.68	28.42	0.00
Core	CPU	C1%	C3%	C6%	C8%	C9%
-	-	0.23	3.80	22.82	22.77	0.16
0	0	0.03	13.61	22.42	4.79	1.27
0	4	0.03	2.84	19.65	17.97	0.00
1	1	0.01	0.29	28.60	23.30	0.00
1	5	0.03	0.27	23.12	21.35	0.00
2	2	0.01	0.30	24.46	42.78	0.00
2	6	0.05	0.20	21.46	20.48	0.00
3	3	1.58	12.55	16.34	19.69	0.00
3	7	0.10	0.31	26.56	31.81	0.00
Core	CPU	C1%	C3%	C6%	C8%	C9%
-	-	0.07	3.58	22.81	22.54	0.16
0	0	0.03	13.22	22.60	12.39	0.00
0	4	0.00	3.62	23.55	26.58	0.00
1	1	0.01	0.25	23.69	22.99	0.00
1	5	0.00	0.25	24.20	28.04	0.00
2	2	0.21	4.97	20.22	16.71	0.00
2	6	0.09	2.21	24.54	23.17	0.00
3	3	0.19	3.85	19.94	28.18	0.00
3	7	0.00	0.26	23.70	22.19	1.28
Core	CPU	C1%	C3%	C6%	C8%	C9%
-	-	0.09	2.97	16.02	15.18	0.15
0	0	0.01	2.43	22.09	5.59	0.00
0	4	0.01	4.59	14.92	12.10	0.00
1	1	0.37	9.91	13.24	11.19	1.11
1	5	0.14	0.10	17.46	16.19	0.00
2	2	0.19	6.25	12.46	10.98	0.00
2	6	0.01	0.11	16.72	32.51	0.00
3	3	0.00	0.20	15.33	19.48	0.09
3	7	0.00	0.17	15.91	13.40	0.00
Core	CPU	C1%	C3%	C6%	C8%	C9%
-	-	0.10	3.84	21.82	21.77	0.23
0	0	0.01	0.71	30.90	11.87	1.38
0	4	0.00	0.39	24.35	22.19	0.00
1	1	0.18	2.42	18.70	26.88	0.00
1	5	0.06	2.22	24.97	31.99	0.00
2	2	0.20	3.64	21.23	21.44	0.00
2	6	0.33	19.59	11.42	14.65	0.48
3	3	0.01	1.23	22.24	22.24	0.00
3	7	0.00	0.52	20.71	22.87	0.00
Core	CPU	C1%	C3%	C6%	C8%	C9%
-	-	0.09	3.78	21.76	19.43	0.34
0	0	0.00	10.50	21.52	2.17	1.21
0	4	0.00	0.33	22.73	21.12	0.00
1	1	0.22	5.47	18.10	19.55	1.39
1	5	0.04	0.88	22.13	24.62	0.00
2	2	0.26	8.15	18.84	21.24	0.11
2	6	0.17	3.06	23.18	20.22	0.00
3	3	0.00	0.27	22.77	28.49	0.00
3	7	0.00	1.62	24.86	18.06	0.00
Core	CPU	C1%	C3%	C6%	C8%	C9%
-	-	0.05	3.49	21.30	23.50	0.00
0	0	0.01	17.91	17.97	4.08	0.00
0	4	0.01	2.72	24.47	24.93	0.00
1	1	0.36	6.29	18.33	31.63	0.00
1	5	0.01	0.18	20.58	26.90	0.00
2	2	0.00	0.22	24.76	29.74	0.00
2	6	0.00	0.24	22.80	25.66	0.00
3	3	0.00	0.17	19.96	24.28	0.00
3	7	0.01	0.24	21.59	20.84	0.00
Core	CPU	C1%	C3%	C6%	C8%	C9%
-	-	0.06	3.60	21.20	22.57	0.19
0	0	0.02	17.14	19.21	3.63	0.00
0	4	0.00	1.32	22.32	23.79	0.00
1	1	0.12	3.02	23.25	18.87	0.00
1	5	0.35	6.48	18.31	19.91	0.11
2	2	0.00	0.20	23.70	34.05	0.00
2	6	0.00	0.23	21.53	28.68	0.00
3	3	0.00	0.21	20.95	30.11	1.38
3	7	0.00	0.25	20.53	21.64	0.00
Core	CPU	C1%	C3%	C6%	C8%	C9%
-	-	0.05	3.31	15.90	16.03	0.13
0	0	0.02	10.43	15.58	10.02	0.00
0	4	0.00	0.20	17.98	15.52	0.00
1	1	0.16	7.01	12.99	25.06	0.00
1	5	0.00	1.25	16.59	14.54	0.00
2	2	0.00	0.15	17.75	16.21	0.00
2	6	0.18	5.80	13.89	12.60	0.00
3	3	0.00	0.15	15.67	15.90	1.00
3	7	0.01	1.42	16.58	18.23	0.00
Core	CPU	C1%	C3%	C6%	C8%	C9%
-	-	0.11	3.36	22.62	22.74	0.19
0	0	0.01	3.13	29.20	11.71	1.05
0	4	0.00	0.27	23.48	23.18	0.00
1	1	0.07	0.98	21.69	20.63	0.00
1	5	0.02	0.22	21.65	35.28	0.19
2	2	0.00	0.36	23.90	37.11	0.00
2	6	0.00	0.31	22.04	23.81	0.00
3	3	0.80	19.96	10.72	4.91	0.31
3	7	0.01	1.76	29.31	26.33	0.00
Core	CPU	C1%	C3%	C6%	C8%	C9%
-	-	0.06	4.03	23.61	23.18	0.00
0	0	0.01	3.75	33.46	16.01	0.00
0	4	0.10	20.46	15.34	7.99	0.00
1	1	0.34	6.32	19.16	19.09	0.02
1	5	0.01	0.35	27.56	27.53	0.00
2	2	0.00	0.18	21.72	34.97	0.00
2	6	0.00	0.19	21.18	35.16	0.00
3	3	0.00	0.38	24.90	18.90	0.00
3	7	0.01	0.33	24.45	24.76	0.00
Core	CPU	C1%	C3%	C6%	C8%	C9%
-	-	0.07	3.46	23.13	23.15	0.00
0	0	0.01	4.21	25.92	10.37	0.00
0	4	0.03	0.27	25.40	34.46	0.00
1	1	0.03	1.18	24.05	29.98	0.00
1	5	0.00	0.24	22.00	30.33	0.00
2	2	0.00	0.24	23.23	23.88	0.00
2	6	0.00	0.16	22.87	24.50	0.00
3	3	0.53	21.13	13.79	7.17	0.00
3	7	0.00	0.28	27.82	24.49	0.00
