Core	CPU	C1%	C3%	C6%	C8%	C9%
-	-	0.10	0.15	9.75	4.54	0.00
0	0	0.03	0.93	63.84	20.33	0.00
0	4	0.00	0.00	2.14	0.50	0.00
1	1	0.00	0.04	1.29	0.83	0.00
1	5	0.52	0.07	1.63	1.72	0.00
2	2	0.00	0.02	3.42	1.24	0.00
2	6	0.00	0.02	1.54	2.96	0.00
3	3	0.18	0.05	2.69	1.78	0.00
3	7	0.06	0.07	1.41	6.99	0.00
Core	CPU	C1%	C3%	C6%	C8%	C9%
-	-	0.00	0.18	8.59	6.06	0.00
0	0	0.02	1.21	64.92	20.87	0.00
0	4	0.00	0.00	0.69	0.00	0.00
1	1	0.00	0.01	0.56	2.48	0.00
1	5	0.00	0.00	0.37	0.79	0.00
2	2	0.00	0.00	0.43	1.58	0.00
2	6	0.00	0.00	0.53	1.01	0.00
3	3	0.00	0.01	0.30	0.79	0.00
3	7	0.01	0.18	0.95	20.98	0.00
Core	CPU	C1%	C3%	C6%	C8%	C9%
-	-	0.01	0.17	8.59	3.26	0.45
0	0	0.01	1.25	64.84	20.75	0.00
0	4	0.00	0.03	0.50	0.00	0.00
1	1	0.00	0.05	1.21	0.27	0.01
1	5	0.00	0.00	0.09	1.09	0.00
2	2	0.00	0.00	0.44	1.10	0.00
2	6	0.00	0.00	0.53	1.58	0.00
3	3	0.08	0.00	0.39	0.80	3.59
3	7	0.00	0.00	0.69	0.51	0.00
Core	CPU	C1%	C3%	C6%	C8%	C9%
-	-	0.00	0.20	8.63	3.33	0.00
0	0	0.01	1.60	65.04	20.14	0.00
0	4	0.00	0.00	0.65	0.00	0.00
1	1	0.00	0.00	1.15	0.60	0.00
1	5	0.00	0.03	0.94	0.99	0.00
2	2	0.00	0.01	0.29	1.42	0.00
2	6	0.00	0.00	0.20	1.37	0.00
3	3	0.00	0.00	0.37	1.27	0.00
3	7	0.00	0.00	0.36	0.88	0.00
Core	CPU	C1%	C3%	C6%	C8%	C9%
-	-	0.00	0.13	8.70	3.39	1.16
0	0	0.01	1.05	65.29	20.52	0.00
0	4	0.00	0.00	1.08	0.09	9.26
1	1	0.00	0.00	0.49	1.59	0.00
1	5	0.00	0.00	0.67	0.79	0.00
2	2	0.00	0.00	0.79	0.91	0.00
2	6	0.00	0.02	0.38	1.19	0.00
3	3	0.00	0.00	0.49	1.09	0.00
3	7	0.00	0.00	0.41	0.98	0.00
Core	CPU	C1%	C3%	C6%	C8%	C9%
-	-	0.00	0.12	8.50	3.24	0.00
0	0	0.01	0.97	65.08	20.87	0.00
0	4	0.00	0.02	0.49	0.00	0.00
1	1	0.00	0.00	0.55	1.09	0.00
1	5	0.00	0.00	0.77	0.40	0.00
2	2	0.00	0.00	0.26	0.89	0.00
2	6	0.00	0.00	0.15	0.99	0.00
3	3	0.00	0.00	0.32	0.89	0.00
3	7	0.00	0.00	0.39	0.80	0.00
Core	CPU	C1%	C3%	C6%	C8%	C9%
-	-	0.00	0.17	8.44	3.61	0.12
0	0	0.02	1.27	64.54	21.05	0.00
0	4	0.00	0.04	0.89	0.00	0.00
1	1	0.00	0.02	0.50	1.50	0.00
1	5	0.00	0.00	0.19	1.29	0.00
2	2	0.00	0.00	0.48	1.58	0.00
2	6	0.00	0.00	0.45	1.09	0.00
3	3	0.00	0.00	0.25	1.09	0.00
3	7	0.00	0.03	0.20	1.28	0.99
Core	CPU	C1%	C3%	C6%	C8%	C9%
-	-	0.00	0.14	8.13	3.31	0.00
0	0	0.01	1.13	62.95	19.90	0.00
0	4	0.00	0.00	0.55	0.00	0.00
1	1	0.00	0.00	0.35	1.10	0.00
1	5	0.00	0.02	0.38	1.38	0.00
2	2	0.00	0.00	0.17	0.80	0.00
2	6	0.00	0.00	0.19	0.99	0.00
3	3	0.01	0.00	0.27	1.35	0.00
3	7	0.00	0.00	0.15	0.99	0.00
Core	CPU	C1%	C3%	C6%	C8%	C9%
-	-	0.01	0.03	8.77	3.37	0.00
0	0	0.01	0.25	65.13	21.77	0.00
0	4	0.00	0.00	0.88	0.00	0.00
1	1	0.00	0.00	0.49	1.39	0.00
1	5	0.00	0.00	0.35	0.90	0.00
2	2	0.00	0.00	1.20	0.30	0.00
2	6	0.00	0.02	1.18	0.39	0.00
3	3	0.06	0.00	0.55	1.53	0.00
3	7	0.00	0.00	0.37	0.69	0.00
Core	CPU	C1%	C3%	C6%	C8%	C9%
-	-	0.00	0.15	8.40	3.22	0.11
0	0	0.01	1.20	64.37	20.48	0.89
0	4	0.00	0.00	0.59	0.00	0.00
1	1	0.00	0.00	0.60	1.20	0.00
1	5	0.00	0.00	0.35	0.89	0.00
2	2	0.00	0.00	0.24	0.89	0.00
2	6	0.00	0.00	0.24	0.80	0.00
3	3	0.00	0.02	0.59	0.53	0.00
3	7	0.00	0.00	0.20	0.99	0.00
Core	CPU	C1%	C3%	C6%	C8%	C9%
-	-	0.00	0.07	8.71	3.13	0.00
0	0	0.02	0.45	65.72	20.86	0.00
0	4	0.00	0.04	0.50	0.00	0.00
1	1	0.00	0.01	1.04	0.41	0.00
1	5	0.00	0.00	0.16	1.07	0.00
2	2	0.00	0.02	0.92	0.29	0.00
2	6	0.00	0.00	0.96	0.29	0.00
3	3	0.00	0.00	0.15	1.00	0.00
3	7	0.00	0.03	0.26	1.08	0.00
Core	CPU	C1%	C3%	C6%	C8%	C9%
-	-	0.00	0.08	8.72	3.38	0.00
0	0	0.02	0.61	65.54	20.96	0.00
0	4	0.00	0.00	0.56	0.00	0.00
1	1	0.00	0.00	0.36	0.59	0.00
1	5	0.00	0.04	0.87	0.99	0.00
2	2	0.00	0.00	0.20	0.89	0.00
2	6	0.00	0.00	0.68	1.18	0.00
3	3	0.00	0.00	0.37	1.74	0.00
3	7	0.00	0.01	1.18	0.69	0.00
Core	CPU	C1%	C3%	C6%	C8%	C9%
-	-	0.19	0.04	8.38	3.64	0.42
0	0	0.02	0.32	63.26	20.52	3.34
0	4	0.00	0.00	0.50	0.00	0.00
1	1	1.49	0.01	0.85	1.95	0.00
1	5	0.00	0.00	0.56	0.69	0.00
2	2	0.06	0.00	0.24	0.89	0.00
2	6	0.00	0.00	0.42	1.19	0.00
3	3	0.00	0.00	0.57	2.69	0.00
3	7	0.00	0.00	0.67	1.18	0.00
Core	CPU	C1%	C3%	C6%	C8%	C9%
-	-	0.00	0.05	8.49	3.38	0.00
0	0	0.02	0.29	64.98	21.84	0.00
0	4	0.00	0.02	0.59	0.00	0.00
1	1	0.00	0.04	0.52	0.51	0.00
1	5	0.00	0.00	0.19	0.99	0.00
2	2	0.00	0.00	0.36	0.99	0.00
2	6	0.00	0.00	0.70	1.09	0.00
3	3	0.00	0.00	0.42	0.71	0.00
3	7	0.00	0.01	0.20	0.89	0.00
Core	CPU	C1%	C3%	C6%	C8%	C9%
-	-	0.00	0.04	8.62	3.47	0.11
0	0	0.02	0.30	64.72	21.31	0.00
0	4	0.00	0.00	0.56	0.00	0.00
1	1	0.00	0.03	0.89	1.19	0.89
1	5	0.00	0.02	0.49	0.98	0.00
2	2	0.00	0.00	0.29	1.19	0.00
2	6	0.00	0.00	0.83	1.18	0.00
3	3	0.00	0.00	0.47	1.15	0.00
3	7	0.00	0.00	0.73	0.79	0.00
Core	CPU	C1%	C3%	C6%	C8%	C9%
-	-	0.00	0.02	8.90	3.46	0.00
0	0	0.01	0.18	65.22	21.76	0.00
0	4	0.00	0.00	1.07	0.10	0.00
1	1	0.00	0.00	1.18	1.79	0.00
1	5	0.00	0.00	0.74	0.90	0.00
2	2	0.00	0.00	1.12	0.30	0.00
2	6	0.00	0.02	1.09	0.69	0.00
3	3	0.00	0.00	0.29	1.23	0.00
3	7	0.00	0.00	0.47	0.88	0.00
Core	CPU	C1%	C3%	C6%	C8%	C9%
-	-	0.00	0.03	8.48	3.42	0.28
0	0	0.02	0.24	65.27	21.58	0.00
0	4	0.00	0.02	0.58	0.00	1.29
1	1	0.00	0.00	0.32	1.10	0.00
1	5	0.00	0.00	0.19	0.98	0.00
2	2	0.00	0.00	0.26	0.99	0.00
2	6	0.00	0.00	0.73	0.99	0.00
3	3	0.00	0.00	0.31	0.83	0.00
3	7	0.00	0.00	0.20	0.89	0.99
Core	CPU	C1%	C3%	C6%	C8%	C9%
-	-	0.00	0.04	8.30	3.44	0.01
0	0	0.01	0.26	63.36	20.56	0.00
0	4	0.00	0.04	0.50	0.00	0.00
1	1	0.00	0.02	0.45	1.10	0.00
1	5	0.00	0.00	0.39	0.79	0.00
2	2	0.00	0.00	0.28	1.38	0.00
2	6	0.00	0.00	0.76	1.19	0.00
3	3	0.00	0.00	0.35	1.28	0.07
3	7	0.00	0.00	0.34	1.18	0.00
Core	CPU	C1%	C3%	C6%	C8%	C9%
-	-	0.00	0.02	8.60	3.49	0.00
0	0	0.01	0.16	65.47	21.54	0.00
0	4	0.00	0.00	0.87	0.30	0.00
1	1	0.00	0.00	0.58	1.59	0.00
1	5	0.00	0.00	0.44	0.79	0.00
2	2	0.00	0.02	0.29	0.90	0.00
2	6	0.00	0.00	0.29	1.19	0.00
3	3	0.00	0.00	0.38	0.76	0.00
3	7	0.00	0.00	0.45	0.89	0.00
Core	CPU	C1%	C3%	C6%	C8%	C9%
-	-	0.00	0.04	8.48	3.55	0.10
0	0	0.02	0.28	64.81	21.18	0.00
0	4	0.00	0.00	0.79	0.10	0.00
1	1	0.00	0.02	0.50	1.77	0.79
1	5	0.00	0.00	0.92	1.08	0.00
2	2	0.00	0.00	0.24	0.99	0.00
2	6	0.00	0.00	0.13	0.99	0.00
3	3	0.00	0.00	0.19	1.32	0.00
3	7	0.00	0.00	0.29	0.99	0.00
Core	CPU	C1%	C3%	C6%	C8%	C9%
-	-	0.00	0.06	8.60	3.24	0.00
0	0	0.01	0.43	65.50	21.16	0.00
0	4	0.00	0.03	0.59	0.00	0.00
1	1	0.00	0.00	0.91	0.39	0.00
1	5	0.00	0.00	0.49	0.69	0.00
2	2	0.00	0.00	0.27	0.98	0.00
2	6	0.00	0.00	0.44	0.89	0.00
3	3	0.00	0.00	0.33	0.82	0.00
3	7	0.00	0.00	0.30	0.99	0.00
Core	CPU	C1%	C3%	C6%	C8%	C9%
-	-	0.00	0.06	8.71	3.45	0.33
0	0	0.01	0.42	65.05	21.65	0.00
0	4	0.00	0.00	0.55	0.00	2.60
1	1	0.00	0.01	1.13	0.87	0.00
1	5	0.00	0.01	0.77	0.19	0.00
2	2	0.00	0.02	0.20	1.67	0.00
2	6	0.00	0.00	1.46	1.19	0.00
3	3	0.00	0.00	0.26	1.07	0.00
3	7	0.00	0.00	0.24	0.99	0.00
Core	CPU	C1%	C3%	C6%	C8%	C9%
-	-	0.00	0.06	8.44	3.06	0.26
0	0	0.01	0.42	63.30	20.38	0.00
0	4	0.00	0.00	0.87	0.00	2.07
1	1	0.00	0.02	1.07	0.69	0.00
1	5	0.00	0.00	0.64	0.49	0.00
2	2	0.00	0.02	0.62	0.31	0.00
2	6	0.00	0.00	0.29	1.09	0.00
3	3	0.00	0.00	0.29	0.85	0.00
3	7	0.00	0.00	0.46	0.69	0.00
Core	CPU	C1%	C3%	C6%	C8%	C9%
-	-	0.07	0.20	8.57	7.30	0.00
0	0	0.02	1.44	64.94	21.08	0.00
0	4	0.00	0.00	0.99	0.00	0.00
1	1	0.00	0.00	0.69	3.29	0.00
1	5	0.50	0.00	0.37	0.79	0.00
2	2	0.00	0.00	0.35	1.27	0.00
2	6	0.00	0.00	0.13	0.99	0.00
3	3	0.00	0.00	0.19	1.43	0.00
3	7	0.01	0.17	0.94	29.57	0.00
Core	CPU	C1%	C3%	C6%	C8%	C9%
-	-	0.00	0.09	8.55	3.27	0.11
0	0	0.01	0.31	64.90	21.07	0.89
0	4	0.00	0.02	0.60	0.00	0.00
1	1	0.00	0.02	0.51	0.80	0.00
1	5	0.00	0.38	0.52	0.69	0.00
2	2	0.00	0.00	0.28	0.99	0.00
2	6	0.00	0.00	0.45	0.99	0.00
3	3	0.00	0.00	0.33	0.80	0.00
3	7	0.00	0.00	0.80	0.78	0.00
Core	CPU	C1%	C3%	C6%	C8%	C9%
-	-	0.00	0.02	8.53	3.22	0.00
0	0	0.02	0.14	65.33	21.66	0.00
0	4	0.00	0.00	0.52	0.00	0.00
1	1	0.00	0.00	0.75	0.40	0.00
1	5	0.00	0.03	0.60	0.09	0.00
2	2	0.00	0.00	0.13	0.50	0.00
2	6	0.00	0.00	0.29	1.29	0.00
3	3	0.00	0.00	0.27	1.05	0.00
3	7	0.00	0.00	0.35	0.79	0.00
Core	CPU	C1%	C3%	C6%	C8%	C9%
-	-	0.00	0.01	8.57	3.49	0.00
0	0	0.02	0.07	65.51	21.56	0.00
0	4	0.00	0.00	0.50	0.00	0.00
1	1	0.00	0.00	0.59	1.20	0.00
1	5	0.00	0.00	0.36	1.29	0.00
2	2	0.00	0.00	0.24	1.48	0.00
2	6	0.00	0.00	0.50	1.10	0.00
3	3	0.00	0.00	0.50	0.54	0.00
3	7	0.00	0.00	0.38	0.79	0.00
Core	CPU	C1%	C3%	C6%	C8%	C9%
-	-	0.00	0.04	8.46	3.17	0.42
0	0	0.01	0.30	63.45	20.39	3.33
0	4	0.00	0.02	0.59	0.00	0.00
1	1	0.00	0.00	0.41	0.70	0.00
1	5	0.00	0.03	0.71	1.38	0.00
2	2	0.00	0.00	0.43	0.89	0.00
2	6	0.00	0.00	0.25	0.89	0.00
3	3	0.00	0.00	0.92	0.70	0.00
3	7	0.00	0.01	0.90	0.39	0.00
Core	CPU	C1%	C3%	C6%	C8%	C9%
-	-	0.00	0.03	8.64	3.55	0.00
0	0	0.02	0.24	65.47	21.42	0.00
0	4	0.00	0.00	0.45	0.11	0.00
1	1	0.00	0.00	1.34	0.98	0.00
1	5	0.00	0.03	0.40	0.10	0.00
2	2	0.00	0.00	0.17	1.09	0.00
2	6	0.00	0.00	0.28	0.99	0.00
3	3	0.00	0.00	0.83	2.73	0.00
3	7	0.00	0.00	0.14	0.99	0.00
Core	CPU	C1%	C3%	C6%	C8%	C9%
-	-	0.00	0.04	8.60	3.39	0.11
0	0	0.02	0.23	64.66	21.44	0.00
0	4	0.00	0.00	0.77	0.21	0.00
1	1	0.00	0.04	0.39	1.36	0.00
1	5	0.00	0.00	0.35	1.29	0.00
2	2	0.00	0.00	1.02	0.49	0.00
2	6	0.00	0.01	0.90	0.49	0.00
3	3	0.00	0.01	0.31	0.84	0.89
3	7	0.00	0.00	0.37	0.99	0.00
Core	CPU	C1%	C3%	C6%	C8%	C9%
-	-	0.00	0.11	8.66	3.37	0.00
0	0	0.01	0.81	65.03	21.19	0.00
0	4	0.00	0.02	0.50	0.00	0.00
1	1	0.00	0.01	1.21	0.68	0.00
1	5	0.00	0.00	0.38	0.99	0.00
2	2	0.00	0.00	0.56	1.38	0.00
2	6	0.00	0.00	0.53	0.89	0.00
3	3	0.00	0.02	0.89	0.82	0.00
3	7	0.00	0.00	0.20	0.98	0.00
Core	CPU	C1%	C3%	C6%	C8%	C9%
-	-	0.00	0.04	8.71	3.47	0.00
0	0	0.02	0.34	65.29	21.47	0.00
0	4	0.00	0.00	0.82	0.11	0.00
1	1	0.00	0.01	1.00	0.41	0.00
1	5	0.00	0.00	0.78	1.50	0.00
2	2	0.00	0.00	0.35	0.89	0.00
2	6	0.00	0.00	0.27	0.98	0.00
3	3	0.00	0.00	0.34	1.58	0.00
3	7	0.00	0.00	0.82	0.78	0.00
Core	CPU	C1%	C3%	C6%	C8%	C9%
-	-	0.00	0.07	8.14	3.22	0.00
0	0	0.01	0.53	62.88	20.69	0.00
0	4	0.00	0.00	0.56	0.00	0.00
1	1	0.00	0.00	0.36	0.68	0.00
1	5	0.00	0.00	0.13	0.61	0.00
2	2	0.00	0.00	0.09	1.00	0.00
2	6	0.00	0.00	0.38	1.09	0.00
3	3	0.00	0.00	0.27	0.95	0.00
3	7	0.00	0.00	0.44	0.70	0.00
Core	CPU	C1%	C3%	C6%	C8%	C9%
-	-	0.00	0.03	8.51	3.48	0.00
0	0	0.02	0.22	65.27	21.67	0.00
0	4	0.00	0.00	0.89	0.00	0.00
1	1	0.00	0.00	0.50	1.09	0.00
1	5	0.00	0.00	0.36	0.89	0.00
2	2	0.00	0.00	0.24	1.09	0.00
2	6	0.00	0.00	0.13	0.99	0.00
3	3	0.00	0.00	0.10	1.03	0.00
3	7	0.00	0.00	0.59	1.08	0.00
Core	CPU	C1%	C3%	C6%	C8%	C9%
-	-	0.09	0.04	8.53	3.32	0.00
0	0	0.02	0.21	64.32	21.72	0.00
0	4	0.00	0.04	0.50	0.00	0.00
1	1	0.00	0.01	0.50	1.00	0.00
1	5	0.00	0.01	0.10	0.99	0.00
2	2	0.00	0.04	0.52	1.29	0.00
2	6	0.00	0.00	0.55	0.48	0.00
3	3	0.00	0.00	0.83	0.31	0.00
3	7	0.71	0.01	0.90	0.79	0.00
Core	CPU	C1%	C3%	C6%	C8%	C9%
-	-	0.00	0.04	8.71	3.22	0.00
0	0	0.02	0.25	65.50	21.34	0.00
0	4	0.00	0.00	0.56	0.00	0.00
1	1	0.00	0.00	0.42	0.91	0.00
1	5	0.00	0.06	1.11	0.49	0.00
2	2	0.00	0.00	0.60	0.30	0.00
2	6	0.00	0.00	0.78	0.40	0.00
3	3	0.00	0.00	0.36	1.26	0.00
3	7	0.00	0.01	0.33	1.09	0.00
Core	CPU	C1%	C3%	C6%	C8%	C9%
-	-	0.00	0.08	8.73	3.25	0.00
0	0	0.02	0.65	65.67	21.16	0.00
0	4	0.00	0.00	0.87	0.00	0.00
1	1	0.00	0.00	0.58	1.00	0.00
1	5	0.00	0.00	0.84	0.79	0.00
2	2	0.00	0.02	0.52	0.90	0.00
2	6	0.00	0.00	0.29	0.99	0.00
3	3	0.00	0.00	0.29	0.85	0.00
3	7	0.00	0.00	0.76	0.30	0.00
Core	CPU	C1%	C3%	C6%	C8%	C9%
-	-	0.00	0.05	8.29	3.29	0.00
0	0	0.02	0.42	63.41	20.32	0.00
0	4	0.00	0.00	0.50	0.00	0.00
1	1	0.00	0.00	0.40	1.19	0.00
1	5	0.00	0.00	0.37	0.89	0.00
2	2	0.00	0.00	0.25	1.08	0.00
2	6	0.00	0.00	0.24	1.18	0.00
3	3	0.00	0.01	0.49	0.83	0.00
3	7	0.00	0.00	0.67	0.79	0.00
Core	CPU	C1%	C3%	C6%	C8%	C9%
-	-	0.00	0.03	8.53	3.41	0.00
0	0	0.02	0.21	65.51	21.43	0.00
0	4	0.00	0.00	0.62	0.41	0.00
1	1	0.00	0.03	0.61	0.39	0.00
1	5	0.00	0.00	0.09	0.51	0.00
2	2	0.00	0.00	0.28	0.98	0.00
2	6	0.00	0.00	0.45	0.90	0.00
3	3	0.00	0.00	0.24	0.90	0.00
3	7	0.00	0.03	0.45	1.78	0.00
Core	CPU	C1%	C3%	C6%	C8%	C9%
-	-	0.02	0.04	8.49	3.40	0.00
0	0	0.12	0.30	64.63	21.27	0.00
0	4	0.00	0.00	0.16	0.40	0.00
1	1	0.00	0.00	0.85	0.20	0.00
1	5	0.00	0.01	0.90	1.40	0.00
2	2	0.00	0.00	0.09	0.60	0.00
2	6	0.00	0.00	0.49	0.69	0.00
3	3	0.00	0.00	0.26	1.94	0.00
3	7	0.00	0.00	0.54	0.69	0.00
Core	CPU	C1%	C3%	C6%	C8%	C9%
-	-	0.00	0.03	8.49	3.45	0.00
0	0	0.03	0.17	65.10	21.88	0.00
0	4	0.00	0.00	0.20	0.70	0.00
1	1	0.00	0.04	0.77	0.79	0.00
1	5	0.00	0.00	0.75	0.50	0.00
2	2	0.00	0.00	0.22	0.99	0.00
2	6	0.00	0.00	0.31	1.10	0.00
3	3	0.00	0.00	0.20	0.94	0.00
3	7	0.00	0.06	0.38	0.70	0.00
Core	CPU	C1%	C3%	C6%	C8%	C9%
-	-	0.00	0.05	8.84	3.45	0.00
0	0	0.03	0.32	65.44	21.37	0.00
0	4	0.00	0.02	2.26	0.00	0.00
1	1	0.00	0.03	0.59	0.60	0.00
1	5	0.00	0.00	0.18	0.99	0.00
2	2	0.00	0.00	0.37	1.09	0.00
2	6	0.00	0.00	0.35	1.68	0.00
3	3	0.00	0.00	0.72	1.41	0.00
3	7	0.00	0.00	0.83	0.49	0.00
Core	CPU	C1%	C3%	C6%	C8%	C9%
-	-	0.00	0.04	8.39	3.24	0.00
0	0	0.03	0.30	63.74	20.12	0.00
0	4	0.00	0.00	0.74	0.00	0.00
1	1	0.00	0.06	0.79	0.30	0.00
1	5	0.00	0.00	0.10	1.00	0.00
2	2	0.00	0.00	0.29	1.08	0.00
2	6	0.00	0.00	0.76	1.19	0.00
3	3	0.00	0.00	0.35	0.98	0.00
3	7	0.00	0.00	0.32	1.28	0.00
Core	CPU	C1%	C3%	C6%	C8%	C9%
-	-	0.08	0.04	8.59	3.40	0.00
0	0	0.03	0.31	65.50	21.33	0.00
0	4	0.00	0.00	0.56	0.00	0.00
1	1	0.00	0.00	0.46	1.09	0.00
1	5	0.00	0.03	1.04	0.39	0.00
2	2	0.00	0.00	0.13	0.71	0.00
2	6	0.64	0.00	0.49	0.98	0.00
3	3	0.00	0.00	0.28	1.44	0.00
3	7	0.00	0.00	0.26	1.28	0.00
Core	CPU	C1%	C3%	C6%	C8%	C9%
-	-	0.02	0.05	8.45	3.34	0.00
0	0	0.02	0.33	64.78	21.21	0.00
0	4	0.00	0.00	0.60	0.00	0.00
1	1	0.00	0.01	0.39	1.29	0.00
1	5	0.18	0.01	0.47	0.79	0.00
2	2	0.00	0.00	0.25	1.08	0.00
2	6	0.00	0.00	0.32	0.99	0.00
3	3	0.00	0.01	0.43	0.70	0.00
3	7	0.00	0.00	0.38	0.69	0.00
Core	CPU	C1%	C3%	C6%	C8%	C9%
-	-	0.00	0.09	8.82	4.20	0.00
0	0	0.03	0.57	65.46	21.26	0.00
0	4	0.00	0.03	0.50	0.00	0.00
1	1	0.00	0.00	0.77	0.30	0.00
1	5	0.00	0.00	0.78	0.79	0.00
2	2	0.00	0.00	0.27	0.99	0.00
2	6	0.00	0.00	0.45	0.89	0.00
3	3	0.00	0.00	0.83	0.49	0.00
3	7	0.00	0.10	1.48	8.87	0.00
Core	CPU	C1%	C3%	C6%	C8%	C9%
-	-	0.00	0.12	8.80	6.30	0.00
0	0	0.03	0.78	65.13	21.37	0.00
0	4	0.00	0.00	0.97	0.00	0.00
1	1	0.00	0.00	0.82	5.65	0.00
1	5	0.00	0.03	0.44	1.38	0.00
2	2	0.00	0.00	0.14	1.59	0.00
2	6	0.00	0.00	1.55	0.90	0.00
3	3	0.00	0.03	0.30	0.50	0.00
3	7	0.01	0.10	1.08	19.04	0.00
Core	CPU	C1%	C3%	C6%	C8%	C9%
-	-	0.00	0.04	8.72	2.91	0.18
0	0	0.02	0.28	63.41	20.48	0.00
0	4	0.00	0.00	1.01	0.00	0.00
1	1	0.00	0.00	0.74	0.21	0.00
1	5	0.00	0.01	1.07	0.00	0.00
2	2	0.00	0.02	0.77	0.59	0.00
2	6	0.00	0.00	0.97	0.70	0.00
3	3	0.00	0.00	0.85	0.88	1.48
3	7	0.00	0.00	0.94	0.41	0.00
Core	CPU	C1%	C3%	C6%	C8%	C9%
-	-	0.00	0.04	8.65	3.30	0.00
0	0	0.02	0.30	65.49	21.35	0.00
0	4	0.00	0.00	0.87	0.00	0.00
1	1	0.00	0.00	0.57	1.20	0.00
1	5	0.00	0.00	0.54	0.69	0.00
2	2	0.00	0.02	0.60	0.59	0.00
2	6	0.00	0.00	0.47	1.00	0.00
3	3	0.00	0.00	0.29	0.86	0.00
3	7	0.00	0.00	0.36	0.69	0.00
Core	CPU	C1%	C3%	C6%	C8%	C9%
-	-	0.00	0.04	8.40	3.34	0.11
0	0	0.03	0.28	64.51	21.47	0.00
0	4	0.00	0.00	0.49	0.00	0.00
1	1	0.00	0.02	0.50	1.06	0.00
1	5	0.00	0.00	0.37	0.78	0.00
2	2	0.00	0.00	0.25	1.09	0.00
2	6	0.00	0.00	0.23	0.99	0.00
3	3	0.00	0.01	0.60	0.54	0.89
3	7	0.00	0.00	0.29	0.78	0.00
Core	CPU	C1%	C3%	C6%	C8%	C9%
-	-	0.00	0.05	8.71	3.38	0.00
0	0	0.02	0.35	65.48	21.31	0.00
0	4	0.00	0.03	0.49	0.00	0.00
1	1	0.00	0.01	0.91	0.37	0.00
1	5	0.00	0.00	0.29	1.28	0.00
2	2	0.00	0.00	1.00	1.59	0.00
2	6	0.00	0.00	0.34	0.99	0.00
3	3	0.00	0.03	0.89	0.32	0.00
3	7	0.00	0.00	0.29	1.19	0.00
Core	CPU	C1%	C3%	C6%	C8%	C9%
-	-	0.00	0.05	8.54	3.78	0.00
0	0	0.03	0.35	64.99	21.81	0.00
0	4	0.00	0.00	0.54	0.00	0.00
1	1	0.00	0.02	0.82	0.39	0.00
1	5	0.00	0.01	0.59	0.79	0.00
2	2	0.00	0.00	0.39	2.06	0.00
2	6	0.00	0.00	0.28	1.77	0.00
3	3	0.00	0.00	0.44	1.97	0.00
3	7	0.00	0.00	0.23	1.48	0.00
Core	CPU	C1%	C3%	C6%	C8%	C9%
-	-	0.00	0.05	8.20	3.29	0.00
0	0	0.02	0.36	62.76	21.07	0.00
0	4	0.00	0.00	0.56	0.29	0.00
1	1	0.00	0.01	0.55	1.09	0.00
1	5	0.00	0.00	0.43	0.30	0.00
2	2	0.00	0.01	0.17	0.99	0.00
2	6	0.00	0.00	0.38	0.89	0.00
3	3	0.00	0.00	0.28	0.97	0.00
3	7	0.00	0.00	0.44	0.69	0.00
Core	CPU	C1%	C3%	C6%	C8%	C9%
-	-	0.00	0.02	8.78	3.28	0.00
0	0	0.03	0.13	65.45	21.56	0.00
0	4	0.00	0.00	0.76	0.21	0.00
1	1	0.00	0.00	1.08	0.59	0.00
1	5	0.00	0.00	0.25	1.09	0.00
2	2	0.00	0.03	1.01	0.79	0.00
2	6	0.00	0.01	0.89	0.49	0.00
3	3	0.00	0.00	0.38	0.84	0.00
3	7	0.00	0.00	0.38	0.69	0.00
Core	CPU	C1%	C3%	C6%	C8%	C9%
-	-	0.00	0.02	8.50	3.53	0.11
0	0	0.03	0.14	64.45	21.76	0.00
0	4	0.00	0.00	0.50	0.00	0.00
1	1	0.00	0.00	1.09	1.89	0.00
1	5	0.00	0.00	0.18	0.99	0.00
2	2	0.00	0.00	0.72	0.89	0.89
2	6	0.00	0.00	0.42	1.00	0.00
3	3	0.00	0.00	0.22	0.92	0.00
3	7	0.00	0.00	0.39	0.80	0.00
Core	CPU	C1%	C3%	C6%	C8%	C9%
-	-	0.00	0.05	8.68	3.35	0.00
0	0	0.02	0.35	65.64	21.09	0.00
0	4	0.00	0.00	0.55	0.00	0.00
1	1	0.00	0.00	0.64	1.10	0.00
1	5	0.00	0.00	0.66	0.99	0.00
2	2	0.00	0.00	0.78	0.59	0.00
2	6	0.00	0.00	0.77	0.59	0.00
3	3	0.00	0.06	0.20	1.46	0.00
3	7	0.00	0.00	0.24	0.98	0.00
Core	CPU	C1%	C3%	C6%	C8%	C9%
-	-	0.01	0.03	8.57	3.61	0.00
0	0	0.05	0.24	65.07	21.78	0.00
0	4	0.00	0.00	0.96	0.00	0.00
1	1	0.00	0.00	0.77	1.38	0.00
1	5	0.00	0.00	0.33	0.99	0.00
2	2	0.00	0.02	0.39	1.09	0.00
2	6	0.00	0.00	0.29	1.88	0.00
3	3	0.00	0.00	0.28	0.97	0.00
3	7	0.00	0.00	0.45	0.78	0.00
Core	CPU	C1%	C3%	C6%	C8%	C9%
-	-	0.01	0.04	8.57	3.49	0.00
0	0	0.05	0.26	63.22	20.62	0.00
0	4	0.00	0.00	0.97	0.00	0.00
1	1	0.00	0.00	0.61	1.29	0.00
1	5	0.00	0.00	0.25	0.99	0.00
2	2	0.00	0.00	0.83	0.79	0.00
2	6	0.00	0.03	1.07	1.38	0.00
3	3	0.00	0.00	0.76	1.52	0.00
3	7	0.00	0.00	0.84	1.28	0.00
Core	CPU	C1%	C3%	C6%	C8%	C9%
-	-	0.00	0.04	8.62	3.53	0.00
0	0	0.03	0.26	65.48	21.37	0.00
0	4	0.00	0.02	0.59	0.11	0.00
1	1	0.00	0.00	0.31	1.29	0.00
1	5	0.00	0.00	0.29	1.19	0.00
2	2	0.00	0.00	0.56	1.38	0.00
2	6	0.00	0.00	1.29	0.88	0.00
3	3	0.00	0.00	0.32	0.91	0.00
3	7	0.00	0.00	0.13	1.09	0.00
Core	CPU	C1%	C3%	C6%	C8%	C9%
-	-	0.00	0.04	8.66	3.14	0.00
0	0	0.03	0.29	64.87	21.10	0.00
0	4	0.00	0.00	0.54	0.00	0.00
1	1	0.00	0.00	0.99	0.21	0.00
1	5	0.00	0.02	1.30	0.29	0.00
2	2	0.00	0.00	0.29	1.09	0.00
2	6	0.00	0.02	0.39	0.55	0.00
3	3	0.00	0.01	0.37	1.27	0.00
3	7	0.00	0.00	0.54	0.60	0.00
Core	CPU	C1%	C3%	C6%	C8%	C9%
-	-	0.00	0.07	8.62	3.40	0.00
0	0	0.02	0.50	65.30	21.30	0.00
0	4	0.00	0.00	0.97	0.00	0.00
1	1	0.00	0.00	0.57	1.29	0.00
1	5	0.00	0.00	0.35	1.18	0.00
2	2	0.00	0.00	0.32	0.99	0.00
2	6	0.00	0.02	0.29	1.29	0.00
3	3	0.00	0.00	0.78	0.46	0.00
3	7	0.00	0.00	0.37	0.69	0.00
Core	CPU	C1%	C3%	C6%	C8%	C9%
-	-	0.00	0.05	8.61	3.33	0.00
0	0	0.01	0.37	65.56	21.11	0.00
0	4	0.00	0.00	0.50	0.00	0.00
1	1	0.00	0.00	0.80	0.79	0.00
1	5	0.00	0.00	0.27	0.99	0.00
2	2	0.00	0.00	0.74	0.99	0.00
2	6	0.00	0.00	0.43	1.18	0.00
3	3	0.00	0.01	0.39	0.72	0.00
3	7	0.00	0.00	0.20	0.88	0.00
Core	CPU	C1%	C3%	C6%	C8%	C9%
-	-	0.00	0.09	8.18	3.21	0.00
0	0	0.01	0.64	62.77	20.65	0.00
0	4	0.00	0.00	0.53	0.00	0.00
1	1	0.00	0.02	0.41	0.70	0.00
1	5	0.00	0.00	0.50	0.00	0.00
2	2	0.00	0.00	0.29	0.98	0.00
2	6	0.00	0.01	0.41	0.88	0.00
3	3	0.00	0.00	0.25	1.48	0.03
3	7	0.00	0.03	0.30	0.98	0.00
Core	CPU	C1%	C3%	C6%	C8%	C9%
-	-	0.00	0.13	8.57	3.23	0.00
0	0	0.01	1.00	65.47	20.41	0.00
0	4	0.00	0.00	0.56	0.00	0.00
1	1	0.00	0.02	0.76	0.86	0.00
1	5	0.00	0.00	0.78	0.79	0.00
2	2	0.00	0.00	0.00	0.50	0.00
2	6	0.00	0.01	0.33	0.98	0.00
3	3	0.00	0.00	0.27	1.45	0.00
3	7	0.00	0.00	0.35	0.88	0.00
Core	CPU	C1%	C3%	C6%	C8%	C9%
-	-	0.00	0.17	8.82	3.19	0.00
0	0	0.01	1.05	65.60	20.25	0.00
0	4	0.00	0.00	0.88	0.00	0.00
1	1	0.00	0.01	1.08	0.88	0.00
1	5	0.00	0.00	0.25	1.19	0.00
2	2	0.00	0.00	0.82	0.40	0.00
2	6	0.00	0.01	1.15	0.88	0.00
3	3	0.00	0.00	0.37	1.25	0.00
3	7	0.00	0.30	0.45	0.69	0.00
Core	CPU	C1%	C3%	C6%	C8%	C9%
-	-	0.00	0.22	8.49	3.18	0.00
0	0	0.01	1.79	64.35	20.59	0.00
0	4	0.00	0.00	0.50	0.00	0.00
1	1	0.00	0.00	0.98	0.81	0.00
1	5	0.00	0.00	0.26	0.90	0.00
2	2	0.00	0.00	0.24	1.00	0.00
2	6	0.00	0.00	0.23	1.19	0.00
3	3	0.00	0.00	0.67	0.54	0.00
3	7	0.00	0.00	0.68	0.40	0.00
Core	CPU	C1%	C3%	C6%	C8%	C9%
-	-	0.01	0.15	8.73	3.20	1.70
0	0	0.01	1.15	65.63	20.11	0.00
0	4	0.00	0.00	0.53	0.00	13.57
1	1	0.00	0.01	0.56	1.39	0.00
1	5	0.00	0.00	0.19	1.29	0.00
2	2	0.00	0.00	0.67	1.19	0.00
2	6	0.00	0.00	0.48	0.99	0.00
3	3	0.00	0.00	0.94	0.31	0.00
3	7	0.10	0.01	0.80	0.29	0.00
Core	CPU	C1%	C3%	C6%	C8%	C9%
-	-	0.00	0.11	8.30	3.29	0.00
0	0	0.01	0.87	63.33	19.81	0.00
0	4	0.00	0.00	0.52	0.00	0.00
1	1	0.00	0.01	0.48	1.38	0.00
1	5	0.00	0.03	0.70	1.19	0.00
2	2	0.00	0.00	0.48	0.90	0.00
2	6	0.00	0.00	0.19	0.99	0.00
3	3	0.00	0.00	0.36	1.26	0.00
3	7	0.00	0.00	0.34	0.79	0.00
Core	CPU	C1%	C3%	C6%	C8%	C9%
-	-	0.00	0.14	8.81	8.17	0.00
0	0	0.01	1.00	65.11	21.32	0.00
0	4	0.00	0.00	0.98	0.00	0.00
1	1	0.00	0.00	0.71	10.38	0.00
1	5	0.00	0.00	0.75	1.18	0.00
2	2	0.00	0.00	0.43	1.18	0.00
2	6	0.00	0.02	0.57	1.13	0.00
3	3	0.00	0.00	0.48	0.95	0.00
3	7	0.01	0.12	1.44	29.17	0.00
Core	CPU	C1%	C3%	C6%	C8%	C9%
-	-	0.00	0.06	8.56	3.40	0.00
0	0	0.01	0.42	64.98	20.87	0.00
0	4	0.00	0.00	0.49	0.00	0.00
1	1	0.00	0.00	0.80	1.19	0.00
1	5	0.00	0.00	0.27	1.18	0.00
2	2	0.00	0.00	0.25	1.18	0.00
2	6	0.00	0.00	0.27	1.23	0.00
3	3	0.02	0.03	0.65	0.73	0.00
3	7	0.00	0.00	0.79	0.79	0.00
Core	CPU	C1%	C3%	C6%	C8%	C9%
-	-	0.00	0.03	8.52	3.33	0.10
0	0	0.01	0.20	65.49	21.42	0.00
0	4	0.00	0.00	0.44	0.10	0.00
1	1	0.00	0.02	0.41	0.90	0.00
1	5	0.00	0.00	0.19	1.00	0.00
2	2	0.00	0.00	0.18	0.99	0.00
2	6	0.00	0.00	0.49	0.99	0.00
3	3	0.00	0.00	0.74	0.39	0.80
3	7	0.00	0.02	0.20	0.89	0.00
Core	CPU	C1%	C3%	C6%	C8%	C9%
-	-	0.00	0.07	8.71	3.33	0.00
0	0	0.01	0.55	65.68	20.86	0.00
0	4	0.00	0.00	0.56	0.11	0.00
1	1	0.00	0.00	0.79	0.69	0.00
1	5	0.00	0.00	1.08	0.40	0.00
2	2	0.00	0.00	0.10	0.79	0.00
2	6	0.00	0.00	0.43	1.27	0.00
3	3	0.00	0.00	0.58	1.44	0.00
3	7	0.00	0.00	0.46	1.08	0.00
Core	CPU	C1%	C3%	C6%	C8%	C9%
-	-	0.00	0.04	8.30	3.23	0.35
0	0	0.01	0.28	62.95	20.95	0.00
0	4	0.00	0.00	0.78	0.11	0.00
1	1	0.00	0.00	0.50	1.19	0.00
1	5	0.00	0.00	0.36	0.99	0.00
2	2	0.00	0.00	0.44	0.50	0.00
2	6	0.00	0.02	0.58	0.40	0.00
3	3	0.00	0.00	0.34	0.84	2.80
3	7	0.00	0.00	0.48	0.89	0.00
Core	CPU	C1%	C3%	C6%	C8%	C9%
-	-	0.00	0.07	8.56	3.36	0.00
0	0	0.01	0.56	65.17	21.28	0.00
0	4	0.00	0.02	0.48	0.20	0.00
1	1	0.00	0.00	0.32	1.30	0.00
1	5	0.00	0.00	0.29	0.99	0.00
2	2	0.00	0.00	0.85	0.59	0.00
2	6	0.00	0.00	0.89	0.59	0.00
3	3	0.00	0.00	0.32	0.90	0.00
3	7	0.00	0.00	0.19	0.99	0.00
Core	CPU	C1%	C3%	C6%	C8%	C9%
-	-	0.00	0.10	8.43	3.25	0.00
0	0	0.01	0.73	64.23	21.21	0.00
0	4	0.00	0.00	0.55	0.00	0.00
1	1	0.00	0.00	1.04	0.20	0.00
1	5	0.00	0.01	0.68	0.00	0.00
2	2	0.00	0.00	0.19	1.09	0.00
2	6	0.00	0.02	0.40	1.39	0.00
3	3	0.00	0.00	0.25	1.00	0.00
3	7	0.00	0.01	0.14	1.08	0.00
Core	CPU	C1%	C3%	C6%	C8%	C9%
-	-	0.00	0.04	8.58	3.36	0.00
0	0	0.01	0.31	65.13	21.67	0.00
0	4	0.00	0.00	0.76	0.00	0.00
1	1	0.00	0.00	0.44	1.01	0.00
1	5	0.00	0.01	0.82	0.79	0.00
2	2	0.00	0.00	0.10	0.79	0.00
2	6	0.00	0.00	0.27	0.98	0.00
3	3	0.00	0.00	0.27	1.36	0.00
3	7	0.00	0.00	0.85	0.30	0.00
Core	CPU	C1%	C3%	C6%	C8%	C9%
-	-	0.00	0.04	8.87	3.26	0.00
0	0	0.01	0.29	65.30	21.50	0.00
0	4	0.00	0.00	0.88	0.00	0.00
1	1	0.00	0.00	0.76	0.30	0.00
1	5	0.00	0.00	0.94	0.59	0.00
2	2	0.00	0.00	1.24	1.19	0.00
2	6	0.00	0.02	1.17	0.89	0.00
3	3	0.00	0.00	0.29	0.85	0.00
3	7	0.00	0.00	0.37	0.78	0.00
Core	CPU	C1%	C3%	C6%	C8%	C9%
-	-	0.00	0.02	8.22	3.33	0.00
0	0	0.01	0.11	62.96	21.10	0.00
0	4	0.00	0.00	0.49	0.00	0.00
1	1	0.00	0.00	0.28	0.90	0.00
1	5	0.00	0.00	0.56	0.70	0.00
2	2	0.00	0.00	0.47	1.39	0.00
2	6	0.00	0.00	0.23	1.09	0.00
3	3	0.00	0.02	0.29	0.83	0.00
3	7	0.00	0.00	0.48	0.61	0.00
Core	CPU	C1%	C3%	C6%	C8%	C9%
-	-	0.00	0.02	8.57	3.25	0.00
0	0	0.01	0.16	65.13	21.84	0.00
0	4	0.00	0.00	0.54	0.00	0.00
1	1	0.00	0.00	0.32	0.30	0.00
1	5	0.00	0.02	0.49	0.21	0.00
2	2	0.00	0.00	0.91	0.80	0.00
2	6	0.00	0.00	0.37	1.38	0.00
3	3	0.00	0.00	0.25	0.89	0.00
3	7	0.00	0.00	0.52	0.60	0.00
Core	CPU	C1%	C3%	C6%	C8%	C9%
-	-	0.00	0.05	8.57	3.48	0.00
0	0	0.01	0.34	65.16	20.71	0.00
0	4	0.00	0.00	0.72	0.30	0.00
1	1	0.00	0.00	0.24	0.79	0.00
1	5	0.00	0.00	0.69	0.59	0.00
2	2	0.00	0.04	0.77	1.17	0.00
2	6	0.00	0.00	0.30	2.08	0.00
3	3	0.00	0.00	0.28	1.34	0.00
3	7	0.00	0.01	0.43	0.87	0.00
Core	CPU	C1%	C3%	C6%	C8%	C9%
-	-	0.00	0.09	8.60	3.29	0.00
0	0	0.01	0.67	64.93	21.39	0.00
0	4	0.00	0.00	0.50	0.00	0.00
1	1	0.00	0.00	0.41	0.70	0.00
1	5	0.00	0.00	0.56	0.89	0.00
2	2	0.00	0.05	1.05	0.56	0.00
2	6	0.00	0.00	0.46	1.49	0.00
3	3	0.00	0.01	0.29	0.84	0.00
3	7	0.00	0.01	0.58	0.49	0.00
Core	CPU	C1%	C3%	C6%	C8%	C9%
-	-	0.00	0.11	8.57	3.19	0.25
0	0	0.01	0.83	65.24	20.90	0.00
0	4	0.00	0.02	0.59	0.00	0.00
1	1	0.00	0.00	0.40	0.48	0.00
1	5	0.00	0.00	0.18	0.99	0.00
2	2	0.00	0.02	0.58	1.16	0.00
2	6	0.00	0.00	0.42	0.90	1.99
3	3	0.00	0.00	0.33	0.81	0.00
3	7	0.00	0.00	0.80	0.29	0.00
Core	CPU	C1%	C3%	C6%	C8%	C9%
-	-	0.00	0.08	8.42	3.13	0.42
0	0	0.01	0.58	62.94	20.55	0.00
0	4	0.00	0.00	0.74	0.00	0.00
1	1	0.00	0.00	0.72	0.10	0.00
1	5	0.00	0.01	0.79	0.69	0.00
2	2	0.00	0.05	1.23	0.77	0.00
2	6	0.00	0.02	0.47	1.09	0.00
3	3	0.00	0.00	0.34	0.89	3.37
3	7	0.00	0.00	0.14	0.99	0.00
Core	CPU	C1%	C3%	C6%	C8%	C9%
-	-	0.00	0.04	8.71	3.34	0.12
0	0	0.01	0.29	65.45	21.35	0.00
0	4	0.00	0.00	0.56	0.00	0.00
1	1	0.00	0.00	0.44	0.31	0.00
1	5	0.00	0.00	0.92	0.99	0.00
2	2	0.00	0.02	0.60	0.90	0.00
2	6	0.00	0.00	0.78	0.49	0.99
3	3	0.00	0.00	0.27	1.75	0.00
3	7	0.00	0.00	0.64	0.90	0.00
Core	CPU	C1%	C3%	C6%	C8%	C9%
-	-	0.00	0.04	8.75	3.36	0.00
0	0	0.01	0.28	64.64	21.36	0.00
0	4	0.00	0.00	0.77	0.11	0.00
1	1	0.00	0.00	0.27	1.09	0.00
1	5	0.00	0.00	0.55	0.99	0.00
2	2	0.00	0.00	1.81	0.51	0.00
2	6	0.00	0.04	1.17	0.50	0.00
3	3	0.00	0.00	0.30	1.24	0.00
3	7	0.00	0.00	0.46	1.06	0.00
Core	CPU	C1%	C3%	C6%	C8%	C9%
-	-	0.00	0.03	8.67	3.27	0.00
0	0	0.01	0.17	65.53	21.40	0.00
0	4	0.00	0.00	0.34	0.30	0.00
1	1	0.00	0.00	0.19	0.99	0.00
1	5	0.00	0.00	0.28	0.80	0.00
2	2	0.00	0.02	1.36	0.39	0.00
2	6	0.00	0.00	0.61	0.99	0.00
3	3	0.00	0.02	0.39	0.83	0.00
3	7	0.00	0.00	0.69	0.49	0.00
Core	CPU	C1%	C3%	C6%	C8%	C9%
-	-	0.19	0.06	8.48	3.23	0.00
0	0	0.01	0.43	64.85	21.82	0.00
0	4	0.00	0.00	0.93	0.00	0.00
1	1	0.00	0.02	0.00	0.50	0.00
1	5	0.79	0.00	0.00	0.00	0.00
2	2	0.00	0.03	0.69	1.08	0.00
2	6	0.00	0.00	0.45	0.88	0.00
3	3	0.73	0.00	0.64	0.79	0.00
3	7	0.00	0.02	0.30	0.79	0.00
Core	CPU	C1%	C3%	C6%	C8%	C9%
-	-	0.00	0.05	8.32	3.09	0.00
0	0	0.01	0.39	63.14	20.52	0.00
0	4	0.00	0.00	0.56	0.00	0.00
1	1	0.00	0.00	0.35	0.29	0.00
1	5	0.00	0.02	1.04	0.30	0.00
2	2	0.00	0.00	0.52	0.60	0.00
2	6	0.00	0.00	0.10	1.09	0.00
3	3	0.00	0.00	0.37	1.25	0.00
3	7	0.00	0.00	0.46	0.69	0.00
Core	CPU	C1%	C3%	C6%	C8%	C9%
-	-	0.00	0.05	8.58	3.32	0.00
0	0	0.01	0.37	65.34	21.37	0.00
0	4	0.00	0.00	0.49	0.00	0.00
1	1	0.00	0.00	0.28	0.89	0.00
1	5	0.00	0.00	0.65	0.79	0.00
2	2	0.00	0.00	1.07	0.79	0.00
2	6	0.00	0.00	0.32	0.99	0.00
3	3	0.00	0.00	0.19	0.94	0.00
3	7	0.00	0.00	0.29	0.78	0.00
Core	CPU	C1%	C3%	C6%	C8%	C9%
-	-	0.00	0.05	8.66	3.34	0.00
0	0	0.01	0.31	64.72	21.26	0.00
0	4	0.00	0.03	0.50	0.00	0.00
1	1	0.00	0.00	0.10	1.09	0.00
1	5	0.00	0.00	0.38	1.09	0.00
2	2	0.00	0.02	0.98	1.38	0.00
2	6	0.00	0.00	0.35	0.99	0.00
3	3	0.00	0.00	1.02	0.50	0.00
3	7	0.00	0.02	1.20	0.39	0.00
Core	CPU	C1%	C3%	C6%	C8%	C9%
-	-	0.00	0.20	8.77	7.02	0.00
0	0	0.01	1.36	65.25	20.84	0.00
0	4	0.00	0.00	0.56	0.00	0.00
1	1	0.00	0.00	1.76	2.76	0.00
1	5	0.00	0.00	0.20	0.80	0.00
2	2	0.00	0.00	0.40	0.80	0.00
2	6	0.00	0.00	0.19	1.28	0.00
3	3	0.00	0.00	0.27	0.97	0.00
3	7	0.01	0.23	1.49	28.70	0.00
Core	CPU	C1%	C3%	C6%	C8%	C9%
-	-	0.00	0.17	8.92	3.14	2.03
0	0	0.01	1.34	65.28	20.23	0.00
0	4	0.00	0.00	0.88	0.29	16.25
1	1	0.00	0.00	0.57	0.89	0.00
1	5	0.00	0.00	0.83	0.98	0.00
2	2	0.00	0.00	1.43	0.50	0.00
2	6	0.00	0.02	1.09	0.49	0.00
3	3	0.00	0.00	0.30	1.33	0.00
3	7	0.00	0.00	0.97	0.39	0.00
Core	CPU	C1%	C3%	C6%	C8%	C9%
-	-	0.01	0.19	8.39	3.35	0.00
0	0	0.01	1.50	62.84	19.65	0.00
0	4	0.10	0.01	0.49	0.00	0.00
1	1	0.00	0.00	0.20	1.09	0.00
1	5	0.00	0.00	0.38	0.99	0.00
2	2	0.00	0.00	1.36	0.69	0.00
2	6	0.00	0.00	1.12	1.98	0.00
3	3	0.00	0.02	0.39	1.62	0.00
3	7	0.00	0.00	0.29	0.78	0.00
Core	CPU	C1%	C3%	C6%	C8%	C9%
-	-	0.00	0.10	8.62	3.21	0.00
0	0	0.01	0.76	65.04	21.11	0.00
0	4	0.00	0.03	0.39	0.11	0.00
1	1	0.00	0.00	0.19	0.50	0.00
1	5	0.00	0.00	0.19	0.99	0.00
2	2	0.00	0.00	1.08	0.70	0.00
2	6	0.00	0.00	0.35	0.89	0.00
3	3	0.00	0.00	0.93	0.98	0.00
3	7	0.00	0.01	0.80	0.39	0.00
Core	CPU	C1%	C3%	C6%	C8%	C9%
-	-	0.00	0.12	8.58	3.58	0.10
0	0	0.01	0.91	64.97	20.22	0.00
0	4	0.00	0.00	0.34	0.70	0.00
1	1	0.00	0.00	0.24	0.40	0.00
1	5	0.00	0.00	0.13	0.59	0.00
2	2	0.00	0.00	0.94	1.00	0.00
2	6	0.00	0.02	0.96	2.37	0.00
3	3	0.00	0.00	0.55	2.25	0.00
3	7	0.00	0.01	0.52	1.08	0.81
Core	CPU	C1%	C3%	C6%	C8%	C9%
-	-	0.00	0.05	8.91	3.35	0.00
0	0	0.01	0.34	65.79	20.92	0.00
0	4	0.00	0.00	0.58	0.31	0.00
1	1	0.00	0.00	0.47	1.09	0.00
1	5	0.00	0.01	0.75	1.48	0.00
2	2	0.00	0.03	1.32	0.40	0.00
2	6	0.00	0.01	1.09	0.59	0.00
3	3	0.00	0.00	0.29	1.35	0.00
3	7	0.00	0.00	0.97	0.69	0.00
Core	CPU	C1%	C3%	C6%	C8%	C9%
-	-	0.00	0.03	8.91	4.02	0.00
0	0	0.01	0.25	65.48	21.38	0.00
0	4	0.00	0.00	0.69	0.19	0.00
1	1	0.00	0.00	0.74	2.67	0.00
1	5	0.00	0.00	0.56	0.99	0.00
2	2	0.00	0.00	1.35	1.09	0.00
2	6	0.00	0.00	1.03	1.79	0.00
3	3	0.00	0.02	0.51	1.90	0.00
3	7	0.00	0.00	0.93	2.17	0.00
Core	CPU	C1%	C3%	C6%	C8%	C9%
-	-	0.00	0.04	8.41	2.94	0.12
0	0	0.01	0.34	63.31	20.47	0.00
0	4	0.00	0.00	0.55	0.00	0.00
1	1	0.00	0.00	0.62	0.00	0.00
1	5	0.00	0.00	0.50	0.39	0.00
2	2	0.00	0.00	1.11	0.16	0.00
2	6	0.00	0.01	0.83	0.50	0.99
3	3	0.00	0.00	0.25	0.99	0.00
3	7	0.00	0.00	0.14	0.98	0.00
Core	CPU	C1%	C3%	C6%	C8%	C9%
-	-	0.00	0.09	8.76	3.31	0.00
0	0	0.01	0.66	65.62	21.14	0.00
0	4	0.00	0.00	0.86	0.00	0.00
1	1	0.00	0.00	0.45	0.79	0.00
1	5	0.00	0.00	0.44	1.40	0.00
2	2	0.00	0.02	1.29	0.30	0.00
2	6	0.00	0.00	0.60	0.90	0.00
3	3	0.00	0.00	0.37	1.16	0.00
3	7	0.00	0.00	0.45	0.79	0.00
Core	CPU	C1%	C3%	C6%	C8%	C9%
-	-	0.00	0.03	8.61	3.40	0.11
0	0	0.01	0.19	64.63	21.42	0.00
0	4	0.00	0.00	0.88	0.00	0.00
1	1	0.00	0.00	0.28	0.89	0.00
1	5	0.00	0.00	0.81	1.09	0.00
2	2	0.00	0.05	1.34	0.60	0.00
2	6	0.00	0.00	0.20	1.27	0.00
3	3	0.00	0.00	0.29	1.23	0.00
3	7	0.00	0.00	0.41	0.69	0.90
Core	CPU	C1%	C3%	C6%	C8%	C9%
-	-	0.00	0.14	8.53	3.20	0.00
0	0	0.00	1.07	65.01	20.86	0.00
0	4	0.00	0.03	0.50	0.00	0.00
1	1	0.00	0.00	0.10	0.40	0.00
1	5	0.00	0.00	0.10	1.09	0.00
2	2	0.00	0.00	1.29	0.50	0.00
2	6	0.00	0.00	0.45	0.89	0.00
3	3	0.00	0.00	0.23	0.92	0.00
3	7	0.00	0.00	0.60	0.99	0.00
Core	CPU	C1%	C3%	C6%	C8%	C9%
-	-	0.00	0.14	8.64	3.38	0.00
0	0	0.01	1.15	65.14	20.64	0.00
0	4	0.00	0.00	0.74	0.00	0.00
1	1	0.00	0.00	0.71	0.40	0.00
1	5	0.00	0.00	0.19	1.19	0.00
2	2	0.00	0.00	1.21	0.98	0.00
2	6	0.00	0.00	0.47	1.18	0.00
3	3	0.00	0.00	0.35	1.29	0.00
3	7	0.00	0.00	0.34	1.38	0.00
Core	CPU	C1%	C3%	C6%	C8%	C9%
-	-	0.00	0.12	8.28	3.20	0.00
0	0	0.01	0.97	62.50	20.46	0.00
0	4	0.00	0.00	0.65	0.41	0.00
1	1	0.00	0.00	0.24	0.80	0.00
1	5	0.00	0.00	0.43	0.89	0.00
2	2	0.00	0.00	0.92	0.20	0.00
2	6	0.00	0.00	0.49	0.89	0.00
3	3	0.00	0.00	0.27	0.97	0.00
3	7	0.01	0.00	0.71	0.99	0.00
Core	CPU	C1%	C3%	C6%	C8%	C9%
-	-	0.00	0.07	8.81	3.62	0.00
0	0	0.01	0.52	65.17	21.36	0.00
0	4	0.00	0.00	0.96	0.00	0.00
1	1	0.00	0.00	0.26	0.99	0.00
1	5	0.00	0.01	1.04	1.48	0.00
2	2	0.00	0.03	1.12	0.69	0.00
2	6	0.00	0.00	0.19	1.29	0.00
3	3	0.00	0.00	0.75	2.07	0.00
3	7	0.00	0.00	1.02	1.07	0.00
Core	CPU	C1%	C3%	C6%	C8%	C9%
-	-	0.00	0.05	8.50	3.43	0.00
0	0	0.01	0.37	64.74	21.11	0.00
0	4	0.00	0.00	0.50	0.00	0.00
1	1	0.00	0.00	0.29	1.28	0.00
1	5	0.00	0.01	0.38	1.09	0.00
2	2	0.00	0.00	1.06	0.60	0.00
2	6	0.00	0.00	0.36	1.29	0.00
3	3	0.00	0.02	0.30	0.79	0.00
3	7	0.00	0.00	0.34	1.24	0.00
Core	CPU	C1%	C3%	C6%	C8%	C9%
-	-	0.00	0.05	8.85	3.26	0.00
0	0	0.01	0.32	65.49	21.20	0.00
0	4	0.00	0.03	0.49	0.00	0.00
1	1	0.00	0.00	0.09	0.60	0.00
1	5	0.00	0.00	0.78	0.49	0.00
2	2	0.00	0.00	1.02	0.98	0.00
2	6	0.00	0.00	0.35	0.99	0.00
3	3	0.00	0.00	1.33	0.88	0.00
3	7	0.00	0.01	1.27	0.98	0.00
Core	CPU	C1%	C3%	C6%	C8%	C9%
-	-	0.00	0.02	8.61	3.31	0.00
0	0	0.00	0.12	65.37	21.55	0.00
0	4	0.00	0.00	0.54	0.00	0.00
1	1	0.00	0.02	0.29	0.80	0.00
1	5	0.00	0.00	0.18	0.70	0.00
2	2	0.00	0.00	1.09	1.00	0.00
2	6	0.00	0.00	0.36	0.99	0.00
3	3	0.00	0.00	0.56	0.79	0.00
3	7	0.00	0.03	0.49	0.61	0.00
Core	CPU	C1%	C3%	C6%	C8%	C9%
-	-	0.08	0.11	8.53	3.35	0.40
0	0	0.01	0.85	63.79	19.73	0.00
0	4	0.00	0.00	0.90	0.10	0.00
1	1	0.52	0.00	0.14	1.40	0.00
1	5	0.00	0.00	1.04	0.99	0.00
2	2	0.13	0.00	1.01	0.60	0.00
2	6	0.00	0.00	0.53	1.17	0.00
3	3	0.00	0.02	0.47	0.98	3.23
3	7	0.00	0.01	0.35	1.85	0.00
Core	CPU	C1%	C3%	C6%	C8%	C9%
-	-	0.00	0.03	8.75	3.50	0.00
0	0	0.01	0.22	65.06	21.78	0.00
0	4	0.00	0.00	1.08	0.09	0.00
1	1	0.00	0.00	0.18	0.99	0.00
1	5	0.00	0.00	0.87	0.88	0.00
2	2	0.00	0.02	0.95	1.09	0.00
2	6	0.00	0.00	1.27	1.18	0.00
3	3	0.00	0.00	0.20	0.89	0.00
3	7	0.00	0.00	0.39	1.14	0.00
Core	CPU	C1%	C3%	C6%	C8%	C9%
-	-	0.00	0.06	8.52	3.25	0.11
0	0	0.01	0.43	64.78	21.03	0.00
0	4	0.00	0.04	0.73	0.69	0.89
1	1	0.00	0.00	0.10	0.79	0.00
1	5	0.00	0.00	0.29	0.88	0.00
2	2	0.00	0.04	1.13	0.39	0.00
2	6	0.00	0.00	0.61	0.49	0.00
3	3	0.00	0.00	0.32	0.79	0.00
3	7	0.00	0.00	0.19	0.92	0.00
Core	CPU	C1%	C3%	C6%	C8%	C9%
-	-	0.00	0.11	8.54	3.22	0.13
0	0	0.01	0.86	65.57	20.45	0.00
0	4	0.00	0.00	0.74	0.29	1.05
1	1	0.00	0.00	0.43	0.50	0.00
1	5	0.00	0.02	0.19	0.90	0.00
2	2	0.00	0.03	0.50	0.60	0.00
2	6	0.00	0.00	0.27	1.08	0.00
3	3	0.00	0.00	0.37	0.88	0.00
3	7	0.00	0.00	0.24	1.09	0.00
Core	CPU	C1%	C3%	C6%	C8%	C9%
-	-	0.02	0.17	8.60	3.58	1.03
0	0	0.17	1.33	64.78	20.50	0.00
0	4	0.00	0.00	1.22	0.79	8.24
1	1	0.00	0.00	0.35	0.80	0.00
1	5	0.00	0.00	0.92	1.69	0.00
2	2	0.00	0.05	0.85	1.20	0.00
2	6	0.00	0.00	0.20	1.10	0.00
3	3	0.00	0.00	0.19	0.89	0.00
3	7	0.00	0.00	0.26	1.67	0.00
Core	CPU	C1%	C3%	C6%	C8%	C9%
-	-	0.00	0.20	8.28	7.02	0.00
0	0	0.01	1.41	62.50	20.43	0.00
0	4	0.00	0.00	0.29	0.30	0.00
1	1	0.00	0.00	1.23	2.46	0.00
1	5	0.00	0.00	0.37	0.79	0.00
2	2	0.00	0.03	0.45	1.18	0.00
2	6	0.00	0.00	0.32	0.89	0.00
3	3	0.00	0.00	0.10	0.99	0.00
3	7	0.01	0.19	0.97	29.14	0.00
Core	CPU	C1%	C3%	C6%	C8%	C9%
-	-	0.00	0.04	8.60	3.37	0.15
0	0	0.00	0.34	65.68	21.02	0.00
0	4	0.00	0.00	0.33	0.21	1.21
1	1	0.00	0.00	0.19	1.09	0.00
1	5	0.00	0.00	0.57	1.09	0.00
2	2	0.00	0.00	0.57	1.39	0.00
2	6	0.00	0.00	0.34	1.09	0.00
3	3	0.00	0.02	0.30	0.79	0.00
3	7	0.00	0.00	0.79	0.33	0.00
Core	CPU	C1%	C3%	C6%	C8%	C9%
-	-	0.00	0.05	8.51	3.11	0.00
0	0	0.01	0.33	65.05	20.80	0.00
0	4	0.00	0.06	0.54	0.10	0.00
1	1	0.00	0.00	0.32	0.41	0.00
1	5	0.00	0.00	0.00	0.40	0.00
2	2	0.00	0.00	1.20	0.40	0.00
2	6	0.00	0.00	0.37	0.89	0.00
3	3	0.00	0.00	0.36	0.88	0.00
3	7	0.00	0.00	0.22	1.00	0.00
Core	CPU	C1%	C3%	C6%	C8%	C9%
-	-	0.00	0.04	8.67	3.45	0.00
0	0	0.01	0.36	65.29	21.40	0.00
0	4	0.00	0.00	0.97	0.00	0.00
1	1	0.00	0.00	0.64	0.79	0.00
1	5	0.00	0.00	0.79	1.29	0.00
2	2	0.00	0.00	1.01	0.79	0.00
2	6	0.00	0.00	0.10	1.09	0.00
3	3	0.00	0.00	0.28	0.89	0.00
3	7	0.00	0.00	0.26	1.36	0.00
Core	CPU	C1%	C3%	C6%	C8%	C9%
-	-	0.00	0.08	8.68	3.30	0.20
0	0	0.01	0.61	65.02	21.37	0.00
0	4	0.00	0.00	1.49	0.30	0.60
1	1	0.00	0.00	0.47	0.50	0.00
1	5	0.00	0.00	0.36	0.79	0.00
2	2	0.00	0.00	1.05	0.47	0.00
2	6	0.00	0.00	0.39	0.89	0.99
3	3	0.00	0.00	0.30	0.89	0.00
3	7	0.00	0.00	0.35	1.18	0.00
Core	CPU	C1%	C3%	C6%	C8%	C9%
-	-	0.00	0.10	8.33	3.28	0.00
0	0	0.01	0.80	63.02	20.15	0.00
0	4	0.00	0.01	0.78	0.58	0.01
1	1	0.00	0.00	0.30	0.99	0.00
1	5	0.00	0.00	0.18	0.99	0.00
2	2	0.00	0.00	1.37	0.50	0.00
2	6	0.00	0.00	0.15	0.99	0.00
3	3	0.00	0.00	0.42	1.09	0.00
3	7	0.00	0.00	0.40	0.99	0.00
Core	CPU	C1%	C3%	C6%	C8%	C9%
-	-	0.01	0.03	8.60	3.48	0.00
0	0	0.05	0.24	65.23	21.55	0.00
0	4	0.00	0.00	0.74	0.50	0.00
1	1	0.00	0.00	0.43	0.50	0.00
1	5	0.00	0.02	0.30	0.99	0.00
2	2	0.00	0.00	1.21	0.40	0.00
2	6	0.00	0.01	0.30	1.48	0.00
3	3	0.00	0.00	0.37	1.08	0.00
3	7	0.00	0.00	0.24	1.38	0.00
Core	CPU	C1%	C3%	C6%	C8%	C9%
-	-	0.01	0.06	8.64	3.30	0.35
0	0	0.06	0.44	64.87	20.83	0.83
0	4	0.00	0.02	1.20	0.40	2.00
1	1	0.00	0.00	0.65	0.20	0.00
1	5	0.00	0.01	0.65	1.09	0.00
2	2	0.00	0.02	0.92	0.69	0.00
2	6	0.00	0.00	0.20	0.90	0.00
3	3	0.00	0.00	0.28	1.19	0.00
3	7	0.00	0.00	0.40	1.09	0.00
Core	CPU	C1%	C3%	C6%	C8%	C9%
-	-	0.01	0.01	8.57	3.37	0.00
0	0	0.05	0.07	65.19	21.81	0.00
0	4	0.00	0.00	0.59	0.20	0.00
1	1	0.00	0.00	0.29	0.80	0.00
1	5	0.00	0.00	0.28	0.89	0.00
2	2	0.00	0.01	1.16	0.40	0.00
2	6	0.00	0.00	0.46	1.08	0.00
3	3	0.00	0.02	0.29	0.90	0.00
3	7	0.00	0.00	0.29	0.89	0.00
Core	CPU	C1%	C3%	C6%	C8%	C9%
-	-	0.00	0.01	8.54	3.38	0.00
0	0	0.03	0.10	65.03	21.92	0.00
0	4	0.00	0.00	0.80	0.69	0.00
1	1	0.00	0.02	0.69	0.31	0.00
1	5	0.00	0.00	0.20	0.89	0.00
2	2	0.00	0.00	0.66	0.98	0.00
2	6	0.00	0.00	0.37	0.89	0.00
3	3	0.00	0.00	0.35	0.69	0.00
3	7	0.00	0.00	0.21	0.69	0.00
Core	CPU	C1%	C3%	C6%	C8%	C9%
-	-	0.01	0.03	8.25	2.97	0.08
0	0	0.06	0.22	62.68	21.13	0.00
0	4	0.00	0.00	0.65	0.30	0.00
1	1	0.00	0.02	0.14	0.40	0.00
1	5	0.00	0.00	0.22	0.52	0.00
2	2	0.00	0.01	1.01	0.00	0.66
2	6	0.00	0.01	0.76	0.10	0.00
3	3	0.00	0.00	0.37	0.69	0.00
3	7	0.00	0.01	0.14	0.59	0.00
Core	CPU	C1%	C3%	C6%	C8%	C9%
-	-	0.01	0.03	8.74	3.43	0.00
0	0	0.06	0.19	64.94	21.85	0.00
0	4	0.00	0.00	0.73	0.41	0.00
1	1	0.00	0.00	0.87	1.58	0.00
1	5	0.00	0.00	0.81	0.89	0.00
2	2	0.00	0.02	1.24	0.50	0.00
2	6	0.00	0.03	0.29	0.89	0.00
3	3	0.00	0.00	0.19	0.90	0.00
3	7	0.00	0.00	0.87	0.40	0.00
Core	CPU	C1%	C3%	C6%	C8%	C9%
-	-	0.01	0.02	8.41	3.40	0.11
0	0	0.08	0.14	64.21	21.76	0.00
0	4	0.00	0.00	0.83	0.40	0.00
1	1	0.00	0.02	0.29	0.41	0.00
1	5	0.00	0.00	0.29	0.60	0.00
2	2	0.00	0.00	0.81	0.99	0.00
2	6	0.00	0.00	0.46	0.98	0.00
3	3	0.00	0.01	0.24	0.90	0.89
3	7	0.00	0.03	0.19	1.19	0.00
Core	CPU	C1%	C3%	C6%	C8%	C9%
-	-	0.01	0.03	8.51	3.58	0.12
0	0	0.09	0.22	65.05	21.71	0.00
0	4	0.00	0.00	0.45	0.21	0.00
1	1	0.00	0.00	0.24	0.40	0.00
1	5	0.00	0.00	0.22	1.80	0.00
2	2	0.00	0.04	0.22	0.67	0.00
2	6	0.00	0.00	0.20	1.47	0.98
3	3	0.00	0.00	0.97	0.69	0.00
3	7	0.00	0.00	0.75	1.67	0.00
Core	CPU	C1%	C3%	C6%	C8%	C9%
-	-	0.01	0.04	8.60	3.31	0.00
0	0	0.11	0.28	65.26	21.36	0.00
0	4	0.00	0.00	0.59	0.11	0.00
1	1	0.00	0.00	0.28	0.89	0.00
1	5	0.00	0.00	0.26	0.89	0.00
2	2	0.00	0.00	1.25	0.49	0.00
2	6	0.00	0.00	0.50	0.89	0.00
3	3	0.00	0.02	0.29	0.90	0.00
3	7	0.00	0.00	0.38	0.99	0.00
Core	CPU	C1%	C3%	C6%	C8%	C9%
-	-	0.01	0.06	8.31	3.30	0.00
0	0	0.09	0.42	62.54	20.95	0.00
0	4	0.00	0.02	0.69	0.50	0.00
1	1	0.00	0.00	0.10	0.59	0.00
1	5	0.00	0.00	0.28	1.39	0.00
2	2	0.00	0.00	0.68	0.89	0.00
2	6	0.00	0.02	0.35	1.19	0.00
3	3	0.00	0.00	0.93	0.49	0.00
3	7	0.00	0.01	0.89	0.39	0.00
Core	CPU	C1%	C3%	C6%	C8%	C9%
-	-	0.01	0.03	8.58	3.44	0.00
0	0	0.10	0.27	65.03	21.61	0.00
0	4	0.00	0.00	0.43	0.60	0.00
1	1	0.00	0.00	0.32	0.80	0.00
1	5	0.00	0.00	0.59	0.79	0.00
2	2	0.00	0.00	1.11	0.59	0.00
2	6	0.00	0.00	0.37	0.99	0.00
3	3	0.00	0.00	0.55	0.98	0.00
3	7	0.00	0.00	0.23	1.18	0.00
Core	CPU	C1%	C3%	C6%	C8%	C9%
-	-	0.01	0.03	8.56	3.52	0.10
0	0	0.10	0.25	64.67	21.20	0.00
0	4	0.00	0.00	0.86	0.40	0.00
1	1	0.00	0.00	0.25	1.09	0.00
1	5	0.00	0.00	0.33	1.11	0.00
2	2	0.00	0.00	1.12	0.59	0.00
2	6	0.00	0.00	0.29	1.49	0.00
3	3	0.00	0.01	0.38	1.29	0.79
3	7	0.00	0.00	0.55	0.98	0.00
Core	CPU	C1%	C3%	C6%	C8%	C9%
-	-	0.02	0.06	8.78	3.71	0.00
0	0	0.11	0.48	64.47	21.91	0.00
0	4	0.00	0.00	1.20	0.48	0.00
1	1	0.00	0.00	0.27	1.28	0.00
1	5	0.00	0.00	0.35	1.19	0.00
2	2	0.00	0.00	1.45	1.28	0.00
2	6	0.00	0.02	0.39	1.48	0.00
3	3	0.05	0.00	1.25	0.89	0.00
3	7	0.00	0.00	0.87	1.18	0.00
Core	CPU	C1%	C3%	C6%	C8%	C9%
-	-	0.01	0.06	8.58	3.53	0.00
0	0	0.11	0.44	64.59	21.84	0.00
0	4	0.00	0.00	0.38	0.21	0.00
1	1	0.00	0.00	0.18	0.99	0.00
1	5	0.00	0.00	0.92	1.38	0.00
2	2	0.00	0.00	0.58	1.09	0.00
2	6	0.00	0.00	0.33	1.09	0.00
3	3	0.00	0.02	0.69	0.70	0.00
3	7	0.00	0.00	0.97	0.90	0.00
Core	CPU	C1%	C3%	C6%	C8%	C9%
-	-	0.01	0.03	8.29	3.26	0.02
0	0	0.10	0.26	63.00	20.67	0.00
0	4	0.00	0.00	0.54	0.00	0.00
1	1	0.00	0.00	0.32	0.89	0.00
1	5	0.00	0.00	0.59	0.30	0.00
2	2	0.00	0.00	0.82	0.98	0.00
2	6	0.00	0.00	0.36	0.98	0.00
3	3	0.00	0.00	0.36	1.08	0.15
3	7	0.00	0.00	0.33	1.18	0.00
Core	CPU	C1%	C3%	C6%	C8%	C9%
-	-	0.02	0.13	8.42	6.94	0.00
0	0	0.11	0.82	64.01	22.47	0.00
0	4	0.00	0.00	0.56	0.00	0.00
1	1	0.00	0.00	0.31	1.00	0.00
1	5	0.00	0.00	0.23	0.71	0.00
2	2	0.04	0.06	0.49	0.96	0.00
2	6	0.00	0.00	0.78	0.10	0.00
3	3	0.00	0.00	0.19	0.99	0.00
3	7	0.01	0.18	0.79	29.27	0.00
Core	CPU	C1%	C3%	C6%	C8%	C9%
-	-	0.01	0.05	8.56	3.18	0.00
0	0	0.11	0.37	64.51	21.24	0.00
0	4	0.00	0.00	0.60	0.00	0.00
1	1	0.00	0.00	0.28	0.89	0.00
1	5	0.00	0.00	0.27	0.89	0.00
2	2	0.00	0.04	1.31	0.10	0.00
2	6	0.00	0.00	0.39	0.70	0.00
3	3	0.00	0.02	0.32	0.99	0.00
3	7	0.00	0.00	0.78	0.59	0.00
Core	CPU	C1%	C3%	C6%	C8%	C9%
-	-	0.01	0.05	8.63	3.50	0.00
0	0	0.09	0.37	64.56	21.87	0.00
0	4	0.00	0.03	0.98	0.50	0.00
1	1	0.00	0.00	0.29	1.58	0.00
1	5	0.00	0.00	0.68	0.90	0.00
2	2	0.00	0.01	1.17	0.39	0.00
2	6	0.00	0.00	0.34	1.19	0.00
3	3	0.00	0.03	0.60	0.10	0.00
3	7	0.00	0.00	0.39	1.50	0.00
Core	CPU	C1%	C3%	C6%	C8%	C9%
-	-	0.01	0.03	8.59	3.31	0.00
0	0	0.09	0.22	65.03	21.63	0.00
0	4	0.00	0.00	0.65	0.30	0.00
1	1	0.00	0.00	0.62	0.52	0.00
1	5	0.00	0.01	0.70	0.68	0.00
2	2	0.00	0.02	0.61	0.98	0.00
2	6	0.00	0.00	0.66	0.98	0.00
3	3	0.00	0.00	0.35	0.79	0.00
3	7	0.00	0.00	0.14	0.60	0.00
Core	CPU	C1%	C3%	C6%	C8%	C9%
-	-	0.01	0.06	8.41	3.34	0.01
0	0	0.09	0.44	62.95	20.47	0.00
0	4	0.00	0.00	1.06	0.11	0.00
1	1	0.00	0.00	0.84	0.80	0.00
1	5	0.00	0.00	0.73	0.50	0.00
2	2	0.00	0.02	0.72	1.19	0.00
2	6	0.00	0.00	0.20	2.07	0.00
3	3	0.00	0.00	0.28	0.92	0.11
3	7	0.00	0.00	0.46	0.70	0.00
Core	CPU	C1%	C3%	C6%	C8%	C9%
-	-	0.09	0.09	8.57	3.46	0.00
0	0	0.09	0.68	64.89	21.21	0.00
0	4	0.00	0.00	1.68	0.20	0.00
1	1	0.00	0.00	0.18	0.99	0.00
1	5	0.00	0.00	0.36	0.90	0.00
2	2	0.00	0.02	0.55	1.09	0.00
2	6	0.00	0.00	0.41	1.39	0.00
3	3	0.57	0.00	0.09	1.00	0.00
3	7	0.04	0.00	0.38	0.89	0.00
Core	CPU	C1%	C3%	C6%	C8%	C9%
-	-	0.01	0.09	8.66	3.60	0.00
0	0	0.07	0.66	64.54	20.88	0.00
0	4	0.00	0.02	1.10	0.48	0.00
1	1	0.00	0.00	0.10	1.09	0.00
1	5	0.00	0.00	0.75	1.47	0.00
2	2	0.00	0.00	0.58	1.39	0.00
2	6	0.00	0.00	1.04	0.59	0.00
3	3	0.00	0.00	0.85	1.39	0.00
3	7	0.00	0.00	0.32	1.49	0.00
Core	CPU	C1%	C3%	C6%	C8%	C9%
-	-	0.01	0.03	8.64	3.29	0.00
0	0	0.07	0.19	65.09	21.67	0.00
0	4	0.00	0.00	0.75	0.50	0.00
1	1	0.00	0.00	0.63	0.40	0.00
1	5	0.00	0.02	0.19	0.80	0.00
2	2	0.00	0.01	1.11	0.00	0.00
2	6	0.00	0.00	0.38	0.79	0.00
3	3	0.00	0.00	0.76	0.79	0.00
3	7	0.00	0.00	0.24	1.38	0.00
Core	CPU	C1%	C3%	C6%	C8%	C9%
-	-	0.01	0.03	8.76	3.71	0.00
0	0	0.07	0.26	65.04	21.63	0.00
0	4	0.00	0.00	0.85	0.31	0.00
1	1	0.00	0.00	1.68	1.58	0.00
1	5	0.00	0.00	0.73	0.91	0.00
2	2	0.00	0.01	0.94	1.48	0.00
2	6	0.00	0.00	0.20	1.38	0.00
3	3	0.00	0.00	0.28	1.28	0.00
3	7	0.00	0.00	0.36	1.09	0.00
Core	CPU	C1%	C3%	C6%	C8%	C9%
-	-	0.01	0.06	8.21	3.35	0.40
0	0	0.07	0.45	62.84	20.83	3.22
0	4	0.00	0.00	0.49	0.00	0.00
1	1	0.00	0.00	0.27	0.99	0.00
1	5	0.00	0.00	0.35	0.80	0.00
2	2	0.00	0.01	0.75	0.80	0.00
2	6	0.00	0.00	0.31	1.09	0.00
3	3	0.00	0.00	0.26	1.28	0.00
3	7	0.00	0.01	0.37	1.00	0.00
Core	CPU	C1%	C3%	C6%	C8%	C9%
-	-	0.01	0.03	8.67	3.62	0.00
0	0	0.07	0.15	65.03	21.78	0.00
0	4	0.00	0.00	0.92	0.00	0.00
1	1	0.00	0.01	0.29	1.70	0.00
1	5	0.00	0.00	0.40	0.70	0.00
2	2	0.00	0.02	1.07	1.39	0.00
2	6	0.00	0.00	0.45	1.49	0.00
3	3	0.00	0.00	0.43	1.39	0.00
3	7	0.00	0.03	0.79	0.49	0.00
Core	CPU	C1%	C3%	C6%	C8%	C9%
-	-	0.01	0.05	8.38	3.23	0.00
0	0	0.07	0.39	64.25	21.46	0.00
0	4	0.00	0.00	0.56	0.00	0.00
1	1	0.00	0.00	0.15	0.79	0.00
1	5	0.00	0.01	0.24	0.78	0.00
2	2	0.00	0.03	1.10	0.00	0.00
2	6	0.00	0.00	0.14	1.14	0.00
3	3	0.00	0.00	0.28	0.89	0.00
3	7	0.00	0.00	0.36	0.79	0.00
Core	CPU	C1%	C3%	C6%	C8%	C9%
-	-	0.01	0.03	8.57	3.36	0.00
0	0	0.10	0.18	64.77	21.99	0.00
0	4	0.00	0.00	0.50	0.00	0.00
1	1	0.00	0.00	0.40	0.79	0.00
1	5	0.00	0.00	0.86	0.30	0.00
2	2	0.00	0.03	0.66	0.87	0.00
2	6	0.00	0.00	0.43	1.07	0.00
3	3	0.00	0.00	0.57	0.80	0.00
3	7	0.00	0.01	0.37	1.08	0.00
Core	CPU	C1%	C3%	C6%	C8%	C9%
-	-	0.01	0.02	8.64	3.35	0.00
0	0	0.11	0.15	65.12	21.65	0.00
0	4	0.00	0.03	0.49	0.00	0.00
1	1	0.00	0.00	0.10	0.79	0.00
1	5	0.00	0.00	0.68	0.89	0.00
2	2	0.00	0.01	0.76	0.60	0.00
2	6	0.00	0.02	0.71	1.38	0.00
3	3	0.00	0.00	0.33	1.00	0.00
3	7	0.00	0.00	0.89	0.50	0.00
Core	CPU	C1%	C3%	C6%	C8%	C9%
-	-	0.01	0.07	8.42	3.43	0.43
0	0	0.10	0.49	62.75	20.73	0.00
0	4	0.00	0.04	0.55	0.00	0.00
1	1	0.00	0.00	0.23	2.18	0.00
1	5	0.00	0.02	0.76	0.30	0.00
2	2	0.00	0.00	0.96	0.20	0.00
2	6	0.00	0.00	0.98	0.59	0.00
3	3	0.00	0.01	0.78	2.13	3.45
3	7	0.00	0.00	0.35	1.28	0.00
Core	CPU	C1%	C3%	C6%	C8%	C9%
-	-	0.01	0.06	8.58	3.35	0.00
0	0	0.10	0.39	64.77	21.76	0.00
0	4	0.00	0.00	0.98	0.00	0.00
1	1	0.00	0.00	0.37	0.79	0.00
1	5	0.00	0.00	0.36	0.79	0.00
2	2	0.00	0.03	0.92	0.60	0.00
2	6	0.00	0.02	0.87	0.99	0.00
3	3	0.00	0.00	0.10	1.09	0.00
3	7	0.00	0.00	0.28	0.79	0.00
Core	CPU	C1%	C3%	C6%	C8%	C9%
-	-	0.01	0.06	8.52	3.67	0.00
0	0	0.11	0.40	64.53	21.16	0.00
0	4	0.00	0.02	0.50	0.00	0.00
1	1	0.00	0.00	0.70	2.07	0.00
1	5	0.00	0.00	0.29	1.38	0.00
2	2	0.00	0.03	1.26	0.89	0.00
2	6	0.00	0.00	0.25	1.58	0.00
3	3	0.00	0.01	0.43	1.09	0.00
3	7	0.00	0.00	0.20	1.19	0.00
Core	CPU	C1%	C3%	C6%	C8%	C9%
-	-	0.10	0.04	8.72	3.92	0.00
0	0	0.11	0.32	64.75	21.84	0.00
0	4	0.00	0.00	1.11	1.19	0.00
1	1	0.00	0.00	0.33	1.19	0.00
1	5	0.00	0.02	0.30	1.09	0.00
2	2	0.00	0.01	0.52	1.19	0.00
2	6	0.00	0.00	0.55	1.77	0.00
3	3	0.00	0.00	1.03	1.29	0.00
3	7	0.71	0.00	1.20	1.78	0.00
Core	CPU	C1%	C3%	C6%	C8%	C9%
-	-	0.01	0.03	8.60	3.71	0.00
0	0	0.12	0.19	65.08	21.64	0.00
0	4	0.00	0.00	1.16	0.78	0.00
1	1	0.00	0.00	0.15	0.99	0.00
1	5	0.00	0.00	0.63	1.19	0.00
2	2	0.00	0.03	0.80	0.70	0.00
2	6	0.00	0.00	0.29	1.49	0.00
3	3	0.00	0.00	0.28	1.18	0.00
3	7	0.00	0.00	0.45	1.69	0.00
Core	CPU	C1%	C3%	C6%	C8%	C9%
-	-	0.01	0.07	8.35	3.64	0.00
0	0	0.11	0.57	62.72	20.64	0.00
0	4	0.00	0.00	0.50	0.00	0.00
1	1	0.00	0.00	0.28	1.28	0.00
1	5	0.00	0.00	0.66	1.29	0.00
2	2	0.00	0.00	0.68	1.48	0.00
2	6	0.00	0.00	0.42	1.57	0.00
3	3	0.00	0.00	0.59	1.58	0.00
3	7	0.00	0.00	0.97	1.28	0.00
Core	CPU	C1%	C3%	C6%	C8%	C9%
-	-	0.01	0.02	8.73	3.59	0.00
0	0	0.11	0.07	65.08	21.79	0.00
0	4	0.00	0.02	1.28	0.10	0.00
1	1	0.00	0.00	0.20	0.99	0.00
1	5	0.00	0.00	0.28	1.29	0.00
2	2	0.00	0.04	0.57	1.55	0.00
2	6	0.00	0.00	0.25	1.28	0.00
3	3	0.00	0.00	1.30	0.99	0.00
3	7	0.00	0.01	0.90	0.69	0.00
Core	CPU	C1%	C3%	C6%	C8%	C9%
-	-	0.01	0.05	8.46	3.30	0.00
0	0	0.10	0.40	64.37	21.28	0.00
0	4	0.00	0.00	0.75	0.00	0.00
1	1	0.00	0.00	0.24	1.00	0.00
1	5	0.00	0.03	0.42	0.69	0.00
2	2	0.00	0.00	1.01	0.10	0.00
2	6	0.00	0.00	0.27	1.17	0.00
3	3	0.00	0.00	0.48	1.19	0.00
3	7	0.00	0.00	0.14	0.99	0.00
Core	CPU	C1%	C3%	C6%	C8%	C9%
-	-	0.01	0.13	8.98	5.57	0.00
0	0	0.11	0.87	65.02	21.32	0.00
0	4	0.00	0.00	0.97	0.11	0.00
1	1	0.00	0.00	0.42	1.28	0.00
1	5	0.00	0.00	0.81	0.99	0.00
2	2	0.00	0.03	1.61	0.79	0.00
2	6	0.00	0.01	1.16	1.17	0.00
3	3	0.00	0.00	0.79	0.59	0.00
3	7	0.01	0.10	1.07	18.29	0.00
Core	CPU	C1%	C3%	C6%	C8%	C9%
-	-	0.01	0.06	8.63	4.63	0.00
0	0	0.11	0.47	64.52	21.96	0.00
0	4	0.00	0.03	0.89	0.00	0.00
1	1	0.00	0.00	0.00	0.78	0.00
1	5	0.00	0.00	0.67	0.89	0.00
2	2	0.00	0.00	1.17	0.60	0.00
2	6	0.00	0.00	0.51	1.88	0.00
3	3	0.00	0.00	0.31	1.00	0.00
3	7	0.00	0.00	0.95	9.90	0.00
Core	CPU	C1%	C3%	C6%	C8%	C9%
-	-	0.01	0.07	8.48	3.29	0.58
0	0	0.09	0.46	63.23	20.27	0.00
0	4	0.00	0.00	1.63	0.00	1.19
1	1	0.00	0.00	0.23	1.20	0.00
1	5	0.00	0.12	0.10	0.29	0.00
2	2	0.00	0.01	0.71	0.69	0.00
2	6	0.00	0.00	0.44	1.48	0.00
3	3	0.00	0.00	0.64	1.38	3.48
3	7	0.00	0.00	0.84	0.99	0.00
Core	CPU	C1%	C3%	C6%	C8%	C9%
-	-	0.01	0.01	8.56	3.47	0.00
0	0	0.12	0.03	64.89	21.97	0.00
0	4	0.00	0.00	0.90	0.11	0.00
1	1	0.00	0.00	0.27	0.89	0.00
1	5	0.00	0.00	0.45	0.99	0.00
2	2	0.00	0.04	0.87	1.38	0.00
2	6	0.00	0.02	0.63	0.59	0.00
3	3	0.00	0.00	0.10	1.09	0.00
3	7	0.00	0.00	0.37	0.69	0.00
Core	CPU	C1%	C3%	C6%	C8%	C9%
-	-	0.01	0.03	8.43	3.56	0.00
0	0	0.11	0.23	64.11	21.72	0.00
0	4	0.00	0.02	1.15	0.62	0.00
1	1	0.00	0.00	0.10	1.19	0.00
1	5	0.00	0.00	0.48	1.29	0.00
2	2	0.00	0.02	0.77	0.79	0.00
2	6	0.00	0.00	0.35	0.59	0.00
3	3	0.00	0.00	0.41	0.99	0.00
3	7	0.00	0.00	0.10	1.30	0.00
Core	CPU	C1%	C3%	C6%	C8%	C9%
-	-	0.02	0.03	8.51	3.55	0.00
0	0	0.12	0.20	65.17	21.57	0.00
0	4	0.00	0.00	0.55	0.00	0.00
1	1	0.00	0.00	0.23	1.40	0.00
1	5	0.00	0.02	0.10	0.60	0.00
2	2	0.00	0.04	0.89	0.69	0.00
2	6	0.00	0.00	0.43	1.46	0.00
3	3	0.00	0.00	0.37	1.09	0.00
3	7	0.00	0.00	0.34	1.58	0.00
Core	CPU	C1%	C3%	C6%	C8%	C9%
-	-	0.02	0.03	8.61	3.36	0.00
0	0	0.12	0.21	64.96	21.75	0.00
0	4	0.00	0.00	1.08	0.00	0.00
1	1	0.00	0.00	0.56	0.59	0.00
1	5	0.00	0.00	0.25	1.19	0.00
2	2	0.00	0.03	0.93	0.89	0.00
2	6	0.00	0.03	0.75	0.60	0.00
3	3	0.00	0.00	0.19	0.89	0.00
3	7	0.00	0.00	0.17	0.99	0.00
Core	CPU	C1%	C3%	C6%	C8%	C9%
-	-	0.01	0.04	8.37	3.61	0.00
0	0	0.11	0.27	62.90	20.79	0.00
0	4	0.00	0.00	0.50	0.00	0.00
1	1	0.00	0.00	0.39	1.19	0.00
1	5	0.00	0.00	0.96	1.09	0.00
2	2	0.00	0.02	0.86	1.08	0.00
2	6	0.00	0.00	0.53	2.06	0.00
3	3	0.00	0.02	0.40	1.29	0.00
3	7	0.00	0.00	0.39	1.38	0.00
Core	CPU	C1%	C3%	C6%	C8%	C9%
-	-	0.01	0.03	8.60	3.50	0.00
0	0	0.11	0.17	65.20	21.54	0.00
0	4	0.00	0.03	1.09	0.00	0.00
1	1	0.00	0.00	0.20	1.10	0.00
1	5	0.00	0.00	0.78	1.39	0.00
2	2	0.00	0.04	0.57	1.18	0.00
2	6	0.00	0.00	0.45	0.89	0.00
3	3	0.00	0.00	0.34	0.99	0.00
3	7	0.00	0.02	0.20	0.89	0.00
Core	CPU	C1%	C3%	C6%	C8%	C9%
-	-	0.01	0.04	8.54	3.24	0.00
0	0	0.11	0.29	64.70	21.09	0.00
0	4	0.00	0.00	0.56	0.00	0.00
1	1	0.00	0.00	0.25	1.09	0.00
1	5	0.00	0.00	0.03	0.49	0.00
2	2	0.00	0.00	1.02	0.29	0.00
2	6	0.00	0.00	0.58	0.78	0.00
3	3	0.00	0.00	0.95	1.28	0.00
3	7	0.00	0.00	0.25	0.89	0.00
Core	CPU	C1%	C3%	C6%	C8%	C9%
-	-	0.01	0.02	8.56	3.48	0.00
0	0	0.10	0.14	65.02	21.76	0.00
0	4	0.00	0.00	0.88	0.00	0.00
1	1	0.00	0.00	0.34	1.39	0.00
1	5	0.00	0.00	0.45	0.70	0.00
2	2	0.00	0.00	1.04	0.69	0.00
2	6	0.00	0.02	0.25	1.40	0.00
3	3	0.00	0.00	0.10	0.99	0.00
3	7	0.00	0.00	0.38	0.90	0.00
Core	CPU	C1%	C3%	C6%	C8%	C9%
-	-	0.01	0.04	8.67	3.25	0.00
0	0	0.11	0.25	65.08	21.56	0.00
0	4	0.00	0.04	0.79	0.00	0.00
1	1	0.00	0.01	0.29	0.81	0.00
1	5	0.00	0.00	0.59	0.79	0.00
2	2	0.00	0.00	1.09	0.20	0.00
2	6	0.00	0.02	0.83	0.10	0.00
3	3	0.00	0.00	0.55	1.28	0.00
3	7	0.00	0.02	0.14	1.28	0.00
Core	CPU	C1%	C3%	C6%	C8%	C9%
-	-	0.01	0.05	8.44	3.36	0.00
0	0	0.12	0.38	62.96	20.59	0.00
0	4	0.00	0.00	0.97	0.00	0.00
1	1	0.00	0.00	0.36	1.28	0.00
1	5	0.00	0.01	0.74	1.09	0.00
2	2	0.00	0.03	1.20	0.69	0.00
2	6	0.00	0.00	0.50	1.38	0.00
3	3	0.00	0.00	0.29	1.09	0.00
3	7	0.00	0.00	0.47	0.79	0.00
Core	CPU	C1%	C3%	C6%	C8%	C9%
-	-	0.02	0.03	8.57	3.48	0.00
0	0	0.12	0.16	64.90	21.91	0.00
0	4	0.00	0.02	0.60	0.00	0.00
1	1	0.00	0.00	0.59	0.50	0.00
1	5	0.00	0.00	0.28	1.08	0.00
2	2	0.00	0.04	1.34	0.79	0.00
2	6	0.00	0.00	0.34	1.19	0.00
3	3	0.00	0.00	0.32	1.19	0.00
3	7	0.00	0.00	0.20	1.20	0.00
Core	CPU	C1%	C3%	C6%	C8%	C9%
-	-	0.01	0.05	8.41	3.17	0.22
0	0	0.11	0.33	64.46	21.22	0.86
0	4	0.00	0.00	0.83	0.00	0.00
1	1	0.00	0.02	0.50	0.22	0.00
1	5	0.00	0.00	0.10	0.30	0.00
2	2	0.00	0.03	0.59	0.98	0.00
2	6	0.00	0.00	0.37	0.69	0.00
3	3	0.00	0.01	0.35	0.98	0.90
3	7	0.00	0.00	0.13	0.99	0.00
Core	CPU	C1%	C3%	C6%	C8%	C9%
-	-	0.01	0.01	8.54	3.49	0.00
0	0	0.12	0.07	64.76	22.09	0.00
0	4	0.00	0.00	0.86	0.39	0.00
1	1	0.00	0.00	0.45	0.69	0.00
1	5	0.00	0.00	0.14	0.99	0.00
2	2	0.00	0.02	0.73	1.09	0.00
2	6	0.00	0.00	0.18	1.20	0.00
3	3	0.00	0.00	0.87	0.70	0.00
3	7	0.00	0.00	0.36	0.79	0.00
Core	CPU	C1%	C3%	C6%	C8%	C9%
-	-	0.01	0.04	8.52	3.37	0.00
0	0	0.12	0.23	64.84	21.88	0.00
0	4	0.00	0.00	0.29	0.21	0.00
1	1	0.00	0.00	0.38	1.18	0.00
1	5	0.00	0.00	0.83	0.90	0.00
2	2	0.00	0.02	0.74	0.60	0.00
2	6	0.00	0.03	0.52	0.40	0.00
3	3	0.00	0.01	0.30	0.88	0.00
3	7	0.00	0.00	0.30	0.89	0.00
Core	CPU	C1%	C3%	C6%	C8%	C9%
-	-	0.01	0.08	8.34	3.10	0.00
0	0	0.09	0.59	62.45	20.95	0.00
0	4	0.00	0.00	0.82	0.00	0.00
1	1	0.00	0.02	0.50	0.20	0.00
1	5	0.00	0.00	0.49	0.90	0.00
2	2	0.00	0.01	1.09	0.59	0.00
2	6	0.00	0.00	0.94	0.69	0.00
3	3	0.00	0.00	0.34	0.79	0.00
3	7	0.00	0.03	0.12	0.69	0.00
Core	CPU	C1%	C3%	C6%	C8%	C9%
-	-	0.01	0.05	8.66	3.45	0.00
0	0	0.11	0.40	65.02	21.47	0.00
0	4	0.00	0.00	0.66	0.00	0.00
1	1	0.00	0.00	0.24	0.99	0.00
1	5	0.00	0.00	0.23	0.69	0.00
2	2	0.00	0.00	1.01	0.60	0.00
2	6	0.00	0.00	0.39	1.39	0.00
3	3	0.00	0.00	0.87	1.19	0.00
3	7	0.00	0.00	0.86	1.28	0.00
Core	CPU	C1%	C3%	C6%	C8%	C9%
-	-	0.02	0.07	8.58	3.42	0.00
0	0	0.11	0.47	64.28	21.32	0.00
0	4	0.00	0.00	0.70	0.00	0.00
1	1	0.00	0.00	0.57	0.69	0.00
1	5	0.00	0.00	0.54	1.28	0.00
2	2	0.00	0.03	1.05	0.49	0.00
2	6	0.02	0.00	0.76	1.97	0.00
3	3	0.00	0.02	0.32	0.79	0.00
3	7	0.00	0.00	0.38	0.79	0.00
Core	CPU	C1%	C3%	C6%	C8%	C9%
-	-	0.01	0.06	8.62	3.41	0.00
0	0	0.10	0.39	64.61	21.91	0.00
0	4	0.00	0.02	0.98	0.00	0.00
1	1	0.00	0.00	0.20	1.20	0.00
1	5	0.00	0.00	0.59	1.10	0.00
2	2	0.00	0.02	0.77	0.79	0.00
2	6	0.00	0.00	0.28	1.10	0.00
3	3	0.00	0.00	0.92	0.40	0.00
3	7	0.00	0.00	0.60	0.79	0.00
Core	CPU	C1%	C3%	C6%	C8%	C9%
-	-	0.01	0.02	8.68	3.68	0.00
0	0	0.11	0.12	64.96	21.84	0.00
0	4	0.00	0.04	1.37	0.11	0.00
1	1	0.00	0.00	0.32	1.09	0.00
1	5	0.00	0.00	0.20	0.70	0.00
2	2	0.00	0.00	1.32	1.38	0.00
2	6	0.00	0.00	0.46	1.57	0.00
3	3	0.00	0.00	0.45	1.29	0.00
3	7	0.00	0.00	0.33	1.48	0.00
Core	CPU	C1%	C3%	C6%	C8%	C9%
-	-	0.01	0.15	8.26	6.60	0.42
0	0	0.09	1.02	62.75	20.51	3.34
0	4	0.00	0.00	0.66	0.00	0.00
1	1	0.00	0.00	0.30	0.70	0.00
1	5	0.00	0.00	0.14	0.60	0.00
2	2	0.00	0.06	0.71	0.27	0.00
2	6	0.00	0.00	0.00	0.50	0.00
3	3	0.00	0.00	0.48	1.08	0.00
3	7	0.01	0.12	1.05	29.17	0.00
Core	CPU	C1%	C3%	C6%	C8%	C9%
-	-	0.02	0.05	8.65	3.63	0.00
0	0	0.16	0.36	64.96	21.52	0.00
0	4	0.00	0.00	0.50	0.00	0.00
1	1	0.00	0.00	0.28	1.28	0.00
1	5	0.00	0.00	0.37	1.38	0.00
2	2	0.00	0.01	1.26	0.87	0.00
2	6	0.00	0.00	0.44	1.78	0.00
3	3	0.00	0.01	0.49	1.30	0.00
3	7	0.00	0.00	0.88	0.89	0.00
Core	CPU	C1%	C3%	C6%	C8%	C9%
-	-	0.01	0.09	8.74	3.21	0.10
0	0	0.11	0.69	64.63	20.72	0.00
0	4	0.00	0.02	0.49	0.00	0.00
1	1	0.00	0.00	0.09	1.59	0.00
1	5	0.00	0.00	0.71	0.99	0.00
2	2	0.00	0.00	1.28	0.39	0.00
2	6	0.00	0.00	0.35	1.09	0.00
3	3	0.00	0.02	1.49	0.50	0.82
3	7	0.00	0.01	0.89	0.40	0.00
Core	CPU	C1%	C3%	C6%	C8%	C9%
-	-	0.01	0.06	8.58	3.36	0.00
0	0	0.11	0.48	64.97	21.46	0.00
0	4	0.00	0.00	0.56	0.00	0.00
1	1	0.00	0.00	0.24	1.29	0.00
1	5	0.00	0.00	0.63	0.59	0.00
2	2	0.00	0.00	1.01	0.30	0.00
2	6	0.00	0.00	0.39	0.98	0.00
3	3	0.00	0.00	0.57	1.28	0.00
3	7	0.00	0.00	0.25	0.99	0.00
Core	CPU	C1%	C3%	C6%	C8%	C9%
-	-	0.02	0.02	8.65	3.28	0.00
0	0	0.12	0.13	64.91	21.88	0.00
0	4	0.00	0.00	0.88	0.00	0.00
1	1	0.00	0.00	0.26	0.89	0.00
1	5	0.00	0.00	0.45	0.69	0.00
2	2	0.00	0.02	1.32	0.30	0.00
2	6	0.00	0.01	0.89	0.49	0.00
3	3	0.00	0.00	0.19	1.09	0.00
3	7	0.00	0.00	0.28	0.89	0.00
Core	CPU	C1%	C3%	C6%	C8%	C9%
-	-	0.01	0.08	8.22	3.24	0.00
0	0	0.09	0.60	63.08	20.24	0.00
0	4	0.00	0.02	0.59	0.00	0.00
1	1	0.00	0.00	0.10	0.79	0.00
1	5	0.00	0.00	0.58	0.99	0.00
2	2	0.00	0.03	0.67	0.99	0.00
2	6	0.00	0.00	0.34	0.89	0.00
3	3	0.00	0.00	0.32	0.99	0.00
3	7	0.00	0.00	0.10	0.99	0.00
Core	CPU	C1%	C3%	C6%	C8%	C9%
-	-	0.01	0.03	8.53	3.61	0.00
0	0	0.12	0.24	65.28	21.30	0.00
0	4	0.00	0.00	0.52	0.51	0.00
1	1	0.00	0.02	0.19	1.71	0.00
1	5	0.00	0.00	0.77	1.21	0.00
2	2	0.00	0.00	0.78	1.19	0.00
2	6	0.00	0.00	0.36	1.09	0.00
3	3	0.00	0.00	0.25	0.89	0.00
3	7	0.00	0.00	0.13	0.99	0.00
Core	CPU	C1%	C3%	C6%	C8%	C9%
-	-	0.01	0.04	8.63	3.23	0.00
0	0	0.10	0.22	64.55	21.28	0.00
0	4	0.00	0.00	0.67	0.20	0.00
1	1	0.00	0.00	0.35	1.18	0.00
1	5	0.00	0.01	0.72	0.89	0.00
2	2	0.00	0.04	1.30	0.00	0.00
2	6	0.00	0.01	0.71	0.60	0.00
3	3	0.00	0.00	0.28	0.88	0.00
3	7	0.00	0.00	0.46	0.79	0.00
Core	CPU	C1%	C3%	C6%	C8%	C9%
-	-	0.02	0.04	8.55	3.33	0.00
0	0	0.13	0.25	65.11	21.52	0.00
0	4	0.00	0.00	0.50	0.00	0.00
1	1	0.00	0.01	0.28	0.97	0.00
1	5	0.00	0.00	0.37	0.78	0.00
2	2	0.00	0.02	1.04	0.59	0.00
2	6	0.00	0.00	0.71	0.71	0.00
3	3	0.00	0.00	0.10	1.09	0.00
3	7	0.00	0.00	0.29	0.98	0.00
Core	CPU	C1%	C3%	C6%	C8%	C9%
-	-	0.01	0.03	8.58	3.41	0.00
0	0	0.11	0.22	64.40	22.30	0.00
0	4	0.00	0.00	0.83	0.21	0.00
1	1	0.00	0.00	0.59	0.29	0.00
1	5	0.00	0.00	0.59	0.30	0.00
2	2	0.00	0.00	0.71	0.99	0.00
2	6	0.00	0.00	0.53	1.39	0.00
3	3	0.00	0.00	0.15	0.99	0.00
3	7	0.00	0.03	0.79	0.79	0.00
Core	CPU	C1%	C3%	C6%	C8%	C9%
-	-	0.01	0.02	8.19	3.33	0.00
0	0	0.11	0.13	62.55	21.27	0.00
0	4	0.00	0.00	0.27	0.30	0.00
1	1	0.00	0.00	0.44	0.89	0.00
1	5	0.00	0.00	0.64	0.49	0.00
2	2	0.00	0.03	0.71	0.37	0.00
2	6	0.00	0.00	0.27	1.57	0.00
3	3	0.00	0.00	0.28	0.88	0.00
3	7	0.00	0.00	0.36	0.89	0.00
Core	CPU	C1%	C3%	C6%	C8%	C9%
-	-	0.01	0.03	8.63	3.45	0.00
0	0	0.09	0.22	65.23	21.54	0.00
0	4	0.00	0.00	0.19	0.41	0.00
1	1	0.00	0.00	0.57	0.50	0.00
1	5	0.00	0.00	0.75	0.89	0.00
2	2	0.00	0.01	1.16	0.79	0.00
2	6	0.00	0.00	0.34	1.59	0.00
3	3	0.00	0.01	0.38	1.00	0.00
3	7	0.00	0.02	0.38	0.88	0.00
Core	CPU	C1%	C3%	C6%	C8%	C9%
-	-	0.01	0.07	8.57	3.31	0.27
0	0	0.08	0.41	64.88	20.83	0.00
0	4	0.00	0.00	1.02	0.00	2.20
1	1	0.00	0.01	0.29	0.60	0.00
1	5	0.00	0.00	0.13	0.30	0.00
2	2	0.00	0.04	0.73	1.38	0.00
2	6	0.00	0.00	0.40	1.96	0.00
3	3	0.00	0.00	0.25	0.99	0.00
3	7	0.00	0.07	0.89	0.40	0.00
Core	CPU	C1%	C3%	C6%	C8%	C9%
-	-	0.01	0.05	8.58	3.16	0.41
0	0	0.06	0.36	64.97	21.69	0.00
0	4	0.00	0.00	0.56	0.00	3.25
1	1	0.00	0.00	0.24	0.70	0.00
1	5	0.00	0.00	0.63	0.20	0.00
2	2	0.00	0.00	0.96	0.30	0.00
2	6	0.00	0.00	0.19	1.09	0.00
3	3	0.00	0.00	0.27	0.89	0.00
3	7	0.00	0.00	0.85	0.39	0.00
Core	CPU	C1%	C3%	C6%	C8%	C9%
-	-	0.01	0.03	8.52	3.58	0.00
0	0	0.06	0.23	64.96	21.84	0.00
0	4	0.00	0.00	0.88	0.00	0.00
1	1	0.00	0.00	0.36	1.29	0.00
1	5	0.00	0.00	0.73	1.40	0.00
2	2	0.00	0.00	0.59	1.27	0.00
2	6	0.00	0.03	0.20	1.09	0.00
3	3	0.00	0.00	0.10	0.99	0.00
3	7	0.00	0.00	0.38	0.79	0.00
Core	CPU	C1%	C3%	C6%	C8%	C9%
-	-	0.01	0.05	8.27	3.24	0.00
0	0	0.04	0.31	62.55	21.22	0.00
0	4	0.00	0.04	0.88	0.30	0.00
1	1	0.00	0.01	0.59	0.29	0.00
1	5	0.00	0.00	0.29	0.11	0.00
2	2	0.00	0.02	0.53	1.15	0.00
2	6	0.00	0.00	0.45	0.79	0.00
3	3	0.05	0.00	0.77	0.89	0.00
3	7	0.00	0.03	0.10	1.18	0.00
Core	CPU	C1%	C3%	C6%	C8%	C9%
-	-	0.01	0.02	8.48	3.30	0.00
0	0	0.05	0.10	65.18	21.75	0.00
0	4	0.00	0.00	0.55	0.00	0.00
1	1	0.00	0.00	0.13	0.81	0.00
1	5	0.00	0.02	0.29	0.40	0.00
2	2	0.00	0.01	0.41	0.98	0.00
2	6	0.00	0.00	0.19	0.99	0.00
3	3	0.00	0.00	0.85	0.51	0.00
3	7	0.00	0.00	0.24	0.99	0.00
Core	CPU	C1%	C3%	C6%	C8%	C9%
-	-	0.00	0.04	8.61	3.71	0.00
0	0	0.03	0.23	64.89	21.02	0.00
0	4	0.00	0.02	1.02	0.30	0.00
1	1	0.00	0.00	0.27	1.58	0.00
1	5	0.00	0.00	0.71	1.98	0.00
2	2	0.00	0.01	1.17	0.69	0.00
2	6	0.00	0.02	0.31	1.49	0.00
3	3	0.00	0.00	0.12	1.50	0.00
3	7	0.00	0.01	0.37	1.09	0.00
Core	CPU	C1%	C3%	C6%	C8%	C9%
-	-	0.00	0.05	8.65	3.52	0.00
0	0	0.03	0.35	65.42	21.26	0.00
0	4	0.00	0.00	0.70	0.48	0.00
1	1	0.00	0.00	0.39	1.09	0.00
1	5	0.00	0.01	0.95	1.28	0.00
2	2	0.00	0.04	0.64	0.89	0.00
2	6	0.00	0.00	0.14	1.09	0.00
3	3	0.00	0.02	0.39	1.00	0.00
3	7	0.00	0.00	0.58	1.09	0.00
Core	CPU	C1%	C3%	C6%	C8%	C9%
-	-	0.00	0.02	8.80	3.66	0.00
0	0	0.03	0.15	65.33	21.57	0.00
0	4	0.00	0.03	0.90	0.59	0.00
1	1	0.00	0.00	0.32	1.09	0.00
1	5	0.00	0.00	0.99	0.58	0.00
2	2	0.00	0.01	0.58	1.19	0.00
2	6	0.00	0.00	0.66	0.88	0.00
3	3	0.00	0.00	0.91	1.70	0.00
3	7	0.00	0.00	0.68	1.68	0.00
Core	CPU	C1%	C3%	C6%	C8%	C9%
-	-	0.00	0.03	8.30	3.25	0.85
0	0	0.02	0.18	63.06	20.89	3.34
0	4	0.00	0.00	0.36	0.60	0.00
1	1	0.00	0.00	0.74	0.99	0.00
1	5	0.00	0.00	0.62	0.90	0.00
2	2	0.00	0.06	0.58	0.41	0.00
2	6	0.00	0.00	0.09	0.41	0.00
3	3	0.00	0.00	0.51	0.99	3.45
3	7	0.00	0.00	0.45	0.80	0.00
Core	CPU	C1%	C3%	C6%	C8%	C9%
-	-	0.00	0.04	8.44	3.44	0.12
0	0	0.02	0.25	65.07	21.75	0.00
0	4	0.00	0.00	0.69	0.78	0.00
1	1	0.00	0.00	0.19	0.89	0.00
1	5	0.00	0.00	0.28	0.79	0.00
2	2	0.00	0.01	0.57	0.99	0.00
2	6	0.00	0.00	0.13	0.69	0.98
3	3	0.00	0.02	0.29	0.90	0.00
3	7	0.00	0.00	0.30	0.69	0.00
Core	CPU	C1%	C3%	C6%	C8%	C9%
-	-	0.00	0.18	8.85	6.12	0.82
0	0	0.01	1.23	64.70	20.48	0.00
0	4	0.00	0.00	0.86	0.88	5.60
1	1	0.00	0.01	1.14	1.77	0.00
1	5	0.00	0.00	0.87	1.30	0.00
2	2	0.00	0.05	1.25	0.39	0.00
2	6	0.00	0.00	0.50	0.89	1.00
3	3	0.00	0.00	0.44	1.09	0.00
3	7	0.01	0.13	1.03	22.13	0.00
Core	CPU	C1%	C3%	C6%	C8%	C9%
-	-	0.00	0.06	8.63	4.19	0.28
0	0	0.01	0.46	65.10	21.53	0.00
0	4	0.00	0.01	0.66	0.41	1.21
1	1	0.00	0.00	0.45	1.19	0.00
1	5	0.00	0.00	0.33	1.58	0.00
2	2	0.00	0.05	1.01	0.57	0.00
2	6	0.00	0.00	0.18	0.89	0.99
3	3	0.00	0.00	0.38	1.09	0.00
3	7	0.00	0.00	0.93	6.31	0.00
Core	CPU	C1%	C3%	C6%	C8%	C9%
-	-	0.00	0.03	8.63	3.35	0.00
0	0	0.01	0.22	65.48	21.35	0.00
0	4	0.00	0.00	0.89	0.00	0.00
1	1	0.00	0.00	0.27	0.90	0.00
1	5	0.00	0.00	0.26	0.89	0.00
2	2	0.00	0.00	1.15	1.00	0.00
2	6	0.00	0.00	0.13	0.99	0.00
3	3	0.00	0.00	0.29	0.99	0.00
3	7	0.00	0.00	0.58	0.69	0.00
Core	CPU	C1%	C3%	C6%	C8%	C9%
-	-	0.00	0.03	8.31	3.32	0.32
0	0	0.01	0.24	63.01	20.84	0.00
0	4	0.00	0.03	0.62	0.20	0.00
1	1	0.00	0.00	0.19	0.50	0.00
1	5	0.00	0.00	0.19	0.99	0.00
2	2	0.00	0.00	1.41	0.30	0.00
2	6	0.00	0.00	0.51	1.07	0.00
3	3	0.00	0.00	0.35	1.60	2.59
3	7	0.00	0.00	0.20	1.09	0.00
Core	CPU	C1%	C3%	C6%	C8%	C9%
-	-	0.00	0.05	8.70	3.33	0.00
0	0	0.01	0.42	65.80	20.82	0.00
0	4	0.00	0.00	0.55	0.00	0.00
1	1	0.00	0.00	0.32	1.20	0.00
1	5	0.00	0.00	0.63	0.79	0.00
2	2	0.00	0.00	1.11	0.59	0.00
2	6	0.00	0.00	0.28	1.08	0.00
3	3	0.00	0.00	0.75	0.99	0.00
3	7	0.00	0.00	0.14	1.18	0.00
Core	CPU	C1%	C3%	C6%	C8%	C9%
-	-	0.00	0.06	8.57	3.36	0.00
0	0	0.01	0.47	64.78	20.94	0.00
0	4	0.00	0.01	1.07	0.00	0.00
1	1	0.00	0.00	0.55	0.50	0.00
1	5	0.00	0.00	0.22	1.28	0.00
2	2	0.00	0.02	1.01	0.79	0.00
2	6	0.00	0.00	0.27	1.29	0.00
3	3	0.00	0.00	0.28	1.18	0.00
3	7	0.00	0.00	0.36	0.89	0.00
Core	CPU	C1%	C3%	C6%	C8%	C9%
-	-	0.00	0.03	8.67	3.62	0.00
0	0	0.01	0.19	65.36	21.51	0.00
0	4	0.00	0.00	0.60	0.00	0.00
1	1	0.00	0.00	0.38	1.20	0.00
1	5	0.00	0.00	0.36	1.20	0.00
2	2	0.00	0.02	1.32	1.38	0.00
2	6	0.00	0.00	0.33	1.29	0.00
3	3	0.00	0.02	0.49	1.09	0.00
3	7	0.00	0.00	0.48	1.30	0.00
Core	CPU	C1%	C3%	C6%	C8%	C9%
-	-	0.00	0.04	8.77	3.94	0.00
0	0	0.01	0.32	65.46	21.25	0.00
0	4	0.00	0.00	1.78	0.72	0.00
1	1	0.00	0.02	0.29	2.27	0.00
1	5	0.00	0.00	0.10	0.80	0.00
2	2	0.00	0.00	0.91	1.18	0.00
2	6	0.00	0.00	0.64	1.88	0.00
3	3	0.00	0.00	0.36	1.38	0.00
3	7	0.00	0.03	0.66	2.07	0.00
Core	CPU	C1%	C3%	C6%	C8%	C9%
-	-	0.00	0.03	8.33	3.39	0.00
0	0	0.01	0.22	62.93	20.98	0.00
0	4	0.00	0.00	0.46	0.40	0.00
1	1	0.00	0.00	0.24	1.58	0.00
1	5	0.00	0.00	0.90	0.80	0.00
2	2	0.00	0.03	1.00	0.29	0.00
2	6	0.00	0.00	0.17	1.19	0.00
3	3	0.00	0.00	0.51	1.08	0.00
3	7	0.00	0.00	0.45	0.80	0.00
Core	CPU	C1%	C3%	C6%	C8%	C9%
-	-	0.00	0.05	8.59	3.32	0.39
0	0	0.02	0.32	65.18	21.52	0.00
0	4	0.00	0.00	0.38	0.12	2.10
1	1	0.00	0.00	0.57	0.30	0.00
1	5	0.00	0.00	0.36	0.80	0.00
2	2	0.00	0.07	0.89	0.80	0.00
2	6	0.00	0.00	0.51	0.99	1.00
3	3	0.00	0.00	0.09	1.00	0.00
3	7	0.00	0.00	0.76	1.00	0.00
Core	CPU	C1%	C3%	C6%	C8%	C9%
-	-	0.00	0.06	8.55	3.49	0.21
0	0	0.02	0.43	64.81	21.00	0.86
0	4	0.00	0.02	0.20	0.30	0.00
1	1	0.00	0.00	0.10	0.30	0.00
1	5	0.00	0.00	0.28	1.29	0.00
2	2	0.00	0.00	1.19	0.89	0.00
2	6	0.00	0.00	1.14	0.99	0.81
3	3	0.00	0.00	0.49	1.78	0.00
3	7	0.00	0.00	0.20	1.39	0.00
Core	CPU	C1%	C3%	C6%	C8%	C9%
-	-	0.01	0.06	8.46	3.36	0.00
0	0	0.04	0.42	65.01	21.62	0.00
0	4	0.00	0.00	0.60	0.00	0.00
1	1	0.00	0.00	0.23	1.02	0.00
1	5	0.00	0.02	0.30	0.89	0.00
2	2	0.00	0.05	0.25	0.96	0.00
2	6	0.00	0.00	0.76	0.49	0.00
3	3	0.00	0.00	0.37	0.79	0.00
3	7	0.00	0.00	0.14	1.09	0.00
Core	CPU	C1%	C3%	C6%	C8%	C9%
-	-	0.03	0.03	8.50	3.45	0.12
0	0	0.21	0.23	64.97	21.68	0.00
0	4	0.00	0.00	0.85	0.00	0.00
1	1	0.00	0.00	0.24	1.29	0.00
1	5	0.00	0.01	0.63	0.99	0.00
2	2	0.04	0.01	0.37	1.08	0.00
2	6	0.00	0.00	0.19	1.09	0.98
3	3	0.00	0.00	0.28	0.89	0.00
3	7	0.00	0.00	0.50	0.59	0.00
Core	CPU	C1%	C3%	C6%	C8%	C9%
-	-	0.01	0.05	8.30	3.24	0.43
0	0	0.04	0.42	62.89	20.68	0.00
0	4	0.00	0.00	0.49	0.00	0.00
1	1	0.00	0.00	0.57	0.59	0.00
1	5	0.00	0.00	0.36	0.79	0.00
2	2	0.00	0.00	1.25	0.69	0.00
2	6	0.00	0.00	0.40	1.19	1.00
3	3	0.00	0.00	0.20	1.00	2.40
3	7	0.00	0.01	0.28	0.99	0.00
Core	CPU	C1%	C3%	C6%	C8%	C9%
-	-	0.01	0.03	8.67	3.17	0.00
0	0	0.05	0.19	65.25	21.59	0.00
0	4	0.00	0.00	0.85	0.11	0.00
1	1	0.00	0.00	0.10	0.71	0.00
1	5	0.00	0.00	0.19	0.89	0.00
2	2	0.00	0.02	1.17	0.79	0.00
2	6	0.00	0.00	0.35	0.79	0.00
3	3	0.00	0.00	0.73	0.40	0.00
3	7	0.00	0.01	0.70	0.13	0.00
Core	CPU	C1%	C3%	C6%	C8%	C9%
-	-	0.01	0.02	8.40	3.45	0.00
0	0	0.06	0.16	64.69	21.34	0.00
0	4	0.00	0.00	0.56	0.00	0.00
1	1	0.00	0.00	0.14	1.10	0.00
1	5	0.00	0.00	0.12	0.59	0.00
2	2	0.00	0.02	0.60	1.19	0.00
2	6	0.00	0.00	0.24	1.38	0.00
3	3	0.00	0.00	0.40	1.18	0.00
3	7	0.00	0.00	0.44	0.79	0.00
Core	CPU	C1%	C3%	C6%	C8%	C9%
-	-	0.01	0.04	8.82	3.23	0.00
0	0	0.08	0.28	65.33	21.31	0.00
0	4	0.00	0.00	0.97	0.00	0.00
1	1	0.00	0.00	0.36	1.19	0.00
1	5	0.00	0.00	0.81	0.89	0.00
2	2	0.00	0.01	1.04	0.88	0.00
2	6	0.00	0.01	0.89	0.30	0.00
3	3	0.00	0.00	0.79	0.49	0.00
3	7	0.00	0.00	0.38	0.79	0.00
Core	CPU	C1%	C3%	C6%	C8%	C9%
-	-	0.01	0.04	8.71	3.79	0.00
0	0	0.09	0.30	65.12	21.53	0.00
0	4	0.00	0.00	0.50	0.00	0.00
1	1	0.00	0.00	0.10	1.57	0.00
1	5	0.00	0.00	0.67	0.78	0.00
2	2	0.00	0.00	1.35	1.78	0.00
2	6	0.00	0.01	1.19	1.49	0.00
3	3	0.00	0.00	0.32	1.10	0.00
3	7	0.00	0.00	0.46	2.08	0.00
Core	CPU	C1%	C3%	C6%	C8%	C9%
-	-	0.01	0.05	8.35	3.24	0.78
0	0	0.08	0.39	62.76	20.83	3.34
0	4	0.00	0.00	0.85	0.00	0.00
1	1	0.00	0.00	0.52	0.19	0.00
1	5	0.00	0.00	0.50	0.00	0.00
2	2	0.00	0.00	0.81	0.85	0.00
2	6	0.00	0.00	0.28	0.79	1.00
3	3	0.00	0.00	0.49	2.33	1.89
3	7	0.00	0.00	0.62	0.89	0.00
Core	CPU	C1%	C3%	C6%	C8%	C9%
-	-	0.01	0.04	8.68	3.47	0.00
0	0	0.08	0.27	65.02	21.67	0.00
0	4	0.00	0.00	0.93	0.38	0.00
1	1	0.00	0.00	0.54	0.69	0.00
1	5	0.00	0.00	0.53	0.89	0.00
2	2	0.00	0.02	1.16	0.92	0.00
2	6	0.00	0.00	0.26	1.39	0.00
3	3	0.00	0.00	0.56	1.19	0.00
3	7	0.00	0.00	0.45	0.60	0.00
Core	CPU	C1%	C3%	C6%	C8%	C9%
-	-	0.01	0.03	8.60	3.68	0.00
0	0	0.09	0.21	64.39	21.46	0.00
0	4	0.00	0.00	1.09	0.00	0.00
1	1	0.00	0.02	0.29	1.18	0.00
1	5	0.00	0.01	0.76	1.09	0.00
2	2	0.00	0.04	1.10	1.57	0.00
2	6	0.00	0.00	0.62	1.38	0.00
3	3	0.00	0.00	0.27	1.77	0.00
3	7	0.00	0.00	0.29	0.99	0.00
Core	CPU	C1%	C3%	C6%	C8%	C9%
-	-	0.01	0.08	8.53	3.24	0.00
0	0	0.10	0.61	65.25	21.44	0.00
0	4	0.00	0.00	0.92	0.00	0.00
1	1	0.00	0.01	0.50	0.20	0.00
1	5	0.00	0.00	0.20	0.80	0.00
2	2	0.00	0.00	0.71	0.89	0.00
2	6	0.00	0.00	0.46	0.99	0.00
3	3	0.00	0.00	0.15	0.59	0.00
3	7	0.00	0.02	0.10	0.99	0.00
Core	CPU	C1%	C3%	C6%	C8%	C9%
-	-	0.01	0.04	8.48	3.57	0.20
0	0	0.10	0.29	64.83	21.88	0.00
0	4	0.00	0.00	0.56	0.00	1.60
1	1	0.00	0.00	0.54	1.10	0.00
1	5	0.00	0.00	0.13	0.50	0.00
2	2	0.00	0.00	0.50	0.88	0.00
2	6	0.00	0.00	0.38	1.29	0.00
3	3	0.00	0.00	0.47	1.59	0.00
3	7	0.00	0.00	0.45	1.29	0.00
Core	CPU	C1%	C3%	C6%	C8%	C9%
-	-	0.01	0.08	8.33	6.86	0.19
0	0	0.07	0.56	62.24	21.16	0.00
0	4	0.00	0.00	0.92	0.49	1.51
1	1	0.00	0.00	0.32	0.89	0.00
1	5	0.00	0.00	0.25	0.89	0.00
2	2	0.00	0.03	1.32	0.30	0.00
2	6	0.00	0.00	0.19	1.00	0.00
3	3	0.00	0.00	0.33	0.98	0.00
3	7	0.01	0.03	1.06	29.19	0.00
Core	CPU	C1%	C3%	C6%	C8%	C9%
-	-	0.01	0.03	8.75	3.47	0.00
0	0	0.10	0.20	64.99	21.75	0.00
0	4	0.00	0.00	0.29	0.41	0.00
1	1	0.00	0.00	0.68	1.39	0.00
1	5	0.00	0.00	0.83	1.09	0.00
2	2	0.00	0.02	1.45	0.10	0.00
2	6	0.00	0.00	0.54	0.99	0.00
3	3	0.00	0.02	0.49	1.39	0.00
3	7	0.00	0.00	0.70	0.69	0.00
Core	CPU	C1%	C3%	C6%	C8%	C9%
-	-	0.01	0.03	8.80	3.33	0.11
0	0	0.10	0.21	64.45	21.47	0.85
0	4	0.00	0.00	1.10	0.31	0.00
1	1	0.00	0.01	0.30	0.99	0.00
1	5	0.00	0.00	0.30	0.30	0.00
2	2	0.00	0.02	0.98	1.19	0.00
2	6	0.00	0.00	1.03	1.20	0.00
3	3	0.00	0.01	1.15	0.49	0.00
3	7	0.00	0.01	1.09	0.69	0.00
Core	CPU	C1%	C3%	C6%	C8%	C9%
-	-	0.01	0.06	8.85	3.35	0.09
0	0	0.09	0.46	64.90	21.57	0.00
0	4	0.00	0.00	0.65	0.10	0.71
1	1	0.00	0.00	0.68	1.09	0.00
1	5	0.00	0.00	0.50	0.89	0.00
2	2	0.00	0.00	0.92	0.41	0.00
2	6	0.00	0.03	1.95	1.05	0.00
3	3	0.00	0.00	0.76	0.79	0.00
3	7	0.00	0.00	0.42	0.88	0.00
Core	CPU	C1%	C3%	C6%	C8%	C9%
-	-	0.02	0.04	8.60	3.57	0.00
0	0	0.10	0.25	64.89	21.81	0.00
0	4	0.00	0.00	0.96	0.00	0.00
1	1	0.00	0.00	0.26	1.09	0.00
1	5	0.00	0.00	0.34	0.89	0.00
2	2	0.04	0.06	0.36	1.06	0.00
2	6	0.00	0.00	0.68	0.55	0.00
3	3	0.00	0.00	0.65	2.05	0.00
3	7	0.00	0.02	0.66	1.08	0.00
Core	CPU	C1%	C3%	C6%	C8%	C9%
-	-	0.01	0.06	8.35	3.39	0.00
0	0	0.09	0.44	62.87	20.52	0.00
0	4	0.00	0.00	0.89	0.00	0.00
1	1	0.00	0.00	0.28	0.89	0.00
1	5	0.00	0.00	0.55	1.89	0.00
2	2	0.00	0.00	1.15	0.60	0.00
2	6	0.00	0.00	0.22	1.71	0.00
3	3	0.00	0.00	0.29	0.90	0.00
3	7	0.00	0.00	0.58	0.59	0.00
Core	CPU	C1%	C3%	C6%	C8%	C9%
-	-	0.11	0.08	8.71	3.74	0.00
0	0	0.10	0.60	65.44	21.18	0.00
0	4	0.00	0.03	0.50	0.00	0.00
1	1	0.78	0.00	0.10	1.71	0.00
1	5	0.00	0.00	0.51	2.18	0.00
2	2	0.04	0.03	1.25	0.60	0.00
2	6	0.00	0.02	0.82	1.78	0.00
3	3	0.00	0.00	0.88	1.09	0.00
3	7	0.00	0.00	0.21	1.40	0.00
Core	CPU	C1%	C3%	C6%	C8%	C9%
-	-	0.01	0.05	8.73	3.87	0.00
0	0	0.09	0.38	64.38	21.33	0.00
0	4	0.00	0.00	0.54	0.00	0.00
1	1	0.00	0.00	0.62	1.48	0.00
1	5	0.00	0.02	0.90	1.87	0.00
2	2	0.00	0.00	1.12	0.89	0.00
2	6	0.00	0.00	0.29	1.74	0.00
3	3	0.00	0.00	1.06	1.28	0.00
3	7	0.00	0.00	0.93	2.36	0.00
Core	CPU	C1%	C3%	C6%	C8%	C9%
-	-	0.02	0.11	8.67	3.48	0.12
0	0	0.10	0.85	65.44	21.00	0.00
0	4	0.00	0.00	0.96	0.00	0.00
1	1	0.04	0.00	0.25	1.10	0.00
1	5	0.00	0.00	0.64	0.59	0.00
2	2	0.05	0.06	0.57	1.07	0.00
2	6	0.00	0.00	0.43	1.39	0.99
3	3	0.00	0.00	0.58	2.06	0.00
3	7	0.00	0.00	0.45	0.59	0.00
Core	CPU	C1%	C3%	C6%	C8%	C9%
-	-	0.01	0.05	8.71	3.96	0.12
0	0	0.11	0.38	64.79	21.77	0.00
0	4	0.00	0.00	0.60	0.00	0.00
1	1	0.00	0.00	0.38	1.38	0.00
1	5	0.00	0.00	0.92	1.19	0.00
2	2	0.00	0.01	1.21	0.78	0.00
2	6	0.00	0.00	0.47	1.98	0.99
3	3	0.00	0.01	0.64	2.50	0.00
3	7	0.00	0.00	0.68	2.07	0.00
Core	CPU	C1%	C3%	C6%	C8%	C9%
-	-	0.01	0.08	8.24	3.13	0.00
0	0	0.08	0.61	62.80	20.55	0.00
0	4	0.00	0.03	0.51	0.00	0.00
1	1	0.00	0.00	0.22	0.40	0.00
1	5	0.00	0.00	0.20	0.30	0.00
2	2	0.00	0.00	1.10	0.49	0.00
2	6	0.00	0.00	0.26	0.98	0.00
3	3	0.01	0.00	0.58	1.34	0.00
3	7	0.00	0.00	0.26	0.99	0.00
Core	CPU	C1%	C3%	C6%	C8%	C9%
-	-	0.04	0.08	8.59	3.48	0.00
0	0	0.10	0.59	64.94	21.65	0.00
0	4	0.00	0.00	0.85	0.79	0.00
1	1	0.13	0.00	0.44	0.81	0.00
1	5	0.00	0.00	0.38	1.50	0.00
2	2	0.03	0.01	1.09	0.30	0.00
2	6	0.00	0.00	0.35	0.69	0.00
3	3	0.00	0.00	0.28	1.09	0.00
3	7	0.03	0.00	0.36	0.99	0.00
Core	CPU	C1%	C3%	C6%	C8%	C9%
-	-	0.02	0.05	8.45	3.37	0.62
0	0	0.18	0.35	64.42	21.22	0.00
0	4	0.00	0.00	0.59	0.11	4.95
1	1	0.00	0.02	0.63	0.89	0.00
1	5	0.00	0.00	0.37	0.79	0.00
2	2	0.00	0.01	0.75	0.80	0.00
2	6	0.00	0.00	0.33	1.19	0.00
3	3	0.00	0.00	0.22	1.08	0.00
3	7	0.00	0.01	0.29	0.88	0.00
Core	CPU	C1%	C3%	C6%	C8%	C9%
-	-	0.01	0.05	9.00	3.59	0.00
0	0	0.10	0.30	65.16	21.45	0.00
0	4	0.00	0.04	1.19	0.80	0.00
1	1	0.00	0.00	0.90	0.49	0.00
1	5	0.00	0.00	0.49	1.98	0.00
2	2	0.00	0.00	1.49	1.18	0.00
2	6	0.00	0.00	1.06	1.18	0.00
3	3	0.00	0.00	0.84	0.99	0.00
3	7	0.00	0.03	0.89	0.69	0.00
Core	CPU	C1%	C3%	C6%	C8%	C9%
-	-	0.02	0.04	8.58	3.46	0.00
0	0	0.12	0.24	64.89	21.78	0.00
0	4	0.00	0.00	0.86	0.00	0.00
1	1	0.00	0.00	0.25	1.09	0.00
1	5	0.00	0.00	0.24	0.99	0.00
2	2	0.00	0.04	1.20	0.29	0.00
2	6	0.00	0.00	0.45	1.29	0.00
3	3	0.00	0.00	0.29	1.18	0.00
3	7	0.00	0.00	0.44	1.08	0.00
Core	CPU	C1%	C3%	C6%	C8%	C9%
-	-	0.01	0.07	8.26	3.26	0.00
0	0	0.09	0.47	63.12	20.33	0.00
0	4	0.00	0.00	0.60	0.19	0.00
1	1	0.00	0.00	0.28	0.89	0.00
1	5	0.00	0.00	0.46	0.89	0.00
2	2	0.00	0.02	0.45	1.09	0.00
2	6	0.00	0.00	0.23	0.99	0.00
3	3	0.00	0.03	0.54	0.56	0.00
3	7	0.00	0.01	0.43	1.14	0.00
Core	CPU	C1%	C3%	C6%	C8%	C9%
-	-	0.05	0.04	8.49	3.54	0.32
0	0	0.12	0.32	64.81	21.82	0.00
0	4	0.00	0.00	0.73	0.70	1.58
1	1	0.00	0.00	0.22	0.51	0.00
1	5	0.00	0.00	0.09	0.90	0.00
2	2	0.30	0.03	0.86	0.89	0.00
2	6	0.00	0.00	0.46	1.29	1.00
3	3	0.00	0.00	0.45	1.19	0.00
3	7	0.00	0.00	0.32	0.99	0.00
Core	CPU	C1%	C3%	C6%	C8%	C9%
-	-	0.11	0.09	8.54	3.68	0.34
0	0	0.10	0.69	64.76	20.98	0.00
0	4	0.00	0.00	1.06	0.88	2.69
1	1	0.76	0.00	0.25	1.78	0.00
1	5	0.00	0.00	0.32	1.67	0.00
2	2	0.05	0.00	1.00	1.00	0.00
2	6	0.00	0.00	0.24	1.29	0.00
3	3	0.00	0.01	0.30	1.08	0.00
3	7	0.00	0.00	0.36	0.79	0.00
Core	CPU	C1%	C3%	C6%	C8%	C9%
-	-	0.01	0.06	8.82	3.82	0.00
0	0	0.10	0.50	64.87	21.58	0.00
0	4	0.00	0.00	0.69	0.49	0.00
1	1	0.00	0.00	0.78	2.86	0.00
1	5	0.00	0.00	0.76	1.29	0.00
2	2	0.00	0.00	1.49	1.09	0.00
2	6	0.00	0.00	0.81	0.99	0.00
3	3	0.00	0.01	0.80	0.89	0.00
3	7	0.00	0.00	0.39	1.38	0.00
Core	CPU	C1%	C3%	C6%	C8%	C9%
-	-	0.01	0.03	8.80	3.46	0.00
0	0	0.11	0.17	64.92	21.86	0.00
0	4	0.00	0.03	0.71	0.47	0.00
1	1	0.00	0.00	0.10	0.50	0.00
1	5	0.00	0.00	0.19	0.99	0.00
2	2	0.00	0.02	1.17	0.59	0.00
2	6	0.00	0.00	0.35	1.06	0.00
3	3	0.00	0.00	1.59	0.98	0.00
3	7	0.00	0.01	1.35	1.18	0.00
Core	CPU	C1%	C3%	C6%	C8%	C9%
-	-	0.01	0.05	8.24	3.36	0.15
0	0	0.07	0.38	62.90	20.84	0.00
0	4	0.00	0.00	0.53	0.50	1.20
1	1	0.00	0.00	0.55	0.21	0.00
1	5	0.00	0.00	0.20	0.90	0.00
2	2	0.00	0.02	0.69	1.18	0.00
2	6	0.00	0.00	0.36	1.08	0.00
3	3	0.00	0.00	0.45	1.09	0.00
3	7	0.00	0.00	0.23	1.08	0.00
Core	CPU	C1%	C3%	C6%	C8%	C9%
-	-	0.01	0.09	8.62	3.49	0.00
0	0	0.08	0.32	64.92	21.67	0.00
0	4	0.00	0.00	0.66	0.97	0.00
1	1	0.00	0.00	0.63	0.11	0.00
1	5	0.00	0.00	0.31	0.40	0.00
2	2	0.00	0.04	0.59	0.50	0.00
2	6	0.00	0.00	0.24	1.18	0.00
3	3	0.00	0.00	0.70	1.30	0.00
3	7	0.00	0.36	0.88	1.75	0.00
Core	CPU	C1%	C3%	C6%	C8%	C9%
-	-	0.01	0.14	8.53	6.97	0.00
0	0	0.08	1.02	64.09	21.44	0.00
0	4	0.00	0.00	0.59	0.20	0.00
1	1	0.00	0.00	0.41	0.90	0.00
1	5	0.00	0.00	0.39	0.80	0.00
2	2	0.00	0.03	0.56	0.99	0.00
2	6	0.00	0.00	0.22	0.90	0.00
3	3	0.00	0.01	0.40	1.37	0.00
3	7	0.01	0.09	1.63	29.16	0.00
Core	CPU	C1%	C3%	C6%	C8%	C9%
-	-	0.01	0.04	8.64	3.57	0.00
0	0	0.07	0.26	64.94	21.77	0.00
0	4	0.00	0.03	0.60	0.20	0.00
1	1	0.00	0.00	0.60	0.59	0.00
1	5	0.00	0.00	0.79	0.50	0.00
2	2	0.00	0.00	0.59	1.57	0.00
2	6	0.00	0.00	0.36	1.38	0.00
3	3	0.00	0.00	0.34	1.18	0.00
3	7	0.00	0.02	0.90	1.34	0.00
Core	CPU	C1%	C3%	C6%	C8%	C9%
-	-	0.21	0.11	8.77	3.33	0.48
0	0	0.07	0.80	65.28	21.12	0.00
0	4	0.00	0.04	1.58	1.54	3.86
1	1	0.57	0.00	0.18	0.98	0.00
1	5	0.00	0.00	0.12	0.40	0.00
2	2	0.78	0.00	0.86	0.10	0.00
2	6	0.00	0.04	1.43	0.79	0.00
3	3	0.00	0.00	0.44	1.18	0.00
3	7	0.30	0.00	0.29	0.55	0.00
Core	CPU	C1%	C3%	C6%	C8%	C9%
-	-	0.01	0.08	8.37	3.31	0.00
0	0	0.07	0.55	62.72	20.77	0.00
0	4	0.00	0.00	0.96	0.78	0.00
1	1	0.00	0.00	0.25	1.09	0.00
1	5	0.00	0.03	0.66	0.99	0.00
2	2	0.00	0.03	1.10	0.70	0.00
2	6	0.00	0.00	0.50	0.69	0.00
3	3	0.00	0.00	0.28	0.79	0.00
3	7	0.00	0.00	0.46	0.69	0.00
Core	CPU	C1%	C3%	C6%	C8%	C9%
-	-	0.01	0.03	8.45	3.43	0.00
0	0	0.09	0.18	65.00	21.80	0.00
0	4	0.00	0.00	0.59	0.20	0.00
1	1	0.00	0.00	0.27	0.89	0.00
1	5	0.00	0.00	0.46	0.79	0.00
2	2	0.00	0.03	0.53	0.99	0.00
2	6	0.00	0.00	0.31	0.89	0.00
3	3	0.00	0.00	0.09	1.00	0.00
3	7	0.00	0.00	0.38	0.89	0.00
Core	CPU	C1%	C3%	C6%	C8%	C9%
-	-	0.01	0.06	8.55	3.22	0.00
0	0	0.11	0.44	64.37	21.25	0.00
0	4	0.00	0.03	0.60	0.20	0.00
1	1	0.00	0.00	0.10	0.60	0.00
1	5	0.00	0.00	0.21	0.98	0.00
2	2	0.00	0.02	0.88	0.87	0.00
2	6	0.00	0.00	0.36	0.89	0.00
3	3	0.00	0.00	1.11	0.49	0.00
3	7	0.00	0.01	0.80	0.49	0.00
Core	CPU	C1%	C3%	C6%	C8%	C9%
-	-	0.01	0.05	8.59	3.13	0.00
0	0	0.10	0.33	64.51	22.08	0.00
0	4	0.00	0.00	0.66	0.40	0.00
1	1	0.00	0.00	0.41	0.30	0.00
1	5	0.00	0.02	0.57	0.50	0.00
2	2	0.00	0.00	1.36	0.00	0.00
2	6	0.00	0.02	0.57	0.59	0.00
3	3	0.00	0.00	0.42	0.49	0.00
3	7	0.00	0.00	0.21	0.69	0.00
Core	CPU	C1%	C3%	C6%	C8%	C9%
-	-	0.01	0.03	8.82	3.73	0.23
0	0	0.12	0.26	65.10	21.58	0.00
0	4	0.00	0.00	1.05	0.59	1.81
1	1	0.00	0.00	0.35	1.19	0.00
1	5	0.00	0.00	0.51	1.69	0.00
2	2	0.00	0.00	1.21	0.89	0.00
2	6	0.00	0.01	0.50	1.63	0.00
3	3	0.00	0.00	0.87	1.38	0.00
3	7	0.00	0.00	0.95	0.89	0.00
Core	CPU	C1%	C3%	C6%	C8%	C9%
-	-	0.01	0.02	8.26	3.34	0.00
0	0	0.10	0.18	62.72	21.08	0.00
0	4	0.00	0.00	0.59	0.50	0.00
1	1	0.00	0.00	0.28	0.89	0.00
1	5	0.00	0.00	0.37	0.89	0.00
2	2	0.00	0.01	1.05	0.50	0.00
2	6	0.00	0.00	0.49	1.02	0.00
3	3	0.00	0.00	0.22	1.00	0.00
3	7	0.00	0.00	0.38	0.79	0.00
Core	CPU	C1%	C3%	C6%	C8%	C9%
-	-	0.01	0.04	8.53	3.58	0.05
0	0	0.10	0.31	64.73	21.86	0.00
0	4	0.00	0.02	0.39	0.39	0.37
1	1	0.00	0.00	0.13	0.59	0.00
1	5	0.00	0.00	0.38	1.19	0.00
2	2	0.00	0.01	0.75	1.49	0.00
2	6	0.00	0.00	0.33	1.09	0.00
3	3	0.02	0.00	0.57	0.79	0.00
3	7	0.00	0.01	0.99	1.22	0.00
Core	CPU	C1%	C3%	C6%	C8%	C9%
-	-	0.01	0.07	8.77	3.16	0.00
0	0	0.10	0.40	64.86	20.82	0.00
0	4	0.00	0.03	1.36	0.84	0.00
1	1	0.00	0.00	0.33	1.00	0.00
1	5	0.00	0.02	0.29	0.69	0.00
2	2	0.00	0.01	0.70	0.44	0.00
2	6	0.00	0.02	0.64	0.20	0.00
3	3	0.00	0.02	1.04	0.79	0.00
3	7	0.00	0.02	0.90	0.50	0.00
Core	CPU	C1%	C3%	C6%	C8%	C9%
-	-	0.01	0.06	8.78	3.54	0.00
0	0	0.10	0.46	65.28	21.12	0.00
0	4	0.00	0.00	1.05	0.10	0.00
1	1	0.00	0.00	0.27	1.08	0.00
1	5	0.00	0.03	0.76	0.99	0.00
2	2	0.00	0.01	1.14	1.70	0.00
2	6	0.00	0.01	0.97	1.18	0.00
3	3	0.00	0.00	0.29	1.19	0.00
3	7	0.00	0.00	0.50	1.00	0.00
Core	CPU	C1%	C3%	C6%	C8%	C9%
-	-	0.27	0.07	8.81	3.84	0.00
0	0	0.11	0.50	65.71	20.96	0.00
0	4	0.00	0.00	1.11	0.68	0.00
1	1	1.23	0.00	0.26	1.70	0.00
1	5	0.00	0.00	0.52	1.69	0.00
2	2	0.65	0.05	1.41	1.03	0.00
2	6	0.00	0.00	0.83	2.69	0.00
3	3	0.00	0.00	0.19	1.18	0.00
3	7	0.16	0.00	0.46	0.79	0.00
Core	CPU	C1%	C3%	C6%	C8%	C9%
-	-	0.05	0.09	8.35	3.66	0.00
0	0	0.10	0.68	63.28	20.24	0.00
0	4	0.00	0.00	1.12	1.65	0.00
1	1	0.00	0.00	0.19	1.08	0.00
1	5	0.00	0.02	0.27	1.09	0.00
2	2	0.00	0.00	0.70	1.18	0.00
2	6	0.00	0.00	0.53	2.37	0.00
3	3	0.00	0.02	0.32	0.89	0.00
3	7	0.31	0.01	0.39	0.80	0.00
Core	CPU	C1%	C3%	C6%	C8%	C9%
-	-	0.01	0.03	8.58	3.14	0.00
0	0	0.11	0.17	64.71	22.02	0.00
0	4	0.00	0.00	0.64	0.20	0.00
1	1	0.00	0.00	0.63	0.10	0.00
1	5	0.00	0.01	0.50	0.10	0.00
2	2	0.00	0.05	1.15	0.20	0.00
2	6	0.00	0.03	0.33	0.59	0.00
3	3	0.00	0.00	0.46	0.79	0.00
3	7	0.00	0.00	0.23	1.09	0.00
Core	CPU	C1%	C3%	C6%	C8%	C9%
-	-	0.01	0.08	8.71	3.53	0.10
0	0	0.11	0.66	64.26	21.20	0.00
0	4	0.00	0.00	0.87	1.06	0.00
1	1	0.00	0.00	1.04	1.09	0.00
1	5	0.00	0.00	0.63	0.69	0.00
2	2	0.00	0.02	1.32	1.09	0.00
2	6	0.00	0.00	0.10	0.99	0.00
3	3	0.00	0.00	0.29	0.98	0.00
3	7	0.00	0.00	1.19	1.08	0.80
Core	CPU	C1%	C3%	C6%	C8%	C9%
-	-	0.02	0.02	8.42	3.49	0.24
0	0	0.13	0.10	65.06	21.78	0.00
0	4	0.00	0.00	0.20	0.69	0.91
1	1	0.00	0.00	0.19	0.89	0.00
1	5	0.00	0.00	0.28	0.79	0.00
2	2	0.00	0.04	0.47	1.06	0.00
2	6	0.00	0.00	0.26	1.29	0.98
3	3	0.00	0.02	0.19	1.00	0.00
3	7	0.00	0.00	0.69	0.40	0.00
Core	CPU	C1%	C3%	C6%	C8%	C9%
-	-	0.01	0.04	8.67	3.31	0.00
0	0	0.11	0.31	65.20	21.41	0.00
0	4	0.00	0.00	0.75	0.70	0.00
1	1	0.00	0.02	0.69	0.40	0.00
1	5	0.00	0.00	0.10	0.79	0.00
2	2	0.00	0.00	1.22	0.99	0.00
2	6	0.00	0.00	0.37	0.69	0.00
3	3	0.00	0.00	0.25	0.79	0.00
3	7	0.00	0.01	0.81	0.69	0.00
Core	CPU	C1%	C3%	C6%	C8%	C9%
-	-	0.01	0.05	8.50	3.42	0.00
0	0	0.10	0.40	62.77	20.80	0.00
0	4	0.00	0.00	2.42	0.11	0.00
1	1	0.00	0.00	0.64	1.97	0.00
1	5	0.00	0.00	0.14	0.99	0.00
2	2	0.00	0.00	1.21	0.59	0.00
2	6	0.00	0.00	0.18	0.99	0.00
3	3	0.00	0.00	0.28	0.89	0.00
3	7	0.00	0.00	0.35	0.98	0.00
Core	CPU	C1%	C3%	C6%	C8%	C9%
-	-	0.01	0.02	8.65	3.50	0.00
0	0	0.11	0.16	64.86	21.89	0.00
0	4	0.00	0.00	1.28	0.00	0.00
1	1	0.00	0.00	0.27	1.09	0.00
1	5	0.00	0.00	0.36	1.10	0.00
2	2	0.00	0.01	1.35	0.39	0.00
2	6	0.00	0.00	0.23	1.09	0.00
3	3	0.00	0.00	0.57	1.60	0.00
3	7	0.00	0.00	0.29	0.89	0.00
Core	CPU	C1%	C3%	C6%	C8%	C9%
-	-	0.01	0.05	8.32	3.46	0.00
0	0	0.12	0.34	64.28	21.47	0.00
0	4	0.00	0.00	0.44	0.70	0.00
1	1	0.00	0.01	0.20	0.21	0.00
1	5	0.00	0.00	0.00	0.69	0.00
2	2	0.00	0.01	0.88	0.80	0.00
2	6	0.00	0.00	0.45	0.70	0.00
3	3	0.00	0.00	0.14	0.99	0.00
3	7	0.00	0.02	0.17	2.08	0.00
Core	CPU	C1%	C3%	C6%	C8%	C9%
-	-	0.01	0.04	8.49	3.42	0.00
0	0	0.11	0.34	65.42	21.13	0.00
0	4	0.00	0.00	0.84	0.11	0.00
1	1	0.00	0.00	0.23	1.19	0.00
1	5	0.00	0.02	0.19	0.73	0.00
2	2	0.00	0.00	0.53	0.89	0.00
2	6	0.00	0.00	0.19	0.99	0.00
3	3	0.00	0.00	0.36	0.89	0.00
3	7	0.00	0.00	0.15	1.46	0.00
Core	CPU	C1%	C3%	C6%	C8%	C9%
-	-	0.01	0.15	8.72	6.93	0.12
0	0	0.09	0.99	64.94	21.33	0.00
0	4	0.00	0.00	0.77	0.11	0.00
1	1	0.00	0.00	0.32	1.09	0.00
1	5	0.00	0.00	0.24	0.91	0.00
2	2	0.00	0.02	1.24	0.88	0.00
2	6	0.00	0.01	0.89	0.78	0.99
3	3	0.00	0.00	0.20	1.18	0.00
3	7	0.01	0.15	1.19	29.17	0.00
Core	CPU	C1%	C3%	C6%	C8%	C9%
-	-	0.01	0.06	8.33	3.37	0.54
0	0	0.10	0.47	62.61	20.77	0.00
0	4	0.00	0.00	0.50	0.00	0.00
1	1	0.00	0.00	0.19	0.98	0.00
1	5	0.00	0.00	0.27	0.99	0.00
2	2	0.00	0.00	1.26	0.58	0.00
2	6	0.00	0.00	0.48	1.37	1.00
3	3	0.00	0.04	0.49	1.49	3.32
3	7	0.00	0.00	0.83	0.74	0.00
Core	CPU	C1%	C3%	C6%	C8%	C9%
-	-	0.01	0.03	8.66	3.43	0.00
0	0	0.11	0.16	65.02	21.74	0.00
0	4	0.00	0.00	0.62	0.59	0.00
1	1	0.00	0.02	0.20	0.30	0.00
1	5	0.00	0.00	0.09	0.90	0.00
2	2	0.00	0.01	0.99	0.81	0.00
2	6	0.00	0.00	0.59	1.09	0.00
3	3	0.00	0.00	1.25	1.45	0.00
3	7	0.00	0.03	0.50	0.59	0.00
Core	CPU	C1%	C3%	C6%	C8%	C9%
-	-	0.01	0.05	8.53	3.43	0.00
0	0	0.10	0.38	64.44	21.33	0.00
0	4	0.00	0.00	0.57	0.00	0.00
1	1	0.00	0.00	0.37	0.49	0.00
1	5	0.00	0.00	0.23	0.80	0.00
2	2	0.00	0.01	1.13	0.20	0.00
2	6	0.00	0.00	0.19	1.09	0.00
3	3	0.00	0.00	0.65	1.57	0.00
3	7	0.00	0.00	0.66	1.97	0.00
Core	CPU	C1%	C3%	C6%	C8%	C9%
-	-	0.10	0.09	8.91	2.98	2.18
0	0	0.11	0.70	65.35	21.30	0.00
0	4	0.00	0.02	1.50	0.29	17.43
1	1	0.65	0.00	1.57	0.01	0.00
1	5	0.00	0.00	0.51	1.13	0.00
2	2	0.01	0.02	0.56	0.19	0.00
2	6	0.00	0.00	0.78	0.50	0.00
3	3	0.00	0.00	0.58	0.21	0.00
3	7	0.01	0.01	0.47	0.20	0.00
Core	CPU	C1%	C3%	C6%	C8%	C9%
-	-	0.02	0.05	8.87	3.31	0.00
0	0	0.10	0.28	65.29	21.31	0.00
0	4	0.07	0.07	0.87	0.00	0.00
1	1	0.00	0.04	1.02	0.00	0.00
1	5	0.00	0.00	0.59	0.98	0.00
2	2	0.00	0.00	1.06	0.50	0.00
2	6	0.00	0.00	0.54	1.08	0.00
3	3	0.00	0.00	0.71	1.70	0.00
3	7	0.00	0.00	0.90	0.89	0.00
Core	CPU	C1%	C3%	C6%	C8%	C9%
-	-	0.01	0.05	8.24	3.48	0.00
0	0	0.09	0.37	63.16	20.45	0.00
0	4	0.00	0.00	0.87	0.10	0.00
1	1	0.00	0.00	0.54	0.70	0.00
1	5	0.00	0.00	0.13	0.59	0.00
2	2	0.00	0.00	0.20	0.89	0.00
2	6	0.00	0.00	0.37	1.28	0.00
3	3	0.00	0.00	0.38	2.45	0.00
3	7	0.00	0.00	0.25	1.38	0.00
Core	CPU	C1%	C3%	C6%	C8%	C9%
-	-	0.01	0.02	8.67	3.36	0.00
0	0	0.12	0.17	65.04	21.76	0.00
0	4	0.00	0.00	1.30	0.00	0.00
1	1	0.00	0.00	0.26	1.09	0.00
1	5	0.00	0.00	0.25	1.10	0.00
2	2	0.00	0.00	1.02	0.79	0.00
2	6	0.00	0.02	0.99	0.39	0.00
3	3	0.00	0.00	0.10	1.08	0.00
3	7	0.00	0.00	0.38	0.69	0.00
Core	CPU	C1%	C3%	C6%	C8%	C9%
-	-	0.01	0.09	8.50	3.40	0.86
0	0	0.09	0.68	64.34	21.16	0.00
0	4	0.00	0.04	1.35	0.29	6.30
1	1	0.00	0.00	0.10	0.79	0.00
1	5	0.00	0.00	0.53	1.19	0.00
2	2	0.00	0.00	0.44	0.89	0.60
2	6	0.00	0.00	0.25	0.98	0.00
3	3	0.00	0.00	0.33	0.99	0.00
3	7	0.00	0.00	0.69	0.90	0.00
Core	CPU	C1%	C3%	C6%	C8%	C9%
-	-	0.01	0.04	8.57	3.38	0.00
0	0	0.10	0.26	64.88	21.83	0.00
0	4	0.00	0.00	1.06	0.00	0.00
1	1	0.00	0.04	1.14	0.50	0.00
1	5	0.00	0.01	0.50	0.00	0.00
2	2	0.00	0.00	0.30	1.87	0.00
2	6	0.00	0.00	0.19	1.08	0.00
3	3	0.00	0.00	0.36	0.78	0.00
3	7	0.00	0.00	0.15	0.98	0.00
Core	CPU	C1%	C3%	C6%	C8%	C9%
-	-	0.01	0.04	8.85	3.49	0.00
0	0	0.11	0.20	64.91	21.91	0.00
0	4	0.00	0.08	1.78	0.11	0.00
1	1	0.00	0.00	0.66	0.88	0.00
1	5	0.00	0.00	0.55	0.59	0.00
2	2	0.00	0.00	0.92	0.70	0.00
2	6	0.00	0.01	1.17	1.27	0.00
3	3	0.00	0.00	0.10	1.09	0.00
3	7	0.00	0.00	0.73	1.38	0.00
Core	CPU	C1%	C3%	C6%	C8%	C9%
-	-	0.01	0.05	8.35	3.61	0.00
0	0	0.08	0.42	63.12	20.42	0.00
0	4	0.00	0.01	1.47	0.29	0.00
1	1	0.00	0.00	0.38	1.28	0.00
1	5	0.00	0.00	0.36	1.39	0.00
2	2	0.00	0.00	0.45	1.08	0.00
2	6	0.00	0.00	0.33	1.48	0.00
3	3	0.00	0.00	0.30	1.49	0.00
3	7	0.00	0.00	0.39	1.48	0.00
Core	CPU	C1%	C3%	C6%	C8%	C9%
-	-	0.01	0.05	8.44	3.31	0.00
0	0	0.09	0.30	65.13	21.47	0.00
0	4	0.00	0.06	0.99	0.31	0.00
1	1	0.00	0.02	0.23	0.30	0.00
1	5	0.00	0.00	0.13	0.50	0.00
2	2	0.00	0.00	0.18	1.09	0.00
2	6	0.00	0.00	0.35	0.89	0.00
3	3	0.00	0.00	0.24	0.89	0.00
3	7	0.00	0.04	0.29	0.99	0.00
Core	CPU	C1%	C3%	C6%	C8%	C9%
-	-	0.01	0.06	8.63	3.60	0.07
0	0	0.09	0.46	64.20	21.47	0.00
0	4	0.00	0.04	1.60	0.70	0.59
1	1	0.00	0.00	1.11	0.60	0.00
1	5	0.00	0.00	0.23	1.09	0.00
2	2	0.00	0.00	0.20	1.19	0.00
2	6	0.00	0.00	0.20	1.48	0.00
3	3	0.00	0.00	0.57	1.48	0.00
3	7	0.00	0.00	0.95	0.79	0.00
Core	CPU	C1%	C3%	C6%	C8%	C9%
-	-	0.01	0.03	8.48	3.47	0.00
0	0	0.08	0.23	65.11	21.66	0.00
0	4	0.00	0.00	0.81	0.69	0.00
1	1	0.00	0.00	0.28	0.89	0.00
1	5	0.00	0.00	0.36	0.70	0.00
2	2	0.00	0.00	0.25	1.08	0.00
2	6	0.00	0.00	0.32	1.18	0.00
3	3	0.00	0.01	0.30	0.79	0.00
3	7	0.00	0.00	0.38	0.79	0.00
Core	CPU	C1%	C3%	C6%	C8%	C9%
-	-	0.01	0.05	8.59	3.61	0.00
0	0	0.09	0.35	65.06	21.56	0.00
0	4	0.00	0.03	1.29	0.70	0.00
1	1	0.00	0.00	0.78	0.10	0.00
1	5	0.00	0.00	0.29	1.28	0.00
2	2	0.00	0.00	0.56	1.19	0.00
2	6	0.00	0.00	0.35	1.68	0.00
3	3	0.00	0.00	0.32	1.29	0.00
3	7	0.00	0.00	0.10	1.09	0.00
Core	CPU	C1%	C3%	C6%	C8%	C9%
-	-	0.01	0.08	8.40	3.30	0.00
0	0	0.09	0.66	63.40	20.23	0.00
0	4	0.00	0.00	1.11	0.50	0.00
1	1	0.00	0.00	0.82	0.52	0.00
1	5	0.00	0.00	0.70	0.80	0.00
2	2	0.00	0.00	0.29	1.28	0.00
2	6	0.00	0.00	0.37	1.38	0.00
3	3	0.00	0.00	0.36	0.69	0.00
3	7	0.00	0.00	0.13	0.99	0.00
Core	CPU	C1%	C3%	C6%	C8%	C9%
-	-	0.01	0.04	8.74	3.50	0.00
0	0	0.10	0.28	64.86	21.82	0.00
0	4	0.00	0.05	1.35	0.30	0.00
1	1	0.00	0.00	0.91	0.50	0.00
1	5	0.00	0.00	0.23	0.69	0.00
2	2	0.00	0.01	0.58	1.09	0.00
2	6	0.00	0.00	0.38	1.00	0.00
3	3	0.00	0.00	0.78	1.38	0.00
3	7	0.00	0.00	0.85	1.19	0.00
Core	CPU	C1%	C3%	C6%	C8%	C9%
-	-	0.01	0.03	8.40	3.58	0.09
0	0	0.09	0.20	64.25	21.65	0.00
0	4	0.00	0.02	1.09	0.90	0.70
1	1	0.00	0.00	0.28	0.89	0.00
1	5	0.00	0.00	0.37	0.89	0.00
2	2	0.00	0.05	0.20	1.09	0.00
2	6	0.00	0.00	0.31	0.89	0.00
3	3	0.00	0.00	0.29	1.28	0.00
3	7	0.00	0.00	0.38	1.08	0.00
Core	CPU	C1%	C3%	C6%	C8%	C9%
-	-	0.01	0.06	8.79	3.80	0.00
0	0	0.11	0.43	65.25	21.29	0.00
0	4	0.00	0.07	0.93	0.39	0.00
1	1	0.00	0.00	0.20	1.38	0.00
1	5	0.00	0.00	0.44	1.58	0.00
2	2	0.00	0.00	0.96	2.06	0.00
2	6	0.00	0.00	0.54	2.08	0.00
3	3	0.00	0.00	1.03	0.79	0.00
3	7	0.00	0.01	1.00	0.79	0.00
Core	CPU	C1%	C3%	C6%	C8%	C9%
-	-	0.01	0.03	8.43	3.43	0.00
0	0	0.09	0.20	65.02	21.70	0.00
0	4	0.00	0.00	0.77	0.17	0.00
1	1	0.00	0.00	0.14	1.20	0.00
1	5	0.00	0.00	0.20	0.50	0.00
2	2	0.00	0.00	0.10	0.79	0.00
2	6	0.00	0.00	0.58	0.80	0.00
3	3	0.00	0.00	0.27	0.88	0.00
3	7	0.00	0.00	0.37	1.38	0.00
Core	CPU	C1%	C3%	C6%	C8%	C9%
-	-	0.01	0.06	8.56	3.49	0.00
0	0	0.08	0.46	62.72	20.79	0.00
0	4	0.00	0.00	1.19	0.10	0.00
1	1	0.00	0.03	0.79	0.49	0.00
1	5	0.00	0.00	0.25	0.89	0.00
2	2	0.00	0.00	1.25	1.35	0.00
2	6	0.00	0.02	0.96	0.99	0.00
3	3	0.00	0.00	0.61	1.77	0.00
3	7	0.00	0.00	0.75	1.58	0.00
Core	CPU	C1%	C3%	C6%	C8%	C9%
-	-	0.01	0.19	9.09	7.12	0.00
0	0	0.08	1.20	65.35	20.79	0.00
0	4	0.00	0.03	1.48	0.29	0.00
1	1	0.00	0.00	1.02	3.64	0.00
1	5	0.00	0.00	0.97	1.28	0.00
2	2	0.00	0.00	0.84	0.90	0.00
2	6	0.00	0.00	1.15	1.18	0.00
3	3	0.00	0.02	0.50	1.37	0.00
3	7	0.01	0.28	1.40	27.48	0.00
Core	CPU	C1%	C3%	C6%	C8%	C9%
-	-	0.14	0.05	8.93	3.80	0.21
0	0	0.10	0.32	64.51	21.27	0.86
0	4	0.00	0.00	1.54	0.87	0.00
1	1	0.65	0.05	0.75	2.07	0.00
1	5	0.00	0.00	0.20	1.00	0.00
2	2	0.36	0.00	0.87	1.86	0.00
2	6	0.00	0.00	1.41	1.50	0.00
3	3	0.00	0.00	1.18	1.08	0.81
3	7	0.02	0.00	1.01	0.78	0.00
Core	CPU	C1%	C3%	C6%	C8%	C9%
-	-	0.01	0.04	8.65	3.27	0.00
0	0	0.12	0.29	65.15	21.53	0.00
0	4	0.00	0.00	1.29	0.00	0.00
1	1	0.00	0.00	0.36	0.79	0.00
1	5	0.00	0.00	0.24	1.00	0.00
2	2	0.00	0.02	0.59	0.99	0.00
2	6	0.00	0.00	0.66	0.30	0.00
3	3	0.00	0.00	0.58	0.99	0.00
3	7	0.00	0.00	0.36	0.59	0.00
Core	CPU	C1%	C3%	C6%	C8%	C9%
-	-	0.01	0.04	8.56	3.45	0.30
0	0	0.10	0.26	64.92	21.73	0.00
0	4	0.00	0.05	1.27	0.00	2.41
1	1	0.00	0.00	0.18	1.09	0.00
1	5	0.00	0.00	0.26	0.89	0.00
2	2	0.00	0.00	0.84	0.89	0.00
2	6	0.00	0.00	0.23	1.09	0.00
3	3	0.00	0.01	0.39	0.80	0.00
3	7	0.00	0.00	0.43	1.08	0.00
Core	CPU	C1%	C3%	C6%	C8%	C9%
-	-	0.01	0.03	8.39	3.21	0.00
0	0	0.10	0.21	62.93	20.82	0.00
0	4	0.00	0.01	1.13	0.00	0.00
1	1	0.00	0.01	0.20	0.50	0.00
1	5	0.00	0.00	0.47	0.99	0.00
2	2	0.00	0.00	0.27	0.80	0.00
2	6	0.00	0.00	0.54	0.91	0.00
3	3	0.00	0.00	0.86	0.80	0.00
3	7	0.00	0.01	0.70	0.89	0.00
Core	CPU	C1%	C3%	C6%	C8%	C9%
-	-	0.10	0.06	8.55	3.47	0.34
0	0	0.10	0.45	65.03	21.43	0.00
0	4	0.00	0.01	0.97	0.10	2.69
1	1	0.00	0.00	0.24	0.99	0.00
1	5	0.00	0.00	0.23	0.99	0.00
2	2	0.00	0.00	0.49	0.59	0.00
2	6	0.00	0.00	0.20	1.18	0.00
3	3	0.00	0.00	0.37	1.28	0.00
3	7	0.71	0.00	0.85	1.18	0.00
Core	CPU	C1%	C3%	C6%	C8%	C9%
-	-	0.01	0.04	8.47	3.47	0.21
0	0	0.10	0.29	64.43	21.38	0.00
0	4	0.00	0.00	0.81	0.45	1.69
1	1	0.00	0.00	0.28	1.08	0.00
1	5	0.00	0.00	0.36	1.09	0.00
2	2	0.00	0.00	0.68	0.99	0.00
2	6	0.00	0.00	0.32	0.99	0.00
3	3	0.00	0.01	0.51	0.99	0.00
3	7	0.00	0.00	0.39	0.79	0.00
Core	CPU	C1%	C3%	C6%	C8%	C9%
-	-	0.01	0.05	8.63	3.49	0.00
0	0	0.10	0.37	64.71	21.82	0.00
0	4	0.00	0.01	1.32	0.19	0.00
1	1	0.00	0.00	0.10	0.89	0.00
1	5	0.00	0.00	0.10	0.98	0.00
2	2	0.00	0.00	0.87	0.69	0.00
2	6	0.00	0.00	0.46	0.59	0.00
3	3	0.00	0.00	0.74	1.96	0.00
3	7	0.00	0.03	0.79	0.79	0.00
Core	CPU	C1%	C3%	C6%	C8%	C9%
-	-	0.01	0.04	8.55	3.26	0.00
0	0	0.11	0.28	65.19	21.42	0.00
0	4	0.00	0.04	0.84	0.20	0.00
1	1	0.00	0.00	0.15	0.79	0.00
1	5	0.00	0.00	0.13	0.73	0.00
2	2	0.00	0.00	0.50	0.09	0.00
2	6	0.00	0.01	1.06	0.79	0.00
3	3	0.00	0.00	0.27	0.99	0.00
3	7	0.00	0.00	0.25	1.09	0.00
Core	CPU	C1%	C3%	C6%	C8%	C9%
-	-	0.01	0.06	8.33	3.31	0.49
0	0	0.11	0.39	62.57	21.00	3.34
0	4	0.00	0.04	1.09	0.21	0.61
1	1	0.00	0.00	0.26	0.90	0.00
1	5	0.00	0.00	0.25	0.90	0.00
2	2	0.00	0.01	1.02	0.30	0.00
2	6	0.00	0.02	0.99	0.89	0.00
3	3	0.00	0.00	0.16	1.39	0.00
3	7	0.00	0.00	0.28	0.89	0.00
Core	CPU	C1%	C3%	C6%	C8%	C9%
-	-	0.01	0.04	8.55	3.59	0.00
0	0	0.12	0.35	64.94	21.54	0.00
0	4	0.00	0.01	0.80	0.19	0.00
1	1	0.00	0.00	0.20	0.99	0.00
1	5	0.00	0.00	0.28	1.45	0.00
2	2	0.00	0.00	0.83	0.89	0.00
2	6	0.00	0.00	0.43	1.28	0.00
3	3	0.00	0.00	0.42	1.19	0.00
3	7	0.00	0.00	0.49	1.19	0.00
