Core	CPU	C1%	C3%	C6%	C8%	C9%
-	-	0.09	0.83	72.21	15.31	0.00
0	0	0.16	0.51	72.62	16.27	0.00
0	4	0.20	0.68	71.91	17.40	0.00
1	1	0.18	0.54	74.62	15.02	0.00
1	5	0.07	0.71	70.34	19.53	0.00
2	2	0.06	0.66	69.56	19.90	0.00
2	6	0.05	0.60	68.69	21.56	0.00
3	3	0.03	0.56	83.50	6.21	0.00
3	7	0.01	2.34	66.42	6.57	0.00
Core	CPU	C1%	C3%	C6%	C8%	C9%
-	-	0.01	0.69	72.74	15.23	0.00
0	0	0.00	0.59	75.68	13.21	0.00
0	4	0.00	0.38	73.26	17.43	0.00
1	1	0.01	0.31	73.84	16.21	0.00
1	5	0.00	0.42	70.56	20.19	0.00
2	2	0.00	0.52	71.18	18.62	0.00
2	6	0.00	0.46	71.08	19.64	0.00
3	3	0.01	0.59	80.64	9.18	0.00
3	7	0.02	2.24	65.94	7.43	0.00
Core	CPU	C1%	C3%	C6%	C8%	C9%
-	-	0.01	0.67	72.33	15.80	0.00
0	0	0.01	0.65	74.69	14.19	0.00
0	4	0.01	0.30	70.16	20.76	0.00
1	1	0.01	0.23	74.43	15.63	0.00
1	5	0.00	0.48	70.30	20.51	0.00
2	2	0.01	0.51	71.37	18.64	0.00
2	6	0.00	0.37	70.34	20.46	0.00
3	3	0.01	0.41	80.16	9.85	0.00
3	7	0.02	2.38	66.97	6.27	0.00
Core	CPU	C1%	C3%	C6%	C8%	C9%
-	-	0.01	0.68	72.95	15.05	0.00
0	0	0.01	0.62	77.33	11.47	0.00
0	4	0.01	0.29	72.03	18.84	0.00
1	1	0.01	0.37	73.19	16.70	0.00
1	5	0.00	0.40	69.73	21.11	0.00
2	2	0.00	0.49	71.92	17.92	0.00
2	6	0.00	0.46	70.34	20.32	0.00
3	3	0.00	0.60	82.46	7.33	0.00
3	7	0.02	2.24	66.62	6.67	0.00
Core	CPU	C1%	C3%	C6%	C8%	C9%
-	-	0.01	0.82	69.02	16.96	0.00
0	0	0.00	0.60	72.50	14.78	0.00
0	4	0.00	0.35	68.39	19.80	0.00
1	1	0.04	0.27	70.58	16.07	0.00
1	5	0.00	0.48	68.89	20.43	0.00
2	2	0.01	0.58	68.64	19.13	0.00
2	6	0.00	0.31	66.46	22.39	0.00
3	3	0.01	0.55	74.87	13.58	0.00
3	7	0.01	3.46	61.84	9.52	0.00
Core	CPU	C1%	C3%	C6%	C8%	C9%
-	-	0.01	0.69	72.01	15.93	0.00
0	0	0.00	0.61	71.71	17.32	0.00
0	4	0.00	0.38	71.13	19.65	0.00
1	1	0.01	0.34	73.04	16.97	0.00
1	5	0.00	0.53	70.40	20.30	0.00
2	2	0.01	0.49	74.63	15.13	0.00
2	6	0.00	0.44	70.82	19.95	0.00
3	3	0.00	0.50	80.00	9.93	0.00
3	7	0.01	2.21	64.94	8.30	0.00
Core	CPU	C1%	C3%	C6%	C8%	C9%
-	-	0.01	0.79	72.67	15.05	0.00
0	0	0.01	0.45	75.36	13.73	0.00
0	4	0.00	0.48	72.71	17.84	0.00
1	1	0.01	1.02	72.48	16.53	0.00
1	5	0.00	0.50	70.51	20.17	0.00
2	2	0.01	0.61	71.38	17.45	0.00
2	6	0.00	0.42	69.70	21.03	0.00
3	3	0.02	0.65	81.98	7.31	0.00
3	7	0.01	2.18	66.64	6.21	0.00
Core	CPU	C1%	C3%	C6%	C8%	C9%
-	-	0.01	0.69	71.97	15.95	0.00
0	0	0.01	0.58	75.28	13.50	0.00
0	4	0.00	0.29	71.18	19.66	0.00
1	1	0.01	0.34	72.20	17.78	0.00
1	5	0.00	0.46	70.66	20.10	0.00
2	2	0.01	0.61	71.92	17.92	0.00
2	6	0.00	0.33	69.34	21.46	0.00
3	3	0.00	0.59	79.54	10.25	0.00
3	7	0.02	2.29	66.12	7.07	0.00
Core	CPU	C1%	C3%	C6%	C8%	C9%
-	-	0.02	0.70	71.35	16.42	0.00
0	0	0.00	0.59	74.09	14.71	0.00
0	4	0.00	0.57	71.36	18.57	0.00
1	1	0.01	0.26	72.77	17.32	0.00
1	5	0.00	0.48	68.90	21.81	0.00
2	2	0.01	0.64	71.70	17.77	0.00
2	6	0.00	0.33	69.27	20.87	0.00
3	3	0.00	0.41	77.53	12.48	0.00
3	7	0.14	2.35	64.77	7.73	0.00
Core	CPU	C1%	C3%	C6%	C8%	C9%
-	-	0.01	1.30	70.24	16.24	0.00
0	0	0.01	0.48	70.01	18.35	0.00
0	4	0.01	0.40	69.66	19.24	0.00
1	1	0.01	3.36	72.70	13.78	0.00
1	5	0.00	0.37	68.89	21.03	0.00
2	2	0.00	0.49	69.25	18.95	0.00
2	6	0.00	0.44	69.54	20.68	0.00
3	3	0.00	0.46	79.05	9.86	0.00
3	7	0.01	4.40	63.08	8.06	0.00
Core	CPU	C1%	C3%	C6%	C8%	C9%
-	-	0.01	0.70	71.57	16.43	0.00
0	0	0.00	0.59	72.91	16.11	0.00
0	4	0.01	0.52	69.57	21.09	0.00
1	1	0.01	0.34	76.29	13.59	0.00
1	5	0.00	0.42	71.03	19.65	0.00
2	2	0.00	0.52	68.86	21.11	0.00
2	6	0.00	0.43	69.79	20.95	0.00
3	3	0.01	0.51	79.66	10.26	0.00
3	7	0.03	2.27	64.61	8.74	0.00
Core	CPU	C1%	C3%	C6%	C8%	C9%
-	-	0.01	0.70	71.68	16.34	0.00
0	0	0.01	0.45	72.41	16.73	0.00
0	4	0.01	0.38	70.48	19.45	0.00
1	1	0.00	0.45	74.68	15.15	0.00
1	5	0.01	0.40	70.44	20.44	0.00
2	2	0.01	0.42	71.47	18.63	0.00
2	6	0.00	0.46	71.03	19.80	0.00
3	3	0.00	0.52	79.10	10.83	0.00
3	7	0.01	2.54	63.33	9.58	0.00
Core	CPU	C1%	C3%	C6%	C8%	C9%
-	-	0.01	0.70	71.57	16.36	0.00
0	0	0.00	0.60	70.25	18.68	0.00
0	4	0.00	0.48	72.13	18.38	0.00
1	1	0.02	0.26	71.21	18.75	0.00
1	5	0.00	0.46	70.39	20.30	0.00
2	2	0.01	0.61	72.03	17.83	0.00
2	6	0.00	0.41	70.38	20.31	0.00
3	3	0.00	0.49	80.70	9.24	0.00
3	7	0.02	2.28	65.86	7.49	0.00
Core	CPU	C1%	C3%	C6%	C8%	C9%
-	-	0.01	0.69	71.79	16.30	0.00
0	0	0.00	0.50	74.39	14.67	0.00
0	4	0.00	0.43	71.93	18.72	0.00
1	1	0.01	0.48	74.44	15.27	0.00
1	5	0.00	0.46	69.15	21.63	0.00
2	2	0.01	0.54	71.78	18.13	0.00
2	6	0.00	0.45	69.95	20.82	0.00
3	3	0.00	0.53	78.22	11.72	0.00
3	7	0.01	2.09	64.09	9.32	0.00
Core	CPU	C1%	C3%	C6%	C8%	C9%
-	-	0.01	1.03	69.90	15.82	0.00
0	0	0.01	0.41	72.57	14.19	0.00
0	4	0.00	0.52	71.87	16.51	0.00
1	1	0.01	2.38	70.30	16.13	0.00
1	5	0.00	0.33	69.77	18.62	0.00
2	2	0.01	0.51	67.90	20.15	0.00
2	6	0.00	0.47	67.77	20.93	0.00
3	3	0.00	0.53	77.09	10.74	0.00
3	7	0.01	3.10	61.94	9.28	0.00
Core	CPU	C1%	C3%	C6%	C8%	C9%
-	-	0.01	0.69	71.33	16.60	0.00
0	0	0.01	0.57	73.59	15.42	0.00
0	4	0.00	0.43	71.72	18.83	0.00
1	1	0.01	0.33	71.06	18.67	0.00
1	5	0.00	0.50	69.34	21.29	0.00
2	2	0.01	0.57	70.10	19.80	0.00
2	6	0.00	0.32	70.52	20.30	0.00
3	3	0.01	0.41	79.22	10.77	0.00
3	7	0.01	2.35	65.51	7.81	0.00
Core	CPU	C1%	C3%	C6%	C8%	C9%
-	-	0.01	0.80	69.53	17.63	0.00
0	0	0.00	0.45	70.79	18.25	0.00
0	4	0.00	0.55	69.63	19.95	0.00
1	1	0.01	0.39	70.82	18.93	0.00
1	5	0.00	0.50	67.71	23.02	0.00
2	2	0.01	0.56	68.92	20.92	0.00
2	6	0.00	0.41	68.31	22.44	0.00
3	3	0.00	0.48	78.07	11.34	0.00
3	7	0.02	3.07	61.93	6.14	0.00
Core	CPU	C1%	C3%	C6%	C8%	C9%
-	-	0.01	0.66	71.97	16.19	0.00
0	0	0.00	0.47	76.20	12.79	0.00
0	4	0.01	0.42	70.92	19.74	0.00
1	1	0.02	0.30	74.74	15.37	0.00
1	5	0.00	0.41	71.01	19.84	0.00
2	2	0.01	0.48	69.24	20.77	0.00
2	6	0.00	0.44	70.03	20.77	0.00
3	3	0.00	0.49	79.48	10.60	0.00
3	7	0.02	2.22	63.75	9.58	0.00
Core	CPU	C1%	C3%	C6%	C8%	C9%
-	-	0.00	0.72	71.61	16.28	0.00
0	0	0.00	0.73	72.93	15.67	0.00
0	4	0.01	0.46	72.96	17.51	0.00
1	1	0.01	0.17	72.00	18.18	0.00
1	5	0.00	0.64	68.99	21.58	0.00
2	2	0.01	0.71	71.66	18.15	0.00
2	6	0.00	0.31	69.98	20.82	0.00
3	3	0.00	0.47	78.82	11.21	0.00
3	7	0.01	2.28	66.11	7.29	0.00
Core	CPU	C1%	C3%	C6%	C8%	C9%
-	-	0.01	0.93	69.86	16.08	0.00
0	0	0.01	0.45	74.73	12.33	0.00
0	4	0.00	0.39	70.04	18.70	0.00
1	1	0.00	2.24	70.38	16.32	0.00
1	5	0.00	0.36	69.06	19.31	0.00
2	2	0.01	0.48	66.69	21.49	0.00
2	6	0.00	0.49	67.31	21.65	0.00
3	3	0.01	0.53	77.78	9.93	0.00
3	7	0.01	2.52	62.49	8.84	0.00
Core	CPU	C1%	C3%	C6%	C8%	C9%
-	-	0.01	0.70	71.93	16.01	0.00
0	0	0.01	0.66	74.32	14.36	0.00
0	4	0.00	0.40	71.25	19.50	0.00
1	1	0.00	0.32	72.76	17.28	0.00
1	5	0.00	0.55	70.39	20.25	0.00
2	2	0.01	0.59	71.02	18.73	0.00
2	6	0.00	0.35	71.44	19.34	0.00
3	3	0.01	0.46	78.46	11.53	0.00
3	7	0.01	2.25	66.22	7.15	0.00
Core	CPU	C1%	C3%	C6%	C8%	C9%
-	-	0.01	0.87	71.59	16.39	0.00
0	0	0.01	0.45	76.53	12.38	0.00
0	4	0.00	1.20	71.02	18.89	0.00
1	1	0.00	0.47	74.09	15.91	0.00
1	5	0.00	0.43	70.70	20.06	0.00
2	2	0.00	0.49	69.03	20.95	0.00
2	6	0.01	0.45	69.39	21.42	0.00
3	3	0.00	0.56	77.86	12.20	0.00
3	7	0.01	2.91	63.49	9.14	0.00
Core	CPU	C1%	C3%	C6%	C8%	C9%
-	-	0.01	0.69	72.03	15.88	0.00
0	0	0.01	0.63	71.37	17.64	0.00
0	4	0.00	0.37	73.34	17.26	0.00
1	1	0.01	0.29	73.13	16.90	0.00
1	5	0.00	0.54	70.15	20.48	0.00
2	2	0.00	0.66	70.45	19.04	0.00
2	6	0.00	0.41	71.52	19.11	0.00
3	3	0.00	0.45	80.50	9.55	0.00
3	7	0.02	2.17	66.35	7.17	0.00
Core	CPU	C1%	C3%	C6%	C8%	C9%
-	-	0.01	0.69	72.45	15.57	0.00
0	0	0.00	0.56	75.94	12.82	0.00
0	4	0.00	0.49	71.27	19.43	0.00
1	1	0.02	0.35	74.17	15.91	0.00
1	5	0.00	0.36	70.42	20.41	0.00
2	2	0.01	0.50	69.84	19.96	0.00
2	6	0.00	0.42	71.18	19.57	0.00
3	3	0.01	0.43	81.57	8.51	0.00
3	7	0.02	2.43	65.24	7.95	0.00
Core	CPU	C1%	C3%	C6%	C8%	C9%
-	-	0.00	1.10	69.56	16.37	0.00
0	0	0.00	0.43	72.62	14.40	0.00
0	4	0.00	0.44	68.43	20.53	0.00
1	1	0.01	2.50	73.32	13.16	0.00
1	5	0.00	0.32	68.38	19.94	0.00
2	2	0.00	0.42	67.46	19.92	0.00
2	6	0.00	0.53	68.50	20.69	0.00
3	3	0.00	0.49	75.52	12.54	0.00
3	7	0.01	3.66	61.62	9.64	0.00
Core	CPU	C1%	C3%	C6%	C8%	C9%
-	-	0.01	0.69	71.56	16.36	0.00
0	0	0.00	0.50	73.28	15.79	0.00
0	4	0.00	0.48	71.64	18.99	0.00
1	1	0.01	0.39	73.89	15.88	0.00
1	5	0.00	0.45	69.63	21.10	0.00
2	2	0.01	0.52	69.63	20.25	0.00
2	6	0.00	0.41	69.81	20.94	0.00
3	3	0.01	0.58	80.12	9.86	0.00
3	7	0.02	2.17	65.12	8.25	0.00
Core	CPU	C1%	C3%	C6%	C8%	C9%
-	-	0.01	0.77	71.73	16.17	0.00
0	0	0.01	0.67	71.52	17.30	0.00
0	4	0.01	0.56	69.29	21.30	0.00
1	1	0.01	0.31	71.46	18.74	0.00
1	5	0.00	0.46	70.34	20.45	0.00
2	2	0.01	0.54	71.18	18.67	0.00
2	6	0.01	0.46	72.87	16.92	0.00
3	3	0.00	0.44	81.29	8.80	0.00
3	7	0.03	2.69	65.88	7.16	0.00
Core	CPU	C1%	C3%	C6%	C8%	C9%
-	-	0.03	0.69	71.71	16.43	0.00
0	0	0.00	0.57	72.78	16.35	0.00
0	4	0.00	0.44	70.39	20.26	0.00
1	1	0.01	0.37	72.19	17.88	0.00
1	5	0.00	0.44	70.06	20.79	0.00
2	2	0.01	0.43	71.23	18.56	0.00
2	6	0.00	0.42	70.03	20.75	0.00
3	3	0.01	0.65	80.83	9.10	0.00
3	7	0.20	2.23	65.50	7.57	0.00
Core	CPU	C1%	C3%	C6%	C8%	C9%
-	-	0.01	0.72	72.55	15.36	0.00
0	0	0.00	0.67	72.07	16.86	0.00
0	4	0.01	0.54	71.57	18.92	0.00
1	1	0.02	0.27	72.68	17.36	0.00
1	5	0.00	0.54	70.35	20.34	0.00
2	2	0.01	0.49	73.52	16.29	0.00
2	6	0.00	0.34	70.64	20.14	0.00
3	3	0.00	0.43	82.19	7.85	0.00
3	7	0.02	2.51	67.89	5.23	0.00
Core	CPU	C1%	C3%	C6%	C8%	C9%
-	-	0.01	0.86	69.93	15.85	0.00
0	0	0.00	0.58	72.31	14.42	0.00
0	4	0.01	0.38	69.41	19.37	0.00
1	1	0.01	1.60	70.44	16.48	0.00
1	5	0.00	0.39	67.71	21.16	0.00
2	2	0.01	0.56	70.38	17.34	0.00
2	6	0.00	0.39	68.50	19.77	0.00
3	3	0.00	0.42	77.26	10.31	0.00
3	7	0.02	2.56	63.26	7.94	0.00
Core	CPU	C1%	C3%	C6%	C8%	C9%
-	-	0.01	0.71	72.30	15.78	0.00
0	0	0.01	0.52	74.94	13.93	0.00
0	4	0.01	0.56	72.16	18.30	0.00
1	1	0.02	0.32	72.59	17.49	0.00
1	5	0.00	0.48	71.18	19.67	0.00
2	2	0.00	0.53	70.55	19.41	0.00
2	6	0.00	0.39	70.60	20.22	0.00
3	3	0.00	0.48	80.56	9.48	0.00
3	7	0.02	2.44	65.46	7.60	0.00
Core	CPU	C1%	C3%	C6%	C8%	C9%
-	-	0.01	0.80	71.36	16.44	0.00
0	0	0.01	0.43	77.13	11.81	0.00
0	4	0.01	0.54	71.84	18.26	0.00
1	1	0.01	0.88	72.61	16.25	0.00
1	5	0.00	0.34	69.94	21.07	0.00
2	2	0.00	0.40	70.02	20.07	0.00
2	6	0.00	0.54	70.48	20.31	0.00
3	3	0.00	0.56	76.72	13.33	0.00
3	7	0.03	2.74	62.41	10.49	0.00
Core	CPU	C1%	C3%	C6%	C8%	C9%
-	-	0.01	0.68	72.72	15.32	0.00
0	0	0.00	0.77	73.21	15.64	0.00
0	4	0.02	0.40	69.90	20.85	0.00
1	1	0.01	0.14	75.58	14.44	0.00
1	5	0.00	0.55	70.25	20.56	0.00
2	2	0.01	0.54	73.72	16.26	0.00
2	6	0.00	0.27	71.72	19.18	0.00
3	3	0.00	0.46	79.84	9.35	0.00
3	7	0.02	2.30	67.14	6.21	0.00
Core	CPU	C1%	C3%	C6%	C8%	C9%
-	-	0.01	0.68	71.39	16.60	0.00
0	0	0.01	0.39	72.21	16.93	0.00
0	4	0.00	0.61	70.20	20.22	0.00
1	1	0.00	0.47	73.92	15.86	0.00
1	5	0.00	0.43	71.31	19.48	0.00
2	2	0.00	0.38	70.68	19.31	0.00
2	6	0.00	0.58	70.41	20.27	0.00
3	3	0.01	0.68	79.22	10.56	0.00
3	7	0.02	1.95	63.20	10.15	0.00
Core	CPU	C1%	C3%	C6%	C8%	C9%
-	-	0.01	1.29	70.61	16.03	0.00
0	0	0.01	0.62	69.61	18.74	0.00
0	4	0.01	0.41	70.39	19.00	0.00
1	1	0.02	2.38	72.28	14.71	0.00
1	5	0.00	0.61	68.86	21.30	0.00
2	2	0.01	0.53	70.67	17.85	0.00
2	6	0.00	0.34	69.55	19.90	0.00
3	3	0.00	0.47	79.24	9.81	0.00
3	7	0.03	4.96	64.29	6.91	0.00
Core	CPU	C1%	C3%	C6%	C8%	C9%
-	-	0.03	0.73	72.19	15.58	0.00
0	0	0.00	0.43	75.59	13.38	0.00
0	4	0.01	0.58	71.61	18.93	0.00
1	1	0.01	0.51	77.36	12.32	0.00
1	5	0.00	0.39	72.81	17.85	0.00
2	2	0.00	0.43	68.19	21.76	0.00
2	6	0.00	0.71	70.57	19.91	0.00
3	3	0.01	0.58	78.39	11.54	0.00
3	7	0.21	2.25	63.65	9.12	0.00
Core	CPU	C1%	C3%	C6%	C8%	C9%
-	-	0.02	0.76	71.94	15.94	0.00
0	0	0.00	0.50	75.03	13.84	0.00
0	4	0.00	0.44	69.84	20.86	0.00
1	1	0.01	0.37	74.31	15.24	0.00
1	5	0.09	0.38	71.61	18.64	0.00
2	2	0.00	0.52	68.98	20.97	0.00
2	6	0.00	0.45	70.66	19.93	0.00
3	3	0.00	0.50	79.10	10.92	0.00
3	7	0.02	2.94	65.75	7.04	0.00
Core	CPU	C1%	C3%	C6%	C8%	C9%
-	-	0.07	0.70	71.73	15.75	0.00
0	0	0.50	0.49	73.68	14.43	0.00
0	4	0.00	0.52	71.60	18.22	0.00
1	1	0.01	0.57	73.72	15.05	0.00
1	5	0.00	0.42	70.79	20.04	0.00
2	2	0.01	0.54	71.20	18.36	0.00
2	6	0.01	0.53	71.52	18.60	0.00
3	3	0.01	0.54	77.67	12.30	0.00
3	7	0.02	2.00	63.93	9.04	0.00
Core	CPU	C1%	C3%	C6%	C8%	C9%
-	-	0.01	0.69	70.65	16.96	0.00
0	0	0.01	0.35	74.06	15.04	0.00
0	4	0.00	0.53	69.54	21.24	0.00
1	1	0.01	0.42	73.84	16.15	0.00
1	5	0.00	0.43	70.13	20.77	0.00
2	2	0.00	0.36	68.96	21.23	0.00
2	6	0.00	0.63	68.61	22.19	0.00
3	3	0.01	0.59	79.32	9.96	0.00
3	7	0.02	2.22	60.11	8.95	0.00
Core	CPU	C1%	C3%	C6%	C8%	C9%
-	-	0.01	1.02	69.63	16.02	0.00
0	0	0.01	0.33	73.10	13.95	0.00
0	4	0.01	0.67	68.09	20.08	0.00
1	1	0.01	2.31	72.17	14.59	0.00
1	5	0.00	0.29	68.77	19.73	0.00
2	2	0.00	0.36	67.44	20.40	0.00
2	6	0.01	0.53	68.21	20.63	0.00
3	3	0.01	0.47	77.84	10.05	0.00
3	7	0.01	3.18	61.77	8.81	0.00
Core	CPU	C1%	C3%	C6%	C8%	C9%
-	-	0.01	0.68	71.72	16.25	0.00
0	0	0.00	0.50	71.86	17.28	0.00
0	4	0.00	0.46	72.48	18.17	0.00
1	1	0.01	0.40	75.70	14.00	0.00
1	5	0.00	0.48	69.67	21.04	0.00
2	2	0.01	0.52	69.84	20.10	0.00
2	6	0.00	0.47	70.22	20.51	0.00
3	3	0.00	0.66	79.83	10.07	0.00
3	7	0.01	1.93	64.46	8.93	0.00
Core	CPU	C1%	C3%	C6%	C8%	C9%
-	-	0.01	0.77	72.49	15.48	0.00
0	0	0.00	0.66	71.46	17.58	0.00
0	4	0.01	0.45	70.55	20.16	0.00
1	1	0.02	0.21	74.52	15.62	0.00
1	5	0.00	0.57	71.62	19.17	0.00
2	2	0.00	0.69	71.25	17.90	0.00
2	6	0.00	0.24	72.11	18.86	0.00
3	3	0.00	0.42	81.01	8.52	0.00
3	7	0.02	2.95	66.83	5.86	0.00
Core	CPU	C1%	C3%	C6%	C8%	C9%
-	-	0.01	0.73	71.97	15.92	0.00
0	0	0.01	0.51	72.91	16.02	0.00
0	4	0.00	0.56	71.13	19.37	0.00
1	1	0.01	0.36	74.18	15.74	0.00
1	5	0.00	0.42	70.58	20.17	0.00
2	2	0.00	0.50	70.92	18.99	0.00
2	6	0.00	0.59	71.99	18.61	0.00
3	3	0.01	0.63	80.26	9.63	0.00
3	7	0.01	2.24	64.26	8.94	0.00
Core	CPU	C1%	C3%	C6%	C8%	C9%
-	-	0.00	0.68	72.07	16.04	0.00
0	0	0.01	0.39	73.96	15.20	0.00
0	4	0.00	0.63	71.89	18.68	0.00
1	1	0.01	0.44	75.56	14.32	0.00
1	5	0.00	0.42	70.89	19.86	0.00
2	2	0.01	0.48	70.26	19.62	0.00
2	6	0.00	0.52	70.27	20.48	0.00
3	3	0.00	0.55	79.30	10.67	0.00
3	7	0.01	2.02	64.00	9.41	0.00
Core	CPU	C1%	C3%	C6%	C8%	C9%
-	-	0.01	1.36	69.73	16.94	0.00
0	0	0.00	0.49	70.53	17.85	0.00
0	4	0.00	0.48	69.49	20.28	0.00
1	1	0.01	2.97	70.43	16.30	0.00
1	5	0.00	0.43	68.33	21.24	0.00
2	2	0.01	0.58	68.60	19.99	0.00
2	6	0.01	0.46	68.69	21.47	0.00
3	3	0.01	0.52	78.86	10.29	0.00
3	7	0.01	4.97	63.04	8.15	0.00
Core	CPU	C1%	C3%	C6%	C8%	C9%
-	-	0.01	0.68	72.22	15.77	0.00
0	0	0.00	0.73	70.81	18.08	0.00
0	4	0.01	0.55	71.03	19.51	0.00
1	1	0.02	0.19	75.28	14.69	0.00
1	5	0.00	0.42	70.35	20.44	0.00
2	2	0.01	0.63	73.83	15.95	0.00
2	6	0.00	0.31	70.66	20.21	0.00
3	3	0.00	0.45	79.93	10.10	0.00
3	7	0.02	2.14	66.21	7.28	0.00
Core	CPU	C1%	C3%	C6%	C8%	C9%
-	-	0.01	0.86	71.29	16.66	0.00
0	0	0.01	0.39	74.65	14.28	0.00
0	4	0.00	0.52	70.54	20.24	0.00
1	1	0.01	0.45	74.26	15.66	0.00
1	5	0.00	0.42	70.64	20.08	0.00
2	2	0.01	1.21	68.78	20.36	0.00
2	6	0.00	0.58	69.26	21.50	0.00
3	3	0.01	0.59	78.79	11.20	0.00
3	7	0.01	2.68	63.04	9.89	0.00
Core	CPU	C1%	C3%	C6%	C8%	C9%
-	-	0.00	0.67	71.50	16.50	0.00
0	0	0.01	0.33	75.24	13.93	0.00
0	4	0.00	0.55	71.85	18.86	0.00
1	1	0.01	0.45	75.37	14.52	0.00
1	5	0.00	0.28	71.58	19.23	0.00
2	2	0.00	0.46	69.21	20.68	0.00
2	6	0.00	0.58	69.10	21.57	0.00
3	3	0.01	0.54	78.99	11.02	0.00
3	7	0.01	2.14	61.04	12.23	0.00
Core	CPU	C1%	C3%	C6%	C8%	C9%
-	-	0.01	0.67	72.64	15.51	0.00
0	0	0.01	0.54	71.49	17.58	0.00
0	4	0.01	0.43	71.35	19.43	0.00
1	1	0.02	0.35	75.57	14.23	0.00
1	5	0.00	0.34	71.32	19.45	0.00
2	2	0.01	0.57	71.65	18.27	0.00
2	6	0.00	0.39	70.96	19.89	0.00
3	3	0.00	0.47	81.53	8.52	0.00
3	7	0.01	2.28	66.70	6.53	0.00
Core	CPU	C1%	C3%	C6%	C8%	C9%
-	-	0.01	1.14	70.26	15.72	0.00
0	0	0.00	0.56	70.85	16.29	0.00
0	4	0.00	0.46	71.95	16.54	0.00
1	1	0.01	2.08	70.83	15.87	0.00
1	5	0.00	0.52	69.17	19.67	0.00
2	2	0.01	0.64	68.20	19.80	0.00
2	6	0.00	0.31	68.98	20.66	0.00
3	3	0.00	0.49	78.48	9.51	0.00
3	7	0.01	4.10	63.69	7.42	0.00
Core	CPU	C1%	C3%	C6%	C8%	C9%
-	-	0.01	0.68	72.77	15.15	0.00
0	0	0.01	0.33	77.85	11.17	0.00
0	4	0.00	0.56	74.33	16.25	0.00
1	1	0.01	0.41	74.75	15.09	0.00
1	5	0.00	0.25	72.12	18.78	0.00
2	2	0.00	0.44	69.38	20.59	0.00
2	6	0.00	0.62	70.22	20.41	0.00
3	3	0.01	0.51	80.45	9.42	0.00
3	7	0.02	2.28	63.55	9.62	0.00
Core	CPU	C1%	C3%	C6%	C8%	C9%
-	-	0.01	0.77	71.62	16.33	0.00
0	0	0.01	0.42	75.24	13.85	0.00
0	4	0.00	0.51	74.09	16.46	0.00
1	1	0.01	0.44	71.91	18.14	0.00
1	5	0.00	0.64	69.77	20.17	0.00
2	2	0.00	0.48	69.61	20.35	0.00
2	6	0.00	0.56	69.65	21.10	0.00
3	3	0.01	0.53	78.87	11.22	0.00
3	7	0.01	2.62	63.58	9.30	0.00
Core	CPU	C1%	C3%	C6%	C8%	C9%
-	-	0.01	0.68	72.94	14.88	0.00
0	0	0.00	0.64	72.90	16.08	0.00
0	4	0.01	0.50	76.64	13.74	0.00
1	1	0.02	0.13	73.49	16.77	0.00
1	5	0.00	0.50	71.44	19.32	0.00
2	2	0.03	0.72	71.07	17.06	0.00
2	6	0.00	0.24	70.71	20.22	0.00
3	3	0.00	0.42	80.47	9.58	0.00
3	7	0.01	2.28	66.62	6.23	0.00
Core	CPU	C1%	C3%	C6%	C8%	C9%
-	-	0.01	0.67	72.49	15.47	0.00
0	0	0.00	0.72	75.38	13.37	0.00
0	4	0.01	0.46	71.91	18.71	0.00
1	1	0.01	0.25	74.66	15.21	0.00
1	5	0.00	0.46	70.03	20.74	0.00
2	2	0.01	0.57	71.03	18.89	0.00
2	6	0.00	0.33	71.71	19.12	0.00
3	3	0.00	0.47	79.84	10.17	0.00
3	7	0.01	2.13	65.80	7.69	0.00
Core	CPU	C1%	C3%	C6%	C8%	C9%
-	-	0.01	1.12	69.79	16.11	0.00
0	0	0.00	0.56	72.02	15.07	0.00
0	4	0.01	0.50	67.65	21.30	0.00
1	1	0.02	2.14	72.72	13.94	0.00
1	5	0.00	0.37	68.88	20.19	0.00
2	2	0.01	0.55	67.38	20.09	0.00
2	6	0.00	0.40	67.72	21.15	0.00
3	3	0.01	0.48	77.60	9.79	0.00
3	7	0.02	3.94	63.91	7.21	0.00
Core	CPU	C1%	C3%	C6%	C8%	C9%
-	-	0.01	0.67	72.08	15.89	0.00
0	0	0.00	0.62	75.59	13.20	0.00
0	4	0.01	0.44	71.42	19.21	0.00
1	1	0.01	0.29	73.04	17.06	0.00
1	5	0.00	0.51	70.99	19.72	0.00
2	2	0.00	0.56	71.08	18.86	0.00
2	6	0.00	0.38	72.07	18.73	0.00
3	3	0.00	0.38	78.53	11.46	0.00
3	7	0.01	2.22	64.36	9.01	0.00
Core	CPU	C1%	C3%	C6%	C8%	C9%
-	-	0.02	0.74	72.08	15.84	0.00
0	0	0.00	0.65	70.82	18.09	0.00
0	4	0.00	0.37	69.32	21.45	0.00
1	1	0.00	0.33	73.36	16.77	0.00
1	5	0.00	0.67	72.45	18.18	0.00
2	2	0.01	0.45	72.88	17.05	0.00
2	6	0.00	0.35	71.19	19.67	0.00
3	3	0.08	0.56	80.49	8.50	0.00
3	7	0.02	2.56	66.14	7.04	0.00
Core	CPU	C1%	C3%	C6%	C8%	C9%
-	-	0.01	0.69	72.44	15.61	0.00
0	0	0.01	0.38	74.76	14.30	0.00
0	4	0.00	0.57	71.69	18.97	0.00
1	1	0.01	0.40	75.98	13.99	0.00
1	5	0.00	0.38	71.21	19.56	0.00
2	2	0.00	0.45	69.17	20.78	0.00
2	6	0.00	0.54	70.10	20.62	0.00
3	3	0.00	0.55	81.35	8.59	0.00
3	7	0.01	2.26	65.27	8.07	0.00
Core	CPU	C1%	C3%	C6%	C8%	C9%
-	-	0.01	0.68	71.97	16.20	0.00
0	0	0.00	0.52	74.73	14.16	0.00
0	4	0.00	0.51	71.59	19.13	0.00
1	1	0.01	0.44	73.06	16.94	0.00
1	5	0.00	0.49	71.59	19.14	0.00
2	2	0.01	0.47	70.69	19.29	0.00
2	6	0.01	0.46	71.75	18.97	0.00
3	3	0.01	0.55	78.09	11.89	0.00
3	7	0.02	1.98	63.65	9.90	0.00
Core	CPU	C1%	C3%	C6%	C8%	C9%
-	-	0.01	1.15	70.02	16.27	0.00
0	0	0.00	0.55	72.57	14.80	0.00
0	4	0.00	0.48	70.66	18.98	0.00
1	1	0.01	2.57	71.39	15.23	0.00
1	5	0.00	0.35	69.08	20.10	0.00
2	2	0.00	0.50	69.11	19.38	0.00
2	6	0.00	0.52	68.66	20.19	0.00
3	3	0.01	0.56	76.71	12.25	0.00
3	7	0.02	3.66	61.97	9.26	0.00
Core	CPU	C1%	C3%	C6%	C8%	C9%
-	-	0.01	0.67	72.99	15.00	0.00
0	0	0.01	0.66	75.51	13.27	0.00
0	4	0.00	0.24	72.39	18.53	0.00
1	1	0.01	0.29	74.48	15.47	0.00
1	5	0.00	0.46	71.23	19.45	0.00
2	2	0.01	0.57	72.04	17.85	0.00
2	6	0.00	0.37	70.61	20.19	0.00
3	3	0.01	0.44	80.78	9.21	0.00
3	7	0.02	2.34	67.27	6.08	0.00
Core	CPU	C1%	C3%	C6%	C8%	C9%
-	-	0.01	0.87	69.00	18.04	0.00
0	0	0.01	0.57	71.72	16.70	0.00
0	4	0.00	0.39	68.51	22.37	0.00
1	1	0.01	0.38	69.76	19.44	0.00
1	5	0.00	1.06	67.69	22.27	0.00
2	2	0.00	0.43	68.13	21.74	0.00
2	6	0.00	0.44	67.40	23.36	0.00
3	3	0.01	0.66	78.14	11.10	0.00
3	7	0.01	3.05	60.88	7.37	0.00
Core	CPU	C1%	C3%	C6%	C8%	C9%
-	-	0.00	0.69	72.21	15.94	0.00
0	0	0.00	0.56	77.87	10.95	0.00
0	4	0.00	0.42	73.48	17.21	0.00
1	1	0.00	0.44	71.35	18.63	0.00
1	5	0.00	0.44	69.96	20.88	0.00
2	2	0.00	0.56	71.34	18.56	0.00
2	6	0.00	0.53	72.38	18.35	0.00
3	3	0.00	0.65	77.17	12.79	0.00
3	7	0.01	1.91	63.51	9.98	0.00
Core	CPU	C1%	C3%	C6%	C8%	C9%
-	-	0.01	0.69	72.16	15.73	0.00
0	0	0.00	0.47	72.10	16.98	0.00
0	4	0.00	0.56	72.26	18.23	0.00
1	1	0.01	0.40	75.08	14.29	0.00
1	5	0.00	0.39	70.43	20.42	0.00
2	2	0.00	0.50	70.54	19.42	0.00
2	6	0.00	0.50	71.09	19.62	0.00
3	3	0.01	0.43	80.93	9.01	0.00
3	7	0.01	2.30	65.08	7.93	0.00
Core	CPU	C1%	C3%	C6%	C8%	C9%
-	-	0.01	1.15	69.79	16.72	0.00
0	0	0.00	0.62	69.56	17.83	0.00
0	4	0.00	0.46	69.12	20.73	0.00
1	1	0.01	2.10	72.85	13.83	0.00
1	5	0.00	0.40	67.40	22.51	0.00
2	2	0.01	0.58	69.44	19.24	0.00
2	6	0.00	0.42	69.40	19.59	0.00
3	3	0.00	0.52	76.64	12.43	0.00
3	7	0.02	4.07	63.77	7.57	0.00
Core	CPU	C1%	C3%	C6%	C8%	C9%
-	-	0.01	0.71	72.76	15.19	0.00
0	0	0.00	0.76	70.86	17.97	0.00
0	4	0.01	0.44	69.58	21.01	0.00
1	1	0.01	0.18	75.99	13.97	0.00
1	5	0.00	0.49	70.50	20.22	0.00
2	2	0.02	0.63	71.70	18.21	0.00
2	6	0.00	0.26	71.72	19.10	0.00
3	3	0.00	0.37	82.86	7.12	0.00
3	7	0.03	2.52	69.28	4.03	0.00
Core	CPU	C1%	C3%	C6%	C8%	C9%
-	-	0.01	0.76	71.91	16.02	0.00
0	0	0.01	0.67	72.15	16.90	0.00
0	4	0.01	0.38	70.56	20.24	0.00
1	1	0.01	0.27	77.04	12.84	0.00
1	5	0.00	0.57	70.40	20.22	0.00
2	2	0.01	0.53	71.04	18.97	0.00
2	6	0.00	0.41	71.31	19.47	0.00
3	3	0.00	0.80	78.68	10.46	0.00
3	7	0.02	2.44	64.10	9.06	0.00
Core	CPU	C1%	C3%	C6%	C8%	C9%
-	-	0.01	0.70	72.46	15.69	0.00
0	0	0.00	0.68	71.91	17.13	0.00
0	4	0.01	0.45	70.05	20.70	0.00
1	1	0.01	0.26	76.40	13.47	0.00
1	5	0.00	0.46	70.29	20.44	0.00
2	2	0.01	0.58	71.94	18.04	0.00
2	6	0.00	0.39	71.59	19.20	0.00
3	3	0.00	0.41	80.32	9.67	0.00
3	7	0.02	2.36	66.58	6.72	0.00
Core	CPU	C1%	C3%	C6%	C8%	C9%
-	-	0.01	0.69	71.54	16.38	0.00
0	0	0.01	0.61	73.03	15.95	0.00
0	4	0.01	0.46	70.87	19.79	0.00
1	1	0.01	0.42	73.47	16.29	0.00
1	5	0.00	0.42	69.01	21.79	0.00
2	2	0.01	0.49	71.22	18.68	0.00
2	6	0.00	0.54	70.79	19.82	0.00
3	3	0.01	0.61	79.62	10.21	0.00
3	7	0.01	1.98	64.85	8.68	0.00
Core	CPU	C1%	C3%	C6%	C8%	C9%
-	-	0.01	1.20	70.82	15.82	0.00
0	0	0.01	0.49	72.95	15.38	0.00
0	4	0.00	0.55	70.16	19.84	0.00
1	1	0.03	2.21	71.59	15.13	0.00
1	5	0.00	0.40	70.73	19.11	0.00
2	2	0.00	0.47	68.32	20.39	0.00
2	6	0.00	0.27	69.01	20.84	0.00
3	3	0.00	0.50	79.11	8.85	0.00
3	7	0.02	4.71	64.25	6.91	0.00
Core	CPU	C1%	C3%	C6%	C8%	C9%
-	-	0.01	0.72	72.56	15.49	0.00
0	0	0.00	0.69	71.16	17.85	0.00
0	4	0.01	0.47	70.06	20.62	0.00
1	1	0.02	0.18	76.32	13.70	0.00
1	5	0.00	0.71	71.48	19.05	0.00
2	2	0.01	0.67	70.02	19.85	0.00
2	6	0.00	0.30	70.95	19.88	0.00
3	3	0.00	0.41	82.25	7.74	0.00
3	7	0.01	2.34	68.14	5.23	0.00
Core	CPU	C1%	C3%	C6%	C8%	C9%
-	-	0.01	0.86	71.56	16.03	0.00
0	0	0.00	0.57	72.26	16.68	0.00
0	4	0.01	1.16	71.54	18.37	0.00
1	1	0.00	0.32	75.25	14.59	0.00
1	5	0.00	0.49	70.40	20.40	0.00
2	2	0.01	0.58	70.66	18.67	0.00
2	6	0.00	0.39	69.67	20.77	0.00
3	3	0.00	0.54	78.16	11.09	0.00
3	7	0.03	2.88	65.20	7.81	0.00
Core	CPU	C1%	C3%	C6%	C8%	C9%
-	-	0.01	0.72	72.12	15.96	0.00
0	0	0.00	0.51	73.93	15.10	0.00
0	4	0.00	0.52	75.27	15.06	0.00
1	1	0.01	0.49	70.91	18.88	0.00
1	5	0.00	0.51	70.02	20.69	0.00
2	2	0.00	0.41	69.72	20.28	0.00
2	6	0.00	0.48	70.56	20.20	0.00
3	3	0.01	0.62	81.32	8.55	0.00
3	7	0.01	2.19	64.56	8.74	0.00
Core	CPU	C1%	C3%	C6%	C8%	C9%
-	-	0.01	0.68	73.00	14.92	0.00
0	0	0.00	0.65	75.38	13.42	0.00
0	4	0.01	0.48	72.37	18.10	0.00
1	1	0.01	0.27	74.03	15.91	0.00
1	5	0.00	0.39	73.21	17.60	0.00
2	2	0.01	0.55	72.09	17.82	0.00
2	6	0.00	0.32	71.41	19.45	0.00
3	3	0.00	0.50	79.99	9.92	0.00
3	7	0.02	2.27	66.06	7.24	0.00
Core	CPU	C1%	C3%	C6%	C8%	C9%
-	-	0.01	1.15	70.08	16.17	0.00
0	0	0.01	0.42	73.50	13.76	0.00
0	4	0.01	0.62	70.92	18.01	0.00
1	1	0.01	2.36	70.55	16.08	0.00
1	5	0.00	0.37	69.80	19.46	0.00
2	2	0.00	0.45	67.15	21.24	0.00
2	6	0.00	0.52	68.66	20.44	0.00
3	3	0.01	0.39	77.39	11.50	0.00
3	7	0.02	4.10	62.42	8.78	0.00
Core	CPU	C1%	C3%	C6%	C8%	C9%
-	-	0.01	0.65	72.14	15.98	0.00
0	0	0.01	0.51	73.08	15.91	0.00
0	4	0.01	0.42	71.34	19.41	0.00
1	1	0.01	0.38	74.79	15.12	0.00
1	5	0.00	0.42	71.03	19.81	0.00
2	2	0.01	0.46	70.87	19.14	0.00
2	6	0.00	0.49	71.60	19.13	0.00
3	3	0.01	0.51	79.43	10.53	0.00
3	7	0.02	2.01	64.79	8.76	0.00
Core	CPU	C1%	C3%	C6%	C8%	C9%
-	-	0.01	0.82	72.36	15.53	0.00
0	0	0.00	0.55	74.92	14.03	0.00
0	4	0.01	1.15	70.37	19.46	0.00
1	1	0.01	0.31	74.29	15.77	0.00
1	5	0.00	0.44	72.19	18.61	0.00
2	2	0.01	0.53	71.10	18.84	0.00
2	6	0.00	0.49	71.63	19.04	0.00
3	3	0.01	0.52	80.15	9.79	0.00
3	7	0.02	2.60	64.22	8.73	0.00
Core	CPU	C1%	C3%	C6%	C8%	C9%
-	-	0.01	0.69	72.41	15.51	0.00
0	0	0.00	0.59	71.54	17.41	0.00
0	4	0.00	0.48	73.31	17.17	0.00
1	1	0.02	0.30	73.33	16.64	0.00
1	5	0.00	0.51	71.98	18.70	0.00
2	2	0.01	0.63	71.21	18.68	0.00
2	6	0.00	0.42	72.05	18.65	0.00
3	3	0.00	0.43	80.21	9.74	0.00
3	7	0.01	2.18	66.25	7.25	0.00
Core	CPU	C1%	C3%	C6%	C8%	C9%
-	-	0.01	0.76	72.95	15.04	0.00
0	0	0.00	0.50	73.45	15.61	0.00
0	4	0.01	0.62	73.41	17.02	0.00
1	1	0.01	0.45	77.91	11.72	0.00
1	5	0.00	0.46	70.69	20.08	0.00
2	2	0.01	0.47	70.64	19.31	0.00
2	6	0.01	0.55	69.84	20.80	0.00
3	3	0.01	0.62	81.26	8.48	0.00
3	7	0.01	2.41	65.79	7.18	0.00
Core	CPU	C1%	C3%	C6%	C8%	C9%
-	-	0.01	1.02	69.65	16.29	0.00
0	0	0.00	0.47	70.84	16.53	0.00
0	4	0.00	0.53	73.36	15.23	0.00
1	1	0.03	1.25	70.34	16.29	0.00
1	5	0.00	0.32	69.42	19.64	0.00
2	2	0.00	0.57	65.46	22.55	0.00
2	6	0.00	0.49	67.00	21.84	0.00
3	3	0.00	0.56	78.20	9.82	0.00
3	7	0.01	3.94	62.59	8.41	0.00
Core	CPU	C1%	C3%	C6%	C8%	C9%
-	-	0.02	0.71	71.77	15.82	0.00
0	0	0.04	0.60	74.11	14.30	0.00
0	4	0.00	0.43	74.13	16.39	0.00
1	1	0.01	0.37	72.17	17.43	0.00
1	5	0.00	0.43	69.32	20.93	0.00
2	2	0.01	0.61	70.92	18.11	0.00
2	6	0.00	0.48	70.37	20.22	0.00
3	3	0.00	0.55	79.15	10.62	0.00
3	7	0.07	2.19	64.01	8.56	0.00
Core	CPU	C1%	C3%	C6%	C8%	C9%
-	-	0.01	0.87	72.13	15.61	0.00
0	0	0.00	0.64	74.28	14.65	0.00
0	4	0.00	1.21	71.40	18.45	0.00
1	1	0.01	0.32	74.17	15.77	0.00
1	5	0.00	0.48	69.63	21.17	0.00
2	2	0.01	0.56	71.52	18.45	0.00
2	6	0.00	0.36	71.00	19.64	0.00
3	3	0.00	0.49	80.58	8.99	0.00
3	7	0.01	2.86	65.06	7.93	0.00
Core	CPU	C1%	C3%	C6%	C8%	C9%
-	-	0.01	0.71	72.66	15.32	0.00
0	0	0.01	0.65	71.84	17.23	0.00
0	4	0.01	0.47	73.72	16.85	0.00
1	1	0.01	0.28	74.71	15.06	0.00
1	5	0.00	0.50	71.10	19.67	0.00
2	2	0.01	0.58	70.10	19.81	0.00
2	6	0.00	0.40	70.18	20.51	0.00
3	3	0.00	0.50	82.44	7.41	0.00
3	7	0.01	2.36	67.26	6.04	0.00
Core	CPU	C1%	C3%	C6%	C8%	C9%
-	-	0.01	0.71	70.23	17.23	0.00
0	0	0.01	0.55	68.83	20.19	0.00
0	4	0.00	0.52	68.88	21.80	0.00
1	1	0.02	0.39	74.80	15.14	0.00
1	5	0.00	0.37	68.80	21.96	0.00
2	2	0.00	0.52	69.41	20.45	0.00
2	6	0.00	0.46	69.15	21.73	0.00
3	3	0.00	0.48	78.90	10.32	0.00
3	7	0.01	2.37	62.58	6.09	0.00
Core	CPU	C1%	C3%	C6%	C8%	C9%
-	-	0.00	0.98	69.64	16.22	0.00
0	0	0.01	0.52	69.69	17.36	0.00
0	4	0.00	0.43	71.27	17.39	0.00
1	1	0.00	2.26	69.36	17.01	0.00
1	5	0.00	0.46	71.19	17.59	0.00
2	2	0.00	0.51	67.68	20.19	0.00
2	6	0.00	0.45	67.72	20.91	0.00
3	3	0.00	0.56	77.10	10.97	0.00
3	7	0.01	2.70	62.98	8.29	0.00
Core	CPU	C1%	C3%	C6%	C8%	C9%
-	-	0.00	0.69	71.33	16.65	0.00
0	0	0.00	0.43	73.44	15.51	0.00
0	4	0.00	0.42	71.75	18.85	0.00
1	1	0.01	0.43	71.57	18.43	0.00
1	5	0.00	0.47	71.92	18.68	0.00
2	2	0.00	0.55	68.65	21.21	0.00
2	6	0.00	0.52	70.53	20.15	0.00
3	3	0.01	0.48	79.63	10.32	0.00
3	7	0.01	2.22	63.28	10.08	0.00
Core	CPU	C1%	C3%	C6%	C8%	C9%
-	-	0.01	0.83	72.79	15.03	0.00
0	0	0.00	0.63	74.68	14.24	0.00
0	4	0.01	1.22	70.55	19.29	0.00
1	1	0.01	0.36	74.80	15.06	0.00
1	5	0.00	0.41	72.56	18.28	0.00
2	2	0.01	0.52	72.39	17.61	0.00
2	6	0.00	0.46	72.91	17.82	0.00
3	3	0.01	0.45	79.69	10.39	0.00
3	7	0.02	2.62	65.25	7.70	0.00
Core	CPU	C1%	C3%	C6%	C8%	C9%
-	-	0.00	0.71	71.58	16.44	0.00
0	0	0.01	0.44	73.15	16.06	0.00
0	4	0.00	0.65	72.59	17.84	0.00
1	1	0.00	0.45	72.42	17.48	0.00
1	5	0.00	0.35	70.10	20.59	0.00
2	2	0.00	0.51	69.05	20.90	0.00
2	6	0.00	0.55	70.89	19.72	0.00
3	3	0.00	0.52	79.39	10.58	0.00
3	7	0.01	2.26	65.01	8.35	0.00
Core	CPU	C1%	C3%	C6%	C8%	C9%
-	-	0.03	0.70	72.00	15.99	0.00
0	0	0.00	0.60	71.79	17.20	0.00
0	4	0.01	0.50	70.96	19.61	0.00
1	1	0.01	0.34	73.39	16.47	0.00
1	5	0.00	0.47	70.98	19.76	0.00
2	2	0.01	0.56	70.55	19.41	0.00
2	6	0.00	0.43	72.02	18.66	0.00
3	3	0.00	0.40	80.01	10.06	0.00
3	7	0.21	2.32	66.36	6.77	0.00
Core	CPU	C1%	C3%	C6%	C8%	C9%
-	-	0.01	1.27	70.51	16.46	0.00
0	0	0.00	0.49	71.26	17.09	0.00
0	4	0.01	0.37	68.09	22.66	0.00
1	1	0.01	2.43	72.07	14.81	0.00
1	5	0.00	0.43	69.32	20.63	0.00
2	2	0.00	0.46	70.05	19.18	0.00
2	6	0.00	0.52	69.30	20.77	0.00
3	3	0.00	0.50	78.45	9.95	0.00
3	7	0.02	4.98	64.91	6.39	0.00
Core	CPU	C1%	C3%	C6%	C8%	C9%
-	-	0.01	0.71	72.91	14.99	0.00
0	0	0.00	0.63	76.46	12.40	0.00
0	4	0.01	0.50	71.38	19.26	0.00
1	1	0.00	0.27	74.77	15.21	0.00
1	5	0.00	0.40	71.58	19.17	0.00
2	2	0.00	0.47	70.82	19.18	0.00
2	6	0.00	0.57	71.80	18.71	0.00
3	3	0.01	0.52	81.40	8.56	0.00
3	7	0.02	2.31	65.75	7.55	0.00
Core	CPU	C1%	C3%	C6%	C8%	C9%
-	-	0.00	0.86	71.40	16.52	0.00
0	0	0.00	0.49	72.40	16.65	0.00
0	4	0.00	1.23	70.06	19.83	0.00
1	1	0.00	0.44	74.47	15.44	0.00
1	5	0.00	0.45	71.43	19.33	0.00
2	2	0.00	0.57	68.96	20.96	0.00
2	6	0.00	0.58	70.53	20.12	0.00
3	3	0.01	0.50	79.42	10.62	0.00
3	7	0.01	2.59	63.93	9.18	0.00
Core	CPU	C1%	C3%	C6%	C8%	C9%
-	-	0.01	0.69	71.83	16.23	0.00
0	0	0.00	0.52	75.79	13.13	0.00
0	4	0.00	0.52	69.92	20.79	0.00
1	1	0.01	0.37	74.21	15.82	0.00
1	5	0.00	0.45	71.59	19.17	0.00
2	2	0.00	0.49	70.51	19.39	0.00
2	6	0.00	0.42	69.96	20.79	0.00
3	3	0.01	0.46	78.96	11.06	0.00
3	7	0.02	2.29	63.62	9.68	0.00
Core	CPU	C1%	C3%	C6%	C8%	C9%
-	-	0.01	0.71	72.51	15.46	0.00
0	0	0.01	0.72	72.37	16.64	0.00
0	4	0.01	0.41	71.68	19.04	0.00
1	1	0.02	0.24	73.07	16.99	0.00
1	5	0.00	0.50	69.37	21.38	0.00
2	2	0.01	0.57	73.16	16.77	0.00
2	6	0.00	0.35	72.92	17.79	0.00
3	3	0.00	0.47	80.17	9.01	0.00
3	7	0.01	2.46	67.16	6.00	0.00
Core	CPU	C1%	C3%	C6%	C8%	C9%
-	-	0.01	0.99	70.43	15.32	0.00
0	0	0.00	0.55	68.96	18.23	0.00
0	4	0.01	0.47	68.38	20.31	0.00
1	1	0.01	2.02	72.62	13.99	0.00
1	5	0.00	0.51	69.82	18.37	0.00
2	2	0.01	0.58	70.18	17.96	0.00
2	6	0.00	0.47	69.98	18.16	0.00
3	3	0.00	0.49	78.55	9.09	0.00
3	7	0.01	2.82	64.66	6.41	0.00
Core	CPU	C1%	C3%	C6%	C8%	C9%
-	-	0.04	0.69	72.11	15.91	0.00
0	0	0.01	0.60	71.68	17.34	0.00
0	4	0.00	0.48	71.89	18.79	0.00
1	1	0.02	0.36	72.57	17.37	0.00
1	5	0.00	0.33	71.02	19.90	0.00
2	2	0.01	0.60	72.59	17.25	0.00
2	6	0.01	0.40	72.87	17.86	0.00
3	3	0.00	0.46	78.78	11.21	0.00
3	7	0.31	2.28	65.42	7.52	0.00
Core	CPU	C1%	C3%	C6%	C8%	C9%
-	-	0.01	0.87	71.12	16.59	0.00
0	0	0.00	0.52	73.71	15.19	0.00
0	4	0.00	0.51	71.45	19.21	0.00
1	1	0.02	0.99	72.67	16.19	0.00
1	5	0.00	0.47	71.05	19.66	0.00
2	2	0.01	0.53	69.62	20.25	0.00
2	6	0.00	0.52	70.02	20.67	0.00
3	3	0.01	0.52	77.71	12.31	0.00
3	7	0.02	2.89	63.31	9.42	0.00
Core	CPU	C1%	C3%	C6%	C8%	C9%
-	-	0.01	0.70	72.36	15.78	0.00
0	0	0.00	0.54	73.79	15.26	0.00
0	4	0.01	0.56	71.48	19.11	0.00
1	1	0.01	0.28	74.79	15.17	0.00
1	5	0.00	0.50	72.45	18.26	0.00
2	2	0.00	0.52	70.64	19.35	0.00
2	6	0.00	0.37	71.35	19.53	0.00
3	3	0.01	0.36	79.06	11.05	0.00
3	7	0.02	2.47	64.78	8.35	0.00
Core	CPU	C1%	C3%	C6%	C8%	C9%
-	-	0.01	0.69	71.97	15.98	0.00
0	0	0.01	0.66	72.75	16.10	0.00
0	4	0.01	0.32	71.32	19.38	0.00
1	1	0.01	0.26	74.03	15.96	0.00
1	5	0.00	0.55	71.96	18.71	0.00
2	2	0.01	0.49	72.42	17.52	0.00
2	6	0.00	0.35	70.24	20.50	0.00
3	3	0.00	0.54	78.47	11.47	0.00
3	7	0.02	2.34	64.95	8.29	0.00
Core	CPU	C1%	C3%	C6%	C8%	C9%
-	-	0.01	1.19	70.18	16.21	0.00
0	0	0.01	0.55	72.19	14.95	0.00
0	4	0.01	0.38	67.72	21.07	0.00
1	1	0.01	1.86	71.70	15.08	0.00
1	5	0.00	0.63	69.26	20.02	0.00
2	2	0.01	0.44	68.59	20.33	0.00
2	6	0.00	0.34	68.02	21.60	0.00
3	3	0.00	0.52	79.09	10.07	0.00
3	7	0.02	4.75	64.54	6.51	0.00
Core	CPU	C1%	C3%	C6%	C8%	C9%
-	-	0.01	0.66	72.55	15.49	0.00
0	0	0.01	0.54	74.46	14.63	0.00
0	4	0.01	0.62	76.42	13.93	0.00
1	1	0.01	0.31	73.20	16.55	0.00
1	5	0.00	0.30	70.87	20.06	0.00
2	2	0.00	0.57	70.54	19.35	0.00
2	6	0.00	0.47	71.70	19.04	0.00
3	3	0.01	0.45	78.81	11.26	0.00
3	7	0.02	2.05	64.32	9.09	0.00
Core	CPU	C1%	C3%	C6%	C8%	C9%
-	-	0.01	0.77	72.68	15.17	0.00
0	0	0.01	0.63	74.76	14.09	0.00
0	4	0.01	0.43	71.63	19.09	0.00
1	1	0.01	0.27	74.47	15.53	0.00
1	5	0.00	0.40	71.21	19.35	0.00
2	2	0.00	0.57	71.52	18.37	0.00
2	6	0.00	0.33	71.50	19.33	0.00
3	3	0.00	1.15	80.20	8.93	0.00
3	7	0.02	2.40	66.51	6.72	0.00
Core	CPU	C1%	C3%	C6%	C8%	C9%
-	-	0.01	0.71	72.80	15.20	0.00
0	0	0.00	0.56	73.49	15.58	0.00
0	4	0.01	0.51	71.44	19.18	0.00
1	1	0.01	0.33	75.87	13.93	0.00
1	5	0.00	0.53	70.65	20.00	0.00
2	2	0.00	0.53	71.59	18.34	0.00
2	6	0.00	0.36	70.60	20.17	0.00
3	3	0.00	0.47	81.60	8.38	0.00
3	7	0.02	2.41	67.21	6.02	0.00
Core	CPU	C1%	C3%	C6%	C8%	C9%
-	-	0.01	0.69	72.52	15.55	0.00
0	0	0.01	0.62	72.37	16.57	0.00
0	4	0.00	0.61	75.78	14.44	0.00
1	1	0.01	0.30	72.45	17.61	0.00
1	5	0.00	0.42	71.52	19.22	0.00
2	2	0.01	0.50	71.56	18.41	0.00
2	6	0.00	0.41	71.91	18.92	0.00
3	3	0.00	0.55	79.11	10.87	0.00
3	7	0.02	2.07	65.12	8.29	0.00
Core	CPU	C1%	C3%	C6%	C8%	C9%
-	-	0.01	0.90	68.92	16.90	0.00
0	0	0.00	0.44	70.26	16.94	0.00
0	4	0.00	0.43	71.13	17.46	0.00
1	1	0.01	2.18	68.92	17.36	0.00
1	5	0.00	0.36	67.75	21.24	0.00
2	2	0.01	0.47	67.65	19.78	0.00
2	6	0.01	0.61	69.24	19.93	0.00
3	3	0.01	0.52	74.87	12.58	0.00
3	7	0.02	2.16	61.51	9.93	0.00
Core	CPU	C1%	C3%	C6%	C8%	C9%
-	-	0.01	0.70	72.12	15.83	0.00
0	0	0.00	0.45	75.24	13.66	0.00
0	4	0.00	0.53	71.51	19.15	0.00
1	1	0.01	0.35	72.89	17.21	0.00
1	5	0.00	0.42	72.42	18.31	0.00
2	2	0.00	0.60	70.21	19.61	0.00
2	6	0.01	0.53	71.48	19.14	0.00
3	3	0.01	0.45	79.85	10.17	0.00
3	7	0.01	2.29	63.77	9.50	0.00
Core	CPU	C1%	C3%	C6%	C8%	C9%
-	-	0.01	0.90	69.73	17.31	0.00
0	0	0.00	0.44	72.08	16.72	0.00
0	4	0.00	0.56	70.61	19.77	0.00
1	1	0.01	0.42	71.26	18.33	0.00
1	5	0.00	1.36	69.74	20.30	0.00
2	2	0.00	0.42	70.43	19.79	0.00
2	6	0.00	0.55	68.85	21.80	0.00
3	3	0.01	0.56	75.05	13.68	0.00
3	7	0.02	2.90	59.99	8.17	0.00
Core	CPU	C1%	C3%	C6%	C8%	C9%
-	-	0.01	0.70	72.29	15.75	0.00
0	0	0.00	0.64	73.10	15.88	0.00
0	4	0.01	0.48	70.51	20.20	0.00
1	1	0.01	0.32	74.38	15.58	0.00
1	5	0.00	0.48	72.69	17.98	0.00
2	2	0.00	0.51	70.97	18.96	0.00
2	6	0.00	0.42	71.95	18.85	0.00
3	3	0.01	0.53	79.66	10.27	0.00
3	7	0.02	2.20	65.03	8.32	0.00
Core	CPU	C1%	C3%	C6%	C8%	C9%
-	-	0.01	0.72	71.65	16.28	0.00
0	0	0.01	0.50	73.83	15.23	0.00
0	4	0.00	0.51	72.80	17.71	0.00
1	1	0.01	0.48	72.86	16.51	0.00
1	5	0.00	0.43	71.13	19.60	0.00
2	2	0.00	0.54	69.15	20.73	0.00
2	6	0.00	0.57	70.49	20.17	0.00
3	3	0.01	0.56	79.11	10.84	0.00
3	7	0.01	2.19	63.91	9.44	0.00
Core	CPU	C1%	C3%	C6%	C8%	C9%
-	-	0.01	0.98	69.17	16.72	0.00
0	0	0.01	0.54	70.78	16.32	0.00
0	4	0.00	0.49	69.80	18.96	0.00
1	1	0.01	1.22	68.56	18.04	0.00
1	5	0.00	0.37	67.80	20.44	0.00
2	2	0.00	0.45	67.93	19.53	0.00
2	6	0.00	0.47	68.29	20.95	0.00
3	3	0.00	0.54	76.02	12.03	0.00
3	7	0.02	3.77	63.71	7.34	0.00
Core	CPU	C1%	C3%	C6%	C8%	C9%
-	-	0.01	0.66	72.14	15.81	0.00
0	0	0.01	0.55	71.35	17.74	0.00
0	4	0.01	0.42	70.63	20.03	0.00
1	1	0.02	0.34	74.90	14.85	0.00
1	5	0.00	0.46	72.94	17.66	0.00
2	2	0.00	0.46	71.40	18.61	0.00
2	6	0.00	0.36	70.06	20.70	0.00
3	3	0.01	0.52	80.21	9.76	0.00
3	7	0.02	2.19	66.16	7.24	0.00
Core	CPU	C1%	C3%	C6%	C8%	C9%
-	-	0.01	0.79	71.92	15.98	0.00
0	0	0.00	0.50	76.95	12.05	0.00
0	4	0.01	0.46	71.67	18.79	0.00
1	1	0.01	0.29	73.62	16.31	0.00
1	5	0.00	0.38	70.12	20.72	0.00
2	2	0.00	0.48	69.36	20.64	0.00
2	6	0.00	1.11	69.90	19.99	0.00
3	3	0.00	0.50	79.41	10.59	0.00
3	7	0.02	2.58	64.31	8.76	0.00
Core	CPU	C1%	C3%	C6%	C8%	C9%
-	-	0.01	0.69	72.52	15.52	0.00
0	0	0.00	0.52	73.43	15.63	0.00
0	4	0.01	0.57	70.84	19.81	0.00
1	1	0.01	0.36	76.49	13.34	0.00
1	5	0.00	0.39	72.37	18.33	0.00
2	2	0.00	0.44	70.98	19.03	0.00
2	6	0.01	0.48	71.42	19.29	0.00
3	3	0.01	0.43	80.08	9.95	0.00
3	7	0.02	2.32	64.48	8.77	0.00
Core	CPU	C1%	C3%	C6%	C8%	C9%
-	-	0.02	0.70	71.84	15.85	0.00
0	0	0.00	0.62	75.57	13.34	0.00
0	4	0.01	0.47	72.08	18.55	0.00
1	1	0.01	0.43	74.02	15.69	0.00
1	5	0.00	0.41	70.40	20.35	0.00
2	2	0.11	0.50	68.51	19.71	0.00
2	6	0.00	0.50	70.19	20.51	0.00
3	3	0.01	0.60	79.71	10.18	0.00
3	7	0.01	2.09	64.31	8.46	0.00
Core	CPU	C1%	C3%	C6%	C8%	C9%
-	-	0.01	1.20	69.94	16.31	0.00
0	0	0.00	0.53	70.45	17.09	0.00
0	4	0.00	0.58	71.47	17.23	0.00
1	1	0.02	2.41	70.20	16.39	0.00
1	5	0.00	0.51	68.56	20.60	0.00
2	2	0.00	0.57	69.37	18.51	0.00
2	6	0.00	0.48	69.30	20.33	0.00
3	3	0.01	0.44	76.97	11.45	0.00
3	7	0.01	4.07	62.59	8.75	0.00
Core	CPU	C1%	C3%	C6%	C8%	C9%
-	-	0.00	0.68	72.34	15.60	0.00
0	0	0.00	0.58	76.31	12.58	0.00
0	4	0.00	0.38	74.24	16.36	0.00
1	1	0.01	0.27	72.63	17.35	0.00
1	5	0.00	0.45	71.15	19.54	0.00
2	2	0.00	0.54	70.31	19.59	0.00
2	6	0.00	0.46	70.41	20.33	0.00
3	3	0.00	0.54	79.58	10.38	0.00
3	7	0.01	2.19	64.66	8.77	0.00
Core	CPU	C1%	C3%	C6%	C8%	C9%
-	-	0.01	0.81	71.73	16.16	0.00
0	0	0.01	0.46	73.37	15.83	0.00
0	4	0.00	0.48	76.32	14.09	0.00
1	1	0.01	0.37	70.69	19.03	0.00
1	5	0.00	0.38	69.37	21.44	0.00
2	2	0.00	0.53	70.29	19.69	0.00
2	6	0.00	1.10	69.74	20.20	0.00
3	3	0.01	0.50	80.07	9.95	0.00
3	7	0.02	2.61	63.92	9.04	0.00
Core	CPU	C1%	C3%	C6%	C8%	C9%
-	-	0.02	0.67	70.87	17.18	0.00
0	0	0.00	0.51	72.29	16.64	0.00
0	4	0.00	0.43	71.87	18.72	0.00
1	1	0.01	0.37	70.85	19.24	0.00
1	5	0.00	0.41	70.84	19.99	0.00
2	2	0.00	0.52	70.90	19.02	0.00
2	6	0.01	0.45	69.47	21.28	0.00
3	3	0.01	0.55	77.06	12.92	0.00
3	7	0.12	2.11	63.73	9.60	0.00
Core	CPU	C1%	C3%	C6%	C8%	C9%
-	-	0.04	0.68	72.24	15.75	0.00
0	0	0.01	0.53	73.62	15.40	0.00
0	4	0.00	0.39	69.90	20.78	0.00
1	1	0.01	0.43	73.94	15.82	0.00
1	5	0.00	0.56	72.12	18.50	0.00
2	2	0.01	0.51	71.51	18.41	0.00
2	6	0.00	0.38	71.34	19.49	0.00
3	3	0.00	0.52	78.95	11.03	0.00
3	7	0.27	2.10	66.56	6.55	0.00
Core	CPU	C1%	C3%	C6%	C8%	C9%
-	-	0.13	0.95	69.71	15.98	0.32
0	0	0.00	0.64	70.45	16.40	0.00
0	4	0.00	0.33	68.50	19.86	0.00
1	1	0.01	1.21	68.66	18.08	2.60
1	5	0.00	0.45	67.88	20.95	0.00
2	2	0.01	0.56	69.70	17.56	0.00
2	6	0.00	0.36	69.95	18.87	0.00
3	3	0.00	0.45	77.98	10.10	0.00
3	7	0.99	3.61	64.24	5.94	0.00
Core	CPU	C1%	C3%	C6%	C8%	C9%
-	-	0.00	0.69	71.85	16.17	0.00
0	0	0.00	0.51	74.80	14.11	0.00
0	4	0.00	0.41	70.53	20.23	0.00
1	1	0.01	0.31	74.30	15.72	0.00
1	5	0.00	0.56	71.30	19.32	0.00
2	2	0.01	0.55	69.43	20.49	0.00
2	6	0.00	0.41	69.95	20.84	0.00
3	3	0.00	0.42	79.58	10.45	0.00
3	7	0.02	2.37	65.06	8.26	0.00
Core	CPU	C1%	C3%	C6%	C8%	C9%
-	-	0.01	0.82	71.16	16.76	0.00
0	0	0.01	0.54	73.37	15.64	0.00
0	4	0.01	0.43	71.44	19.34	0.00
1	1	0.01	0.31	71.86	18.25	0.00
1	5	0.00	0.56	70.31	20.36	0.00
2	2	0.01	0.52	69.11	20.89	0.00
2	6	0.00	1.20	69.94	19.98	0.00
3	3	0.00	0.43	79.05	11.06	0.00
3	7	0.01	2.59	64.43	8.59	0.00
Core	CPU	C1%	C3%	C6%	C8%	C9%
-	-	0.01	0.68	70.91	17.15	0.00
0	0	0.00	0.59	72.93	16.08	0.00
0	4	0.01	0.41	70.17	20.59	0.00
1	1	0.01	0.37	72.21	17.70	0.00
1	5	0.00	0.44	70.25	20.55	0.00
2	2	0.01	0.47	69.37	20.61	0.00
2	6	0.00	0.39	69.10	21.62	0.00
3	3	0.01	0.56	79.22	10.73	0.00
3	7	0.01	2.21	64.02	9.35	0.00
Core	CPU	C1%	C3%	C6%	C8%	C9%
-	-	0.01	0.69	72.06	15.97	0.00
0	0	0.00	0.54	73.16	15.79	0.00
0	4	0.00	0.55	73.54	16.90	0.00
1	1	0.01	0.29	72.72	17.37	0.00
1	5	0.00	0.45	70.00	20.72	0.00
2	2	0.01	0.53	69.98	20.00	0.00
2	6	0.00	0.38	69.38	21.44	0.00
3	3	0.00	0.42	81.76	8.32	0.00
3	7	0.01	2.34	66.01	7.28	0.00
Core	CPU	C1%	C3%	C6%	C8%	C9%
-	-	0.01	0.99	70.13	15.67	0.00
0	0	0.00	0.59	71.18	15.85	0.00
0	4	0.01	0.35	68.94	19.36	0.00
1	1	0.01	1.21	71.68	14.93	0.00
1	5	0.00	0.57	69.23	18.80	0.00
2	2	0.01	0.52	69.92	18.08	0.00
2	6	0.00	0.33	67.64	20.75	0.00
3	3	0.00	0.46	77.79	10.23	0.00
3	7	0.02	3.84	64.02	7.22	0.00
Core	CPU	C1%	C3%	C6%	C8%	C9%
-	-	0.01	0.69	72.12	15.82	0.00
0	0	0.01	0.65	70.86	18.16	0.00
0	4	0.00	0.39	69.57	21.21	0.00
1	1	0.01	0.33	74.80	15.11	0.00
1	5	0.00	0.61	71.36	19.15	0.00
2	2	0.01	0.53	73.28	16.56	0.00
2	6	0.00	0.34	71.13	19.69	0.00
3	3	0.01	0.46	80.56	9.36	0.00
3	7	0.02	2.22	66.02	7.47	0.00
Core	CPU	C1%	C3%	C6%	C8%	C9%
-	-	0.05	0.71	71.81	16.12	0.00
0	0	0.00	0.49	73.00	16.12	0.00
0	4	0.01	0.40	71.70	18.95	0.00
1	1	0.01	0.40	74.17	15.84	0.00
1	5	0.00	0.53	71.21	19.48	0.00
2	2	0.00	0.44	70.77	19.25	0.00
2	6	0.00	0.55	70.36	20.28	0.00
3	3	0.00	0.51	79.01	10.92	0.00
3	7	0.41	2.33	64.21	8.15	0.00
Core	CPU	C1%	C3%	C6%	C8%	C9%
-	-	0.08	0.70	71.73	16.20	0.00
0	0	0.00	0.58	75.48	13.38	0.00
0	4	0.00	0.41	72.07	18.59	0.00
1	1	0.01	0.34	72.42	17.64	0.00
1	5	0.00	0.43	70.08	20.66	0.00
2	2	0.01	0.55	70.41	19.49	0.00
2	6	0.00	0.53	70.11	20.55	0.00
3	3	0.01	0.54	78.71	11.22	0.00
3	7	0.60	2.23	64.56	8.10	0.00
Core	CPU	C1%	C3%	C6%	C8%	C9%
-	-	0.05	0.66	71.03	16.47	0.00
0	0	0.01	0.51	75.83	13.24	0.00
0	4	0.01	0.47	71.82	19.14	0.00
1	1	0.00	0.41	70.82	19.31	0.00
1	5	0.00	0.28	67.88	23.15	0.00
2	2	0.00	0.52	69.84	20.30	0.00
2	6	0.00	0.46	69.86	21.00	0.00
3	3	0.00	0.41	79.14	10.19	0.00
3	7	0.36	2.21	63.08	5.40	0.00
Core	CPU	C1%	C3%	C6%	C8%	C9%
-	-	0.01	0.97	68.93	17.05	0.00
0	0	0.00	0.63	67.18	20.00	0.00
0	4	0.01	0.40	72.08	16.36	0.00
1	1	0.01	2.18	68.93	17.80	0.00
1	5	0.00	0.50	67.66	21.52	0.00
2	2	0.01	0.62	66.66	21.24	0.00
2	6	0.00	0.26	67.00	21.92	0.00
3	3	0.00	0.37	77.09	10.92	0.00
3	7	0.02	2.77	64.60	6.59	0.00
Core	CPU	C1%	C3%	C6%	C8%	C9%
-	-	0.01	0.70	71.83	16.14	0.00
0	0	0.00	0.64	73.21	15.79	0.00
0	4	0.00	0.46	73.45	17.01	0.00
1	1	0.01	0.28	71.76	18.24	0.00
1	5	0.00	0.50	69.73	21.00	0.00
2	2	0.01	0.59	70.82	19.04	0.00
2	6	0.00	0.41	69.30	21.40	0.00
3	3	0.00	0.58	80.22	9.74	0.00
3	7	0.01	2.17	66.40	6.97	0.00
Core	CPU	C1%	C3%	C6%	C8%	C9%
-	-	0.01	0.83	71.43	16.42	0.00
0	0	0.01	0.36	72.50	16.51	0.00
0	4	0.00	0.44	72.35	18.26	0.00
1	1	0.01	0.47	70.61	18.99	0.00
1	5	0.00	0.28	69.30	21.51	0.00
2	2	0.00	0.50	69.91	20.04	0.00
2	6	0.01	1.41	71.00	18.79	0.00
3	3	0.01	0.54	80.70	9.30	0.00
3	7	0.01	2.66	65.04	7.98	0.00
Core	CPU	C1%	C3%	C6%	C8%	C9%
-	-	0.01	0.66	72.58	15.50	0.00
0	0	0.01	0.68	73.66	15.33	0.00
0	4	0.00	0.40	70.62	20.17	0.00
1	1	0.02	0.32	74.78	15.09	0.00
1	5	0.00	0.41	69.95	20.84	0.00
2	2	0.00	0.53	71.34	18.60	0.00
2	6	0.00	0.23	70.75	20.11	0.00
3	3	0.00	0.40	81.46	8.56	0.00
3	7	0.02	2.32	68.11	5.30	0.00
Core	CPU	C1%	C3%	C6%	C8%	C9%
-	-	0.01	0.67	72.11	15.96	0.00
0	0	0.01	0.59	70.12	19.03	0.00
0	4	0.00	0.45	70.76	20.00	0.00
1	1	0.01	0.38	76.49	13.18	0.00
1	5	0.00	0.46	70.96	19.67	0.00
2	2	0.01	0.46	71.59	18.44	0.00
2	6	0.00	0.32	70.17	20.63	0.00
3	3	0.00	0.40	80.25	9.83	0.00
3	7	0.02	2.27	66.51	6.90	0.00
Core	CPU	C1%	C3%	C6%	C8%	C9%
-	-	0.01	0.97	69.39	16.46	0.00
0	0	0.01	0.52	68.36	18.86	0.00
0	4	0.01	0.52	72.42	16.15	0.00
1	1	0.01	2.03	70.14	16.17	0.00
1	5	0.00	0.50	67.65	20.80	0.00
2	2	0.01	0.57	67.87	19.48	0.00
2	6	0.00	0.44	68.07	21.64	0.00
3	3	0.01	0.49	77.48	9.92	0.00
3	7	0.02	2.68	62.66	8.56	0.00
Core	CPU	C1%	C3%	C6%	C8%	C9%
-	-	0.01	0.67	71.69	16.30	0.00
0	0	0.01	0.56	71.46	17.72	0.00
0	4	0.00	0.54	74.90	15.48	0.00
1	1	0.01	0.32	73.20	16.80	0.00
1	5	0.00	0.33	71.68	19.12	0.00
2	2	0.00	0.57	70.37	19.52	0.00
2	6	0.00	0.39	70.03	20.76	0.00
3	3	0.00	0.51	78.42	11.57	0.00
3	7	0.02	2.14	63.91	9.55	0.00
Core	CPU	C1%	C3%	C6%	C8%	C9%
-	-	0.00	0.83	72.19	15.59	0.00
0	0	0.01	0.54	72.48	16.64	0.00
0	4	0.00	0.56	75.28	14.90	0.00
1	1	0.01	0.31	72.57	17.48	0.00
1	5	0.00	0.42	70.24	20.16	0.00
2	2	0.00	0.53	70.82	18.68	0.00
2	6	0.00	1.20	70.87	18.97	0.00
3	3	0.00	0.46	79.75	10.33	0.00
3	7	0.01	2.62	65.48	7.58	0.00
Core	CPU	C1%	C3%	C6%	C8%	C9%
-	-	0.01	0.67	72.74	15.46	0.00
0	0	0.00	0.70	74.15	14.83	0.00
0	4	0.01	0.34	71.07	19.64	0.00
1	1	0.02	0.28	74.49	15.52	0.00
1	5	0.00	0.49	70.43	20.38	0.00
2	2	0.00	0.54	71.85	18.14	0.00
2	6	0.00	0.31	71.14	19.67	0.00
3	3	0.00	0.42	81.21	8.86	0.00
3	7	0.02	2.25	67.00	6.48	0.00
Core	CPU	C1%	C3%	C6%	C8%	C9%
-	-	0.01	0.71	71.42	16.49	0.00
0	0	0.00	0.66	73.19	15.67	0.00
0	4	0.01	0.40	71.10	19.58	0.00
1	1	0.01	0.36	71.44	18.47	0.00
1	5	0.00	0.53	70.11	20.56	0.00
2	2	0.01	0.52	71.37	18.48	0.00
2	6	0.00	0.48	70.66	19.98	0.00
3	3	0.00	0.60	78.93	10.97	0.00
3	7	0.02	2.13	64.89	8.27	0.00
Core	CPU	C1%	C3%	C6%	C8%	C9%
-	-	0.01	1.21	70.07	16.37	0.15
0	0	0.01	0.43	74.54	13.46	0.00
0	4	0.00	0.52	68.87	20.11	0.00
1	1	0.01	2.14	72.01	14.91	1.21
1	5	0.00	0.37	68.54	21.33	0.00
2	2	0.00	0.48	66.83	21.18	0.00
2	6	0.00	0.58	68.82	21.21	0.00
3	3	0.01	0.48	77.93	10.14	0.00
3	7	0.01	4.68	62.69	8.53	0.00
Core	CPU	C1%	C3%	C6%	C8%	C9%
-	-	0.01	0.71	72.01	15.90	0.00
0	0	0.00	0.65	75.98	12.85	0.00
0	4	0.01	0.40	71.48	19.26	0.00
1	1	0.01	0.29	73.77	16.20	0.00
1	5	0.00	0.45	70.78	19.97	0.00
2	2	0.01	0.52	71.11	18.81	0.00
2	6	0.00	0.45	70.06	20.63	0.00
3	3	0.01	0.50	79.10	10.91	0.00
3	7	0.02	2.42	64.50	8.68	0.00
Core	CPU	C1%	C3%	C6%	C8%	C9%
-	-	0.01	0.77	71.54	16.28	0.00
0	0	0.01	0.51	72.45	16.59	0.00
0	4	0.01	0.37	69.59	21.25	0.00
1	1	0.01	0.34	75.41	14.51	0.00
1	5	0.00	0.50	71.52	18.93	0.00
2	2	0.01	0.47	70.05	19.55	0.00
2	6	0.00	1.01	69.64	20.34	0.00
3	3	0.01	0.56	78.84	10.98	0.00
3	7	0.02	2.43	64.85	8.13	0.00
Core	CPU	C1%	C3%	C6%	C8%	C9%
-	-	0.01	0.75	73.47	14.47	0.00
0	0	0.01	0.56	74.89	14.12	0.00
0	4	0.00	0.56	70.80	19.80	0.00
1	1	0.01	0.34	77.56	12.26	0.00
1	5	0.00	0.46	71.49	19.14	0.00
2	2	0.00	0.58	71.06	18.80	0.00
2	6	0.00	0.46	73.10	17.55	0.00
3	3	0.00	0.47	81.18	8.82	0.00
3	7	0.01	2.53	67.65	5.29	0.00
Core	CPU	C1%	C3%	C6%	C8%	C9%
-	-	0.01	0.72	71.93	15.75	0.00
0	0	0.00	0.59	71.58	17.18	0.00
0	4	0.00	0.46	69.93	20.50	0.00
1	1	0.01	0.27	75.30	14.57	0.00
1	5	0.00	0.53	69.65	20.63	0.00
2	2	0.01	0.55	70.53	19.13	0.00
2	6	0.00	0.42	69.73	20.79	0.00
3	3	0.00	0.50	80.53	8.57	0.00
3	7	0.05	2.39	68.06	4.64	0.00
Core	CPU	C1%	C3%	C6%	C8%	C9%
-	-	0.01	1.16	70.30	16.25	0.00
0	0	0.01	0.59	69.54	18.22	0.00
0	4	0.00	0.50	69.02	20.50	0.00
1	1	0.01	1.83	73.52	13.28	0.00
1	5	0.00	0.31	67.86	21.82	0.00
2	2	0.01	0.60	69.13	19.56	0.00
2	6	0.00	0.42	68.70	20.85	0.00
3	3	0.01	0.38	80.44	8.82	0.00
3	7	0.02	4.61	64.10	6.95	0.00
Core	CPU	C1%	C3%	C6%	C8%	C9%
-	-	0.01	0.69	72.02	16.06	0.00
0	0	0.00	0.56	74.54	14.29	0.00
0	4	0.00	0.49	72.28	18.29	0.00
1	1	0.01	0.26	73.59	16.55	0.00
1	5	0.00	0.49	70.36	20.35	0.00
2	2	0.01	0.59	70.47	19.44	0.00
2	6	0.00	0.40	69.95	20.83	0.00
3	3	0.00	0.51	79.11	10.91	0.00
3	7	0.01	2.25	65.52	7.77	0.00
Core	CPU	C1%	C3%	C6%	C8%	C9%
-	-	0.01	0.86	72.29	15.36	0.00
0	0	0.00	0.59	73.17	15.77	0.00
0	4	0.00	0.50	71.28	19.27	0.00
1	1	0.01	0.26	73.72	16.08	0.00
1	5	0.00	0.49	69.54	20.79	0.00
2	2	0.01	0.54	71.29	18.29	0.00
2	6	0.00	1.23	70.72	19.01	0.00
3	3	0.00	0.48	81.94	8.11	0.00
3	7	0.02	2.82	67.07	5.65	0.00
Core	CPU	C1%	C3%	C6%	C8%	C9%
-	-	0.01	0.73	71.98	16.13	0.00
0	0	0.01	0.39	75.03	14.05	0.00
0	4	0.00	0.53	71.53	19.08	0.00
1	1	0.01	0.43	73.65	16.52	0.00
1	5	0.00	0.37	71.36	19.42	0.00
2	2	0.00	0.49	69.38	20.61	0.00
2	6	0.00	0.52	69.75	21.00	0.00
3	3	0.01	0.47	80.58	9.44	0.00
3	7	0.01	2.63	64.11	8.84	0.00
Core	CPU	C1%	C3%	C6%	C8%	C9%
-	-	0.02	0.72	71.48	16.40	0.00
0	0	0.01	0.52	74.42	14.46	0.00
0	4	0.00	0.43	71.99	18.57	0.00
1	1	0.01	0.43	72.99	16.95	0.00
1	5	0.00	0.54	70.28	20.34	0.00
2	2	0.00	0.57	70.83	19.00	0.00
2	6	0.00	0.50	70.23	20.48	0.00
3	3	0.01	0.61	78.07	11.84	0.00
3	7	0.12	2.14	63.57	9.71	0.00
Core	CPU	C1%	C3%	C6%	C8%	C9%
-	-	0.01	1.42	69.48	17.42	0.00
0	0	0.00	0.50	68.48	20.14	0.00
0	4	0.00	0.49	67.87	22.13	0.00
1	1	0.02	3.41	73.51	13.18	0.00
1	5	0.00	0.54	68.13	22.20	0.00
2	2	0.01	0.50	69.83	18.83	0.00
2	6	0.00	0.45	67.90	21.90	0.00
3	3	0.00	0.47	76.52	12.67	0.00
3	7	0.02	4.98	63.20	8.16	0.00
Core	CPU	C1%	C3%	C6%	C8%	C9%
-	-	0.01	0.70	72.20	15.72	0.00
0	0	0.01	0.55	74.75	14.25	0.00
0	4	0.01	0.35	72.99	17.72	0.00
1	1	0.01	0.35	73.11	16.72	0.00
1	5	0.00	0.48	70.69	19.92	0.00
2	2	0.00	0.54	70.02	19.88	0.00
2	6	0.00	0.49	70.21	20.46	0.00
3	3	0.00	0.59	80.57	9.38	0.00
3	7	0.02	2.29	65.73	7.58	0.00
Core	CPU	C1%	C3%	C6%	C8%	C9%
-	-	0.01	0.74	69.46	17.65	0.00
0	0	0.01	0.43	73.32	14.88	0.00
0	4	0.00	0.54	68.65	21.46	0.00
1	1	0.01	0.35	72.56	17.15	0.00
1	5	0.00	0.42	67.72	22.95	0.00
2	2	0.01	0.52	68.37	21.70	0.00
2	6	0.00	0.34	68.84	21.50	0.00
3	3	0.00	0.41	75.67	13.56	0.00
3	7	0.02	2.87	60.38	7.92	0.00
Core	CPU	C1%	C3%	C6%	C8%	C9%
-	-	0.00	0.70	71.54	16.53	0.00
0	0	0.00	0.53	75.29	13.66	0.00
0	4	0.00	0.43	73.27	17.34	0.00
1	1	0.01	0.40	72.15	17.58	0.00
1	5	0.00	0.39	69.84	21.00	0.00
2	2	0.00	0.58	68.75	21.13	0.00
2	6	0.00	0.47	69.24	21.46	0.00
3	3	0.00	0.59	79.14	10.86	0.00
3	7	0.01	2.18	64.24	9.12	0.00
Core	CPU	C1%	C3%	C6%	C8%	C9%
-	-	0.01	0.68	72.56	15.40	0.00
0	0	0.01	0.68	72.42	16.45	0.00
0	4	0.01	0.39	72.04	18.52	0.00
1	1	0.02	0.19	74.47	15.64	0.00
1	5	0.00	0.57	70.77	19.82	0.00
2	2	0.02	0.70	72.85	16.89	0.00
2	6	0.00	0.25	70.16	20.66	0.00
3	3	0.00	0.44	80.50	9.55	0.00
3	7	0.01	2.24	67.79	5.78	0.00
Core	CPU	C1%	C3%	C6%	C8%	C9%
-	-	0.01	1.16	69.84	16.71	0.00
0	0	0.00	0.49	72.60	15.35	0.00
0	4	0.00	0.47	70.39	19.31	0.00
1	1	0.01	1.97	69.63	17.20	0.00
1	5	0.00	0.39	67.80	21.85	0.00
2	2	0.01	0.49	70.32	18.46	0.00
2	6	0.00	0.57	67.86	21.30	0.00
3	3	0.00	0.50	77.00	11.97	0.00
3	7	0.01	4.38	63.24	8.25	0.00
Core	CPU	C1%	C3%	C6%	C8%	C9%
-	-	0.01	0.68	71.39	16.77	0.00
0	0	0.01	0.51	72.14	16.84	0.00
0	4	0.00	0.55	73.81	16.65	0.00
1	1	0.02	0.30	71.21	18.81	0.00
1	5	0.00	0.48	68.59	22.09	0.00
2	2	0.01	0.63	69.94	19.98	0.00
2	6	0.00	0.38	69.35	21.48	0.00
3	3	0.00	0.31	79.87	10.33	0.00
3	7	0.01	2.26	65.65	7.81	0.00
Core	CPU	C1%	C3%	C6%	C8%	C9%
-	-	0.01	0.81	71.99	15.81	0.00
0	0	0.01	0.45	75.78	13.30	0.00
0	4	0.00	0.43	72.65	18.01	0.00
1	1	0.01	0.40	75.05	14.89	0.00
1	5	0.00	0.52	71.60	19.07	0.00
2	2	0.00	0.51	69.43	20.52	0.00
2	6	0.01	0.53	68.97	21.78	0.00
3	3	0.00	1.26	78.69	10.21	0.00
3	7	0.02	2.39	64.22	8.82	0.00
Core	CPU	C1%	C3%	C6%	C8%	C9%
-	-	0.01	0.72	71.73	16.36	0.00
0	0	0.00	0.54	70.30	18.70	0.00
0	4	0.00	0.53	73.44	17.02	0.00
1	1	0.01	0.28	73.22	16.82	0.00
1	5	0.00	0.59	70.57	19.97	0.00
2	2	0.01	0.58	69.23	20.68	0.00
2	6	0.00	0.35	69.81	21.06	0.00
3	3	0.01	0.45	80.83	9.20	0.00
3	7	0.01	2.45	65.88	7.30	0.00
Core	CPU	C1%	C3%	C6%	C8%	C9%
-	-	0.01	0.71	72.12	15.80	0.00
0	0	0.00	0.66	71.62	17.34	0.00
0	4	0.00	0.41	72.41	18.14	0.00
1	1	0.01	0.29	74.29	15.64	0.00
1	5	0.00	0.59	71.54	19.09	0.00
2	2	0.01	0.59	71.19	18.72	0.00
2	6	0.00	0.42	70.58	20.13	0.00
3	3	0.00	0.50	79.99	9.97	0.00
3	7	0.01	2.26	65.91	7.52	0.00
Core	CPU	C1%	C3%	C6%	C8%	C9%
-	-	0.01	1.23	69.24	17.01	0.00
0	0	0.01	0.53	71.21	16.55	0.00
0	4	0.00	0.51	70.83	18.25	0.00
1	1	0.02	2.65	68.92	17.77	0.00
1	5	0.00	0.52	68.65	20.14	0.00
2	2	0.01	0.56	66.95	21.73	0.00
2	6	0.00	0.39	66.65	22.80	0.00
3	3	0.00	0.50	77.90	10.23	0.00
3	7	0.01	4.14	62.66	8.58	0.00
Core	CPU	C1%	C3%	C6%	C8%	C9%
-	-	0.01	0.68	71.39	16.69	0.00
0	0	0.01	0.54	72.40	16.68	0.00
0	4	0.01	0.51	72.01	18.65	0.00
1	1	0.01	0.33	74.04	15.84	0.00
1	5	0.00	0.41	69.48	21.35	0.00
2	2	0.01	0.48	70.79	19.18	0.00
2	6	0.00	0.50	69.38	21.32	0.00
3	3	0.00	0.61	79.21	10.65	0.00
3	7	0.01	2.03	63.64	9.79	0.00
Core	CPU	C1%	C3%	C6%	C8%	C9%
-	-	0.01	0.82	71.19	16.65	0.00
0	0	0.01	0.53	71.44	17.64	0.00
0	4	0.00	0.50	71.11	19.57	0.00
1	1	0.00	0.47	74.43	15.32	0.00
1	5	0.00	0.41	71.00	19.86	0.00
2	2	0.00	0.48	70.86	19.11	0.00
2	6	0.00	1.19	69.84	20.11	0.00
3	3	0.01	0.59	78.61	11.28	0.00
3	7	0.01	2.38	62.62	10.39	0.00
Core	CPU	C1%	C3%	C6%	C8%	C9%
-	-	0.01	0.71	72.22	15.86	0.00
0	0	0.00	0.56	73.13	15.92	0.00
0	4	0.00	0.60	72.18	18.34	0.00
1	1	0.01	0.37	75.37	14.47	0.00
1	5	0.00	0.46	70.51	20.30	0.00
2	2	0.01	0.54	69.80	20.14	0.00
2	6	0.01	0.44	69.92	20.82	0.00
3	3	0.00	0.62	80.39	9.45	0.00
3	7	0.01	2.06	66.11	7.34	0.00
Core	CPU	C1%	C3%	C6%	C8%	C9%
-	-	0.01	0.69	71.52	16.40	0.00
0	0	0.00	0.54	73.63	15.32	0.00
0	4	0.00	0.58	72.88	17.51	0.00
1	1	0.01	0.39	72.54	17.30	0.00
1	5	0.00	0.44	70.54	20.21	0.00
2	2	0.01	0.57	70.27	19.61	0.00
2	6	0.00	0.44	68.91	21.82	0.00
3	3	0.00	0.56	78.55	11.36	0.00
3	7	0.01	2.04	65.15	8.18	0.00
Core	CPU	C1%	C3%	C6%	C8%	C9%
-	-	0.01	1.03	69.53	17.09	0.00
0	0	0.00	0.46	74.24	13.60	0.00
0	4	0.00	0.51	70.44	19.11	0.00
1	1	0.01	1.99	70.12	16.63	0.00
1	5	0.00	0.41	66.92	23.17	0.00
2	2	0.00	0.45	68.67	20.13	0.00
2	6	0.00	0.52	68.94	20.54	0.00
3	3	0.00	0.55	75.68	13.32	0.00
3	7	0.01	3.33	61.15	10.17	0.00
Core	CPU	C1%	C3%	C6%	C8%	C9%
-	-	0.01	0.70	71.48	16.63	0.00
0	0	0.00	0.63	70.37	18.64	0.00
0	4	0.00	0.60	71.64	18.94	0.00
1	1	0.01	0.33	72.55	17.46	0.00
1	5	0.00	0.44	69.39	21.24	0.00
2	2	0.01	0.72	73.18	16.40	0.00
2	6	0.00	0.33	68.99	21.87	0.00
3	3	0.00	0.47	79.75	10.23	0.00
3	7	0.01	2.06	65.44	8.12	0.00
Core	CPU	C1%	C3%	C6%	C8%	C9%
-	-	0.01	0.85	70.98	16.73	0.01
0	0	0.00	0.48	74.37	14.74	0.00
0	4	0.00	0.59	71.12	19.30	0.00
1	1	0.01	0.39	74.44	15.41	0.00
1	5	0.00	0.42	69.29	20.90	0.00
2	2	0.02	0.57	67.86	22.10	0.00
2	6	0.01	1.04	68.90	20.81	0.10
3	3	0.00	0.55	78.87	11.13	0.00
3	7	0.01	2.76	63.31	9.54	0.00
Core	CPU	C1%	C3%	C6%	C8%	C9%
-	-	0.01	0.70	71.58	16.46	0.00
0	0	0.01	0.37	74.02	15.20	0.00
0	4	0.00	0.58	71.20	19.47	0.00
1	1	0.01	0.37	75.20	14.70	0.00
1	5	0.00	0.30	70.21	20.66	0.00
2	2	0.00	0.44	69.68	20.30	0.00
2	6	0.01	0.62	68.97	21.67	0.00
3	3	0.01	0.59	80.67	9.22	0.00
3	7	0.00	2.35	62.66	10.46	0.00
Core	CPU	C1%	C3%	C6%	C8%	C9%
-	-	0.01	0.68	71.83	16.17	0.00
0	0	0.00	0.36	74.84	14.26	0.00
0	4	0.00	0.65	71.59	18.92	0.00
1	1	0.01	0.33	75.59	14.33	0.00
1	5	0.01	0.38	69.36	21.41	0.00
2	2	0.01	0.50	70.39	19.59	0.00
2	6	0.01	0.58	70.17	20.48	0.00
3	3	0.01	0.50	79.36	10.58	0.00
3	7	0.01	2.11	63.66	9.84	0.00
Core	CPU	C1%	C3%	C6%	C8%	C9%
-	-	0.01	1.09	68.83	17.10	0.00
0	0	0.00	0.56	69.87	17.09	0.00
0	4	0.00	0.57	69.69	18.34	0.00
1	1	0.01	2.06	70.40	16.51	0.00
1	5	0.00	0.55	67.23	21.32	0.00
2	2	0.01	0.60	65.10	22.93	0.00
2	6	0.00	0.36	67.39	21.64	0.00
3	3	0.01	0.42	77.35	11.08	0.00
3	7	0.01	3.62	63.48	7.85	0.00
Core	CPU	C1%	C3%	C6%	C8%	C9%
-	-	0.03	0.70	72.23	15.79	0.00
0	0	0.01	0.39	77.94	10.98	0.00
0	4	0.00	0.46	71.92	18.71	0.00
1	1	0.01	0.44	73.30	16.76	0.00
1	5	0.00	0.53	70.58	20.11	0.00
2	2	0.01	0.52	68.97	21.00	0.00
2	6	0.00	0.58	70.09	20.59	0.00
3	3	0.22	0.59	80.39	9.29	0.00
3	7	0.01	2.06	64.41	8.80	0.00
Core	CPU	C1%	C3%	C6%	C8%	C9%
-	-	0.00	0.80	71.00	16.74	0.00
0	0	0.01	0.95	77.85	10.19	0.00
0	4	0.00	0.51	72.10	18.60	0.00
1	1	0.00	0.35	72.11	17.89	0.00
1	5	0.00	0.40	69.42	20.84	0.00
2	2	0.01	0.58	67.75	22.22	0.00
2	6	0.00	0.44	67.05	23.53	0.00
3	3	0.00	0.55	77.77	11.52	0.00
3	7	0.01	2.60	63.97	9.10	0.00
Core	CPU	C1%	C3%	C6%	C8%	C9%
-	-	0.00	0.71	71.37	16.61	0.00
0	0	0.00	0.51	77.31	11.50	0.00
0	4	0.00	0.49	71.52	19.17	0.00
1	1	0.01	0.41	71.81	18.23	0.00
1	5	0.00	0.44	70.28	20.44	0.00
2	2	0.01	0.47	68.76	21.18	0.00
2	6	0.00	0.58	69.54	21.06	0.00
3	3	0.00	0.62	78.34	11.59	0.00
3	7	0.01	2.15	63.68	9.77	0.00
Core	CPU	C1%	C3%	C6%	C8%	C9%
-	-	0.01	0.71	69.82	17.52	0.00
0	0	0.01	0.34	74.23	13.95	0.00
0	4	0.00	0.67	69.07	21.59	0.00
1	1	0.01	0.48	72.05	17.66	0.00
1	5	0.01	0.42	66.86	24.05	0.00
2	2	0.00	0.50	68.46	21.57	0.00
2	6	0.01	0.45	68.14	22.82	0.00
3	3	0.00	0.53	78.07	11.28	0.00
3	7	0.01	2.27	61.71	7.23	0.00
Core	CPU	C1%	C3%	C6%	C8%	C9%
-	-	0.01	1.19	69.14	17.39	0.00
0	0	0.00	0.51	69.07	19.28	0.00
0	4	0.00	0.54	70.86	18.74	0.00
1	1	0.01	2.09	70.60	16.48	0.00
1	5	0.00	0.56	66.72	22.71	0.00
2	2	0.02	0.68	66.51	21.77	0.00
2	6	0.01	0.37	67.41	21.86	0.00
3	3	0.00	0.35	77.69	11.43	0.00
3	7	0.01	4.43	63.89	6.78	0.00
Core	CPU	C1%	C3%	C6%	C8%	C9%
-	-	0.01	0.68	71.21	16.77	0.00
0	0	0.01	0.43	75.43	13.68	0.00
0	4	0.00	0.57	73.71	16.83	0.00
1	1	0.01	0.43	73.73	16.15	0.00
1	5	0.00	0.40	69.04	21.67	0.00
2	2	0.01	0.57	68.09	21.09	0.00
2	6	0.00	0.53	69.23	21.52	0.00
3	3	0.01	0.53	77.67	12.36	0.00
3	7	0.01	1.97	62.62	10.83	0.00
Core	CPU	C1%	C3%	C6%	C8%	C9%
-	-	0.01	0.90	71.81	15.99	0.00
0	0	0.01	0.47	74.73	14.37	0.00
0	4	0.00	0.62	71.61	18.86	0.00
1	1	0.02	1.16	73.12	16.03	0.00
1	5	0.00	0.37	69.62	21.22	0.00
2	2	0.01	0.58	69.05	20.90	0.00
2	6	0.00	0.61	70.93	19.68	0.00
3	3	0.01	0.44	80.77	9.32	0.00
3	7	0.01	2.91	65.17	7.70	0.00
Core	CPU	C1%	C3%	C6%	C8%	C9%
-	-	0.00	0.71	71.49	16.60	0.00
0	0	0.00	0.49	73.58	15.51	0.00
0	4	0.00	0.63	72.71	17.84	0.00
1	1	0.01	0.33	74.75	15.17	0.00
1	5	0.00	0.47	69.66	21.09	0.00
2	2	0.01	0.60	69.57	20.32	0.00
2	6	0.00	0.51	68.59	22.10	0.00
3	3	0.00	0.59	78.25	11.74	0.00
3	7	0.01	2.04	64.50	8.96	0.00
Core	CPU	C1%	C3%	C6%	C8%	C9%
-	-	0.00	0.70	71.41	16.51	0.00
0	0	0.01	0.43	75.44	13.50	0.00
0	4	0.00	0.43	72.97	17.51	0.00
1	1	0.01	0.44	71.76	17.97	0.00
1	5	0.00	0.39	69.05	21.71	0.00
2	2	0.01	0.50	69.20	20.73	0.00
2	6	0.00	0.63	69.59	20.96	0.00
3	3	0.00	0.61	79.28	10.64	0.00
3	7	0.01	2.13	64.32	9.10	0.00
Core	CPU	C1%	C3%	C6%	C8%	C9%
-	-	0.01	0.98	69.79	15.94	0.00
0	0	0.01	0.45	71.87	15.23	0.00
0	4	0.00	0.70	67.69	20.81	0.00
1	1	0.01	1.88	72.11	14.80	0.00
1	5	0.00	0.42	68.74	19.54	0.00
2	2	0.00	0.53	68.17	19.55	0.00
2	6	0.00	0.42	66.79	21.73	0.00
3	3	0.00	0.47	79.63	8.14	0.00
3	7	0.01	2.99	63.27	7.71	0.00
Core	CPU	C1%	C3%	C6%	C8%	C9%
-	-	0.01	0.70	71.80	16.31	0.00
0	0	0.01	0.51	71.37	17.64	0.00
0	4	0.01	0.62	74.80	15.50	0.00
1	1	0.01	0.23	72.52	17.71	0.00
1	5	0.00	0.40	68.70	22.09	0.00
2	2	0.01	0.64	69.67	20.23	0.00
2	6	0.00	0.44	70.30	20.43	0.00
3	3	0.00	0.40	80.18	9.94	0.00
3	7	0.01	2.38	66.46	6.82	0.00
Core	CPU	C1%	C3%	C6%	C8%	C9%
-	-	0.00	0.86	71.61	16.15	0.00
0	0	0.01	0.33	73.70	15.52	0.00
0	4	0.00	0.63	73.09	17.25	0.00
1	1	0.01	0.41	73.89	15.93	0.00
1	5	0.00	0.41	71.04	19.40	0.00
2	2	0.01	1.19	68.40	20.69	0.00
2	6	0.00	0.61	67.83	22.79	0.00
3	3	0.01	0.55	81.26	8.76	0.00
3	7	0.01	2.76	63.96	8.92	0.00
Core	CPU	C1%	C3%	C6%	C8%	C9%
-	-	0.00	0.70	71.35	16.74	0.00
0	0	0.00	0.47	73.62	15.51	0.00
0	4	0.00	0.58	72.55	18.04	0.00
1	1	0.00	0.40	72.72	17.14	0.00
1	5	0.00	0.38	69.60	21.22	0.00
2	2	0.01	0.54	69.76	20.10	0.00
2	6	0.00	0.64	69.09	21.48	0.00
3	3	0.00	0.64	78.81	11.14	0.00
3	7	0.01	1.96	64.32	9.17	0.00
Core	CPU	C1%	C3%	C6%	C8%	C9%
-	-	0.01	0.70	71.66	16.29	0.00
0	0	0.01	0.34	75.54	13.58	0.00
0	4	0.00	0.73	69.69	20.81	0.00
1	1	0.01	0.51	75.32	14.49	0.00
1	5	0.00	0.31	71.14	19.66	0.00
2	2	0.00	0.42	69.22	20.47	0.00
2	6	0.01	0.60	69.52	21.14	0.00
3	3	0.00	0.57	79.30	10.27	0.00
3	7	0.01	2.10	63.50	9.91	0.00
Core	CPU	C1%	C3%	C6%	C8%	C9%
-	-	0.00	0.99	70.33	15.70	0.00
0	0	0.00	0.35	72.28	14.88	0.00
0	4	0.00	0.63	70.03	19.31	0.00
1	1	0.01	1.15	72.30	14.41	0.00
1	5	0.00	0.29	68.92	20.43	0.00
2	2	0.00	0.57	67.20	20.17	0.00
2	6	0.00	0.57	68.38	20.75	0.00
3	3	0.00	0.42	79.31	8.76	0.00
3	7	0.01	3.90	64.30	6.90	0.00
Core	CPU	C1%	C3%	C6%	C8%	C9%
-	-	0.01	0.73	71.66	16.23	0.00
0	0	0.01	0.37	75.67	13.34	0.00
0	4	0.00	0.75	70.45	20.00	0.00
1	1	0.01	0.44	74.32	15.57	0.00
1	5	0.00	0.41	71.21	19.57	0.00
2	2	0.01	0.43	70.43	19.47	0.00
2	6	0.00	0.61	70.00	20.60	0.00
3	3	0.01	0.59	78.13	11.81	0.00
3	7	0.01	2.22	63.62	9.58	0.00
Core	CPU	C1%	C3%	C6%	C8%	C9%
-	-	0.00	0.81	70.98	16.86	0.00
0	0	0.00	0.52	72.19	16.84	0.00
0	4	0.00	0.49	70.57	19.94	0.00
1	1	0.01	0.38	72.73	16.87	0.00
1	5	0.00	0.44	69.88	20.90	0.00
2	2	0.01	0.57	71.41	18.45	0.00
2	6	0.00	0.47	70.05	20.70	0.00
3	3	0.01	1.20	77.44	11.52	0.00
3	7	0.01	2.40	63.61	9.67	0.00
Core	CPU	C1%	C3%	C6%	C8%	C9%
-	-	0.01	0.71	71.44	16.67	0.00
0	0	0.00	0.57	73.58	15.54	0.00
0	4	0.00	0.57	73.09	17.36	0.00
1	1	0.01	0.29	71.99	18.01	0.00
1	5	0.00	0.48	68.95	21.80	0.00
2	2	0.01	0.60	70.16	19.67	0.00
2	6	0.00	0.47	69.23	21.53	0.00
3	3	0.00	0.56	79.49	10.51	0.00
3	7	0.01	2.16	64.57	8.83	0.00
Core	CPU	C1%	C3%	C6%	C8%	C9%
-	-	0.01	0.70	72.03	15.91	0.00
0	0	0.00	0.68	71.03	17.86	0.00
0	4	0.01	0.59	72.66	17.73	0.00
1	1	0.01	0.21	76.26	13.75	0.00
1	5	0.00	0.35	71.50	19.32	0.00
2	2	0.01	0.67	70.97	18.85	0.00
2	6	0.00	0.33	69.60	21.22	0.00
3	3	0.00	0.46	79.16	10.85	0.00
3	7	0.02	2.34	65.44	7.84	0.00
Core	CPU	C1%	C3%	C6%	C8%	C9%
-	-	0.01	0.88	69.90	16.14	0.00
0	0	0.00	0.54	74.10	12.67	0.00
0	4	0.00	0.48	70.43	18.41	0.00
1	1	0.01	1.16	71.16	15.66	0.00
1	5	0.00	0.52	68.73	20.35	0.00
2	2	0.01	0.50	67.78	20.35	0.00
2	6	0.00	0.51	67.79	21.37	0.00
3	3	0.00	0.59	75.70	11.87	0.00
3	7	0.01	2.71	62.99	8.33	0.00
Core	CPU	C1%	C3%	C6%	C8%	C9%
-	-	0.01	0.67	72.16	15.94	0.00
0	0	0.01	0.48	75.20	13.81	0.00
0	4	0.01	0.47	70.43	20.34	0.00
1	1	0.01	0.32	73.93	16.12	0.00
1	5	0.00	0.33	71.21	19.65	0.00
2	2	0.01	0.42	70.55	19.48	0.00
2	6	0.00	0.46	68.61	22.13	0.00
3	3	0.00	0.49	80.76	9.33	0.00
3	7	0.01	2.35	66.56	6.66	0.00
Core	CPU	C1%	C3%	C6%	C8%	C9%
-	-	0.01	0.83	71.57	16.14	0.00
0	0	0.01	0.50	75.86	13.05	0.00
0	4	0.01	0.45	70.36	20.44	0.00
1	1	0.01	0.34	72.71	17.02	0.00
1	5	0.00	0.29	70.85	20.02	0.00
2	2	0.02	1.31	69.88	18.56	0.00
2	6	0.00	0.42	70.21	20.48	0.00
3	3	0.00	0.47	78.58	11.47	0.00
3	7	0.01	2.84	64.76	8.22	0.00
Core	CPU	C1%	C3%	C6%	C8%	C9%
-	-	0.01	0.71	71.43	16.62	0.00
0	0	0.01	0.45	74.75	14.26	0.00
0	4	0.00	0.61	69.35	21.22	0.00
1	1	0.02	0.43	73.42	16.70	0.00
1	5	0.00	0.40	71.53	19.25	0.00
2	2	0.00	0.47	69.16	20.74	0.00
2	6	0.00	0.44	69.02	21.72	0.00
3	3	0.00	0.51	79.86	10.13	0.00
3	7	0.01	2.35	64.28	8.97	0.00
Core	CPU	C1%	C3%	C6%	C8%	C9%
-	-	0.01	0.69	72.93	15.20	0.00
0	0	0.00	0.62	78.95	9.78	0.00
0	4	0.00	0.49	71.36	19.31	0.00
1	1	0.01	0.35	73.07	17.04	0.00
1	5	0.00	0.33	71.00	19.89	0.00
2	2	0.00	0.51	71.68	18.21	0.00
2	6	0.00	0.43	70.39	20.36	0.00
3	3	0.00	0.57	80.46	9.47	0.00
3	7	0.02	2.25	65.92	7.40	0.00
Core	CPU	C1%	C3%	C6%	C8%	C9%
-	-	0.01	0.87	69.42	16.36	0.31
0	0	0.01	0.60	71.91	15.05	0.00
0	4	0.00	0.43	68.99	19.66	0.00
1	1	0.01	1.13	70.53	16.02	2.51
1	5	0.00	0.47	67.24	21.42	0.00
2	2	0.00	0.54	65.73	22.24	0.00
2	6	0.00	0.31	67.90	20.85	0.00
3	3	0.00	0.50	78.63	8.89	0.00
3	7	0.01	2.96	64.42	6.72	0.00
Core	CPU	C1%	C3%	C6%	C8%	C9%
-	-	0.01	0.72	71.98	15.76	0.00
0	0	0.00	0.59	71.47	17.51	0.00
0	4	0.01	0.63	70.42	20.07	0.00
1	1	0.01	0.33	75.42	14.24	0.00
1	5	0.00	0.42	70.62	20.03	0.00
2	2	0.01	0.57	71.18	18.75	0.00
2	6	0.00	0.34	71.66	19.19	0.00
3	3	0.00	0.42	80.13	9.56	0.00
3	7	0.03	2.50	65.36	6.86	0.00
Core	CPU	C1%	C3%	C6%	C8%	C9%
-	-	0.01	0.79	70.16	17.25	0.00
0	0	0.00	0.58	70.51	18.40	0.00
0	4	0.01	1.32	68.98	20.97	0.00
1	1	0.01	0.30	72.59	17.58	0.00
1	5	0.00	0.43	68.47	22.20	0.00
2	2	0.01	0.49	70.58	19.62	0.00
2	6	0.00	0.26	68.07	23.01	0.00
3	3	0.00	0.44	78.80	10.30	0.00
3	7	0.07	2.51	63.44	6.01	0.00
Core	CPU	C1%	C3%	C6%	C8%	C9%
-	-	0.02	0.70	71.98	16.12	0.00
0	0	0.00	0.54	71.23	17.88	0.00
0	4	0.00	0.52	71.04	19.48	0.00
1	1	0.02	0.29	73.69	16.36	0.00
1	5	0.00	0.46	71.31	19.47	0.00
2	2	0.01	0.56	71.42	18.32	0.00
2	6	0.00	0.49	70.40	20.35	0.00
3	3	0.00	0.53	80.96	8.90	0.00
3	7	0.12	2.21	65.17	8.09	0.00
Core	CPU	C1%	C3%	C6%	C8%	C9%
-	-	0.01	0.70	71.84	16.02	0.00
0	0	0.00	0.53	72.73	16.35	0.00
0	4	0.00	0.50	73.37	17.10	0.00
1	1	0.01	0.38	71.61	17.89	0.00
1	5	0.00	0.42	70.74	19.90	0.00
2	2	0.01	0.53	71.91	17.88	0.00
2	6	0.00	0.49	69.72	20.92	0.00
3	3	0.01	0.54	79.79	10.18	0.00
3	7	0.01	2.18	65.34	8.10	0.00
Core	CPU	C1%	C3%	C6%	C8%	C9%
-	-	0.01	1.08	69.42	16.34	0.00
0	0	0.01	0.23	72.83	14.14	0.00
0	4	0.00	0.58	72.12	16.20	0.00
1	1	0.02	2.38	70.48	15.88	0.00
1	5	0.00	0.27	68.76	19.49	0.00
2	2	0.00	0.38	66.48	21.64	0.00
2	6	0.01	0.56	66.30	22.40	0.00
3	3	0.01	0.50	77.62	10.26	0.00
3	7	0.01	3.77	60.57	10.66	0.00
Core	CPU	C1%	C3%	C6%	C8%	C9%
-	-	0.01	0.68	72.50	15.59	0.00
0	0	0.00	0.60	72.88	16.02	0.00
0	4	0.01	0.43	72.95	17.69	0.00
1	1	0.01	0.21	74.14	15.86	0.00
1	5	0.00	0.42	71.01	19.75	0.00
2	2	0.01	0.63	71.81	18.03	0.00
2	6	0.00	0.38	70.19	20.63	0.00
3	3	0.00	0.42	80.47	9.56	0.00
3	7	0.02	2.34	66.25	7.10	0.00
Core	CPU	C1%	C3%	C6%	C8%	C9%
-	-	0.01	0.84	71.99	15.72	0.00
0	0	0.00	0.53	76.17	12.88	0.00
0	4	0.00	0.50	71.73	18.57	0.00
1	1	0.01	0.36	74.37	15.50	0.00
1	5	0.00	0.40	71.01	19.89	0.00
2	2	0.01	0.56	69.39	20.09	0.00
2	6	0.00	1.18	70.36	18.98	0.00
3	3	0.01	0.54	78.74	11.31	0.00
3	7	0.01	2.69	64.32	8.59	0.00
Core	CPU	C1%	C3%	C6%	C8%	C9%
-	-	0.00	0.71	73.13	14.81	0.00
0	0	0.00	0.58	76.05	12.91	0.00
0	4	0.00	0.42	71.22	19.46	0.00
1	1	0.01	0.32	75.69	14.20	0.00
1	5	0.00	0.41	71.25	19.54	0.00
2	2	0.00	0.49	71.38	18.53	0.00
2	6	0.00	0.47	71.12	19.55	0.00
3	3	0.00	0.55	82.56	7.36	0.00
3	7	0.01	2.47	66.22	7.00	0.00
Core	CPU	C1%	C3%	C6%	C8%	C9%
-	-	0.01	0.72	72.52	15.47	0.00
0	0	0.00	0.67	74.25	14.63	0.00
0	4	0.01	0.37	70.72	19.98	0.00
1	1	0.01	0.26	73.49	16.57	0.00
1	5	0.00	0.49	69.93	20.77	0.00
2	2	0.02	0.70	73.01	16.56	0.00
2	6	0.00	0.38	71.55	19.19	0.00
3	3	0.00	0.55	80.93	9.00	0.00
3	7	0.02	2.31	66.28	7.08	0.00
Core	CPU	C1%	C3%	C6%	C8%	C9%
-	-	0.01	1.29	70.90	15.49	0.00
0	0	0.00	0.60	71.93	15.45	0.00
0	4	0.01	0.46	73.20	15.66	0.00
1	1	0.02	2.68	70.13	16.51	0.00
1	5	0.00	0.40	69.72	20.16	0.00
2	2	0.01	0.59	68.72	19.44	0.00
2	6	0.00	0.30	69.73	20.64	0.00
3	3	0.00	0.55	78.52	9.71	0.00
3	7	0.02	4.72	65.08	6.27	0.00
Core	CPU	C1%	C3%	C6%	C8%	C9%
-	-	0.01	0.73	71.88	16.18	0.00
0	0	0.00	0.53	74.06	14.98	0.00
0	4	0.00	0.62	73.81	16.37	0.00
1	1	0.02	0.32	72.88	17.17	0.00
1	5	0.00	0.49	71.49	19.28	0.00
2	2	0.01	0.52	68.82	21.11	0.00
2	6	0.00	0.42	70.68	20.09	0.00
3	3	0.01	0.51	79.19	10.81	0.00
3	7	0.02	2.42	63.68	9.51	0.00
Core	CPU	C1%	C3%	C6%	C8%	C9%
-	-	0.01	0.80	72.46	15.24	0.00
0	0	0.00	0.55	76.87	11.64	0.00
0	4	0.01	0.43	73.18	17.59	0.00
1	1	0.01	0.34	72.43	17.69	0.00
1	5	0.00	0.28	70.72	19.87	0.00
2	2	0.00	0.57	71.94	17.87	0.00
2	6	0.00	1.05	71.20	18.32	0.00
3	3	0.01	0.52	79.19	10.77	0.00
3	7	0.02	2.65	64.79	8.28	0.00
Core	CPU	C1%	C3%	C6%	C8%	C9%
-	-	0.01	0.69	72.87	15.30	0.00
0	0	0.01	0.61	76.47	12.40	0.00
0	4	0.01	0.39	71.11	19.72	0.00
1	1	0.02	0.25	74.11	16.05	0.00
1	5	0.00	0.37	71.03	19.88	0.00
2	2	0.01	0.62	70.48	19.36	0.00
2	6	0.00	0.36	70.09	20.70	0.00
3	3	0.00	0.44	82.09	7.89	0.00
3	7	0.01	2.47	66.98	6.21	0.00
Core	CPU	C1%	C3%	C6%	C8%	C9%
-	-	0.01	0.70	71.88	16.04	0.00
0	0	0.00	0.69	71.48	17.38	0.00
0	4	0.01	0.47	69.99	20.61	0.00
1	1	0.01	0.24	75.44	14.48	0.00
1	5	0.00	0.55	70.56	20.15	0.00
2	2	0.01	0.55	71.11	18.79	0.00
2	6	0.00	0.34	69.86	20.89	0.00
3	3	0.00	0.50	80.62	9.34	0.00
3	7	0.02	2.28	66.49	6.85	0.00
Core	CPU	C1%	C3%	C6%	C8%	C9%
-	-	0.01	0.86	70.63	15.44	0.32
0	0	0.01	0.40	73.44	13.67	0.00
0	4	0.01	0.61	69.56	18.91	0.00
1	1	0.01	1.03	73.61	13.03	2.58
1	5	0.00	0.36	69.38	19.55	0.00
2	2	0.00	0.47	67.51	21.01	0.00
2	6	0.00	0.46	67.22	22.03	0.00
3	3	0.00	0.43	79.82	8.20	0.00
3	7	0.02	3.13	64.20	7.03	0.00
Core	CPU	C1%	C3%	C6%	C8%	C9%
-	-	0.01	0.66	72.06	16.07	0.00
0	0	0.00	0.41	74.47	14.60	0.00
0	4	0.00	0.45	71.54	19.23	0.00
1	1	0.01	0.42	75.41	14.51	0.00
1	5	0.00	0.33	71.70	19.23	0.00
2	2	0.00	0.47	70.76	19.16	0.00
2	6	0.01	0.54	71.54	19.15	0.00
3	3	0.01	0.64	77.50	12.40	0.00
3	7	0.01	2.05	63.19	10.19	0.00
Core	CPU	C1%	C3%	C6%	C8%	C9%
-	-	0.01	0.87	70.97	16.84	0.00
0	0	0.00	0.55	69.73	19.39	0.00
0	4	0.01	0.44	68.67	22.15	0.00
1	1	0.01	0.32	76.34	13.49	0.00
1	5	0.00	0.33	70.97	20.01	0.00
2	2	0.01	0.54	69.09	20.83	0.00
2	6	0.00	1.30	69.35	20.19	0.00
3	3	0.00	0.46	78.85	10.97	0.00
3	7	0.02	2.99	64.93	7.75	0.00
Core	CPU	C1%	C3%	C6%	C8%	C9%
-	-	0.06	0.69	72.43	15.45	0.00
0	0	0.01	0.49	74.42	14.56	0.00
0	4	0.00	0.53	71.57	19.03	0.00
1	1	0.01	0.37	73.31	16.64	0.00
1	5	0.00	0.38	71.82	18.99	0.00
2	2	0.01	0.50	72.52	17.31	0.00
2	6	0.00	0.47	71.04	19.68	0.00
3	3	0.00	0.54	80.54	9.35	0.00
3	7	0.40	2.27	64.75	8.14	0.00
Core	CPU	C1%	C3%	C6%	C8%	C9%
-	-	0.01	0.71	72.97	15.14	0.00
0	0	0.00	0.54	74.23	14.83	0.00
0	4	0.01	0.50	71.66	19.04	0.00
1	1	0.00	0.32	76.03	13.95	0.00
1	5	0.00	0.40	70.90	19.92	0.00
2	2	0.01	0.56	71.13	18.76	0.00
2	6	0.00	0.43	71.68	19.10	0.00
3	3	0.00	0.46	81.68	8.29	0.00
3	7	0.02	2.49	65.96	7.09	0.00
Core	CPU	C1%	C3%	C6%	C8%	C9%
-	-	0.01	0.83	69.91	15.89	0.00
0	0	0.00	0.50	69.21	17.58	0.00
0	4	0.00	0.42	68.93	19.49	0.00
1	1	0.02	0.99	69.77	17.01	0.00
1	5	0.00	0.41	68.06	20.42	0.00
2	2	0.02	0.54	72.32	15.60	0.00
2	6	0.00	0.44	67.49	21.15	0.00
3	3	0.00	0.47	78.91	9.08	0.00
3	7	0.01	2.83	64.53	6.73	0.00
Core	CPU	C1%	C3%	C6%	C8%	C9%
-	-	0.01	0.69	72.10	15.72	0.00
0	0	0.00	0.51	75.24	13.60	0.00
0	4	0.01	0.42	71.64	18.28	0.00
1	1	0.00	0.33	72.65	17.24	0.00
1	5	0.00	0.41	72.10	18.70	0.00
2	2	0.01	0.50	71.46	18.10	0.00
2	6	0.00	0.50	71.28	19.38	0.00
3	3	0.01	0.61	78.93	10.94	0.00
3	7	0.02	2.23	63.79	9.59	0.00
Core	CPU	C1%	C3%	C6%	C8%	C9%
-	-	0.00	0.81	71.47	16.31	0.00
0	0	0.00	0.43	73.32	15.81	0.00
0	4	0.00	0.91	72.60	17.14	0.00
1	1	0.01	0.45	72.71	16.93	0.00
1	5	0.00	0.27	70.17	20.15	0.00
2	2	0.00	0.44	70.79	19.07	0.00
2	6	0.00	0.64	71.59	18.83	0.00
3	3	0.00	0.68	77.10	12.61	0.00
3	7	0.02	2.70	63.11	9.84	0.00
Core	CPU	C1%	C3%	C6%	C8%	C9%
-	-	0.01	0.71	72.07	15.82	0.00
0	0	0.01	0.49	71.42	17.67	0.00
0	4	0.00	0.43	71.62	19.05	0.00
1	1	0.01	0.48	75.55	14.23	0.00
1	5	0.00	0.38	71.40	19.47	0.00
2	2	0.00	0.47	71.66	18.14	0.00
2	6	0.00	0.64	71.60	18.93	0.00
3	3	0.01	0.73	79.36	10.46	0.00
3	7	0.01	2.10	64.58	8.76	0.00
Core	CPU	C1%	C3%	C6%	C8%	C9%
-	-	0.01	0.68	70.46	16.99	0.00
0	0	0.01	0.54	71.90	17.35	0.00
0	4	0.00	0.52	68.01	22.76	0.00
1	1	0.01	0.38	74.03	15.64	0.00
1	5	0.00	0.40	69.24	21.67	0.00
2	2	0.01	0.44	68.44	21.46	0.00
2	6	0.01	0.47	69.03	21.85	0.00
3	3	0.01	0.48	79.04	10.23	0.00
3	7	0.02	2.17	63.96	4.94	0.00
Core	CPU	C1%	C3%	C6%	C8%	C9%
-	-	0.01	0.96	70.57	15.37	0.26
0	0	0.00	0.70	71.87	15.12	0.00
0	4	0.01	0.44	70.54	18.32	0.00
1	1	0.01	0.67	69.64	17.29	2.04
1	5	0.00	0.46	67.41	21.53	0.00
2	2	0.00	0.60	71.37	16.61	0.00
2	6	0.00	0.31	70.46	18.32	0.00
3	3	0.00	0.41	78.54	9.08	0.00
3	7	0.01	4.07	64.52	6.59	0.00
Core	CPU	C1%	C3%	C6%	C8%	C9%
-	-	0.01	0.70	72.73	15.39	0.00
0	0	0.01	0.66	71.38	17.74	0.00
0	4	0.01	0.50	70.79	19.82	0.00
1	1	0.01	0.24	76.46	13.55	0.00
1	5	0.00	0.40	71.37	19.46	0.00
2	2	0.01	0.63	70.59	19.27	0.00
2	6	0.00	0.28	70.95	19.90	0.00
3	3	0.00	0.45	83.01	7.05	0.00
3	7	0.02	2.44	66.97	6.25	0.00
Core	CPU	C1%	C3%	C6%	C8%	C9%
-	-	0.01	0.81	72.94	14.86	0.00
0	0	0.01	0.51	74.32	14.49	0.00
0	4	0.00	0.37	73.29	17.36	0.00
1	1	0.01	0.40	75.86	13.66	0.00
1	5	0.00	0.48	71.56	19.21	0.00
2	2	0.00	0.49	71.26	18.74	0.00
2	6	0.01	1.17	70.15	19.76	0.00
3	3	0.00	0.43	81.05	9.00	0.00
3	7	0.01	2.66	66.20	6.70	0.00
Core	CPU	C1%	C3%	C6%	C8%	C9%
-	-	0.00	0.70	72.04	16.01	0.00
0	0	0.01	0.48	74.13	14.90	0.00
0	4	0.00	0.57	71.73	18.81	0.00
1	1	0.01	0.47	73.64	16.24	0.00
1	5	0.00	0.39	70.24	20.52	0.00
2	2	0.00	0.47	71.44	18.45	0.00
2	6	0.01	0.51	71.15	19.59	0.00
3	3	0.00	0.62	79.84	10.07	0.00
3	7	0.01	2.09	63.94	9.41	0.00
Core	CPU	C1%	C3%	C6%	C8%	C9%
-	-	0.00	0.68	71.61	16.35	0.00
0	0	0.00	0.55	71.92	17.13	0.00
0	4	0.01	0.56	70.98	19.52	0.00
1	1	0.00	0.29	74.57	15.24	0.00
1	5	0.00	0.43	69.04	21.76	0.00
2	2	0.00	0.54	69.74	20.13	0.00
2	6	0.00	0.41	70.27	20.43	0.00
3	3	0.00	0.50	80.65	9.34	0.00
3	7	0.01	2.13	66.13	7.33	0.00
Core	CPU	C1%	C3%	C6%	C8%	C9%
-	-	0.01	0.98	70.85	14.95	0.00
0	0	0.01	0.60	69.12	17.91	0.00
0	4	0.00	0.54	69.13	18.98	0.00
1	1	0.02	1.22	75.82	10.61	0.00
1	5	0.00	0.44	68.97	19.59	0.00
2	2	0.01	0.59	69.45	18.49	0.00
2	6	0.00	0.35	69.23	19.61	0.00
3	3	0.01	0.35	79.49	8.50	0.00
3	7	0.01	3.76	65.38	5.89	0.00
Core	CPU	C1%	C3%	C6%	C8%	C9%
-	-	0.01	0.71	72.13	15.94	0.00
0	0	0.01	0.52	73.51	15.56	0.00
0	4	0.01	0.57	71.09	19.44	0.00
1	1	0.01	0.35	74.36	15.65	0.00
1	5	0.00	0.43	70.29	20.54	0.00
2	2	0.01	0.54	71.53	18.42	0.00
2	6	0.00	0.47	71.35	19.35	0.00
3	3	0.01	0.37	79.71	10.34	0.00
3	7	0.01	2.46	65.02	8.19	0.00
Core	CPU	C1%	C3%	C6%	C8%	C9%
-	-	0.00	0.85	71.34	16.50	0.00
0	0	0.00	1.38	71.68	16.42	0.00
0	4	0.00	0.32	70.34	20.45	0.00
1	1	0.01	0.39	75.44	14.40	0.00
1	5	0.00	0.50	70.22	20.34	0.00
2	2	0.00	0.59	69.25	20.51	0.00
2	6	0.00	0.37	70.03	20.83	0.00
3	3	0.00	0.58	78.91	11.02	0.00
3	7	0.02	2.64	64.84	8.03	0.00
Core	CPU	C1%	C3%	C6%	C8%	C9%
-	-	0.00	0.72	71.71	16.16	0.00
0	0	0.01	0.37	75.38	13.74	0.00
0	4	0.00	0.69	73.39	16.92	0.00
1	1	0.01	0.50	72.16	17.66	0.00
1	5	0.00	0.38	69.95	20.81	0.00
2	2	0.00	0.46	68.69	21.27	0.00
2	6	0.00	0.62	70.64	19.93	0.00
3	3	0.01	0.49	80.11	9.84	0.00
3	7	0.00	2.22	64.02	9.29	0.00
Core	CPU	C1%	C3%	C6%	C8%	C9%
-	-	0.01	0.70	71.59	16.49	0.00
0	0	0.01	0.36	73.86	15.27	0.00
0	4	0.00	0.54	72.88	17.64	0.00
1	1	0.02	0.38	71.80	17.83	0.00
1	5	0.00	0.41	70.46	20.35	0.00
2	2	0.00	0.53	68.44	21.53	0.00
2	6	0.00	0.46	68.99	21.77	0.00
3	3	0.01	0.43	80.99	8.99	0.00
3	7	0.01	2.50	64.69	8.37	0.00
Core	CPU	C1%	C3%	C6%	C8%	C9%
-	-	0.01	0.83	70.00	15.93	0.00
0	0	0.01	0.33	74.21	13.11	0.00
0	4	0.00	0.53	70.60	18.87	0.00
1	1	0.01	1.16	71.95	14.89	0.00
1	5	0.00	0.29	68.51	19.82	0.00
2	2	0.00	0.43	67.21	20.77	0.00
2	6	0.00	0.66	68.28	20.21	0.00
3	3	0.01	0.48	77.83	10.03	0.00
3	7	0.01	2.79	61.52	9.78	0.00
Core	CPU	C1%	C3%	C6%	C8%	C9%
-	-	0.01	0.70	72.17	15.75	0.00
0	0	0.01	0.60	76.84	11.89	0.00
0	4	0.01	0.44	70.23	20.51	0.00
1	1	0.01	0.27	74.30	15.79	0.00
1	5	0.00	0.37	70.85	19.95	0.00
2	2	0.01	0.53	69.95	19.87	0.00
2	6	0.00	0.38	69.09	21.66	0.00
3	3	0.01	0.52	80.55	9.39	0.00
3	7	0.02	2.47	66.12	7.08	0.00
Core	CPU	C1%	C3%	C6%	C8%	C9%
-	-	0.00	0.88	71.01	16.86	0.00
0	0	0.00	0.48	73.60	15.54	0.00
0	4	0.00	0.56	72.20	18.33	0.00
1	1	0.00	0.45	73.04	16.79	0.00
1	5	0.00	0.45	70.30	20.42	0.00
2	2	0.01	0.48	69.32	20.28	0.00
2	6	0.00	1.35	68.71	20.94	0.00
3	3	0.01	0.49	77.21	12.87	0.00
3	7	0.01	2.75	63.39	9.61	0.00
Core	CPU	C1%	C3%	C6%	C8%	C9%
-	-	0.01	0.69	72.21	15.78	0.00
0	0	0.00	0.63	71.57	17.41	0.00
0	4	0.01	0.50	71.32	19.16	0.00
1	1	0.01	0.25	73.88	16.16	0.00
1	5	0.00	0.54	70.49	20.17	0.00
2	2	0.01	0.58	71.38	18.49	0.00
2	6	0.00	0.25	70.44	20.46	0.00
3	3	0.00	0.42	81.36	8.69	0.00
3	7	0.02	2.36	67.57	5.77	0.00
Core	CPU	C1%	C3%	C6%	C8%	C9%
-	-	0.00	0.69	72.92	15.20	0.00
0	0	0.00	0.45	76.10	12.82	0.00
0	4	0.00	0.62	73.37	17.20	0.00
1	1	0.00	0.34	74.12	15.93	0.00
1	5	0.00	0.44	71.08	19.62	0.00
2	2	0.00	0.52	70.75	19.17	0.00
2	6	0.00	0.48	71.99	18.73	0.00
3	3	0.00	0.49	80.24	9.75	0.00
3	7	0.02	2.19	65.11	8.23	0.00
Core	CPU	C1%	C3%	C6%	C8%	C9%
-	-	0.01	1.00	69.60	16.20	0.00
0	0	0.01	0.49	70.80	16.30	0.00
0	4	0.01	0.53	68.69	20.18	0.00
1	1	0.01	1.26	73.68	12.87	0.00
1	5	0.00	0.41	67.52	21.14	0.00
2	2	0.00	0.57	67.49	19.85	0.00
2	6	0.00	0.39	67.36	21.45	0.00
3	3	0.01	0.49	78.24	9.68	0.00
3	7	0.01	3.83	63.06	8.10	0.00
Core	CPU	C1%	C3%	C6%	C8%	C9%
-	-	0.01	0.70	71.83	16.08	0.00
0	0	0.01	0.37	73.09	16.12	0.00
0	4	0.00	0.80	70.16	20.29	0.00
1	1	0.02	0.38	77.36	12.49	0.00
1	5	0.00	0.24	70.84	19.91	0.00
2	2	0.00	0.42	68.99	20.95	0.00
2	6	0.01	0.53	70.11	20.52	0.00
3	3	0.01	0.44	80.94	8.98	0.00
3	7	0.02	2.42	63.71	9.54	0.00
Core	CPU	C1%	C3%	C6%	C8%	C9%
-	-	0.01	0.84	70.82	16.55	0.00
0	0	0.01	0.48	74.25	14.55	0.00
0	4	0.00	0.36	72.18	17.94	0.00
1	1	0.01	1.18	73.44	15.52	0.00
1	5	0.00	0.50	70.10	20.32	0.00
2	2	0.02	0.50	66.59	21.39	0.00
2	6	0.00	0.40	69.43	21.32	0.00
3	3	0.00	0.63	76.64	12.80	0.00
3	7	0.01	2.70	63.81	8.54	0.00
Core	CPU	C1%	C3%	C6%	C8%	C9%
-	-	0.02	0.70	71.85	16.16	0.00
0	0	0.00	0.57	73.19	15.86	0.00
0	4	0.00	0.56	71.19	19.46	0.00
1	1	0.01	0.39	73.42	16.61	0.00
1	5	0.00	0.34	69.50	21.33	0.00
2	2	0.00	0.54	72.33	17.40	0.00
2	6	0.00	0.57	71.29	19.21	0.00
3	3	0.00	0.48	78.46	11.48	0.00
3	7	0.12	2.14	65.27	7.89	0.00
Core	CPU	C1%	C3%	C6%	C8%	C9%
-	-	0.02	0.73	71.59	15.82	0.00
0	0	0.00	0.40	74.08	14.76	0.00
0	4	0.00	0.62	72.42	17.83	0.00
1	1	0.01	0.45	73.90	15.87	0.00
1	5	0.00	0.41	70.49	19.47	0.00
2	2	0.01	0.52	69.61	19.55	0.00
2	6	0.01	0.67	70.38	20.11	0.00
3	3	0.00	0.61	78.98	9.63	0.00
3	7	0.15	2.16	63.19	9.45	0.00
Core	CPU	C1%	C3%	C6%	C8%	C9%
-	-	0.01	1.14	70.67	15.83	0.16
0	0	0.01	0.37	72.05	16.04	0.00
0	4	0.00	0.55	70.61	18.28	0.00
1	1	0.02	1.70	73.27	13.76	1.24
1	5	0.00	0.26	69.14	19.91	0.00
2	2	0.01	0.44	69.38	19.27	0.00
2	6	0.00	0.47	68.31	21.24	0.00
3	3	0.01	0.47	79.45	9.82	0.00
3	7	0.01	4.84	62.75	8.21	0.00
Core	CPU	C1%	C3%	C6%	C8%	C9%
-	-	0.01	0.70	70.70	17.02	0.00
0	0	0.00	0.31	75.56	13.59	0.00
0	4	0.00	0.62	71.83	18.73	0.00
1	1	0.01	0.52	71.64	18.00	0.00
1	5	0.00	0.24	69.02	22.01	0.00
2	2	0.00	0.44	69.02	21.05	0.00
2	6	0.00	0.81	69.70	20.80	0.00
3	3	0.01	0.58	77.70	11.89	0.00
3	7	0.01	2.10	61.32	10.09	0.00
Core	CPU	C1%	C3%	C6%	C8%	C9%
-	-	0.01	0.95	69.80	17.43	0.00
0	0	0.00	0.46	71.45	17.37	0.00
0	4	0.01	0.71	68.35	22.26	0.00
1	1	0.02	0.99	72.34	16.87	0.00
1	5	0.00	0.98	67.63	22.31	0.00
2	2	0.00	0.43	70.01	20.03	0.00
2	6	0.00	1.13	69.45	20.11	0.00
3	3	0.01	0.42	77.70	11.52	0.00
3	7	0.01	2.48	61.18	8.89	0.00
Core	CPU	C1%	C3%	C6%	C8%	C9%
-	-	0.01	0.68	71.42	16.64	0.00
0	0	0.00	0.48	73.86	15.23	0.00
0	4	0.00	0.55	70.56	20.12	0.00
1	1	0.01	0.43	74.55	15.33	0.00
1	5	0.00	0.37	71.31	19.55	0.00
2	2	0.01	0.44	68.65	21.30	0.00
2	6	0.00	0.46	70.16	20.55	0.00
3	3	0.00	0.62	78.25	11.69	0.00
3	7	0.01	2.11	63.99	9.37	0.00
Core	CPU	C1%	C3%	C6%	C8%	C9%
-	-	0.01	0.68	72.47	15.50	0.00
0	0	0.00	0.62	70.43	18.57	0.00
0	4	0.00	0.39	70.82	19.92	0.00
1	1	0.01	0.26	77.82	12.03	0.00
1	5	0.00	0.52	71.29	19.45	0.00
2	2	0.01	0.62	71.04	18.73	0.00
2	6	0.00	0.27	70.50	20.28	0.00
3	3	0.00	0.47	80.83	9.15	0.00
3	7	0.01	2.32	67.40	5.98	0.00
Core	CPU	C1%	C3%	C6%	C8%	C9%
-	-	0.02	0.82	71.57	16.41	0.00
0	0	0.00	0.69	72.50	16.46	0.00
0	4	0.00	0.25	69.35	21.61	0.00
1	1	0.02	0.24	72.86	17.28	0.00
1	5	0.00	0.52	68.70	22.05	0.00
2	2	0.11	0.56	71.29	18.57	0.00
2	6	0.00	0.28	69.75	21.12	0.00
3	3	0.00	1.17	81.24	7.87	0.00
3	7	0.01	2.85	66.49	6.21	0.00
Core	CPU	C1%	C3%	C6%	C8%	C9%
-	-	0.01	0.70	72.09	15.84	0.00
0	0	0.01	0.38	78.72	10.20	0.00
0	4	0.00	0.56	72.27	18.41	0.00
1	1	0.01	0.39	73.08	17.00	0.00
1	5	0.00	0.41	71.55	19.23	0.00
2	2	0.00	0.49	69.72	20.19	0.00
2	6	0.00	0.59	70.75	19.89	0.00
3	3	0.01	0.49	79.11	10.87	0.00
3	7	0.01	2.27	62.15	11.05	0.00
Core	CPU	C1%	C3%	C6%	C8%	C9%
-	-	0.01	1.17	70.25	16.02	0.13
0	0	0.00	0.64	69.52	18.45	0.00
0	4	0.01	0.39	69.24	19.37	0.00
1	1	0.02	2.39	71.85	14.99	0.00
1	5	0.00	0.60	68.16	21.09	0.00
2	2	0.01	0.54	69.34	18.96	0.00
2	6	0.00	0.31	68.71	20.54	0.00
3	3	0.00	0.53	79.78	8.26	0.00
3	7	0.02	3.97	64.79	6.34	1.01
Core	CPU	C1%	C3%	C6%	C8%	C9%
-	-	0.02	0.68	70.91	17.00	0.00
0	0	0.00	0.53	75.12	13.70	0.00
0	4	0.00	0.47	70.01	20.62	0.00
1	1	0.01	0.35	72.57	17.40	0.00
1	5	0.00	0.50	70.57	20.12	0.00
2	2	0.01	0.51	69.85	20.00	0.00
2	6	0.00	0.40	69.17	21.53	0.00
3	3	0.02	0.54	77.16	12.87	0.00
3	7	0.11	2.16	63.45	9.90	0.00
Core	CPU	C1%	C3%	C6%	C8%	C9%
-	-	0.00	0.70	72.37	15.65	0.00
0	0	0.00	0.53	74.42	14.59	0.00
0	4	0.00	0.45	72.16	18.57	0.00
1	1	0.01	0.34	73.97	15.96	0.00
1	5	0.00	0.37	70.44	20.36	0.00
2	2	0.01	0.49	71.02	18.88	0.00
2	6	0.00	0.51	70.46	20.13	0.00
3	3	0.00	0.60	80.40	9.56	0.00
3	7	0.01	2.31	66.12	7.13	0.00
Core	CPU	C1%	C3%	C6%	C8%	C9%
-	-	0.01	0.78	71.32	16.46	0.00
0	0	0.00	0.46	74.48	14.30	0.00
0	4	0.00	0.42	70.56	19.81	0.00
1	1	0.01	0.50	72.93	16.29	0.00
1	5	0.00	0.46	70.56	20.01	0.00
2	2	0.00	0.50	68.76	20.47	0.00
2	6	0.00	0.53	69.02	21.51	0.00
3	3	0.00	0.47	79.24	10.66	0.00
3	7	0.02	2.93	64.43	8.46	0.00
Core	CPU	C1%	C3%	C6%	C8%	C9%
-	-	0.01	0.64	71.77	16.22	0.00
0	0	0.01	0.44	77.01	11.88	0.00
0	4	0.00	0.45	72.02	18.68	0.00
1	1	0.01	0.38	72.81	17.27	0.00
1	5	0.00	0.20	70.25	20.76	0.00
2	2	0.01	0.48	71.00	18.89	0.00
2	6	0.08	0.66	70.18	20.22	0.00
3	3	0.00	0.46	78.11	11.91	0.00
3	7	0.01	2.05	63.33	10.24	0.00
Core	CPU	C1%	C3%	C6%	C8%	C9%
-	-	0.00	1.06	69.74	16.12	0.00
0	0	0.00	0.57	72.91	13.94	0.00
0	4	0.00	0.40	69.00	19.13	0.00
1	1	0.01	2.32	69.05	17.74	0.00
1	5	0.00	0.38	66.90	21.35	0.00
2	2	0.00	0.53	69.99	18.01	0.00
2	6	0.00	0.52	68.74	19.96	0.00
3	3	0.00	0.50	77.05	10.98	0.00
3	7	0.01	3.27	63.63	7.71	0.00
Core	CPU	C1%	C3%	C6%	C8%	C9%
-	-	0.01	0.69	71.28	16.75	0.00
0	0	0.00	0.33	73.19	16.16	0.00
0	4	0.00	0.59	73.44	17.07	0.00
1	1	0.01	0.45	72.84	16.96	0.00
1	5	0.00	0.39	71.38	19.48	0.00
2	2	0.00	0.46	69.68	20.17	0.00
2	6	0.00	0.73	69.23	21.24	0.00
3	3	0.01	0.51	77.88	12.12	0.00
3	7	0.01	2.05	62.58	10.83	0.00
Core	CPU	C1%	C3%	C6%	C8%	C9%
-	-	0.01	0.71	72.16	15.71	0.00
0	0	0.01	0.55	70.91	18.05	0.00
0	4	0.01	0.37	71.83	18.82	0.00
1	1	0.01	0.28	74.22	15.72	0.00
1	5	0.00	0.47	70.20	20.51	0.00
2	2	0.01	0.64	71.12	18.58	0.00
2	6	0.00	0.47	70.68	19.94	0.00
3	3	0.00	0.51	82.05	7.84	0.00
3	7	0.01	2.36	66.80	6.39	0.00
Core	CPU	C1%	C3%	C6%	C8%	C9%
-	-	0.01	0.80	72.26	15.71	0.00
0	0	0.01	1.14	76.89	11.41	0.00
0	4	0.00	0.48	71.09	19.77	0.00
1	1	0.01	0.37	75.67	14.44	0.00
1	5	0.00	0.24	71.05	19.95	0.00
2	2	0.01	0.53	69.77	20.09	0.00
2	6	0.00	0.55	69.03	21.70	0.00
3	3	0.01	0.48	81.40	8.60	0.00
3	7	0.02	2.59	63.27	9.76	0.00
Core	CPU	C1%	C3%	C6%	C8%	C9%
-	-	0.00	0.65	71.88	16.27	0.00
0	0	0.00	0.44	74.58	14.61	0.00
0	4	0.00	0.55	72.31	18.42	0.00
1	1	0.01	0.38	75.38	14.47	0.00
1	5	0.01	0.21	70.05	20.87	0.00
2	2	0.00	0.48	70.46	19.43	0.00
2	6	0.00	0.51	70.14	20.60	0.00
3	3	0.00	0.64	78.95	10.92	0.00
3	7	0.01	1.99	62.60	10.68	0.00
Core	CPU	C1%	C3%	C6%	C8%	C9%
-	-	0.01	1.12	69.66	16.33	0.00
0	0	0.00	0.37	71.00	15.60	0.00
0	4	0.00	0.57	73.20	15.43	0.00
1	1	0.01	2.69	69.42	16.85	0.00
1	5	0.00	0.30	68.30	21.58	0.00
2	2	0.01	0.54	67.11	21.09	0.00
2	6	0.01	0.41	68.05	21.10	0.00
3	3	0.00	0.43	77.60	10.77	0.00
3	7	0.02	3.66	62.83	8.27	0.00
Core	CPU	C1%	C3%	C6%	C8%	C9%
-	-	0.12	0.73	70.62	17.20	0.00
0	0	0.00	0.40	74.03	15.05	0.00
0	4	0.01	0.65	72.53	17.87	0.00
1	1	0.02	0.45	71.86	18.07	0.00
1	5	0.00	0.41	69.94	20.87	0.00
2	2	0.00	0.53	68.08	21.75	0.00
2	6	0.00	0.71	69.93	20.56	0.00
3	3	0.01	0.52	77.01	12.93	0.00
3	7	0.89	2.17	61.80	10.59	0.00
Core	CPU	C1%	C3%	C6%	C8%	C9%
-	-	0.00	0.74	71.73	16.37	0.00
0	0	0.00	0.58	74.30	14.55	0.00
0	4	0.00	0.47	71.69	19.03	0.00
1	1	0.01	0.50	71.30	18.60	0.00
1	5	0.00	0.47	69.13	21.68	0.00
2	2	0.01	0.74	70.84	18.84	0.00
2	6	0.00	0.47	72.11	18.58	0.00
3	3	0.00	0.49	78.81	11.19	0.00
3	7	0.01	2.22	65.05	8.34	0.00
Core	CPU	C1%	C3%	C6%	C8%	C9%
-	-	0.00	0.81	71.75	16.07	0.00
0	0	0.00	0.41	76.74	12.36	0.00
0	4	0.01	0.56	71.64	18.98	0.00
1	1	0.01	0.94	74.94	14.37	0.00
1	5	0.00	0.32	70.50	20.40	0.00
2	2	0.01	0.55	69.60	20.34	0.00
2	6	0.00	0.50	68.33	22.35	0.00
3	3	0.00	0.47	78.96	10.62	0.00
3	7	0.01	2.76	63.59	9.25	0.00
Core	CPU	C1%	C3%	C6%	C8%	C9%
-	-	0.01	0.71	72.26	15.70	0.00
0	0	0.00	0.68	71.95	17.02	0.00
0	4	0.01	0.48	70.30	20.35	0.00
1	1	0.01	0.26	72.81	17.22	0.00
1	5	0.00	0.42	70.99	19.74	0.00
2	2	0.00	0.63	72.12	17.69	0.00
2	6	0.00	0.34	71.85	18.93	0.00
3	3	0.00	0.46	81.55	8.41	0.00
3	7	0.01	2.43	66.81	6.37	0.00
Core	CPU	C1%	C3%	C6%	C8%	C9%
-	-	0.01	0.96	69.68	16.41	0.00
0	0	0.01	0.44	72.03	15.17	0.00
0	4	0.00	0.56	67.86	20.85	0.00
1	1	0.01	1.32	69.16	17.75	0.00
1	5	0.00	0.39	67.51	21.49	0.00
2	2	0.00	0.48	69.32	18.60	0.00
2	6	0.00	0.49	68.64	20.73	0.00
3	3	0.01	0.46	78.50	9.57	0.00
3	7	0.01	3.50	64.06	7.04	0.00
Core	CPU	C1%	C3%	C6%	C8%	C9%
-	-	0.01	0.67	71.57	16.43	0.00
0	0	0.01	0.39	74.50	14.62	0.00
0	4	0.00	0.60	72.05	18.54	0.00
1	1	0.01	0.44	72.95	17.06	0.00
1	5	0.00	0.39	70.22	20.51	0.00
2	2	0.01	0.47	70.14	19.63	0.00
2	6	0.01	0.46	68.24	22.53	0.00
3	3	0.01	0.48	79.67	10.38	0.00
3	7	0.01	2.11	65.20	8.26	0.00
Core	CPU	C1%	C3%	C6%	C8%	C9%
-	-	0.01	0.85	69.63	17.47	0.00
0	0	0.00	0.50	73.13	15.96	0.00
0	4	0.01	0.41	71.17	19.46	0.00
1	1	0.00	0.44	69.46	19.99	0.00
1	5	0.00	0.41	66.62	23.71	0.00
2	2	0.00	1.37	70.14	18.82	0.00
2	6	0.00	0.41	67.67	22.71	0.00
3	3	0.01	0.56	77.10	11.89	0.00
3	7	0.02	2.70	61.29	7.07	0.00
Core	CPU	C1%	C3%	C6%	C8%	C9%
-	-	0.02	0.70	71.47	16.59	0.00
0	0	0.01	0.64	70.50	18.53	0.00
0	4	0.01	0.50	69.56	21.09	0.00
1	1	0.01	0.31	73.33	16.63	0.00
1	5	0.00	0.54	69.74	20.92	0.00
2	2	0.00	0.56	69.08	20.82	0.00
2	6	0.00	0.25	70.00	20.90	0.00
3	3	0.01	0.43	82.21	7.87	0.00
3	7	0.10	2.38	67.22	5.88	0.00
Core	CPU	C1%	C3%	C6%	C8%	C9%
-	-	0.01	0.73	71.14	16.77	0.00
0	0	0.00	0.56	71.25	17.78	0.00
0	4	0.01	0.69	70.28	20.18	0.00
1	1	0.01	0.38	74.08	15.78	0.00
1	5	0.00	0.47	69.69	21.07	0.00
2	2	0.01	0.53	69.92	19.99	0.00
2	6	0.00	0.40	69.72	21.07	0.00
3	3	0.00	0.48	79.72	10.29	0.00
3	7	0.01	2.35	65.04	8.15	0.00
Core	CPU	C1%	C3%	C6%	C8%	C9%
-	-	0.01	1.28	69.92	17.07	0.00
0	0	0.00	0.62	70.14	17.75	0.00
0	4	0.00	0.39	68.76	21.61	0.00
1	1	0.01	2.51	72.66	13.98	0.00
1	5	0.00	0.49	67.34	22.26	0.00
2	2	0.01	0.58	69.34	20.08	0.00
2	6	0.00	0.33	68.37	22.03	0.00
3	3	0.00	0.52	78.58	11.23	0.00
3	7	0.02	4.78	63.67	7.46	0.00
Core	CPU	C1%	C3%	C6%	C8%	C9%
-	-	0.03	0.72	72.37	15.62	0.00
0	0	0.00	0.75	72.08	16.86	0.00
0	4	0.00	0.47	71.78	18.89	0.00
1	1	0.01	0.20	72.76	17.28	0.00
1	5	0.00	0.50	69.52	21.27	0.00
2	2	0.01	0.67	72.52	17.25	0.00
2	6	0.00	0.28	70.74	20.09	0.00
3	3	0.00	0.43	82.24	7.83	0.00
3	7	0.21	2.44	67.20	5.47	0.00
Core	CPU	C1%	C3%	C6%	C8%	C9%
-	-	0.01	0.71	71.88	16.02	0.00
0	0	0.00	0.67	71.32	17.60	0.00
0	4	0.01	0.53	70.18	20.38	0.00
1	1	0.01	0.17	74.18	15.97	0.00
1	5	0.00	0.57	69.86	20.74	0.00
2	2	0.00	0.59	69.44	20.39	0.00
2	6	0.00	0.22	69.72	21.16	0.00
3	3	0.00	0.33	82.93	7.02	0.00
3	7	0.01	2.59	67.93	5.08	0.00
Core	CPU	C1%	C3%	C6%	C8%	C9%
-	-	0.01	0.81	71.62	16.36	0.00
0	0	0.01	0.60	72.19	16.87	0.00
0	4	0.00	0.50	71.31	19.33	0.00
1	1	0.02	0.27	72.71	17.33	0.00
1	5	0.00	0.53	69.18	21.61	0.00
2	2	0.01	0.57	70.71	19.20	0.00
2	6	0.00	0.39	69.57	21.28	0.00
3	3	0.00	0.98	80.51	8.62	0.00
3	7	0.02	2.67	66.51	6.57	0.00
Core	CPU	C1%	C3%	C6%	C8%	C9%
-	-	0.01	0.73	72.12	15.84	0.00
0	0	0.00	0.56	72.61	16.36	0.00
0	4	0.01	0.56	71.17	19.39	0.00
1	1	0.01	0.33	75.19	14.83	0.00
1	5	0.00	0.57	70.26	20.45	0.00
2	2	0.01	0.54	70.94	18.89	0.00
2	6	0.00	0.34	70.57	20.27	0.00
3	3	0.00	0.45	81.08	8.90	0.00
3	7	0.01	2.50	65.44	7.72	0.00
Core	CPU	C1%	C3%	C6%	C8%	C9%
-	-	0.01	0.92	69.84	15.89	0.00
0	0	0.01	0.29	74.29	12.90	0.00
0	4	0.00	0.60	70.77	17.85	0.00
1	1	0.01	2.13	72.21	14.33	0.00
1	5	0.00	0.31	67.11	21.49	0.00
2	2	0.01	0.39	67.64	20.30	0.00
2	6	0.00	0.52	66.89	21.40	0.00
3	3	0.00	0.49	77.47	9.92	0.00
3	7	0.01	2.60	62.25	8.94	0.00
Core	CPU	C1%	C3%	C6%	C8%	C9%
-	-	0.01	0.72	72.09	16.05	0.00
0	0	0.00	0.57	71.79	17.39	0.00
0	4	0.01	0.46	73.24	17.36	0.00
1	1	0.01	0.27	75.87	14.15	0.00
1	5	0.00	0.49	72.36	18.43	0.00
2	2	0.01	0.67	68.67	21.13	0.00
2	6	0.00	0.32	69.14	21.74	0.00
3	3	0.01	0.39	79.83	10.20	0.00
3	7	0.02	2.61	65.23	7.87	0.00
Core	CPU	C1%	C3%	C6%	C8%	C9%
-	-	0.01	0.72	71.86	16.04	0.00
0	0	0.00	0.55	72.04	17.02	0.00
0	4	0.00	0.54	70.59	20.03	0.00
1	1	0.01	0.26	73.64	16.50	0.00
1	5	0.00	0.43	72.21	18.40	0.00
2	2	0.01	0.57	69.40	20.47	0.00
2	6	0.00	0.36	69.56	21.26	0.00
3	3	0.01	0.45	81.70	8.19	0.00
3	7	0.01	2.61	66.37	6.64	0.00
Core	CPU	C1%	C3%	C6%	C8%	C9%
-	-	0.01	0.83	71.64	16.44	0.00
0	0	0.01	0.66	69.30	19.82	0.00
0	4	0.00	0.41	70.42	20.39	0.00
1	1	0.01	0.16	75.14	15.01	0.00
1	5	0.00	0.53	70.43	20.28	0.00
2	2	0.01	0.70	68.53	21.30	0.00
2	6	0.00	0.12	69.60	21.36	0.00
3	3	0.00	1.11	81.36	7.97	0.00
3	7	0.01	2.99	67.75	5.20	0.00
Core	CPU	C1%	C3%	C6%	C8%	C9%
-	-	0.01	0.73	71.15	16.82	0.00
0	0	0.00	0.41	73.24	15.84	0.00
0	4	0.00	0.55	70.36	20.30	0.00
1	1	0.01	0.39	73.55	16.32	0.00
1	5	0.00	0.59	70.26	20.41	0.00
2	2	0.01	0.57	69.71	20.13	0.00
2	6	0.00	0.54	69.55	21.18	0.00
3	3	0.01	0.51	79.54	10.47	0.00
3	7	0.01	2.31	63.04	9.89	0.00
Core	CPU	C1%	C3%	C6%	C8%	C9%
-	-	0.00	1.15	70.75	15.91	0.00
0	0	0.01	0.63	72.67	14.48	0.00
0	4	0.01	0.32	69.51	20.27	0.00
1	1	0.01	2.57	72.17	14.64	0.00
1	5	0.00	0.37	68.57	21.14	0.00
2	2	0.01	0.52	69.70	19.17	0.00
2	6	0.00	0.24	68.81	21.46	0.00
3	3	0.00	0.44	79.08	10.38	0.00
3	7	0.01	4.12	65.51	5.71	0.00
Core	CPU	C1%	C3%	C6%	C8%	C9%
-	-	0.01	0.70	71.77	16.17	0.00
0	0	0.00	0.53	71.20	17.86	0.00
0	4	0.01	0.55	70.69	19.78	0.00
1	1	0.01	0.39	74.24	15.60	0.00
1	5	0.00	0.50	69.34	20.60	0.00
2	2	0.01	0.55	71.57	18.32	0.00
2	6	0.00	0.40	70.98	19.86	0.00
3	3	0.00	0.50	80.48	9.42	0.00
3	7	0.01	2.18	65.65	7.93	0.00
Core	CPU	C1%	C3%	C6%	C8%	C9%
-	-	0.01	0.84	71.10	16.70	0.00
0	0	0.00	0.44	71.46	17.67	0.00
0	4	0.00	0.51	71.75	18.89	0.00
1	1	0.02	1.11	73.38	15.81	0.00
1	5	0.00	0.36	69.94	20.83	0.00
2	2	0.01	0.57	68.14	21.77	0.00
2	6	0.00	0.45	67.74	23.05	0.00
3	3	0.01	0.45	81.79	8.16	0.00
3	7	0.01	2.82	65.17	7.53	0.00
Core	CPU	C1%	C3%	C6%	C8%	C9%
-	-	0.01	0.64	72.73	15.46	0.00
0	0	0.01	0.48	74.72	14.31	0.00
0	4	0.01	0.46	72.10	18.67	0.00
1	1	0.01	0.27	77.63	12.42	0.00
1	5	0.00	0.32	71.19	19.72	0.00
2	2	0.01	0.50	70.27	19.66	0.00
2	6	0.00	0.36	69.20	21.67	0.00
3	3	0.00	0.50	80.71	9.14	0.00
3	7	0.01	2.25	65.38	7.96	0.00
Core	CPU	C1%	C3%	C6%	C8%	C9%
-	-	0.01	0.71	72.16	15.74	0.00
0	0	0.00	0.67	72.44	16.47	0.00
0	4	0.00	0.40	71.36	19.30	0.00
1	1	0.01	0.26	73.72	16.23	0.00
1	5	0.00	0.50	70.90	19.83	0.00
2	2	0.01	0.73	71.00	18.69	0.00
2	6	0.00	0.31	70.85	19.94	0.00
3	3	0.00	0.54	81.25	8.58	0.00
3	7	0.02	2.24	66.36	7.00	0.00
Core	CPU	C1%	C3%	C6%	C8%	C9%
-	-	0.01	1.04	70.17	15.73	0.00
0	0	0.00	0.49	72.65	14.35	0.00
0	4	0.00	0.38	70.56	17.79	0.00
1	1	0.01	1.75	71.69	15.11	0.00
1	5	0.00	0.53	69.04	19.06	0.00
2	2	0.01	0.52	68.34	19.66	0.00
2	6	0.00	0.31	67.69	21.22	0.00
3	3	0.00	0.50	77.47	10.93	0.00
3	7	0.01	3.87	63.49	7.65	0.00
Core	CPU	C1%	C3%	C6%	C8%	C9%
-	-	0.01	0.67	71.52	16.58	0.00
0	0	0.01	0.38	73.84	15.40	0.00
0	4	0.00	0.58	71.26	19.41	0.00
1	1	0.01	0.47	74.85	15.07	0.00
1	5	0.00	0.24	70.75	20.11	0.00
2	2	0.00	0.52	70.75	19.08	0.00
2	6	0.00	0.56	69.28	21.44	0.00
3	3	0.01	0.52	78.70	11.24	0.00
3	7	0.01	2.07	62.56	10.84	0.00
Core	CPU	C1%	C3%	C6%	C8%	C9%
-	-	0.01	0.87	71.30	16.35	0.00
0	0	0.00	0.55	71.66	17.47	0.00
0	4	0.00	0.55	72.19	18.03	0.00
1	1	0.01	0.30	73.53	16.37	0.00
1	5	0.00	0.46	70.13	20.18	0.00
2	2	0.01	1.43	69.14	19.38	0.00
2	6	0.00	0.34	68.41	22.36	0.00
3	3	0.01	0.48	80.45	9.50	0.00
3	7	0.01	2.84	65.25	7.60	0.00
Core	CPU	C1%	C3%	C6%	C8%	C9%
-	-	0.01	0.70	71.52	16.45	0.00
0	0	0.01	0.39	76.01	13.12	0.00
0	4	0.01	0.65	71.62	18.92	0.00
1	1	0.02	0.37	74.12	15.81	0.00
1	5	0.00	0.35	70.01	20.70	0.00
2	2	0.00	0.51	68.24	21.62	0.00
2	6	0.00	0.47	69.10	21.67	0.00
3	3	0.01	0.43	79.99	9.98	0.00
3	7	0.01	2.39	63.38	9.83	0.00
Core	CPU	C1%	C3%	C6%	C8%	C9%
-	-	0.00	0.68	71.60	16.12	0.00
0	0	0.00	0.39	76.69	12.38	0.00
0	4	0.00	0.51	72.10	18.57	0.00
1	1	0.01	0.48	72.55	17.38	0.00
1	5	0.00	0.32	69.97	21.03	0.00
2	2	0.00	0.50	70.96	18.90	0.00
2	6	0.01	0.61	69.60	21.12	0.00
3	3	0.01	0.49	78.68	10.86	0.00
3	7	0.00	2.11	62.23	8.75	0.00
Core	CPU	C1%	C3%	C6%	C8%	C9%
-	-	0.01	1.21	69.21	17.02	0.01
0	0	0.00	0.53	69.33	18.61	0.00
0	4	0.01	0.59	69.34	20.07	0.00
1	1	0.01	2.60	72.05	14.82	0.05
1	5	0.00	0.46	69.99	19.87	0.00
2	2	0.00	0.46	67.15	21.51	0.00
2	6	0.00	0.38	67.93	21.86	0.00
3	3	0.00	0.42	75.68	12.54	0.00
3	7	0.02	4.21	62.26	6.89	0.00
Core	CPU	C1%	C3%	C6%	C8%	C9%
-	-	0.01	0.70	71.96	16.16	0.00
0	0	0.01	0.48	75.51	13.54	0.00
0	4	0.01	0.65	70.38	20.10	0.00
1	1	0.01	0.41	74.70	15.11	0.00
1	5	0.00	0.43	69.33	21.26	0.00
2	2	0.01	0.51	70.06	19.83	0.00
2	6	0.00	0.44	69.69	21.11	0.00
3	3	0.01	0.50	80.13	9.92	0.00
3	7	0.01	2.17	65.27	8.22	0.00
Core	CPU	C1%	C3%	C6%	C8%	C9%
-	-	0.01	0.73	71.17	16.73	0.00
0	0	0.01	0.53	74.32	14.61	0.00
0	4	0.00	0.47	69.26	21.43	0.00
1	1	0.01	0.29	73.10	16.88	0.00
1	5	0.00	0.48	69.67	20.87	0.00
2	2	0.01	0.60	68.37	21.40	0.00
2	6	0.00	0.45	68.77	21.94	0.00
3	3	0.01	0.50	81.06	8.90	0.00
3	7	0.01	2.52	65.29	7.95	0.00
Core	CPU	C1%	C3%	C6%	C8%	C9%
-	-	0.02	0.87	71.52	16.32	0.00
0	0	0.01	0.58	72.14	16.70	0.00
0	4	0.00	0.45	68.43	22.23	0.00
1	1	0.02	1.09	72.14	16.97	0.00
1	5	0.00	0.47	69.63	21.15	0.00
2	2	0.01	0.57	71.30	18.57	0.00
2	6	0.00	0.39	69.79	20.93	0.00
3	3	0.00	0.46	81.73	7.76	0.00
3	7	0.10	2.98	66.66	6.14	0.00
Core	CPU	C1%	C3%	C6%	C8%	C9%
-	-	0.01	0.68	71.78	16.30	0.00
0	0	0.00	0.52	74.07	14.84	0.00
0	4	0.00	0.38	70.26	20.49	0.00
1	1	0.02	0.28	72.76	17.39	0.00
1	5	0.00	0.49	69.99	20.78	0.00
2	2	0.01	0.63	69.70	20.10	0.00
2	6	0.00	0.30	69.91	20.93	0.00
3	3	0.00	0.35	81.75	8.37	0.00
3	7	0.01	2.46	65.76	7.52	0.00
Core	CPU	C1%	C3%	C6%	C8%	C9%
-	-	0.01	0.92	69.50	16.46	0.00
0	0	0.00	0.45	73.16	13.77	0.00
0	4	0.00	0.38	69.25	19.77	0.00
1	1	0.01	1.01	70.78	16.09	0.00
1	5	0.00	0.39	69.04	19.86	0.00
2	2	0.01	0.55	68.03	19.85	0.00
2	6	0.00	0.36	67.24	21.54	0.00
3	3	0.01	0.51	76.45	11.53	0.00
3	7	0.01	3.74	62.12	9.28	0.00
Core	CPU	C1%	C3%	C6%	C8%	C9%
-	-	0.01	0.69	72.15	15.83	0.00
0	0	0.01	0.38	74.25	14.93	0.00
0	4	0.00	0.49	71.83	18.86	0.00
1	1	0.01	0.45	75.60	14.15	0.00
1	5	0.00	0.40	71.65	19.08	0.00
2	2	0.01	0.53	68.50	21.31	0.00
2	6	0.00	0.51	69.45	21.26	0.00
3	3	0.00	0.60	81.46	8.43	0.00
3	7	0.01	2.12	64.80	8.69	0.00
Core	CPU	C1%	C3%	C6%	C8%	C9%
-	-	0.01	0.86	71.64	16.33	0.00
0	0	0.01	0.36	73.65	15.64	0.00
0	4	0.00	1.38	70.23	19.52	0.00
1	1	0.01	0.32	74.84	15.23	0.00
1	5	0.00	0.42	71.70	19.04	0.00
2	2	0.01	0.51	68.77	21.16	0.00
2	6	0.01	0.57	69.49	21.27	0.00
3	3	0.01	0.48	80.16	9.92	0.00
3	7	0.01	2.86	64.06	8.81	0.00
Core	CPU	C1%	C3%	C6%	C8%	C9%
-	-	0.01	0.68	72.03	16.10	0.00
0	0	0.01	0.47	76.41	12.59	0.00
0	4	0.00	0.51	70.52	20.23	0.00
1	1	0.01	0.36	74.75	15.34	0.00
1	5	0.00	0.36	71.91	18.96	0.00
2	2	0.00	0.57	69.83	20.02	0.00
2	6	0.00	0.51	70.02	20.71	0.00
3	3	0.01	0.51	78.94	11.04	0.00
3	7	0.01	2.14	63.50	9.86	0.00
Core	CPU	C1%	C3%	C6%	C8%	C9%
-	-	0.00	0.69	72.05	15.88	0.00
0	0	0.01	0.52	75.65	13.25	0.00
0	4	0.00	0.38	72.33	18.41	0.00
1	1	0.01	0.42	72.30	17.62	0.00
1	5	0.00	0.53	69.53	21.12	0.00
2	2	0.00	0.56	70.36	19.46	0.00
2	6	0.00	0.45	70.17	20.55	0.00
3	3	0.00	0.55	80.50	9.43	0.00
3	7	0.01	2.12	66.13	7.31	0.00
Core	CPU	C1%	C3%	C6%	C8%	C9%
-	-	0.01	1.09	69.15	17.42	0.00
0	0	0.00	0.49	70.46	17.81	0.00
0	4	0.00	0.53	70.24	19.28	0.00
1	1	0.01	1.87	68.85	18.13	0.00
1	5	0.00	0.44	68.82	20.86	0.00
2	2	0.01	0.48	67.42	20.53	0.00
2	6	0.00	0.49	67.91	21.66	0.00
3	3	0.01	0.51	76.58	12.37	0.00
3	7	0.01	3.91	62.64	8.66	0.00
Core	CPU	C1%	C3%	C6%	C8%	C9%
-	-	0.01	0.70	71.26	16.57	0.00
0	0	0.00	0.59	74.27	14.61	0.00
0	4	0.01	0.37	71.11	19.63	0.00
1	1	0.00	0.31	72.65	17.44	0.00
1	5	0.00	0.58	70.99	19.71	0.00
2	2	0.04	0.60	69.02	19.50	0.00
2	6	0.00	0.33	68.42	22.43	0.00
3	3	0.01	0.62	79.19	10.73	0.00
3	7	0.01	2.18	64.15	8.43	0.00
Core	CPU	C1%	C3%	C6%	C8%	C9%
-	-	0.01	0.75	71.80	15.92	0.00
0	0	0.00	0.54	73.01	15.90	0.00
0	4	0.01	0.47	70.35	19.87	0.00
1	1	0.01	0.26	74.09	15.98	0.00
1	5	0.01	0.62	70.16	19.43	0.00
2	2	0.01	0.63	69.87	19.97	0.00
2	6	0.00	0.32	69.67	21.23	0.00
3	3	0.00	0.39	81.06	8.97	0.00
3	7	0.01	2.79	66.82	6.20	0.00
