Core	CPU	C1%	C3%	C6%	C8%	C9%
-	-	0.09	0.07	9.72	3.42	0.10
0	0	0.07	0.40	65.23	20.92	0.00
0	4	0.00	0.00	2.32	1.20	0.00
1	1	0.00	0.00	1.93	0.89	0.00
1	5	0.69	0.05	2.30	1.76	0.00
2	2	0.00	0.00	1.25	0.50	0.00
2	6	0.00	0.02	1.16	0.14	0.00
3	3	0.00	0.04	1.18	0.30	0.80
3	7	0.00	0.09	2.34	1.61	0.00
Core	CPU	C1%	C3%	C6%	C8%	C9%
-	-	0.01	0.03	8.54	3.41	0.00
0	0	0.09	0.26	64.92	21.78	0.00
0	4	0.00	0.00	0.44	0.11	0.00
1	1	0.00	0.00	0.14	0.60	0.00
1	5	0.00	0.00	0.74	0.21	0.00
2	2	0.00	0.00	0.10	0.79	0.00
2	6	0.00	0.00	1.34	0.80	0.00
3	3	0.00	0.00	0.36	1.59	0.00
3	7	0.00	0.00	0.25	1.39	0.00
Core	CPU	C1%	C3%	C6%	C8%	C9%
-	-	0.01	0.05	8.48	3.47	0.00
0	0	0.10	0.25	64.85	21.85	0.00
0	4	0.00	0.00	0.97	0.00	0.00
1	1	0.00	0.00	0.26	0.79	0.00
1	5	0.00	0.00	0.45	1.39	0.00
2	2	0.00	0.13	0.38	0.89	0.00
2	6	0.00	0.00	0.29	1.10	0.00
3	3	0.00	0.00	0.29	0.89	0.00
3	7	0.00	0.00	0.32	0.87	0.00
Core	CPU	C1%	C3%	C6%	C8%	C9%
-	-	0.01	0.04	8.42	3.49	0.00
0	0	0.09	0.31	64.99	21.61	0.00
0	4	0.02	0.00	0.49	0.00	0.00
1	1	0.00	0.00	0.28	0.89	0.00
1	5	0.00	0.00	0.58	1.10	0.00
2	2	0.00	0.05	0.19	1.19	0.00
2	6	0.00	0.00	0.42	0.98	0.00
3	3	0.00	0.00	0.10	1.19	0.00
3	7	0.00	0.00	0.26	0.94	0.00
Core	CPU	C1%	C3%	C6%	C8%	C9%
-	-	0.02	0.14	8.25	6.43	0.54
0	0	0.07	0.97	62.30	20.00	3.34
0	4	0.01	0.11	0.94	23.59	0.99
1	1	0.00	0.00	0.66	1.39	0.00
1	5	0.00	0.01	0.41	1.28	0.00
2	2	0.00	0.00	0.66	1.10	0.00
2	6	0.00	0.00	0.40	1.48	0.00
3	3	0.05	0.00	0.23	0.90	0.00
3	7	0.00	0.00	0.40	1.70	0.00
Core	CPU	C1%	C3%	C6%	C8%	C9%
-	-	0.01	0.04	8.33	3.99	0.00
0	0	0.09	0.24	64.35	22.04	0.00
0	4	0.00	0.00	0.14	4.75	0.00
1	1	0.00	0.00	0.04	0.49	0.00
1	5	0.00	0.04	0.31	0.59	0.00
2	2	0.00	0.00	0.30	0.69	0.00
2	6	0.00	0.01	0.68	1.08	0.00
3	3	0.00	0.00	0.47	0.79	0.00
3	7	0.00	0.02	0.39	1.48	0.00
Core	CPU	C1%	C3%	C6%	C8%	C9%
-	-	0.02	0.04	8.74	3.41	0.00
0	0	0.09	0.32	64.76	21.80	0.00
0	4	0.00	0.00	0.88	0.00	0.00
1	1	0.00	0.00	0.45	1.29	0.00
1	5	0.00	0.00	0.94	0.39	0.00
2	2	0.00	0.00	0.92	0.82	0.00
2	6	0.03	0.00	0.70	0.69	0.01
3	3	0.03	0.03	0.41	1.84	0.00
3	7	0.00	0.00	0.84	0.46	0.00
Core	CPU	C1%	C3%	C6%	C8%	C9%
-	-	0.01	0.03	8.66	3.55	0.12
0	0	0.09	0.18	65.30	21.44	0.00
0	4	0.00	0.00	0.60	0.00	0.00
1	1	0.00	0.00	0.29	1.29	0.00
1	5	0.00	0.00	0.77	1.19	0.00
2	2	0.00	0.00	0.35	0.98	0.00
2	6	0.00	0.00	0.75	1.38	0.00
3	3	0.00	0.03	0.41	1.08	0.00
3	7	0.00	0.01	0.76	1.07	0.99
Core	CPU	C1%	C3%	C6%	C8%	C9%
-	-	0.01	0.03	8.46	3.35	0.13
0	0	0.10	0.23	64.73	21.95	0.00
0	4	0.00	0.00	0.54	0.00	0.00
1	1	0.00	0.00	0.22	0.30	0.00
1	5	0.00	0.00	0.10	0.50	0.00
2	2	0.00	0.00	0.39	1.28	0.00
2	6	0.00	0.00	0.31	1.18	0.00
3	3	0.00	0.00	1.06	0.49	0.00
3	7	0.00	0.01	0.32	1.10	1.00
Core	CPU	C1%	C3%	C6%	C8%	C9%
-	-	0.01	0.09	8.41	3.28	0.00
0	0	0.08	0.59	62.99	20.43	0.00
0	4	0.00	0.00	0.87	0.00	0.00
1	1	0.00	0.00	0.25	0.89	0.00
1	5	0.00	0.00	0.24	0.99	0.00
2	2	0.00	0.02	0.29	1.00	0.00
2	6	0.00	0.03	1.39	0.80	0.00
3	3	0.01	0.04	0.99	0.79	0.00
3	7	0.00	0.02	0.26	1.36	0.00
Core	CPU	C1%	C3%	C6%	C8%	C9%
-	-	0.01	0.03	8.63	3.47	0.00
0	0	0.09	0.28	64.74	21.86	0.00
0	4	0.00	0.00	0.59	0.00	0.00
1	1	0.00	0.00	0.19	0.98	0.00
1	5	0.00	0.00	0.56	0.99	0.00
2	2	0.00	0.00	0.94	0.89	0.00
2	6	0.00	0.00	0.53	0.99	0.00
3	3	0.00	0.00	1.21	1.19	0.00
3	7	0.00	0.00	0.28	0.85	0.00
Core	CPU	C1%	C3%	C6%	C8%	C9%
-	-	0.01	0.08	8.62	3.28	0.00
0	0	0.09	0.58	64.51	21.00	0.00
0	4	0.02	0.02	0.49	0.00	0.00
1	1	0.00	0.00	0.10	0.60	0.00
1	5	0.00	0.01	0.89	0.89	0.00
2	2	0.00	0.00	0.37	0.99	0.00
2	6	0.00	0.00	0.44	0.99	0.00
3	3	0.00	0.02	1.30	0.89	0.00
3	7	0.00	0.01	0.89	0.90	0.00
Core	CPU	C1%	C3%	C6%	C8%	C9%
-	-	0.01	0.02	8.49	3.29	0.00
0	0	0.10	0.11	64.95	21.92	0.00
0	4	0.00	0.00	0.55	0.20	0.00
1	1	0.00	0.00	0.14	0.61	0.00
1	5	0.00	0.03	0.50	0.00	0.00
2	2	0.00	0.00	0.19	0.70	0.00
2	6	0.00	0.00	0.29	1.28	0.00
3	3	0.00	0.00	0.78	0.79	0.00
3	7	0.00	0.00	0.53	0.80	0.00
Core	CPU	C1%	C3%	C6%	C8%	C9%
-	-	0.01	0.08	8.63	3.70	0.00
0	0	0.10	0.65	64.52	21.73	0.00
0	4	0.00	0.00	0.88	0.00	0.00
1	1	0.00	0.00	0.26	1.28	0.00
1	5	0.00	0.00	0.45	0.98	0.00
2	2	0.00	0.00	0.42	0.99	0.00
2	6	0.00	0.00	1.06	2.19	0.00
3	3	0.00	0.01	1.19	0.30	0.00
3	7	0.00	0.00	0.27	2.15	0.00
Core	CPU	C1%	C3%	C6%	C8%	C9%
-	-	0.01	0.06	8.25	3.47	0.09
0	0	0.09	0.43	63.01	20.53	0.00
0	4	0.00	0.00	0.49	0.29	0.69
1	1	0.00	0.00	0.28	1.09	0.00
1	5	0.00	0.00	0.27	0.99	0.00
2	2	0.00	0.00	0.24	1.19	0.00
2	6	0.00	0.00	0.33	1.58	0.00
3	3	0.00	0.03	1.00	0.89	0.04
3	7	0.00	0.00	0.38	1.15	0.00
Core	CPU	C1%	C3%	C6%	C8%	C9%
-	-	0.01	0.04	8.63	3.29	0.00
0	0	0.09	0.23	65.04	21.67	0.00
0	4	0.00	0.03	0.49	0.00	0.00
1	1	0.00	0.00	0.10	0.80	0.00
1	5	0.00	0.00	0.58	0.60	0.00
2	2	0.00	0.00	0.37	0.79	0.00
2	6	0.00	0.00	0.47	1.19	0.00
3	3	0.00	0.02	1.23	0.88	0.00
3	7	0.00	0.01	0.79	0.42	0.00
Core	CPU	C1%	C3%	C6%	C8%	C9%
-	-	0.01	0.05	8.44	3.55	0.00
0	0	0.09	0.35	64.56	21.09	0.00
0	4	0.00	0.05	0.75	0.30	0.00
1	1	0.00	0.00	0.27	0.99	0.00
1	5	0.00	0.00	0.22	1.08	0.00
2	2	0.00	0.00	0.10	1.39	0.00
2	6	0.00	0.00	0.78	1.19	0.00
3	3	0.00	0.00	0.48	1.49	0.00
3	7	0.00	0.00	0.34	0.88	0.00
Core	CPU	C1%	C3%	C6%	C8%	C9%
-	-	0.01	0.06	8.90	3.22	0.00
0	0	0.09	0.41	65.11	21.38	0.00
0	4	0.00	0.00	0.88	0.00	0.00
1	1	0.00	0.00	0.27	1.09	0.00
1	5	0.00	0.00	0.35	0.89	0.00
2	2	0.00	0.00	1.12	0.40	0.00
2	6	0.00	0.04	1.69	0.49	0.00
3	3	0.00	0.00	1.41	0.39	0.00
3	7	0.00	0.00	0.38	1.14	0.00
Core	CPU	C1%	C3%	C6%	C8%	C9%
-	-	0.01	0.01	8.45	3.46	0.00
0	0	0.11	0.04	64.71	22.20	0.00
0	4	0.00	0.02	0.59	0.00	0.00
1	1	0.00	0.00	0.20	0.50	0.00
1	5	0.00	0.00	0.29	1.08	0.00
2	2	0.00	0.00	0.37	0.89	0.00
2	6	0.00	0.00	0.35	0.79	0.00
3	3	0.00	0.00	0.92	0.80	0.00
3	7	0.00	0.00	0.19	1.42	0.00
Core	CPU	C1%	C3%	C6%	C8%	C9%
-	-	0.01	0.07	8.55	3.27	0.00
0	0	0.08	0.56	62.96	20.41	0.00
0	4	0.00	0.00	1.12	0.00	0.00
1	1	0.00	0.00	0.72	0.20	0.00
1	5	0.00	0.01	0.80	0.39	0.00
2	2	0.00	0.00	0.77	1.86	0.00
2	6	0.00	0.00	0.36	1.09	0.00
3	3	0.00	0.00	1.34	0.70	0.00
3	7	0.00	0.00	0.37	1.48	0.00
Core	CPU	C1%	C3%	C6%	C8%	C9%
-	-	0.01	0.02	8.61	3.38	0.00
0	0	0.10	0.14	64.90	21.89	0.00
0	4	0.00	0.00	0.87	0.30	0.00
1	1	0.00	0.00	0.35	0.90	0.00
1	5	0.00	0.00	0.25	0.89	0.00
2	2	0.00	0.00	0.53	0.90	0.00
2	6	0.00	0.00	0.39	0.90	0.00
3	3	0.00	0.00	0.58	0.80	0.00
3	7	0.00	0.04	1.02	0.47	0.00
Core	CPU	C1%	C3%	C6%	C8%	C9%
-	-	0.05	0.05	8.60	3.32	0.19
0	0	0.09	0.20	64.58	21.32	0.72
0	4	0.00	0.00	0.49	0.11	0.00
1	1	0.00	0.00	0.29	1.18	0.00
1	5	0.00	0.00	0.28	1.08	0.00
2	2	0.00	0.00	0.26	0.98	0.00
2	6	0.00	0.00	1.08	0.90	0.00
3	3	0.28	0.04	0.36	0.60	0.82
3	7	0.00	0.16	1.42	0.38	0.00
Core	CPU	C1%	C3%	C6%	C8%	C9%
-	-	0.01	0.05	8.64	3.37	0.00
0	0	0.10	0.31	64.88	21.73	0.00
0	4	0.00	0.00	0.55	0.00	0.00
1	1	0.00	0.00	0.22	0.60	0.00
1	5	0.00	0.00	0.20	1.09	0.00
2	2	0.00	0.00	0.57	1.19	0.00
2	6	0.00	0.00	0.84	0.89	0.00
3	3	0.00	0.00	0.95	0.79	0.00
3	7	0.00	0.09	0.93	0.70	0.00
Core	CPU	C1%	C3%	C6%	C8%	C9%
-	-	0.01	0.04	8.50	3.33	0.00
0	0	0.09	0.21	64.94	21.79	0.00
0	4	0.00	0.00	0.55	0.00	0.00
1	1	0.00	0.00	0.23	0.70	0.00
1	5	0.00	0.05	0.19	0.60	0.00
2	2	0.00	0.00	0.19	0.90	0.00
2	6	0.00	0.00	0.30	1.48	0.00
3	3	0.00	0.00	0.36	0.79	0.00
3	7	0.00	0.03	1.20	0.39	0.00
Core	CPU	C1%	C3%	C6%	C8%	C9%
-	-	0.01	0.06	8.31	3.33	0.00
0	0	0.09	0.36	63.00	20.62	0.00
0	4	0.00	0.00	0.88	0.00	0.00
1	1	0.00	0.00	0.27	0.99	0.00
1	5	0.00	0.00	0.35	1.09	0.00
2	2	0.00	0.00	0.33	1.28	0.00
2	6	0.00	0.02	0.20	1.09	0.00
3	3	0.00	0.00	0.59	0.89	0.00
3	7	0.00	0.13	0.86	0.66	0.00
Core	CPU	C1%	C3%	C6%	C8%	C9%
-	-	0.01	0.07	8.55	3.41	0.00
0	0	0.09	0.42	65.19	21.27	0.00
0	4	0.00	0.00	0.60	0.00	0.00
1	1	0.00	0.00	0.10	0.89	0.00
1	5	0.00	0.00	0.18	0.99	0.00
2	2	0.00	0.00	0.20	0.99	0.00
2	6	0.00	0.01	0.83	1.09	0.00
3	3	0.00	0.00	0.22	0.90	0.00
3	7	0.00	0.10	1.09	1.14	0.00
Core	CPU	C1%	C3%	C6%	C8%	C9%
-	-	0.01	0.06	8.68	3.36	0.10
0	0	0.08	0.45	64.36	21.38	0.84
0	4	0.00	0.00	0.64	0.00	0.00
1	1	0.00	0.02	0.59	0.21	0.00
1	5	0.00	0.00	0.19	0.80	0.00
2	2	0.00	0.00	0.88	1.37	0.00
2	6	0.00	0.00	0.96	1.29	0.00
3	3	0.00	0.00	0.38	1.28	0.00
3	7	0.00	0.05	1.45	0.53	0.00
Core	CPU	C1%	C3%	C6%	C8%	C9%
-	-	0.01	0.10	8.71	6.79	0.00
0	0	0.09	0.40	64.36	21.19	0.00
0	4	0.01	0.23	1.54	28.51	0.00
1	1	0.00	0.00	0.83	0.37	0.00
1	5	0.00	0.02	0.70	0.69	0.00
2	2	0.00	0.00	0.29	1.19	0.00
2	6	0.00	0.00	0.38	1.08	0.00
3	3	0.00	0.00	0.75	0.49	0.00
3	7	0.00	0.13	0.82	0.79	0.00
Core	CPU	C1%	C3%	C6%	C8%	C9%
-	-	0.01	0.02	8.56	3.42	0.00
0	0	0.10	0.11	64.82	22.01	0.00
0	4	0.00	0.00	0.87	0.00	0.00
1	1	0.00	0.00	0.36	0.89	0.00
1	5	0.00	0.00	0.53	0.80	0.00
2	2	0.00	0.00	0.41	1.11	0.00
2	6	0.00	0.00	0.19	1.30	0.00
3	3	0.00	0.00	0.28	0.79	0.00
3	7	0.00	0.06	0.98	0.48	0.00
Core	CPU	C1%	C3%	C6%	C8%	C9%
-	-	0.01	0.11	8.30	3.31	0.00
0	0	0.09	0.76	62.59	20.42	0.00
0	4	0.00	0.00	0.60	0.00	0.00
1	1	0.00	0.00	0.29	0.89	0.00
1	5	0.00	0.00	0.37	0.88	0.00
2	2	0.00	0.00	0.25	1.08	0.00
2	6	0.00	0.00	0.78	1.28	0.00
3	3	0.00	0.02	0.30	0.79	0.00
3	7	0.00	0.11	1.24	1.13	0.00
Core	CPU	C1%	C3%	C6%	C8%	C9%
-	-	0.01	0.05	8.56	3.26	0.00
0	0	0.10	0.28	65.02	21.63	0.00
0	4	0.00	0.03	0.49	0.00	0.00
1	1	0.00	0.00	0.10	0.60	0.00
1	5	0.00	0.00	0.29	0.98	0.00
2	2	0.00	0.00	0.47	0.99	0.00
2	6	0.00	0.00	0.36	0.99	0.00
3	3	0.00	0.00	0.64	0.49	0.00
3	7	0.00	0.08	1.10	0.42	0.00
Core	CPU	C1%	C3%	C6%	C8%	C9%
-	-	0.01	0.04	8.54	3.44	0.00
0	0	0.10	0.22	64.30	21.57	0.00
0	4	0.00	0.00	0.66	0.00	0.00
1	1	0.00	0.00	0.52	0.20	0.00
1	5	0.00	0.02	0.20	0.89	0.00
2	2	0.00	0.00	0.00	0.70	0.00
2	6	0.00	0.00	0.54	2.17	0.00
3	3	0.00	0.01	0.87	1.19	0.00
3	7	0.00	0.10	1.22	0.78	0.00
Core	CPU	C1%	C3%	C6%	C8%	C9%
-	-	0.01	0.07	8.81	3.34	0.00
0	0	0.10	0.44	64.97	21.49	0.00
0	4	0.00	0.00	0.98	0.00	0.00
1	1	0.00	0.00	0.86	0.99	0.00
1	5	0.00	0.00	0.95	1.19	0.00
2	2	0.00	0.00	0.63	1.19	0.00
2	6	0.00	0.02	0.20	1.19	0.00
3	3	0.00	0.00	0.80	0.30	0.00
3	7	0.00	0.07	1.08	0.37	0.00
Core	CPU	C1%	C3%	C6%	C8%	C9%
-	-	0.01	0.06	8.63	3.50	0.00
0	0	0.08	0.36	65.01	21.52	0.00
0	4	0.00	0.00	0.60	0.00	0.00
1	1	0.00	0.00	0.19	0.99	0.00
1	5	0.00	0.00	0.28	0.99	0.00
2	2	0.00	0.06	0.20	0.98	0.00
2	6	0.00	0.00	0.74	1.18	0.00
3	3	0.00	0.02	0.50	1.29	0.00
3	7	0.00	0.06	1.51	1.02	0.00
Core	CPU	C1%	C3%	C6%	C8%	C9%
-	-	0.01	0.06	8.36	2.97	0.43
0	0	0.08	0.41	62.70	20.89	3.34
0	4	0.00	0.00	0.54	0.00	0.00
1	1	0.00	0.00	0.63	0.11	0.00
1	5	0.00	0.02	0.67	0.20	0.00
2	2	0.00	0.00	0.49	0.89	0.00
2	6	0.00	0.00	0.28	0.99	0.00
3	3	0.00	0.00	0.31	0.58	0.09
3	7	0.00	0.04	1.27	0.13	0.00
Core	CPU	C1%	C3%	C6%	C8%	C9%
-	-	0.01	0.06	8.74	3.38	0.00
0	0	0.08	0.43	64.67	21.82	0.00
0	4	0.00	0.00	0.76	0.00	0.00
1	1	0.00	0.00	0.53	0.60	0.00
1	5	0.00	0.00	0.52	0.89	0.00
2	2	0.00	0.00	0.56	1.00	0.00
2	6	0.00	0.00	0.84	1.39	0.00
3	3	0.00	0.00	0.86	0.49	0.00
3	7	0.00	0.09	1.18	0.87	0.00
Core	CPU	C1%	C3%	C6%	C8%	C9%
-	-	0.01	0.06	8.54	3.37	0.00
0	0	0.09	0.44	64.44	21.26	0.00
0	4	0.00	0.00	0.99	0.00	0.00
1	1	0.00	0.00	0.28	0.89	0.00
1	5	0.00	0.00	0.44	0.99	0.00
2	2	0.00	0.00	0.43	1.18	0.00
2	6	0.00	0.00	0.43	1.28	0.00
3	3	0.00	0.01	0.21	0.80	0.00
3	7	0.00	0.05	1.13	0.55	0.00
Core	CPU	C1%	C3%	C6%	C8%	C9%
-	-	0.01	0.09	8.64	3.27	0.00
0	0	0.09	0.71	65.09	21.49	0.00
0	4	0.00	0.02	0.59	0.00	0.00
1	1	0.00	0.00	0.10	0.60	0.00
1	5	0.00	0.00	0.19	0.99	0.00
2	2	0.00	0.00	0.37	0.89	0.00
2	6	0.00	0.00	0.90	1.09	0.00
3	3	0.00	0.00	0.72	0.39	0.00
3	7	0.00	0.02	1.13	0.69	0.00
Core	CPU	C1%	C3%	C6%	C8%	C9%
-	-	0.01	0.04	8.53	3.53	0.00
0	0	0.09	0.06	65.01	21.92	0.00
0	4	0.00	0.00	0.65	0.61	0.00
1	1	0.00	0.00	0.15	1.29	0.00
1	5	0.00	0.00	0.14	1.09	0.00
2	2	0.00	0.12	0.69	0.79	0.00
2	6	0.00	0.00	0.30	0.60	0.00
3	3	0.00	0.00	0.20	1.09	0.00
3	7	0.00	0.10	1.14	0.87	0.00
Core	CPU	C1%	C3%	C6%	C8%	C9%
-	-	0.01	0.08	8.25	3.38	0.00
0	0	0.09	0.41	62.64	20.84	0.00
0	4	0.00	0.03	0.52	0.30	0.00
1	1	0.00	0.00	0.33	1.09	0.00
1	5	0.00	0.00	0.28	0.99	0.00
2	2	0.00	0.06	0.30	1.28	0.00
2	6	0.00	0.00	0.52	1.38	0.00
3	3	0.00	0.02	0.30	0.79	0.00
3	7	0.00	0.09	1.11	0.33	0.00
Core	CPU	C1%	C3%	C6%	C8%	C9%
-	-	0.01	0.02	8.48	3.32	0.00
0	0	0.10	0.15	64.72	22.05	0.00
0	4	0.00	0.00	0.54	0.21	0.00
1	1	0.00	0.00	0.22	0.49	0.00
1	5	0.00	0.00	0.09	0.40	0.00
2	2	0.00	0.00	0.49	1.08	0.00
2	6	0.00	0.00	0.34	1.08	0.00
3	3	0.00	0.00	0.36	0.79	0.00
3	7	0.00	0.03	1.11	0.42	0.00
Core	CPU	C1%	C3%	C6%	C8%	C9%
-	-	0.01	0.03	8.41	3.47	0.00
0	0	0.09	0.16	64.46	21.50	0.00
0	4	0.00	0.00	0.46	0.10	0.00
1	1	0.00	0.00	0.15	0.61	0.00
1	5	0.00	0.00	0.03	0.49	0.00
2	2	0.00	0.00	0.19	0.91	0.00
2	6	0.00	0.00	0.46	1.70	0.00
3	3	0.00	0.00	0.49	1.20	0.00
3	7	0.00	0.06	1.05	1.29	0.00
Core	CPU	C1%	C3%	C6%	C8%	C9%
-	-	0.01	0.04	8.63	3.31	0.00
0	0	0.12	0.27	65.01	21.67	0.00
0	4	0.00	0.00	0.98	0.00	0.00
1	1	0.00	0.00	0.28	0.89	0.00
1	5	0.00	0.00	0.36	0.89	0.00
2	2	0.00	0.00	0.24	1.19	0.00
2	6	0.00	0.00	0.33	0.89	0.00
3	3	0.00	0.00	0.70	0.59	0.00
3	7	0.00	0.08	1.14	0.36	0.00
Core	CPU	C1%	C3%	C6%	C8%	C9%
-	-	0.01	0.04	8.56	3.63	0.00
0	0	0.12	0.26	64.72	21.96	0.00
0	4	0.00	0.00	0.60	0.00	0.00
1	1	0.00	0.00	0.19	1.39	0.00
1	5	0.00	0.02	0.79	0.98	0.00
2	2	0.00	0.00	0.26	1.09	0.00
2	6	0.00	0.00	0.32	0.99	0.00
3	3	0.00	0.00	0.58	1.78	0.00
3	7	0.00	0.07	1.02	0.84	0.00
Core	CPU	C1%	C3%	C6%	C8%	C9%
-	-	0.01	0.05	8.41	3.14	0.43
0	0	0.09	0.30	63.11	20.57	0.00
0	4	0.00	0.00	0.92	0.00	0.00
1	1	0.00	0.02	0.39	0.70	0.00
1	5	0.00	0.00	0.10	0.81	0.00
2	2	0.00	0.00	0.28	0.89	0.00
2	6	0.00	0.00	0.44	1.10	0.00
3	3	0.01	0.00	0.83	0.70	3.45
3	7	0.00	0.09	1.23	0.32	0.00
Core	CPU	C1%	C3%	C6%	C8%	C9%
-	-	0.01	0.10	8.76	3.54	0.00
0	0	0.08	0.67	64.90	21.31	0.00
0	4	0.00	0.00	0.75	0.00	0.00
1	1	0.00	0.00	0.44	0.30	0.00
1	5	0.00	0.00	0.60	1.09	0.00
2	2	0.00	0.00	0.56	0.88	0.00
2	6	0.00	0.03	0.90	1.67	0.00
3	3	0.00	0.00	0.46	1.48	0.00
3	7	0.00	0.12	1.44	1.56	0.00
Core	CPU	C1%	C3%	C6%	C8%	C9%
-	-	0.02	0.08	8.53	3.23	0.11
0	0	0.09	0.48	64.35	21.30	0.91
0	4	0.00	0.00	0.89	0.00	0.00
1	1	0.00	0.00	0.28	0.89	0.00
1	5	0.00	0.00	0.39	0.89	0.00
2	2	0.06	0.00	0.61	1.08	0.00
2	6	0.00	0.00	0.61	0.21	0.00
3	3	0.00	0.00	0.20	1.09	0.00
3	7	0.00	0.14	0.94	0.38	0.00
Core	CPU	C1%	C3%	C6%	C8%	C9%
-	-	0.01	0.04	8.58	3.31	0.00
0	0	0.08	0.23	64.90	21.87	0.00
0	4	0.00	0.00	0.50	0.00	0.00
1	1	0.00	0.00	0.16	0.49	0.00
1	5	0.00	0.00	0.68	0.50	0.00
2	2	0.00	0.00	0.39	0.79	0.00
2	6	0.00	0.00	0.55	1.19	0.00
3	3	0.00	0.00	0.42	1.19	0.00
3	7	0.00	0.13	1.08	0.44	0.00
Core	CPU	C1%	C3%	C6%	C8%	C9%
-	-	0.01	0.03	8.57	3.31	0.00
0	0	0.09	0.16	65.13	21.74	0.00
0	4	0.00	0.00	0.64	0.00	0.00
1	1	0.00	0.02	0.29	0.80	0.00
1	5	0.00	0.00	0.29	0.79	0.00
2	2	0.00	0.00	0.29	1.18	0.00
2	6	0.00	0.00	0.37	0.99	0.00
3	3	0.00	0.00	0.25	0.99	0.00
3	7	0.00	0.05	1.27	0.03	0.00
Core	CPU	C1%	C3%	C6%	C8%	C9%
-	-	0.01	0.12	8.25	6.55	0.75
0	0	0.08	0.63	61.94	20.53	0.00
0	4	0.01	0.16	1.02	25.18	5.99
1	1	0.00	0.00	0.37	0.70	0.00
1	5	0.00	0.02	0.19	1.20	0.00
2	2	0.00	0.00	0.10	0.89	0.00
2	6	0.00	0.00	1.13	1.69	0.00
3	3	0.00	0.00	0.37	0.79	0.00
3	7	0.00	0.11	0.91	1.38	0.00
Core	CPU	C1%	C3%	C6%	C8%	C9%
-	-	0.01	0.05	8.73	3.50	0.00
0	0	0.09	0.31	64.87	21.66	0.00
0	4	0.00	0.00	0.87	2.52	0.00
1	1	0.00	0.00	0.66	0.69	0.00
1	5	0.00	0.00	0.45	0.79	0.00
2	2	0.00	0.00	1.02	0.59	0.00
2	6	0.00	0.00	0.70	0.49	0.00
3	3	0.00	0.00	0.19	0.89	0.00
3	7	0.00	0.06	1.10	0.37	0.00
Core	CPU	C1%	C3%	C6%	C8%	C9%
-	-	0.01	0.07	8.45	3.44	0.11
0	0	0.09	0.47	64.42	21.31	0.88
0	4	0.00	0.00	0.50	0.00	0.00
1	1	0.00	0.00	0.19	1.09	0.00
1	5	0.00	0.04	0.78	1.49	0.00
2	2	0.00	0.05	0.20	1.09	0.00
2	6	0.00	0.00	0.32	1.09	0.00
3	3	0.00	0.01	0.29	0.80	0.00
3	7	0.00	0.00	0.89	0.63	0.00
Core	CPU	C1%	C3%	C6%	C8%	C9%
-	-	0.11	0.10	8.97	3.53	0.00
0	0	0.09	0.63	65.09	21.24	0.00
0	4	0.00	0.04	1.38	0.40	0.00
1	1	0.00	0.02	0.30	0.41	0.00
1	5	0.00	0.00	1.47	1.19	0.00
2	2	0.79	0.00	0.57	1.09	0.00
2	6	0.00	0.00	0.37	0.79	0.00
3	3	0.00	0.00	0.25	1.39	0.00
3	7	0.00	0.10	2.30	1.74	0.00
Core	CPU	C1%	C3%	C6%	C8%	C9%
-	-	0.01	0.05	8.66	3.41	0.03
0	0	0.08	0.42	64.92	21.62	0.00
0	4	0.00	0.00	1.10	0.09	0.21
1	1	0.00	0.00	0.05	0.49	0.00
1	5	0.00	0.00	0.53	0.11	0.00
2	2	0.00	0.00	0.19	0.70	0.00
2	6	0.00	0.00	0.68	1.20	0.00
3	3	0.00	0.00	0.27	0.89	0.00
3	7	0.00	0.00	1.54	2.16	0.00
Core	CPU	C1%	C3%	C6%	C8%	C9%
-	-	0.01	0.09	8.27	3.29	0.42
0	0	0.08	0.65	62.82	20.59	3.34
0	4	0.00	0.00	0.56	0.00	0.00
1	1	0.00	0.00	0.28	0.88	0.00
1	5	0.00	0.00	0.37	0.99	0.00
2	2	0.00	0.00	0.64	0.60	0.00
2	6	0.00	0.02	0.33	1.08	0.00
3	3	0.00	0.00	0.10	0.99	0.00
3	7	0.00	0.09	1.03	1.15	0.00
Core	CPU	C1%	C3%	C6%	C8%	C9%
-	-	0.02	0.07	9.00	4.22	0.00
0	0	0.06	0.39	64.94	21.60	0.00
0	4	0.00	0.02	0.50	0.00	0.00
1	1	0.00	0.00	0.10	0.99	0.00
1	5	0.00	0.02	0.66	1.30	0.00
2	2	0.00	0.00	1.43	1.57	0.00
2	6	0.00	0.00	1.16	1.49	0.00
3	3	0.11	0.00	1.13	2.64	0.00
3	7	0.00	0.11	2.11	4.15	0.00
Core	CPU	C1%	C3%	C6%	C8%	C9%
-	-	0.21	0.07	8.40	3.25	0.12
0	0	0.07	0.42	64.15	21.66	0.93
0	4	0.00	0.00	0.65	0.00	0.00
1	1	0.00	0.00	0.14	0.99	0.00
1	5	0.00	0.02	0.49	0.79	0.00
2	2	1.58	0.00	0.00	0.00	0.00
2	6	0.00	0.00	0.18	1.00	0.00
3	3	0.00	0.02	0.38	0.79	0.00
3	7	0.00	0.08	1.17	0.80	0.00
Core	CPU	C1%	C3%	C6%	C8%	C9%
-	-	0.03	0.06	8.81	3.52	0.00
0	0	0.06	0.44	65.18	21.45	0.00
0	4	0.00	0.00	0.96	0.00	0.00
1	1	0.00	0.00	0.36	0.79	0.00
1	5	0.00	0.00	0.50	1.42	0.00
2	2	0.00	0.00	0.32	0.80	0.00
2	6	0.08	0.03	0.90	0.80	0.00
3	3	0.14	0.00	0.73	0.99	0.00
3	7	0.00	0.01	1.51	1.94	0.00
Core	CPU	C1%	C3%	C6%	C8%	C9%
-	-	0.01	0.02	8.64	3.56	0.00
0	0	0.06	0.11	64.97	21.99	0.00
0	4	0.00	0.00	0.50	0.00	0.00
1	1	0.00	0.00	0.28	1.58	0.00
1	5	0.00	0.00	0.94	0.99	0.00
2	2	0.00	0.00	0.24	1.09	0.00
2	6	0.00	0.00	0.53	0.89	0.00
3	3	0.00	0.01	0.39	0.80	0.00
3	7	0.00	0.07	1.24	1.14	0.00
Core	CPU	C1%	C3%	C6%	C8%	C9%
-	-	0.01	0.04	8.33	3.44	0.00
0	0	0.06	0.15	63.04	20.89	0.00
0	4	0.00	0.00	0.53	0.00	0.00
1	1	0.00	0.01	0.29	0.41	0.00
1	5	0.00	0.00	0.10	0.60	0.00
2	2	0.00	0.00	0.64	2.04	0.00
2	6	0.00	0.00	0.45	0.88	0.00
3	3	0.00	0.00	0.25	1.28	0.00
3	7	0.00	0.14	1.31	1.40	0.00
Core	CPU	C1%	C3%	C6%	C8%	C9%
-	-	0.01	0.03	8.45	3.49	0.00
0	0	0.05	0.16	65.15	21.83	0.00
0	4	0.00	0.00	0.36	0.49	0.00
1	1	0.00	0.00	0.15	0.59	0.00
1	5	0.00	0.00	0.23	0.70	0.00
2	2	0.00	0.00	0.28	0.90	0.00
2	6	0.00	0.00	0.10	1.18	0.00
3	3	0.00	0.00	0.37	1.57	0.00
3	7	0.00	0.10	0.92	0.67	0.00
Core	CPU	C1%	C3%	C6%	C8%	C9%
-	-	0.02	0.12	8.98	3.76	0.00
0	0	0.03	0.79	65.16	20.59	0.00
0	4	0.00	0.02	0.58	0.60	0.00
1	1	0.00	0.00	0.29	0.99	0.00
1	5	0.00	0.00	0.45	0.90	0.00
2	2	0.00	0.00	1.14	1.67	0.00
2	6	0.00	0.02	1.18	1.19	0.00
3	3	0.17	0.01	1.39	1.67	0.00
3	7	0.00	0.13	1.62	2.46	0.00
Core	CPU	C1%	C3%	C6%	C8%	C9%
-	-	0.00	0.23	8.55	3.05	0.00
0	0	0.03	1.68	64.33	20.70	0.00
0	4	0.00	0.03	0.59	0.00	0.00
1	1	0.00	0.00	0.49	0.10	0.00
1	5	0.00	0.00	0.68	0.50	0.00
2	2	0.00	0.00	0.55	1.09	0.00
2	6	0.00	0.00	0.24	1.00	0.00
3	3	0.00	0.00	0.62	0.50	0.00
3	7	0.00	0.10	0.87	0.54	0.00
Core	CPU	C1%	C3%	C6%	C8%	C9%
-	-	0.01	0.14	8.74	3.19	1.91
0	0	0.05	1.12	65.03	20.70	0.00
0	4	0.00	0.00	0.54	0.00	15.26
1	1	0.00	0.00	0.62	0.30	0.00
1	5	0.00	0.00	0.68	0.20	0.00
2	2	0.00	0.00	0.39	0.88	0.00
2	6	0.00	0.00	0.87	1.88	0.00
3	3	0.00	0.00	0.36	0.79	0.00
3	7	0.00	0.03	1.43	0.79	0.00
Core	CPU	C1%	C3%	C6%	C8%	C9%
-	-	0.01	0.10	8.38	3.60	0.42
0	0	0.05	0.73	62.47	20.66	3.34
0	4	0.00	0.00	1.32	0.91	0.00
1	1	0.00	0.00	0.26	0.80	0.00
1	5	0.00	0.00	0.33	1.29	0.00
2	2	0.00	0.02	0.74	1.50	0.00
2	6	0.00	0.00	0.29	0.90	0.00
3	3	0.00	0.00	0.27	0.89	0.00
3	7	0.00	0.02	1.39	1.90	0.00
Core	CPU	C1%	C3%	C6%	C8%	C9%
-	-	0.01	0.03	8.57	3.66	0.00
0	0	0.04	0.15	65.16	21.81	0.00
0	4	0.00	0.00	0.10	0.50	0.00
1	1	0.00	0.00	0.28	1.19	0.00
1	5	0.00	0.00	0.37	0.89	0.00
2	2	0.00	0.00	0.25	1.09	0.00
2	6	0.00	0.01	0.81	0.90	0.00
3	3	0.00	0.01	0.30	0.80	0.00
3	7	0.00	0.05	1.33	2.14	0.00
Core	CPU	C1%	C3%	C6%	C8%	C9%
-	-	0.07	0.07	8.70	3.66	0.11
0	0	0.03	0.45	64.99	21.11	0.90
0	4	0.00	0.00	0.89	1.16	0.00
1	1	0.00	0.01	0.30	0.79	0.00
1	5	0.00	0.02	0.16	1.00	0.00
2	2	0.00	0.00	0.75	1.19	0.00
2	6	0.16	0.00	0.45	1.00	0.00
3	3	0.35	0.00	0.94	1.22	0.00
3	7	0.00	0.11	1.13	1.83	0.00
Core	CPU	C1%	C3%	C6%	C8%	C9%
-	-	0.00	0.17	8.70	3.31	0.00
0	0	0.04	1.27	64.44	21.10	0.00
0	4	0.00	0.00	0.81	0.30	0.00
1	1	0.00	0.00	0.82	0.89	0.00
1	5	0.00	0.00	0.79	0.50	0.00
2	2	0.00	0.00	0.38	1.39	0.00
2	6	0.00	0.00	0.52	1.11	0.00
3	3	0.00	0.00	0.84	0.70	0.00
3	7	0.00	0.11	1.03	0.51	0.00
Core	CPU	C1%	C3%	C6%	C8%	C9%
-	-	0.00	0.10	8.53	3.36	0.00
0	0	0.03	0.70	65.25	21.04	0.00
0	4	0.00	0.00	0.56	0.00	0.00
1	1	0.00	0.00	0.15	0.89	0.00
1	5	0.00	0.00	0.23	0.89	0.00
2	2	0.00	0.00	0.69	0.70	0.00
2	6	0.00	0.00	0.20	0.99	0.00
3	3	0.00	0.00	0.28	0.89	0.00
3	7	0.00	0.07	0.90	1.48	0.00
Core	CPU	C1%	C3%	C6%	C8%	C9%
-	-	0.00	0.14	8.43	3.40	0.24
0	0	0.03	1.04	62.72	20.28	0.00
0	4	0.00	0.00	0.58	0.78	1.90
1	1	0.00	0.00	0.27	1.28	0.00
1	5	0.00	0.00	0.25	1.09	0.00
2	2	0.00	0.01	1.11	0.79	0.00
2	6	0.00	0.01	1.25	1.29	0.00
3	3	0.01	0.00	0.10	0.98	0.00
3	7	0.00	0.03	1.14	0.74	0.00
Core	CPU	C1%	C3%	C6%	C8%	C9%
-	-	0.01	0.02	8.51	3.56	0.00
0	0	0.04	0.10	65.20	21.81	0.00
0	4	0.00	0.02	0.18	0.42	0.00
1	1	0.00	0.00	0.39	0.51	0.00
1	5	0.00	0.00	0.41	1.09	0.00
2	2	0.00	0.00	0.36	0.89	0.00
2	6	0.00	0.00	0.39	1.68	0.00
3	3	0.00	0.00	0.22	0.91	0.00
3	7	0.00	0.00	0.94	1.15	0.00
Core	CPU	C1%	C3%	C6%	C8%	C9%
-	-	0.00	0.14	8.51	3.80	0.10
0	0	0.03	0.98	63.95	21.15	0.00
0	4	0.00	0.00	0.42	0.49	0.00
1	1	0.00	0.01	0.33	1.40	0.00
1	5	0.00	0.00	0.10	0.89	0.00
2	2	0.00	0.00	0.28	1.08	0.00
2	6	0.00	0.00	0.76	0.99	0.00
3	3	0.00	0.02	0.75	2.87	0.81
3	7	0.00	0.10	1.46	1.50	0.00
Core	CPU	C1%	C3%	C6%	C8%	C9%
-	-	0.01	0.16	8.58	6.81	0.00
0	0	0.04	0.96	64.03	20.87	0.00
0	4	0.01	0.24	1.38	28.51	0.00
1	1	0.00	0.00	0.39	0.91	0.00
1	5	0.00	0.02	0.48	0.90	0.00
2	2	0.00	0.00	0.10	0.40	0.00
2	6	0.00	0.00	0.19	0.99	0.00
3	3	0.00	0.00	0.66	0.49	0.00
3	7	0.00	0.04	1.44	1.38	0.00
Core	CPU	C1%	C3%	C6%	C8%	C9%
-	-	0.14	0.11	8.78	3.67	0.00
0	0	0.04	0.78	64.81	21.80	0.00
0	4	0.00	0.00	0.86	0.20	0.00
1	1	0.00	0.00	0.25	0.89	0.00
1	5	0.00	0.00	0.30	1.08	0.00
2	2	0.00	0.02	1.45	1.48	0.00
2	6	0.19	0.00	0.90	1.39	0.00
3	3	0.91	0.01	0.40	0.89	0.00
3	7	0.00	0.09	1.28	1.63	0.00
Core	CPU	C1%	C3%	C6%	C8%	C9%
-	-	0.00	0.08	8.15	3.35	0.00
0	0	0.02	0.53	62.47	20.74	0.00
0	4	0.00	0.00	0.19	0.31	0.00
1	1	0.00	0.00	0.29	0.89	0.00
1	5	0.00	0.00	0.37	0.99	0.00
2	2	0.00	0.00	0.25	0.99	0.00
2	6	0.00	0.00	0.23	1.19	0.00
3	3	0.00	0.01	0.29	0.80	0.00
3	7	0.00	0.10	1.10	0.85	0.00
Core	CPU	C1%	C3%	C6%	C8%	C9%
-	-	0.00	0.01	8.57	3.38	0.00
0	0	0.02	0.10	65.10	21.87	0.00
0	4	0.00	0.00	0.12	0.39	0.00
1	1	0.00	0.00	0.10	0.80	0.00
1	5	0.00	0.00	0.78	0.39	0.00
2	2	0.00	0.00	0.37	0.99	0.00
2	6	0.00	0.00	0.53	1.29	0.00
3	3	0.00	0.00	0.44	0.99	0.00
3	7	0.00	0.00	1.10	0.34	0.00
Core	CPU	C1%	C3%	C6%	C8%	C9%
-	-	0.04	0.03	8.44	3.36	0.11
0	0	0.04	0.17	64.52	21.52	0.00
0	4	0.00	0.00	0.24	0.50	0.00
1	1	0.00	0.02	0.58	0.31	0.00
1	5	0.00	0.00	0.19	1.10	0.00
2	2	0.00	0.00	0.64	0.50	0.00
2	6	0.30	0.00	0.37	1.08	0.90
3	3	0.00	0.00	0.56	1.10	0.00
3	7	0.00	0.03	0.38	0.81	0.00
Core	CPU	C1%	C3%	C6%	C8%	C9%
-	-	0.00	0.03	8.58	3.31	0.00
0	0	0.04	0.24	65.15	21.71	0.00
0	4	0.00	0.00	0.45	0.21	0.00
1	1	0.00	0.00	0.25	0.30	0.00
1	5	0.00	0.00	0.23	0.70	0.00
2	2	0.00	0.00	0.50	0.00	0.00
2	6	0.00	0.00	0.75	0.90	0.00
3	3	0.00	0.00	0.99	0.90	0.00
3	7	0.00	0.00	0.33	1.75	0.00
Core	CPU	C1%	C3%	C6%	C8%	C9%
-	-	0.01	0.07	8.60	3.32	0.00
0	0	0.04	0.53	65.43	21.08	0.00
0	4	0.00	0.00	0.50	0.00	0.00
1	1	0.00	0.00	0.48	0.89	0.00
1	5	0.00	0.00	0.37	1.08	0.00
2	2	0.00	0.00	0.54	0.69	0.00
2	6	0.00	0.00	0.23	0.89	0.00
3	3	0.00	0.03	0.92	0.99	0.00
3	7	0.00	0.00	0.36	0.95	0.00
Core	CPU	C1%	C3%	C6%	C8%	C9%
-	-	0.01	0.02	8.32	3.23	0.00
0	0	0.04	0.13	62.89	21.06	0.00
0	4	0.00	0.02	0.40	0.00	0.00
1	1	0.00	0.00	0.29	0.40	0.00
1	5	0.00	0.00	0.29	0.89	0.00
2	2	0.00	0.00	0.36	0.99	0.00
2	6	0.00	0.00	0.51	1.58	0.00
3	3	0.00	0.03	1.23	0.39	0.04
3	7	0.00	0.00	0.59	0.52	0.00
Core	CPU	C1%	C3%	C6%	C8%	C9%
-	-	0.01	0.05	8.62	3.65	0.00
0	0	0.07	0.36	64.65	22.00	0.00
0	4	0.00	0.00	0.56	0.00	0.00
1	1	0.00	0.00	0.43	0.40	0.00
1	5	0.00	0.00	0.17	0.98	0.00
2	2	0.00	0.00	0.40	0.69	0.00
2	6	0.00	0.00	1.10	1.39	0.00
3	3	0.00	0.04	1.15	1.97	0.00
3	7	0.00	0.00	0.47	1.78	0.00
Core	CPU	C1%	C3%	C6%	C8%	C9%
-	-	0.01	0.09	8.82	3.42	0.11
0	0	0.10	0.66	64.10	21.34	0.00
0	4	0.00	0.00	0.98	0.00	0.00
1	1	0.00	0.00	0.56	0.50	0.00
1	5	0.00	0.00	0.25	0.89	0.00
2	2	0.00	0.00	0.93	0.58	0.00
2	6	0.00	0.02	2.17	1.00	0.00
3	3	0.00	0.05	0.53	1.36	0.90
3	7	0.00	0.00	1.05	1.68	0.00
Core	CPU	C1%	C3%	C6%	C8%	C9%
-	-	0.02	0.25	8.59	3.58	0.12
0	0	0.03	1.97	64.35	20.73	0.00
0	4	0.00	0.00	0.49	0.00	0.00
1	1	0.00	0.00	0.48	1.10	0.00
1	5	0.00	0.00	0.33	1.09	0.00
2	2	0.00	0.00	0.67	1.19	0.00
2	6	0.02	0.00	0.88	2.09	0.00
3	3	0.12	0.04	1.02	1.36	0.00
3	7	0.00	0.00	0.48	1.09	0.99
Core	CPU	C1%	C3%	C6%	C8%	C9%
-	-	0.01	0.18	8.51	3.29	0.00
0	0	0.07	1.42	64.18	21.19	0.00
0	4	0.00	0.00	0.52	0.11	0.00
1	1	0.00	0.00	0.30	0.99	0.00
1	5	0.00	0.00	0.58	0.79	0.00
2	2	0.00	0.00	0.57	1.09	0.00
2	6	0.00	0.00	0.45	0.70	0.00
3	3	0.00	0.00	1.25	0.49	0.00
3	7	0.00	0.05	0.27	0.98	0.00
Core	CPU	C1%	C3%	C6%	C8%	C9%
-	-	0.01	0.10	8.12	3.28	0.54
0	0	0.05	0.74	62.54	20.71	0.00
0	4	0.00	0.03	0.34	0.39	0.89
1	1	0.00	0.00	0.18	0.50	0.00
1	5	0.00	0.00	0.13	0.60	0.00
2	2	0.00	0.00	0.00	0.69	0.00
2	6	0.00	0.00	0.20	1.58	0.00
3	3	0.00	0.05	1.03	0.99	3.41
3	7	0.00	0.00	0.53	0.78	0.00
Core	CPU	C1%	C3%	C6%	C8%	C9%
-	-	0.01	0.05	8.73	3.38	0.00
0	0	0.06	0.29	65.54	21.24	0.00
0	4	0.00	0.00	0.69	0.00	0.00
1	1	0.00	0.00	0.28	0.98	0.00
1	5	0.00	0.00	0.36	0.80	0.00
2	2	0.00	0.00	0.64	1.09	0.00
2	6	0.00	0.00	0.87	1.19	0.00
3	3	0.00	0.08	1.16	0.49	0.00
3	7	0.00	0.00	0.29	1.24	0.00
Core	CPU	C1%	C3%	C6%	C8%	C9%
-	-	0.01	0.04	8.45	3.34	0.11
0	0	0.07	0.27	64.41	21.47	0.00
0	4	0.00	0.03	0.59	0.00	0.00
1	1	0.00	0.00	0.19	0.89	0.00
1	5	0.00	0.00	0.20	1.08	0.00
2	2	0.00	0.00	0.38	1.08	0.00
2	6	0.00	0.00	0.45	0.89	0.00
3	3	0.00	0.00	1.18	0.39	0.89
3	7	0.00	0.00	0.19	0.93	0.00
Core	CPU	C1%	C3%	C6%	C8%	C9%
-	-	0.01	0.03	8.68	3.38	0.00
0	0	0.07	0.16	65.20	21.67	0.00
0	4	0.00	0.00	0.74	0.00	0.00
1	1	0.00	0.00	0.83	0.29	0.00
1	5	0.00	0.01	0.72	0.59	0.00
2	2	0.00	0.00	0.39	1.09	0.00
2	6	0.00	0.00	0.40	1.38	0.00
3	3	0.00	0.04	0.87	0.76	0.00
3	7	0.00	0.00	0.33	1.28	0.00
Core	CPU	C1%	C3%	C6%	C8%	C9%
-	-	0.01	0.04	8.86	3.20	0.00
0	0	0.09	0.28	65.32	21.46	0.00
0	4	0.00	0.00	0.87	0.11	0.00
1	1	0.00	0.00	0.37	0.99	0.00
1	5	0.00	0.00	0.55	1.08	0.00
2	2	0.00	0.00	0.92	0.39	0.00
2	6	0.00	0.01	0.99	0.50	0.00
3	3	0.00	0.01	1.40	0.39	0.00
3	7	0.00	0.00	0.46	0.67	0.00
Core	CPU	C1%	C3%	C6%	C8%	C9%
-	-	0.01	0.08	8.53	3.47	0.01
0	0	0.07	0.65	62.99	20.28	0.00
0	4	0.00	0.00	0.51	0.11	0.00
1	1	0.00	0.00	0.19	0.99	0.00
1	5	0.00	0.00	0.27	0.99	0.00
2	2	0.00	0.00	0.34	0.99	0.00
2	6	0.00	0.00	2.42	1.58	0.00
3	3	0.00	0.00	1.22	0.79	0.09
3	7	0.00	0.00	0.29	2.02	0.00
Core	CPU	C1%	C3%	C6%	C8%	C9%
-	-	0.01	0.05	8.44	3.30	0.00
0	0	0.09	0.40	64.56	22.00	0.00
0	4	0.00	0.00	0.53	0.00	0.00
1	1	0.00	0.02	0.20	0.48	0.00
1	5	0.00	0.00	0.00	0.50	0.00
2	2	0.00	0.00	0.48	0.89	0.00
2	6	0.00	0.00	0.37	0.88	0.00
3	3	0.00	0.00	1.21	0.69	0.00
3	7	0.00	0.03	0.19	0.92	0.00
Core	CPU	C1%	C3%	C6%	C8%	C9%
-	-	0.01	0.05	8.33	3.43	0.11
0	0	0.09	0.33	64.21	21.61	0.00
0	4	0.00	0.00	0.45	0.10	0.00
1	1	0.00	0.00	0.23	0.89	0.00
1	5	0.00	0.05	0.19	0.61	0.00
2	2	0.00	0.00	0.10	0.89	0.00
2	6	0.00	0.00	0.27	0.98	0.00
3	3	0.00	0.03	0.87	0.90	0.89
3	7	0.00	0.00	0.30	1.48	0.00
Core	CPU	C1%	C3%	C6%	C8%	C9%
-	-	0.01	0.04	8.72	3.33	0.00
0	0	0.11	0.24	65.19	21.53	0.00
0	4	0.00	0.00	0.75	0.11	0.00
1	1	0.00	0.00	0.35	1.00	0.00
1	5	0.00	0.00	0.53	0.90	0.00
2	2	0.00	0.02	0.67	0.90	0.00
2	6	0.00	0.00	0.65	0.79	0.00
3	3	0.00	0.03	1.08	0.80	0.00
3	7	0.00	0.00	0.55	0.59	0.00
Core	CPU	C1%	C3%	C6%	C8%	C9%
-	-	0.01	0.05	8.55	3.61	0.00
0	0	0.10	0.39	64.76	21.82	0.00
0	4	0.00	0.00	0.99	0.00	0.00
1	1	0.00	0.00	0.17	0.99	0.00
1	5	0.00	0.00	0.36	0.89	0.00
2	2	0.00	0.00	0.73	0.88	0.00
2	6	0.00	0.02	0.53	1.59	0.00
3	3	0.00	0.01	0.52	1.57	0.00
3	7	0.00	0.00	0.37	1.15	0.00
Core	CPU	C1%	C3%	C6%	C8%	C9%
-	-	0.01	0.13	8.24	6.89	0.12
0	0	0.08	0.65	62.20	20.31	0.00
0	4	0.01	0.25	1.08	28.60	0.00
1	1	0.00	0.00	0.26	0.50	0.00
1	5	0.00	0.00	0.38	1.19	0.00
2	2	0.00	0.00	0.66	0.98	0.00
2	6	0.00	0.00	0.15	1.09	0.00
3	3	0.00	0.14	0.97	0.48	0.00
3	7	0.00	0.03	0.20	1.93	0.97
Core	CPU	C1%	C3%	C6%	C8%	C9%
-	-	0.01	0.06	8.81	3.58	0.00
0	0	0.09	0.45	65.45	21.00	0.00
0	4	0.00	0.00	0.53	0.10	0.00
1	1	0.00	0.02	0.77	1.00	0.00
1	5	0.00	0.00	0.08	0.60	0.00
2	2	0.00	0.00	0.83	1.29	0.00
2	6	0.00	0.00	0.46	0.98	0.00
3	3	0.00	0.00	1.52	1.38	0.00
3	7	0.00	0.00	0.85	2.27	0.00
Core	CPU	C1%	C3%	C6%	C8%	C9%
-	-	0.01	0.06	8.47	3.29	0.11
0	0	0.09	0.50	64.45	21.18	0.02
0	4	0.00	0.01	0.88	0.11	0.89
1	1	0.00	0.00	0.36	0.79	0.00
1	5	0.00	0.00	0.34	0.89	0.00
2	2	0.00	0.00	0.22	1.09	0.00
2	6	0.00	0.00	0.20	1.19	0.00
3	3	0.00	0.00	1.01	0.28	0.00
3	7	0.00	0.00	0.33	0.76	0.00
Core	CPU	C1%	C3%	C6%	C8%	C9%
-	-	0.06	0.12	8.86	3.59	0.72
0	0	0.09	0.95	65.19	21.10	0.00
0	4	0.00	0.00	1.34	0.49	5.77
1	1	0.00	0.00	0.28	1.18	0.00
1	5	0.00	0.00	0.37	0.98	0.00
2	2	0.00	0.00	0.94	0.99	0.00
2	6	0.00	0.03	1.07	1.40	0.00
3	3	0.04	0.00	1.06	0.75	0.00
3	7	0.37	0.00	0.66	1.81	0.00
Core	CPU	C1%	C3%	C6%	C8%	C9%
-	-	0.01	0.14	8.60	3.17	0.00
0	0	0.07	1.09	64.72	21.03	0.00
0	4	0.00	0.03	0.60	0.00	0.00
1	1	0.00	0.01	0.30	0.40	0.00
1	5	0.00	0.00	0.30	0.98	0.00
2	2	0.00	0.00	0.58	0.98	0.00
2	6	0.00	0.00	0.36	1.27	0.00
3	3	0.00	0.00	1.15	0.40	0.00
3	7	0.00	0.01	0.79	0.32	0.00
Core	CPU	C1%	C3%	C6%	C8%	C9%
-	-	0.01	0.06	8.24	3.24	0.00
0	0	0.07	0.46	62.89	21.04	0.00
0	4	0.00	0.00	0.65	0.00	0.00
1	1	0.00	0.00	0.14	0.40	0.00
1	5	0.00	0.00	0.23	0.39	0.00
2	2	0.00	0.00	0.09	0.90	0.00
2	6	0.00	0.00	0.54	1.30	0.00
3	3	0.00	0.01	1.04	1.00	0.00
3	7	0.00	0.00	0.34	0.89	0.00
Core	CPU	C1%	C3%	C6%	C8%	C9%
-	-	0.01	0.02	8.55	3.44	0.00
0	0	0.08	0.14	65.15	21.70	0.00
0	4	0.00	0.00	0.88	0.00	0.00
1	1	0.00	0.00	0.27	1.08	0.00
1	5	0.00	0.00	0.75	0.99	0.00
2	2	0.00	0.00	0.14	1.09	0.00
2	6	0.00	0.02	0.10	1.09	0.00
3	3	0.00	0.00	0.71	0.80	0.00
3	7	0.00	0.00	0.38	0.75	0.00
Core	CPU	C1%	C3%	C6%	C8%	C9%
-	-	0.01	0.10	8.64	3.33	0.11
0	0	0.06	0.74	64.35	20.92	0.00
0	4	0.00	0.02	0.60	0.39	0.89
1	1	0.00	0.00	0.10	0.89	0.00
1	5	0.00	0.00	0.46	1.29	0.00
2	2	0.00	0.00	0.55	1.10	0.00
2	6	0.00	0.00	0.93	0.99	0.00
3	3	0.00	0.00	1.14	0.69	0.00
3	7	0.00	0.00	0.99	0.33	0.00
Core	CPU	C1%	C3%	C6%	C8%	C9%
-	-	0.01	0.17	8.62	3.32	0.09
0	0	0.05	1.34	64.72	20.60	0.00
0	4	0.00	0.00	0.74	0.00	0.69
1	1	0.00	0.02	0.29	0.80	0.00
1	5	0.00	0.00	0.59	0.79	0.00
2	2	0.00	0.00	0.99	1.27	0.00
2	6	0.00	0.00	0.37	1.18	0.00
3	3	0.00	0.00	0.86	0.89	0.00
3	7	0.00	0.00	0.42	1.01	0.00
Core	CPU	C1%	C3%	C6%	C8%	C9%
-	-	0.01	0.10	8.42	3.35	0.00
0	0	0.07	0.71	64.80	21.24	0.00
0	4	0.00	0.00	0.65	0.00	0.00
1	1	0.00	0.00	0.23	0.70	0.00
1	5	0.00	0.04	0.29	1.20	0.00
2	2	0.00	0.00	0.19	0.31	0.00
2	6	0.00	0.00	0.28	1.38	0.00
3	3	0.00	0.03	0.76	0.89	0.00
3	7	0.00	0.00	0.15	1.09	0.00
Core	CPU	C1%	C3%	C6%	C8%	C9%
-	-	0.01	0.09	8.11	3.81	0.44
0	0	0.08	0.70	62.44	24.08	0.00
0	4	0.00	0.00	0.36	0.71	0.00
1	1	0.00	0.00	0.44	0.80	0.00
1	5	0.00	0.00	0.41	0.99	0.00
2	2	0.00	0.02	0.29	1.00	0.00
2	6	0.00	0.00	0.09	1.10	0.00
3	3	0.00	0.02	0.50	0.99	3.49
3	7	0.00	0.00	0.35	0.78	0.00
Core	CPU	C1%	C3%	C6%	C8%	C9%
-	-	0.01	0.08	8.57	3.98	0.00
0	0	0.10	0.58	64.56	21.78	0.00
0	4	0.00	0.00	0.30	0.30	0.00
1	1	0.00	0.00	0.58	1.97	0.00
1	5	0.00	0.00	0.45	1.09	0.00
2	2	0.00	0.00	0.61	1.39	0.00
2	6	0.00	0.00	0.88	2.58	0.00
3	3	0.00	0.02	0.71	0.79	0.00
3	7	0.00	0.02	0.51	1.93	0.00
Core	CPU	C1%	C3%	C6%	C8%	C9%
-	-	0.01	0.03	8.66	3.22	0.11
0	0	0.09	0.16	64.27	21.64	0.87
0	4	0.00	0.06	0.91	0.80	0.00
1	1	0.00	0.02	0.72	0.30	0.00
1	5	0.00	0.00	0.66	0.61	0.00
2	2	0.00	0.00	0.28	0.89	0.00
2	6	0.00	0.00	0.41	0.89	0.00
3	3	0.00	0.01	1.25	0.30	0.00
3	7	0.00	0.02	0.79	0.34	0.00
Core	CPU	C1%	C3%	C6%	C8%	C9%
-	-	0.02	0.05	8.63	3.47	0.00
0	0	0.09	0.33	65.04	21.63	0.00
0	4	0.00	0.00	0.74	0.00	0.00
1	1	0.00	0.00	0.32	0.80	0.00
1	5	0.00	0.00	0.35	1.19	0.00
2	2	0.05	0.00	0.65	1.08	0.00
2	6	0.00	0.00	0.42	1.39	0.00
3	3	0.00	0.04	1.14	0.59	0.00
3	7	0.00	0.00	0.38	1.09	0.00
Core	CPU	C1%	C3%	C6%	C8%	C9%
-	-	0.01	0.03	8.56	3.43	0.00
0	0	0.11	0.18	64.94	21.86	0.00
0	4	0.00	0.00	0.56	0.11	0.00
1	1	0.00	0.00	0.24	0.99	0.00
1	5	0.00	0.00	0.43	0.99	0.00
2	2	0.00	0.00	0.60	0.29	0.00
2	6	0.00	0.00	0.57	0.80	0.00
3	3	0.00	0.03	0.64	0.99	0.00
3	7	0.00	0.00	0.49	1.39	0.00
Core	CPU	C1%	C3%	C6%	C8%	C9%
-	-	0.01	0.05	8.53	3.34	0.00
0	0	0.10	0.30	62.63	21.05	0.00
0	4	0.00	0.00	0.88	0.00	0.00
1	1	0.00	0.00	0.26	0.90	0.00
1	5	0.00	0.05	0.19	1.19	0.00
2	2	0.00	0.00	1.02	0.30	0.00
2	6	0.00	0.04	1.60	0.98	0.00
3	3	0.01	0.00	1.31	0.79	0.00
3	7	0.00	0.00	0.31	1.54	0.00
Core	CPU	C1%	C3%	C6%	C8%	C9%
-	-	0.02	0.06	8.60	3.38	2.55
0	0	0.12	0.37	64.98	21.62	0.00
0	4	0.00	0.02	1.17	0.00	20.37
1	1	0.00	0.00	0.10	0.60	0.00
1	5	0.00	0.00	0.19	0.99	0.00
2	2	0.00	0.00	0.37	0.79	0.00
2	6	0.00	0.00	0.45	0.79	0.00
3	3	0.00	0.04	1.21	0.79	0.00
3	7	0.00	0.02	0.34	1.44	0.00
Core	CPU	C1%	C3%	C6%	C8%	C9%
-	-	0.01	0.04	8.41	3.41	0.11
0	0	0.10	0.29	64.12	21.66	0.00
0	4	0.00	0.00	0.91	0.09	0.00
1	1	0.00	0.01	0.29	0.70	0.00
1	5	0.00	0.01	0.11	0.89	0.89
2	2	0.00	0.00	0.32	1.19	0.00
2	6	0.00	0.00	0.45	0.89	0.00
3	3	0.00	0.01	0.65	0.90	0.00
3	7	0.00	0.00	0.42	0.99	0.00
Core	CPU	C1%	C3%	C6%	C8%	C9%
-	-	0.01	0.03	8.47	3.18	0.00
0	0	0.11	0.25	64.76	21.96	0.00
0	4	0.00	0.00	0.66	0.00	0.00
1	1	0.00	0.00	0.35	0.49	0.00
1	5	0.00	0.00	0.53	0.00	0.00
2	2	0.00	0.01	0.30	0.30	0.00
2	6	0.00	0.00	0.10	0.89	0.00
3	3	0.00	0.00	0.70	0.88	0.00
3	7	0.00	0.00	0.35	0.89	0.00
Core	CPU	C1%	C3%	C6%	C8%	C9%
-	-	0.01	0.02	8.72	3.62	0.00
0	0	0.11	0.13	65.35	21.46	0.00
0	4	0.00	0.00	0.97	0.21	0.00
1	1	0.00	0.00	0.26	0.99	0.00
1	5	0.00	0.00	0.25	1.09	0.00
2	2	0.00	0.00	0.34	0.90	0.00
2	6	0.00	0.00	1.15	1.90	0.00
3	3	0.00	0.04	1.18	0.79	0.00
3	7	0.00	0.00	0.27	1.66	0.00
Core	CPU	C1%	C3%	C6%	C8%	C9%
-	-	0.01	0.04	8.15	3.39	0.42
0	0	0.10	0.28	62.64	21.06	3.34
0	4	0.00	0.00	0.30	0.30	0.00
1	1	0.00	0.00	0.19	1.19	0.00
1	5	0.00	0.00	0.27	1.19	0.00
2	2	0.00	0.00	0.45	0.50	0.00
2	6	0.00	0.00	0.30	1.08	0.00
3	3	0.00	0.02	0.73	0.79	0.00
3	7	0.00	0.00	0.32	1.05	0.00
Core	CPU	C1%	C3%	C6%	C8%	C9%
-	-	0.01	0.03	8.73	3.78	0.16
0	0	0.09	0.15	64.82	21.98	0.00
0	4	0.00	0.00	0.23	0.29	0.00
1	1	0.00	0.00	0.29	1.19	0.00
1	5	0.00	0.00	0.38	0.90	0.00
2	2	0.00	0.00	0.36	0.79	0.00
2	6	0.00	0.00	1.07	1.70	0.00
3	3	0.00	0.03	1.31	0.70	0.00
3	7	0.00	0.08	1.41	2.70	1.32
Core	CPU	C1%	C3%	C6%	C8%	C9%
-	-	0.01	0.11	8.47	6.97	0.11
0	0	0.08	0.62	63.75	20.71	0.89
0	4	0.01	0.22	1.03	28.33	0.00
1	1	0.00	0.00	0.67	1.49	0.00
1	5	0.00	0.00	0.19	0.90	0.00
2	2	0.00	0.00	0.39	0.79	0.00
2	6	0.00	0.00	0.37	1.19	0.00
3	3	0.00	0.02	0.57	1.18	0.00
3	7	0.00	0.03	0.83	1.21	0.00
Core	CPU	C1%	C3%	C6%	C8%	C9%
-	-	0.12	0.08	8.64	3.60	2.19
0	0	0.08	0.57	65.35	21.02	0.00
0	4	0.00	0.01	0.87	0.09	17.54
1	1	0.00	0.01	0.26	0.60	0.00
1	5	0.00	0.05	0.48	0.70	0.00
2	2	0.00	0.00	0.19	0.90	0.00
2	6	0.00	0.00	0.99	2.38	0.00
3	3	0.11	0.02	0.47	1.10	0.00
3	7	0.74	0.00	0.48	2.00	0.00
Core	CPU	C1%	C3%	C6%	C8%	C9%
-	-	0.01	0.03	8.89	3.26	0.00
0	0	0.10	0.23	64.96	21.68	0.00
0	4	0.00	0.00	1.29	0.09	0.00
1	1	0.00	0.00	0.37	1.19	0.00
1	5	0.00	0.00	1.05	0.39	0.00
2	2	0.00	0.00	1.02	0.79	0.00
2	6	0.00	0.02	0.90	0.79	0.00
3	3	0.00	0.00	0.99	0.80	0.00
3	7	0.00	0.00	0.57	0.37	0.00
Core	CPU	C1%	C3%	C6%	C8%	C9%
-	-	0.01	0.09	8.22	3.32	0.42
0	0	0.09	0.50	62.75	20.62	3.34
0	4	0.00	0.02	1.00	0.00	0.00
1	1	0.00	0.00	0.29	1.09	0.00
1	5	0.00	0.02	0.28	1.30	0.00
2	2	0.00	0.06	0.20	1.09	0.00
2	6	0.00	0.00	0.47	1.19	0.00
3	3	0.00	0.12	0.30	0.69	0.00
3	7	0.00	0.00	0.49	0.63	0.00
Core	CPU	C1%	C3%	C6%	C8%	C9%
-	-	0.01	0.04	8.43	3.45	0.00
0	0	0.11	0.26	64.60	21.95	0.00
0	4	0.00	0.09	0.87	0.11	0.00
1	1	0.00	0.00	0.22	0.50	0.00
1	5	0.00	0.00	0.00	0.50	0.00
2	2	0.00	0.00	0.78	0.98	0.00
2	6	0.00	0.00	0.28	1.48	0.00
3	3	0.00	0.00	0.36	0.78	0.00
3	7	0.00	0.00	0.35	1.31	0.00
Core	CPU	C1%	C3%	C6%	C8%	C9%
-	-	0.01	0.09	8.46	3.40	0.00
0	0	0.10	0.60	64.50	20.93	0.00
0	4	0.00	0.02	0.96	0.09	0.00
1	1	0.00	0.00	0.64	0.79	0.00
1	5	0.00	0.01	0.15	0.79	0.00
2	2	0.00	0.10	0.10	0.69	0.00
2	6	0.00	0.00	0.53	1.69	0.00
3	3	0.00	0.00	0.28	0.99	0.00
3	7	0.00	0.00	0.53	1.26	0.00
Core	CPU	C1%	C3%	C6%	C8%	C9%
-	-	0.01	0.03	8.53	3.41	0.00
0	0	0.11	0.24	65.17	21.55	0.00
0	4	0.01	0.03	0.77	0.39	0.00
1	1	0.00	0.00	0.28	0.99	0.00
1	5	0.00	0.00	0.96	0.50	0.00
2	2	0.00	0.00	0.25	1.08	0.00
2	6	0.00	0.00	0.23	1.09	0.00
3	3	0.00	0.00	0.20	0.90	0.00
3	7	0.00	0.00	0.38	0.75	0.00
Core	CPU	C1%	C3%	C6%	C8%	C9%
-	-	0.01	0.03	8.54	3.30	0.00
0	0	0.10	0.21	64.97	21.73	0.00
0	4	0.00	0.03	0.71	0.21	0.00
1	1	0.00	0.00	0.10	0.79	0.00
1	5	0.00	0.00	0.19	0.99	0.00
2	2	0.00	0.00	0.27	0.99	0.00
2	6	0.00	0.00	0.44	0.99	0.00
3	3	0.00	0.00	0.83	0.39	0.00
3	7	0.00	0.01	0.79	0.32	0.00
Core	CPU	C1%	C3%	C6%	C8%	C9%
-	-	0.01	0.05	8.13	3.42	0.00
0	0	0.09	0.38	62.54	21.07	0.00
0	4	0.00	0.01	0.68	0.51	0.00
1	1	0.00	0.00	0.13	0.80	0.00
1	5	0.00	0.00	0.22	1.20	0.00
2	2	0.00	0.00	0.09	0.79	0.00
2	6	0.00	0.00	0.48	0.89	0.00
3	3	0.01	0.00	0.36	0.79	0.00
3	7	0.00	0.02	0.55	1.29	0.00
Core	CPU	C1%	C3%	C6%	C8%	C9%
-	-	0.01	0.04	8.71	3.55	0.00
0	0	0.09	0.32	64.90	21.66	0.00
0	4	0.00	0.00	0.87	0.49	0.00
1	1	0.00	0.00	0.26	0.99	0.00
1	5	0.00	0.01	0.25	1.09	0.00
2	2	0.00	0.00	1.02	0.50	0.00
2	6	0.00	0.01	1.40	0.60	0.00
3	3	0.00	0.00	0.20	0.88	0.00
3	7	0.00	0.00	0.81	2.22	0.00
Core	CPU	C1%	C3%	C6%	C8%	C9%
-	-	0.01	0.04	8.46	3.39	0.11
0	0	0.12	0.31	64.35	21.47	0.89
0	4	0.00	0.05	0.98	0.09	0.00
1	1	0.00	0.00	0.27	1.09	0.00
1	5	0.00	0.00	0.78	0.41	0.00
2	2	0.00	0.00	0.25	1.09	0.00
2	6	0.00	0.00	0.44	0.99	0.00
3	3	0.00	0.00	0.31	0.81	0.00
3	7	0.00	0.00	0.29	1.13	0.00
Core	CPU	C1%	C3%	C6%	C8%	C9%
-	-	0.01	0.04	8.41	3.37	0.00
0	0	0.10	0.24	64.71	21.89	0.00
0	4	0.00	0.02	0.63	0.30	0.00
1	1	0.00	0.02	0.49	0.10	0.00
1	5	0.00	0.00	0.50	0.00	0.00
2	2	0.00	0.00	0.18	1.20	0.00
2	6	0.00	0.00	0.35	0.99	0.00
3	3	0.00	0.00	0.25	1.28	0.00
3	7	0.00	0.00	0.13	1.19	0.00
Core	CPU	C1%	C3%	C6%	C8%	C9%
-	-	0.01	0.04	8.57	3.48	0.00
0	0	0.11	0.28	64.98	21.70	0.00
0	4	0.00	0.01	1.28	0.21	0.00
1	1	0.00	0.00	0.55	0.89	0.00
1	5	0.00	0.00	0.63	0.88	0.00
2	2	0.00	0.02	0.39	0.99	0.00
2	6	0.00	0.00	0.19	1.29	0.00
3	3	0.00	0.00	0.29	0.89	0.00
3	7	0.00	0.00	0.26	0.97	0.00
Core	CPU	C1%	C3%	C6%	C8%	C9%
-	-	0.01	0.06	8.16	3.56	0.00
0	0	0.10	0.43	62.96	20.57	0.00
0	4	0.00	0.03	0.56	0.40	0.00
1	1	0.00	0.00	0.28	1.08	0.00
1	5	0.00	0.00	0.45	0.69	0.00
2	2	0.00	0.00	0.15	0.99	0.00
2	6	0.00	0.00	0.50	1.99	0.00
3	3	0.00	0.00	0.10	0.99	0.00
3	7	0.00	0.00	0.29	1.73	0.00
Core	CPU	C1%	C3%	C6%	C8%	C9%
-	-	0.01	0.03	8.44	3.43	0.00
0	0	0.12	0.18	65.09	21.68	0.00
0	4	0.00	0.03	0.96	0.00	0.00
1	1	0.00	0.00	0.10	0.79	0.00
1	5	0.00	0.00	0.29	1.19	0.00
2	2	0.00	0.00	0.27	0.99	0.00
2	6	0.00	0.00	0.36	0.99	0.00
3	3	0.00	0.00	0.23	0.89	0.00
3	7	0.00	0.00	0.19	0.92	0.00
Core	CPU	C1%	C3%	C6%	C8%	C9%
-	-	0.01	0.04	8.41	3.39	0.00
0	0	0.09	0.31	64.39	21.43	0.00
0	4	0.00	0.00	0.78	0.81	0.00
1	1	0.00	0.00	0.44	0.21	0.00
1	5	0.00	0.02	0.27	0.69	0.00
2	2	0.00	0.00	0.10	0.60	0.00
2	6	0.00	0.00	0.59	1.37	0.00
3	3	0.00	0.00	0.36	0.89	0.00
3	7	0.00	0.00	0.33	1.16	0.00
Core	CPU	C1%	C3%	C6%	C8%	C9%
-	-	0.01	0.04	8.67	3.47	0.00
0	0	0.11	0.29	65.18	21.48	0.00
0	4	0.00	0.03	1.16	0.77	0.00
1	1	0.00	0.00	0.67	0.69	0.00
1	5	0.00	0.00	0.45	0.79	0.00
2	2	0.00	0.00	0.24	1.19	0.00
2	6	0.00	0.02	0.60	0.89	0.00
3	3	0.00	0.00	0.49	0.99	0.00
3	7	0.00	0.00	0.57	0.95	0.00
Core	CPU	C1%	C3%	C6%	C8%	C9%
-	-	0.01	0.05	8.73	3.62	0.00
0	0	0.12	0.37	65.06	21.54	0.00
0	4	0.00	0.04	0.88	0.00	0.00
1	1	0.00	0.00	0.59	0.69	0.00
1	5	0.00	0.00	0.29	1.09	0.00
2	2	0.00	0.00	0.86	1.77	0.00
2	6	0.00	0.03	1.48	1.19	0.00
3	3	0.00	0.00	0.42	1.09	0.00
3	7	0.00	0.00	0.29	1.60	0.00
Core	CPU	C1%	C3%	C6%	C8%	C9%
-	-	0.01	0.04	8.24	3.26	0.00
0	0	0.09	0.20	62.87	20.92	0.00
0	4	0.00	0.05	0.93	0.00	0.00
1	1	0.00	0.00	0.23	0.90	0.00
1	5	0.00	0.04	0.28	1.09	0.00
2	2	0.00	0.00	0.19	0.69	0.00
2	6	0.00	0.00	0.47	0.41	0.00
3	3	0.00	0.00	0.36	0.79	0.00
3	7	0.00	0.00	0.61	1.29	0.00
Core	CPU	C1%	C3%	C6%	C8%	C9%
-	-	0.01	0.02	8.82	3.26	0.00
0	0	0.10	0.10	65.06	21.78	0.00
0	4	0.00	0.03	1.47	0.11	0.00
1	1	0.00	0.00	0.26	1.19	0.00
1	5	0.00	0.00	1.04	0.39	0.00
2	2	0.00	0.00	0.92	0.69	0.00
2	6	0.00	0.01	1.08	0.50	0.00
3	3	0.00	0.00	0.20	0.99	0.00
3	7	0.00	0.00	0.56	0.46	0.00
Core	CPU	C1%	C3%	C6%	C8%	C9%
-	-	0.01	0.04	8.33	3.37	0.11
0	0	0.11	0.30	64.34	21.48	0.00
0	4	0.00	0.02	0.69	0.21	0.00
1	1	0.00	0.00	0.09	0.70	0.00
1	5	0.00	0.00	0.18	1.00	0.00
2	2	0.00	0.01	0.37	0.80	0.90
2	6	0.00	0.00	0.34	0.80	0.00
3	3	0.00	0.00	0.12	1.00	0.00
3	7	0.00	0.00	0.48	0.93	0.00
Core	CPU	C1%	C3%	C6%	C8%	C9%
-	-	0.03	0.05	8.71	3.40	0.00
0	0	0.11	0.40	65.10	21.36	0.00
0	4	0.00	0.00	0.76	0.21	0.00
1	1	0.00	0.00	0.73	0.20	0.00
1	5	0.10	0.01	0.70	0.79	0.00
2	2	0.00	0.00	0.69	0.59	0.00
2	6	0.00	0.00	1.15	1.49	0.00
3	3	0.00	0.00	0.36	0.80	0.00
3	7	0.00	0.00	0.24	1.78	0.00
Core	CPU	C1%	C3%	C6%	C8%	C9%
-	-	0.01	0.02	8.77	3.33	0.00
0	0	0.12	0.11	64.91	21.94	0.00
0	4	0.00	0.02	1.39	0.00	0.00
1	1	0.00	0.00	0.67	0.79	0.00
1	5	0.00	0.00	0.73	0.99	0.00
2	2	0.00	0.00	0.93	0.38	0.00
2	6	0.00	0.02	0.99	0.79	0.00
3	3	0.00	0.00	0.10	0.99	0.00
3	7	0.00	0.00	0.43	0.76	0.00
Core	CPU	C1%	C3%	C6%	C8%	C9%
-	-	0.01	0.11	8.27	6.91	0.09
0	0	0.08	0.61	62.15	20.49	0.00
0	4	0.02	0.26	1.38	28.42	0.71
1	1	0.00	0.00	0.75	0.68	0.00
1	5	0.00	0.00	0.28	1.19	0.00
2	2	0.00	0.00	0.36	1.38	0.00
2	6	0.00	0.03	0.70	0.70	0.00
3	3	0.00	0.01	0.39	1.09	0.00
3	7	0.00	0.00	0.19	1.29	0.00
Core	CPU	C1%	C3%	C6%	C8%	C9%
-	-	0.01	0.05	8.40	3.37	0.00
0	0	0.11	0.36	65.04	21.53	0.00
0	4	0.00	0.00	0.86	0.10	0.00
1	1	0.00	0.00	0.13	0.79	0.00
1	5	0.00	0.02	0.10	0.59	0.00
2	2	0.00	0.00	0.30	0.89	0.00
2	6	0.00	0.00	0.29	1.08	0.00
3	3	0.00	0.00	0.17	0.99	0.00
3	7	0.00	0.00	0.34	1.00	0.00
Core	CPU	C1%	C3%	C6%	C8%	C9%
-	-	0.01	0.08	8.54	3.34	0.88
0	0	0.12	0.63	64.75	20.75	0.00
0	4	0.00	0.00	0.77	0.71	7.03
1	1	0.00	0.00	0.34	0.79	0.00
1	5	0.00	0.00	0.23	0.90	0.00
2	2	0.00	0.01	0.59	0.80	0.00
2	6	0.00	0.01	0.84	0.99	0.00
3	3	0.00	0.00	0.37	0.69	0.00
3	7	0.00	0.00	0.45	1.08	0.00
Core	CPU	C1%	C3%	C6%	C8%	C9%
-	-	0.01	0.04	8.53	3.43	0.00
0	0	0.10	0.31	64.91	21.70	0.00
0	4	0.00	0.00	0.99	0.31	0.00
1	1	0.00	0.00	0.27	1.09	0.00
1	5	0.00	0.00	0.35	0.79	0.00
2	2	0.00	0.00	0.83	0.69	0.00
2	6	0.00	0.02	0.50	0.89	0.00
3	3	0.00	0.00	0.10	1.09	0.00
3	7	0.00	0.00	0.27	0.86	0.00
Core	CPU	C1%	C3%	C6%	C8%	C9%
-	-	0.01	0.06	8.47	3.47	0.14
0	0	0.09	0.44	64.72	21.74	0.00
0	4	0.00	0.04	0.87	0.00	1.15
1	1	0.00	0.00	0.52	1.19	0.00
1	5	0.00	0.00	0.36	1.10	0.00
2	2	0.00	0.00	0.25	1.09	0.00
2	6	0.00	0.00	0.32	0.99	0.00
3	3	0.00	0.02	0.29	0.80	0.00
3	7	0.00	0.00	0.43	0.84	0.00
Core	CPU	C1%	C3%	C6%	C8%	C9%
-	-	0.01	0.07	8.52	3.43	0.24
0	0	0.08	0.47	62.96	20.57	0.00
0	4	0.00	0.02	1.14	0.00	1.88
1	1	0.00	0.03	1.40	0.88	0.00
1	5	0.00	0.01	0.70	0.69	0.00
2	2	0.00	0.00	0.49	1.19	0.00
2	6	0.00	0.03	0.15	0.79	0.00
3	3	0.00	0.00	0.35	0.79	0.00
3	7	0.00	0.03	0.98	2.55	0.00
Core	CPU	C1%	C3%	C6%	C8%	C9%
-	-	0.01	0.04	8.68	3.46	0.00
0	0	0.11	0.24	64.63	22.04	0.00
0	4	0.00	0.00	1.17	0.20	0.00
1	1	0.00	0.00	0.83	0.90	0.00
1	5	0.00	0.00	0.34	0.79	0.00
2	2	0.00	0.02	0.39	1.00	0.00
2	6	0.00	0.03	1.01	0.71	0.00
3	3	0.00	0.00	0.19	0.99	0.00
3	7	0.00	0.00	0.88	1.09	0.00
Core	CPU	C1%	C3%	C6%	C8%	C9%
-	-	0.02	0.10	8.67	3.38	0.11
0	0	0.10	0.75	64.93	20.86	0.86
0	4	0.00	0.04	0.88	0.00	0.00
1	1	0.00	0.01	1.25	0.81	0.00
1	5	0.00	0.00	0.37	1.21	0.00
2	2	0.00	0.00	0.25	1.19	0.00
2	6	0.00	0.00	0.93	0.60	0.00
3	3	0.06	0.02	0.22	1.00	0.00
3	7	0.00	0.00	0.55	1.35	0.00
Core	CPU	C1%	C3%	C6%	C8%	C9%
-	-	0.01	0.04	8.59	3.45	0.00
0	0	0.10	0.25	65.18	21.47	0.00
0	4	0.00	0.05	0.98	0.11	0.00
1	1	0.00	0.02	0.24	0.99	0.00
1	5	0.00	0.00	0.50	0.40	0.00
2	2	0.00	0.00	0.24	1.38	0.00
2	6	0.00	0.00	0.53	1.18	0.00
3	3	0.00	0.00	0.41	1.18	0.00
3	7	0.00	0.03	0.67	0.89	0.00
Core	CPU	C1%	C3%	C6%	C8%	C9%
-	-	0.01	0.03	8.58	3.36	0.00
0	0	0.10	0.20	65.12	21.61	0.00
0	4	0.00	0.00	1.06	0.11	0.00
1	1	0.00	0.04	0.19	0.89	0.00
1	5	0.00	0.02	0.19	0.70	0.00
2	2	0.00	0.00	0.10	0.99	0.00
2	6	0.00	0.00	0.58	0.89	0.00
3	3	0.00	0.00	0.27	1.08	0.00
3	7	0.00	0.01	1.09	0.62	0.00
Core	CPU	C1%	C3%	C6%	C8%	C9%
-	-	0.01	0.11	8.35	3.59	0.00
0	0	0.09	0.87	62.63	20.46	0.00
0	4	0.00	0.00	1.09	0.19	0.00
1	1	0.00	0.00	0.75	1.38	0.00
1	5	0.00	0.00	0.25	1.18	0.00
2	2	0.00	0.02	0.30	0.80	0.00
2	6	0.00	0.00	1.17	1.69	0.00
3	3	0.00	0.00	0.39	0.88	0.00
3	7	0.00	0.00	0.27	2.15	0.00
Core	CPU	C1%	C3%	C6%	C8%	C9%
-	-	0.01	0.05	8.40	3.52	0.00
0	0	0.10	0.36	64.95	21.63	0.00
0	4	0.00	0.00	0.81	0.58	0.00
1	1	0.00	0.00	0.28	1.09	0.00
1	5	0.00	0.00	0.36	1.09	0.00
2	2	0.00	0.00	0.14	0.99	0.00
2	6	0.00	0.00	0.13	0.99	0.00
3	3	0.00	0.00	0.19	1.00	0.00
3	7	0.00	0.00	0.37	0.76	0.00
Core	CPU	C1%	C3%	C6%	C8%	C9%
-	-	0.01	0.07	8.60	3.09	0.00
0	0	0.10	0.40	64.37	21.27	0.00
0	4	0.00	0.04	0.81	0.59	0.00
1	1	0.00	0.02	0.09	0.89	0.00
1	5	0.00	0.02	0.27	0.79	0.00
2	2	0.00	0.00	0.47	0.59	0.00
2	6	0.00	0.04	0.64	0.50	0.00
3	3	0.00	0.02	1.20	0.00	0.00
3	7	0.00	0.03	0.97	0.13	0.00
Core	CPU	C1%	C3%	C6%	C8%	C9%
-	-	0.01	0.05	8.67	3.20	0.00
0	0	0.11	0.38	64.93	21.68	0.00
0	4	0.00	0.00	0.77	0.20	0.00
1	1	0.00	0.00	0.74	0.20	0.00
1	5	0.00	0.00	0.13	0.50	0.00
2	2	0.00	0.00	0.40	0.48	0.00
2	6	0.00	0.00	0.89	0.99	0.00
3	3	0.00	0.00	0.77	0.39	0.00
3	7	0.00	0.00	0.71	1.17	0.00
Core	CPU	C1%	C3%	C6%	C8%	C9%
-	-	0.01	0.04	8.78	3.36	0.00
0	0	0.11	0.27	65.03	21.64	0.00
0	4	0.00	0.04	1.26	0.00	0.00
1	1	0.00	0.00	0.29	1.09	0.00
1	5	0.00	0.00	0.34	1.10	0.00
2	2	0.00	0.00	1.12	0.40	0.00
2	6	0.00	0.02	1.30	0.39	0.00
3	3	0.00	0.00	0.29	1.09	0.00
3	7	0.00	0.00	0.57	1.14	0.00
Core	CPU	C1%	C3%	C6%	C8%	C9%
-	-	0.01	0.04	8.22	3.37	0.42
0	0	0.09	0.30	62.99	20.68	3.34
0	4	0.00	0.02	0.89	0.09	0.00
1	1	0.00	0.00	0.20	1.09	0.00
1	5	0.00	0.00	0.18	0.99	0.00
2	2	0.00	0.00	0.36	1.19	0.00
2	6	0.00	0.00	0.64	0.70	0.00
3	3	0.01	0.00	0.32	0.79	0.00
3	7	0.00	0.00	0.20	1.42	0.00
Core	CPU	C1%	C3%	C6%	C8%	C9%
-	-	0.01	0.03	8.77	3.10	0.00
0	0	0.11	0.14	64.82	21.95	0.00
0	4	0.00	0.04	1.39	0.71	0.00
1	1	0.00	0.00	0.22	0.30	0.00
1	5	0.00	0.02	0.17	0.41	0.00
2	2	0.00	0.00	0.78	0.39	0.00
2	6	0.00	0.02	0.73	0.48	0.00
3	3	0.00	0.02	0.73	0.10	0.00
3	7	0.00	0.00	1.30	0.51	0.00
Core	CPU	C1%	C3%	C6%	C8%	C9%
-	-	0.01	0.06	8.48	3.38	0.10
0	0	0.08	0.43	64.75	20.98	0.83
0	4	0.00	0.00	1.18	0.21	0.00
1	1	0.00	0.00	0.35	0.99	0.00
1	5	0.00	0.00	0.24	1.19	0.00
2	2	0.00	0.02	0.49	0.99	0.00
2	6	0.00	0.00	0.19	0.99	0.00
3	3	0.00	0.00	0.39	0.79	0.00
3	7	0.00	0.00	0.26	0.87	0.00
Core	CPU	C1%	C3%	C6%	C8%	C9%
-	-	0.01	0.03	8.59	3.69	0.00
0	0	0.11	0.21	64.99	21.75	0.00
0	4	0.00	0.04	1.46	0.68	0.00
1	1	0.00	0.00	0.28	1.38	0.00
1	5	0.00	0.00	0.36	0.80	0.00
2	2	0.00	0.00	0.34	0.99	0.00
2	6	0.00	0.00	0.77	1.10	0.00
3	3	0.00	0.00	0.10	1.00	0.00
3	7	0.00	0.00	0.39	1.82	0.00
Core	CPU	C1%	C3%	C6%	C8%	C9%
-	-	0.03	0.05	8.41	3.43	0.00
0	0	0.11	0.28	64.76	21.93	0.00
0	4	0.09	0.04	0.78	0.11	0.00
1	1	0.00	0.02	0.20	0.61	0.00
1	5	0.00	0.00	0.00	0.50	0.00
2	2	0.00	0.00	0.48	0.89	0.00
2	6	0.00	0.00	0.51	1.49	0.00
3	3	0.00	0.00	0.24	0.89	0.00
3	7	0.00	0.04	0.27	1.03	0.00
Core	CPU	C1%	C3%	C6%	C8%	C9%
-	-	0.01	0.10	8.26	3.30	0.00
0	0	0.10	0.40	62.98	20.58	0.00
0	4	0.00	0.00	1.15	0.00	0.00
1	1	0.00	0.00	0.44	0.30	0.00
1	5	0.00	0.00	0.13	0.99	0.00
2	2	0.00	0.00	0.10	0.79	0.00
2	6	0.00	0.02	0.78	1.09	0.00
3	3	0.00	0.40	0.28	1.28	0.00
3	7	0.00	0.00	0.26	1.36	0.00
Core	CPU	C1%	C3%	C6%	C8%	C9%
-	-	0.01	0.08	8.61	3.47	0.15
0	0	0.10	0.63	65.90	20.85	0.00
0	4	0.00	0.00	0.72	0.20	1.17
1	1	0.00	0.00	0.68	1.88	0.00
1	5	0.00	0.00	0.36	0.99	0.00
2	2	0.00	0.00	0.25	1.18	0.00
2	6	0.00	0.00	0.23	1.19	0.00
3	3	0.00	0.01	0.40	0.89	0.00
3	7	0.00	0.00	0.38	0.55	0.00
Core	CPU	C1%	C3%	C6%	C8%	C9%
-	-	0.01	0.11	8.84	7.22	0.11
0	0	0.07	0.64	63.55	20.80	0.00
0	4	0.01	0.25	1.44	28.59	0.00
1	1	0.00	0.01	0.50	1.76	0.90
1	5	0.00	0.00	0.19	0.99	0.00
2	2	0.00	0.00	0.46	1.09	0.00
2	6	0.00	0.00	2.58	2.04	0.00
3	3	0.00	0.00	0.92	0.79	0.00
3	7	0.00	0.01	1.09	1.70	0.00
Core	CPU	C1%	C3%	C6%	C8%	C9%
-	-	0.01	0.01	8.42	3.35	0.00
0	0	0.11	0.09	64.90	21.99	0.00
0	4	0.00	0.00	0.56	0.00	0.00
1	1	0.00	0.00	0.44	0.70	0.00
1	5	0.00	0.00	0.13	0.79	0.00
2	2	0.00	0.00	0.03	0.51	0.00
2	6	0.00	0.00	0.31	1.00	0.00
3	3	0.00	0.00	0.79	0.79	0.00
3	7	0.00	0.00	0.24	0.99	0.00
Core	CPU	C1%	C3%	C6%	C8%	C9%
-	-	0.01	0.03	8.57	3.48	0.00
0	0	0.10	0.23	64.88	21.83	0.00
0	4	0.00	0.00	0.88	0.00	0.00
1	1	0.00	0.00	0.26	1.09	0.00
1	5	0.00	0.00	0.25	0.99	0.00
2	2	0.00	0.00	0.32	0.80	0.00
2	6	0.00	0.00	0.29	1.29	0.00
3	3	0.00	0.03	1.28	0.79	0.00
3	7	0.00	0.00	0.41	1.07	0.00
Core	CPU	C1%	C3%	C6%	C8%	C9%
-	-	0.01	0.03	8.15	3.46	0.42
0	0	0.10	0.19	62.64	21.15	3.34
0	4	0.00	0.00	0.50	0.00	0.00
1	1	0.00	0.00	0.29	1.18	0.00
1	5	0.00	0.00	0.28	1.09	0.00
2	2	0.00	0.00	0.35	0.99	0.00
2	6	0.00	0.00	0.14	1.09	0.00
3	3	0.00	0.02	0.83	1.25	0.00
3	7	0.00	0.00	0.19	0.94	0.00
Core	CPU	C1%	C3%	C6%	C8%	C9%
-	-	0.01	0.04	8.81	3.57	0.00
0	0	0.10	0.20	65.20	21.53	0.00
0	4	0.00	0.03	0.49	0.00	0.00
1	1	0.00	0.00	0.10	0.80	0.00
1	5	0.00	0.00	0.66	1.39	0.00
2	2	0.00	0.00	0.27	1.09	0.00
2	6	0.00	0.04	1.15	1.80	0.00
3	3	0.00	0.03	1.15	0.97	0.00
3	7	0.00	0.01	1.43	1.02	0.00
Core	CPU	C1%	C3%	C6%	C8%	C9%
-	-	0.01	0.05	8.43	3.50	0.55
0	0	0.10	0.34	64.64	21.14	0.86
0	4	0.00	0.00	0.56	0.00	0.00
1	1	0.00	0.00	0.34	0.59	0.00
1	5	0.00	0.00	0.12	0.99	0.00
2	2	0.00	0.01	0.70	0.69	0.90
2	6	0.00	0.00	0.29	1.87	0.68
3	3	0.00	0.02	0.59	1.36	0.00
3	7	0.00	0.00	0.24	1.38	1.99
Core	CPU	C1%	C3%	C6%	C8%	C9%
-	-	0.01	0.04	8.64	3.57	0.00
0	0	0.10	0.22	64.88	21.82	0.00
0	4	0.00	0.00	0.88	0.00	0.00
1	1	0.00	0.00	0.26	0.99	0.00
1	5	0.00	0.00	0.25	1.09	0.00
2	2	0.00	0.03	0.89	0.70	0.00
2	6	0.00	0.00	0.41	1.68	0.00
3	3	0.00	0.02	1.10	0.87	0.00
3	7	0.00	0.02	0.44	1.45	0.00
Core	CPU	C1%	C3%	C6%	C8%	C9%
-	-	0.02	0.06	8.48	3.59	0.12
0	0	0.09	0.40	64.38	22.17	0.00
0	4	0.00	0.00	0.50	0.00	0.00
1	1	0.00	0.00	0.29	1.09	0.00
1	5	0.00	0.00	0.27	1.20	0.00
2	2	0.06	0.00	0.70	1.10	0.00
2	6	0.00	0.00	0.14	1.09	0.00
3	3	0.00	0.06	1.09	0.39	0.00
3	7	0.00	0.00	0.47	1.65	0.98
Core	CPU	C1%	C3%	C6%	C8%	C9%
-	-	0.01	0.08	8.50	3.49	0.43
0	0	0.09	0.53	62.82	20.64	0.00
0	4	0.00	0.00	1.12	0.11	0.00
1	1	0.00	0.01	0.59	1.69	0.00
1	5	0.00	0.00	0.10	0.90	0.00
2	2	0.00	0.00	0.68	0.79	0.00
2	6	0.00	0.02	1.03	1.58	0.00
3	3	0.00	0.05	1.33	0.65	3.41
3	7	0.00	0.02	0.33	1.60	0.00
Core	CPU	C1%	C3%	C6%	C8%	C9%
-	-	0.01	0.02	8.61	3.14	0.00
0	0	0.12	0.07	65.01	21.90	0.00
0	4	0.00	0.00	0.75	0.00	0.00
1	1	0.00	0.00	0.23	0.80	0.00
1	5	0.00	0.05	0.19	0.40	0.00
2	2	0.00	0.00	0.22	0.48	0.00
2	6	0.00	0.01	0.59	0.27	0.00
3	3	0.00	0.06	0.84	0.37	0.00
3	7	0.00	0.00	1.06	0.91	0.00
Core	CPU	C1%	C3%	C6%	C8%	C9%
-	-	0.01	0.07	8.76	3.20	0.11
0	0	0.08	0.49	64.54	21.11	0.00
0	4	0.00	0.00	0.98	0.00	0.00
1	1	0.00	0.01	0.66	0.60	0.90
1	5	0.00	0.00	0.15	1.19	0.00
2	2	0.00	0.02	0.99	0.50	0.00
2	6	0.00	0.00	1.16	0.59	0.00
3	3	0.00	0.00	1.20	0.58	0.00
3	7	0.00	0.01	0.39	1.05	0.00
Core	CPU	C1%	C3%	C6%	C8%	C9%
-	-	0.01	0.04	8.57	3.51	0.00
0	0	0.11	0.30	64.79	21.92	0.00
0	4	0.00	0.00	0.50	0.00	0.00
1	1	0.00	0.00	0.68	0.99	0.00
1	5	0.00	0.00	0.76	1.19	0.00
2	2	0.00	0.00	0.35	0.60	0.00
2	6	0.00	0.00	0.18	1.58	0.00
3	3	0.00	0.00	1.11	0.89	0.00
3	7	0.00	0.00	0.19	0.88	0.00
Core	CPU	C1%	C3%	C6%	C8%	C9%
-	-	0.01	0.05	8.75	3.34	0.00
0	0	0.11	0.30	64.87	21.75	0.00
0	4	0.00	0.04	0.33	0.20	0.00
1	1	0.00	0.02	0.20	0.50	0.00
1	5	0.00	0.00	0.57	1.09	0.00
2	2	0.00	0.00	0.56	0.99	0.00
2	6	0.00	0.01	0.94	1.09	0.00
3	3	0.00	0.02	1.34	0.79	0.00
3	7	0.00	0.02	1.22	0.32	0.00
Core	CPU	C1%	C3%	C6%	C8%	C9%
-	-	0.11	0.05	8.39	3.41	0.00
0	0	0.08	0.36	62.84	20.84	0.00
0	4	0.00	0.00	0.75	0.00	0.00
1	1	0.00	0.00	0.93	0.49	0.00
1	5	0.00	0.00	0.82	0.79	0.00
2	2	0.79	0.00	0.00	0.00	0.00
2	6	0.00	0.00	0.45	1.59	0.00
3	3	0.01	0.01	0.61	1.58	0.00
3	7	0.00	0.00	0.73	1.97	0.00
Core	CPU	C1%	C3%	C6%	C8%	C9%
-	-	0.01	0.03	8.80	3.46	0.00
0	0	0.11	0.18	65.26	21.62	0.00
0	4	0.00	0.00	0.98	0.00	0.00
1	1	0.00	0.00	0.36	0.89	0.00
1	5	0.00	0.00	0.35	1.09	0.00
2	2	0.00	0.00	0.79	1.39	0.00
2	6	0.00	0.00	0.68	0.79	0.00
3	3	0.00	0.04	0.79	1.09	0.00
3	7	0.00	0.00	1.22	0.78	0.00
Core	CPU	C1%	C3%	C6%	C8%	C9%
-	-	0.01	0.03	8.41	3.55	0.11
0	0	0.07	0.26	64.52	21.44	0.88
0	4	0.00	0.00	0.49	0.00	0.00
1	1	0.00	0.00	0.26	1.46	0.00
1	5	0.00	0.00	0.27	1.19	0.00
2	2	0.00	0.00	0.25	1.09	0.00
2	6	0.00	0.00	0.33	0.89	0.00
3	3	0.00	0.01	0.72	0.80	0.00
3	7	0.00	0.00	0.40	1.55	0.00
Core	CPU	C1%	C3%	C6%	C8%	C9%
-	-	0.01	0.05	8.63	3.39	0.00
0	0	0.09	0.31	65.07	21.63	0.00
0	4	0.00	0.03	0.49	0.00	0.00
1	1	0.00	0.00	0.20	0.99	0.00
1	5	0.00	0.00	0.19	0.99	0.00
2	2	0.00	0.00	0.37	0.99	0.00
2	6	0.00	0.00	1.07	1.18	0.00
3	3	0.00	0.04	0.85	0.66	0.00
3	7	0.00	0.00	0.79	0.71	0.00
Core	CPU	C1%	C3%	C6%	C8%	C9%
-	-	0.01	0.03	8.47	3.56	0.25
0	0	0.09	0.18	65.05	21.86	0.00
0	4	0.00	0.00	0.56	0.00	0.00
1	1	0.00	0.00	0.14	0.79	0.00
1	5	0.00	0.00	0.13	0.99	0.00
2	2	0.00	0.00	0.09	1.09	0.00
2	6	0.00	0.00	0.31	1.10	0.00
3	3	0.00	0.05	1.07	0.98	0.00
3	7	0.00	0.01	0.39	1.69	1.99
Core	CPU	C1%	C3%	C6%	C8%	C9%
-	-	0.01	0.05	8.50	3.44	0.12
0	0	0.08	0.42	63.10	20.68	0.00
0	4	0.00	0.00	1.08	0.00	0.00
1	1	0.00	0.00	0.29	1.09	0.00
1	5	0.00	0.00	0.35	1.09	0.00
2	2	0.00	0.00	0.83	0.79	0.00
2	6	0.00	0.01	0.98	0.69	0.00
3	3	0.00	0.00	1.07	1.98	0.94
3	7	0.00	0.00	0.31	1.25	0.00
Core	CPU	C1%	C3%	C6%	C8%	C9%
-	-	0.01	0.04	8.63	3.40	0.00
0	0	0.09	0.26	65.37	21.50	0.00
0	4	0.00	0.00	0.59	0.00	0.00
1	1	0.00	0.00	0.40	1.08	0.00
1	5	0.00	0.00	0.77	1.19	0.00
2	2	0.00	0.06	0.30	0.89	0.00
2	6	0.00	0.00	0.24	0.99	0.00
3	3	0.00	0.02	1.01	0.50	0.00
3	7	0.00	0.00	0.39	1.04	0.00
Core	CPU	C1%	C3%	C6%	C8%	C9%
-	-	0.11	0.07	8.60	3.53	0.11
0	0	0.07	0.50	64.26	21.56	0.00
0	4	0.00	0.04	0.79	0.00	0.00
1	1	0.00	0.03	0.50	0.50	0.90
1	5	0.79	0.00	0.00	0.00	0.00
2	2	0.00	0.00	0.38	1.38	0.00
2	6	0.00	0.00	0.74	2.37	0.00
3	3	0.00	0.02	1.15	0.89	0.00
3	7	0.00	0.00	1.01	1.51	0.00
Core	CPU	C1%	C3%	C6%	C8%	C9%
-	-	0.01	0.03	8.61	3.51	0.00
0	0	0.08	0.18	65.30	21.56	0.00
0	4	0.00	0.00	0.66	0.29	0.00
1	1	0.00	0.00	0.74	0.49	0.00
1	5	0.00	0.00	0.23	0.89	0.00
2	2	0.00	0.00	0.19	0.69	0.00
2	6	0.00	0.00	0.29	1.28	0.00
3	3	0.00	0.10	0.77	0.89	0.00
3	7	0.00	0.00	0.72	1.98	0.00
Core	CPU	C1%	C3%	C6%	C8%	C9%
-	-	0.01	0.04	8.77	3.40	0.00
0	0	0.09	0.25	65.10	21.80	0.00
0	4	0.00	0.00	0.78	0.11	0.00
1	1	0.00	0.00	0.36	1.09	0.00
1	5	0.00	0.00	0.25	1.19	0.00
2	2	0.00	0.00	0.92	0.78	0.00
2	6	0.00	0.02	1.09	0.30	0.00
3	3	0.00	0.03	1.00	0.59	0.00
3	7	0.00	0.00	0.62	1.34	0.00
Core	CPU	C1%	C3%	C6%	C8%	C9%
-	-	0.01	0.13	8.31	7.30	0.00
0	0	0.05	0.64	62.45	20.22	0.00
0	4	0.01	0.21	1.00	28.63	0.00
1	1	0.00	0.00	0.47	2.78	0.00
1	5	0.00	0.00	0.38	1.48	0.00
2	2	0.00	0.06	0.30	1.29	0.00
2	6	0.00	0.00	0.69	1.09	0.00
3	3	0.00	0.10	0.78	1.28	0.00
3	7	0.00	0.01	0.39	1.64	0.00
Core	CPU	C1%	C3%	C6%	C8%	C9%
-	-	0.01	0.06	8.63	3.56	0.00
0	0	0.06	0.35	65.32	21.53	0.00
0	4	0.00	0.03	0.50	0.00	0.00
1	1	0.00	0.01	0.40	0.69	0.00
1	5	0.00	0.00	0.19	1.19	0.00
2	2	0.00	0.00	0.56	1.20	0.00
2	6	0.00	0.01	1.35	1.19	0.00
3	3	0.00	0.03	0.56	1.18	0.00
3	7	0.00	0.02	0.19	1.50	0.00
Core	CPU	C1%	C3%	C6%	C8%	C9%
-	-	0.01	0.08	8.47	3.72	0.22
0	0	0.05	0.51	64.44	21.27	0.89
0	4	0.00	0.00	0.66	0.00	0.00
1	1	0.00	0.04	0.45	1.89	0.89
1	5	0.00	0.02	0.26	0.78	0.00
2	2	0.00	0.00	0.10	0.89	0.00
2	6	0.00	0.00	0.54	1.08	0.00
3	3	0.00	0.02	0.47	0.98	0.00
3	7	0.00	0.02	0.81	2.87	0.00
Core	CPU	C1%	C3%	C6%	C8%	C9%
-	-	0.01	0.03	8.74	3.65	0.00
0	0	0.05	0.22	65.32	21.64	0.00
0	4	0.00	0.04	1.26	0.09	0.00
1	1	0.00	0.00	0.93	2.02	0.00
1	5	0.00	0.00	0.14	0.99	0.00
2	2	0.00	0.02	0.33	1.09	0.00
2	6	0.00	0.00	0.78	0.79	0.00
3	3	0.00	0.00	0.19	0.89	0.00
3	7	0.00	0.00	0.99	1.67	0.00
Core	CPU	C1%	C3%	C6%	C8%	C9%
-	-	0.10	0.07	8.60	3.58	0.00
0	0	0.04	0.53	65.54	21.24	0.00
0	4	0.00	0.00	0.75	0.20	0.00
1	1	0.00	0.02	0.52	1.50	0.00
1	5	0.00	0.00	0.72	1.00	0.00
2	2	0.00	0.00	0.25	1.19	0.00
2	6	0.00	0.00	0.28	1.37	0.00
3	3	0.11	0.01	0.31	0.80	0.00
3	7	0.62	0.00	0.38	1.29	0.00
Core	CPU	C1%	C3%	C6%	C8%	C9%
-	-	0.01	0.09	8.28	3.23	1.20
0	0	0.04	0.49	63.15	20.69	0.00
0	4	0.00	0.00	0.62	0.39	9.63
1	1	0.00	0.00	0.23	0.81	0.00
1	5	0.00	0.03	0.50	0.79	0.00
2	2	0.00	0.01	0.29	0.80	0.00
2	6	0.00	0.00	0.70	0.60	0.00
3	3	0.00	0.22	0.49	0.79	0.00
3	7	0.00	0.00	0.26	0.99	0.00
Core	CPU	C1%	C3%	C6%	C8%	C9%
-	-	0.00	0.03	8.63	3.42	0.00
0	0	0.02	0.25	65.22	21.68	0.00
0	4	0.00	0.00	0.82	0.63	0.00
1	1	0.00	0.00	0.49	0.70	0.00
1	5	0.00	0.00	0.28	1.09	0.00
2	2	0.00	0.00	0.56	0.98	0.00
2	6	0.00	0.00	0.54	0.89	0.00
3	3	0.00	0.00	0.61	1.00	0.00
3	7	0.00	0.00	0.55	0.41	0.00
Core	CPU	C1%	C3%	C6%	C8%	C9%
-	-	0.00	0.07	8.41	3.38	0.00
0	0	0.01	0.50	64.46	21.23	0.00
0	4	0.00	0.00	0.76	0.99	0.00
1	1	0.00	0.02	0.39	0.70	0.00
1	5	0.00	0.00	0.09	0.84	0.00
2	2	0.00	0.00	0.78	0.59	0.00
2	6	0.00	0.00	0.44	0.69	0.00
3	3	0.00	0.00	0.14	0.99	0.00
3	7	0.00	0.02	0.18	0.99	0.00
Core	CPU	C1%	C3%	C6%	C8%	C9%
-	-	0.00	0.03	8.56	3.35	0.00
0	0	0.02	0.22	65.29	21.64	0.00
0	4	0.00	0.00	1.16	0.21	0.00
1	1	0.00	0.00	0.25	0.89	0.00
1	5	0.00	0.00	0.23	0.90	0.00
2	2	0.00	0.02	0.29	0.81	0.00
2	6	0.00	0.00	0.10	1.19	0.00
3	3	0.00	0.00	0.19	0.89	0.00
3	7	0.00	0.00	0.94	0.30	0.00
Core	CPU	C1%	C3%	C6%	C8%	C9%
-	-	0.00	0.05	8.49	3.50	0.00
0	0	0.02	0.38	65.16	21.33	0.00
0	4	0.00	0.00	0.60	0.51	0.00
1	1	0.00	0.00	0.28	0.89	0.00
1	5	0.00	0.00	0.26	1.29	0.00
2	2	0.00	0.00	0.24	0.99	0.00
2	6	0.00	0.01	0.85	1.09	0.00
3	3	0.00	0.00	0.29	1.10	0.00
3	7	0.00	0.00	0.28	0.80	0.00
Core	CPU	C1%	C3%	C6%	C8%	C9%
-	-	0.00	0.06	8.38	3.40	0.10
0	0	0.01	0.48	63.36	20.28	0.00
0	4	0.00	0.00	0.44	0.61	0.84
1	1	0.00	0.00	0.78	0.80	0.00
1	5	0.00	0.00	0.28	1.08	0.00
2	2	0.00	0.00	0.76	1.29	0.00
2	6	0.00	0.00	0.45	0.99	0.00
3	3	0.00	0.00	0.42	1.00	0.00
3	7	0.00	0.00	0.59	1.12	0.00
Core	CPU	C1%	C3%	C6%	C8%	C9%
-	-	0.00	0.06	8.66	3.26	0.75
0	0	0.03	0.42	65.56	21.14	0.00
0	4	0.00	0.02	0.54	0.50	5.98
1	1	0.00	0.00	0.23	0.50	0.00
1	5	0.00	0.02	0.19	1.12	0.00
2	2	0.00	0.00	0.10	0.40	0.00
2	6	0.00	0.00	1.09	1.14	0.00
3	3	0.00	0.00	0.75	0.20	0.00
3	7	0.00	0.05	0.87	1.09	0.00
Core	CPU	C1%	C3%	C6%	C8%	C9%
-	-	0.01	0.06	8.59	3.49	1.12
0	0	0.02	0.43	64.30	22.21	0.00
0	4	0.07	0.03	0.96	0.41	8.99
1	1	0.00	0.00	0.56	1.73	0.00
1	5	0.00	0.00	0.24	0.91	0.00
2	2	0.00	0.00	0.92	0.52	0.00
2	6	0.00	0.01	0.89	0.40	0.00
3	3	0.00	0.00	0.40	0.78	0.00
3	7	0.00	0.00	0.47	0.98	0.00
Core	CPU	C1%	C3%	C6%	C8%	C9%
-	-	0.00	0.04	8.52	3.59	0.00
0	0	0.02	0.21	65.10	21.80	0.00
0	4	0.00	0.00	0.72	0.21	0.00
1	1	0.00	0.00	0.38	0.89	0.00
1	5	0.00	0.00	0.26	1.29	0.00
2	2	0.00	0.05	0.30	1.19	0.00
2	6	0.00	0.00	0.77	1.49	0.00
3	3	0.00	0.00	0.20	0.99	0.00
3	7	0.00	0.02	0.40	0.88	0.00
Core	CPU	C1%	C3%	C6%	C8%	C9%
-	-	0.00	0.06	8.63	3.52	0.00
0	0	0.03	0.45	65.37	21.19	0.00
0	4	0.00	0.00	0.85	0.71	0.00
1	1	0.00	0.00	0.19	1.09	0.00
1	5	0.00	0.00	0.88	0.89	0.00
2	2	0.00	0.00	0.27	0.89	0.00
2	6	0.00	0.00	0.56	1.19	0.00
3	3	0.00	0.00	0.43	0.90	0.00
3	7	0.00	0.00	0.47	1.28	0.00
Core	CPU	C1%	C3%	C6%	C8%	C9%
-	-	0.00	0.07	8.69	3.15	0.00
0	0	0.03	0.44	63.46	20.16	0.00
0	4	0.00	0.07	1.90	0.00	0.00
1	1	0.00	0.00	0.83	0.50	0.00
1	5	0.00	0.02	0.60	0.00	0.00
2	2	0.00	0.00	0.09	0.90	0.00
2	6	0.00	0.00	0.86	1.19	0.00
3	3	0.00	0.00	1.05	1.29	0.00
3	7	0.00	0.00	0.74	1.19	0.00
Core	CPU	C1%	C3%	C6%	C8%	C9%
-	-	0.00	0.03	8.72	3.24	0.00
0	0	0.02	0.25	65.34	21.53	0.00
0	4	0.00	0.00	1.17	0.11	0.00
1	1	0.00	0.00	0.46	0.69	0.00
1	5	0.00	0.00	0.45	0.69	0.00
2	2	0.00	0.00	0.92	0.70	0.00
2	6	0.00	0.02	0.90	0.29	0.00
3	3	0.00	0.00	0.19	1.09	0.00
3	7	0.00	0.00	0.37	0.79	0.00
Core	CPU	C1%	C3%	C6%	C8%	C9%
-	-	0.00	0.07	8.71	3.50	0.00
0	0	0.03	0.50	64.94	20.81	0.00
0	4	0.00	0.02	1.74	0.80	0.00
1	1	0.00	0.00	0.38	0.79	0.00
1	5	0.00	0.00	0.46	1.19	0.00
2	2	0.00	0.01	0.25	0.89	0.00
2	6	0.00	0.00	0.98	1.09	0.00
3	3	0.00	0.00	0.29	0.90	0.00
3	7	0.00	0.00	0.64	1.49	0.00
Core	CPU	C1%	C3%	C6%	C8%	C9%
-	-	0.00	0.06	8.78	3.07	0.00
0	0	0.04	0.40	65.50	21.02	0.00
0	4	0.00	0.04	0.93	0.19	0.00
1	1	0.00	0.01	0.30	0.50	0.00
1	5	0.00	0.00	0.49	0.99	0.00
2	2	0.00	0.00	1.07	0.59	0.00
2	6	0.00	0.00	0.36	0.89	0.00
3	3	0.00	0.00	0.74	0.00	0.00
3	7	0.00	0.02	0.80	0.39	0.00
Core	CPU	C1%	C3%	C6%	C8%	C9%
-	-	0.00	0.04	8.56	3.39	0.00
0	0	0.04	0.31	65.40	21.34	0.00
0	4	0.00	0.00	0.98	0.29	0.00
1	1	0.00	0.00	0.14	0.89	0.00
1	5	0.00	0.00	0.23	0.40	0.00
2	2	0.00	0.00	0.28	1.09	0.00
2	6	0.00	0.00	0.28	1.09	0.00
3	3	0.00	0.00	0.47	0.89	0.00
3	7	0.00	0.00	0.72	1.10	0.00
Core	CPU	C1%	C3%	C6%	C8%	C9%
-	-	0.00	0.04	8.52	3.14	0.00
0	0	0.03	0.29	63.48	20.27	0.00
0	4	0.00	0.00	1.30	0.11	0.00
1	1	0.00	0.00	0.36	0.60	0.00
1	5	0.00	0.00	0.35	0.79	0.00
2	2	0.00	0.00	1.12	0.79	0.00
2	6	0.00	0.02	0.99	0.49	0.00
3	3	0.00	0.00	0.20	1.09	0.00
3	7	0.00	0.00	0.37	0.98	0.00
Core	CPU	C1%	C3%	C6%	C8%	C9%
-	-	0.01	0.05	8.64	3.64	0.00
0	0	0.06	0.20	65.47	21.40	0.00
0	4	0.00	0.04	0.98	0.40	0.00
1	1	0.00	0.09	0.48	1.30	0.00
1	5	0.00	0.00	0.28	1.19	0.00
2	2	0.00	0.00	0.35	1.28	0.00
2	6	0.00	0.04	0.93	1.29	0.00
3	3	0.00	0.02	0.40	0.99	0.00
3	7	0.00	0.00	0.20	1.28	0.00
Core	CPU	C1%	C3%	C6%	C8%	C9%
-	-	0.01	0.12	8.50	7.12	0.11
0	0	0.04	0.72	63.60	20.81	0.91
0	4	0.01	0.21	1.34	28.49	0.00
1	1	0.00	0.02	1.03	2.00	0.00
1	5	0.00	0.00	0.10	0.99	0.00
2	2	0.00	0.01	0.59	1.08	0.00
2	6	0.00	0.00	0.67	0.98	0.00
3	3	0.00	0.00	0.35	1.38	0.00
3	7	0.00	0.03	0.30	1.18	0.00
Core	CPU	C1%	C3%	C6%	C8%	C9%
-	-	0.01	0.03	8.59	3.49	0.00
0	0	0.08	0.21	64.89	21.91	0.00
0	4	0.00	0.00	0.86	0.70	0.00
1	1	0.00	0.00	0.33	1.79	0.00
1	5	0.00	0.00	0.28	0.40	0.00
2	2	0.00	0.00	0.70	0.00	0.00
2	6	0.00	0.00	0.57	0.79	0.00
3	3	0.00	0.00	0.47	1.48	0.00
3	7	0.00	0.00	0.59	0.88	0.00
Core	CPU	C1%	C3%	C6%	C8%	C9%
-	-	0.02	0.03	8.38	3.58	0.00
0	0	0.12	0.20	64.85	21.94	0.00
0	4	0.00	0.01	0.50	1.10	0.00
1	1	0.00	0.00	0.27	0.89	0.00
1	5	0.00	0.00	0.35	0.80	0.00
2	2	0.00	0.00	0.33	1.10	0.00
2	6	0.00	0.00	0.41	0.91	0.00
3	3	0.00	0.00	0.09	1.00	0.00
3	7	0.00	0.02	0.24	0.90	0.00
Core	CPU	C1%	C3%	C6%	C8%	C9%
-	-	0.01	0.06	8.22	3.33	0.00
0	0	0.09	0.24	62.62	21.15	0.00
0	4	0.00	0.03	0.62	1.00	0.00
1	1	0.00	0.00	0.00	1.20	0.00
1	5	0.00	0.00	0.19	0.89	0.00
2	2	0.00	0.00	0.36	0.70	0.00
2	6	0.00	0.00	0.53	1.30	0.00
3	3	0.00	0.20	0.73	0.00	0.00
3	7	0.00	0.01	0.69	0.40	0.00
Core	CPU	C1%	C3%	C6%	C8%	C9%
-	-	0.01	0.01	8.47	3.36	0.00
0	0	0.11	0.04	65.01	21.97	0.00
0	4	0.00	0.02	0.94	0.00	0.00
1	1	0.00	0.00	0.23	1.11	0.00
1	5	0.00	0.00	0.22	0.71	0.00
2	2	0.00	0.00	0.49	0.00	0.00
2	6	0.00	0.00	0.09	1.09	0.00
3	3	0.00	0.00	0.46	1.11	0.00
3	7	0.00	0.00	0.34	0.90	0.00
Core	CPU	C1%	C3%	C6%	C8%	C9%
-	-	0.01	0.05	8.42	3.42	0.00
0	0	0.11	0.44	64.41	21.33	0.00
0	4	0.00	0.00	1.19	0.31	0.00
1	1	0.00	0.00	0.26	0.89	0.00
1	5	0.00	0.00	0.24	0.99	0.00
2	2	0.00	0.00	0.32	1.00	0.00
2	6	0.00	0.00	0.38	0.89	0.00
3	3	0.00	0.00	0.19	0.89	0.00
3	7	0.00	0.00	0.39	1.03	0.00
Core	CPU	C1%	C3%	C6%	C8%	C9%
-	-	0.01	0.02	8.52	3.52	0.00
0	0	0.11	0.12	64.96	21.84	0.00
0	4	0.00	0.00	0.70	0.30	0.00
1	1	0.00	0.00	0.39	0.99	0.00
1	5	0.00	0.00	0.37	1.28	0.00
2	2	0.00	0.00	0.35	1.09	0.00
2	6	0.00	0.00	0.33	1.18	0.00
3	3	0.00	0.01	0.39	0.80	0.00
3	7	0.00	0.00	0.68	0.69	0.00
Core	CPU	C1%	C3%	C6%	C8%	C9%
-	-	0.01	0.03	8.73	3.68	0.00
0	0	0.11	0.25	65.17	21.55	0.00
0	4	0.00	0.00	0.54	0.40	0.00
1	1	0.00	0.00	0.39	1.28	0.00
1	5	0.00	0.00	0.78	1.19	0.00
2	2	0.00	0.00	0.46	1.47	0.00
2	6	0.00	0.00	1.18	1.88	0.00
3	3	0.00	0.00	0.72	0.70	0.00
3	7	0.00	0.00	0.60	0.99	0.00
Core	CPU	C1%	C3%	C6%	C8%	C9%
-	-	0.01	0.07	8.20	3.05	0.42
0	0	0.09	0.42	63.22	20.34	3.34
0	4	0.00	0.05	0.92	0.00	0.00
1	1	0.00	0.00	0.23	0.71	0.00
1	5	0.00	0.13	0.13	0.40	0.00
2	2	0.00	0.00	0.40	0.10	0.00
2	6	0.00	0.00	0.19	0.99	0.00
3	3	0.00	0.00	0.37	0.89	0.00
3	7	0.00	0.00	0.15	0.99	0.00
Core	CPU	C1%	C3%	C6%	C8%	C9%
-	-	0.01	0.01	8.64	3.37	0.33
0	0	0.10	0.11	65.00	21.87	0.00
0	4	0.00	0.00	1.19	0.19	2.60
1	1	0.00	0.00	0.26	0.89	0.00
1	5	0.00	0.00	0.25	0.99	0.00
2	2	0.00	0.00	0.92	0.39	0.00
2	6	0.00	0.01	0.99	0.49	0.00
3	3	0.00	0.00	0.10	1.08	0.00
3	7	0.00	0.00	0.45	1.09	0.00
Core	CPU	C1%	C3%	C6%	C8%	C9%
-	-	0.01	0.06	8.52	3.57	0.22
0	0	0.10	0.39	64.68	21.05	0.89
0	4	0.00	0.06	1.42	0.80	0.00
1	1	0.00	0.00	0.09	0.80	0.00
1	5	0.00	0.00	0.28	0.89	0.00
2	2	0.00	0.00	0.35	0.90	0.00
2	6	0.00	0.00	0.25	1.09	0.00
3	3	0.00	0.00	0.31	1.10	0.00
3	7	0.00	0.00	0.75	1.89	0.90
Core	CPU	C1%	C3%	C6%	C8%	C9%
-	-	0.01	0.04	8.67	3.33	0.00
0	0	0.11	0.30	65.12	21.52	0.00
0	4	0.00	0.00	0.75	0.21	0.00
1	1	0.00	0.00	0.72	0.61	0.00
1	5	0.00	0.01	0.64	0.20	0.00
2	2	0.00	0.00	0.79	0.89	0.00
2	6	0.00	0.01	0.67	1.08	0.00
3	3	0.00	0.00	0.36	0.88	0.00
3	7	0.00	0.00	0.32	1.27	0.00
Core	CPU	C1%	C3%	C6%	C8%	C9%
-	-	0.01	0.07	8.45	3.41	0.00
0	0	0.09	0.40	64.81	21.65	0.00
0	4	0.00	0.00	1.09	0.19	0.00
1	1	0.00	0.00	0.35	0.80	0.00
1	5	0.00	0.00	0.34	0.99	0.00
2	2	0.00	0.13	0.20	0.89	0.00
2	6	0.00	0.00	0.20	0.90	0.00
3	3	0.00	0.00	0.29	1.08	0.00
3	7	0.00	0.00	0.36	0.79	0.00
Core	CPU	C1%	C3%	C6%	C8%	C9%
-	-	0.01	0.08	8.27	3.39	0.44
0	0	0.10	0.30	63.13	20.63	3.25
0	4	0.00	0.03	1.07	0.29	0.28
1	1	0.00	0.00	0.57	0.49	0.00
1	5	0.00	0.00	0.36	0.89	0.00
2	2	0.00	0.00	0.25	1.18	0.00
2	6	0.00	0.00	0.32	1.29	0.00
3	3	0.00	0.29	0.10	1.30	0.00
3	7	0.00	0.00	0.38	1.08	0.00
Core	CPU	C1%	C3%	C6%	C8%	C9%
-	-	0.01	0.02	8.46	3.29	0.00
0	0	0.11	0.05	64.99	21.91	0.00
0	4	0.00	0.00	0.82	0.40	0.00
1	1	0.00	0.02	0.30	0.39	0.00
1	5	0.00	0.00	0.00	0.50	0.00
2	2	0.00	0.00	0.27	0.89	0.00
2	6	0.00	0.00	0.26	0.90	0.00
3	3	0.00	0.03	0.83	0.61	0.00
3	7	0.00	0.03	0.17	0.70	0.00
Core	CPU	C1%	C3%	C6%	C8%	C9%
-	-	0.01	0.07	8.42	3.29	0.00
0	0	0.10	0.53	64.11	21.49	0.00
0	4	0.00	0.00	0.55	0.11	0.00
1	1	0.00	0.00	0.24	1.08	0.00
1	5	0.00	0.00	0.13	0.60	0.00
2	2	0.00	0.00	0.09	0.50	0.00
2	6	0.00	0.01	0.76	1.27	0.00
3	3	0.00	0.05	0.76	0.89	0.00
3	7	0.00	0.00	0.75	0.40	0.00
Core	CPU	C1%	C3%	C6%	C8%	C9%
-	-	0.01	0.05	8.63	3.33	0.00
0	0	0.09	0.43	64.95	21.55	0.00
0	4	0.00	0.00	0.60	0.00	0.00
1	1	0.00	0.00	0.57	0.30	0.00
1	5	0.00	0.00	0.86	0.79	0.00
2	2	0.00	0.00	0.54	0.99	0.00
2	6	0.00	0.00	0.42	1.09	0.00
3	3	0.00	0.00	0.62	1.09	0.00
3	7	0.00	0.00	0.51	0.80	0.00
Core	CPU	C1%	C3%	C6%	C8%	C9%
-	-	0.11	0.04	8.62	3.50	0.00
0	0	0.12	0.23	64.98	21.78	0.00
0	4	0.00	0.03	0.59	0.00	0.00
1	1	0.00	0.00	0.20	0.69	0.00
1	5	0.00	0.00	0.19	0.99	0.00
2	2	0.00	0.00	0.57	0.99	0.00
2	6	0.00	0.00	0.44	1.29	0.00
3	3	0.00	0.04	1.14	0.95	0.00
3	7	0.77	0.01	0.89	1.28	0.00
Core	CPU	C1%	C3%	C6%	C8%	C9%
-	-	0.01	0.05	8.34	3.34	0.00
0	0	0.09	0.40	62.95	20.60	0.00
0	4	0.00	0.00	0.64	0.22	0.00
1	1	0.00	0.00	0.13	1.10	0.00
1	5	0.00	0.02	0.19	0.69	0.00
2	2	0.00	0.00	0.30	0.30	0.00
2	6	0.00	0.00	0.87	1.19	0.00
3	3	0.00	0.00	1.17	0.90	0.00
3	7	0.00	0.00	0.46	1.69	0.00
Core	CPU	C1%	C3%	C6%	C8%	C9%
-	-	0.01	0.06	8.85	3.56	0.03
0	0	0.11	0.43	65.19	21.29	0.00
0	4	0.00	0.00	0.98	0.20	0.21
1	1	0.00	0.00	1.02	1.19	0.00
1	5	0.00	0.00	0.15	1.09	0.00
2	2	0.00	0.00	0.52	0.99	0.00
2	6	0.00	0.04	0.79	1.88	0.00
3	3	0.00	0.01	1.30	0.50	0.00
3	7	0.00	0.00	0.83	1.38	0.00
Core	CPU	C1%	C3%	C6%	C8%	C9%
-	-	0.10	0.06	8.49	3.57	0.00
0	0	0.09	0.41	64.24	21.44	0.00
0	4	0.00	0.00	0.87	1.37	0.00
1	1	0.00	0.00	0.49	0.59	0.00
1	5	0.00	0.00	0.28	1.09	0.00
2	2	0.00	0.00	0.26	1.09	0.00
2	6	0.69	0.00	0.64	0.89	0.00
3	3	0.00	0.03	0.82	0.98	0.00
3	7	0.00	0.01	0.30	1.09	0.00
Core	CPU	C1%	C3%	C6%	C8%	C9%
-	-	0.01	0.02	8.54	3.14	0.00
0	0	0.11	0.12	65.06	21.80	0.00
0	4	0.00	0.00	0.82	0.00	0.00
1	1	0.00	0.01	0.49	0.20	0.00
1	5	0.00	0.00	0.10	0.40	0.00
2	2	0.00	0.00	0.38	0.69	0.00
2	6	0.00	0.00	0.45	0.69	0.00
3	3	0.00	0.03	0.55	0.99	0.00
3	7	0.00	0.03	0.49	0.39	0.00
Core	CPU	C1%	C3%	C6%	C8%	C9%
-	-	0.02	0.02	8.52	3.41	0.00
0	0	0.12	0.14	64.82	22.02	0.00
0	4	0.00	0.00	0.57	0.00	0.00
1	1	0.00	0.00	0.34	0.59	0.00
1	5	0.00	0.00	0.14	0.79	0.00
2	2	0.00	0.01	0.69	0.40	0.00
2	6	0.00	0.00	0.39	1.28	0.00
3	3	0.00	0.02	0.69	1.08	0.00
3	7	0.00	0.00	0.51	1.09	0.00
Core	CPU	C1%	C3%	C6%	C8%	C9%
-	-	0.01	0.09	8.37	6.99	0.00
0	0	0.08	0.45	62.14	20.52	0.00
0	4	0.01	0.27	1.38	28.54	0.00
1	1	0.00	0.00	0.57	1.38	0.00
1	5	0.00	0.00	0.36	0.79	0.00
2	2	0.00	0.00	0.24	1.08	0.00
2	6	0.00	0.00	0.70	1.88	0.00
3	3	0.00	0.03	1.29	0.79	0.00
3	7	0.00	0.00	0.29	0.89	0.00
Core	CPU	C1%	C3%	C6%	C8%	C9%
-	-	0.02	0.05	8.53	3.55	0.00
0	0	0.11	0.33	64.76	21.84	0.00
0	4	0.00	0.03	1.19	0.09	0.00
1	1	0.00	0.00	0.50	0.39	0.00
1	5	0.00	0.00	0.19	0.99	0.00
2	2	0.04	0.00	0.62	1.09	0.00
2	6	0.00	0.00	0.25	1.00	0.00
3	3	0.00	0.04	0.54	1.26	0.00
3	7	0.00	0.00	0.20	1.71	0.00
Core	CPU	C1%	C3%	C6%	C8%	C9%
-	-	0.01	0.07	8.90	3.12	0.00
0	0	0.11	0.57	64.40	21.21	0.00
0	4	0.00	0.00	1.14	0.00	0.00
1	1	0.00	0.00	0.72	0.21	0.00
1	5	0.00	0.00	0.60	0.00	0.00
2	2	0.00	0.00	0.69	0.59	0.00
2	6	0.00	0.00	1.55	1.09	0.00
3	3	0.00	0.00	1.54	0.69	0.00
3	7	0.00	0.00	0.58	1.19	0.00
Core	CPU	C1%	C3%	C6%	C8%	C9%
-	-	0.01	0.02	8.64	3.40	0.13
0	0	0.11	0.14	64.93	21.85	0.00
0	4	0.00	0.00	0.80	0.30	0.00
1	1	0.00	0.00	0.55	0.30	0.00
1	5	0.00	0.00	0.15	1.09	0.00
2	2	0.00	0.00	0.32	1.10	0.00
2	6	0.00	0.00	0.68	0.80	0.00
3	3	0.00	0.04	1.06	0.28	0.00
3	7	0.00	0.01	0.63	1.47	1.00
Core	CPU	C1%	C3%	C6%	C8%	C9%
-	-	0.01	0.03	8.63	3.53	0.00
0	0	0.11	0.18	64.78	22.00	0.00
0	4	0.00	0.00	0.29	0.31	0.00
1	1	0.00	0.00	0.38	1.28	0.00
1	5	0.00	0.00	0.36	1.19	0.00
2	2	0.00	0.00	0.34	1.28	0.00
2	6	0.00	0.03	0.84	0.99	0.00
3	3	0.00	0.02	1.24	0.59	0.00
3	7	0.00	0.00	0.79	0.60	0.00
Core	CPU	C1%	C3%	C6%	C8%	C9%
-	-	0.01	0.04	8.46	3.10	0.00
0	0	0.10	0.22	63.12	20.63	0.00
0	4	0.00	0.00	0.82	0.00	0.00
1	1	0.00	0.01	0.30	0.40	0.00
1	5	0.00	0.00	0.79	0.70	0.00
2	2	0.00	0.00	0.28	0.79	0.00
2	6	0.00	0.00	0.46	0.79	0.00
3	3	0.00	0.04	1.12	0.68	0.00
3	7	0.00	0.02	0.79	0.79	0.00
Core	CPU	C1%	C3%	C6%	C8%	C9%
-	-	0.01	0.04	8.55	3.57	0.13
0	0	0.10	0.28	64.82	21.83	0.00
0	4	0.00	0.00	0.65	0.00	0.00
1	1	0.00	0.00	0.24	1.10	0.00
1	5	0.00	0.00	0.13	0.60	0.00
2	2	0.00	0.00	0.10	0.99	0.00
2	6	0.00	0.00	0.58	2.07	0.00
3	3	0.00	0.00	1.38	0.90	0.00
3	7	0.00	0.00	0.54	1.09	1.01
Core	CPU	C1%	C3%	C6%	C8%	C9%
-	-	0.01	0.06	8.53	3.39	0.00
0	0	0.10	0.49	64.21	21.41	0.00
0	4	0.00	0.00	0.88	0.00	0.00
1	1	0.00	0.00	0.28	0.89	0.00
1	5	0.00	0.00	0.86	0.79	0.00
2	2	0.00	0.00	0.24	1.18	0.00
2	6	0.00	0.00	0.23	1.17	0.00
3	3	0.00	0.00	1.18	0.90	0.00
3	7	0.00	0.01	0.38	0.79	0.00
Core	CPU	C1%	C3%	C6%	C8%	C9%
-	-	0.01	0.07	8.77	3.73	0.00
0	0	0.11	0.51	65.24	21.19	0.00
0	4	0.00	0.00	1.10	0.48	0.00
1	1	0.00	0.00	0.30	1.58	0.00
1	5	0.00	0.00	0.71	1.48	0.00
2	2	0.00	0.00	0.26	1.28	0.00
2	6	0.00	0.00	1.00	1.39	0.00
3	3	0.00	0.02	1.20	1.09	0.00
3	7	0.00	0.00	0.39	1.39	0.00
Core	CPU	C1%	C3%	C6%	C8%	C9%
-	-	0.01	0.02	8.61	3.25	0.00
0	0	0.12	0.14	65.01	21.78	0.00
0	4	0.00	0.00	0.64	0.21	0.00
1	1	0.00	0.00	0.52	0.00	0.00
1	5	0.00	0.03	0.50	0.00	0.00
2	2	0.00	0.00	0.23	1.47	0.00
2	6	0.00	0.00	0.61	1.18	0.00
3	3	0.00	0.00	1.17	0.50	0.00
3	7	0.00	0.00	0.23	0.89	0.00
Core	CPU	C1%	C3%	C6%	C8%	C9%
-	-	0.01	0.05	8.43	3.17	0.00
0	0	0.08	0.37	62.85	20.69	0.00
0	4	0.00	0.02	0.93	0.17	0.00
1	1	0.00	0.02	0.55	0.69	0.00
1	5	0.00	0.00	0.43	0.79	0.00
2	2	0.00	0.02	0.48	0.90	0.00
2	6	0.00	0.00	0.77	0.70	0.00
3	3	0.00	0.00	0.80	0.79	0.00
3	7	0.00	0.01	0.59	0.60	0.00
Core	CPU	C1%	C3%	C6%	C8%	C9%
-	-	0.01	0.03	8.61	3.50	0.00
0	0	0.12	0.18	64.98	21.78	0.00
0	4	0.00	0.00	0.70	0.49	0.00
1	1	0.00	0.00	1.08	0.50	0.00
1	5	0.00	0.00	0.27	1.19	0.00
2	2	0.00	0.06	0.19	0.99	0.00
2	6	0.00	0.00	0.34	0.79	0.00
3	3	0.00	0.02	1.01	0.99	0.00
3	7	0.00	0.00	0.29	1.29	0.00
Core	CPU	C1%	C3%	C6%	C8%	C9%
-	-	0.01	0.06	8.63	3.20	0.00
0	0	0.11	0.42	64.53	21.19	0.00
0	4	0.00	0.00	0.61	0.61	0.00
1	1	0.00	0.01	0.69	0.40	0.00
1	5	0.00	0.00	0.20	0.50	0.00
2	2	0.00	0.00	0.78	0.69	0.00
2	6	0.00	0.00	0.65	0.90	0.00
3	3	0.00	0.00	0.95	0.40	0.00
3	7	0.00	0.03	0.67	0.89	0.00
Core	CPU	C1%	C3%	C6%	C8%	C9%
-	-	0.01	0.03	8.61	3.28	0.00
0	0	0.11	0.23	64.98	21.76	0.00
0	4	0.00	0.00	0.86	0.00	0.00
1	1	0.00	0.00	0.25	0.99	0.00
1	5	0.00	0.00	0.23	1.19	0.00
2	2	0.00	0.01	0.30	0.80	0.00
2	6	0.00	0.00	0.30	0.79	0.00
3	3	0.00	0.01	1.19	0.29	0.00
3	7	0.00	0.00	0.75	0.39	0.00
Core	CPU	C1%	C3%	C6%	C8%	C9%
-	-	0.01	0.03	8.59	3.41	0.00
0	0	0.11	0.21	65.12	21.62	0.00
0	4	0.00	0.00	1.10	0.00	0.00
1	1	0.00	0.00	0.57	0.50	0.00
1	5	0.00	0.00	0.36	0.89	0.00
2	2	0.00	0.00	0.24	1.08	0.00
2	6	0.00	0.02	0.32	1.38	0.00
3	3	0.00	0.03	0.70	0.90	0.00
3	7	0.00	0.02	0.29	0.89	0.00
Core	CPU	C1%	C3%	C6%	C8%	C9%
-	-	0.01	0.07	8.41	3.48	0.00
0	0	0.10	0.47	62.53	21.00	0.00
0	4	0.00	0.03	1.29	0.00	0.00
1	1	0.00	0.01	0.20	1.09	0.00
1	5	0.00	0.00	0.29	1.29	0.00
2	2	0.00	0.00	0.37	1.48	0.00
2	6	0.00	0.00	1.15	0.59	0.00
3	3	0.00	0.02	0.94	1.11	0.00
3	7	0.00	0.00	0.49	1.30	0.00
Core	CPU	C1%	C3%	C6%	C8%	C9%
-	-	0.01	0.05	8.73	3.66	0.00
0	0	0.11	0.39	64.80	21.73	0.00
0	4	0.00	0.00	0.73	0.11	0.00
1	1	0.00	0.00	0.92	1.89	0.00
1	5	0.00	0.02	0.50	0.00	0.00
2	2	0.00	0.00	0.66	1.18	0.00
2	6	0.00	0.00	1.19	1.99	0.00
3	3	0.00	0.00	0.58	0.98	0.00
3	7	0.00	0.00	0.43	1.39	0.00
Core	CPU	C1%	C3%	C6%	C8%	C9%
-	-	0.09	0.07	8.57	3.34	0.24
0	0	0.10	0.50	64.46	21.11	0.00
0	4	0.00	0.02	0.87	0.00	1.88
1	1	0.00	0.00	0.26	0.89	0.00
1	5	0.00	0.00	0.84	0.79	0.00
2	2	0.00	0.02	0.30	1.39	0.00
2	6	0.59	0.00	0.20	1.09	0.00
3	3	0.00	0.01	1.29	0.79	0.00
3	7	0.00	0.00	0.36	0.69	0.00
Core	CPU	C1%	C3%	C6%	C8%	C9%
-	-	0.01	0.07	8.61	3.49	0.00
0	0	0.11	0.52	64.94	21.50	0.00
0	4	0.00	0.00	1.27	0.00	0.00
1	1	0.00	0.00	0.57	0.79	0.00
1	5	0.00	0.00	0.36	0.80	0.00
2	2	0.00	0.00	0.15	1.09	0.00
2	6	0.00	0.00	0.32	1.08	0.00
3	3	0.00	0.00	0.61	0.91	0.00
3	7	0.00	0.00	0.66	1.76	0.00
Core	CPU	C1%	C3%	C6%	C8%	C9%
-	-	0.02	0.03	8.57	3.24	0.19
0	0	0.12	0.13	64.94	21.89	0.00
0	4	0.00	0.04	0.79	0.00	1.49
1	1	0.00	0.02	0.39	0.30	0.00
1	5	0.00	0.00	0.10	0.50	0.00
2	2	0.00	0.00	0.28	0.89	0.00
2	6	0.00	0.00	0.86	0.69	0.00
3	3	0.00	0.01	0.96	0.69	0.00
3	7	0.00	0.02	0.19	0.99	0.00
Core	CPU	C1%	C3%	C6%	C8%	C9%
-	-	0.01	0.09	8.42	3.48	0.42
0	0	0.09	0.69	62.69	20.62	3.34
0	4	0.00	0.00	0.56	0.00	0.00
1	1	0.00	0.00	0.14	1.89	0.00
1	5	0.00	0.00	0.13	0.50	0.00
2	2	0.00	0.00	0.50	0.20	0.00
2	6	0.00	0.00	1.16	1.69	0.00
3	3	0.00	0.01	1.16	1.68	0.00
3	7	0.00	0.00	1.00	1.30	0.00
Core	CPU	C1%	C3%	C6%	C8%	C9%
-	-	0.01	0.07	8.68	7.29	0.00
0	0	0.09	0.31	63.86	21.68	0.00
0	4	0.01	0.16	1.46	28.58	0.00
1	1	0.00	0.00	0.59	1.57	0.00
1	5	0.00	0.00	0.72	1.20	0.00
2	2	0.00	0.00	0.82	0.69	0.00
2	6	0.00	0.00	0.60	0.69	0.00
3	3	0.00	0.01	0.71	0.98	0.00
3	7	0.00	0.04	0.70	2.92	0.00
Core	CPU	C1%	C3%	C6%	C8%	C9%
-	-	0.01	0.04	8.60	3.51	0.00
0	0	0.09	0.30	64.54	21.23	0.00
0	4	0.00	0.00	0.60	0.00	0.00
1	1	0.00	0.01	0.87	0.79	0.00
1	5	0.00	0.00	0.27	1.09	0.00
2	2	0.00	0.00	0.25	1.18	0.00
2	6	0.00	0.00	0.62	1.78	0.00
3	3	0.00	0.01	0.72	1.20	0.00
3	7	0.00	0.00	0.93	0.79	0.00
Core	CPU	C1%	C3%	C6%	C8%	C9%
-	-	0.10	0.09	8.68	3.60	0.12
0	0	0.11	0.58	65.25	21.49	0.00
0	4	0.00	0.00	1.08	0.99	0.00
1	1	0.10	0.02	0.59	0.83	0.00
1	5	0.00	0.01	0.54	0.60	0.00
2	2	0.00	0.00	0.76	0.98	0.00
2	6	0.00	0.00	0.28	1.18	0.00
3	3	0.17	0.04	0.49	0.95	0.00
3	7	0.40	0.03	0.43	1.80	1.00
Core	CPU	C1%	C3%	C6%	C8%	C9%
-	-	0.01	0.05	8.75	3.55	0.00
0	0	0.12	0.42	65.14	21.36	0.00
0	4	0.00	0.00	0.66	0.69	0.00
1	1	0.00	0.00	0.34	1.09	0.00
1	5	0.00	0.00	0.53	0.69	0.00
2	2	0.00	0.00	0.20	1.19	0.00
2	6	0.00	0.00	1.58	1.38	0.00
3	3	0.00	0.00	1.08	0.89	0.00
3	7	0.00	0.00	0.46	1.08	0.00
Core	CPU	C1%	C3%	C6%	C8%	C9%
-	-	0.01	0.05	8.47	3.17	0.43
0	0	0.10	0.36	62.90	20.69	0.00
0	4	0.00	0.00	0.97	0.00	0.00
1	1	0.00	0.00	0.37	0.99	0.00
1	5	0.00	0.00	0.25	0.99	0.00
2	2	0.00	0.00	0.92	0.39	0.00
2	6	0.00	0.01	0.99	0.89	0.00
3	3	0.01	0.00	1.00	0.60	3.45
3	7	0.00	0.00	0.37	0.79	0.00
Core	CPU	C1%	C3%	C6%	C8%	C9%
-	-	0.01	0.04	8.54	3.51	0.12
0	0	0.10	0.28	65.06	21.64	0.00
0	4	0.00	0.00	0.49	0.11	0.00
1	1	0.00	0.00	0.19	1.08	0.00
1	5	0.00	0.00	0.67	1.19	0.00
2	2	0.00	0.00	0.36	0.98	0.00
2	6	0.00	0.00	0.33	0.99	0.00
3	3	0.00	0.04	1.01	0.78	0.00
3	7	0.00	0.00	0.20	1.29	0.98
Core	CPU	C1%	C3%	C6%	C8%	C9%
-	-	0.01	0.02	8.52	3.12	0.12
0	0	0.12	0.08	64.38	21.64	0.00
0	4	0.00	0.01	0.82	0.00	0.00
1	1	0.00	0.01	0.30	0.51	0.00
1	5	0.00	0.00	0.17	0.79	0.00
2	2	0.00	0.00	0.28	0.89	0.00
2	6	0.00	0.00	0.36	0.89	0.00
3	3	0.00	0.00	1.06	0.09	0.00
3	7	0.00	0.02	0.78	0.13	1.00
Core	CPU	C1%	C3%	C6%	C8%	C9%
-	-	0.01	0.04	8.64	3.36	0.00
0	0	0.11	0.30	64.93	21.70	0.00
0	4	0.00	0.00	0.56	0.00	0.00
1	1	0.00	0.00	0.14	1.59	0.00
1	5	0.00	0.00	0.52	0.49	0.00
2	2	0.00	0.00	0.19	0.41	0.00
2	6	0.00	0.00	0.95	1.48	0.00
3	3	0.00	0.01	1.26	0.00	0.00
3	7	0.00	0.01	0.57	1.19	0.00
Core	CPU	C1%	C3%	C6%	C8%	C9%
-	-	0.01	0.03	8.59	3.35	0.00
0	0	0.12	0.18	65.10	21.67	0.00
0	4	0.00	0.00	0.97	0.00	0.00
1	1	0.00	0.00	0.46	0.40	0.00
1	5	0.00	0.00	0.26	0.89	0.00
2	2	0.00	0.00	0.44	0.69	0.00
2	6	0.00	0.02	0.42	1.29	0.00
3	3	0.00	0.04	0.78	0.90	0.00
3	7	0.00	0.00	0.27	0.99	0.00
Core	CPU	C1%	C3%	C6%	C8%	C9%
-	-	0.01	0.06	8.32	3.53	0.22
0	0	0.10	0.38	62.84	20.76	0.00
0	4	0.00	0.00	0.50	0.00	0.00
1	1	0.00	0.00	0.39	1.09	0.00
1	5	0.00	0.00	0.57	1.38	0.00
2	2	0.00	0.00	0.75	1.38	0.00
2	6	0.00	0.00	0.42	1.18	0.00
3	3	0.00	0.12	0.61	1.09	1.75
3	7	0.00	0.00	0.50	1.39	0.00
Core	CPU	C1%	C3%	C6%	C8%	C9%
-	-	0.02	0.01	8.46	3.43	0.00
0	0	0.12	0.02	65.07	21.91	0.00
0	4	0.00	0.00	0.54	0.00	0.00
1	1	0.00	0.02	0.20	0.69	0.00
1	5	0.00	0.00	0.60	0.38	0.00
2	2	0.00	0.00	0.28	1.00	0.00
2	6	0.00	0.00	0.26	1.19	0.00
3	3	0.00	0.00	0.57	1.19	0.00
3	7	0.00	0.02	0.19	1.10	0.00
Core	CPU	C1%	C3%	C6%	C8%	C9%
-	-	0.01	0.07	8.37	3.39	0.19
0	0	0.08	0.51	64.23	21.39	0.00
0	4	0.00	0.04	0.25	0.30	0.63
1	1	0.00	0.00	0.27	1.09	0.00
1	5	0.00	0.01	0.34	0.99	0.90
2	2	0.00	0.00	0.09	0.50	0.00
2	6	0.00	0.01	0.69	1.09	0.00
3	3	0.00	0.00	0.71	0.98	0.00
3	7	0.00	0.00	0.36	0.79	0.00
Core	CPU	C1%	C3%	C6%	C8%	C9%
-	-	0.01	0.02	8.56	3.50	0.00
0	0	0.11	0.18	64.80	21.98	0.00
0	4	0.00	0.00	0.70	0.39	0.00
1	1	0.00	0.00	0.27	0.99	0.00
1	5	0.00	0.00	0.85	0.70	0.00
2	2	0.00	0.00	0.28	1.49	0.00
2	6	0.00	0.00	0.62	0.69	0.00
3	3	0.00	0.00	0.53	1.00	0.00
3	7	0.00	0.00	0.38	0.79	0.00
Core	CPU	C1%	C3%	C6%	C8%	C9%
-	-	0.01	0.04	8.77	4.01	0.00
0	0	0.10	0.24	65.43	21.32	0.00
0	4	0.00	0.01	1.18	0.29	0.00
1	1	0.00	0.00	0.79	2.37	0.00
1	5	0.00	0.00	0.38	1.68	0.00
2	2	0.00	0.00	0.75	1.58	0.00
2	6	0.00	0.00	0.73	2.07	0.00
3	3	0.00	0.05	0.70	1.39	0.00
3	7	0.00	0.00	0.20	1.39	0.00
Core	CPU	C1%	C3%	C6%	C8%	C9%
-	-	0.01	0.04	8.31	3.25	0.12
0	0	0.10	0.28	62.89	20.81	0.00
0	4	0.00	0.00	0.72	0.19	0.00
1	1	0.00	0.01	0.39	0.69	0.00
1	5	0.00	0.00	0.10	0.89	0.00
2	2	0.00	0.00	0.27	0.99	0.00
2	6	0.00	0.00	0.36	1.38	0.00
3	3	0.00	0.02	0.95	0.58	0.00
3	7	0.00	0.01	0.79	0.49	0.99
Core	CPU	C1%	C3%	C6%	C8%	C9%
-	-	0.06	0.07	8.93	3.87	0.00
0	0	0.11	0.47	65.23	21.28	0.00
0	4	0.00	0.00	1.37	0.76	0.00
1	1	0.00	0.00	0.25	1.58	0.00
1	5	0.00	0.00	0.23	1.28	0.00
2	2	0.00	0.00	0.20	1.19	0.00
2	6	0.00	0.00	0.94	2.65	0.00
3	3	0.40	0.08	1.41	0.68	0.00
3	7	0.00	0.00	1.82	1.57	0.00
Core	CPU	C1%	C3%	C6%	C8%	C9%
-	-	0.01	0.03	8.54	3.52	0.11
0	0	0.11	0.24	64.57	21.37	0.00
0	4	0.00	0.00	0.62	0.58	0.00
1	1	0.00	0.00	0.28	0.89	0.00
1	5	0.00	0.01	0.38	0.79	0.90
2	2	0.00	0.00	0.56	1.50	0.00
2	6	0.00	0.00	0.13	1.09	0.00
3	3	0.00	0.01	1.29	0.70	0.00
3	7	0.00	0.00	0.50	1.20	0.00
Core	CPU	C1%	C3%	C6%	C8%	C9%
-	-	0.01	0.03	8.51	3.41	0.00
0	0	0.10	0.15	64.88	21.97	0.00
0	4	0.00	0.02	0.60	0.59	0.00
1	1	0.00	0.00	0.19	0.50	0.00
1	5	0.00	0.00	0.68	0.49	0.00
2	2	0.00	0.00	0.36	0.99	0.00
2	6	0.00	0.00	0.34	1.09	0.00
3	3	0.00	0.04	0.44	1.06	0.00
3	7	0.00	0.00	0.60	0.59	0.00
Core	CPU	C1%	C3%	C6%	C8%	C9%
-	-	0.01	0.04	8.69	3.40	0.00
0	0	0.09	0.23	65.10	21.63	0.00
0	4	0.00	0.00	0.85	0.78	0.00
1	1	0.00	0.00	0.63	0.00	0.00
1	5	0.00	0.04	0.89	0.59	0.00
2	2	0.00	0.00	0.10	0.89	0.00
2	6	0.00	0.03	0.48	1.49	0.00
3	3	0.00	0.00	1.31	0.50	0.00
3	7	0.00	0.00	0.13	1.29	0.00
Core	CPU	C1%	C3%	C6%	C8%	C9%
-	-	0.01	0.01	8.65	3.46	0.00
0	0	0.11	0.03	65.03	21.89	0.00
0	4	0.00	0.00	1.07	0.59	0.00
1	1	0.00	0.00	0.45	0.49	0.00
1	5	0.00	0.00	0.33	0.99	0.00
2	2	0.00	0.02	0.20	0.89	0.00
2	6	0.00	0.00	0.70	1.19	0.00
3	3	0.00	0.01	0.87	1.00	0.00
3	7	0.00	0.00	0.58	0.67	0.00
Core	CPU	C1%	C3%	C6%	C8%	C9%
-	-	0.01	0.05	8.62	3.85	0.00
0	0	0.09	0.35	65.16	21.40	0.00
0	4	0.00	0.00	0.99	0.58	0.00
1	1	0.00	0.00	0.28	1.29	0.00
1	5	0.00	0.00	0.27	1.28	0.00
2	2	0.00	0.00	0.35	1.88	0.00
2	6	0.00	0.00	0.63	1.19	0.00
3	3	0.00	0.04	0.69	1.29	0.00
3	7	0.00	0.04	0.60	1.87	0.00
Core	CPU	C1%	C3%	C6%	C8%	C9%
-	-	0.01	0.30	8.57	6.89	0.30
0	0	0.08	1.23	64.04	20.69	0.00
0	4	0.01	0.36	1.75	28.74	2.38
1	1	0.01	0.71	0.13	0.00	0.00
1	5	0.00	0.00	0.11	1.09	0.00
2	2	0.00	0.00	0.37	1.19	0.00
2	6	0.00	0.00	0.55	1.29	0.00
3	3	0.00	0.03	0.64	1.39	0.00
3	7	0.00	0.03	0.98	0.70	0.00
Core	CPU	C1%	C3%	C6%	C8%	C9%
-	-	0.01	0.03	8.58	3.19	0.00
0	0	0.10	0.22	65.01	21.77	0.00
0	4	0.00	0.00	0.67	0.19	0.00
1	1	0.00	0.00	0.74	0.49	0.00
1	5	0.00	0.00	0.24	0.72	0.00
2	2	0.00	0.02	0.30	0.20	0.00
2	6	0.00	0.00	0.59	0.60	0.00
3	3	0.00	0.04	0.67	0.89	0.00
3	7	0.00	0.00	0.46	0.69	0.00
Core	CPU	C1%	C3%	C6%	C8%	C9%
-	-	0.01	0.02	8.48	3.39	0.00
0	0	0.10	0.19	63.36	21.22	0.00
0	4	0.00	0.00	0.97	0.00	0.00
1	1	0.00	0.00	0.26	0.79	0.00
1	5	0.00	0.00	0.25	1.39	0.00
2	2	0.00	0.00	0.73	0.69	0.00
2	6	0.00	0.00	1.26	1.29	0.00
3	3	0.00	0.00	0.63	1.08	0.00
3	7	0.00	0.00	0.38	0.69	0.00
Core	CPU	C1%	C3%	C6%	C8%	C9%
-	-	0.02	0.19	8.34	3.33	0.12
0	0	0.10	0.60	64.35	21.93	0.00
0	4	0.00	0.00	0.39	0.10	0.00
1	1	0.00	0.00	0.29	1.08	0.00
1	5	0.00	0.00	0.27	0.99	0.00
2	2	0.00	0.00	0.25	0.88	0.00
2	6	0.00	0.00	0.72	0.89	0.00
3	3	0.02	0.49	0.29	0.26	0.00
3	7	0.00	0.43	0.13	0.50	0.98
Core	CPU	C1%	C3%	C6%	C8%	C9%
-	-	0.01	0.03	8.53	3.49	0.00
0	0	0.11	0.19	65.14	21.71	0.00
0	4	0.00	0.00	0.28	0.32	0.00
1	1	0.00	0.00	0.18	1.48	0.00
1	5	0.00	0.00	0.26	0.89	0.00
2	2	0.00	0.00	0.15	1.09	0.00
2	6	0.00	0.00	0.50	1.09	0.00
3	3	0.00	0.00	1.42	0.59	0.00
3	7	0.00	0.02	0.30	0.79	0.00
Core	CPU	C1%	C3%	C6%	C8%	C9%
-	-	0.01	0.05	8.71	3.54	0.11
0	0	0.09	0.33	64.92	20.94	0.00
0	4	0.00	0.03	1.00	0.19	0.00
1	1	0.00	0.01	0.30	1.09	0.90
1	5	0.00	0.00	0.66	0.99	0.00
2	2	0.00	0.00	0.37	1.38	0.00
2	6	0.00	0.00	1.15	1.18	0.00
3	3	0.00	0.00	1.05	1.09	0.00
3	7	0.00	0.00	0.20	1.48	0.00
Core	CPU	C1%	C3%	C6%	C8%	C9%
-	-	0.11	0.06	8.98	3.68	0.09
0	0	0.10	0.44	65.01	21.56	0.00
0	4	0.00	0.00	1.16	0.48	0.69
1	1	0.00	0.00	0.83	0.59	0.00
1	5	0.00	0.02	0.89	1.38	0.00
2	2	0.00	0.00	0.20	1.19	0.00
2	6	0.00	0.00	2.06	1.48	0.00
3	3	0.00	0.04	0.85	1.18	0.00
3	7	0.78	0.00	0.84	1.58	0.00
Core	CPU	C1%	C3%	C6%	C8%	C9%
-	-	0.10	0.02	8.47	3.28	0.00
0	0	0.09	0.16	62.72	21.20	0.00
0	4	0.00	0.00	0.88	0.00	0.00
1	1	0.00	0.00	0.27	0.99	0.00
1	5	0.00	0.00	0.64	0.79	0.00
2	2	0.00	0.00	0.92	0.79	0.00
2	6	0.72	0.01	0.80	0.78	0.00
3	3	0.00	0.00	0.93	0.89	0.00
3	7	0.00	0.00	0.57	0.79	0.00
Core	CPU	C1%	C3%	C6%	C8%	C9%
-	-	0.01	0.03	8.50	3.97	0.00
0	0	0.10	0.20	64.81	21.95	0.00
0	4	0.00	0.00	0.60	0.00	0.00
1	1	0.00	0.00	0.29	1.29	0.00
1	5	0.00	0.00	0.37	2.16	0.00
2	2	0.00	0.00	0.71	2.18	0.00
2	6	0.00	0.00	0.53	1.69	0.00
3	3	0.00	0.05	0.51	1.28	0.00
3	7	0.00	0.00	0.19	1.20	0.00
Core	CPU	C1%	C3%	C6%	C8%	C9%
-	-	0.01	0.04	8.70	3.06	0.00
0	0	0.11	0.31	65.19	21.51	0.00
0	4	0.00	0.00	0.82	0.00	0.00
1	1	0.00	0.01	0.49	0.20	0.00
1	5	0.00	0.00	0.69	0.78	0.00
2	2	0.00	0.00	0.27	0.99	0.00
2	6	0.00	0.00	0.46	0.79	0.00
3	3	0.00	0.02	0.95	0.19	0.00
3	7	0.00	0.01	0.70	0.00	0.00
Core	CPU	C1%	C3%	C6%	C8%	C9%
-	-	0.01	0.06	8.66	3.55	0.00
0	0	0.10	0.41	64.27	21.42	0.00
0	4	0.00	0.00	0.56	0.00	0.00
1	1	0.00	0.00	0.44	1.60	0.00
1	5	0.00	0.02	0.27	0.40	0.00
2	2	0.00	0.00	0.49	0.30	0.00
2	6	0.00	0.00	0.94	1.48	0.00
3	3	0.00	0.01	1.55	0.99	0.00
3	7	0.00	0.00	0.73	2.19	0.00
Core	CPU	C1%	C3%	C6%	C8%	C9%
-	-	0.10	0.01	8.70	3.27	0.00
0	0	0.10	0.08	64.82	22.07	0.00
0	4	0.00	0.00	0.88	0.00	0.00
1	1	0.00	0.00	0.75	0.10	0.00
1	5	0.00	0.00	0.24	1.00	0.00
2	2	0.00	0.00	0.72	0.59	0.00
2	6	0.72	0.00	0.89	0.49	0.00
3	3	0.00	0.00	1.11	0.76	0.00
3	7	0.00	0.02	0.14	1.18	0.00
Core	CPU	C1%	C3%	C6%	C8%	C9%
-	-	0.02	0.10	8.38	3.57	0.08
0	0	0.16	0.73	63.04	20.53	0.00
0	4	0.00	0.01	0.58	0.20	0.63
1	1	0.00	0.00	0.50	1.09	0.00
1	5	0.00	0.00	0.56	1.29	0.00
2	2	0.00	0.00	0.34	1.48	0.00
2	6	0.00	0.00	0.53	2.06	0.00
3	3	0.00	0.08	1.20	0.60	0.00
3	7	0.00	0.00	0.29	1.29	0.00
Core	CPU	C1%	C3%	C6%	C8%	C9%
-	-	0.01	0.04	8.45	3.31	0.00
0	0	0.11	0.30	64.76	21.86	0.00
0	4	0.00	0.03	0.79	0.00	0.00
1	1	0.00	0.00	0.20	0.49	0.00
1	5	0.00	0.00	0.20	0.89	0.00
2	2	0.00	0.00	0.27	0.89	0.00
2	6	0.00	0.00	0.36	0.69	0.00
3	3	0.00	0.02	0.95	0.59	0.00
3	7	0.00	0.00	0.10	1.09	0.00
Core	CPU	C1%	C3%	C6%	C8%	C9%
-	-	0.01	0.06	8.54	3.71	0.00
0	0	0.10	0.40	64.65	21.87	0.00
0	4	0.00	0.00	0.54	0.11	0.00
1	1	0.00	0.00	0.14	1.60	0.00
1	5	0.00	0.00	0.69	1.58	0.00
2	2	0.00	0.00	0.10	0.71	0.00
2	6	0.00	0.00	0.69	1.28	0.00
3	3	0.00	0.07	0.73	0.88	0.00
3	7	0.00	0.00	0.81	1.67	0.00
Core	CPU	C1%	C3%	C6%	C8%	C9%
-	-	0.10	0.10	8.59	3.55	0.00
0	0	0.10	0.12	64.29	21.71	0.00
0	4	0.00	0.00	1.27	0.38	0.00
1	1	0.00	0.61	0.28	0.40	0.00
1	5	0.00	0.00	0.63	0.68	0.00
2	2	0.00	0.02	0.29	1.59	0.00
2	6	0.72	0.00	0.29	1.58	0.00
3	3	0.00	0.03	1.18	0.79	0.00
3	7	0.00	0.00	0.45	1.29	0.00
Core	CPU	C1%	C3%	C6%	C8%	C9%
-	-	0.01	0.05	8.69	3.69	0.00
0	0	0.09	0.38	65.00	21.63	0.00
0	4	0.00	0.00	0.39	0.39	0.00
1	1	0.00	0.00	0.78	3.15	0.00
1	5	0.00	0.00	0.46	0.69	0.00
2	2	0.00	0.00	0.25	0.98	0.00
2	6	0.00	0.00	1.60	0.89	0.00
3	3	0.00	0.03	0.71	0.79	0.00
3	7	0.00	0.00	0.30	0.99	0.00
Core	CPU	C1%	C3%	C6%	C8%	C9%
-	-	0.01	0.04	8.39	3.55	0.00
0	0	0.10	0.24	62.89	20.95	0.00
0	4	0.00	0.03	0.69	0.50	0.00
1	1	0.00	0.00	0.19	0.61	0.00
1	5	0.00	0.00	0.19	0.99	0.00
2	2	0.00	0.00	1.06	1.49	0.00
2	6	0.00	0.00	1.23	1.09	0.00
3	3	0.00	0.03	0.63	1.40	0.00
3	7	0.00	0.00	0.23	1.40	0.00
Core	CPU	C1%	C3%	C6%	C8%	C9%
-	-	0.01	0.05	8.60	3.45	0.00
0	0	0.11	0.39	65.13	21.38	0.00
0	4	0.00	0.00	0.83	0.80	0.00
1	1	0.00	0.00	0.13	0.79	0.00
1	5	0.00	0.02	0.19	0.99	0.00
2	2	0.00	0.00	0.50	0.39	0.00
2	6	0.00	0.00	1.18	1.28	0.00
3	3	0.00	0.00	0.69	0.79	0.00
3	7	0.00	0.00	0.15	1.18	0.00
Core	CPU	C1%	C3%	C6%	C8%	C9%
-	-	0.11	0.03	8.65	3.38	0.00
0	0	0.11	0.22	64.29	21.62	0.00
0	4	0.00	0.00	0.98	0.00	0.00
1	1	0.00	0.00	0.27	0.99	0.00
1	5	0.00	0.00	0.61	1.19	0.00
2	2	0.07	0.01	1.14	0.79	0.00
2	6	0.69	0.01	1.09	0.39	0.00
3	3	0.00	0.02	0.42	1.27	0.00
3	7	0.00	0.00	0.37	0.79	0.00
Core	CPU	C1%	C3%	C6%	C8%	C9%
-	-	0.02	0.07	8.65	3.83	0.12
0	0	0.10	0.46	64.43	22.03	0.00
0	4	0.00	0.00	0.49	0.00	0.00
1	1	0.00	0.00	0.20	1.38	0.00
1	5	0.00	0.00	0.87	1.19	0.00
2	2	0.04	0.04	1.77	0.59	0.00
2	6	0.00	0.00	0.63	2.37	0.00
3	3	0.04	0.04	0.57	1.57	0.00
3	7	0.00	0.00	0.23	1.49	0.98
Core	CPU	C1%	C3%	C6%	C8%	C9%
-	-	0.01	0.02	9.01	3.67	0.00
0	0	0.12	0.11	65.00	21.89	0.00
0	4	0.00	0.00	1.80	0.71	0.00
1	1	0.00	0.00	0.81	1.40	0.00
1	5	0.00	0.00	0.60	0.28	0.00
2	2	0.00	0.00	1.27	0.79	0.00
2	6	0.00	0.00	0.37	1.28	0.00
3	3	0.00	0.01	1.55	0.99	0.00
3	7	0.00	0.00	0.69	1.99	0.00
Core	CPU	C1%	C3%	C6%	C8%	C9%
-	-	0.11	0.04	8.30	3.34	0.01
0	0	0.11	0.25	62.69	21.12	0.00
0	4	0.00	0.00	0.97	0.00	0.08
1	1	0.00	0.00	0.25	1.28	0.00
1	5	0.00	0.00	0.73	0.89	0.00
2	2	0.00	0.02	0.39	0.63	0.00
2	6	0.79	0.00	0.31	1.09	0.00
3	3	0.00	0.04	0.68	0.89	0.03
3	7	0.00	0.00	0.40	0.78	0.00
Core	CPU	C1%	C3%	C6%	C8%	C9%
-	-	0.01	0.09	8.56	6.84	0.00
0	0	0.09	0.54	64.40	21.03	0.00
0	4	0.01	0.15	0.66	28.43	0.00
1	1	0.00	0.00	0.72	0.51	0.00
1	5	0.00	0.03	0.56	1.00	0.00
2	2	0.00	0.00	0.98	0.42	0.00
2	6	0.00	0.00	0.13	1.38	0.00
3	3	0.00	0.03	0.60	1.17	0.00
3	7	0.00	0.00	0.41	0.80	0.00
Core	CPU	C1%	C3%	C6%	C8%	C9%
-	-	0.01	0.06	8.43	3.54	0.00
0	0	0.11	0.47	64.32	21.42	0.00
0	4	0.00	0.00	0.59	0.00	0.00
1	1	0.00	0.00	0.30	0.60	0.00
1	5	0.00	0.00	0.18	0.99	0.00
2	2	0.00	0.01	0.45	2.18	0.00
2	6	0.00	0.00	0.92	0.89	0.00
3	3	0.00	0.00	0.54	1.28	0.00
3	7	0.00	0.00	0.10	0.99	0.00
Core	CPU	C1%	C3%	C6%	C8%	C9%
-	-	0.01	0.04	8.62	3.31	1.54
0	0	0.10	0.29	64.93	21.79	0.00
0	4	0.00	0.00	0.85	0.00	12.35
1	1	0.00	0.00	0.22	1.09	0.00
1	5	0.00	0.02	0.10	0.40	0.00
2	2	0.00	0.00	0.50	0.26	0.00
2	6	0.00	0.00	0.87	0.99	0.00
3	3	0.00	0.03	1.35	0.80	0.00
3	7	0.00	0.00	0.14	1.18	0.00
Core	CPU	C1%	C3%	C6%	C8%	C9%
-	-	0.01	0.03	8.58	3.53	0.00
0	0	0.10	0.22	64.83	21.94	0.00
0	4	0.00	0.00	0.96	0.00	0.00
1	1	0.00	0.00	0.15	0.99	0.00
1	5	0.00	0.00	0.23	0.99	0.00
2	2	0.00	0.01	0.58	1.12	0.00
2	6	0.00	0.00	0.76	1.39	0.00
3	3	0.00	0.00	0.71	0.79	0.00
3	7	0.00	0.00	0.45	1.00	0.00
Core	CPU	C1%	C3%	C6%	C8%	C9%
-	-	0.01	0.03	8.25	3.38	0.42
0	0	0.09	0.18	63.14	20.74	3.34
0	4	0.00	0.00	0.79	0.00	0.00
1	1	0.00	0.00	0.19	1.18	0.00
1	5	0.00	0.00	0.37	0.89	0.00
2	2	0.00	0.00	0.25	1.00	0.00
2	6	0.00	0.00	0.23	0.99	0.00
3	3	0.00	0.03	0.61	1.18	0.00
3	7	0.00	0.00	0.39	1.08	0.00
