Core	CPU	C1%	C3%	C6%	C8%	C9%
-	-	4.45	0.66	7.88	4.08	0.00
0	0	18.16	1.81	12.56	14.99	0.01
0	4	0.00	0.00	1.13	0.50	0.00
1	1	0.00	0.05	1.37	0.70	0.00
1	5	17.00	3.33	43.53	14.38	0.00
2	2	0.29	0.00	0.89	1.20	0.00
2	6	0.00	0.00	1.28	0.30	0.00
3	3	0.18	0.00	1.09	0.30	0.00
3	7	0.00	0.06	1.19	0.29	0.00
Core	CPU	C1%	C3%	C6%	C8%	C9%
-	-	2.90	0.55	7.62	4.10	0.40
0	0	12.52	2.12	25.66	14.49	0.00
0	4	0.00	0.00	0.18	1.00	0.00
1	1	0.00	0.01	0.96	0.69	0.00
1	5	6.09	1.18	16.90	6.39	3.19
2	2	0.00	0.00	0.33	1.48	0.00
2	6	0.00	0.00	0.41	0.89	0.00
3	3	4.56	1.08	16.15	6.85	0.00
3	7	0.00	0.00	0.39	0.99	0.00
Core	CPU	C1%	C3%	C6%	C8%	C9%
-	-	0.00	0.48	9.28	3.39	3.14
0	0	0.00	3.70	69.02	20.77	0.00
0	4	0.00	0.00	0.44	0.40	25.13
1	1	0.00	0.00	0.76	1.38	0.00
1	5	0.00	0.00	1.18	1.19	0.00
2	2	0.00	0.00	0.37	1.48	0.00
2	6	0.00	0.00	0.36	0.69	0.00
3	3	0.00	0.10	1.43	0.40	0.00
3	7	0.00	0.01	0.70	0.79	0.00
Core	CPU	C1%	C3%	C6%	C8%	C9%
-	-	0.00	0.46	9.34	3.17	2.84
0	0	0.00	3.68	71.12	18.74	0.00
0	4	0.00	0.00	1.07	0.20	22.71
1	1	0.00	0.00	1.19	1.10	0.00
1	5	0.00	0.00	0.22	0.99	0.00
2	2	0.00	0.00	0.10	0.64	0.00
2	6	0.00	0.00	0.31	1.78	0.00
3	3	0.00	0.00	0.36	0.99	0.00
3	7	0.00	0.00	0.35	0.89	0.00
Core	CPU	C1%	C3%	C6%	C8%	C9%
-	-	0.00	0.47	9.55	3.74	4.82
0	0	0.00	3.74	70.05	19.80	0.00
0	4	0.00	0.00	0.89	0.19	38.43
1	1	0.00	0.00	1.81	2.38	0.00
1	5	0.00	0.00	0.35	0.89	0.00
2	2	0.00	0.00	0.30	3.26	0.11
2	6	0.00	0.02	0.77	1.10	0.00
3	3	0.00	0.01	1.77	1.30	0.00
3	7	0.00	0.00	0.43	1.00	0.00
Core	CPU	C1%	C3%	C6%	C8%	C9%
-	-	3.62	0.42	7.15	4.69	0.00
0	0	15.57	0.60	7.46	11.29	0.00
0	4	0.00	0.00	0.73	0.00	0.00
1	1	0.00	0.03	2.99	0.10	0.00
1	5	7.68	1.72	22.25	9.50	0.00
2	2	0.00	0.00	0.69	2.91	0.00
2	6	0.00	0.03	1.88	2.29	0.00
3	3	5.73	0.97	20.84	10.19	0.00
3	7	0.00	0.00	0.37	1.29	0.00
Core	CPU	C1%	C3%	C6%	C8%	C9%
-	-	2.14	0.30	6.29	4.26	0.32
0	0	9.08	0.55	7.44	6.07	0.00
0	4	0.00	0.01	0.59	0.00	0.00
1	1	0.08	0.01	0.69	0.88	0.00
1	5	0.38	0.17	2.22	1.77	1.78
2	2	0.00	0.00	0.46	1.08	0.00
2	6	0.00	0.00	0.21	0.99	0.82
3	3	7.54	1.68	38.54	22.44	0.00
3	7	0.00	0.00	0.20	0.88	0.00
Core	CPU	C1%	C3%	C6%	C8%	C9%
-	-	2.40	0.32	6.74	7.66	0.00
0	0	9.40	0.74	9.20	4.38	0.00
0	4	0.00	0.00	0.80	1.01	0.00
1	1	0.00	0.00	0.65	0.09	0.00
1	5	0.03	0.23	1.20	0.73	0.00
2	2	0.00	0.00	0.44	1.09	0.00
2	6	0.01	0.21	1.25	29.26	0.00
3	3	9.78	1.37	39.96	23.60	0.00
3	7	0.00	0.00	0.40	1.09	0.00
Core	CPU	C1%	C3%	C6%	C8%	C9%
-	-	2.34	0.21	6.66	3.85	0.00
0	0	9.05	0.62	9.12	5.64	0.00
0	4	0.00	0.00	0.46	0.91	0.00
1	1	0.00	0.00	0.95	0.01	0.00
1	5	0.00	0.08	1.44	0.40	0.00
2	2	0.00	0.00	0.41	1.00	0.00
2	6	0.00	0.00	0.99	0.30	0.00
3	3	9.70	1.00	39.39	21.94	0.00
3	7	0.00	0.00	0.55	0.59	0.00
Core	CPU	C1%	C3%	C6%	C8%	C9%
-	-	2.65	0.39	6.48	4.68	0.00
0	0	11.85	0.54	7.09	8.32	0.00
0	4	0.00	0.00	0.00	0.60	0.00
1	1	0.00	0.00	1.21	1.40	0.00
1	5	0.00	0.17	1.47	2.18	0.00
2	2	0.00	0.00	0.41	1.79	0.00
2	6	0.00	0.00	0.22	0.99	0.00
3	3	9.35	2.41	41.07	21.49	0.00
3	7	0.00	0.00	0.38	0.69	0.00
Core	CPU	C1%	C3%	C6%	C8%	C9%
-	-	3.01	0.30	6.54	4.20	0.00
0	0	11.98	0.57	10.42	8.73	0.00
0	4	0.00	0.00	0.23	0.31	0.00
1	1	0.00	0.12	0.10	0.40	0.00
1	5	0.00	0.07	1.00	0.53	0.00
2	2	0.00	0.00	0.67	1.38	0.00
2	6	0.00	0.00	0.39	1.18	0.00
3	3	12.07	1.62	39.26	19.65	0.00
3	7	0.00	0.00	0.22	1.39	0.00
Core	CPU	C1%	C3%	C6%	C8%	C9%
-	-	0.01	0.45	9.23	3.02	2.09
0	0	0.01	3.43	69.76	20.14	0.00
0	4	0.00	0.00	0.56	0.38	16.72
1	1	0.00	0.00	0.35	0.89	0.00
1	5	0.00	0.13	1.42	0.92	0.00
2	2	0.00	0.02	0.39	0.50	0.00
2	6	0.00	0.00	0.33	0.60	0.00
3	3	0.08	0.00	0.59	0.20	0.00
3	7	0.00	0.00	0.43	0.51	0.00
Core	CPU	C1%	C3%	C6%	C8%	C9%
-	-	0.97	0.41	8.92	3.58	1.64
0	0	4.19	2.78	60.13	20.54	0.00
0	4	0.00	0.00	0.59	0.70	13.11
1	1	0.00	0.00	0.37	1.40	0.00
1	5	3.56	0.52	7.97	2.03	0.00
2	2	0.00	0.00	0.64	0.99	0.00
2	6	0.00	0.00	0.62	0.89	0.00
3	3	0.00	0.00	0.19	1.50	0.00
3	7	0.00	0.00	0.87	0.59	0.00
Core	CPU	C1%	C3%	C6%	C8%	C9%
-	-	0.00	0.29	8.52	3.92	0.00
0	0	0.00	2.25	64.50	26.78	0.00
0	4	0.00	0.02	0.50	0.00	0.00
1	1	0.00	0.00	0.30	0.70	0.00
1	5	0.00	0.03	1.14	0.40	0.00
2	2	0.00	0.00	0.35	1.09	0.00
2	6	0.00	0.00	0.73	0.50	0.00
3	3	0.00	0.00	0.42	0.90	0.00
3	7	0.00	0.00	0.20	0.99	0.00
Core	CPU	C1%	C3%	C6%	C8%	C9%
-	-	0.00	0.31	8.58	4.05	0.00
0	0	0.00	2.31	64.40	26.77	0.00
0	4	0.00	0.00	0.94	0.00	0.00
1	1	0.00	0.00	0.92	0.59	0.00
1	5	0.00	0.13	1.00	0.49	0.00
2	2	0.00	0.02	0.20	1.05	0.00
2	6	0.00	0.00	0.38	0.89	0.00
3	3	0.00	0.00	0.36	1.28	0.00
3	7	0.00	0.01	0.43	1.30	0.00
Core	CPU	C1%	C3%	C6%	C8%	C9%
-	-	0.02	0.38	8.67	3.91	0.93
0	0	0.05	2.07	64.79	26.24	0.00
0	4	0.00	0.02	0.94	0.80	5.09
1	1	0.00	0.01	0.25	1.39	0.00
1	5	0.11	0.31	1.03	0.01	0.00
2	2	0.01	0.62	0.00	0.03	2.31
2	6	0.00	0.02	0.36	1.59	0.00
3	3	0.00	0.02	1.15	0.60	0.00
3	7	0.00	0.00	0.84	0.60	0.00
Core	CPU	C1%	C3%	C6%	C8%	C9%
-	-	2.19	0.29	6.38	4.14	0.00
0	0	9.50	0.47	8.05	4.77	0.00
0	4	0.00	0.00	0.09	0.51	0.00
1	1	7.98	1.72	40.09	21.91	0.00
1	5	0.00	0.12	1.26	1.97	0.00
2	2	0.00	0.00	0.55	0.59	0.00
2	6	0.00	0.00	0.23	0.99	0.00
3	3	0.00	0.02	0.49	1.50	0.00
3	7	0.00	0.00	0.28	0.89	0.00
Core	CPU	C1%	C3%	C6%	C8%	C9%
-	-	0.00	0.29	8.60	3.97	0.75
0	0	0.00	2.25	65.47	25.80	0.00
0	4	0.00	0.00	0.43	0.30	5.18
1	1	0.00	0.00	0.19	0.90	0.00
1	5	0.00	0.09	1.24	0.49	0.80
2	2	0.00	0.00	0.37	1.29	0.00
2	6	0.00	0.00	0.44	0.89	0.00
3	3	0.00	0.00	0.33	1.09	0.00
3	7	0.00	0.02	0.29	0.99	0.00
Core	CPU	C1%	C3%	C6%	C8%	C9%
-	-	0.00	0.29	8.57	4.39	0.00
0	0	0.00	2.20	64.61	26.72	0.00
0	4	0.00	0.00	0.67	0.38	0.00
1	1	0.00	0.00	0.24	1.21	0.00
1	5	0.00	0.07	1.16	0.79	0.00
2	2	0.00	0.00	0.63	0.99	0.00
2	6	0.00	0.00	0.39	1.58	0.00
3	3	0.00	0.00	0.47	1.58	0.00
3	7	0.00	0.01	0.40	1.88	0.00
Core	CPU	C1%	C3%	C6%	C8%	C9%
-	-	2.07	0.37	7.00	5.15	0.13
0	0	8.41	0.91	11.40	14.14	0.11
0	4	0.00	0.00	0.76	0.61	0.00
1	1	8.18	1.94	41.28	21.08	0.00
1	5	0.00	0.09	1.12	1.48	0.96
2	2	0.00	0.00	0.31	1.00	0.00
2	6	0.00	0.01	0.46	1.10	0.00
3	3	0.00	0.00	0.20	1.08	0.00
3	7	0.00	0.00	0.47	0.70	0.00
Core	CPU	C1%	C3%	C6%	C8%	C9%
-	-	1.05	0.32	8.15	4.41	0.00
0	0	4.16	1.61	37.00	19.33	0.00
0	4	0.00	0.00	0.00	0.59	0.00
1	1	4.24	0.79	23.50	10.72	0.00
1	5	0.00	0.15	1.44	0.00	0.00
2	2	0.00	0.03	0.52	1.58	0.00
2	6	0.00	0.00	1.28	0.69	0.00
3	3	0.00	0.02	0.68	1.20	0.00
3	7	0.00	0.00	0.78	1.18	0.00
Core	CPU	C1%	C3%	C6%	C8%	C9%
-	-	0.00	0.29	8.58	4.22	0.00
0	0	0.00	2.07	64.28	27.14	0.00
0	4	0.00	0.02	0.61	0.00	0.00
1	1	0.00	0.10	0.89	0.70	0.00
1	5	0.00	0.10	1.26	0.60	0.00
2	2	0.00	0.00	0.37	1.19	0.00
2	6	0.00	0.00	0.54	1.39	0.00
3	3	0.00	0.00	0.43	1.49	0.00
3	7	0.00	0.02	0.29	1.29	0.00
Core	CPU	C1%	C3%	C6%	C8%	C9%
-	-	0.00	0.28	8.62	4.13	0.00
0	0	0.00	2.20	64.85	26.45	0.00
0	4	0.00	0.00	0.74	0.00	0.00
1	1	0.00	0.00	0.63	0.70	0.00
1	5	0.00	0.07	1.24	0.79	0.00
2	2	0.00	0.00	0.69	1.25	0.00
2	6	0.00	0.00	0.19	1.08	0.00
3	3	0.00	0.00	0.41	1.57	0.00
3	7	0.00	0.00	0.24	1.18	0.00
Core	CPU	C1%	C3%	C6%	C8%	C9%
-	-	3.15	0.35	6.45	4.27	0.05
0	0	13.58	0.54	6.96	10.61	0.00
0	4	0.00	0.00	0.86	0.40	0.00
1	1	11.63	2.18	41.42	19.21	0.00
1	5	0.00	0.08	1.06	0.39	0.39
2	2	0.00	0.02	0.29	0.82	0.00
2	6	0.00	0.00	0.18	1.00	0.00
3	3	0.00	0.00	0.28	0.89	0.00
3	7	0.00	0.00	0.56	0.88	0.00
Core	CPU	C1%	C3%	C6%	C8%	C9%
-	-	2.54	0.35	6.98	3.73	0.00
0	0	9.62	1.04	14.05	6.46	0.00
0	4	0.00	0.00	0.09	0.50	0.00
1	1	10.73	1.62	39.29	17.95	0.00
1	5	0.00	0.12	1.24	1.19	0.00
2	2	0.00	0.00	0.34	1.19	0.00
2	6	0.00	0.00	0.24	0.89	0.00
3	3	0.00	0.04	0.29	0.79	0.00
3	7	0.00	0.00	0.29	0.88	0.00
Core	CPU	C1%	C3%	C6%	C8%	C9%
-	-	0.00	0.31	8.65	3.85	1.37
0	0	0.00	2.41	65.50	25.65	0.00
0	4	0.00	0.00	0.72	0.00	7.56
1	1	0.00	0.00	0.60	0.49	0.00
1	5	0.00	0.00	1.21	0.59	0.00
2	2	0.00	0.07	0.37	0.89	3.44
2	6	0.00	0.00	0.45	0.89	0.00
3	3	0.00	0.00	0.24	1.19	0.00
3	7	0.00	0.03	0.10	1.08	0.00
Core	CPU	C1%	C3%	C6%	C8%	C9%
-	-	0.00	0.26	8.55	4.26	0.00
0	0	0.00	2.02	64.57	26.95	0.00
0	4	0.00	0.00	0.95	0.10	0.00
1	1	0.00	0.00	0.30	1.38	0.00
1	5	0.00	0.06	0.89	0.70	0.00
2	2	0.00	0.00	0.70	0.83	0.00
2	6	0.00	0.00	0.29	1.28	0.00
3	3	0.00	0.00	0.43	1.88	0.00
3	7	0.00	0.00	0.25	0.98	0.00
Core	CPU	C1%	C3%	C6%	C8%	C9%
-	-	0.00	0.31	8.92	4.05	1.11
0	0	0.00	2.42	65.23	25.26	0.00
0	4	0.00	0.00	0.87	0.11	7.94
1	1	0.00	0.00	0.66	0.89	0.00
1	5	0.00	0.08	0.97	0.79	0.00
2	2	0.00	0.00	1.02	1.10	0.00
2	6	0.00	0.02	1.11	0.89	0.91
3	3	0.00	0.00	1.15	1.98	0.00
3	7	0.00	0.00	0.37	1.39	0.00
Core	CPU	C1%	C3%	C6%	C8%	C9%
-	-	0.00	0.26	8.40	4.17	0.00
0	0	0.00	2.01	64.43	27.00	0.00
0	4	0.00	0.02	0.60	0.10	0.00
1	1	0.00	0.00	0.12	0.89	0.00
1	5	0.00	0.07	0.87	0.59	0.00
2	2	0.00	0.00	0.36	1.38	0.00
2	6	0.00	0.00	0.15	1.28	0.00
3	3	0.00	0.00	0.51	1.09	0.00
3	7	0.00	0.00	0.20	1.00	0.00
Core	CPU	C1%	C3%	C6%	C8%	C9%
-	-	2.52	0.27	6.37	8.34	0.01
0	0	10.24	0.48	7.15	9.96	0.11
0	4	0.00	0.00	0.82	0.61	0.00
1	1	9.93	1.38	40.04	23.32	0.00
1	5	0.00	0.09	0.90	0.44	0.00
2	2	0.00	0.00	0.28	1.09	0.00
2	6	0.01	0.16	1.24	29.06	0.00
3	3	0.00	0.00	0.36	1.08	0.00
3	7	0.00	0.00	0.13	1.18	0.00
Core	CPU	C1%	C3%	C6%	C8%	C9%
-	-	2.33	0.34	7.46	5.40	0.44
0	0	9.47	0.84	12.99	18.20	0.00
0	4	0.00	0.00	0.37	0.70	0.00
1	1	9.17	1.85	43.29	20.19	0.00
1	5	0.00	0.04	1.14	0.71	0.00
2	2	0.01	0.02	0.29	0.89	3.53
2	6	0.00	0.00	0.79	0.50	0.00
3	3	0.00	0.00	0.38	1.49	0.00
3	7	0.00	0.00	0.45	0.51	0.00
Core	CPU	C1%	C3%	C6%	C8%	C9%
-	-	2.22	0.34	6.46	4.91	0.00
0	0	9.06	0.62	9.43	11.44	0.00
0	4	0.00	0.00	0.09	0.40	0.00
1	1	8.70	1.95	39.08	21.54	0.00
1	5	0.00	0.10	1.35	0.50	0.00
2	2	0.00	0.00	0.35	1.38	0.00
2	6	0.00	0.00	0.47	1.48	0.00
3	3	0.00	0.02	0.58	1.30	0.00
3	7	0.00	0.00	0.32	1.20	0.00
Core	CPU	C1%	C3%	C6%	C8%	C9%
-	-	0.00	0.32	8.66	3.86	0.00
0	0	0.03	2.39	65.67	25.15	0.00
0	4	0.00	0.00	0.15	0.40	0.00
1	1	0.00	0.00	0.52	1.32	0.00
1	5	0.00	0.17	0.94	0.10	0.00
2	2	0.00	0.00	0.20	0.70	0.00
2	6	0.00	0.00	0.37	0.61	0.00
3	3	0.00	0.00	0.84	1.47	0.00
3	7	0.00	0.00	0.63	1.18	0.00
Core	CPU	C1%	C3%	C6%	C8%	C9%
-	-	2.41	0.26	6.04	4.10	0.00
0	0	10.19	0.60	5.96	5.31	0.00
0	4	0.00	0.00	0.46	0.90	0.00
1	1	9.06	1.35	39.20	23.10	0.00
1	5	0.00	0.12	1.19	0.01	0.00
2	2	0.00	0.02	0.29	0.90	0.00
2	6	0.00	0.00	0.47	0.90	0.00
3	3	0.00	0.00	0.29	0.99	0.00
3	7	0.00	0.00	0.47	0.69	0.00
Core	CPU	C1%	C3%	C6%	C8%	C9%
-	-	0.00	0.31	8.52	4.47	0.00
0	0	0.00	2.32	63.99	27.13	0.00
0	4	0.00	0.00	0.50	0.00	0.00
1	1	0.00	0.00	0.55	2.24	0.00
1	5	0.00	0.04	1.40	2.15	0.00
2	2	0.00	0.00	0.53	0.99	0.00
2	6	0.00	0.00	0.63	0.99	0.00
3	3	0.00	0.12	0.20	0.80	0.00
3	7	0.00	0.00	0.36	1.50	0.00
Core	CPU	C1%	C3%	C6%	C8%	C9%
-	-	0.00	0.30	8.72	4.16	1.50
0	0	0.00	2.32	66.11	25.11	0.00
0	4	0.00	0.00	0.82	0.21	12.02
1	1	0.00	0.00	0.41	1.10	0.00
1	5	0.00	0.04	0.66	2.83	0.00
2	2	0.00	0.00	0.28	0.79	0.00
2	6	0.00	0.00	0.35	0.89	0.00
3	3	0.00	0.00	0.14	0.99	0.00
3	7	0.00	0.03	0.95	1.41	0.00
Core	CPU	C1%	C3%	C6%	C8%	C9%
-	-	0.05	0.28	8.73	4.16	0.20
0	0	0.15	2.19	63.73	26.86	0.00
0	4	0.27	0.00	1.11	0.31	0.00
1	1	0.00	0.05	2.00	1.26	0.00
1	5	0.00	0.00	0.39	1.09	1.61
2	2	0.00	0.01	0.93	0.92	0.00
2	6	0.00	0.00	0.54	1.29	0.00
3	3	0.00	0.00	0.28	0.99	0.00
3	7	0.00	0.00	0.86	0.57	0.00
Core	CPU	C1%	C3%	C6%	C8%	C9%
-	-	1.82	0.38	8.02	4.35	0.14
0	0	8.09	1.84	42.61	24.38	0.00
0	4	0.00	0.02	0.59	0.40	0.39
1	1	6.48	1.18	17.93	5.68	0.00
1	5	0.00	0.02	1.15	0.96	0.70
2	2	0.00	0.00	0.73	0.79	0.00
2	6	0.00	0.00	0.71	1.09	0.00
3	3	0.00	0.00	0.19	0.70	0.00
3	7	0.00	0.00	0.29	0.79	0.00
Core	CPU	C1%	C3%	C6%	C8%	C9%
-	-	0.07	0.27	8.52	4.31	0.31
0	0	0.35	2.03	62.16	26.90	0.00
0	4	0.00	0.00	0.62	0.29	2.49
1	1	0.18	0.10	3.04	2.56	0.00
1	5	0.00	0.00	0.79	0.39	0.00
2	2	0.00	0.00	0.33	1.18	0.00
2	6	0.00	0.00	0.35	0.89	0.00
3	3	0.00	0.00	0.42	1.00	0.00
3	7	0.00	0.00	0.47	1.29	0.00
Core	CPU	C1%	C3%	C6%	C8%	C9%
-	-	1.55	0.32	7.87	4.37	0.12
0	0	6.70	1.86	49.37	26.88	0.00
0	4	0.00	0.00	0.45	0.69	0.00
1	1	5.73	0.64	11.17	3.40	0.00
1	5	0.00	0.04	0.44	0.40	0.93
2	2	0.00	0.00	0.79	0.60	0.00
2	6	0.00	0.01	0.36	0.98	0.00
3	3	0.00	0.00	0.27	0.99	0.00
3	7	0.00	0.00	0.15	0.99	0.00
Core	CPU	C1%	C3%	C6%	C8%	C9%
-	-	0.00	0.33	8.98	4.06	2.49
0	0	0.00	2.52	65.87	25.15	0.00
0	4	0.00	0.03	1.55	0.61	19.94
1	1	0.00	0.00	0.39	1.58	0.00
1	5	0.00	0.08	1.36	0.59	0.00
2	2	0.00	0.02	0.48	1.09	0.00
2	6	0.00	0.02	0.99	0.79	0.00
3	3	0.00	0.00	0.30	1.48	0.00
3	7	0.00	0.00	0.87	1.18	0.00
Core	CPU	C1%	C3%	C6%	C8%	C9%
-	-	2.19	0.24	6.23	3.84	0.00
0	0	9.38	0.51	5.59	5.47	0.00
0	4	0.00	0.00	0.49	0.10	0.00
1	1	8.15	1.25	41.74	21.35	0.00
1	5	0.00	0.12	1.20	0.20	0.01
2	2	0.00	0.00	0.15	0.99	0.00
2	6	0.00	0.00	0.27	0.69	0.00
3	3	0.00	0.02	0.20	0.99	0.00
3	7	0.00	0.00	0.20	0.89	0.00
Core	CPU	C1%	C3%	C6%	C8%	C9%
-	-	3.18	0.40	6.91	3.78	0.00
0	0	13.36	1.00	10.26	6.68	0.00
0	4	0.00	0.00	0.23	0.30	0.00
1	1	12.05	2.08	42.67	17.77	0.00
1	5	0.00	0.08	1.04	1.67	0.00
2	2	0.00	0.00	0.18	0.99	0.00
2	6	0.00	0.00	0.43	0.79	0.00
3	3	0.00	0.00	0.25	1.08	0.00
3	7	0.00	0.02	0.20	0.99	0.00
Core	CPU	C1%	C3%	C6%	C8%	C9%
-	-	2.66	0.29	6.64	3.79	0.46
0	0	10.90	0.73	9.13	5.97	0.00
0	4	0.00	0.00	0.46	0.50	0.00
1	1	10.37	1.41	41.76	21.23	0.00
1	5	0.00	0.15	0.70	0.50	3.72
2	2	0.00	0.01	0.29	0.21	0.00
2	6	0.00	0.00	0.00	0.40	0.00
3	3	0.00	0.00	0.38	0.69	0.00
3	7	0.00	0.00	0.41	0.86	0.00
Core	CPU	C1%	C3%	C6%	C8%	C9%
-	-	2.80	0.29	6.86	4.23	0.14
0	0	11.19	0.62	8.82	7.67	0.00
0	4	0.00	0.00	0.38	1.59	0.00
1	1	11.17	1.61	42.63	18.20	0.00
1	5	0.00	0.10	1.58	1.18	1.09
2	2	0.00	0.00	0.39	1.48	0.00
2	6	0.00	0.00	0.24	1.23	0.00
3	3	0.00	0.02	0.39	1.10	0.00
3	7	0.00	0.00	0.49	1.38	0.00
Core	CPU	C1%	C3%	C6%	C8%	C9%
-	-	0.00	0.29	8.65	4.24	0.00
0	0	0.02	2.28	64.56	26.67	0.00
0	4	0.00	0.00	0.53	0.21	0.00
1	1	0.00	0.01	0.48	1.67	0.00
1	5	0.00	0.04	1.04	0.11	0.00
2	2	0.00	0.00	0.38	1.28	0.00
2	6	0.00	0.00	1.24	1.18	0.00
3	3	0.00	0.00	0.64	1.48	0.00
3	7	0.00	0.00	0.32	1.29	0.00
Core	CPU	C1%	C3%	C6%	C8%	C9%
-	-	0.00	0.34	8.43	3.70	1.28
0	0	0.00	2.29	65.02	26.24	0.00
0	4	0.00	0.00	0.56	0.20	10.21
1	1	0.00	0.00	0.15	0.39	0.00
1	5	0.00	0.00	1.02	0.09	0.00
2	2	0.01	0.31	0.07	0.00	0.00
2	6	0.00	0.00	0.00	0.49	0.00
3	3	0.00	0.00	0.38	1.08	0.00
3	7	0.00	0.14	0.25	1.08	0.00
Core	CPU	C1%	C3%	C6%	C8%	C9%
-	-	0.00	0.27	8.37	4.05	0.00
0	0	0.00	2.16	64.14	27.22	0.00
0	4	0.00	0.00	0.60	0.10	0.00
1	1	0.00	0.00	0.30	0.80	0.00
1	5	0.00	0.00	0.96	0.67	0.00
2	2	0.00	0.00	0.15	1.08	0.00
2	6	0.00	0.00	0.32	1.08	0.00
3	3	0.00	0.00	0.20	0.69	0.00
3	7	0.00	0.00	0.29	0.80	0.00
Core	CPU	C1%	C3%	C6%	C8%	C9%
-	-	2.56	0.33	6.26	3.86	0.00
0	0	10.45	0.62	6.29	5.83	0.01
0	4	0.00	0.00	0.59	0.38	0.00
1	1	10.01	1.86	41.14	20.34	0.00
1	5	0.00	0.15	0.52	0.00	0.00
2	2	0.00	0.00	0.37	0.98	0.00
2	6	0.00	0.00	0.79	0.99	0.00
3	3	0.00	0.00	0.24	1.09	0.00
3	7	0.00	0.00	0.10	1.29	0.00
Core	CPU	C1%	C3%	C6%	C8%	C9%
-	-	2.58	0.31	6.34	4.17	0.11
0	0	9.87	0.70	8.40	6.28	0.00
0	4	0.00	0.00	0.34	0.30	0.00
1	1	10.78	1.64	39.81	21.74	0.00
1	5	0.00	0.10	1.04	0.79	0.91
2	2	0.00	0.00	0.10	1.00	0.00
2	6	0.00	0.03	0.44	1.44	0.00
3	3	0.00	0.00	0.36	0.79	0.00
3	7	0.00	0.00	0.24	0.99	0.00
Core	CPU	C1%	C3%	C6%	C8%	C9%
-	-	3.08	0.33	7.11	8.37	0.00
0	0	11.71	0.60	11.21	15.66	0.02
0	4	0.00	0.00	0.29	0.90	0.00
1	1	12.91	1.75	42.24	20.37	0.00
1	5	0.00	0.14	1.00	0.49	0.00
2	2	0.00	0.00	0.24	0.89	0.00
2	6	0.01	0.16	1.47	26.83	0.00
3	3	0.00	0.00	0.10	0.99	0.00
3	7	0.00	0.00	0.38	0.79	0.00
Core	CPU	C1%	C3%	C6%	C8%	C9%
-	-	4.01	0.50	7.06	5.39	0.00
0	0	17.81	0.67	9.09	21.46	0.00
0	4	0.00	0.00	0.21	1.09	0.00
1	1	14.25	1.84	42.37	18.02	0.00
1	5	0.00	0.11	1.60	0.79	0.00
2	2	0.00	1.39	0.15	0.00	0.00
2	6	0.00	0.00	1.12	0.60	0.00
3	3	0.00	0.00	0.92	0.59	0.00
3	7	0.00	0.01	0.99	0.60	0.00
Core	CPU	C1%	C3%	C6%	C8%	C9%
-	-	2.91	0.29	6.74	3.77	0.00
0	0	11.07	0.73	7.98	8.01	0.00
0	4	0.00	0.00	0.67	0.99	0.00
1	1	12.24	1.45	42.70	18.50	0.00
1	5	0.00	0.15	0.86	0.10	0.00
2	2	0.00	0.00	0.69	0.00	0.00
2	6	0.00	0.00	0.29	0.89	0.00
3	3	0.00	0.00	0.37	0.88	0.00
3	7	0.00	0.00	0.34	0.79	0.00
Core	CPU	C1%	C3%	C6%	C8%	C9%
-	-	3.21	0.37	6.57	4.08	0.39
0	0	13.80	0.36	6.01	9.63	0.00
0	4	0.00	0.00	0.28	0.90	0.00
1	1	0.52	0.34	2.69	1.91	3.09
1	5	11.34	2.30	41.37	17.72	0.00
2	2	0.00	0.00	0.82	0.40	0.00
2	6	0.00	0.00	0.78	0.41	0.00
3	3	0.00	0.00	0.26	1.01	0.00
3	7	0.00	0.00	0.37	0.70	0.00
Core	CPU	C1%	C3%	C6%	C8%	C9%
-	-	3.14	0.36	6.99	4.21	0.12
0	0	12.69	0.75	10.33	7.61	0.00
0	4	0.00	0.01	0.49	0.10	0.00
1	1	0.00	0.11	1.50	2.46	0.95
1	5	12.40	1.97	41.86	19.36	0.00
2	2	0.00	0.00	0.72	2.18	0.00
2	6	0.00	0.00	0.14	0.99	0.00
3	3	0.00	0.02	0.59	0.29	0.00
3	7	0.00	0.00	0.29	0.69	0.00
Core	CPU	C1%	C3%	C6%	C8%	C9%
-	-	1.93	0.22	6.21	3.89	0.00
0	0	7.58	0.65	7.27	3.50	0.00
0	4	0.00	0.00	0.23	0.40	0.00
1	1	0.00	0.15	0.92	0.13	0.00
1	5	7.90	1.01	39.89	23.27	0.00
2	2	0.00	0.00	0.28	0.99	0.00
2	6	0.00	0.00	0.46	1.08	0.00
3	3	0.00	0.00	0.25	0.89	0.00
3	7	0.00	0.00	0.35	0.89	0.00
Core	CPU	C1%	C3%	C6%	C8%	C9%
-	-	2.09	0.25	6.36	3.97	0.00
0	0	8.92	0.84	7.89	4.37	0.00
0	4	0.00	0.00	0.53	1.20	0.00
1	1	0.00	0.13	1.01	0.80	0.00
1	5	7.81	1.00	40.82	21.83	0.00
2	2	0.00	0.00	0.10	0.59	0.00
2	6	0.00	0.00	0.20	0.99	0.00
3	3	0.00	0.00	0.28	0.98	0.00
3	7	0.00	0.05	0.10	0.99	0.00
Core	CPU	C1%	C3%	C6%	C8%	C9%
-	-	4.83	0.39	6.25	5.00	0.00
0	0	20.17	0.40	5.52	18.44	0.00
0	4	0.00	0.00	0.29	0.89	0.00
1	1	18.40	2.70	42.56	15.43	0.00
1	5	0.04	0.02	0.45	0.89	0.00
2	2	0.00	0.00	0.32	0.90	0.00
2	6	0.00	0.02	0.28	1.68	0.00
3	3	0.00	0.00	0.19	0.99	0.00
3	7	0.00	0.00	0.38	0.79	0.00
Core	CPU	C1%	C3%	C6%	C8%	C9%
-	-	2.48	0.38	7.03	4.74	0.01
0	0	10.39	0.96	12.16	11.47	0.04
0	4	0.00	0.02	0.09	0.60	0.00
1	1	9.47	1.94	41.31	21.19	0.00
1	5	0.00	0.08	1.17	0.89	0.00
2	2	0.00	0.00	0.36	0.79	0.00
2	6	0.00	0.00	0.24	0.99	0.00
3	3	0.00	0.00	0.78	1.03	0.00
3	7	0.00	0.00	0.10	0.99	0.00
Core	CPU	C1%	C3%	C6%	C8%	C9%
-	-	0.00	0.32	8.60	4.14	0.28
0	0	0.00	2.32	64.50	26.59	0.00
0	4	0.00	0.00	0.44	0.10	2.27
1	1	0.00	0.12	0.79	0.89	0.00
1	5	0.00	0.11	1.51	1.22	0.00
2	2	0.00	0.00	0.38	1.48	0.00
2	6	0.00	0.00	0.37	0.89	0.00
3	3	0.00	0.00	0.54	0.99	0.00
3	7	0.00	0.00	0.24	0.98	0.00
Core	CPU	C1%	C3%	C6%	C8%	C9%
-	-	0.00	0.30	8.73	4.13	0.48
0	0	0.00	2.32	63.67	27.38	0.00
0	4	0.00	0.00	1.54	0.00	3.86
1	1	0.00	0.00	0.58	1.29	0.00
1	5	0.00	0.06	1.41	1.08	0.00
2	2	0.00	0.02	0.70	0.49	0.00
2	6	0.00	0.02	0.79	0.80	0.00
3	3	0.00	0.00	0.78	0.99	0.00
3	7	0.00	0.00	0.36	0.99	0.00
Core	CPU	C1%	C3%	C6%	C8%	C9%
-	-	4.09	0.56	6.09	4.82	0.00
0	0	17.19	0.46	4.71	14.68	0.03
0	4	0.00	0.00	0.49	0.60	0.00
1	1	0.00	0.01	0.57	1.85	0.00
1	5	15.51	4.01	40.95	17.31	0.00
2	2	0.01	0.00	0.25	1.18	0.00
2	6	0.00	0.03	1.08	0.50	0.00
3	3	0.00	0.00	0.20	1.19	0.00
3	7	0.00	0.00	0.48	1.28	0.00
Core	CPU	C1%	C3%	C6%	C8%	C9%
-	-	0.76	0.28	8.32	4.07	0.00
0	0	3.23	1.82	57.96	25.24	0.00
0	4	0.00	0.00	0.23	0.30	0.00
1	1	2.88	0.33	6.92	2.10	0.00
1	5	0.00	0.10	0.17	1.07	0.00
2	2	0.00	0.00	0.37	0.79	0.00
2	6	0.00	0.00	0.35	0.90	0.00
3	3	0.00	0.00	0.33	1.09	0.00
3	7	0.00	0.00	0.19	1.09	0.00
Core	CPU	C1%	C3%	C6%	C8%	C9%
-	-	0.00	0.31	8.74	3.93	0.20
0	0	0.00	2.40	64.76	26.37	0.00
0	4	0.00	0.00	0.85	0.00	1.58
1	1	0.00	0.02	1.65	0.32	0.00
1	5	0.00	0.01	0.55	0.09	0.00
2	2	0.00	0.00	0.20	1.18	0.00
2	6	0.00	0.00	0.37	1.09	0.00
3	3	0.00	0.00	0.82	1.29	0.00
3	7	0.00	0.00	0.74	1.08	0.00
Core	CPU	C1%	C3%	C6%	C8%	C9%
-	-	2.33	0.47	7.39	4.05	0.00
0	0	9.71	1.26	31.89	16.89	0.00
0	4	0.00	0.03	1.35	0.51	0.00
1	1	8.92	2.50	24.20	9.36	0.00
1	5	0.00	0.00	0.43	1.27	0.00
2	2	0.00	0.00	0.39	1.19	0.00
2	6	0.00	0.00	0.20	1.19	0.00
3	3	0.00	0.00	0.29	1.08	0.00
3	7	0.00	0.00	0.36	0.89	0.00
Core	CPU	C1%	C3%	C6%	C8%	C9%
-	-	0.00	0.28	8.76	4.29	0.00
0	0	0.00	2.16	64.26	27.07	0.00
0	4	0.00	0.00	0.40	0.70	0.00
1	1	0.00	0.03	1.49	0.78	0.00
1	5	0.00	0.00	1.16	0.89	0.00
2	2	0.00	0.00	0.35	1.29	0.00
2	6	0.00	0.00	0.42	1.39	0.00
3	3	0.00	0.01	1.08	0.90	0.00
3	7	0.00	0.00	0.98	1.29	0.00
Core	CPU	C1%	C3%	C6%	C8%	C9%
-	-	0.00	0.29	8.74	3.87	1.59
0	0	0.00	2.27	66.83	24.44	0.00
0	4	0.00	0.00	0.32	0.21	9.18
1	1	0.00	0.02	1.08	0.58	0.00
1	5	0.00	0.02	0.38	1.19	0.00
2	2	0.00	0.00	0.27	1.28	3.53
2	6	0.00	0.00	0.45	1.10	0.00
3	3	0.00	0.00	0.34	0.99	0.00
3	7	0.00	0.02	0.28	1.19	0.00
Core	CPU	C1%	C3%	C6%	C8%	C9%
-	-	0.00	0.28	8.67	4.38	0.00
0	0	0.00	2.23	63.88	27.44	0.00
0	4	0.00	0.00	1.33	0.21	0.00
1	1	0.00	0.02	1.21	0.81	0.00
1	5	0.00	0.01	0.60	0.89	0.00
2	2	0.00	0.00	0.29	1.58	0.00
2	6	0.00	0.00	0.86	1.38	0.00
3	3	0.00	0.00	0.46	1.38	0.00
3	7	0.00	0.00	0.73	1.38	0.00
Core	CPU	C1%	C3%	C6%	C8%	C9%
-	-	3.86	0.68	6.98	5.04	0.01
0	0	15.80	1.33	12.24	18.28	0.05
0	4	0.00	0.00	0.56	1.28	0.00
1	1	15.08	4.07	41.71	15.81	0.00
1	5	0.00	0.00	0.23	1.09	0.00
2	2	0.00	0.01	0.29	1.04	0.00
2	6	0.00	0.00	0.20	0.99	0.00
3	3	0.00	0.00	0.29	0.88	0.00
3	7	0.00	0.00	0.35	0.98	0.00
Core	CPU	C1%	C3%	C6%	C8%	C9%
-	-	2.80	0.48	6.87	5.39	0.13
0	0	11.24	1.10	11.14	17.36	0.00
0	4	0.00	0.00	0.27	0.90	0.00
1	1	0.05	0.02	1.22	0.60	0.00
1	5	0.00	0.03	0.90	1.28	1.00
2	2	11.11	2.68	40.41	20.50	0.00
2	6	0.00	0.00	0.48	0.80	0.00
3	3	0.00	0.00	0.19	0.89	0.00
3	7	0.00	0.00	0.37	0.79	0.00
Core	CPU	C1%	C3%	C6%	C8%	C9%
-	-	0.01	0.31	8.69	4.19	0.13
0	0	0.00	2.37	64.22	26.91	0.00
0	4	0.00	0.02	0.66	0.89	0.00
1	1	0.00	0.00	1.01	0.58	0.00
1	5	0.07	0.00	0.96	0.79	1.00
2	2	0.00	0.00	0.52	1.19	0.00
2	6	0.00	0.00	0.94	1.28	0.00
3	3	0.00	0.11	0.53	0.69	0.00
3	7	0.00	0.00	0.69	1.19	0.00
Core	CPU	C1%	C3%	C6%	C8%	C9%
-	-	3.41	0.45	6.40	7.86	0.00
0	0	13.97	0.44	5.41	10.89	0.00
0	4	0.00	0.00	0.92	0.81	0.00
1	1	0.00	0.01	1.34	0.91	0.00
1	5	0.00	0.00	0.09	0.40	0.00
2	2	13.31	2.66	41.35	17.58	0.00
2	6	0.01	0.14	1.49	29.51	0.00
3	3	0.00	0.00	0.25	1.39	0.00
3	7	0.00	0.33	0.33	1.38	0.00
Core	CPU	C1%	C3%	C6%	C8%	C9%
-	-	3.37	0.44	6.67	4.24	0.00
0	0	14.50	0.60	8.91	8.21	0.00
0	4	0.00	0.00	0.45	1.27	0.00
1	1	0.00	0.04	1.29	0.88	0.00
1	5	0.00	0.00	0.66	1.09	0.00
2	2	12.47	2.84	40.57	20.18	0.00
2	6	0.00	0.00	0.79	0.79	0.00
3	3	0.00	0.00	0.28	0.89	0.00
3	7	0.00	0.00	0.45	0.59	0.00
Core	CPU	C1%	C3%	C6%	C8%	C9%
-	-	1.20	0.30	7.86	4.73	0.24
0	0	4.88	1.50	36.47	19.07	0.11
0	4	0.00	0.00	0.49	0.00	1.79
1	1	0.00	0.00	1.60	1.67	0.00
1	5	0.00	0.00	0.75	1.77	0.00
2	2	2.72	0.55	7.59	2.53	0.00
2	6	0.00	0.00	0.69	0.71	0.00
3	3	1.98	0.32	14.57	10.91	0.00
3	7	0.00	0.00	0.76	1.18	0.00
Core	CPU	C1%	C3%	C6%	C8%	C9%
-	-	0.00	0.27	8.49	4.02	0.85
0	0	0.00	2.08	64.79	26.70	0.00
0	4	0.00	0.00	0.82	0.00	6.78
1	1	0.00	0.04	0.91	0.85	0.00
1	5	0.00	0.01	0.24	0.20	0.00
2	2	0.00	0.00	0.27	1.10	0.00
2	6	0.00	0.00	0.45	0.99	0.00
3	3	0.00	0.00	0.22	1.01	0.00
3	7	0.00	0.00	0.19	1.30	0.00
Core	CPU	C1%	C3%	C6%	C8%	C9%
-	-	0.00	0.26	8.70	4.05	0.00
0	0	0.00	2.08	64.70	26.69	0.00
0	4	0.00	0.00	0.94	0.00	0.00
1	1	0.00	0.03	1.20	0.69	0.00
1	5	0.00	0.00	0.50	0.10	0.00
2	2	0.00	0.00	0.94	1.39	0.00
2	6	0.00	0.00	0.37	1.18	0.00
3	3	0.00	0.00	0.55	1.18	0.00
3	7	0.00	0.00	0.43	1.18	0.00
Core	CPU	C1%	C3%	C6%	C8%	C9%
-	-	2.91	0.44	6.21	4.22	0.00
0	0	12.59	0.70	7.61	7.18	0.00
0	4	0.00	0.00	1.10	0.00	0.00
1	1	0.00	0.06	0.81	1.38	0.00
1	5	0.00	0.00	0.04	0.49	0.00
2	2	10.69	2.77	39.28	21.42	0.00
2	6	0.00	0.00	0.20	1.52	0.00
3	3	0.00	0.00	0.27	0.89	0.00
3	7	0.00	0.00	0.35	0.88	0.00
Core	CPU	C1%	C3%	C6%	C8%	C9%
-	-	3.30	0.56	7.00	4.68	0.00
0	0	14.01	1.96	11.61	15.30	0.00
0	4	0.00	0.00	0.57	0.57	0.00
1	1	0.00	0.02	1.04	0.57	0.00
1	5	0.00	0.00	0.83	0.48	0.00
2	2	12.39	2.47	41.42	19.20	0.01
2	6	0.00	0.00	0.50	0.77	0.00
3	3	0.00	0.00	0.00	0.58	0.00
3	7	0.00	0.02	0.00	0.00	0.00
Core	CPU	C1%	C3%	C6%	C8%	C9%
-	-	4.13	0.53	6.67	4.62	0.00
0	0	16.58	0.83	9.95	15.21	0.00
0	4	0.00	0.00	0.45	0.40	0.00
1	1	0.00	0.02	0.55	0.79	0.00
1	5	0.00	0.02	0.35	0.88	0.00
2	2	16.43	3.40	41.05	17.06	0.00
2	6	0.00	0.00	0.28	0.98	0.00
3	3	0.00	0.00	0.47	0.79	0.00
3	7	0.00	0.00	0.24	0.89	0.00
Core	CPU	C1%	C3%	C6%	C8%	C9%
-	-	0.98	0.41	8.28	4.40	0.00
0	0	3.74	2.04	51.56	24.61	0.00
0	4	0.00	0.00	0.48	0.41	0.00
1	1	0.00	0.00	1.32	1.38	0.00
1	5	0.00	0.00	0.34	0.89	0.00
2	2	3.99	1.21	10.10	5.31	0.00
2	6	0.10	0.01	1.76	0.75	0.00
3	3	0.00	0.00	0.30	1.09	0.00
3	7	0.00	0.00	0.38	0.79	0.00
Core	CPU	C1%	C3%	C6%	C8%	C9%
-	-	0.00	0.29	8.71	4.51	0.00
0	0	0.00	2.28	64.37	26.85	0.00
0	4	0.00	0.02	1.38	0.21	0.00
1	1	0.00	0.00	1.41	0.99	0.00
1	5	0.00	0.00	1.16	1.29	0.00
2	2	0.00	0.00	0.26	1.78	0.00
2	6	0.00	0.00	0.35	1.78	0.00
3	3	0.00	0.00	0.42	1.48	0.00
3	7	0.00	0.00	0.30	1.68	0.00
Core	CPU	C1%	C3%	C6%	C8%	C9%
-	-	0.00	0.29	8.81	4.24	0.00
0	0	0.00	2.27	64.29	26.87	0.00
0	4	0.00	0.00	1.33	0.00	0.00
1	1	0.00	0.03	1.11	0.51	0.00
1	5	0.00	0.00	0.24	1.49	0.00
2	2	0.00	0.00	0.88	1.18	0.00
2	6	0.00	0.00	1.75	1.28	0.00
3	3	0.00	0.00	0.74	1.18	0.00
3	7	0.00	0.00	0.14	1.38	0.00
Core	CPU	C1%	C3%	C6%	C8%	C9%
-	-	0.00	0.36	8.51	3.89	1.31
0	0	0.00	2.46	65.22	25.87	0.00
0	4	0.00	0.00	0.87	0.00	10.46
1	1	0.00	0.01	0.74	1.28	0.00
1	5	0.00	0.00	0.24	1.18	0.00
2	2	0.00	0.40	0.20	0.04	0.00
2	6	0.00	0.00	0.09	1.09	0.00
3	3	0.00	0.00	0.43	0.89	0.00
3	7	0.00	0.00	0.26	0.79	0.00
Core	CPU	C1%	C3%	C6%	C8%	C9%
-	-	2.62	0.54	7.07	4.51	0.00
0	0	10.17	1.63	22.01	16.08	0.00
0	4	0.00	0.00	0.88	0.10	0.00
1	1	10.77	2.60	31.67	15.06	0.00
1	5	0.00	0.02	0.53	0.89	0.00
2	2	0.00	0.00	0.63	0.89	0.00
2	6	0.00	0.04	0.38	1.09	0.00
3	3	0.00	0.00	0.20	1.09	0.00
3	7	0.00	0.00	0.28	0.90	0.00
Core	CPU	C1%	C3%	C6%	C8%	C9%
-	-	1.24	0.41	8.23	5.00	0.08
0	0	5.16	1.90	41.51	22.10	0.00
0	4	0.00	0.02	0.83	1.81	0.00
1	1	4.80	1.24	20.48	8.65	0.00
1	5	0.00	0.12	1.02	2.20	0.67
2	2	0.00	0.00	0.46	1.39	0.00
2	6	0.00	0.00	0.94	0.89	0.00
3	3	0.00	0.00	0.32	1.49	0.00
3	7	0.00	0.00	0.29	1.49	0.00
Core	CPU	C1%	C3%	C6%	C8%	C9%
-	-	0.00	0.32	8.51	4.05	0.28
0	0	0.00	2.42	64.75	26.41	0.00
0	4	0.00	0.00	0.33	0.21	2.27
1	1	0.00	0.02	0.68	1.21	0.00
1	5	0.00	0.13	0.88	0.00	0.00
2	2	0.00	0.00	0.29	1.08	0.00
2	6	0.00	0.00	0.36	1.09	0.00
3	3	0.00	0.00	0.44	1.19	0.00
3	7	0.00	0.00	0.33	1.19	0.00
Core	CPU	C1%	C3%	C6%	C8%	C9%
-	-	4.24	0.48	7.35	5.21	1.22
0	0	18.56	0.96	12.54	19.76	0.00
0	4	0.00	0.00	0.86	0.51	0.00
1	1	15.29	2.66	42.89	17.24	0.00
1	5	0.00	0.12	0.90	0.60	9.73
2	2	0.00	0.12	0.19	0.99	0.00
2	6	0.00	0.00	0.10	1.09	0.00
3	3	0.00	0.00	0.48	0.79	0.00
3	7	0.04	0.00	0.81	0.69	0.00
Core	CPU	C1%	C3%	C6%	C8%	C9%
-	-	2.37	0.30	6.91	5.22	0.00
0	0	9.22	0.83	11.07	15.09	0.00
0	4	0.00	0.00	0.29	0.90	0.00
1	1	9.77	1.47	41.13	20.18	0.00
1	5	0.00	0.10	1.03	0.79	0.00
2	2	0.00	0.00	0.24	1.19	0.00
2	6	0.00	0.00	0.48	1.39	0.00
3	3	0.00	0.00	0.39	1.40	0.00
3	7	0.00	0.00	0.68	0.80	0.00
Core	CPU	C1%	C3%	C6%	C8%	C9%
-	-	2.34	0.30	6.88	4.05	0.00
0	0	9.84	0.69	8.85	9.58	0.00
0	4	0.00	0.00	0.66	0.60	0.00
1	1	8.86	1.54	42.17	19.84	0.00
1	5	0.00	0.09	1.02	0.10	0.00
2	2	0.00	0.00	0.28	0.89	0.00
2	6	0.00	0.00	0.37	0.79	0.00
3	3	0.00	0.04	0.90	0.30	0.00
3	7	0.00	0.02	0.79	0.29	0.00
Core	CPU	C1%	C3%	C6%	C8%	C9%
-	-	2.57	0.32	6.36	4.40	0.00
0	0	10.36	0.77	7.64	9.44	0.00
0	4	0.00	0.00	0.27	0.69	0.00
1	1	10.18	1.59	40.55	21.38	0.00
1	5	0.00	0.17	1.15	1.08	0.00
2	2	0.00	0.01	0.19	0.21	0.00
2	6	0.00	0.00	0.18	0.99	0.00
3	3	0.00	0.00	0.37	0.90	0.00
3	7	0.00	0.00	0.55	0.50	0.00
Core	CPU	C1%	C3%	C6%	C8%	C9%
-	-	3.43	0.40	6.63	4.06	0.08
0	0	14.42	1.08	9.66	9.77	0.00
0	4	0.00	0.00	0.09	0.40	0.00
1	1	13.06	2.02	40.55	17.66	0.00
1	5	0.00	0.10	1.26	1.18	0.61
2	2	0.00	0.00	0.24	0.99	0.00
2	6	0.00	0.00	0.23	0.89	0.00
3	3	0.00	0.01	0.68	0.79	0.00
3	7	0.00	0.00	0.29	0.79	0.00
Core	CPU	C1%	C3%	C6%	C8%	C9%
-	-	2.29	0.33	6.54	3.74	0.13
0	0	9.32	0.98	9.10	5.18	0.01
0	4	0.00	0.00	0.31	0.21	0.00
1	1	9.03	1.50	41.08	20.78	0.00
1	5	0.00	0.13	0.76	0.44	1.05
2	2	0.00	0.00	0.38	0.49	0.00
2	6	0.00	0.00	0.36	0.99	0.00
3	3	0.00	0.00	0.25	0.89	0.00
3	7	0.00	0.00	0.13	0.99	0.00
Core	CPU	C1%	C3%	C6%	C8%	C9%
-	-	2.90	0.41	6.97	4.08	0.00
0	0	11.88	0.49	9.29	6.48	0.00
0	4	0.00	0.00	0.75	1.49	0.00
1	1	11.32	2.60	40.78	19.88	0.00
1	5	0.00	0.20	1.80	0.79	0.00
2	2	0.00	0.02	1.30	0.48	0.00
2	6	0.00	0.01	0.99	0.87	0.00
3	3	0.00	0.00	0.39	1.48	0.00
3	7	0.00	0.00	0.46	1.18	0.00
Core	CPU	C1%	C3%	C6%	C8%	C9%
-	-	2.82	0.24	6.27	8.05	0.00
0	0	10.91	0.49	6.40	7.27	0.00
0	4	0.00	0.00	0.18	1.49	0.00
1	1	11.63	1.10	40.60	22.81	0.00
1	5	0.00	0.12	1.21	0.79	0.00
2	2	0.00	0.00	0.23	0.90	0.00
2	6	0.01	0.22	0.98	29.18	0.00
3	3	0.00	0.00	0.19	1.09	0.00
3	7	0.00	0.00	0.39	0.88	0.00
Core	CPU	C1%	C3%	C6%	C8%	C9%
-	-	0.00	0.35	8.72	3.87	0.00
0	0	0.01	2.72	64.27	26.12	0.00
0	4	0.00	0.02	0.30	0.30	0.00
1	1	0.00	0.00	0.79	0.60	0.00
1	5	0.00	0.06	1.24	0.40	0.00
2	2	0.00	0.00	0.86	1.18	0.00
2	6	0.00	0.00	0.94	0.50	0.00
3	3	0.00	0.00	0.69	0.89	0.00
3	7	0.00	0.00	0.69	0.99	0.00
Core	CPU	C1%	C3%	C6%	C8%	C9%
-	-	3.16	0.33	6.17	3.90	0.09
0	0	12.58	0.45	5.64	7.98	0.00
0	4	0.00	0.00	0.23	0.41	0.00
1	1	12.68	2.11	41.36	18.38	0.00
1	5	0.00	0.11	0.99	0.19	0.74
2	2	0.00	0.00	0.29	0.88	0.00
2	6	0.00	0.00	0.37	1.28	0.00
3	3	0.00	0.00	0.25	0.99	0.00
3	7	0.00	0.00	0.23	1.08	0.00
Core	CPU	C1%	C3%	C6%	C8%	C9%
-	-	0.81	0.32	7.93	4.08	0.30
0	0	3.17	1.77	40.70	15.65	0.00
0	4	0.00	0.00	0.72	1.50	2.37
1	1	3.33	0.63	19.18	9.89	0.00
1	5	0.00	0.16	1.47	0.99	0.00
2	2	0.00	0.00	0.41	1.10	0.00
2	6	0.00	0.00	0.29	1.29	0.00
3	3	0.00	0.00	0.30	1.19	0.00
3	7	0.00	0.00	0.36	0.99	0.00
Core	CPU	C1%	C3%	C6%	C8%	C9%
-	-	0.00	0.32	8.99	4.38	1.56
0	0	0.00	2.42	65.14	25.96	0.00
0	4	0.00	0.00	0.39	0.61	12.44
1	1	0.00	0.00	0.38	1.69	0.00
1	5	0.00	0.11	1.57	1.48	0.00
2	2	0.00	0.00	1.04	0.70	0.00
2	6	0.00	0.00	1.21	1.58	0.00
3	3	0.00	0.01	1.08	1.49	0.00
3	7	0.00	0.00	1.08	1.58	0.00
Core	CPU	C1%	C3%	C6%	C8%	C9%
-	-	0.00	0.29	8.57	4.26	0.41
0	0	0.00	2.21	64.70	26.37	0.00
0	4	0.00	0.00	0.62	0.59	3.29
1	1	0.00	0.00	0.14	1.48	0.00
1	5	0.00	0.10	1.07	0.70	0.00
2	2	0.00	0.00	0.64	1.09	0.00
2	6	0.00	0.00	0.45	1.00	0.00
3	3	0.00	0.00	0.43	1.09	0.00
3	7	0.00	0.00	0.48	1.79	0.00
Core	CPU	C1%	C3%	C6%	C8%	C9%
-	-	0.00	0.39	8.79	3.96	0.76
0	0	0.02	3.05	64.53	25.60	0.00
0	4	0.00	0.00	0.74	0.88	6.07
1	1	0.00	0.00	0.23	0.70	0.00
1	5	0.00	0.03	1.15	0.40	0.00
2	2	0.00	0.00	0.87	1.68	0.00
2	6	0.00	0.00	0.36	0.89	0.00
3	3	0.00	0.00	1.64	1.32	0.00
3	7	0.00	0.00	0.79	0.21	0.00
Core	CPU	C1%	C3%	C6%	C8%	C9%
-	-	0.47	0.32	8.52	4.36	1.42
0	0	1.84	2.20	58.13	25.58	0.00
0	4	0.76	0.00	1.50	0.68	11.35
1	1	1.14	0.20	5.03	3.37	0.00
1	5	0.00	0.02	1.41	0.82	0.00
2	2	0.00	0.12	0.81	0.89	0.00
2	6	0.00	0.00	0.10	1.09	0.00
3	3	0.00	0.02	0.74	1.46	0.00
3	7	0.00	0.01	0.46	0.98	0.00
Core	CPU	C1%	C3%	C6%	C8%	C9%
-	-	2.90	0.49	7.26	5.07	0.00
0	0	12.59	0.98	11.02	18.16	0.01
0	4	0.00	0.00	0.97	0.30	0.00
1	1	10.60	2.89	43.41	18.60	0.00
1	5	0.00	0.03	0.61	1.27	0.00
2	2	0.00	0.00	0.72	0.48	0.00
2	6	0.00	0.02	0.79	0.19	0.00
3	3	0.00	0.00	0.19	0.99	0.00
3	7	0.00	0.00	0.38	0.59	0.00
Core	CPU	C1%	C3%	C6%	C8%	C9%
-	-	1.49	0.43	8.28	4.18	2.27
0	0	6.08	2.13	50.49	23.29	0.00
0	4	0.00	0.00	0.40	0.80	14.73
1	1	5.81	1.22	12.75	4.19	0.00
1	5	0.00	0.00	1.04	0.88	0.00
2	2	0.01	0.08	0.57	0.99	3.44
2	6	0.00	0.00	0.45	0.99	0.00
3	3	0.00	0.00	0.33	1.09	0.00
3	7	0.00	0.00	0.20	1.19	0.00
Core	CPU	C1%	C3%	C6%	C8%	C9%
-	-	0.00	0.29	8.65	4.17	0.00
0	0	0.00	2.24	64.38	26.90	0.00
0	4	0.00	0.00	1.33	0.31	0.00
1	1	0.00	0.04	1.29	1.18	0.00
1	5	0.00	0.02	0.60	0.00	0.00
2	2	0.00	0.00	0.30	0.89	0.00
2	6	0.00	0.00	0.37	1.48	0.00
3	3	0.00	0.00	0.56	1.19	0.00
3	7	0.00	0.00	0.34	1.38	0.00
Core	CPU	C1%	C3%	C6%	C8%	C9%
-	-	5.12	0.38	7.28	4.22	0.18
0	0	21.44	0.31	11.58	16.44	0.00
0	4	0.00	0.00	1.35	0.78	0.00
1	1	19.49	2.59	43.06	12.74	0.00
1	5	0.00	0.08	0.77	0.60	0.61
2	2	0.00	0.02	0.19	0.90	0.00
2	6	0.00	0.00	0.09	0.79	0.00
3	3	0.00	0.00	0.72	0.89	0.81
3	7	0.00	0.00	0.45	0.59	0.00
Core	CPU	C1%	C3%	C6%	C8%	C9%
-	-	2.52	0.22	6.77	5.34	0.11
0	0	10.71	0.49	10.50	15.76	0.00
0	4	0.00	0.00	0.19	0.69	0.00
1	1	9.48	1.14	41.60	21.55	0.00
1	5	0.00	0.08	0.93	1.58	0.87
2	2	0.00	0.00	0.24	0.89	0.00
2	6	0.00	0.01	0.13	0.70	0.00
3	3	0.00	0.01	0.29	0.49	0.00
3	7	0.00	0.00	0.29	1.08	0.00
Core	CPU	C1%	C3%	C6%	C8%	C9%
-	-	0.00	0.28	8.50	4.12	0.00
0	0	0.00	2.20	64.25	26.93	0.00
0	4	0.00	0.00	0.43	0.69	0.00
1	1	0.00	0.02	0.80	0.87	0.00
1	5	0.00	0.03	0.96	0.49	0.00
2	2	0.00	0.00	0.28	0.99	0.00
2	6	0.00	0.00	0.77	0.59	0.00
3	3	0.00	0.00	0.35	1.18	0.00
3	7	0.00	0.02	0.20	1.18	0.00
Core	CPU	C1%	C3%	C6%	C8%	C9%
-	-	0.00	0.32	8.70	4.02	2.08
0	0	0.00	2.41	65.68	25.46	0.00
0	4	0.00	0.00	0.36	0.50	16.64
1	1	0.00	0.00	0.25	0.99	0.00
1	5	0.00	0.13	0.92	0.70	0.00
2	2	0.00	0.04	0.71	1.10	0.00
2	6	0.00	0.00	1.07	1.08	0.00
3	3	0.00	0.00	0.28	1.18	0.00
3	7	0.00	0.00	0.36	1.18	0.00
Core	CPU	C1%	C3%	C6%	C8%	C9%
-	-	0.00	0.32	8.42	4.16	0.00
0	0	0.00	2.37	64.29	26.88	0.00
0	4	0.00	0.00	1.16	0.30	0.00
1	1	0.00	0.00	0.18	1.48	0.00
1	5	0.00	0.18	0.99	0.69	0.00
2	2	0.00	0.00	0.15	0.99	0.00
2	6	0.00	0.00	0.13	1.09	0.00
3	3	0.00	0.00	0.10	0.99	0.00
3	7	0.00	0.00	0.38	0.88	0.00
Core	CPU	C1%	C3%	C6%	C8%	C9%
-	-	0.00	0.34	8.73	3.96	2.52
0	0	0.01	2.63	66.26	24.70	0.00
0	4	0.00	0.02	0.60	0.28	19.24
1	1	0.00	0.00	0.27	1.29	0.00
1	5	0.00	0.02	1.29	0.48	0.00
2	2	0.00	0.00	0.32	1.77	0.89
2	6	0.00	0.00	0.23	0.99	0.00
3	3	0.00	0.02	0.68	1.09	0.00
3	7	0.00	0.00	0.20	1.09	0.00
Core	CPU	C1%	C3%	C6%	C8%	C9%
-	-	0.73	0.30	8.12	4.22	0.13
0	0	3.37	1.65	53.01	24.40	0.06
0	4	0.00	0.00	0.64	0.30	0.00
1	1	2.48	0.77	9.24	3.52	0.99
1	5	0.00	0.01	0.41	1.08	0.00
2	2	0.00	0.00	0.19	0.98	0.00
2	6	0.00	0.00	0.28	0.99	0.00
3	3	0.00	0.00	0.46	1.38	0.00
3	7	0.00	0.00	0.71	1.09	0.00
Core	CPU	C1%	C3%	C6%	C8%	C9%
-	-	2.27	0.21	6.40	3.91	0.00
0	0	9.43	0.57	6.33	4.08	0.00
0	4	0.00	0.00	0.36	0.89	0.00
1	1	8.76	1.08	41.17	22.05	0.00
1	5	0.00	0.04	1.31	0.48	0.00
2	2	0.00	0.02	0.19	0.90	0.00
2	6	0.00	0.00	1.22	0.99	0.00
3	3	0.00	0.00	0.29	0.88	0.00
3	7	0.00	0.00	0.36	0.98	0.00
Core	CPU	C1%	C3%	C6%	C8%	C9%
-	-	3.22	0.40	6.46	3.76	0.00
0	0	12.52	0.92	8.55	6.72	0.00
0	4	0.00	0.00	0.33	1.19	0.00
1	1	13.26	2.13	40.34	17.71	0.00
1	5	0.00	0.13	1.12	0.29	0.00
2	2	0.00	0.00	0.24	1.00	0.00
2	6	0.00	0.00	0.23	1.09	0.00
3	3	0.00	0.01	0.59	1.09	0.00
3	7	0.00	0.00	0.29	0.98	0.00
Core	CPU	C1%	C3%	C6%	C8%	C9%
-	-	0.61	0.54	8.31	4.12	0.00
0	0	2.30	1.95	57.02	25.72	0.00
0	4	0.00	0.00	0.32	0.98	0.00
1	1	2.54	0.49	6.50	2.11	0.00
1	5	0.04	0.14	1.42	0.49	0.00
2	2	0.01	1.70	0.10	0.00	0.00
2	6	0.00	0.00	0.54	1.09	0.00
3	3	0.00	0.00	0.33	1.39	0.00
3	7	0.00	0.02	0.29	1.20	0.00
Core	CPU	C1%	C3%	C6%	C8%	C9%
-	-	0.00	0.28	8.47	3.86	0.00
0	0	0.00	2.11	64.42	26.94	0.00
0	4	0.00	0.00	0.46	0.50	0.00
1	1	0.00	0.00	0.69	0.20	0.00
1	5	0.00	0.12	0.97	0.10	0.00
2	2	0.00	0.00	0.30	0.59	0.00
2	6	0.00	0.00	0.35	0.89	0.00
3	3	0.00	0.00	0.37	0.69	0.00
3	7	0.00	0.00	0.24	0.99	0.00
Core	CPU	C1%	C3%	C6%	C8%	C9%
-	-	0.00	0.38	8.82	7.94	2.52
0	0	0.00	2.81	65.11	25.72	0.00
0	4	0.00	0.00	0.47	0.50	17.73
1	1	0.00	0.00	0.45	4.10	2.46
1	5	0.00	0.01	1.40	0.60	0.00
2	2	0.00	0.00	0.72	0.99	0.00
2	6	0.01	0.20	1.26	29.25	0.00
3	3	0.00	0.00	0.39	1.29	0.00
3	7	0.00	0.00	0.76	1.09	0.00
Core	CPU	C1%	C3%	C6%	C8%	C9%
-	-	0.00	0.30	8.73	4.24	0.28
0	0	0.00	2.27	64.23	26.90	0.00
0	4	0.00	0.01	1.09	0.30	2.27
1	1	0.00	0.00	0.10	1.78	0.00
1	5	0.00	0.00	1.20	0.89	0.00
2	2	0.00	0.00	0.26	0.99	0.00
2	6	0.00	0.00	1.57	0.79	0.00
3	3	0.00	0.11	0.71	1.09	0.00
3	7	0.00	0.00	0.69	1.18	0.00
Core	CPU	C1%	C3%	C6%	C8%	C9%
-	-	0.00	0.27	8.73	4.25	0.00
0	0	0.00	2.06	64.25	27.21	0.00
0	4	0.00	0.00	0.72	0.51	0.00
1	1	0.00	0.02	1.18	0.01	0.00
1	5	0.00	0.05	1.34	0.30	0.00
2	2	0.00	0.00	0.78	1.28	0.00
2	6	0.00	0.00	0.86	2.07	0.00
3	3	0.00	0.00	0.35	1.28	0.00
3	7	0.00	0.00	0.33	1.38	0.00
Core	CPU	C1%	C3%	C6%	C8%	C9%
-	-	0.00	0.31	8.73	3.91	1.67
0	0	0.00	2.33	66.39	24.85	0.00
0	4	0.00	0.00	0.46	0.50	13.35
1	1	0.00	0.00	0.65	0.71	0.00
1	5	0.00	0.07	1.12	1.49	0.00
2	2	0.01	0.09	0.39	0.90	0.00
2	6	0.00	0.00	0.10	1.09	0.00
3	3	0.00	0.00	0.38	0.79	0.00
3	7	0.00	0.00	0.35	0.99	0.00
Core	CPU	C1%	C3%	C6%	C8%	C9%
-	-	3.08	0.32	6.23	4.09	0.00
0	0	12.71	0.46	5.68	7.90	0.00
0	4	0.00	0.00	0.58	0.59	0.00
1	1	4.29	0.82	14.47	5.83	0.00
1	5	0.00	0.03	1.07	1.20	0.00
2	2	7.65	1.19	27.30	14.45	0.00
2	6	0.00	0.02	0.22	1.09	0.00
3	3	0.00	0.00	0.10	1.09	0.00
3	7	0.00	0.00	0.39	0.58	0.00
Core	CPU	C1%	C3%	C6%	C8%	C9%
-	-	2.80	0.33	6.75	3.86	0.00
0	0	11.49	0.45	10.34	8.23	0.00
0	4	0.00	0.00	0.49	0.51	0.00
1	1	0.00	0.00	0.07	0.70	0.00
1	5	0.00	0.15	0.95	0.49	0.00
2	2	10.93	2.02	41.76	18.99	0.00
2	6	0.00	0.00	0.25	0.79	0.00
3	3	0.00	0.00	0.13	0.60	0.00
3	7	0.00	0.00	0.00	0.60	0.00
Core	CPU	C1%	C3%	C6%	C8%	C9%
-	-	3.89	0.27	6.57	4.61	0.00
0	0	16.95	0.57	6.93	13.90	0.00
0	4	0.00	0.00	0.42	0.52	0.00
1	1	14.20	1.41	42.34	18.78	0.00
1	5	0.00	0.12	1.20	0.59	0.00
2	2	0.00	0.10	0.20	0.59	0.00
2	6	0.00	0.00	0.47	1.00	0.00
3	3	0.00	0.00	0.66	0.49	0.00
3	7	0.00	0.00	0.34	0.99	0.00
Core	CPU	C1%	C3%	C6%	C8%	C9%
-	-	2.52	0.31	7.06	4.10	0.00
0	0	10.47	0.83	17.64	11.88	0.00
0	4	0.00	0.00	0.27	0.90	0.00
1	1	9.65	1.59	36.11	16.48	0.00
1	5	0.00	0.03	1.20	0.30	0.00
2	2	0.00	0.00	0.23	1.19	0.00
2	6	0.00	0.02	0.25	0.60	0.00
3	3	0.00	0.00	0.39	0.79	0.00
3	7	0.00	0.00	0.37	0.69	0.00
Core	CPU	C1%	C3%	C6%	C8%	C9%
-	-	0.00	0.30	8.78	4.27	1.31
0	0	0.00	2.39	65.19	25.98	0.00
0	4	0.00	0.00	0.39	0.11	8.08
1	1	0.00	0.00	0.88	0.79	0.00
1	5	0.00	0.00	1.26	0.98	0.00
2	2	0.00	0.00	0.54	1.88	2.39
2	6	0.00	0.00	1.26	1.97	0.00
3	3	0.00	0.01	0.49	1.19	0.00
3	7	0.00	0.00	0.19	1.29	0.00
Core	CPU	C1%	C3%	C6%	C8%	C9%
-	-	0.01	0.29	8.58	4.08	0.22
0	0	0.10	2.28	64.33	26.80	0.00
0	4	0.00	0.00	1.78	0.00	1.79
1	1	0.00	0.02	0.29	1.48	0.00
1	5	0.00	0.00	0.80	0.50	0.00
2	2	0.00	0.00	0.18	1.09	0.00
2	6	0.00	0.00	0.27	1.00	0.00
3	3	0.00	0.00	0.74	0.90	0.00
3	7	0.00	0.02	0.20	0.89	0.00
Core	CPU	C1%	C3%	C6%	C8%	C9%
-	-	0.00	0.29	8.69	3.87	0.67
0	0	0.00	2.20	64.56	26.66	0.00
0	4	0.00	0.00	0.76	0.00	5.37
1	1	0.00	0.00	0.24	0.70	0.00
1	5	0.00	0.09	0.86	0.10	0.00
2	2	0.00	0.00	0.59	0.63	0.00
2	6	0.00	0.00	1.77	0.98	0.00
3	3	0.00	0.00	0.34	0.99	0.00
3	7	0.00	0.00	0.39	0.88	0.00
Core	CPU	C1%	C3%	C6%	C8%	C9%
-	-	3.33	0.42	6.97	4.04	0.01
0	0	14.08	0.84	10.47	9.57	0.12
0	4	0.00	0.00	0.68	0.50	0.00
1	1	0.00	0.00	0.37	0.79	0.00
1	5	0.00	0.04	1.12	0.40	0.00
2	2	12.58	2.42	41.89	18.52	0.00
2	6	0.00	0.02	0.79	0.79	0.00
3	3	0.00	0.00	0.10	1.09	0.00
3	7	0.00	0.00	0.37	0.70	0.00
Core	CPU	C1%	C3%	C6%	C8%	C9%
-	-	3.45	0.33	6.42	3.87	0.08
0	0	14.55	0.44	7.68	7.81	0.00
0	4	0.00	0.00	0.49	0.20	0.00
1	1	0.00	0.00	0.22	0.99	0.00
1	5	0.00	0.10	1.08	0.29	0.00
2	2	13.02	2.07	40.93	19.00	0.00
2	6	0.00	0.02	0.44	0.89	0.66
3	3	0.00	0.02	0.29	0.90	0.00
3	7	0.00	0.00	0.20	0.89	0.00
Core	CPU	C1%	C3%	C6%	C8%	C9%
-	-	2.89	0.34	6.51	3.50	0.00
0	0	11.37	0.51	8.48	5.56	0.00
0	4	0.00	0.02	1.12	0.31	0.00
1	1	0.00	0.02	0.20	0.21	0.00
1	5	0.00	0.11	0.77	0.00	0.00
2	2	11.72	2.07	40.47	19.27	0.00
2	6	0.00	0.00	0.46	0.70	0.00
3	3	0.00	0.00	0.45	0.99	0.00
3	7	0.00	0.00	0.12	0.99	0.00
Core	CPU	C1%	C3%	C6%	C8%	C9%
-	-	3.55	0.29	6.74	4.46	0.00
0	0	14.82	0.57	7.24	11.61	0.00
0	4	0.00	0.00	0.55	0.99	0.00
1	1	0.00	0.00	0.35	1.18	0.00
1	5	0.00	0.16	1.15	0.60	0.00
2	2	13.58	1.59	43.48	18.40	0.00
2	6	0.00	0.00	0.53	0.74	0.00
3	3	0.00	0.00	0.28	1.18	0.00
3	7	0.00	0.00	0.36	0.99	0.00
Core	CPU	C1%	C3%	C6%	C8%	C9%
-	-	1.42	0.36	7.97	4.09	0.11
0	0	6.39	1.66	43.74	18.40	0.00
0	4	0.00	0.01	0.70	0.59	0.00
1	1	0.00	0.00	0.21	1.08	0.00
1	5	0.00	0.06	1.26	1.09	0.90
2	2	4.97	1.08	16.46	8.26	0.00
2	6	0.00	0.00	0.35	0.81	0.00
3	3	0.00	0.02	0.71	1.51	0.00
3	7	0.00	0.00	0.29	0.99	0.00
Core	CPU	C1%	C3%	C6%	C8%	C9%
-	-	1.21	0.34	8.18	4.57	0.00
0	0	5.62	1.94	51.77	26.24	0.00
0	4	0.00	0.00	0.41	1.00	0.00
1	1	4.05	0.64	10.56	2.28	0.00
1	5	0.00	0.12	1.03	1.29	0.00
2	2	0.00	0.00	0.57	1.29	0.00
2	6	0.00	0.00	0.36	1.18	0.00
3	3	0.00	0.00	0.42	1.60	0.00
3	7	0.00	0.02	0.29	1.70	0.00
Core	CPU	C1%	C3%	C6%	C8%	C9%
-	-	0.00	0.30	8.49	4.27	0.00
0	0	0.00	2.35	64.50	26.66	0.00
0	4	0.00	0.00	0.44	0.99	0.00
1	1	0.00	0.00	0.83	1.78	0.00
1	5	0.00	0.07	1.06	0.78	0.00
2	2	0.00	0.00	0.20	0.69	0.00
2	6	0.00	0.00	0.29	0.98	0.00
3	3	0.00	0.00	0.37	1.18	0.00
3	7	0.00	0.00	0.24	1.09	0.00
Core	CPU	C1%	C3%	C6%	C8%	C9%
-	-	0.00	0.34	8.86	4.01	0.76
0	0	0.00	2.49	65.28	25.74	0.00
0	4	0.00	0.00	0.88	0.00	2.60
1	1	0.00	0.00	0.82	0.99	0.00
1	5	0.00	0.09	1.06	0.59	0.00
2	2	0.00	0.00	0.33	1.09	0.00
2	6	0.00	0.02	0.47	1.29	0.00
3	3	0.00	0.00	0.76	1.08	0.00
3	7	0.00	0.09	1.25	1.28	3.48
Core	CPU	C1%	C3%	C6%	C8%	C9%
-	-	0.00	0.29	8.60	4.21	0.00
0	0	0.00	2.26	64.82	26.44	0.00
0	4	0.00	0.02	0.72	0.20	0.00
1	1	0.00	0.00	0.10	0.99	0.00
1	5	0.00	0.03	1.41	0.89	0.00
2	2	0.00	0.00	0.45	1.19	0.00
2	6	0.00	0.00	0.41	1.59	0.00
3	3	0.00	0.00	0.51	1.00	0.00
3	7	0.00	0.00	0.37	1.38	0.00
Core	CPU	C1%	C3%	C6%	C8%	C9%
-	-	0.00	0.32	8.84	4.14	0.00
0	0	0.00	2.49	65.06	26.09	0.00
0	4	0.00	0.01	0.80	0.00	0.00
1	1	0.00	0.00	0.74	1.39	0.00
1	5	0.00	0.03	0.95	0.49	0.00
2	2	0.00	0.00	0.47	1.67	0.00
2	6	0.00	0.00	0.76	1.09	0.00
3	3	0.00	0.00	1.14	1.29	0.00
3	7	0.00	0.00	0.82	1.09	0.00
Core	CPU	C1%	C3%	C6%	C8%	C9%
-	-	3.17	0.35	6.51	3.73	0.00
0	0	12.81	0.54	7.31	7.29	0.00
0	4	0.00	0.00	1.21	0.60	0.00
1	1	12.52	2.10	41.29	16.94	0.00
1	5	0.00	0.13	0.86	1.59	0.01
2	2	0.00	0.00	0.31	1.00	0.00
2	6	0.00	0.00	0.49	0.60	0.00
3	3	0.00	0.00	0.28	0.99	0.00
3	7	0.00	0.00	0.36	0.78	0.00
Core	CPU	C1%	C3%	C6%	C8%	C9%
-	-	3.78	0.34	6.06	7.50	0.00
0	0	13.73	0.51	4.77	8.60	0.00
0	4	0.00	0.00	0.27	0.70	0.00
1	1	16.51	1.92	40.02	18.34	0.00
1	5	0.00	0.14	1.21	0.30	0.00
2	2	0.00	0.00	0.25	1.09	0.00
2	6	0.01	0.14	1.38	29.30	0.00
3	3	0.00	0.01	0.30	0.79	0.00
3	7	0.00	0.00	0.30	0.89	0.00
Core	CPU	C1%	C3%	C6%	C8%	C9%
-	-	3.22	0.38	6.54	4.20	0.43
0	0	13.21	0.73	8.27	10.57	0.00
0	4	0.00	0.00	0.23	0.80	0.00
1	1	12.54	2.19	41.40	18.35	0.00
1	5	0.00	0.03	0.96	0.10	0.00
2	2	0.00	0.00	0.19	0.99	0.00
2	6	0.00	0.00	0.89	0.69	0.00
3	3	0.00	0.00	0.25	0.89	0.00
3	7	0.00	0.08	0.12	1.19	3.44
Core	CPU	C1%	C3%	C6%	C8%	C9%
-	-	2.42	0.23	6.60	4.13	0.09
0	0	10.25	0.56	9.03	4.23	0.00
0	4	0.00	0.00	0.45	0.89	0.00
1	1	9.12	1.15	40.03	22.06	0.00
1	5	0.00	0.12	1.24	1.48	0.68
2	2	0.00	0.01	0.39	0.79	0.00
2	6	0.00	0.00	0.33	1.19	0.00
3	3	0.00	0.00	0.67	1.29	0.00
3	7	0.00	0.00	0.69	1.08	0.00
Core	CPU	C1%	C3%	C6%	C8%	C9%
-	-	0.00	0.45	9.46	3.33	2.82
0	0	0.01	3.48	70.80	19.15	0.00
0	4	0.00	0.03	0.30	1.77	21.79
1	1	0.00	0.00	0.52	0.89	0.00
1	5	0.00	0.08	1.41	0.40	0.81
2	2	0.00	0.00	0.74	1.19	0.00
2	6	0.00	0.00	0.79	1.22	0.00
3	3	0.00	0.02	0.39	0.90	0.00
3	7	0.00	0.00	0.77	1.09	0.00
Core	CPU	C1%	C3%	C6%	C8%	C9%
-	-	1.76	0.21	6.28	3.89	0.00
0	0	7.22	0.44	6.33	3.12	0.00
0	4	0.00	0.00	0.31	0.71	0.00
1	1	6.84	1.12	40.16	23.32	0.00
1	5	0.00	0.11	1.17	0.42	0.00
2	2	0.00	0.00	0.46	1.58	0.00
2	6	0.00	0.00	0.25	0.89	0.00
3	3	0.00	0.00	0.91	0.60	0.00
3	7	0.00	0.01	0.69	0.49	0.00
Core	CPU	C1%	C3%	C6%	C8%	C9%
-	-	0.00	0.48	9.17	3.49	3.57
0	0	0.00	3.70	68.95	20.88	0.00
0	4	0.00	0.00	0.46	1.09	28.59
1	1	0.00	0.00	0.74	0.40	0.00
1	5	0.00	0.14	1.20	0.82	0.00
2	2	0.00	0.00	0.59	1.29	0.00
2	6	0.00	0.00	0.20	1.19	0.00
3	3	0.00	0.00	0.67	1.08	0.00
3	7	0.00	0.00	0.55	1.19	0.00
Core	CPU	C1%	C3%	C6%	C8%	C9%
-	-	0.00	0.49	9.26	3.33	3.51
0	0	0.00	3.55	68.89	20.96	0.00
0	4	0.00	0.00	0.87	0.21	28.09
1	1	0.00	0.00	0.26	1.09	0.00
1	5	0.00	0.00	1.27	1.10	0.00
2	2	0.00	0.00	0.72	0.69	0.00
2	6	0.00	0.00	1.48	0.49	0.00
3	3	0.00	0.00	0.20	1.08	0.00
3	7	0.00	0.34	0.37	0.99	0.00
Core	CPU	C1%	C3%	C6%	C8%	C9%
-	-	0.00	0.39	8.93	3.63	2.31
0	0	0.00	3.05	67.54	22.88	0.00
0	4	0.00	0.00	0.99	0.50	18.50
1	1	0.00	0.00	0.31	0.99	0.00
1	5	0.00	0.03	1.12	0.98	0.00
2	2	0.00	0.00	0.54	0.60	0.00
2	6	0.00	0.00	0.23	1.09	0.00
3	3	0.00	0.01	0.39	0.90	0.00
3	7	0.00	0.00	0.29	1.08	0.00
Core	CPU	C1%	C3%	C6%	C8%	C9%
-	-	2.12	0.24	6.45	4.38	0.00
0	0	8.30	0.52	6.10	3.91	0.00
0	4	0.00	0.00	0.41	2.26	0.00
1	1	8.67	1.33	41.04	21.97	0.00
1	5	0.00	0.04	1.19	2.47	0.01
2	2	0.00	0.00	0.64	2.58	0.00
2	6	0.00	0.00	0.44	0.79	0.00
3	3	0.00	0.00	0.92	0.40	0.00
3	7	0.00	0.01	0.89	0.69	0.00
Core	CPU	C1%	C3%	C6%	C8%	C9%
-	-	2.93	0.32	6.68	3.99	0.14
0	0	11.77	0.41	10.47	6.70	0.00
0	4	0.00	0.00	0.65	0.39	0.00
1	1	11.71	2.03	40.64	20.44	0.00
1	5	0.00	0.12	0.69	0.57	1.14
2	2	0.00	0.00	0.23	0.70	0.00
2	6	0.00	0.00	0.20	1.08	0.00
3	3	0.00	0.00	0.28	1.08	0.00
3	7	0.00	0.00	0.25	0.99	0.00
Core	CPU	C1%	C3%	C6%	C8%	C9%
-	-	2.60	0.30	6.45	4.06	0.00
0	0	10.48	0.43	6.14	6.72	0.00
0	4	0.00	0.00	0.38	0.79	0.00
1	1	10.30	1.88	41.58	20.96	0.00
1	5	0.00	0.11	1.19	1.68	0.00
2	2	0.00	0.00	0.72	0.19	0.00
2	6	0.00	0.02	0.88	0.69	0.00
3	3	0.00	0.00	0.10	0.89	0.00
3	7	0.03	0.00	0.62	0.59	0.00
Core	CPU	C1%	C3%	C6%	C8%	C9%
-	-	2.69	0.28	6.65	3.92	0.11
0	0	11.28	0.58	8.10	6.44	0.00
0	4	0.00	0.02	1.03	0.00	0.00
1	1	10.26	1.60	41.30	20.37	0.00
1	5	0.00	0.07	1.07	1.49	0.87
2	2	0.00	0.00	0.55	0.69	0.00
2	6	0.00	0.00	0.34	0.79	0.00
3	3	0.00	0.00	0.32	0.79	0.00
3	7	0.00	0.00	0.49	0.79	0.00
Core	CPU	C1%	C3%	C6%	C8%	C9%
-	-	0.00	0.54	9.25	3.06	4.00
0	0	0.01	3.60	69.83	19.97	0.00
0	4	0.00	0.00	0.54	0.00	32.03
1	1	0.00	0.02	0.72	0.29	0.00
1	5	0.00	0.14	1.28	1.23	0.00
2	2	0.00	0.52	0.42	0.00	0.00
2	6	0.00	0.01	0.27	1.00	0.00
3	3	0.00	0.00	0.63	0.99	0.00
3	7	0.00	0.00	0.33	0.99	0.00
Core	CPU	C1%	C3%	C6%	C8%	C9%
-	-	0.00	0.48	9.55	2.84	5.42
0	0	0.01	3.77	71.74	17.93	0.00
0	4	0.00	0.00	0.99	0.10	43.38
1	1	0.00	0.00	0.25	0.90	0.00
1	5	0.00	0.07	1.20	0.81	0.00
2	2	0.00	0.01	0.60	0.79	0.00
2	6	0.00	0.00	0.90	0.39	0.00
3	3	0.00	0.00	0.29	0.89	0.00
3	7	0.00	0.00	0.46	0.88	0.00
Core	CPU	C1%	C3%	C6%	C8%	C9%
-	-	0.00	0.46	9.54	2.99	5.94
0	0	0.03	3.62	71.14	18.59	0.00
0	4	0.00	0.00	1.08	0.09	46.71
1	1	0.00	0.00	0.27	0.99	0.00
1	5	0.00	0.07	1.05	0.68	0.00
2	2	0.00	0.00	1.12	0.49	0.00
2	6	0.00	0.02	1.15	0.89	0.80
3	3	0.00	0.00	0.10	1.09	0.00
3	7	0.00	0.00	0.41	1.08	0.00
Core	CPU	C1%	C3%	C6%	C8%	C9%
-	-	0.00	0.46	9.65	3.10	4.91
0	0	0.01	3.61	72.52	17.29	0.00
0	4	0.00	0.01	1.40	0.19	39.28
1	1	0.00	0.00	0.89	1.77	0.00
1	5	0.00	0.08	1.40	1.18	0.00
2	2	0.00	0.00	0.26	1.09	0.00
2	6	0.00	0.00	0.15	1.09	0.00
3	3	0.00	0.00	0.32	0.90	0.00
3	7	0.00	0.00	0.29	1.29	0.00
Core	CPU	C1%	C3%	C6%	C8%	C9%
-	-	0.00	0.44	9.19	3.07	3.79
0	0	0.00	3.43	69.86	20.15	0.00
0	4	0.00	0.00	0.64	0.00	30.35
1	1	0.00	0.02	0.30	0.83	0.00
1	5	0.00	0.10	1.01	0.30	0.00
2	2	0.00	0.00	0.48	0.94	0.00
2	6	0.00	0.00	0.64	0.39	0.00
3	3	0.00	0.00	0.35	0.89	0.00
3	7	0.00	0.00	0.23	1.08	0.00
Core	CPU	C1%	C3%	C6%	C8%	C9%
-	-	2.11	0.31	7.25	3.79	0.00
0	0	9.48	1.08	25.03	11.74	0.00
0	4	0.00	0.00	0.66	0.69	0.00
1	1	0.00	0.01	0.16	0.98	0.00
1	5	0.00	0.08	0.96	0.59	0.00
2	2	7.39	1.28	29.89	13.58	0.00
2	6	0.00	0.00	0.87	0.90	0.00
3	3	0.00	0.00	0.28	0.89	0.00
3	7	0.00	0.00	0.16	0.98	0.00
Core	CPU	C1%	C3%	C6%	C8%	C9%
-	-	2.73	0.34	6.42	4.24	0.00
0	0	10.68	0.49	7.56	7.15	0.00
0	4	0.00	0.00	0.28	0.99	0.00
1	1	3.99	0.63	9.89	3.34	0.00
1	5	0.00	0.05	1.38	0.30	0.00
2	2	0.00	0.09	1.62	0.79	0.00
2	6	0.00	0.02	0.90	0.19	0.00
3	3	7.15	1.43	28.69	19.90	0.00
3	7	0.00	0.00	1.07	1.28	0.00
Core	CPU	C1%	C3%	C6%	C8%	C9%
-	-	1.84	0.23	6.47	4.44	0.00
0	0	7.65	0.90	8.37	3.63	0.00
0	4	0.00	0.00	0.95	0.90	0.00
1	1	0.00	0.00	0.29	1.39	0.00
1	5	0.00	0.00	1.23	0.99	0.00
2	2	0.00	0.00	0.54	1.29	0.00
2	6	0.00	0.00	0.53	1.67	0.00
3	3	7.09	0.97	39.01	24.37	0.00
3	7	0.00	0.00	0.88	1.29	0.00
Core	CPU	C1%	C3%	C6%	C8%	C9%
-	-	1.98	0.24	6.30	3.67	0.00
0	0	7.18	0.60	6.77	3.11	0.00
0	4	0.00	0.00	0.13	0.50	0.00
1	1	8.67	1.19	40.75	22.18	0.00
1	5	0.00	0.10	1.01	0.31	0.00
2	2	0.00	0.00	0.47	0.99	0.00
2	6	0.00	0.00	0.56	0.69	0.00
3	3	0.00	0.00	0.35	0.79	0.00
3	7	0.00	0.00	0.32	0.80	0.00
Core	CPU	C1%	C3%	C6%	C8%	C9%
-	-	2.73	0.35	6.67	4.21	0.00
0	0	11.85	0.76	9.04	7.39	0.00
0	4	0.00	0.00	0.37	0.81	0.00
1	1	8.58	1.76	32.84	17.80	0.00
1	5	0.00	0.04	1.38	1.27	0.00
2	2	0.00	0.00	0.92	0.39	0.00
2	6	0.00	0.02	0.89	0.30	0.00
3	3	1.43	0.18	7.47	5.02	0.00
3	7	0.00	0.00	0.47	0.69	0.00
Core	CPU	C1%	C3%	C6%	C8%	C9%
-	-	2.85	0.39	6.70	7.84	0.00
0	0	10.90	0.55	5.28	6.25	0.00
0	4	0.00	0.02	0.89	0.30	0.00
1	1	0.00	0.00	0.85	2.00	0.00
1	5	0.00	0.09	1.74	1.38	0.00
2	2	0.00	0.00	0.45	1.39	0.00
2	6	0.01	0.23	1.34	29.56	0.00
3	3	11.87	2.14	42.14	20.37	0.00
3	7	0.00	0.07	0.89	1.47	0.00
Core	CPU	C1%	C3%	C6%	C8%	C9%
-	-	2.63	0.31	6.72	3.71	0.00
0	0	10.52	0.54	9.55	5.94	0.00
0	4	0.00	0.00	0.67	0.81	0.00
1	1	0.00	0.00	0.77	0.40	0.00
1	5	0.00	0.05	0.81	0.79	0.00
2	2	0.00	0.00	0.10	0.69	0.00
2	6	0.00	0.00	0.68	0.40	0.00
3	3	10.55	1.92	40.64	19.93	0.00
3	7	0.00	0.00	0.53	0.69	0.00
Core	CPU	C1%	C3%	C6%	C8%	C9%
-	-	0.45	0.35	8.26	3.66	1.02
0	0	2.04	2.34	52.89	18.16	0.00
0	4	0.00	0.00	0.29	0.99	8.18
1	1	0.00	0.00	0.29	0.89	0.00
1	5	0.00	0.03	0.65	0.99	0.00
2	2	0.00	0.00	0.23	1.78	0.00
2	6	0.00	0.02	0.39	0.79	0.00
3	3	1.53	0.38	10.54	5.25	0.00
3	7	0.00	0.00	0.76	0.40	0.00
Core	CPU	C1%	C3%	C6%	C8%	C9%
-	-	0.25	0.41	8.67	4.01	0.00
0	0	1.07	2.94	60.52	22.77	0.00
0	4	0.00	0.01	0.79	0.39	0.00
1	1	0.90	0.27	5.10	2.07	0.00
1	5	0.00	0.02	1.16	1.47	0.00
2	2	0.00	0.00	0.35	1.58	0.00
2	6	0.00	0.00	0.64	1.39	0.00
3	3	0.00	0.00	0.22	1.49	0.00
3	7	0.00	0.00	0.59	0.89	0.00
Core	CPU	C1%	C3%	C6%	C8%	C9%
-	-	2.27	0.22	6.42	3.43	0.00
0	0	9.12	0.50	6.74	3.83	0.00
0	4	0.00	0.00	0.24	0.30	0.00
1	1	9.08	1.16	42.23	20.19	0.00
1	5	0.00	0.09	0.72	0.00	0.00
2	2	0.00	0.00	0.67	0.50	0.00
2	6	0.00	0.00	0.36	0.98	0.00
3	3	0.00	0.00	0.25	0.89	0.00
3	7	0.00	0.00	0.13	0.79	0.00
Core	CPU	C1%	C3%	C6%	C8%	C9%
-	-	3.10	0.33	6.46	4.15	0.00
0	0	12.46	0.53	7.36	9.67	0.00
0	4	0.00	0.00	0.76	0.49	0.00
1	1	12.30	2.02	41.44	18.53	0.00
1	5	0.00	0.12	0.80	0.80	0.00
2	2	0.00	0.00	0.49	0.49	0.00
2	6	0.00	0.00	0.30	1.08	0.00
3	3	0.00	0.00	0.28	1.18	0.00
3	7	0.01	0.00	0.25	0.98	0.00
Core	CPU	C1%	C3%	C6%	C8%	C9%
-	-	1.97	0.25	6.41	4.01	0.00
0	0	8.20	0.66	6.69	2.69	0.00
0	4	0.00	0.00	0.46	1.10	0.00
1	1	7.60	1.26	41.62	21.75	0.00
1	5	0.00	0.08	1.05	1.77	0.00
2	2	0.00	0.00	0.34	1.18	0.00
2	6	0.00	0.02	0.37	1.19	0.00
3	3	0.00	0.00	0.20	1.29	0.00
3	7	0.00	0.00	0.57	1.09	0.00
Core	CPU	C1%	C3%	C6%	C8%	C9%
-	-	0.42	0.36	8.75	3.63	1.09
0	0	1.61	2.49	61.54	22.71	0.00
0	4	0.00	0.01	0.40	0.20	8.76
1	1	1.73	0.28	5.28	2.28	0.00
1	5	0.00	0.05	1.00	0.29	0.00
2	2	0.00	0.00	0.36	0.79	0.00
2	6	0.00	0.00	0.34	0.59	0.00
3	3	0.00	0.02	0.69	0.80	0.00
3	7	0.00	0.00	0.37	1.40	0.00
Core	CPU	C1%	C3%	C6%	C8%	C9%
-	-	0.00	0.31	8.68	4.08	0.00
0	0	0.00	2.38	65.39	25.72	0.00
0	4	0.00	0.00	0.33	0.60	0.00
1	1	0.00	0.02	0.30	1.12	0.00
1	5	0.00	0.06	1.56	0.40	0.00
2	2	0.00	0.00	0.57	1.28	0.00
2	6	0.00	0.00	0.46	1.18	0.00
3	3	0.00	0.00	0.35	1.38	0.00
3	7	0.00	0.00	0.52	0.99	0.00
Core	CPU	C1%	C3%	C6%	C8%	C9%
-	-	0.00	0.36	8.70	3.96	0.00
0	0	0.00	2.81	65.11	25.41	0.00
0	4	0.00	0.00	1.32	0.61	0.00
1	1	0.00	0.00	0.25	1.28	0.00
1	5	0.00	0.08	1.26	0.29	0.00
2	2	0.00	0.02	0.39	1.29	0.00
2	6	0.00	0.00	0.10	1.19	0.00
3	3	0.00	0.00	0.69	0.98	0.00
3	7	0.00	0.00	0.45	0.59	0.00
Core	CPU	C1%	C3%	C6%	C8%	C9%
-	-	0.00	0.28	8.65	3.83	0.00
0	0	0.00	2.08	66.00	25.37	0.00
0	4	0.00	0.00	0.71	0.18	0.03
1	1	0.00	0.00	0.28	0.89	0.00
1	5	0.00	0.13	1.01	0.10	0.00
2	2	0.00	0.00	0.44	1.19	0.00
2	6	0.00	0.00	0.32	1.08	0.00
3	3	0.00	0.00	0.10	0.90	0.00
3	7	0.01	0.02	0.36	0.89	0.00
Core	CPU	C1%	C3%	C6%	C8%	C9%
-	-	0.00	0.32	8.71	3.85	0.00
0	0	0.00	2.57	65.02	25.93	0.00
0	4	0.00	0.00	1.12	0.10	0.00
1	1	0.00	0.01	0.39	0.40	0.00
1	5	0.00	0.00	1.23	1.38	0.00
2	2	0.00	0.00	0.28	0.99	0.00
2	6	0.00	0.00	0.36	0.79	0.00
3	3	0.00	0.00	0.64	0.69	0.00
3	7	0.00	0.00	0.60	0.50	0.00
Core	CPU	C1%	C3%	C6%	C8%	C9%
-	-	0.00	0.28	8.59	4.09	0.11
0	0	0.00	2.18	64.61	26.66	0.00
0	4	0.00	0.00	0.55	0.00	0.00
1	1	0.00	0.00	0.61	1.69	0.00
1	5	0.00	0.05	0.85	1.09	0.00
2	2	0.00	0.00	0.55	0.23	0.00
2	6	0.00	0.01	0.91	1.19	0.00
3	3	0.00	0.00	0.36	0.80	0.00
3	7	0.00	0.00	0.31	1.09	0.90
Core	CPU	C1%	C3%	C6%	C8%	C9%
-	-	2.43	0.34	7.12	4.25	0.00
0	0	9.63	0.99	20.55	12.79	0.01
0	4	0.00	0.00	0.60	1.31	0.00
1	1	9.84	1.62	32.57	15.54	0.00
1	5	0.00	0.11	0.73	0.99	0.00
2	2	0.00	0.00	1.02	0.69	0.00
2	6	0.00	0.01	0.89	0.79	0.00
3	3	0.00	0.00	0.10	1.18	0.00
3	7	0.00	0.00	0.47	0.69	0.00
Core	CPU	C1%	C3%	C6%	C8%	C9%
-	-	0.00	0.28	8.60	4.19	0.00
0	0	0.00	2.16	64.46	26.90	0.00
0	4	0.00	0.00	0.30	0.20	0.00
1	1	0.00	0.00	0.29	1.29	0.00
1	5	0.00	0.04	1.42	0.78	0.00
2	2	0.00	0.00	0.55	0.69	0.00
2	6	0.00	0.00	0.63	1.09	0.00
3	3	0.00	0.02	0.39	1.29	0.00
3	7	0.00	0.00	0.79	1.29	0.00
Core	CPU	C1%	C3%	C6%	C8%	C9%
-	-	0.00	0.30	8.48	4.14	0.92
0	0	0.00	2.36	64.29	26.85	0.00
0	4	0.00	0.00	0.74	0.11	7.38
1	1	0.00	0.02	0.39	1.20	0.00
1	5	0.00	0.03	0.97	0.10	0.00
2	2	0.00	0.00	0.48	1.19	0.00
2	6	0.00	0.00	0.36	1.19	0.00
3	3	0.00	0.00	0.34	1.29	0.00
3	7	0.00	0.03	0.29	1.19	0.00
Core	CPU	C1%	C3%	C6%	C8%	C9%
-	-	0.00	0.32	8.54	3.76	1.32
0	0	0.00	2.25	64.94	26.37	0.00
0	4	0.00	0.00	0.76	0.00	10.57
1	1	0.00	0.00	0.24	0.69	0.00
1	5	0.00	0.10	0.84	0.00	0.00
2	2	0.00	0.24	0.07	0.05	0.00
2	6	0.00	0.00	0.98	1.08	0.00
3	3	0.00	0.00	0.27	0.89	0.00
3	7	0.00	0.00	0.25	0.99	0.00
Core	CPU	C1%	C3%	C6%	C8%	C9%
-	-	0.00	0.31	8.78	4.21	0.00
0	0	0.00	2.44	64.04	27.07	0.00
0	4	0.00	0.00	1.56	1.21	0.00
1	1	0.00	0.00	0.66	1.09	0.00
1	5	0.00	0.05	1.11	0.89	0.00
2	2	0.00	0.00	1.12	0.39	0.00
2	6	0.00	0.01	1.09	0.49	0.00
3	3	0.00	0.00	0.29	1.49	0.00
3	7	0.00	0.00	0.37	1.08	0.00
Core	CPU	C1%	C3%	C6%	C8%	C9%
-	-	0.00	0.30	8.58	4.28	0.82
0	0	0.00	2.34	64.34	26.89	0.00
0	4	0.00	0.00	0.49	0.11	6.56
1	1	0.00	0.00	0.48	1.59	0.00
1	5	0.00	0.04	1.01	0.99	0.00
2	2	0.00	0.00	0.74	0.80	0.00
2	6	0.00	0.00	0.32	1.29	0.00
3	3	0.00	0.02	0.49	1.29	0.00
3	7	0.00	0.00	0.76	1.29	0.00
Core	CPU	C1%	C3%	C6%	C8%	C9%
-	-	0.00	0.29	8.47	4.13	0.27
0	0	0.00	2.23	64.35	26.93	0.00
0	4	0.00	0.00	0.53	0.10	2.18
1	1	0.00	0.02	0.58	0.79	0.00
1	5	0.00	0.02	0.95	0.69	0.00
2	2	0.00	0.00	0.68	1.08	0.00
2	6	0.00	0.00	0.27	1.09	0.00
3	3	0.00	0.00	0.25	1.08	0.00
3	7	0.00	0.03	0.10	1.28	0.00
Core	CPU	C1%	C3%	C6%	C8%	C9%
-	-	0.01	0.25	8.41	4.06	0.00
0	0	0.00	2.00	64.30	27.21	0.00
0	4	0.00	0.00	0.76	0.00	0.00
1	1	0.05	0.01	0.41	0.99	0.00
1	5	0.00	0.00	0.51	0.11	0.00
2	2	0.00	0.00	0.29	1.00	0.00
2	6	0.00	0.00	0.28	1.09	0.00
3	3	0.00	0.00	0.27	1.09	0.00
3	7	0.00	0.00	0.44	1.00	0.00
Core	CPU	C1%	C3%	C6%	C8%	C9%
-	-	0.01	0.32	8.69	3.93	1.23
0	0	0.00	2.48	65.75	25.28	0.00
0	4	0.00	0.00	1.16	0.51	9.87
1	1	0.10	0.03	1.26	0.98	0.00
1	5	0.00	0.00	0.36	0.79	0.00
2	2	0.00	0.00	0.31	0.90	0.00
2	6	0.00	0.02	0.19	0.99	0.00
3	3	0.00	0.00	0.10	1.19	0.00
3	7	0.00	0.00	0.38	0.79	0.00
Core	CPU	C1%	C3%	C6%	C8%	C9%
-	-	0.00	0.36	8.48	8.06	0.00
0	0	0.00	2.69	64.17	26.83	0.00
0	4	0.00	0.02	0.59	0.11	0.00
1	1	0.00	0.02	0.84	2.37	0.00
1	5	0.00	0.00	0.31	1.39	0.00
2	2	0.00	0.00	0.34	1.49	0.00
2	6	0.01	0.17	0.99	29.75	0.00
3	3	0.00	0.00	0.41	1.20	0.00
3	7	0.00	0.00	0.19	1.29	0.00
Core	CPU	C1%	C3%	C6%	C8%	C9%
-	-	1.71	0.31	8.19	4.48	1.09
0	0	7.38	1.70	46.70	24.69	0.00
0	4	0.00	0.00	0.65	0.00	8.75
1	1	6.27	0.72	15.28	5.85	0.00
1	5	0.00	0.02	1.20	1.60	0.00
2	2	0.00	0.00	0.10	1.14	0.00
2	6	0.00	0.00	0.87	0.39	0.00
3	3	0.00	0.00	0.36	1.18	0.00
3	7	0.00	0.00	0.33	0.99	0.00
Core	CPU	C1%	C3%	C6%	C8%	C9%
-	-	2.32	0.38	7.66	4.24	0.00
0	0	9.82	1.21	35.22	19.81	0.00
0	4	0.00	0.00	0.76	0.39	0.00
1	1	0.00	0.12	1.02	0.97	0.00
1	5	0.00	0.00	0.83	0.39	0.00
2	2	8.78	1.73	21.75	10.39	0.00
2	6	0.00	0.00	0.97	0.30	0.00
3	3	0.00	0.00	0.28	0.79	0.00
3	7	0.00	0.00	0.41	0.88	0.00
Core	CPU	C1%	C3%	C6%	C8%	C9%
-	-	0.00	0.29	8.54	4.49	0.00
0	0	0.00	2.23	64.41	26.72	0.00
0	4	0.00	0.00	1.04	0.30	0.00
1	1	0.00	0.04	0.53	2.44	0.00
1	5	0.00	0.00	0.37	1.48	0.00
2	2	0.00	0.00	0.55	0.89	0.00
2	6	0.00	0.00	0.54	0.99	0.00
3	3	0.00	0.02	0.39	1.29	0.00
3	7	0.00	0.00	0.49	1.77	0.00
Core	CPU	C1%	C3%	C6%	C8%	C9%
-	-	0.00	0.28	8.69	3.94	1.63
0	0	0.00	2.20	65.69	25.62	0.00
0	4	0.00	0.00	0.62	0.21	13.03
1	1	0.00	0.01	0.83	1.48	0.00
1	5	0.00	0.00	0.19	0.89	0.00
2	2	0.00	0.00	0.33	0.89	0.00
2	6	0.00	0.00	0.44	1.09	0.00
3	3	0.00	0.00	0.73	0.69	0.00
3	7	0.00	0.01	0.70	0.69	0.00
Core	CPU	C1%	C3%	C6%	C8%	C9%
-	-	0.00	0.31	8.45	3.95	0.00
0	0	0.00	2.46	64.68	26.41	0.00
0	4	0.00	0.00	0.56	0.00	0.00
1	1	0.00	0.01	1.02	0.82	0.00
1	5	0.00	0.02	0.10	0.50	0.00
2	2	0.00	0.00	0.20	0.85	0.00
2	6	0.00	0.00	0.29	1.08	0.00
3	3	0.00	0.00	0.37	0.79	0.00
3	7	0.00	0.00	0.34	1.18	0.00
Core	CPU	C1%	C3%	C6%	C8%	C9%
-	-	0.34	0.29	8.40	4.11	0.00
0	0	1.52	2.09	59.86	26.02	0.00
0	4	0.00	0.00	0.66	0.50	0.00
1	1	1.23	0.22	4.44	1.33	0.00
1	5	0.00	0.00	0.95	0.70	0.00
2	2	0.00	0.02	0.29	1.02	0.00
2	6	0.00	0.00	0.38	1.58	0.00
3	3	0.00	0.00	0.19	0.88	0.00
3	7	0.00	0.00	0.42	0.86	0.00
Core	CPU	C1%	C3%	C6%	C8%	C9%
-	-	0.00	0.27	8.41	4.18	0.00
0	0	0.00	2.09	64.03	27.37	0.00
0	4	0.00	0.03	0.40	0.69	0.00
1	1	0.00	0.03	1.02	0.71	0.00
1	5	0.00	0.00	0.41	1.08	0.00
2	2	0.00	0.00	0.44	1.09	0.00
2	6	0.00	0.00	0.24	0.89	0.00
3	3	0.00	0.02	0.39	0.90	0.00
3	7	0.00	0.00	0.39	0.69	0.00
Core	CPU	C1%	C3%	C6%	C8%	C9%
-	-	5.84	0.33	7.82	4.13	0.11
0	0	25.65	0.32	15.14	16.43	0.00
0	4	0.00	0.00	0.13	0.49	0.00
1	1	21.06	2.32	44.33	12.89	0.00
1	5	0.00	0.02	0.53	0.99	0.91
2	2	0.00	0.00	0.26	0.89	0.00
2	6	0.00	0.00	0.44	0.79	0.00
3	3	0.00	0.00	0.83	0.30	0.00
3	7	0.00	0.02	0.89	0.30	0.00
Core	CPU	C1%	C3%	C6%	C8%	C9%
-	-	3.67	0.38	6.33	4.85	0.11
0	0	14.67	0.40	7.60	13.66	0.00
0	4	0.00	0.00	0.06	0.39	0.00
1	1	14.72	2.58	40.74	19.75	0.00
1	5	0.00	0.06	0.99	1.28	0.87
2	2	0.00	0.00	0.27	1.34	0.00
2	6	0.00	0.00	0.28	0.89	0.00
3	3	0.00	0.00	0.37	0.69	0.00
3	7	0.00	0.00	0.35	0.78	0.00
Core	CPU	C1%	C3%	C6%	C8%	C9%
-	-	2.42	0.30	6.38	3.46	0.00
0	0	9.07	0.39	4.90	4.24	0.00
0	4	0.00	0.00	0.37	0.81	0.00
1	1	10.30	1.91	42.59	19.13	0.00
1	5	0.00	0.08	0.99	1.39	0.00
2	2	0.00	0.00	0.82	0.31	0.00
2	6	0.00	0.02	0.79	0.09	0.00
3	3	0.00	0.00	0.19	0.99	0.00
3	7	0.00	0.00	0.37	0.70	0.00
Core	CPU	C1%	C3%	C6%	C8%	C9%
-	-	4.05	0.44	6.47	4.61	0.06
0	0	16.08	0.41	7.93	11.51	0.00
0	4	0.00	0.02	0.86	0.51	0.00
1	1	16.33	2.97	40.53	18.72	0.00
1	5	0.00	0.11	1.00	1.87	0.45
2	2	0.00	0.00	0.45	1.88	0.00
2	6	0.00	0.00	0.51	0.70	0.00
3	3	0.00	0.00	0.32	0.80	0.00
3	7	0.00	0.00	0.18	0.91	0.00
Core	CPU	C1%	C3%	C6%	C8%	C9%
-	-	0.93	0.31	7.97	4.58	0.04
0	0	3.80	1.55	39.07	16.72	0.00
0	4	0.00	0.00	1.34	0.00	0.00
1	1	3.43	0.75	18.26	11.06	0.00
1	5	0.00	0.14	1.78	1.56	0.29
2	2	0.20	0.00	0.55	1.39	0.00
2	6	0.00	0.04	0.58	1.77	0.00
3	3	0.00	0.00	1.60	2.67	0.00
3	7	0.00	0.02	0.56	1.47	0.00
Core	CPU	C1%	C3%	C6%	C8%	C9%
-	-	3.37	0.44	6.64	4.24	0.00
0	0	14.07	0.69	9.47	9.29	0.00
0	4	0.00	0.00	1.27	0.70	0.00
1	1	0.00	0.00	0.40	1.29	0.00
1	5	0.00	0.06	1.00	0.49	0.00
2	2	0.00	0.00	0.22	0.90	0.00
2	6	0.00	0.00	0.89	0.69	0.00
3	3	0.00	0.00	0.28	0.89	0.00
3	7	12.91	2.75	39.56	19.69	0.00
Core	CPU	C1%	C3%	C6%	C8%	C9%
-	-	0.69	0.31	8.12	3.96	1.45
0	0	2.59	2.11	51.09	19.42	0.00
0	4	0.03	0.02	0.69	0.67	11.56
1	1	2.86	0.29	9.55	6.61	0.00
1	5	0.00	0.05	1.43	0.69	0.00
2	2	0.02	0.00	0.61	1.02	0.00
2	6	0.00	0.00	0.34	0.89	0.00
3	3	0.00	0.00	0.61	0.80	0.00
3	7	0.02	0.01	0.62	1.59	0.00
Core	CPU	C1%	C3%	C6%	C8%	C9%
-	-	3.61	0.33	6.35	4.51	0.03
0	0	14.95	0.36	6.22	9.12	0.00
0	4	0.00	0.00	1.10	0.80	0.00
1	1	13.95	2.17	40.60	19.61	0.00
1	5	0.00	0.07	0.90	1.68	0.22
2	2	0.00	0.00	0.79	0.89	0.00
2	6	0.00	0.00	0.38	1.39	0.00
3	3	0.00	0.00	0.46	1.19	0.00
3	7	0.00	0.00	0.33	1.38	0.00
Core	CPU	C1%	C3%	C6%	C8%	C9%
-	-	2.31	0.21	6.45	4.04	0.16
0	0	8.81	0.49	7.44	3.70	0.39
0	4	0.00	0.00	0.37	0.79	0.00
1	1	9.65	1.17	40.95	22.94	0.01
1	5	0.00	0.03	1.14	1.38	0.00
2	2	0.00	0.00	0.22	0.90	0.00
2	6	0.00	0.01	0.79	1.19	0.89
3	3	0.00	0.00	0.19	0.89	0.00
3	7	0.00	0.00	0.52	0.56	0.00
Core	CPU	C1%	C3%	C6%	C8%	C9%
-	-	3.36	0.35	6.87	4.39	0.13
0	0	14.21	0.64	7.55	10.65	0.13
0	4	0.00	0.01	0.81	0.69	0.00
1	1	12.70	2.00	43.53	18.95	0.00
1	5	0.00	0.17	1.33	0.69	0.93
2	2	0.00	0.00	0.36	0.89	0.00
2	6	0.00	0.00	0.34	1.09	0.00
3	3	0.00	0.00	0.32	0.90	0.00
3	7	0.00	0.00	0.69	1.28	0.00
Core	CPU	C1%	C3%	C6%	C8%	C9%
-	-	0.00	0.26	8.58	4.28	0.00
0	0	0.00	2.04	64.55	26.92	0.00
0	4	0.00	0.00	0.54	0.59	0.00
1	1	0.00	0.02	0.52	1.58	0.00
1	5	0.00	0.00	1.21	0.30	0.00
2	2	0.00	0.00	0.49	0.79	0.00
2	6	0.00	0.00	0.48	1.58	0.00
3	3	0.00	0.00	0.63	1.28	0.00
3	7	0.00	0.00	0.23	1.19	0.00
Core	CPU	C1%	C3%	C6%	C8%	C9%
-	-	2.71	0.46	7.46	4.09	0.00
0	0	11.26	1.41	34.70	18.28	0.00
0	4	0.00	0.00	0.69	0.78	0.00
1	1	10.44	2.24	22.88	10.14	0.00
1	5	0.00	0.04	0.62	0.28	0.00
2	2	0.01	0.00	0.09	0.30	0.00
2	6	0.00	0.00	0.19	1.09	0.00
3	3	0.00	0.00	0.28	0.89	0.00
3	7	0.00	0.00	0.25	0.99	0.00
Core	CPU	C1%	C3%	C6%	C8%	C9%
-	-	0.00	0.28	8.88	4.11	0.00
0	0	0.00	2.21	64.48	26.69	0.00
0	4	0.00	0.00	0.98	0.10	0.00
1	1	0.00	0.00	1.27	0.99	0.00
1	5	0.00	0.04	0.77	0.96	0.00
2	2	0.00	0.00	1.02	0.39	0.00
2	6	0.00	0.02	1.25	1.28	0.00
3	3	0.00	0.00	0.48	1.19	0.00
3	7	0.00	0.00	0.77	1.28	0.00
Core	CPU	C1%	C3%	C6%	C8%	C9%
-	-	2.98	0.41	6.21	4.03	0.06
0	0	11.16	0.48	6.93	8.82	0.00
0	4	0.00	0.02	0.49	0.00	0.00
1	1	12.70	2.58	40.39	18.70	0.00
1	5	0.00	0.06	1.07	0.50	0.49
2	2	0.00	0.00	0.25	0.90	0.00
2	6	0.00	0.00	0.15	1.57	0.00
3	3	0.00	0.10	0.22	0.80	0.00
3	7	0.00	0.00	0.20	0.99	0.00
Core	CPU	C1%	C3%	C6%	C8%	C9%
-	-	0.00	0.35	8.87	7.35	0.71
0	0	0.00	2.55	64.71	26.15	0.00
0	4	0.00	0.00	0.44	0.20	4.70
1	1	0.00	0.00	1.33	1.09	0.00
1	5	0.00	0.10	1.22	0.20	0.96
2	2	0.00	0.00	0.41	0.68	0.00
2	6	0.01	0.16	1.21	28.70	0.00
3	3	0.00	0.00	1.42	0.77	0.00
3	7	0.00	0.00	0.25	0.98	0.00
Core	CPU	C1%	C3%	C6%	C8%	C9%
-	-	0.00	0.28	8.73	4.01	0.00
0	0	0.00	2.13	64.38	26.99	0.00
0	4	0.00	0.00	1.17	0.40	0.00
1	1	0.00	0.00	0.56	0.89	0.00
1	5	0.00	0.07	1.20	0.89	0.00
2	2	0.00	0.00	0.83	0.39	0.00
2	6	0.00	0.00	0.99	0.40	0.00
3	3	0.00	0.00	0.29	1.34	0.00
3	7	0.00	0.00	0.41	0.77	0.00
Core	CPU	C1%	C3%	C6%	C8%	C9%
-	-	0.00	0.31	8.58	4.00	0.11
0	0	0.00	2.41	65.09	26.03	0.00
0	4	0.00	0.00	0.50	0.00	0.90
1	1	0.00	0.00	0.28	0.98	0.00
1	5	0.00	0.07	1.29	0.79	0.00
2	2	0.01	0.00	0.24	0.99	0.00
2	6	0.00	0.00	0.32	0.99	0.00
3	3	0.00	0.00	0.19	1.03	0.00
3	7	0.00	0.00	0.69	1.18	0.00
Core	CPU	C1%	C3%	C6%	C8%	C9%
-	-	0.09	0.26	8.53	4.04	0.00
0	0	0.00	2.02	64.02	27.44	0.00
0	4	0.00	0.00	0.63	0.10	0.00
1	1	0.00	0.01	0.32	0.60	0.00
1	5	0.00	0.08	1.02	0.59	0.00
2	2	0.00	0.00	0.28	1.09	0.00
2	6	0.00	0.00	0.36	0.90	0.00
3	3	0.00	0.00	0.83	0.80	0.00
3	7	0.71	0.01	0.80	0.79	0.00
Core	CPU	C1%	C3%	C6%	C8%	C9%
-	-	2.11	0.26	6.09	4.24	0.12
0	0	8.80	0.44	7.71	5.46	0.00
0	4	0.00	0.00	0.64	0.10	0.00
1	1	8.07	1.50	38.67	24.38	0.00
1	5	0.00	0.15	0.81	0.00	0.99
2	2	0.00	0.00	0.10	1.08	0.00
2	6	0.00	0.00	0.37	0.98	0.00
3	3	0.00	0.00	0.26	0.97	0.00
3	7	0.00	0.00	0.14	0.98	0.00
Core	CPU	C1%	C3%	C6%	C8%	C9%
-	-	2.81	0.35	6.56	4.62	0.00
0	0	11.25	0.75	8.11	8.69	0.00
0	4	0.00	0.00	0.83	0.99	0.00
1	1	11.18	1.86	40.76	20.83	0.00
1	5	0.00	0.21	1.12	1.97	0.00
2	2	0.00	0.02	0.30	0.80	0.00
2	6	0.00	0.00	0.19	1.50	0.00
3	3	0.00	0.00	0.29	1.25	0.00
3	7	0.05	0.00	0.87	0.88	0.00
Core	CPU	C1%	C3%	C6%	C8%	C9%
-	-	2.16	0.25	6.54	3.66	0.00
0	0	8.39	0.71	6.74	2.91	0.00
0	4	0.00	0.00	0.38	0.81	0.00
1	1	8.91	1.11	42.48	20.97	0.00
1	5	0.00	0.12	1.39	1.08	0.00
2	2	0.00	0.00	0.24	1.08	0.00
2	6	0.00	0.03	0.29	0.99	0.00
3	3	0.00	0.00	0.19	0.94	0.00
3	7	0.00	0.00	0.58	0.50	0.00
Core	CPU	C1%	C3%	C6%	C8%	C9%
-	-	1.58	0.34	7.09	4.05	0.12
0	0	6.24	1.35	29.78	12.93	0.00
0	4	0.00	0.00	0.12	0.50	0.00
1	1	6.36	1.24	24.50	14.41	0.00
1	5	0.00	0.10	1.12	0.79	0.97
2	2	0.00	0.00	0.44	0.99	0.00
2	6	0.00	0.00	0.36	0.98	0.00
3	3	0.00	0.00	0.23	0.91	0.00
3	7	0.00	0.00	0.19	0.90	0.00
Core	CPU	C1%	C3%	C6%	C8%	C9%
-	-	0.00	0.27	8.41	4.16	0.00
0	0	0.00	2.04	64.28	27.19	0.00
0	4	0.00	0.00	0.85	0.10	0.00
1	1	0.00	0.00	0.24	1.29	0.00
1	5	0.00	0.08	1.13	0.69	0.00
2	2	0.00	0.00	0.10	0.79	0.00
2	6	0.00	0.00	0.27	1.08	0.00
3	3	0.00	0.00	0.27	1.06	0.00
3	7	0.00	0.00	0.15	1.08	0.00
Core	CPU	C1%	C3%	C6%	C8%	C9%
-	-	0.00	0.31	8.93	4.06	0.48
0	0	0.00	2.27	64.82	26.20	0.00
0	4	0.00	0.03	2.05	0.26	3.87
1	1	0.00	0.00	0.86	1.38	0.00
1	5	0.00	0.14	1.30	0.59	0.00
2	2	0.00	0.00	0.92	0.59	0.00
2	6	0.00	0.00	0.60	0.79	0.00
3	3	0.00	0.00	0.43	1.67	0.00
3	7	0.00	0.00	0.45	0.98	0.00
Core	CPU	C1%	C3%	C6%	C8%	C9%
-	-	2.07	0.30	6.61	3.59	0.00
0	0	8.79	0.54	7.41	3.63	0.00
0	4	0.00	0.00	1.08	0.40	0.00
1	1	7.78	1.41	42.05	20.73	0.00
1	5	0.00	0.13	1.03	0.26	0.00
2	2	0.00	0.00	0.45	0.89	0.00
2	6	0.00	0.00	0.33	0.89	0.00
3	3	0.00	0.02	0.49	0.91	0.00
3	7	0.00	0.31	0.06	0.98	0.00
Core	CPU	C1%	C3%	C6%	C8%	C9%
-	-	3.31	0.35	6.56	4.19	0.00
0	0	13.96	0.55	8.06	10.70	0.00
0	4	0.00	0.00	0.33	0.20	0.00
1	1	12.53	2.17	42.23	18.76	0.00
1	5	0.00	0.08	0.84	0.00	0.00
2	2	0.00	0.00	0.29	1.08	0.00
2	6	0.00	0.00	0.28	0.89	0.00
3	3	0.00	0.00	0.26	0.88	0.00
3	7	0.00	0.00	0.23	0.99	0.00
Core	CPU	C1%	C3%	C6%	C8%	C9%
-	-	1.72	0.22	6.21	3.79	0.09
0	0	7.17	0.73	6.46	2.82	0.00
0	4	0.00	0.00	0.36	0.88	0.00
1	1	6.60	0.83	40.72	22.69	0.00
1	5	0.00	0.13	1.10	1.20	0.70
2	2	0.00	0.01	0.29	0.21	0.00
2	6	0.00	0.01	0.00	0.74	0.00
3	3	0.00	0.00	0.29	0.88	0.00
3	7	0.00	0.00	0.46	0.88	0.00
Core	CPU	C1%	C3%	C6%	C8%	C9%
-	-	3.13	0.63	6.93	4.29	0.00
0	0	12.39	0.44	8.49	7.78	0.00
0	4	0.00	0.00	0.36	1.59	0.00
1	1	12.66	2.31	42.49	17.90	0.00
1	5	0.00	0.08	1.62	2.47	0.00
2	2	0.00	2.18	0.06	0.01	0.00
2	6	0.00	0.00	1.02	1.41	0.00
3	3	0.00	0.01	0.99	1.59	0.00
3	7	0.00	0.00	0.39	1.58	0.00
Core	CPU	C1%	C3%	C6%	C8%	C9%
-	-	3.47	0.42	6.65	3.79	0.00
0	0	15.04	0.47	7.77	9.69	0.00
0	4	0.00	0.00	0.12	0.40	0.00
1	1	0.00	0.00	0.20	0.40	0.00
1	5	0.00	0.12	1.05	0.30	0.00
2	2	12.71	2.75	42.13	18.18	0.00
2	6	0.00	0.00	0.42	0.79	0.00
3	3	0.00	0.00	0.83	0.39	0.00
3	7	0.00	0.01	0.69	0.20	0.00
Core	CPU	C1%	C3%	C6%	C8%	C9%
-	-	4.30	0.53	6.75	4.72	0.00
0	0	17.63	1.14	9.79	14.55	0.00
0	4	0.00	0.00	0.43	0.50	0.00
1	1	0.00	0.11	0.23	0.89	0.00
1	5	0.00	0.06	1.26	1.27	0.00
2	2	16.74	2.94	40.58	17.20	0.00
2	6	0.00	0.02	0.99	1.97	0.00
3	3	0.00	0.00	0.37	0.79	0.00
3	7	0.00	0.00	0.34	0.59	0.00
Core	CPU	C1%	C3%	C6%	C8%	C9%
-	-	3.16	0.33	6.71	4.18	0.00
0	0	13.18	0.66	6.61	10.12	0.00
0	4	0.00	0.00	0.27	0.90	0.00
1	1	0.00	0.00	0.76	0.30	0.00
1	5	0.00	0.00	0.81	0.39	0.00
2	2	12.10	1.92	43.37	18.64	0.00
2	6	0.00	0.04	1.40	1.08	0.00
3	3	0.00	0.00	0.10	0.89	0.00
3	7	0.00	0.00	0.37	1.09	0.00
Core	CPU	C1%	C3%	C6%	C8%	C9%
-	-	3.54	0.37	6.89	3.73	0.00
0	0	15.21	0.74	10.48	8.36	0.00
0	4	0.00	0.02	0.33	0.71	0.00
1	1	0.00	0.00	0.19	0.20	0.00
1	5	0.00	0.00	0.28	0.79	0.00
2	2	13.08	2.16	42.84	17.43	0.00
2	6	0.00	0.01	0.56	0.98	0.00
3	3	0.00	0.00	0.28	0.60	0.00
3	7	0.00	0.00	0.20	0.80	0.00
Core	CPU	C1%	C3%	C6%	C8%	C9%
-	-	3.50	0.35	6.15	4.51	0.08
0	0	14.85	0.53	6.39	12.12	0.00
0	4	0.00	0.00	0.13	0.50	0.00
1	1	0.00	0.02	0.49	0.02	0.00
1	5	0.00	0.00	0.30	0.10	0.00
2	2	13.18	2.24	40.10	20.89	0.00
2	6	0.00	0.03	1.28	0.59	0.60
3	3	0.00	0.00	0.25	0.89	0.00
3	7	0.01	0.00	0.23	0.99	0.00
Core	CPU	C1%	C3%	C6%	C8%	C9%
-	-	3.55	0.46	7.52	4.28	0.66
0	0	14.80	1.52	25.06	18.08	0.00
0	4	0.00	0.00	0.37	0.90	0.00
1	1	0.00	0.01	0.35	0.89	0.00
1	5	0.00	0.02	0.44	0.99	0.00
2	2	13.62	2.09	31.79	10.54	0.00
2	6	0.00	0.03	1.45	1.18	5.28
3	3	0.00	0.00	0.20	0.99	0.00
3	7	0.00	0.00	0.47	0.69	0.00
Core	CPU	C1%	C3%	C6%	C8%	C9%
-	-	2.57	0.30	6.06	4.02	0.11
0	0	10.45	0.49	6.81	5.35	0.00
0	4	0.00	0.00	0.09	0.51	0.00
1	1	10.09	1.84	39.46	21.27	0.00
1	5	0.00	0.00	0.37	1.00	0.91
2	2	0.00	0.00	0.26	0.89	0.00
2	6	0.00	0.04	0.98	1.39	0.00
3	3	0.00	0.02	0.29	0.90	0.00
3	7	0.00	0.00	0.19	0.90	0.00
Core	CPU	C1%	C3%	C6%	C8%	C9%
-	-	2.10	0.38	7.26	4.67	0.00
0	0	9.83	1.00	24.52	14.85	0.00
0	4	0.00	0.01	0.43	0.70	0.00
1	1	7.00	1.97	31.11	15.83	0.00
1	5	0.00	0.00	0.31	1.97	0.00
2	2	0.00	0.00	0.29	0.99	0.00
2	6	0.00	0.00	0.49	1.67	0.00
3	3	0.00	0.00	0.73	0.30	0.00
3	7	0.00	0.03	0.20	1.08	0.00
Core	CPU	C1%	C3%	C6%	C8%	C9%
-	-	2.46	0.29	6.45	7.52	0.00
0	0	9.55	0.36	6.62	5.52	0.01
0	4	0.00	0.00	0.85	1.28	0.00
1	1	10.11	1.75	40.86	21.54	0.00
1	5	0.00	0.00	0.41	1.08	0.00
2	2	0.00	0.01	0.58	0.00	0.00
2	6	0.01	0.23	1.38	29.09	0.00
3	3	0.00	0.00	0.28	0.89	0.00
3	7	0.00	0.00	0.65	0.79	0.00
Core	CPU	C1%	C3%	C6%	C8%	C9%
-	-	2.82	0.40	7.44	4.25	0.00
0	0	12.36	1.01	22.93	15.40	0.00
0	4	0.00	0.00	0.19	0.70	0.00
1	1	10.19	2.11	33.90	13.77	0.00
1	5	0.00	0.00	0.35	0.90	0.00
2	2	0.00	0.00	0.33	1.01	0.00
2	6	0.00	0.05	1.10	0.39	0.00
3	3	0.00	0.00	0.19	0.90	0.00
3	7	0.00	0.03	0.51	0.97	0.00
Core	CPU	C1%	C3%	C6%	C8%	C9%
-	-	0.00	0.27	8.54	4.16	0.00
0	0	0.00	2.08	64.66	26.76	0.00
0	4	0.00	0.01	0.60	0.00	0.00
1	1	0.00	0.00	1.11	1.76	0.00
1	5	0.00	0.00	0.38	0.99	0.00
2	2	0.00	0.00	0.35	0.60	0.00
2	6	0.00	0.02	0.65	1.09	0.00
3	3	0.00	0.02	0.39	0.90	0.00
3	7	0.00	0.00	0.19	1.19	0.00
Core	CPU	C1%	C3%	C6%	C8%	C9%
-	-	3.30	0.31	6.80	4.30	0.96
0	0	13.99	0.43	8.32	7.63	0.00
0	4	0.00	0.00	1.29	1.60	0.00
1	1	12.42	1.96	40.61	19.02	0.00
1	5	0.00	0.00	0.63	2.37	7.67
2	2	0.00	0.00	0.98	0.59	0.00
2	6	0.00	0.06	1.94	0.83	0.00
3	3	0.00	0.00	0.44	1.48	0.00
3	7	0.00	0.00	0.22	0.89	0.00
Core	CPU	C1%	C3%	C6%	C8%	C9%
-	-	3.03	0.26	6.43	3.77	0.00
0	0	12.87	0.62	6.99	6.37	0.00
0	4	0.00	0.00	0.86	0.49	0.00
1	1	11.35	1.41	41.94	19.03	0.00
1	5	0.00	0.00	0.39	1.07	0.00
2	2	0.00	0.01	0.20	0.30	0.00
2	6	0.00	0.00	0.21	0.80	0.00
3	3	0.00	0.00	0.37	1.19	0.00
3	7	0.00	0.00	0.46	0.88	0.00
Core	CPU	C1%	C3%	C6%	C8%	C9%
-	-	4.40	0.46	6.58	4.46	0.67
0	0	17.73	1.24	9.25	12.46	0.00
0	4	0.00	0.00	0.19	0.30	0.00
1	1	17.48	2.38	41.22	17.08	0.00
1	5	0.00	0.00	0.40	1.97	5.38
2	2	0.00	0.00	0.25	0.89	0.00
2	6	0.00	0.03	0.63	1.79	0.00
3	3	0.00	0.02	0.33	0.50	0.00
3	7	0.00	0.00	0.38	0.69	0.00
Core	CPU	C1%	C3%	C6%	C8%	C9%
-	-	0.00	0.29	8.81	3.98	1.05
0	0	0.00	2.30	66.12	25.09	0.00
0	4	0.00	0.00	0.52	0.21	4.96
1	1	0.00	0.00	0.28	1.19	0.00
1	5	0.00	0.00	0.44	1.48	0.00
2	2	0.00	0.00	0.37	1.29	0.00
2	6	0.00	0.03	0.84	1.19	0.00
3	3	0.00	0.00	1.02	0.69	0.00
3	7	0.00	0.01	0.89	0.69	3.45
Core	CPU	C1%	C3%	C6%	C8%	C9%
-	-	0.00	0.28	8.47	4.13	0.00
0	0	0.00	2.19	64.70	26.63	0.00
0	4	0.00	0.00	1.39	0.21	0.00
1	1	0.00	0.00	0.14	1.60	0.00
1	5	0.00	0.02	0.29	0.80	0.00
2	2	0.00	0.00	0.00	0.50	0.00
2	6	0.00	0.04	0.77	1.19	0.00
3	3	0.00	0.00	0.36	0.99	0.00
3	7	0.00	0.00	0.14	1.09	0.00
Core	CPU	C1%	C3%	C6%	C8%	C9%
-	-	0.00	0.29	8.50	4.15	0.85
0	0	0.00	2.25	65.14	26.16	0.00
0	4	0.00	0.00	0.86	0.21	6.76
1	1	0.00	0.02	0.25	0.89	0.00
1	5	0.00	0.00	0.18	1.28	0.00
2	2	0.00	0.02	0.39	0.70	0.00
2	6	0.00	0.00	0.62	1.98	0.00
3	3	0.00	0.00	0.19	0.98	0.00
3	7	0.00	0.00	0.37	0.98	0.00
Core	CPU	C1%	C3%	C6%	C8%	C9%
-	-	3.21	0.47	6.39	4.22	0.04
0	0	12.84	0.84	9.03	10.05	0.01
0	4	0.00	0.00	0.59	0.11	0.00
1	1	12.81	2.87	39.49	18.89	0.00
1	5	0.00	0.00	0.40	0.79	0.32
2	2	0.00	0.00	0.25	0.89	0.00
2	6	0.00	0.00	0.69	1.57	0.00
3	3	0.00	0.01	0.29	0.80	0.00
3	7	0.00	0.02	0.39	0.69	0.00
Core	CPU	C1%	C3%	C6%	C8%	C9%
-	-	3.35	0.31	6.78	4.24	0.00
0	0	14.64	0.44	9.58	10.41	0.01
0	4	0.00	0.00	0.32	0.20	0.00
1	1	12.14	2.00	41.50	19.07	0.00
1	5	0.00	0.00	0.43	0.09	0.00
2	2	0.00	0.00	0.65	1.59	0.00
2	6	0.00	0.00	0.75	0.79	0.00
3	3	0.00	0.00	0.14	0.99	0.00
3	7	0.00	0.03	0.86	0.78	0.00
Core	CPU	C1%	C3%	C6%	C8%	C9%
-	-	1.74	0.38	7.37	4.17	0.53
0	0	7.64	1.36	27.29	10.78	0.00
0	4	0.00	0.01	0.67	1.59	0.00
1	1	6.30	1.63	27.50	15.84	0.00
1	5	0.00	0.00	1.30	0.49	0.95
2	2	0.00	0.02	0.68	0.79	0.00
2	6	0.00	0.00	0.49	1.60	0.00
3	3	0.00	0.00	0.38	1.19	0.00
3	7	0.01	0.00	0.65	1.09	3.29
Core	CPU	C1%	C3%	C6%	C8%	C9%
-	-	0.01	0.28	8.44	4.29	0.00
0	0	0.00	2.20	64.23	27.06	0.00
0	4	0.00	0.00	0.39	0.31	0.00
1	1	0.08	0.02	0.28	1.98	0.00
1	5	0.00	0.00	0.37	0.79	0.00
2	2	0.00	0.00	0.34	1.09	0.00
2	6	0.00	0.02	0.83	1.50	0.00
3	3	0.00	0.01	0.79	0.79	0.00
3	7	0.00	0.00	0.29	0.79	0.00
Core	CPU	C1%	C3%	C6%	C8%	C9%
-	-	0.09	0.33	8.91	3.94	0.60
0	0	0.00	2.59	64.86	26.11	0.00
0	4	0.00	0.00	1.52	0.10	3.99
1	1	0.00	0.02	0.40	0.99	0.00
1	5	0.00	0.00	0.10	0.40	0.00
2	2	0.00	0.00	0.38	1.48	0.00
2	6	0.00	0.00	1.42	1.00	0.81
3	3	0.00	0.00	1.14	0.69	0.00
3	7	0.71	0.02	1.44	0.72	0.00
Core	CPU	C1%	C3%	C6%	C8%	C9%
-	-	0.00	0.27	8.47	3.95	0.00
0	0	0.00	2.09	64.84	26.56	0.00
0	4	0.00	0.00	0.86	0.00	0.00
1	1	0.00	0.00	0.14	0.90	0.00
1	5	0.00	0.00	0.13	0.40	0.00
2	2	0.00	0.00	0.59	0.50	0.00
2	6	0.00	0.04	0.41	1.47	0.00
3	3	0.00	0.00	0.37	0.99	0.00
3	7	0.00	0.00	0.45	0.79	0.00
Core	CPU	C1%	C3%	C6%	C8%	C9%
-	-	0.00	0.29	8.53	4.02	0.00
0	0	0.00	2.28	64.07	27.14	0.00
0	4	0.00	0.00	1.66	0.10	0.00
1	1	0.00	0.00	0.27	1.38	0.00
1	5	0.00	0.00	0.43	0.60	0.00
2	2	0.00	0.00	0.23	0.99	0.00
2	6	0.00	0.02	1.10	0.29	0.00
3	3	0.00	0.00	0.10	0.91	0.00
3	7	0.00	0.00	0.37	0.79	0.00
Core	CPU	C1%	C3%	C6%	C8%	C9%
-	-	0.00	0.28	8.67	4.51	1.54
0	0	0.00	2.18	65.35	25.98	0.00
0	4	0.00	0.00	0.99	0.00	8.96
1	1	0.00	0.00	0.39	1.29	0.00
1	5	0.00	0.00	0.26	1.68	0.00
2	2	0.00	0.00	0.84	1.29	0.00
2	6	0.00	0.00	0.64	2.08	0.00
3	3	0.00	0.00	0.51	1.69	0.00
3	7	0.00	0.02	0.35	2.07	3.34
Core	CPU	C1%	C3%	C6%	C8%	C9%
-	-	0.00	0.29	8.55	3.97	0.00
0	0	0.00	2.30	64.87	26.31	0.00
0	4	0.00	0.00	1.04	0.00	0.00
1	1	0.00	0.00	0.61	0.63	0.00
1	5	0.00	0.00	0.00	0.50	0.00
2	2	0.00	0.00	0.19	0.99	0.00
2	6	0.00	0.00	0.52	1.59	0.00
3	3	0.00	0.00	0.36	0.98	0.00
3	7	0.00	0.00	0.82	0.79	0.00
Core	CPU	C1%	C3%	C6%	C8%	C9%
-	-	2.49	0.28	6.27	3.84	0.00
0	0	10.45	0.50	6.78	4.23	0.00
0	4	0.00	0.00	0.65	0.39	0.00
1	1	9.43	1.73	39.96	21.35	0.00
1	5	0.00	0.00	0.81	0.20	0.00
2	2	0.00	0.00	0.49	0.50	0.00
2	6	0.00	0.01	0.80	1.88	0.00
3	3	0.00	0.00	0.37	1.08	0.00
3	7	0.00	0.00	0.30	1.08	0.00
Core	CPU	C1%	C3%	C6%	C8%	C9%
-	-	0.00	0.28	8.55	4.07	0.00
0	0	0.00	2.17	64.49	26.80	0.00
0	4	0.00	0.00	1.22	0.40	0.00
1	1	0.00	0.09	0.46	1.28	0.00
1	5	0.00	0.00	0.45	0.69	0.00
2	2	0.00	0.00	0.32	0.80	0.00
2	6	0.00	0.00	0.89	0.70	0.00
3	3	0.00	0.00	0.19	0.99	0.00
3	7	0.00	0.00	0.36	0.89	0.00
Core	CPU	C1%	C3%	C6%	C8%	C9%
-	-	0.00	0.27	8.65	4.44	0.00
0	0	0.00	2.15	64.76	26.48	0.00
0	4	0.00	0.00	0.99	0.00	0.00
1	1	0.00	0.00	0.38	1.58	0.00
1	5	0.00	0.00	0.40	1.88	0.00
2	2	0.00	0.00	1.03	0.79	0.00
2	6	0.00	0.00	0.63	1.80	0.00
3	3	0.00	0.01	0.58	1.30	0.00
3	7	0.00	0.00	0.37	1.73	0.00
Core	CPU	C1%	C3%	C6%	C8%	C9%
-	-	1.67	0.35	7.73	4.65	0.69
0	0	7.64	1.44	40.97	20.44	0.00
0	4	0.00	0.00	0.54	0.00	4.77
1	1	5.74	1.31	16.93	9.98	0.00
1	5	0.00	0.00	0.10	0.50	0.77
2	2	0.00	0.00	0.93	1.28	0.00
2	6	0.00	0.00	0.98	2.37	0.00
3	3	0.00	0.00	0.63	1.28	0.00
3	7	0.00	0.03	0.77	1.38	0.00
Core	CPU	C1%	C3%	C6%	C8%	C9%
-	-	3.04	0.39	6.81	7.54	0.00
0	0	12.04	0.61	10.39	15.83	0.01
0	4	0.00	0.00	0.55	0.40	0.00
1	1	12.26	2.34	41.03	20.67	0.00
1	5	0.00	0.00	0.15	0.68	0.00
2	2	0.00	0.00	0.10	0.60	0.00
2	6	0.01	0.15	1.34	20.30	0.00
3	3	0.00	0.00	0.28	0.98	0.00
3	7	0.00	0.00	0.65	0.88	0.00
Core	CPU	C1%	C3%	C6%	C8%	C9%
-	-	3.09	0.47	6.98	6.03	0.00
0	0	12.98	1.20	12.33	15.62	0.01
0	4	0.00	0.00	0.62	0.88	0.00
1	1	11.72	2.50	40.77	20.25	0.00
1	5	0.00	0.00	0.33	0.89	0.00
2	2	0.00	0.00	0.14	0.78	0.00
2	6	0.00	0.03	1.17	8.55	0.00
3	3	0.00	0.00	0.13	0.70	0.00
3	7	0.00	0.00	0.38	0.59	0.00
Core	CPU	C1%	C3%	C6%	C8%	C9%
-	-	1.92	0.35	7.24	5.30	0.00
0	0	8.90	0.80	11.34	16.22	0.00
0	4	0.00	0.02	0.29	0.41	0.00
1	1	6.50	1.99	42.98	21.82	0.00
1	5	0.00	0.00	0.30	1.36	0.00
2	2	0.00	0.00	0.57	0.98	0.00
2	6	0.00	0.00	0.65	1.00	0.00
3	3	0.00	0.00	0.93	0.30	0.00
3	7	0.00	0.02	0.85	0.30	0.00
Core	CPU	C1%	C3%	C6%	C8%	C9%
-	-	2.64	0.51	6.93	5.04	0.00
0	0	11.37	1.01	11.67	16.03	0.00
0	4	0.00	0.00	0.15	0.39	0.00
1	1	9.74	3.03	40.80	19.54	0.00
1	5	0.00	0.02	0.76	0.30	0.00
2	2	0.00	0.00	0.39	0.00	0.00
2	6	0.00	0.04	0.67	1.47	0.00
3	3	0.00	0.00	0.56	1.39	0.00
3	7	0.00	0.00	0.43	1.19	0.00
Core	CPU	C1%	C3%	C6%	C8%	C9%
-	-	0.00	0.28	8.68	4.39	0.00
0	0	0.01	2.14	64.58	26.79	0.00
0	4	0.00	0.00	0.87	0.50	0.00
1	1	0.00	0.00	0.40	1.68	0.00
1	5	0.00	0.00	0.65	1.09	0.00
2	2	0.00	0.00	0.53	1.08	0.00
2	6	0.00	0.07	0.67	1.48	0.00
3	3	0.00	0.00	0.89	1.29	0.00
3	7	0.00	0.00	0.87	1.18	0.00
Core	CPU	C1%	C3%	C6%	C8%	C9%
-	-	3.02	0.47	6.39	4.03	0.36
0	0	12.50	0.54	8.50	7.62	0.00
0	4	0.00	0.02	0.66	0.90	0.00
1	1	11.66	2.22	40.19	18.60	0.00
1	5	0.00	0.00	0.49	1.38	0.70
2	2	0.00	0.99	0.05	0.00	2.20
2	6	0.00	0.00	0.70	1.57	0.00
3	3	0.00	0.00	0.22	1.09	0.00
3	7	0.00	0.00	0.30	1.09	0.00
Core	CPU	C1%	C3%	C6%	C8%	C9%
-	-	0.00	0.29	9.01	4.16	0.00
0	0	0.00	2.25	65.01	26.20	0.00
0	4	0.00	0.00	0.34	0.30	0.00
1	1	0.00	0.03	1.65	0.82	0.00
1	5	0.00	0.01	1.08	0.20	0.00
2	2	0.00	0.00	0.29	1.64	0.00
2	6	0.00	0.01	1.07	1.38	0.00
3	3	0.00	0.00	1.05	1.19	0.00
3	7	0.00	0.00	1.60	1.58	0.00
Core	CPU	C1%	C3%	C6%	C8%	C9%
-	-	3.78	0.39	6.62	4.60	0.17
0	0	16.75	0.57	7.53	12.51	0.00
0	4	0.00	0.00	0.37	0.89	0.00
1	1	13.51	2.49	42.47	17.73	0.00
1	5	0.00	0.00	0.97	1.78	1.35
2	2	0.00	0.01	0.30	0.84	0.00
2	6	0.00	0.01	0.57	1.18	0.00
3	3	0.00	0.00	0.40	1.08	0.00
3	7	0.00	0.00	0.35	0.79	0.00
Core	CPU	C1%	C3%	C6%	C8%	C9%
-	-	3.57	0.31	6.25	4.15	0.72
0	0	14.63	0.49	6.64	9.15	0.00
0	4	0.00	0.00	0.38	0.50	0.00
1	1	13.92	1.99	40.04	18.60	0.00
1	5	0.00	0.00	0.95	1.58	5.80
2	2	0.00	0.00	0.31	0.81	0.00
2	6	0.00	0.03	1.08	0.69	0.00
3	3	0.00	0.00	0.28	0.90	0.00
3	7	0.00	0.00	0.27	0.99	0.00
Core	CPU	C1%	C3%	C6%	C8%	C9%
-	-	2.52	0.39	6.15	4.08	0.23
0	0	10.32	0.82	6.91	4.47	0.00
0	4	0.00	0.02	0.61	0.62	0.00
1	1	7.10	1.55	27.78	15.57	0.00
1	5	0.00	0.00	0.65	1.28	1.81
2	2	2.72	0.69	12.26	7.79	0.00
2	6	0.00	0.04	0.53	0.99	0.00
3	3	0.00	0.00	0.32	0.90	0.00
3	7	0.00	0.00	0.10	0.99	0.00
Core	CPU	C1%	C3%	C6%	C8%	C9%
-	-	3.15	0.28	6.53	4.01	0.00
0	0	13.69	0.57	7.35	8.46	0.00
0	4	0.00	0.00	0.24	0.40	0.00
1	1	2.49	0.32	13.99	6.46	0.00
1	5	0.00	0.00	0.89	0.30	0.00
2	2	9.02	1.37	27.44	14.32	0.00
2	6	0.00	0.01	1.61	0.20	0.00
3	3	0.00	0.00	0.36	0.99	0.00
3	7	0.01	0.00	0.33	0.99	0.00
Core	CPU	C1%	C3%	C6%	C8%	C9%
-	-	3.41	0.44	6.81	4.18	0.00
0	0	14.53	1.02	10.32	9.10	0.00
0	4	0.00	0.00	0.28	0.98	0.00
1	1	5.67	1.12	22.09	11.13	0.00
1	5	0.00	0.00	0.50	1.09	0.00
2	2	7.12	1.38	19.55	8.27	0.00
2	6	0.00	0.04	1.24	0.88	0.00
3	3	0.00	0.00	0.10	0.99	0.00
3	7	0.00	0.00	0.41	0.98	0.00
Core	CPU	C1%	C3%	C6%	C8%	C9%
-	-	2.10	0.32	6.58	4.59	0.00
0	0	7.99	0.74	8.26	7.31	0.00
0	4	0.00	0.00	0.00	0.59	0.00
1	1	0.00	0.00	0.83	1.78	0.00
1	5	0.00	0.02	0.86	1.42	0.00
2	2	8.81	1.79	40.74	21.80	0.00
2	6	0.00	0.01	1.55	1.28	0.00
3	3	0.00	0.02	0.29	1.19	0.00
3	7	0.00	0.00	0.10	1.38	0.00
Core	CPU	C1%	C3%	C6%	C8%	C9%
-	-	2.68	0.35	6.47	4.05	0.00
0	0	11.42	0.92	9.02	5.98	0.00
0	4	0.00	0.02	1.01	1.00	0.00
1	1	0.00	0.02	0.28	0.61	0.00
1	5	10.02	1.70	39.66	21.16	0.00
2	2	0.00	0.09	0.30	0.98	0.00
2	6	0.00	0.02	0.87	0.79	0.00
3	3	0.00	0.00	0.45	0.79	0.00
3	7	0.00	0.03	0.19	1.09	0.00
Core	CPU	C1%	C3%	C6%	C8%	C9%
-	-	3.16	0.47	6.48	4.86	0.00
0	0	13.08	0.88	8.32	14.69	0.01
0	4	0.00	0.00	0.46	0.61	0.00
1	1	12.13	2.86	40.18	20.06	0.00
1	5	0.04	0.00	0.83	0.71	0.00
2	2	0.00	0.02	0.80	0.81	0.00
2	6	0.00	0.03	0.59	0.60	0.00
3	3	0.00	0.00	0.18	0.89	0.00
3	7	0.00	0.00	0.46	0.50	0.00
Core	CPU	C1%	C3%	C6%	C8%	C9%
-	-	3.83	0.42	6.51	4.61	0.00
0	0	15.55	0.81	9.89	11.63	0.00
0	4	0.00	0.00	0.28	1.00	0.00
1	1	15.09	2.55	40.03	18.22	0.00
1	5	0.00	0.00	0.33	1.29	0.00
2	2	0.00	0.00	0.34	1.11	0.00
2	6	0.00	0.00	0.45	1.57	0.00
3	3	0.00	0.01	0.39	0.99	0.00
3	7	0.00	0.00	0.38	1.09	0.00
Core	CPU	C1%	C3%	C6%	C8%	C9%
-	-	0.00	0.30	8.57	3.98	0.11
0	0	0.02	2.33	64.84	25.61	0.00
0	4	0.00	0.02	0.30	0.20	0.00
1	1	0.00	0.00	0.70	0.70	0.00
1	5	0.00	0.03	0.38	0.98	0.00
2	2	0.00	0.00	0.26	1.28	0.00
2	6	0.00	0.00	0.74	0.90	0.00
3	3	0.00	0.00	0.81	0.99	0.00
3	7	0.00	0.00	0.55	1.19	0.90
Core	CPU	C1%	C3%	C6%	C8%	C9%
-	-	2.96	0.45	6.88	5.62	0.14
0	0	11.57	0.67	10.67	17.82	0.00
0	4	0.00	0.00	1.12	1.50	0.00
1	1	12.09	2.93	40.84	19.79	0.00
1	5	0.00	0.01	1.02	1.50	1.10
2	2	0.00	0.00	0.20	0.98	0.00
2	6	0.00	0.01	0.53	1.38	0.00
3	3	0.00	0.00	0.36	1.18	0.00
3	7	0.00	0.00	0.32	0.80	0.00
Core	CPU	C1%	C3%	C6%	C8%	C9%
-	-	2.00	0.33	7.16	5.03	0.12
0	0	8.17	0.94	11.53	13.65	0.00
0	4	0.00	0.00	0.47	1.09	0.00
1	1	7.83	1.60	41.45	20.31	0.00
1	5	0.00	0.00	0.94	1.78	0.95
2	2	0.00	0.02	0.89	0.49	0.00
2	6	0.00	0.05	1.14	0.60	0.00
3	3	0.00	0.00	0.29	1.18	0.00
3	7	0.00	0.00	0.57	1.18	0.00
Core	CPU	C1%	C3%	C6%	C8%	C9%
-	-	0.52	0.35	8.53	4.27	0.77
0	0	2.37	2.26	54.22	21.65	0.00
0	4	0.00	0.00	0.48	1.69	6.18
1	1	0.00	0.00	1.06	0.59	0.00
1	5	1.76	0.48	10.32	5.27	0.00
2	2	0.00	0.00	0.34	0.99	0.00
2	6	0.00	0.04	1.28	1.90	0.00
3	3	0.00	0.00	0.10	1.09	0.00
3	7	0.01	0.00	0.46	0.99	0.00
Core	CPU	C1%	C3%	C6%	C8%	C9%
-	-	0.00	0.26	8.58	3.88	0.20
0	0	0.00	2.03	64.74	26.73	0.00
0	4	0.00	0.00	0.24	0.38	1.59
1	1	0.00	0.00	0.31	0.20	0.00
1	5	0.00	0.00	0.53	0.78	0.00
2	2	0.00	0.00	0.27	0.89	0.00
2	6	0.00	0.02	0.74	0.89	0.00
3	3	0.00	0.00	0.93	0.79	0.00
3	7	0.00	0.01	0.90	0.39	0.00
Core	CPU	C1%	C3%	C6%	C8%	C9%
-	-	3.24	0.40	6.23	4.31	0.00
0	0	13.93	0.61	6.65	8.68	0.00
0	4	0.00	0.00	0.78	1.10	0.00
1	1	11.99	2.53	40.73	19.02	0.00
1	5	0.00	0.02	0.25	1.00	0.00
2	2	0.00	0.00	0.10	0.80	0.00
2	6	0.00	0.03	0.75	2.03	0.00
3	3	0.00	0.00	0.36	0.89	0.00
3	7	0.00	0.00	0.19	0.99	0.00
Core	CPU	C1%	C3%	C6%	C8%	C9%
-	-	2.30	0.29	6.27	6.56	0.00
0	0	8.72	0.61	6.35	4.12	0.00
0	4	0.00	0.00	0.46	0.71	0.00
1	1	9.65	1.52	40.28	22.34	0.00
1	5	0.00	0.00	0.33	1.28	0.00
2	2	0.00	0.00	0.22	0.90	0.00
2	6	0.05	0.22	1.75	21.47	0.00
3	3	0.00	0.00	0.29	0.98	0.00
3	7	0.00	0.00	0.47	0.69	0.00
Core	CPU	C1%	C3%	C6%	C8%	C9%
-	-	3.55	0.47	7.44	5.18	0.00
0	0	15.10	1.46	27.35	19.87	0.00
0	4	0.00	0.00	0.39	0.10	0.00
1	1	13.26	2.30	28.16	11.73	0.00
1	5	0.00	0.00	0.94	0.58	0.00
2	2	0.00	0.00	0.36	0.99	0.00
2	6	0.00	0.01	1.32	6.32	0.00
3	3	0.00	0.02	0.19	1.00	0.00
3	7	0.06	0.00	0.81	0.88	0.00
Core	CPU	C1%	C3%	C6%	C8%	C9%
-	-	0.00	0.29	8.69	3.60	2.59
0	0	0.00	2.29	66.03	25.19	0.00
0	4	0.00	0.00	0.53	0.09	20.72
1	1	0.00	0.01	0.60	0.19	0.00
1	5	0.00	0.00	0.50	0.00	0.00
2	2	0.00	0.00	0.28	0.89	0.00
2	6	0.00	0.00	0.66	0.99	0.00
3	3	0.00	0.00	0.24	0.89	0.00
3	7	0.00	0.03	0.67	0.59	0.00
Core	CPU	C1%	C3%	C6%	C8%	C9%
-	-	0.00	0.30	8.37	4.13	0.88
0	0	0.00	2.43	64.24	26.67	0.00
0	4	0.00	0.00	1.39	0.00	7.06
1	1	0.00	0.00	0.34	1.28	0.00
1	5	0.00	0.00	0.13	1.21	0.00
2	2	0.00	0.00	0.10	0.59	0.00
2	6	0.00	0.00	0.31	1.29	0.00
3	3	0.00	0.00	0.28	0.98	0.00
3	7	0.00	0.00	0.15	0.99	0.00
Core	CPU	C1%	C3%	C6%	C8%	C9%
-	-	0.00	0.28	8.75	4.11	0.00
0	0	0.00	2.23	64.93	26.21	0.00
0	4	0.00	0.00	0.87	0.00	0.00
1	1	0.00	0.00	0.53	1.29	0.00
1	5	0.00	0.00	0.34	1.29	0.00
2	2	0.00	0.00	0.93	0.79	0.00
2	6	0.00	0.02	1.27	0.53	0.00
3	3	0.00	0.00	0.71	1.97	0.00
3	7	0.00	0.00	0.44	0.79	0.00
Core	CPU	C1%	C3%	C6%	C8%	C9%
-	-	3.64	0.38	6.53	4.65	0.00
0	0	15.85	0.46	8.11	10.92	0.00
0	4	0.00	0.02	1.25	0.90	0.00
1	1	13.30	2.51	40.57	19.04	0.00
1	5	0.00	0.00	0.34	1.15	0.00
2	2	0.00	0.00	0.29	1.19	0.00
2	6	0.00	0.01	0.64	1.50	0.00
3	3	0.00	0.00	0.88	1.50	0.00
3	7	0.00	0.00	0.20	0.98	0.00
Core	CPU	C1%	C3%	C6%	C8%	C9%
-	-	2.88	0.30	6.34	4.03	0.00
0	0	11.93	0.49	7.30	6.84	0.00
0	4	0.00	0.00	0.23	0.40	0.00
1	1	11.08	1.92	41.52	19.25	0.00
1	5	0.00	0.00	0.24	1.39	0.00
2	2	0.00	0.00	0.19	1.37	0.00
2	6	0.00	0.03	0.66	1.04	0.00
3	3	0.00	0.00	0.35	0.88	0.00
3	7	0.00	0.00	0.24	1.08	0.00
Core	CPU	C1%	C3%	C6%	C8%	C9%
-	-	3.54	0.43	6.42	4.88	0.00
0	0	15.64	0.38	7.91	12.93	0.00
0	4	0.00	0.00	0.45	1.31	0.00
1	1	3.84	1.10	14.79	8.53	0.00
1	5	0.00	0.00	0.23	1.09	0.00
2	2	0.00	0.02	0.39	0.50	0.00
2	6	8.86	1.96	26.59	12.77	0.00
3	3	0.00	0.00	0.28	0.99	0.00
3	7	0.00	0.00	0.67	0.89	0.00
Core	CPU	C1%	C3%	C6%	C8%	C9%
-	-	3.10	0.34	6.39	4.29	0.00
0	0	13.84	0.34	7.04	8.98	0.00
0	4	0.00	0.00	0.09	0.40	0.00
1	1	0.00	0.00	0.28	0.89	0.00
1	5	0.00	0.00	0.43	0.98	0.00
2	2	0.00	0.00	1.03	1.59	0.00
2	6	10.98	2.34	41.79	19.70	0.00
3	3	0.00	0.00	0.20	0.99	0.00
3	7	0.00	0.00	0.29	0.79	0.00
Core	CPU	C1%	C3%	C6%	C8%	C9%
-	-	3.07	0.37	6.63	4.00	0.02
0	0	12.79	0.56	8.73	8.65	0.11
0	4	0.00	0.00	0.32	1.10	0.00
1	1	0.00	0.02	0.19	0.50	0.00
1	5	0.00	0.00	0.14	0.60	0.00
2	2	0.00	0.00	0.36	0.91	0.00
2	6	11.80	2.34	41.79	18.07	0.05
3	3	0.00	0.02	0.57	1.17	0.00
3	7	0.00	0.02	0.97	1.00	0.00
Core	CPU	C1%	C3%	C6%	C8%	C9%
-	-	3.05	0.31	6.58	4.28	0.00
0	0	12.78	0.55	6.86	11.67	0.00
0	4	0.00	0.00	0.27	0.69	0.00
1	1	3.76	0.82	18.84	9.86	0.00
1	5	0.00	0.00	0.52	0.10	0.00
2	2	0.00	0.01	0.40	0.40	0.00
2	6	7.83	1.13	24.51	9.74	0.00
3	3	0.00	0.00	0.88	0.80	0.00
3	7	0.00	0.00	0.36	0.97	0.00
Core	CPU	C1%	C3%	C6%	C8%	C9%
-	-	1.72	0.33	6.81	5.53	0.00
0	0	6.62	0.80	11.44	15.28	0.00
0	4	0.00	0.00	0.37	0.70	0.00
1	1	0.00	0.00	0.18	1.09	0.00
1	5	0.00	0.00	0.37	0.99	0.00
2	2	0.00	0.00	0.15	1.08	0.00
2	6	7.15	1.82	41.10	22.94	0.00
3	3	0.00	0.01	0.51	1.00	0.00
3	7	0.00	0.00	0.38	1.14	0.00
Core	CPU	C1%	C3%	C6%	C8%	C9%
-	-	2.05	0.33	7.25	5.01	0.00
0	0	8.10	0.83	12.66	13.13	0.00
0	4	0.00	0.00	0.52	0.00	0.00
1	1	1.14	0.22	7.87	4.71	0.00
1	5	0.00	0.00	0.30	0.98	0.00
2	2	0.00	0.00	0.73	1.49	0.00
2	6	7.14	1.59	34.86	17.36	0.00
3	3	0.00	0.02	0.54	1.09	0.00
3	7	0.01	0.00	0.49	1.31	0.00
Core	CPU	C1%	C3%	C6%	C8%	C9%
-	-	3.49	0.51	7.07	5.08	0.00
0	0	14.30	0.83	11.34	19.90	0.01
0	4	0.00	0.00	0.46	0.40	0.00
1	1	10.71	2.50	33.34	12.83	0.00
1	5	0.00	0.00	0.31	0.40	0.00
2	2	0.00	0.00	0.10	0.40	0.00
2	6	2.92	0.67	10.13	4.88	0.00
3	3	0.00	0.04	0.66	0.89	0.00
3	7	0.00	0.00	0.25	0.98	0.00
Core	CPU	C1%	C3%	C6%	C8%	C9%
-	-	2.68	0.37	7.23	5.33	0.11
0	0	11.41	0.82	12.53	17.12	0.00
0	4	0.00	0.00	0.38	0.80	0.00
1	1	10.01	2.08	43.03	19.50	0.00
1	5	0.00	0.01	0.42	0.90	0.00
2	2	0.00	0.00	0.23	1.00	0.00
2	6	0.00	0.03	0.47	0.79	0.00
3	3	0.00	0.00	0.50	1.19	0.00
3	7	0.00	0.00	0.33	1.33	0.89
Core	CPU	C1%	C3%	C6%	C8%	C9%
-	-	2.33	0.45	7.03	5.55	0.13
0	0	9.30	0.69	11.62	19.64	0.03
0	4	0.00	0.00	0.46	0.60	0.00
1	1	6.22	1.94	28.04	14.90	0.00
1	5	0.00	0.00	0.19	0.99	1.00
2	2	0.00	0.00	0.56	0.30	0.00
2	6	3.12	0.98	13.77	6.52	0.00
3	3	0.00	0.00	1.04	0.50	0.00
3	7	0.00	0.00	0.59	0.92	0.00
Core	CPU	C1%	C3%	C6%	C8%	C9%
-	-	0.31	0.28	8.47	3.82	0.00
0	0	1.40	2.03	62.71	25.39	0.00
0	4	0.00	0.00	0.44	0.60	0.00
1	1	0.00	0.00	0.14	0.40	0.00
1	5	0.00	0.02	0.30	1.38	0.00
2	2	0.00	0.00	0.30	0.29	0.00
2	6	1.04	0.20	2.93	0.64	0.00
3	3	0.00	0.00	0.58	1.00	0.00
3	7	0.00	0.00	0.35	0.88	0.00
Core	CPU	C1%	C3%	C6%	C8%	C9%
-	-	1.98	0.41	7.48	4.46	0.26
0	0	8.03	1.29	36.42	18.90	0.00
0	4	0.00	0.00	0.89	0.20	0.49
1	1	7.84	1.96	20.61	9.49	0.00
1	5	0.00	0.00	0.54	2.74	1.57
2	2	0.00	0.00	0.60	1.09	0.00
2	6	0.00	0.00	0.23	1.19	0.00
3	3	0.00	0.00	0.31	1.20	0.00
3	7	0.00	0.00	0.28	0.85	0.00
Core	CPU	C1%	C3%	C6%	C8%	C9%
-	-	2.56	0.48	6.40	4.64	0.01
0	0	10.84	0.57	8.34	9.60	0.12
0	4	0.00	0.03	0.59	0.09	0.00
1	1	9.63	1.41	39.16	22.55	0.00
1	5	0.00	0.00	0.89	2.26	0.00
2	2	0.00	1.69	0.05	0.00	0.00
2	6	0.00	0.10	0.24	0.89	0.00
3	3	0.00	0.01	1.13	0.89	0.00
3	7	0.00	0.01	0.79	0.82	0.00
Core	CPU	C1%	C3%	C6%	C8%	C9%
-	-	0.00	0.34	8.55	4.12	0.00
0	0	0.00	2.70	64.97	25.81	0.00
0	4	0.00	0.00	1.19	0.11	0.00
1	1	0.00	0.00	0.13	0.72	0.00
1	5	0.00	0.04	0.52	1.38	0.00
2	2	0.00	0.00	0.29	0.80	0.00
2	6	0.00	0.00	0.40	1.87	0.00
3	3	0.00	0.02	0.58	0.99	0.00
3	7	0.00	0.00	0.33	1.30	0.00
Core	CPU	C1%	C3%	C6%	C8%	C9%
-	-	2.37	0.28	6.58	4.16	0.00
0	0	9.53	0.62	8.95	9.30	0.00
0	4	0.00	0.00	0.56	0.09	0.00
1	1	9.44	1.59	40.59	20.51	0.00
1	5	0.00	0.05	1.23	0.02	0.00
2	2	0.00	0.01	0.19	0.31	0.00
2	6	0.00	0.00	0.28	0.70	0.00
3	3	0.00	0.00	0.59	0.99	0.00
3	7	0.00	0.00	0.26	1.36	0.00
Core	CPU	C1%	C3%	C6%	C8%	C9%
-	-	3.27	0.39	6.58	4.72	0.17
0	0	14.22	0.69	9.70	12.17	0.00
0	4	0.00	0.00	0.49	0.00	0.00
1	1	11.23	2.30	40.57	21.06	0.00
1	5	0.00	0.04	0.78	0.78	1.36
2	2	0.00	0.00	0.15	1.08	0.00
2	6	0.72	0.00	0.14	0.99	0.00
3	3	0.00	0.11	0.54	0.79	0.00
3	7	0.00	0.00	0.28	0.84	0.00
Core	CPU	C1%	C3%	C6%	C8%	C9%
-	-	2.42	0.30	6.81	3.46	0.10
0	0	9.39	0.60	8.61	4.87	0.00
0	4	0.00	0.00	0.52	0.00	0.00
1	1	10.01	1.78	42.48	19.25	0.00
1	5	0.00	0.00	0.24	0.39	0.77
2	2	0.00	0.00	0.28	0.89	0.00
2	6	0.00	0.00	0.46	0.98	0.00
3	3	0.00	0.02	1.24	0.40	0.00
3	7	0.00	0.00	0.64	0.89	0.00
Core	CPU	C1%	C3%	C6%	C8%	C9%
-	-	2.40	0.43	7.39	7.79	0.13
0	0	8.91	1.21	28.09	16.83	0.00
0	4	0.00	0.00	0.73	1.50	0.00
1	1	10.27	2.05	27.84	11.89	0.00
1	5	0.00	0.00	0.57	0.00	1.00
2	2	0.01	0.00	0.00	0.50	0.00
2	6	0.01	0.18	1.17	29.10	0.00
3	3	0.00	0.00	0.49	1.08	0.00
3	7	0.00	0.00	0.24	1.39	0.00
Core	CPU	C1%	C3%	C6%	C8%	C9%
-	-	2.28	0.39	6.50	4.30	0.01
0	0	9.84	0.88	7.36	7.11	0.10
0	4	0.00	0.00	0.27	0.90	0.00
1	1	8.41	2.24	41.26	22.06	0.00
1	5	0.00	0.00	0.23	0.90	0.00
2	2	0.00	0.00	0.52	1.09	0.00
2	6	0.00	0.00	0.79	0.59	0.00
3	3	0.00	0.00	0.70	0.99	0.00
3	7	0.00	0.00	0.84	0.79	0.00
Core	CPU	C1%	C3%	C6%	C8%	C9%
-	-	3.01	0.39	6.41	4.07	0.11
0	0	13.07	0.90	7.05	8.07	0.00
0	4	0.00	0.01	0.70	0.00	0.00
1	1	6.31	1.22	19.49	9.55	0.00
1	5	0.00	0.02	0.60	1.37	0.89
2	2	4.73	0.93	22.45	10.62	0.00
2	6	0.00	0.00	0.31	1.02	0.00
3	3	0.00	0.04	0.40	1.09	0.00
3	7	0.00	0.00	0.29	0.85	0.00
Core	CPU	C1%	C3%	C6%	C8%	C9%
-	-	3.06	0.26	6.49	3.76	0.01
0	0	12.03	0.43	6.64	7.29	0.11
0	4	0.00	0.00	0.32	0.30	0.00
1	1	0.00	0.00	0.70	0.19	0.00
1	5	0.00	0.00	0.23	1.08	0.00
2	2	12.42	1.60	42.76	18.63	0.00
2	6	0.00	0.00	0.45	0.79	0.00
3	3	0.00	0.02	0.65	0.89	0.00
3	7	0.00	0.02	0.19	0.91	0.00
Core	CPU	C1%	C3%	C6%	C8%	C9%
-	-	3.64	0.28	6.42	4.51	0.01
0	0	14.48	0.48	7.60	11.77	0.12
0	4	0.00	0.00	0.70	1.58	0.00
1	1	14.63	1.72	40.86	18.76	0.00
1	5	0.00	0.00	0.23	0.70	0.00
2	2	0.00	0.00	0.59	0.19	0.00
2	6	0.00	0.00	0.30	0.89	0.00
3	3	0.00	0.05	0.86	0.40	0.00
3	7	0.00	0.00	0.25	1.76	0.00
Core	CPU	C1%	C3%	C6%	C8%	C9%
-	-	2.60	0.29	6.16	4.42	0.00
0	0	10.93	0.44	6.82	7.09	0.00
0	4	0.00	0.00	0.28	1.00	0.00
1	1	9.87	1.87	40.10	22.24	0.00
1	5	0.00	0.01	0.50	1.28	0.00
2	2	0.00	0.00	0.23	0.99	0.00
2	6	0.00	0.02	0.47	1.00	0.00
3	3	0.00	0.00	0.41	1.08	0.00
3	7	0.00	0.00	0.47	0.66	0.00
Core	CPU	C1%	C3%	C6%	C8%	C9%
-	-	3.15	0.37	6.62	4.33	0.00
0	0	13.19	0.68	9.16	9.92	0.00
0	4	0.00	0.02	0.13	0.40	0.00
1	1	12.04	2.28	41.74	18.71	0.00
1	5	0.00	0.00	0.49	2.07	0.00
2	2	0.00	0.01	0.36	0.69	0.00
2	6	0.00	0.00	0.24	1.00	0.00
3	3	0.00	0.00	0.53	1.00	0.00
3	7	0.00	0.00	0.28	0.84	0.00
Core	CPU	C1%	C3%	C6%	C8%	C9%
-	-	2.79	0.31	6.47	4.17	0.00
0	0	12.03	0.49	7.84	7.80	0.00
0	4	0.00	0.00	0.14	0.50	0.00
1	1	0.00	0.00	0.42	0.20	0.00
1	5	0.00	0.01	0.58	1.82	0.00
2	2	10.32	1.98	41.01	19.83	0.00
2	6	0.00	0.00	0.36	0.99	0.00
3	3	0.00	0.00	0.57	1.00	0.00
3	7	0.00	0.00	0.82	1.19	0.00
Core	CPU	C1%	C3%	C6%	C8%	C9%
-	-	2.29	0.30	6.49	4.13	0.00
0	0	9.44	0.77	8.34	5.16	0.00
0	4	0.00	0.02	0.81	0.99	0.00
1	1	0.00	0.00	0.26	0.88	0.00
1	5	0.00	0.00	0.24	0.89	0.00
2	2	8.92	1.62	40.60	22.02	0.00
2	6	0.00	0.00	0.79	0.89	0.00
3	3	0.00	0.03	0.50	1.08	0.00
3	7	0.00	0.00	0.35	1.17	0.00
Core	CPU	C1%	C3%	C6%	C8%	C9%
-	-	3.22	0.37	5.96	4.26	0.00
0	0	13.81	0.50	5.91	8.46	0.01
0	4	0.00	0.00	0.19	0.41	0.00
1	1	0.00	0.00	0.28	0.89	0.00
1	5	0.00	0.00	0.41	0.99	0.00
2	2	11.94	2.41	39.22	21.01	0.00
2	6	0.00	0.00	0.90	0.30	0.00
3	3	0.00	0.04	0.49	1.18	0.00
3	7	0.00	0.00	0.29	0.84	0.00
Core	CPU	C1%	C3%	C6%	C8%	C9%
-	-	3.41	0.40	6.45	4.20	0.00
0	0	14.67	0.56	8.54	10.35	0.00
0	4	0.00	0.00	0.14	0.49	0.00
1	1	0.00	0.01	0.26	0.70	0.00
1	5	0.00	0.00	0.13	0.89	0.00
2	2	12.62	2.60	39.95	20.12	0.00
2	6	0.00	0.00	0.56	0.59	0.00
3	3	0.00	0.02	1.21	0.18	0.00
3	7	0.00	0.02	0.79	0.31	0.00
Core	CPU	C1%	C3%	C6%	C8%	C9%
-	-	0.47	0.30	8.29	3.86	0.00
0	0	2.11	2.07	60.02	26.45	0.00
0	4	0.00	0.00	0.35	0.60	0.00
1	1	0.00	0.00	0.24	0.49	0.00
1	5	0.00	0.00	0.33	0.39	0.00
2	2	1.65	0.31	3.76	0.98	0.00
2	6	0.00	0.00	0.18	0.60	0.00
3	3	0.00	0.02	0.96	0.61	0.00
3	7	0.00	0.00	0.45	0.77	0.00
