Core	CPU	C1%	C3%	C6%	C8%	C9%
-	-	0.10	0.02	1.80	1.45	0.00
0	0	0.00	0.05	2.90	1.41	0.00
0	4	0.00	0.00	1.05	0.30	0.00
1	1	0.00	0.03	1.61	1.80	0.00
1	5	0.53	0.01	1.95	3.08	0.00
2	2	0.00	0.00	0.99	1.27	0.00
2	6	0.20	0.02	2.05	1.28	0.00
3	3	0.00	0.08	2.65	1.70	0.00
3	7	0.07	0.00	1.19	0.77	0.00
Core	CPU	C1%	C3%	C6%	C8%	C9%
-	-	0.17	1.72	13.48	7.64	0.23
0	0	0.25	5.05	10.32	7.87	0.00
0	4	0.81	0.22	15.19	6.63	0.33
1	1	0.09	5.32	17.82	3.50	0.00
1	5	0.04	0.48	21.48	7.77	1.50
2	2	0.01	0.62	17.53	7.44	0.00
2	6	0.00	0.02	6.25	9.63	0.00
3	3	0.00	0.02	4.66	8.00	0.00
3	7	0.14	2.01	14.60	10.24	0.00
Core	CPU	C1%	C3%	C6%	C8%	C9%
-	-	0.06	2.23	13.58	13.84	0.00
0	0	0.00	0.38	19.55	8.67	0.02
0	4	0.00	0.30	16.69	13.27	0.00
1	1	0.00	0.13	13.95	21.12	0.00
1	5	0.00	0.15	13.96	15.01	0.00
2	2	0.00	0.12	13.85	14.64	0.00
2	6	0.50	16.39	3.97	0.91	0.00
3	3	0.00	0.17	12.51	16.62	0.00
3	7	0.00	0.19	14.10	20.48	0.00
Core	CPU	C1%	C3%	C6%	C8%	C9%
-	-	0.08	2.45	13.49	13.52	0.00
0	0	0.00	0.29	19.35	8.71	0.00
0	4	0.00	0.09	14.67	15.52	0.00
1	1	0.00	0.17	13.98	19.78	0.00
1	5	0.00	0.16	13.87	14.94	0.00
2	2	0.09	0.09	13.22	14.75	0.00
2	6	0.53	18.42	4.28	1.25	0.00
3	3	0.00	0.18	13.88	19.17	0.00
3	7	0.00	0.22	14.65	14.05	0.00
Core	CPU	C1%	C3%	C6%	C8%	C9%
-	-	0.11	2.87	16.95	17.61	0.00
0	0	0.00	0.71	23.69	7.70	0.00
0	4	0.12	0.25	17.51	26.89	0.00
1	1	0.00	0.16	18.58	22.94	0.00
1	5	0.00	0.16	18.22	25.14	0.00
2	2	0.43	9.59	10.61	9.61	0.00
2	6	0.32	11.57	9.49	8.41	0.00
3	3	0.00	0.30	17.42	17.65	0.00
3	7	0.00	0.25	20.05	22.57	0.00
Core	CPU	C1%	C3%	C6%	C8%	C9%
-	-	0.13	3.31	20.62	22.93	0.18
0	0	0.00	3.76	29.52	12.21	1.40
0	4	0.00	0.15	21.38	24.28	0.00
1	1	0.00	0.10	19.95	32.26	0.00
1	5	0.00	0.10	21.70	35.32	0.00
2	2	0.67	15.56	12.90	13.89	0.00
2	6	0.15	2.21	21.75	24.55	0.00
3	3	0.20	4.47	15.69	18.28	0.00
3	7	0.00	0.15	22.08	22.71	0.00
Core	CPU	C1%	C3%	C6%	C8%	C9%
-	-	0.06	3.56	22.53	22.33	0.02
0	0	0.01	13.40	19.82	3.06	0.00
0	4	0.02	5.93	20.88	16.77	0.00
1	1	0.00	0.23	23.73	22.15	0.00
1	5	0.00	0.16	22.23	25.48	0.00
2	2	0.18	6.15	21.04	15.40	0.00
2	6	0.00	0.21	23.57	35.30	0.06
3	3	0.00	0.28	24.13	36.41	0.00
3	7	0.29	2.12	24.82	24.08	0.13
Core	CPU	C1%	C3%	C6%	C8%	C9%
-	-	0.17	3.42	22.04	22.07	0.00
0	0	0.00	1.93	28.61	27.87	0.02
0	4	0.00	0.19	22.01	31.92	0.00
1	1	0.10	0.92	23.03	23.33	0.00
1	5	0.02	0.14	22.27	23.85	0.00
2	2	0.00	0.18	22.66	23.26	0.00
2	6	0.20	0.15	22.78	20.98	0.00
3	3	1.01	23.52	8.66	2.54	0.00
3	7	0.01	0.30	26.32	22.85	0.00
Core	CPU	C1%	C3%	C6%	C8%	C9%
-	-	0.13	3.48	22.19	21.46	0.01
0	0	0.15	8.07	24.53	4.74	0.05
0	4	0.00	1.29	22.07	19.35	0.00
1	1	0.00	0.92	22.99	27.19	0.00
1	5	0.00	0.18	23.95	33.46	0.00
2	2	0.00	0.20	23.38	21.77	0.00
2	6	0.00	0.25	21.49	24.76	0.00
3	3	0.63	16.55	13.61	17.05	0.00
3	7	0.22	0.33	25.45	23.37	0.00
Core	CPU	C1%	C3%	C6%	C8%	C9%
-	-	0.08	2.70	17.08	16.96	0.00
0	0	0.01	1.19	23.46	15.58	0.01
0	4	0.00	0.19	17.26	21.09	0.00
1	1	0.41	11.00	10.15	12.70	0.00
1	5	0.08	1.02	17.46	16.01	0.00
2	2	0.00	0.17	18.64	20.79	0.00
2	6	0.00	0.21	17.30	18.37	0.00
3	3	0.15	7.55	13.71	9.67	0.00
3	7	0.00	0.27	18.82	21.56	0.00
Core	CPU	C1%	C3%	C6%	C8%	C9%
-	-	0.11	3.54	23.54	22.95	0.30
0	0	0.01	11.30	23.76	9.25	0.42
0	4	0.27	5.31	20.09	15.05	1.88
1	1	0.00	1.53	25.28	31.54	0.00
1	5	0.37	8.73	20.29	21.99	0.00
2	2	0.00	0.22	26.98	33.10	0.00
2	6	0.00	0.25	22.88	25.34	0.06
3	3	0.00	0.24	24.64	26.35	0.00
3	7	0.20	0.70	24.27	20.92	0.00
Core	CPU	C1%	C3%	C6%	C8%	C9%
-	-	0.02	3.49	21.00	25.25	0.00
0	0	0.10	11.24	25.70	10.84	0.00
0	4	0.08	15.67	13.32	8.87	0.00
1	1	0.00	0.19	22.96	30.17	0.00
1	5	0.00	0.19	21.20	33.83	0.00
2	2	0.00	0.16	22.07	28.53	0.00
2	6	0.00	0.13	19.96	31.82	0.00
3	3	0.00	0.15	19.93	29.77	0.00
3	7	0.00	0.21	22.83	28.17	0.00
Core	CPU	C1%	C3%	C6%	C8%	C9%
-	-	0.10	3.62	22.60	20.55	0.06
0	0	0.10	2.81	29.99	14.61	0.00
0	4	0.11	3.14	21.95	20.10	0.41
1	1	0.00	0.35	23.28	21.73	0.00
1	5	0.00	0.31	22.53	29.64	0.00
2	2	0.19	3.23	21.65	15.26	0.00
2	6	0.23	8.07	17.02	24.98	0.06
3	3	0.18	9.64	18.64	14.63	0.00
3	7	0.00	1.41	26.00	23.64	0.00
Core	CPU	C1%	C3%	C6%	C8%	C9%
-	-	0.14	3.48	20.73	21.16	0.16
0	0	0.01	0.64	28.79	13.53	0.04
0	4	0.00	0.27	20.21	27.30	0.00
1	1	0.00	0.24	19.14	18.98	0.00
1	5	0.00	0.24	22.20	25.65	0.00
2	2	0.61	14.73	14.68	10.51	0.00
2	6	0.49	10.98	15.89	23.92	0.00
3	3	0.00	0.38	22.15	24.29	0.00
3	7	0.00	0.36	22.61	24.94	1.22
Core	CPU	C1%	C3%	C6%	C8%	C9%
-	-	0.16	2.12	25.72	21.89	0.22
0	0	0.00	0.34	36.10	14.24	0.52
0	4	0.00	2.67	22.04	14.66	0.00
1	1	0.91	10.72	17.88	11.45	0.00
1	5	0.13	1.24	25.11	25.30	0.00
2	2	0.13	0.91	25.67	20.28	0.53
2	6	0.10	0.40	25.14	27.10	0.07
3	3	0.00	0.31	26.09	21.36	0.51
3	7	0.00	0.35	27.73	40.67	0.10
Core	CPU	C1%	C3%	C6%	C8%	C9%
-	-	0.11	3.71	22.44	22.37	0.04
0	0	0.01	11.32	21.89	9.46	0.15
0	4	0.11	3.47	21.04	19.76	0.00
1	1	0.28	6.28	21.30	26.04	0.00
1	5	0.18	1.95	24.12	18.71	0.00
2	2	0.00	0.26	24.47	25.21	0.00
2	6	0.00	0.19	24.34	24.52	0.05
3	3	0.32	5.62	17.67	14.34	0.00
3	7	0.01	0.60	24.79	41.03	0.14
Core	CPU	C1%	C3%	C6%	C8%	C9%
-	-	0.07	3.51	21.47	23.28	0.00
0	0	0.02	3.41	29.30	7.73	0.00
0	4	0.03	10.80	15.71	12.09	0.00
1	1	0.00	0.81	22.41	33.76	0.00
1	5	0.00	0.16	22.88	23.47	0.00
2	2	0.04	0.57	23.54	29.66	0.00
2	6	0.00	0.21	21.83	36.43	0.00
3	3	0.47	11.90	13.50	14.52	0.00
3	7	0.01	0.23	22.41	28.52	0.00
Core	CPU	C1%	C3%	C6%	C8%	C9%
-	-	0.14	3.41	21.21	23.27	0.22
0	0	0.00	0.39	30.53	10.93	1.37
0	4	0.13	3.54	19.04	22.83	0.00
1	1	0.00	0.23	22.47	39.55	0.00
1	5	0.00	0.21	20.44	31.30	0.00
2	2	0.27	6.45	17.44	22.99	0.00
2	6	0.70	15.95	12.81	11.31	0.43
3	3	0.00	0.30	24.28	22.21	0.00
3	7	0.00	0.23	23.01	25.37	0.00
Core	CPU	C1%	C3%	C6%	C8%	C9%
-	-	0.11	3.49	20.61	20.53	0.06
0	0	0.07	7.25	25.98	7.51	0.00
0	4	0.00	1.35	21.30	18.87	0.00
1	1	0.21	7.21	15.46	20.19	0.00
1	5	0.00	0.24	22.59	23.15	0.00
2	2	0.46	7.92	16.57	19.96	0.46
2	6	0.09	2.49	20.63	31.21	0.00
3	3	0.00	1.05	20.46	22.93	0.00
3	7	0.00	0.37	21.63	20.16	0.00
Core	CPU	C1%	C3%	C6%	C8%	C9%
-	-	0.12	2.69	16.09	15.57	0.00
0	0	0.01	0.46	23.42	19.29	0.00
0	4	0.00	0.16	17.34	14.61	0.00
1	1	0.00	0.13	15.40	16.30	0.00
1	5	0.40	8.14	9.75	12.74	0.00
2	2	0.56	12.26	11.33	9.82	0.00
2	6	0.00	0.14	16.65	20.42	0.00
3	3	0.00	0.11	16.79	12.67	0.00
3	7	0.00	0.11	18.01	18.74	0.00
Core	CPU	C1%	C3%	C6%	C8%	C9%
-	-	0.04	3.71	21.70	21.97	0.01
0	0	0.01	11.19	22.82	6.15	0.00
0	4	0.00	12.05	17.76	13.88	0.00
1	1	0.23	5.58	18.77	24.96	0.00
1	5	0.01	0.23	23.75	29.09	0.00
2	2	0.01	0.17	23.90	31.70	0.00
2	6	0.01	0.15	23.61	22.20	0.06
3	3	0.01	0.13	21.79	22.68	0.00
3	7	0.01	0.17	21.16	25.10	0.00
Core	CPU	C1%	C3%	C6%	C8%	C9%
-	-	0.22	3.41	21.30	20.80	0.13
0	0	0.01	2.60	31.19	6.78	0.00
0	4	0.00	2.19	20.71	28.77	0.00
1	1	0.00	0.31	19.28	26.19	0.00
1	5	0.00	0.35	22.34	24.98	0.00
2	2	1.38	9.02	16.19	18.55	0.19
2	6	0.33	11.73	16.35	15.66	0.00
3	3	0.00	0.79	21.60	23.32	0.30
3	7	0.00	0.25	22.70	22.18	0.56
Core	CPU	C1%	C3%	C6%	C8%	C9%
-	-	0.15	3.55	21.99	20.80	0.07
0	0	0.10	6.78	27.63	8.01	0.51
0	4	0.00	0.10	20.77	24.67	0.00
1	1	0.00	0.15	22.34	26.17	0.00
1	5	0.00	0.19	21.62	22.88	0.00
2	2	0.78	13.82	18.11	9.41	0.00
2	6	0.32	6.83	18.13	16.00	0.06
3	3	0.00	0.22	22.91	28.43	0.00
3	7	0.01	0.31	24.44	30.86	0.00
Core	CPU	C1%	C3%	C6%	C8%	C9%
-	-	0.12	3.53	21.89	22.22	0.19
0	0	0.01	6.93	27.50	4.46	1.53
0	4	0.00	0.19	23.69	22.63	0.00
1	1	0.00	0.25	25.01	35.10	0.00
1	5	0.00	0.20	20.24	22.63	0.00
2	2	0.25	3.74	22.99	32.21	0.00
2	6	0.68	16.47	10.91	9.90	0.00
3	3	0.00	0.25	21.68	30.88	0.00
3	7	0.00	0.20	23.08	19.92	0.00
Core	CPU	C1%	C3%	C6%	C8%	C9%
-	-	0.12	2.81	16.86	17.36	0.32
0	0	0.10	0.39	25.25	14.17	0.29
0	4	0.00	0.12	19.10	13.46	0.00
1	1	0.13	0.17	16.94	18.61	0.00
1	5	0.00	0.23	17.70	20.26	0.00
2	2	0.00	1.92	18.20	15.11	0.00
2	6	0.00	0.17	14.64	36.94	0.00
3	3	0.74	19.17	4.99	0.41	2.23
3	7	0.00	0.32	18.23	20.11	0.00
Core	CPU	C1%	C3%	C6%	C8%	C9%
-	-	0.06	3.60	21.61	22.05	0.00
0	0	0.01	5.66	27.96	7.06	0.00
0	4	0.31	20.65	10.79	7.50	0.00
1	1	0.07	0.24	21.13	22.68	0.00
1	5	0.01	0.22	22.57	21.93	0.00
2	2	0.00	0.19	23.16	22.33	0.00
2	6	0.01	0.17	22.40	25.48	0.00
3	3	0.00	0.19	21.44	29.88	0.00
3	7	0.05	1.46	23.17	39.36	0.00
Core	CPU	C1%	C3%	C6%	C8%	C9%
-	-	0.05	3.52	22.08	23.72	0.09
0	0	0.01	16.35	17.34	4.13	0.01
0	4	0.00	1.50	22.61	21.36	0.00
1	1	0.06	2.47	23.27	23.71	0.00
1	5	0.06	1.21	23.96	35.80	0.07
2	2	0.17	3.43	23.12	38.41	0.00
2	6	0.00	0.17	22.22	26.65	0.00
3	3	0.13	2.66	21.33	16.91	0.67
3	7	0.00	0.37	22.80	22.78	0.00
Core	CPU	C1%	C3%	C6%	C8%	C9%
-	-	0.02	3.56	22.75	21.79	0.04
0	0	0.01	18.39	20.57	3.82	0.00
0	4	0.09	8.29	20.19	18.66	0.00
1	1	0.01	0.32	25.95	26.63	0.13
1	5	0.04	0.45	23.23	27.46	0.00
2	2	0.01	0.24	24.92	36.63	0.00
2	6	0.00	0.26	20.82	19.24	0.07
3	3	0.01	0.26	22.13	23.59	0.00
3	7	0.00	0.27	24.18	18.24	0.14
Core	CPU	C1%	C3%	C6%	C8%	C9%
-	-	0.11	3.43	22.47	22.73	0.08
0	0	0.01	9.79	25.96	5.93	0.00
0	4	0.01	0.07	21.99	27.34	0.00
1	1	0.43	8.48	21.20	24.52	0.00
1	5	0.20	4.20	24.75	21.44	0.00
2	2	0.00	0.12	21.36	27.67	0.00
2	6	0.24	4.56	19.17	18.66	0.63
3	3	0.00	0.08	21.50	25.52	0.00
3	7	0.00	0.16	23.91	30.82	0.00
Core	CPU	C1%	C3%	C6%	C8%	C9%
-	-	0.12	3.47	21.70	22.13	0.01
0	0	0.01	5.28	27.66	8.62	0.11
0	4	0.00	0.37	21.04	26.71	0.00
1	1	0.00	0.22	26.36	29.94	0.00
1	5	0.00	0.14	21.76	24.85	0.00
2	2	0.60	10.23	16.10	28.16	0.00
2	6	0.33	10.17	17.80	14.10	0.00
3	3	0.00	0.08	21.67	26.18	0.00
3	7	0.00	1.25	21.18	18.37	0.00
Core	CPU	C1%	C3%	C6%	C8%	C9%
-	-	0.04	3.66	22.05	23.41	0.00
0	0	0.02	11.96	24.76	8.13	0.00
0	4	0.02	4.68	23.50	17.97	0.00
1	1	0.05	4.84	20.55	26.74	0.00
1	5	0.14	3.50	19.18	19.59	0.00
2	2	0.00	0.20	24.21	45.34	0.00
2	6	0.00	0.19	23.28	22.16	0.00
3	3	0.04	2.25	18.84	26.86	0.00
3	7	0.01	1.58	22.03	20.51	0.00
Core	CPU	C1%	C3%	C6%	C8%	C9%
-	-	0.25	3.61	20.93	23.58	0.01
0	0	0.00	0.40	31.32	15.25	0.01
0	4	0.00	0.26	22.28	26.19	0.00
1	1	1.72	18.51	10.43	8.30	0.09
1	5	0.30	7.18	18.90	19.84	0.00
2	2	0.00	1.00	20.91	22.45	0.00
2	6	0.00	0.21	21.25	32.57	0.00
3	3	0.00	1.02	19.69	31.06	0.00
3	7	0.00	0.27	22.62	32.95	0.00
Core	CPU	C1%	C3%	C6%	C8%	C9%
-	-	0.23	1.98	25.76	24.09	0.00
0	0	0.02	0.52	36.63	18.08	0.04
0	4	0.00	0.19	25.78	25.03	0.00
1	1	0.80	8.60	18.37	12.44	0.00
1	5	0.95	5.43	16.23	11.90	0.00
2	2	0.00	0.28	26.79	27.24	0.00
2	6	0.00	0.36	26.14	33.58	0.00
3	3	0.05	0.21	27.35	34.09	0.00
3	7	0.01	0.23	28.83	30.36	0.00
Core	CPU	C1%	C3%	C6%	C8%	C9%
-	-	0.09	3.75	22.44	22.17	0.00
0	0	0.10	4.94	27.76	9.42	0.00
0	4	0.20	15.65	15.90	10.74	0.00
1	1	0.09	2.27	20.20	18.09	0.00
1	5	0.00	0.25	22.29	29.53	0.00
2	2	0.23	4.90	21.63	22.62	0.00
2	6	0.10	0.26	23.28	23.20	0.00
3	3	0.00	0.26	26.12	42.90	0.00
3	7	0.00	1.49	22.36	20.85	0.00
Core	CPU	C1%	C3%	C6%	C8%	C9%
-	-	0.03	3.26	22.65	22.74	0.16
0	0	0.02	9.94	23.78	8.92	1.27
0	4	0.01	2.40	22.80	22.17	0.00
1	1	0.00	0.22	22.93	31.36	0.00
1	5	0.00	0.76	23.26	24.36	0.00
2	2	0.00	1.17	23.75	21.26	0.00
2	6	0.25	10.87	17.36	18.31	0.00
3	3	0.00	0.21	22.42	28.40	0.00
3	7	0.00	0.52	24.86	27.11	0.00
Core	CPU	C1%	C3%	C6%	C8%	C9%
-	-	0.12	3.44	22.06	22.47	0.19
0	0	0.02	0.54	31.47	19.04	1.45
0	4	0.00	0.21	23.63	23.51	0.00
1	1	0.33	7.27	20.12	20.90	0.00
1	5	0.23	7.71	19.28	18.87	0.00
2	2	0.00	0.23	22.02	28.27	0.00
2	6	0.00	0.25	21.44	26.01	0.00
3	3	0.35	11.13	14.80	18.39	0.04
3	7	0.00	0.18	23.76	24.79	0.00
Core	CPU	C1%	C3%	C6%	C8%	C9%
-	-	0.07	3.84	22.13	22.68	0.00
0	0	0.15	15.60	21.33	4.17	0.00
0	4	0.25	11.98	18.19	14.22	0.00
1	1	0.04	1.19	20.86	27.80	0.00
1	5	0.05	0.19	21.28	22.59	0.00
2	2	0.01	0.12	24.16	26.08	0.00
2	6	0.00	0.12	22.21	29.57	0.00
3	3	0.10	0.18	24.87	29.74	0.00
3	7	0.00	1.36	24.11	27.28	0.00
Core	CPU	C1%	C3%	C6%	C8%	C9%
-	-	0.02	2.92	14.63	16.35	0.11
0	0	0.01	4.83	20.96	6.21	0.00
0	4	0.03	10.90	10.97	6.78	0.00
1	1	0.14	6.82	10.32	11.69	0.83
1	5	0.00	0.15	14.86	16.92	0.00
2	2	0.00	0.10	13.84	18.67	0.00
2	6	0.00	0.16	14.03	18.44	0.08
3	3	0.00	0.15	17.70	30.62	0.00
3	7	0.00	0.24	14.36	21.47	0.00
Core	CPU	C1%	C3%	C6%	C8%	C9%
-	-	0.11	3.60	23.67	24.15	0.03
0	0	0.01	12.93	20.97	7.43	0.09
0	4	0.57	11.61	18.18	16.20	0.12
1	1	0.28	1.30	24.89	35.99	0.00
1	5	0.00	0.30	23.25	21.76	0.00
2	2	0.00	0.32	24.74	23.73	0.00
2	6	0.00	0.33	26.00	20.16	0.07
3	3	0.00	0.29	26.02	40.90	0.00
3	7	0.01	1.68	25.34	26.99	0.00
Core	CPU	C1%	C3%	C6%	C8%	C9%
-	-	0.14	3.49	22.74	23.20	0.00
0	0	0.02	14.46	20.99	6.03	0.00
0	4	0.28	10.78	17.08	13.10	0.00
1	1	0.00	0.09	24.40	25.00	0.00
1	5	0.00	0.11	22.85	26.99	0.00
2	2	0.00	0.87	21.46	22.74	0.00
2	6	0.00	0.07	23.40	25.14	0.00
3	3	0.79	0.08	23.91	28.03	0.00
3	7	0.00	1.47	27.86	38.59	0.00
Core	CPU	C1%	C3%	C6%	C8%	C9%
-	-	0.10	3.60	23.22	22.97	0.07
0	0	0.01	12.73	24.28	7.17	0.00
0	4	0.23	6.21	21.98	25.03	0.00
1	1	0.00	0.38	24.01	20.91	0.00
1	5	0.00	0.28	24.29	27.56	0.00
2	2	0.00	0.30	23.01	25.68	0.00
2	6	0.10	0.34	23.53	24.40	0.00
3	3	0.45	8.10	20.71	29.70	0.50
3	7	0.01	0.50	23.98	23.27	0.02
Core	CPU	C1%	C3%	C6%	C8%	C9%
-	-	0.08	3.76	22.29	22.79	0.27
0	0	0.02	7.01	27.87	6.36	0.02
0	4	0.02	3.33	22.52	19.75	0.00
1	1	0.00	0.17	21.43	28.79	1.40
1	5	0.01	0.72	21.70	39.47	0.00
2	2	0.00	0.20	22.98	23.38	0.00
2	6	0.00	0.95	23.71	30.31	0.05
3	3	0.60	17.37	13.61	10.72	0.32
3	7	0.00	0.33	24.48	23.53	0.39
Core	CPU	C1%	C3%	C6%	C8%	C9%
-	-	0.41	1.34	23.86	19.67	0.01
0	0	0.01	0.41	32.74	14.42	0.04
0	4	0.00	0.26	26.38	26.00	0.00
1	1	0.78	2.59	26.34	18.67	0.00
1	5	2.48	6.33	8.46	3.05	0.00
2	2	0.00	0.24	23.56	25.29	0.00
2	6	0.01	0.28	22.27	27.39	0.05
3	3	0.00	0.19	23.94	26.97	0.00
3	7	0.01	0.38	27.19	15.57	0.00
Core	CPU	C1%	C3%	C6%	C8%	C9%
-	-	0.39	3.68	22.52	23.11	0.01
0	0	0.00	1.47	33.06	12.65	0.00
0	4	0.00	0.19	22.86	21.97	0.00
1	1	0.42	2.44	22.21	25.09	0.00
1	5	2.42	22.32	8.83	6.61	0.00
2	2	0.00	0.21	22.95	29.12	0.00
2	6	0.00	0.19	21.32	38.81	0.05
3	3	0.31	1.37	25.24	27.98	0.00
3	7	0.00	1.25	23.72	22.67	0.00
Core	CPU	C1%	C3%	C6%	C8%	C9%
-	-	0.30	2.77	19.51	17.45	0.00
0	0	0.04	2.57	24.58	8.39	0.00
0	4	0.00	0.16	18.89	16.77	0.00
1	1	1.89	13.55	10.19	4.79	0.00
1	5	0.49	4.71	22.71	15.81	0.00
2	2	0.00	0.26	19.82	17.75	0.00
2	6	0.00	0.29	18.82	19.48	0.00
3	3	0.00	0.31	21.38	42.10	0.00
3	7	0.00	0.34	19.69	14.50	0.00
Core	CPU	C1%	C3%	C6%	C8%	C9%
-	-	0.05	3.60	22.98	23.13	0.00
0	0	0.01	6.67	30.92	15.28	0.00
0	4	0.40	19.86	8.78	6.86	0.00
1	1	0.00	0.25	23.13	32.48	0.00
1	5	0.00	0.25	22.73	35.48	0.00
2	2	0.00	0.89	24.34	28.28	0.00
2	6	0.00	0.26	24.32	24.17	0.00
3	3	0.00	0.27	24.77	24.04	0.00
3	7	0.00	0.33	24.81	18.48	0.00
Core	CPU	C1%	C3%	C6%	C8%	C9%
-	-	0.19	3.79	23.28	22.59	0.00
0	0	0.01	8.97	26.96	8.09	0.00
0	4	1.29	19.68	12.08	6.63	0.00
1	1	0.00	0.38	26.30	24.64	0.00
1	5	0.00	0.31	25.61	32.36	0.00
2	2	0.00	0.31	25.80	33.06	0.00
2	6	0.18	0.19	21.64	24.63	0.00
3	3	0.00	0.23	22.56	21.80	0.00
3	7	0.00	0.29	25.34	29.54	0.00
Core	CPU	C1%	C3%	C6%	C8%	C9%
-	-	0.10	2.54	16.12	16.00	0.00
0	0	0.00	3.30	19.88	7.41	0.00
0	4	0.21	3.29	16.10	12.78	0.00
1	1	0.15	0.16	16.27	21.78	0.00
1	5	0.00	0.13	15.68	27.72	0.00
2	2	0.00	0.13	16.77	14.12	0.00
2	6	0.00	0.14	15.55	19.11	0.00
3	3	0.38	13.07	9.56	8.52	0.00
3	7	0.00	0.14	19.16	16.54	0.00
Core	CPU	C1%	C3%	C6%	C8%	C9%
-	-	0.29	3.42	22.51	22.25	0.01
0	0	0.01	2.28	33.62	13.80	0.00
0	4	0.22	4.23	22.52	18.22	0.00
1	1	0.00	1.02	23.48	25.19	0.00
1	5	0.83	11.04	15.58	34.09	0.00
2	2	0.00	0.20	23.54	29.41	0.00
2	6	0.16	1.15	19.18	25.47	0.05
3	3	0.90	6.49	16.49	14.03	0.00
3	7	0.20	0.97	25.70	17.81	0.00
Core	CPU	C1%	C3%	C6%	C8%	C9%
-	-	0.50	3.56	22.44	21.38	0.00
0	0	0.10	0.30	34.22	14.18	0.00
0	4	0.01	0.08	21.52	34.79	0.00
1	1	0.00	0.19	23.75	22.08	0.00
1	5	0.00	0.05	23.17	30.12	0.00
2	2	3.85	27.12	4.11	0.06	0.00
2	6	0.01	0.24	23.44	29.81	0.00
3	3	0.00	0.22	22.98	18.51	0.00
3	7	0.00	0.25	26.31	21.46	0.00
Core	CPU	C1%	C3%	C6%	C8%	C9%
-	-	0.08	3.28	23.11	20.23	0.08
0	0	0.01	5.02	32.31	10.93	0.05
0	4	0.22	10.71	17.11	11.82	0.53
1	1	0.04	2.59	22.27	20.65	0.00
1	5	0.22	3.97	18.23	17.52	0.00
2	2	0.05	2.16	23.22	23.74	0.00
2	6	0.10	0.68	24.77	20.69	0.07
3	3	0.00	0.30	23.33	29.23	0.00
3	7	0.01	0.85	23.60	27.26	0.00
Core	CPU	C1%	C3%	C6%	C8%	C9%
-	-	0.17	3.58	20.91	21.97	0.18
0	0	0.01	0.55	29.40	9.42	0.01
0	4	0.00	0.24	20.53	24.25	0.00
1	1	0.59	12.27	14.18	13.50	0.48
1	5	0.47	13.70	14.46	13.85	0.00
2	2	0.00	1.01	22.22	21.65	0.00
2	6	0.10	0.30	23.88	25.90	0.00
3	3	0.00	0.26	22.63	34.69	0.00
3	7	0.19	0.30	20.11	32.60	0.96
Core	CPU	C1%	C3%	C6%	C8%	C9%
-	-	0.15	2.73	15.49	15.86	0.94
0	0	0.01	0.30	22.88	7.23	0.00
0	4	0.13	0.07	14.66	17.06	0.00
1	1	0.34	5.08	12.24	12.74	4.49
1	5	0.41	7.16	12.67	10.91	0.00
2	2	0.00	0.09	15.79	30.92	0.00
2	6	0.00	0.07	15.60	10.78	0.00
3	3	0.32	8.91	12.03	13.14	3.01
3	7	0.00	0.14	17.94	23.99	0.00
Core	CPU	C1%	C3%	C6%	C8%	C9%
-	-	0.32	3.28	21.51	20.11	0.10
0	0	0.02	1.03	28.96	9.14	0.61
0	4	0.10	2.74	19.28	20.77	0.18
1	1	0.00	0.32	25.30	27.79	0.00
1	5	2.17	18.15	7.07	10.50	0.00
2	2	0.00	0.23	22.10	25.59	0.00
2	6	0.00	0.21	21.11	21.62	0.00
3	3	0.09	2.77	24.30	23.84	0.00
3	7	0.20	0.74	23.91	21.58	0.00
Core	CPU	C1%	C3%	C6%	C8%	C9%
-	-	0.05	4.07	21.90	23.25	0.00
0	0	0.01	2.28	30.00	8.06	0.00
0	4	0.10	25.98	6.96	5.09	0.00
1	1	0.13	2.48	20.86	24.25	0.00
1	5	0.12	0.27	22.51	31.66	0.00
2	2	0.00	0.15	23.20	32.15	0.00
2	6	0.00	0.15	21.12	29.51	0.00
3	3	0.00	0.97	25.57	29.83	0.00
3	7	0.00	0.29	24.97	25.42	0.00
Core	CPU	C1%	C3%	C6%	C8%	C9%
-	-	0.10	3.74	22.85	23.25	0.17
0	0	0.01	3.86	30.68	7.05	0.00
0	4	0.05	10.61	16.87	14.94	0.00
1	1	0.21	5.74	22.66	27.09	0.11
1	5	0.15	3.44	22.77	29.16	0.00
2	2	0.00	0.22	22.57	31.01	0.00
2	6	0.36	4.94	17.63	23.23	0.46
3	3	0.00	0.86	26.40	31.63	0.00
3	7	0.04	0.35	23.46	22.01	0.82
Core	CPU	C1%	C3%	C6%	C8%	C9%
-	-	0.06	3.46	22.05	22.50	0.00
0	0	0.01	9.90	24.73	6.47	0.04
0	4	0.27	11.84	18.70	13.79	0.00
1	1	0.07	1.72	22.01	35.98	0.00
1	5	0.02	1.33	19.54	27.70	0.00
2	2	0.13	0.18	23.09	23.12	0.00
2	6	0.00	0.16	21.77	32.37	0.00
3	3	0.00	2.19	24.12	20.68	0.00
3	7	0.00	0.29	22.22	19.78	0.00
Core	CPU	C1%	C3%	C6%	C8%	C9%
-	-	0.08	3.24	15.73	19.05	0.01
0	0	0.11	8.44	17.44	6.04	0.00
0	4	0.00	0.14	16.51	26.00	0.00
1	1	0.49	15.53	7.63	5.65	0.00
1	5	0.00	0.07	18.09	19.90	0.00
2	2	0.00	0.22	17.65	17.97	0.00
2	6	0.00	0.23	14.84	38.73	0.07
3	3	0.00	0.17	16.77	19.89	0.00
3	7	0.00	1.14	16.91	18.25	0.00
Core	CPU	C1%	C3%	C6%	C8%	C9%
-	-	0.10	3.27	21.49	22.18	0.01
0	0	0.01	5.51	27.15	10.58	0.00
0	4	0.00	5.88	18.80	26.15	0.11
1	1	0.21	3.26	19.48	25.28	0.00
1	5	0.00	0.22	21.62	30.02	0.00
2	2	0.09	0.45	22.25	25.17	0.00
2	6	0.00	0.22	21.78	24.92	0.00
3	3	0.52	9.78	18.08	14.84	0.00
3	7	0.00	0.86	22.75	20.47	0.00
Core	CPU	C1%	C3%	C6%	C8%	C9%
-	-	0.08	3.13	20.53	20.82	0.09
0	0	0.01	10.12	22.43	5.20	0.00
0	4	0.01	2.43	21.91	19.34	0.00
1	1	0.01	0.17	24.16	20.85	0.00
1	5	0.48	10.48	13.57	10.99	0.00
2	2	0.00	0.16	20.83	25.14	0.70
2	6	0.10	0.14	20.88	36.22	0.01
3	3	0.00	0.20	19.85	28.34	0.00
3	7	0.00	1.39	20.67	20.53	0.00
Core	CPU	C1%	C3%	C6%	C8%	C9%
-	-	0.10	3.30	22.20	21.87	0.00
0	0	0.15	9.58	22.30	6.59	0.00
0	4	0.47	14.15	17.17	10.48	0.00
1	1	0.20	1.36	25.47	43.52	0.00
1	5	0.00	0.15	20.90	20.47	0.00
2	2	0.00	0.21	22.73	33.15	0.00
2	6	0.00	0.10	20.76	20.32	0.00
3	3	0.00	0.53	21.63	22.69	0.00
3	7	0.00	0.28	26.56	17.69	0.00
Core	CPU	C1%	C3%	C6%	C8%	C9%
-	-	0.17	3.77	22.16	23.03	0.00
0	0	0.01	14.23	18.19	6.07	0.00
0	4	0.12	3.03	23.23	20.24	0.00
1	1	0.92	8.82	16.78	17.02	0.00
1	5	0.19	3.53	22.14	17.50	0.00
2	2	0.14	0.17	25.02	37.24	0.00
2	6	0.00	0.08	22.96	43.19	0.00
3	3	0.01	0.10	23.65	21.61	0.00
3	7	0.01	0.22	25.35	21.38	0.00
Core	CPU	C1%	C3%	C6%	C8%	C9%
-	-	0.12	2.85	16.50	16.72	0.00
0	0	0.10	4.69	21.64	5.76	0.00
0	4	0.00	0.13	17.75	15.07	0.00
1	1	0.47	8.55	10.93	11.51	0.00
1	5	0.38	8.96	12.97	10.71	0.00
2	2	0.00	0.19	17.46	16.18	0.00
2	6	0.00	0.11	18.02	44.43	0.00
3	3	0.00	0.10	16.96	14.64	0.00
3	7	0.00	0.10	16.30	15.42	0.00
Core	CPU	C1%	C3%	C6%	C8%	C9%
-	-	0.22	3.48	20.79	22.66	0.06
0	0	0.00	1.90	30.03	12.35	0.49
0	4	0.00	0.07	20.52	24.11	0.00
1	1	0.83	20.91	8.31	4.42	0.00
1	5	0.25	4.54	22.05	21.53	0.00
2	2	0.00	0.10	22.19	24.29	0.00
2	6	0.00	0.07	21.53	46.00	0.00
3	3	0.69	0.13	20.96	25.42	0.00
3	7	0.00	0.13	20.70	23.15	0.00
Core	CPU	C1%	C3%	C6%	C8%	C9%
-	-	0.12	3.58	19.99	22.64	0.30
0	0	0.01	0.45	30.30	17.38	1.37
0	4	0.00	0.19	21.34	25.85	0.00
1	1	0.01	0.18	21.02	24.25	0.00
1	5	0.23	6.19	18.75	17.38	0.00
2	2	0.44	12.77	12.23	15.06	0.00
2	6	0.26	8.51	16.89	19.09	0.00
3	3	0.00	0.17	19.93	39.57	1.06
3	7	0.00	0.20	19.71	22.74	0.00
Core	CPU	C1%	C3%	C6%	C8%	C9%
-	-	0.08	3.31	22.30	23.18	0.02
0	0	0.02	10.46	22.80	5.33	0.06
0	4	0.14	6.76	20.46	17.22	0.00
1	1	0.24	1.39	23.55	20.45	0.00
1	5	0.00	0.21	22.09	46.00	0.00
2	2	0.06	1.33	20.56	22.08	0.00
2	6	0.18	4.18	21.64	29.25	0.07
3	3	0.00	0.42	23.35	23.36	0.00
3	7	0.00	1.66	23.72	21.49	0.00
Core	CPU	C1%	C3%	C6%	C8%	C9%
-	-	0.10	3.74	20.39	25.60	0.18
0	0	0.02	24.84	11.07	2.16	0.00
0	4	0.00	2.37	22.94	24.81	0.00
1	1	0.79	0.23	24.47	35.17	1.40
1	5	0.00	0.21	20.09	46.24	0.00
2	2	0.00	0.25	20.93	25.39	0.00
2	6	0.00	0.23	20.22	23.27	0.00
3	3	0.00	0.20	20.54	23.75	0.00
3	7	0.02	1.56	22.83	24.00	0.00
Core	CPU	C1%	C3%	C6%	C8%	C9%
-	-	0.11	2.65	24.88	23.70	0.01
0	0	0.01	5.17	29.66	8.77	0.00
0	4	0.27	3.77	18.83	16.29	0.00
1	1	0.20	6.08	22.32	23.90	0.00
1	5	0.33	4.50	22.93	29.80	0.00
2	2	0.00	0.97	27.68	23.93	0.00
2	6	0.06	0.20	26.88	29.85	0.07
3	3	0.03	0.21	26.66	34.39	0.00
3	7	0.00	0.30	24.09	22.69	0.00
Core	CPU	C1%	C3%	C6%	C8%	C9%
-	-	0.07	3.10	23.79	24.58	0.01
0	0	0.03	4.45	28.89	13.04	0.00
0	4	0.02	2.46	22.38	25.23	0.00
1	1	0.15	2.03	22.13	23.56	0.00
1	5	0.37	12.24	16.37	20.91	0.00
2	2	0.00	0.74	26.03	35.03	0.00
2	6	0.00	0.18	23.94	27.19	0.06
3	3	0.00	0.97	25.81	26.33	0.00
3	7	0.01	1.75	24.82	25.35	0.00
Core	CPU	C1%	C3%	C6%	C8%	C9%
-	-	0.12	3.08	20.10	20.30	0.20
0	0	0.05	0.53	28.97	13.34	0.01
0	4	0.00	1.99	22.26	31.09	0.00
1	1	0.35	9.68	16.11	12.29	0.46
1	5	0.53	11.44	15.82	16.95	0.00
2	2	0.00	0.20	19.66	25.11	1.11
2	6	0.00	0.26	19.53	26.87	0.00
3	3	0.00	0.22	17.20	17.56	0.00
3	7	0.00	0.34	21.21	19.20	0.00
Core	CPU	C1%	C3%	C6%	C8%	C9%
-	-	0.30	3.06	21.37	19.83	0.07
0	0	0.00	1.32	31.97	19.89	0.00
0	4	0.00	0.27	20.75	25.99	0.00
1	1	0.71	7.27	17.93	13.66	0.00
1	5	1.70	14.76	10.86	5.97	0.47
2	2	0.01	0.19	20.06	25.77	0.00
2	6	0.00	0.17	22.03	18.32	0.06
3	3	0.00	0.22	23.79	28.05	0.00
3	7	0.01	0.30	23.53	21.00	0.00
Core	CPU	C1%	C3%	C6%	C8%	C9%
-	-	0.24	3.79	21.77	24.67	0.00
0	0	0.22	15.23	18.43	18.07	0.04
0	4	0.05	1.18	22.91	24.06	0.00
1	1	0.13	2.05	22.05	26.96	0.00
1	5	0.00	0.20	24.61	27.87	0.00
2	2	0.65	3.71	24.10	23.72	0.00
2	6	0.89	7.74	16.88	29.32	0.00
3	3	0.00	0.16	23.28	23.77	0.00
3	7	0.00	0.08	21.89	23.61	0.00
Core	CPU	C1%	C3%	C6%	C8%	C9%
-	-	0.15	2.34	25.01	25.58	0.06
0	0	0.02	7.37	24.32	3.82	0.00
0	4	0.24	10.04	23.47	16.12	0.00
1	1	0.00	0.31	24.01	28.84	0.00
1	5	0.00	0.13	27.27	31.94	0.00
2	2	0.52	0.17	23.51	33.86	0.51
2	6	0.12	0.16	24.95	29.66	0.00
3	3	0.19	0.28	26.87	33.71	0.00
3	7	0.11	0.26	25.62	26.66	0.00
Core	CPU	C1%	C3%	C6%	C8%	C9%
-	-	0.01	3.11	22.57	23.73	0.17
0	0	0.03	13.38	19.66	4.66	0.00
0	4	0.01	10.40	19.83	15.39	0.00
1	1	0.00	0.33	23.99	25.62	0.02
1	5	0.00	0.11	22.30	34.94	0.00
2	2	0.00	0.21	25.08	28.68	0.00
2	6	0.01	0.15	24.33	24.42	0.06
3	3	0.00	0.14	23.10	31.09	1.27
3	7	0.01	0.17	22.24	25.04	0.00
Core	CPU	C1%	C3%	C6%	C8%	C9%
-	-	0.03	3.62	22.05	23.54	0.14
0	0	0.01	18.25	17.91	3.24	0.00
0	4	0.00	6.12	24.07	20.64	0.00
1	1	0.00	0.31	22.98	20.92	1.08
1	5	0.00	0.25	20.95	39.32	0.00
2	2	0.00	0.15	23.11	23.23	0.00
2	6	0.00	0.16	21.48	30.06	0.00
3	3	0.20	0.14	22.81	28.95	0.00
3	7	0.00	3.61	23.11	21.95	0.00
Core	CPU	C1%	C3%	C6%	C8%	C9%
-	-	0.13	3.30	22.65	24.02	0.00
0	0	0.01	2.15	31.11	19.57	0.03
0	4	0.00	0.18	22.15	30.01	0.00
1	1	0.00	0.17	23.23	24.06	0.00
1	5	0.00	0.14	22.40	26.62	0.00
2	2	0.57	11.49	17.24	11.17	0.00
2	6	0.48	12.00	17.92	14.94	0.00
3	3	0.00	0.15	23.65	34.39	0.00
3	7	0.01	0.15	23.50	31.42	0.00
Core	CPU	C1%	C3%	C6%	C8%	C9%
-	-	0.13	3.39	21.29	23.77	0.04
0	0	0.01	0.39	31.42	20.04	0.05
0	4	0.00	0.07	20.92	27.66	0.00
1	1	0.21	5.60	18.32	24.14	0.00
1	5	0.00	0.12	23.61	24.43	0.00
2	2	0.50	13.13	12.65	27.43	0.00
2	6	0.01	0.21	20.26	21.12	0.00
3	3	0.33	7.46	19.92	23.40	0.27
3	7	0.00	0.16	23.21	21.97	0.00
Core	CPU	C1%	C3%	C6%	C8%	C9%
-	-	0.11	2.38	24.70	24.77	0.00
0	0	0.01	8.98	26.13	9.40	0.00
0	4	0.01	0.32	26.67	29.61	0.00
1	1	0.01	0.33	26.46	29.03	0.00
1	5	0.02	0.26	26.15	33.42	0.00
2	2	0.72	6.06	15.44	9.07	0.00
2	6	0.13	2.13	27.34	35.89	0.00
3	3	0.00	0.29	23.40	28.75	0.00
3	7	0.00	0.68	26.02	23.01	0.00
Core	CPU	C1%	C3%	C6%	C8%	C9%
-	-	0.04	3.24	23.28	24.20	0.01
0	0	0.16	6.64	26.75	12.07	0.00
0	4	0.02	10.58	21.16	15.73	0.00
1	1	0.00	0.25	22.84	32.26	0.00
1	5	0.00	0.19	23.15	26.07	0.00
2	2	0.01	0.23	23.61	24.39	0.00
2	6	0.00	0.17	22.68	30.09	0.00
3	3	0.10	6.53	20.72	23.83	0.11
3	7	0.00	1.31	25.35	29.11	0.00
Core	CPU	C1%	C3%	C6%	C8%	C9%
-	-	0.13	3.23	20.98	21.38	0.25
0	0	0.01	4.22	25.91	6.93	0.01
0	4	0.00	0.19	23.33	20.85	1.62
1	1	0.65	13.28	13.94	9.26	0.01
1	5	0.39	7.42	18.40	21.09	0.37
2	2	0.00	0.26	21.89	31.50	0.00
2	6	0.00	0.12	21.76	28.15	0.00
3	3	0.00	0.18	21.33	34.37	0.00
3	7	0.00	0.22	21.29	18.89	0.01
Core	CPU	C1%	C3%	C6%	C8%	C9%
-	-	0.28	3.24	21.81	22.49	0.01
0	0	0.00	0.35	29.31	17.01	0.11
0	4	0.00	0.24	22.20	37.21	0.00
1	1	0.79	1.31	24.44	22.98	0.00
1	5	0.13	2.45	19.75	18.90	0.00
2	2	0.76	11.75	18.38	10.97	0.00
2	6	0.51	9.41	18.15	16.07	0.00
3	3	0.00	0.17	20.61	29.55	0.00
3	7	0.00	0.23	21.87	27.49	0.00
Core	CPU	C1%	C3%	C6%	C8%	C9%
-	-	0.11	3.69	21.40	23.55	0.02
0	0	0.00	11.25	23.30	7.43	0.00
0	4	0.15	3.57	20.49	23.07	0.00
1	1	0.17	3.01	19.85	25.32	0.00
1	5	0.54	10.59	15.47	16.03	0.00
2	2	0.00	0.20	24.51	21.40	0.00
2	6	0.00	0.25	21.67	46.38	0.13
3	3	0.00	0.28	21.89	21.27	0.00
3	7	0.04	0.33	23.78	27.32	0.00
Core	CPU	C1%	C3%	C6%	C8%	C9%
-	-	0.13	2.31	24.17	24.17	0.23
0	0	0.01	3.12	24.23	7.51	1.51
0	4	0.00	0.58	23.98	25.53	0.00
1	1	0.74	11.45	17.07	14.73	0.00
1	5	0.12	2.26	22.57	23.14	0.32
2	2	0.13	0.23	26.46	23.96	0.00
2	6	0.02	0.33	26.10	39.11	0.00
3	3	0.00	0.27	26.43	30.96	0.00
3	7	0.00	0.28	26.50	28.44	0.00
Core	CPU	C1%	C3%	C6%	C8%	C9%
-	-	0.04	2.68	22.29	20.13	0.07
0	0	0.01	2.01	23.97	5.66	0.01
0	4	0.02	10.71	15.93	8.69	0.00
1	1	0.02	0.40	24.51	29.63	0.00
1	5	0.00	0.26	22.48	16.69	0.36
2	2	0.00	0.21	23.41	31.78	0.00
2	6	0.00	0.36	24.81	31.54	0.23
3	3	0.23	6.03	20.42	17.53	0.00
3	7	0.00	1.43	22.77	19.51	0.00
Core	CPU	C1%	C3%	C6%	C8%	C9%
-	-	0.17	3.32	22.04	18.87	0.02
0	0	0.12	3.73	26.59	10.39	0.00
0	4	0.01	4.02	20.46	12.43	0.00
1	1	0.00	0.17	23.40	28.84	0.00
1	5	0.70	6.31	17.26	30.60	0.00
2	2	0.00	0.13	23.27	21.17	0.00
2	6	0.36	5.73	20.02	20.62	0.14
3	3	0.17	5.44	20.80	12.95	0.00
3	7	0.00	1.06	24.51	13.91	0.00
Core	CPU	C1%	C3%	C6%	C8%	C9%
-	-	0.11	3.75	22.18	23.22	0.16
0	0	0.02	6.81	28.80	9.82	0.00
0	4	0.70	21.25	10.39	6.56	0.00
1	1	0.00	0.25	20.86	29.75	0.61
1	5	0.01	0.53	22.23	26.20	0.00
2	2	0.00	0.25	23.03	28.19	0.61
2	6	0.14	0.39	21.89	33.85	0.06
3	3	0.00	0.20	25.32	22.57	0.00
3	7	0.00	0.29	24.92	28.80	0.00
Core	CPU	C1%	C3%	C6%	C8%	C9%
-	-	0.18	3.74	22.63	22.07	0.01
0	0	0.01	7.23	26.96	25.56	0.00
0	4	0.00	0.33	24.05	25.84	0.00
1	1	0.64	8.07	19.71	19.79	0.00
1	5	0.49	6.90	21.04	16.52	0.00
2	2	0.00	0.18	21.57	23.12	0.00
2	6	0.20	6.76	17.16	19.25	0.04
3	3	0.01	0.23	25.44	24.46	0.00
3	7	0.08	0.24	25.13	22.02	0.00
Core	CPU	C1%	C3%	C6%	C8%	C9%
-	-	0.04	3.11	17.65	15.59	0.06
0	0	0.01	0.38	26.27	14.30	0.02
0	4	0.03	18.93	8.24	7.69	0.00
1	1	0.13	2.44	17.84	18.50	0.00
1	5	0.04	1.96	16.78	11.09	0.48
2	2	0.00	0.37	17.69	21.20	0.00
2	6	0.00	0.26	17.20	16.10	0.00
3	3	0.10	0.24	18.70	20.68	0.00
3	7	0.00	0.31	18.51	15.11	0.00
Core	CPU	C1%	C3%	C6%	C8%	C9%
-	-	0.05	3.40	20.32	21.56	0.03
0	0	0.01	1.58	29.63	19.33	0.00
0	4	0.11	17.22	11.59	5.55	0.00
1	1	0.00	0.14	20.94	33.51	0.00
1	5	0.00	0.09	21.41	24.05	0.00
2	2	0.00	0.17	20.77	19.35	0.26
2	6	0.00	0.18	19.35	32.79	0.00
3	3	0.27	7.50	16.75	16.06	0.00
3	7	0.00	0.28	22.10	21.85	0.00
Core	CPU	C1%	C3%	C6%	C8%	C9%
-	-	0.14	3.50	20.54	22.17	0.08
0	0	0.01	0.36	28.69	19.88	0.14
0	4	0.00	0.19	21.08	35.10	0.00
1	1	0.17	4.52	20.51	17.00	0.00
1	5	0.26	6.80	18.55	20.45	0.00
2	2	0.00	0.29	21.12	31.02	0.00
2	6	0.69	15.19	10.59	8.41	0.47
3	3	0.00	0.37	23.31	25.24	0.00
3	7	0.00	0.34	20.70	20.49	0.00
Core	CPU	C1%	C3%	C6%	C8%	C9%
-	-	0.18	3.31	22.73	21.72	0.03
0	0	0.00	0.35	32.36	12.82	0.02
0	4	0.00	0.17	22.89	26.53	0.00
1	1	0.00	0.24	23.29	25.30	0.00
1	5	0.00	0.94	21.58	23.19	0.00
2	2	0.61	9.61	20.08	17.84	0.07
2	6	0.48	10.02	18.11	13.62	0.07
3	3	0.36	4.97	19.46	32.39	0.05
3	7	0.00	0.23	24.22	22.16	0.00
Core	CPU	C1%	C3%	C6%	C8%	C9%
-	-	0.06	3.45	20.45	25.84	0.06
0	0	0.10	16.11	20.16	7.30	0.00
0	4	0.09	6.86	18.90	19.82	0.46
1	1	0.16	0.20	21.37	28.05	0.00
1	5	0.00	0.21	20.43	30.49	0.00
2	2	0.00	0.20	18.25	25.29	0.00
2	6	0.00	0.18	20.22	41.09	0.00
3	3	0.11	3.56	20.66	31.05	0.00
3	7	0.03	0.24	23.30	23.23	0.00
Core	CPU	C1%	C3%	C6%	C8%	C9%
-	-	0.07	2.86	23.51	23.53	0.10
0	0	0.02	12.06	23.74	12.31	0.37
0	4	0.00	3.56	25.61	20.20	0.00
1	1	0.08	1.71	21.62	19.64	0.00
1	5	0.34	3.00	19.59	15.49	0.00
2	2	0.00	0.85	24.66	30.53	0.00
2	6	0.10	1.24	24.59	34.03	0.06
3	3	0.00	0.18	25.27	33.75	0.00
3	7	0.01	0.33	22.97	22.31	0.37
Core	CPU	C1%	C3%	C6%	C8%	C9%
-	-	0.17	2.99	23.38	23.00	0.02
0	0	0.01	0.70	32.01	12.29	0.02
0	4	0.00	0.26	23.73	30.63	0.00
1	1	0.64	6.15	16.46	18.50	0.00
1	5	0.35	6.69	20.29	18.63	0.00
2	2	0.00	0.34	24.95	28.96	0.00
2	6	0.36	9.09	17.05	22.61	0.16
3	3	0.00	0.31	27.81	26.05	0.00
3	7	0.00	0.34	24.73	26.37	0.00
Core	CPU	C1%	C3%	C6%	C8%	C9%
-	-	0.13	3.54	21.65	23.25	0.01
0	0	0.00	0.51	29.96	19.91	0.01
0	4	0.00	0.14	24.05	24.89	0.00
1	1	0.00	0.13	22.15	34.41	0.00
1	5	0.00	0.12	23.18	36.89	0.00
2	2	0.20	7.76	16.74	17.66	0.00
2	6	0.81	19.12	10.82	7.56	0.07
3	3	0.00	0.20	22.40	22.95	0.00
3	7	0.00	0.31	23.86	21.69	0.00
Core	CPU	C1%	C3%	C6%	C8%	C9%
-	-	0.19	3.49	21.81	22.05	0.00
0	0	0.02	1.58	30.56	7.99	0.00
0	4	0.01	1.24	22.66	24.76	0.00
1	1	0.01	0.22	22.54	30.84	0.00
1	5	0.01	0.11	20.05	33.56	0.00
2	2	0.42	8.96	16.29	16.84	0.00
2	6	1.02	14.60	15.23	10.24	0.00
3	3	0.01	0.20	22.54	23.22	0.00
3	7	0.01	0.98	24.63	28.92	0.00
Core	CPU	C1%	C3%	C6%	C8%	C9%
-	-	0.10	3.77	21.24	23.09	0.04
0	0	0.02	11.62	22.24	7.75	0.02
0	4	0.00	0.23	21.57	36.60	0.00
1	1	0.00	0.37	21.74	27.85	0.00
1	5	0.01	1.45	19.48	34.80	0.00
2	2	0.33	8.82	18.43	13.58	0.02
2	6	0.43	6.26	20.54	15.36	0.08
3	3	0.00	0.30	22.57	23.50	0.00
3	7	0.00	1.11	23.44	25.40	0.21
Core	CPU	C1%	C3%	C6%	C8%	C9%
-	-	0.11	2.30	24.77	24.22	0.02
0	0	0.01	1.87	30.59	21.86	0.00
0	4	0.01	1.88	21.62	24.52	0.00
1	1	0.36	7.85	22.99	18.14	0.00
1	5	0.52	5.64	20.06	20.43	0.00
2	2	0.00	0.20	24.67	25.22	0.00
2	6	0.00	0.16	25.57	26.69	0.18
3	3	0.00	0.25	26.24	31.21	0.00
3	7	0.00	0.49	26.29	25.56	0.00
Core	CPU	C1%	C3%	C6%	C8%	C9%
-	-	0.14	2.90	24.05	24.22	0.19
0	0	0.01	2.34	28.30	14.74	1.35
0	4	0.00	0.47	24.35	18.72	0.00
1	1	0.35	3.32	19.63	24.64	0.00
1	5	0.11	1.23	24.12	32.78	0.00
2	2	0.02	1.36	25.33	33.50	0.00
2	6	0.16	1.98	24.65	28.65	0.08
3	3	0.42	11.93	19.38	15.04	0.00
3	7	0.05	0.59	26.65	25.72	0.10
Core	CPU	C1%	C3%	C6%	C8%	C9%
-	-	0.08	3.51	22.63	22.58	0.40
0	0	0.01	8.99	25.42	8.11	1.39
0	4	0.56	15.79	12.73	10.70	0.49
1	1	0.00	0.18	22.72	21.32	0.00
1	5	0.00	0.15	22.20	22.99	0.00
2	2	0.06	2.12	24.89	21.65	0.00
2	6	0.00	0.44	24.85	22.92	1.33
3	3	0.01	0.19	23.95	43.22	0.00
3	7	0.00	0.25	24.37	29.78	0.00
Core	CPU	C1%	C3%	C6%	C8%	C9%
-	-	0.08	3.36	22.33	22.29	0.00
0	0	0.02	12.57	18.86	5.09	0.00
0	4	0.02	4.71	22.36	20.86	0.00
1	1	0.36	4.39	22.53	27.41	0.00
1	5	0.00	0.23	23.13	32.61	0.00
2	2	0.00	0.28	22.58	27.89	0.00
2	6	0.00	0.22	22.86	20.88	0.00
3	3	0.22	4.20	21.02	18.78	0.00
3	7	0.00	0.27	25.27	24.81	0.00
Core	CPU	C1%	C3%	C6%	C8%	C9%
-	-	0.08	3.69	22.25	21.99	0.00
0	0	0.03	9.14	25.88	6.49	0.00
0	4	0.21	14.81	15.10	11.59	0.00
1	1	0.00	0.27	23.89	30.51	0.00
1	5	0.00	0.19	23.85	20.93	0.00
2	2	0.00	0.20	21.84	27.58	0.00
2	6	0.00	0.19	22.81	35.46	0.00
3	3	0.37	3.49	20.60	23.44	0.00
3	7	0.00	1.23	24.01	19.94	0.00
Core	CPU	C1%	C3%	C6%	C8%	C9%
-	-	0.09	3.01	16.53	17.21	0.20
0	0	0.01	5.47	19.96	6.25	0.00
0	4	0.22	5.64	13.61	10.96	0.00
1	1	0.09	1.20	18.81	17.89	0.00
1	5	0.00	0.16	15.77	18.47	0.00
2	2	0.38	7.27	13.02	15.23	0.00
2	6	0.00	0.10	15.56	18.80	0.00
3	3	0.01	0.81	18.07	23.25	1.61
3	7	0.00	3.47	17.46	26.85	0.00
Core	CPU	C1%	C3%	C6%	C8%	C9%
-	-	0.05	3.33	20.77	21.26	0.00
0	0	0.02	12.46	20.58	10.44	0.00
0	4	0.01	1.21	23.71	19.30	0.00
1	1	0.00	0.20	20.94	20.71	0.00
1	5	0.00	0.09	17.96	20.39	0.00
2	2	0.28	7.94	16.70	26.39	0.00
2	6	0.10	3.41	21.81	19.82	0.00
3	3	0.00	0.10	21.09	27.88	0.00
3	7	0.02	1.23	23.36	25.12	0.00
Core	CPU	C1%	C3%	C6%	C8%	C9%
-	-	0.18	3.75	22.64	23.60	0.00
0	0	0.01	13.53	21.89	11.12	0.03
0	4	0.01	2.44	23.37	32.51	0.00
1	1	1.02	7.93	20.77	16.70	0.00
1	5	0.38	3.87	21.57	22.55	0.00
2	2	0.01	0.20	22.03	23.21	0.00
2	6	0.00	0.17	22.29	31.02	0.00
3	3	0.00	0.38	23.37	25.64	0.00
3	7	0.00	1.56	25.95	26.20	0.00
Core	CPU	C1%	C3%	C6%	C8%	C9%
-	-	0.41	3.04	23.57	23.92	0.02
0	0	0.06	0.70	32.11	26.27	0.00
0	4	0.00	0.28	24.71	26.49	0.00
1	1	0.13	0.65	26.32	31.41	0.00
1	5	2.46	17.86	8.26	6.50	0.00
2	2	0.59	3.77	22.69	18.26	0.00
2	6	0.00	0.38	25.12	23.79	0.18
3	3	0.00	0.35	24.08	30.49	0.00
3	7	0.00	0.30	25.11	28.01	0.00
Core	CPU	C1%	C3%	C6%	C8%	C9%
-	-	0.15	3.56	21.74	22.59	0.01
0	0	0.06	0.39	32.20	17.99	0.00
0	4	0.00	0.31	21.92	31.47	0.00
1	1	0.56	16.67	12.12	10.80	0.00
1	5	0.00	0.22	23.92	25.16	0.00
2	2	0.42	9.01	15.80	16.85	0.11
2	6	0.12	1.28	22.46	23.02	0.00
3	3	0.00	0.31	22.00	27.15	0.00
3	7	0.00	0.31	23.46	28.29	0.00
Core	CPU	C1%	C3%	C6%	C8%	C9%
-	-	0.11	2.97	17.64	18.59	0.00
0	0	0.00	0.40	27.18	15.67	0.00
0	4	0.00	0.17	17.77	20.50	0.00
1	1	0.00	0.20	18.49	23.50	0.00
1	5	0.00	0.16	18.22	29.03	0.00
2	2	0.87	22.29	3.61	0.00	0.00
2	6	0.00	0.26	18.35	22.90	0.00
3	3	0.00	0.19	18.21	21.95	0.00
3	7	0.00	0.18	19.61	15.49	0.00
Core	CPU	C1%	C3%	C6%	C8%	C9%
-	-	0.08	3.38	19.70	20.98	0.12
0	0	0.02	7.01	26.14	8.94	0.49
0	4	0.00	4.87	18.01	23.31	0.46
1	1	0.00	0.18	20.12	25.18	0.00
1	5	0.00	0.17	18.70	29.85	0.00
2	2	0.35	8.10	18.50	16.30	0.00
2	6	0.29	6.38	16.59	19.02	0.05
3	3	0.00	0.12	19.36	21.25	0.00
3	7	0.00	0.18	19.97	23.67	0.00
Core	CPU	C1%	C3%	C6%	C8%	C9%
-	-	0.09	3.82	21.15	23.13	0.01
0	0	0.01	16.91	16.47	5.61	0.00
0	4	0.00	0.17	23.76	33.45	0.00
1	1	0.46	10.40	16.06	15.40	0.00
1	5	0.07	1.26	21.61	23.02	0.00
2	2	0.00	0.10	22.28	28.92	0.00
2	6	0.00	0.13	21.89	32.33	0.04
3	3	0.10	0.19	23.69	26.48	0.00
3	7	0.10	1.32	23.30	19.76	0.00
Core	CPU	C1%	C3%	C6%	C8%	C9%
-	-	0.10	3.37	22.06	23.56	0.00
0	0	0.02	6.60	28.06	7.43	0.00
0	4	0.02	3.59	20.75	23.35	0.00
1	1	0.73	13.64	13.31	12.52	0.00
1	5	0.05	1.77	23.96	43.87	0.00
2	2	0.00	0.13	22.92	25.64	0.00
2	6	0.00	0.09	22.08	30.31	0.00
3	3	0.00	0.17	22.44	24.06	0.00
3	7	0.01	1.15	23.71	22.04	0.00
Core	CPU	C1%	C3%	C6%	C8%	C9%
-	-	0.15	3.66	21.98	21.51	0.18
0	0	0.01	0.57	29.11	13.87	1.40
0	4	0.00	0.25	21.96	23.96	0.00
1	1	0.25	6.77	22.36	24.49	0.00
1	5	0.57	13.06	14.91	13.78	0.00
2	2	0.01	0.39	23.57	31.93	0.00
2	6	0.01	0.22	21.58	23.86	0.00
3	3	0.34	7.63	19.52	17.73	0.00
3	7	0.00	0.26	22.03	21.74	0.00
Core	CPU	C1%	C3%	C6%	C8%	C9%
-	-	0.16	3.39	18.94	20.01	0.00
0	0	0.00	0.42	28.34	18.25	0.00
0	4	0.00	0.21	20.23	23.89	0.00
1	1	0.10	1.15	21.18	26.07	0.00
1	5	0.40	8.30	12.77	12.47	0.00
2	2	0.54	11.58	16.00	9.72	0.00
2	6	0.25	5.14	18.44	21.70	0.00
3	3	0.00	0.12	17.24	22.45	0.00
3	7	0.01	0.20	17.33	25.48	0.00
Core	CPU	C1%	C3%	C6%	C8%	C9%
-	-	0.03	3.37	19.48	21.56	0.00
0	0	0.00	15.22	15.19	3.60	0.00
0	4	0.00	3.07	18.08	19.02	0.00
1	1	0.03	0.14	20.85	31.55	0.00
1	5	0.00	0.12	22.23	33.84	0.00
2	2	0.00	0.12	20.03	21.33	0.00
2	6	0.20	5.21	17.64	15.69	0.00
3	3	0.01	0.16	21.54	23.67	0.00
3	7	0.00	2.93	20.32	23.76	0.00
Core	CPU	C1%	C3%	C6%	C8%	C9%
-	-	0.10	3.20	22.13	22.26	0.24
0	0	0.03	3.12	28.85	14.11	0.01
0	4	0.00	0.20	25.55	21.25	0.00
1	1	0.33	10.33	15.52	14.17	1.88
1	5	0.31	6.66	19.65	15.87	0.00
2	2	0.00	0.21	24.39	36.84	0.00
2	6	0.11	4.66	18.53	20.17	0.00
3	3	0.00	0.19	22.15	29.43	0.00
3	7	0.00	0.20	22.39	26.26	0.00
Core	CPU	C1%	C3%	C6%	C8%	C9%
-	-	0.09	3.26	23.43	21.12	0.01
0	0	0.01	4.49	30.37	5.52	0.00
0	4	0.02	4.19	21.69	17.39	0.01
1	1	0.35	8.10	19.07	22.15	0.00
1	5	0.00	0.19	22.92	21.97	0.00
2	2	0.01	0.12	24.41	39.76	0.00
2	6	0.07	1.17	22.40	24.98	0.02
3	3	0.19	7.51	20.15	14.70	0.08
3	7	0.05	0.28	26.46	22.45	0.00
Core	CPU	C1%	C3%	C6%	C8%	C9%
-	-	0.02	3.59	22.77	21.91	0.00
0	0	0.03	18.54	19.01	5.82	0.00
0	4	0.16	7.73	22.78	18.45	0.00
1	1	0.00	0.19	22.96	22.23	0.00
1	5	0.00	0.19	23.31	21.65	0.00
2	2	0.00	0.09	21.40	20.21	0.00
2	6	0.00	0.18	24.45	35.39	0.00
3	3	0.00	0.25	21.61	20.72	0.00
3	7	0.00	1.53	26.63	30.83	0.00
Core	CPU	C1%	C3%	C6%	C8%	C9%
-	-	0.09	3.01	24.33	23.87	0.00
0	0	0.02	11.11	28.79	13.27	0.00
0	4	0.10	5.47	24.90	18.49	0.00
1	1	0.11	3.26	25.21	20.70	0.00
1	5	0.50	2.65	18.54	17.25	0.00
2	2	0.00	0.22	25.22	35.77	0.00
2	6	0.00	0.34	23.96	30.42	0.00
3	3	0.00	0.72	23.84	27.78	0.00
3	7	0.00	0.33	24.22	27.32	0.00
Core	CPU	C1%	C3%	C6%	C8%	C9%
-	-	0.17	2.74	23.94	22.27	0.09
0	0	0.01	0.61	35.41	14.38	0.00
0	4	0.00	0.22	25.10	19.63	0.75
1	1	0.16	1.05	22.24	23.12	0.00
1	5	0.03	0.57	25.31	32.86	0.00
2	2	0.00	0.33	23.47	26.27	0.00
2	6	0.00	0.33	23.76	37.44	0.00
3	3	1.10	18.54	9.31	3.50	0.00
3	7	0.07	0.30	27.29	21.34	0.00
Core	CPU	C1%	C3%	C6%	C8%	C9%
-	-	0.10	3.36	20.83	21.39	0.23
0	0	0.01	4.69	26.67	7.96	0.04
0	4	0.25	13.35	14.86	8.13	0.45
1	1	0.00	0.20	20.23	24.17	0.00
1	5	0.01	0.18	20.98	29.29	0.00
2	2	0.00	0.26	21.41	18.91	0.00
2	6	0.05	0.25	21.82	42.81	0.04
3	3	0.46	7.61	18.14	16.94	1.28
3	7	0.00	0.28	22.25	22.62	0.00
Core	CPU	C1%	C3%	C6%	C8%	C9%
-	-	0.03	3.81	21.07	22.60	0.00
0	0	0.01	3.60	32.79	18.48	0.00
0	4	0.11	24.76	8.75	2.19	0.00
1	1	0.01	0.29	21.14	28.73	0.00
1	5	0.10	0.22	20.40	32.42	0.00
2	2	0.00	0.96	22.19	21.28	0.00
2	6	0.00	0.19	20.53	30.62	0.00
3	3	0.00	0.23	21.57	22.44	0.00
3	7	0.01	0.23	21.25	24.65	0.00
Core	CPU	C1%	C3%	C6%	C8%	C9%
-	-	0.09	3.46	21.56	22.49	0.06
0	0	0.01	5.85	26.84	11.94	0.05
0	4	0.00	2.84	20.87	23.56	0.00
1	1	0.33	5.91	21.22	18.03	0.00
1	5	0.26	7.38	19.81	19.68	0.00
2	2	0.00	0.93	20.75	20.74	0.00
2	6	0.00	0.14	20.61	24.29	0.00
3	3	0.12	4.40	19.87	35.49	0.45
3	7	0.00	0.23	22.53	26.20	0.00
Core	CPU	C1%	C3%	C6%	C8%	C9%
-	-	0.07	2.97	19.33	17.98	0.04
0	0	0.01	7.01	20.20	4.13	0.02
0	4	0.00	5.15	19.64	18.95	0.00
1	1	0.00	0.11	16.67	22.40	0.00
1	5	0.00	0.11	19.28	18.38	0.00
2	2	0.28	5.95	17.59	13.35	0.33
2	6	0.24	1.54	20.76	21.33	0.00
3	3	0.04	3.71	18.35	22.56	0.00
3	7	0.00	0.14	22.12	22.72	0.00
Core	CPU	C1%	C3%	C6%	C8%	C9%
-	-	0.14	2.84	19.29	19.70	0.21
0	0	0.01	0.36	28.18	15.16	0.14
0	4	0.00	0.23	20.01	21.83	0.31
1	1	0.01	0.26	19.19	20.59	0.00
1	5	0.00	0.26	19.78	20.86	0.00
2	2	0.83	15.45	10.15	9.28	1.13
2	6	0.29	5.64	15.35	15.36	0.00
3	3	0.01	0.30	22.66	34.76	0.00
3	7	0.01	0.22	18.99	19.76	0.11
Core	CPU	C1%	C3%	C6%	C8%	C9%
-	-	0.06	3.54	22.58	21.16	0.00
0	0	0.01	9.53	26.02	14.37	0.00
0	4	0.00	11.71	18.43	12.62	0.00
1	1	0.00	0.15	23.79	30.78	0.00
1	5	0.05	0.11	21.49	34.86	0.00
2	2	0.42	5.05	18.87	17.89	0.00
2	6	0.00	0.16	25.25	20.28	0.00
3	3	0.00	1.31	23.06	17.84	0.00
3	7	0.00	0.36	24.04	20.97	0.01
Core	CPU	C1%	C3%	C6%	C8%	C9%
-	-	0.11	3.32	22.19	22.68	0.00
0	0	0.01	1.00	29.86	19.96	0.00
0	4	0.01	8.53	18.54	18.31	0.00
1	1	0.14	0.17	24.33	39.79	0.00
1	5	0.00	0.13	21.67	19.60	0.00
2	2	0.67	15.33	13.04	9.98	0.00
2	6	0.01	0.19	24.10	26.11	0.00
3	3	0.00	0.22	24.04	25.03	0.00
3	7	0.00	1.02	21.78	22.52	0.00
Core	CPU	C1%	C3%	C6%	C8%	C9%
-	-	0.17	3.94	21.54	22.89	0.00
0	0	0.01	0.65	30.30	23.93	0.00
0	4	0.01	0.21	23.81	33.64	0.00
1	1	0.11	4.50	18.81	20.85	0.00
1	5	0.60	14.67	13.43	10.93	0.00
2	2	0.45	6.01	18.08	20.64	0.00
2	6	0.16	3.48	22.64	19.56	0.00
3	3	0.01	0.34	23.88	25.71	0.00
3	7	0.01	1.70	21.40	27.87	0.00
Core	CPU	C1%	C3%	C6%	C8%	C9%
-	-	0.16	3.30	18.79	19.05	0.00
0	0	0.01	0.51	26.53	12.01	0.00
0	4	0.00	0.23	19.49	15.57	0.00
1	1	0.42	8.82	16.00	11.81	0.00
1	5	0.36	3.68	16.09	13.99	0.00
2	2	0.45	12.50	12.81	22.09	0.00
2	6	0.00	0.15	20.71	32.94	0.00
3	3	0.00	0.27	19.16	18.68	0.00
3	7	0.00	0.18	19.31	25.18	0.00
Core	CPU	C1%	C3%	C6%	C8%	C9%
-	-	0.14	3.32	18.98	19.28	0.00
0	0	0.11	6.38	20.54	9.46	0.00
0	4	0.00	0.95	20.06	22.23	0.00
1	1	0.68	11.50	13.06	19.68	0.00
1	5	0.16	2.76	18.44	25.34	0.00
2	2	0.09	2.89	17.29	14.91	0.00
2	6	0.11	1.68	21.23	21.72	0.00
3	3	0.00	0.24	19.80	20.89	0.00
3	7	0.00	0.19	21.43	20.04	0.00
Core	CPU	C1%	C3%	C6%	C8%	C9%
-	-	0.14	3.80	21.21	21.78	0.12
0	0	0.00	0.47	32.08	10.57	0.00
0	4	0.00	0.20	22.70	25.40	0.00
1	1	0.62	17.73	10.51	7.00	0.47
1	5	0.37	9.10	17.34	19.90	0.47
2	2	0.00	0.21	19.99	20.81	0.00
2	6	0.15	2.19	20.79	32.28	0.06
3	3	0.01	0.18	23.62	26.59	0.00
3	7	0.00	0.31	22.67	31.66	0.00
Core	CPU	C1%	C3%	C6%	C8%	C9%
-	-	0.14	3.09	21.65	22.96	0.11
0	0	0.00	0.60	29.52	11.96	0.01
0	4	0.00	0.25	21.82	27.99	0.00
1	1	0.00	0.23	23.97	28.06	0.00
1	5	0.00	0.22	22.08	22.72	0.00
2	2	1.06	19.53	6.91	1.43	0.49
2	6	0.02	3.48	21.61	29.82	0.07
3	3	0.00	0.15	22.51	30.85	0.00
3	7	0.00	0.30	24.75	30.84	0.34
Core	CPU	C1%	C3%	C6%	C8%	C9%
-	-	0.06	3.75	22.79	22.26	0.00
0	0	0.02	6.37	28.14	15.28	0.00
0	4	0.08	7.48	19.36	16.52	0.00
1	1	0.00	0.34	22.94	27.69	0.00
1	5	0.00	0.20	23.00	28.22	0.00
2	2	0.04	1.31	22.22	24.84	0.00
2	6	0.02	0.38	24.42	22.14	0.00
3	3	0.34	12.58	17.45	16.10	0.00
3	7	0.00	1.30	24.75	27.31	0.00
Core	CPU	C1%	C3%	C6%	C8%	C9%
-	-	0.07	2.80	18.03	20.23	0.01
0	0	0.21	11.23	15.52	5.20	0.02
0	4	0.00	0.62	21.36	24.32	0.00
1	1	0.03	2.52	18.48	36.39	0.00
1	5	0.00	0.19	17.83	19.51	0.00
2	2	0.01	0.15	18.33	21.71	0.00
2	6	0.00	0.21	17.80	18.94	0.05
3	3	0.27	7.36	14.75	12.66	0.00
3	7	0.05	0.12	20.20	23.17	0.00
Core	CPU	C1%	C3%	C6%	C8%	C9%
-	-	0.10	3.36	21.03	18.78	0.10
0	0	0.01	4.52	28.60	9.25	0.00
0	4	0.13	16.82	12.82	12.36	0.00
1	1	0.30	1.41	19.50	18.33	0.00
1	5	0.34	2.84	18.37	26.44	0.81
2	2	0.00	0.25	22.21	21.69	0.00
2	6	0.00	0.20	23.17	19.93	0.00
3	3	0.00	0.22	21.71	24.35	0.00
3	7	0.00	0.60	21.81	17.87	0.00
Core	CPU	C1%	C3%	C6%	C8%	C9%
-	-	0.18	3.73	21.64	21.00	0.01
0	0	0.06	0.32	30.06	11.87	0.00
0	4	0.00	4.39	19.76	23.88	0.00
1	1	0.45	8.85	20.05	28.31	0.00
1	5	0.92	14.80	15.54	11.78	0.00
2	2	0.00	0.18	21.02	23.66	0.00
2	6	0.00	0.15	21.37	22.90	0.06
3	3	0.00	0.23	23.45	21.27	0.00
3	7	0.00	0.95	21.86	24.32	0.00
Core	CPU	C1%	C3%	C6%	C8%	C9%
-	-	0.17	3.33	22.59	23.03	0.05
0	0	0.01	0.60	32.81	21.52	0.01
0	4	0.00	0.22	22.89	26.45	0.00
1	1	1.23	22.83	7.53	2.47	0.21
1	5	0.16	1.46	25.78	23.37	0.00
2	2	0.00	0.22	20.06	22.72	0.00
2	6	0.00	0.90	23.06	23.89	0.20
3	3	0.00	0.22	23.75	29.03	0.00
3	7	0.00	0.28	24.95	34.93	0.00
Core	CPU	C1%	C3%	C6%	C8%	C9%
-	-	0.16	3.77	21.63	21.93	0.00
0	0	0.01	0.40	30.97	11.63	0.04
0	4	0.01	0.08	22.50	29.54	0.00
1	1	0.61	12.83	15.39	22.29	0.00
1	5	0.17	5.85	20.44	21.62	0.00
2	2	0.00	0.10	20.88	25.77	0.00
2	6	0.00	0.13	21.32	23.85	0.00
3	3	0.43	10.43	16.73	19.20	0.00
3	7	0.01	0.28	24.64	21.40	0.00
Core	CPU	C1%	C3%	C6%	C8%	C9%
-	-	0.20	2.93	23.20	22.91	0.00
0	0	0.00	0.35	32.60	13.29	0.00
0	4	0.00	0.13	22.84	21.66	0.00
1	1	0.00	0.24	24.97	26.80	0.00
1	5	1.39	21.24	5.23	1.31	0.00
2	2	0.03	0.28	26.16	32.58	0.00
2	6	0.13	0.58	24.09	36.47	0.00
3	3	0.00	0.24	24.19	29.86	0.00
3	7	0.00	0.38	25.49	21.32	0.00
Core	CPU	C1%	C3%	C6%	C8%	C9%
-	-	0.17	2.70	23.42	22.39	0.19
0	0	0.01	0.38	33.90	11.98	0.00
0	4	0.00	0.22	23.11	25.04	0.00
1	1	0.00	0.11	23.75	24.54	1.38
1	5	0.00	0.10	21.50	23.57	0.00
2	2	1.24	17.38	7.92	4.33	0.00
2	6	0.10	2.82	25.24	26.88	0.13
3	3	0.00	0.27	25.44	34.78	0.00
3	7	0.00	0.29	26.49	28.01	0.00
Core	CPU	C1%	C3%	C6%	C8%	C9%
-	-	0.12	3.57	21.06	23.78	0.00
0	0	0.03	0.60	33.68	17.73	0.00
0	4	0.00	0.20	19.55	26.22	0.00
1	1	0.00	1.76	22.48	25.66	0.00
1	5	0.00	0.21	20.21	25.60	0.00
2	2	0.57	14.57	11.93	10.91	0.00
2	6	0.35	10.73	15.73	14.17	0.00
3	3	0.00	0.18	22.71	36.03	0.00
3	7	0.00	0.35	22.20	33.91	0.00
Core	CPU	C1%	C3%	C6%	C8%	C9%
-	-	0.17	3.66	21.28	23.28	0.17
0	0	0.01	0.49	30.91	18.46	0.00
0	4	0.01	0.17	22.03	34.57	0.00
1	1	0.00	0.15	20.41	19.31	1.40
1	5	0.00	0.23	20.35	37.49	0.00
2	2	0.85	19.17	11.83	8.10	0.00
2	6	0.46	7.20	18.42	16.86	0.00
3	3	0.00	1.69	23.67	25.41	0.00
3	7	0.00	0.16	22.64	26.03	0.00
Core	CPU	C1%	C3%	C6%	C8%	C9%
-	-	0.07	3.69	21.90	22.88	0.00
0	0	0.02	5.33	27.12	11.13	0.03
0	4	0.01	8.72	19.86	21.54	0.00
1	1	0.00	0.20	20.14	27.88	0.00
1	5	0.00	0.17	20.81	29.85	0.00
2	2	0.31	7.18	18.94	17.58	0.00
2	6	0.20	5.24	20.02	25.10	0.00
3	3	0.00	0.26	22.79	23.59	0.00
3	7	0.01	2.42	25.49	26.36	0.00
Core	CPU	C1%	C3%	C6%	C8%	C9%
-	-	0.01	3.21	17.49	21.19	0.06
0	0	0.01	19.99	10.05	5.29	0.45
0	4	0.00	0.16	19.25	21.06	0.00
1	1	0.06	4.79	16.47	18.06	0.00
1	5	0.00	0.15	18.10	24.86	0.00
2	2	0.00	0.14	19.39	21.25	0.00
2	6	0.00	0.13	20.04	33.24	0.06
3	3	0.00	0.24	19.44	23.34	0.00
3	7	0.01	0.11	17.19	22.38	0.00
Core	CPU	C1%	C3%	C6%	C8%	C9%
-	-	0.14	2.97	18.52	20.05	0.39
0	0	0.11	1.45	26.18	17.76	3.12
0	4	0.00	0.15	18.97	19.43	0.00
1	1	1.01	21.45	6.58	1.28	0.00
1	5	0.00	0.08	22.77	26.83	0.00
2	2	0.00	0.11	17.51	20.28	0.00
2	6	0.00	0.12	17.63	32.05	0.00
3	3	0.00	0.17	18.86	26.19	0.00
3	7	0.00	0.22	19.68	16.55	0.00
Core	CPU	C1%	C3%	C6%	C8%	C9%
-	-	0.17	3.84	21.11	24.65	0.00
0	0	0.00	12.48	22.58	9.87	0.00
0	4	0.08	2.90	22.39	23.65	0.00
1	1	0.34	11.05	16.28	14.61	0.00
1	5	0.02	3.62	20.90	36.19	0.00
2	2	0.00	0.33	19.41	25.41	0.00
2	6	0.00	0.13	20.77	31.82	0.00
3	3	0.79	0.09	22.26	29.35	0.00
3	7	0.09	0.11	24.28	26.35	0.00
Core	CPU	C1%	C3%	C6%	C8%	C9%
-	-	0.13	3.28	22.75	22.14	0.08
0	0	0.00	0.50	30.28	13.69	0.16
0	4	0.00	0.20	25.61	25.98	0.00
1	1	0.14	4.17	20.34	24.62	0.00
1	5	0.34	10.72	15.42	15.65	0.00
2	2	0.56	9.44	17.58	13.35	0.45
2	6	0.00	0.38	23.81	22.93	0.00
3	3	0.00	0.49	23.68	25.91	0.00
3	7	0.00	0.30	25.24	34.97	0.00
Core	CPU	C1%	C3%	C6%	C8%	C9%
-	-	0.04	3.76	22.04	22.47	0.04
0	0	0.02	16.39	22.39	4.67	0.08
0	4	0.14	9.80	21.30	16.97	0.00
1	1	0.01	0.25	22.96	31.37	0.00
1	5	0.01	0.18	20.70	32.92	0.00
2	2	0.08	2.31	19.98	15.87	0.00
2	6	0.04	0.80	23.12	20.48	0.06
3	3	0.01	0.19	22.67	33.19	0.20
3	7	0.00	0.16	23.17	24.32	0.00
Core	CPU	C1%	C3%	C6%	C8%	C9%
-	-	0.06	3.03	18.38	19.20	0.64
0	0	0.02	12.87	14.74	5.46	0.81
0	4	0.15	5.48	17.63	14.32	2.85
1	1	0.00	1.12	20.19	26.41	0.00
1	5	0.16	2.43	16.68	28.90	0.00
2	2	0.09	1.12	18.79	16.80	0.00
2	6	0.00	0.16	19.38	16.87	0.06
3	3	0.00	0.12	18.01	19.49	1.36
3	7	0.01	0.93	21.65	25.31	0.00
Core	CPU	C1%	C3%	C6%	C8%	C9%
-	-	0.08	3.17	18.94	19.53	0.00
0	0	0.01	0.77	26.48	22.46	0.02
0	4	0.12	9.23	13.65	11.16	0.00
1	1	0.31	9.73	14.71	20.23	0.00
1	5	0.00	0.15	19.06	20.32	0.00
2	2	0.00	0.17	17.15	19.19	0.00
2	6	0.00	0.13	19.37	20.78	0.00
3	3	0.21	4.29	19.30	21.41	0.00
3	7	0.00	0.91	21.81	20.67	0.00
Core	CPU	C1%	C3%	C6%	C8%	C9%
-	-	0.07	3.71	22.37	23.86	0.06
0	0	0.07	5.73	28.80	13.15	0.00
0	4	0.01	10.45	20.46	18.70	0.00
1	1	0.10	4.60	22.44	27.98	0.46
1	5	0.24	5.92	19.86	16.81	0.00
2	2	0.00	0.14	20.98	25.87	0.00
2	6	0.00	0.24	21.77	31.02	0.03
3	3	0.11	2.32	23.56	28.76	0.00
3	7	0.00	0.27	21.11	28.59	0.00
Core	CPU	C1%	C3%	C6%	C8%	C9%
-	-	0.10	3.63	21.64	22.19	0.01
0	0	0.01	11.15	22.02	6.98	0.00
0	4	0.01	0.72	23.16	20.20	0.00
1	1	0.31	6.86	20.89	26.82	0.00
1	5	0.05	3.63	20.41	17.69	0.00
2	2	0.01	0.22	20.75	30.24	0.00
2	6	0.32	5.96	16.67	13.91	0.06
3	3	0.06	0.21	25.60	40.61	0.00
3	7	0.00	0.26	23.63	21.11	0.00
Core	CPU	C1%	C3%	C6%	C8%	C9%
-	-	0.12	4.07	21.24	21.73	0.00
0	0	0.01	1.61	31.67	12.25	0.00
0	4	0.01	6.88	16.76	33.91	0.00
1	1	0.00	0.88	23.00	24.65	0.00
1	5	0.00	0.13	22.96	26.30	0.00
2	2	0.90	21.40	8.74	6.25	0.00
2	6	0.05	1.32	26.39	32.06	0.00
3	3	0.01	0.18	20.33	20.26	0.00
3	7	0.00	0.20	20.18	18.29	0.00
Core	CPU	C1%	C3%	C6%	C8%	C9%
-	-	0.07	3.41	19.51	19.42	0.00
0	0	0.00	13.95	17.98	9.11	0.00
0	4	0.00	2.14	22.44	25.31	0.00
1	1	0.00	0.16	21.47	18.72	0.00
1	5	0.17	5.61	16.10	13.80	0.00
2	2	0.00	1.23	18.51	22.59	0.00
2	6	0.33	3.70	18.06	22.19	0.00
3	3	0.05	0.22	21.25	24.87	0.00
3	7	0.00	0.25	20.15	18.72	0.02
Core	CPU	C1%	C3%	C6%	C8%	C9%
-	-	0.14	3.32	18.27	16.70	0.00
0	0	0.02	1.85	23.71	11.33	0.02
0	4	0.00	0.11	19.62	18.12	0.00
1	1	0.36	8.62	13.94	18.78	0.00
1	5	0.70	14.48	11.87	17.15	0.00
2	2	0.00	0.11	19.26	18.00	0.00
2	6	0.00	0.15	18.45	15.80	0.00
3	3	0.00	0.09	19.58	19.91	0.00
3	7	0.00	1.17	19.73	14.50	0.00
Core	CPU	C1%	C3%	C6%	C8%	C9%
-	-	0.12	3.75	21.34	22.76	0.01
0	0	0.01	12.06	19.30	6.07	0.00
0	4	0.00	0.11	22.38	23.30	0.00
1	1	0.15	0.16	22.22	33.69	0.00
1	5	0.01	0.12	23.09	22.31	0.00
2	2	0.27	6.52	20.61	22.25	0.00
2	6	0.44	9.83	17.32	14.11	0.01
3	3	0.04	0.13	22.24	30.21	0.00
3	7	0.00	1.03	23.59	30.13	0.09
Core	CPU	C1%	C3%	C6%	C8%	C9%
-	-	0.18	3.51	22.20	22.45	0.00
0	0	0.31	0.61	33.17	18.72	0.00
0	4	0.00	0.21	22.54	19.73	0.00
1	1	0.00	0.22	20.63	33.19	0.00
1	5	0.00	0.17	21.90	32.71	0.00
2	2	0.73	15.23	13.07	11.56	0.00
2	6	0.42	10.42	19.05	12.09	0.00
3	3	0.00	0.22	23.85	28.31	0.00
3	7	0.00	0.99	23.65	23.53	0.00
Core	CPU	C1%	C3%	C6%	C8%	C9%
-	-	0.13	3.79	20.08	23.30	0.00
0	0	0.01	4.76	26.24	14.88	0.00
0	4	0.00	0.20	17.73	30.00	0.00
1	1	0.00	0.22	21.96	25.46	0.00
1	5	0.00	0.17	18.84	20.74	0.00
2	2	0.18	3.52	18.91	21.39	0.00
2	6	0.00	0.26	20.27	32.50	0.00
3	3	0.74	19.62	11.61	14.36	0.00
3	7	0.06	1.54	24.86	26.80	0.00
Core	CPU	C1%	C3%	C6%	C8%	C9%
-	-	0.15	3.34	19.85	20.12	0.01
0	0	0.19	0.27	27.57	8.43	0.01
0	4	0.00	0.16	20.21	20.03	0.00
1	1	0.16	3.91	15.66	16.67	0.00
1	5	0.01	0.23	21.97	23.21	0.00
2	2	0.36	5.81	18.24	20.06	0.00
2	6	0.47	15.47	11.23	11.02	0.06
3	3	0.01	0.59	20.96	39.30	0.00
3	7	0.00	0.31	23.10	22.35	0.00
Core	CPU	C1%	C3%	C6%	C8%	C9%
-	-	0.10	3.16	17.93	17.30	0.00
0	0	0.01	2.98	24.96	4.17	0.00
0	4	0.08	4.56	15.86	18.35	0.00
1	1	0.61	12.39	12.34	18.12	0.00
1	5	0.09	3.35	15.30	17.04	0.00
2	2	0.00	0.23	18.50	17.74	0.00
2	6	0.00	0.20	17.82	19.23	0.00
3	3	0.00	0.22	19.30	19.64	0.00
3	7	0.01	1.35	19.21	24.08	0.00
Core	CPU	C1%	C3%	C6%	C8%	C9%
-	-	0.06	3.95	22.55	22.80	0.00
0	0	0.03	18.29	19.92	3.74	0.03
0	4	0.01	2.38	22.44	33.05	0.00
1	1	0.00	0.27	23.54	23.47	0.00
1	5	0.00	0.18	22.77	45.00	0.00
2	2	0.35	6.61	20.79	17.44	0.00
2	6	0.10	3.42	20.63	15.24	0.00
3	3	0.00	0.21	24.22	24.26	0.00
3	7	0.00	0.28	26.18	20.19	0.00
Core	CPU	C1%	C3%	C6%	C8%	C9%
-	-	0.05	3.65	23.10	22.31	0.04
0	0	0.02	15.82	21.76	5.14	0.00
0	4	0.22	10.56	16.68	15.52	0.00
1	1	0.08	0.20	26.17	24.05	0.00
1	5	0.00	0.20	22.15	27.16	0.00
2	2	0.01	0.32	22.69	32.28	0.00
2	6	0.01	0.24	22.45	21.31	0.00
3	3	0.10	1.40	27.08	35.06	0.00
3	7	0.00	0.40	25.74	17.95	0.35
Core	CPU	C1%	C3%	C6%	C8%	C9%
-	-	0.14	3.88	21.07	23.58	0.01
0	0	0.02	5.15	27.98	11.94	0.00
0	4	0.08	3.62	20.83	30.70	0.00
1	1	0.88	17.65	12.56	13.65	0.05
1	5	0.10	3.47	21.76	30.76	0.05
2	2	0.00	0.25	19.40	26.30	0.00
2	6	0.00	0.29	23.19	22.00	0.00
3	3	0.00	0.25	19.55	27.94	0.00
3	7	0.00	0.34	23.33	25.38	0.00
Core	CPU	C1%	C3%	C6%	C8%	C9%
-	-	0.09	3.31	21.13	20.07	0.00
0	0	0.00	1.89	29.81	6.72	0.01
0	4	0.11	8.68	17.44	19.47	0.00
1	1	0.00	0.21	22.71	19.46	0.00
1	5	0.00	0.18	21.29	29.36	0.00
2	2	0.34	7.97	12.60	20.68	0.00
2	6	0.00	0.18	22.20	29.58	0.00
3	3	0.21	7.12	19.16	15.05	0.00
3	7	0.06	0.28	23.88	20.21	0.00
Core	CPU	C1%	C3%	C6%	C8%	C9%
-	-	0.05	3.27	16.65	18.62	0.05
0	0	0.02	9.89	18.43	12.21	0.00
0	4	0.01	6.26	17.00	20.87	0.00
1	1	0.00	0.11	17.14	20.34	0.00
1	5	0.00	0.09	16.95	25.53	0.00
2	2	0.13	5.06	15.69	17.04	0.00
2	6	0.26	4.18	12.43	18.28	0.44
3	3	0.00	0.12	18.15	19.04	0.00
3	7	0.00	0.45	17.35	15.65	0.00
Core	CPU	C1%	C3%	C6%	C8%	C9%
-	-	0.06	4.04	22.48	22.79	0.17
0	0	0.02	12.88	22.88	7.72	0.00
0	4	0.19	10.43	20.29	21.60	0.00
1	1	0.08	3.85	21.81	29.20	1.39
1	5	0.00	0.37	23.36	30.11	0.00
2	2	0.03	1.51	23.03	20.72	0.00
2	6	0.09	2.49	21.04	21.54	0.00
3	3	0.06	0.34	22.87	28.39	0.00
3	7	0.00	0.46	24.56	23.03	0.00
Core	CPU	C1%	C3%	C6%	C8%	C9%
-	-	0.08	3.84	22.47	22.04	0.12
0	0	0.04	7.91	26.98	12.36	0.00
0	4	0.01	7.59	21.89	18.72	0.00
1	1	0.01	0.11	21.70	28.67	0.00
1	5	0.20	3.41	21.20	22.66	0.00
2	2	0.00	0.90	22.86	27.55	0.00
2	6	0.21	10.26	15.05	11.25	0.08
3	3	0.04	0.24	26.18	34.42	0.76
3	7	0.10	0.31	23.89	20.73	0.09
Core	CPU	C1%	C3%	C6%	C8%	C9%
-	-	0.11	3.84	21.16	20.66	0.00
0	0	0.01	2.37	28.30	11.87	0.00
0	4	0.00	5.04	18.60	30.13	0.00
1	1	0.00	0.14	21.72	23.26	0.00
1	5	0.00	0.11	20.17	19.77	0.00
2	2	0.10	1.26	24.89	30.90	0.00
2	6	0.75	21.38	9.82	7.27	0.00
3	3	0.00	0.17	22.58	24.01	0.00
3	7	0.01	0.22	23.21	18.03	0.00
Core	CPU	C1%	C3%	C6%	C8%	C9%
-	-	0.03	3.44	22.54	23.30	0.00
0	0	0.01	18.45	18.83	8.43	0.00
0	4	0.14	7.05	17.53	17.76	0.00
1	1	0.12	0.17	24.89	29.92	0.00
1	5	0.00	0.13	24.94	39.32	0.00
2	2	0.00	0.94	22.47	21.04	0.00
2	6	0.00	0.27	22.68	21.13	0.00
3	3	0.00	0.26	24.29	24.69	0.00
3	7	0.00	0.30	24.71	24.14	0.00
Core	CPU	C1%	C3%	C6%	C8%	C9%
-	-	0.02	2.38	25.02	23.51	0.00
0	0	0.01	10.76	26.48	15.55	0.00
0	4	0.12	4.83	16.06	13.61	0.00
1	1	0.00	0.26	27.35	32.22	0.00
1	5	0.00	0.17	26.64	24.27	0.00
2	2	0.00	0.17	24.44	24.29	0.00
2	6	0.00	0.17	24.35	27.43	0.00
3	3	0.00	0.94	25.67	31.31	0.00
3	7	0.00	1.70	29.06	19.36	0.00
Core	CPU	C1%	C3%	C6%	C8%	C9%
-	-	0.03	3.79	21.44	22.13	0.00
0	0	0.01	0.53	31.76	14.07	0.00
0	4	0.05	27.87	7.29	2.17	0.00
1	1	0.10	1.13	20.93	23.54	0.00
1	5	0.00	0.11	21.90	42.23	0.00
2	2	0.00	0.12	20.15	21.32	0.00
2	6	0.00	0.13	20.91	26.51	0.00
3	3	0.11	0.16	25.09	30.83	0.00
3	7	0.00	0.27	23.54	16.34	0.00
Core	CPU	C1%	C3%	C6%	C8%	C9%
-	-	0.15	3.58	21.52	21.50	0.01
0	0	0.00	0.37	30.46	16.02	0.00
0	4	0.00	0.16	20.13	29.03	0.00
1	1	0.45	14.83	13.88	9.35	0.09
1	5	0.21	1.41	22.03	26.47	0.00
2	2	0.25	5.34	18.33	15.08	0.00
2	6	0.18	5.53	19.47	23.46	0.00
3	3	0.10	0.76	23.90	30.05	0.00
3	7	0.00	0.21	23.98	22.52	0.00
Core	CPU	C1%	C3%	C6%	C8%	C9%
-	-	0.09	3.72	21.22	22.79	0.00
0	0	0.00	0.42	30.17	9.25	0.01
0	4	0.00	10.49	16.65	16.34	0.00
1	1	0.14	2.16	18.38	28.91	0.00
1	5	0.02	2.45	19.99	29.14	0.00
2	2	0.56	13.64	14.66	11.38	0.00
2	6	0.01	0.18	24.47	37.52	0.00
3	3	0.00	0.24	23.14	26.35	0.00
3	7	0.00	0.21	22.31	23.40	0.00
Core	CPU	C1%	C3%	C6%	C8%	C9%
-	-	0.02	4.11	19.86	20.87	0.00
0	0	0.00	19.05	16.49	3.44	0.00
0	4	0.01	6.44	19.09	27.68	0.00
1	1	0.10	1.47	21.84	28.74	0.00
1	5	0.00	0.24	21.73	20.32	0.00
2	2	0.08	3.83	18.86	21.33	0.00
2	6	0.00	0.21	21.11	22.57	0.00
3	3	0.00	0.21	19.19	22.94	0.00
3	7	0.00	1.43	20.61	19.91	0.00
Core	CPU	C1%	C3%	C6%	C8%	C9%
-	-	0.01	3.56	16.99	18.35	0.17
0	0	0.01	21.62	10.17	1.61	0.00
0	4	0.00	5.25	16.76	22.35	0.00
1	1	0.00	0.21	16.45	22.25	0.00
1	5	0.00	0.30	18.11	30.17	0.00
2	2	0.00	0.29	19.10	14.17	0.00
2	6	0.00	0.29	18.35	14.14	0.12
3	3	0.06	0.28	18.20	26.04	1.20
3	7	0.00	0.35	19.05	16.34	0.00
Core	CPU	C1%	C3%	C6%	C8%	C9%
-	-	0.13	3.71	21.07	21.65	0.00
0	0	0.00	0.42	30.41	15.86	0.04
0	4	0.00	0.13	19.88	26.09	0.00
1	1	0.20	8.91	16.53	10.47	0.00
1	5	0.08	1.51	22.72	28.26	0.00
2	2	0.18	3.29	20.48	21.47	0.00
2	6	0.58	14.34	13.86	16.80	0.00
3	3	0.00	0.15	22.27	27.92	0.00
3	7	0.00	0.94	22.10	25.98	0.00
Core	CPU	C1%	C3%	C6%	C8%	C9%
-	-	0.14	2.78	18.10	18.94	1.09
0	0	0.01	0.37	25.33	10.67	8.65
0	4	0.00	0.18	18.35	20.80	0.00
1	1	0.56	7.08	15.68	14.30	0.00
1	5	0.04	0.44	16.87	32.73	0.00
2	2	0.00	0.13	18.34	23.49	0.00
2	6	0.51	12.64	9.53	7.23	0.06
3	3	0.00	0.22	18.28	23.27	0.00
3	7	0.00	1.19	22.44	19.06	0.00
Core	CPU	C1%	C3%	C6%	C8%	C9%
-	-	0.32	3.84	22.80	21.53	0.02
0	0	0.13	9.32	27.86	9.06	0.00
0	4	0.00	0.12	23.75	41.53	0.00
1	1	1.58	11.54	15.46	11.65	0.00
1	5	0.58	6.81	19.58	27.49	0.00
2	2	0.23	2.27	21.59	14.94	0.00
2	6	0.01	0.18	23.82	23.42	0.18
3	3	0.00	0.17	24.67	21.58	0.00
3	7	0.01	0.35	25.62	22.52	0.00
Core	CPU	C1%	C3%	C6%	C8%	C9%
-	-	0.15	3.71	20.77	19.97	0.09
0	0	0.28	10.08	19.35	11.04	0.00
0	4	0.00	0.15	23.60	25.56	0.00
1	1	0.14	4.45	21.11	19.62	0.00
1	5	0.01	0.13	22.16	35.47	0.00
2	2	0.45	9.21	16.93	13.10	0.70
2	6	0.22	4.64	18.81	17.66	0.00
3	3	0.00	0.80	21.86	16.99	0.00
3	7	0.11	0.25	22.35	20.35	0.00
Core	CPU	C1%	C3%	C6%	C8%	C9%
-	-	0.21	2.79	16.97	17.49	0.14
0	0	0.69	0.35	21.28	15.84	0.00
0	4	0.00	0.17	19.56	18.47	0.00
1	1	0.30	7.47	11.95	16.02	0.00
1	5	0.00	0.14	17.47	21.88	0.00
2	2	0.17	1.98	16.97	22.90	0.00
2	6	0.50	11.65	9.93	6.74	1.10
3	3	0.00	0.16	17.58	17.65	0.00
3	7	0.00	0.43	21.26	20.68	0.00
Core	CPU	C1%	C3%	C6%	C8%	C9%
-	-	0.07	3.59	21.41	23.34	0.00
0	0	0.00	10.53	24.62	6.02	0.00
0	4	0.08	6.76	19.75	18.46	0.00
1	1	0.00	0.19	23.10	52.76	0.00
1	5	0.12	1.70	19.47	19.20	0.00
2	2	0.01	1.36	20.45	20.61	0.00
2	6	0.00	0.19	21.44	23.26	0.00
3	3	0.29	7.15	20.23	21.39	0.00
3	7	0.01	0.81	21.87	24.69	0.00
Core	CPU	C1%	C3%	C6%	C8%	C9%
-	-	0.15	3.59	21.25	21.68	0.00
0	0	0.01	0.51	31.59	15.75	0.00
0	4	0.01	0.21	22.06	18.87	0.00
1	1	0.80	19.18	12.22	10.76	0.00
1	5	0.37	7.89	18.17	29.32	0.00
2	2	0.01	0.14	21.81	25.15	0.00
2	6	0.01	0.21	18.95	30.11	0.00
3	3	0.00	0.17	21.75	22.14	0.00
3	7	0.00	0.39	23.58	21.42	0.00
Core	CPU	C1%	C3%	C6%	C8%	C9%
-	-	0.18	3.65	22.10	22.17	0.07
0	0	0.00	0.34	30.97	9.56	0.02
0	4	0.00	0.25	26.21	32.30	0.00
1	1	1.01	21.68	8.13	5.54	0.48
1	5	0.43	5.88	22.49	22.35	0.00
2	2	0.00	0.26	21.91	26.43	0.00
2	6	0.00	0.22	20.42	21.85	0.07
3	3	0.01	0.24	21.86	31.18	0.00
3	7	0.00	0.31	24.67	28.09	0.00
Core	CPU	C1%	C3%	C6%	C8%	C9%
-	-	0.17	3.62	20.12	20.03	0.29
0	0	0.00	0.47	29.78	8.68	2.20
0	4	0.00	0.20	20.94	20.60	0.00
1	1	1.16	26.49	4.11	0.81	0.08
1	5	0.04	0.91	22.23	24.76	0.00
2	2	0.00	0.20	19.66	24.47	0.00
2	6	0.00	0.14	20.48	23.42	0.08
3	3	0.06	0.28	23.22	34.69	0.00
3	7	0.14	0.30	20.55	22.78	0.00
Core	CPU	C1%	C3%	C6%	C8%	C9%
-	-	0.12	3.09	17.16	17.23	0.11
0	0	0.01	0.38	23.27	11.59	0.00
0	4	0.00	0.19	19.10	16.63	0.00
1	1	0.05	2.73	15.57	14.36	0.00
1	5	0.75	20.17	6.50	3.24	0.91
2	2	0.00	0.29	19.35	17.07	0.00
2	6	0.00	0.26	16.54	26.94	0.00
3	3	0.00	0.26	17.70	20.65	0.00
3	7	0.11	0.41	19.22	27.32	0.00
Core	CPU	C1%	C3%	C6%	C8%	C9%
-	-	0.13	3.72	22.03	21.86	0.19
0	0	0.02	6.15	25.31	8.87	0.01
0	4	0.00	1.11	23.22	32.11	0.00
1	1	0.14	3.34	21.46	20.04	1.40
1	5	0.40	6.90	18.43	24.22	0.00
2	2	0.18	3.56	21.85	18.49	0.00
2	6	0.25	8.27	17.96	26.52	0.07
3	3	0.01	0.17	24.03	24.11	0.00
3	7	0.00	0.23	23.94	20.56	0.00
Core	CPU	C1%	C3%	C6%	C8%	C9%
-	-	0.13	3.65	20.83	21.60	0.01
0	0	0.14	5.42	27.35	19.60	0.01
0	4	0.00	4.76	18.40	24.61	0.00
1	1	0.46	8.23	16.41	14.51	0.00
1	5	0.00	0.18	22.02	31.80	0.00
2	2	0.42	10.02	15.88	15.89	0.00
2	6	0.00	0.20	20.38	21.92	0.08
3	3	0.00	0.18	23.89	23.14	0.00
3	7	0.00	0.22	22.35	21.33	0.03
Core	CPU	C1%	C3%	C6%	C8%	C9%
-	-	0.05	3.82	21.95	21.57	0.00
0	0	0.03	13.59	21.01	5.61	0.00
0	4	0.14	8.10	20.13	30.62	0.00
1	1	0.23	7.17	21.20	21.23	0.00
1	5	0.01	0.15	21.90	24.63	0.00
2	2	0.00	0.20	23.36	20.05	0.00
2	6	0.00	0.17	21.07	21.27	0.00
3	3	0.00	0.21	24.00	26.32	0.00
3	7	0.00	1.01	22.93	22.84	0.00
Core	CPU	C1%	C3%	C6%	C8%	C9%
-	-	0.06	3.70	22.75	21.80	0.02
0	0	0.01	4.85	30.48	18.82	0.10
0	4	0.46	21.38	11.34	4.30	0.00
1	1	0.00	0.25	21.79	34.04	0.00
1	5	0.00	0.27	21.79	24.04	0.00
2	2	0.00	0.99	22.62	27.18	0.00
2	6	0.00	0.19	22.63	24.85	0.06
3	3	0.00	0.13	25.49	23.61	0.00
3	7	0.04	1.50	25.87	17.52	0.00
Core	CPU	C1%	C3%	C6%	C8%	C9%
-	-	0.02	2.05	24.46	23.69	0.02
0	0	0.02	3.84	21.86	5.30	0.10
0	4	0.01	7.78	18.54	13.51	0.00
1	1	0.00	0.31	27.64	36.90	0.00
1	5	0.00	0.23	23.76	19.99	0.00
2	2	0.09	2.19	26.07	27.89	0.00
2	6	0.06	1.30	24.26	25.73	0.06
3	3	0.00	0.21	27.04	29.15	0.00
3	7	0.00	0.57	26.48	31.07	0.00
Core	CPU	C1%	C3%	C6%	C8%	C9%
-	-	0.01	3.87	22.74	22.84	0.06
0	0	0.01	12.61	23.06	7.62	0.00
0	4	0.02	12.76	18.68	19.38	0.00
1	1	0.00	0.28	21.49	29.71	0.00
1	5	0.08	3.10	20.59	33.52	0.44
2	2	0.00	0.23	26.13	20.57	0.00
2	6	0.00	0.24	22.83	28.31	0.00
3	3	0.00	0.28	24.60	21.05	0.00
3	7	0.00	1.49	24.56	22.59	0.00
Core	CPU	C1%	C3%	C6%	C8%	C9%
-	-	0.20	3.60	22.78	21.94	0.09
0	0	0.01	1.58	30.15	12.88	0.00
0	4	0.00	0.09	23.04	20.39	0.00
1	1	0.61	15.63	15.22	12.83	0.00
1	5	0.97	10.36	14.91	12.69	0.00
2	2	0.02	0.20	26.95	20.34	0.00
2	6	0.00	0.23	22.49	47.99	0.01
3	3	0.00	0.26	24.85	24.67	0.00
3	7	0.00	0.47	24.55	23.68	0.70
Core	CPU	C1%	C3%	C6%	C8%	C9%
-	-	0.09	3.74	22.83	23.25	0.01
0	0	0.01	12.60	22.49	6.39	0.08
0	4	0.00	3.33	24.07	27.71	0.00
1	1	0.30	4.22	18.97	18.28	0.00
1	5	0.00	0.17	25.20	36.08	0.00
2	2	0.31	5.25	20.93	15.46	0.00
2	6	0.06	2.65	23.73	27.07	0.00
3	3	0.00	0.28	22.98	30.42	0.00
3	7	0.00	1.40	24.29	24.62	0.00
Core	CPU	C1%	C3%	C6%	C8%	C9%
-	-	0.08	3.70	20.46	20.94	0.01
0	0	0.03	8.25	26.96	9.62	0.00
0	4	0.09	9.28	18.50	12.94	0.00
1	1	0.42	8.16	15.39	16.97	0.00
1	5	0.00	0.10	21.65	25.77	0.00
2	2	0.00	0.13	19.79	23.29	0.00
2	6	0.06	3.25	17.79	34.46	0.05
3	3	0.00	0.20	22.24	22.84	0.00
3	7	0.00	0.22	21.49	21.73	0.00
Core	CPU	C1%	C3%	C6%	C8%	C9%
-	-	0.14	3.00	17.15	17.33	0.00
0	0	0.00	1.39	24.12	9.28	0.00
0	4	0.00	0.13	19.91	20.10	0.00
1	1	0.89	16.93	7.36	3.00	0.00
1	5	0.10	2.09	18.09	18.49	0.00
2	2	0.10	2.26	14.46	15.76	0.00
2	6	0.00	0.23	17.14	27.69	0.00
3	3	0.00	0.76	17.07	15.84	0.00
3	7	0.05	0.20	18.96	28.40	0.00
Core	CPU	C1%	C3%	C6%	C8%	C9%
-	-	0.09	3.84	22.77	23.28	0.01
0	0	0.00	5.37	29.10	8.63	0.00
0	4	0.10	15.97	16.34	10.38	0.03
1	1	0.10	1.37	22.11	46.85	0.00
1	5	0.00	0.19	22.28	20.92	0.00
2	2	0.38	5.63	20.64	22.44	0.00
2	6	0.04	1.33	22.69	31.77	0.03
3	3	0.10	0.44	24.13	22.88	0.00
3	7	0.00	0.43	24.92	22.40	0.02
Core	CPU	C1%	C3%	C6%	C8%	C9%
-	-	0.17	3.62	23.35	21.99	0.13
0	0	0.10	3.53	32.10	14.76	0.09
0	4	0.09	0.14	26.73	27.54	0.00
1	1	0.00	0.15	22.72	35.56	0.00
1	5	0.00	0.21	22.87	23.13	0.91
2	2	0.26	2.47	19.93	19.71	0.00
2	6	0.69	15.73	13.64	10.98	0.06
3	3	0.22	6.47	22.03	18.99	0.00
3	7	0.00	0.29	26.81	25.27	0.00
Core	CPU	C1%	C3%	C6%	C8%	C9%
-	-	0.15	3.69	21.52	21.48	0.18
0	0	0.01	5.66	28.81	6.90	0.01
0	4	0.00	0.16	20.50	20.92	0.00
1	1	0.71	10.70	14.97	14.52	0.00
1	5	0.28	8.78	18.37	15.82	0.00
2	2	0.07	2.50	21.86	36.22	1.40
2	6	0.15	1.25	23.05	28.76	0.00
3	3	0.00	0.21	22.99	28.02	0.00
3	7	0.00	0.29	21.60	20.63	0.00
Core	CPU	C1%	C3%	C6%	C8%	C9%
-	-	0.13	3.55	21.21	21.78	0.00
0	0	0.00	0.42	28.92	10.98	0.00
0	4	0.00	0.26	23.95	16.31	0.00
1	1	0.27	7.52	18.02	20.33	0.00
1	5	0.72	19.25	10.40	8.72	0.00
2	2	0.01	0.19	22.27	34.10	0.00
2	6	0.01	0.23	22.73	21.70	0.00
3	3	0.01	0.18	21.53	34.40	0.00
3	7	0.00	0.35	21.83	27.67	0.00
Core	CPU	C1%	C3%	C6%	C8%	C9%
-	-	0.10	3.12	16.40	17.02	0.02
0	0	0.02	5.27	21.82	7.37	0.01
0	4	0.08	2.07	19.98	14.75	0.12
1	1	0.00	0.13	14.36	16.01	0.00
1	5	0.00	0.10	14.35	22.59	0.00
2	2	0.31	5.53	14.99	24.96	0.00
2	6	0.38	10.24	14.07	12.08	0.00
3	3	0.00	0.12	14.22	16.18	0.00
3	7	0.01	1.52	17.44	22.21	0.00
Core	CPU	C1%	C3%	C6%	C8%	C9%
-	-	0.05	3.67	21.55	22.58	0.00
0	0	0.01	11.90	22.06	13.47	0.00
0	4	0.01	2.17	22.78	20.28	0.00
1	1	0.10	4.71	20.77	28.36	0.00
1	5	0.17	8.67	15.76	12.58	0.00
2	2	0.00	1.32	23.68	31.51	0.00
2	6	0.11	0.20	23.64	27.21	0.00
3	3	0.00	0.13	20.47	22.35	0.00
3	7	0.01	0.27	23.20	24.90	0.00
Core	CPU	C1%	C3%	C6%	C8%	C9%
-	-	0.04	3.75	22.73	22.59	0.00
0	0	0.03	17.73	16.91	3.05	0.00
0	4	0.01	0.23	26.53	31.14	0.00
1	1	0.20	7.78	21.45	18.21	0.00
1	5	0.04	1.40	21.97	19.93	0.00
2	2	0.00	0.96	24.42	43.31	0.00
2	6	0.00	0.28	22.06	20.35	0.00
3	3	0.04	0.23	25.86	20.21	0.00
3	7	0.01	1.42	22.65	24.55	0.00
Core	CPU	C1%	C3%	C6%	C8%	C9%
-	-	0.14	3.62	21.54	20.65	0.00
0	0	0.00	0.52	30.87	22.38	0.01
0	4	0.00	0.19	22.14	19.05	0.00
1	1	0.85	20.31	11.08	5.33	0.00
1	5	0.02	1.99	21.56	30.88	0.00
2	2	0.22	5.35	19.05	16.09	0.00
2	6	0.00	0.23	22.52	25.36	0.00
3	3	0.00	0.20	23.37	23.96	0.00
3	7	0.00	0.21	22.09	22.43	0.00
Core	CPU	C1%	C3%	C6%	C8%	C9%
-	-	0.11	3.56	22.82	21.27	0.17
0	0	0.00	0.35	32.09	19.99	1.37
0	4	0.00	3.60	21.50	23.09	0.00
1	1	0.00	0.16	22.72	23.56	0.00
1	5	0.00	0.12	21.74	21.78	0.00
2	2	0.61	19.62	10.25	5.00	0.02
2	6	0.24	4.04	23.43	27.01	0.00
3	3	0.00	0.29	26.77	21.55	0.00
3	7	0.00	0.30	23.75	27.90	0.00
Core	CPU	C1%	C3%	C6%	C8%	C9%
-	-	0.06	2.09	26.87	24.42	0.01
0	0	0.11	8.45	30.78	16.53	0.04
0	4	0.02	3.53	21.06	13.56	0.00
1	1	0.00	0.34	28.00	27.15	0.00
1	5	0.00	0.51	25.97	27.35	0.00
2	2	0.10	0.61	27.12	24.18	0.00
2	6	0.25	2.56	22.36	25.74	0.00
3	3	0.00	0.28	29.60	30.20	0.00
3	7	0.02	0.41	30.07	30.67	0.00
Core	CPU	C1%	C3%	C6%	C8%	C9%
-	-	0.20	3.38	20.38	24.13	0.00
0	0	0.00	7.53	24.02	9.75	0.01
0	4	0.00	1.36	22.64	37.12	0.00
1	1	0.06	1.49	17.70	22.14	0.00
1	5	0.00	0.09	17.97	23.04	0.00
2	2	0.69	0.22	23.89	30.82	0.00
2	6	0.44	6.11	17.33	19.15	0.00
3	3	0.44	9.91	16.42	26.85	0.00
3	7	0.01	0.30	23.05	24.14	0.00
Core	CPU	C1%	C3%	C6%	C8%	C9%
-	-	0.15	3.64	22.45	21.47	0.02
0	0	0.01	2.08	27.25	12.65	0.00
0	4	0.00	2.47	23.21	23.07	0.00
1	1	0.00	1.04	22.00	26.75	0.00
1	5	0.00	0.29	22.91	17.49	0.00
2	2	0.33	3.52	24.64	36.40	0.00
2	6	0.80	18.20	12.35	7.99	0.11
3	3	0.09	0.34	23.43	23.30	0.00
3	7	0.00	1.19	23.92	24.20	0.02
Core	CPU	C1%	C3%	C6%	C8%	C9%
-	-	0.07	3.72	21.29	22.63	0.35
0	0	0.01	11.33	22.96	10.72	1.37
0	4	0.00	0.09	24.27	21.46	0.00
1	1	0.05	2.56	22.41	36.27	0.00
1	5	0.00	0.13	22.10	24.20	1.40
2	2	0.28	6.99	17.71	18.40	0.00
2	6	0.09	7.26	19.69	14.38	0.00
3	3	0.10	0.15	21.14	29.27	0.00
3	7	0.00	1.30	20.15	26.46	0.00
Core	CPU	C1%	C3%	C6%	C8%	C9%
-	-	0.14	3.69	23.13	21.79	0.00
0	0	0.01	7.12	28.58	5.93	0.00
0	4	0.22	10.96	20.02	16.47	0.00
1	1	0.01	0.30	23.43	21.41	0.00
1	5	0.47	2.91	22.15	34.88	0.00
2	2	0.01	0.37	23.46	20.04	0.00
2	6	0.42	7.27	19.20	20.64	0.00
3	3	0.01	0.27	25.78	26.90	0.00
3	7	0.01	0.29	22.27	27.94	0.00
Core	CPU	C1%	C3%	C6%	C8%	C9%
-	-	0.17	2.31	24.09	23.79	0.15
0	0	0.01	3.79	32.02	9.82	0.00
0	4	0.00	0.10	23.68	25.96	0.00
1	1	0.01	0.39	27.40	41.34	0.00
1	5	0.97	9.50	11.70	12.30	0.00
2	2	0.29	1.87	21.29	20.19	0.00
2	6	0.08	0.74	23.19	24.68	0.06
3	3	0.00	0.77	27.10	27.52	1.16
3	7	0.00	1.33	26.31	28.39	0.00
Core	CPU	C1%	C3%	C6%	C8%	C9%
-	-	0.09	3.82	22.66	22.71	0.00
0	0	0.01	5.06	28.96	19.92	0.00
0	4	0.01	3.47	20.92	25.65	0.00
1	1	0.00	1.06	22.84	25.95	0.00
1	5	0.00	0.20	21.18	23.86	0.00
2	2	0.36	16.07	14.54	8.03	0.00
2	6	0.10	4.18	24.74	21.13	0.00
3	3	0.13	0.27	24.25	29.77	0.00
3	7	0.13	0.28	23.77	27.33	0.00
Core	CPU	C1%	C3%	C6%	C8%	C9%
-	-	0.20	3.52	20.98	21.51	0.01
0	0	0.01	0.52	26.48	23.51	0.00
0	4	0.00	0.24	21.05	18.01	0.00
1	1	0.57	12.30	14.97	9.09	0.08
1	5	0.17	0.75	21.75	22.92	0.00
2	2	0.70	9.94	16.74	21.94	0.00
2	6	0.14	2.53	22.04	28.65	0.00
3	3	0.00	0.93	20.65	23.50	0.00
3	7	0.00	0.92	24.19	24.47	0.00
Core	CPU	C1%	C3%	C6%	C8%	C9%
-	-	0.12	3.73	21.73	22.70	0.31
0	0	0.01	1.74	30.71	16.58	1.38
0	4	0.01	1.24	22.57	33.41	1.00
1	1	0.13	5.45	17.24	19.44	0.00
1	5	0.00	0.17	21.43	22.47	0.00
2	2	0.63	17.26	12.67	15.44	0.00
2	6	0.13	2.87	25.15	24.36	0.08
3	3	0.01	0.87	22.08	23.34	0.00
3	7	0.01	0.21	21.97	26.52	0.02
Core	CPU	C1%	C3%	C6%	C8%	C9%
-	-	0.11	3.73	23.01	22.31	0.02
0	0	0.01	10.78	25.20	11.57	0.03
0	4	0.01	0.27	23.09	26.48	0.00
1	1	0.10	1.46	21.80	34.04	0.00
1	5	0.00	0.34	23.56	23.51	0.00
2	2	0.76	16.01	11.25	8.91	0.00
2	6	0.00	0.33	27.57	19.62	0.11
3	3	0.01	0.29	25.93	26.92	0.00
3	7	0.02	0.36	25.76	27.50	0.02
Core	CPU	C1%	C3%	C6%	C8%	C9%
-	-	0.13	2.20	25.79	23.71	0.01
0	0	0.07	4.42	32.53	24.55	0.00
0	4	0.01	2.17	25.20	22.02	0.01
1	1	0.01	0.12	26.09	25.76	0.00
1	5	0.01	0.16	25.19	28.66	0.00
2	2	0.29	2.41	24.35	20.11	0.00
2	6	0.64	5.93	19.23	17.18	0.07
3	3	0.01	2.05	24.55	19.67	0.00
3	7	0.01	0.33	29.11	31.63	0.00
Core	CPU	C1%	C3%	C6%	C8%	C9%
-	-	0.10	3.89	21.99	22.01	0.01
0	0	0.02	12.43	23.28	7.01	0.00
0	4	0.01	10.79	17.10	15.89	0.00
1	1	0.00	0.18	23.99	27.20	0.00
1	5	0.00	0.23	22.64	26.70	0.00
2	2	0.44	6.82	19.31	22.93	0.00
2	6	0.27	0.18	20.90	22.58	0.06
3	3	0.05	0.27	25.17	30.45	0.00
3	7	0.00	0.25	23.64	23.31	0.00
Core	CPU	C1%	C3%	C6%	C8%	C9%
-	-	0.06	3.65	23.22	22.39	0.00
0	0	0.00	4.94	31.17	10.15	0.00
0	4	0.15	11.86	17.26	10.70	0.00
1	1	0.00	0.69	23.20	26.74	0.00
1	5	0.00	0.28	22.06	21.71	0.00
2	2	0.00	0.99	26.20	25.04	0.00
2	6	0.36	7.92	16.05	21.84	0.00
3	3	0.00	0.16	25.20	37.20	0.00
3	7	0.00	2.36	24.52	25.70	0.00
Core	CPU	C1%	C3%	C6%	C8%	C9%
-	-	0.11	3.53	22.74	23.43	0.06
0	0	0.10	9.75	25.68	8.89	0.03
0	4	0.14	1.18	25.54	27.81	0.00
1	1	0.01	0.30	22.57	33.17	0.00
1	5	0.00	0.30	24.35	22.67	0.00
2	2	0.00	0.33	23.48	33.00	0.00
2	6	0.42	10.46	16.18	14.66	0.44
3	3	0.21	4.58	21.39	26.70	0.00
3	7	0.00	1.35	22.69	20.52	0.00
Core	CPU	C1%	C3%	C6%	C8%	C9%
-	-	0.10	3.73	23.38	21.72	0.02
0	0	0.12	7.86	26.07	13.26	0.00
0	4	0.00	0.27	24.24	19.84	0.00
1	1	0.24	9.38	19.93	18.56	0.14
1	5	0.00	0.45	22.80	23.52	0.00
2	2	0.00	0.23	27.08	24.31	0.00
2	6	0.12	2.29	22.76	18.72	0.00
3	3	0.29	8.93	18.86	28.20	0.00
3	7	0.00	0.43	25.41	27.48	0.00
Core	CPU	C1%	C3%	C6%	C8%	C9%
-	-	0.24	2.00	26.01	22.67	0.00
0	0	0.11	0.53	38.61	27.06	0.00
0	4	0.00	0.17	28.01	33.19	0.00
1	1	0.88	2.17	25.04	16.57	0.00
1	5	0.88	12.50	8.29	2.91	0.00
2	2	0.00	0.17	25.34	24.41	0.00
2	6	0.00	0.18	26.25	21.38	0.00
3	3	0.01	0.20	27.59	32.01	0.00
3	7	0.03	0.10	28.79	23.70	0.00
Core	CPU	C1%	C3%	C6%	C8%	C9%
-	-	0.04	3.88	20.41	23.28	0.00
0	0	0.04	25.17	12.11	1.84	0.00
0	4	0.00	2.58	19.67	30.97	0.00
1	1	0.22	2.34	21.55	39.38	0.00
1	5	0.00	0.20	22.65	19.65	0.00
2	2	0.00	0.16	21.45	29.52	0.00
2	6	0.01	0.19	19.44	21.45	0.00
3	3	0.00	0.14	22.33	22.76	0.00
3	7	0.00	0.26	24.08	20.66	0.00
Core	CPU	C1%	C3%	C6%	C8%	C9%
-	-	0.06	3.86	21.59	23.47	0.18
0	0	0.01	15.90	18.92	12.86	1.38
0	4	0.11	5.65	19.55	29.25	0.00
1	1	0.01	2.38	24.91	41.34	0.00
1	5	0.29	5.90	18.11	15.74	0.00
2	2	0.01	0.19	20.82	21.51	0.00
2	6	0.01	0.23	20.38	22.67	0.06
3	3	0.01	0.26	23.61	23.71	0.00
3	7	0.01	0.40	26.45	20.72	0.00
Core	CPU	C1%	C3%	C6%	C8%	C9%
-	-	0.14	3.79	20.83	23.12	0.01
0	0	0.00	2.28	29.44	20.73	0.00
0	4	0.20	0.20	21.22	33.02	0.00
1	1	0.00	1.95	21.80	24.73	0.00
1	5	0.41	13.35	14.99	17.26	0.00
2	2	0.12	2.63	18.17	23.25	0.03
2	6	0.33	8.22	15.35	14.83	0.06
3	3	0.00	0.19	21.56	28.01	0.00
3	7	0.06	1.50	24.01	23.03	0.00
Core	CPU	C1%	C3%	C6%	C8%	C9%
-	-	0.08	3.68	20.77	20.13	0.10
0	0	0.02	8.27	23.34	15.74	0.00
0	4	0.00	0.25	22.85	25.46	0.00
1	1	0.03	1.32	19.56	20.23	0.00
1	5	0.00	0.32	20.70	21.53	0.00
2	2	0.40	10.48	15.70	11.09	0.00
2	6	0.16	8.20	17.45	23.74	0.00
3	3	0.00	0.19	24.09	22.80	0.00
3	7	0.01	0.41	22.45	20.48	0.82
Core	CPU	C1%	C3%	C6%	C8%	C9%
-	-	0.09	2.93	16.17	15.81	0.00
0	0	0.01	1.07	22.78	7.48	0.04
0	4	0.01	4.31	14.70	12.04	0.00
1	1	0.01	0.15	14.09	37.17	0.00
1	5	0.00	0.19	15.07	16.71	0.00
2	2	0.08	1.84	17.13	17.50	0.00
2	6	0.64	15.32	6.88	5.66	0.00
3	3	0.00	0.28	19.42	15.31	0.00
3	7	0.00	0.29	19.35	14.62	0.00
Core	CPU	C1%	C3%	C6%	C8%	C9%
-	-	0.14	3.64	22.26	23.03	0.04
0	0	0.00	6.08	30.87	17.22	0.23
0	4	0.00	0.85	22.03	25.89	0.00
1	1	0.70	12.28	15.04	16.24	0.00
1	5	0.42	6.72	19.55	21.97	0.00
2	2	0.00	0.25	21.44	24.41	0.00
2	6	0.00	0.22	20.19	20.81	0.00
3	3	0.01	1.32	24.49	34.81	0.00
3	7	0.00	1.35	24.41	22.85	0.11
Core	CPU	C1%	C3%	C6%	C8%	C9%
-	-	0.09	3.54	23.27	23.21	0.02
0	0	0.01	6.20	28.40	4.78	0.00
0	4	0.02	6.58	21.59	18.47	0.14
1	1	0.00	0.26	24.10	26.21	0.00
1	5	0.00	0.23	22.96	22.77	0.00
2	2	0.00	0.19	22.62	30.38	0.00
2	6	0.16	3.38	21.05	39.57	0.00
3	3	0.46	9.76	18.97	15.71	0.00
3	7	0.07	1.71	26.48	27.77	0.00
Core	CPU	C1%	C3%	C6%	C8%	C9%
-	-	0.04	3.98	21.84	20.43	0.18
0	0	0.01	7.08	27.65	12.43	0.00
0	4	0.27	22.69	9.57	7.31	0.02
1	1	0.00	0.16	24.81	21.74	1.40
1	5	0.00	0.17	22.46	20.75	0.00
2	2	0.04	1.25	21.49	28.49	0.00
2	6	0.00	0.20	21.67	31.33	0.00
3	3	0.00	0.15	23.81	18.50	0.00
3	7	0.00	0.16	23.31	22.85	0.00
Core	CPU	C1%	C3%	C6%	C8%	C9%
-	-	0.15	3.91	22.47	21.81	0.17
0	0	0.01	1.55	31.18	16.07	0.00
0	4	0.08	6.95	20.37	22.77	0.00
1	1	1.05	20.92	11.35	7.86	0.00
1	5	0.00	0.26	23.68	27.22	0.00
2	2	0.02	0.79	20.72	23.71	0.00
2	6	0.00	0.24	25.23	27.33	0.00
3	3	0.00	0.19	21.60	20.62	1.37
3	7	0.01	0.35	25.57	28.88	0.00
Core	CPU	C1%	C3%	C6%	C8%	C9%
-	-	0.09	2.56	16.48	16.83	0.32
0	0	0.02	2.60	21.28	5.43	0.00
0	4	0.00	1.28	16.83	18.08	0.00
1	1	0.00	0.85	17.67	18.39	0.00
1	5	0.01	0.13	17.80	23.59	0.00
2	2	0.36	8.25	11.09	16.52	2.58
2	6	0.00	0.13	17.19	23.45	0.00
3	3	0.35	7.06	12.46	11.28	0.00
3	7	0.00	0.18	17.50	17.91	0.00
Core	CPU	C1%	C3%	C6%	C8%	C9%
-	-	0.14	3.77	22.69	21.45	0.01
0	0	0.02	4.68	27.48	12.40	0.00
0	4	0.00	0.15	21.47	18.32	0.00
1	1	0.10	3.34	22.77	23.28	0.00
1	5	0.00	0.25	22.58	29.39	0.00
2	2	0.71	16.01	17.12	11.40	0.09
2	6	0.20	5.38	21.40	26.80	0.00
3	3	0.00	0.14	24.76	22.72	0.00
3	7	0.05	0.23	24.06	27.33	0.00
Core	CPU	C1%	C3%	C6%	C8%	C9%
-	-	0.18	3.60	22.56	23.74	0.01
0	0	0.01	0.43	32.54	21.44	0.03
0	4	0.00	0.27	24.52	26.73	0.00
1	1	1.34	26.24	2.78	0.49	0.00
1	5	0.00	0.17	23.73	29.13	0.00
2	2	0.00	1.01	26.20	30.23	0.00
2	6	0.06	0.27	23.76	33.43	0.06
3	3	0.01	0.19	19.89	23.52	0.00
3	7	0.00	0.23	27.00	24.82	0.00
Core	CPU	C1%	C3%	C6%	C8%	C9%
-	-	0.15	3.66	21.35	22.04	0.00
0	0	0.10	0.63	28.62	16.95	0.00
0	4	0.00	0.13	19.75	28.18	0.00
1	1	0.05	2.94	21.10	17.14	0.00
1	5	0.23	3.89	20.49	18.38	0.00
2	2	0.61	15.24	13.87	16.31	0.00
2	6	0.20	5.95	18.90	33.43	0.00
3	3	0.01	0.25	21.93	23.90	0.00
3	7	0.01	0.26	26.18	22.07	0.00
Core	CPU	C1%	C3%	C6%	C8%	C9%
-	-	0.16	3.61	20.27	22.33	0.01
0	0	0.01	0.61	29.50	18.62	0.02
0	4	0.01	0.12	20.53	26.79	0.00
1	1	0.00	0.19	20.95	23.22	0.00
1	5	0.01	0.15	19.12	24.62	0.00
2	2	1.22	27.24	3.73	0.00	0.00
2	6	0.00	0.29	24.51	30.52	0.07
3	3	0.00	0.16	21.86	31.41	0.00
3	7	0.01	0.15	21.94	23.46	0.00
Core	CPU	C1%	C3%	C6%	C8%	C9%
-	-	0.17	2.03	25.64	24.79	0.01
0	0	0.01	2.00	35.49	12.78	0.01
0	4	0.00	0.24	29.22	21.12	0.00
1	1	0.00	0.19	26.13	28.92	0.00
1	5	0.46	6.54	19.84	22.97	0.00
2	2	0.43	2.59	20.93	20.52	0.00
2	6	0.02	0.56	24.35	44.62	0.07
3	3	0.42	3.52	20.62	17.16	0.00
3	7	0.01	0.62	28.73	30.29	0.00
Core	CPU	C1%	C3%	C6%	C8%	C9%
-	-	0.10	3.90	21.62	23.91	0.15
0	0	0.03	12.75	23.92	10.33	0.08
0	4	0.23	4.25	23.00	24.45	0.00
1	1	0.00	0.22	25.02	27.67	0.00
1	5	0.52	12.49	13.50	17.41	0.28
2	2	0.00	0.07	19.91	32.88	0.00
2	6	0.00	0.11	21.69	26.44	0.06
3	3	0.00	1.05	22.01	26.59	0.00
3	7	0.00	0.27	23.81	25.37	0.81
Core	CPU	C1%	C3%	C6%	C8%	C9%
-	-	0.17	3.58	23.75	21.96	0.06
0	0	0.00	1.62	32.32	14.34	0.50
0	4	0.07	0.24	23.34	44.51	0.00
1	1	0.00	0.34	25.33	22.05	0.00
1	5	0.00	0.19	21.98	21.39	0.00
2	2	0.00	0.31	26.90	28.40	0.00
2	6	0.72	8.70	17.98	15.63	0.00
3	3	0.29	14.75	15.72	10.69	0.00
3	7	0.26	2.49	26.42	18.69	0.00
Core	CPU	C1%	C3%	C6%	C8%	C9%
-	-	0.15	3.73	21.41	23.38	0.01
0	0	0.02	2.77	32.57	25.79	0.07
0	4	0.00	0.12	22.52	34.09	0.00
1	1	0.21	3.14	21.18	20.92	0.00
1	5	0.00	0.13	20.41	24.37	0.00
2	2	0.00	0.94	20.04	29.29	0.00
2	6	0.42	12.14	14.70	13.59	0.00
3	3	0.52	10.42	16.44	15.68	0.00
3	7	0.01	0.20	23.42	23.33	0.00
Core	CPU	C1%	C3%	C6%	C8%	C9%
-	-	0.14	3.83	21.53	21.71	0.08
0	0	0.00	2.73	32.09	11.29	0.02
0	4	0.00	0.34	21.81	21.16	0.00
1	1	0.50	14.25	12.75	12.98	0.08
1	5	0.00	0.26	22.48	31.06	0.00
2	2	0.29	6.90	18.14	12.61	0.45
2	6	0.09	1.33	23.36	27.38	0.07
3	3	0.20	4.47	20.61	33.21	0.00
3	7	0.00	0.36	21.01	24.00	0.00
Core	CPU	C1%	C3%	C6%	C8%	C9%
-	-	0.14	2.66	16.00	14.18	0.15
0	0	0.01	0.38	21.08	12.37	0.03
0	4	0.00	0.13	17.52	16.75	0.00
1	1	0.73	6.52	11.05	7.37	0.00
1	5	0.00	0.13	18.63	15.59	0.00
2	2	0.00	0.19	14.97	16.33	0.00
2	6	0.00	0.16	14.22	21.88	0.00
3	3	0.38	13.54	11.23	6.64	1.20
3	7	0.00	0.24	19.34	16.57	0.00
Core	CPU	C1%	C3%	C6%	C8%	C9%
-	-	0.34	3.54	23.04	21.91	0.00
0	0	0.01	4.77	31.01	20.52	0.00
0	4	0.00	0.07	24.31	20.86	0.00
1	1	0.57	4.22	23.70	26.26	0.00
1	5	2.11	18.47	10.79	4.82	0.00
2	2	0.01	0.16	22.68	21.12	0.00
2	6	0.00	0.14	22.93	22.87	0.00
3	3	0.00	0.14	21.06	25.20	0.00
3	7	0.00	0.31	27.77	33.56	0.00
Core	CPU	C1%	C3%	C6%	C8%	C9%
-	-	0.22	3.75	20.78	23.50	0.09
0	0	0.05	10.20	20.16	20.33	0.00
0	4	0.40	3.42	19.99	18.27	0.00
1	1	0.00	1.01	21.80	25.21	0.00
1	5	1.23	14.13	14.29	19.22	0.00
2	2	0.01	0.37	21.85	22.19	0.00
2	6	0.00	0.24	24.23	36.64	0.06
3	3	0.00	0.28	21.20	27.08	0.00
3	7	0.09	0.36	22.72	19.10	0.64
Core	CPU	C1%	C3%	C6%	C8%	C9%
-	-	0.04	3.74	21.74	23.84	0.00
0	0	0.09	23.62	16.67	3.89	0.00
0	4	0.00	1.10	22.16	23.50	0.00
1	1	0.20	4.33	22.00	20.35	0.00
1	5	0.00	0.11	25.32	34.15	0.00
2	2	0.00	0.20	21.85	22.97	0.00
2	6	0.00	0.10	22.42	34.31	0.00
3	3	0.00	0.19	20.51	28.04	0.00
3	7	0.00	0.25	22.96	23.48	0.00
Core	CPU	C1%	C3%	C6%	C8%	C9%
-	-	0.09	3.58	22.03	21.58	0.18
0	0	0.01	11.78	25.94	7.22	0.00
0	4	0.14	4.33	22.08	24.09	0.00
1	1	0.01	0.18	22.09	23.55	0.00
1	5	0.01	0.13	20.81	33.30	0.00
2	2	0.53	9.37	17.68	16.27	1.39
2	6	0.02	1.34	21.31	16.73	0.05
3	3	0.00	0.21	22.40	24.05	0.00
3	7	0.01	1.31	23.98	27.44	0.00
Core	CPU	C1%	C3%	C6%	C8%	C9%
-	-	0.00	2.99	14.36	18.06	0.00
0	0	0.02	18.69	9.58	0.62	0.00
0	4	0.00	4.75	13.95	12.72	0.00
1	1	0.00	0.24	14.34	26.12	0.00
1	5	0.00	0.02	14.64	23.74	0.00
2	2	0.00	0.06	15.40	19.68	0.00
2	6	0.00	0.03	15.08	18.65	0.00
3	3	0.00	0.06	15.13	20.39	0.00
3	7	0.00	0.08	16.77	22.53	0.00
Core	CPU	C1%	C3%	C6%	C8%	C9%
-	-	0.12	3.79	23.02	22.75	0.01
0	0	0.61	10.21	22.88	12.83	0.00
0	4	0.10	10.26	18.90	17.97	0.00
1	1	0.01	0.19	23.85	29.38	0.00
1	5	0.01	0.18	22.83	21.07	0.00
2	2	0.23	5.60	23.78	23.91	0.00
2	6	0.03	3.27	21.70	25.63	0.12
3	3	0.01	0.26	23.76	21.80	0.00
3	7	0.00	0.34	26.49	29.43	0.00
Core	CPU	C1%	C3%	C6%	C8%	C9%
-	-	0.04	3.80	22.89	22.79	0.01
0	0	0.01	10.41	27.26	7.50	0.01
0	4	0.27	15.45	13.76	16.17	0.00
1	1	0.00	0.39	21.92	34.63	0.00
1	5	0.00	0.33	21.74	25.20	0.00
2	2	0.00	0.43	24.70	22.27	0.00
2	6	0.00	0.42	25.56	23.25	0.06
3	3	0.03	2.59	22.99	31.24	0.00
3	7	0.00	0.38	25.31	22.08	0.00
Core	CPU	C1%	C3%	C6%	C8%	C9%
-	-	0.03	3.96	22.07	23.33	0.24
0	0	0.02	18.94	19.05	3.83	0.00
0	4	0.00	3.18	24.03	23.13	0.00
1	1	0.06	3.44	22.26	29.41	0.00
1	5	0.00	0.22	21.40	23.20	0.00
2	2	0.00	1.03	23.10	31.22	0.00
2	6	0.00	0.19	23.51	28.73	0.00
3	3	0.12	4.37	20.20	23.34	1.89
3	7	0.00	0.19	22.96	23.80	0.00
Core	CPU	C1%	C3%	C6%	C8%	C9%
-	-	0.18	3.87	21.40	22.79	0.00
0	0	0.29	0.51	27.74	11.78	0.00
0	4	0.00	0.19	22.82	27.99	0.00
1	1	0.16	5.73	18.76	18.02	0.00
1	5	0.01	0.25	21.90	41.31	0.00
2	2	0.82	19.34	10.78	9.13	0.00
2	6	0.13	4.47	19.90	20.19	0.00
3	3	0.00	0.19	23.94	29.26	0.00
3	7	0.01	0.24	25.40	24.64	0.00
Core	CPU	C1%	C3%	C6%	C8%	C9%
-	-	0.09	2.75	15.67	15.45	0.14
0	0	0.00	0.35	23.00	9.05	0.02
0	4	0.00	0.08	17.60	21.57	0.00
1	1	0.00	0.30	16.29	15.97	0.00
1	5	0.00	0.09	14.71	13.62	0.00
2	2	0.24	9.46	12.12	20.79	1.11
2	6	0.00	0.11	15.25	20.54	0.00
3	3	0.50	9.77	9.21	7.18	0.00
3	7	0.00	1.82	17.22	14.85	0.00
Core	CPU	C1%	C3%	C6%	C8%	C9%
-	-	0.16	3.60	21.92	21.15	0.00
0	0	0.01	6.01	27.59	18.67	0.00
0	4	0.13	0.19	21.27	21.49	0.00
1	1	0.26	5.55	19.53	15.58	0.00
1	5	0.13	2.61	23.08	30.19	0.00
2	2	0.07	2.45	21.04	17.44	0.00
2	6	0.02	2.53	20.56	32.22	0.00
3	3	0.63	9.16	19.01	13.24	0.00
3	7	0.04	0.27	23.28	20.35	0.00
Core	CPU	C1%	C3%	C6%	C8%	C9%
-	-	0.00	3.77	21.95	23.87	0.12
0	0	0.02	22.73	11.50	2.36	0.00
0	4	0.00	5.34	23.40	34.80	0.00
1	1	0.00	0.21	23.38	30.25	0.00
1	5	0.01	0.15	22.72	22.33	0.00
2	2	0.01	0.32	21.95	20.95	0.00
2	6	0.00	0.15	21.69	32.10	0.95
3	3	0.00	0.96	23.87	26.72	0.00
3	7	0.00	0.31	27.10	21.44	0.00
Core	CPU	C1%	C3%	C6%	C8%	C9%
-	-	0.01	4.01	22.79	24.23	0.01
0	0	0.01	19.29	18.99	4.58	0.00
0	4	0.00	10.02	21.88	18.44	0.00
1	1	0.01	0.31	21.60	36.36	0.00
1	5	0.01	0.19	21.88	27.51	0.00
2	2	0.01	0.36	23.67	30.69	0.01
2	6	0.00	0.24	22.00	21.85	0.06
3	3	0.01	0.28	25.86	25.98	0.00
3	7	0.01	1.40	26.44	28.39	0.00
Core	CPU	C1%	C3%	C6%	C8%	C9%
-	-	0.03	4.00	20.47	25.95	0.01
0	0	0.03	26.69	13.10	2.51	0.00
0	4	0.11	4.15	23.75	26.30	0.00
1	1	0.00	0.21	22.17	44.17	0.00
1	5	0.00	0.15	21.54	27.19	0.00
2	2	0.00	0.23	19.80	27.44	0.00
2	6	0.00	0.14	20.29	31.65	0.05
3	3	0.00	0.20	19.62	26.22	0.00
3	7	0.13	0.26	23.50	22.11	0.00
Core	CPU	C1%	C3%	C6%	C8%	C9%
-	-	0.12	2.11	24.56	26.05	0.02
0	0	0.01	4.60	27.29	21.51	0.00
0	4	0.00	0.30	28.68	28.00	0.00
1	1	0.01	0.25	24.98	34.81	0.02
1	5	0.00	0.21	24.21	32.17	0.00
2	2	0.50	3.71	18.84	14.06	0.00
2	6	0.13	0.75	25.19	24.46	0.05
3	3	0.31	6.74	20.83	25.22	0.00
3	7	0.00	0.29	26.57	28.23	0.10
Core	CPU	C1%	C3%	C6%	C8%	C9%
-	-	0.14	3.75	20.24	22.65	0.00
0	0	0.01	0.49	29.33	16.10	0.02
0	4	0.01	0.15	20.24	36.09	0.00
1	1	0.00	0.15	23.49	27.57	0.00
1	5	0.00	0.19	20.90	20.69	0.00
2	2	0.00	0.19	20.11	24.35	0.00
2	6	0.01	0.18	20.14	30.45	0.00
3	3	1.05	28.41	4.05	0.06	0.00
3	7	0.03	0.22	23.60	25.80	0.00
Core	CPU	C1%	C3%	C6%	C8%	C9%
-	-	0.14	3.49	20.64	22.96	0.01
0	0	0.01	2.78	29.77	24.25	0.01
0	4	0.00	0.12	22.21	25.50	0.00
1	1	0.39	8.20	15.74	14.82	0.00
1	5	0.20	4.80	19.96	20.74	0.00
2	2	0.00	0.07	21.35	24.97	0.00
2	6	0.00	0.12	21.80	35.94	0.06
3	3	0.49	11.79	12.72	11.66	0.00
3	7	0.00	0.08	21.58	25.77	0.00
Core	CPU	C1%	C3%	C6%	C8%	C9%
-	-	0.04	3.74	21.85	24.38	0.08
0	0	0.14	16.30	22.43	12.32	0.00
0	4	0.02	8.87	21.74	22.98	0.00
1	1	0.15	3.11	21.39	25.94	0.00
1	5	0.00	0.19	21.73	31.72	0.00
2	2	0.00	0.24	22.41	23.57	0.00
2	6	0.00	0.23	20.95	28.43	0.21
3	3	0.00	0.25	21.44	26.65	0.00
3	7	0.00	0.75	22.72	23.46	0.41
Core	CPU	C1%	C3%	C6%	C8%	C9%
-	-	0.12	3.84	21.05	23.88	0.35
0	0	0.01	0.43	33.45	15.11	2.79
0	4	0.00	0.19	22.50	30.05	0.00
1	1	0.00	0.17	19.75	25.16	0.00
1	5	0.00	0.21	19.88	27.14	0.00
2	2	0.00	0.27	23.14	28.19	0.00
2	6	0.00	0.23	22.28	41.54	0.00
3	3	0.90	28.89	3.71	0.09	0.00
3	7	0.01	0.36	23.74	23.73	0.00
Core	CPU	C1%	C3%	C6%	C8%	C9%
-	-	0.03	1.84	27.67	27.75	0.00
0	0	0.01	9.00	21.97	2.08	0.00
0	4	0.01	1.61	31.59	22.99	0.00
1	1	0.01	0.26	27.71	38.83	0.00
1	5	0.00	0.17	26.77	28.31	0.00
2	2	0.00	0.30	28.37	32.65	0.00
2	6	0.00	0.26	29.12	36.77	0.00
3	3	0.06	2.27	28.11	36.31	0.00
3	7	0.11	0.86	27.71	24.05	0.00
Core	CPU	C1%	C3%	C6%	C8%	C9%
-	-	0.05	3.70	22.09	21.84	0.00
0	0	0.10	10.90	25.64	5.66	0.00
0	4	0.07	10.30	19.77	14.42	0.00
1	1	0.00	0.28	23.56	40.15	0.00
1	5	0.00	0.17	19.61	23.12	0.00
2	2	0.00	0.20	20.63	20.37	0.00
2	6	0.00	0.19	23.17	21.03	0.00
3	3	0.21	6.12	20.41	30.03	0.00
3	7	0.00	1.45	23.96	19.95	0.00
Core	CPU	C1%	C3%	C6%	C8%	C9%
-	-	0.12	3.81	21.11	22.91	0.03
0	0	0.03	13.64	21.16	2.79	0.06
0	4	0.01	1.52	22.24	20.29	0.00
1	1	0.74	12.38	14.66	13.79	0.04
1	5	0.15	1.57	20.43	22.29	0.00
2	2	0.00	0.38	24.35	43.28	0.00
2	6	0.00	0.27	22.05	27.60	0.11
3	3	0.00	0.25	22.08	29.31	0.00
3	7	0.00	0.54	21.99	23.97	0.00
Core	CPU	C1%	C3%	C6%	C8%	C9%
-	-	0.06	3.86	22.36	23.06	0.02
0	0	0.02	16.67	19.49	10.18	0.09
0	4	0.01	2.44	22.54	18.62	0.00
1	1	0.14	2.50	22.30	34.80	0.00
1	5	0.17	5.42	17.70	25.44	0.00
2	2	0.00	1.02	24.96	26.18	0.00
2	6	0.00	0.16	22.93	24.26	0.06
3	3	0.12	2.41	24.45	22.72	0.00
3	7	0.01	0.24	24.36	22.12	0.00
Core	CPU	C1%	C3%	C6%	C8%	C9%
-	-	0.02	3.98	22.55	22.00	0.00
0	0	0.02	10.46	26.63	14.07	0.00
0	4	0.16	20.04	13.05	10.83	0.00
1	1	0.00	0.20	24.32	30.20	0.00
1	5	0.00	0.21	21.99	23.92	0.00
2	2	0.00	0.22	24.00	21.95	0.00
2	6	0.00	0.23	20.86	23.23	0.00
3	3	0.00	0.19	23.09	27.92	0.00
3	7	0.00	0.26	26.46	23.88	0.00
Core	CPU	C1%	C3%	C6%	C8%	C9%
-	-	0.08	2.86	15.72	15.66	0.00
0	0	0.00	2.82	21.68	4.71	0.02
0	4	0.13	6.64	15.74	14.50	0.00
1	1	0.37	9.17	11.65	13.73	0.00
1	5	0.16	3.54	11.91	16.51	0.00
2	2	0.00	0.20	15.49	18.63	0.00
2	6	0.00	0.18	14.53	16.93	0.00
3	3	0.00	0.20	16.30	17.82	0.00
3	7	0.00	0.15	18.42	22.46	0.00
Core	CPU	C1%	C3%	C6%	C8%	C9%
-	-	0.12	3.84	20.62	20.93	0.17
0	0	0.01	3.62	27.60	8.06	0.19
0	4	0.01	0.07	21.23	23.07	0.00
1	1	0.17	4.27	18.88	15.56	0.00
1	5	0.02	1.37	21.43	27.78	0.00
2	2	0.44	10.60	16.66	20.17	0.00
2	6	0.34	10.34	16.52	15.20	0.00
3	3	0.01	0.20	21.90	35.95	0.00
3	7	0.00	0.22	20.71	21.66	1.15
Core	CPU	C1%	C3%	C6%	C8%	C9%
-	-	0.04	3.95	22.86	21.85	0.00
0	0	0.01	0.48	35.28	21.83	0.00
0	4	0.14	28.90	6.58	0.00	0.00
1	1	0.12	0.21	24.87	33.52	0.00
1	5	0.00	0.47	22.31	25.83	0.00
2	2	0.00	0.83	22.22	22.28	0.00
2	6	0.00	0.19	22.48	22.55	0.00
3	3	0.00	0.15	22.11	17.80	0.00
3	7	0.00	0.34	27.00	31.00	0.00
Core	CPU	C1%	C3%	C6%	C8%	C9%
-	-	0.09	3.92	21.05	21.61	0.19
0	0	0.01	5.84	28.60	5.35	0.00
0	4	0.00	3.64	21.98	27.00	0.00
1	1	0.00	0.33	23.05	25.08	0.00
1	5	0.00	0.27	19.39	23.97	0.00
2	2	0.68	18.32	10.52	6.27	0.00
2	6	0.00	0.27	22.08	33.46	0.00
3	3	0.00	0.31	21.34	28.08	1.39
3	7	0.00	2.34	21.45	23.69	0.11
Core	CPU	C1%	C3%	C6%	C8%	C9%
-	-	0.08	3.88	20.34	21.32	0.01
0	0	0.01	11.55	19.78	8.38	0.02
0	4	0.00	6.90	17.09	27.07	0.00
1	1	0.00	0.10	22.47	24.29	0.00
1	5	0.00	0.16	21.69	22.21	0.00
2	2	0.00	0.21	22.61	25.26	0.00
2	6	0.60	11.84	15.89	15.14	0.00
3	3	0.00	0.17	20.86	25.92	0.00
3	7	0.00	0.16	22.38	22.33	0.09
Core	CPU	C1%	C3%	C6%	C8%	C9%
-	-	0.02	2.91	18.02	18.35	0.07
0	0	0.01	9.40	18.39	5.94	0.00
0	4	0.15	11.82	14.14	11.36	0.00
1	1	0.00	0.21	20.80	25.05	0.00
1	5	0.00	0.21	17.96	26.00	0.00
2	2	0.02	0.15	18.12	21.55	0.00
2	6	0.00	0.12	17.02	18.78	0.00
3	3	0.00	0.21	18.16	18.49	0.00
3	7	0.00	1.13	19.49	19.65	0.54
Core	CPU	C1%	C3%	C6%	C8%	C9%
-	-	0.11	3.77	22.24	23.71	0.00
0	0	0.01	1.45	33.24	10.74	0.00
0	4	0.00	8.00	16.43	16.43	0.00
1	1	0.54	9.66	19.81	27.29	0.00
1	5	0.10	1.34	23.84	25.90	0.00
2	2	0.23	8.86	17.64	21.72	0.00
2	6	0.00	0.16	21.60	35.79	0.00
3	3	0.00	0.35	23.40	23.19	0.00
3	7	0.00	0.32	21.94	28.65	0.00
Core	CPU	C1%	C3%	C6%	C8%	C9%
-	-	0.16	3.59	23.01	21.64	0.08
0	0	0.01	1.63	32.93	11.09	0.01
0	4	0.11	6.59	22.38	19.13	0.00
1	1	0.83	12.08	17.18	21.98	0.58
1	5	0.32	6.81	20.65	15.15	0.00
2	2	0.00	0.23	22.80	38.47	0.00
2	6	0.00	0.29	22.09	25.19	0.07
3	3	0.00	0.82	22.35	21.03	0.00
3	7	0.00	0.28	23.67	21.12	0.00
Core	CPU	C1%	C3%	C6%	C8%	C9%
-	-	0.14	3.86	21.49	21.78	0.00
0	0	0.01	0.75	33.90	12.26	0.00
0	4	0.00	0.24	21.72	25.01	0.00
1	1	0.14	5.05	20.60	18.25	0.00
1	5	0.99	23.86	7.51	5.78	0.00
2	2	0.00	0.18	20.76	29.14	0.00
2	6	0.00	0.16	22.40	34.26	0.00
3	3	0.00	0.28	23.04	23.20	0.00
3	7	0.00	0.36	22.08	26.36	0.00
Core	CPU	C1%	C3%	C6%	C8%	C9%
-	-	0.12	3.75	22.17	22.01	0.17
0	0	0.01	7.76	27.25	11.15	1.39
0	4	0.00	0.16	23.28	22.41	0.00
1	1	0.74	17.93	15.37	11.55	0.00
1	5	0.05	1.41	24.99	39.02	0.00
2	2	0.16	2.24	18.63	17.46	0.00
2	6	0.01	0.18	21.50	25.11	0.00
3	3	0.00	0.14	22.92	30.21	0.00
3	7	0.00	0.18	23.36	19.09	0.00
Core	CPU	C1%	C3%	C6%	C8%	C9%
-	-	0.09	2.85	16.00	16.13	0.38
0	0	0.20	5.25	21.26	5.15	1.66
0	4	0.02	3.91	14.96	14.05	0.00
1	1	0.13	2.48	15.46	23.52	0.00
1	5	0.00	0.20	17.99	32.00	0.00
2	2	0.00	0.19	16.50	18.03	0.00
2	6	0.00	0.23	14.85	13.25	0.07
3	3	0.36	9.20	11.13	9.46	1.34
3	7	0.00	1.32	15.86	13.58	0.00
Core	CPU	C1%	C3%	C6%	C8%	C9%
-	-	0.12	3.77	21.91	21.04	0.06
0	0	0.00	0.47	31.90	14.82	0.00
0	4	0.00	0.12	22.78	24.31	0.51
1	1	0.92	28.67	6.55	0.89	0.00
1	5	0.00	0.20	23.79	28.60	0.00
2	2	0.00	0.12	23.21	25.20	0.00
2	6	0.00	0.19	20.34	18.22	0.00
3	3	0.00	0.17	24.31	38.12	0.00
3	7	0.00	0.21	22.40	18.17	0.00
Core	CPU	C1%	C3%	C6%	C8%	C9%
-	-	0.05	3.45	21.78	24.48	0.03
0	0	0.03	21.36	15.47	1.50	0.19
0	4	0.00	4.21	22.01	22.84	0.00
1	1	0.11	1.10	23.58	23.59	0.00
1	5	0.26	0.14	21.62	29.82	0.00
2	2	0.00	0.21	21.61	25.04	0.00
2	6	0.00	0.26	23.37	26.21	0.05
3	3	0.00	0.17	23.15	45.10	0.00
3	7	0.00	0.20	23.40	21.79	0.00
Core	CPU	C1%	C3%	C6%	C8%	C9%
-	-	0.07	3.73	21.27	23.45	0.01
0	0	0.02	7.67	27.73	15.81	0.00
0	4	0.02	11.56	19.29	17.22	0.00
1	1	0.11	1.93	19.81	24.59	0.11
1	5	0.41	8.20	17.17	32.57	0.00
2	2	0.00	0.18	22.51	23.74	0.00
2	6	0.00	0.17	21.80	30.28	0.00
3	3	0.01	0.04	21.26	23.17	0.00
3	7	0.00	0.08	20.66	20.25	0.00
Core	CPU	C1%	C3%	C6%	C8%	C9%
-	-	0.14	3.77	23.05	22.85	0.01
0	0	0.01	2.47	30.85	24.94	0.00
0	4	0.01	5.36	22.10	24.28	0.00
1	1	0.10	2.26	23.42	23.41	0.00
1	5	0.00	0.23	23.15	30.80	0.00
2	2	0.00	0.31	24.60	24.01	0.00
2	6	0.00	0.34	23.03	21.51	0.00
3	3	1.03	18.84	11.28	8.02	0.08
3	7	0.00	0.31	25.90	25.82	0.01
Core	CPU	C1%	C3%	C6%	C8%	C9%
-	-	0.06	3.03	16.50	16.21	0.28
0	0	0.01	3.70	20.96	12.49	0.00
0	4	0.14	15.64	8.06	3.98	0.84
1	1	0.09	1.34	17.85	18.43	0.00
1	5	0.00	0.16	17.98	20.19	0.00
2	2	0.09	1.14	16.19	15.30	1.40
2	6	0.12	0.18	17.47	25.46	0.00
3	3	0.00	1.36	17.70	18.84	0.00
3	7	0.00	0.84	16.04	15.14	0.00
Core	CPU	C1%	C3%	C6%	C8%	C9%
-	-	0.12	4.04	22.69	22.13	0.00
0	0	0.02	7.24	25.51	25.00	0.00
0	4	0.01	2.64	22.76	19.08	0.00
1	1	0.00	0.36	26.98	24.47	0.00
1	5	0.19	2.34	21.47	30.67	0.00
2	2	0.00	0.27	21.81	22.92	0.00
2	6	0.00	0.30	22.68	19.93	0.00
3	3	0.67	18.75	14.22	13.95	0.00
3	7	0.10	0.40	25.73	20.70	0.00
Core	CPU	C1%	C3%	C6%	C8%	C9%
-	-	0.02	3.82	22.02	24.27	0.00
0	0	0.03	22.70	15.35	1.07	0.00
0	4	0.01	5.85	21.02	19.14	0.00
1	1	0.00	0.33	22.87	25.23	0.00
1	5	0.07	0.34	23.38	33.01	0.00
2	2	0.00	0.27	25.09	28.42	0.00
2	6	0.00	0.30	23.48	21.62	0.00
3	3	0.00	0.36	23.28	39.65	0.00
3	7	0.00	0.39	21.66	26.01	0.00
Core	CPU	C1%	C3%	C6%	C8%	C9%
-	-	0.03	3.93	20.89	24.75	0.19
0	0	0.03	26.74	9.36	1.29	0.00
0	4	0.01	0.35	23.14	32.40	0.00
1	1	0.00	0.25	23.59	35.03	0.00
1	5	0.00	0.32	22.23	22.55	0.11
2	2	0.13	0.13	22.17	28.38	1.38
2	6	0.00	0.26	22.57	32.68	0.00
3	3	0.11	3.17	20.35	21.55	0.00
3	7	0.00	0.21	23.68	24.14	0.00
Core	CPU	C1%	C3%	C6%	C8%	C9%
-	-	0.06	3.93	20.64	23.63	0.02
0	0	0.02	17.71	17.60	4.51	0.00
0	4	0.00	1.25	23.20	20.56	0.00
1	1	0.38	7.64	19.55	19.54	0.00
1	5	0.00	0.25	20.95	25.55	0.00
2	2	0.00	0.25	21.00	26.07	0.13
2	6	0.00	0.24	21.95	49.70	0.00
3	3	0.03	3.81	17.95	19.45	0.00
3	7	0.04	0.37	23.01	23.72	0.00
Core	CPU	C1%	C3%	C6%	C8%	C9%
-	-	0.10	2.89	16.35	17.17	0.53
0	0	0.01	8.32	21.69	8.33	1.41
0	4	0.00	2.86	17.45	16.71	0.00
1	1	0.62	10.49	11.11	11.24	2.81
1	5	0.00	0.20	17.05	19.67	0.00
2	2	0.00	0.13	15.42	15.13	0.00
2	6	0.16	0.73	14.32	15.86	0.00
3	3	0.00	0.13	16.18	21.33	0.00
3	7	0.00	0.22	17.46	28.97	0.00
Core	CPU	C1%	C3%	C6%	C8%	C9%
-	-	0.03	4.02	21.16	23.00	0.16
0	0	0.01	12.18	23.91	13.20	0.00
0	4	0.03	11.66	16.14	10.85	0.00
1	1	0.01	0.19	24.14	28.88	0.00
1	5	0.00	0.09	22.80	24.09	1.30
2	2	0.00	0.19	20.16	29.55	0.00
2	6	0.19	6.85	16.93	26.62	0.00
3	3	0.01	0.12	22.37	25.65	0.00
3	7	0.00	0.92	22.79	25.18	0.00
Core	CPU	C1%	C3%	C6%	C8%	C9%
-	-	0.07	3.81	21.66	20.45	0.00
0	0	0.01	0.46	31.94	10.10	0.00
0	4	0.47	25.41	8.07	3.72	0.00
1	1	0.00	0.33	23.06	24.73	0.00
1	5	0.00	1.07	20.98	14.90	0.00
2	2	0.00	0.22	22.03	30.83	0.00
2	6	0.05	2.42	20.83	29.97	0.00
3	3	0.00	0.24	20.77	18.63	0.00
3	7	0.00	0.29	25.65	30.68	0.00
Core	CPU	C1%	C3%	C6%	C8%	C9%
-	-	0.11	3.62	21.64	20.87	0.01
0	0	0.13	1.97	29.42	7.60	0.01
0	4	0.00	8.42	19.39	20.83	0.00
1	1	0.13	4.41	19.81	27.78	0.00
1	5	0.00	0.10	21.61	25.87	0.00
2	2	0.11	2.25	24.74	29.08	0.00
2	6	0.52	11.65	17.70	16.11	0.06
3	3	0.00	0.04	19.72	19.38	0.00
3	7	0.00	0.09	20.71	20.28	0.00
Core	CPU	C1%	C3%	C6%	C8%	C9%
-	-	0.09	3.97	22.73	22.84	0.17
0	0	0.02	14.44	21.43	17.26	0.00
0	4	0.01	4.45	22.33	18.70	1.38
1	1	0.30	3.27	21.58	19.05	0.00
1	5	0.39	7.73	20.18	16.92	0.01
2	2	0.00	0.27	23.83	26.37	0.00
2	6	0.00	0.24	23.40	24.24	0.00
3	3	0.00	1.08	25.12	30.71	0.00
3	7	0.01	0.28	24.05	29.50	0.00
Core	CPU	C1%	C3%	C6%	C8%	C9%
-	-	0.02	2.84	17.22	17.16	0.03
0	0	0.01	7.22	21.52	4.99	0.00
0	4	0.15	12.48	13.45	5.38	0.16
1	1	0.00	0.71	18.36	29.19	0.00
1	5	0.00	0.12	17.20	18.55	0.00
2	2	0.01	0.15	16.15	19.95	0.00
2	6	0.00	0.11	18.71	20.78	0.05
3	3	0.00	0.11	17.33	23.20	0.00
3	7	0.00	1.81	14.95	15.24	0.00
Core	CPU	C1%	C3%	C6%	C8%	C9%
-	-	0.08	3.93	22.94	21.26	0.00
0	0	0.02	3.80	31.68	26.91	0.00
0	4	0.24	17.60	15.73	9.69	0.00
1	1	0.11	4.60	22.68	16.23	0.00
1	5	0.08	3.12	19.96	22.96	0.00
2	2	0.00	0.20	22.23	24.63	0.00
2	6	0.00	0.30	20.51	15.80	0.00
3	3	0.00	0.24	24.60	22.95	0.00
3	7	0.19	1.55	26.12	30.93	0.00
Core	CPU	C1%	C3%	C6%	C8%	C9%
-	-	0.06	3.61	22.29	23.99	0.20
0	0	0.03	15.11	15.93	10.82	0.21
0	4	0.00	0.28	26.36	29.72	0.00
1	1	0.00	0.26	23.58	29.37	0.00
1	5	0.33	10.09	15.69	16.67	0.47
2	2	0.12	2.35	23.63	23.47	0.89
2	6	0.00	0.22	24.90	22.62	0.01
3	3	0.00	0.25	24.80	29.04	0.00
3	7	0.00	0.31	23.40	30.20	0.00
Core	CPU	C1%	C3%	C6%	C8%	C9%
-	-	0.17	3.78	21.48	22.09	0.01
0	0	0.01	2.88	26.90	15.11	0.00
0	4	0.00	0.26	23.06	22.10	0.00
1	1	0.00	0.36	22.21	39.70	0.01
1	5	0.00	0.34	21.20	20.86	0.00
2	2	0.00	0.31	23.21	20.08	0.00
2	6	0.00	0.33	23.33	31.91	0.00
3	3	1.29	25.43	7.05	2.95	0.05
3	7	0.00	0.31	24.90	24.00	0.00
Core	CPU	C1%	C3%	C6%	C8%	C9%
-	-	0.13	3.68	21.41	22.00	0.00
0	0	0.00	3.05	28.38	27.77	0.00
0	4	0.00	0.13	20.04	22.93	0.00
1	1	0.00	0.17	23.73	22.05	0.00
1	5	0.00	0.16	19.42	27.76	0.00
2	2	0.26	4.85	22.04	26.30	0.00
2	6	0.12	3.14	20.37	16.97	0.00
3	3	0.68	17.72	12.61	9.98	0.00
3	7	0.00	0.22	24.69	22.24	0.00
Core	CPU	C1%	C3%	C6%	C8%	C9%
-	-	0.10	2.86	13.90	16.81	0.75
0	0	0.01	0.26	20.11	26.22	3.90
0	4	0.00	0.08	14.11	13.59	0.00
1	1	0.00	0.07	14.11	18.32	0.00
1	5	0.00	0.07	13.06	17.05	0.00
2	2	0.14	4.04	12.85	14.47	0.00
2	6	0.64	18.13	6.91	2.00	2.10
3	3	0.00	0.08	15.31	25.92	0.00
3	7	0.00	0.14	14.78	16.95	0.00
Core	CPU	C1%	C3%	C6%	C8%	C9%
-	-	0.09	3.52	22.89	22.19	0.02
0	0	0.02	11.14	24.79	15.17	0.00
0	4	0.00	3.01	23.25	23.25	0.00
1	1	0.01	0.21	24.05	30.44	0.00
1	5	0.00	0.20	20.06	23.96	0.00
2	2	0.28	5.47	21.21	20.69	0.06
2	6	0.45	6.59	20.77	17.43	0.00
3	3	0.00	0.26	24.80	25.77	0.00
3	7	0.00	1.26	24.11	20.75	0.10
Core	CPU	C1%	C3%	C6%	C8%	C9%
-	-	0.02	3.86	22.60	23.22	0.11
0	0	0.05	21.73	18.34	4.14	0.08
0	4	0.01	4.82	24.86	20.70	0.00
1	1	0.06	2.33	22.65	34.32	0.00
1	5	0.00	0.14	21.22	22.99	0.00
2	2	0.00	0.12	22.96	32.87	0.00
2	6	0.01	0.38	23.59	25.43	0.79
3	3	0.01	0.25	24.01	25.37	0.00
3	7	0.00	1.32	24.08	20.87	0.00
Core	CPU	C1%	C3%	C6%	C8%	C9%
-	-	0.04	3.92	22.18	21.50	0.01
0	0	0.01	16.02	19.54	2.95	0.00
0	4	0.30	12.15	20.00	21.90	0.00
1	1	0.00	0.33	23.45	20.88	0.00
1	5	0.01	0.31	20.96	18.73	0.00
2	2	0.00	0.29	21.90	44.17	0.00
2	6	0.00	0.22	25.14	22.53	0.06
3	3	0.00	0.36	22.82	20.32	0.00
3	7	0.01	1.45	22.76	19.62	0.00
Core	CPU	C1%	C3%	C6%	C8%	C9%
-	-	0.05	3.82	21.66	22.51	0.01
0	0	0.01	11.16	24.34	5.53	0.00
0	4	0.40	17.62	13.57	8.01	0.00
1	1	0.00	0.13	20.50	25.38	0.00
1	5	0.00	0.13	22.37	25.89	0.00
2	2	0.01	0.13	21.05	46.57	0.00
2	6	0.01	0.29	23.45	20.60	0.06
3	3	0.00	0.16	22.98	23.52	0.00
3	7	0.00	0.99	25.14	24.73	0.00
Core	CPU	C1%	C3%	C6%	C8%	C9%
-	-	0.10	1.95	26.66	25.03	0.01
0	0	0.09	4.01	29.88	8.94	0.03
0	4	0.10	1.24	25.70	27.58	0.00
1	1	0.09	1.17	26.43	23.94	0.00
1	5	0.00	0.20	25.80	30.51	0.00
2	2	0.19	4.14	24.94	23.60	0.00
2	6	0.00	0.38	29.03	34.27	0.00
3	3	0.35	4.22	23.60	24.59	0.00
3	7	0.01	0.25	27.73	26.65	0.03
