Core	CPU	C1%	C3%	C6%	C8%	C9%
-	-	0.04	0.04	9.43	3.60	0.00
0	0	0.06	0.17	65.59	21.13	0.00
0	4	0.00	0.03	0.89	0.00	0.00
1	1	0.00	0.00	1.47	2.56	0.00
1	5	0.22	0.07	1.64	1.28	0.00
2	2	0.00	0.00	1.14	0.59	0.00
2	6	0.00	0.00	1.24	1.27	0.00
3	3	0.00	0.00	0.93	0.10	0.00
3	7	0.00	0.04	2.36	1.78	0.00
Core	CPU	C1%	C3%	C6%	C8%	C9%
-	-	0.01	0.04	8.31	3.30	0.00
0	0	0.06	0.26	62.91	20.64	0.00
0	4	0.00	0.00	0.55	0.00	0.00
1	1	0.00	0.00	0.23	1.51	0.00
1	5	0.00	0.02	0.20	0.51	0.00
2	2	0.00	0.00	0.19	0.80	0.00
2	6	0.00	0.00	0.65	0.83	0.00
3	3	0.00	0.00	1.14	1.19	0.00
3	7	0.00	0.03	0.64	0.89	0.00
Core	CPU	C1%	C3%	C6%	C8%	C9%
-	-	0.01	0.03	8.64	3.41	0.00
0	0	0.08	0.18	65.00	21.75	0.00
0	4	0.00	0.00	0.87	0.11	0.00
1	1	0.00	0.00	0.26	0.89	0.00
1	5	0.00	0.00	0.15	0.99	0.00
2	2	0.00	0.00	0.72	0.59	0.00
2	6	0.00	0.00	0.86	0.92	0.00
3	3	0.00	0.00	0.68	1.19	0.00
3	7	0.00	0.02	0.58	0.86	0.00
Core	CPU	C1%	C3%	C6%	C8%	C9%
-	-	0.01	0.10	8.45	3.41	0.00
0	0	0.10	0.74	64.37	21.10	0.00
0	4	0.00	0.00	0.60	0.19	0.00
1	1	0.00	0.00	0.33	0.92	0.00
1	5	0.00	0.00	0.27	0.80	0.00
2	2	0.00	0.00	0.28	0.89	0.00
2	6	0.00	0.01	0.24	1.29	0.00
3	3	0.00	0.02	0.30	1.10	0.00
3	7	0.00	0.00	1.21	0.98	0.00
Core	CPU	C1%	C3%	C6%	C8%	C9%
-	-	0.01	0.02	8.60	3.02	0.00
0	0	0.09	0.14	64.76	22.02	0.00
0	4	0.00	0.00	0.62	0.20	0.00
1	1	0.00	0.00	0.60	0.00	0.00
1	5	0.00	0.00	0.00	0.50	0.00
2	2	0.00	0.00	0.58	0.59	0.00
2	6	0.00	0.00	0.51	0.73	0.00
3	3	0.00	0.00	0.74	0.00	0.00
3	7	0.00	0.01	1.01	0.10	0.00
Core	CPU	C1%	C3%	C6%	C8%	C9%
-	-	0.01	0.08	8.66	3.84	0.08
0	0	0.10	0.64	64.80	21.47	0.00
0	4	0.00	0.00	1.17	0.48	0.60
1	1	0.00	0.00	0.64	1.28	0.00
1	5	0.00	0.00	0.23	1.09	0.00
2	2	0.00	0.00	0.20	1.09	0.00
2	6	0.00	0.00	0.26	1.97	0.00
3	3	0.00	0.03	0.99	1.68	0.00
3	7	0.00	0.00	0.99	1.67	0.00
Core	CPU	C1%	C3%	C6%	C8%	C9%
-	-	0.01	0.14	8.21	6.75	0.00
0	0	0.06	0.92	62.19	19.83	0.00
0	4	0.02	0.23	1.02	28.58	0.00
1	1	0.00	0.00	0.63	1.29	0.00
1	5	0.00	0.00	0.36	0.69	0.00
2	2	0.00	0.00	0.25	1.08	0.00
2	6	0.00	0.00	0.35	0.98	0.00
3	3	0.00	0.00	0.40	0.69	0.00
3	7	0.00	0.01	0.50	0.88	0.00
Core	CPU	C1%	C3%	C6%	C8%	C9%
-	-	0.01	0.02	8.47	3.41	0.00
0	0	0.08	0.10	65.03	21.80	0.00
0	4	0.00	0.02	0.60	0.19	0.00
1	1	0.00	0.00	0.50	0.30	0.00
1	5	0.00	0.00	0.19	0.99	0.00
2	2	0.00	0.00	0.36	0.89	0.00
2	6	0.00	0.00	0.19	1.19	0.00
3	3	0.00	0.00	0.32	0.79	0.00
3	7	0.00	0.03	0.60	1.10	0.00
Core	CPU	C1%	C3%	C6%	C8%	C9%
-	-	0.02	0.05	8.36	3.41	0.00
0	0	0.08	0.37	64.45	21.22	0.00
0	4	0.00	0.00	0.66	0.30	0.00
1	1	0.00	0.01	0.38	1.39	0.00
1	5	0.00	0.00	0.12	0.50	0.00
2	2	0.10	0.00	0.10	0.69	0.00
2	6	0.00	0.00	0.46	0.93	0.00
3	3	0.00	0.00	0.27	0.98	0.00
3	7	0.00	0.02	0.44	1.29	0.00
Core	CPU	C1%	C3%	C6%	C8%	C9%
-	-	0.01	0.04	8.80	3.58	0.00
0	0	0.10	0.27	64.82	21.82	0.00
0	4	0.00	0.00	1.05	0.90	0.00
1	1	0.00	0.00	1.04	0.59	0.00
1	5	0.00	0.00	0.93	0.79	0.00
2	2	0.00	0.00	0.79	1.38	0.00
2	6	0.00	0.00	0.10	0.99	0.00
3	3	0.00	0.00	0.69	0.90	0.00
3	7	0.00	0.04	0.95	1.29	0.00
Core	CPU	C1%	C3%	C6%	C8%	C9%
-	-	0.01	0.01	8.46	3.43	0.00
0	0	0.09	0.09	65.08	21.81	0.00
0	4	0.00	0.00	0.60	0.19	0.00
1	1	0.00	0.00	0.19	0.89	0.00
1	5	0.00	0.00	0.37	0.79	0.00
2	2	0.00	0.00	0.25	1.19	0.00
2	6	0.00	0.00	0.32	0.99	0.00
3	3	0.00	0.00	0.30	0.79	0.00
3	7	0.00	0.02	0.61	0.78	0.00
Core	CPU	C1%	C3%	C6%	C8%	C9%
-	-	0.02	0.09	8.29	3.18	0.00
0	0	0.07	0.65	62.69	20.56	0.00
0	4	0.00	0.02	0.60	0.19	0.00
1	1	0.00	0.00	0.13	1.21	0.00
1	5	0.00	0.00	0.18	0.99	0.00
2	2	0.00	0.00	0.37	0.89	0.00
2	6	0.00	0.02	0.48	0.50	0.00
3	3	0.00	0.00	0.33	0.99	0.00
3	7	0.05	0.03	1.53	0.11	0.00
Core	CPU	C1%	C3%	C6%	C8%	C9%
-	-	0.01	0.03	8.54	3.52	0.00
0	0	0.08	0.20	64.94	21.82	0.00
0	4	0.00	0.00	0.62	0.19	0.00
1	1	0.00	0.00	0.63	0.71	0.00
1	5	0.00	0.02	0.30	0.89	0.00
2	2	0.00	0.00	0.30	1.29	0.00
2	6	0.00	0.00	0.44	1.09	0.00
3	3	0.00	0.00	0.37	1.08	0.00
3	7	0.00	0.00	0.75	1.10	0.00
Core	CPU	C1%	C3%	C6%	C8%	C9%
-	-	0.01	0.05	8.53	3.53	0.10
0	0	0.08	0.42	64.40	21.33	0.83
0	4	0.00	0.00	1.08	0.00	0.00
1	1	0.00	0.01	0.67	0.80	0.00
1	5	0.00	0.00	0.34	1.09	0.00
2	2	0.00	0.00	0.41	1.10	0.00
2	6	0.00	0.00	0.13	1.33	0.00
3	3	0.00	0.00	0.70	1.29	0.00
3	7	0.00	0.00	0.49	1.29	0.00
Core	CPU	C1%	C3%	C6%	C8%	C9%
-	-	0.01	0.03	8.68	3.68	0.00
0	0	0.08	0.21	65.03	21.70	0.00
0	4	0.00	0.01	0.69	0.49	0.00
1	1	0.00	0.00	0.89	1.58	0.00
1	5	0.00	0.00	0.18	0.99	0.00
2	2	0.00	0.00	1.10	1.00	0.00
2	6	0.00	0.00	0.27	1.09	0.00
3	3	0.00	0.00	0.41	1.01	0.00
3	7	0.00	0.02	0.88	1.58	0.00
Core	CPU	C1%	C3%	C6%	C8%	C9%
-	-	0.01	0.04	8.49	3.51	0.00
0	0	0.08	0.23	64.83	21.88	0.00
0	4	0.00	0.00	0.72	0.50	0.00
1	1	0.00	0.02	0.20	0.30	0.00
1	5	0.00	0.00	0.10	0.51	0.00
2	2	0.00	0.00	0.63	1.19	0.00
2	6	0.00	0.00	0.54	1.39	0.00
3	3	0.00	0.00	0.24	1.09	0.00
3	7	0.00	0.04	0.70	1.19	0.00
Core	CPU	C1%	C3%	C6%	C8%	C9%
-	-	0.01	0.07	8.53	3.69	0.43
0	0	0.06	0.55	62.99	20.44	0.00
0	4	0.00	0.00	1.06	0.19	0.00
1	1	0.00	0.00	0.37	1.94	3.45
1	5	0.00	0.00	0.72	1.09	0.00
2	2	0.00	0.00	0.20	1.19	0.00
2	6	0.00	0.00	0.68	2.36	0.00
3	3	0.00	0.00	1.07	1.28	0.00
3	7	0.00	0.00	1.15	0.99	0.00
Core	CPU	C1%	C3%	C6%	C8%	C9%
-	-	0.01	0.10	8.95	3.98	0.00
0	0	0.08	0.63	64.81	21.46	0.00
0	4	0.00	0.02	1.28	0.20	0.00
1	1	0.00	0.00	0.61	2.81	0.00
1	5	0.00	0.15	2.51	1.39	0.00
2	2	0.00	0.00	0.34	1.60	0.00
2	6	0.00	0.02	0.59	1.91	0.00
3	3	0.00	0.00	0.90	1.09	0.00
3	7	0.00	0.00	0.58	1.39	0.00
Core	CPU	C1%	C3%	C6%	C8%	C9%
-	-	0.01	0.06	8.62	3.48	0.00
0	0	0.09	0.41	64.48	21.23	0.00
0	4	0.00	0.03	0.59	0.00	0.00
1	1	0.00	0.00	0.61	0.90	0.00
1	5	0.00	0.00	0.49	0.79	0.00
2	2	0.00	0.00	0.92	1.28	0.00
2	6	0.00	0.03	0.45	1.08	0.00
3	3	0.00	0.00	0.83	0.69	0.00
3	7	0.00	0.01	0.62	1.86	0.00
Core	CPU	C1%	C3%	C6%	C8%	C9%
-	-	0.01	0.03	8.58	3.30	0.00
0	0	0.08	0.21	64.94	21.77	0.00
0	4	0.00	0.00	0.64	0.00	0.00
1	1	0.00	0.03	0.59	0.31	0.00
1	5	0.00	0.01	0.70	0.30	0.00
2	2	0.00	0.00	0.20	0.98	0.00
2	6	0.00	0.02	0.33	1.58	0.00
3	3	0.00	0.00	0.36	0.79	0.00
3	7	0.00	0.00	0.85	0.69	0.00
Core	CPU	C1%	C3%	C6%	C8%	C9%
-	-	0.10	0.09	8.85	3.56	1.85
0	0	0.10	0.69	65.49	21.11	0.00
0	4	0.08	0.00	0.88	0.00	14.81
1	1	0.00	0.00	0.56	1.37	0.00
1	5	0.00	0.00	0.62	1.11	0.00
2	2	0.61	0.00	1.83	1.58	0.00
2	6	0.00	0.02	0.43	1.49	0.00
3	3	0.00	0.00	0.19	0.89	0.00
3	7	0.00	0.00	0.77	0.90	0.00
Core	CPU	C1%	C3%	C6%	C8%	C9%
-	-	0.01	0.08	8.29	3.46	0.42
0	0	0.07	0.64	62.84	20.36	3.34
0	4	0.00	0.00	0.59	0.00	0.00
1	1	0.00	0.00	0.28	0.89	0.00
1	5	0.00	0.00	0.66	0.60	0.00
2	2	0.00	0.00	0.24	1.09	0.00
2	6	0.00	0.00	0.13	0.99	0.00
3	3	0.00	0.00	0.96	2.20	0.00
3	7	0.00	0.00	0.60	1.59	0.00
Core	CPU	C1%	C3%	C6%	C8%	C9%
-	-	0.01	0.03	8.50	3.66	0.00
0	0	0.09	0.26	65.00	21.67	0.00
0	4	0.00	0.00	0.63	0.00	0.00
1	1	0.00	0.00	0.30	0.89	0.00
1	5	0.00	0.00	0.29	1.29	0.00
2	2	0.00	0.00	0.37	1.29	0.00
2	6	0.00	0.00	0.47	1.19	0.00
3	3	0.00	0.00	0.43	1.28	0.00
3	7	0.00	0.00	0.50	1.68	0.00
Core	CPU	C1%	C3%	C6%	C8%	C9%
-	-	0.02	0.07	8.51	3.82	0.21
0	0	0.07	0.48	64.56	21.41	0.85
0	4	0.06	0.00	0.62	0.01	0.00
1	1	0.00	0.01	0.66	2.24	0.80
1	5	0.00	0.03	0.27	0.50	0.00
2	2	0.00	0.00	0.69	1.57	0.00
2	6	0.00	0.02	0.31	1.37	0.00
3	3	0.00	0.00	0.27	0.99	0.00
3	7	0.00	0.01	0.71	2.46	0.00
Core	CPU	C1%	C3%	C6%	C8%	C9%
-	-	0.01	0.03	8.84	3.37	0.00
0	0	0.08	0.21	64.96	21.74	0.00
0	4	0.00	0.00	0.88	0.00	0.00
1	1	0.00	0.00	0.82	0.79	0.00
1	5	0.00	0.00	0.92	0.50	0.00
2	2	0.00	0.00	1.18	0.90	0.00
2	6	0.00	0.04	1.11	0.85	0.00
3	3	0.00	0.00	0.10	1.09	0.00
3	7	0.00	0.02	0.77	1.12	0.00
Core	CPU	C1%	C3%	C6%	C8%	C9%
-	-	0.01	0.03	8.70	3.43	0.00
0	0	0.10	0.21	64.91	21.80	0.00
0	4	0.00	0.02	1.09	0.00	0.00
1	1	0.00	0.00	0.29	0.80	0.00
1	5	0.00	0.00	0.57	1.29	0.00
2	2	0.00	0.00	0.55	0.80	0.00
2	6	0.00	0.01	0.27	1.24	0.00
3	3	0.00	0.01	0.63	1.09	0.00
3	7	0.00	0.02	1.31	0.40	0.00
Core	CPU	C1%	C3%	C6%	C8%	C9%
-	-	0.01	0.07	8.34	3.73	0.00
0	0	0.07	0.39	63.08	20.52	0.00
0	4	0.00	0.00	1.24	0.00	0.00
1	1	0.00	0.00	0.33	3.56	0.00
1	5	0.00	0.12	0.20	1.09	0.00
2	2	0.00	0.00	0.20	1.42	0.00
2	6	0.00	0.00	0.31	0.99	0.00
3	3	0.00	0.00	0.56	0.89	0.00
3	7	0.00	0.04	0.79	1.38	0.00
Core	CPU	C1%	C3%	C6%	C8%	C9%
-	-	0.03	0.11	8.54	7.26	0.00
0	0	0.08	0.51	64.11	21.32	0.00
0	4	0.04	0.33	1.41	28.31	0.00
1	1	0.00	0.00	0.36	2.27	0.00
1	5	0.00	0.00	0.67	1.51	0.00
2	2	0.10	0.00	0.73	1.31	0.00
2	6	0.00	0.00	0.14	1.16	0.00
3	3	0.00	0.00	0.19	0.88	0.00
3	7	0.00	0.02	0.68	1.28	0.00
Core	CPU	C1%	C3%	C6%	C8%	C9%
-	-	0.01	0.06	8.50	3.48	0.00
0	0	0.10	0.40	64.50	21.25	0.00
0	4	0.00	0.00	0.60	0.00	0.00
1	1	0.00	0.00	0.19	1.49	0.00
1	5	0.00	0.00	0.38	1.09	0.00
2	2	0.00	0.00	0.95	0.00	0.00
2	6	0.00	0.01	0.33	1.19	0.00
3	3	0.00	0.04	0.57	1.48	0.00
3	7	0.00	0.01	0.51	1.37	0.00
Core	CPU	C1%	C3%	C6%	C8%	C9%
-	-	0.01	0.05	8.69	3.41	0.36
0	0	0.09	0.29	65.20	21.44	0.00
0	4	0.00	0.00	0.53	0.00	2.88
1	1	0.00	0.01	0.30	0.50	0.00
1	5	0.00	0.03	0.10	1.08	0.00
2	2	0.00	0.00	0.47	1.48	0.00
2	6	0.00	0.00	0.36	1.19	0.00
3	3	0.00	0.00	1.29	0.79	0.00
3	7	0.00	0.04	1.31	0.77	0.00
Core	CPU	C1%	C3%	C6%	C8%	C9%
-	-	0.01	0.04	8.65	3.52	0.00
0	0	0.08	0.30	65.06	21.54	0.00
0	4	0.00	0.00	1.05	0.00	0.00
1	1	0.00	0.00	0.35	0.99	0.00
1	5	0.00	0.00	0.23	0.89	0.00
2	2	0.00	0.00	0.25	1.63	0.00
2	6	0.00	0.00	0.32	0.99	0.00
3	3	0.00	0.00	0.70	1.02	0.00
3	7	0.00	0.00	1.21	1.08	0.00
Core	CPU	C1%	C3%	C6%	C8%	C9%
-	-	0.01	0.08	8.27	3.37	0.43
0	0	0.08	0.56	62.95	20.20	3.38
0	4	0.00	0.00	0.88	0.00	0.00
1	1	0.00	0.00	0.27	0.99	0.08
1	5	0.00	0.00	0.35	0.99	0.00
2	2	0.00	0.00	0.25	0.91	0.00
2	6	0.00	0.10	0.40	0.89	0.00
3	3	0.00	0.00	0.29	1.09	0.00
3	7	0.00	0.00	0.75	1.87	0.00
Core	CPU	C1%	C3%	C6%	C8%	C9%
-	-	0.02	0.11	8.66	3.70	0.00
0	0	0.09	0.71	65.23	21.36	0.00
0	4	0.05	0.00	0.50	0.00	0.00
1	1	0.00	0.00	0.89	2.37	0.00
1	5	0.00	0.02	0.34	1.01	0.00
2	2	0.00	0.00	0.25	1.67	0.00
2	6	0.00	0.14	1.29	1.09	0.00
3	3	0.00	0.00	0.70	1.02	0.00
3	7	0.00	0.03	0.09	1.09	0.00
Core	CPU	C1%	C3%	C6%	C8%	C9%
-	-	0.01	0.08	8.60	3.36	0.11
0	0	0.08	0.48	64.35	21.22	0.92
0	4	0.00	0.00	0.83	0.00	0.00
1	1	0.00	0.00	0.10	0.30	0.00
1	5	0.00	0.00	0.59	1.33	0.00
2	2	0.00	0.01	0.73	1.18	0.00
2	6	0.00	0.11	1.18	0.39	0.00
3	3	0.00	0.03	0.88	1.18	0.00
3	7	0.00	0.00	0.14	1.29	0.00
Core	CPU	C1%	C3%	C6%	C8%	C9%
-	-	0.05	0.06	8.62	3.29	0.00
0	0	0.09	0.35	64.77	21.77	0.00
0	4	0.00	0.00	0.86	0.21	0.00
1	1	0.00	0.00	0.35	0.80	0.00
1	5	0.00	0.00	0.23	0.91	0.00
2	2	0.29	0.02	0.39	0.99	0.00
2	6	0.00	0.11	1.19	0.30	0.00
3	3	0.00	0.00	0.68	0.68	0.00
3	7	0.00	0.00	0.46	0.69	0.00
Core	CPU	C1%	C3%	C6%	C8%	C9%
-	-	0.01	0.05	8.43	3.55	0.00
0	0	0.10	0.30	64.80	21.85	0.00
0	4	0.00	0.00	0.29	0.21	0.00
1	1	0.00	0.00	0.28	0.99	0.00
1	5	0.00	0.00	0.36	0.89	0.00
2	2	0.00	0.00	0.24	1.19	0.00
2	6	0.00	0.14	1.07	1.28	0.00
3	3	0.00	0.00	0.10	1.09	0.00
3	7	0.00	0.00	0.28	0.90	0.00
Core	CPU	C1%	C3%	C6%	C8%	C9%
-	-	0.01	0.04	8.34	3.29	0.00
0	0	0.08	0.25	62.88	20.83	0.00
0	4	0.00	0.03	0.62	0.20	0.00
1	1	0.00	0.00	0.19	0.88	0.00
1	5	0.00	0.00	0.46	0.80	0.00
2	2	0.00	0.00	0.36	1.00	0.00
2	6	0.00	0.04	1.34	0.89	0.00
3	3	0.00	0.00	0.23	1.10	0.00
3	7	0.00	0.00	0.66	0.61	0.00
Core	CPU	C1%	C3%	C6%	C8%	C9%
-	-	0.01	0.06	8.93	3.45	0.34
0	0	0.08	0.42	65.27	21.19	0.00
0	4	0.00	0.00	1.41	0.39	2.71
1	1	0.00	0.00	0.53	0.00	0.00
1	5	0.00	0.01	0.89	1.31	0.00
2	2	0.00	0.00	0.79	0.89	0.00
2	6	0.00	0.07	0.98	1.18	0.00
3	3	0.00	0.00	1.22	1.79	0.00
3	7	0.00	0.00	0.34	0.89	0.00
Core	CPU	C1%	C3%	C6%	C8%	C9%
-	-	0.02	0.07	8.69	3.25	0.10
0	0	0.09	0.55	64.47	21.17	0.00
0	4	0.10	0.00	1.08	0.00	0.00
1	1	0.00	0.00	0.75	0.30	0.00
1	5	0.00	0.00	0.44	1.01	0.00
2	2	0.00	0.01	0.44	0.97	0.81
2	6	0.00	0.00	1.30	0.40	0.00
3	3	0.00	0.00	0.68	1.28	0.00
3	7	0.00	0.00	0.39	0.85	0.00
Core	CPU	C1%	C3%	C6%	C8%	C9%
-	-	0.17	0.10	8.65	3.46	0.06
0	0	0.09	0.84	65.02	21.46	0.00
0	4	0.55	0.00	1.01	0.09	0.48
1	1	0.00	0.00	0.28	0.89	0.00
1	5	0.00	0.00	0.37	1.67	0.00
2	2	0.58	0.00	0.74	0.50	0.00
2	6	0.17	0.00	0.74	0.89	0.00
3	3	0.00	0.00	0.68	1.30	0.00
3	7	0.00	0.00	0.38	0.89	0.00
Core	CPU	C1%	C3%	C6%	C8%	C9%
-	-	0.01	0.06	8.59	3.19	0.00
0	0	0.09	0.36	64.58	21.86	0.00
0	4	0.00	0.10	1.13	0.41	0.00
1	1	0.00	0.01	0.29	0.69	0.00
1	5	0.00	0.00	0.10	0.31	0.00
2	2	0.00	0.00	0.28	0.89	0.00
2	6	0.00	0.00	0.44	0.79	0.00
3	3	0.00	0.00	0.94	0.29	0.00
3	7	0.00	0.01	0.99	0.29	0.00
Core	CPU	C1%	C3%	C6%	C8%	C9%
-	-	0.01	0.08	8.31	3.16	0.00
0	0	0.07	0.64	62.79	20.51	0.00
0	4	0.00	0.01	1.33	0.00	0.00
1	1	0.00	0.00	0.32	1.01	0.00
1	5	0.00	0.00	0.10	0.30	0.00
2	2	0.00	0.00	0.29	0.98	0.00
2	6	0.00	0.00	0.28	0.89	0.00
3	3	0.00	0.00	0.87	0.69	0.00
3	7	0.00	0.00	0.53	0.89	0.00
Core	CPU	C1%	C3%	C6%	C8%	C9%
-	-	0.01	0.04	8.55	3.49	0.00
0	0	0.10	0.33	65.00	21.66	0.00
0	4	0.00	0.00	1.36	0.39	0.00
1	1	0.00	0.00	0.25	0.89	0.00
1	5	0.00	0.00	0.24	0.89	0.00
2	2	0.00	0.02	0.29	0.90	0.00
2	6	0.00	0.00	0.29	1.49	0.00
3	3	0.00	0.00	0.48	0.89	0.00
3	7	0.00	0.00	0.50	0.78	0.00
Core	CPU	C1%	C3%	C6%	C8%	C9%
-	-	0.01	0.01	8.36	3.60	0.12
0	0	0.08	0.06	64.16	21.91	0.94
0	4	0.00	0.00	0.47	0.90	0.00
1	1	0.00	0.00	0.58	0.69	0.00
1	5	0.00	0.00	0.36	0.99	0.00
2	2	0.00	0.00	0.24	0.99	0.00
2	6	0.00	0.00	0.42	0.99	0.00
3	3	0.00	0.00	0.29	1.10	0.00
3	7	0.00	0.00	0.39	1.18	0.00
Core	CPU	C1%	C3%	C6%	C8%	C9%
-	-	0.01	0.03	8.58	3.19	0.00
0	0	0.08	0.18	64.98	21.89	0.00
0	4	0.00	0.04	0.79	0.40	0.00
1	1	0.00	0.01	0.50	0.30	0.00
1	5	0.00	0.00	0.10	0.90	0.00
2	2	0.00	0.00	0.28	0.89	0.00
2	6	0.00	0.00	0.45	0.80	0.00
3	3	0.00	0.00	0.84	0.30	0.00
3	7	0.00	0.01	0.70	0.00	0.00
Core	CPU	C1%	C3%	C6%	C8%	C9%
-	-	0.02	0.03	8.67	3.32	0.00
0	0	0.06	0.19	65.48	21.44	0.00
0	4	0.07	0.01	1.16	0.49	0.00
1	1	0.00	0.00	0.42	0.90	0.00
1	5	0.00	0.00	0.00	0.40	0.00
2	2	0.00	0.00	0.59	0.78	0.00
2	6	0.00	0.00	0.28	1.08	0.00
3	3	0.00	0.00	0.97	0.69	0.00
3	7	0.00	0.00	0.43	0.79	0.00
Core	CPU	C1%	C3%	C6%	C8%	C9%
-	-	0.01	0.06	8.27	3.36	0.00
0	0	0.05	0.44	62.66	20.98	0.00
0	4	0.00	0.00	1.29	0.20	0.00
1	1	0.00	0.00	0.26	1.18	0.03
1	5	0.00	0.01	0.32	0.99	0.00
2	2	0.00	0.00	0.32	0.99	0.00
2	6	0.00	0.00	0.38	1.09	0.00
3	3	0.00	0.00	0.49	0.69	0.00
3	7	0.00	0.00	0.45	0.78	0.00
Core	CPU	C1%	C3%	C6%	C8%	C9%
-	-	0.01	0.05	8.65	3.65	0.21
0	0	0.05	0.34	65.67	21.10	0.00
0	4	0.00	0.04	0.98	0.11	1.71
1	1	0.00	0.00	0.82	2.38	0.00
1	5	0.00	0.00	0.86	0.49	0.00
2	2	0.00	0.00	0.15	1.09	0.00
2	6	0.00	0.00	0.23	1.18	0.00
3	3	0.00	0.00	0.20	1.09	0.00
3	7	0.00	0.00	0.29	1.77	0.00
Core	CPU	C1%	C3%	C6%	C8%	C9%
-	-	0.01	0.02	8.60	3.21	0.11
0	0	0.05	0.15	64.62	21.50	0.00
0	4	0.00	0.00	1.04	0.28	0.00
1	1	0.00	0.03	0.40	0.79	0.89
1	5	0.00	0.00	0.10	0.79	0.00
2	2	0.00	0.00	0.28	0.79	0.00
2	6	0.00	0.00	0.54	0.69	0.00
3	3	0.00	0.00	0.93	0.49	0.00
3	7	0.00	0.01	0.89	0.29	0.00
Core	CPU	C1%	C3%	C6%	C8%	C9%
-	-	0.03	0.08	8.63	3.76	0.00
0	0	0.05	0.64	65.11	21.14	0.00
0	4	0.16	0.00	0.84	0.33	0.00
1	1	0.00	0.00	0.73	2.57	0.00
1	5	0.00	0.00	0.57	0.40	0.00
2	2	0.00	0.00	0.28	1.48	0.00
2	6	0.00	0.00	0.33	0.98	0.00
3	3	0.00	0.00	0.85	2.20	0.00
3	7	0.00	0.00	0.34	0.99	0.00
Core	CPU	C1%	C3%	C6%	C8%	C9%
-	-	0.00	0.07	8.61	6.93	0.00
0	0	0.02	0.38	65.04	20.63	0.00
0	4	0.01	0.21	1.49	28.41	0.00
1	1	0.00	0.00	0.52	2.18	0.00
1	5	0.00	0.00	0.54	0.59	0.00
2	2	0.00	0.00	0.32	0.90	0.00
2	6	0.00	0.00	0.28	0.99	0.00
3	3	0.00	0.00	0.30	0.98	0.00
3	7	0.00	0.00	0.36	0.79	0.00
Core	CPU	C1%	C3%	C6%	C8%	C9%
-	-	0.01	0.03	8.29	3.57	0.00
0	0	0.09	0.18	63.10	20.80	0.00
0	4	0.00	0.06	0.74	0.01	0.00
1	1	0.00	0.00	0.38	1.18	0.00
1	5	0.00	0.00	0.36	1.19	0.00
2	2	0.00	0.00	0.33	1.40	0.00
2	6	0.00	0.00	0.39	1.48	0.00
3	3	0.00	0.00	0.39	0.99	0.00
3	7	0.00	0.00	0.58	1.48	0.00
Core	CPU	C1%	C3%	C6%	C8%	C9%
-	-	0.00	0.08	8.57	3.57	0.00
0	0	0.03	0.59	65.69	21.09	0.00
0	4	0.00	0.03	1.20	0.42	0.00
1	1	0.00	0.00	0.20	1.08	0.00
1	5	0.00	0.00	0.19	0.99	0.00
2	2	0.00	0.00	0.37	0.99	0.00
2	6	0.00	0.00	0.36	1.29	0.00
3	3	0.00	0.00	0.35	1.39	0.00
3	7	0.00	0.00	0.20	1.28	0.00
Core	CPU	C1%	C3%	C6%	C8%	C9%
-	-	0.00	0.08	8.85	3.54	0.11
0	0	0.03	0.53	65.16	20.53	0.89
0	4	0.00	0.02	1.43	0.70	0.00
1	1	0.00	0.00	1.01	1.08	0.00
1	5	0.00	0.01	0.50	0.00	0.00
2	2	0.00	0.00	0.56	2.13	0.00
2	6	0.00	0.00	0.38	1.48	0.00
3	3	0.00	0.04	0.97	1.18	0.00
3	7	0.00	0.00	0.83	1.18	0.00
Core	CPU	C1%	C3%	C6%	C8%	C9%
-	-	0.00	0.03	8.51	3.40	0.00
0	0	0.03	0.19	65.10	21.82	0.00
0	4	0.00	0.00	0.58	0.90	0.00
1	1	0.00	0.00	0.25	0.89	0.00
1	5	0.00	0.00	0.63	0.59	0.00
2	2	0.00	0.01	0.39	0.75	0.00
2	6	0.00	0.00	0.29	0.89	0.00
3	3	0.00	0.00	0.38	0.79	0.00
3	7	0.00	0.00	0.45	0.59	0.00
Core	CPU	C1%	C3%	C6%	C8%	C9%
-	-	0.00	0.02	8.51	3.56	0.00
0	0	0.02	0.11	65.19	21.83	0.00
0	4	0.00	0.01	0.77	1.28	0.00
1	1	0.00	0.00	0.45	0.40	0.00
1	5	0.00	0.00	0.24	1.00	0.00
2	2	0.00	0.00	0.51	0.83	0.00
2	6	0.00	0.00	0.19	1.10	0.00
3	3	0.00	0.00	0.28	1.09	0.00
3	7	0.00	0.00	0.46	0.99	0.00
Core	CPU	C1%	C3%	C6%	C8%	C9%
-	-	0.00	0.01	8.21	3.42	0.43
0	0	0.03	0.06	63.09	21.05	0.00
0	4	0.00	0.00	0.82	0.10	0.00
1	1	0.00	0.00	0.29	1.10	3.45
1	5	0.00	0.00	0.27	0.99	0.00
2	2	0.00	0.00	0.42	0.90	0.00
2	6	0.00	0.00	0.29	1.28	0.00
3	3	0.00	0.02	0.20	0.90	0.00
3	7	0.00	0.00	0.28	1.09	0.00
Core	CPU	C1%	C3%	C6%	C8%	C9%
-	-	0.00	0.05	8.63	3.30	0.00
0	0	0.02	0.32	65.14	21.65	0.00
0	4	0.00	0.04	0.91	0.00	0.00
1	1	0.00	0.00	0.19	0.70	0.00
1	5	0.00	0.00	0.19	0.99	0.00
2	2	0.00	0.00	0.19	1.28	0.00
2	6	0.00	0.00	0.25	0.89	0.00
3	3	0.00	0.00	1.50	0.40	0.00
3	7	0.00	0.00	0.70	0.49	0.00
Core	CPU	C1%	C3%	C6%	C8%	C9%
-	-	0.00	0.08	8.72	3.82	0.00
0	0	0.02	0.59	65.25	20.43	0.00
0	4	0.00	0.02	1.23	0.51	0.00
1	1	0.00	0.02	0.19	0.41	0.00
1	5	0.00	0.00	0.19	2.27	0.00
2	2	0.00	0.00	0.56	2.18	0.00
2	6	0.00	0.00	0.66	1.87	0.00
3	3	0.00	0.01	0.55	1.10	0.00
3	7	0.00	0.00	1.10	1.78	0.00
Core	CPU	C1%	C3%	C6%	C8%	C9%
-	-	0.00	0.02	8.53	3.23	0.00
0	0	0.03	0.13	65.32	21.71	0.00
0	4	0.00	0.00	0.97	0.11	0.00
1	1	0.00	0.00	0.15	0.49	0.00
1	5	0.00	0.00	0.23	0.71	0.00
2	2	0.00	0.01	0.30	0.60	0.00
2	6	0.00	0.00	0.10	1.08	0.00
3	3	0.00	0.00	0.67	0.49	0.00
3	7	0.00	0.00	0.46	0.69	0.00
Core	CPU	C1%	C3%	C6%	C8%	C9%
-	-	0.00	0.03	8.59	3.62	0.15
0	0	0.02	0.20	65.34	21.57	0.00
0	4	0.00	0.02	1.04	0.10	1.24
1	1	0.00	0.00	0.31	1.09	0.00
1	5	0.00	0.00	0.35	1.18	0.00
2	2	0.00	0.00	0.44	1.11	0.00
2	6	0.00	0.00	0.46	1.28	0.00
3	3	0.00	0.00	0.20	1.19	0.00
3	7	0.00	0.03	0.55	1.46	0.00
Core	CPU	C1%	C3%	C6%	C8%	C9%
-	-	0.00	0.09	8.55	3.03	0.10
0	0	0.01	0.57	63.68	19.75	0.00
0	4	0.00	0.07	1.16	0.20	0.82
1	1	0.00	0.01	0.29	0.99	0.00
1	5	0.00	0.00	0.00	0.40	0.00
2	2	0.00	0.00	1.06	1.29	0.00
2	6	0.00	0.02	0.54	0.40	0.00
3	3	0.00	0.00	0.75	0.89	0.00
3	7	0.00	0.03	0.92	0.30	0.00
Core	CPU	C1%	C3%	C6%	C8%	C9%
-	-	0.00	0.02	8.51	3.41	0.00
0	0	0.02	0.11	65.29	21.76	0.00
0	4	0.00	0.02	0.95	0.00	0.00
1	1	0.00	0.00	0.24	1.49	0.00
1	5	0.00	0.00	0.23	0.64	0.00
2	2	0.00	0.00	0.49	0.20	0.00
2	6	0.00	0.00	0.28	0.99	0.00
3	3	0.00	0.00	0.27	0.89	0.00
3	7	0.00	0.00	0.34	1.29	0.00
Core	CPU	C1%	C3%	C6%	C8%	C9%
-	-	0.03	0.03	8.45	3.66	0.11
0	0	0.02	0.23	64.48	21.48	0.00
0	4	0.06	0.00	0.84	0.90	0.00
1	1	0.00	0.00	0.43	2.07	0.00
1	5	0.00	0.00	0.56	1.31	0.00
2	2	0.00	0.02	0.29	0.90	0.00
2	6	0.15	0.02	0.19	1.10	0.00
3	3	0.00	0.00	0.28	0.80	0.89
3	7	0.00	0.00	0.53	0.70	0.00
Core	CPU	C1%	C3%	C6%	C8%	C9%
-	-	0.00	0.04	8.70	3.90	0.00
0	0	0.02	0.30	65.08	21.76	0.00
0	4	0.00	0.00	1.01	1.09	0.00
1	1	0.00	0.00	0.23	1.48	0.00
1	5	0.00	0.00	0.47	1.08	0.00
2	2	0.00	0.00	0.70	1.49	0.00
2	6	0.00	0.00	0.23	1.29	0.00
3	3	0.00	0.02	0.96	0.99	0.00
3	7	0.00	0.00	0.89	2.03	0.00
Core	CPU	C1%	C3%	C6%	C8%	C9%
-	-	0.00	0.06	8.79	3.55	0.00
0	0	0.01	0.45	65.71	20.93	0.00
0	4	0.00	0.00	1.77	0.40	0.00
1	1	0.00	0.01	0.29	1.39	0.00
1	5	0.00	0.00	0.00	0.40	0.00
2	2	0.00	0.00	0.39	1.37	0.00
2	6	0.00	0.02	0.54	1.29	0.00
3	3	0.00	0.00	0.76	1.48	0.00
3	7	0.00	0.00	0.83	1.18	0.00
Core	CPU	C1%	C3%	C6%	C8%	C9%
-	-	0.00	0.04	8.34	3.41	0.45
0	0	0.02	0.25	63.63	20.27	0.00
0	4	0.00	0.07	0.90	0.30	0.00
1	1	0.00	0.00	0.24	1.39	3.57
1	5	0.00	0.00	0.13	0.40	0.00
2	2	0.00	0.00	0.20	0.89	0.00
2	6	0.00	0.00	0.38	1.28	0.00
3	3	0.00	0.00	0.77	1.28	0.00
3	7	0.00	0.00	0.45	1.48	0.00
Core	CPU	C1%	C3%	C6%	C8%	C9%
-	-	0.00	0.02	8.75	3.35	0.14
0	0	0.02	0.10	65.28	21.79	0.00
0	4	0.00	0.02	1.38	0.09	1.09
1	1	0.00	0.00	0.26	0.89	0.00
1	5	0.00	0.00	0.35	0.79	0.00
2	2	0.00	0.00	1.02	0.79	0.00
2	6	0.00	0.02	1.09	0.79	0.00
3	3	0.00	0.00	0.20	0.99	0.00
3	7	0.00	0.00	0.45	0.68	0.00
Core	CPU	C1%	C3%	C6%	C8%	C9%
-	-	0.00	0.10	8.54	3.35	0.25
0	0	0.02	0.67	64.67	20.95	0.00
0	4	0.00	0.06	0.82	0.19	1.96
1	1	0.00	0.00	0.14	0.89	0.00
1	5	0.00	0.02	0.65	0.98	0.00
2	2	0.00	0.00	0.29	0.99	0.00
2	6	0.00	0.02	0.69	0.89	0.00
3	3	0.00	0.00	0.47	0.90	0.00
3	7	0.00	0.00	0.58	0.99	0.00
Core	CPU	C1%	C3%	C6%	C8%	C9%
-	-	0.09	0.06	8.77	3.67	0.00
0	0	0.09	0.52	65.49	21.01	0.00
0	4	0.00	0.00	1.01	0.00	0.00
1	1	0.00	0.00	0.32	1.09	0.00
1	5	0.00	0.00	0.09	2.32	0.00
2	2	0.00	0.00	1.03	1.40	0.00
2	6	0.00	0.00	0.94	1.48	0.00
3	3	0.59	0.00	0.76	1.28	0.00
3	7	0.00	0.00	0.53	0.79	0.00
Core	CPU	C1%	C3%	C6%	C8%	C9%
-	-	0.00	0.04	8.69	3.35	0.00
0	0	0.03	0.29	65.51	21.34	0.00
0	4	0.00	0.00	1.59	0.10	0.00
1	1	0.00	0.00	0.55	0.50	0.00
1	5	0.00	0.00	0.24	1.01	0.00
2	2	0.00	0.02	0.29	0.99	0.00
2	6	0.00	0.00	0.26	1.29	0.00
3	3	0.00	0.00	0.68	0.79	0.00
3	7	0.00	0.00	0.36	0.79	0.00
Core	CPU	C1%	C3%	C6%	C8%	C9%
-	-	0.00	0.10	8.22	7.06	0.42
0	0	0.02	0.65	62.26	20.17	3.38
0	4	0.01	0.12	1.27	30.02	0.00
1	1	0.00	0.00	0.86	1.78	0.00
1	5	0.00	0.00	0.35	0.80	0.00
2	2	0.00	0.00	0.44	0.79	0.00
2	6	0.00	0.00	0.13	0.99	0.00
3	3	0.00	0.00	0.19	1.10	0.00
3	7	0.00	0.00	0.28	0.79	0.00
Core	CPU	C1%	C3%	C6%	C8%	C9%
-	-	0.00	0.07	9.02	3.01	0.00
0	0	0.02	0.46	65.66	20.96	0.00
0	4	0.00	0.00	0.69	0.00	0.00
1	1	0.00	0.01	0.72	0.40	0.00
1	5	0.00	0.00	0.48	0.80	0.00
2	2	0.00	0.00	0.97	0.79	0.00
2	6	0.00	0.02	1.00	0.59	0.00
3	3	0.00	0.02	1.30	0.00	0.00
3	7	0.00	0.02	1.37	0.49	0.00
Core	CPU	C1%	C3%	C6%	C8%	C9%
-	-	0.01	0.09	8.45	3.17	0.30
0	0	0.02	0.61	64.35	21.32	0.92
0	4	0.00	0.00	0.55	0.10	1.47
1	1	0.00	0.00	0.23	0.39	0.00
1	5	0.05	0.01	0.89	0.36	0.00
2	2	0.00	0.00	0.10	0.40	0.00
2	6	0.00	0.02	0.18	1.19	0.00
3	3	0.00	0.04	1.18	0.49	0.00
3	7	0.00	0.00	0.15	1.09	0.00
Core	CPU	C1%	C3%	C6%	C8%	C9%
-	-	0.00	0.04	9.03	3.59	0.00
0	0	0.02	0.32	65.57	21.22	0.00
0	4	0.00	0.00	1.28	0.00	0.00
1	1	0.00	0.00	0.95	0.70	0.00
1	5	0.00	0.01	0.76	1.59	0.00
2	2	0.00	0.00	0.90	1.88	0.00
2	6	0.00	0.00	1.15	0.99	0.00
3	3	0.00	0.00	0.79	0.69	0.00
3	7	0.00	0.00	0.85	1.68	0.00
Core	CPU	C1%	C3%	C6%	C8%	C9%
-	-	0.00	0.02	8.56	3.47	0.00
0	0	0.02	0.14	65.53	21.42	0.00
0	4	0.00	0.00	0.59	0.00	0.00
1	1	0.00	0.00	0.29	1.08	0.00
1	5	0.00	0.00	0.37	0.99	0.00
2	2	0.00	0.00	0.25	1.28	0.00
2	6	0.00	0.00	0.33	1.29	0.00
3	3	0.00	0.01	0.29	0.80	0.00
3	7	0.00	0.00	0.84	0.89	0.00
Core	CPU	C1%	C3%	C6%	C8%	C9%
-	-	0.00	0.09	8.26	3.56	0.12
0	0	0.02	0.65	62.53	20.85	0.00
0	4	0.00	0.00	0.62	1.00	0.00
1	1	0.00	0.06	0.60	0.20	0.94
1	5	0.00	0.00	0.30	1.19	0.00
2	2	0.00	0.00	0.56	1.18	0.00
2	6	0.00	0.00	0.46	1.38	0.00
3	3	0.00	0.00	0.35	1.57	0.00
3	7	0.00	0.03	0.70	1.08	0.00
Core	CPU	C1%	C3%	C6%	C8%	C9%
-	-	0.00	0.11	8.51	3.53	0.00
0	0	0.01	0.90	64.91	21.19	0.00
0	4	0.00	0.00	0.45	0.11	0.00
1	1	0.00	0.00	0.14	0.60	0.00
1	5	0.00	0.00	0.35	2.19	0.00
2	2	0.00	0.00	0.20	0.89	0.00
2	6	0.00	0.00	0.30	0.98	0.00
3	3	0.00	0.00	1.26	1.48	0.00
3	7	0.00	0.00	0.46	0.78	0.00
Core	CPU	C1%	C3%	C6%	C8%	C9%
-	-	0.00	0.07	8.49	3.42	0.00
0	0	0.02	0.53	64.75	21.04	0.00
0	4	0.00	0.00	0.88	0.00	0.00
1	1	0.00	0.00	0.28	1.08	0.00
1	5	0.00	0.00	0.48	1.10	0.00
2	2	0.00	0.00	0.63	0.89	0.00
2	6	0.00	0.00	0.31	0.99	0.00
3	3	0.00	0.01	0.20	1.29	0.00
3	7	0.00	0.00	0.38	0.99	0.00
Core	CPU	C1%	C3%	C6%	C8%	C9%
-	-	0.00	0.08	8.54	3.75	0.00
0	0	0.02	0.59	65.12	21.33	0.00
0	4	0.00	0.02	0.50	0.00	0.00
1	1	0.00	0.00	0.30	1.28	0.00
1	5	0.00	0.00	0.60	1.58	0.00
2	2	0.00	0.00	0.47	1.18	0.00
2	6	0.00	0.01	0.25	1.58	0.00
3	3	0.00	0.03	0.86	1.17	0.00
3	7	0.00	0.01	0.20	1.89	0.00
Core	CPU	C1%	C3%	C6%	C8%	C9%
-	-	0.00	0.09	8.60	3.40	0.00
0	0	0.01	0.75	64.77	21.49	0.00
0	4	0.00	0.00	0.84	0.00	0.00
1	1	0.00	0.00	0.66	0.79	0.00
1	5	0.00	0.00	0.99	0.59	0.00
2	2	0.00	0.00	0.19	0.99	0.00
2	6	0.00	0.00	0.65	1.08	0.00
3	3	0.00	0.00	0.36	0.88	0.00
3	7	0.00	0.00	0.31	1.37	0.00
Core	CPU	C1%	C3%	C6%	C8%	C9%
-	-	0.00	0.06	8.19	3.29	0.00
0	0	0.01	0.50	62.80	20.80	0.00
0	4	0.00	0.00	0.85	0.00	0.00
1	1	0.00	0.00	0.33	1.00	0.00
1	5	0.00	0.00	0.25	0.89	0.00
2	2	0.00	0.00	0.10	0.90	0.00
2	6	0.00	0.00	0.20	0.98	0.00
3	3	0.00	0.00	0.56	1.33	0.00
3	7	0.00	0.00	0.45	0.39	0.00
Core	CPU	C1%	C3%	C6%	C8%	C9%
-	-	0.00	0.04	8.82	3.37	0.00
0	0	0.02	0.27	65.43	21.43	0.00
0	4	0.00	0.00	0.88	0.00	0.00
1	1	0.00	0.00	0.55	0.70	0.00
1	5	0.00	0.00	0.56	1.00	0.00
2	2	0.00	0.00	0.92	0.40	0.00
2	6	0.00	0.02	1.11	0.79	0.00
3	3	0.00	0.00	0.56	1.11	0.00
3	7	0.00	0.00	0.56	1.49	0.00
Core	CPU	C1%	C3%	C6%	C8%	C9%
-	-	0.02	0.06	8.58	3.60	0.34
0	0	0.01	0.39	64.92	20.87	0.91
0	4	0.19	0.04	0.80	0.29	1.80
1	1	0.00	0.00	0.32	1.96	0.00
1	5	0.00	0.00	0.87	1.31	0.00
2	2	0.00	0.00	0.35	1.09	0.00
2	6	0.00	0.00	0.24	1.09	0.00
3	3	0.00	0.03	0.95	0.89	0.00
3	7	0.00	0.00	0.19	1.30	0.00
Core	CPU	C1%	C3%	C6%	C8%	C9%
-	-	0.00	0.02	8.68	3.08	0.00
0	0	0.01	0.10	65.38	21.64	0.00
0	4	0.00	0.00	0.82	0.00	0.00
1	1	0.00	0.01	0.50	0.40	0.00
1	5	0.00	0.00	0.51	0.20	0.00
2	2	0.00	0.00	0.27	0.89	0.00
2	6	0.00	0.00	0.44	0.69	0.00
3	3	0.00	0.00	0.74	0.19	0.00
3	7	0.00	0.01	0.76	0.59	0.00
Core	CPU	C1%	C3%	C6%	C8%	C9%
-	-	0.00	0.06	8.71	3.51	0.00
0	0	0.02	0.41	65.17	21.51	0.00
0	4	0.00	0.00	1.44	0.00	0.00
1	1	0.00	0.02	0.80	1.19	0.00
1	5	0.00	0.03	0.30	0.79	0.00
2	2	0.00	0.00	0.39	0.46	0.00
2	6	0.00	0.00	0.28	1.09	0.00
3	3	0.00	0.00	0.87	1.88	0.00
3	7	0.00	0.00	0.44	1.19	0.00
Core	CPU	C1%	C3%	C6%	C8%	C9%
-	-	0.00	0.02	8.56	3.19	0.27
0	0	0.02	0.15	63.05	20.91	0.00
0	4	0.00	0.00	0.96	0.00	0.00
1	1	0.00	0.00	1.79	0.99	2.14
1	5	0.00	0.00	1.06	0.58	0.00
2	2	0.00	0.02	0.68	0.24	0.00
2	6	0.00	0.00	0.28	1.00	0.00
3	3	0.00	0.00	0.29	0.98	0.00
3	7	0.00	0.00	0.36	0.79	0.00
Core	CPU	C1%	C3%	C6%	C8%	C9%
-	-	0.00	0.01	8.49	3.45	0.00
0	0	0.02	0.07	65.39	21.67	0.00
0	4	0.00	0.00	0.49	0.11	0.00
1	1	0.00	0.00	0.28	0.99	0.00
1	5	0.00	0.01	0.49	1.27	0.00
2	2	0.00	0.00	0.34	0.59	0.00
2	6	0.00	0.00	0.23	1.10	0.00
3	3	0.00	0.01	0.40	0.99	0.00
3	7	0.00	0.00	0.30	0.89	0.00
Core	CPU	C1%	C3%	C6%	C8%	C9%
-	-	0.00	0.02	8.64	3.10	0.11
0	0	0.02	0.08	64.79	21.44	0.00
0	4	0.00	0.00	0.93	0.00	0.00
1	1	0.00	0.01	0.20	0.70	0.00
1	5	0.00	0.00	0.72	0.38	0.00
2	2	0.00	0.00	0.58	0.59	0.00
2	6	0.00	0.00	0.36	0.99	0.00
3	3	0.00	0.01	0.85	0.59	0.90
3	7	0.00	0.02	0.70	0.10	0.00
Core	CPU	C1%	C3%	C6%	C8%	C9%
-	-	0.00	0.03	8.68	3.31	0.00
0	0	0.02	0.22	65.13	21.78	0.00
0	4	0.00	0.00	1.16	0.00	0.00
1	1	0.00	0.00	0.24	0.49	0.00
1	5	0.00	0.03	0.81	1.02	0.00
2	2	0.00	0.00	0.10	0.60	0.00
2	6	0.00	0.00	0.20	1.09	0.00
3	3	0.00	0.00	1.32	0.69	0.00
3	7	0.00	0.00	0.45	0.79	0.00
Core	CPU	C1%	C3%	C6%	C8%	C9%
-	-	0.00	0.03	8.55	3.50	0.00
0	0	0.02	0.25	65.42	21.46	0.00
0	4	0.00	0.00	0.89	0.00	0.00
1	1	0.00	0.00	0.35	1.39	0.00
1	5	0.00	0.00	0.47	1.10	0.00
2	2	0.00	0.00	0.23	0.89	0.00
2	6	0.00	0.02	0.28	1.09	0.00
3	3	0.00	0.00	0.40	0.99	0.00
3	7	0.00	0.00	0.38	1.08	0.00
Core	CPU	C1%	C3%	C6%	C8%	C9%
-	-	0.00	0.03	8.28	3.45	0.00
0	0	0.02	0.26	63.49	20.35	0.00
0	4	0.00	0.00	0.60	0.00	0.00
1	1	0.00	0.00	0.19	1.48	0.00
1	5	0.00	0.00	0.49	1.11	0.00
2	2	0.00	0.00	0.29	1.48	0.00
2	6	0.00	0.00	0.24	1.29	0.00
3	3	0.00	0.02	0.40	0.79	0.00
3	7	0.00	0.00	0.58	1.09	0.00
Core	CPU	C1%	C3%	C6%	C8%	C9%
-	-	0.00	0.05	8.50	3.51	0.00
0	0	0.01	0.34	65.25	21.54	0.00
0	4	0.00	0.00	1.03	0.00	0.00
1	1	0.00	0.02	0.20	0.50	0.00
1	5	0.00	0.00	0.32	1.09	0.00
2	2	0.00	0.00	0.38	1.19	0.00
2	6	0.00	0.02	0.36	1.67	0.00
3	3	0.00	0.00	0.25	1.09	0.00
3	7	0.00	0.03	0.20	0.99	0.00
Core	CPU	C1%	C3%	C6%	C8%	C9%
-	-	0.00	0.05	8.50	3.81	0.00
0	0	0.02	0.37	64.89	20.87	0.00
0	4	0.00	0.06	0.76	2.60	0.00
1	1	0.00	0.00	0.38	1.40	0.00
1	5	0.00	0.00	0.35	1.60	0.00
2	2	0.00	0.00	0.00	0.50	0.00
2	6	0.00	0.00	0.28	1.09	0.00
3	3	0.00	0.00	0.94	1.68	0.00
3	7	0.00	0.00	0.36	0.79	0.00
Core	CPU	C1%	C3%	C6%	C8%	C9%
-	-	0.00	0.10	8.57	7.10	0.00
0	0	0.02	0.61	64.71	20.87	0.00
0	4	0.01	0.15	1.40	24.60	0.00
1	1	0.00	0.00	0.97	5.53	0.00
1	5	0.00	0.00	0.26	0.99	0.00
2	2	0.00	0.00	0.24	1.68	0.00
2	6	0.00	0.00	0.41	1.12	0.00
3	3	0.00	0.00	0.19	1.20	0.00
3	7	0.00	0.00	0.38	0.79	0.00
Core	CPU	C1%	C3%	C6%	C8%	C9%
-	-	0.00	0.03	8.39	3.40	0.00
0	0	0.02	0.10	65.23	21.79	0.00
0	4	0.00	0.02	0.50	0.00	0.00
1	1	0.00	0.00	0.21	0.60	0.00
1	5	0.00	0.00	0.38	0.90	0.00
2	2	0.00	0.00	0.26	0.89	0.00
2	6	0.00	0.00	0.24	0.90	0.00
3	3	0.00	0.11	0.22	0.90	0.00
3	7	0.00	0.00	0.09	1.20	0.00
Core	CPU	C1%	C3%	C6%	C8%	C9%
-	-	0.00	0.01	8.21	3.38	0.00
0	0	0.02	0.05	63.00	21.14	0.00
0	4	0.00	0.00	0.55	0.00	0.00
1	1	0.00	0.01	0.74	0.81	0.00
1	5	0.00	0.02	0.19	1.19	0.00
2	2	0.00	0.00	0.20	0.99	0.00
2	6	0.00	0.00	0.36	0.97	0.00
3	3	0.00	0.00	0.45	0.99	0.00
3	7	0.00	0.00	0.23	0.99	0.00
Core	CPU	C1%	C3%	C6%	C8%	C9%
-	-	0.00	0.04	8.81	3.55	0.00
0	0	0.02	0.29	65.58	21.23	0.00
0	4	0.00	0.00	1.04	0.40	0.00
1	1	0.00	0.01	1.10	0.58	0.00
1	5	0.00	0.00	0.24	1.09	0.00
2	2	0.00	0.02	0.53	1.19	0.00
2	6	0.00	0.00	0.29	1.43	0.00
3	3	0.00	0.00	1.04	1.37	0.00
3	7	0.00	0.00	0.70	1.08	0.00
Core	CPU	C1%	C3%	C6%	C8%	C9%
-	-	0.00	0.02	8.57	3.24	0.00
0	0	0.02	0.16	64.46	21.65	0.00
0	4	0.00	0.00	0.58	0.00	0.00
1	1	0.00	0.00	0.77	0.21	0.00
1	5	0.00	0.00	0.62	0.96	0.00
2	2	0.00	0.00	0.74	0.79	0.00
2	6	0.00	0.02	0.82	0.42	0.00
3	3	0.00	0.02	0.31	0.99	0.00
3	7	0.00	0.00	0.29	0.89	0.00
Core	CPU	C1%	C3%	C6%	C8%	C9%
-	-	0.00	0.04	8.76	3.32	0.00
0	0	0.02	0.28	65.44	21.40	0.00
0	4	0.00	0.00	0.80	0.31	0.00
1	1	0.00	0.00	0.14	0.61	0.00
1	5	0.00	0.00	0.46	1.50	0.00
2	2	0.00	0.00	0.76	0.79	0.00
2	6	0.00	0.00	0.35	0.89	0.00
3	3	0.00	0.00	1.03	0.29	0.00
3	7	0.00	0.03	1.09	0.80	0.00
Core	CPU	C1%	C3%	C6%	C8%	C9%
-	-	0.00	0.03	8.61	3.56	0.16
0	0	0.02	0.24	65.31	21.58	0.00
0	4	0.00	0.00	0.75	0.51	1.29
1	1	0.00	0.00	0.63	0.70	0.00
1	5	0.00	0.01	0.64	1.09	0.00
2	2	0.00	0.00	0.20	0.99	0.00
2	6	0.00	0.00	0.38	1.08	0.00
3	3	0.00	0.00	0.76	1.29	0.00
3	7	0.00	0.00	0.25	1.27	0.00
Core	CPU	C1%	C3%	C6%	C8%	C9%
-	-	0.09	0.02	8.34	3.59	0.00
0	0	0.01	0.15	62.94	21.06	0.00
0	4	0.00	0.00	1.14	1.21	0.00
1	1	0.00	0.00	0.25	0.99	0.00
1	5	0.00	0.00	0.45	1.59	0.00
2	2	0.00	0.01	0.49	1.10	0.00
2	6	0.00	0.00	0.20	1.79	0.00
3	3	0.68	0.00	0.78	0.39	0.00
3	7	0.00	0.00	0.46	0.59	0.00
Core	CPU	C1%	C3%	C6%	C8%	C9%
-	-	0.00	0.05	8.64	3.63	0.00
0	0	0.01	0.39	65.48	21.21	0.00
0	4	0.00	0.00	0.49	0.00	0.00
1	1	0.00	0.00	0.28	1.28	0.00
1	5	0.00	0.00	0.48	1.49	0.00
2	2	0.00	0.00	0.24	1.29	0.00
2	6	0.00	0.00	0.51	1.77	0.00
3	3	0.00	0.00	0.70	0.79	0.00
3	7	0.00	0.00	0.97	1.18	0.00
Core	CPU	C1%	C3%	C6%	C8%	C9%
-	-	0.00	0.03	8.41	3.45	0.37
0	0	0.02	0.20	64.89	21.24	0.86
0	4	0.00	0.02	0.49	0.00	2.11
1	1	0.00	0.00	0.19	0.99	0.00
1	5	0.00	0.00	0.49	1.10	0.00
2	2	0.00	0.00	0.34	1.19	0.00
2	6	0.00	0.00	0.34	0.99	0.00
3	3	0.00	0.02	0.29	0.90	0.00
3	7	0.00	0.00	0.22	1.19	0.00
Core	CPU	C1%	C3%	C6%	C8%	C9%
-	-	0.00	0.04	8.62	3.44	0.00
0	0	0.02	0.30	65.52	21.28	0.00
0	4	0.00	0.00	0.64	0.00	0.00
1	1	0.00	0.00	0.72	0.59	0.00
1	5	0.00	0.00	0.71	0.90	0.00
2	2	0.00	0.00	0.49	1.08	0.00
2	6	0.00	0.00	0.38	1.08	0.00
3	3	0.00	0.00	0.26	1.38	0.00
3	7	0.00	0.00	0.24	1.18	0.00
Core	CPU	C1%	C3%	C6%	C8%	C9%
-	-	0.00	0.03	8.59	3.58	0.00
0	0	0.02	0.16	65.24	21.69	0.00
0	4	0.00	0.00	1.15	0.30	0.00
1	1	0.00	0.01	0.23	1.19	0.00
1	5	0.00	0.05	0.49	1.22	0.00
2	2	0.00	0.00	0.19	0.90	0.00
2	6	0.00	0.00	0.19	1.08	0.00
3	3	0.00	0.01	0.88	1.09	0.00
3	7	0.00	0.00	0.35	1.18	0.00
Core	CPU	C1%	C3%	C6%	C8%	C9%
-	-	0.00	0.05	8.31	3.31	0.11
0	0	0.02	0.33	63.13	20.64	0.00
0	4	0.00	0.02	0.86	0.11	0.88
1	1	0.00	0.00	0.44	1.39	0.03
1	5	0.00	0.04	0.65	0.90	0.00
2	2	0.00	0.00	0.23	0.90	0.00
2	6	0.00	0.03	0.29	1.18	0.00
3	3	0.00	0.00	0.50	0.69	0.00
3	7	0.00	0.00	0.37	0.69	0.00
Core	CPU	C1%	C3%	C6%	C8%	C9%
-	-	0.00	0.04	8.54	3.45	0.00
0	0	0.02	0.23	65.33	21.55	0.00
0	4	0.00	0.02	0.49	0.00	0.00
1	1	0.00	0.02	0.57	0.70	0.00
1	5	0.00	0.02	0.64	1.20	0.00
2	2	0.00	0.00	0.45	1.28	0.00
2	6	0.00	0.00	0.14	1.09	0.00
3	3	0.00	0.00	0.41	0.80	0.00
3	7	0.00	0.00	0.29	1.00	0.00
Core	CPU	C1%	C3%	C6%	C8%	C9%
-	-	0.00	0.04	8.34	3.27	0.00
0	0	0.02	0.21	64.50	21.53	0.00
0	4	0.00	0.05	0.79	0.00	0.00
1	1	0.00	0.05	0.49	0.51	0.00
1	5	0.00	0.00	0.00	0.69	0.00
2	2	0.00	0.00	0.19	0.99	0.00
2	6	0.00	0.00	0.36	0.79	0.00
3	3	0.00	0.00	0.32	0.89	0.00
3	7	0.00	0.03	0.10	0.78	0.00
Core	CPU	C1%	C3%	C6%	C8%	C9%
-	-	0.00	0.05	8.61	3.44	0.00
0	0	0.02	0.41	65.28	21.40	0.00
0	4	0.00	0.00	1.05	0.00	0.00
1	1	0.00	0.00	0.45	1.10	0.00
1	5	0.00	0.03	0.39	1.19	0.00
2	2	0.00	0.00	0.10	0.90	0.00
2	6	0.00	0.00	0.29	0.88	0.00
3	3	0.00	0.00	1.03	0.89	0.00
3	7	0.00	0.00	0.26	1.18	0.00
Core	CPU	C1%	C3%	C6%	C8%	C9%
-	-	0.00	0.03	8.87	3.34	0.00
0	0	0.03	0.15	65.30	21.68	0.00
0	4	0.00	0.00	0.87	0.11	0.00
1	1	0.00	0.00	0.46	0.90	0.00
1	5	0.00	0.00	0.75	0.68	0.00
2	2	0.00	0.00	1.12	0.40	0.00
2	6	0.00	0.01	1.07	0.79	0.00
3	3	0.00	0.00	0.65	0.81	0.00
3	7	0.00	0.07	0.76	1.33	0.00
Core	CPU	C1%	C3%	C6%	C8%	C9%
-	-	0.00	0.02	8.36	3.17	0.00
0	0	0.02	0.17	63.18	20.79	0.00
0	4	0.00	0.00	0.49	0.00	0.00
1	1	0.00	0.00	0.28	0.99	0.00
1	5	0.00	0.00	0.48	1.10	0.00
2	2	0.00	0.00	0.24	1.19	0.00
2	6	0.00	0.00	0.53	0.59	0.00
3	3	0.00	0.00	0.80	0.29	0.00
3	7	0.00	0.00	0.87	0.39	0.00
Core	CPU	C1%	C3%	C6%	C8%	C9%
-	-	0.02	0.09	8.77	3.51	7.75
0	0	0.02	0.64	65.58	20.77	0.00
0	4	0.16	0.03	0.50	0.00	62.00
1	1	0.00	0.00	0.40	0.59	0.00
1	5	0.00	0.00	1.46	1.52	0.00
2	2	0.00	0.00	0.37	0.89	0.00
2	6	0.00	0.00	0.44	1.18	0.00
3	3	0.00	0.02	1.02	2.04	0.00
3	7	0.00	0.00	0.35	1.09	0.00
Core	CPU	C1%	C3%	C6%	C8%	C9%
-	-	0.00	0.06	8.41	3.51	0.21
0	0	0.02	0.48	64.65	21.05	0.89
0	4	0.00	0.00	0.83	0.39	0.00
1	1	0.00	0.03	0.49	0.21	0.81
1	5	0.00	0.00	0.20	1.49	0.00
2	2	0.00	0.00	0.28	1.08	0.00
2	6	0.00	0.00	0.37	0.79	0.00
3	3	0.00	0.00	0.34	1.98	0.00
3	7	0.00	0.00	0.13	1.08	0.00
Core	CPU	C1%	C3%	C6%	C8%	C9%
-	-	0.00	0.04	8.58	3.36	0.00
0	0	0.02	0.32	65.50	21.28	0.00
0	4	0.00	0.00	0.56	0.00	0.00
1	1	0.00	0.00	0.66	0.30	0.00
1	5	0.00	0.00	0.23	1.01	0.00
2	2	0.00	0.00	0.09	1.00	0.00
2	6	0.00	0.00	1.07	1.09	0.00
3	3	0.00	0.00	0.27	0.89	0.00
3	7	0.00	0.00	0.24	1.28	0.00
Core	CPU	C1%	C3%	C6%	C8%	C9%
-	-	0.00	0.05	8.72	3.48	0.00
0	0	0.02	0.36	65.27	21.45	0.00
0	4	0.00	0.00	1.08	0.00	0.00
1	1	0.00	0.01	0.37	1.18	0.00
1	5	0.00	0.00	0.56	1.28	0.00
2	2	0.00	0.00	0.72	0.69	0.00
2	6	0.00	0.00	1.17	1.19	0.00
3	3	0.00	0.00	0.20	1.18	0.00
3	7	0.00	0.00	0.37	0.89	0.00
Core	CPU	C1%	C3%	C6%	C8%	C9%
-	-	0.00	0.11	8.21	7.34	0.24
0	0	0.02	0.53	62.12	20.49	0.00
0	4	0.01	0.33	1.58	28.84	0.00
1	1	0.00	0.00	0.10	4.09	1.88
1	5	0.00	0.03	0.68	0.89	0.00
2	2	0.00	0.00	0.43	0.89	0.00
2	6	0.00	0.00	0.30	1.09	0.00
3	3	0.00	0.00	0.31	1.11	0.00
3	7	0.00	0.00	0.19	1.29	0.00
Core	CPU	C1%	C3%	C6%	C8%	C9%
-	-	0.00	0.04	8.67	3.44	0.00
0	0	0.02	0.27	65.31	21.51	0.00
0	4	0.00	0.00	0.54	0.00	0.00
1	1	0.00	0.00	0.83	1.40	0.00
1	5	0.00	0.00	0.61	0.20	0.00
2	2	0.00	0.00	0.40	0.98	0.00
2	6	0.00	0.00	0.28	0.98	0.00
3	3	0.00	0.03	1.18	1.28	0.00
3	7	0.00	0.00	0.24	1.18	0.00
Core	CPU	C1%	C3%	C6%	C8%	C9%
-	-	0.00	0.02	8.58	3.38	0.00
0	0	0.02	0.16	64.87	21.21	0.00
0	4	0.00	0.00	1.17	0.00	0.00
1	1	0.00	0.01	0.87	0.60	0.00
1	5	0.00	0.00	0.28	1.00	0.00
2	2	0.00	0.00	0.32	1.19	0.00
2	6	0.00	0.00	0.19	1.29	0.00
3	3	0.00	0.00	0.56	0.88	0.00
3	7	0.00	0.00	0.36	0.89	0.00
Core	CPU	C1%	C3%	C6%	C8%	C9%
-	-	0.00	0.02	8.56	3.50	0.00
0	0	0.02	0.20	65.45	21.43	0.00
0	4	0.00	0.00	0.89	0.00	0.00
1	1	0.00	0.00	0.98	0.59	0.00
1	5	0.00	0.00	0.30	1.49	0.00
2	2	0.00	0.00	0.24	1.09	0.00
2	6	0.00	0.00	0.13	0.99	0.00
3	3	0.00	0.00	0.19	1.29	0.00
3	7	0.00	0.00	0.29	1.08	0.00
Core	CPU	C1%	C3%	C6%	C8%	C9%
-	-	0.00	0.03	8.53	3.71	0.00
0	0	0.02	0.22	65.38	21.52	0.00
0	4	0.00	0.03	0.69	0.21	0.00
1	1	0.00	0.00	0.41	1.99	0.00
1	5	0.00	0.00	0.29	1.09	0.00
2	2	0.00	0.00	0.65	1.09	0.00
2	6	0.00	0.00	0.33	1.29	0.00
3	3	0.00	0.00	0.43	1.28	0.00
3	7	0.00	0.00	0.10	1.19	0.00
Core	CPU	C1%	C3%	C6%	C8%	C9%
-	-	0.12	0.05	8.59	3.63	0.00
0	0	0.09	0.37	63.15	20.54	0.00
0	4	0.09	0.00	1.32	0.60	0.00
1	1	0.00	0.01	1.32	1.70	0.03
1	5	0.00	0.01	0.40	0.00	0.00
2	2	0.00	0.00	0.39	1.39	0.00
2	6	0.00	0.00	0.46	1.28	0.00
3	3	0.79	0.00	1.35	2.17	0.00
3	7	0.00	0.00	0.34	1.38	0.00
Core	CPU	C1%	C3%	C6%	C8%	C9%
-	-	0.00	0.14	8.51	3.46	0.00
0	0	0.01	1.11	64.71	21.12	0.00
0	4	0.00	0.00	0.87	0.00	0.00
1	1	0.00	0.00	0.36	2.07	0.00
1	5	0.00	0.00	0.75	0.70	0.00
2	2	0.00	0.00	0.32	0.83	0.00
2	6	0.00	0.01	0.20	1.59	0.00
3	3	0.00	0.00	0.48	0.69	0.00
3	7	0.00	0.00	0.36	0.69	0.00
Core	CPU	C1%	C3%	C6%	C8%	C9%
-	-	0.00	0.09	8.49	3.22	0.00
0	0	0.02	0.68	64.82	20.69	0.00
0	4	0.00	0.00	0.49	0.00	0.00
1	1	0.00	0.00	0.37	0.50	0.00
1	5	0.00	0.01	0.48	1.09	0.00
2	2	0.00	0.00	0.24	1.29	0.00
2	6	0.00	0.00	0.65	1.18	0.00
3	3	0.00	0.02	0.31	0.69	0.00
3	7	0.00	0.01	0.56	0.30	0.00
Core	CPU	C1%	C3%	C6%	C8%	C9%
-	-	0.00	0.02	8.73	3.27	0.00
0	0	0.02	0.15	65.22	21.75	0.00
0	4	0.00	0.00	0.73	0.20	0.00
1	1	0.00	0.01	0.50	0.19	0.00
1	5	0.00	0.03	0.60	0.99	0.00
2	2	0.00	0.00	0.28	1.28	0.00
2	6	0.00	0.00	0.58	1.10	0.00
3	3	0.00	0.00	1.03	0.30	0.00
3	7	0.00	0.00	0.90	0.38	0.00
Core	CPU	C1%	C3%	C6%	C8%	C9%
-	-	0.00	0.03	8.59	3.46	0.00
0	0	0.02	0.20	65.24	21.68	0.00
0	4	0.00	0.00	0.53	0.29	0.00
1	1	0.00	0.00	0.53	0.60	0.00
1	5	0.00	0.02	0.81	0.89	0.00
2	2	0.00	0.00	0.09	1.24	0.00
2	6	0.00	0.00	0.26	0.99	0.00
3	3	0.00	0.00	0.89	1.08	0.00
3	7	0.00	0.00	0.35	0.89	0.00
Core	CPU	C1%	C3%	C6%	C8%	C9%
-	-	0.00	0.05	8.46	3.25	0.44
0	0	0.02	0.23	62.94	20.95	0.00
0	4	0.00	0.00	1.10	0.11	0.00
1	1	0.00	0.10	0.36	0.79	3.49
1	5	0.00	0.00	0.47	1.30	0.00
2	2	0.00	0.00	0.82	0.32	0.00
2	6	0.00	0.10	0.98	0.70	0.00
3	3	0.00	0.00	0.59	0.79	0.00
3	7	0.00	0.00	0.37	1.08	0.00
Core	CPU	C1%	C3%	C6%	C8%	C9%
-	-	0.00	0.02	8.48	3.44	0.00
0	0	0.02	0.12	65.41	21.58	0.00
0	4	0.00	0.03	0.48	0.21	0.00
1	1	0.00	0.01	0.19	1.08	0.00
1	5	0.00	0.00	0.49	1.10	0.00
2	2	0.00	0.00	0.45	0.69	0.00
2	6	0.00	0.00	0.14	0.99	0.00
3	3	0.00	0.02	0.40	0.89	0.00
3	7	0.00	0.01	0.28	1.00	0.00
Core	CPU	C1%	C3%	C6%	C8%	C9%
-	-	0.00	0.04	8.50	3.31	0.00
0	0	0.01	0.25	64.85	21.19	0.00
0	4	0.00	0.00	0.84	0.00	0.00
1	1	0.00	0.02	0.90	0.29	0.00
1	5	0.00	0.00	0.31	0.81	0.00
2	2	0.00	0.00	0.28	1.19	0.00
2	6	0.00	0.00	0.36	0.89	0.00
3	3	0.00	0.00	0.25	1.09	0.00
3	7	0.00	0.02	0.19	0.99	0.00
Core	CPU	C1%	C3%	C6%	C8%	C9%
-	-	0.00	0.05	8.66	3.39	0.00
0	0	0.02	0.37	65.65	21.09	0.00
0	4	0.00	0.00	0.75	0.00	0.00
1	1	0.00	0.00	0.34	0.20	0.00
1	5	0.00	0.00	0.34	1.69	0.00
2	2	0.00	0.00	0.10	0.50	0.00
2	6	0.00	0.00	0.29	1.29	0.00
3	3	0.00	0.00	1.13	1.18	0.00
3	7	0.00	0.00	0.65	1.18	0.00
Core	CPU	C1%	C3%	C6%	C8%	C9%
-	-	0.00	0.07	8.82	3.37	0.00
0	0	0.02	0.55	65.82	20.71	0.00
0	4	0.00	0.00	1.19	0.00	0.00
1	1	0.00	0.00	0.48	0.79	0.00
1	5	0.00	0.00	0.58	1.09	0.00
2	2	0.00	0.00	0.53	1.28	0.00
2	6	0.00	0.00	1.11	1.19	0.00
3	3	0.00	0.00	0.50	0.99	0.00
3	7	0.00	0.00	0.38	0.90	0.00
Core	CPU	C1%	C3%	C6%	C8%	C9%
-	-	0.00	0.13	8.46	3.47	0.00
0	0	0.01	1.02	62.55	20.37	0.00
0	4	0.00	0.03	1.29	0.00	0.00
1	1	0.00	0.00	0.10	1.09	0.00
1	5	0.00	0.00	0.90	1.58	0.00
2	2	0.00	0.00	0.46	1.38	0.00
2	6	0.00	0.00	0.44	1.49	0.00
3	3	0.00	0.00	1.08	1.18	0.00
3	7	0.00	0.01	0.89	0.69	0.00
Core	CPU	C1%	C3%	C6%	C8%	C9%
-	-	0.00	0.07	8.54	3.42	0.00
0	0	0.02	0.56	65.10	21.38	0.00
0	4	0.00	0.00	0.65	0.40	0.00
1	1	0.00	0.00	0.23	1.09	0.00
1	5	0.00	0.01	0.37	0.69	0.00
2	2	0.00	0.00	0.10	0.66	0.00
2	6	0.00	0.00	1.27	0.89	0.00
3	3	0.00	0.00	0.37	0.89	0.00
3	7	0.00	0.00	0.25	1.38	0.00
Core	CPU	C1%	C3%	C6%	C8%	C9%
-	-	0.00	0.12	8.53	3.24	0.23
0	0	0.02	0.89	64.52	20.69	0.91
0	4	0.00	0.00	0.36	0.50	0.00
1	1	0.00	0.01	0.26	0.89	0.90
1	5	0.00	0.00	0.95	0.70	0.00
2	2	0.00	0.01	0.69	0.83	0.00
2	6	0.00	0.00	0.20	0.89	0.00
3	3	0.00	0.01	0.87	0.70	0.00
3	7	0.00	0.00	0.36	0.69	0.00
Core	CPU	C1%	C3%	C6%	C8%	C9%
-	-	0.01	0.06	8.72	3.66	0.00
0	0	0.01	0.48	64.98	21.55	0.00
0	4	0.00	0.00	1.17	1.09	0.00
1	1	0.00	0.00	0.77	0.59	0.00
1	5	0.05	0.00	1.10	1.00	0.00
2	2	0.00	0.00	0.59	1.49	0.00
2	6	0.00	0.00	0.31	0.99	0.00
3	3	0.00	0.00	0.19	1.00	0.00
3	7	0.00	0.00	0.66	1.58	0.00
Core	CPU	C1%	C3%	C6%	C8%	C9%
-	-	0.00	0.02	8.64	3.33	0.00
0	0	0.02	0.10	65.27	21.74	0.00
0	4	0.00	0.00	0.31	1.30	0.00
1	1	0.00	0.00	0.19	1.00	0.00
1	5	0.00	0.01	0.99	0.49	0.00
2	2	0.00	0.00	0.27	0.89	0.00
2	6	0.00	0.00	0.25	1.09	0.00
3	3	0.00	0.01	1.01	0.00	0.00
3	7	0.00	0.01	0.83	0.10	0.00
Core	CPU	C1%	C3%	C6%	C8%	C9%
-	-	0.00	0.04	8.38	3.83	0.00
0	0	0.02	0.35	63.43	20.30	0.00
0	4	0.00	0.00	0.24	0.81	0.00
1	1	0.00	0.00	0.98	4.09	0.00
1	5	0.00	0.01	0.91	0.43	0.00
2	2	0.00	0.00	0.19	1.19	0.00
2	6	0.00	0.00	0.47	1.88	0.00
3	3	0.00	0.00	0.45	1.09	0.00
3	7	0.00	0.00	0.33	0.89	0.00
Core	CPU	C1%	C3%	C6%	C8%	C9%
-	-	0.00	0.11	8.66	4.11	0.00
0	0	0.02	0.81	65.12	20.90	0.00
0	4	0.00	0.05	0.98	6.55	0.00
1	1	0.00	0.00	0.41	0.99	0.00
1	5	0.00	0.00	0.96	0.99	0.00
2	2	0.00	0.02	0.30	0.99	0.00
2	6	0.00	0.00	0.30	0.99	0.00
3	3	0.00	0.00	0.75	0.89	0.00
3	7	0.00	0.00	0.47	0.59	0.00
Core	CPU	C1%	C3%	C6%	C8%	C9%
-	-	0.00	0.12	8.43	6.34	0.00
0	0	0.02	0.79	64.07	20.57	0.00
0	4	0.01	0.13	0.80	21.44	0.00
1	1	0.00	0.00	0.26	4.65	0.00
1	5	0.00	0.00	0.78	0.79	0.00
2	2	0.00	0.00	0.44	0.61	0.00
2	6	0.00	0.00	0.40	1.10	0.00
3	3	0.00	0.03	0.40	0.80	0.00
3	7	0.00	0.00	0.29	0.79	0.00
Core	CPU	C1%	C3%	C6%	C8%	C9%
-	-	0.00	0.04	8.61	3.39	0.00
0	0	0.02	0.24	65.44	21.41	0.00
0	4	0.00	0.03	0.98	0.00	0.00
1	1	0.00	0.00	0.29	0.60	0.00
1	5	0.00	0.00	0.41	1.20	0.00
2	2	0.00	0.00	0.38	0.88	0.00
2	6	0.00	0.00	0.35	0.79	0.00
3	3	0.00	0.03	0.82	1.10	0.00
3	7	0.00	0.00	0.19	1.10	0.00
Core	CPU	C1%	C3%	C6%	C8%	C9%
-	-	0.00	0.05	8.46	3.31	0.00
0	0	0.02	0.38	65.16	21.60	0.00
0	4	0.00	0.00	0.56	0.00	0.00
1	1	0.00	0.00	0.14	0.90	0.00
1	5	0.00	0.00	0.34	0.94	0.00
2	2	0.00	0.00	0.50	0.10	0.00
2	6	0.00	0.00	0.28	0.98	0.00
3	3	0.00	0.00	0.56	0.99	0.00
3	7	0.00	0.00	0.14	0.99	0.00
Core	CPU	C1%	C3%	C6%	C8%	C9%
-	-	0.01	0.03	8.31	3.29	0.00
0	0	0.02	0.25	63.23	20.63	0.00
0	4	0.08	0.00	0.95	0.00	0.00
1	1	0.00	0.00	0.15	0.99	0.00
1	5	0.00	0.00	0.45	1.50	0.00
2	2	0.00	0.01	0.39	0.80	0.00
2	6	0.00	0.00	0.10	0.99	0.00
3	3	0.00	0.00	0.78	0.79	0.00
3	7	0.00	0.00	0.45	0.60	0.00
Core	CPU	C1%	C3%	C6%	C8%	C9%
-	-	0.00	0.03	8.49	3.47	0.00
0	0	0.02	0.21	65.35	21.58	0.00
0	4	0.00	0.00	0.60	0.00	0.00
1	1	0.00	0.00	0.28	0.89	0.00
1	5	0.00	0.00	0.48	1.10	0.00
2	2	0.00	0.00	0.14	1.09	0.00
2	6	0.00	0.00	0.32	1.19	0.00
3	3	0.00	0.00	0.39	1.19	0.00
3	7	0.00	0.00	0.38	0.69	0.00
Core	CPU	C1%	C3%	C6%	C8%	C9%
-	-	0.00	0.08	8.41	3.40	0.38
0	0	0.01	0.42	64.80	20.96	0.89
0	4	0.00	0.00	0.50	0.00	1.31
1	1	0.00	0.00	0.19	0.99	0.00
1	5	0.00	0.00	0.48	1.10	0.00
2	2	0.00	0.00	0.34	0.90	0.00
2	6	0.00	0.00	0.34	0.79	0.00
3	3	0.00	0.22	0.48	1.39	0.82
3	7	0.00	0.00	0.19	1.09	0.00
Core	CPU	C1%	C3%	C6%	C8%	C9%
-	-	0.00	0.03	8.57	3.41	0.00
0	0	0.02	0.21	65.81	21.11	0.00
0	4	0.00	0.00	0.83	0.11	0.00
1	1	0.00	0.02	0.20	1.10	0.00
1	5	0.00	0.00	0.31	1.00	0.00
2	2	0.00	0.00	0.19	1.08	0.00
2	6	0.00	0.00	0.46	0.89	0.00
3	3	0.00	0.00	0.65	0.79	0.00
3	7	0.00	0.03	0.10	1.19	0.00
Core	CPU	C1%	C3%	C6%	C8%	C9%
-	-	0.00	0.04	8.52	3.47	0.00
0	0	0.03	0.31	64.94	21.82	0.00
0	4	0.00	0.00	0.56	0.30	0.00
1	1	0.00	0.00	0.15	0.59	0.00
1	5	0.00	0.01	0.44	1.51	0.00
2	2	0.00	0.00	0.10	0.40	0.00
2	6	0.00	0.00	0.59	1.19	0.00
3	3	0.00	0.00	1.04	0.98	0.00
3	7	0.00	0.00	0.36	0.98	0.00
Core	CPU	C1%	C3%	C6%	C8%	C9%
-	-	0.00	0.06	8.37	3.42	0.97
0	0	0.03	0.47	63.12	20.53	0.00
0	4	0.00	0.00	0.69	0.20	4.24
1	1	0.00	0.00	0.28	0.89	3.52
1	5	0.00	0.00	0.48	1.10	0.00
2	2	0.00	0.00	0.25	1.28	0.00
2	6	0.00	0.00	1.21	1.08	0.00
3	3	0.00	0.00	0.49	1.19	0.00
3	7	0.00	0.00	0.43	1.08	0.00
Core	CPU	C1%	C3%	C6%	C8%	C9%
-	-	0.01	0.05	8.47	3.62	0.00
0	0	0.05	0.29	65.17	21.60	0.00
0	4	0.00	0.00	0.59	0.00	0.00
1	1	0.00	0.00	0.10	1.08	0.00
1	5	0.00	0.00	0.54	1.60	0.00
2	2	0.00	0.00	0.16	1.19	0.00
2	6	0.00	0.00	0.53	1.09	0.00
3	3	0.00	0.13	0.40	0.89	0.00
3	7	0.00	0.00	0.28	1.49	0.00
Core	CPU	C1%	C3%	C6%	C8%	C9%
-	-	0.00	0.08	8.56	3.52	0.00
0	0	0.02	0.29	64.63	21.31	0.00
0	4	0.00	0.00	1.23	0.21	0.00
1	1	0.00	0.00	0.40	1.28	0.00
1	5	0.00	0.00	0.41	1.09	0.00
2	2	0.00	0.00	0.49	0.99	0.00
2	6	0.00	0.00	0.66	1.58	0.00
3	3	0.00	0.38	0.37	1.18	0.00
3	7	0.00	0.00	0.32	0.50	0.00
Core	CPU	C1%	C3%	C6%	C8%	C9%
-	-	0.00	0.05	8.63	3.46	0.00
0	0	0.02	0.38	65.18	21.48	0.00
0	4	0.00	0.02	0.69	0.50	0.00
1	1	0.00	0.00	0.44	0.10	0.00
1	5	0.00	0.00	0.35	1.70	0.00
2	2	0.00	0.00	0.09	0.54	0.00
2	6	0.00	0.00	0.29	1.28	0.00
3	3	0.00	0.00	1.57	0.70	0.00
3	7	0.00	0.01	0.46	1.37	0.00
Core	CPU	C1%	C3%	C6%	C8%	C9%
-	-	0.00	0.02	8.56	3.37	0.00
0	0	0.03	0.20	65.53	21.36	0.00
0	4	0.00	0.00	0.50	0.00	0.00
1	1	0.00	0.00	0.28	0.89	0.00
1	5	0.00	0.00	0.48	1.10	0.00
2	2	0.00	0.00	0.54	0.99	0.00
2	6	0.00	0.00	0.21	1.09	0.00
3	3	0.00	0.00	0.20	1.00	0.00
3	7	0.00	0.00	0.77	0.49	0.00
Core	CPU	C1%	C3%	C6%	C8%	C9%
-	-	0.00	0.07	8.17	3.40	0.00
0	0	0.03	0.41	62.87	20.78	0.00
0	4	0.00	0.02	0.54	0.00	0.00
1	1	0.00	0.09	0.10	0.79	0.00
1	5	0.00	0.00	0.40	1.19	0.00
2	2	0.00	0.00	0.53	1.47	0.00
2	6	0.00	0.00	0.24	1.19	0.00
3	3	0.00	0.00	0.32	0.90	0.00
3	7	0.00	0.01	0.40	0.89	0.00
Core	CPU	C1%	C3%	C6%	C8%	C9%
-	-	0.01	0.07	8.73	3.30	0.05
0	0	0.04	0.54	65.38	21.07	0.00
0	4	0.00	0.00	0.51	0.49	0.38
1	1	0.00	0.00	0.72	0.10	0.00
1	5	0.00	0.00	0.99	0.51	0.00
2	2	0.00	0.00	0.78	1.18	0.00
2	6	0.00	0.00	0.36	0.98	0.00
3	3	0.00	0.00	0.26	1.18	0.00
3	7	0.00	0.03	0.88	0.88	0.00
Core	CPU	C1%	C3%	C6%	C8%	C9%
-	-	0.01	0.05	8.57	3.44	0.66
0	0	0.05	0.40	64.74	20.98	0.00
0	4	0.00	0.00	0.77	0.58	5.30
1	1	0.00	0.01	0.26	1.19	0.00
1	5	0.00	0.00	0.35	1.00	0.00
2	2	0.00	0.00	0.59	0.30	0.00
2	6	0.00	0.00	0.20	1.09	0.00
3	3	0.00	0.00	0.79	0.99	0.00
3	7	0.00	0.00	0.88	1.39	0.00
Core	CPU	C1%	C3%	C6%	C8%	C9%
-	-	0.01	0.06	8.66	3.28	0.27
0	0	0.08	0.47	65.28	21.21	0.00
0	4	0.00	0.00	0.40	0.10	2.16
1	1	0.00	0.00	0.67	0.59	0.00
1	5	0.00	0.00	0.48	1.09	0.00
2	2	0.00	0.00	0.24	1.08	0.00
2	6	0.00	0.00	1.40	0.69	0.00
3	3	0.00	0.00	0.39	0.80	0.00
3	7	0.00	0.00	0.38	0.68	0.00
Core	CPU	C1%	C3%	C6%	C8%	C9%
-	-	0.11	0.10	9.01	4.02	0.22
0	0	0.09	0.70	65.22	21.03	0.00
0	4	0.81	0.01	2.56	0.29	1.72
1	1	0.00	0.00	0.91	1.58	0.00
1	5	0.00	0.03	1.21	3.43	0.00
2	2	0.00	0.00	0.35	1.48	0.00
2	6	0.00	0.00	0.73	1.48	0.00
3	3	0.00	0.02	0.39	1.39	0.00
3	7	0.00	0.00	0.68	1.48	0.00
Core	CPU	C1%	C3%	C6%	C8%	C9%
-	-	0.01	0.03	8.32	3.34	0.40
0	0	0.07	0.18	62.92	20.92	0.00
0	4	0.00	0.00	0.69	0.00	0.00
1	1	0.00	0.01	0.55	0.29	3.17
1	5	0.00	0.00	0.42	0.90	0.00
2	2	0.00	0.00	0.38	1.28	0.00
2	6	0.00	0.00	1.25	1.09	0.00
3	3	0.00	0.00	0.25	1.08	0.00
3	7	0.00	0.02	0.10	1.18	0.00
Core	CPU	C1%	C3%	C6%	C8%	C9%
-	-	0.01	0.08	8.60	3.46	0.00
0	0	0.08	0.62	65.41	20.71	0.00
0	4	0.00	0.00	0.65	0.00	0.00
1	1	0.00	0.00	0.25	0.49	0.00
1	5	0.00	0.00	0.44	2.00	0.00
2	2	0.00	0.00	0.10	0.79	0.00
2	6	0.00	0.00	0.20	0.98	0.00
3	3	0.00	0.00	0.86	1.48	0.00
3	7	0.00	0.00	0.85	1.18	0.00
Core	CPU	C1%	C3%	C6%	C8%	C9%
-	-	0.01	0.05	8.46	3.45	0.19
0	0	0.08	0.30	64.38	21.43	0.00
0	4	0.00	0.00	1.11	0.20	0.59
1	1	0.00	0.01	0.27	0.89	0.90
1	5	0.00	0.03	0.65	0.90	0.00
2	2	0.00	0.00	0.33	0.99	0.00
2	6	0.00	0.02	0.29	0.99	0.00
3	3	0.00	0.00	0.29	1.19	0.00
3	7	0.00	0.00	0.37	0.99	0.00
Core	CPU	C1%	C3%	C6%	C8%	C9%
-	-	0.01	0.11	8.59	6.84	0.14
0	0	0.09	0.65	64.43	20.81	0.00
0	4	0.01	0.21	1.30	28.44	1.09
1	1	0.00	0.00	0.93	0.49	0.00
1	5	0.00	0.00	0.37	0.59	0.00
2	2	0.00	0.00	0.26	1.18	0.00
2	6	0.00	0.00	0.45	1.49	0.00
3	3	0.00	0.02	0.40	0.89	0.00
3	7	0.00	0.00	0.60	0.79	0.00
Core	CPU	C1%	C3%	C6%	C8%	C9%
-	-	0.01	0.05	8.73	3.97	0.00
0	0	0.09	0.32	64.61	21.95	0.00
0	4	0.00	0.00	1.32	0.00	0.00
1	1	0.00	0.02	0.79	0.20	0.00
1	5	0.00	0.00	0.59	2.17	0.00
2	2	0.00	0.00	0.64	2.27	0.00
2	6	0.00	0.00	1.12	2.69	0.00
3	3	0.00	0.00	0.35	1.19	0.00
3	7	0.00	0.04	0.43	1.29	0.00
Core	CPU	C1%	C3%	C6%	C8%	C9%
-	-	0.01	0.07	8.31	3.21	0.00
0	0	0.08	0.53	63.17	20.26	0.00
0	4	0.00	0.00	0.85	0.00	0.00
1	1	0.00	0.00	0.14	0.59	0.03
1	5	0.00	0.00	0.22	1.11	0.00
2	2	0.00	0.00	0.00	1.10	0.00
2	6	0.00	0.00	0.51	1.10	0.00
3	3	0.00	0.00	0.88	1.09	0.00
3	7	0.00	0.00	0.74	0.40	0.00
Core	CPU	C1%	C3%	C6%	C8%	C9%
-	-	0.01	0.08	8.70	3.50	0.00
0	0	0.09	0.67	64.51	21.71	0.00
0	4	0.00	0.00	0.88	0.00	0.00
1	1	0.00	0.00	0.27	0.90	0.00
1	5	0.00	0.00	0.25	0.91	0.00
2	2	0.00	0.00	0.83	0.79	0.00
2	6	0.00	0.01	1.99	1.78	0.00
3	3	0.00	0.00	0.49	0.98	0.00
3	7	0.00	0.00	0.37	0.88	0.00
Core	CPU	C1%	C3%	C6%	C8%	C9%
-	-	0.01	0.06	8.40	3.38	0.11
0	0	0.08	0.44	64.81	20.87	0.00
0	4	0.00	0.00	0.49	0.20	0.00
1	1	0.00	0.00	0.18	0.99	0.00
1	5	0.00	0.00	0.35	0.80	0.00
2	2	0.00	0.05	0.29	0.99	0.00
2	6	0.00	0.00	0.53	1.30	0.00
3	3	0.00	0.01	0.20	0.91	0.90
3	7	0.00	0.00	0.37	1.00	0.00
Core	CPU	C1%	C3%	C6%	C8%	C9%
-	-	0.01	0.02	8.46	3.53	0.00
0	0	0.08	0.14	65.03	21.74	0.00
0	4	0.00	0.03	0.73	0.58	0.00
1	1	0.00	0.00	0.10	0.79	0.00
1	5	0.00	0.00	0.20	0.98	0.00
2	2	0.00	0.00	0.27	1.09	0.00
2	6	0.00	0.00	0.66	1.20	0.00
3	3	0.00	0.00	0.63	0.49	0.00
3	7	0.00	0.02	0.10	1.38	0.00
Core	CPU	C1%	C3%	C6%	C8%	C9%
-	-	0.09	0.05	8.68	3.59	0.00
0	0	0.08	0.39	65.10	21.40	0.00
0	4	0.00	0.00	0.94	0.98	0.00
1	1	0.00	0.00	0.82	1.27	0.00
1	5	0.00	0.01	0.89	0.39	0.00
2	2	0.00	0.00	0.30	1.28	0.00
2	6	0.00	0.00	0.49	1.19	0.00
3	3	0.66	0.00	0.65	1.09	0.00
3	7	0.00	0.00	0.24	1.09	0.00
Core	CPU	C1%	C3%	C6%	C8%	C9%
-	-	0.01	0.07	8.46	3.65	0.15
0	0	0.09	0.48	62.57	20.84	0.00
0	4	0.00	0.00	1.26	0.00	1.21
1	1	0.00	0.09	0.75	2.07	0.00
1	5	0.00	0.00	0.24	1.48	0.00
2	2	0.00	0.02	0.40	1.48	0.00
2	6	0.00	0.00	1.09	1.69	0.00
3	3	0.00	0.00	0.88	0.69	0.00
3	7	0.00	0.00	0.46	0.98	0.00
Core	CPU	C1%	C3%	C6%	C8%	C9%
-	-	0.01	0.02	8.44	3.38	0.00
0	0	0.09	0.20	65.27	21.41	0.00
0	4	0.00	0.00	0.72	0.69	0.00
1	1	0.00	0.00	0.28	0.79	0.00
1	5	0.00	0.00	0.37	0.79	0.00
2	2	0.00	0.00	0.15	0.99	0.00
2	6	0.00	0.00	0.35	0.80	0.00
3	3	0.00	0.00	0.10	0.79	0.00
3	7	0.00	0.00	0.29	0.79	0.00
Core	CPU	C1%	C3%	C6%	C8%	C9%
-	-	0.01	0.09	8.44	3.39	0.00
0	0	0.08	0.39	64.33	21.29	0.00
0	4	0.00	0.03	0.71	0.19	0.00
1	1	0.00	0.00	0.30	0.50	0.00
1	5	0.00	0.00	0.10	1.08	0.00
2	2	0.00	0.28	0.49	0.98	0.00
2	6	0.00	0.00	0.65	1.19	0.00
3	3	0.00	0.00	0.24	0.99	0.00
3	7	0.00	0.00	0.69	0.89	0.00
Core	CPU	C1%	C3%	C6%	C8%	C9%
-	-	0.01	0.06	8.70	3.48	0.16
0	0	0.08	0.48	65.15	21.24	0.00
0	4	0.00	0.00	0.82	0.89	1.32
1	1	0.00	0.02	0.19	0.50	0.00
1	5	0.00	0.00	0.10	0.80	0.00
2	2	0.00	0.00	0.78	0.69	0.00
2	6	0.00	0.00	1.28	1.39	0.00
3	3	0.00	0.00	0.86	1.19	0.00
3	7	0.00	0.00	0.39	1.19	0.00
Core	CPU	C1%	C3%	C6%	C8%	C9%
-	-	0.01	0.03	8.47	3.18	0.00
0	0	0.08	0.23	65.12	21.52	0.00
0	4	0.00	0.00	0.66	0.20	0.00
1	1	0.00	0.00	0.15	0.39	0.00
1	5	0.00	0.00	0.14	0.30	0.00
2	2	0.00	0.01	0.29	0.40	0.00
2	6	0.00	0.01	0.69	1.09	0.00
3	3	0.00	0.00	0.38	0.79	0.00
3	7	0.00	0.00	0.35	0.79	0.00
Core	CPU	C1%	C3%	C6%	C8%	C9%
-	-	0.01	0.08	8.53	3.12	0.66
0	0	0.08	0.60	63.08	20.21	0.00
0	4	0.00	0.02	1.35	0.20	1.80
1	1	0.00	0.00	0.27	0.99	3.49
1	5	0.00	0.00	0.35	0.59	0.00
2	2	0.00	0.00	1.12	0.40	0.00
2	6	0.00	0.05	1.48	0.49	0.00
3	3	0.00	0.00	0.20	1.19	0.00
3	7	0.00	0.00	0.38	0.88	0.00
Core	CPU	C1%	C3%	C6%	C8%	C9%
-	-	0.01	0.02	8.48	3.39	0.00
0	0	0.09	0.12	64.83	22.01	0.00
0	4	0.00	0.03	0.79	0.00	0.00
1	1	0.00	0.00	0.10	0.70	0.00
1	5	0.00	0.00	0.68	0.69	0.00
2	2	0.00	0.00	0.36	0.70	0.00
2	6	0.00	0.01	0.55	1.38	0.00
3	3	0.00	0.00	0.22	0.50	0.00
3	7	0.00	0.01	0.28	1.14	0.00
Core	CPU	C1%	C3%	C6%	C8%	C9%
-	-	0.01	0.08	8.58	3.33	0.11
0	0	0.09	0.59	64.72	20.73	0.86
0	4	0.00	0.00	0.83	0.30	0.00
1	1	0.00	0.00	0.22	1.32	0.00
1	5	0.00	0.01	0.60	0.50	0.00
2	2	0.00	0.00	0.19	1.08	0.00
2	6	0.00	0.00	0.98	1.01	0.00
3	3	0.00	0.00	0.88	0.69	0.00
3	7	0.00	0.00	0.23	0.99	0.00
Core	CPU	C1%	C3%	C6%	C8%	C9%
-	-	0.01	0.02	8.55	3.44	0.00
0	0	0.09	0.12	64.93	21.87	0.00
0	4	0.00	0.00	0.66	0.31	0.00
1	1	0.00	0.00	0.25	1.09	0.00
1	5	0.00	0.00	0.73	0.39	0.00
2	2	0.00	0.02	0.39	1.00	0.00
2	6	0.00	0.00	0.49	1.50	0.00
3	3	0.00	0.00	0.38	0.69	0.00
3	7	0.00	0.00	0.53	0.69	0.00
Core	CPU	C1%	C3%	C6%	C8%	C9%
-	-	0.01	0.04	8.41	3.53	0.00
0	0	0.09	0.34	64.77	21.79	0.00
0	4	0.00	0.00	0.50	0.00	0.00
1	1	0.00	0.00	0.38	0.89	0.00
1	5	0.00	0.00	0.36	0.89	0.00
2	2	0.00	0.00	0.25	1.28	0.00
2	6	0.00	0.00	0.55	1.41	0.00
3	3	0.00	0.00	0.20	1.09	0.00
3	7	0.00	0.00	0.30	0.89	0.00
Core	CPU	C1%	C3%	C6%	C8%	C9%
-	-	0.01	0.06	8.19	3.24	0.00
0	0	0.09	0.40	63.06	20.49	0.00
0	4	0.00	0.03	0.51	0.00	0.00
1	1	0.00	0.01	0.30	0.59	0.00
1	5	0.00	0.00	0.30	0.60	0.00
2	2	0.00	0.00	0.38	0.99	0.00
2	6	0.00	0.00	0.77	1.18	0.00
3	3	0.00	0.00	0.15	0.99	0.00
3	7	0.00	0.02	0.10	1.09	0.00
Core	CPU	C1%	C3%	C6%	C8%	C9%
-	-	0.03	0.08	8.63	3.65	0.00
0	0	0.24	0.63	64.82	21.30	0.00
0	4	0.00	0.00	0.56	0.00	0.00
1	1	0.00	0.00	0.14	1.89	0.00
1	5	0.00	0.00	0.33	0.49	0.00
2	2	0.00	0.00	0.59	0.00	0.00
2	6	0.00	0.00	0.91	2.37	0.00
3	3	0.00	0.00	0.97	1.87	0.00
3	7	0.00	0.00	0.75	1.28	0.00
Core	CPU	C1%	C3%	C6%	C8%	C9%
-	-	0.01	0.04	8.42	3.44	0.00
0	0	0.09	0.33	64.21	21.50	0.00
0	4	0.00	0.01	0.97	0.21	0.00
1	1	0.00	0.00	0.26	0.89	0.00
1	5	0.00	0.00	0.41	0.99	0.00
2	2	0.00	0.00	0.32	0.90	0.00
2	6	0.00	0.00	0.49	1.30	0.00
3	3	0.00	0.00	0.29	1.08	0.00
3	7	0.00	0.00	0.36	0.69	0.00
Core	CPU	C1%	C3%	C6%	C8%	C9%
-	-	0.01	0.05	8.46	3.57	0.00
0	0	0.09	0.33	64.94	21.63	0.00
0	4	0.00	0.00	0.98	0.00	0.00
1	1	0.00	0.00	0.28	0.89	0.00
1	5	0.00	0.03	0.36	1.09	0.00
2	2	0.00	0.00	0.24	1.09	0.00
2	6	0.00	0.00	0.47	1.68	0.00
3	3	0.00	0.00	0.10	0.99	0.00
3	7	0.00	0.02	0.29	1.18	0.00
Core	CPU	C1%	C3%	C6%	C8%	C9%
-	-	0.01	0.03	8.61	3.44	0.00
0	0	0.09	0.20	65.07	21.67	0.00
0	4	0.00	0.03	0.99	0.00	0.00
1	1	0.00	0.00	0.10	0.79	0.00
1	5	0.00	0.00	0.37	0.99	0.00
2	2	0.00	0.00	0.37	0.99	0.00
2	6	0.00	0.00	0.56	1.38	0.00
3	3	0.00	0.00	0.32	1.19	0.00
3	7	0.00	0.00	1.09	0.49	0.00
Core	CPU	C1%	C3%	C6%	C8%	C9%
-	-	0.01	0.10	8.53	4.68	0.80
0	0	0.07	0.63	62.45	20.44	0.00
0	4	0.00	0.12	1.63	9.89	6.39
1	1	0.00	0.00	0.92	1.29	0.00
1	5	0.00	0.01	0.40	0.00	0.00
2	2	0.00	0.00	0.30	1.48	0.00
2	6	0.00	0.00	0.69	1.69	0.00
3	3	0.00	0.00	1.55	1.18	0.00
3	7	0.00	0.00	0.34	1.48	0.00
Core	CPU	C1%	C3%	C6%	C8%	C9%
-	-	0.01	0.06	8.74	5.50	0.10
0	0	0.06	0.36	64.51	21.52	0.00
0	4	0.01	0.09	1.04	17.55	0.00
1	1	0.00	0.00	0.63	1.28	0.79
1	5	0.01	0.01	0.74	0.49	0.00
2	2	0.00	0.00	1.26	0.58	0.00
2	6	0.00	0.01	1.10	0.99	0.00
3	3	0.00	0.00	0.29	0.89	0.00
3	7	0.00	0.00	0.37	0.68	0.00
Core	CPU	C1%	C3%	C6%	C8%	C9%
-	-	0.01	0.03	8.50	3.49	0.00
0	0	0.06	0.18	64.75	21.99	0.00
0	4	0.00	0.00	0.70	0.01	0.00
1	1	0.00	0.00	0.58	0.51	0.00
1	5	0.00	0.00	0.27	0.99	0.00
2	2	0.00	0.00	0.40	1.49	0.00
2	6	0.00	0.04	0.63	1.08	0.00
3	3	0.00	0.01	0.40	0.89	0.00
3	7	0.00	0.00	0.29	0.99	0.00
Core	CPU	C1%	C3%	C6%	C8%	C9%
-	-	0.05	0.04	8.38	3.67	0.00
0	0	0.07	0.32	64.29	21.59	0.00
0	4	0.00	0.00	0.43	0.79	0.00
1	1	0.00	0.00	0.28	0.80	0.00
1	5	0.30	0.02	0.19	0.99	0.00
2	2	0.00	0.00	0.34	1.08	0.00
2	6	0.00	0.01	0.91	1.87	0.00
3	3	0.00	0.00	0.42	0.90	0.00
3	7	0.00	0.00	0.19	1.33	0.00
Core	CPU	C1%	C3%	C6%	C8%	C9%
-	-	0.01	0.04	8.64	3.56	0.00
0	0	0.08	0.21	64.96	21.79	0.00
0	4	0.00	0.00	1.04	0.40	0.00
1	1	0.00	0.00	0.77	1.46	0.00
1	5	0.00	0.02	0.50	0.00	0.00
2	2	0.00	0.00	0.00	0.50	0.00
2	6	0.00	0.04	1.06	1.09	0.00
3	3	0.00	0.00	0.36	1.78	0.00
3	7	0.00	0.02	0.40	1.48	0.00
Core	CPU	C1%	C3%	C6%	C8%	C9%
-	-	0.01	0.02	8.60	3.45	0.00
0	0	0.08	0.19	65.19	21.61	0.00
0	4	0.00	0.00	0.97	0.00	0.00
1	1	0.00	0.00	0.35	0.89	0.00
1	5	0.00	0.00	0.54	0.69	0.00
2	2	0.00	0.00	0.32	1.49	0.00
2	6	0.00	0.00	0.71	1.29	0.00
3	3	0.00	0.00	0.29	0.88	0.00
3	7	0.00	0.00	0.47	0.78	0.00
Core	CPU	C1%	C3%	C6%	C8%	C9%
-	-	0.01	0.06	8.28	3.24	0.00
0	0	0.06	0.49	63.06	20.40	0.00
0	4	0.00	0.00	0.50	0.00	0.00
1	1	0.00	0.00	0.57	0.59	0.00
1	5	0.01	0.00	0.66	0.49	0.00
2	2	0.00	0.00	0.34	1.08	0.00
2	6	0.00	0.00	0.65	1.56	0.00
3	3	0.00	0.00	0.20	0.89	0.00
3	7	0.00	0.00	0.30	0.88	0.00
Core	CPU	C1%	C3%	C6%	C8%	C9%
-	-	0.01	0.02	8.41	3.49	0.00
0	0	0.07	0.11	65.04	21.79	0.00
0	4	0.00	0.00	0.54	0.00	0.00
1	1	0.00	0.02	0.30	1.18	0.00
1	5	0.00	0.00	0.10	0.60	0.00
2	2	0.00	0.00	0.28	1.09	0.00
2	6	0.00	0.01	0.66	1.09	0.00
3	3	0.00	0.00	0.15	1.09	0.00
3	7	0.00	0.02	0.20	1.09	0.00
Core	CPU	C1%	C3%	C6%	C8%	C9%
-	-	0.01	0.09	8.68	3.25	0.19
0	0	0.06	0.67	64.72	20.71	0.00
0	4	0.00	0.00	0.63	0.20	1.49
1	1	0.00	0.01	0.35	1.39	0.00
1	5	0.00	0.00	0.23	0.30	0.00
2	2	0.00	0.00	0.69	0.00	0.00
2	6	0.00	0.00	1.09	0.90	0.00
3	3	0.00	0.00	0.90	1.18	0.00
3	7	0.00	0.00	0.84	1.28	0.00
Core	CPU	C1%	C3%	C6%	C8%	C9%
-	-	0.01	0.05	8.61	3.30	0.00
0	0	0.09	0.34	64.68	21.93	0.00
0	4	0.00	0.00	0.88	0.00	0.00
1	1	0.00	0.00	0.86	0.30	0.00
1	5	0.00	0.00	0.45	0.70	0.00
2	2	0.00	0.00	0.43	0.89	0.00
2	6	0.00	0.05	0.78	1.09	0.00
3	3	0.00	0.00	0.39	0.70	0.00
3	7	0.00	0.00	0.37	0.79	0.00
Core	CPU	C1%	C3%	C6%	C8%	C9%
-	-	0.01	0.03	8.46	3.65	0.00
0	0	0.08	0.18	64.97	21.76	0.00
0	4	0.00	0.00	0.70	0.48	0.00
1	1	0.00	0.00	0.29	1.19	0.00
1	5	0.00	0.00	0.28	0.89	0.00
2	2	0.00	0.00	0.15	1.09	0.00
2	6	0.00	0.03	0.55	1.48	0.00
3	3	0.00	0.02	0.50	1.09	0.00
3	7	0.00	0.00	0.24	1.18	0.00
Core	CPU	C1%	C3%	C6%	C8%	C9%
-	-	0.01	0.06	8.44	2.96	0.00
0	0	0.06	0.44	62.96	20.57	0.00
0	4	0.00	0.00	0.62	0.29	0.00
1	1	0.00	0.01	0.59	0.41	0.00
1	5	0.00	0.00	0.79	0.70	0.00
2	2	0.00	0.00	0.28	0.79	0.00
2	6	0.00	0.00	0.77	0.80	0.00
3	3	0.00	0.00	0.74	0.00	0.00
3	7	0.00	0.02	0.74	0.11	0.00
Core	CPU	C1%	C3%	C6%	C8%	C9%
-	-	0.01	0.04	8.83	3.66	0.00
0	0	0.07	0.33	65.25	21.20	0.00
0	4	0.00	0.00	0.85	0.96	0.00
1	1	0.00	0.00	0.24	0.99	0.00
1	5	0.00	0.00	0.72	1.09	0.00
2	2	0.00	0.00	0.63	1.19	0.00
2	6	0.00	0.02	0.51	1.46	0.00
3	3	0.00	0.00	1.17	1.69	0.00
3	7	0.00	0.00	1.24	0.69	0.00
Core	CPU	C1%	C3%	C6%	C8%	C9%
-	-	0.06	0.07	8.78	3.46	0.25
0	0	0.06	0.55	64.55	20.94	0.00
0	4	0.00	0.00	0.71	0.72	1.10
1	1	0.40	0.01	0.75	0.69	0.91
1	5	0.00	0.00	0.45	0.89	0.00
2	2	0.00	0.00	1.88	1.39	0.00
2	6	0.00	0.02	0.59	1.39	0.00
3	3	0.00	0.00	0.98	0.90	0.00
3	7	0.00	0.00	0.36	0.79	0.00
Core	CPU	C1%	C3%	C6%	C8%	C9%
-	-	0.01	0.06	8.56	3.56	0.03
0	0	0.06	0.40	64.66	21.86	0.00
0	4	0.00	0.00	0.59	0.00	0.21
1	1	0.00	0.00	0.78	0.39	0.00
1	5	0.03	0.00	0.63	0.99	0.00
2	2	0.00	0.05	0.40	0.99	0.00
2	6	0.00	0.03	0.78	1.58	0.00
3	3	0.00	0.01	0.30	0.89	0.00
3	7	0.00	0.00	0.34	1.77	0.00
Core	CPU	C1%	C3%	C6%	C8%	C9%
-	-	0.01	0.04	8.64	3.27	0.42
0	0	0.07	0.30	65.29	21.32	0.00
0	4	0.00	0.00	0.53	0.00	3.39
1	1	0.00	0.01	0.30	0.59	0.00
1	5	0.00	0.00	0.79	0.49	0.00
2	2	0.00	0.00	0.27	1.19	0.00
2	6	0.00	0.01	1.07	0.78	0.00
3	3	0.00	0.00	0.24	1.09	0.00
3	7	0.00	0.00	0.60	0.69	0.00
Core	CPU	C1%	C3%	C6%	C8%	C9%
-	-	0.01	0.09	8.37	3.45	0.00
0	0	0.07	0.58	62.96	20.47	0.00
0	4	0.00	0.00	0.56	0.00	0.00
1	1	0.00	0.00	0.24	1.87	0.00
1	5	0.00	0.12	0.13	0.60	0.00
2	2	0.00	0.00	0.69	0.89	0.00
2	6	0.00	0.03	0.77	1.39	0.00
3	3	0.00	0.00	0.82	0.88	0.00
3	7	0.00	0.00	0.77	1.47	0.00
Core	CPU	C1%	C3%	C6%	C8%	C9%
-	-	0.01	0.04	8.49	3.53	0.00
0	0	0.10	0.29	64.58	22.08	0.00
0	4	0.00	0.00	0.50	0.00	0.00
1	1	0.00	0.00	0.57	0.69	0.00
1	5	0.00	0.00	0.36	0.89	0.00
2	2	0.00	0.00	0.34	0.99	0.00
2	6	0.00	0.03	0.81	1.09	0.00
3	3	0.00	0.00	0.40	1.09	0.00
3	7	0.00	0.00	0.37	1.39	0.00
Core	CPU	C1%	C3%	C6%	C8%	C9%
-	-	0.01	0.07	8.58	3.26	0.00
0	0	0.08	0.46	64.40	21.28	0.00
0	4	0.00	0.03	0.78	0.11	0.00
1	1	0.00	0.00	0.29	0.59	0.00
1	5	0.00	0.00	0.78	0.89	0.00
2	2	0.00	0.01	0.47	1.00	0.00
2	6	0.00	0.04	0.64	1.09	0.00
3	3	0.00	0.00	0.71	0.59	0.00
3	7	0.00	0.00	0.60	0.49	0.00
Core	CPU	C1%	C3%	C6%	C8%	C9%
-	-	0.01	0.01	8.45	3.26	0.00
0	0	0.09	0.05	64.89	22.04	0.00
0	4	0.00	0.00	0.55	0.00	0.00
1	1	0.00	0.00	0.23	0.71	0.00
1	5	0.00	0.00	0.22	0.40	0.00
2	2	0.00	0.00	0.50	0.10	0.00
2	6	0.00	0.00	0.71	0.99	0.00
3	3	0.00	0.00	0.37	0.88	0.00
3	7	0.00	0.00	0.14	0.99	0.00
Core	CPU	C1%	C3%	C6%	C8%	C9%
-	-	0.01	0.05	8.50	3.68	0.00
0	0	0.09	0.39	64.87	21.66	0.00
0	4	0.00	0.00	0.87	0.30	0.00
1	1	0.00	0.00	0.26	1.68	0.00
1	5	0.00	0.00	0.14	0.99	0.00
2	2	0.00	0.02	0.29	0.80	0.00
2	6	0.00	0.02	0.57	1.28	0.00
3	3	0.00	0.00	0.67	1.97	0.00
3	7	0.00	0.00	0.37	0.79	0.00
Core	CPU	C1%	C3%	C6%	C8%	C9%
-	-	0.01	0.05	8.49	3.58	0.00
0	0	0.08	0.35	62.78	20.81	0.00
0	4	0.00	0.00	1.00	0.19	0.00
1	1	0.00	0.00	0.28	1.28	0.00
1	5	0.00	0.00	0.96	1.28	0.00
2	2	0.00	0.00	0.35	1.58	0.00
2	6	0.00	0.03	1.29	0.99	0.00
3	3	0.00	0.00	0.39	1.29	0.00
3	7	0.00	0.00	0.88	1.18	0.00
Core	CPU	C1%	C3%	C6%	C8%	C9%
-	-	0.01	0.02	8.57	3.46	0.00
0	0	0.09	0.07	65.08	21.81	0.00
0	4	0.00	0.03	0.69	0.49	0.00
1	1	0.00	0.00	0.10	1.19	0.00
1	5	0.00	0.02	0.19	1.19	0.00
2	2	0.00	0.00	0.37	0.99	0.00
2	6	0.00	0.01	0.56	1.49	0.00
3	3	0.00	0.00	0.82	0.40	0.00
3	7	0.00	0.01	0.73	0.10	0.00
Core	CPU	C1%	C3%	C6%	C8%	C9%
-	-	0.01	0.08	8.43	7.05	0.00
0	0	0.07	0.44	63.37	21.19	0.00
0	4	0.01	0.20	1.22	28.62	0.00
1	1	0.00	0.00	0.46	1.02	0.00
1	5	0.00	0.00	0.20	0.99	0.00
2	2	0.00	0.01	0.86	0.99	0.00
2	6	0.00	0.02	0.55	1.77	0.00
3	3	0.00	0.00	0.45	0.89	0.00
3	7	0.00	0.00	0.37	0.89	0.00
Core	CPU	C1%	C3%	C6%	C8%	C9%
-	-	0.01	0.02	8.66	3.40	0.00
0	0	0.09	0.17	64.89	21.94	0.00
0	4	0.00	0.00	0.87	0.00	0.00
1	1	0.00	0.00	0.64	0.88	0.00
1	5	0.00	0.00	0.24	0.89	0.00
2	2	0.00	0.01	0.58	0.89	0.00
2	6	0.00	0.00	0.93	0.79	0.00
3	3	0.00	0.00	0.74	0.99	0.00
3	7	0.00	0.00	0.37	0.79	0.00
Core	CPU	C1%	C3%	C6%	C8%	C9%
-	-	0.01	0.05	8.77	3.77	0.05
0	0	0.10	0.34	65.08	21.50	0.00
0	4	0.00	0.00	0.59	0.00	0.41
1	1	0.00	0.00	0.28	2.07	0.00
1	5	0.00	0.00	0.37	1.18	0.00
2	2	0.00	0.01	1.19	1.48	0.00
2	6	0.00	0.03	1.51	1.56	0.00
3	3	0.00	0.00	0.39	1.19	0.00
3	7	0.00	0.00	0.78	1.18	0.00
Core	CPU	C1%	C3%	C6%	C8%	C9%
-	-	0.01	0.03	8.20	3.29	0.00
0	0	0.08	0.25	63.09	20.64	0.00
0	4	0.00	0.00	0.41	0.20	0.00
1	1	0.00	0.00	0.20	0.69	0.00
1	5	0.00	0.00	0.29	0.89	0.00
2	2	0.00	0.00	0.56	0.88	0.00
2	6	0.00	0.02	0.56	0.99	0.00
3	3	0.00	0.00	0.32	0.99	0.00
3	7	0.00	0.00	0.20	0.99	0.00
Core	CPU	C1%	C3%	C6%	C8%	C9%
-	-	0.01	0.01	8.33	3.40	0.00
0	0	0.12	0.04	64.83	22.12	0.00
0	4	0.00	0.00	0.36	0.19	0.00
1	1	0.00	0.00	0.23	0.71	0.00
1	5	0.00	0.00	0.13	0.60	0.00
2	2	0.00	0.00	0.10	0.50	0.00
2	6	0.00	0.00	0.59	1.09	0.00
3	3	0.00	0.00	0.26	0.90	0.00
3	7	0.00	0.00	0.14	1.09	0.00
Core	CPU	C1%	C3%	C6%	C8%	C9%
-	-	0.01	0.06	8.69	3.42	0.00
0	0	0.08	0.46	64.42	21.16	0.00
0	4	0.00	0.00	0.96	0.10	0.00
1	1	0.00	0.00	0.27	1.68	0.00
1	5	0.00	0.00	0.36	0.79	0.00
2	2	0.00	0.00	1.04	0.29	0.00
2	6	0.00	0.02	1.34	0.99	0.00
3	3	0.00	0.00	0.71	1.59	0.00
3	7	0.00	0.01	0.44	0.78	0.00
Core	CPU	C1%	C3%	C6%	C8%	C9%
-	-	0.01	0.07	8.78	3.53	0.00
0	0	0.10	0.54	65.14	21.16	0.00
0	4	0.00	0.01	1.09	0.48	0.00
1	1	0.00	0.00	0.54	1.14	0.00
1	5	0.00	0.00	0.87	1.48	0.00
2	2	0.00	0.00	0.56	0.99	0.00
2	6	0.00	0.00	0.53	1.29	0.00
3	3	0.00	0.02	0.49	1.29	0.00
3	7	0.00	0.03	1.06	0.40	0.00
Core	CPU	C1%	C3%	C6%	C8%	C9%
-	-	0.01	0.01	8.47	3.53	0.00
0	0	0.12	0.08	64.81	22.00	0.00
0	4	0.00	0.00	1.01	0.21	0.00
1	1	0.00	0.00	0.22	0.69	0.00
1	5	0.00	0.00	0.10	0.80	0.00
2	2	0.00	0.01	0.36	1.20	0.00
2	6	0.00	0.00	0.48	1.19	0.00
3	3	0.00	0.00	0.44	1.09	0.00
3	7	0.00	0.00	0.34	1.08	0.00
Core	CPU	C1%	C3%	C6%	C8%	C9%
-	-	0.01	0.06	8.30	3.23	0.00
0	0	0.08	0.44	62.80	20.72	0.00
0	4	0.00	0.00	0.76	0.11	0.00
1	1	0.00	0.00	0.45	0.79	0.00
1	5	0.00	0.00	0.54	1.09	0.00
2	2	0.00	0.02	0.70	0.68	0.00
2	6	0.00	0.00	0.40	1.20	0.00
3	3	0.00	0.00	0.18	0.89	0.00
3	7	0.00	0.00	0.55	0.40	0.00
Core	CPU	C1%	C3%	C6%	C8%	C9%
-	-	0.01	0.03	8.44	3.45	0.00
0	0	0.10	0.22	64.83	21.90	0.00
0	4	0.00	0.00	0.69	0.49	0.00
1	1	0.00	0.00	0.28	0.99	0.00
1	5	0.00	0.00	0.37	0.79	0.00
2	2	0.00	0.00	0.44	0.49	0.00
2	6	0.00	0.00	0.35	1.19	0.00
3	3	0.00	0.00	0.24	1.00	0.00
3	7	0.00	0.00	0.29	0.79	0.00
Core	CPU	C1%	C3%	C6%	C8%	C9%
-	-	0.01	0.05	8.56	3.19	0.00
0	0	0.09	0.32	64.65	21.17	0.00
0	4	0.00	0.00	0.62	0.20	0.00
1	1	0.00	0.02	0.59	0.40	0.00
1	5	0.00	0.00	0.10	0.99	0.00
2	2	0.00	0.00	0.28	0.79	0.00
2	6	0.00	0.00	0.67	0.99	0.00
3	3	0.00	0.01	0.85	0.79	0.00
3	7	0.00	0.02	0.70	0.19	0.00
Core	CPU	C1%	C3%	C6%	C8%	C9%
-	-	0.10	0.03	8.64	3.57	0.00
0	0	0.09	0.24	65.34	21.42	0.00
0	4	0.72	0.00	1.06	0.19	0.00
1	1	0.00	0.00	0.24	1.09	0.00
1	5	0.00	0.00	0.23	1.21	0.00
2	2	0.00	0.00	0.19	1.10	0.00
2	6	0.00	0.01	0.61	1.58	0.00
3	3	0.00	0.00	0.87	0.89	0.00
3	7	0.00	0.00	0.55	1.08	0.00
Core	CPU	C1%	C3%	C6%	C8%	C9%
-	-	0.01	0.05	8.64	3.54	0.15
0	0	0.09	0.32	64.69	21.87	0.00
0	4	0.00	0.02	1.16	0.00	1.16
1	1	0.00	0.00	0.56	1.09	0.00
1	5	0.00	0.00	0.26	0.99	0.00
2	2	0.00	0.00	0.82	0.70	0.00
2	6	0.00	0.00	0.91	1.38	0.00
3	3	0.00	0.00	0.19	1.09	0.00
3	7	0.00	0.02	0.51	1.16	0.00
Core	CPU	C1%	C3%	C6%	C8%	C9%
-	-	0.01	0.07	8.35	3.53	0.00
0	0	0.08	0.55	62.62	20.63	0.00
0	4	0.00	0.02	1.09	0.00	0.00
1	1	0.00	0.00	0.50	0.10	0.00
1	5	0.00	0.00	0.28	1.77	0.00
2	2	0.00	0.00	0.28	1.28	0.00
2	6	0.00	0.02	0.36	1.27	0.00
3	3	0.00	0.00	1.19	1.40	0.00
3	7	0.00	0.00	0.44	1.77	0.00
Core	CPU	C1%	C3%	C6%	C8%	C9%
-	-	0.01	0.02	8.43	3.46	0.00
0	0	0.10	0.09	64.98	21.89	0.00
0	4	0.00	0.04	0.89	0.00	0.00
1	1	0.00	0.02	0.29	0.39	0.00
1	5	0.00	0.00	0.10	0.79	0.00
2	2	0.00	0.00	0.29	1.05	0.00
2	6	0.00	0.00	0.57	1.10	0.00
3	3	0.00	0.00	0.25	1.18	0.00
3	7	0.00	0.02	0.10	1.29	0.00
Core	CPU	C1%	C3%	C6%	C8%	C9%
-	-	0.03	0.04	8.71	3.55	0.08
0	0	0.09	0.31	64.61	21.24	0.61
0	4	0.00	0.00	1.04	0.69	0.00
1	1	0.00	0.00	1.31	0.49	0.00
1	5	0.07	0.02	0.80	0.88	0.00
2	2	0.00	0.00	0.86	1.91	0.00
2	6	0.00	0.01	0.50	1.08	0.00
3	3	0.07	0.00	0.40	1.11	0.00
3	7	0.00	0.00	0.15	0.99	0.00
Core	CPU	C1%	C3%	C6%	C8%	C9%
-	-	0.01	0.03	8.69	3.30	0.00
0	0	0.09	0.20	65.08	21.67	0.00
0	4	0.00	0.00	0.96	0.00	0.00
1	1	0.00	0.00	0.56	0.59	0.00
1	5	0.00	0.04	0.79	0.31	0.00
2	2	0.00	0.02	0.45	1.03	0.00
2	6	0.00	0.00	0.59	1.09	0.00
3	3	0.00	0.00	0.68	0.69	0.00
3	7	0.00	0.00	0.36	0.99	0.00
Core	CPU	C1%	C3%	C6%	C8%	C9%
-	-	0.01	0.06	8.52	3.43	0.00
0	0	0.11	0.45	64.75	21.68	0.00
0	4	0.00	0.00	0.50	0.00	0.00
1	1	0.00	0.00	0.18	0.99	0.00
1	5	0.00	0.00	0.56	0.99	0.00
2	2	0.00	0.00	0.83	0.79	0.00
2	6	0.00	0.00	0.34	1.19	0.00
3	3	0.00	0.01	0.71	1.00	0.00
3	7	0.00	0.00	0.29	0.78	0.00
Core	CPU	C1%	C3%	C6%	C8%	C9%
-	-	0.01	0.02	8.55	3.26	0.00
0	0	0.10	0.12	62.89	20.98	0.00
0	4	0.00	0.00	1.42	0.10	0.00
1	1	0.00	0.01	0.20	0.20	0.00
1	5	0.00	0.00	0.10	1.19	0.00
2	2	0.00	0.00	0.38	1.29	0.00
2	6	0.00	0.00	0.66	1.40	0.00
3	3	0.00	0.00	1.33	0.58	0.00
3	7	0.00	0.04	1.42	0.30	0.00
Core	CPU	C1%	C3%	C6%	C8%	C9%
-	-	0.01	0.02	8.43	3.27	0.00
0	0	0.07	0.20	65.19	21.50	0.00
0	4	0.00	0.00	0.55	0.00	0.00
1	1	0.00	0.00	0.18	0.50	0.00
1	5	0.00	0.00	0.13	0.80	0.00
2	2	0.00	0.00	0.24	0.51	0.00
2	6	0.00	0.00	0.31	1.29	0.00
3	3	0.00	0.00	0.47	0.79	0.00
3	7	0.00	0.00	0.35	0.80	0.00
Core	CPU	C1%	C3%	C6%	C8%	C9%
-	-	0.01	0.07	8.35	3.50	0.11
0	0	0.09	0.52	64.42	21.26	0.00
0	4	0.00	0.00	0.50	0.00	0.00
1	1	0.00	0.00	0.28	0.98	0.00
1	5	0.00	0.00	0.36	0.88	0.00
2	2	0.00	0.00	0.24	1.29	0.00
2	6	0.00	0.00	0.44	1.48	0.00
3	3	0.00	0.01	0.21	1.09	0.90
3	7	0.00	0.00	0.38	0.99	0.00
Core	CPU	C1%	C3%	C6%	C8%	C9%
-	-	0.01	0.05	8.64	3.47	0.00
0	0	0.10	0.34	65.17	21.40	0.00
0	4	0.00	0.02	1.18	0.00	0.00
1	1	0.00	0.00	0.20	1.08	0.00
1	5	0.00	0.00	0.19	0.99	0.00
2	2	0.00	0.00	0.44	0.99	0.00
2	6	0.00	0.01	0.37	1.39	0.00
3	3	0.00	0.00	1.39	0.69	0.00
3	7	0.00	0.00	0.20	1.19	0.00
Core	CPU	C1%	C3%	C6%	C8%	C9%
-	-	0.01	0.08	8.48	7.01	0.06
0	0	0.07	0.55	64.69	20.78	0.00
0	4	0.01	0.04	1.15	29.08	0.51
1	1	0.00	0.02	0.26	0.99	0.00
1	5	0.00	0.00	0.00	0.41	0.00
2	2	0.00	0.02	0.26	0.98	0.00
2	6	0.00	0.00	0.67	1.89	0.00
3	3	0.00	0.00	0.63	0.89	0.00
3	7	0.00	0.03	0.19	1.08	0.00
Core	CPU	C1%	C3%	C6%	C8%	C9%
-	-	0.01	0.02	8.26	3.21	0.43
0	0	0.08	0.18	63.00	20.82	0.00
0	4	0.00	0.00	0.85	0.00	0.00
1	1	0.00	0.00	0.14	0.80	0.00
1	5	0.00	0.00	0.23	0.89	3.48
2	2	0.00	0.00	0.59	0.10	0.00
2	6	0.00	0.00	0.41	1.20	0.00
3	3	0.00	0.00	0.40	1.09	0.00
3	7	0.00	0.00	0.45	0.78	0.00
Core	CPU	C1%	C3%	C6%	C8%	C9%
-	-	0.01	0.04	8.82	3.80	0.00
0	0	0.07	0.31	65.25	21.34	0.00
0	4	0.00	0.00	0.68	0.50	0.00
1	1	0.00	0.00	0.55	2.17	0.00
1	5	0.00	0.00	0.36	0.79	0.00
2	2	0.00	0.00	1.60	2.17	0.00
2	6	0.00	0.02	1.46	1.20	0.00
3	3	0.00	0.00	0.20	1.18	0.00
3	7	0.00	0.00	0.44	1.07	0.00
Core	CPU	C1%	C3%	C6%	C8%	C9%
-	-	0.01	0.03	8.36	3.64	0.00
0	0	0.08	0.20	64.45	21.60	0.00
0	4	0.00	0.00	0.49	0.70	0.00
1	1	0.00	0.00	0.39	0.99	0.00
1	5	0.00	0.00	0.28	1.18	0.00
2	2	0.00	0.00	0.25	1.09	0.00
2	6	0.00	0.00	0.45	1.40	0.00
3	3	0.00	0.02	0.39	1.30	0.00
3	7	0.00	0.01	0.21	0.89	0.00
Core	CPU	C1%	C3%	C6%	C8%	C9%
-	-	0.01	0.05	8.79	3.25	0.00
0	0	0.08	0.36	65.30	21.32	0.00
0	4	0.00	0.00	0.53	0.30	0.00
1	1	0.00	0.02	0.69	0.11	0.00
1	5	0.00	0.00	0.59	0.01	0.00
2	2	0.00	0.00	0.50	1.39	0.00
2	6	0.00	0.00	0.67	1.00	0.00
3	3	0.00	0.00	0.94	0.79	0.00
3	7	0.00	0.04	1.13	1.09	0.00
Core	CPU	C1%	C3%	C6%	C8%	C9%
-	-	0.01	0.03	8.44	3.38	0.00
0	0	0.07	0.27	65.35	21.47	0.00
0	4	0.00	0.00	0.75	0.50	0.00
1	1	0.00	0.00	0.14	0.30	0.00
1	5	0.00	0.00	0.13	0.40	0.00
2	2	0.00	0.00	0.00	0.40	0.00
2	6	0.00	0.00	0.31	1.29	0.00
3	3	0.00	0.00	0.38	1.28	0.00
3	7	0.00	0.00	0.45	1.38	0.00
Core	CPU	C1%	C3%	C6%	C8%	C9%
-	-	0.01	0.01	8.29	3.46	0.00
0	0	0.04	0.12	63.06	20.99	0.00
0	4	0.00	0.00	0.89	0.00	0.00
1	1	0.00	0.00	0.37	0.89	0.00
1	5	0.00	0.00	0.39	0.93	0.00
2	2	0.00	0.00	0.43	1.39	0.00
2	6	0.00	0.00	0.53	1.40	0.00
3	3	0.00	0.00	0.29	1.19	0.00
3	7	0.00	0.00	0.39	0.88	0.00
Core	CPU	C1%	C3%	C6%	C8%	C9%
-	-	0.01	0.04	8.55	3.75	0.00
0	0	0.07	0.28	65.25	21.55	0.00
0	4	0.00	0.00	0.79	0.60	0.00
1	1	0.00	0.00	0.10	1.58	0.00
1	5	0.00	0.00	0.38	1.28	0.00
2	2	0.00	0.00	0.36	1.09	0.00
2	6	0.00	0.00	0.46	1.58	0.00
3	3	0.00	0.00	0.87	0.89	0.00
3	7	0.00	0.00	0.20	1.39	0.00
Core	CPU	C1%	C3%	C6%	C8%	C9%
-	-	0.01	0.05	8.49	3.55	0.00
0	0	0.05	0.35	64.41	21.47	0.00
0	4	0.00	0.05	0.77	0.49	0.00
1	1	0.00	0.00	0.30	0.50	0.00
1	5	0.00	0.01	0.11	0.60	0.00
2	2	0.00	0.00	0.78	0.99	0.00
2	6	0.00	0.00	0.78	1.67	0.00
3	3	0.00	0.00	0.46	1.18	0.00
3	7	0.00	0.02	0.30	1.49	0.00
Core	CPU	C1%	C3%	C6%	C8%	C9%
-	-	0.00	0.05	8.57	3.51	0.00
0	0	0.02	0.38	65.14	21.54	0.00
0	4	0.00	0.00	0.67	0.19	0.00
1	1	0.00	0.00	0.25	0.99	0.00
1	5	0.00	0.03	0.99	0.51	0.00
2	2	0.00	0.01	0.30	0.70	0.00
2	6	0.00	0.00	0.50	1.78	0.00
3	3	0.00	0.00	0.31	1.18	0.00
3	7	0.00	0.00	0.41	1.20	0.00
Core	CPU	C1%	C3%	C6%	C8%	C9%
-	-	0.00	0.08	8.63	3.40	0.00
0	0	0.03	0.61	65.53	21.31	0.00
0	4	0.00	0.00	0.89	0.30	0.00
1	1	0.00	0.00	0.27	0.99	0.00
1	5	0.00	0.00	0.35	0.81	0.00
2	2	0.00	0.00	0.34	1.09	0.00
2	6	0.00	0.02	1.03	1.10	0.00
3	3	0.00	0.00	0.30	0.89	0.00
3	7	0.00	0.00	0.37	0.69	0.00
Core	CPU	C1%	C3%	C6%	C8%	C9%
-	-	0.00	0.04	8.38	3.67	0.00
0	0	0.02	0.31	63.38	20.48	0.00
0	4	0.00	0.00	0.39	0.21	0.00
1	1	0.00	0.00	0.28	1.29	0.00
1	5	0.00	0.00	0.37	1.58	0.00
2	2	0.00	0.00	0.36	1.47	0.00
2	6	0.00	0.00	0.64	1.78	0.00
3	3	0.00	0.02	0.90	1.28	0.00
3	7	0.00	0.00	0.69	1.29	0.00
Core	CPU	C1%	C3%	C6%	C8%	C9%
-	-	0.00	0.02	8.48	3.51	0.00
0	0	0.02	0.09	65.35	21.69	0.00
0	4	0.00	0.00	0.83	0.60	0.00
1	1	0.00	0.02	0.20	0.40	0.00
1	5	0.00	0.00	0.10	0.79	0.00
2	2	0.00	0.00	0.37	1.19	0.00
2	6	0.00	0.00	0.56	1.41	0.00
3	3	0.00	0.00	0.24	0.89	0.00
3	7	0.00	0.02	0.19	1.09	0.00
Core	CPU	C1%	C3%	C6%	C8%	C9%
-	-	0.00	0.03	8.33	3.34	0.14
0	0	0.02	0.18	64.47	21.63	0.00
0	4	0.00	0.05	0.61	0.11	1.16
1	1	0.00	0.00	0.20	0.40	0.00
1	5	0.00	0.00	0.13	0.50	0.00
2	2	0.00	0.00	0.19	0.70	0.00
2	6	0.00	0.00	0.32	1.30	0.00
3	3	0.00	0.00	0.28	0.97	0.00
3	7	0.00	0.00	0.46	1.08	0.00
Core	CPU	C1%	C3%	C6%	C8%	C9%
-	-	0.00	0.01	8.77	3.46	0.00
0	0	0.02	0.11	65.22	21.79	0.00
0	4	0.00	0.00	0.97	0.00	0.00
1	1	0.00	0.00	0.56	0.69	0.00
1	5	0.00	0.00	0.43	1.20	0.00
2	2	0.00	0.00	1.13	1.29	0.00
2	6	0.00	0.01	1.19	1.09	0.00
3	3	0.00	0.00	0.30	0.85	0.00
3	7	0.00	0.00	0.37	0.79	0.00
Core	CPU	C1%	C3%	C6%	C8%	C9%
-	-	0.00	0.03	8.61	3.65	0.00
0	0	0.03	0.21	64.99	21.77	0.00
0	4	0.00	0.00	0.59	0.51	0.00
1	1	0.00	0.00	0.87	1.39	0.00
1	5	0.00	0.00	0.27	0.90	0.00
2	2	0.00	0.00	0.25	1.19	0.00
2	6	0.00	0.00	0.65	1.19	0.00
3	3	0.00	0.02	0.97	1.14	0.00
3	7	0.00	0.00	0.29	1.09	0.00
Core	CPU	C1%	C3%	C6%	C8%	C9%
-	-	0.00	0.05	8.40	3.16	0.42
0	0	0.02	0.27	63.23	20.69	0.00
0	4	0.00	0.00	0.53	0.00	0.00
1	1	0.00	0.01	0.42	0.50	0.00
1	5	0.00	0.10	0.49	0.49	3.35
2	2	0.00	0.00	0.27	0.99	0.00
2	6	0.00	0.00	0.75	1.39	0.00
3	3	0.00	0.00	0.83	0.80	0.00
3	7	0.00	0.01	0.69	0.40	0.00
Core	CPU	C1%	C3%	C6%	C8%	C9%
-	-	0.00	0.04	8.41	3.53	0.00
0	0	0.03	0.30	65.15	21.67	0.00
0	4	0.00	0.00	0.45	0.10	0.00
1	1	0.00	0.00	0.14	0.80	0.00
1	5	0.00	0.02	0.31	1.29	0.00
2	2	0.00	0.00	0.15	0.60	0.00
2	6	0.00	0.00	0.50	1.50	0.00
3	3	0.00	0.00	0.21	1.37	0.00
3	7	0.00	0.00	0.34	0.90	0.00
Core	CPU	C1%	C3%	C6%	C8%	C9%
-	-	0.00	0.03	8.46	3.44	0.00
0	0	0.03	0.24	64.78	21.25	0.00
0	4	0.00	0.00	0.98	0.00	0.00
1	1	0.00	0.00	0.28	1.09	0.00
1	5	0.00	0.01	0.18	0.99	0.00
2	2	0.00	0.00	0.24	1.19	0.00
2	6	0.00	0.00	0.73	1.30	0.00
3	3	0.00	0.00	0.15	0.99	0.00
3	7	0.00	0.00	0.38	0.69	0.00
Core	CPU	C1%	C3%	C6%	C8%	C9%
-	-	0.00	0.06	8.67	3.60	0.00
0	0	0.03	0.45	65.42	21.22	0.00
0	4	0.00	0.00	0.69	0.00	0.00
1	1	0.00	0.00	0.30	1.38	0.00
1	5	0.00	0.00	1.06	0.79	0.00
2	2	0.00	0.00	0.36	1.28	0.00
2	6	0.00	0.00	0.56	1.50	0.00
3	3	0.00	0.02	0.80	1.12	0.00
3	7	0.00	0.00	0.20	1.48	0.00
Core	CPU	C1%	C3%	C6%	C8%	C9%
-	-	0.00	0.02	8.59	3.43	0.00
0	0	0.03	0.18	65.16	21.81	0.00
0	4	0.00	0.00	0.55	0.00	0.00
1	1	0.00	0.00	0.22	0.89	0.00
1	5	0.00	0.00	0.77	0.20	0.00
2	2	0.00	0.00	0.58	1.19	0.00
2	6	0.00	0.00	0.76	1.69	0.00
3	3	0.00	0.00	0.45	0.79	0.00
3	7	0.00	0.00	0.22	0.89	0.00
Core	CPU	C1%	C3%	C6%	C8%	C9%
-	-	0.00	0.03	8.18	3.05	0.42
0	0	0.04	0.13	62.97	21.08	0.00
0	4	0.00	0.00	0.66	0.00	0.00
1	1	0.00	0.00	0.19	0.55	0.00
1	5	0.00	0.10	0.23	0.40	3.35
2	2	0.00	0.01	0.20	0.21	0.00
2	6	0.00	0.00	0.45	0.60	0.00
3	3	0.00	0.00	0.27	0.95	0.00
3	7	0.00	0.00	0.46	0.60	0.00
Core	CPU	C1%	C3%	C6%	C8%	C9%
-	-	0.01	0.03	8.68	3.51	0.00
0	0	0.05	0.21	65.47	21.43	0.00
0	4	0.00	0.00	0.60	0.00	0.00
1	1	0.00	0.00	0.68	0.89	0.00
1	5	0.00	0.00	0.37	1.29	0.00
2	2	0.00	0.00	0.84	0.69	0.00
2	6	0.00	0.02	0.54	1.68	0.00
3	3	0.00	0.01	0.49	1.03	0.00
3	7	0.00	0.00	0.43	1.08	0.00
Core	CPU	C1%	C3%	C6%	C8%	C9%
-	-	0.01	0.12	8.44	6.76	0.12
0	0	0.05	0.66	63.28	21.13	0.94
0	4	0.01	0.25	1.59	28.21	0.00
1	1	0.00	0.01	0.36	0.32	0.00
1	5	0.00	0.00	0.10	0.79	0.00
2	2	0.00	0.00	0.48	0.89	0.00
2	6	0.00	0.00	0.58	1.10	0.00
3	3	0.00	0.00	0.87	0.78	0.00
3	7	0.00	0.00	0.27	0.88	0.00
Core	CPU	C1%	C3%	C6%	C8%	C9%
-	-	0.01	0.03	8.49	3.20	0.00
0	0	0.07	0.22	65.02	21.86	0.00
0	4	0.00	0.00	0.66	0.00	0.00
1	1	0.00	0.00	0.15	0.79	0.00
1	5	0.00	0.00	0.14	0.50	0.00
2	2	0.00	0.01	0.34	0.30	0.00
2	6	0.00	0.00	0.30	0.71	0.00
3	3	0.00	0.00	0.87	0.76	0.00
3	7	0.00	0.00	0.45	0.69	0.00
Core	CPU	C1%	C3%	C6%	C8%	C9%
-	-	0.01	0.02	8.74	3.72	0.00
0	0	0.06	0.15	65.60	21.34	0.00
0	4	0.00	0.00	0.88	0.00	0.00
1	1	0.00	0.00	0.41	1.09	0.00
1	5	0.00	0.00	0.74	0.79	0.00
2	2	0.00	0.00	0.61	2.18	0.00
2	6	0.00	0.00	1.11	1.88	0.00
3	3	0.00	0.00	0.29	1.63	0.00
3	7	0.00	0.00	0.29	0.89	0.00
Core	CPU	C1%	C3%	C6%	C8%	C9%
-	-	0.01	0.06	8.14	3.37	0.43
0	0	0.07	0.33	63.03	20.76	0.00
0	4	0.00	0.03	0.49	0.00	0.00
1	1	0.00	0.00	0.10	0.50	0.00
1	5	0.00	0.09	0.19	1.39	3.44
2	2	0.00	0.00	0.27	0.99	0.00
2	6	0.00	0.00	0.65	1.40	0.00
3	3	0.00	0.00	0.32	0.93	0.00
3	7	0.00	0.00	0.09	1.01	0.00
Core	CPU	C1%	C3%	C6%	C8%	C9%
-	-	0.01	0.06	8.58	3.56	0.00
0	0	0.08	0.37	65.42	21.22	0.00
0	4	0.00	0.04	0.80	0.70	0.00
1	1	0.00	0.02	0.29	0.70	0.00
1	5	0.00	0.00	0.10	0.90	0.00
2	2	0.00	0.00	0.29	1.18	0.00
2	6	0.00	0.01	0.48	1.28	0.00
3	3	0.00	0.00	1.02	1.39	0.00
3	7	0.00	0.00	0.24	1.08	0.00
Core	CPU	C1%	C3%	C6%	C8%	C9%
-	-	0.01	0.04	8.69	3.59	0.09
0	0	0.07	0.21	64.72	21.28	0.00
0	4	0.00	0.00	1.65	0.21	0.71
1	1	0.00	0.00	0.25	0.79	0.00
1	5	0.00	0.08	0.26	1.49	0.00
2	2	0.00	0.03	1.14	1.19	0.00
2	6	0.00	0.03	0.59	1.00	0.00
3	3	0.00	0.00	0.18	0.96	0.00
3	7	0.00	0.00	0.78	1.77	0.00
Core	CPU	C1%	C3%	C6%	C8%	C9%
-	-	0.01	0.02	8.58	3.44	0.00
0	0	0.07	0.09	64.87	22.02	0.00
0	4	0.00	0.00	0.99	0.00	0.00
1	1	0.00	0.00	0.27	1.18	0.00
1	5	0.00	0.00	0.84	0.69	0.00
2	2	0.00	0.00	0.38	0.89	0.00
2	6	0.00	0.05	0.71	1.09	0.00
3	3	0.00	0.00	0.29	0.85	0.00
3	7	0.00	0.00	0.29	0.79	0.00
Core	CPU	C1%	C3%	C6%	C8%	C9%
-	-	0.01	0.05	8.43	3.57	0.00
0	0	0.09	0.39	64.97	21.68	0.00
0	4	0.00	0.02	0.49	0.00	0.00
1	1	0.00	0.00	0.09	0.89	0.00
1	5	0.00	0.00	0.18	0.99	0.00
2	2	0.00	0.00	0.26	1.09	0.00
2	6	0.00	0.02	0.77	1.36	0.00
3	3	0.00	0.00	0.50	1.63	0.00
3	7	0.00	0.00	0.19	0.90	0.00
Core	CPU	C1%	C3%	C6%	C8%	C9%
-	-	0.02	0.05	8.26	3.20	0.41
0	0	0.08	0.37	62.46	21.17	3.29
0	4	0.00	0.00	1.13	0.00	0.00
1	1	0.00	0.02	0.00	0.50	0.00
1	5	0.09	0.00	0.52	0.00	0.00
2	2	0.00	0.00	0.19	1.09	0.00
2	6	0.00	0.01	0.98	0.78	0.00
3	3	0.00	0.00	0.49	1.28	0.00
3	7	0.00	0.00	0.33	0.79	0.00
Core	CPU	C1%	C3%	C6%	C8%	C9%
-	-	0.01	0.02	8.74	3.27	0.00
0	0	0.09	0.15	65.26	21.59	0.00
0	4	0.00	0.00	0.87	0.30	0.00
1	1	0.00	0.00	0.54	0.80	0.00
1	5	0.00	0.00	0.74	0.39	0.00
2	2	0.00	0.02	0.29	0.80	0.00
2	6	0.00	0.01	1.47	0.69	0.00
3	3	0.00	0.00	0.29	0.87	0.00
3	7	0.00	0.00	0.45	0.69	0.00
Core	CPU	C1%	C3%	C6%	C8%	C9%
-	-	0.01	0.02	8.60	3.60	0.00
0	0	0.09	0.13	64.25	21.71	0.00
0	4	0.00	0.00	0.97	0.00	0.00
1	1	0.00	0.00	0.27	0.79	0.00
1	5	0.00	0.00	0.25	1.18	0.00
2	2	0.00	0.00	0.83	0.79	0.00
2	6	0.00	0.01	1.27	1.20	0.00
3	3	0.00	0.00	0.41	1.85	0.00
3	7	0.00	0.00	0.51	1.28	0.00
Core	CPU	C1%	C3%	C6%	C8%	C9%
-	-	0.01	0.04	8.51	3.42	0.00
0	0	0.10	0.22	65.01	21.64	0.00
0	4	0.00	0.03	0.69	0.00	0.00
1	1	0.00	0.00	0.23	0.99	0.00
1	5	0.00	0.00	0.28	0.98	0.00
2	2	0.00	0.00	0.35	1.58	0.00
2	6	0.00	0.03	0.63	1.08	0.00
3	3	0.00	0.02	0.51	0.71	0.00
3	7	0.00	0.01	0.38	0.39	0.00
Core	CPU	C1%	C3%	C6%	C8%	C9%
-	-	0.01	0.03	8.74	3.75	0.00
0	0	0.11	0.15	65.07	21.73	0.00
0	4	0.00	0.03	0.87	0.90	0.00
1	1	0.00	0.00	0.10	1.49	0.00
1	5	0.00	0.00	0.19	0.99	0.00
2	2	0.00	0.00	0.57	1.18	0.00
2	6	0.00	0.03	0.85	0.90	0.00
3	3	0.00	0.00	1.02	0.88	0.00
3	7	0.00	0.01	1.27	1.89	0.00
Core	CPU	C1%	C3%	C6%	C8%	C9%
-	-	0.02	0.04	8.31	3.11	0.33
0	0	0.08	0.30	62.90	20.85	1.36
0	4	0.00	0.00	0.66	0.19	0.00
1	1	0.00	0.00	0.34	0.30	0.00
1	5	0.00	0.00	0.20	0.50	1.30
2	2	0.10	0.00	0.59	0.68	0.00
2	6	0.00	0.04	0.68	0.87	0.00
3	3	0.00	0.00	0.37	0.79	0.00
3	7	0.00	0.00	0.72	0.69	0.00
Core	CPU	C1%	C3%	C6%	C8%	C9%
-	-	0.01	0.03	8.69	3.47	0.00
0	0	0.08	0.19	64.90	21.86	0.00
0	4	0.00	0.00	1.17	0.00	0.00
1	1	0.00	0.00	0.75	0.99	0.00
1	5	0.00	0.02	0.35	1.09	0.00
2	2	0.00	0.00	0.42	1.09	0.00
2	6	0.00	0.00	1.18	1.29	0.00
3	3	0.00	0.00	0.29	0.64	0.00
3	7	0.00	0.00	0.49	0.78	0.00
Core	CPU	C1%	C3%	C6%	C8%	C9%
-	-	0.01	0.03	8.50	3.33	0.00
0	0	0.08	0.23	64.65	21.30	0.00
0	4	0.00	0.00	0.60	0.00	0.00
1	1	0.00	0.00	0.19	0.90	0.00
1	5	0.00	0.00	0.19	1.09	0.00
2	2	0.00	0.00	0.36	1.09	0.00
2	6	0.00	0.01	1.07	0.98	0.00
3	3	0.00	0.00	0.43	0.71	0.00
3	7	0.00	0.00	0.50	0.59	0.00
Core	CPU	C1%	C3%	C6%	C8%	C9%
-	-	0.01	0.06	8.75	3.30	0.00
0	0	0.08	0.46	65.07	21.38	0.00
0	4	0.00	0.00	0.74	0.00	0.00
1	1	0.00	0.00	0.72	0.40	0.00
1	5	0.00	0.00	0.60	0.00	0.00
2	2	0.00	0.00	0.30	1.38	0.00
2	6	0.00	0.03	1.29	0.79	0.00
3	3	0.00	0.00	0.35	1.46	0.00
3	7	0.00	0.00	0.93	0.99	0.00
Core	CPU	C1%	C3%	C6%	C8%	C9%
-	-	0.01	0.02	8.55	3.55	0.00
0	0	0.10	0.15	65.03	21.79	0.00
0	4	0.00	0.00	1.07	0.00	0.00
1	1	0.00	0.00	0.37	0.98	0.00
1	5	0.00	0.00	0.15	0.99	0.00
2	2	0.00	0.00	0.32	1.10	0.00
2	6	0.00	0.04	0.61	1.57	0.00
3	3	0.00	0.00	0.28	0.95	0.00
3	7	0.00	0.00	0.56	0.99	0.00
Core	CPU	C1%	C3%	C6%	C8%	C9%
-	-	0.01	0.06	8.24	3.41	0.00
0	0	0.07	0.33	62.54	21.07	0.00
0	4	0.00	0.00	0.79	0.00	0.00
1	1	0.00	0.00	0.28	0.99	0.00
1	5	0.00	0.10	0.36	0.99	0.00
2	2	0.00	0.00	0.34	1.19	0.00
2	6	0.00	0.00	1.02	1.10	0.00
3	3	0.00	0.01	0.29	0.84	0.00
3	7	0.00	0.01	0.30	1.09	0.00
Core	CPU	C1%	C3%	C6%	C8%	C9%
-	-	0.01	0.04	8.45	3.52	0.00
0	0	0.08	0.25	65.03	21.65	0.00
0	4	0.00	0.03	0.80	0.00	0.00
1	1	0.00	0.00	0.10	1.09	0.00
1	5	0.00	0.00	0.20	1.28	0.00
2	2	0.00	0.00	0.27	1.09	0.00
2	6	0.00	0.00	0.66	1.18	0.00
3	3	0.00	0.00	0.33	0.91	0.00
3	7	0.00	0.00	0.20	0.99	0.00
Core	CPU	C1%	C3%	C6%	C8%	C9%
-	-	0.01	0.04	8.32	3.35	0.10
0	0	0.10	0.30	64.33	21.51	0.00
0	4	0.00	0.00	0.55	0.00	0.00
1	1	0.00	0.00	0.14	0.60	0.00
1	5	0.00	0.00	0.12	0.40	0.00
2	2	0.00	0.00	0.10	0.79	0.00
2	6	0.00	0.00	0.41	1.18	0.79
3	3	0.00	0.00	0.26	1.37	0.00
3	7	0.00	0.01	0.66	0.98	0.00
Core	CPU	C1%	C3%	C6%	C8%	C9%
-	-	0.01	0.03	8.66	3.30	0.00
0	0	0.08	0.27	65.00	21.62	0.00
0	4	0.00	0.00	0.88	0.00	0.00
1	1	0.00	0.00	0.26	0.99	0.00
1	5	0.00	0.00	0.25	1.19	0.00
2	2	0.00	0.00	0.92	0.50	0.00
2	6	0.00	0.01	1.23	0.50	0.00
3	3	0.00	0.00	0.29	0.84	0.00
3	7	0.00	0.00	0.46	0.79	0.00
Core	CPU	C1%	C3%	C6%	C8%	C9%
-	-	0.01	0.06	8.39	7.21	0.00
0	0	0.09	0.21	63.87	21.85	0.00
0	4	0.01	0.24	1.40	28.20	0.00
1	1	0.00	0.00	0.35	1.67	0.00
1	5	0.00	0.00	0.28	1.38	0.00
2	2	0.00	0.00	0.35	1.18	0.00
2	6	0.00	0.00	0.46	1.58	0.00
3	3	0.00	0.02	0.29	0.62	0.00
3	7	0.00	0.00	0.10	1.22	0.00
Core	CPU	C1%	C3%	C6%	C8%	C9%
-	-	0.01	0.05	8.54	3.16	0.00
0	0	0.09	0.38	62.76	20.85	0.00
0	4	0.00	0.00	0.74	0.00	0.00
1	1	0.00	0.00	0.72	0.79	0.00
1	5	0.00	0.00	0.59	0.30	0.00
2	2	0.00	0.00	0.79	0.19	0.00
2	6	0.00	0.03	1.64	1.10	0.00
3	3	0.00	0.00	0.65	0.68	0.00
3	7	0.00	0.00	0.40	1.38	0.00
Core	CPU	C1%	C3%	C6%	C8%	C9%
-	-	0.01	0.03	8.67	3.42	0.00
0	0	0.09	0.24	64.83	21.81	0.00
0	4	0.00	0.00	0.87	0.00	0.00
1	1	0.00	0.00	0.35	0.98	0.00
1	5	0.00	0.00	0.63	1.09	0.00
2	2	0.00	0.02	0.39	0.70	0.00
2	6	0.00	0.01	1.01	0.59	0.00
3	3	0.00	0.00	0.19	1.33	0.00
3	7	0.00	0.00	1.11	0.88	0.00
Core	CPU	C1%	C3%	C6%	C8%	C9%
-	-	0.01	0.05	8.45	3.53	0.10
0	0	0.07	0.40	64.31	21.36	0.00
0	4	0.00	0.00	0.60	0.00	0.00
1	1	0.00	0.00	0.28	1.29	0.00
1	5	0.00	0.01	0.38	1.09	0.79
2	2	0.00	0.00	0.80	1.39	0.00
2	6	0.00	0.00	0.44	1.29	0.00
3	3	0.00	0.02	0.48	1.04	0.00
3	7	0.00	0.00	0.29	0.79	0.00
Core	CPU	C1%	C3%	C6%	C8%	C9%
-	-	0.01	0.03	8.67	3.29	0.00
0	0	0.10	0.16	65.08	21.68	0.00
0	4	0.00	0.03	0.50	0.00	0.00
1	1	0.00	0.00	0.10	0.99	0.00
1	5	0.00	0.00	0.79	0.50	0.00
2	2	0.00	0.00	0.28	1.18	0.00
2	6	0.00	0.02	0.87	0.99	0.00
3	3	0.00	0.00	0.83	0.30	0.00
3	7	0.00	0.03	0.90	0.69	0.00
Core	CPU	C1%	C3%	C6%	C8%	C9%
-	-	0.01	0.02	8.39	3.35	0.00
0	0	0.11	0.14	64.91	21.92	0.00
0	4	0.00	0.00	0.65	0.00	0.00
1	1	0.00	0.00	0.14	0.79	0.00
1	5	0.00	0.00	0.13	0.58	0.00
2	2	0.00	0.00	0.10	0.60	0.00
2	6	0.00	0.00	0.51	1.27	0.00
3	3	0.00	0.00	0.37	0.87	0.00
3	7	0.00	0.00	0.34	0.79	0.00
Core	CPU	C1%	C3%	C6%	C8%	C9%
-	-	0.01	0.06	8.60	3.37	0.00
0	0	0.08	0.43	62.86	20.70	0.00
0	4	0.00	0.00	1.18	0.00	0.00
1	1	0.00	0.00	0.86	1.08	0.00
1	5	0.00	0.00	0.25	1.18	0.03
2	2	0.00	0.00	0.93	0.29	0.00
2	6	0.00	0.03	1.67	1.48	0.00
3	3	0.00	0.00	0.68	1.43	0.00
3	7	0.00	0.00	0.37	0.79	0.00
Core	CPU	C1%	C3%	C6%	C8%	C9%
-	-	0.01	0.03	8.49	3.58	0.00
0	0	0.10	0.18	64.88	21.88	0.00
0	4	0.00	0.00	0.60	0.00	0.00
1	1	0.00	0.00	0.29	1.08	0.00
1	5	0.00	0.00	0.57	1.19	0.00
2	2	0.00	0.00	0.26	1.58	0.00
2	6	0.00	0.00	0.63	1.49	0.00
3	3	0.00	0.02	0.40	0.53	0.00
3	7	0.00	0.00	0.30	0.88	0.00
Core	CPU	C1%	C3%	C6%	C8%	C9%
-	-	0.01	0.04	8.46	3.37	0.00
0	0	0.08	0.30	63.80	21.92	0.00
0	4	0.00	0.00	0.63	0.00	0.00
1	1	0.00	0.01	0.29	0.70	0.00
1	5	0.00	0.01	0.20	1.09	0.00
2	2	0.00	0.00	0.77	0.49	0.00
2	6	0.00	0.00	0.76	1.58	0.00
3	3	0.00	0.00	0.74	0.40	0.00
3	7	0.00	0.00	0.52	0.79	0.00
Core	CPU	C1%	C3%	C6%	C8%	C9%
-	-	0.01	0.01	8.51	3.55	0.00
0	0	0.10	0.05	64.80	22.11	0.00
0	4	0.00	0.00	0.46	0.21	0.00
1	1	0.00	0.00	0.25	1.08	0.00
1	5	0.00	0.00	0.63	0.59	0.00
2	2	0.00	0.00	0.10	0.50	0.00
2	6	0.00	0.03	0.88	1.59	0.00
3	3	0.00	0.00	0.56	1.16	0.00
3	7	0.00	0.00	0.44	1.18	0.00
Core	CPU	C1%	C3%	C6%	C8%	C9%
-	-	0.01	0.01	8.54	3.67	0.00
0	0	0.11	0.07	64.86	22.00	0.00
0	4	0.00	0.00	0.47	0.80	0.00
1	1	0.00	0.00	0.27	1.19	0.00
1	5	0.00	0.00	0.64	1.00	0.00
2	2	0.00	0.00	0.33	1.29	0.00
2	6	0.00	0.00	0.85	1.09	0.00
3	3	0.00	0.00	0.48	1.32	0.00
3	7	0.00	0.00	0.38	0.69	0.00
Core	CPU	C1%	C3%	C6%	C8%	C9%
-	-	0.01	0.03	8.27	3.28	0.00
0	0	0.08	0.20	62.84	20.98	0.00
0	4	0.00	0.00	0.23	0.41	0.00
1	1	0.00	0.01	0.30	0.90	0.00
1	5	0.00	0.00	0.10	0.99	0.03
2	2	0.00	0.00	0.28	0.89	0.00
2	6	0.00	0.05	0.82	0.99	0.00
3	3	0.00	0.00	0.83	0.79	0.00
3	7	0.00	0.02	0.79	0.30	0.00
Core	CPU	C1%	C3%	C6%	C8%	C9%
-	-	0.01	0.04	8.40	3.40	0.00
0	0	0.09	0.30	64.74	21.84	0.00
0	4	0.00	0.00	0.63	0.20	0.00
1	1	0.00	0.01	0.15	0.60	0.00
1	5	0.00	0.00	0.23	0.89	0.00
2	2	0.00	0.00	0.10	0.99	0.00
2	6	0.00	0.01	0.42	1.26	0.00
3	3	0.00	0.00	0.47	0.77	0.00
3	7	0.00	0.00	0.46	0.70	0.00
Core	CPU	C1%	C3%	C6%	C8%	C9%
-	-	0.01	0.02	8.51	3.33	0.00
0	0	0.08	0.14	64.18	21.78	0.00
0	4	0.00	0.00	0.49	0.00	0.00
1	1	0.00	0.00	0.88	0.40	0.00
1	5	0.00	0.00	0.29	0.99	0.00
2	2	0.00	0.00	0.24	1.09	0.00
2	6	0.00	0.03	1.41	0.61	0.00
3	3	0.00	0.00	0.19	0.95	0.00
3	7	0.00	0.00	0.42	0.85	0.00
Core	CPU	C1%	C3%	C6%	C8%	C9%
-	-	0.01	0.01	8.42	3.44	0.00
0	0	0.11	0.06	64.75	22.10	0.00
0	4	0.00	0.02	0.40	0.19	0.00
1	1	0.00	0.00	0.28	0.40	0.00
1	5	0.00	0.00	0.68	0.49	0.00
2	2	0.00	0.00	0.37	1.09	0.00
2	6	0.00	0.01	0.56	1.19	0.00
3	3	0.00	0.00	0.22	1.30	0.00
3	7	0.00	0.00	0.08	0.80	0.00
Core	CPU	C1%	C3%	C6%	C8%	C9%
-	-	0.01	0.05	8.38	3.47	0.00
0	0	0.10	0.29	64.76	21.93	0.00
0	4	0.00	0.00	0.55	0.00	0.00
1	1	0.00	0.00	0.14	0.40	0.00
1	5	0.00	0.10	0.12	0.40	0.00
2	2	0.00	0.00	0.10	0.80	0.00
2	6	0.00	0.02	0.78	1.67	0.00
3	3	0.00	0.00	0.36	1.29	0.00
3	7	0.00	0.00	0.24	1.28	0.00
Core	CPU	C1%	C3%	C6%	C8%	C9%
-	-	0.01	0.03	8.21	3.42	0.00
0	0	0.07	0.24	62.75	20.96	0.00
0	4	0.00	0.00	0.65	0.51	0.00
1	1	0.00	0.00	0.24	0.90	0.00
1	5	0.00	0.00	0.22	0.90	0.00
2	2	0.00	0.01	0.29	0.90	0.00
2	6	0.00	0.02	0.76	1.76	0.00
3	3	0.00	0.00	0.28	0.85	0.00
3	7	0.00	0.00	0.45	0.60	0.00
Core	CPU	C1%	C3%	C6%	C8%	C9%
-	-	0.01	0.03	8.58	3.60	0.00
0	0	0.09	0.16	65.09	21.74	0.00
0	4	0.00	0.00	0.38	0.32	0.00
1	1	0.00	0.00	0.28	1.29	0.00
1	5	0.00	0.00	0.37	1.09	0.00
2	2	0.00	0.00	0.73	1.38	0.00
2	6	0.00	0.03	1.14	0.89	0.00
3	3	0.00	0.01	0.39	0.65	0.00
3	7	0.00	0.00	0.29	1.48	0.00
Core	CPU	C1%	C3%	C6%	C8%	C9%
-	-	0.01	0.07	8.47	3.19	0.00
0	0	0.09	0.44	64.60	21.00	0.00
0	4	0.00	0.02	0.49	0.00	0.00
1	1	0.00	0.00	0.10	0.60	0.00
1	5	0.00	0.00	0.19	0.99	0.00
2	2	0.00	0.00	0.36	0.79	0.00
2	6	0.00	0.10	0.55	0.99	0.00
3	3	0.00	0.00	0.82	0.69	0.00
3	7	0.00	0.02	0.61	0.50	0.00
Core	CPU	C1%	C3%	C6%	C8%	C9%
-	-	0.01	0.04	8.48	3.26	0.00
0	0	0.09	0.17	64.90	21.90	0.00
0	4	0.00	0.00	0.55	0.00	0.00
1	1	0.00	0.00	0.14	0.60	0.00
1	5	0.00	0.02	0.20	0.50	0.00
2	2	0.00	0.00	0.00	0.60	0.00
2	6	0.00	0.10	1.19	0.98	0.00
3	3	0.00	0.00	0.27	0.98	0.00
3	7	0.00	0.00	0.63	0.50	0.00
Core	CPU	C1%	C3%	C6%	C8%	C9%
-	-	0.01	0.05	8.61	3.48	0.00
0	0	0.09	0.31	64.86	21.78	0.00
0	4	0.00	0.00	0.87	0.00	0.00
1	1	0.00	0.00	0.26	0.99	0.00
1	5	0.00	0.00	0.64	1.09	0.00
2	2	0.00	0.02	0.39	1.09	0.00
2	6	0.00	0.09	1.19	1.38	0.00
3	3	0.00	0.00	0.29	0.85	0.00
3	7	0.00	0.00	0.37	0.69	0.00
Core	CPU	C1%	C3%	C6%	C8%	C9%
-	-	0.01	0.05	8.26	3.30	0.00
0	0	0.08	0.33	62.80	20.86	0.00
0	4	0.00	0.00	0.59	0.00	0.00
1	1	0.00	0.00	0.19	1.19	0.00
1	5	0.00	0.00	0.27	0.99	0.00
2	2	0.00	0.00	0.25	1.18	0.00
2	6	0.00	0.08	1.31	0.69	0.00
3	3	0.00	0.01	0.39	0.74	0.00
3	7	0.00	0.00	0.29	0.79	0.00
Core	CPU	C1%	C3%	C6%	C8%	C9%
-	-	0.01	0.07	8.58	5.18	0.00
0	0	0.08	0.32	64.20	21.85	0.00
0	4	0.01	0.15	0.87	15.43	0.00
1	1	0.00	0.00	0.16	0.59	0.00
1	5	0.00	0.00	0.19	0.99	0.00
2	2	0.00	0.00	0.27	0.89	0.00
2	6	0.00	0.04	1.20	0.59	0.00
3	3	0.00	0.00	0.93	0.59	0.00
3	7	0.02	0.02	0.80	0.50	0.00
Core	CPU	C1%	C3%	C6%	C8%	C9%
-	-	0.01	0.05	8.46	4.89	0.00
0	0	0.07	0.33	63.91	21.49	0.00
0	4	0.00	0.06	0.67	12.42	0.00
1	1	0.00	0.00	0.31	0.49	0.00
1	5	0.00	0.00	0.22	1.00	0.00
2	2	0.00	0.00	0.29	1.00	0.00
2	6	0.00	0.04	1.43	1.00	0.00
3	3	0.00	0.00	0.36	0.97	0.00
3	7	0.00	0.01	0.46	0.79	0.00
Core	CPU	C1%	C3%	C6%	C8%	C9%
-	-	0.01	0.04	8.71	3.35	0.00
0	0	0.10	0.27	64.63	22.00	0.00
0	4	0.00	0.00	1.18	0.00	0.00
1	1	0.00	0.00	0.27	1.57	0.00
1	5	0.00	0.00	0.25	0.99	0.00
2	2	0.00	0.00	0.92	0.39	0.00
2	6	0.00	0.06	1.45	0.39	0.00
3	3	0.00	0.00	0.29	0.95	0.00
3	7	0.00	0.00	0.67	0.50	0.00
Core	CPU	C1%	C3%	C6%	C8%	C9%
-	-	0.01	0.04	8.60	3.72	0.00
0	0	0.11	0.25	64.80	21.91	0.00
0	4	0.00	0.00	0.50	0.00	0.00
1	1	0.00	0.00	0.29	1.09	0.00
1	5	0.00	0.00	0.28	0.98	0.00
2	2	0.00	0.00	0.80	1.69	0.00
2	6	0.00	0.08	1.57	1.68	0.00
3	3	0.00	0.02	0.29	1.63	0.00
3	7	0.00	0.00	0.29	0.79	0.00
Core	CPU	C1%	C3%	C6%	C8%	C9%
-	-	0.01	0.09	8.56	3.12	0.00
0	0	0.08	0.53	63.03	20.69	0.00
0	4	0.00	0.03	0.50	0.00	0.00
1	1	0.00	0.00	0.39	0.59	0.00
1	5	0.00	0.00	0.20	1.28	0.00
2	2	0.00	0.00	0.96	0.40	0.00
2	6	0.00	0.11	1.43	0.21	0.00
3	3	0.00	0.00	1.02	1.00	0.00
3	7	0.00	0.02	0.90	0.78	0.00
Core	CPU	C1%	C3%	C6%	C8%	C9%
-	-	0.01	0.03	8.43	3.34	0.00
0	0	0.10	0.12	64.92	21.89	0.00
0	4	0.00	0.00	0.52	0.00	0.00
1	1	0.00	0.00	0.14	0.99	0.00
1	5	0.00	0.00	0.13	0.50	0.00
2	2	0.00	0.00	0.10	0.99	0.00
2	6	0.00	0.10	1.08	0.50	0.00
3	3	0.00	0.00	0.26	0.97	0.00
3	7	0.00	0.00	0.33	0.90	0.00
