Core	CPU	C1%	C3%	C6%	C8%	C9%
-	-	0.51	0.34	7.86	14.94	0.03
0	0	0.26	1.09	37.47	28.91	0.26
0	4	0.00	0.02	7.78	17.34	0.00
1	1	0.00	0.03	2.36	0.69	0.00
1	5	0.40	0.00	0.40	0.00	0.00
2	2	3.18	1.47	10.95	69.91	0.00
2	6	0.18	0.00	0.77	0.50	0.00
3	3	0.00	0.00	0.85	0.69	0.00
3	7	0.04	0.13	2.26	1.49	0.00
Core	CPU	C1%	C3%	C6%	C8%	C9%
-	-	0.02	0.12	6.50	15.68	0.00
0	0	0.15	0.93	40.72	31.24	0.00
0	4	0.00	0.00	0.66	0.00	0.00
1	1	0.00	0.00	0.54	0.89	0.00
1	5	0.00	0.03	0.79	0.40	0.00
2	2	0.00	0.00	7.02	91.23	0.00
2	6	0.00	0.00	0.78	0.79	0.00
3	3	0.00	0.00	0.60	0.79	0.00
3	7	0.00	0.04	0.91	0.10	0.00
Core	CPU	C1%	C3%	C6%	C8%	C9%
-	-	0.36	0.29	6.73	15.67	0.00
0	0	0.27	1.09	36.23	27.86	0.00
0	4	0.00	0.00	1.10	0.71	0.00
1	1	2.63	1.13	7.17	1.99	0.00
1	5	0.00	0.00	0.34	0.90	0.00
2	2	0.00	0.00	7.36	90.61	0.00
2	6	0.00	0.00	0.19	1.10	0.00
3	3	0.00	0.00	0.29	1.18	0.00
3	7	0.00	0.09	1.17	0.98	0.00
Core	CPU	C1%	C3%	C6%	C8%	C9%
-	-	0.02	0.05	6.15	16.13	0.00
0	0	0.15	0.32	37.58	34.88	0.00
0	4	0.00	0.00	0.70	0.00	0.00
1	1	0.00	0.00	0.44	1.01	0.00
1	5	0.00	0.00	0.36	0.69	0.00
2	2	0.00	0.00	8.40	89.79	0.00
2	6	0.00	0.00	0.40	1.00	0.00
3	3	0.00	0.00	0.20	0.89	0.00
3	7	0.00	0.05	1.11	0.78	0.00
Core	CPU	C1%	C3%	C6%	C8%	C9%
-	-	0.02	0.12	6.27	15.83	0.28
0	0	0.14	0.67	38.65	32.66	0.00
0	4	0.00	0.00	1.09	0.00	0.00
1	1	0.00	0.00	0.28	1.09	0.00
1	5	0.00	0.00	0.27	0.79	0.00
2	2	0.00	0.20	8.15	87.88	1.59
2	6	0.00	0.00	0.33	1.97	0.00
3	3	0.00	0.02	0.19	0.90	0.00
3	7	0.00	0.10	1.17	1.34	0.61
Core	CPU	C1%	C3%	C6%	C8%	C9%
-	-	1.01	0.64	6.63	13.88	0.13
0	0	0.12	1.52	30.94	20.43	1.03
0	4	0.00	0.03	7.91	26.75	0.00
1	1	7.94	2.59	6.60	0.59	0.00
1	5	0.00	0.00	0.97	1.28	0.00
2	2	0.00	0.74	4.61	58.68	0.00
2	6	0.00	0.00	0.34	1.47	0.00
3	3	0.00	0.00	0.71	1.47	0.00
3	7	0.02	0.24	0.96	0.39	0.00
Core	CPU	C1%	C3%	C6%	C8%	C9%
-	-	0.02	0.22	7.86	14.65	0.00
0	0	0.15	1.64	45.90	24.41	0.00
0	4	0.00	0.03	11.28	86.85	0.00
1	1	0.00	0.00	1.47	0.30	0.00
1	5	0.00	0.00	0.86	1.39	0.00
2	2	0.00	0.00	1.04	0.90	0.00
2	6	0.00	0.00	0.52	1.39	0.00
3	3	0.00	0.02	0.49	1.29	0.00
3	7	0.00	0.06	1.29	0.70	0.00
Core	CPU	C1%	C3%	C6%	C8%	C9%
-	-	0.02	0.28	7.33	14.60	0.00
0	0	0.16	2.15	44.72	25.15	0.00
0	4	0.00	0.02	10.46	87.70	0.00
1	1	0.00	0.00	0.19	0.99	0.00
1	5	0.00	0.00	0.18	0.79	0.00
2	2	0.00	0.00	0.14	0.40	0.00
2	6	0.00	0.00	1.82	1.38	0.00
3	3	0.00	0.00	0.22	0.40	0.00
3	7	0.00	0.03	0.94	0.00	0.00
Core	CPU	C1%	C3%	C6%	C8%	C9%
-	-	0.05	0.29	7.75	17.50	0.62
0	0	0.08	2.07	48.17	23.06	0.00
0	4	0.00	0.00	3.83	17.68	4.99
1	1	0.00	0.00	1.29	2.35	0.00
1	5	0.11	0.18	1.37	21.86	0.00
2	2	0.00	0.00	5.62	72.64	0.00
2	6	0.00	0.00	0.38	1.18	0.00
3	3	0.18	0.00	0.25	0.80	0.00
3	7	0.00	0.06	1.06	0.40	0.00
Core	CPU	C1%	C3%	C6%	C8%	C9%
-	-	0.01	0.29	6.62	15.81	0.48
0	0	0.09	2.27	43.05	26.04	0.00
0	4	0.00	0.00	0.47	0.29	3.87
1	1	0.00	0.02	1.00	1.09	0.00
1	5	0.00	0.03	0.79	6.31	0.00
2	2	0.00	0.00	6.15	88.95	0.00
2	6	0.00	0.00	0.19	1.48	0.00
3	3	0.00	0.00	0.28	1.08	0.00
3	7	0.00	0.00	1.05	1.28	0.00
Core	CPU	C1%	C3%	C6%	C8%	C9%
-	-	0.03	0.09	6.39	15.97	0.00
0	0	0.26	0.66	39.30	32.58	0.00
0	4	0.00	0.00	6.22	55.28	0.00
1	1	0.00	0.03	0.59	1.08	0.00
1	5	0.00	0.00	0.37	0.79	0.00
2	2	0.00	0.00	2.91	35.51	0.00
2	6	0.00	0.00	0.83	0.89	0.00
3	3	0.00	0.01	0.66	0.97	0.00
3	7	0.00	0.00	0.28	0.69	0.00
Core	CPU	C1%	C3%	C6%	C8%	C9%
-	-	0.04	0.11	6.74	15.68	0.00
0	0	0.33	0.88	39.60	32.00	0.00
0	4	0.00	0.02	10.79	87.33	0.00
1	1	0.00	0.01	0.41	1.39	0.00
1	5	0.00	0.00	0.19	0.99	0.00
2	2	0.00	0.00	0.37	1.09	0.00
2	6	0.00	0.00	1.03	0.89	0.00
3	3	0.00	0.00	0.73	0.69	0.00
3	7	0.00	0.00	0.77	1.09	0.00
Core	CPU	C1%	C3%	C6%	C8%	C9%
-	-	0.04	0.18	6.42	15.68	0.10
0	0	0.32	1.41	39.34	31.79	0.00
0	4	0.00	0.00	10.26	87.74	0.00
1	1	0.00	0.03	0.54	1.19	0.00
1	5	0.00	0.00	0.33	0.99	0.00
2	2	0.00	0.00	0.10	1.10	0.00
2	6	0.00	0.00	0.30	1.27	0.00
3	3	0.00	0.00	0.45	0.89	0.78
3	7	0.00	0.00	0.05	0.49	0.00
Core	CPU	C1%	C3%	C6%	C8%	C9%
-	-	0.04	0.04	6.29	16.19	0.00
0	0	0.35	0.35	37.52	34.62	0.00
0	4	0.00	0.00	9.51	88.59	0.00
1	1	0.00	0.00	1.15	0.78	0.00
1	5	0.00	0.00	0.43	1.39	0.00
2	2	0.00	0.00	0.20	0.99	0.00
2	6	0.00	0.00	0.37	1.38	0.00
3	3	0.00	0.00	0.57	0.69	0.00
3	7	0.00	0.00	0.56	1.08	0.00
Core	CPU	C1%	C3%	C6%	C8%	C9%
-	-	0.04	0.24	6.08	15.53	0.00
0	0	0.33	1.95	37.66	31.81	0.00
0	4	0.00	0.00	8.94	86.39	0.00
1	1	0.00	0.00	0.87	1.87	0.00
1	5	0.00	0.00	0.36	0.99	0.00
2	2	0.00	0.00	0.24	0.89	0.00
2	6	0.00	0.00	0.13	0.59	0.00
3	3	0.00	0.00	0.10	0.90	0.00
3	7	0.00	0.00	0.37	0.79	0.00
Core	CPU	C1%	C3%	C6%	C8%	C9%
-	-	0.04	0.07	6.25	15.98	0.00
0	0	0.32	0.52	37.82	34.21	0.00
0	4	0.00	0.02	6.70	73.14	0.00
1	1	0.00	0.00	0.21	0.80	0.00
1	5	0.00	0.00	0.78	0.59	0.00
2	2	0.00	0.00	2.24	17.52	0.00
2	6	0.00	0.00	1.12	1.28	0.00
3	3	0.00	0.00	0.63	0.20	0.00
3	7	0.00	0.01	0.50	0.10	0.00
Core	CPU	C1%	C3%	C6%	C8%	C9%
-	-	0.02	0.07	6.35	16.08	0.00
0	0	0.14	0.56	38.75	33.52	0.00
0	4	0.00	0.00	0.97	0.18	0.00
1	1	0.00	0.02	0.93	1.09	0.00
1	5	0.00	0.00	0.42	0.79	0.00
2	2	0.00	0.00	8.29	89.90	0.00
2	6	0.00	0.00	0.30	0.88	0.00
3	3	0.00	0.00	0.55	1.09	0.00
3	7	0.00	0.00	0.63	1.18	0.00
Core	CPU	C1%	C3%	C6%	C8%	C9%
-	-	0.03	0.17	6.34	15.82	0.10
0	0	0.26	1.32	38.71	32.79	0.00
0	4	0.00	0.00	4.73	47.02	0.00
1	1	0.00	0.00	0.67	0.90	0.00
1	5	0.00	0.00	0.84	0.39	0.00
2	2	0.00	0.00	4.40	43.60	0.00
2	6	0.00	0.01	0.98	0.40	0.00
3	3	0.00	0.00	0.26	0.89	0.79
3	7	0.00	0.02	0.15	0.59	0.00
Core	CPU	C1%	C3%	C6%	C8%	C9%
-	-	0.04	0.07	6.42	16.24	0.00
0	0	0.31	0.57	38.64	33.27	0.00
0	4	0.00	0.02	8.22	73.44	0.00
1	1	0.00	0.00	0.90	1.20	0.00
1	5	0.00	0.00	0.47	1.29	0.00
2	2	0.00	0.00	1.67	16.64	0.00
2	6	0.00	0.00	0.45	1.48	0.00
3	3	0.00	0.00	0.73	1.19	0.00
3	7	0.00	0.00	0.30	1.39	0.00
Core	CPU	C1%	C3%	C6%	C8%	C9%
-	-	0.02	0.34	6.61	15.13	0.00
0	0	0.17	2.62	41.08	28.04	0.00
0	4	0.00	0.00	3.75	38.36	0.00
1	1	0.00	0.00	1.06	0.30	0.00
1	5	0.00	0.04	0.80	0.30	0.00
2	2	0.00	0.00	4.49	49.36	0.00
2	6	0.00	0.00	0.37	0.98	0.00
3	3	0.00	0.00	0.75	1.57	0.00
3	7	0.00	0.02	0.60	2.17	0.00
Core	CPU	C1%	C3%	C6%	C8%	C9%
-	-	0.02	0.10	6.53	16.12	0.00
0	0	0.20	0.71	38.83	33.15	0.00
0	4	0.00	0.00	3.58	30.12	0.00
1	1	0.00	0.00	1.16	0.40	0.00
1	5	0.00	0.00	1.14	0.69	0.00
2	2	0.00	0.01	5.76	60.17	0.00
2	6	0.00	0.02	0.29	1.58	0.00
3	3	0.00	0.00	0.29	1.68	0.00
3	7	0.00	0.05	1.23	1.18	0.00
Core	CPU	C1%	C3%	C6%	C8%	C9%
-	-	0.02	0.09	6.13	16.01	0.00
0	0	0.14	0.56	38.69	33.55	0.00
0	4	0.00	0.00	0.70	0.19	0.00
1	1	0.00	0.00	0.19	0.99	0.00
1	5	0.00	0.00	0.28	0.98	0.00
2	2	0.00	0.02	7.62	90.56	0.00
2	6	0.00	0.00	0.32	0.70	0.00
3	3	0.00	0.02	0.29	0.59	0.00
3	7	0.00	0.11	0.98	0.49	0.00
Core	CPU	C1%	C3%	C6%	C8%	C9%
-	-	0.02	0.22	6.72	15.40	0.00
0	0	0.17	1.65	40.88	30.35	0.00
0	4	0.00	0.00	3.88	17.30	0.00
1	1	0.00	0.00	0.32	0.89	0.00
1	5	0.00	0.00	0.20	1.19	0.00
2	2	0.00	0.00	6.47	70.92	0.00
2	6	0.00	0.00	0.28	1.28	0.00
3	3	0.00	0.00	0.45	0.89	0.00
3	7	0.00	0.09	1.30	0.40	0.00
Core	CPU	C1%	C3%	C6%	C8%	C9%
-	-	0.03	0.03	6.00	16.24	0.00
0	0	0.22	0.28	37.32	35.10	0.00
0	4	0.00	0.00	2.95	29.44	0.00
1	1	0.00	0.00	0.24	0.89	0.00
1	5	0.00	0.00	0.23	0.69	0.00
2	2	0.00	0.00	5.35	61.39	0.00
2	6	0.00	0.00	0.27	0.79	0.00
3	3	0.00	0.00	0.37	0.99	0.00
3	7	0.00	0.00	1.23	0.60	0.00
Core	CPU	C1%	C3%	C6%	C8%	C9%
-	-	0.03	0.28	6.32	15.24	0.00
0	0	0.18	2.26	38.27	31.24	0.00
0	4	0.00	0.00	5.03	31.00	0.00
1	1	0.00	0.00	0.15	1.29	0.00
1	5	0.00	0.00	0.13	0.99	0.00
2	2	0.02	0.00	5.77	54.94	0.00
2	6	0.00	0.00	0.10	0.89	0.00
3	3	0.00	0.00	0.38	0.59	0.00
3	7	0.00	0.00	0.74	0.99	0.00
Core	CPU	C1%	C3%	C6%	C8%	C9%
-	-	0.03	0.07	6.23	16.06	0.00
0	0	0.21	0.48	38.81	33.40	0.00
0	4	0.00	0.00	2.60	25.07	0.00
1	1	0.00	0.00	0.35	0.69	0.00
1	5	0.00	0.00	0.24	0.89	0.00
2	2	0.00	0.02	5.36	65.75	0.00
2	6	0.00	0.00	0.18	0.80	0.00
3	3	0.00	0.00	0.88	0.99	0.00
3	7	0.00	0.03	1.43	0.88	0.00
Core	CPU	C1%	C3%	C6%	C8%	C9%
-	-	0.04	0.09	6.24	15.90	0.00
0	0	0.30	0.65	38.59	33.25	0.00
0	4	0.00	0.00	8.10	78.48	0.00
1	1	0.00	0.00	0.28	1.29	0.00
1	5	0.00	0.00	0.27	0.79	0.00
2	2	0.00	0.00	1.31	11.34	0.00
2	6	0.00	0.00	0.32	1.39	0.00
3	3	0.00	0.01	0.30	0.30	0.00
3	7	0.00	0.04	0.73	0.40	0.00
Core	CPU	C1%	C3%	C6%	C8%	C9%
-	-	0.02	0.41	7.42	15.10	0.04
0	0	0.13	1.66	36.19	25.54	0.34
0	4	0.02	0.75	14.32	7.14	0.00
1	1	0.00	0.80	0.16	0.10	0.00
1	5	0.00	0.00	0.28	0.89	0.00
2	2	0.00	0.00	6.51	85.25	0.00
2	6	0.00	0.00	0.23	0.99	0.00
3	3	0.00	0.02	0.59	0.60	0.00
3	7	0.00	0.03	1.06	0.30	0.00
Core	CPU	C1%	C3%	C6%	C8%	C9%
-	-	0.04	0.07	6.23	16.20	0.00
0	0	0.35	0.43	38.24	33.72	0.00
0	4	0.00	0.00	8.72	89.39	0.00
1	1	0.00	0.00	0.71	0.59	0.00
1	5	0.00	0.00	0.20	1.19	0.00
2	2	0.00	0.00	0.39	1.19	0.00
2	6	0.00	0.00	0.47	1.28	0.00
3	3	0.00	0.00	0.36	1.08	0.00
3	7	0.00	0.13	0.78	1.18	0.00
Core	CPU	C1%	C3%	C6%	C8%	C9%
-	-	0.04	0.33	6.44	15.41	0.00
0	0	0.31	2.60	38.79	30.35	0.00
0	4	0.00	0.00	9.13	86.57	0.00
1	1	0.00	0.00	0.24	1.19	0.00
1	5	0.00	0.00	0.33	1.28	0.00
2	2	0.00	0.00	0.39	1.49	0.00
2	6	0.00	0.00	0.87	1.19	0.00
3	3	0.00	0.00	0.27	1.19	0.00
3	7	0.00	0.07	1.49	0.03	0.00
Core	CPU	C1%	C3%	C6%	C8%	C9%
-	-	0.03	0.25	7.58	18.62	0.00
0	0	0.20	1.75	45.84	25.61	0.00
0	4	0.00	0.00	9.65	79.48	0.00
1	1	0.00	0.00	0.75	3.46	0.00
1	5	0.01	0.18	0.98	29.08	0.00
2	2	0.00	0.00	1.38	9.17	0.00
2	6	0.00	0.00	0.82	0.79	0.00
3	3	0.00	0.00	0.10	0.60	0.00
3	7	0.00	0.06	1.10	0.79	0.00
Core	CPU	C1%	C3%	C6%	C8%	C9%
-	-	0.03	0.13	6.00	16.10	0.10
0	0	0.27	0.98	36.09	35.66	0.00
0	4	0.00	0.02	4.85	49.43	0.00
1	1	0.00	0.00	0.75	0.40	0.78
1	5	0.00	0.00	0.78	0.30	0.00
2	2	0.00	0.00	3.74	40.55	0.00
2	6	0.00	0.00	0.42	0.80	0.00
3	3	0.00	0.00	0.32	0.90	0.00
3	7	0.00	0.04	1.06	0.79	0.00
Core	CPU	C1%	C3%	C6%	C8%	C9%
-	-	0.04	0.09	6.56	15.96	0.00
0	0	0.30	0.63	39.77	32.14	0.00
0	4	0.00	0.00	9.04	89.08	0.00
1	1	0.00	0.00	0.54	0.69	0.00
1	5	0.00	0.00	0.32	1.19	0.00
2	2	0.00	0.00	0.20	1.38	0.00
2	6	0.00	0.00	0.79	1.47	0.00
3	3	0.00	0.00	0.77	1.38	0.00
3	7	0.00	0.07	1.07	0.40	0.00
Core	CPU	C1%	C3%	C6%	C8%	C9%
-	-	0.03	0.05	6.11	16.16	0.00
0	0	0.23	0.27	37.01	35.28	0.00
0	4	0.00	0.00	8.18	82.69	0.00
1	1	0.00	0.00	0.25	0.98	0.00
1	5	0.00	0.00	0.33	0.80	0.00
2	2	0.00	0.01	0.86	7.51	0.00
2	6	0.00	0.00	0.38	0.90	0.00
3	3	0.00	0.00	0.51	0.55	0.00
3	7	0.00	0.12	1.38	0.58	0.00
Core	CPU	C1%	C3%	C6%	C8%	C9%
-	-	0.02	0.35	6.23	15.33	0.01
0	0	0.13	2.78	39.77	29.59	0.00
0	4	0.00	0.00	1.91	18.46	0.00
1	1	0.00	0.00	0.48	0.59	0.00
1	5	0.00	0.00	0.37	0.69	0.00
2	2	0.00	0.00	5.91	70.86	0.00
2	6	0.00	0.00	0.23	1.27	0.00
3	3	0.00	0.00	0.10	0.80	0.00
3	7	0.00	0.04	1.09	0.39	0.11
Core	CPU	C1%	C3%	C6%	C8%	C9%
-	-	0.04	0.28	8.28	14.50	0.00
0	0	0.20	2.14	48.41	22.88	0.00
0	4	0.00	0.03	12.85	77.08	0.00
1	1	0.00	0.00	0.27	1.68	0.00
1	5	0.00	0.00	0.47	1.28	0.00
2	2	0.00	0.00	1.51	9.69	0.00
2	6	0.09	0.00	1.19	2.47	0.00
3	3	0.00	0.00	0.22	0.20	0.00
3	7	0.00	0.04	1.34	0.69	0.00
Core	CPU	C1%	C3%	C6%	C8%	C9%
-	-	0.02	0.26	7.10	15.25	0.10
0	0	0.19	1.94	43.34	27.55	0.00
0	4	0.00	0.00	10.99	86.82	0.00
1	1	0.00	0.00	0.47	2.78	0.78
1	5	0.00	0.03	0.20	0.70	0.00
2	2	0.00	0.00	0.30	1.39	0.00
2	6	0.00	0.00	0.19	1.18	0.00
3	3	0.00	0.00	0.27	1.07	0.00
3	7	0.00	0.10	1.05	0.49	0.00
Core	CPU	C1%	C3%	C6%	C8%	C9%
-	-	0.02	0.13	7.34	15.91	0.00
0	0	0.19	1.04	43.15	28.42	0.00
0	4	0.00	0.00	9.44	84.70	0.00
1	1	0.00	0.00	0.65	3.45	0.00
1	5	0.00	0.00	0.25	1.19	0.00
2	2	0.00	0.00	1.74	5.02	0.00
2	6	0.00	0.01	1.17	0.79	0.00
3	3	0.00	0.00	0.56	2.08	0.00
3	7	0.00	0.00	1.73	1.59	0.00
Core	CPU	C1%	C3%	C6%	C8%	C9%
-	-	0.01	0.26	7.57	14.95	0.21
0	0	0.04	1.98	49.99	21.07	0.00
0	4	0.00	0.02	2.00	1.59	1.67
1	1	0.00	0.00	0.43	0.89	0.00
1	5	0.00	0.00	0.29	1.18	0.00
2	2	0.00	0.00	6.38	91.78	0.00
2	6	0.00	0.00	0.34	1.29	0.00
3	3	0.00	0.00	0.22	0.40	0.00
3	7	0.00	0.10	0.87	1.40	0.00
Core	CPU	C1%	C3%	C6%	C8%	C9%
-	-	0.01	0.48	7.56	14.09	0.00
0	0	0.05	3.73	48.43	20.05	0.00
0	4	0.00	0.00	4.65	15.60	0.00
1	1	0.00	0.02	0.69	1.69	0.00
1	5	0.00	0.00	0.10	1.00	0.00
2	2	0.00	0.00	4.78	72.04	0.00
2	6	0.00	0.00	0.37	0.79	0.00
3	3	0.00	0.00	0.36	0.88	0.00
3	7	0.00	0.11	1.11	0.69	0.01
Core	CPU	C1%	C3%	C6%	C8%	C9%
-	-	0.01	0.27	8.42	14.92	0.03
0	0	0.04	1.40	43.41	20.24	0.23
0	4	0.00	0.70	13.78	1.03	0.00
1	1	0.00	0.00	0.27	2.58	0.00
1	5	0.00	0.00	0.64	1.49	0.00
2	2	0.00	0.00	6.75	91.57	0.00
2	6	0.00	0.02	0.99	0.40	0.00
3	3	0.00	0.00	0.20	1.58	0.00
3	7	0.00	0.08	1.30	0.49	0.00
Core	CPU	C1%	C3%	C6%	C8%	C9%
-	-	0.01	0.16	6.90	15.56	0.00
0	0	0.05	1.23	44.07	27.88	0.00
0	4	0.00	0.02	0.38	0.61	0.00
1	1	0.00	0.00	0.48	2.09	0.00
1	5	0.00	0.00	0.48	0.89	0.00
2	2	0.00	0.00	6.91	91.29	0.00
2	6	0.00	0.00	0.92	1.19	0.00
3	3	0.00	0.00	0.61	0.50	0.00
3	7	0.00	0.05	1.32	0.00	0.00
Core	CPU	C1%	C3%	C6%	C8%	C9%
-	-	1.44	0.63	6.71	14.78	0.79
0	0	0.31	1.78	32.61	19.63	0.12
0	4	0.00	0.00	1.38	0.61	5.40
1	1	11.21	3.23	11.82	1.09	0.00
1	5	0.00	0.01	0.32	0.99	0.00
2	2	0.00	0.00	5.57	92.73	0.00
2	6	0.00	0.00	0.20	0.88	0.00
3	3	0.00	0.00	0.51	0.79	0.81
3	7	0.00	0.00	1.25	1.49	0.00
Core	CPU	C1%	C3%	C6%	C8%	C9%
-	-	0.01	0.25	7.42	14.71	0.16
0	0	0.04	1.99	48.30	22.81	0.00
0	4	0.00	0.00	0.60	0.68	1.29
1	1	0.00	0.00	0.76	0.19	0.00
1	5	0.00	0.00	0.75	0.30	0.00
2	2	0.00	0.00	0.80	9.26	0.00
2	6	0.00	0.02	0.76	0.90	0.00
3	3	0.00	0.00	6.52	82.96	0.00
3	7	0.00	0.03	0.84	0.59	0.00
Core	CPU	C1%	C3%	C6%	C8%	C9%
-	-	0.00	0.54	7.79	13.62	0.90
0	0	0.04	4.32	52.85	15.19	0.00
0	4	0.00	0.02	0.69	0.11	4.75
1	1	0.00	0.00	0.69	0.90	0.00
1	5	0.00	0.00	0.19	0.79	0.00
2	2	0.00	0.00	0.36	0.79	0.00
2	6	0.00	0.00	0.36	0.88	0.00
3	3	0.00	0.00	6.20	89.64	0.00
3	7	0.00	0.01	1.00	0.69	2.42
Core	CPU	C1%	C3%	C6%	C8%	C9%
-	-	0.00	0.44	9.44	14.81	1.37
0	0	0.01	3.48	60.95	8.81	0.00
0	4	0.00	0.00	0.82	0.00	10.99
1	1	0.00	0.00	4.78	11.87	0.00
1	5	0.00	0.01	0.70	0.59	0.00
2	2	0.00	0.00	5.18	93.29	0.00
2	6	0.00	0.00	1.15	1.77	0.00
3	3	0.00	0.00	0.65	1.47	0.00
3	7	0.00	0.03	1.30	0.69	0.00
Core	CPU	C1%	C3%	C6%	C8%	C9%
-	-	0.00	0.38	8.58	14.04	0.65
0	0	0.02	3.00	57.61	12.54	0.00
0	4	0.00	0.00	1.64	0.11	5.17
1	1	0.00	0.00	0.36	4.67	0.00
1	5	0.00	0.00	0.35	0.89	0.00
2	2	0.00	0.00	6.24	92.21	0.00
2	6	0.00	0.01	0.88	0.00	0.00
3	3	0.00	0.00	0.39	1.18	0.00
3	7	0.00	0.03	1.18	0.70	0.00
Core	CPU	C1%	C3%	C6%	C8%	C9%
-	-	0.01	0.41	7.46	14.57	0.00
0	0	0.05	2.88	49.47	20.91	0.00
0	4	0.00	0.00	0.87	0.60	0.00
1	1	0.00	0.39	0.28	0.10	0.00
1	5	0.00	0.00	0.05	0.60	0.00
2	2	0.00	0.00	2.61	28.06	0.00
2	6	0.00	0.02	0.68	0.10	0.00
3	3	0.00	0.00	4.54	64.69	0.00
3	7	0.00	0.00	1.22	1.48	0.00
Core	CPU	C1%	C3%	C6%	C8%	C9%
-	-	0.00	0.28	7.66	14.37	0.16
0	0	0.02	2.25	52.25	18.49	0.00
0	4	0.00	0.02	0.80	0.19	1.29
1	1	0.00	0.00	0.39	0.70	0.00
1	5	0.00	0.00	0.29	0.69	0.00
2	2	0.00	0.00	5.71	92.66	0.00
2	6	0.00	0.00	0.55	0.89	0.00
3	3	0.00	0.00	0.32	0.61	0.00
3	7	0.00	0.00	0.99	0.70	0.00
Core	CPU	C1%	C3%	C6%	C8%	C9%
-	-	0.01	0.48	7.36	14.16	1.22
0	0	0.04	3.72	50.27	18.24	0.00
0	4	0.00	0.00	0.61	0.51	9.74
1	1	0.00	0.01	0.49	0.81	0.00
1	5	0.00	0.00	0.10	0.90	0.00
2	2	0.00	0.00	4.53	68.94	0.00
2	6	0.00	0.00	0.55	1.28	0.00
3	3	0.00	0.00	1.36	21.84	0.00
3	7	0.00	0.08	0.95	0.79	0.00
Core	CPU	C1%	C3%	C6%	C8%	C9%
-	-	0.00	0.28	7.52	14.61	0.49
0	0	0.02	2.19	51.85	19.04	0.00
0	4	0.00	0.00	0.97	0.99	3.88
1	1	0.00	0.00	0.29	1.30	0.00
1	5	0.00	0.00	0.14	0.99	0.00
2	2	0.00	0.02	0.68	0.41	0.00
2	6	0.00	0.00	0.10	1.00	0.00
3	3	0.00	0.00	5.45	92.93	0.00
3	7	0.00	0.03	0.72	0.20	0.00
Core	CPU	C1%	C3%	C6%	C8%	C9%
-	-	0.00	0.41	7.91	14.64	0.18
0	0	0.02	3.29	53.73	16.30	0.00
0	4	0.00	0.00	0.47	1.01	1.48
1	1	0.00	0.00	0.38	1.98	0.00
1	5	0.00	0.00	0.55	1.29	0.00
2	2	0.00	0.00	0.41	1.20	0.00
2	6	0.00	0.00	0.60	1.40	0.00
3	3	0.00	0.00	5.91	92.49	0.00
3	7	0.00	0.03	1.23	1.48	0.00
Core	CPU	C1%	C3%	C6%	C8%	C9%
-	-	0.00	0.31	7.69	17.89	0.99
0	0	0.03	2.24	52.17	19.25	0.00
0	4	0.00	0.00	0.28	0.71	7.09
1	1	0.00	0.00	0.17	2.09	0.82
1	5	0.01	0.15	0.88	25.76	0.00
2	2	0.00	0.00	0.47	1.07	0.00
2	6	0.00	0.00	0.36	0.89	0.00
3	3	0.00	0.00	6.29	92.15	0.00
3	7	0.00	0.08	0.87	1.18	0.00
Core	CPU	C1%	C3%	C6%	C8%	C9%
-	-	0.00	0.38	9.34	16.28	1.34
0	0	0.02	2.97	58.03	12.22	0.00
0	4	0.00	0.00	0.50	0.55	10.72
1	1	0.00	0.00	6.27	20.34	0.00
1	5	0.00	0.03	0.88	2.72	0.00
2	2	0.00	0.00	0.41	1.09	0.00
2	6	0.00	0.00	1.07	0.68	0.00
3	3	0.00	0.00	6.59	91.84	0.00
3	7	0.00	0.03	1.00	0.79	0.00
Core	CPU	C1%	C3%	C6%	C8%	C9%
-	-	0.01	0.51	7.34	14.57	0.04
0	0	0.05	4.10	49.63	18.74	0.00
0	4	0.00	0.00	1.06	1.00	0.34
1	1	0.00	0.00	0.33	2.88	0.00
1	5	0.00	0.00	0.36	0.79	0.00
2	2	0.00	0.00	0.49	1.60	0.00
2	6	0.00	0.00	0.32	1.09	0.00
3	3	0.00	0.00	6.25	89.75	0.00
3	7	0.01	0.00	0.25	0.70	0.00
Core	CPU	C1%	C3%	C6%	C8%	C9%
-	-	0.00	0.33	8.01	14.19	0.00
0	0	0.02	2.66	54.94	15.51	0.00
0	4	0.00	0.00	0.58	0.61	0.00
1	1	0.00	0.00	0.40	1.39	0.00
1	5	0.00	0.00	0.27	0.99	0.00
2	2	0.00	0.00	0.47	1.29	0.00
2	6	0.00	0.00	0.32	1.19	0.00
3	3	0.00	0.02	6.71	91.67	0.00
3	7	0.00	0.00	0.38	0.89	0.00
Core	CPU	C1%	C3%	C6%	C8%	C9%
-	-	0.00	0.36	7.33	14.60	0.00
0	0	0.02	2.84	49.68	20.65	0.00
0	4	0.00	0.00	0.76	0.20	0.00
1	1	0.00	0.00	0.19	0.89	0.00
1	5	0.00	0.00	0.54	0.60	0.00
2	2	0.00	0.00	0.47	1.41	0.00
2	6	0.00	0.00	0.14	0.59	0.00
3	3	0.00	0.02	6.65	91.71	0.00
3	7	0.00	0.00	0.19	0.79	0.00
Core	CPU	C1%	C3%	C6%	C8%	C9%
-	-	0.00	0.35	7.93	14.08	1.37
0	0	0.02	2.77	55.59	14.73	0.00
0	4	0.00	0.00	0.98	0.50	10.95
1	1	0.00	0.00	0.10	1.09	0.00
1	5	0.00	0.00	0.38	0.69	0.00
2	2	0.00	0.00	0.47	0.99	0.00
2	6	0.00	0.00	0.24	1.09	0.00
3	3	0.00	0.02	5.62	92.77	0.00
3	7	0.00	0.02	0.10	0.78	0.00
Core	CPU	C1%	C3%	C6%	C8%	C9%
-	-	0.00	0.38	8.39	13.73	0.32
0	0	0.01	3.02	57.04	13.09	0.00
0	4	0.00	0.00	1.41	0.10	2.57
1	1	0.00	0.00	0.63	0.10	0.00
1	5	0.00	0.02	0.70	0.20	0.00
2	2	0.00	0.01	0.41	1.19	0.00
2	6	0.00	0.00	0.39	1.38	0.00
3	3	0.00	0.00	6.28	92.14	0.00
3	7	0.00	0.00	0.27	1.67	0.00
Core	CPU	C1%	C3%	C6%	C8%	C9%
-	-	0.00	0.54	7.67	13.96	1.29
0	0	0.02	4.31	53.23	14.79	0.00
0	4	0.00	0.00	0.47	0.60	6.86
1	1	0.00	0.00	0.55	1.50	0.00
1	5	0.00	0.00	0.54	0.69	0.00
2	2	0.00	0.00	0.53	1.20	0.00
2	6	0.00	0.00	0.28	0.70	0.00
3	3	0.00	0.00	5.21	90.85	0.00
3	7	0.00	0.00	0.53	1.38	3.45
Core	CPU	C1%	C3%	C6%	C8%	C9%
-	-	0.00	0.32	7.86	14.35	0.02
0	0	0.02	2.54	54.50	16.06	0.00
0	4	0.00	0.01	0.61	1.00	0.18
1	1	0.00	0.00	0.38	1.01	0.00
1	5	0.00	0.00	0.37	1.10	0.00
2	2	0.00	0.00	0.65	1.20	0.00
2	6	0.00	0.00	0.24	1.00	0.00
3	3	0.00	0.00	5.88	92.50	0.00
3	7	0.00	0.00	0.27	0.90	0.00
Core	CPU	C1%	C3%	C6%	C8%	C9%
-	-	0.00	0.41	7.95	14.50	0.00
0	0	0.02	3.22	54.38	15.61	0.00
0	4	0.00	0.00	0.78	0.51	0.00
1	1	0.00	0.02	0.59	0.69	0.00
1	5	0.00	0.00	0.66	1.00	0.00
2	2	0.00	0.01	0.79	1.88	0.00
2	6	0.00	0.00	0.36	1.09	0.00
3	3	0.00	0.00	5.18	93.12	0.00
3	7	0.00	0.00	0.90	2.09	0.00
Core	CPU	C1%	C3%	C6%	C8%	C9%
-	-	0.00	0.32	7.95	14.60	0.33
0	0	0.02	2.50	53.15	17.37	0.00
0	4	0.00	0.00	0.96	2.37	2.68
1	1	0.00	0.00	0.39	1.49	0.00
1	5	0.00	0.00	0.14	0.99	0.00
2	2	0.00	0.05	0.63	1.49	0.00
2	6	0.00	0.00	0.10	1.19	0.00
3	3	0.00	0.02	7.91	90.46	0.00
3	7	0.00	0.00	0.33	1.47	0.00
Core	CPU	C1%	C3%	C6%	C8%	C9%
-	-	0.00	0.32	7.80	14.41	0.00
0	0	0.02	2.51	53.95	16.62	0.00
0	4	0.00	0.00	0.79	0.00	0.00
1	1	0.00	0.00	0.31	1.79	0.00
1	5	0.00	0.02	0.37	1.19	0.00
2	2	0.00	0.02	0.65	1.20	0.00
2	6	0.00	0.00	0.42	0.99	0.00
3	3	0.00	0.01	5.61	92.78	0.00
3	7	0.00	0.00	0.29	0.69	0.00
Core	CPU	C1%	C3%	C6%	C8%	C9%
-	-	0.00	0.57	7.82	13.74	1.24
0	0	0.03	4.50	53.98	13.87	0.00
0	4	0.00	0.00	0.76	0.15	9.95
1	1	0.00	0.02	0.79	1.38	0.00
1	5	0.00	0.00	0.79	0.39	0.00
2	2	0.00	0.01	0.71	1.46	0.00
2	6	0.00	0.00	0.27	1.28	0.00
3	3	0.00	0.00	5.20	90.78	0.00
3	7	0.00	0.00	0.03	0.59	0.00
Core	CPU	C1%	C3%	C6%	C8%	C9%
-	-	0.00	0.36	8.62	14.10	0.63
0	0	0.01	2.90	58.39	11.91	0.00
0	4	0.00	0.00	0.76	0.20	3.87
1	1	0.00	0.00	0.64	3.18	0.00
1	5	0.00	0.00	0.33	0.79	0.00
2	2	0.00	0.00	1.67	1.32	0.00
2	6	0.00	0.00	0.19	0.69	0.00
3	3	0.00	0.00	6.22	92.23	0.00
3	7	0.00	0.00	0.79	2.44	1.21
Core	CPU	C1%	C3%	C6%	C8%	C9%
-	-	0.00	0.48	8.66	14.18	1.54
0	0	0.02	3.84	58.25	11.24	0.00
0	4	0.00	0.00	1.88	0.90	12.33
1	1	0.00	0.00	0.32	3.18	0.00
1	5	0.00	0.00	0.37	0.89	0.00
2	2	0.00	0.00	1.33	1.20	0.00
2	6	0.00	0.00	0.41	1.59	0.00
3	3	0.00	0.01	6.33	92.13	0.00
3	7	0.00	0.03	0.39	2.28	0.00
Core	CPU	C1%	C3%	C6%	C8%	C9%
-	-	0.00	0.27	7.65	14.91	0.16
0	0	0.02	2.12	51.01	19.93	0.00
0	4	0.00	0.00	0.50	1.50	1.29
1	1	0.00	0.00	0.28	2.26	0.00
1	5	0.00	0.00	0.39	1.49	0.00
2	2	0.00	0.01	0.87	1.40	0.00
2	6	0.00	0.00	0.65	1.28	0.00
3	3	0.00	0.01	6.98	91.38	0.00
3	7	0.00	0.01	0.50	0.00	0.00
Core	CPU	C1%	C3%	C6%	C8%	C9%
-	-	0.00	0.30	7.75	14.40	1.52
0	0	0.02	2.42	52.95	17.71	0.00
0	4	0.00	0.00	0.78	0.89	11.15
1	1	0.00	0.00	0.14	1.10	0.00
1	5	0.00	0.00	0.23	0.89	0.00
2	2	0.00	0.00	0.41	1.20	0.00
2	6	0.00	0.00	0.10	0.99	0.00
3	3	0.00	0.00	6.65	91.74	0.00
3	7	0.00	0.00	0.76	0.70	1.01
Core	CPU	C1%	C3%	C6%	C8%	C9%
-	-	0.01	0.55	7.91	13.93	0.82
0	0	0.04	4.39	53.08	15.00	0.00
0	4	0.00	0.00	0.85	0.20	3.13
1	1	0.00	0.00	0.26	2.10	0.00
1	5	0.00	0.00	0.24	0.99	0.00
2	2	0.00	0.02	1.09	1.08	0.00
2	6	0.00	0.00	0.78	0.70	0.00
3	3	0.00	0.00	6.42	89.56	0.00
3	7	0.01	0.00	0.56	1.77	3.45
Core	CPU	C1%	C3%	C6%	C8%	C9%
-	-	0.00	0.29	7.66	14.44	0.25
0	0	0.03	2.28	51.58	19.17	0.00
0	4	0.00	0.02	1.26	0.30	0.00
1	1	0.00	0.00	0.19	0.40	0.00
1	5	0.00	0.00	0.19	0.79	0.00
2	2	0.00	0.00	1.01	0.89	0.00
2	6	0.00	0.00	0.44	1.59	0.00
3	3	0.00	0.02	6.55	91.80	0.00
3	7	0.00	0.00	0.08	0.60	2.00
Core	CPU	C1%	C3%	C6%	C8%	C9%
-	-	0.00	0.34	7.42	14.79	0.00
0	0	0.03	2.67	49.93	20.51	0.00
0	4	0.00	0.00	0.63	0.31	0.00
1	1	0.00	0.00	0.49	0.89	0.00
1	5	0.00	0.00	0.27	0.90	0.00
2	2	0.00	0.01	6.82	84.39	0.00
2	6	0.00	0.00	0.23	1.77	0.00
3	3	0.00	0.02	0.67	7.69	0.00
3	7	0.00	0.02	0.32	1.87	0.00
Core	CPU	C1%	C3%	C6%	C8%	C9%
-	-	0.00	0.30	7.89	14.35	0.23
0	0	0.02	2.35	53.14	17.60	0.00
0	4	0.00	0.02	1.13	0.09	0.82
1	1	0.00	0.00	0.29	1.10	0.00
1	5	0.00	0.00	0.28	1.29	0.00
2	2	0.00	0.00	1.34	9.65	0.00
2	6	0.00	0.00	0.35	0.79	0.00
3	3	0.00	0.00	5.63	83.92	0.00
3	7	0.00	0.00	0.99	0.40	0.99
Core	CPU	C1%	C3%	C6%	C8%	C9%
-	-	0.00	0.29	7.76	14.41	0.12
0	0	0.02	2.34	51.18	19.56	0.00
0	4	0.00	0.00	0.75	0.10	0.00
1	1	0.00	0.00	0.83	0.59	0.00
1	5	0.00	0.00	0.60	0.78	0.00
2	2	0.00	0.00	0.41	1.29	0.00
2	6	0.00	0.00	0.46	1.29	0.00
3	3	0.00	0.00	7.61	90.77	0.00
3	7	0.00	0.00	0.25	0.88	1.00
Core	CPU	C1%	C3%	C6%	C8%	C9%
-	-	0.21	0.61	7.64	17.89	0.80
0	0	0.04	3.72	45.87	17.66	0.00
0	4	0.00	0.00	1.54	1.39	6.41
1	1	1.57	0.96	4.85	2.58	0.00
1	5	0.01	0.17	0.74	29.23	0.00
2	2	0.00	0.00	0.45	1.40	0.00
2	6	0.00	0.02	0.20	0.99	0.00
3	3	0.00	0.02	7.06	88.87	0.00
3	7	0.07	0.00	0.40	0.99	0.00
Core	CPU	C1%	C3%	C6%	C8%	C9%
-	-	0.00	0.27	7.37	14.80	0.09
0	0	0.02	2.12	50.66	20.29	0.00
0	4	0.00	0.02	0.48	0.70	0.68
1	1	0.00	0.00	0.19	0.70	0.00
1	5	0.00	0.00	0.68	0.40	0.00
2	2	0.00	0.01	0.74	1.97	0.00
2	6	0.00	0.00	0.33	0.89	0.00
3	3	0.00	0.00	5.78	92.57	0.00
3	7	0.00	0.00	0.06	0.89	0.00
Core	CPU	C1%	C3%	C6%	C8%	C9%
-	-	0.00	0.31	7.28	15.07	0.00
0	0	0.03	2.45	47.65	23.10	0.00
0	4	0.00	0.00	1.45	0.00	0.00
1	1	0.00	0.00	0.43	1.38	0.00
1	5	0.00	0.00	0.32	1.09	0.00
2	2	0.00	0.02	1.73	4.93	0.00
2	6	0.00	0.00	0.49	1.37	0.00
3	3	0.00	0.00	5.90	87.72	0.00
3	7	0.00	0.00	0.25	0.98	0.00
Core	CPU	C1%	C3%	C6%	C8%	C9%
-	-	0.00	0.33	8.18	14.46	0.16
0	0	0.02	2.63	55.14	15.28	0.00
0	4	0.00	0.00	0.46	0.31	1.29
1	1	0.00	0.00	0.83	4.05	0.00
1	5	0.00	0.00	0.62	2.38	0.00
2	2	0.00	0.02	1.04	0.32	0.00
2	6	0.00	0.00	0.69	0.50	0.00
3	3	0.00	0.00	6.29	92.11	0.00
3	7	0.00	0.00	0.37	0.69	0.00
Core	CPU	C1%	C3%	C6%	C8%	C9%
-	-	0.00	0.37	8.53	14.53	1.13
0	0	0.02	2.91	57.68	12.58	0.00
0	4	0.00	0.02	1.56	0.71	9.08
1	1	0.00	0.00	1.81	6.22	0.00
1	5	0.00	0.00	0.29	0.79	0.00
2	2	0.00	0.05	0.92	0.90	0.00
2	6	0.00	0.00	0.25	0.89	0.00
3	3	0.00	0.00	5.57	92.86	0.00
3	7	0.00	0.00	0.18	1.33	0.00
Core	CPU	C1%	C3%	C6%	C8%	C9%
-	-	0.00	0.41	7.49	14.33	0.46
0	0	0.02	3.19	51.78	16.37	0.00
0	4	0.00	0.00	0.61	0.61	3.69
1	1	0.00	0.01	0.39	3.55	0.00
1	5	0.00	0.00	0.10	0.89	0.00
2	2	0.00	0.00	0.70	1.28	0.00
2	6	0.00	0.00	0.46	0.99	0.00
3	3	0.00	0.00	5.64	90.00	0.00
3	7	0.01	0.08	0.23	0.98	0.00
Core	CPU	C1%	C3%	C6%	C8%	C9%
-	-	0.00	0.30	7.65	14.32	0.87
0	0	0.02	2.40	52.84	17.84	0.00
0	4	0.00	0.00	0.55	0.49	6.96
1	1	0.00	0.00	0.15	1.29	0.00
1	5	0.00	0.00	0.43	0.89	0.00
2	2	0.00	0.01	0.41	0.61	0.00
2	6	0.00	0.00	0.10	0.89	0.00
3	3	0.00	0.00	6.35	92.04	0.00
3	7	0.00	0.00	0.34	0.49	0.00
Core	CPU	C1%	C3%	C6%	C8%	C9%
-	-	0.00	0.36	7.54	14.72	0.00
0	0	0.02	2.90	51.77	18.50	0.00
0	4	0.00	0.00	0.52	1.10	0.00
1	1	0.00	0.00	0.87	0.70	0.00
1	5	0.00	0.00	0.46	1.18	0.00
2	2	0.00	0.00	1.74	22.45	0.00
2	6	0.00	0.00	0.31	0.99	0.00
3	3	0.00	0.00	4.33	71.92	0.00
3	7	0.00	0.01	0.28	0.90	0.00
Core	CPU	C1%	C3%	C6%	C8%	C9%
-	-	0.00	0.28	7.26	14.89	0.90
0	0	0.03	2.15	49.91	20.82	0.00
0	4	0.00	0.00	0.71	1.51	7.18
1	1	0.00	0.02	0.50	0.59	0.00
1	5	0.00	0.00	0.10	1.19	0.00
2	2	0.00	0.01	0.50	0.98	0.00
2	6	0.00	0.00	0.28	0.88	0.00
3	3	0.00	0.00	5.99	92.35	0.00
3	7	0.00	0.03	0.14	0.79	0.00
Core	CPU	C1%	C3%	C6%	C8%	C9%
-	-	0.00	0.27	7.41	14.51	0.00
0	0	0.03	2.11	51.01	19.93	0.00
0	4	0.00	0.00	0.35	0.60	0.00
1	1	0.00	0.00	0.34	0.50	0.00
1	5	0.00	0.03	0.68	0.49	0.00
2	2	0.00	0.01	0.41	1.09	0.00
2	6	0.00	0.00	0.27	0.79	0.00
3	3	0.00	0.00	6.21	92.16	0.00
3	7	0.00	0.00	0.05	0.50	0.00
Core	CPU	C1%	C3%	C6%	C8%	C9%
-	-	0.00	0.50	7.33	13.99	0.21
0	0	0.03	4.00	51.03	17.19	0.00
0	4	0.00	0.00	0.59	0.19	0.00
1	1	0.00	0.00	0.27	0.79	0.00
1	5	0.00	0.00	0.36	1.09	0.00
2	2	0.00	0.00	0.36	0.79	0.00
2	6	0.00	0.00	0.13	0.99	0.00
3	3	0.00	0.00	5.50	90.32	0.00
3	7	0.00	0.00	0.38	0.59	1.66
Core	CPU	C1%	C3%	C6%	C8%	C9%
-	-	0.00	0.33	8.00	14.38	0.70
0	0	0.02	2.65	55.13	15.36	0.00
0	4	0.00	0.00	0.69	0.39	5.56
1	1	0.00	0.00	0.57	0.89	0.00
1	5	0.00	0.00	0.37	1.18	0.00
2	2	0.01	0.02	1.88	15.35	0.00
2	6	0.00	0.00	0.42	1.28	0.00
3	3	0.00	0.00	4.57	78.90	0.00
3	7	0.00	0.00	0.39	1.67	0.00
Core	CPU	C1%	C3%	C6%	C8%	C9%
-	-	0.01	0.33	7.20	15.01	0.34
0	0	0.05	2.54	47.69	22.87	0.00
0	4	0.00	0.09	2.03	0.20	2.76
1	1	0.00	0.02	0.46	1.20	0.00
1	5	0.00	0.01	0.20	1.09	0.00
2	2	0.00	0.00	5.10	69.84	0.00
2	6	0.00	0.00	0.28	0.98	0.00
3	3	0.00	0.00	1.66	23.04	0.00
3	7	0.00	0.00	0.23	0.88	0.00
Core	CPU	C1%	C3%	C6%	C8%	C9%
-	-	0.00	0.33	8.04	14.14	0.29
0	0	0.02	2.56	54.59	15.97	0.00
0	4	0.00	0.04	1.03	0.60	2.28
1	1	0.00	0.00	0.93	0.59	0.00
1	5	0.00	0.03	0.79	0.30	0.00
2	2	0.00	0.00	1.87	30.57	0.00
2	6	0.00	0.00	0.29	1.08	0.00
3	3	0.00	0.00	4.42	62.90	0.00
3	7	0.00	0.00	0.35	1.09	0.00
Core	CPU	C1%	C3%	C6%	C8%	C9%
-	-	0.00	0.28	7.39	14.70	0.81
0	0	0.03	2.27	51.65	19.12	0.00
0	4	0.00	0.01	0.53	0.99	6.45
1	1	0.00	0.00	0.27	1.19	0.00
1	5	0.00	0.00	0.36	0.69	0.00
2	2	0.00	0.00	0.24	2.46	0.00
2	6	0.00	0.00	0.22	1.19	0.00
3	3	0.00	0.00	5.47	91.32	0.00
3	7	0.00	0.00	0.38	0.59	0.00
Core	CPU	C1%	C3%	C6%	C8%	C9%
-	-	0.01	0.43	7.05	14.34	0.00
0	0	0.05	3.39	48.26	20.40	0.00
0	4	0.00	0.02	1.17	0.11	0.00
1	1	0.00	0.00	0.20	0.79	0.00
1	5	0.00	0.00	0.19	0.89	0.00
2	2	0.00	0.00	0.31	3.79	0.00
2	6	0.00	0.00	0.34	0.69	0.00
3	3	0.00	0.00	5.77	86.77	0.00
3	7	0.00	0.00	0.13	1.28	0.00
Core	CPU	C1%	C3%	C6%	C8%	C9%
-	-	0.01	0.29	8.01	14.24	0.40
0	0	0.02	2.24	51.81	18.94	0.00
0	4	0.00	0.01	1.30	1.08	3.19
1	1	0.00	0.00	0.92	0.29	0.00
1	5	0.00	0.01	0.89	0.30	0.00
2	2	0.00	0.00	0.29	1.19	0.00
2	6	0.00	0.00	0.18	0.89	0.00
3	3	0.00	0.02	8.26	90.07	0.00
3	7	0.02	0.02	0.40	1.19	0.02
Core	CPU	C1%	C3%	C6%	C8%	C9%
-	-	0.00	0.34	7.47	14.78	0.00
0	0	0.02	2.52	50.18	20.44	0.00
0	4	0.00	0.02	1.10	0.51	0.00
1	1	0.00	0.00	0.74	0.40	0.00
1	5	0.00	0.00	0.33	1.29	0.00
2	2	0.00	0.00	5.92	92.43	0.00
2	6	0.00	0.00	0.28	1.68	0.00
3	3	0.00	0.00	0.28	1.08	0.00
3	7	0.00	0.14	0.93	0.40	0.00
Core	CPU	C1%	C3%	C6%	C8%	C9%
-	-	0.00	0.28	7.52	14.63	0.26
0	0	0.02	2.21	51.71	19.16	0.00
0	4	0.00	0.00	0.88	0.09	2.11
1	1	0.00	0.00	0.28	0.98	0.00
1	5	0.00	0.00	0.36	1.38	0.00
2	2	0.00	0.00	5.41	92.94	0.00
2	6	0.00	0.00	0.15	0.99	0.00
3	3	0.00	0.00	0.20	1.09	0.00
3	7	0.00	0.03	1.14	0.40	0.00
Core	CPU	C1%	C3%	C6%	C8%	C9%
-	-	0.00	0.28	7.57	14.36	0.00
0	0	0.02	2.08	51.12	19.87	0.00
0	4	0.00	0.02	0.58	0.11	0.00
1	1	0.00	0.00	0.59	0.50	0.00
1	5	0.00	0.00	0.19	0.89	0.00
2	2	0.00	0.00	5.72	92.63	0.00
2	6	0.00	0.00	0.65	0.50	0.00
3	3	0.00	0.00	0.74	0.20	0.00
3	7	0.00	0.12	1.00	0.19	0.00
Core	CPU	C1%	C3%	C6%	C8%	C9%
-	-	0.02	0.46	7.35	14.22	0.00
0	0	0.14	3.66	49.26	19.27	0.00
0	4	0.00	0.00	1.18	0.30	0.00
1	1	0.00	0.00	0.24	0.50	0.00
1	5	0.00	0.00	0.23	1.10	0.00
2	2	0.00	0.00	5.56	81.58	0.00
2	6	0.00	0.00	0.20	1.08	0.00
3	3	0.00	0.00	0.95	9.46	0.00
3	7	0.01	0.06	1.20	0.50	0.00
Core	CPU	C1%	C3%	C6%	C8%	C9%
-	-	0.00	0.29	7.58	14.62	0.16
0	0	0.02	2.24	52.22	18.61	0.00
0	4	0.00	0.00	0.68	0.60	1.29
1	1	0.00	0.00	0.38	0.79	0.00
1	5	0.00	0.00	0.36	1.09	0.00
2	2	0.00	0.00	1.08	22.16	0.00
2	6	0.00	0.00	0.23	0.89	0.00
3	3	0.00	0.00	4.33	71.93	0.00
3	7	0.00	0.10	1.36	0.91	0.00
Core	CPU	C1%	C3%	C6%	C8%	C9%
-	-	0.26	0.49	8.43	18.10	0.00
0	0	0.03	2.97	49.87	16.44	0.00
0	4	0.00	0.00	0.72	0.21	0.00
1	1	2.00	0.63	6.46	5.18	0.00
1	5	0.02	0.19	0.71	29.77	0.00
2	2	0.00	0.00	0.46	0.89	0.00
2	6	0.00	0.00	0.37	0.99	0.00
3	3	0.00	0.00	7.62	90.71	0.00
3	7	0.00	0.14	1.27	0.60	0.00
Core	CPU	C1%	C3%	C6%	C8%	C9%
-	-	1.86	0.75	9.04	13.37	1.37
0	0	0.01	2.69	42.89	3.16	0.01
0	4	0.00	0.00	0.85	0.20	10.98
1	1	14.86	3.20	18.20	8.42	0.00
1	5	0.00	0.00	0.93	0.59	0.00
2	2	0.00	0.01	6.48	92.05	0.00
2	6	0.00	0.01	0.85	1.20	0.00
3	3	0.00	0.00	0.77	1.09	0.00
3	7	0.00	0.06	1.31	0.29	0.00
Core	CPU	C1%	C3%	C6%	C8%	C9%
-	-	0.69	0.46	8.30	14.91	0.26
0	0	0.01	2.37	48.22	12.67	0.01
0	4	0.00	0.00	1.47	1.60	2.05
1	1	5.52	1.23	8.85	9.77	0.00
1	5	0.00	0.00	0.27	0.88	0.00
2	2	0.00	0.00	5.99	92.46	0.00
2	6	0.00	0.00	0.43	0.80	0.00
3	3	0.00	0.01	0.36	0.50	0.00
3	7	0.00	0.11	0.83	0.58	0.00
Core	CPU	C1%	C3%	C6%	C8%	C9%
-	-	0.61	0.64	7.04	14.06	0.00
0	0	0.28	3.49	42.64	18.27	0.00
0	4	0.00	0.00	0.37	1.19	0.00
1	1	0.00	0.00	0.49	0.61	0.00
1	5	0.00	0.00	0.20	0.98	0.00
2	2	0.00	0.02	3.95	53.07	0.00
2	6	0.00	0.00	0.35	0.69	0.00
3	3	0.00	0.00	2.59	37.02	0.00
3	7	4.59	1.62	5.74	0.61	0.00
Core	CPU	C1%	C3%	C6%	C8%	C9%
-	-	0.00	0.31	7.75	14.39	0.00
0	0	0.02	2.48	53.91	16.74	0.00
0	4	0.00	0.00	0.52	0.40	0.00
1	1	0.00	0.00	0.54	1.50	0.00
1	5	0.00	0.00	0.23	0.89	0.00
2	2	0.00	0.04	0.69	1.00	0.00
2	6	0.00	0.00	0.28	0.99	0.00
3	3	0.00	0.00	5.38	93.03	0.00
3	7	0.00	0.00	0.46	0.59	0.00
Core	CPU	C1%	C3%	C6%	C8%	C9%
-	-	0.01	0.25	6.80	15.38	0.31
0	0	0.10	1.96	42.89	28.03	0.00
0	4	0.00	0.00	4.43	40.09	1.59
1	1	0.00	0.00	0.37	1.28	0.00
1	5	0.00	0.00	0.25	0.99	0.00
2	2	0.00	0.04	4.87	50.52	0.00
2	6	0.00	0.02	0.89	0.30	0.00
3	3	0.00	0.00	0.37	0.89	0.89
3	7	0.00	0.00	0.36	0.98	0.00
Core	CPU	C1%	C3%	C6%	C8%	C9%
-	-	0.01	0.23	7.43	14.82	0.37
0	0	0.04	1.83	49.73	21.29	0.00
0	4	0.00	0.01	1.90	10.33	2.96
1	1	0.00	0.00	0.20	1.38	0.00
1	5	0.00	0.00	0.27	1.20	0.00
2	2	0.00	0.00	6.20	82.67	0.00
2	6	0.00	0.00	0.34	0.89	0.00
3	3	0.00	0.02	0.50	0.31	0.00
3	7	0.00	0.00	0.30	0.50	0.00
Core	CPU	C1%	C3%	C6%	C8%	C9%
-	-	0.63	0.33	6.78	14.55	0.03
0	0	0.11	1.02	37.00	23.63	0.27
0	4	0.00	0.00	9.30	71.91	0.00
1	1	4.94	1.56	5.14	0.40	0.00
1	5	0.00	0.00	0.09	0.60	0.00
2	2	0.00	0.00	1.41	17.10	0.00
2	6	0.00	0.00	0.37	1.48	0.00
3	3	0.00	0.00	0.44	0.60	0.00
3	7	0.00	0.06	0.51	0.69	0.00
Core	CPU	C1%	C3%	C6%	C8%	C9%
-	-	2.39	0.95	6.38	12.97	0.25
0	0	0.15	3.19	28.30	8.23	0.00
0	4	0.00	0.00	0.86	3.83	2.00
1	1	18.96	4.38	15.26	1.39	0.00
1	5	0.00	0.00	0.23	1.09	0.00
2	2	0.00	0.01	4.79	87.22	0.00
2	6	0.00	0.00	0.00	0.60	0.00
3	3	0.00	0.00	0.98	1.38	0.00
3	7	0.00	0.00	0.59	0.00	0.03
Core	CPU	C1%	C3%	C6%	C8%	C9%
-	-	0.02	0.13	6.97	15.08	0.00
0	0	0.14	1.04	43.49	28.27	0.00
0	4	0.00	0.00	6.46	62.87	0.00
1	1	0.00	0.01	0.46	0.89	0.00
1	5	0.00	0.00	0.35	0.30	0.00
2	2	0.00	0.00	2.94	26.99	0.00
2	6	0.00	0.01	1.08	0.30	0.00
3	3	0.00	0.00	0.30	0.59	0.00
3	7	0.00	0.00	0.67	0.41	0.00
Core	CPU	C1%	C3%	C6%	C8%	C9%
-	-	0.00	0.50	8.61	14.46	0.93
0	0	0.02	3.98	57.85	11.45	0.00
0	4	0.00	0.02	1.80	1.48	6.59
1	1	0.00	0.00	1.91	5.65	0.00
1	5	0.00	0.00	0.28	0.99	0.00
2	2	0.00	0.00	5.86	92.52	0.00
2	6	0.00	0.00	0.44	1.09	0.00
3	3	0.00	0.00	0.51	1.19	0.89
3	7	0.00	0.01	0.28	1.30	0.00
Core	CPU	C1%	C3%	C6%	C8%	C9%
-	-	0.01	0.33	8.73	13.72	0.82
0	0	0.06	2.62	55.25	15.10	0.00
0	4	0.00	0.03	7.91	49.61	6.54
1	1	0.00	0.00	0.86	1.29	0.00
1	5	0.00	0.03	0.99	0.40	0.00
2	2	0.00	0.00	2.95	38.61	0.00
2	6	0.00	0.00	0.48	1.18	0.00
3	3	0.00	0.00	0.66	0.79	0.00
3	7	0.00	0.00	0.71	2.78	0.00
Core	CPU	C1%	C3%	C6%	C8%	C9%
-	-	0.02	0.04	6.28	15.99	0.00
0	0	0.19	0.32	37.15	35.15	0.00
0	4	0.00	0.00	9.02	89.01	0.00
1	1	0.00	0.00	1.06	0.79	0.00
1	5	0.00	0.00	0.65	0.00	0.00
2	2	0.00	0.00	1.04	1.11	0.00
2	6	0.00	0.00	0.68	0.30	0.00
3	3	0.00	0.00	0.20	1.18	0.00
3	7	0.00	0.00	0.47	0.39	0.00
Core	CPU	C1%	C3%	C6%	C8%	C9%
-	-	0.02	0.23	6.71	14.99	0.00
0	0	0.12	1.82	42.35	26.85	0.00
0	4	0.00	0.01	7.31	54.17	0.00
1	1	0.00	0.00	0.20	0.88	0.00
1	5	0.00	0.00	0.27	0.79	0.00
2	2	0.00	0.01	2.81	33.19	0.00
2	6	0.00	0.00	0.24	1.49	0.00
3	3	0.00	0.02	0.29	0.90	0.00
3	7	0.01	0.00	0.23	1.67	0.00
Core	CPU	C1%	C3%	C6%	C8%	C9%
-	-	2.94	1.12	8.00	10.39	0.56
0	0	0.84	1.13	12.73	4.41	4.45
0	4	0.00	0.00	24.83	74.01	0.00
1	1	0.00	0.00	0.19	0.99	0.00
1	5	0.00	0.00	0.27	0.79	0.00
2	2	13.68	4.31	14.62	0.39	0.00
2	6	9.04	3.40	10.22	0.88	0.00
3	3	0.00	0.02	0.59	0.60	0.00
3	7	0.00	0.09	0.51	1.08	0.00
Core	CPU	C1%	C3%	C6%	C8%	C9%
-	-	1.17	0.79	9.99	11.82	0.29
0	0	0.36	3.53	42.42	8.16	2.35
0	4	0.00	0.02	19.78	73.14	0.00
1	1	0.00	0.00	0.81	1.79	0.00
1	5	0.00	0.00	0.79	1.58	0.00
2	2	0.00	0.00	1.72	6.51	0.00
2	6	9.02	2.72	11.79	0.20	0.00
3	3	0.00	0.00	0.53	1.87	0.00
3	7	0.00	0.06	2.11	1.29	0.00
Core	CPU	C1%	C3%	C6%	C8%	C9%
-	-	0.02	0.12	6.86	15.51	0.00
0	0	0.14	0.90	41.80	29.99	0.00
0	4	0.00	0.00	9.61	82.99	0.00
1	1	0.00	0.00	0.36	0.69	0.00
1	5	0.00	0.00	0.44	0.99	0.00
2	2	0.00	0.02	0.47	6.52	0.00
2	6	0.00	0.00	0.68	1.29	0.00
3	3	0.00	0.00	0.68	0.80	0.00
3	7	0.00	0.03	0.82	0.79	0.00
Core	CPU	C1%	C3%	C6%	C8%	C9%
-	-	0.02	0.14	6.61	15.47	0.11
0	0	0.12	0.99	42.50	29.28	0.00
0	4	0.00	0.00	6.45	58.98	0.91
1	1	0.00	0.00	0.18	0.89	0.00
1	5	0.00	0.00	0.37	0.80	0.00
2	2	0.00	0.00	1.91	31.90	0.00
2	6	0.00	0.00	0.23	1.09	0.00
3	3	0.00	0.01	0.30	0.40	0.00
3	7	0.00	0.10	0.90	0.40	0.00
Core	CPU	C1%	C3%	C6%	C8%	C9%
-	-	0.00	0.52	7.65	14.03	0.55
0	0	0.03	4.08	51.41	16.95	0.00
0	4	0.00	0.00	1.28	1.49	4.40
1	1	0.00	0.02	0.24	1.51	0.00
1	5	0.00	0.02	0.00	0.60	0.00
2	2	0.00	0.00	6.36	89.78	0.00
2	6	0.00	0.00	0.36	0.79	0.00
3	3	0.00	0.00	0.35	0.60	0.00
3	7	0.00	0.03	1.21	0.50	0.00
Core	CPU	C1%	C3%	C6%	C8%	C9%
-	-	0.01	0.30	8.12	13.95	0.00
0	0	0.09	2.28	50.60	20.03	0.00
0	4	0.00	0.03	11.74	79.37	0.00
1	1	0.00	0.00	0.35	0.89	0.00
1	5	0.00	0.00	0.23	0.50	0.00
2	2	0.00	0.00	0.68	7.87	0.00
2	6	0.00	0.00	0.10	0.98	0.00
3	3	0.00	0.00	0.27	0.89	0.00
3	7	0.00	0.13	0.95	1.10	0.00
Core	CPU	C1%	C3%	C6%	C8%	C9%
-	-	0.02	0.17	6.50	15.51	0.11
0	0	0.16	1.31	38.73	32.72	0.00
0	4	0.00	0.01	9.90	88.07	0.00
1	1	0.00	0.00	0.26	0.80	0.00
1	5	0.00	0.00	0.15	0.79	0.00
2	2	0.00	0.00	0.89	0.49	0.88
2	6	0.00	0.00	0.79	0.49	0.00
3	3	0.00	0.00	0.30	0.59	0.00
3	7	0.00	0.05	1.02	0.10	0.00
Core	CPU	C1%	C3%	C6%	C8%	C9%
-	-	0.68	0.51	7.37	17.06	0.34
0	0	0.11	1.40	39.22	21.46	0.98
0	4	0.00	0.00	10.08	83.27	1.70
1	1	0.21	0.29	1.32	0.49	0.00
1	5	0.01	0.08	1.02	29.69	0.00
2	2	5.10	2.21	6.22	0.69	0.00
2	6	0.00	0.00	0.14	0.60	0.00
3	3	0.00	0.02	0.30	0.30	0.00
3	7	0.00	0.09	0.70	0.00	0.00
Core	CPU	C1%	C3%	C6%	C8%	C9%
-	-	0.02	0.23	7.96	14.19	0.18
0	0	0.13	1.72	47.82	23.49	0.00
0	4	0.00	0.03	9.80	58.21	1.42
1	1	0.00	0.00	0.78	0.90	0.00
1	5	0.00	0.00	0.77	0.59	0.00
2	2	0.00	0.00	2.96	28.55	0.00
2	6	0.00	0.00	0.24	1.19	0.00
3	3	0.00	0.02	0.30	0.31	0.00
3	7	0.00	0.10	1.00	0.30	0.00
Core	CPU	C1%	C3%	C6%	C8%	C9%
-	-	0.02	0.42	8.95	13.35	0.44
0	0	0.17	2.03	44.21	14.73	0.04
0	4	0.00	1.22	22.65	66.31	0.00
1	1	0.00	0.01	1.28	4.01	0.00
1	5	0.00	0.00	0.49	0.99	0.00
2	2	0.00	0.00	1.16	18.49	0.00
2	6	0.00	0.00	0.36	0.39	0.00
3	3	0.00	0.00	0.35	1.37	0.00
3	7	0.00	0.10	1.13	0.50	3.45
Core	CPU	C1%	C3%	C6%	C8%	C9%
-	-	0.61	0.47	8.58	12.64	0.08
0	0	0.05	2.04	46.64	13.02	0.61
0	4	0.00	0.00	13.29	60.81	0.00
1	1	0.00	0.00	0.31	1.39	0.00
1	5	0.00	0.00	0.10	1.00	0.00
2	2	4.80	1.58	6.74	22.63	0.00
2	6	0.00	0.00	0.36	0.89	0.00
3	3	0.00	0.00	0.35	0.79	0.00
3	7	0.00	0.12	0.89	0.60	0.00
Core	CPU	C1%	C3%	C6%	C8%	C9%
-	-	0.00	0.43	10.12	14.67	0.11
0	0	0.02	3.35	56.43	12.09	0.00
0	4	0.00	0.00	15.50	82.66	0.00
1	1	0.00	0.00	6.18	17.21	0.00
1	5	0.00	0.00	0.33	1.19	0.00
2	2	0.00	0.01	0.79	1.31	0.00
2	6	0.00	0.00	0.19	1.29	0.00
3	3	0.00	0.00	0.37	0.98	0.88
3	7	0.00	0.07	1.19	0.59	0.00
Core	CPU	C1%	C3%	C6%	C8%	C9%
-	-	0.00	0.39	9.29	12.86	0.00
0	0	0.03	2.99	57.67	11.98	0.00
0	4	0.00	0.00	10.44	44.20	0.00
1	1	0.00	0.00	0.28	1.59	0.00
1	5	0.00	0.00	0.36	0.80	0.00
2	2	0.00	0.00	2.97	43.06	0.00
2	6	0.00	0.00	0.32	1.09	0.00
3	3	0.00	0.00	0.89	0.10	0.00
3	7	0.00	0.12	1.37	0.10	0.00
Core	CPU	C1%	C3%	C6%	C8%	C9%
-	-	0.01	0.22	8.24	14.22	0.00
0	0	0.04	1.64	51.92	18.47	0.00
0	4	0.00	0.02	6.93	38.31	0.00
1	1	0.00	0.00	0.78	1.80	0.00
1	5	0.00	0.00	0.29	1.28	0.00
2	2	0.00	0.00	3.83	50.96	0.00
2	6	0.00	0.00	0.45	1.09	0.00
3	3	0.00	0.00	0.42	1.39	0.00
3	7	0.00	0.08	1.33	0.49	0.00
Core	CPU	C1%	C3%	C6%	C8%	C9%
-	-	0.01	0.28	6.54	15.25	0.30
0	0	0.05	2.21	43.23	25.74	0.00
0	4	0.00	0.00	0.75	0.00	0.00
1	1	0.00	0.00	0.23	3.01	0.00
1	5	0.00	0.02	0.40	1.48	0.00
2	2	0.00	0.00	5.72	90.17	0.00
2	6	0.00	0.00	0.58	1.08	0.00
3	3	0.00	0.00	0.46	0.49	0.00
3	7	0.01	0.02	0.97	0.00	2.38
Core	CPU	C1%	C3%	C6%	C8%	C9%
-	-	1.10	0.38	6.46	14.56	0.06
0	0	0.26	0.70	30.42	23.74	0.50
0	4	0.00	0.02	4.96	18.00	0.00
1	1	8.51	2.25	8.81	1.34	0.00
1	5	0.00	0.00	0.23	0.99	0.00
2	2	0.00	0.01	5.78	70.43	0.00
2	6	0.00	0.00	0.30	0.88	0.00
3	3	0.00	0.00	0.28	0.79	0.00
3	7	0.00	0.08	0.90	0.29	0.00
Core	CPU	C1%	C3%	C6%	C8%	C9%
-	-	0.02	0.18	6.59	15.88	0.00
0	0	0.17	1.43	40.13	31.58	0.00
0	4	0.00	0.00	2.45	8.89	0.00
1	1	0.00	0.00	1.17	0.30	0.00
1	5	0.00	0.00	0.36	0.98	0.00
2	2	0.00	0.00	6.66	82.75	0.00
2	6	0.00	0.00	0.31	1.09	0.00
3	3	0.00	0.01	0.29	1.10	0.00
3	7	0.00	0.00	1.36	0.39	0.00
Core	CPU	C1%	C3%	C6%	C8%	C9%
-	-	0.02	0.02	5.89	16.45	0.00
0	0	0.18	0.12	36.62	36.25	0.00
0	4	0.00	0.02	1.15	5.17	0.00
1	1	0.00	0.00	0.20	0.99	0.00
1	5	0.00	0.00	0.19	0.99	0.00
2	2	0.00	0.00	7.33	85.68	0.00
2	6	0.00	0.00	0.26	0.69	0.00
3	3	0.00	0.00	0.32	1.10	0.00
3	7	0.00	0.02	1.07	0.75	0.00
Core	CPU	C1%	C3%	C6%	C8%	C9%
-	-	0.04	0.08	6.37	15.87	0.00
0	0	0.29	0.65	40.16	31.96	0.00
0	4	0.00	0.02	6.68	67.24	0.00
1	1	0.00	0.00	0.49	0.40	0.00
1	5	0.00	0.00	0.37	0.90	0.00
2	2	0.00	0.00	1.57	24.03	0.00
2	6	0.00	0.00	0.42	0.90	0.00
3	3	0.00	0.00	0.31	0.90	0.00
3	7	0.00	0.00	0.93	0.61	0.00
Core	CPU	C1%	C3%	C6%	C8%	C9%
-	-	0.02	0.53	7.86	14.26	0.16
0	0	0.03	4.22	52.43	15.93	0.00
0	4	0.00	0.00	0.61	0.69	1.29
1	1	0.00	0.02	1.13	3.88	0.00
1	5	0.10	0.01	0.70	0.30	0.00
2	2	0.00	0.00	6.21	89.84	0.00
2	6	0.00	0.01	0.28	1.09	0.00
3	3	0.00	0.00	0.57	1.18	0.00
3	7	0.01	0.02	0.94	1.18	0.00
Core	CPU	C1%	C3%	C6%	C8%	C9%
-	-	0.00	0.17	6.97	15.26	0.00
0	0	0.03	1.33	45.20	26.48	0.00
0	4	0.00	0.00	1.22	0.80	0.00
1	1	0.00	0.02	0.89	0.49	0.00
1	5	0.00	0.01	0.44	0.69	0.00
2	2	0.00	0.00	6.46	91.83	0.00
2	6	0.00	0.00	0.68	0.10	0.00
3	3	0.00	0.00	0.18	0.89	0.00
3	7	0.00	0.01	0.67	0.78	0.00
Core	CPU	C1%	C3%	C6%	C8%	C9%
-	-	0.01	0.29	7.29	14.69	0.11
0	0	0.05	2.32	47.59	23.16	0.00
0	4	0.00	0.00	1.06	1.37	0.88
1	1	0.00	0.00	0.88	0.30	0.00
1	5	0.00	0.00	0.96	0.49	0.00
2	2	0.00	0.00	2.72	34.78	0.00
2	6	0.00	0.00	0.23	0.90	0.00
3	3	0.00	0.00	4.19	55.79	0.00
3	7	0.00	0.00	0.70	0.71	0.00
Core	CPU	C1%	C3%	C6%	C8%	C9%
-	-	0.00	0.30	7.61	15.05	0.09
0	0	0.02	2.33	51.72	19.05	0.00
0	4	0.00	0.00	1.03	0.00	0.70
1	1	0.00	0.02	0.84	4.16	0.00
1	5	0.00	0.00	0.29	1.20	0.00
2	2	0.00	0.00	1.41	19.27	0.00
2	6	0.00	0.00	0.36	0.79	0.00
3	3	0.00	0.00	4.67	74.24	0.00
3	7	0.00	0.03	0.59	1.69	0.00
Core	CPU	C1%	C3%	C6%	C8%	C9%
-	-	0.01	0.16	6.77	15.30	0.00
0	0	0.04	1.32	45.35	26.37	0.00
0	4	0.00	0.00	0.64	0.00	0.00
1	1	0.00	0.00	0.29	0.90	0.00
1	5	0.00	0.00	0.19	0.60	0.00
2	2	0.00	0.00	6.44	86.34	0.00
2	6	0.00	0.00	0.28	1.18	0.00
3	3	0.00	0.00	0.63	6.20	0.00
3	7	0.00	0.00	0.36	0.79	0.00
Core	CPU	C1%	C3%	C6%	C8%	C9%
-	-	0.01	0.45	7.13	14.64	0.16
0	0	0.05	3.61	48.15	20.63	0.00
0	4	0.00	0.03	1.06	0.51	1.29
1	1	0.00	0.00	0.36	0.99	0.00
1	5	0.00	0.00	0.24	1.19	0.00
2	2	0.00	0.00	0.98	6.90	0.00
2	6	0.00	0.00	0.47	1.29	0.00
3	3	0.00	0.00	5.17	84.35	0.00
3	7	0.01	0.00	0.58	1.29	0.00
Core	CPU	C1%	C3%	C6%	C8%	C9%
-	-	0.00	0.17	6.70	15.62	0.00
0	0	0.04	1.34	45.04	26.64	0.00
0	4	0.00	0.00	0.50	0.30	0.00
1	1	0.00	0.00	0.34	1.28	0.00
1	5	0.00	0.00	0.37	1.28	0.00
2	2	0.00	0.00	0.34	1.09	0.00
2	6	0.00	0.00	0.13	1.09	0.00
3	3	0.00	0.01	6.34	91.95	0.00
3	7	0.00	0.00	0.54	1.30	0.00
Core	CPU	C1%	C3%	C6%	C8%	C9%
-	-	0.00	0.30	7.23	14.90	0.00
0	0	0.04	2.41	47.78	22.89	0.00
0	4	0.00	0.00	0.83	0.10	0.00
1	1	0.00	0.00	0.92	0.39	0.00
1	5	0.00	0.00	0.97	0.30	0.00
2	2	0.00	0.00	0.29	1.08	0.00
2	6	0.00	0.00	0.46	1.28	0.00
3	3	0.00	0.00	6.08	92.04	0.00
3	7	0.00	0.00	0.50	1.08	0.00
Core	CPU	C1%	C3%	C6%	C8%	C9%
-	-	0.00	0.24	7.27	14.90	0.00
0	0	0.03	1.91	49.10	22.11	0.00
0	4	0.00	0.00	0.66	0.21	0.00
1	1	0.00	0.00	0.22	1.39	0.00
1	5	0.00	0.00	0.53	0.60	0.00
2	2	0.00	0.00	6.19	92.13	0.00
2	6	0.00	0.00	0.20	1.09	0.00
3	3	0.00	0.00	0.77	0.69	0.00
3	7	0.00	0.00	0.48	1.00	0.00
Core	CPU	C1%	C3%	C6%	C8%	C9%
-	-	0.01	0.06	6.28	16.16	0.00
0	0	0.07	0.50	39.31	33.15	0.00
0	4	0.00	0.00	1.26	0.70	0.00
1	1	0.00	0.00	0.36	1.38	0.00
1	5	0.00	0.00	0.37	0.89	0.00
2	2	0.00	0.00	7.39	90.84	0.00
2	6	0.00	0.00	0.33	0.49	0.00
3	3	0.00	0.01	0.69	0.40	0.00
3	7	0.00	0.00	0.50	1.39	0.00
Core	CPU	C1%	C3%	C6%	C8%	C9%
-	-	0.01	0.36	6.68	15.03	0.00
0	0	0.09	2.83	43.30	25.90	0.00
0	4	0.00	0.00	0.62	0.21	0.00
1	1	0.00	0.00	0.26	1.78	0.00
1	5	0.00	0.00	0.30	1.18	0.00
2	2	0.00	0.00	6.25	89.40	0.00
2	6	0.00	0.00	0.45	0.69	0.00
3	3	0.00	0.00	1.02	0.50	0.00
3	7	0.00	0.02	1.24	0.60	0.00
Core	CPU	C1%	C3%	C6%	C8%	C9%
-	-	0.41	0.43	7.75	18.21	0.00
0	0	0.02	2.17	48.27	17.43	0.00
0	4	0.00	0.00	0.85	0.40	0.00
1	1	3.19	0.98	4.85	1.68	0.00
1	5	0.01	0.23	0.97	29.36	0.00
2	2	0.00	0.01	5.68	92.73	0.00
2	6	0.07	0.00	0.29	1.28	0.00
3	3	0.00	0.00	0.28	0.89	0.00
3	7	0.00	0.06	0.80	1.90	0.00
Core	CPU	C1%	C3%	C6%	C8%	C9%
-	-	0.01	0.33	7.29	14.79	0.64
0	0	0.04	2.52	48.37	22.48	0.00
0	4	0.00	0.00	0.28	0.41	5.16
1	1	0.00	0.00	0.66	0.49	0.00
1	5	0.00	0.00	0.84	0.30	0.00
2	2	0.00	0.00	6.34	91.81	0.00
2	6	0.00	0.00	0.50	0.20	0.00
3	3	0.00	0.00	0.38	1.38	0.00
3	7	0.00	0.10	0.96	1.27	0.00
Core	CPU	C1%	C3%	C6%	C8%	C9%
-	-	0.02	0.20	6.96	14.96	0.16
0	0	0.17	1.53	45.28	26.01	0.00
0	4	0.00	0.01	1.43	0.30	1.29
1	1	0.00	0.00	0.19	0.40	0.00
1	5	0.00	0.00	0.18	0.90	0.00
2	2	0.00	0.00	1.30	15.27	0.00
2	6	0.00	0.00	0.24	0.50	0.00
3	3	0.00	0.02	6.13	76.14	0.00
3	7	0.00	0.07	0.93	0.20	0.00
Core	CPU	C1%	C3%	C6%	C8%	C9%
-	-	0.01	0.15	6.70	15.41	0.00
0	0	0.05	1.15	42.82	28.92	0.00
0	4	0.00	0.00	0.74	0.00	0.00
1	1	0.00	0.00	0.72	0.20	0.00
1	5	0.00	0.00	0.60	0.50	0.00
2	2	0.00	0.00	5.67	75.53	0.00
2	6	0.00	0.00	0.47	1.29	0.00
3	3	0.00	0.00	1.57	16.55	0.00
3	7	0.00	0.03	1.00	0.29	0.00
Core	CPU	C1%	C3%	C6%	C8%	C9%
-	-	0.01	0.36	6.54	14.91	0.00
0	0	0.07	2.80	42.34	27.02	0.00
0	4	0.00	0.00	0.47	0.40	0.00
1	1	0.00	0.00	0.56	0.30	0.00
1	5	0.00	0.00	0.24	0.70	0.00
2	2	0.00	0.00	6.78	88.95	0.00
2	6	0.00	0.01	0.88	0.20	0.00
3	3	0.00	0.00	0.20	0.98	0.00
3	7	0.00	0.08	0.83	0.69	0.00
Core	CPU	C1%	C3%	C6%	C8%	C9%
-	-	0.01	0.15	6.58	15.44	0.00
0	0	0.08	1.03	42.98	28.91	0.00
0	4	0.00	0.01	0.60	0.00	0.00
1	1	0.00	0.00	0.19	0.89	0.00
1	5	0.00	0.00	0.27	0.90	0.00
2	2	0.00	0.00	6.99	87.36	0.00
2	6	0.00	0.00	0.24	0.70	0.00
3	3	0.00	0.02	0.47	4.75	0.00
3	7	0.00	0.12	0.89	0.00	0.00
Core	CPU	C1%	C3%	C6%	C8%	C9%
-	-	0.02	0.21	6.78	15.55	0.12
0	0	0.09	1.51	40.97	30.36	0.00
0	4	0.00	0.04	1.63	0.00	0.00
1	1	0.00	0.00	0.82	0.69	0.00
1	5	0.00	0.00	0.59	0.79	0.00
2	2	0.06	0.02	1.54	5.33	0.00
2	6	0.00	0.00	0.37	1.18	0.00
3	3	0.00	0.00	7.24	85.66	0.00
3	7	0.01	0.13	1.11	0.39	0.95
Core	CPU	C1%	C3%	C6%	C8%	C9%
-	-	0.02	0.27	7.42	14.88	0.00
0	0	0.07	2.11	49.08	21.86	0.00
0	4	0.00	0.00	0.85	0.31	0.00
1	1	0.00	0.00	0.64	1.39	0.00
1	5	0.00	0.00	0.33	1.19	0.00
2	2	0.00	0.00	0.79	0.49	0.00
2	6	0.00	0.00	0.29	1.19	0.00
3	3	0.00	0.00	6.35	91.99	0.00
3	7	0.07	0.08	1.06	0.59	0.00
Core	CPU	C1%	C3%	C6%	C8%	C9%
-	-	0.01	0.07	6.19	15.97	0.00
0	0	0.09	0.54	39.20	33.12	0.00
0	4	0.00	0.00	0.20	0.58	0.00
1	1	0.00	0.00	0.28	0.40	0.00
1	5	0.00	0.00	0.36	0.99	0.00
2	2	0.00	0.00	0.15	0.99	0.00
2	6	0.00	0.00	0.21	0.79	0.00
3	3	0.00	0.00	7.83	90.41	0.00
3	7	0.00	0.04	1.34	0.49	0.00
Core	CPU	C1%	C3%	C6%	C8%	C9%
-	-	0.01	0.42	6.94	14.54	0.00
0	0	0.07	3.29	45.28	23.61	0.00
0	4	0.00	0.03	0.69	0.09	0.00
1	1	0.00	0.00	0.40	0.50	0.00
1	5	0.00	0.00	0.19	0.89	0.00
2	2	0.00	0.00	5.40	77.49	0.00
2	6	0.00	0.00	0.45	0.79	0.00
3	3	0.00	0.00	1.66	12.33	0.00
3	7	0.00	0.02	1.45	0.59	0.00
Core	CPU	C1%	C3%	C6%	C8%	C9%
-	-	0.01	0.15	6.53	15.58	0.00
0	0	0.08	1.03	40.84	30.83	0.00
0	4	0.00	0.00	1.84	0.11	0.00
1	1	0.00	0.00	0.18	0.99	0.00
1	5	0.00	0.04	0.30	0.98	0.00
2	2	0.00	0.01	7.74	90.48	0.00
2	6	0.00	0.00	0.19	0.89	0.00
3	3	0.00	0.00	0.18	0.39	0.00
3	7	0.00	0.12	0.92	0.00	0.00
Core	CPU	C1%	C3%	C6%	C8%	C9%
-	-	0.01	0.16	6.54	15.55	0.00
0	0	0.10	1.23	40.01	31.71	0.00
0	4	0.00	0.00	0.74	0.62	0.00
1	1	0.00	0.00	0.86	0.30	0.00
1	5	0.00	0.00	0.78	0.10	0.00
2	2	0.00	0.00	6.59	72.03	0.00
2	6	0.00	0.02	0.70	0.20	0.00
3	3	0.00	0.00	1.59	19.12	0.00
3	7	0.00	0.04	1.01	0.29	0.00
Core	CPU	C1%	C3%	C6%	C8%	C9%
-	-	0.01	0.09	6.21	15.99	0.14
0	0	0.11	0.65	39.36	32.83	0.00
0	4	0.00	0.02	0.68	0.52	1.10
1	1	0.00	0.00	0.19	0.89	0.00
1	5	0.00	0.00	0.19	0.79	0.00
2	2	0.00	0.00	7.38	90.83	0.00
2	6	0.00	0.00	0.64	0.99	0.00
3	3	0.00	0.00	0.13	1.00	0.00
3	7	0.00	0.08	1.09	0.08	0.00
Core	CPU	C1%	C3%	C6%	C8%	C9%
-	-	0.02	0.03	6.10	16.22	0.00
0	0	0.13	0.24	37.48	35.11	0.00
0	4	0.00	0.01	0.60	0.00	0.00
1	1	0.00	0.00	0.37	1.27	0.00
1	5	0.00	0.00	0.75	0.91	0.00
2	2	0.00	0.00	7.92	90.29	0.00
2	6	0.00	0.00	0.14	0.50	0.00
3	3	0.00	0.02	0.39	1.10	0.00
3	7	0.00	0.00	1.18	0.61	0.00
Core	CPU	C1%	C3%	C6%	C8%	C9%
-	-	0.02	0.48	7.66	15.15	0.32
0	0	0.16	3.36	42.62	22.75	0.00
0	4	0.00	0.35	7.96	1.79	2.60
1	1	0.00	0.02	0.71	1.79	0.00
1	5	0.00	0.02	1.07	1.75	0.00
2	2	0.00	0.02	7.39	88.10	0.00
2	6	0.00	0.00	0.38	1.47	0.00
3	3	0.00	0.00	0.26	1.38	0.00
3	7	0.00	0.03	0.87	2.12	0.00
Core	CPU	C1%	C3%	C6%	C8%	C9%
-	-	0.02	0.08	6.35	15.84	0.00
0	0	0.12	0.62	39.39	32.84	0.00
0	4	0.00	0.00	0.87	0.00	0.00
1	1	0.00	0.00	0.85	0.40	0.00
1	5	0.00	0.00	0.34	0.80	0.00
2	2	0.00	0.02	7.90	90.31	0.00
2	6	0.00	0.00	0.10	0.79	0.00
3	3	0.00	0.00	0.29	0.89	0.00
3	7	0.00	0.00	1.07	0.68	0.00
Core	CPU	C1%	C3%	C6%	C8%	C9%
-	-	0.02	0.25	7.03	15.69	0.00
0	0	0.10	1.95	44.52	27.27	0.00
0	4	0.00	0.00	1.78	0.20	0.00
1	1	0.04	0.00	0.92	2.41	0.00
1	5	0.00	0.00	0.37	0.50	0.00
2	2	0.00	0.02	4.72	49.16	0.00
2	6	0.00	0.00	0.33	0.69	0.00
3	3	0.00	0.02	2.61	43.31	0.00
3	7	0.00	0.01	0.97	1.98	0.00
Core	CPU	C1%	C3%	C6%	C8%	C9%
-	-	0.02	0.08	6.45	16.08	0.29
0	0	0.12	0.55	39.20	33.04	0.00
0	4	0.00	0.00	0.85	0.59	2.29
1	1	0.00	0.02	0.71	1.88	0.00
1	5	0.00	0.00	0.29	1.00	0.00
2	2	0.00	0.00	0.19	0.88	0.00
2	6	0.00	0.00	0.27	1.09	0.00
3	3	0.00	0.03	9.03	89.11	0.00
3	7	0.00	0.03	1.10	1.07	0.00
Core	CPU	C1%	C3%	C6%	C8%	C9%
-	-	0.01	0.12	6.47	16.10	0.17
0	0	0.12	0.94	40.68	31.15	0.00
0	4	0.00	0.00	2.08	0.59	1.39
1	1	0.00	0.00	0.48	2.74	0.00
1	5	0.00	0.00	0.23	0.98	0.00
2	2	0.00	0.00	2.32	27.63	0.00
2	6	0.00	0.00	0.28	0.89	0.00
3	3	0.00	0.00	4.82	64.15	0.00
3	7	0.00	0.03	0.89	0.68	0.00
Core	CPU	C1%	C3%	C6%	C8%	C9%
-	-	0.04	0.17	6.28	15.67	0.94
0	0	0.12	1.32	39.74	30.59	0.00
0	4	0.00	0.00	0.67	0.21	2.82
1	1	0.00	0.00	0.46	0.89	0.00
1	5	0.10	0.00	0.37	0.98	0.00
2	2	0.00	0.02	0.86	2.45	0.00
2	6	0.10	0.00	0.43	1.73	0.00
3	3	0.00	0.00	7.16	87.29	0.00
3	7	0.00	0.00	0.51	1.19	4.71
Core	CPU	C1%	C3%	C6%	C8%	C9%
-	-	0.02	0.15	6.85	15.83	0.58
0	0	0.13	1.10	42.33	29.38	0.00
0	4	0.00	0.00	1.72	1.00	4.67
1	1	0.00	0.04	0.54	1.39	0.00
1	5	0.00	0.00	0.10	1.09	0.00
2	2	0.00	0.00	0.48	1.09	0.00
2	6	0.00	0.00	0.45	0.79	0.00
3	3	0.00	0.00	8.60	89.65	0.00
3	7	0.00	0.03	0.54	2.22	0.00
Core	CPU	C1%	C3%	C6%	C8%	C9%
-	-	0.01	0.35	7.20	19.13	1.41
0	0	0.09	2.63	47.60	23.46	0.00
0	4	0.00	0.00	1.13	0.19	11.26
1	1	0.00	0.03	0.50	3.91	0.00
1	5	0.01	0.16	1.00	29.49	0.00
2	2	0.00	0.00	5.15	73.04	0.00
2	6	0.00	0.00	0.39	1.28	0.00
3	3	0.00	0.00	1.13	20.31	0.00
3	7	0.00	0.00	0.71	1.39	0.00
Core	CPU	C1%	C3%	C6%	C8%	C9%
-	-	0.03	0.07	6.68	15.99	0.00
0	0	0.14	0.48	38.63	33.66	0.00
0	4	0.00	0.02	1.67	0.00	0.00
1	1	0.00	0.00	0.56	0.79	0.00
1	5	0.09	0.00	0.84	0.70	0.00
2	2	0.00	0.00	1.82	8.96	0.00
2	6	0.04	0.02	1.46	1.01	0.00
3	3	0.00	0.00	7.74	81.44	0.00
3	7	0.00	0.05	0.69	1.36	0.00
Core	CPU	C1%	C3%	C6%	C8%	C9%
-	-	0.02	0.13	6.39	15.79	0.71
0	0	0.13	1.04	40.83	30.96	0.00
0	4	0.00	0.00	0.97	0.10	5.69
1	1	0.00	0.00	0.28	0.79	0.00
1	5	0.00	0.00	0.37	1.08	0.00
2	2	0.00	0.00	6.34	70.40	0.00
2	6	0.00	0.00	0.14	1.18	0.00
3	3	0.00	0.00	1.33	21.28	0.00
3	7	0.00	0.00	0.90	0.49	0.00
Core	CPU	C1%	C3%	C6%	C8%	C9%
-	-	0.02	0.35	6.35	15.42	0.17
0	0	0.15	2.64	39.12	30.41	0.00
0	4	0.00	0.00	0.83	0.00	0.00
1	1	0.00	0.04	0.71	1.67	0.00
1	5	0.00	0.00	0.49	0.98	0.00
2	2	0.00	0.00	5.90	67.53	0.00
2	6	0.00	0.00	0.46	0.69	0.00
3	3	0.00	0.00	2.16	21.69	0.00
3	7	0.01	0.15	1.15	0.40	1.39
Core	CPU	C1%	C3%	C6%	C8%	C9%
-	-	0.79	0.50	6.86	14.92	0.00
0	0	0.07	1.51	39.07	21.03	0.00
0	4	0.00	0.00	0.64	1.00	0.00
1	1	0.00	0.00	0.17	1.28	0.00
1	5	0.00	0.12	0.10	0.40	0.00
2	2	0.00	0.00	1.07	2.58	0.00
2	6	0.00	0.01	0.57	1.67	0.00
3	3	0.00	0.00	5.69	90.30	0.00
3	7	6.23	2.37	7.57	1.09	0.00
Core	CPU	C1%	C3%	C6%	C8%	C9%
-	-	2.08	0.82	6.78	14.05	0.00
0	0	0.05	1.26	27.01	13.68	0.01
0	4	0.00	0.00	1.05	0.81	0.00
1	1	0.00	0.05	0.36	1.77	0.00
1	5	0.00	0.00	0.35	1.10	0.00
2	2	16.41	5.16	17.38	1.53	0.00
2	6	0.00	0.02	0.76	1.02	0.00
3	3	0.00	0.02	6.60	91.80	0.00
3	7	0.18	0.02	0.73	0.69	0.00
Core	CPU	C1%	C3%	C6%	C8%	C9%
-	-	0.02	0.09	6.29	16.08	0.00
0	0	0.12	0.59	39.20	32.92	0.00
0	4	0.00	0.02	0.70	0.18	0.00
1	1	0.00	0.00	0.98	0.79	0.00
1	5	0.00	0.00	0.42	1.09	0.00
2	2	0.00	0.09	0.45	2.27	0.00
2	6	0.00	0.00	0.64	0.69	0.00
3	3	0.00	0.00	7.36	89.25	0.00
3	7	0.00	0.04	0.58	1.48	0.00
Core	CPU	C1%	C3%	C6%	C8%	C9%
-	-	0.02	0.11	6.20	15.77	0.98
0	0	0.13	0.87	40.01	31.95	0.00
0	4	0.00	0.00	0.65	0.00	7.81
1	1	0.00	0.00	0.14	0.59	0.00
1	5	0.00	0.02	0.19	0.30	0.00
2	2	0.00	0.00	0.10	0.79	0.00
2	6	0.00	0.00	0.57	0.69	0.00
3	3	0.00	0.00	7.49	90.74	0.00
3	7	0.00	0.00	0.46	1.07	0.00
Core	CPU	C1%	C3%	C6%	C8%	C9%
-	-	0.02	0.33	6.10	15.86	0.00
0	0	0.13	2.58	39.07	30.57	0.00
0	4	0.00	0.00	0.67	0.40	0.00
1	1	0.00	0.02	0.47	2.35	0.00
1	5	0.00	0.00	0.24	1.19	0.00
2	2	0.00	0.00	0.31	0.91	0.00
2	6	0.00	0.00	0.27	1.49	0.00
3	3	0.00	0.00	7.36	88.53	0.00
3	7	0.00	0.01	0.41	1.47	0.00
Core	CPU	C1%	C3%	C6%	C8%	C9%
-	-	0.02	0.07	6.21	16.14	0.00
0	0	0.14	0.53	38.93	33.31	0.00
0	4	0.00	0.00	1.15	0.80	0.00
1	1	0.00	0.00	0.28	0.89	0.00
1	5	0.00	0.00	0.40	1.18	0.00
2	2	0.00	0.00	0.25	0.79	0.00
2	6	0.00	0.00	0.33	0.89	0.00
3	3	0.00	0.02	7.85	90.34	0.00
3	7	0.00	0.00	0.50	0.89	0.00
Core	CPU	C1%	C3%	C6%	C8%	C9%
-	-	0.02	0.16	6.27	16.09	0.00
0	0	0.12	1.26	39.54	32.07	0.00
0	4	0.00	0.00	0.75	0.18	0.00
1	1	0.00	0.02	0.33	0.90	0.00
1	5	0.00	0.00	0.19	1.09	0.00
2	2	0.00	0.00	1.58	21.05	0.00
2	6	0.00	0.00	0.67	1.09	0.00
3	3	0.00	0.00	6.09	70.84	0.00
3	7	0.00	0.01	0.99	1.48	0.00
Core	CPU	C1%	C3%	C6%	C8%	C9%
-	-	0.02	0.07	6.21	16.49	0.79
0	0	0.14	0.51	38.58	33.73	0.00
0	4	0.00	0.00	1.26	0.70	6.29
1	1	0.00	0.02	0.33	1.88	0.00
1	5	0.00	0.01	0.39	1.19	0.00
2	2	0.00	0.01	7.50	90.74	0.00
2	6	0.00	0.00	0.67	1.09	0.00
3	3	0.00	0.00	0.28	1.18	0.00
3	7	0.00	0.00	0.65	1.38	0.00
Core	CPU	C1%	C3%	C6%	C8%	C9%
-	-	0.04	0.07	6.49	16.30	0.00
0	0	0.12	0.56	39.42	33.51	0.00
0	4	0.00	0.00	0.92	1.58	0.00
1	1	0.00	0.00	0.93	0.89	0.00
1	5	0.00	0.00	0.91	0.40	0.00
2	2	0.00	0.00	3.24	28.31	0.00
2	6	0.00	0.00	0.10	0.99	0.00
3	3	0.00	0.00	5.65	63.60	0.00
3	7	0.17	0.00	0.77	1.10	0.00
Core	CPU	C1%	C3%	C6%	C8%	C9%
-	-	0.02	0.33	6.23	15.72	0.53
0	0	0.14	2.57	38.25	31.31	0.00
0	4	0.00	0.03	1.68	0.11	4.22
1	1	0.00	0.00	0.23	1.18	0.00
1	5	0.00	0.00	0.36	1.19	0.00
2	2	0.00	0.00	1.93	19.32	0.00
2	6	0.00	0.00	0.44	1.88	0.00
3	3	0.00	0.01	6.32	69.97	0.00
3	7	0.00	0.05	0.60	0.78	0.00
Core	CPU	C1%	C3%	C6%	C8%	C9%
-	-	0.02	0.01	5.85	16.43	0.00
0	0	0.14	0.07	36.17	36.55	0.00
0	4	0.00	0.00	0.88	0.30	0.00
1	1	0.00	0.00	0.19	1.09	0.00
1	5	0.00	0.00	0.27	1.20	0.00
2	2	0.00	0.00	8.01	90.21	0.00
2	6	0.00	0.00	0.26	0.70	0.00
3	3	0.00	0.02	0.29	0.59	0.00
3	7	0.00	0.00	0.71	0.78	0.00
Core	CPU	C1%	C3%	C6%	C8%	C9%
-	-	0.02	0.16	6.21	16.36	0.48
0	0	0.14	1.25	38.52	33.21	0.00
0	4	0.00	0.00	0.98	1.49	3.87
1	1	0.00	0.04	1.12	1.58	0.00
1	5	0.00	0.00	0.20	0.90	0.00
2	2	0.00	0.00	7.32	90.96	0.00
2	6	0.00	0.00	0.36	0.88	0.00
3	3	0.00	0.00	0.36	0.59	0.00
3	7	0.00	0.00	0.81	1.30	0.00
Core	CPU	C1%	C3%	C6%	C8%	C9%
-	-	0.02	0.05	6.28	16.57	0.00
0	0	0.17	0.24	37.17	35.16	0.00
0	4	0.00	0.09	2.79	0.50	0.00
1	1	0.00	0.04	0.73	2.57	0.00
1	5	0.00	0.00	0.23	1.20	0.00
2	2	0.00	0.02	7.75	90.37	0.00
2	6	0.00	0.00	0.42	0.40	0.00
3	3	0.00	0.00	0.38	0.99	0.00
3	7	0.00	0.00	0.80	1.40	0.00
Core	CPU	C1%	C3%	C6%	C8%	C9%
-	-	0.02	0.06	6.03	16.64	0.00
0	0	0.16	0.42	38.10	34.43	0.00
0	4	0.00	0.00	0.57	1.31	0.00
1	1	0.00	0.02	0.75	0.49	0.00
1	5	0.00	0.00	0.27	0.98	0.00
2	2	0.00	0.00	7.22	90.92	0.00
2	6	0.00	0.00	0.32	1.19	0.00
3	3	0.00	0.01	0.32	1.30	0.00
3	7	0.00	0.00	0.71	2.45	0.00
Core	CPU	C1%	C3%	C6%	C8%	C9%
-	-	0.02	0.30	5.89	15.55	0.11
0	0	0.15	2.36	37.90	31.93	0.00
0	4	0.00	0.00	0.23	0.49	0.91
1	1	0.00	0.01	0.37	0.80	0.00
1	5	0.00	0.00	0.10	1.09	0.00
2	2	0.00	0.00	5.21	63.91	0.00
2	6	0.00	0.00	0.37	0.79	0.00
3	3	0.00	0.00	2.27	25.00	0.00
3	7	0.00	0.00	0.67	0.42	0.00
Core	CPU	C1%	C3%	C6%	C8%	C9%
-	-	0.02	0.03	5.91	16.54	0.00
0	0	0.15	0.19	36.95	35.66	0.00
0	4	0.00	0.00	0.67	0.39	0.00
1	1	0.00	0.00	0.25	1.28	0.00
1	5	0.00	0.00	0.33	1.10	0.00
2	2	0.00	0.02	7.96	90.23	0.00
2	6	0.00	0.00	0.28	1.09	0.00
3	3	0.00	0.00	0.29	1.18	0.00
3	7	0.00	0.00	0.58	1.39	0.00
Core	CPU	C1%	C3%	C6%	C8%	C9%
-	-	0.01	0.31	6.84	15.47	0.00
0	0	0.10	2.44	43.50	27.10	0.00
0	4	0.00	0.00	0.69	0.20	0.00
1	1	0.00	0.00	0.26	1.48	0.00
1	5	0.00	0.00	0.37	0.69	0.00
2	2	0.00	0.00	6.55	68.07	0.00
2	6	0.00	0.02	0.49	1.55	0.00
3	3	0.00	0.01	2.14	22.66	0.00
3	7	0.00	0.00	0.73	1.97	0.00
Core	CPU	C1%	C3%	C6%	C8%	C9%
-	-	0.37	0.43	6.72	18.49	1.02
0	0	0.09	1.50	37.79	21.58	0.00
0	4	0.00	0.00	1.26	0.09	8.19
1	1	2.87	1.75	6.77	2.27	0.00
1	5	0.01	0.14	0.71	29.29	0.00
2	2	0.00	0.00	2.02	24.83	0.00
2	6	0.00	0.00	0.32	1.09	0.00
3	3	0.00	0.02	4.41	67.60	0.00
3	7	0.00	0.00	0.45	1.18	0.00
Core	CPU	C1%	C3%	C6%	C8%	C9%
-	-	0.02	0.10	6.45	16.15	0.20
0	0	0.12	0.76	39.64	32.41	0.00
0	4	0.00	0.00	1.18	0.66	1.57
1	1	0.00	0.00	0.17	1.57	0.00
1	5	0.00	0.00	0.69	0.40	0.00
2	2	0.00	0.00	3.46	26.84	0.00
2	6	0.00	0.00	0.46	0.79	0.00
3	3	0.00	0.00	5.43	65.36	0.00
3	7	0.06	0.05	0.56	1.21	0.00
Core	CPU	C1%	C3%	C6%	C8%	C9%
-	-	0.02	0.23	5.80	16.11	0.00
0	0	0.14	1.86	36.37	33.70	0.00
0	4	0.00	0.00	0.96	0.00	0.00
1	1	0.00	0.00	0.41	1.78	0.00
1	5	0.00	0.00	0.33	1.19	0.00
2	2	0.00	0.00	1.04	13.65	0.00
2	6	0.00	0.00	0.29	0.98	0.00
3	3	0.00	0.00	6.35	75.90	0.00
3	7	0.00	0.01	0.61	1.67	0.00
Core	CPU	C1%	C3%	C6%	C8%	C9%
-	-	0.03	0.03	6.11	16.16	0.00
0	0	0.15	0.24	37.43	35.11	0.00
0	4	0.00	0.00	0.68	0.11	0.00
1	1	0.00	0.00	0.43	0.79	0.00
1	5	0.00	0.00	0.65	0.99	0.00
2	2	0.00	0.00	8.29	89.94	0.00
2	6	0.09	0.01	0.69	0.40	0.00
3	3	0.00	0.00	0.10	0.88	0.00
3	7	0.00	0.00	0.59	1.09	0.00
Core	CPU	C1%	C3%	C6%	C8%	C9%
-	-	0.02	0.16	6.30	16.02	0.00
0	0	0.13	1.25	39.42	32.13	0.00
0	4	0.00	0.03	1.86	0.11	0.00
1	1	0.00	0.00	0.27	1.18	0.00
1	5	0.00	0.00	0.28	0.89	0.00
2	2	0.00	0.00	7.01	90.95	0.00
2	6	0.00	0.00	0.64	0.89	0.00
3	3	0.00	0.02	0.20	0.50	0.00
3	7	0.00	0.01	0.74	1.49	0.00
Core	CPU	C1%	C3%	C6%	C8%	C9%
-	-	1.41	0.44	6.37	15.31	0.00
0	0	0.22	0.65	30.95	26.34	0.00
0	4	0.00	0.00	0.71	0.10	0.00
1	1	0.00	0.00	0.79	0.78	0.00
1	5	4.96	1.07	6.50	0.20	0.00
2	2	0.00	0.00	5.58	78.60	0.00
2	6	6.10	1.75	5.21	1.09	0.00
3	3	0.00	0.03	0.64	14.49	0.00
3	7	0.00	0.06	0.58	0.90	0.00
Core	CPU	C1%	C3%	C6%	C8%	C9%
-	-	0.70	0.59	5.94	14.38	4.22
0	0	0.08	1.25	27.81	16.75	0.00
0	4	0.00	0.00	0.43	1.01	33.79
1	1	0.00	0.02	0.49	3.23	0.00
1	5	0.00	0.02	0.50	0.39	0.00
2	2	0.00	0.00	5.75	89.66	0.00
2	6	0.00	0.00	0.77	0.69	0.00
3	3	5.53	3.43	10.85	3.34	0.00
3	7	0.00	0.03	0.92	0.00	0.00
Core	CPU	C1%	C3%	C6%	C8%	C9%
-	-	0.01	0.36	6.60	15.10	0.58
0	0	0.11	2.85	42.54	26.77	0.00
0	4	0.00	0.00	0.85	0.10	4.65
1	1	0.00	0.00	1.07	1.18	0.00
1	5	0.00	0.00	0.33	0.79	0.00
2	2	0.00	0.01	4.00	54.82	0.00
2	6	0.00	0.00	0.19	0.90	0.00
3	3	0.00	0.00	2.61	35.17	0.00
3	7	0.00	0.04	1.15	1.06	0.00
Core	CPU	C1%	C3%	C6%	C8%	C9%
-	-	0.02	0.07	6.24	16.08	0.00
0	0	0.13	0.54	38.81	33.43	0.00
0	4	0.00	0.00	1.57	0.41	0.00
1	1	0.00	0.00	0.28	1.19	0.00
1	5	0.00	0.00	0.27	0.80	0.00
2	2	0.00	0.00	7.33	90.90	0.00
2	6	0.00	0.00	0.50	0.32	0.00
3	3	0.00	0.01	0.20	0.70	0.00
3	7	0.00	0.00	0.97	0.90	0.00
Core	CPU	C1%	C3%	C6%	C8%	C9%
-	-	0.01	0.19	6.39	15.91	0.00
0	0	0.12	1.48	39.76	31.64	0.00
0	4	0.00	0.00	0.89	0.10	0.00
1	1	0.00	0.00	0.29	1.29	0.00
1	5	0.00	0.00	0.29	0.99	0.00
2	2	0.00	0.00	7.04	88.09	0.00
2	6	0.00	0.00	0.45	0.89	0.00
3	3	0.00	0.00	1.20	3.44	0.00
3	7	0.00	0.01	1.20	0.80	0.00
Core	CPU	C1%	C3%	C6%	C8%	C9%
-	-	0.02	0.03	5.87	16.38	0.00
0	0	0.15	0.23	37.28	35.30	0.00
0	4	0.00	0.00	0.65	0.09	0.00
1	1	0.00	0.00	0.31	0.89	0.00
1	5	0.00	0.00	0.42	1.38	0.00
2	2	0.00	0.00	7.49	90.70	0.00
2	6	0.00	0.00	0.29	0.79	0.00
3	3	0.00	0.00	0.27	1.08	0.00
3	7	0.00	0.00	0.26	0.80	0.00
Core	CPU	C1%	C3%	C6%	C8%	C9%
-	-	0.02	0.03	6.11	16.21	0.00
0	0	0.13	0.26	37.40	35.13	0.00
0	4	0.00	0.00	0.78	0.11	0.00
1	1	0.00	0.00	0.17	1.09	0.00
1	5	0.00	0.00	0.36	0.98	0.00
2	2	0.00	0.00	8.38	89.82	0.00
2	6	0.00	0.02	0.80	0.70	0.00
3	3	0.00	0.00	0.39	1.09	0.00
3	7	0.00	0.00	0.60	0.78	0.00
Core	CPU	C1%	C3%	C6%	C8%	C9%
-	-	0.01	0.52	6.93	14.51	2.06
0	0	0.09	3.99	47.07	21.01	0.00
0	4	0.00	0.01	1.16	0.99	16.51
1	1	0.00	0.02	0.19	0.99	0.00
1	5	0.00	0.04	0.18	1.09	0.00
2	2	0.00	0.00	1.09	12.32	0.00
2	6	0.00	0.00	0.36	0.59	0.00
3	3	0.00	0.10	5.00	78.04	0.00
3	7	0.01	0.00	0.41	1.08	0.00
Core	CPU	C1%	C3%	C6%	C8%	C9%
-	-	0.01	0.24	7.49	15.24	1.05
0	0	0.10	1.59	41.90	27.19	0.04
0	4	0.00	0.28	5.56	2.02	8.22
1	1	0.00	0.00	1.18	0.29	0.00
1	5	0.00	0.00	1.12	0.00	0.00
2	2	0.00	0.00	0.43	0.56	0.00
2	6	0.00	0.00	0.23	1.00	0.00
3	3	0.00	0.02	8.09	90.11	0.00
3	7	0.00	0.01	1.37	0.76	0.17
Core	CPU	C1%	C3%	C6%	C8%	C9%
-	-	0.01	0.19	6.46	15.82	0.09
0	0	0.11	1.50	40.76	30.69	0.00
0	4	0.00	0.00	1.78	1.09	0.70
1	1	0.00	0.00	0.29	0.50	0.00
1	5	0.00	0.00	0.19	0.70	0.00
2	2	0.00	0.00	0.19	0.79	0.00
2	6	0.00	0.00	0.47	1.28	0.00
3	3	0.00	0.00	7.02	90.43	0.00
3	7	0.00	0.01	0.94	1.10	0.00
Core	CPU	C1%	C3%	C6%	C8%	C9%
-	-	0.05	0.06	6.57	16.35	0.22
0	0	0.12	0.49	40.15	32.82	0.00
0	4	0.00	0.00	1.06	0.10	1.79
1	1	0.00	0.00	0.69	2.67	0.00
1	5	0.00	0.00	0.24	0.89	0.00
2	2	0.00	0.03	0.62	1.69	0.00
2	6	0.00	0.00	0.20	1.19	0.00
3	3	0.00	0.00	8.44	89.79	0.00
3	7	0.30	0.00	1.19	1.62	0.00
Core	CPU	C1%	C3%	C6%	C8%	C9%
-	-	0.02	0.09	6.52	16.09	0.30
0	0	0.13	0.67	39.49	32.65	0.00
0	4	0.00	0.00	1.70	0.30	2.44
1	1	0.00	0.02	0.61	2.06	0.00
1	5	0.00	0.00	0.86	0.59	0.00
2	2	0.00	0.00	0.75	0.59	0.00
2	6	0.00	0.00	0.45	1.18	0.00
3	3	0.00	0.00	7.79	90.43	0.00
3	7	0.00	0.00	0.50	0.89	0.00
Core	CPU	C1%	C3%	C6%	C8%	C9%
-	-	0.01	0.24	6.35	15.43	0.00
0	0	0.11	1.88	40.34	28.90	0.00
0	4	0.00	0.00	0.79	0.00	0.00
1	1	0.00	0.03	0.58	2.65	0.00
1	5	0.00	0.00	0.27	1.09	0.00
2	2	0.00	0.00	0.35	1.09	0.00
2	6	0.00	0.00	0.14	0.99	0.00
3	3	0.00	0.02	7.55	87.95	0.00
3	7	0.00	0.01	0.75	0.81	0.00
Core	CPU	C1%	C3%	C6%	C8%	C9%
-	-	0.03	0.04	6.07	16.08	0.00
0	0	0.25	0.31	37.34	34.99	0.00
0	4	0.00	0.00	5.21	48.33	0.00
1	1	0.00	0.00	0.99	0.30	0.00
1	5	0.00	0.02	0.79	0.39	0.00
2	2	0.00	0.00	0.10	1.39	0.00
2	6	0.00	0.00	0.27	0.79	0.00
3	3	0.00	0.00	3.49	41.76	0.00
3	7	0.00	0.01	0.35	0.69	0.00
Core	CPU	C1%	C3%	C6%	C8%	C9%
-	-	0.04	0.13	5.95	16.51	0.00
0	0	0.33	0.99	37.07	34.48	0.00
0	4	0.00	0.00	7.91	89.48	0.00
1	1	0.00	0.00	0.40	1.77	0.00
1	5	0.00	0.00	0.43	0.98	0.00
2	2	0.00	0.00	0.10	1.58	0.00
2	6	0.00	0.00	0.30	1.08	0.00
3	3	0.00	0.00	0.38	1.09	0.00
3	7	0.00	0.03	1.02	1.58	0.00
Core	CPU	C1%	C3%	C6%	C8%	C9%
-	-	0.04	0.15	7.13	15.38	0.00
0	0	0.30	1.17	42.70	28.66	0.00
0	4	0.00	0.03	10.60	87.47	0.00
1	1	0.00	0.00	0.48	2.65	0.00
1	5	0.00	0.00	0.74	1.19	0.00
2	2	0.00	0.00	0.82	0.30	0.00
2	6	0.00	0.00	0.69	0.40	0.00
3	3	0.00	0.00	0.20	0.97	0.00
3	7	0.00	0.04	0.78	1.37	0.00
Core	CPU	C1%	C3%	C6%	C8%	C9%
-	-	0.02	0.05	5.97	16.21	0.00
0	0	0.12	0.37	37.98	34.41	0.00
0	4	0.00	0.00	1.14	7.60	0.00
1	1	0.00	0.00	0.17	0.40	0.00
1	5	0.00	0.00	0.27	0.69	0.00
2	2	0.00	0.00	0.35	0.89	0.00
2	6	0.00	0.00	0.14	1.19	0.00
3	3	0.00	0.02	7.20	83.54	0.00
3	7	0.00	0.01	0.50	0.99	0.00
Core	CPU	C1%	C3%	C6%	C8%	C9%
-	-	0.02	0.36	6.40	18.92	0.38
0	0	0.11	2.54	40.65	29.41	0.00
0	4	0.00	0.00	0.46	0.18	1.58
1	1	0.00	0.00	0.84	0.78	0.00
1	5	0.01	0.27	1.33	29.21	0.00
2	2	0.00	0.00	0.20	0.89	0.00
2	6	0.00	0.00	0.37	0.88	0.00
3	3	0.00	0.00	6.93	88.71	0.00
3	7	0.00	0.06	0.46	1.29	1.49
Core	CPU	C1%	C3%	C6%	C8%	C9%
-	-	0.02	0.02	6.05	16.34	0.00
0	0	0.15	0.13	36.49	36.19	0.00
0	4	0.00	0.00	1.72	7.66	0.00
1	1	0.00	0.00	1.01	0.78	0.00
1	5	0.00	0.00	0.84	0.60	0.00
2	2	0.00	0.02	0.32	0.99	0.00
2	6	0.00	0.00	0.20	1.29	0.00
3	3	0.00	0.00	7.38	82.19	0.00
3	7	0.00	0.00	0.48	1.00	0.00
Core	CPU	C1%	C3%	C6%	C8%	C9%
-	-	0.01	0.24	6.56	15.59	0.67
0	0	0.10	1.89	42.50	28.49	0.00
0	4	0.00	0.00	1.24	1.95	4.47
1	1	0.00	0.00	0.25	0.89	0.00
1	5	0.00	0.00	0.37	0.99	0.00
2	2	0.00	0.00	0.32	0.99	0.88
2	6	0.00	0.00	0.32	0.89	0.00
3	3	0.00	0.01	6.96	89.64	0.00
3	7	0.00	0.00	0.51	0.90	0.00
Core	CPU	C1%	C3%	C6%	C8%	C9%
-	-	0.04	0.02	5.99	16.43	0.00
0	0	0.31	0.18	37.01	35.28	0.00
0	4	0.00	0.00	8.56	89.53	0.00
1	1	0.00	0.01	0.46	1.00	0.00
1	5	0.00	0.00	0.39	1.39	0.00
2	2	0.00	0.00	0.37	0.59	0.00
2	6	0.00	0.00	0.36	0.88	0.00
3	3	0.00	0.00	0.33	1.48	0.00
3	7	0.00	0.00	0.44	1.30	0.00
Core	CPU	C1%	C3%	C6%	C8%	C9%
-	-	0.53	0.40	7.75	14.43	0.14
0	0	0.27	1.58	37.90	23.61	1.12
0	4	0.00	0.00	14.07	84.28	0.00
1	1	4.00	1.57	7.40	1.58	0.00
1	5	0.00	0.00	0.33	1.49	0.00
2	2	0.00	0.01	0.50	0.99	0.00
2	6	0.00	0.00	0.52	1.18	0.00
3	3	0.00	0.00	0.48	1.36	0.00
3	7	0.00	0.03	0.83	0.99	0.00
Core	CPU	C1%	C3%	C6%	C8%	C9%
-	-	0.03	0.26	6.06	15.89	0.00
0	0	0.25	2.03	36.96	32.68	0.00
0	4	0.00	0.00	5.76	59.93	0.00
1	1	0.00	0.00	0.46	0.69	0.00
1	5	0.00	0.00	0.25	1.18	0.00
2	2	0.00	0.00	1.11	1.19	0.00
2	6	0.00	0.00	0.19	1.19	0.00
3	3	0.00	0.00	2.41	28.76	0.00
3	7	0.00	0.04	1.37	1.48	0.00
Core	CPU	C1%	C3%	C6%	C8%	C9%
-	-	0.04	0.09	6.30	15.93	0.00
0	0	0.32	0.58	38.00	33.86	0.00
0	4	0.00	0.00	9.93	88.13	0.00
1	1	0.00	0.00	0.19	0.99	0.00
1	5	0.00	0.00	0.27	0.98	0.00
2	2	0.00	0.05	0.40	1.08	0.00
2	6	0.00	0.00	0.32	1.19	0.00
3	3	0.00	0.01	0.19	0.70	0.00
3	7	0.00	0.05	1.14	0.50	0.00
Core	CPU	C1%	C3%	C6%	C8%	C9%
-	-	0.02	0.24	6.49	15.79	0.24
0	0	0.16	1.84	39.98	31.12	0.00
0	4	0.00	0.00	3.46	23.45	1.91
1	1	0.00	0.00	0.49	1.29	0.00
1	5	0.00	0.00	0.19	0.99	0.00
2	2	0.00	0.00	0.56	1.28	0.00
2	6	0.00	0.00	0.56	1.87	0.00
3	3	0.00	0.00	5.81	66.29	0.00
3	7	0.00	0.06	0.83	0.00	0.00
Core	CPU	C1%	C3%	C6%	C8%	C9%
-	-	0.04	0.06	6.13	15.96	0.00
0	0	0.35	0.42	37.84	34.22	0.00
0	4	0.00	0.00	8.64	86.33	0.00
1	1	0.00	0.00	0.24	0.70	0.00
1	5	0.00	0.00	0.22	0.89	0.00
2	2	0.00	0.00	0.20	1.28	0.00
2	6	0.00	0.00	0.28	0.99	0.00
3	3	0.00	0.00	0.75	3.24	0.00
3	7	0.00	0.04	0.90	0.00	0.00
Core	CPU	C1%	C3%	C6%	C8%	C9%
-	-	0.04	0.12	6.59	15.75	0.00
0	0	0.32	0.81	39.48	32.21	0.00
0	4	0.00	0.00	10.57	87.55	0.00
1	1	0.00	0.00	0.27	1.18	0.00
1	5	0.00	0.00	0.35	1.19	0.00
2	2	0.00	0.00	0.43	1.28	0.00
2	6	0.00	0.02	0.30	1.08	0.00
3	3	0.00	0.00	0.10	1.09	0.00
3	7	0.00	0.09	1.20	0.39	0.00
Core	CPU	C1%	C3%	C6%	C8%	C9%
-	-	0.03	0.55	6.99	14.63	0.00
0	0	0.23	4.24	42.06	26.32	0.00
0	4	0.00	0.02	10.50	72.05	0.00
1	1	0.00	0.00	0.10	0.80	0.00
1	5	0.00	0.00	0.18	0.89	0.00
2	2	0.00	0.00	0.53	0.59	0.00
2	6	0.00	0.00	0.25	1.29	0.00
3	3	0.00	0.00	1.25	14.69	0.00
3	7	0.00	0.11	1.02	0.38	0.00
Core	CPU	C1%	C3%	C6%	C8%	C9%
-	-	0.03	0.17	7.03	15.38	0.00
0	0	0.26	1.26	41.74	29.44	0.00
0	4	0.00	0.00	8.80	89.34	0.00
1	1	0.00	0.00	0.96	0.78	0.00
1	5	0.00	0.03	0.89	0.29	0.00
2	2	0.00	0.00	0.19	0.90	0.00
2	6	0.00	0.00	0.46	0.21	0.00
3	3	0.00	0.00	1.44	0.57	0.00
3	7	0.00	0.06	1.77	1.51	0.00
Core	CPU	C1%	C3%	C6%	C8%	C9%
-	-	0.36	0.38	7.94	14.83	0.09
0	0	0.34	1.81	41.70	23.54	0.71
0	4	0.00	0.00	11.20	87.07	0.00
1	1	2.58	1.22	5.98	2.27	0.00
1	5	0.00	0.00	0.74	0.40	0.00
2	2	0.00	0.00	0.78	1.78	0.00
2	6	0.00	0.00	0.62	1.58	0.00
3	3	0.00	0.00	1.02	1.58	0.00
3	7	0.00	0.03	1.49	0.40	0.00
Core	CPU	C1%	C3%	C6%	C8%	C9%
-	-	0.02	0.39	8.69	13.16	0.00
0	0	0.15	3.00	51.90	17.79	0.00
0	4	0.00	0.01	12.64	76.72	0.00
1	1	0.00	0.00	0.44	0.80	0.00
1	5	0.00	0.00	0.45	0.20	0.00
2	2	0.00	0.00	1.21	0.30	0.00
2	6	0.00	0.00	0.34	1.08	0.00
3	3	0.00	0.02	1.54	8.33	0.00
3	7	0.04	0.10	1.01	0.05	0.00
Core	CPU	C1%	C3%	C6%	C8%	C9%
-	-	0.01	0.23	7.50	14.91	0.00
0	0	0.09	1.68	46.95	24.16	0.00
0	4	0.00	0.00	4.09	20.71	0.00
1	1	0.00	0.00	0.59	0.79	0.00
1	5	0.00	0.00	0.44	1.18	0.00
2	2	0.00	0.06	0.70	0.69	0.00
2	6	0.00	0.00	0.52	1.09	0.00
3	3	0.00	0.02	5.32	69.87	0.00
3	7	0.00	0.07	1.39	0.79	0.00
Core	CPU	C1%	C3%	C6%	C8%	C9%
-	-	0.02	0.61	8.65	12.97	0.00
0	0	0.15	4.75	51.12	16.02	0.00
0	4	0.00	0.00	13.92	81.70	0.00
1	1	0.00	0.00	0.20	1.19	0.00
1	5	0.00	0.00	0.10	0.89	0.00
2	2	0.00	0.00	0.87	1.19	0.00
2	6	0.00	0.00	1.15	1.18	0.00
3	3	0.00	0.00	0.52	1.19	0.00
3	7	0.00	0.14	1.30	0.39	0.00
Core	CPU	C1%	C3%	C6%	C8%	C9%
-	-	2.97	0.98	6.57	12.08	1.08
0	0	0.06	1.01	17.14	6.22	1.61
0	4	0.00	0.00	11.25	54.67	7.07
1	1	0.00	0.00	0.04	0.49	0.00
1	5	0.00	0.02	0.19	1.10	0.00
2	2	23.72	6.81	20.16	0.21	0.00
2	6	0.00	0.00	0.97	0.49	0.00
3	3	0.00	0.00	1.63	32.50	0.00
3	7	0.00	0.00	1.18	0.98	0.00
Core	CPU	C1%	C3%	C6%	C8%	C9%
-	-	0.02	0.29	7.49	14.51	0.11
0	0	0.17	2.22	45.37	25.12	0.00
0	4	0.00	0.00	10.35	87.63	0.00
1	1	0.00	0.00	0.36	0.89	0.00
1	5	0.00	0.00	0.70	0.89	0.90
2	2	0.00	0.00	1.11	0.29	0.00
2	6	0.00	0.01	0.78	0.10	0.00
3	3	0.00	0.00	0.20	0.79	0.00
3	7	0.00	0.06	1.01	0.39	0.00
Core	CPU	C1%	C3%	C6%	C8%	C9%
-	-	0.02	0.06	6.30	16.17	0.00
0	0	0.18	0.46	38.05	33.97	0.00
0	4	0.00	0.00	8.99	85.53	0.00
1	1	0.00	0.00	0.29	1.09	0.00
1	5	0.00	0.00	0.67	0.79	0.00
2	2	0.00	0.00	0.35	1.09	0.00
2	6	0.00	0.00	0.52	1.19	0.00
3	3	0.00	0.02	0.48	5.43	0.00
3	7	0.00	0.03	1.06	0.30	0.00
Core	CPU	C1%	C3%	C6%	C8%	C9%
-	-	0.03	0.02	6.06	16.36	0.00
0	0	0.22	0.14	37.20	35.26	0.00
0	4	0.00	0.00	7.92	90.15	0.00
1	1	0.00	0.00	0.20	1.19	0.00
1	5	0.00	0.00	0.19	1.18	0.00
2	2	0.00	0.00	0.27	1.09	0.00
2	6	0.00	0.00	0.45	1.19	0.00
3	3	0.00	0.00	1.02	0.40	0.00
3	7	0.00	0.01	1.19	0.40	0.00
Core	CPU	C1%	C3%	C6%	C8%	C9%
-	-	0.02	0.41	7.29	14.21	0.00
0	0	0.15	3.19	44.70	24.89	0.00
0	4	0.00	0.00	10.99	84.80	0.00
1	1	0.00	0.00	0.24	1.19	0.00
1	5	0.00	0.00	0.52	0.31	0.00
2	2	0.00	0.01	0.29	0.80	0.00
2	6	0.00	0.00	0.28	0.99	0.00
3	3	0.00	0.00	0.38	0.68	0.00
3	7	0.00	0.05	0.95	0.00	0.00
Core	CPU	C1%	C3%	C6%	C8%	C9%
-	-	0.01	0.30	7.91	14.79	0.02
0	0	0.08	2.31	51.03	19.60	0.00
0	4	0.00	0.03	5.43	33.78	0.19
1	1	0.00	0.00	1.02	1.20	0.00
1	5	0.01	0.04	0.28	4.02	0.00
2	2	0.00	0.00	0.32	1.09	0.00
2	6	0.00	0.00	0.19	1.29	0.00
3	3	0.00	0.00	4.31	56.40	0.00
3	7	0.00	0.05	0.71	0.89	0.00
Core	CPU	C1%	C3%	C6%	C8%	C9%
-	-	0.03	0.31	7.45	17.65	0.00
0	0	0.21	2.39	44.65	25.62	0.00
0	4	0.00	0.00	10.92	87.22	0.00
1	1	0.00	0.00	0.62	1.49	0.00
1	5	0.01	0.07	1.63	24.27	0.00
2	2	0.00	0.00	0.25	1.09	0.00
2	6	0.00	0.00	0.32	0.99	0.00
3	3	0.00	0.01	0.39	0.10	0.00
3	7	0.00	0.04	0.85	0.40	0.00
Core	CPU	C1%	C3%	C6%	C8%	C9%
-	-	0.03	0.08	6.37	15.95	0.00
0	0	0.22	0.58	39.50	32.53	0.00
0	4	0.00	0.00	8.24	89.86	0.00
1	1	0.00	0.00	0.30	0.99	0.00
1	5	0.00	0.00	0.68	0.49	0.00
2	2	0.00	0.00	0.37	0.79	0.00
2	6	0.00	0.00	0.34	0.90	0.00
3	3	0.00	0.00	0.23	1.08	0.00
3	7	0.00	0.06	1.26	0.99	0.00
Core	CPU	C1%	C3%	C6%	C8%	C9%
-	-	0.02	0.22	7.52	15.00	0.00
0	0	0.15	1.60	45.53	25.71	0.00
0	4	0.00	0.00	11.79	86.38	0.00
1	1	0.00	0.00	0.25	0.99	0.00
1	5	0.00	0.00	0.51	1.60	0.00
2	2	0.00	0.00	0.20	1.19	0.00
2	6	0.00	0.00	0.47	1.79	0.00
3	3	0.00	0.00	0.55	1.50	0.00
3	7	0.00	0.18	0.89	0.90	0.00
Core	CPU	C1%	C3%	C6%	C8%	C9%
-	-	0.02	0.24	5.84	15.98	0.00
0	0	0.19	1.76	36.33	33.66	0.00
0	4	0.00	0.00	7.42	88.13	0.00
1	1	0.00	0.00	0.35	0.70	0.00
1	5	0.00	0.00	0.25	1.18	0.00
2	2	0.00	0.00	0.32	0.90	0.00
2	6	0.00	0.00	0.30	1.78	0.00
3	3	0.00	0.00	0.29	1.18	0.00
3	7	0.00	0.15	1.46	0.30	0.00
Core	CPU	C1%	C3%	C6%	C8%	C9%
-	-	0.01	0.26	7.87	14.73	0.00
0	0	0.07	1.99	48.87	22.06	0.00
0	4	0.00	0.00	7.06	31.70	0.00
1	1	0.00	0.00	0.19	0.98	0.00
1	5	0.00	0.02	0.67	1.08	0.00
2	2	0.00	0.00	0.35	1.38	0.00
2	6	0.00	0.00	0.65	1.47	0.00
3	3	0.00	0.01	3.93	58.30	0.00
3	7	0.00	0.08	1.22	0.89	0.00
Core	CPU	C1%	C3%	C6%	C8%	C9%
-	-	0.02	0.26	7.30	14.64	0.00
0	0	0.15	2.03	45.04	25.73	0.00
0	4	0.00	0.00	11.16	86.73	0.00
1	1	0.00	0.00	0.19	0.70	0.00
1	5	0.00	0.00	0.26	0.89	0.00
2	2	0.00	0.00	0.27	0.79	0.00
2	6	0.00	0.00	0.36	0.88	0.00
3	3	0.00	0.00	0.23	1.39	0.00
3	7	0.00	0.04	0.87	0.00	0.00
Core	CPU	C1%	C3%	C6%	C8%	C9%
-	-	3.23	0.98	7.89	10.93	0.46
0	0	0.06	0.97	14.94	4.34	3.67
0	4	0.00	0.00	21.33	77.62	0.00
1	1	25.74	6.78	23.88	0.00	0.00
1	5	0.00	0.00	0.72	1.38	0.00
2	2	0.00	0.01	0.39	0.99	0.00
2	6	0.00	0.00	0.29	1.37	0.00
3	3	0.00	0.00	0.28	1.18	0.00
3	7	0.00	0.08	1.27	0.50	0.00
Core	CPU	C1%	C3%	C6%	C8%	C9%
-	-	0.43	0.21	6.58	15.80	0.09
0	0	0.19	0.56	34.86	31.16	0.74
0	4	0.00	0.00	10.71	87.49	0.00
1	1	3.29	1.09	4.19	0.30	0.00
1	5	0.00	0.00	0.37	1.59	0.00
2	2	0.00	0.00	0.46	1.48	0.00
2	6	0.00	0.00	0.24	1.68	0.00
3	3	0.00	0.00	1.10	1.19	0.00
3	7	0.00	0.06	0.69	1.49	0.00
Core	CPU	C1%	C3%	C6%	C8%	C9%
-	-	0.11	0.58	7.97	13.75	0.00
0	0	0.83	4.62	50.41	17.72	0.00
0	4	0.00	0.01	6.19	30.47	0.00
1	1	0.00	0.00	0.59	0.79	0.00
1	5	0.00	0.00	0.47	0.79	0.00
2	2	0.00	0.00	0.36	0.89	0.00
2	6	0.00	0.00	0.43	1.09	0.00
3	3	0.00	0.02	4.15	57.79	0.00
3	7	0.02	0.03	1.13	0.49	0.00
Core	CPU	C1%	C3%	C6%	C8%	C9%
-	-	0.00	0.62	11.10	10.77	0.00
0	0	0.01	4.82	67.57	0.85	0.00
0	4	0.00	0.02	18.90	79.46	0.00
1	1	0.00	0.00	0.20	1.19	0.00
1	5	0.00	0.00	0.30	0.88	0.00
2	2	0.00	0.00	0.28	1.28	0.00
2	6	0.00	0.00	0.36	0.99	0.00
3	3	0.00	0.00	0.24	0.98	0.00
3	7	0.00	0.10	0.92	0.49	0.00
Core	CPU	C1%	C3%	C6%	C8%	C9%
-	-	0.50	0.61	9.04	12.11	0.11
0	0	0.07	3.45	48.70	10.32	0.86
0	4	0.00	0.00	16.92	81.19	0.00
1	1	0.00	0.00	0.24	0.49	0.00
1	5	0.00	0.00	0.22	0.70	0.00
2	2	3.97	1.30	4.68	1.69	0.00
2	6	0.00	0.00	0.29	0.99	0.00
3	3	0.00	0.00	0.33	1.28	0.00
3	7	0.00	0.10	0.93	0.26	0.00
Core	CPU	C1%	C3%	C6%	C8%	C9%
-	-	1.27	0.48	7.24	14.47	0.28
0	0	0.30	0.73	29.13	24.86	2.22
0	4	0.00	0.00	13.86	84.55	0.00
1	1	0.00	0.00	0.95	1.19	0.00
1	5	9.82	3.02	10.61	0.70	0.00
2	2	0.00	0.04	1.28	0.40	0.00
2	6	0.00	0.00	1.01	1.29	0.00
3	3	0.00	0.00	0.10	1.49	0.00
3	7	0.00	0.05	0.98	1.30	0.00
Core	CPU	C1%	C3%	C6%	C8%	C9%
-	-	0.02	0.24	7.54	14.55	0.00
0	0	0.19	1.72	45.38	25.53	0.00
0	4	0.00	0.04	11.86	86.21	0.00
1	1	0.00	0.02	0.69	1.15	0.00
1	5	0.00	0.02	0.38	0.10	0.00
2	2	0.00	0.00	0.36	0.69	0.00
2	6	0.00	0.00	0.53	1.29	0.00
3	3	0.00	0.02	0.31	0.61	0.00
3	7	0.00	0.08	0.80	0.79	0.00
Core	CPU	C1%	C3%	C6%	C8%	C9%
-	-	0.01	0.67	9.00	12.30	0.04
0	0	0.10	5.13	53.42	14.20	0.00
0	4	0.00	0.00	15.68	80.53	0.00
1	1	0.00	0.02	0.50	1.09	0.30
1	5	0.00	0.00	0.60	0.10	0.00
2	2	0.00	0.00	0.18	0.79	0.00
2	6	0.00	0.00	0.37	0.89	0.00
3	3	0.00	0.00	0.15	0.40	0.00
3	7	0.00	0.24	1.10	0.39	0.00
Core	CPU	C1%	C3%	C6%	C8%	C9%
-	-	0.01	0.26	7.64	14.70	0.00
0	0	0.05	2.02	49.38	21.58	0.00
0	4	0.00	0.00	2.44	4.71	0.00
1	1	0.00	0.00	0.36	0.99	0.00
1	5	0.00	0.00	0.43	0.70	0.00
2	2	0.00	0.02	0.68	0.70	0.00
2	6	0.00	0.00	0.39	1.39	0.00
3	3	0.00	0.00	5.83	86.62	0.00
3	7	0.00	0.03	1.57	0.88	0.00
Core	CPU	C1%	C3%	C6%	C8%	C9%
-	-	0.01	0.31	6.85	15.22	0.00
0	0	0.05	2.23	46.03	24.86	0.00
0	4	0.00	0.00	0.89	0.00	0.00
1	1	0.00	0.00	0.18	0.89	0.00
1	5	0.00	0.00	0.37	0.79	0.00
2	2	0.00	0.00	0.35	1.46	0.00
2	6	0.00	0.00	0.23	1.19	0.00
3	3	0.00	0.01	6.08	91.93	0.00
3	7	0.00	0.21	0.65	0.59	0.00
Core	CPU	C1%	C3%	C6%	C8%	C9%
-	-	0.03	0.26	7.54	14.59	0.00
0	0	0.07	1.95	47.68	23.31	0.00
0	4	0.00	0.00	4.48	21.82	0.00
1	1	0.00	0.00	0.66	0.59	0.00
1	5	0.00	0.00	0.60	0.40	0.00
2	2	0.00	0.00	0.29	0.89	0.00
2	6	0.00	0.00	0.37	0.88	0.00
3	3	0.00	0.00	5.29	68.17	0.00
3	7	0.17	0.17	0.92	0.70	0.00
Core	CPU	C1%	C3%	C6%	C8%	C9%
-	-	0.00	0.55	10.71	11.28	0.00
0	0	0.04	4.32	63.34	5.42	0.00
0	4	0.00	0.00	19.03	79.35	0.00
1	1	0.00	0.00	0.36	0.59	0.00
1	5	0.00	0.00	0.14	1.08	0.00
2	2	0.00	0.00	0.84	1.10	0.00
2	6	0.00	0.00	0.30	0.89	0.00
3	3	0.00	0.00	0.28	0.88	0.00
3	7	0.00	0.04	1.43	0.89	0.00
Core	CPU	C1%	C3%	C6%	C8%	C9%
-	-	0.01	0.65	9.61	12.25	0.12
0	0	0.06	5.15	57.53	9.44	0.00
0	4	0.00	0.01	16.24	79.50	0.00
1	1	0.00	0.00	0.61	2.01	0.00
1	5	0.00	0.00	0.28	1.29	0.00
2	2	0.00	0.00	0.35	1.48	0.00
2	6	0.00	0.00	0.43	1.19	0.00
3	3	0.00	0.02	0.38	1.40	0.00
3	7	0.00	0.00	1.02	1.65	0.98
Core	CPU	C1%	C3%	C6%	C8%	C9%
-	-	0.64	0.35	7.04	14.98	0.00
0	0	0.18	1.22	39.11	24.26	0.00
0	4	0.00	0.01	8.14	67.23	0.00
1	1	4.97	1.45	5.90	1.18	0.00
1	5	0.00	0.00	0.27	1.00	0.00
2	2	0.00	0.00	0.26	1.28	0.00
2	6	0.00	0.00	0.24	1.20	0.00
3	3	0.00	0.02	1.66	22.46	0.00
3	7	0.00	0.08	0.70	1.19	0.00
Core	CPU	C1%	C3%	C6%	C8%	C9%
-	-	0.03	0.27	7.90	14.95	0.00
0	0	0.17	2.06	44.85	25.79	0.00
0	4	0.00	0.00	12.13	86.01	0.00
1	1	0.00	0.00	1.38	1.02	0.00
1	5	0.00	0.00	0.60	0.79	0.00
2	2	0.00	0.00	1.40	2.57	0.00
2	6	0.00	0.00	0.37	1.18	0.00
3	3	0.00	0.00	0.71	1.18	0.00
3	7	0.04	0.09	1.77	1.09	0.00
Core	CPU	C1%	C3%	C6%	C8%	C9%
-	-	0.02	0.30	8.33	14.40	0.00
0	0	0.19	2.31	48.93	21.56	0.00
0	4	0.00	0.00	13.40	84.83	0.00
1	1	0.00	0.00	1.53	2.67	0.00
1	5	0.00	0.00	0.33	0.89	0.00
2	2	0.00	0.03	0.53	1.30	0.00
2	6	0.00	0.00	0.19	1.00	0.00
3	3	0.00	0.00	0.28	1.19	0.00
3	7	0.00	0.05	1.49	1.77	0.00
Core	CPU	C1%	C3%	C6%	C8%	C9%
-	-	1.85	0.79	8.23	15.89	0.17
0	0	0.71	1.71	27.97	14.73	1.37
0	4	0.00	0.00	20.83	77.76	0.00
1	1	8.59	2.83	8.72	1.58	0.00
1	5	0.01	0.13	0.75	29.18	0.00
2	2	0.00	0.00	0.60	1.28	0.00
2	6	0.00	0.00	0.33	1.28	0.00
3	3	5.52	1.60	6.21	0.81	0.00
3	7	0.00	0.00	0.39	0.49	0.00
Core	CPU	C1%	C3%	C6%	C8%	C9%
-	-	0.03	0.35	6.75	15.08	0.00
0	0	0.26	2.76	40.20	28.92	0.00
0	4	0.00	0.00	10.07	85.64	0.00
1	1	0.00	0.02	0.70	0.79	0.00
1	5	0.00	0.00	0.89	0.70	0.00
2	2	0.00	0.00	0.50	1.19	0.00
2	6	0.00	0.00	0.86	1.37	0.00
3	3	0.00	0.00	0.44	0.89	0.00
3	7	0.00	0.00	0.37	1.17	0.00
Core	CPU	C1%	C3%	C6%	C8%	C9%
-	-	0.04	0.08	6.43	16.04	0.00
0	0	0.29	0.58	38.64	33.28	0.00
0	4	0.00	0.00	10.67	87.40	0.00
1	1	0.00	0.00	0.35	1.18	0.00
1	5	0.00	0.00	0.23	0.99	0.00
2	2	0.00	0.01	0.29	1.10	0.00
2	6	0.00	0.00	0.49	1.67	0.00
3	3	0.00	0.00	0.48	1.28	0.00
3	7	0.00	0.02	0.31	1.47	0.00
Core	CPU	C1%	C3%	C6%	C8%	C9%
-	-	0.04	0.17	6.36	15.58	0.00
0	0	0.29	1.33	38.37	32.91	0.00
0	4	0.00	0.00	9.59	88.53	0.00
1	1	0.00	0.00	0.27	0.49	0.00
1	5	0.00	0.00	0.35	0.70	0.00
2	2	0.00	0.00	0.38	0.70	0.00
2	6	0.00	0.02	0.10	0.40	0.00
3	3	0.00	0.00	0.76	0.30	0.00
3	7	0.00	0.00	1.06	0.60	0.00
Core	CPU	C1%	C3%	C6%	C8%	C9%
-	-	0.04	0.08	6.39	15.63	0.00
0	0	0.31	0.59	39.19	32.69	0.00
0	4	0.00	0.01	9.69	88.33	0.00
1	1	0.00	0.00	0.28	1.97	0.00
1	5	0.00	0.00	0.38	0.49	0.00
2	2	0.00	0.00	0.30	0.30	0.00
2	6	0.00	0.00	0.60	0.66	0.00
3	3	0.00	0.02	0.50	0.00	0.00
3	7	0.00	0.00	0.16	0.59	0.00
Core	CPU	C1%	C3%	C6%	C8%	C9%
-	-	0.04	0.01	5.86	16.67	0.00
0	0	0.34	0.09	36.50	35.84	0.00
0	4	0.00	0.00	8.20	89.89	0.00
1	1	0.00	0.00	0.59	1.50	0.00
1	5	0.00	0.00	0.20	1.19	0.00
2	2	0.00	0.00	0.30	1.08	0.00
2	6	0.00	0.00	0.49	1.49	0.00
3	3	0.00	0.00	0.36	1.08	0.00
3	7	0.00	0.00	0.24	1.28	0.00
Core	CPU	C1%	C3%	C6%	C8%	C9%
-	-	0.04	0.31	6.34	15.13	0.00
0	0	0.29	2.49	38.63	30.47	0.00
0	4	0.00	0.00	10.69	84.74	0.00
1	1	0.00	0.00	0.05	0.79	0.00
1	5	0.00	0.00	0.13	0.39	0.00
2	2	0.00	0.00	0.19	0.60	0.00
2	6	0.00	0.00	0.41	1.89	0.00
3	3	0.00	0.00	0.37	0.98	0.00
3	7	0.02	0.00	0.24	1.19	0.00
Core	CPU	C1%	C3%	C6%	C8%	C9%
-	-	0.05	0.04	6.12	16.38	0.00
0	0	0.37	0.33	37.55	34.56	0.00
0	4	0.00	0.00	9.07	88.96	0.00
1	1	0.00	0.00	0.64	1.58	0.00
1	5	0.00	0.00	0.34	1.18	0.00
2	2	0.00	0.00	0.31	1.10	0.00
2	6	0.00	0.00	0.41	1.60	0.00
3	3	0.00	0.00	0.29	1.09	0.00
3	7	0.00	0.00	0.37	0.99	0.00
Core	CPU	C1%	C3%	C6%	C8%	C9%
-	-	0.04	0.14	5.97	16.19	0.00
0	0	0.32	1.10	36.93	34.55	0.00
0	4	0.00	0.01	8.65	89.44	0.00
1	1	0.00	0.00	0.20	0.79	0.00
1	5	0.00	0.00	0.27	0.99	0.00
2	2	0.00	0.00	0.35	0.79	0.00
2	6	0.00	0.00	0.55	1.49	0.00
3	3	0.00	0.02	0.55	0.50	0.00
3	7	0.00	0.00	0.29	0.99	0.00
Core	CPU	C1%	C3%	C6%	C8%	C9%
-	-	0.05	0.01	5.73	16.43	0.00
0	0	0.37	0.05	36.17	36.18	0.00
0	4	0.00	0.00	7.87	90.22	0.00
1	1	0.00	0.00	0.20	1.18	0.00
1	5	0.00	0.00	0.10	0.89	0.00
2	2	0.00	0.00	0.28	1.08	0.00
2	6	0.00	0.00	0.67	0.80	0.00
3	3	0.00	0.00	0.34	0.20	0.00
3	7	0.00	0.02	0.20	0.88	0.00
Core	CPU	C1%	C3%	C6%	C8%	C9%
-	-	0.04	0.05	6.05	16.49	0.00
0	0	0.35	0.36	37.50	34.55	0.00
0	4	0.00	0.00	8.66	89.39	0.00
1	1	0.00	0.00	0.37	0.98	0.00
1	5	0.00	0.01	0.33	1.18	0.00
2	2	0.00	0.00	0.20	1.29	0.00
2	6	0.00	0.00	0.59	1.79	0.00
3	3	0.00	0.00	0.37	1.29	0.00
3	7	0.00	0.00	0.35	1.48	0.00
Core	CPU	C1%	C3%	C6%	C8%	C9%
-	-	0.04	0.44	7.30	14.33	0.00
0	0	0.35	3.48	42.49	25.81	0.00
0	4	0.00	0.00	12.37	83.30	0.00
1	1	0.00	0.00	0.94	0.88	0.00
1	5	0.00	0.00	0.92	0.50	0.00
2	2	0.00	0.01	0.39	0.99	0.00
2	6	0.00	0.02	0.36	1.09	0.00
3	3	0.00	0.00	0.48	0.88	0.00
3	7	0.00	0.00	0.46	1.18	0.00
Core	CPU	C1%	C3%	C6%	C8%	C9%
-	-	0.02	0.09	6.32	15.91	0.00
0	0	0.13	0.71	40.24	31.79	0.00
0	4	0.00	0.02	1.49	5.76	0.00
1	1	0.00	0.00	0.28	0.88	0.00
1	5	0.00	0.00	0.46	0.40	0.00
2	2	0.00	0.00	0.63	0.59	0.00
2	6	0.00	0.00	0.52	1.28	0.00
3	3	0.00	0.00	6.55	85.60	0.00
3	7	0.00	0.00	0.38	0.99	0.00
Core	CPU	C1%	C3%	C6%	C8%	C9%
-	-	0.02	0.22	6.38	15.62	0.00
0	0	0.17	1.76	40.05	30.93	0.00
0	4	0.00	0.03	5.44	41.67	0.00
1	1	0.00	0.00	0.20	0.98	0.00
1	5	0.00	0.00	0.28	0.79	0.00
2	2	0.00	0.00	0.32	0.99	0.00
2	6	0.00	0.00	0.15	0.99	0.00
3	3	0.00	0.00	4.38	47.84	0.00
3	7	0.00	0.00	0.23	0.79	0.00
Core	CPU	C1%	C3%	C6%	C8%	C9%
-	-	0.06	0.19	6.96	15.26	0.00
0	0	0.22	1.46	42.69	28.51	0.00
0	4	0.00	0.01	9.09	56.57	0.00
1	1	0.00	0.00	0.23	1.09	0.00
1	5	0.00	0.02	0.29	1.20	0.00
2	2	0.00	0.00	0.49	0.69	0.00
2	6	0.00	0.00	0.39	1.28	0.00
3	3	0.00	0.00	2.29	31.63	0.00
3	7	0.29	0.00	0.24	1.09	0.00
Core	CPU	C1%	C3%	C6%	C8%	C9%
-	-	0.02	0.04	5.87	16.32	0.12
0	0	0.12	0.26	37.41	35.12	0.00
0	4	0.00	0.00	0.57	3.05	0.00
1	1	0.00	0.00	0.45	0.39	0.00
1	5	0.00	0.00	0.24	1.09	0.00
2	2	0.00	0.02	0.19	0.50	0.00
2	6	0.00	0.00	0.18	0.69	0.00
3	3	0.00	0.00	7.56	88.76	0.00
3	7	0.00	0.00	0.37	0.99	0.99
Core	CPU	C1%	C3%	C6%	C8%	C9%
-	-	0.01	0.34	6.25	15.47	0.49
0	0	0.11	2.68	39.84	29.53	0.00
0	4	0.00	0.02	1.37	0.50	3.91
1	1	0.00	0.00	0.28	1.09	0.00
1	5	0.00	0.00	0.27	1.19	0.00
2	2	0.00	0.00	0.25	0.89	0.00
2	6	0.00	0.00	0.32	1.10	0.00
3	3	0.00	0.01	7.16	88.52	0.00
3	7	0.00	0.03	0.53	0.93	0.01
Core	CPU	C1%	C3%	C6%	C8%	C9%
-	-	0.02	0.08	6.11	16.00	2.26
0	0	0.13	0.60	38.99	33.23	0.00
0	4	0.00	0.00	1.04	0.19	18.08
1	1	0.00	0.02	0.19	0.70	0.00
1	5	0.00	0.00	0.20	0.90	0.00
2	2	0.00	0.00	0.49	0.88	0.00
2	6	0.00	0.00	0.28	0.88	0.00
3	3	0.00	0.00	7.54	90.65	0.00
3	7	0.00	0.03	0.11	0.59	0.00
Core	CPU	C1%	C3%	C6%	C8%	C9%
-	-	0.03	0.25	6.80	15.39	0.00
0	0	0.12	1.98	41.34	29.65	0.00
0	4	0.00	0.00	1.15	0.20	0.00
1	1	0.00	0.00	0.42	0.99	0.00
1	5	0.00	0.00	0.24	1.18	0.00
2	2	0.00	0.02	0.68	0.58	0.00
2	6	0.00	0.00	0.29	1.58	0.00
3	3	0.00	0.01	9.98	87.86	0.00
3	7	0.09	0.00	0.26	1.08	0.00
Core	CPU	C1%	C3%	C6%	C8%	C9%
-	-	0.02	0.07	6.12	16.13	0.00
0	0	0.13	0.53	38.97	33.34	0.00
0	4	0.00	0.02	0.68	0.90	0.00
1	1	0.00	0.00	0.77	0.11	0.00
1	5	0.00	0.00	0.36	0.90	0.00
2	2	0.00	0.00	0.33	1.29	0.00
2	6	0.00	0.00	0.22	1.00	0.00
3	3	0.00	0.00	7.37	90.84	0.00
3	7	0.00	0.00	0.29	0.69	0.00
Core	CPU	C1%	C3%	C6%	C8%	C9%
-	-	0.01	0.09	6.30	17.25	0.12
0	0	0.10	0.59	40.26	32.46	0.00
0	4	0.00	0.01	0.66	0.47	0.00
1	1	0.00	0.02	0.96	1.59	0.00
1	5	0.01	0.09	0.50	9.90	0.00
2	2	0.00	0.00	0.19	0.89	0.00
2	6	0.00	0.00	0.35	1.19	0.00
3	3	0.00	0.00	7.46	90.79	0.00
3	7	0.00	0.00	0.03	0.69	0.99
Core	CPU	C1%	C3%	C6%	C8%	C9%
-	-	0.73	0.75	7.25	16.99	2.18
0	0	0.08	3.73	41.60	20.20	0.00
0	4	0.00	0.02	1.26	0.39	17.46
1	1	5.33	1.99	4.89	2.85	0.00
1	5	0.00	0.07	1.20	19.17	0.00
2	2	0.43	0.15	2.00	1.68	0.00
2	6	0.00	0.00	0.52	1.09	0.00
3	3	0.00	0.01	6.21	89.83	0.00
3	7	0.00	0.00	0.34	0.69	0.00
Core	CPU	C1%	C3%	C6%	C8%	C9%
-	-	0.02	0.09	6.58	15.75	0.15
0	0	0.12	0.72	39.16	32.95	0.00
0	4	0.00	0.00	1.73	1.59	1.16
1	1	0.00	0.00	0.72	0.00	0.00
1	5	0.00	0.00	0.70	0.18	0.00
2	2	0.00	0.00	0.55	0.89	0.00
2	6	0.00	0.00	0.45	0.99	0.00
3	3	0.00	0.02	9.15	88.96	0.00
3	7	0.00	0.00	0.14	0.40	0.00
Core	CPU	C1%	C3%	C6%	C8%	C9%
-	-	0.04	0.15	6.26	15.92	0.00
0	0	0.29	1.14	38.03	33.42	0.00
0	4	0.00	0.02	9.42	88.50	0.00
1	1	0.00	0.00	0.50	0.70	0.00
1	5	0.00	0.00	0.43	0.99	0.00
2	2	0.00	0.01	0.48	0.79	0.00
2	6	0.00	0.00	0.33	1.39	0.00
3	3	0.00	0.00	0.34	1.18	0.00
3	7	0.00	0.00	0.53	0.39	0.00
Core	CPU	C1%	C3%	C6%	C8%	C9%
-	-	0.86	0.67	7.78	13.20	0.12
0	0	0.26	1.94	39.77	17.99	0.97
0	4	0.00	0.04	14.24	67.80	0.00
1	1	0.00	0.00	0.49	0.59	0.00
1	5	0.00	0.00	0.27	0.89	0.00
2	2	0.00	0.00	0.26	1.48	0.00
2	6	0.00	0.00	0.33	0.99	0.00
3	3	6.64	3.38	6.49	15.39	0.00
3	7	0.00	0.00	0.39	0.49	0.00
Core	CPU	C1%	C3%	C6%	C8%	C9%
-	-	0.98	0.65	7.07	15.02	0.10
0	0	0.28	1.06	33.25	26.61	0.79
0	4	0.00	0.05	14.24	83.97	0.00
1	1	0.00	0.00	0.51	2.28	0.00
1	5	0.00	0.00	0.49	2.28	0.00
2	2	0.00	0.00	0.39	1.58	0.00
2	6	0.00	0.00	0.48	1.58	0.00
3	3	7.56	4.10	6.21	0.39	0.00
3	7	0.00	0.00	0.99	1.48	0.00
Core	CPU	C1%	C3%	C6%	C8%	C9%
-	-	0.06	0.37	6.54	14.89	0.00
0	0	0.44	2.92	40.21	28.50	0.00
0	4	0.00	0.04	9.08	86.47	0.00
1	1	0.00	0.00	0.45	1.58	0.00
1	5	0.00	0.00	0.35	1.08	0.00
2	2	0.00	0.00	0.72	0.20	0.00
2	6	0.00	0.01	0.60	0.09	0.00
3	3	0.00	0.00	0.49	0.40	0.00
3	7	0.02	0.00	0.46	0.80	0.00
Core	CPU	C1%	C3%	C6%	C8%	C9%
-	-	0.04	0.10	6.41	16.08	0.00
0	0	0.32	0.73	39.32	32.46	0.00
0	4	0.00	0.03	9.64	88.34	0.00
1	1	0.00	0.00	0.29	1.38	0.00
1	5	0.00	0.00	0.27	1.19	0.00
2	2	0.00	0.00	0.63	1.50	0.00
2	6	0.00	0.00	0.43	1.48	0.00
3	3	0.00	0.01	0.39	0.70	0.00
3	7	0.00	0.00	0.30	1.58	0.00
Core	CPU	C1%	C3%	C6%	C8%	C9%
-	-	1.11	0.91	7.67	13.09	0.40
0	0	0.53	1.69	26.72	17.14	2.52
0	4	0.00	0.04	14.84	53.27	0.00
1	1	0.00	0.00	0.36	0.89	0.00
1	5	0.00	0.00	0.27	0.89	0.00
2	2	2.42	2.70	9.55	1.98	0.00
2	6	5.94	2.86	5.93	1.39	0.00
3	3	0.00	0.02	3.14	28.64	0.70
3	7	0.00	0.00	0.51	0.49	0.00
Core	CPU	C1%	C3%	C6%	C8%	C9%
-	-	0.03	0.24	6.91	14.98	2.53
0	0	0.25	1.85	43.93	26.90	0.00
0	4	0.00	0.05	7.10	60.29	20.23
1	1	0.00	0.02	0.29	0.90	0.00
1	5	0.00	0.00	0.10	0.99	0.00
2	2	0.00	0.00	0.88	0.30	0.00
2	6	0.00	0.01	0.75	0.19	0.00
3	3	0.00	0.00	1.94	29.55	0.00
3	7	0.00	0.00	0.28	0.69	0.00
Core	CPU	C1%	C3%	C6%	C8%	C9%
-	-	0.02	0.07	6.40	16.08	2.94
0	0	0.16	0.55	38.67	33.57	0.00
0	4	0.00	0.00	3.95	20.38	23.48
1	1	0.00	0.00	0.25	0.99	0.00
1	5	0.00	0.00	0.23	1.28	0.00
2	2	0.00	0.01	0.79	0.60	0.00
2	6	0.00	0.00	0.58	1.19	0.00
3	3	0.00	0.00	6.40	69.71	0.00
3	7	0.00	0.00	0.31	0.89	0.01
Core	CPU	C1%	C3%	C6%	C8%	C9%
-	-	0.03	0.46	7.32	14.09	0.00
0	0	0.24	3.61	42.99	25.23	0.00
0	4	0.00	0.02	12.63	83.00	0.00
1	1	0.00	0.00	0.49	0.69	0.00
1	5	0.00	0.01	0.25	0.68	0.00
2	2	0.00	0.00	0.72	0.19	0.00
2	6	0.00	0.01	0.79	0.30	0.00
3	3	0.00	0.00	0.29	1.28	0.00
3	7	0.00	0.00	0.44	1.37	0.00
Core	CPU	C1%	C3%	C6%	C8%	C9%
-	-	0.04	0.09	6.68	15.75	0.00
0	0	0.30	0.67	39.15	32.58	0.00
0	4	0.00	0.03	10.40	83.60	0.00
1	1	0.00	0.00	0.98	0.49	0.00
1	5	0.00	0.00	0.86	0.40	0.00
2	2	0.00	0.00	0.35	1.09	0.00
2	6	0.00	0.00	0.52	1.49	0.00
3	3	0.00	0.01	0.76	5.14	0.00
3	7	0.00	0.00	0.39	1.18	0.00
Core	CPU	C1%	C3%	C6%	C8%	C9%
-	-	0.03	0.26	6.77	15.08	0.00
0	0	0.26	2.06	41.62	29.08	0.00
0	4	0.00	0.02	10.60	77.64	0.00
1	1	0.00	0.00	0.36	1.19	0.00
1	5	0.00	0.00	0.08	0.40	0.00
2	2	0.00	0.00	0.26	0.79	0.00
2	6	0.00	0.00	0.24	1.08	0.00
3	3	0.00	0.02	0.92	9.57	0.00
3	7	0.00	0.00	0.10	0.88	0.00
Core	CPU	C1%	C3%	C6%	C8%	C9%
-	-	0.87	0.58	7.15	14.45	0.06
0	0	0.46	1.13	33.81	24.84	0.46
0	4	0.00	0.03	12.60	73.99	0.00
1	1	0.46	0.24	1.69	0.40	0.00
1	5	6.04	3.25	7.22	1.38	0.00
2	2	0.00	0.00	0.19	0.89	0.00
2	6	0.00	0.00	0.36	1.19	0.00
3	3	0.00	0.00	1.09	11.92	0.00
3	7	0.00	0.01	0.19	0.99	0.00
Core	CPU	C1%	C3%	C6%	C8%	C9%
-	-	0.03	0.06	6.06	16.11	0.00
0	0	0.13	0.41	38.36	34.04	0.00
0	4	0.07	0.03	0.70	0.29	0.00
1	1	0.00	0.00	0.74	0.70	0.00
1	5	0.00	0.00	0.44	0.30	0.00
2	2	0.00	0.02	0.39	0.80	0.00
2	6	0.00	0.00	0.10	0.99	0.00
3	3	0.00	0.00	7.38	90.84	0.00
3	7	0.00	0.00	0.37	0.88	0.00
Core	CPU	C1%	C3%	C6%	C8%	C9%
-	-	0.02	0.21	6.09	15.52	2.49
0	0	0.12	1.62	39.44	30.03	0.00
0	4	0.00	0.02	1.10	0.39	17.43
1	1	0.00	0.00	0.28	1.50	0.00
1	5	0.00	0.00	0.37	0.78	0.00
2	2	0.00	0.00	0.15	0.99	0.00
2	6	0.00	0.00	0.32	1.09	0.00
3	3	0.00	0.00	6.67	88.84	0.00
3	7	0.00	0.00	0.42	0.50	2.45
Core	CPU	C1%	C3%	C6%	C8%	C9%
-	-	0.02	0.20	7.31	15.09	1.73
0	0	0.14	1.55	45.90	25.78	0.00
0	4	0.00	0.01	5.35	29.17	13.85
1	1	0.00	0.00	0.59	0.79	0.00
1	5	0.00	0.00	0.10	0.89	0.00
2	2	0.00	0.00	0.27	0.79	0.00
2	6	0.00	0.00	1.15	1.67	0.00
3	3	0.00	0.00	5.01	60.90	0.00
3	7	0.00	0.05	0.10	0.69	0.00
Core	CPU	C1%	C3%	C6%	C8%	C9%
-	-	0.03	0.43	8.44	14.15	0.09
0	0	0.21	3.37	48.52	20.96	0.00
0	4	0.00	0.02	15.98	82.17	0.00
1	1	0.00	0.01	1.10	4.22	0.70
1	5	0.00	0.00	0.34	1.48	0.00
2	2	0.00	0.04	0.28	0.99	0.00
2	6	0.00	0.00	0.38	0.90	0.00
3	3	0.00	0.00	0.39	1.18	0.00
3	7	0.00	0.00	0.56	1.27	0.00
Core	CPU	C1%	C3%	C6%	C8%	C9%
-	-	0.03	0.04	6.07	16.37	0.00
0	0	0.21	0.30	37.36	34.91	0.00
0	4	0.00	0.00	5.24	47.42	0.00
1	1	0.00	0.00	0.36	1.18	0.00
1	5	0.00	0.00	0.54	1.09	0.00
2	2	0.00	0.00	0.24	0.99	0.00
2	6	0.00	0.00	0.32	1.48	0.00
3	3	0.00	0.00	4.05	42.36	0.00
3	7	0.00	0.04	0.48	1.56	0.00
Core	CPU	C1%	C3%	C6%	C8%	C9%
-	-	0.02	0.04	6.28	16.26	0.00
0	0	0.14	0.28	37.83	34.71	0.00
0	4	0.00	0.05	1.26	0.10	0.00
1	1	0.00	0.00	0.29	1.08	0.00
1	5	0.00	0.00	0.27	1.19	0.00
2	2	0.00	0.00	0.45	1.39	0.00
2	6	0.00	0.00	0.52	1.38	0.00
3	3	0.00	0.02	8.61	89.54	0.00
3	7	0.00	0.00	0.98	0.69	0.00
Core	CPU	C1%	C3%	C6%	C8%	C9%
-	-	0.04	0.32	6.55	17.00	0.00
0	0	0.30	2.34	40.52	29.45	0.00
0	4	0.00	0.02	1.30	0.00	0.00
1	1	0.00	0.02	0.47	1.79	0.00
1	5	0.01	0.16	1.19	12.31	0.00
2	2	0.00	0.00	0.54	1.57	0.00
2	6	0.00	0.02	0.44	0.99	0.00
3	3	0.00	0.00	7.31	88.34	0.00
3	7	0.05	0.01	0.61	1.51	0.00
Core	CPU	C1%	C3%	C6%	C8%	C9%
-	-	2.08	0.74	7.59	14.37	1.98
0	0	0.18	1.36	26.74	10.66	1.99
0	4	0.00	0.03	12.71	52.01	13.85
1	1	16.46	4.50	16.65	1.98	0.00
1	5	0.00	0.03	0.68	15.83	0.00
2	2	0.00	0.00	0.42	0.90	0.00
2	6	0.00	0.00	0.28	1.00	0.00
3	3	0.00	0.02	3.01	31.79	0.00
3	7	0.00	0.00	0.26	0.79	0.00
Core	CPU	C1%	C3%	C6%	C8%	C9%
-	-	0.03	0.31	7.52	14.75	0.00
0	0	0.21	2.47	44.87	25.35	0.00
0	4	0.00	0.03	11.35	81.43	0.00
1	1	0.00	0.00	0.58	0.89	0.00
1	5	0.00	0.00	1.06	0.79	0.00
2	2	0.00	0.00	0.51	1.88	0.00
2	6	0.00	0.00	0.24	1.28	0.00
3	3	0.00	0.01	1.34	5.16	0.00
3	7	0.00	0.00	0.23	1.18	0.00
Core	CPU	C1%	C3%	C6%	C8%	C9%
-	-	0.03	0.15	6.75	15.37	0.00
0	0	0.21	1.19	41.89	29.55	0.00
0	4	0.00	0.02	8.16	64.14	0.00
1	1	0.00	0.00	0.32	0.89	0.00
1	5	0.00	0.00	0.20	1.29	0.00
2	2	0.00	0.00	0.48	0.69	0.00
2	6	0.00	0.00	0.79	1.18	0.00
3	3	0.00	0.00	2.02	24.64	0.00
3	7	0.00	0.00	0.13	0.59	0.00
Core	CPU	C1%	C3%	C6%	C8%	C9%
-	-	0.03	0.08	6.46	16.28	0.00
0	0	0.21	0.61	39.87	32.12	0.00
0	4	0.00	0.00	6.59	58.37	0.00
1	1	0.00	0.00	0.33	1.48	0.00
1	5	0.00	0.02	0.74	2.19	0.00
2	2	0.00	0.00	0.69	0.90	0.00
2	6	0.00	0.00	0.60	1.78	0.00
3	3	0.00	0.00	2.58	32.30	0.00
3	7	0.00	0.00	0.24	1.09	0.00
Core	CPU	C1%	C3%	C6%	C8%	C9%
-	-	0.01	0.30	6.15	15.71	0.00
0	0	0.09	2.34	39.82	29.79	0.00
0	4	0.00	0.01	0.39	0.99	0.00
1	1	0.00	0.00	0.27	0.60	0.00
1	5	0.00	0.00	0.45	1.10	0.00
2	2	0.00	0.00	0.49	1.70	0.00
2	6	0.00	0.02	0.47	1.39	0.00
3	3	0.00	0.00	6.55	89.14	0.00
3	7	0.02	0.00	0.75	0.99	0.00
Core	CPU	C1%	C3%	C6%	C8%	C9%
-	-	0.01	0.09	6.16	16.30	0.00
0	0	0.11	0.61	39.34	32.81	0.00
0	4	0.00	0.06	1.30	0.37	0.00
1	1	0.00	0.00	0.19	0.99	0.00
1	5	0.00	0.00	0.28	0.98	0.00
2	2	0.00	0.00	0.54	1.87	0.00
2	6	0.00	0.03	0.39	1.38	0.00
3	3	0.00	0.02	7.03	91.17	0.00
3	7	0.00	0.00	0.20	0.80	0.00
Core	CPU	C1%	C3%	C6%	C8%	C9%
-	-	0.02	0.26	6.99	15.22	0.10
0	0	0.15	2.05	42.73	28.10	0.00
0	4	0.00	0.00	4.05	26.55	0.00
1	1	0.00	0.00	0.82	0.58	0.60
1	5	0.00	0.01	0.89	0.39	0.00
2	2	0.00	0.00	0.65	1.69	0.00
2	6	0.00	0.00	0.37	1.18	0.00
3	3	0.00	0.00	6.04	62.08	0.21
3	7	0.00	0.00	0.37	1.18	0.00
Core	CPU	C1%	C3%	C6%	C8%	C9%
-	-	0.02	0.09	6.41	16.06	0.00
0	0	0.12	0.67	39.45	32.70	0.00
0	4	0.00	0.02	1.17	2.94	0.00
1	1	0.00	0.00	0.46	1.28	0.00
1	5	0.00	0.02	0.52	1.50	0.00
2	2	0.00	0.02	0.39	1.19	0.00
2	6	0.00	0.00	0.19	1.20	0.00
3	3	0.00	0.00	8.80	86.66	0.00
3	7	0.00	0.00	0.28	0.98	0.00
Core	CPU	C1%	C3%	C6%	C8%	C9%
-	-	0.02	0.28	7.97	13.93	0.00
0	0	0.17	2.21	47.72	22.82	0.00
0	4	0.00	0.02	10.78	59.52	0.00
1	1	0.00	0.00	0.19	0.99	0.00
1	5	0.00	0.00	0.28	0.79	0.00
2	2	0.00	0.00	0.25	0.99	0.00
2	6	0.00	0.00	0.22	0.99	0.00
3	3	0.00	0.03	4.01	24.61	0.00
3	7	0.00	0.00	0.36	0.77	0.00
