Core	CPU	C1%	C3%	C6%	C8%	C9%
-	-	0.03	0.72	72.95	14.73	0.00
0	0	0.18	0.54	75.40	13.21	0.00
0	4	0.00	0.55	70.74	19.31	0.00
1	1	0.01	0.36	74.71	15.17	0.00
1	5	0.00	0.65	71.43	18.87	0.00
2	2	0.02	0.42	72.72	17.23	0.00
2	6	0.01	0.41	70.76	19.51	0.00
3	3	0.00	0.55	81.13	8.56	0.00
3	7	0.02	2.25	67.23	6.05	0.00
Core	CPU	C1%	C3%	C6%	C8%	C9%
-	-	0.01	0.67	72.18	15.88	0.00
0	0	0.01	0.61	73.69	15.30	0.00
0	4	0.01	0.45	71.96	18.86	0.00
1	1	0.01	0.30	74.06	15.96	0.00
1	5	0.01	0.45	71.33	19.33	0.00
2	2	0.01	0.45	70.10	19.94	0.00
2	6	0.00	0.41	70.37	20.40	0.00
3	3	0.00	0.49	79.94	9.92	0.00
3	7	0.02	2.17	65.94	7.33	0.00
Core	CPU	C1%	C3%	C6%	C8%	C9%
-	-	0.03	0.68	72.54	15.46	0.00
0	0	0.01	0.47	73.43	15.55	0.00
0	4	0.00	0.32	71.85	19.10	0.00
1	1	0.01	0.42	74.89	14.98	0.00
1	5	0.00	0.63	71.21	19.30	0.00
2	2	0.01	0.58	70.40	19.51	0.00
2	6	0.01	0.41	71.39	19.47	0.00
3	3	0.00	0.49	80.39	9.40	0.00
3	7	0.21	2.09	66.76	6.35	0.00
Core	CPU	C1%	C3%	C6%	C8%	C9%
-	-	0.01	0.68	72.45	15.57	0.00
0	0	0.01	0.56	73.22	15.82	0.00
0	4	0.00	0.35	72.58	18.30	0.00
1	1	0.01	0.44	74.09	15.84	0.00
1	5	0.00	0.59	71.07	19.50	0.00
2	2	0.00	0.58	71.04	18.85	0.00
2	6	0.00	0.40	71.61	19.19	0.00
3	3	0.00	0.53	79.80	9.95	0.00
3	7	0.01	2.01	66.19	7.13	0.00
Core	CPU	C1%	C3%	C6%	C8%	C9%
-	-	0.01	1.22	69.98	16.64	0.00
0	0	0.00	0.56	70.86	16.47	0.00
0	4	0.01	0.53	70.29	19.66	0.00
1	1	0.00	0.30	72.35	16.45	0.00
1	5	0.00	3.07	67.51	19.72	0.00
2	2	0.00	0.53	68.98	20.10	0.00
2	6	0.00	0.38	68.94	20.84	0.00
3	3	0.00	0.41	77.06	11.83	0.00
3	7	0.02	3.95	63.43	7.94	0.00
Core	CPU	C1%	C3%	C6%	C8%	C9%
-	-	0.01	0.70	72.24	15.69	0.00
0	0	0.00	0.71	70.54	18.40	0.00
0	4	0.01	0.44	68.85	21.94	0.00
1	1	0.01	0.36	76.47	13.24	0.00
1	5	0.00	0.54	71.58	19.00	0.00
2	2	0.01	0.43	72.24	17.81	0.00
2	6	0.00	0.34	71.43	19.41	0.00
3	3	0.00	0.57	80.11	9.67	0.00
3	7	0.02	2.22	67.10	6.16	0.00
Core	CPU	C1%	C3%	C6%	C8%	C9%
-	-	0.10	0.83	72.65	14.98	0.00
0	0	0.00	0.47	75.79	13.10	0.00
0	4	0.00	0.55	71.07	19.67	0.00
1	1	0.01	0.41	73.68	16.16	0.00
1	5	0.25	1.33	70.47	18.87	0.00
2	2	0.00	0.53	71.11	17.95	0.00
2	6	0.52	0.49	71.54	18.64	0.00
3	3	0.00	0.47	81.60	8.26	0.00
3	7	0.02	2.40	65.95	7.20	0.00
Core	CPU	C1%	C3%	C6%	C8%	C9%
-	-	0.01	0.72	72.46	15.47	0.00
0	0	0.01	0.52	73.02	16.06	0.00
0	4	0.00	0.62	71.88	18.63	0.00
1	1	0.01	0.34	74.12	15.78	0.00
1	5	0.00	0.44	70.77	19.64	0.00
2	2	0.01	0.46	73.56	16.31	0.00
2	6	0.00	0.45	70.70	19.75	0.00
3	3	0.00	0.63	80.31	9.36	0.00
3	7	0.01	2.31	65.04	8.22	0.00
Core	CPU	C1%	C3%	C6%	C8%	C9%
-	-	0.01	0.70	71.99	15.32	0.00
0	0	0.01	0.63	71.56	12.13	0.00
0	4	0.00	0.53	71.90	17.95	0.00
1	1	0.01	0.33	75.01	14.93	0.00
1	5	0.00	0.49	69.86	20.92	0.00
2	2	0.00	0.62	72.00	17.85	0.00
2	6	0.00	0.41	70.26	20.64	0.00
3	3	0.00	0.40	79.10	10.72	0.00
3	7	0.01	2.18	66.43	7.48	0.00
Core	CPU	C1%	C3%	C6%	C8%	C9%
-	-	0.01	0.89	69.98	15.93	0.00
0	0	0.00	0.48	75.06	11.74	0.00
0	4	0.00	0.52	70.58	18.29	0.00
1	1	0.01	0.37	70.65	16.80	0.00
1	5	0.00	0.70	68.45	19.38	0.00
2	2	0.00	0.49	68.67	19.28	0.00
2	6	0.00	0.58	68.68	19.95	0.00
3	3	0.01	0.58	76.03	11.49	0.00
3	7	0.01	3.44	61.11	10.36	0.00
Core	CPU	C1%	C3%	C6%	C8%	C9%
-	-	0.10	0.71	72.22	15.55	0.00
0	0	0.00	0.58	75.92	12.94	0.00
0	4	0.00	0.46	71.36	19.34	0.00
1	1	0.01	0.38	71.72	18.13	0.00
1	5	0.00	0.50	71.06	19.61	0.00
2	2	0.00	0.50	71.76	18.17	0.00
2	6	0.00	0.41	70.78	20.01	0.00
3	3	0.00	0.49	80.14	9.79	0.00
3	7	0.78	2.37	65.69	6.56	0.00
Core	CPU	C1%	C3%	C6%	C8%	C9%
-	-	0.01	0.76	71.71	16.18	0.00
0	0	0.00	0.44	73.65	15.41	0.00
0	4	0.00	0.61	72.06	18.52	0.00
1	1	0.01	0.38	72.66	17.41	0.00
1	5	0.00	0.42	71.64	19.12	0.00
2	2	0.01	0.52	70.20	19.80	0.00
2	6	0.00	0.52	70.41	19.45	0.00
3	3	0.00	0.45	78.56	11.40	0.00
3	7	0.02	2.70	64.47	8.28	0.00
Core	CPU	C1%	C3%	C6%	C8%	C9%
-	-	0.01	0.69	72.67	15.48	0.00
0	0	0.00	0.58	73.53	15.49	0.00
0	4	0.01	0.47	72.65	18.01	0.00
1	1	0.01	0.36	73.43	16.52	0.00
1	5	0.00	0.44	71.39	19.33	0.00
2	2	0.01	0.52	72.01	17.97	0.00
2	6	0.00	0.38	71.15	19.72	0.00
3	3	0.00	0.50	80.41	9.54	0.00
3	7	0.03	2.24	66.27	7.08	0.00
Core	CPU	C1%	C3%	C6%	C8%	C9%
-	-	0.00	0.68	72.50	15.50	0.00
0	0	0.01	0.60	74.43	14.45	0.00
0	4	0.00	0.53	70.28	20.48	0.00
1	1	0.01	0.29	73.55	16.42	0.00
1	5	0.00	0.35	70.89	19.83	0.00
2	2	0.00	0.56	70.46	19.48	0.00
2	6	0.00	0.39	71.25	19.52	0.00
3	3	0.00	0.45	82.05	7.88	0.00
3	7	0.01	2.31	67.34	6.06	0.00
Core	CPU	C1%	C3%	C6%	C8%	C9%
-	-	0.01	0.85	69.83	16.13	0.30
0	0	0.01	0.70	71.93	15.20	0.00
0	4	0.01	0.37	68.50	20.33	0.00
1	1	0.01	0.30	72.61	15.48	0.00
1	5	0.01	1.38	67.98	19.48	2.36
2	2	0.01	0.53	68.53	19.46	0.00
2	6	0.00	0.34	68.15	20.48	0.00
3	3	0.00	0.48	77.53	10.33	0.00
3	7	0.01	2.71	63.08	8.16	0.00
Core	CPU	C1%	C3%	C6%	C8%	C9%
-	-	0.01	0.73	72.20	15.66	0.00
0	0	0.00	0.51	76.02	12.80	0.00
0	4	0.01	0.72	71.65	18.78	0.00
1	1	0.01	0.40	74.23	15.52	0.00
1	5	0.00	0.44	71.58	19.08	0.00
2	2	0.01	0.55	69.63	20.28	0.00
2	6	0.00	0.45	70.50	20.28	0.00
3	3	0.01	0.48	79.80	10.19	0.00
3	7	0.01	2.30	64.83	8.49	0.00
Core	CPU	C1%	C3%	C6%	C8%	C9%
-	-	0.01	0.80	71.96	15.91	0.00
0	0	0.01	0.53	74.29	14.75	0.00
0	4	0.01	0.53	72.02	18.63	0.00
1	1	0.01	0.31	72.40	17.73	0.00
1	5	0.00	1.10	71.17	18.48	0.00
2	2	0.01	0.43	70.72	19.28	0.00
2	6	0.00	0.38	71.14	19.61	0.00
3	3	0.00	0.52	79.08	10.82	0.00
3	7	0.02	2.60	64.86	7.97	0.00
Core	CPU	C1%	C3%	C6%	C8%	C9%
-	-	0.01	0.67	72.41	15.74	0.00
0	0	0.02	0.29	75.59	13.62	0.00
0	4	0.00	0.66	73.35	17.23	0.00
1	1	0.02	0.45	74.73	15.13	0.00
1	5	0.00	0.21	73.46	17.24	0.00
2	2	0.00	0.43	67.97	22.02	0.00
2	6	0.00	0.52	69.52	21.28	0.00
3	3	0.01	0.50	80.31	9.64	0.00
3	7	0.01	2.30	63.67	9.64	0.00
Core	CPU	C1%	C3%	C6%	C8%	C9%
-	-	0.01	0.71	72.94	14.99	0.00
0	0	0.01	0.61	78.59	10.18	0.00
0	4	0.01	0.54	73.13	17.45	0.00
1	1	0.01	0.34	74.99	14.81	0.00
1	5	0.00	0.45	70.96	19.61	0.00
2	2	0.00	0.52	70.08	19.55	0.00
2	6	0.01	0.45	71.40	19.37	0.00
3	3	0.00	0.56	78.94	10.96	0.00
3	7	0.01	2.18	65.46	7.96	0.00
Core	CPU	C1%	C3%	C6%	C8%	C9%
-	-	0.01	1.34	69.27	17.29	0.00
0	0	0.01	0.40	73.02	14.34	0.00
0	4	0.00	0.73	69.15	20.57	0.00
1	1	0.01	0.52	72.42	16.86	0.00
1	5	0.00	3.38	67.60	18.81	0.00
2	2	0.00	0.35	67.29	21.89	0.00
2	6	0.01	0.52	67.68	22.01	0.00
3	3	0.01	0.49	76.40	13.37	0.00
3	7	0.01	4.36	60.75	10.47	0.00
Core	CPU	C1%	C3%	C6%	C8%	C9%
-	-	0.01	0.72	72.64	15.30	0.00
0	0	0.01	0.56	73.16	15.87	0.00
0	4	0.01	0.54	70.79	19.94	0.00
1	1	0.01	0.34	76.23	13.60	0.00
1	5	0.00	0.49	71.01	19.65	0.00
2	2	0.00	0.58	71.46	18.46	0.00
2	6	0.00	0.45	71.60	19.18	0.00
3	3	0.00	0.49	81.16	8.74	0.00
3	7	0.01	2.30	66.21	7.08	0.00
Core	CPU	C1%	C3%	C6%	C8%	C9%
-	-	0.01	0.70	72.64	15.31	0.00
0	0	0.00	0.56	72.07	16.94	0.00
0	4	0.01	0.47	71.37	19.50	0.00
1	1	0.01	0.39	76.17	13.67	0.00
1	5	0.00	0.44	72.21	18.57	0.00
2	2	0.01	0.59	70.75	19.19	0.00
2	6	0.00	0.38	71.40	19.36	0.00
3	3	0.00	0.47	81.52	7.56	0.00
3	7	0.01	2.30	65.65	7.66	0.00
Core	CPU	C1%	C3%	C6%	C8%	C9%
-	-	0.01	0.71	73.16	14.97	0.00
0	0	0.00	0.82	74.21	14.50	0.00
0	4	0.02	0.33	72.94	17.88	0.00
1	1	0.01	0.15	72.26	17.95	0.00
1	5	0.00	0.64	70.99	19.62	0.00
2	2	0.01	0.66	72.20	17.71	0.00
2	6	0.00	0.19	71.42	19.52	0.00
3	3	0.00	0.48	81.81	8.08	0.00
3	7	0.01	2.40	68.81	4.40	0.00
Core	CPU	C1%	C3%	C6%	C8%	C9%
-	-	0.01	0.68	72.34	15.58	0.00
0	0	0.00	0.63	76.58	12.21	0.00
0	4	0.01	0.41	73.82	16.99	0.00
1	1	0.00	0.36	71.90	18.01	0.00
1	5	0.00	0.41	71.15	19.67	0.00
2	2	0.01	0.52	72.35	17.58	0.00
2	6	0.01	0.57	72.93	17.62	0.00
3	3	0.00	0.64	76.71	13.04	0.00
3	7	0.02	1.90	63.91	9.66	0.00
Core	CPU	C1%	C3%	C6%	C8%	C9%
-	-	0.01	1.35	70.48	16.28	0.00
0	0	0.00	0.67	72.14	15.06	0.00
0	4	0.01	0.41	70.91	19.04	0.00
1	1	0.01	0.31	71.95	17.48	0.00
1	5	0.00	3.25	69.05	18.47	0.00
2	2	0.01	0.56	70.24	19.93	0.00
2	6	0.00	0.41	69.62	19.89	0.00
3	3	0.00	0.56	76.62	12.18	0.00
3	7	0.02	4.61	63.00	8.15	0.00
Core	CPU	C1%	C3%	C6%	C8%	C9%
-	-	0.00	0.69	72.38	15.57	0.00
0	0	0.00	0.61	73.60	15.14	0.00
0	4	0.01	0.45	72.27	18.27	0.00
1	1	0.01	0.29	73.35	16.70	0.00
1	5	0.00	0.45	70.40	20.36	0.00
2	2	0.00	0.61	72.09	17.77	0.00
2	6	0.00	0.46	71.50	19.21	0.00
3	3	0.00	0.48	79.93	9.94	0.00
3	7	0.02	2.18	66.22	7.23	0.00
Core	CPU	C1%	C3%	C6%	C8%	C9%
-	-	0.00	0.86	71.92	16.09	0.00
0	0	0.01	0.53	74.67	14.28	0.00
0	4	0.00	0.42	72.08	18.70	0.00
1	1	0.01	0.37	73.24	16.69	0.00
1	5	0.00	1.30	70.66	19.28	0.00
2	2	0.00	0.48	70.12	19.91	0.00
2	6	0.00	0.50	70.38	20.42	0.00
3	3	0.00	0.57	78.85	10.99	0.00
3	7	0.02	2.75	64.71	8.27	0.00
Core	CPU	C1%	C3%	C6%	C8%	C9%
-	-	0.01	0.69	71.92	15.93	0.00
0	0	0.01	0.49	75.06	13.66	0.00
0	4	0.01	0.53	70.51	19.95	0.00
1	1	0.00	0.39	72.68	17.33	0.00
1	5	0.00	0.31	70.61	20.26	0.00
2	2	0.00	0.44	70.38	19.61	0.00
2	6	0.00	0.50	71.17	19.50	0.00
3	3	0.01	0.56	80.84	8.92	0.00
3	7	0.01	2.29	64.76	8.32	0.00
Core	CPU	C1%	C3%	C6%	C8%	C9%
-	-	0.01	0.67	72.45	15.61	0.00
0	0	0.01	0.61	73.23	15.66	0.00
0	4	0.00	0.53	71.34	19.36	0.00
1	1	0.01	0.29	74.29	15.64	0.00
1	5	0.00	0.44	71.05	19.72	0.00
2	2	0.01	0.55	72.15	17.76	0.00
2	6	0.00	0.36	70.58	20.18	0.00
3	3	0.01	0.43	80.64	9.33	0.00
3	7	0.02	2.16	66.24	7.23	0.00
Core	CPU	C1%	C3%	C6%	C8%	C9%
-	-	0.00	1.26	69.38	17.60	0.00
0	0	0.00	0.44	73.56	14.62	0.00
0	4	0.00	0.56	69.35	20.42	0.00
1	1	0.01	0.33	72.66	17.17	0.00
1	5	0.00	3.09	67.87	19.64	0.00
2	2	0.01	0.46	67.44	21.55	0.00
2	6	0.00	0.49	68.82	21.48	0.00
3	3	0.01	0.53	75.07	14.64	0.00
3	7	0.01	4.20	59.99	11.20	0.00
Core	CPU	C1%	C3%	C6%	C8%	C9%
-	-	0.01	0.71	72.91	15.02	0.00
0	0	0.01	0.67	72.52	16.34	0.00
0	4	0.00	0.49	74.22	16.28	0.00
1	1	0.01	0.31	73.21	16.58	0.00
1	5	0.00	0.35	70.62	20.12	0.00
2	2	0.00	0.58	72.01	17.88	0.00
2	6	0.00	0.41	71.55	19.25	0.00
3	3	0.00	0.49	82.18	7.74	0.00
3	7	0.02	2.41	67.22	6.01	0.00
Core	CPU	C1%	C3%	C6%	C8%	C9%
-	-	0.01	0.73	70.52	16.62	0.00
0	0	0.02	0.46	69.65	14.11	0.00
0	4	0.00	0.57	72.08	17.91	0.00
1	1	0.01	0.36	74.00	15.42	0.00
1	5	0.00	0.30	69.22	21.62	0.00
2	2	0.01	0.62	66.78	21.63	0.00
2	6	0.00	0.55	67.89	22.99	0.00
3	3	0.01	0.48	80.71	9.42	0.00
3	7	0.01	2.52	63.82	9.87	0.00
Core	CPU	C1%	C3%	C6%	C8%	C9%
-	-	0.01	0.69	71.50	16.62	0.00
0	0	0.00	0.48	76.63	12.34	0.00
0	4	0.00	0.57	74.31	16.32	0.00
1	1	0.00	0.47	71.75	18.21	0.00
1	5	0.01	0.39	71.48	19.37	0.00
2	2	0.00	0.47	69.92	20.04	0.00
2	6	0.01	0.60	70.23	20.39	0.00
3	3	0.00	0.68	76.42	13.45	0.00
3	7	0.01	1.84	60.85	12.69	0.00
Core	CPU	C1%	C3%	C6%	C8%	C9%
-	-	0.01	0.68	71.46	16.48	0.00
0	0	0.01	0.61	71.62	17.26	0.00
0	4	0.01	0.61	73.63	16.81	0.00
1	1	0.01	0.30	73.69	16.13	0.00
1	5	0.00	0.33	69.45	21.47	0.00
2	2	0.00	0.61	70.05	19.77	0.00
2	6	0.00	0.41	69.59	21.12	0.00
3	3	0.01	0.43	79.41	10.59	0.00
3	7	0.02	2.14	64.70	8.80	0.00
Core	CPU	C1%	C3%	C6%	C8%	C9%
-	-	0.04	0.87	69.14	16.66	0.00
0	0	0.01	0.45	72.72	14.27	0.00
0	4	0.00	0.50	68.42	20.28	0.00
1	1	0.01	0.42	70.20	17.64	0.00
1	5	0.00	1.26	67.87	19.47	0.00
2	2	0.00	0.50	68.18	19.78	0.00
2	6	0.00	0.49	68.62	19.62	0.00
3	3	0.01	0.53	75.37	12.65	0.00
3	7	0.30	2.78	61.21	9.43	0.00
Core	CPU	C1%	C3%	C6%	C8%	C9%
-	-	0.09	0.73	71.76	15.87	0.00
0	0	0.00	0.60	74.22	14.49	0.00
0	4	0.01	0.64	70.33	20.31	0.00
1	1	0.01	0.33	72.90	16.98	0.00
1	5	0.00	0.34	71.32	19.59	0.00
2	2	0.03	0.54	69.38	18.87	0.00
2	6	0.00	0.48	71.06	19.16	0.00
3	3	0.00	0.47	80.47	9.49	0.00
3	7	0.70	2.41	64.34	8.04	0.00
Core	CPU	C1%	C3%	C6%	C8%	C9%
-	-	0.01	0.88	71.09	16.57	0.00
0	0	0.01	0.53	71.11	17.63	0.00
0	4	0.01	0.56	69.46	20.74	0.00
1	1	0.01	0.29	73.74	16.17	0.00
1	5	0.00	0.48	70.38	20.30	0.00
2	2	0.00	1.39	70.18	18.75	0.00
2	6	0.00	0.40	70.51	19.80	0.00
3	3	0.00	0.43	78.90	10.77	0.00
3	7	0.01	2.94	64.41	8.40	0.00
Core	CPU	C1%	C3%	C6%	C8%	C9%
-	-	0.00	0.69	71.29	16.61	0.00
0	0	0.00	0.52	73.07	15.84	0.00
0	4	0.00	0.56	71.60	19.03	0.00
1	1	0.00	0.45	72.67	17.16	0.00
1	5	0.00	0.37	70.56	20.23	0.00
2	2	0.00	0.51	71.01	18.77	0.00
2	6	0.00	0.54	69.81	20.88	0.00
3	3	0.00	0.63	78.69	11.13	0.00
3	7	0.01	1.95	63.46	10.01	0.00
Core	CPU	C1%	C3%	C6%	C8%	C9%
-	-	0.00	0.70	71.93	16.20	0.00
0	0	0.01	0.41	75.93	13.00	0.00
0	4	0.00	0.72	71.25	19.43	0.00
1	1	0.01	0.40	74.01	15.99	0.00
1	5	0.00	0.31	70.91	19.91	0.00
2	2	0.00	0.53	70.30	19.60	0.00
2	6	0.00	0.53	70.07	20.72	0.00
3	3	0.00	0.48	79.24	10.72	0.00
3	7	0.01	2.23	63.20	10.14	0.00
Core	CPU	C1%	C3%	C6%	C8%	C9%
-	-	0.01	1.27	69.60	16.88	0.11
0	0	0.01	0.46	72.39	14.88	0.00
0	4	0.00	0.52	69.78	19.99	0.00
1	1	0.01	0.52	73.34	15.59	0.00
1	5	0.00	2.78	67.78	19.52	0.89
2	2	0.00	0.39	67.00	21.83	0.00
2	6	0.01	0.53	68.46	20.99	0.00
3	3	0.01	0.61	76.19	12.98	0.00
3	7	0.01	4.32	62.06	9.34	0.00
Core	CPU	C1%	C3%	C6%	C8%	C9%
-	-	0.01	0.68	72.08	15.92	0.00
0	0	0.00	0.59	76.22	12.49	0.00
0	4	0.00	0.52	71.78	18.95	0.00
1	1	0.01	0.32	73.14	16.84	0.00
1	5	0.00	0.38	70.18	20.63	0.00
2	2	0.00	0.61	71.25	18.62	0.00
2	6	0.00	0.40	70.54	20.23	0.00
3	3	0.01	0.51	79.40	10.57	0.00
3	7	0.01	2.14	64.42	9.12	0.00
Core	CPU	C1%	C3%	C6%	C8%	C9%
-	-	0.01	0.80	71.80	15.74	0.00
0	0	0.01	0.61	72.89	15.17	0.00
0	4	0.01	0.59	71.03	19.01	0.00
1	1	0.01	0.32	72.09	17.60	0.00
1	5	0.00	0.88	70.00	19.99	0.00
2	2	0.00	0.48	70.82	18.81	0.00
2	6	0.00	0.31	71.30	18.91	0.00
3	3	0.00	0.46	80.64	9.43	0.00
3	7	0.01	2.79	65.78	6.99	0.00
Core	CPU	C1%	C3%	C6%	C8%	C9%
-	-	0.07	0.73	71.48	16.55	0.00
0	0	0.01	0.52	73.37	15.63	0.00
0	4	0.00	0.71	70.23	20.38	0.00
1	1	0.01	0.25	73.64	16.34	0.00
1	5	0.00	0.41	70.76	20.04	0.00
2	2	0.01	0.63	68.14	21.75	0.00
2	6	0.00	0.45	70.30	20.40	0.00
3	3	0.00	0.43	79.51	10.49	0.00
3	7	0.50	2.43	65.30	7.23	0.00
Core	CPU	C1%	C3%	C6%	C8%	C9%
-	-	0.07	0.74	71.14	16.64	0.00
0	0	0.01	0.53	71.94	16.95	0.00
0	4	0.00	0.63	72.51	17.97	0.00
1	1	0.01	0.31	72.92	16.87	0.00
1	5	0.00	0.53	70.21	20.43	0.00
2	2	0.01	0.58	69.35	20.55	0.00
2	6	0.00	0.43	68.59	22.12	0.00
3	3	0.01	0.54	79.75	10.15	0.00
3	7	0.49	2.40	64.45	8.26	0.00
Core	CPU	C1%	C3%	C6%	C8%	C9%
-	-	0.01	1.17	70.24	16.02	0.01
0	0	0.00	0.43	72.39	14.84	0.00
0	4	0.01	0.72	71.83	17.30	0.00
1	1	0.02	0.28	73.13	15.46	0.00
1	5	0.00	1.84	69.04	18.72	0.05
2	2	0.00	0.56	67.09	21.34	0.00
2	6	0.00	0.47	68.00	21.07	0.00
3	3	0.01	0.44	77.72	10.37	0.00
3	7	0.01	4.64	62.30	8.95	0.00
Core	CPU	C1%	C3%	C6%	C8%	C9%
-	-	0.01	0.69	71.35	16.74	0.00
0	0	0.01	0.43	73.74	15.35	0.00
0	4	0.00	0.56	71.92	18.78	0.00
1	1	0.01	0.42	74.94	14.97	0.00
1	5	0.00	0.32	71.60	19.32	0.00
2	2	0.01	0.43	68.04	21.96	0.00
2	6	0.00	0.57	68.62	22.12	0.00
3	3	0.01	0.65	79.87	10.01	0.00
3	7	0.01	2.18	61.91	11.33	0.00
Core	CPU	C1%	C3%	C6%	C8%	C9%
-	-	0.04	0.73	70.95	16.88	0.00
0	0	0.00	0.43	71.83	17.13	0.00
0	4	0.01	0.62	71.52	19.15	0.00
1	1	0.01	0.38	73.99	15.96	0.00
1	5	0.00	0.45	69.51	21.21	0.00
2	2	0.01	0.53	70.13	19.85	0.00
2	6	0.00	0.41	68.56	22.25	0.00
3	3	0.01	0.75	77.96	11.18	0.00
3	7	0.31	2.26	64.69	8.42	0.00
Core	CPU	C1%	C3%	C6%	C8%	C9%
-	-	0.01	0.70	71.81	16.25	0.00
0	0	0.00	0.68	71.15	17.71	0.00
0	4	0.00	0.58	70.84	19.86	0.00
1	1	0.01	0.28	74.57	15.39	0.00
1	5	0.00	0.38	71.90	18.76	0.00
2	2	0.01	0.53	71.06	18.87	0.00
2	6	0.00	0.30	68.92	21.97	0.00
3	3	0.00	0.55	79.70	10.23	0.00
3	7	0.02	2.32	66.10	7.16	0.00
Core	CPU	C1%	C3%	C6%	C8%	C9%
-	-	0.01	0.68	71.53	16.47	0.00
0	0	0.01	0.52	74.51	14.29	0.00
0	4	0.00	0.50	71.26	19.49	0.00
1	1	0.01	0.47	73.30	16.56	0.00
1	5	0.01	0.49	69.33	21.39	0.00
2	2	0.00	0.50	70.61	19.33	0.00
2	6	0.01	0.42	69.77	21.02	0.00
3	3	0.01	0.54	79.36	10.62	0.00
3	7	0.01	2.02	64.40	9.15	0.00
Core	CPU	C1%	C3%	C6%	C8%	C9%
-	-	0.01	1.17	69.94	16.34	0.00
0	0	0.01	0.31	73.62	13.85	0.00
0	4	0.00	0.69	71.12	17.92	0.00
1	1	0.00	0.43	70.90	16.97	0.00
1	5	0.00	2.37	70.55	16.91	0.00
2	2	0.00	0.38	67.13	21.67	0.00
2	6	0.00	0.49	67.49	22.38	0.00
3	3	0.01	0.49	77.97	10.51	0.00
3	7	0.02	4.18	60.57	10.49	0.00
Core	CPU	C1%	C3%	C6%	C8%	C9%
-	-	0.01	0.71	71.54	16.50	0.00
0	0	0.01	0.53	77.47	11.35	0.00
0	4	0.00	0.66	74.31	16.24	0.00
1	1	0.01	0.43	72.36	17.19	0.00
1	5	0.00	0.30	70.92	20.03	0.00
2	2	0.00	0.49	69.35	20.59	0.00
2	6	0.01	0.58	70.25	20.47	0.00
3	3	0.01	0.69	76.12	13.75	0.00
3	7	0.01	1.96	61.19	12.32	0.00
Core	CPU	C1%	C3%	C6%	C8%	C9%
-	-	0.02	0.87	72.11	15.64	0.00
0	0	0.01	0.56	73.80	15.11	0.00
0	4	0.00	0.59	72.09	18.58	0.00
1	1	0.01	0.27	75.45	14.54	0.00
1	5	0.00	1.20	70.21	19.64	0.00
2	2	0.01	0.51	70.74	19.22	0.00
2	6	0.00	0.42	68.94	21.89	0.00
3	3	0.00	0.53	81.61	8.32	0.00
3	7	0.12	2.87	64.60	7.94	0.00
Core	CPU	C1%	C3%	C6%	C8%	C9%
-	-	0.01	0.72	71.68	16.44	0.00
0	0	0.01	0.60	72.98	15.82	0.00
0	4	0.00	0.59	71.14	19.48	0.00
1	1	0.01	0.34	72.67	17.51	0.00
1	5	0.00	0.43	71.32	19.54	0.00
2	2	0.00	0.54	69.94	19.95	0.00
2	6	0.00	0.39	69.37	21.51	0.00
3	3	0.01	0.42	80.89	9.03	0.00
3	7	0.01	2.42	64.66	8.57	0.00
Core	CPU	C1%	C3%	C6%	C8%	C9%
-	-	0.01	0.70	71.16	16.15	0.00
0	0	0.02	0.50	73.73	9.86	0.00
0	4	0.00	0.65	71.02	18.74	0.00
1	1	0.01	0.35	73.00	16.85	0.00
1	5	0.00	0.35	70.17	20.81	0.00
2	2	0.00	0.45	68.76	21.02	0.00
2	6	0.00	0.48	68.48	22.48	0.00
3	3	0.01	0.55	79.39	10.06	0.00
3	7	0.01	2.26	64.54	9.37	0.00
Core	CPU	C1%	C3%	C6%	C8%	C9%
-	-	0.01	1.11	69.86	15.79	0.20
0	0	0.00	0.52	71.16	15.42	0.00
0	4	0.00	0.67	70.88	17.62	0.00
1	1	0.01	0.34	69.08	18.61	0.00
1	5	0.00	2.26	69.49	17.64	1.59
2	2	0.01	0.46	68.58	18.75	0.00
2	6	0.00	0.46	67.94	20.82	0.00
3	3	0.00	0.51	77.48	10.49	0.00
3	7	0.02	3.67	64.28	6.95	0.00
Core	CPU	C1%	C3%	C6%	C8%	C9%
-	-	0.00	0.70	71.67	16.34	0.00
0	0	0.00	0.56	75.25	13.58	0.00
0	4	0.00	0.63	75.03	15.42	0.00
1	1	0.01	0.31	70.63	19.28	0.00
1	5	0.00	0.42	69.22	21.65	0.00
2	2	0.01	0.54	69.12	20.87	0.00
2	6	0.01	0.44	69.41	21.36	0.00
3	3	0.00	0.55	79.91	9.92	0.00
3	7	0.01	2.17	64.75	8.63	0.00
Core	CPU	C1%	C3%	C6%	C8%	C9%
-	-	0.01	0.80	71.79	16.13	0.00
0	0	0.00	0.68	70.73	18.15	0.00
0	4	0.00	0.47	70.52	20.20	0.00
1	1	0.01	0.28	73.87	16.06	0.00
1	5	0.00	1.29	68.82	20.99	0.00
2	2	0.01	0.62	71.46	18.43	0.00
2	6	0.01	0.28	71.47	19.43	0.00
3	3	0.00	0.40	80.86	9.08	0.00
3	7	0.02	2.41	66.57	6.72	0.00
Core	CPU	C1%	C3%	C6%	C8%	C9%
-	-	0.00	0.67	71.06	16.96	0.00
0	0	0.01	0.42	76.06	12.94	0.00
0	4	0.00	0.51	72.78	17.88	0.00
1	1	0.00	0.53	72.32	17.46	0.00
1	5	0.00	0.33	68.98	21.92	0.00
2	2	0.01	0.46	69.82	20.17	0.00
2	6	0.00	0.68	70.58	20.02	0.00
3	3	0.01	0.77	76.68	12.98	0.00
3	7	0.01	1.63	61.37	12.32	0.00
Core	CPU	C1%	C3%	C6%	C8%	C9%
-	-	0.01	0.71	72.05	15.90	0.00
0	0	0.01	0.43	74.64	14.29	0.00
0	4	0.00	0.58	71.05	19.57	0.00
1	1	0.02	0.32	74.42	15.65	0.00
1	5	0.00	0.44	71.65	19.09	0.00
2	2	0.00	0.53	68.50	21.44	0.00
2	6	0.00	0.41	68.74	22.09	0.00
3	3	0.01	0.44	82.00	7.94	0.00
3	7	0.01	2.50	65.95	7.27	0.00
Core	CPU	C1%	C3%	C6%	C8%	C9%
-	-	0.01	1.05	69.00	16.69	0.00
0	0	0.00	0.62	73.32	13.53	0.00
0	4	0.00	0.49	69.99	18.76	0.00
1	1	0.01	0.38	69.67	17.61	0.00
1	5	0.01	2.53	66.86	20.33	0.00
2	2	0.00	0.57	67.92	19.97	0.00
2	6	0.00	0.59	68.56	19.94	0.00
3	3	0.00	0.70	74.85	12.29	0.00
3	7	0.02	2.55	60.28	10.95	0.00
Core	CPU	C1%	C3%	C6%	C8%	C9%
-	-	0.05	0.69	72.11	15.72	0.00
0	0	0.01	0.51	73.44	15.43	0.00
0	4	0.00	0.51	71.79	18.87	0.00
1	1	0.01	0.33	73.95	15.76	0.00
1	5	0.00	0.43	70.75	20.08	0.00
2	2	0.01	0.55	69.17	20.80	0.00
2	6	0.01	0.41	71.14	19.55	0.00
3	3	0.00	0.46	80.10	9.77	0.00
3	7	0.39	2.32	66.72	5.56	0.00
Core	CPU	C1%	C3%	C6%	C8%	C9%
-	-	0.03	0.77	70.43	16.90	0.00
0	0	0.00	0.53	70.93	18.11	0.00
0	4	0.01	0.79	69.27	20.62	0.00
1	1	0.01	0.37	74.33	14.56	0.00
1	5	0.00	0.45	70.34	20.23	0.00
2	2	0.01	0.53	67.32	21.81	0.00
2	6	0.17	0.50	69.54	20.21	0.00
3	3	0.05	0.57	78.00	10.95	0.00
3	7	0.01	2.42	64.01	8.78	0.00
Core	CPU	C1%	C3%	C6%	C8%	C9%
-	-	0.01	0.76	71.58	16.41	0.00
0	0	0.01	0.50	72.96	15.97	0.00
0	4	0.00	0.44	71.22	19.54	0.00
1	1	0.01	0.40	72.57	17.43	0.00
1	5	0.00	0.55	72.91	17.65	0.00
2	2	0.01	0.56	67.33	22.46	0.00
2	6	0.00	0.62	71.07	19.27	0.00
3	3	0.00	0.71	78.66	11.08	0.00
3	7	0.01	2.30	65.26	7.74	0.00
Core	CPU	C1%	C3%	C6%	C8%	C9%
-	-	0.02	0.73	72.05	15.55	0.00
0	0	0.01	0.36	77.19	11.01	0.00
0	4	0.00	0.66	71.09	19.22	0.00
1	1	0.01	0.40	75.15	14.82	0.00
1	5	0.00	0.29	70.34	20.53	0.00
2	2	0.00	0.52	68.54	20.92	0.00
2	6	0.00	0.49	69.84	20.20	0.00
3	3	0.15	0.71	79.95	8.87	0.00
3	7	0.02	2.41	64.39	8.82	0.00
Core	CPU	C1%	C3%	C6%	C8%	C9%
-	-	0.01	0.97	69.04	16.91	0.11
0	0	0.01	0.33	72.64	14.58	0.00
0	4	0.00	0.55	68.91	19.70	0.00
1	1	0.02	0.35	72.69	15.47	0.00
1	5	0.01	1.65	66.83	20.78	0.91
2	2	0.00	0.51	66.78	21.13	0.00
2	6	0.00	0.51	67.36	21.49	0.00
3	3	0.01	0.43	76.42	11.69	0.00
3	7	0.01	3.40	60.77	10.44	0.00
Core	CPU	C1%	C3%	C6%	C8%	C9%
-	-	0.00	0.71	71.99	15.90	0.00
0	0	0.01	0.51	77.96	10.85	0.00
0	4	0.00	0.78	71.62	18.76	0.00
1	1	0.01	0.36	75.81	14.09	0.00
1	5	0.00	0.30	70.84	19.99	0.00
2	2	0.00	0.50	68.95	20.89	0.00
2	6	0.00	0.54	69.20	21.49	0.00
3	3	0.00	0.61	78.23	11.54	0.00
3	7	0.00	2.07	63.77	9.72	0.00
Core	CPU	C1%	C3%	C6%	C8%	C9%
-	-	0.01	0.81	72.11	15.83	0.00
0	0	0.01	1.09	73.96	13.99	0.00
0	4	0.00	0.69	73.15	17.35	0.00
1	1	0.00	0.42	74.41	15.63	0.00
1	5	0.00	0.38	70.68	20.17	0.00
2	2	0.01	0.42	70.60	19.25	0.00
2	6	0.00	0.52	68.66	22.14	0.00
3	3	0.00	0.61	78.73	11.04	0.00
3	7	0.02	2.30	66.11	6.91	0.00
Core	CPU	C1%	C3%	C6%	C8%	C9%
-	-	0.05	0.72	71.30	15.99	0.00
0	0	0.01	0.46	71.03	16.86	0.00
0	4	0.19	0.76	69.35	20.14	0.00
1	1	0.01	0.45	75.57	14.23	0.00
1	5	0.00	0.53	70.35	20.27	0.00
2	2	0.00	0.52	70.60	18.41	0.00
2	6	0.12	0.45	71.56	17.76	0.00
3	3	0.06	0.57	77.28	12.01	0.00
3	7	0.02	2.01	65.20	8.39	0.00
Core	CPU	C1%	C3%	C6%	C8%	C9%
-	-	0.01	0.70	71.92	16.21	0.00
0	0	0.00	0.59	72.92	15.99	0.00
0	4	0.00	0.65	71.38	19.16	0.00
1	1	0.01	0.27	72.92	17.29	0.00
1	5	0.00	0.42	69.93	20.94	0.00
2	2	0.01	0.56	71.76	17.94	0.00
2	6	0.00	0.38	69.12	21.69	0.00
3	3	0.00	0.43	81.32	8.69	0.00
3	7	0.01	2.32	65.50	7.82	0.00
Core	CPU	C1%	C3%	C6%	C8%	C9%
-	-	0.01	1.14	68.85	16.78	0.00
0	0	0.00	0.58	68.87	18.10	0.00
0	4	0.00	0.63	66.95	21.12	0.00
1	1	0.01	0.35	69.91	18.19	0.00
1	5	0.00	2.50	67.09	20.21	0.00
2	2	0.01	0.55	68.22	19.02	0.00
2	6	0.00	0.44	70.19	18.48	0.00
3	3	0.01	0.47	77.17	10.11	0.00
3	7	0.01	3.57	62.35	8.98	0.00
Core	CPU	C1%	C3%	C6%	C8%	C9%
-	-	0.01	0.74	72.62	15.28	0.00
0	0	0.01	0.51	73.83	15.06	0.00
0	4	0.00	0.73	74.85	15.44	0.00
1	1	0.01	0.27	72.63	17.26	0.00
1	5	0.00	0.41	70.71	20.09	0.00
2	2	0.01	0.57	70.16	19.72	0.00
2	6	0.00	0.40	71.51	19.31	0.00
3	3	0.01	0.45	81.16	8.80	0.00
3	7	0.01	2.59	66.17	6.57	0.00
Core	CPU	C1%	C3%	C6%	C8%	C9%
-	-	0.02	0.82	71.47	16.32	0.00
0	0	0.00	0.58	72.45	16.49	0.00
0	4	0.00	0.51	70.55	20.06	0.00
1	1	0.01	0.25	74.40	15.59	0.00
1	5	0.00	0.49	68.97	21.82	0.00
2	2	0.01	0.66	70.17	19.64	0.00
2	6	0.00	0.38	70.29	20.52	0.00
3	3	0.00	0.95	79.30	9.87	0.00
3	7	0.13	2.78	66.21	6.74	0.00
Core	CPU	C1%	C3%	C6%	C8%	C9%
-	-	0.10	0.69	70.93	16.61	0.00
0	0	0.45	0.35	74.06	14.01	0.00
0	4	0.04	0.69	70.87	19.04	0.00
1	1	0.01	0.43	73.58	16.57	0.00
1	5	0.00	0.42	70.79	19.07	0.00
2	2	0.01	0.43	67.16	22.39	0.00
2	6	0.00	0.44	67.80	23.09	0.00
3	3	0.26	0.52	79.92	8.99	0.00
3	7	0.01	2.27	63.08	9.70	0.00
Core	CPU	C1%	C3%	C6%	C8%	C9%
-	-	0.00	0.69	71.49	16.54	0.00
0	0	0.01	0.41	74.34	14.72	0.00
0	4	0.00	0.59	72.07	18.50	0.00
1	1	0.00	0.56	71.80	18.00	0.00
1	5	0.00	0.35	71.70	19.04	0.00
2	2	0.01	0.41	68.34	21.68	0.00
2	6	0.00	0.52	69.16	21.60	0.00
3	3	0.00	0.61	80.23	9.50	0.00
3	7	0.01	2.04	64.15	9.19	0.00
Core	CPU	C1%	C3%	C6%	C8%	C9%
-	-	0.00	0.99	68.80	17.05	0.00
0	0	0.00	0.38	73.89	12.99	0.00
0	4	0.00	0.55	70.05	18.68	0.00
1	1	0.00	0.42	69.57	17.67	0.00
1	5	0.00	2.35	67.35	20.09	0.00
2	2	0.01	0.47	66.05	21.86	0.00
2	6	0.00	0.46	65.43	24.00	0.00
3	3	0.00	0.47	75.91	11.99	0.00
3	7	0.01	2.81	62.13	9.11	0.00
Core	CPU	C1%	C3%	C6%	C8%	C9%
-	-	0.04	0.75	71.51	16.34	0.00
0	0	0.01	0.47	72.51	16.43	0.00
0	4	0.01	0.74	70.21	20.30	0.00
1	1	0.01	0.38	73.90	15.92	0.00
1	5	0.00	0.48	70.46	20.23	0.00
2	2	0.01	0.59	69.40	20.41	0.00
2	6	0.00	0.43	69.27	21.52	0.00
3	3	0.01	0.56	81.05	8.72	0.00
3	7	0.30	2.38	65.56	7.27	0.00
Core	CPU	C1%	C3%	C6%	C8%	C9%
-	-	0.08	0.88	70.04	17.11	0.00
0	0	0.07	0.64	69.79	13.98	0.00
0	4	0.00	1.37	70.65	18.40	0.00
1	1	0.01	0.23	73.02	16.65	0.00
1	5	0.00	0.39	69.54	21.41	0.00
2	2	0.01	0.59	68.23	21.24	0.00
2	6	0.00	0.39	68.83	22.15	0.00
3	3	0.00	0.52	76.40	13.64	0.00
3	7	0.51	2.90	63.50	9.31	0.00
Core	CPU	C1%	C3%	C6%	C8%	C9%
-	-	0.01	0.73	71.67	16.22	0.00
0	0	0.00	0.42	74.06	14.84	0.00
0	4	0.00	0.58	71.86	18.58	0.00
1	1	0.01	0.46	73.40	16.35	0.00
1	5	0.00	0.51	70.87	19.84	0.00
2	2	0.01	0.49	67.77	22.19	0.00
2	6	0.00	0.56	70.27	20.36	0.00
3	3	0.00	0.70	80.54	9.14	0.00
3	7	0.01	2.15	64.60	8.44	0.00
Core	CPU	C1%	C3%	C6%	C8%	C9%
-	-	0.04	0.73	71.78	15.87	0.00
0	0	0.17	0.79	70.09	17.64	0.00
0	4	0.11	0.63	69.53	19.96	0.00
1	1	0.01	0.19	75.18	14.89	0.00
1	5	0.00	0.69	69.47	20.96	0.00
2	2	0.01	0.65	71.83	17.50	0.00
2	6	0.00	0.17	70.17	20.04	0.00
3	3	0.00	0.46	79.61	10.41	0.00
3	7	0.02	2.28	68.03	5.48	0.00
Core	CPU	C1%	C3%	C6%	C8%	C9%
-	-	0.04	0.83	69.54	16.32	0.00
0	0	0.00	0.64	70.13	16.92	0.00
0	4	0.01	0.57	69.01	19.74	0.00
1	1	0.01	0.17	71.28	16.94	0.00
1	5	0.00	1.21	68.55	18.94	0.00
2	2	0.01	0.59	69.64	18.07	0.00
2	6	0.00	0.27	67.71	21.27	0.00
3	3	0.00	0.45	76.42	11.79	0.00
3	7	0.31	2.73	63.89	7.00	0.00
Core	CPU	C1%	C3%	C6%	C8%	C9%
-	-	0.01	0.70	72.16	15.70	0.00
0	0	0.00	0.67	74.60	13.71	0.00
0	4	0.00	0.64	72.64	17.27	0.00
1	1	0.01	0.26	73.87	15.90	0.00
1	5	0.00	0.39	69.95	20.65	0.00
2	2	0.02	0.64	71.77	17.82	0.00
2	6	0.00	0.37	68.87	21.98	0.00
3	3	0.00	0.56	79.84	10.11	0.00
3	7	0.01	2.06	65.53	8.10	0.00
Core	CPU	C1%	C3%	C6%	C8%	C9%
-	-	0.00	0.78	71.28	16.73	0.00
0	0	0.00	0.52	73.14	15.84	0.00
0	4	0.01	0.54	71.65	19.16	0.00
1	1	0.01	0.34	72.49	17.64	0.00
1	5	0.00	0.37	70.20	20.69	0.00
2	2	0.00	0.46	70.69	19.23	0.00
2	6	0.00	0.51	69.41	21.41	0.00
3	3	0.00	1.14	78.96	10.23	0.00
3	7	0.01	2.32	63.55	9.61	0.00
Core	CPU	C1%	C3%	C6%	C8%	C9%
-	-	0.01	0.69	71.77	16.12	0.00
0	0	0.00	0.53	76.45	12.34	0.00
0	4	0.00	0.46	72.56	17.99	0.00
1	1	0.01	0.42	72.50	17.49	0.00
1	5	0.00	0.43	70.90	19.86	0.00
2	2	0.01	0.57	70.89	18.92	0.00
2	6	0.01	0.51	69.47	21.24	0.00
3	3	0.00	0.65	77.57	12.22	0.00
3	7	0.01	1.95	64.46	9.06	0.00
Core	CPU	C1%	C3%	C6%	C8%	C9%
-	-	0.01	0.72	72.04	16.03	0.00
0	0	0.00	0.59	73.58	15.25	0.00
0	4	0.00	0.63	71.89	18.72	0.00
1	1	0.02	0.25	75.11	14.91	0.00
1	5	0.00	0.42	70.80	20.04	0.00
2	2	0.01	0.62	69.70	20.21	0.00
2	6	0.00	0.43	69.50	21.33	0.00
3	3	0.00	0.48	80.31	9.65	0.00
3	7	0.01	2.34	65.13	8.08	0.00
Core	CPU	C1%	C3%	C6%	C8%	C9%
-	-	0.00	1.15	68.74	17.06	0.02
0	0	0.00	0.55	71.90	15.07	0.00
0	4	0.00	0.46	69.79	19.11	0.00
1	1	0.00	0.38	72.58	15.13	0.00
1	5	0.00	2.71	67.09	20.23	0.16
2	2	0.01	0.49	67.60	19.78	0.00
2	6	0.00	0.53	66.64	22.13	0.00
3	3	0.00	0.65	73.42	14.46	0.00
3	7	0.01	3.46	60.93	10.57	0.00
Core	CPU	C1%	C3%	C6%	C8%	C9%
-	-	0.01	0.66	72.76	15.20	0.00
0	0	0.00	0.70	75.32	13.30	0.00
0	4	0.00	0.50	73.55	17.11	0.00
1	1	0.01	0.24	74.75	15.30	0.00
1	5	0.01	0.37	69.80	21.05	0.00
2	2	0.01	0.55	70.98	18.78	0.00
2	6	0.00	0.28	69.53	21.24	0.00
3	3	0.00	0.45	81.36	8.64	0.00
3	7	0.01	2.25	67.10	6.27	0.00
Core	CPU	C1%	C3%	C6%	C8%	C9%
-	-	0.01	0.82	71.32	16.56	0.00
0	0	0.00	0.55	71.95	16.99	0.00
0	4	0.00	0.58	70.71	19.53	0.00
1	1	0.02	0.31	73.02	17.06	0.00
1	5	0.00	0.49	70.67	19.95	0.00
2	2	0.01	0.55	68.51	21.34	0.00
2	6	0.00	0.40	68.06	22.69	0.00
3	3	0.00	1.05	80.35	8.67	0.00
3	7	0.01	2.65	66.83	6.08	0.00
Core	CPU	C1%	C3%	C6%	C8%	C9%
-	-	0.01	0.72	72.68	15.18	0.00
0	0	0.00	0.60	71.87	17.07	0.00
0	4	0.00	0.74	76.56	13.53	0.00
1	1	0.01	0.20	73.61	16.58	0.00
1	5	0.00	0.53	70.78	19.84	0.00
2	2	0.01	0.58	70.55	19.31	0.00
2	6	0.00	0.36	70.71	20.05	0.00
3	3	0.00	0.43	79.70	10.24	0.00
3	7	0.01	2.35	68.14	4.98	0.00
Core	CPU	C1%	C3%	C6%	C8%	C9%
-	-	0.01	0.71	71.55	16.52	0.00
0	0	0.01	0.51	71.81	17.11	0.00
0	4	0.00	0.64	71.69	18.87	0.00
1	1	0.01	0.35	73.10	17.01	0.00
1	5	0.00	0.41	70.10	20.69	0.00
2	2	0.00	0.51	69.65	20.18	0.00
2	6	0.00	0.44	71.39	19.29	0.00
3	3	0.00	0.51	79.22	10.66	0.00
3	7	0.01	2.29	64.99	8.21	0.00
Core	CPU	C1%	C3%	C6%	C8%	C9%
-	-	0.07	1.02	68.96	16.81	0.13
0	0	0.01	0.46	68.52	18.33	0.00
0	4	0.51	0.59	68.83	18.82	0.00
1	1	0.01	0.28	70.08	17.94	0.00
1	5	0.01	1.34	67.78	19.88	1.05
2	2	0.00	0.63	68.55	19.93	0.00
2	6	0.00	0.48	67.61	20.29	0.00
3	3	0.01	0.44	77.69	11.52	0.00
3	7	0.01	3.89	62.86	7.79	0.00
Core	CPU	C1%	C3%	C6%	C8%	C9%
-	-	0.01	0.70	71.37	16.59	0.00
0	0	0.00	0.58	70.04	18.98	0.00
0	4	0.00	0.71	70.74	19.70	0.00
1	1	0.02	0.21	73.82	16.33	0.00
1	5	0.00	0.37	71.20	19.55	0.00
2	2	0.01	0.67	71.54	18.08	0.00
2	6	0.01	0.39	69.34	21.46	0.00
3	3	0.01	0.38	79.81	10.06	0.00
3	7	0.01	2.31	64.81	8.63	0.00
Core	CPU	C1%	C3%	C6%	C8%	C9%
-	-	0.01	0.84	72.06	15.84	0.00
0	0	0.01	0.63	74.37	14.49	0.00
0	4	0.01	0.55	73.57	16.94	0.00
1	1	0.01	0.33	73.32	16.78	0.00
1	5	0.00	0.35	70.11	20.77	0.00
2	2	0.00	0.46	69.38	20.63	0.00
2	6	0.00	0.46	69.60	21.21	0.00
3	3	0.00	1.20	80.91	8.11	0.00
3	7	0.01	2.77	65.19	7.82	0.00
Core	CPU	C1%	C3%	C6%	C8%	C9%
-	-	0.03	0.71	72.12	15.99	0.00
0	0	0.01	0.72	76.19	12.50	0.00
0	4	0.00	0.60	71.82	18.79	0.00
1	1	0.01	0.31	72.33	17.77	0.00
1	5	0.00	0.32	69.25	21.63	0.00
2	2	0.01	0.64	69.50	20.40	0.00
2	6	0.00	0.35	68.99	21.85	0.00
3	3	0.00	0.52	81.67	8.27	0.00
3	7	0.21	2.26	66.52	6.56	0.00
Core	CPU	C1%	C3%	C6%	C8%	C9%
-	-	0.01	0.72	72.73	15.16	0.00
0	0	0.00	0.71	73.54	15.23	0.00
0	4	0.01	0.74	70.53	19.78	0.00
1	1	0.01	0.13	74.37	15.83	0.00
1	5	0.00	0.32	71.76	19.02	0.00
2	2	0.01	0.63	71.98	17.79	0.00
2	6	0.00	0.31	71.46	19.29	0.00
3	3	0.00	0.41	81.71	8.28	0.00
3	7	0.03	2.50	67.03	6.17	0.00
Core	CPU	C1%	C3%	C6%	C8%	C9%
-	-	0.01	1.20	69.59	16.86	0.00
0	0	0.01	0.54	70.55	16.86	0.00
0	4	0.01	0.47	70.45	18.91	0.00
1	1	0.01	0.35	70.43	18.49	0.00
1	5	0.00	2.91	67.71	19.66	0.00
2	2	0.01	0.50	69.29	19.25	0.00
2	6	0.01	0.35	67.51	22.24	0.00
3	3	0.00	0.47	76.67	12.10	0.00
3	7	0.02	4.01	64.12	7.36	0.00
Core	CPU	C1%	C3%	C6%	C8%	C9%
-	-	0.01	0.72	71.43	16.66	0.00
0	0	0.00	0.59	72.55	16.32	0.00
0	4	0.00	0.69	73.16	17.19	0.00
1	1	0.01	0.44	73.37	16.40	0.00
1	5	0.00	0.47	68.70	22.08	0.00
2	2	0.01	0.61	70.57	19.31	0.00
2	6	0.00	0.50	70.33	20.43	0.00
3	3	0.00	0.49	77.12	12.84	0.00
3	7	0.01	1.94	65.02	8.54	0.00
Core	CPU	C1%	C3%	C6%	C8%	C9%
-	-	0.01	0.81	71.97	15.50	0.00
0	0	0.00	0.48	77.52	11.06	0.00
0	4	0.00	0.59	72.75	17.87	0.00
1	1	0.00	0.31	75.05	14.94	0.00
1	5	0.00	0.40	71.03	19.78	0.00
2	2	0.02	0.64	68.42	19.91	0.00
2	6	0.00	0.42	68.01	22.19	0.00
3	3	0.00	1.21	79.10	10.01	0.00
3	7	0.01	2.40	64.54	8.42	0.00
Core	CPU	C1%	C3%	C6%	C8%	C9%
-	-	0.00	0.70	71.28	16.79	0.00
0	0	0.00	0.40	76.25	12.75	0.00
0	4	0.00	0.61	73.35	17.27	0.00
1	1	0.01	0.47	74.42	15.40	0.00
1	5	0.00	0.49	69.39	21.26	0.00
2	2	0.01	0.50	68.54	21.44	0.00
2	6	0.00	0.57	67.54	23.18	0.00
3	3	0.00	0.68	77.85	11.97	0.00
3	7	0.01	1.90	62.55	10.95	0.00
Core	CPU	C1%	C3%	C6%	C8%	C9%
-	-	0.02	0.67	71.10	16.34	0.00
0	0	0.08	0.59	73.32	10.34	0.00
0	4	0.00	0.59	71.23	18.71	0.00
1	1	0.01	0.37	73.82	16.06	0.00
1	5	0.01	0.41	70.89	20.03	0.00
2	2	0.01	0.56	69.28	20.79	0.00
2	6	0.01	0.37	68.15	22.84	0.00
3	3	0.00	0.51	76.97	13.03	0.00
3	7	0.01	1.98	65.11	8.96	0.00
Core	CPU	C1%	C3%	C6%	C8%	C9%
-	-	0.01	0.97	69.35	16.42	0.00
0	0	0.01	0.36	72.44	14.76	0.00
0	4	0.00	0.79	72.07	16.24	0.00
1	1	0.01	0.41	71.21	16.12	0.00
1	5	0.00	1.68	67.50	20.03	0.00
2	2	0.00	0.48	65.92	22.24	0.00
2	6	0.01	0.55	66.49	22.24	0.00
3	3	0.01	0.46	77.52	10.44	0.00
3	7	0.01	3.05	61.91	9.32	0.00
Core	CPU	C1%	C3%	C6%	C8%	C9%
-	-	0.01	0.73	73.02	15.01	0.00
0	0	0.01	0.54	74.85	14.03	0.00
0	4	0.00	0.69	72.41	18.21	0.00
1	1	0.01	0.33	76.53	13.36	0.00
1	5	0.00	0.40	69.85	20.97	0.00
2	2	0.00	0.54	70.86	19.09	0.00
2	6	0.01	0.40	70.88	19.91	0.00
3	3	0.00	0.47	82.14	7.78	0.00
3	7	0.01	2.43	66.43	6.68	0.00
Core	CPU	C1%	C3%	C6%	C8%	C9%
-	-	0.01	0.86	71.51	16.28	0.00
0	0	0.01	0.42	75.11	13.68	0.00
0	4	0.00	0.74	74.52	15.92	0.00
1	1	0.01	0.42	72.69	17.31	0.00
1	5	0.00	1.10	69.56	20.45	0.00
2	2	0.01	0.51	68.39	21.61	0.00
2	6	0.00	0.56	69.58	21.19	0.00
3	3	0.01	0.51	78.15	11.81	0.00
3	7	0.01	2.61	64.41	8.35	0.00
Core	CPU	C1%	C3%	C6%	C8%	C9%
-	-	0.05	0.77	72.34	15.11	0.00
0	0	0.00	0.73	74.82	13.42	0.00
0	4	0.23	0.70	72.56	17.26	0.00
1	1	0.01	0.23	75.27	14.11	0.00
1	5	0.00	0.53	70.06	19.77	0.00
2	2	0.01	0.79	69.48	19.99	0.00
2	6	0.00	0.26	69.17	21.82	0.00
3	3	0.02	0.51	79.88	9.45	0.00
3	7	0.11	2.40	67.48	5.05	0.00
Core	CPU	C1%	C3%	C6%	C8%	C9%
-	-	0.00	0.73	71.57	16.48	0.00
0	0	0.01	0.43	75.84	13.11	0.00
0	4	0.00	0.62	72.77	17.81	0.00
1	1	0.01	0.44	74.53	15.34	0.00
1	5	0.00	0.38	69.36	21.52	0.00
2	2	0.00	0.55	68.35	21.57	0.00
2	6	0.00	0.65	69.37	21.27	0.00
3	3	0.01	0.62	79.07	10.83	0.00
3	7	0.01	2.11	62.92	10.33	0.00
Core	CPU	C1%	C3%	C6%	C8%	C9%
-	-	0.01	0.99	69.33	16.48	0.00
0	0	0.01	0.43	73.89	13.01	0.00
0	4	0.00	0.62	68.90	19.78	0.00
1	1	0.01	0.38	72.13	15.30	0.00
1	5	0.00	2.44	67.43	19.89	0.00
2	2	0.01	0.44	68.08	20.12	0.00
2	6	0.00	0.53	68.10	20.69	0.00
3	3	0.01	0.56	75.22	12.60	0.00
3	7	0.01	2.52	60.85	10.43	0.00
Core	CPU	C1%	C3%	C6%	C8%	C9%
-	-	0.01	0.69	72.36	15.61	0.00
0	0	0.00	0.56	75.96	12.79	0.00
0	4	0.01	0.63	72.96	17.54	0.00
1	1	0.01	0.26	73.48	16.63	0.00
1	5	0.00	0.39	70.21	20.61	0.00
2	2	0.00	0.60	71.70	18.16	0.00
2	6	0.00	0.36	69.68	21.14	0.00
3	3	0.00	0.50	79.69	10.25	0.00
3	7	0.01	2.23	65.51	7.86	0.00
Core	CPU	C1%	C3%	C6%	C8%	C9%
-	-	0.01	0.82	72.94	14.99	0.00
0	0	0.01	0.59	74.27	14.57	0.00
0	4	0.00	0.50	71.62	19.09	0.00
1	1	0.01	0.23	75.64	14.34	0.00
1	5	0.00	1.16	71.16	18.72	0.00
2	2	0.01	0.55	71.52	18.45	0.00
2	6	0.00	0.70	70.00	20.01	0.00
3	3	0.00	0.48	81.95	8.02	0.00
3	7	0.02	2.36	66.73	6.58	0.00
Core	CPU	C1%	C3%	C6%	C8%	C9%
-	-	0.01	0.72	71.88	16.00	0.00
0	0	0.01	0.38	74.92	14.08	0.00
0	4	0.00	0.66	73.28	17.27	0.00
1	1	0.01	0.41	75.99	13.80	0.00
1	5	0.00	0.43	70.54	20.18	0.00
2	2	0.00	0.49	68.33	21.62	0.00
2	6	0.00	0.56	68.06	22.63	0.00
3	3	0.00	0.54	80.68	9.20	0.00
3	7	0.02	2.26	63.87	9.40	0.00
Core	CPU	C1%	C3%	C6%	C8%	C9%
-	-	0.01	0.80	71.44	16.50	0.00
0	0	0.02	1.12	74.44	13.70	0.00
0	4	0.00	0.59	71.44	19.26	0.00
1	1	0.00	0.39	73.13	16.88	0.00
1	5	0.00	0.32	70.04	20.87	0.00
2	2	0.00	0.52	71.88	17.95	0.00
2	6	0.00	0.52	69.20	21.60	0.00
3	3	0.00	0.54	78.43	11.49	0.00
3	7	0.01	2.43	62.93	10.27	0.00
Core	CPU	C1%	C3%	C6%	C8%	C9%
-	-	0.01	0.71	72.36	15.77	0.00
0	0	0.00	0.62	72.33	16.55	0.00
0	4	0.00	0.58	71.19	19.45	0.00
1	1	0.01	0.31	75.51	14.45	0.00
1	5	0.00	0.44	70.25	20.52	0.00
2	2	0.00	0.59	71.92	17.93	0.00
2	6	0.00	0.38	70.63	20.25	0.00
3	3	0.00	0.51	79.63	10.31	0.00
3	7	0.02	2.25	66.83	6.57	0.00
Core	CPU	C1%	C3%	C6%	C8%	C9%
-	-	0.01	0.69	72.39	15.54	0.00
0	0	0.01	0.65	73.21	15.41	0.00
0	4	0.00	0.50	71.49	19.07	0.00
1	1	0.01	0.26	74.40	15.54	0.00
1	5	0.00	0.35	70.26	20.61	0.00
2	2	0.01	0.55	69.66	20.29	0.00
2	6	0.00	0.36	69.25	21.61	0.00
3	3	0.01	0.40	83.87	6.14	0.00
3	7	0.02	2.47	67.49	5.79	0.00
Core	CPU	C1%	C3%	C6%	C8%	C9%
-	-	0.10	0.90	69.88	16.02	0.00
0	0	0.01	0.59	72.67	14.97	0.00
0	4	0.01	0.50	69.50	19.26	0.00
1	1	0.02	0.40	70.83	15.95	0.00
1	5	0.00	0.46	68.27	20.45	0.00
2	2	0.00	0.52	69.03	18.83	0.00
2	6	0.00	0.47	68.08	20.96	0.00
3	3	0.00	0.53	77.32	10.13	0.00
3	7	0.79	3.73	62.98	7.52	0.00
Core	CPU	C1%	C3%	C6%	C8%	C9%
-	-	0.01	0.71	71.82	16.22	0.00
0	0	0.01	0.30	77.01	11.96	0.00
0	4	0.00	0.65	71.93	18.64	0.00
1	1	0.01	0.49	73.33	16.59	0.00
1	5	0.00	0.27	71.59	19.29	0.00
2	2	0.00	0.40	68.37	21.64	0.00
2	6	0.00	0.65	69.63	21.07	0.00
3	3	0.01	0.59	79.93	10.02	0.00
3	7	0.01	2.33	62.61	10.53	0.00
Core	CPU	C1%	C3%	C6%	C8%	C9%
-	-	0.01	0.84	72.33	15.55	0.00
0	0	0.00	0.62	74.42	14.40	0.00
0	4	0.01	0.49	70.72	20.01	0.00
1	1	0.02	0.32	75.77	14.19	0.00
1	5	0.00	0.99	71.84	18.07	0.00
2	2	0.00	0.56	71.52	18.45	0.00
2	6	0.01	0.41	70.51	20.13	0.00
3	3	0.00	0.45	78.48	11.58	0.00
3	7	0.02	2.93	65.36	7.57	0.00
Core	CPU	C1%	C3%	C6%	C8%	C9%
-	-	0.01	0.70	72.64	15.26	0.00
0	0	0.00	0.58	76.90	11.78	0.00
0	4	0.00	0.48	72.11	18.58	0.00
1	1	0.01	0.34	74.00	16.00	0.00
1	5	0.00	0.40	70.37	20.42	0.00
2	2	0.01	0.53	71.30	18.61	0.00
2	6	0.00	0.40	70.79	20.02	0.00
3	3	0.00	0.52	80.76	9.20	0.00
3	7	0.01	2.41	65.56	7.61	0.00
Core	CPU	C1%	C3%	C6%	C8%	C9%
-	-	0.01	0.69	72.90	15.24	0.00
0	0	0.01	0.53	75.53	13.40	0.00
0	4	0.00	0.55	72.44	18.24	0.00
1	1	0.00	0.30	75.31	14.71	0.00
1	5	0.00	0.44	71.91	18.89	0.00
2	2	0.01	0.61	71.22	18.63	0.00
2	6	0.00	0.38	70.03	20.87	0.00
3	3	0.00	0.57	80.35	9.50	0.00
3	7	0.02	2.11	65.84	7.60	0.00
Core	CPU	C1%	C3%	C6%	C8%	C9%
-	-	0.00	1.19	69.46	16.46	0.00
0	0	0.00	0.48	73.69	13.25	0.00
0	4	0.01	0.41	69.50	19.28	0.00
1	1	0.01	2.63	70.41	16.28	0.00
1	5	0.00	0.42	68.70	19.52	0.00
2	2	0.00	0.54	68.49	19.81	0.00
2	6	0.00	0.46	69.06	20.64	0.00
3	3	0.00	0.49	74.73	12.63	0.00
3	7	0.01	4.05	61.09	10.26	0.00
Core	CPU	C1%	C3%	C6%	C8%	C9%
-	-	0.01	0.70	71.79	16.13	0.00
0	0	0.00	0.62	71.21	17.57	0.00
0	4	0.00	0.58	69.69	20.85	0.00
1	1	0.01	0.28	75.06	14.96	0.00
1	5	0.00	0.54	70.95	19.67	0.00
2	2	0.01	0.57	70.55	19.28	0.00
2	6	0.00	0.31	69.41	21.39	0.00
3	3	0.01	0.39	81.25	8.72	0.00
3	7	0.01	2.35	66.71	6.71	0.00
Core	CPU	C1%	C3%	C6%	C8%	C9%
-	-	0.01	0.84	71.90	16.06	0.00
0	0	0.01	0.63	69.25	19.75	0.00
0	4	0.00	0.62	70.03	20.60	0.00
1	1	0.01	0.23	77.20	12.27	0.00
1	5	0.00	1.15	70.77	19.21	0.00
2	2	0.01	0.57	70.99	18.91	0.00
2	6	0.00	0.35	70.22	20.71	0.00
3	3	0.00	0.36	80.80	9.32	0.00
3	7	0.01	2.84	65.46	7.61	0.00
Core	CPU	C1%	C3%	C6%	C8%	C9%
-	-	0.01	0.70	71.61	16.29	0.00
0	0	0.00	0.59	73.96	14.75	0.00
0	4	0.00	0.34	71.43	19.30	0.00
1	1	0.01	0.33	72.66	17.30	0.00
1	5	0.00	0.53	69.34	21.39	0.00
2	2	0.01	0.53	71.19	18.62	0.00
2	6	0.00	0.50	69.68	20.93	0.00
3	3	0.00	0.64	79.72	10.14	0.00
3	7	0.02	2.14	65.51	8.04	0.00
Core	CPU	C1%	C3%	C6%	C8%	C9%
-	-	0.01	0.70	72.15	15.91	0.00
0	0	0.00	0.71	74.14	14.27	0.00
0	4	0.01	0.41	71.74	18.89	0.00
1	1	0.00	0.27	73.45	16.49	0.00
1	5	0.00	0.47	70.82	19.97	0.00
2	2	0.01	0.54	69.98	19.95	0.00
2	6	0.00	0.33	68.97	21.79	0.00
3	3	0.00	0.51	80.89	9.05	0.00
3	7	0.01	2.34	66.61	6.72	0.00
Core	CPU	C1%	C3%	C6%	C8%	C9%
-	-	0.01	0.90	70.64	15.00	0.00
0	0	0.01	0.93	70.80	13.46	0.00
0	4	0.01	0.49	69.04	18.74	0.00
1	1	0.02	0.84	72.42	14.97	0.00
1	5	0.00	0.43	68.41	21.19	0.00
2	2	0.01	0.69	72.35	15.55	0.00
2	6	0.00	0.33	68.23	21.19	0.00
3	3	0.00	0.43	77.51	10.22	0.00
3	7	0.02	3.09	66.59	4.76	0.00
Core	CPU	C1%	C3%	C6%	C8%	C9%
-	-	0.12	0.76	72.47	14.94	0.00
0	0	0.50	0.64	72.62	14.54	0.00
0	4	0.21	0.65	70.54	18.75	0.00
1	1	0.02	0.45	74.36	14.46	0.00
1	5	0.00	0.50	69.80	20.19	0.00
2	2	0.01	0.64	71.94	17.93	0.00
2	6	0.00	0.37	71.05	19.88	0.00
3	3	0.20	0.43	82.33	7.21	0.00
3	7	0.01	2.41	66.86	6.53	0.00
Core	CPU	C1%	C3%	C6%	C8%	C9%
-	-	0.01	0.84	71.80	15.94	0.04
0	0	0.01	0.69	72.37	16.46	0.00
0	4	0.01	0.88	72.07	17.60	0.30
1	1	0.01	0.38	70.86	18.99	0.00
1	5	0.00	0.52	69.63	21.17	0.00
2	2	0.00	0.51	70.98	19.00	0.00
2	6	0.00	0.42	70.72	20.10	0.00
3	3	0.01	0.54	81.66	8.14	0.00
3	7	0.01	2.80	66.76	6.28	0.00
Core	CPU	C1%	C3%	C6%	C8%	C9%
-	-	0.01	0.75	72.08	16.00	0.00
0	0	0.00	0.54	73.24	15.63	0.00
0	4	0.00	0.61	73.26	17.20	0.00
1	1	0.01	0.35	73.58	16.34	0.00
1	5	0.00	0.43	69.69	21.05	0.00
2	2	0.01	0.51	69.79	20.15	0.00
2	6	0.00	0.48	69.53	21.28	0.00
3	3	0.01	0.44	81.49	8.52	0.00
3	7	0.01	2.64	65.38	7.67	0.00
Core	CPU	C1%	C3%	C6%	C8%	C9%
-	-	0.01	0.72	71.97	15.92	0.00
0	0	0.01	0.62	74.20	14.54	0.00
0	4	0.01	0.44	70.59	20.13	0.00
1	1	0.01	0.43	74.01	15.70	0.00
1	5	0.00	0.57	69.10	21.40	0.00
2	2	0.00	0.62	69.76	19.98	0.00
2	6	0.00	0.37	71.14	19.66	0.00
3	3	0.01	0.37	80.44	9.60	0.00
3	7	0.01	2.31	66.94	6.46	0.00
Core	CPU	C1%	C3%	C6%	C8%	C9%
-	-	0.01	0.95	69.99	16.12	0.28
0	0	0.00	0.42	73.03	14.81	0.00
0	4	0.00	0.46	68.70	20.11	0.00
1	1	0.01	1.00	71.48	15.12	2.27
1	5	0.00	0.31	69.42	19.55	0.00
2	2	0.00	0.40	67.66	20.59	0.00
2	6	0.00	0.52	68.35	20.52	0.00
3	3	0.00	0.52	78.01	10.11	0.00
3	7	0.01	3.97	63.03	8.10	0.00
Core	CPU	C1%	C3%	C6%	C8%	C9%
-	-	0.01	0.71	72.14	15.80	0.00
0	0	0.01	0.42	74.53	14.42	0.00
0	4	0.00	0.71	71.00	19.53	0.00
1	1	0.00	0.31	77.74	12.16	0.00
1	5	0.00	0.32	71.34	19.57	0.00
2	2	0.01	0.53	70.13	19.74	0.00
2	6	0.00	0.55	70.35	20.07	0.00
3	3	0.01	0.61	78.57	11.27	0.00
3	7	0.02	2.21	63.42	9.60	0.00
Core	CPU	C1%	C3%	C6%	C8%	C9%
-	-	0.07	0.85	72.09	15.57	0.00
0	0	0.00	0.50	71.56	17.01	0.00
0	4	0.00	0.53	72.04	18.39	0.00
1	1	0.01	0.36	74.52	15.46	0.00
1	5	0.00	0.44	71.63	19.16	0.00
2	2	0.01	0.52	70.90	19.06	0.00
2	6	0.00	0.43	70.80	20.00	0.00
3	3	0.00	1.20	80.32	8.79	0.00
3	7	0.51	2.82	65.45	6.85	0.00
Core	CPU	C1%	C3%	C6%	C8%	C9%
-	-	0.03	0.69	71.73	16.25	0.00
0	0	0.00	0.69	73.89	14.79	0.00
0	4	0.01	0.33	71.50	19.14	0.00
1	1	0.01	0.31	70.89	19.15	0.00
1	5	0.00	0.44	69.80	21.05	0.00
2	2	0.01	0.60	71.92	17.93	0.00
2	6	0.00	0.34	71.19	19.69	0.00
3	3	0.01	0.47	78.76	11.19	0.00
3	7	0.21	2.37	65.87	7.07	0.00
Core	CPU	C1%	C3%	C6%	C8%	C9%
-	-	0.01	0.70	71.56	16.47	0.00
0	0	0.01	0.51	71.10	17.87	0.00
0	4	0.00	0.64	71.23	19.37	0.00
1	1	0.02	0.33	72.46	17.45	0.00
1	5	0.00	0.41	69.17	21.68	0.00
2	2	0.01	0.54	69.86	20.04	0.00
2	6	0.00	0.36	70.19	20.63	0.00
3	3	0.00	0.42	82.12	7.86	0.00
3	7	0.01	2.38	66.41	6.90	0.00
Core	CPU	C1%	C3%	C6%	C8%	C9%
-	-	0.01	1.12	70.15	16.28	0.16
0	0	0.00	0.50	70.05	17.42	0.00
0	4	0.00	0.45	68.30	20.91	0.00
1	1	0.01	2.02	72.18	14.41	1.26
1	5	0.00	0.49	68.28	20.90	0.00
2	2	0.01	0.39	70.43	18.65	0.00
2	6	0.00	0.40	68.67	20.29	0.00
3	3	0.00	0.60	78.25	10.55	0.00
3	7	0.02	4.07	64.42	6.93	0.00
Core	CPU	C1%	C3%	C6%	C8%	C9%
-	-	0.01	0.69	71.61	16.30	0.00
0	0	0.01	0.61	72.55	16.34	0.00
0	4	0.01	0.51	70.97	19.71	0.00
1	1	0.01	0.38	75.68	14.08	0.00
1	5	0.00	0.41	69.98	20.72	0.00
2	2	0.00	0.53	69.47	20.45	0.00
2	6	0.01	0.42	70.71	20.10	0.00
3	3	0.01	0.53	79.26	10.64	0.00
3	7	0.02	2.14	64.92	8.52	0.00
Core	CPU	C1%	C3%	C6%	C8%	C9%
-	-	0.03	0.85	71.70	16.14	0.00
0	0	0.01	0.41	72.78	16.19	0.00
0	4	0.00	0.48	70.17	20.13	0.00
1	1	0.01	0.46	76.84	12.89	0.00
1	5	0.00	0.58	71.08	19.67	0.00
2	2	0.01	1.32	69.70	19.30	0.00
2	6	0.00	0.37	68.84	22.13	0.00
3	3	0.01	0.49	79.79	9.94	0.00
3	7	0.21	2.69	63.79	8.75	0.00
Core	CPU	C1%	C3%	C6%	C8%	C9%
-	-	0.08	0.72	71.85	16.01	0.00
0	0	0.00	0.64	70.44	18.45	0.00
0	4	0.01	0.47	70.33	20.30	0.00
1	1	0.01	0.26	74.92	14.99	0.00
1	5	0.00	0.61	70.54	20.12	0.00
2	2	0.01	0.61	70.65	19.16	0.00
2	6	0.01	0.30	70.04	20.78	0.00
3	3	0.00	0.41	81.17	8.84	0.00
3	7	0.60	2.48	67.06	5.55	0.00
Core	CPU	C1%	C3%	C6%	C8%	C9%
-	-	0.01	0.67	71.64	16.44	0.00
0	0	0.01	0.36	75.68	13.36	0.00
0	4	0.00	0.66	72.22	18.38	0.00
1	1	0.01	0.42	75.71	14.12	0.00
1	5	0.00	0.32	72.03	18.84	0.00
2	2	0.00	0.48	68.23	21.66	0.00
2	6	0.00	0.61	69.15	21.55	0.00
3	3	0.01	0.49	77.57	12.45	0.00
3	7	0.01	1.99	62.42	11.11	0.00
Core	CPU	C1%	C3%	C6%	C8%	C9%
-	-	0.01	0.98	69.83	16.08	0.00
0	0	0.00	0.63	73.93	13.06	0.00
0	4	0.00	0.41	68.90	19.25	0.00
1	1	0.01	0.97	70.35	16.48	0.00
1	5	0.00	0.44	68.32	21.09	0.00
2	2	0.01	0.58	68.30	19.69	0.00
2	6	0.00	0.37	67.17	21.56	0.00
3	3	0.00	0.43	77.51	10.07	0.00
3	7	0.02	4.04	63.91	7.34	0.00
Core	CPU	C1%	C3%	C6%	C8%	C9%
-	-	0.07	0.71	71.85	15.99	0.00
0	0	0.00	0.62	72.67	16.10	0.00
0	4	0.01	0.51	71.72	18.85	0.00
1	1	0.01	0.36	72.15	17.70	0.00
1	5	0.00	0.50	69.63	21.08	0.00
2	2	0.01	0.63	70.59	19.25	0.00
2	6	0.01	0.32	71.70	19.16	0.00
3	3	0.01	0.34	80.51	9.50	0.00
3	7	0.49	2.38	66.30	6.42	0.00
Core	CPU	C1%	C3%	C6%	C8%	C9%
-	-	0.01	0.86	72.70	15.25	0.00
0	0	0.01	0.61	72.10	16.92	0.00
0	4	0.00	0.48	71.26	19.53	0.00
1	1	0.01	0.30	72.52	17.53	0.00
1	5	0.00	0.52	71.11	19.68	0.00
2	2	0.01	1.45	73.43	15.51	0.00
2	6	0.00	0.25	71.52	19.51	0.00
3	3	0.00	0.36	82.18	7.75	0.00
3	7	0.02	2.93	67.37	5.58	0.00
Core	CPU	C1%	C3%	C6%	C8%	C9%
-	-	0.01	0.73	72.06	16.02	0.00
0	0	0.00	0.47	71.40	17.76	0.00
0	4	0.01	0.66	70.40	20.15	0.00
1	1	0.02	0.35	75.50	14.38	0.00
1	5	0.00	0.51	71.94	18.74	0.00
2	2	0.00	0.55	69.66	20.25	0.00
2	6	0.00	0.40	70.63	20.18	0.00
3	3	0.01	0.46	81.39	8.59	0.00
3	7	0.01	2.40	65.25	8.01	0.00
Core	CPU	C1%	C3%	C6%	C8%	C9%
-	-	0.00	0.70	71.35	16.59	0.00
0	0	0.01	0.27	75.12	14.08	0.00
0	4	0.00	0.74	72.55	17.91	0.00
1	1	0.01	0.46	74.10	15.73	0.00
1	5	0.00	0.31	71.19	19.54	0.00
2	2	0.00	0.47	68.16	21.77	0.00
2	6	0.00	0.63	68.84	21.84	0.00
3	3	0.01	0.51	79.53	10.42	0.00
3	7	0.01	2.23	61.74	11.57	0.00
Core	CPU	C1%	C3%	C6%	C8%	C9%
-	-	0.04	1.14	69.21	16.55	0.00
0	0	0.01	0.56	72.16	14.23	0.00
0	4	0.00	0.39	68.60	20.80	0.00
1	1	0.01	2.49	67.69	18.64	0.00
1	5	0.00	0.55	67.26	21.63	0.00
2	2	0.00	0.53	69.65	17.79	0.00
2	6	0.00	0.40	67.81	21.14	0.00
3	3	0.01	0.58	76.93	10.33	0.00
3	7	0.30	3.67	63.18	7.77	0.00
Core	CPU	C1%	C3%	C6%	C8%	C9%
-	-	0.07	0.69	71.66	16.20	0.00
0	0	0.00	0.48	73.34	15.61	0.00
0	4	0.00	0.48	71.16	19.44	0.00
1	1	0.01	0.33	72.99	17.06	0.00
1	5	0.00	0.43	70.40	20.36	0.00
2	2	0.00	0.58	70.57	19.27	0.00
2	6	0.00	0.48	70.84	19.83	0.00
3	3	0.11	0.45	79.25	10.64	0.00
3	7	0.40	2.34	65.28	7.49	0.00
Core	CPU	C1%	C3%	C6%	C8%	C9%
-	-	0.01	0.79	71.33	15.83	0.00
0	0	0.02	0.66	71.85	11.72	0.00
0	4	0.00	0.54	71.97	17.91	0.00
1	1	0.00	0.41	74.56	15.13	0.00
1	5	0.00	0.44	70.14	20.69	0.00
2	2	0.01	0.50	68.82	20.66	0.00
2	6	0.01	0.76	69.85	20.12	0.00
3	3	0.00	0.61	78.57	11.25	0.00
3	7	0.01	2.41	64.35	9.03	0.00
Core	CPU	C1%	C3%	C6%	C8%	C9%
-	-	0.05	0.70	71.71	16.12	0.00
0	0	0.00	0.47	73.19	15.77	0.00
0	4	0.01	0.45	70.08	20.68	0.00
1	1	0.01	0.43	74.69	15.06	0.00
1	5	0.00	0.42	70.42	20.34	0.00
2	2	0.00	0.45	70.22	19.68	0.00
2	6	0.00	0.53	70.27	20.44	0.00
3	3	0.01	0.62	81.14	8.70	0.00
3	7	0.40	2.19	64.34	8.47	0.00
Core	CPU	C1%	C3%	C6%	C8%	C9%
-	-	0.01	0.70	71.91	16.24	0.00
0	0	0.01	0.41	72.60	16.37	0.00
0	4	0.00	0.53	71.57	19.05	0.00
1	1	0.01	0.38	73.60	16.46	0.00
1	5	0.00	0.56	71.12	19.62	0.00
2	2	0.00	0.45	70.96	19.05	0.00
2	6	0.00	0.45	69.69	21.10	0.00
3	3	0.01	0.44	79.74	10.24	0.00
3	7	0.01	2.34	65.33	7.84	0.00
Core	CPU	C1%	C3%	C6%	C8%	C9%
-	-	0.01	1.00	69.12	16.48	0.00
0	0	0.00	0.50	70.61	16.34	0.00
0	4	0.00	0.60	70.07	18.28	0.00
1	1	0.02	1.17	69.71	16.88	0.00
1	5	0.00	0.38	68.49	20.19	0.00
2	2	0.00	0.51	67.48	20.01	0.00
2	6	0.00	0.48	68.33	20.10	0.00
3	3	0.01	0.51	76.49	11.24	0.00
3	7	0.01	3.83	62.08	8.92	0.00
Core	CPU	C1%	C3%	C6%	C8%	C9%
-	-	0.01	0.71	72.25	15.81	0.00
0	0	0.01	0.55	74.59	14.24	0.00
0	4	0.00	0.46	71.54	19.11	0.00
1	1	0.01	0.40	71.53	18.56	0.00
1	5	0.00	0.48	69.93	20.92	0.00
2	2	0.01	0.47	71.99	17.93	0.00
2	6	0.00	0.48	70.62	20.13	0.00
3	3	0.00	0.61	81.53	8.35	0.00
3	7	0.01	2.23	65.94	7.16	0.00
Core	CPU	C1%	C3%	C6%	C8%	C9%
-	-	0.01	0.78	71.70	16.16	0.00
0	0	0.01	0.43	75.47	13.39	0.00
0	4	0.00	0.47	71.71	18.98	0.00
1	1	0.00	0.31	73.92	16.12	0.00
1	5	0.00	0.43	70.09	20.72	0.00
2	2	0.00	0.59	68.85	20.97	0.00
2	6	0.00	1.12	69.44	20.52	0.00
3	3	0.01	0.43	79.34	10.53	0.00
3	7	0.02	2.49	64.88	8.08	0.00
Core	CPU	C1%	C3%	C6%	C8%	C9%
-	-	0.01	0.71	72.01	15.96	0.00
0	0	0.01	0.70	71.67	17.18	0.00
0	4	0.00	0.60	71.59	18.91	0.00
1	1	0.01	0.34	75.53	14.32	0.00
1	5	0.00	0.36	69.45	21.32	0.00
2	2	0.01	0.51	71.37	18.52	0.00
2	6	0.00	0.43	70.45	20.37	0.00
3	3	0.01	0.59	79.87	9.95	0.00
3	7	0.02	2.17	66.13	7.06	0.00
Core	CPU	C1%	C3%	C6%	C8%	C9%
-	-	0.01	0.76	72.34	15.24	0.00
0	0	0.00	0.62	70.72	17.40	0.00
0	4	0.00	0.73	71.20	19.17	0.00
1	1	0.01	0.46	76.12	13.09	0.00
1	5	0.00	0.50	69.95	20.73	0.00
2	2	0.01	0.64	70.84	18.96	0.00
2	6	0.07	0.31	70.60	19.69	0.00
3	3	0.00	0.40	82.39	7.25	0.00
3	7	0.02	2.38	67.50	5.73	0.00
Core	CPU	C1%	C3%	C6%	C8%	C9%
-	-	0.01	0.77	69.94	16.15	0.43
0	0	0.01	0.50	72.50	15.19	0.00
0	4	0.00	0.46	70.30	19.05	0.00
1	1	0.01	1.26	70.13	17.03	1.79
1	5	0.00	0.52	68.48	19.92	0.00
2	2	0.01	0.40	71.55	16.37	0.00
2	6	0.00	0.48	67.80	21.18	0.00
3	3	0.00	0.62	76.25	11.10	0.00
3	7	0.01	1.90	62.21	9.24	1.63
Core	CPU	C1%	C3%	C6%	C8%	C9%
-	-	0.01	0.71	72.82	15.15	0.00
0	0	0.01	0.64	72.44	16.44	0.00
0	4	0.00	0.48	70.13	20.57	0.00
1	1	0.02	0.23	76.09	13.92	0.00
1	5	0.00	0.55	70.59	20.14	0.00
2	2	0.01	0.61	72.93	16.89	0.00
2	6	0.00	0.24	70.06	20.86	0.00
3	3	0.00	0.41	82.51	7.49	0.00
3	7	0.01	2.50	68.18	5.00	0.00
Core	CPU	C1%	C3%	C6%	C8%	C9%
-	-	0.01	0.88	71.24	16.74	0.00
0	0	0.00	0.67	72.83	15.90	0.00
0	4	0.01	1.26	70.18	19.73	0.00
1	1	0.02	0.24	72.17	18.11	0.00
1	5	0.00	0.52	69.45	21.40	0.00
2	2	0.01	0.67	71.10	18.71	0.00
2	6	0.00	0.25	68.98	22.02	0.00
3	3	0.00	0.46	79.21	10.82	0.00
3	7	0.01	2.98	65.50	7.12	0.00
Core	CPU	C1%	C3%	C6%	C8%	C9%
-	-	0.01	0.70	71.88	16.03	0.00
0	0	0.00	0.58	72.19	16.68	0.00
0	4	0.00	0.52	70.50	20.17	0.00
1	1	0.01	0.46	74.39	15.48	0.00
1	5	0.00	0.48	70.77	19.88	0.00
2	2	0.01	0.42	72.46	17.47	0.00
2	6	0.01	0.45	71.24	19.50	0.00
3	3	0.01	0.51	79.34	10.54	0.00
3	7	0.02	2.20	64.66	8.64	0.00
Core	CPU	C1%	C3%	C6%	C8%	C9%
-	-	0.01	1.10	69.89	16.35	0.00
0	0	0.01	0.51	69.97	17.44	0.00
0	4	0.00	0.70	69.42	19.39	0.00
1	1	0.02	2.38	70.90	15.77	0.00
1	5	0.00	0.40	68.09	20.95	0.00
2	2	0.00	0.54	67.78	20.82	0.00
2	6	0.00	0.45	68.67	20.87	0.00
3	3	0.00	0.47	79.11	9.06	0.00
3	7	0.01	3.35	64.80	6.41	0.00
Core	CPU	C1%	C3%	C6%	C8%	C9%
-	-	0.01	0.69	71.89	16.06	0.00
0	0	0.01	0.57	74.23	14.58	0.00
0	4	0.00	0.39	71.36	19.33	0.00
1	1	0.01	0.30	72.49	17.45	0.00
1	5	0.00	0.56	70.62	20.06	0.00
2	2	0.01	0.57	70.23	19.62	0.00
2	6	0.00	0.29	69.38	21.50	0.00
3	3	0.00	0.51	80.87	9.03	0.00
3	7	0.01	2.31	66.29	6.98	0.00
Core	CPU	C1%	C3%	C6%	C8%	C9%
-	-	0.00	0.70	72.85	15.31	0.00
0	0	0.01	0.57	72.97	16.03	0.00
0	4	0.00	0.47	71.22	19.51	0.00
1	1	0.01	0.28	74.21	16.05	0.00
1	5	0.00	0.36	72.49	18.29	0.00
2	2	0.00	0.58	72.08	17.77	0.00
2	6	0.00	0.36	71.04	19.78	0.00
3	3	0.00	0.44	81.82	8.12	0.00
3	7	0.01	2.49	66.31	6.82	0.00
Core	CPU	C1%	C3%	C6%	C8%	C9%
-	-	0.09	0.88	71.36	16.08	0.00
0	0	0.00	0.59	72.18	16.69	0.00
0	4	0.01	1.18	71.46	18.44	0.00
1	1	0.01	0.37	72.31	17.71	0.00
1	5	0.00	0.52	70.42	20.40	0.00
2	2	0.18	0.57	71.03	17.34	0.00
2	6	0.02	0.42	71.07	19.27	0.00
3	3	0.01	0.53	78.11	11.80	0.00
3	7	0.50	2.85	64.92	7.18	0.00
Core	CPU	C1%	C3%	C6%	C8%	C9%
-	-	0.01	0.70	72.46	15.69	0.00
0	0	0.01	0.72	72.36	16.44	0.00
0	4	0.00	0.33	71.10	19.59	0.00
1	1	0.02	0.27	71.49	18.71	0.00
1	5	0.00	0.53	69.14	21.69	0.00
2	2	0.01	0.63	74.88	14.87	0.00
2	6	0.00	0.29	70.36	20.52	0.00
3	3	0.00	0.38	82.08	7.96	0.00
3	7	0.02	2.45	67.65	5.56	0.00
Core	CPU	C1%	C3%	C6%	C8%	C9%
-	-	0.01	0.92	70.28	15.76	0.00
0	0	0.00	0.55	69.49	18.22	0.00
0	4	0.00	0.47	70.26	18.96	0.00
1	1	0.01	2.00	72.98	13.59	0.00
1	5	0.00	0.34	69.06	20.58	0.00
2	2	0.01	0.52	69.65	18.02	0.00
2	6	0.00	0.37	67.42	21.47	0.00
3	3	0.00	0.59	78.42	8.84	0.00
3	7	0.02	2.53	64.96	6.40	0.00
Core	CPU	C1%	C3%	C6%	C8%	C9%
-	-	0.01	0.69	71.62	16.30	0.00
0	0	0.01	0.45	76.53	12.47	0.00
0	4	0.00	0.47	72.57	18.23	0.00
1	1	0.01	0.49	73.41	16.42	0.00
1	5	0.00	0.37	70.95	19.80	0.00
2	2	0.01	0.51	70.27	19.48	0.00
2	6	0.01	0.55	68.79	21.93	0.00
3	3	0.00	0.61	78.50	11.26	0.00
3	7	0.01	2.07	62.52	10.94	0.00
Core	CPU	C1%	C3%	C6%	C8%	C9%
-	-	0.01	0.67	72.08	16.08	0.00
0	0	0.00	0.51	75.54	13.38	0.00
0	4	0.00	0.53	72.18	18.61	0.00
1	1	0.01	0.36	72.61	17.52	0.00
1	5	0.00	0.37	71.52	19.38	0.00
2	2	0.00	0.58	70.43	19.33	0.00
2	6	0.00	0.51	70.67	20.03	0.00
3	3	0.01	0.53	78.70	11.13	0.00
3	7	0.01	2.00	64.41	9.09	0.00
Core	CPU	C1%	C3%	C6%	C8%	C9%
-	-	0.01	0.87	71.74	16.11	0.00
0	0	0.00	0.48	73.69	15.29	0.00
0	4	0.00	0.44	72.42	18.41	0.00
1	1	0.01	0.37	73.22	16.86	0.00
1	5	0.00	0.39	70.98	19.93	0.00
2	2	0.00	1.38	71.10	17.76	0.00
2	6	0.00	0.37	69.49	21.41	0.00
3	3	0.01	0.52	78.89	10.98	0.00
3	7	0.02	3.03	64.48	8.32	0.00
Core	CPU	C1%	C3%	C6%	C8%	C9%
-	-	0.00	0.72	72.22	15.61	0.00
0	0	0.00	0.53	70.91	18.06	0.00
0	4	0.00	0.58	70.41	20.19	0.00
1	1	0.01	0.37	73.37	16.65	0.00
1	5	0.00	0.54	73.63	16.81	0.00
2	2	0.00	0.59	70.66	18.78	0.00
2	6	0.00	0.36	70.13	20.32	0.00
3	3	0.00	0.56	81.74	7.98	0.00
3	7	0.01	2.24	67.26	6.19	0.00
Core	CPU	C1%	C3%	C6%	C8%	C9%
-	-	0.01	1.13	70.72	15.97	0.00
0	0	0.01	0.66	71.54	16.42	0.00
0	4	0.01	0.39	72.05	17.77	0.00
1	1	0.01	1.90	72.55	14.47	0.00
1	5	0.00	0.49	69.51	20.44	0.00
2	2	0.00	0.56	69.72	18.58	0.00
2	6	0.00	0.26	67.06	22.26	0.00
3	3	0.00	0.48	78.21	10.80	0.00
3	7	0.02	4.27	64.50	6.85	0.00
Core	CPU	C1%	C3%	C6%	C8%	C9%
-	-	0.01	0.69	70.80	16.68	0.00
0	0	0.01	0.57	71.94	13.32	0.00
0	4	0.00	0.51	71.96	18.20	0.00
1	1	0.01	0.51	74.67	15.01	0.00
1	5	0.01	0.43	70.11	20.75	0.00
2	2	0.00	0.52	70.19	19.39	0.00
2	6	0.00	0.43	67.48	23.42	0.00
3	3	0.00	0.55	76.45	13.15	0.00
3	7	0.01	2.00	63.65	10.22	0.00
Core	CPU	C1%	C3%	C6%	C8%	C9%
-	-	0.01	0.83	72.05	15.72	0.00
0	0	0.01	0.53	76.34	12.62	0.00
0	4	0.01	0.60	70.11	20.54	0.00
1	1	0.01	1.15	75.21	13.80	0.00
1	5	0.00	0.38	70.23	20.51	0.00
2	2	0.01	0.48	70.18	19.62	0.00
2	6	0.00	0.36	68.37	22.52	0.00
3	3	0.00	0.48	81.50	8.47	0.00
3	7	0.02	2.69	65.07	7.81	0.00
Core	CPU	C1%	C3%	C6%	C8%	C9%
-	-	0.01	0.68	72.14	16.02	0.00
0	0	0.00	0.49	73.02	16.03	0.00
0	4	0.00	0.54	70.62	20.18	0.00
1	1	0.01	0.44	74.43	15.43	0.00
1	5	0.00	0.29	70.13	20.72	0.00
2	2	0.01	0.53	71.27	18.55	0.00
2	6	0.00	0.49	70.47	20.39	0.00
3	3	0.01	0.45	80.40	9.45	0.00
3	7	0.02	2.23	66.15	7.27	0.00
Core	CPU	C1%	C3%	C6%	C8%	C9%
-	-	0.01	0.72	71.94	16.00	0.00
0	0	0.00	0.56	71.21	17.81	0.00
0	4	0.01	0.56	72.08	18.44	0.00
1	1	0.01	0.43	73.40	16.35	0.00
1	5	0.00	0.41	70.01	20.72	0.00
2	2	0.00	0.56	71.19	18.56	0.00
2	6	0.01	0.42	69.97	20.83	0.00
3	3	0.01	0.54	81.60	8.23	0.00
3	7	0.01	2.31	66.28	7.12	0.00
Core	CPU	C1%	C3%	C6%	C8%	C9%
-	-	0.01	0.92	70.70	15.22	0.00
0	0	0.00	0.73	66.94	20.08	0.00
0	4	0.01	0.44	71.46	17.04	0.00
1	1	0.02	1.40	70.60	16.35	0.00
1	5	0.00	0.54	68.88	19.70	0.00
2	2	0.02	0.66	71.17	16.88	0.00
2	6	0.00	0.19	68.07	20.38	0.00
3	3	0.00	0.40	80.69	7.91	0.00
3	7	0.02	3.04	67.78	3.42	0.00
Core	CPU	C1%	C3%	C6%	C8%	C9%
-	-	0.01	0.67	71.88	16.10	0.00
0	0	0.00	0.49	72.74	16.38	0.00
0	4	0.00	0.46	72.52	18.20	0.00
1	1	0.00	0.42	72.86	16.93	0.00
1	5	0.00	0.42	71.14	19.61	0.00
2	2	0.01	0.50	72.05	17.82	0.00
2	6	0.00	0.39	69.72	21.14	0.00
3	3	0.00	0.58	79.83	10.01	0.00
3	7	0.02	2.10	64.64	8.84	0.00
Core	CPU	C1%	C3%	C6%	C8%	C9%
-	-	0.01	0.70	72.10	15.94	0.00
0	0	0.00	0.50	72.83	16.17	0.00
0	4	0.00	0.50	69.74	21.06	0.00
1	1	0.01	0.40	74.79	15.04	0.00
1	5	0.00	0.39	69.82	20.91	0.00
2	2	0.01	0.60	72.55	17.23	0.00
2	6	0.00	0.41	70.56	20.24	0.00
3	3	0.00	0.45	80.97	8.99	0.00
3	7	0.02	2.36	65.47	7.86	0.00
Core	CPU	C1%	C3%	C6%	C8%	C9%
-	-	0.01	0.89	71.54	16.03	0.00
0	0	0.00	0.50	71.15	17.33	0.00
0	4	0.00	0.44	70.09	20.20	0.00
1	1	0.01	0.39	74.75	14.73	0.00
1	5	0.00	0.46	69.99	20.03	0.00
2	2	0.01	0.53	70.51	19.29	0.00
2	6	0.00	1.12	69.22	20.56	0.00
3	3	0.00	0.50	80.31	9.33	0.00
3	7	0.01	3.16	65.99	6.72	0.00
Core	CPU	C1%	C3%	C6%	C8%	C9%
-	-	0.01	0.69	71.90	16.16	0.00
0	0	0.01	0.46	74.28	14.81	0.00
0	4	0.00	0.48	71.55	19.16	0.00
1	1	0.01	0.45	74.65	15.11	0.00
1	5	0.00	0.47	71.15	19.36	0.00
2	2	0.01	0.50	71.10	18.78	0.00
2	6	0.00	0.47	69.42	21.41	0.00
3	3	0.01	0.52	78.59	11.32	0.00
3	7	0.02	2.19	64.15	9.23	0.00
Core	CPU	C1%	C3%	C6%	C8%	C9%
-	-	0.01	0.91	69.96	15.69	0.00
0	0	0.00	0.60	71.04	15.81	0.00
0	4	0.00	0.39	72.44	15.55	0.00
1	1	0.02	1.17	69.01	17.61	0.00
1	5	0.00	0.50	67.97	20.21	0.00
2	2	0.00	0.47	69.54	18.49	0.00
2	6	0.01	0.39	68.84	19.94	0.00
3	3	0.01	0.57	77.40	10.40	0.00
3	7	0.01	3.18	63.67	7.58	0.00
Core	CPU	C1%	C3%	C6%	C8%	C9%
-	-	0.01	0.67	72.13	15.87	0.00
0	0	0.01	0.46	72.41	16.58	0.00
0	4	0.00	0.46	69.99	20.83	0.00
1	1	0.01	0.40	77.29	12.50	0.00
1	5	0.00	0.33	71.08	19.81	0.00
2	2	0.01	0.52	70.10	19.84	0.00
2	6	0.00	0.35	69.27	21.62	0.00
3	3	0.01	0.44	81.45	8.40	0.00
3	7	0.01	2.36	65.88	7.49	0.00
Core	CPU	C1%	C3%	C6%	C8%	C9%
-	-	0.01	0.69	71.53	16.60	0.00
0	0	0.01	0.60	71.38	17.55	0.00
0	4	0.00	0.45	70.73	20.12	0.00
1	1	0.01	0.35	75.69	14.15	0.00
1	5	0.00	0.38	70.42	20.43	0.00
2	2	0.01	0.56	68.06	21.79	0.00
2	6	0.00	0.41	68.87	21.93	0.00
3	3	0.01	0.45	80.94	9.03	0.00
3	7	0.02	2.31	65.59	7.69	0.00
Core	CPU	C1%	C3%	C6%	C8%	C9%
-	-	0.01	0.86	71.35	16.45	0.00
0	0	0.00	0.59	73.61	15.18	0.00
0	4	0.01	1.28	71.82	18.06	0.00
1	1	0.01	0.36	72.48	17.42	0.00
1	5	0.00	0.45	68.53	22.25	0.00
2	2	0.01	0.52	71.42	18.56	0.00
2	6	0.00	0.52	69.37	21.32	0.00
3	3	0.01	0.59	78.45	11.12	0.00
3	7	0.02	2.59	65.40	7.74	0.00
Core	CPU	C1%	C3%	C6%	C8%	C9%
-	-	0.01	0.70	71.59	16.36	0.00
0	0	0.00	0.43	76.57	12.29	0.00
0	4	0.00	0.61	72.94	17.68	0.00
1	1	0.02	0.49	74.41	15.48	0.00
1	5	0.00	0.28	71.03	19.77	0.00
2	2	0.00	0.45	69.03	20.90	0.00
2	6	0.01	0.58	68.95	21.78	0.00
3	3	0.01	0.58	78.69	11.14	0.00
3	7	0.01	2.19	61.43	11.89	0.00
Core	CPU	C1%	C3%	C6%	C8%	C9%
-	-	0.04	1.09	69.54	16.87	0.01
0	0	0.00	0.58	70.61	17.37	0.00
0	4	0.00	0.40	70.53	18.64	0.00
1	1	0.01	2.10	69.11	17.56	0.08
1	5	0.00	0.35	68.43	21.36	0.00
2	2	0.01	0.63	69.56	19.35	0.00
2	6	0.00	0.43	68.52	20.50	0.00
3	3	0.00	0.55	76.79	11.55	0.00
3	7	0.30	3.65	62.45	8.53	0.00
Core	CPU	C1%	C3%	C6%	C8%	C9%
-	-	0.01	0.69	71.27	16.81	0.00
0	0	0.00	0.38	75.92	13.04	0.00
0	4	0.00	0.59	72.62	18.02	0.00
1	1	0.01	0.43	73.66	16.33	0.00
1	5	0.00	0.39	70.09	20.73	0.00
2	2	0.01	0.56	68.50	21.39	0.00
2	6	0.01	0.59	69.00	21.71	0.00
3	3	0.01	0.55	78.02	11.83	0.00
3	7	0.01	2.05	62.02	11.35	0.00
Core	CPU	C1%	C3%	C6%	C8%	C9%
-	-	0.01	0.85	72.59	15.21	0.00
0	0	0.01	0.40	76.46	12.57	0.00
0	4	0.00	0.64	74.85	15.67	0.00
1	1	0.01	0.39	73.88	16.01	0.00
1	5	0.00	0.99	71.45	18.72	0.00
2	2	0.00	0.42	70.32	19.67	0.00
2	6	0.00	0.52	69.39	21.43	0.00
3	3	0.00	0.59	81.49	8.37	0.00
3	7	0.01	2.82	63.53	9.32	0.00
Core	CPU	C1%	C3%	C6%	C8%	C9%
-	-	0.01	0.71	72.00	16.12	0.00
0	0	0.00	0.60	74.49	14.38	0.00
0	4	0.01	0.49	71.88	18.88	0.00
1	1	0.01	0.40	74.91	14.94	0.00
1	5	0.06	0.45	70.45	20.22	0.00
2	2	0.00	0.55	69.40	20.50	0.00
2	6	0.00	0.51	69.68	21.12	0.00
3	3	0.01	0.58	79.25	10.62	0.00
3	7	0.01	2.12	65.27	8.11	0.00
Core	CPU	C1%	C3%	C6%	C8%	C9%
-	-	0.01	0.69	72.05	15.88	0.00
0	0	0.01	0.58	75.42	13.29	0.00
0	4	0.01	0.53	71.53	19.16	0.00
1	1	0.01	0.32	72.57	17.42	0.00
1	5	0.00	0.38	70.45	20.36	0.00
2	2	0.01	0.58	70.24	19.63	0.00
2	6	0.00	0.35	69.96	20.93	0.00
3	3	0.00	0.42	80.49	9.50	0.00
3	7	0.01	2.37	66.35	6.91	0.00
Core	CPU	C1%	C3%	C6%	C8%	C9%
-	-	0.01	1.14	70.85	15.82	0.00
0	0	0.00	0.80	74.13	13.28	0.00
0	4	0.01	0.44	69.46	20.88	0.00
1	1	0.01	1.72	71.29	15.69	0.00
1	5	0.00	0.49	69.04	20.58	0.00
2	2	0.01	0.62	68.96	19.73	0.00
2	6	0.00	0.20	68.53	21.37	0.00
3	3	0.00	0.42	78.91	9.77	0.00
3	7	0.02	4.41	66.12	5.18	0.00
Core	CPU	C1%	C3%	C6%	C8%	C9%
-	-	0.01	0.69	71.97	16.08	0.00
0	0	0.00	0.64	73.88	14.98	0.00
0	4	0.00	0.56	71.89	18.71	0.00
1	1	0.02	0.23	75.00	14.98	0.00
1	5	0.00	0.36	69.89	21.07	0.00
2	2	0.01	0.72	70.55	19.25	0.00
2	6	0.00	0.32	69.38	21.54	0.00
3	3	0.00	0.54	79.61	10.25	0.00
3	7	0.02	2.18	65.59	7.84	0.00
Core	CPU	C1%	C3%	C6%	C8%	C9%
-	-	0.01	0.84	71.40	16.54	0.00
0	0	0.01	0.33	76.36	12.86	0.00
0	4	0.00	0.65	72.03	18.67	0.00
1	1	0.00	0.42	77.43	12.43	0.00
1	5	0.01	1.08	70.10	19.90	0.00
2	2	0.01	0.42	68.11	21.95	0.00
2	6	0.01	0.52	67.18	23.67	0.00
3	3	0.00	0.54	78.03	11.89	0.00
3	7	0.01	2.75	61.79	10.93	0.00
Core	CPU	C1%	C3%	C6%	C8%	C9%
-	-	0.01	0.68	70.36	16.88	0.00
0	0	0.01	0.56	72.36	11.38	0.00
0	4	0.00	0.70	71.80	17.98	0.00
1	1	0.01	0.36	74.55	15.39	0.00
1	5	0.01	0.24	69.39	21.69	0.00
2	2	0.01	0.52	68.75	20.96	0.00
2	6	0.00	0.51	68.33	22.57	0.00
3	3	0.00	0.54	76.18	13.27	0.00
3	7	0.01	2.02	62.12	11.91	0.00
Core	CPU	C1%	C3%	C6%	C8%	C9%
-	-	0.00	0.71	71.61	16.45	0.00
0	0	0.00	0.36	74.82	14.34	0.00
0	4	0.00	0.60	71.88	18.83	0.00
1	1	0.00	0.51	73.88	15.98	0.00
1	5	0.00	0.35	70.55	20.20	0.00
2	2	0.01	0.47	70.82	19.01	0.00
2	6	0.00	0.60	68.01	22.74	0.00
3	3	0.01	0.63	80.28	9.49	0.00
3	7	0.01	2.19	62.31	10.96	0.00
Core	CPU	C1%	C3%	C6%	C8%	C9%
-	-	0.01	1.11	69.12	16.72	0.00
0	0	0.01	0.49	72.61	14.38	0.00
0	4	0.00	0.51	70.10	18.18	0.00
1	1	0.01	2.43	71.66	14.79	0.00
1	5	0.00	0.38	67.85	21.29	0.00
2	2	0.01	0.45	68.42	19.63	0.00
2	6	0.00	0.55	67.73	21.21	0.00
3	3	0.01	0.69	74.03	13.31	0.00
3	7	0.02	3.42	60.44	10.96	0.00
Core	CPU	C1%	C3%	C6%	C8%	C9%
-	-	0.01	0.71	71.51	16.37	0.00
0	0	0.01	0.57	70.27	18.61	0.00
0	4	0.00	0.49	70.96	19.71	0.00
1	1	0.02	0.33	74.67	15.14	0.00
1	5	0.00	0.50	69.83	20.83	0.00
2	2	0.01	0.65	70.48	19.27	0.00
2	6	0.01	0.31	69.16	21.66	0.00
3	3	0.00	0.51	81.50	8.22	0.00
3	7	0.02	2.29	65.62	7.64	0.00
Core	CPU	C1%	C3%	C6%	C8%	C9%
-	-	0.01	0.74	71.46	16.57	0.00
0	0	0.00	0.59	71.61	17.31	0.00
0	4	0.00	0.63	72.17	18.36	0.00
1	1	0.01	0.28	73.88	16.13	0.00
1	5	0.00	0.56	70.16	20.55	0.00
2	2	0.01	0.67	68.11	21.74	0.00
2	6	0.00	0.28	67.25	23.71	0.00
3	3	0.00	0.51	81.66	8.13	0.00
3	7	0.01	2.41	66.57	6.58	0.00
Core	CPU	C1%	C3%	C6%	C8%	C9%
-	-	0.04	0.85	70.44	16.96	0.00
0	0	0.01	0.45	74.62	13.76	0.00
0	4	0.16	0.68	71.38	18.68	0.00
1	1	0.01	0.91	73.51	15.59	0.00
1	5	0.01	0.35	69.62	20.43	0.00
2	2	0.01	0.40	67.99	21.75	0.00
2	6	0.00	0.52	67.89	22.32	0.00
3	3	0.01	0.51	77.58	12.12	0.00
3	7	0.10	3.01	61.22	11.08	0.00
Core	CPU	C1%	C3%	C6%	C8%	C9%
-	-	0.01	0.69	72.15	15.98	0.00
0	0	0.00	0.62	74.21	14.58	0.00
0	4	0.00	0.55	70.94	19.68	0.00
1	1	0.01	0.28	73.02	17.09	0.00
1	5	0.00	0.48	69.86	20.91	0.00
2	2	0.01	0.61	70.16	19.76	0.00
2	6	0.00	0.35	70.25	20.59	0.00
3	3	0.00	0.51	81.30	8.56	0.00
3	7	0.02	2.15	66.98	6.52	0.00
Core	CPU	C1%	C3%	C6%	C8%	C9%
-	-	0.01	1.24	69.26	17.44	0.00
0	0	0.01	0.31	75.70	12.34	0.00
0	4	0.00	0.55	69.65	19.83	0.00
1	1	0.02	3.12	71.36	15.37	0.00
1	5	0.00	0.18	69.25	20.86	0.00
2	2	0.00	0.45	65.05	23.58	0.00
2	6	0.00	0.52	66.11	24.64	0.00
3	3	0.01	0.41	76.52	12.18	0.00
3	7	0.01	4.40	60.54	10.75	0.00
Core	CPU	C1%	C3%	C6%	C8%	C9%
-	-	0.01	0.69	71.54	16.42	0.00
0	0	0.00	0.45	72.63	16.47	0.00
0	4	0.00	0.62	69.81	20.77	0.00
1	1	0.02	0.44	76.48	13.24	0.00
1	5	0.00	0.36	70.23	20.59	0.00
2	2	0.00	0.48	68.80	21.17	0.00
2	6	0.00	0.40	68.07	22.75	0.00
3	3	0.01	0.48	81.19	8.60	0.00
3	7	0.02	2.32	65.48	7.90	0.00
Core	CPU	C1%	C3%	C6%	C8%	C9%
-	-	0.01	0.82	71.87	15.96	0.00
0	0	0.01	0.39	73.08	16.04	0.00
0	4	0.00	0.71	70.64	19.86	0.00
1	1	0.01	0.41	76.75	13.13	0.00
1	5	0.00	0.27	72.18	18.48	0.00
2	2	0.00	0.41	69.69	19.91	0.00
2	6	0.00	0.41	66.83	24.09	0.00
3	3	0.01	1.27	81.09	7.93	0.00
3	7	0.01	2.66	64.78	8.28	0.00
Core	CPU	C1%	C3%	C6%	C8%	C9%
-	-	0.01	0.72	71.02	17.11	0.00
0	0	0.00	0.44	73.45	15.65	0.00
0	4	0.00	0.69	71.71	18.73	0.00
1	1	0.01	0.35	72.86	17.14	0.00
1	5	0.00	0.38	68.93	21.79	0.00
2	2	0.01	0.55	67.39	22.53	0.00
2	6	0.00	0.40	68.28	22.60	0.00
3	3	0.01	0.47	80.42	9.50	0.00
3	7	0.01	2.44	64.46	8.80	0.00
Core	CPU	C1%	C3%	C6%	C8%	C9%
-	-	0.00	0.71	71.42	16.48	0.00
0	0	0.00	0.37	74.48	14.60	0.00
0	4	0.00	0.55	73.68	16.89	0.00
1	1	0.00	0.42	72.52	17.36	0.00
1	5	0.00	0.42	69.67	21.05	0.00
2	2	0.01	0.52	68.56	21.31	0.00
2	6	0.00	0.56	67.67	23.00	0.00
3	3	0.00	0.63	80.41	9.35	0.00
3	7	0.01	2.19	64.96	8.42	0.00
Core	CPU	C1%	C3%	C6%	C8%	C9%
-	-	0.01	1.31	69.33	17.41	0.00
0	0	0.01	0.46	75.08	12.50	0.00
0	4	0.00	0.56	68.08	21.59	0.00
1	1	0.01	3.25	69.67	16.91	0.00
1	5	0.00	0.36	68.50	21.78	0.00
2	2	0.00	0.47	67.91	21.34	0.00
2	6	0.00	0.47	67.56	22.52	0.00
3	3	0.01	0.49	76.18	12.90	0.00
3	7	0.02	4.42	61.66	9.70	0.00
Core	CPU	C1%	C3%	C6%	C8%	C9%
-	-	0.05	0.70	71.46	16.53	0.00
0	0	0.00	0.41	76.09	12.82	0.00
0	4	0.00	0.65	72.33	18.20	0.00
1	1	0.01	0.43	72.41	17.41	0.00
1	5	0.00	0.32	70.62	20.34	0.00
2	2	0.00	0.51	68.87	21.06	0.00
2	6	0.00	0.59	69.07	21.63	0.00
3	3	0.01	0.62	78.28	11.46	0.00
3	7	0.41	2.10	63.66	9.27	0.00
Core	CPU	C1%	C3%	C6%	C8%	C9%
-	-	0.01	0.85	71.77	16.04	0.00
0	0	0.01	0.36	75.59	13.57	0.00
0	4	0.00	0.65	73.15	17.25	0.00
1	1	0.01	0.49	73.22	16.53	0.00
1	5	0.00	1.05	71.32	18.73	0.00
2	2	0.00	0.41	69.53	20.50	0.00
2	6	0.01	0.49	69.08	21.75	0.00
3	3	0.01	0.65	79.24	10.42	0.00
3	7	0.02	2.71	63.36	9.64	0.00
Core	CPU	C1%	C3%	C6%	C8%	C9%
-	-	0.01	0.72	71.71	16.28	0.00
0	0	0.00	0.56	73.10	15.49	0.00
0	4	0.00	0.57	71.83	18.19	0.00
1	1	0.01	0.37	72.24	17.55	0.00
1	5	0.00	0.43	70.87	19.98	0.00
2	2	0.01	0.57	70.44	19.56	0.00
2	6	0.00	0.40	69.53	21.34	0.00
3	3	0.00	0.51	80.29	9.68	0.00
3	7	0.01	2.36	65.02	8.34	0.00
Core	CPU	C1%	C3%	C6%	C8%	C9%
-	-	0.01	0.68	71.90	16.06	0.00
0	0	0.01	0.44	74.15	14.79	0.00
0	4	0.00	0.59	70.73	19.80	0.00
1	1	0.02	0.39	75.19	14.81	0.00
1	5	0.00	0.41	72.21	18.44	0.00
2	2	0.00	0.56	70.12	19.77	0.00
2	6	0.00	0.41	69.34	21.47	0.00
3	3	0.01	0.40	80.09	9.88	0.00
3	7	0.01	2.27	63.81	9.61	0.00
Core	CPU	C1%	C3%	C6%	C8%	C9%
-	-	0.01	1.14	69.54	17.38	0.00
0	0	0.01	0.60	69.91	17.87	0.00
0	4	0.00	0.35	70.18	19.81	0.00
1	1	0.00	2.27	69.38	17.75	0.00
1	5	0.00	0.55	67.68	22.98	0.00
2	2	0.01	0.42	72.29	16.75	0.00
2	6	0.00	0.47	70.06	19.91	0.00
3	3	0.00	0.56	74.85	14.26	0.00
3	7	0.02	3.92	61.74	9.66	0.00
Core	CPU	C1%	C3%	C6%	C8%	C9%
-	-	0.01	0.70	71.77	16.32	0.00
0	0	0.00	0.39	75.51	13.44	0.00
0	4	0.00	0.58	71.87	18.70	0.00
1	1	0.01	0.44	74.95	15.02	0.00
1	5	0.00	0.38	71.17	19.68	0.00
2	2	0.01	0.46	70.23	19.73	0.00
2	6	0.00	0.60	70.16	20.60	0.00
3	3	0.01	0.61	78.14	11.61	0.00
3	7	0.01	2.09	61.75	11.69	0.00
Core	CPU	C1%	C3%	C6%	C8%	C9%
-	-	0.01	0.82	70.81	16.88	0.00
0	0	0.01	0.44	73.70	15.36	0.00
0	4	0.01	0.51	73.53	16.72	0.00
1	1	0.01	0.48	70.65	19.21	0.00
1	5	0.00	0.37	69.05	21.83	0.00
2	2	0.00	0.53	71.28	18.55	0.00
2	6	0.00	0.52	68.61	22.17	0.00
3	3	0.02	1.34	78.07	10.53	0.00
3	7	0.01	2.37	62.18	10.86	0.00
Core	CPU	C1%	C3%	C6%	C8%	C9%
-	-	0.01	0.71	72.40	15.70	0.00
0	0	0.00	0.43	73.39	15.68	0.00
0	4	0.00	0.74	75.14	15.17	0.00
1	1	0.01	0.42	74.85	14.87	0.00
1	5	0.00	0.28	70.92	20.09	0.00
2	2	0.00	0.53	69.26	20.71	0.00
2	6	0.01	0.44	70.81	20.06	0.00
3	3	0.00	0.45	80.00	9.81	0.00
3	7	0.02	2.39	64.18	9.03	0.00
Core	CPU	C1%	C3%	C6%	C8%	C9%
-	-	0.01	0.69	72.33	15.60	0.00
0	0	0.01	0.55	74.14	14.83	0.00
0	4	0.00	0.51	72.62	17.96	0.00
1	1	0.02	0.30	74.11	15.83	0.00
1	5	0.00	0.40	70.06	20.79	0.00
2	2	0.01	0.46	71.55	18.40	0.00
2	6	0.00	0.41	70.94	19.88	0.00
3	3	0.00	0.49	80.50	9.29	0.00
3	7	0.01	2.38	65.31	7.95	0.00
Core	CPU	C1%	C3%	C6%	C8%	C9%
-	-	0.01	1.14	70.42	15.43	0.04
0	0	0.01	0.65	70.20	16.39	0.00
0	4	0.01	0.48	71.22	17.20	0.00
1	1	0.03	2.20	69.69	17.01	0.31
1	5	0.00	0.38	67.32	21.55	0.00
2	2	0.01	0.57	71.09	16.98	0.00
2	6	0.00	0.31	69.79	19.07	0.00
3	3	0.00	0.52	79.12	8.29	0.00
3	7	0.02	4.04	64.43	6.84	0.00
Core	CPU	C1%	C3%	C6%	C8%	C9%
-	-	0.01	0.70	72.52	15.07	0.00
0	0	0.01	0.57	71.35	15.24	0.00
0	4	0.01	0.59	73.82	16.24	0.00
1	1	0.02	0.26	73.97	16.02	0.00
1	5	0.00	0.40	71.50	19.16	0.00
2	2	0.01	0.66	72.04	17.72	0.00
2	6	0.00	0.32	70.82	20.12	0.00
3	3	0.00	0.40	80.90	8.99	0.00
3	7	0.02	2.41	66.33	7.20	0.00
Core	CPU	C1%	C3%	C6%	C8%	C9%
-	-	0.01	0.93	70.54	17.21	0.00
0	0	0.01	0.47	71.77	17.35	0.00
0	4	0.01	0.73	68.42	22.07	0.00
1	1	0.01	1.30	74.41	14.48	0.00
1	5	0.00	0.37	70.33	20.39	0.00
2	2	0.00	0.52	67.81	21.89	0.00
2	6	0.00	0.49	69.66	21.13	0.00
3	3	0.01	0.39	78.44	10.95	0.00
3	7	0.02	3.20	63.13	9.32	0.00
Core	CPU	C1%	C3%	C6%	C8%	C9%
-	-	0.00	0.70	73.46	14.51	0.00
0	0	0.01	0.50	73.78	15.25	0.00
0	4	0.00	0.38	72.03	18.78	0.00
1	1	0.01	0.44	74.48	15.29	0.00
1	5	0.00	0.45	70.42	20.34	0.00
2	2	0.00	0.42	73.19	16.75	0.00
2	6	0.00	0.37	72.24	18.61	0.00
3	3	0.00	0.54	83.81	5.92	0.00
3	7	0.02	2.46	68.03	5.18	0.00
Core	CPU	C1%	C3%	C6%	C8%	C9%
-	-	0.01	0.71	72.35	15.69	0.00
0	0	0.01	0.63	73.48	15.46	0.00
0	4	0.01	0.53	72.16	18.52	0.00
1	1	0.01	0.37	73.69	16.29	0.00
1	5	0.00	0.43	69.56	21.26	0.00
2	2	0.01	0.59	73.11	16.60	0.00
2	6	0.00	0.42	70.41	20.40	0.00
3	3	0.00	0.40	80.25	9.68	0.00
3	7	0.01	2.30	66.08	7.31	0.00
Core	CPU	C1%	C3%	C6%	C8%	C9%
-	-	0.01	1.41	70.65	16.38	0.00
0	0	0.00	0.50	73.57	14.86	0.00
0	4	0.01	0.55	70.22	19.81	0.00
1	1	0.01	3.51	70.90	15.88	0.00
1	5	0.00	0.31	69.84	20.02	0.00
2	2	0.00	0.42	69.39	20.36	0.00
2	6	0.00	0.44	68.48	21.80	0.00
3	3	0.00	0.49	78.57	10.57	0.00
3	7	0.01	5.09	63.59	7.60	0.00
Core	CPU	C1%	C3%	C6%	C8%	C9%
-	-	0.01	0.67	72.58	15.39	0.00
0	0	0.00	0.70	74.02	14.84	0.00
0	4	0.01	0.45	72.73	17.96	0.00
1	1	0.01	0.27	73.96	16.06	0.00
1	5	0.00	0.33	70.77	20.12	0.00
2	2	0.01	0.60	72.03	17.73	0.00
2	6	0.00	0.29	70.99	19.91	0.00
3	3	0.01	0.48	80.10	9.80	0.00
3	7	0.01	2.24	66.66	6.80	0.00
Core	CPU	C1%	C3%	C6%	C8%	C9%
-	-	0.01	0.84	72.67	15.29	0.00
0	0	0.00	0.71	74.95	13.83	0.00
0	4	0.01	0.33	72.50	18.35	0.00
1	1	0.01	0.27	71.93	18.14	0.00
1	5	0.00	1.24	69.53	20.57	0.00
2	2	0.01	0.51	71.94	18.03	0.00
2	6	0.00	0.31	70.66	20.31	0.00
3	3	0.00	0.53	82.08	7.79	0.00
3	7	0.03	2.81	67.78	5.29	0.00
Core	CPU	C1%	C3%	C6%	C8%	C9%
-	-	0.02	0.74	71.62	16.35	0.00
0	0	0.00	0.49	72.20	16.90	0.00
0	4	0.00	0.61	73.15	17.39	0.00
1	1	0.00	0.47	73.61	16.21	0.00
1	5	0.00	0.39	72.42	18.30	0.00
2	2	0.00	0.52	70.01	19.82	0.00
2	6	0.00	0.59	70.50	20.24	0.00
3	3	0.01	0.61	78.23	11.55	0.00
3	7	0.12	2.21	62.84	10.37	0.00
Core	CPU	C1%	C3%	C6%	C8%	C9%
-	-	0.01	0.69	71.93	15.86	0.00
0	0	0.01	0.48	73.87	15.18	0.00
0	4	0.00	0.38	70.60	20.26	0.00
1	1	0.01	0.44	74.21	15.72	0.00
1	5	0.00	0.42	72.64	18.10	0.00
2	2	0.01	0.42	69.67	19.76	0.00
2	6	0.00	0.38	68.26	21.76	0.00
3	3	0.01	0.51	80.81	8.48	0.00
3	7	0.02	2.45	65.33	7.63	0.00
Core	CPU	C1%	C3%	C6%	C8%	C9%
-	-	0.03	1.23	71.17	15.28	0.00
0	0	0.00	0.54	74.22	12.36	0.00
0	4	0.01	0.38	69.49	20.53	0.00
1	1	0.02	2.82	72.55	13.89	0.00
1	5	0.00	0.34	69.42	20.02	0.00
2	2	0.01	0.48	69.14	19.76	0.00
2	6	0.00	0.42	69.52	20.35	0.00
3	3	0.00	0.49	79.37	9.46	0.00
3	7	0.22	4.39	65.08	5.71	0.00
Core	CPU	C1%	C3%	C6%	C8%	C9%
-	-	0.01	0.68	72.50	15.44	0.00
0	0	0.01	0.64	70.99	18.05	0.00
0	4	0.01	0.44	70.89	19.87	0.00
1	1	0.01	0.41	75.01	14.69	0.00
1	5	0.00	0.38	71.73	19.11	0.00
2	2	0.00	0.51	72.23	17.68	0.00
2	6	0.00	0.34	72.00	18.88	0.00
3	3	0.00	0.58	81.14	8.61	0.00
3	7	0.02	2.14	66.65	6.76	0.00
Core	CPU	C1%	C3%	C6%	C8%	C9%
-	-	0.01	0.81	71.59	16.29	0.00
0	0	0.00	0.55	70.24	18.94	0.00
0	4	0.01	0.48	68.82	22.00	0.00
1	1	0.02	1.08	73.58	15.44	0.00
1	5	0.00	0.37	71.20	19.70	0.00
2	2	0.00	0.56	71.07	18.70	0.00
2	6	0.00	0.34	71.16	19.65	0.00
3	3	0.01	0.55	80.78	8.79	0.00
3	7	0.02	2.56	65.84	7.11	0.00
Core	CPU	C1%	C3%	C6%	C8%	C9%
-	-	0.01	0.67	71.83	16.18	0.00
0	0	0.01	0.60	74.45	14.40	0.00
0	4	0.01	0.46	71.31	19.17	0.00
1	1	0.01	0.37	71.59	18.31	0.00
1	5	0.00	0.38	69.07	21.85	0.00
2	2	0.00	0.51	70.87	19.11	0.00
2	6	0.00	0.35	70.70	20.21	0.00
3	3	0.00	0.51	80.75	9.04	0.00
3	7	0.02	2.22	66.00	7.36	0.00
Core	CPU	C1%	C3%	C6%	C8%	C9%
-	-	0.01	0.69	72.03	16.01	0.00
0	0	0.01	0.53	72.36	16.68	0.00
0	4	0.01	0.45	72.95	17.57	0.00
1	1	0.01	0.42	72.68	17.16	0.00
1	5	0.00	0.46	71.10	19.66	0.00
2	2	0.00	0.50	70.77	19.19	0.00
2	6	0.00	0.41	71.25	19.65	0.00
3	3	0.01	0.49	80.09	9.76	0.00
3	7	0.01	2.27	64.97	8.38	0.00
Core	CPU	C1%	C3%	C6%	C8%	C9%
-	-	0.01	1.06	70.71	15.30	0.00
0	0	0.01	0.52	71.76	15.54	0.00
0	4	0.01	0.46	70.64	17.82	0.00
1	1	0.01	2.24	73.11	13.33	0.00
1	5	0.00	0.28	68.78	19.55	0.00
2	2	0.00	0.52	68.35	19.75	0.00
2	6	0.00	0.38	69.32	19.66	0.00
3	3	0.00	0.48	78.43	9.98	0.00
3	7	0.02	3.56	64.68	6.64	0.00
Core	CPU	C1%	C3%	C6%	C8%	C9%
-	-	0.01	0.68	72.52	15.39	0.00
0	0	0.01	0.51	73.66	15.39	0.00
0	4	0.00	0.43	75.23	15.17	0.00
1	1	0.01	0.36	73.31	16.62	0.00
1	5	0.00	0.39	71.49	19.36	0.00
2	2	0.00	0.53	71.22	18.69	0.00
2	6	0.00	0.47	71.28	19.56	0.00
3	3	0.01	0.60	79.81	9.95	0.00
3	7	0.01	2.19	64.76	8.49	0.00
Core	CPU	C1%	C3%	C6%	C8%	C9%
-	-	0.01	0.83	71.81	16.07	0.00
0	0	0.00	0.47	73.73	15.30	0.00
0	4	0.00	0.61	73.33	17.01	0.00
1	1	0.01	0.42	72.75	17.05	0.00
1	5	0.00	1.10	71.06	19.00	0.00
2	2	0.00	0.52	70.03	19.99	0.00
2	6	0.00	0.50	70.83	20.05	0.00
3	3	0.01	0.53	78.94	10.94	0.00
3	7	0.02	2.50	63.83	9.24	0.00
Core	CPU	C1%	C3%	C6%	C8%	C9%
-	-	0.01	0.66	72.62	15.44	0.00
0	0	0.01	0.65	75.88	12.97	0.00
0	4	0.01	0.29	72.00	18.88	0.00
1	1	0.01	0.35	74.64	15.25	0.00
1	5	0.00	0.42	69.49	21.36	0.00
2	2	0.00	0.47	71.84	18.19	0.00
2	6	0.00	0.35	71.64	19.28	0.00
3	3	0.00	0.50	80.12	9.67	0.00
3	7	0.02	2.28	65.38	7.95	0.00
Core	CPU	C1%	C3%	C6%	C8%	C9%
-	-	0.01	0.70	72.74	15.28	0.00
0	0	0.00	0.51	76.87	12.00	0.00
0	4	0.00	0.55	71.44	19.20	0.00
1	1	0.01	0.38	75.13	14.76	0.00
1	5	0.00	0.30	70.95	20.00	0.00
2	2	0.00	0.51	69.57	20.32	0.00
2	6	0.00	0.51	71.12	19.66	0.00
3	3	0.01	0.55	81.16	8.60	0.00
3	7	0.01	2.25	65.61	7.70	0.00
Core	CPU	C1%	C3%	C6%	C8%	C9%
-	-	0.01	1.17	70.72	16.12	0.00
0	0	0.01	0.62	72.44	16.49	0.00
0	4	0.01	0.45	70.32	18.73	0.00
1	1	0.01	1.79	70.80	16.25	0.00
1	5	0.00	0.32	68.64	21.22	0.00
2	2	0.01	0.62	69.64	19.29	0.00
2	6	0.00	0.45	69.78	20.43	0.00
3	3	0.00	0.51	79.77	9.53	0.00
3	7	0.01	4.63	64.09	6.98	0.00
Core	CPU	C1%	C3%	C6%	C8%	C9%
-	-	0.01	0.70	71.95	16.09	0.00
0	0	0.01	0.60	73.83	15.05	0.00
0	4	0.00	0.45	70.56	20.17	0.00
1	1	0.01	0.49	72.81	16.93	0.00
1	5	0.00	0.44	69.54	21.20	0.00
2	2	0.00	0.54	70.73	19.21	0.00
2	6	0.00	0.39	71.39	19.51	0.00
3	3	0.01	0.46	80.83	9.08	0.00
3	7	0.01	2.25	65.82	7.57	0.00
Core	CPU	C1%	C3%	C6%	C8%	C9%
-	-	0.00	0.81	72.04	15.77	0.00
0	0	0.01	0.50	72.07	16.88	0.00
0	4	0.00	0.33	71.49	19.41	0.00
1	1	0.01	1.20	76.97	11.69	0.00
1	5	0.00	0.28	70.62	19.82	0.00
2	2	0.00	0.52	70.51	19.44	0.00
2	6	0.00	0.42	71.06	19.91	0.00
3	3	0.00	0.59	77.94	11.77	0.00
3	7	0.02	2.61	65.78	7.27	0.00
Core	CPU	C1%	C3%	C6%	C8%	C9%
-	-	0.03	0.73	71.54	15.89	0.00
0	0	0.19	0.66	71.58	12.14	0.00
0	4	0.01	0.57	71.40	18.40	0.00
1	1	0.01	0.31	74.42	15.61	0.00
1	5	0.00	0.43	70.04	20.89	0.00
2	2	0.00	0.46	70.57	19.46	0.00
2	6	0.00	0.42	70.46	20.36	0.00
3	3	0.00	0.55	79.23	10.72	0.00
3	7	0.02	2.41	64.24	9.47	0.00
Core	CPU	C1%	C3%	C6%	C8%	C9%
-	-	0.01	0.73	73.00	14.86	0.00
0	0	0.01	0.51	75.52	13.42	0.00
0	4	0.00	0.60	72.47	18.15	0.00
1	1	0.01	0.44	74.63	15.26	0.00
1	5	0.00	0.35	71.67	19.09	0.00
2	2	0.00	0.51	71.19	18.74	0.00
2	6	0.00	0.52	72.40	18.30	0.00
3	3	0.01	0.53	81.53	8.28	0.00
3	7	0.01	2.42	65.33	7.83	0.00
Core	CPU	C1%	C3%	C6%	C8%	C9%
-	-	0.01	0.82	69.95	16.16	0.00
0	0	0.00	0.51	70.59	16.64	0.00
0	4	0.00	0.36	70.14	18.72	0.00
1	1	0.02	1.29	71.22	15.32	0.00
1	5	0.00	0.43	68.99	19.62	0.00
2	2	0.01	0.49	69.30	19.38	0.00
2	6	0.00	0.41	68.13	20.68	0.00
3	3	0.00	0.43	76.71	11.29	0.00
3	7	0.02	2.60	63.88	7.47	0.00
Core	CPU	C1%	C3%	C6%	C8%	C9%
-	-	0.01	0.70	72.37	15.55	0.00
0	0	0.00	0.46	72.53	16.64	0.00
0	4	0.01	0.62	70.56	20.07	0.00
1	1	0.01	0.44	76.78	12.99	0.00
1	5	0.00	0.29	72.42	18.33	0.00
2	2	0.00	0.48	70.34	19.58	0.00
2	6	0.00	0.46	70.79	20.02	0.00
3	3	0.01	0.48	81.53	8.36	0.00
3	7	0.01	2.34	64.62	8.54	0.00
Core	CPU	C1%	C3%	C6%	C8%	C9%
-	-	0.01	0.84	72.26	15.66	0.00
0	0	0.01	0.49	71.66	17.13	0.00
0	4	0.00	0.55	73.83	16.74	0.00
1	1	0.01	0.51	72.41	17.39	0.00
1	5	0.01	0.27	72.57	18.26	0.00
2	2	0.01	0.50	70.05	19.93	0.00
2	6	0.00	1.13	71.00	18.87	0.00
3	3	0.00	0.59	80.53	9.30	0.00
3	7	0.01	2.66	65.37	7.52	0.00
Core	CPU	C1%	C3%	C6%	C8%	C9%
-	-	0.03	0.69	72.65	15.29	0.00
0	0	0.01	0.51	73.71	15.23	0.00
0	4	0.00	0.51	72.84	17.73	0.00
1	1	0.01	0.37	73.32	16.65	0.00
1	5	0.00	0.32	73.43	17.44	0.00
2	2	0.00	0.51	71.72	18.16	0.00
2	6	0.00	0.51	71.34	19.43	0.00
3	3	0.00	0.60	78.99	10.84	0.00
3	7	0.21	2.24	66.11	6.94	0.00
Core	CPU	C1%	C3%	C6%	C8%	C9%
-	-	0.04	0.70	72.42	15.55	0.00
0	0	0.00	0.62	72.32	16.67	0.00
0	4	0.00	0.43	70.91	19.92	0.00
1	1	0.02	0.32	74.31	15.67	0.00
1	5	0.00	0.40	70.86	19.94	0.00
2	2	0.01	0.57	72.25	17.65	0.00
2	6	0.00	0.41	71.51	19.28	0.00
3	3	0.00	0.49	81.35	8.53	0.00
3	7	0.31	2.39	66.17	6.79	0.00
Core	CPU	C1%	C3%	C6%	C8%	C9%
-	-	0.01	1.25	69.80	17.12	0.00
0	0	0.00	0.54	72.50	16.07	0.00
0	4	0.01	0.48	69.87	19.74	0.00
1	1	0.01	2.66	69.92	16.98	0.00
1	5	0.00	0.27	69.00	20.71	0.00
2	2	0.00	0.57	68.57	21.38	0.00
2	6	0.00	0.47	68.92	20.67	0.00
3	3	0.01	0.41	77.62	11.60	0.00
3	7	0.01	4.57	61.44	9.66	0.00
Core	CPU	C1%	C3%	C6%	C8%	C9%
-	-	0.01	0.67	72.06	15.88	0.00
0	0	0.00	0.54	76.02	12.94	0.00
0	4	0.00	0.46	71.82	18.94	0.00
1	1	0.01	0.40	73.79	16.03	0.00
1	5	0.00	0.40	69.94	20.89	0.00
2	2	0.01	0.48	70.88	18.78	0.00
2	6	0.00	0.52	70.06	20.67	0.00
3	3	0.00	0.53	80.09	9.75	0.00
3	7	0.01	2.05	64.46	9.14	0.00
Core	CPU	C1%	C3%	C6%	C8%	C9%
-	-	0.01	0.83	71.39	16.44	0.00
0	0	0.00	0.55	71.39	17.77	0.00
0	4	0.00	0.44	69.73	21.10	0.00
1	1	0.01	0.40	72.37	17.61	0.00
1	5	0.00	1.02	68.96	20.88	0.00
2	2	0.01	0.55	71.90	17.77	0.00
2	6	0.00	0.48	69.53	21.25	0.00
3	3	0.00	0.47	81.66	8.15	0.00
3	7	0.02	2.73	65.54	7.01	0.00
Core	CPU	C1%	C3%	C6%	C8%	C9%
-	-	0.01	0.67	72.66	15.40	0.00
0	0	0.01	0.64	71.81	17.21	0.00
0	4	0.01	0.29	70.17	20.75	0.00
1	1	0.01	0.32	74.37	15.58	0.00
1	5	0.00	0.42	70.45	20.33	0.00
2	2	0.01	0.56	72.65	17.13	0.00
2	6	0.00	0.26	70.26	20.63	0.00
3	3	0.00	0.44	83.69	6.28	0.00
3	7	0.02	2.43	67.96	5.31	0.00
Core	CPU	C1%	C3%	C6%	C8%	C9%
-	-	0.01	0.70	72.73	15.32	0.00
0	0	0.01	0.65	73.04	15.97	0.00
0	4	0.01	0.29	71.80	19.13	0.00
1	1	0.01	0.41	73.40	16.51	0.00
1	5	0.00	0.46	71.47	19.21	0.00
2	2	0.00	0.50	73.84	15.95	0.00
2	6	0.00	0.38	70.78	20.03	0.00
3	3	0.00	0.49	81.02	8.91	0.00
3	7	0.02	2.40	66.44	6.87	0.00
Core	CPU	C1%	C3%	C6%	C8%	C9%
-	-	0.04	0.84	70.27	15.44	0.00
0	0	0.26	0.67	71.15	15.47	0.00
0	4	0.01	0.36	69.36	19.32	0.00
1	1	0.00	1.03	70.71	15.91	0.00
1	5	0.00	0.54	69.09	19.03	0.00
2	2	0.01	0.45	68.92	18.69	0.00
2	6	0.00	0.29	69.01	19.40	0.00
3	3	0.00	0.55	78.19	9.44	0.00
3	7	0.02	2.81	65.15	6.11	0.00
Core	CPU	C1%	C3%	C6%	C8%	C9%
-	-	0.01	0.69	72.91	15.02	0.00
0	0	0.00	0.63	74.34	14.51	0.00
0	4	0.01	0.37	72.01	18.76	0.00
1	1	0.01	0.33	75.02	14.85	0.00
1	5	0.00	0.44	72.11	18.64	0.00
2	2	0.01	0.57	70.28	19.64	0.00
2	6	0.00	0.36	70.49	20.38	0.00
3	3	0.00	0.54	82.10	7.70	0.00
3	7	0.02	2.28	67.55	5.80	0.00
Core	CPU	C1%	C3%	C6%	C8%	C9%
-	-	0.03	0.87	70.89	16.65	0.00
0	0	0.01	0.43	71.58	17.19	0.00
0	4	0.00	0.46	70.66	19.16	0.00
1	1	0.01	0.44	70.74	18.73	0.00
1	5	0.00	1.18	69.43	20.47	0.00
2	2	0.00	0.54	69.88	20.10	0.00
2	6	0.00	0.42	68.40	22.29	0.00
3	3	0.00	0.53	79.59	9.71	0.00
3	7	0.19	3.00	66.88	5.59	0.00
Core	CPU	C1%	C3%	C6%	C8%	C9%
-	-	0.07	0.68	71.80	16.13	0.00
0	0	0.00	0.56	72.01	16.81	0.00
0	4	0.00	0.47	71.37	19.26	0.00
1	1	0.01	0.43	72.30	17.34	0.00
1	5	0.00	0.46	71.23	19.54	0.00
2	2	0.01	0.46	70.90	19.11	0.00
2	6	0.00	0.52	70.48	20.30	0.00
3	3	0.01	0.55	79.36	10.50	0.00
3	7	0.49	1.99	66.70	6.18	0.00
Core	CPU	C1%	C3%	C6%	C8%	C9%
-	-	0.11	0.71	71.26	16.56	0.00
0	0	0.00	0.53	74.40	14.38	0.00
0	4	0.00	0.51	72.09	18.54	0.00
1	1	0.00	0.42	71.85	17.96	0.00
1	5	0.00	0.40	70.93	19.88	0.00
2	2	0.01	0.49	69.99	19.91	0.00
2	6	0.00	0.56	71.56	19.13	0.00
3	3	0.01	0.49	76.62	13.25	0.00
3	7	0.87	2.27	62.68	9.42	0.00
Core	CPU	C1%	C3%	C6%	C8%	C9%
-	-	0.01	0.97	69.52	16.43	0.00
0	0	0.00	0.51	70.36	16.80	0.00
0	4	0.00	0.40	71.67	17.20	0.00
1	1	0.01	1.18	69.02	17.31	0.00
1	5	0.00	0.41	67.61	21.22	0.00
2	2	0.01	0.54	68.44	19.55	0.00
2	6	0.00	0.51	69.33	19.43	0.00
3	3	0.00	0.52	76.11	11.67	0.00
3	7	0.01	3.65	63.02	8.11	0.00
Core	CPU	C1%	C3%	C6%	C8%	C9%
-	-	0.04	0.66	72.02	15.86	0.00
0	0	0.01	0.56	73.50	15.25	0.00
0	4	0.00	0.45	72.33	18.24	0.00
1	1	0.01	0.35	71.92	18.00	0.00
1	5	0.00	0.41	69.49	21.36	0.00
2	2	0.01	0.51	71.91	18.05	0.00
2	6	0.00	0.40	70.96	19.87	0.00
3	3	0.00	0.59	80.56	9.22	0.00
3	7	0.30	2.04	66.12	7.02	0.00
Core	CPU	C1%	C3%	C6%	C8%	C9%
-	-	0.07	0.82	71.08	16.66	0.00
0	0	0.00	0.62	72.86	15.94	0.00
0	4	0.00	0.40	70.82	19.42	0.00
1	1	0.01	0.34	72.32	17.22	0.00
1	5	0.00	1.26	70.32	19.60	0.00
2	2	0.00	0.56	71.03	18.98	0.00
2	6	0.00	0.35	70.20	20.68	0.00
3	3	0.00	0.45	76.85	13.11	0.00
3	7	0.50	2.62	64.21	8.35	0.00
Core	CPU	C1%	C3%	C6%	C8%	C9%
-	-	0.01	0.66	72.18	15.87	0.00
0	0	0.00	0.51	77.07	11.81	0.00
0	4	0.00	0.42	71.76	18.93	0.00
1	1	0.01	0.48	74.65	15.13	0.00
1	5	0.00	0.38	71.08	19.69	0.00
2	2	0.01	0.53	71.54	18.40	0.00
2	6	0.01	0.47	70.46	20.29	0.00
3	3	0.00	0.51	76.94	13.01	0.00
3	7	0.01	1.97	63.86	9.70	0.00
Core	CPU	C1%	C3%	C6%	C8%	C9%
-	-	0.01	0.76	72.94	14.92	0.00
0	0	0.01	0.57	71.28	17.66	0.00
0	4	0.00	0.44	71.50	19.01	0.00
1	1	0.01	0.41	74.57	15.26	0.00
1	5	0.00	0.61	73.37	17.06	0.00
2	2	0.01	0.62	72.10	17.76	0.00
2	6	0.01	0.43	73.95	16.76	0.00
3	3	0.00	0.56	79.56	10.22	0.00
3	7	0.02	2.45	67.22	5.68	0.00
Core	CPU	C1%	C3%	C6%	C8%	C9%
-	-	0.04	1.17	69.53	16.36	0.00
0	0	0.05	0.57	70.02	15.71	0.00
0	4	0.00	0.40	70.94	17.39	0.00
1	1	0.01	1.99	70.97	15.87	0.00
1	5	0.00	0.35	67.90	21.61	0.00
2	2	0.01	0.46	68.71	19.45	0.00
2	6	0.00	0.40	68.22	20.49	0.00
3	3	0.01	0.58	75.90	12.84	0.00
3	7	0.21	4.57	63.57	7.47	0.00
Core	CPU	C1%	C3%	C6%	C8%	C9%
-	-	0.11	0.73	70.83	16.42	0.00
0	0	0.00	0.63	70.22	16.71	0.00
0	4	0.52	0.47	70.57	19.19	0.00
1	1	0.01	0.28	73.38	16.69	0.00
1	5	0.00	0.52	68.36	21.77	0.00
2	2	0.01	0.67	68.34	20.98	0.00
2	6	0.01	0.36	70.42	19.24	0.00
3	3	0.00	0.44	79.72	9.67	0.00
3	7	0.31	2.44	65.52	7.10	0.00
Core	CPU	C1%	C3%	C6%	C8%	C9%
-	-	0.06	0.78	71.07	16.70	0.00
0	0	0.00	0.44	72.95	16.16	0.00
0	4	0.01	0.59	73.25	17.19	0.00
1	1	0.01	0.46	73.06	16.85	0.00
1	5	0.00	0.46	70.64	19.89	0.00
2	2	0.01	0.50	69.50	20.35	0.00
2	6	0.00	1.11	69.62	20.24	0.00
3	3	0.01	0.47	76.47	13.35	0.00
3	7	0.41	2.22	63.16	9.59	0.00
Core	CPU	C1%	C3%	C6%	C8%	C9%
-	-	0.01	0.70	71.92	16.17	0.00
0	0	0.01	0.42	74.29	14.82	0.00
0	4	0.00	0.68	71.84	18.64	0.00
1	1	0.01	0.44	73.39	16.64	0.00
1	5	0.00	0.39	72.43	18.08	0.00
2	2	0.01	0.49	68.15	21.63	0.00
2	6	0.00	0.52	69.21	21.53	0.00
3	3	0.00	0.49	80.43	9.56	0.00
3	7	0.01	2.16	65.08	8.31	0.00
Core	CPU	C1%	C3%	C6%	C8%	C9%
-	-	0.01	0.69	71.82	16.05	0.00
0	0	0.01	0.76	74.83	13.87	0.00
0	4	0.00	0.54	71.38	19.13	0.00
1	1	0.01	0.23	72.56	17.46	0.00
1	5	0.00	0.43	70.95	19.58	0.00
2	2	0.01	0.63	69.05	20.57	0.00
2	6	0.00	0.36	69.38	21.40	0.00
3	3	0.00	0.54	80.97	8.86	0.00
3	7	0.02	2.06	66.00	7.63	0.00
Core	CPU	C1%	C3%	C6%	C8%	C9%
-	-	0.00	1.13	69.47	16.70	0.00
0	0	0.00	0.43	72.58	14.48	0.00
0	4	0.01	0.64	69.14	20.40	0.00
1	1	0.01	2.23	73.58	12.98	0.00
1	5	0.00	0.32	69.80	19.90	0.00
2	2	0.00	0.44	68.13	19.92	0.00
2	6	0.00	0.52	66.10	22.21	0.00
3	3	0.01	0.51	75.31	12.95	0.00
3	7	0.01	3.97	60.59	10.64	0.00
Core	CPU	C1%	C3%	C6%	C8%	C9%
-	-	0.01	0.70	71.49	16.55	0.00
0	0	0.00	0.47	74.14	14.85	0.00
0	4	0.00	0.49	71.25	19.53	0.00
1	1	0.01	0.46	73.90	15.91	0.00
1	5	0.00	0.46	70.44	20.33	0.00
2	2	0.01	0.53	69.90	19.93	0.00
2	6	0.00	0.44	69.28	21.53	0.00
3	3	0.01	0.65	79.41	10.40	0.00
3	7	0.01	2.13	63.52	9.91	0.00
Core	CPU	C1%	C3%	C6%	C8%	C9%
-	-	0.01	0.87	71.91	15.97	0.00
0	0	0.01	0.54	75.54	13.39	0.00
0	4	0.00	0.36	70.15	20.75	0.00
1	1	0.01	0.44	72.42	17.46	0.00
1	5	0.00	1.28	69.95	19.86	0.00
2	2	0.00	0.48	71.35	18.63	0.00
2	6	0.00	0.43	70.22	20.57	0.00
3	3	0.01	0.60	79.97	9.95	0.00
3	7	0.02	2.85	65.68	7.12	0.00
Core	CPU	C1%	C3%	C6%	C8%	C9%
-	-	0.01	0.68	71.61	16.32	0.00
0	0	0.01	0.52	74.53	14.34	0.00
0	4	0.00	0.49	71.34	19.33	0.00
1	1	0.01	0.47	73.76	16.10	0.00
1	5	0.00	0.32	69.87	21.02	0.00
2	2	0.00	0.52	70.90	18.91	0.00
2	6	0.00	0.44	69.77	21.02	0.00
3	3	0.01	0.60	79.11	10.77	0.00
3	7	0.01	2.07	64.27	9.24	0.00
Core	CPU	C1%	C3%	C6%	C8%	C9%
-	-	0.01	0.69	71.78	16.23	0.00
0	0	0.01	0.68	70.95	17.95	0.00
0	4	0.01	0.38	71.42	19.40	0.00
1	1	0.01	0.21	74.39	15.17	0.00
1	5	0.00	0.51	70.63	19.81	0.00
2	2	0.01	0.62	73.44	16.29	0.00
2	6	0.00	0.28	69.41	21.50	0.00
3	3	0.01	0.46	78.50	11.48	0.00
3	7	0.02	2.34	65.15	8.16	0.00
Core	CPU	C1%	C3%	C6%	C8%	C9%
-	-	0.00	1.12	69.54	16.85	0.01
0	0	0.00	0.47	74.15	13.07	0.00
0	4	0.00	0.44	70.91	18.74	0.00
1	1	0.01	1.91	71.33	15.51	0.09
1	5	0.00	0.40	68.82	19.99	0.00
2	2	0.01	0.54	67.08	22.01	0.00
2	6	0.00	0.49	67.09	22.38	0.00
3	3	0.00	0.50	75.23	13.49	0.00
3	7	0.01	4.22	61.77	9.61	0.00
Core	CPU	C1%	C3%	C6%	C8%	C9%
-	-	0.01	0.71	71.51	16.45	0.00
0	0	0.01	0.41	75.27	13.72	0.00
0	4	0.00	0.57	71.52	19.18	0.00
1	1	0.01	0.45	74.52	15.34	0.00
1	5	0.00	0.37	70.52	20.34	0.00
2	2	0.01	0.58	69.58	20.18	0.00
2	6	0.00	0.57	69.02	21.66	0.00
3	3	0.01	0.62	79.33	10.44	0.00
3	7	0.00	2.12	62.61	10.79	0.00
Core	CPU	C1%	C3%	C6%	C8%	C9%
-	-	0.03	0.79	71.75	16.20	0.00
0	0	0.01	0.41	73.90	15.24	0.00
0	4	0.00	0.60	70.64	20.09	0.00
1	1	0.01	0.39	75.03	14.86	0.00
1	5	0.00	0.78	70.58	19.17	0.00
2	2	0.00	0.55	69.84	20.08	0.00
2	6	0.00	0.49	68.51	22.30	0.00
3	3	0.00	0.49	80.89	9.02	0.00
3	7	0.20	2.58	64.04	8.74	0.00
Core	CPU	C1%	C3%	C6%	C8%	C9%
-	-	0.01	0.72	71.74	16.13	0.00
0	0	0.01	0.61	71.64	17.22	0.00
0	4	0.00	0.60	73.21	17.06	0.00
1	1	0.01	0.26	71.35	18.61	0.00
1	5	0.00	0.48	70.18	20.61	0.00
2	2	0.01	0.62	70.34	19.50	0.00
2	6	0.00	0.32	69.39	21.45	0.00
3	3	0.00	0.53	82.01	7.83	0.00
3	7	0.01	2.33	66.32	6.90	0.00
Core	CPU	C1%	C3%	C6%	C8%	C9%
-	-	0.01	0.70	71.44	16.69	0.00
0	0	0.01	0.42	74.17	15.05	0.00
0	4	0.00	0.65	74.03	16.34	0.00
1	1	0.01	0.47	72.86	16.99	0.00
1	5	0.00	0.37	71.64	19.15	0.00
2	2	0.01	0.53	68.88	21.06	0.00
2	6	0.00	0.46	68.42	22.41	0.00
3	3	0.01	0.52	77.94	11.98	0.00
3	7	0.01	2.17	62.95	10.41	0.00
Core	CPU	C1%	C3%	C6%	C8%	C9%
-	-	0.01	1.20	70.07	16.26	0.00
0	0	0.00	0.57	71.00	17.23	0.00
0	4	0.00	0.68	70.00	19.76	0.00
1	1	0.02	1.94	72.97	13.55	0.00
1	5	0.00	0.45	69.44	20.02	0.00
2	2	0.01	0.63	66.45	21.83	0.00
2	6	0.00	0.32	67.88	21.16	0.00
3	3	0.00	0.42	78.17	10.01	0.00
3	7	0.01	4.60	64.75	6.54	0.00
Core	CPU	C1%	C3%	C6%	C8%	C9%
-	-	0.00	0.73	71.22	16.74	0.00
0	0	0.01	0.47	72.46	16.66	0.00
0	4	0.00	0.67	71.53	19.01	0.00
1	1	0.01	0.36	72.72	17.27	0.00
1	5	0.00	0.45	72.19	18.42	0.00
2	2	0.02	0.51	69.54	20.34	0.00
2	6	0.00	0.52	67.73	23.01	0.00
3	3	0.00	0.66	80.61	9.21	0.00
3	7	0.00	2.16	63.20	10.02	0.00
Core	CPU	C1%	C3%	C6%	C8%	C9%
-	-	0.00	0.88	70.80	17.15	0.00
0	0	0.00	0.45	72.40	16.66	0.00
0	4	0.00	0.57	71.51	19.19	0.00
1	1	0.01	1.33	73.91	14.98	0.00
1	5	0.00	0.39	71.10	19.79	0.00
2	2	0.01	0.52	69.14	20.84	0.00
2	6	0.00	0.54	68.61	22.17	0.00
3	3	0.00	0.56	76.82	13.16	0.00
3	7	0.01	2.67	62.61	10.36	0.00
Core	CPU	C1%	C3%	C6%	C8%	C9%
-	-	0.00	0.69	71.51	16.54	0.00
0	0	0.01	0.51	72.43	16.48	0.00
0	4	0.00	0.53	71.69	19.00	0.00
1	1	0.01	0.31	73.07	16.93	0.00
1	5	0.00	0.45	69.26	21.47	0.00
2	2	0.01	0.56	69.85	20.07	0.00
2	6	0.00	0.46	69.34	21.47	0.00
3	3	0.00	0.48	80.61	9.34	0.00
3	7	0.01	2.21	65.79	7.57	0.00
Core	CPU	C1%	C3%	C6%	C8%	C9%
-	-	0.02	0.71	71.73	16.16	0.00
0	0	0.01	0.50	74.19	14.79	0.00
0	4	0.01	0.71	71.48	19.02	0.00
1	1	0.01	0.34	76.60	13.28	0.00
1	5	0.00	0.38	70.63	20.18	0.00
2	2	0.00	0.55	68.91	20.96	0.00
2	6	0.13	0.45	69.08	21.56	0.00
3	3	0.01	0.55	79.55	10.31	0.00
3	7	0.01	2.24	64.01	9.30	0.00
Core	CPU	C1%	C3%	C6%	C8%	C9%
-	-	0.01	1.26	69.85	16.62	0.00
0	0	0.00	0.47	69.59	17.76	0.00
0	4	0.01	0.64	69.27	20.08	0.00
1	1	0.02	2.86	71.96	14.64	0.00
1	5	0.00	0.38	68.45	21.58	0.00
2	2	0.01	0.56	68.19	20.31	0.00
2	6	0.00	0.39	67.61	21.75	0.00
3	3	0.00	0.40	79.05	10.06	0.00
3	7	0.01	4.41	64.37	6.69	0.00
Core	CPU	C1%	C3%	C6%	C8%	C9%
-	-	0.01	0.69	71.38	16.61	0.00
0	0	0.00	0.52	75.65	13.22	0.00
0	4	0.00	0.53	71.87	18.70	0.00
1	1	0.01	0.39	70.94	19.03	0.00
1	5	0.00	0.38	69.14	21.48	0.00
2	2	0.01	0.44	68.88	20.96	0.00
2	6	0.00	0.53	69.59	21.14	0.00
3	3	0.00	0.65	80.18	9.60	0.00
3	7	0.02	2.09	64.67	8.69	0.00
Core	CPU	C1%	C3%	C6%	C8%	C9%
-	-	0.01	0.84	70.38	17.44	0.00
0	0	0.01	0.47	73.91	15.08	0.00
0	4	0.00	0.51	72.31	18.30	0.00
1	1	0.01	0.35	71.65	18.46	0.00
1	5	0.00	0.47	69.21	21.50	0.00
2	2	0.01	0.54	67.46	22.42	0.00
2	6	0.00	1.17	67.69	22.25	0.00
3	3	0.01	0.62	78.65	11.18	0.00
3	7	0.01	2.56	62.67	10.48	0.00
Core	CPU	C1%	C3%	C6%	C8%	C9%
-	-	0.01	0.67	70.94	16.50	0.00
0	0	0.02	0.54	72.16	11.78	0.00
0	4	0.00	0.63	71.89	17.86	0.00
1	1	0.01	0.41	73.32	16.43	0.00
1	5	0.00	0.33	68.87	22.15	0.00
2	2	0.01	0.53	69.44	20.60	0.00
2	6	0.00	0.55	66.76	24.10	0.00
3	3	0.00	0.47	79.47	10.49	0.00
3	7	0.02	1.92	65.57	8.60	0.00
Core	CPU	C1%	C3%	C6%	C8%	C9%
-	-	0.01	0.69	71.82	16.34	0.00
0	0	0.01	0.49	73.73	15.36	0.00
0	4	0.01	0.69	70.15	20.45	0.00
1	1	0.01	0.33	74.47	15.50	0.00
1	5	0.00	0.24	71.78	19.20	0.00
2	2	0.01	0.52	70.38	19.44	0.00
2	6	0.00	0.39	69.34	21.51	0.00
3	3	0.01	0.52	79.67	10.25	0.00
3	7	0.02	2.37	64.43	8.83	0.00
Core	CPU	C1%	C3%	C6%	C8%	C9%
-	-	0.01	1.07	69.32	16.74	0.00
0	0	0.00	0.45	72.29	15.22	0.00
0	4	0.00	0.53	68.68	20.60	0.00
1	1	0.01	1.49	73.68	12.85	0.00
1	5	0.00	0.35	69.00	20.16	0.00
2	2	0.01	0.43	66.96	21.84	0.00
2	6	0.00	0.47	65.94	22.00	0.00
3	3	0.01	0.53	76.40	11.93	0.00
3	7	0.02	4.29	61.86	9.39	0.00
Core	CPU	C1%	C3%	C6%	C8%	C9%
-	-	0.01	0.73	72.55	15.41	0.00
0	0	0.00	0.66	72.01	16.96	0.00
0	4	0.00	0.61	71.00	19.67	0.00
1	1	0.02	0.27	77.30	12.50	0.00
1	5	0.00	0.49	71.86	18.83	0.00
2	2	0.01	0.72	71.13	18.62	0.00
2	6	0.00	0.24	69.48	21.42	0.00
3	3	0.00	0.45	80.97	8.99	0.00
3	7	0.02	2.39	66.96	6.34	0.00
Core	CPU	C1%	C3%	C6%	C8%	C9%
-	-	0.01	0.88	71.58	16.27	0.00
0	0	0.01	0.35	73.52	15.70	0.00
0	4	0.00	0.52	70.42	19.74	0.00
1	1	0.02	1.36	74.16	14.77	0.00
1	5	0.00	0.35	70.16	20.65	0.00
2	2	0.00	0.54	68.40	21.40	0.00
2	6	0.01	0.46	68.73	22.11	0.00
3	3	0.01	0.42	80.65	9.08	0.00
3	7	0.01	3.04	66.07	6.55	0.00
Core	CPU	C1%	C3%	C6%	C8%	C9%
-	-	0.01	0.68	72.27	15.80	0.00
0	0	0.01	0.43	72.86	16.23	0.00
0	4	0.00	0.47	72.73	18.09	0.00
1	1	0.01	0.46	74.21	15.68	0.00
1	5	0.00	0.28	70.51	20.36	0.00
2	2	0.01	0.47	71.18	18.73	0.00
2	6	0.00	0.52	69.40	21.35	0.00
3	3	0.01	0.52	82.34	7.63	0.00
3	7	0.01	2.33	64.89	8.30	0.00
Core	CPU	C1%	C3%	C6%	C8%	C9%
-	-	0.00	0.71	72.32	15.48	0.00
0	0	0.00	0.58	71.28	17.79	0.00
0	4	0.00	0.52	71.56	19.17	0.00
1	1	0.01	0.37	77.68	11.94	0.00
1	5	0.00	0.38	70.77	19.45	0.00
2	2	0.01	0.65	71.43	18.34	0.00
2	6	0.00	0.53	71.18	19.43	0.00
3	3	0.00	0.57	79.72	9.80	0.00
3	7	0.01	2.05	65.48	8.04	0.00
Core	CPU	C1%	C3%	C6%	C8%	C9%
-	-	0.00	0.82	69.32	16.74	0.00
0	0	0.00	0.44	71.97	15.00	0.00
0	4	0.00	0.40	69.49	20.56	0.00
1	1	0.01	0.97	71.46	15.12	0.00
1	5	0.00	0.38	68.14	20.79	0.00
2	2	0.00	0.54	67.45	20.46	0.00
2	6	0.00	0.47	67.65	20.98	0.00
3	3	0.01	0.55	75.23	12.40	0.00
3	7	0.01	2.80	62.82	8.47	0.00
Core	CPU	C1%	C3%	C6%	C8%	C9%
-	-	0.08	0.70	71.61	16.37	0.00
0	0	0.00	0.50	73.54	15.46	0.00
0	4	0.00	0.39	71.27	19.64	0.00
1	1	0.01	0.37	72.93	17.01	0.00
1	5	0.00	0.42	69.84	21.01	0.00
2	2	0.01	0.60	69.90	19.88	0.00
2	6	0.00	0.50	69.52	21.20	0.00
3	3	0.00	0.64	80.58	9.21	0.00
3	7	0.59	2.22	65.15	7.49	0.00
Core	CPU	C1%	C3%	C6%	C8%	C9%
-	-	0.01	0.78	71.55	16.26	0.00
0	0	0.01	0.43	73.55	15.24	0.00
0	4	0.00	0.53	72.53	18.28	0.00
1	1	0.01	0.44	72.59	17.01	0.00
1	5	0.00	1.15	71.99	17.81	0.00
2	2	0.01	0.52	70.18	19.76	0.00
2	6	0.01	0.44	70.73	20.06	0.00
3	3	0.00	0.45	78.98	10.97	0.00
3	7	0.01	2.29	62.12	11.03	0.00
Core	CPU	C1%	C3%	C6%	C8%	C9%
-	-	0.16	0.67	72.18	15.68	0.00
0	0	0.01	0.48	73.15	15.44	0.00
0	4	0.00	0.47	71.06	19.64	0.00
1	1	0.50	0.37	76.11	13.21	0.00
1	5	0.23	0.39	70.68	19.88	0.00
2	2	0.13	0.55	70.02	19.71	0.00
2	6	0.23	0.42	70.36	20.23	0.00
3	3	0.00	0.49	80.50	9.34	0.00
3	7	0.22	2.21	65.16	7.91	0.00
Core	CPU	C1%	C3%	C6%	C8%	C9%
-	-	0.01	0.69	72.36	15.56	0.00
0	0	0.01	0.54	74.26	14.63	0.00
0	4	0.00	0.50	72.74	18.02	0.00
1	1	0.01	0.35	73.50	16.36	0.00
1	5	0.00	0.41	71.79	18.92	0.00
2	2	0.01	0.71	70.83	18.85	0.00
2	6	0.00	0.37	70.98	19.83	0.00
3	3	0.00	0.51	80.30	9.58	0.00
3	7	0.01	2.13	65.10	8.44	0.00
Core	CPU	C1%	C3%	C6%	C8%	C9%
-	-	0.01	1.06	69.74	16.31	0.00
0	0	0.01	0.60	69.56	17.30	0.00
0	4	0.00	0.37	69.37	20.36	0.00
1	1	0.01	1.78	70.63	16.07	0.03
1	5	0.00	0.48	68.84	20.13	0.00
2	2	0.01	0.54	70.92	17.02	0.00
2	6	0.00	0.38	68.67	20.23	0.00
3	3	0.00	0.60	77.13	10.84	0.00
3	7	0.01	3.72	62.73	8.46	0.00
Core	CPU	C1%	C3%	C6%	C8%	C9%
-	-	0.00	0.71	71.60	16.46	0.00
0	0	0.01	0.45	71.99	17.19	0.00
0	4	0.00	0.66	71.37	19.28	0.00
1	1	0.01	0.37	74.71	15.15	0.00
1	5	0.00	0.39	70.00	20.72	0.00
2	2	0.00	0.51	69.90	20.03	0.00
2	6	0.00	0.56	69.78	20.90	0.00
3	3	0.00	0.54	80.03	9.87	0.00
3	7	0.01	2.23	64.75	8.52	0.00
Core	CPU	C1%	C3%	C6%	C8%	C9%
-	-	0.00	0.84	71.06	16.45	0.04
0	0	0.01	0.40	73.69	14.83	0.00
0	4	0.00	0.50	71.05	19.16	0.00
1	1	0.00	0.42	74.95	14.80	0.00
1	5	0.00	0.41	69.65	20.36	0.00
2	2	0.01	0.56	67.78	22.04	0.00
2	6	0.00	1.10	68.69	20.79	0.30
3	3	0.00	0.63	78.85	10.22	0.00
3	7	0.01	2.73	63.49	9.37	0.00
Core	CPU	C1%	C3%	C6%	C8%	C9%
-	-	0.01	0.72	72.75	15.26	0.00
0	0	0.01	0.56	71.36	17.70	0.00
0	4	0.00	0.67	70.33	20.33	0.00
1	1	0.02	0.30	77.11	12.71	0.00
1	5	0.00	0.44	72.14	18.52	0.00
2	2	0.00	0.58	71.50	18.42	0.00
2	6	0.01	0.37	71.66	19.19	0.00
3	3	0.00	0.36	81.46	8.48	0.00
3	7	0.02	2.49	66.42	6.69	0.00
Core	CPU	C1%	C3%	C6%	C8%	C9%
-	-	0.01	0.71	71.96	15.94	0.00
0	0	0.00	0.45	74.01	15.05	0.00
0	4	0.01	0.60	72.85	17.70	0.00
1	1	0.01	0.52	75.13	14.51	0.00
1	5	0.00	0.43	69.73	21.11	0.00
2	2	0.01	0.53	70.26	19.65	0.00
2	6	0.01	0.56	70.35	20.23	0.00
3	3	0.00	0.58	79.71	10.20	0.00
3	7	0.01	2.01	64.24	9.21	0.00
Core	CPU	C1%	C3%	C6%	C8%	C9%
-	-	0.01	1.12	70.16	16.17	0.00
0	0	0.01	0.44	73.28	13.90	0.00
0	4	0.01	0.46	69.74	19.27	0.00
1	1	0.01	1.97	70.82	15.89	0.00
1	5	0.00	0.40	67.78	21.09	0.00
2	2	0.01	0.53	69.25	18.78	0.00
2	6	0.00	0.43	69.06	21.00	0.00
3	3	0.00	0.51	77.87	11.32	0.00
3	7	0.01	4.24	63.36	8.06	0.00
Core	CPU	C1%	C3%	C6%	C8%	C9%
-	-	0.01	0.69	72.42	15.70	0.00
0	0	0.01	0.46	72.19	16.99	0.00
0	4	0.00	0.54	70.75	20.03	0.00
1	1	0.01	0.34	77.67	11.95	0.00
1	5	0.00	0.33	71.13	19.75	0.00
2	2	0.01	0.64	69.60	20.20	0.00
2	6	0.00	0.43	70.04	20.82	0.00
3	3	0.01	0.45	81.60	8.33	0.00
3	7	0.01	2.30	65.94	7.41	0.00
Core	CPU	C1%	C3%	C6%	C8%	C9%
-	-	0.01	0.83	71.80	15.89	0.00
0	0	0.00	0.55	70.22	18.45	0.00
0	4	0.00	0.40	71.71	19.02	0.00
1	1	0.01	0.32	73.01	16.66	0.00
1	5	0.00	0.40	71.84	18.90	0.00
2	2	0.01	0.60	72.93	16.80	0.00
2	6	0.00	1.19	70.45	19.42	0.00
3	3	0.00	0.54	79.64	10.14	0.00
3	7	0.02	2.64	65.21	7.91	0.00
Core	CPU	C1%	C3%	C6%	C8%	C9%
-	-	0.01	0.68	72.78	15.33	0.00
0	0	0.00	0.56	74.73	14.13	0.00
0	4	0.00	0.44	71.61	19.16	0.00
1	1	0.01	0.31	74.28	15.75	0.00
1	5	0.00	0.43	70.97	19.86	0.00
2	2	0.00	0.63	70.50	19.35	0.00
2	6	0.00	0.37	71.35	19.48	0.00
3	3	0.00	0.52	81.25	8.64	0.00
3	7	0.01	2.17	67.19	6.21	0.00
