Core	CPU	C1%	C3%	C6%	C8%	C9%
-	-	0.04	0.30	1.29	0.66	0.00
0	0	0.01	2.31	0.95	0.79	0.00
0	4	0.00	0.00	1.08	0.70	0.00
1	1	0.17	0.00	0.99	1.37	0.00
1	5	0.10	0.01	1.69	0.30	0.00
2	2	0.00	0.04	1.38	0.79	0.00
2	6	0.00	0.00	1.38	0.39	0.00
3	3	0.00	0.00	1.57	0.59	0.00
3	7	0.00	0.01	1.29	0.39	0.00
Core	CPU	C1%	C3%	C6%	C8%	C9%
-	-	0.74	0.96	7.33	6.24	0.00
0	0	2.84	0.97	13.89	4.54	0.00
0	4	0.00	0.08	7.43	6.17	0.00
1	1	2.91	4.92	10.47	3.14	0.00
1	5	0.10	0.79	5.10	5.05	0.00
2	2	0.00	0.07	9.75	18.76	0.00
2	6	0.07	0.49	4.53	4.02	0.00
3	3	0.00	0.10	3.85	5.18	0.00
3	7	0.00	0.28	3.64	3.05	0.00
Core	CPU	C1%	C3%	C6%	C8%	C9%
-	-	0.66	0.76	8.25	12.73	7.38
0	0	2.89	3.96	54.08	3.24	0.00
0	4	0.00	0.00	0.40	0.58	59.03
1	1	2.39	2.04	3.44	0.49	0.00
1	5	0.00	0.09	1.34	1.68	0.00
2	2	0.00	0.00	5.26	93.26	0.00
2	6	0.00	0.00	0.74	0.69	0.00
3	3	0.00	0.02	0.29	0.99	0.00
3	7	0.00	0.00	0.48	0.93	0.00
Core	CPU	C1%	C3%	C6%	C8%	C9%
-	-	1.38	1.07	7.50	12.88	8.11
0	0	5.23	3.49	46.05	5.28	0.00
0	4	0.00	0.00	0.64	0.20	64.89
1	1	5.80	4.94	4.69	1.08	0.00
1	5	0.00	0.09	1.00	0.00	0.00
2	2	0.00	0.00	4.69	93.81	0.00
2	6	0.00	0.00	1.94	1.09	0.00
3	3	0.00	0.00	0.25	0.89	0.00
3	7	0.00	0.00	0.73	0.69	0.00
Core	CPU	C1%	C3%	C6%	C8%	C9%
-	-	0.00	0.61	9.12	12.88	11.57
0	0	0.02	4.79	63.28	0.00	0.00
0	4	0.00	0.00	0.87	0.10	92.56
1	1	0.00	0.00	0.85	6.51	0.00
1	5	0.00	0.06	1.26	0.30	0.00
2	2	0.00	0.00	5.24	93.26	0.00
2	6	0.00	0.00	0.64	0.69	0.00
3	3	0.00	0.00	0.59	1.28	0.00
3	7	0.00	0.00	0.27	0.89	0.00
Core	CPU	C1%	C3%	C6%	C8%	C9%
-	-	0.00	0.64	9.12	16.68	10.96
0	0	0.01	4.98	62.90	0.00	0.00
0	4	0.00	0.00	0.70	0.48	87.64
1	1	0.00	0.00	0.75	20.63	0.00
1	5	0.00	0.05	1.15	1.77	0.00
2	2	0.01	0.06	4.61	91.80	0.00
2	6	0.00	0.00	0.91	2.86	0.00
3	3	0.00	0.02	1.31	14.78	0.00
3	7	0.00	0.00	0.59	1.09	0.00
Core	CPU	C1%	C3%	C6%	C8%	C9%
-	-	0.21	0.70	8.77	14.27	11.07
0	0	1.04	4.64	59.44	1.05	0.00
0	4	0.00	0.00	0.85	0.28	87.69
1	1	0.00	0.00	0.37	2.75	0.00
1	5	0.00	0.07	1.55	0.49	0.89
2	2	0.62	0.88	2.43	15.25	0.00
2	6	0.00	0.00	0.26	0.80	0.00
3	3	0.00	0.00	5.08	92.90	0.00
3	7	0.00	0.00	0.18	0.59	0.00
Core	CPU	C1%	C3%	C6%	C8%	C9%
-	-	0.13	0.71	9.02	12.45	8.26
0	0	0.56	4.55	56.50	0.96	0.00
0	4	0.00	0.00	0.53	0.98	66.11
1	1	0.47	1.11	6.17	2.67	0.00
1	5	0.00	0.05	1.48	1.19	0.00
2	2	0.05	0.00	2.56	28.89	0.00
2	6	0.00	0.01	0.77	0.10	0.00
3	3	0.00	0.01	3.84	64.02	0.00
3	7	0.00	0.00	0.30	0.79	0.00
Core	CPU	C1%	C3%	C6%	C8%	C9%
-	-	0.00	0.71	9.02	12.08	10.54
0	0	0.01	5.48	62.71	0.00	0.00
0	4	0.00	0.00	0.53	0.30	84.29
1	1	0.00	0.12	0.50	0.59	0.00
1	5	0.00	0.06	1.51	0.78	0.00
2	2	0.00	0.00	5.69	92.79	0.00
2	6	0.00	0.00	0.77	0.69	0.00
3	3	0.00	0.00	0.35	0.99	0.00
3	7	0.00	0.00	0.13	0.50	0.00
Core	CPU	C1%	C3%	C6%	C8%	C9%
-	-	0.01	0.66	9.54	12.81	8.80
0	0	0.05	5.09	55.17	3.00	0.00
0	4	0.00	0.00	1.44	2.55	70.43
1	1	0.01	0.03	2.33	3.74	0.00
1	5	0.00	0.08	2.64	1.20	0.00
2	2	0.00	0.00	6.42	83.11	0.00
2	6	0.06	0.05	4.21	3.22	0.00
3	3	0.00	0.00	1.19	1.77	0.00
3	7	0.00	0.03	2.91	3.85	0.00
Core	CPU	C1%	C3%	C6%	C8%	C9%
-	-	0.00	0.02	0.46	0.80	0.00
0	0	0.00	0.02	0.20	0.40	0.00
0	4	0.00	0.00	0.00	0.50	0.00
1	1	0.00	0.00	0.18	0.99	0.00
1	5	0.00	0.09	1.93	0.40	0.00
2	2	0.00	0.00	0.25	1.28	0.00
2	6	0.00	0.00	0.13	1.09	0.00
3	3	0.00	0.01	0.68	0.99	0.00
3	7	0.00	0.00	0.29	0.79	0.00
Core	CPU	C1%	C3%	C6%	C8%	C9%
-	-	0.04	0.01	0.61	0.87	0.11
0	0	0.00	0.00	1.02	0.39	0.00
0	4	0.29	0.02	0.91	0.00	0.90
1	1	0.00	0.00	0.19	1.19	0.00
1	5	0.00	0.07	1.50	1.10	0.00
2	2	0.00	0.00	0.24	0.99	0.00
2	6	0.00	0.02	0.37	1.10	0.02
3	3	0.00	0.00	0.37	1.20	0.00
3	7	0.01	0.00	0.27	0.99	0.00
Core	CPU	C1%	C3%	C6%	C8%	C9%
-	-	0.00	0.01	0.53	0.75	0.00
0	0	0.00	0.00	0.39	0.49	0.00
0	4	0.00	0.00	0.67	0.70	0.00
1	1	0.00	0.00	0.45	0.70	0.00
1	5	0.00	0.08	1.14	0.90	0.00
2	2	0.00	0.00	0.20	0.99	0.00
2	6	0.00	0.00	0.29	0.79	0.00
3	3	0.00	0.00	0.36	0.79	0.00
3	7	0.00	0.00	0.70	0.69	0.00
Core	CPU	C1%	C3%	C6%	C8%	C9%
-	-	0.00	0.01	0.62	0.98	0.00
0	0	0.00	0.00	0.46	0.68	0.00
0	4	0.00	0.00	0.72	0.69	0.00
1	1	0.00	0.02	0.69	0.50	0.00
1	5	0.00	0.04	1.26	0.39	0.00
2	2	0.00	0.00	0.44	1.29	0.00
2	6	0.00	0.00	0.52	0.99	0.00
3	3	0.00	0.00	0.40	1.69	0.00
3	7	0.00	0.00	0.45	1.56	0.00
Core	CPU	C1%	C3%	C6%	C8%	C9%
-	-	0.00	0.01	0.51	0.92	0.00
0	0	0.00	0.03	0.49	0.41	0.00
0	4	0.00	0.00	0.23	0.30	0.00
1	1	0.00	0.00	0.58	0.70	0.00
1	5	0.00	0.01	1.41	0.79	0.00
2	2	0.00	0.00	0.45	1.29	0.00
2	6	0.00	0.00	0.23	1.39	0.00
3	3	0.00	0.02	0.29	1.39	0.00
3	7	0.00	0.00	0.37	1.09	0.00
Core	CPU	C1%	C3%	C6%	C8%	C9%
-	-	0.00	0.03	0.46	0.70	0.10
0	0	0.00	0.01	0.49	0.00	0.00
0	4	0.00	0.00	0.37	0.98	0.00
1	1	0.00	0.00	0.36	0.79	0.00
1	5	0.00	0.17	0.76	0.69	0.00
2	2	0.00	0.02	0.79	0.79	0.00
2	6	0.00	0.03	0.07	0.54	0.00
3	3	0.00	0.00	0.46	1.11	0.00
3	7	0.00	0.00	0.35	0.69	0.80
Core	CPU	C1%	C3%	C6%	C8%	C9%
-	-	0.00	0.00	0.49	0.84	0.00
0	0	0.00	0.00	0.38	0.89	0.00
0	4	0.00	0.00	0.36	0.79	0.00
1	1	0.00	0.01	0.41	1.19	0.00
1	5	0.00	0.02	1.38	0.50	0.00
2	2	0.00	0.00	0.48	0.79	0.00
2	6	0.00	0.00	0.46	0.89	0.00
3	3	0.00	0.00	0.23	0.76	0.00
3	7	0.00	0.00	0.20	0.90	0.00
Core	CPU	C1%	C3%	C6%	C8%	C9%
-	-	0.00	0.01	0.42	1.14	0.13
0	0	0.00	0.00	0.23	0.51	0.00
0	4	0.00	0.02	0.09	0.40	0.00
1	1	0.00	0.00	0.54	1.59	1.00
1	5	0.00	0.06	0.96	1.57	0.00
2	2	0.00	0.00	0.33	1.38	0.00
2	6	0.00	0.00	0.49	1.20	0.00
3	3	0.00	0.00	0.35	1.30	0.00
3	7	0.00	0.00	0.40	1.19	0.00
Core	CPU	C1%	C3%	C6%	C8%	C9%
-	-	0.09	0.01	0.49	0.71	0.13
0	0	0.00	0.00	0.22	0.89	0.00
0	4	0.00	0.00	0.20	0.99	0.00
1	1	0.00	0.02	0.27	0.88	1.01
1	5	0.00	0.03	1.24	0.38	0.00
2	2	0.00	0.02	0.12	0.60	0.00
2	6	0.00	0.00	0.79	0.79	0.00
3	3	0.00	0.00	0.47	0.52	0.00
3	7	0.71	0.00	0.60	0.59	0.00
Core	CPU	C1%	C3%	C6%	C8%	C9%
-	-	0.00	0.01	0.57	0.65	0.00
0	0	0.00	0.00	0.27	0.69	0.00
0	4	0.00	0.00	0.43	0.80	0.00
1	1	0.00	0.03	0.74	0.10	0.00
1	5	0.00	0.01	1.19	0.29	0.00
2	2	0.00	0.00	0.97	0.39	0.00
2	6	0.00	0.00	0.54	0.98	0.00
3	3	0.00	0.00	0.22	0.96	0.00
3	7	0.00	0.00	0.19	0.99	0.00
Core	CPU	C1%	C3%	C6%	C8%	C9%
-	-	0.00	0.00	0.48	0.77	0.00
0	0	0.00	0.00	0.54	0.20	0.00
0	4	0.00	0.00	0.13	0.49	0.00
1	1	0.00	0.00	0.40	0.69	0.00
1	5	0.00	0.02	1.05	1.21	0.00
2	2	0.00	0.00	0.45	0.89	0.00
2	6	0.00	0.00	0.83	0.79	0.00
3	3	0.00	0.00	0.19	0.99	0.00
3	7	0.00	0.00	0.27	0.88	0.00
Core	CPU	C1%	C3%	C6%	C8%	C9%
-	-	0.00	0.09	0.48	0.69	0.12
0	0	0.00	0.00	0.10	0.79	0.00
0	4	0.00	0.00	0.88	0.79	0.00
1	1	0.00	0.04	0.63	0.79	0.99
1	5	0.00	0.12	1.37	0.38	0.00
2	2	0.00	0.01	0.19	0.90	0.00
2	6	0.00	0.53	0.15	0.11	0.00
3	3	0.00	0.00	0.46	1.10	0.00
3	7	0.00	0.02	0.05	0.69	0.00
Core	CPU	C1%	C3%	C6%	C8%	C9%
-	-	0.00	0.01	0.60	0.79	0.00
0	0	0.00	0.00	0.29	0.89	0.00
0	4	0.00	0.00	0.37	0.79	0.00
1	1	0.00	0.00	0.76	0.98	0.00
1	5	0.00	0.08	1.17	0.59	0.00
2	2	0.00	0.00	0.29	0.80	0.00
2	6	0.00	0.00	0.38	0.79	0.00
3	3	0.00	0.00	0.74	0.73	0.00
3	7	0.00	0.01	0.79	0.78	0.00
Core	CPU	C1%	C3%	C6%	C8%	C9%
-	-	0.00	0.00	0.39	0.94	0.10
0	0	0.00	0.00	0.15	0.40	0.00
0	4	0.00	0.00	0.13	0.60	0.00
1	1	0.00	0.00	0.15	0.99	0.00
1	5	0.00	0.02	0.78	0.79	0.00
2	2	0.00	0.00	0.36	0.98	0.00
2	6	0.00	0.00	0.51	1.38	0.00
3	3	0.00	0.01	0.58	0.97	0.00
3	7	0.00	0.00	0.44	1.37	0.79
Core	CPU	C1%	C3%	C6%	C8%	C9%
-	-	0.00	0.00	0.38	0.77	0.00
0	0	0.00	0.00	0.22	0.30	0.00
0	4	0.00	0.00	0.10	0.50	0.00
1	1	0.00	0.00	0.27	0.89	0.00
1	5	0.00	0.03	1.14	0.50	0.00
2	2	0.00	0.00	0.22	1.19	0.00
2	6	0.00	0.00	0.27	1.09	0.00
3	3	0.00	0.00	0.47	1.01	0.00
3	7	0.00	0.00	0.35	0.69	0.00
Core	CPU	C1%	C3%	C6%	C8%	C9%
-	-	0.00	0.01	0.48	0.86	0.00
0	0	0.00	0.00	0.10	0.49	0.00
0	4	0.00	0.00	0.65	0.88	0.00
1	1	0.00	0.00	0.24	1.09	0.00
1	5	0.00	0.05	1.45	0.70	0.00
2	2	0.00	0.00	0.37	0.99	0.00
2	6	0.00	0.00	0.48	0.98	0.00
3	3	0.00	0.00	0.45	1.01	0.00
3	7	0.00	0.00	0.13	0.75	0.00
Core	CPU	C1%	C3%	C6%	C8%	C9%
-	-	0.00	0.01	0.37	0.84	0.00
0	0	0.00	0.00	0.27	0.99	0.00
0	4	0.00	0.00	0.15	0.50	0.00
1	1	0.00	0.00	0.22	0.50	0.00
1	5	0.00	0.04	0.86	0.66	0.00
2	2	0.00	0.00	0.41	1.09	0.00
2	6	0.00	0.01	0.36	0.79	0.00
3	3	0.00	0.00	0.33	0.86	0.00
3	7	0.00	0.00	0.34	1.29	0.00
Core	CPU	C1%	C3%	C6%	C8%	C9%
-	-	0.00	0.12	0.48	0.76	0.00
0	0	0.00	0.00	0.25	0.69	0.00
0	4	0.00	0.00	0.41	0.98	0.00
1	1	0.00	0.00	0.79	0.59	0.00
1	5	0.00	0.00	1.19	0.90	0.00
2	2	0.00	0.00	0.25	0.99	0.00
2	6	0.00	0.99	0.20	0.44	0.00
3	3	0.00	0.00	0.19	0.98	0.00
3	7	0.00	0.00	0.57	0.49	0.00
Core	CPU	C1%	C3%	C6%	C8%	C9%
-	-	0.00	0.03	0.56	4.20	0.12
0	0	0.00	0.02	0.30	0.20	0.00
0	4	0.00	0.00	0.29	0.89	0.00
1	1	0.00	0.00	0.49	0.79	1.00
1	5	0.00	0.03	0.47	1.27	0.00
2	2	0.01	0.21	1.44	28.08	0.00
2	6	0.00	0.00	0.89	0.50	0.00
3	3	0.00	0.00	0.38	0.70	0.00
3	7	0.00	0.00	0.24	1.18	0.00
Core	CPU	C1%	C3%	C6%	C8%	C9%
-	-	0.00	0.01	0.62	1.10	0.00
0	0	0.00	0.00	0.18	0.79	0.00
0	4	0.00	0.00	0.44	0.89	0.00
1	1	0.00	0.00	0.42	1.98	0.00
1	5	0.00	0.08	1.84	1.07	0.00
2	2	0.00	0.00	0.98	0.40	0.00
2	6	0.00	0.00	0.35	1.18	0.00
3	3	0.00	0.00	0.45	1.13	0.00
3	7	0.00	0.03	0.32	1.39	0.00
Core	CPU	C1%	C3%	C6%	C8%	C9%
-	-	0.09	0.01	0.51	0.67	0.00
0	0	0.00	0.00	0.30	0.39	0.00
0	4	0.00	0.00	0.66	0.49	0.00
1	1	0.00	0.00	0.10	0.50	0.00
1	5	0.00	0.05	0.95	0.60	0.00
2	2	0.00	0.00	0.36	0.88	0.00
2	6	0.71	0.00	0.85	0.79	0.00
3	3	0.00	0.01	0.39	0.79	0.00
3	7	0.00	0.00	0.45	0.88	0.00
Core	CPU	C1%	C3%	C6%	C8%	C9%
-	-	0.00	0.01	0.53	0.72	0.00
0	0	0.00	0.01	0.30	0.40	0.00
0	4	0.00	0.00	0.47	0.99	0.00
1	1	0.00	0.00	0.36	0.79	0.00
1	5	0.00	0.03	1.12	0.50	0.00
2	2	0.00	0.02	0.68	0.99	0.00
2	6	0.00	0.00	0.29	0.80	0.00
3	3	0.00	0.00	0.37	0.79	0.00
3	7	0.00	0.01	0.64	0.50	0.00
Core	CPU	C1%	C3%	C6%	C8%	C9%
-	-	0.00	0.00	0.51	1.12	0.00
0	0	0.00	0.00	0.19	0.99	0.00
0	4	0.00	0.00	0.28	0.89	0.00
1	1	0.00	0.00	0.35	0.89	0.00
1	5	0.00	0.02	1.28	0.80	0.00
2	2	0.00	0.01	1.03	1.80	0.00
2	6	0.00	0.00	0.27	1.09	0.00
3	3	0.00	0.00	0.37	1.20	0.00
3	7	0.00	0.00	0.29	1.28	0.00
Core	CPU	C1%	C3%	C6%	C8%	C9%
-	-	0.00	0.24	0.65	1.01	0.00
0	0	0.00	0.00	0.68	1.38	0.00
0	4	0.00	0.00	0.65	1.29	0.00
1	1	0.00	0.00	0.52	0.88	0.00
1	5	0.00	0.08	2.01	0.67	0.00
2	2	0.00	0.00	0.37	1.49	0.00
2	6	0.00	1.88	0.16	0.00	0.00
3	3	0.00	0.00	0.53	1.59	0.00
3	7	0.00	0.00	0.31	0.80	0.00
Core	CPU	C1%	C3%	C6%	C8%	C9%
-	-	0.00	0.01	0.66	0.59	0.00
0	0	0.00	0.00	0.27	0.69	0.00
0	4	0.00	0.00	0.25	0.30	0.00
1	1	0.00	0.00	0.86	0.00	0.00
1	5	0.00	0.04	1.32	0.90	0.00
2	2	0.00	0.00	0.29	0.99	0.00
2	6	0.00	0.00	0.66	0.20	0.00
3	3	0.00	0.00	0.84	0.84	0.00
3	7	0.00	0.01	0.80	0.79	0.00
Core	CPU	C1%	C3%	C6%	C8%	C9%
-	-	0.00	0.00	0.55	0.85	0.00
0	0	0.00	0.00	0.45	0.49	0.00
0	4	0.00	0.00	0.14	0.40	0.00
1	1	0.00	0.00	0.33	0.79	0.00
1	5	0.00	0.02	1.39	1.66	0.00
2	2	0.00	0.00	0.36	0.89	0.00
2	6	0.00	0.00	0.22	0.99	0.00
3	3	0.00	0.01	0.69	0.87	0.00
3	7	0.00	0.00	0.82	0.69	0.00
Core	CPU	C1%	C3%	C6%	C8%	C9%
-	-	0.00	0.01	0.33	0.77	0.00
0	0	0.00	0.00	0.21	0.41	0.00
0	4	0.00	0.00	0.09	0.41	0.00
1	1	0.00	0.00	0.26	1.00	0.00
1	5	0.00	0.04	0.72	0.81	0.00
2	2	0.00	0.00	0.31	1.10	0.00
2	6	0.00	0.00	0.23	0.91	0.00
3	3	0.00	0.00	0.37	0.74	0.00
3	7	0.00	0.00	0.42	0.80	0.00
Core	CPU	C1%	C3%	C6%	C8%	C9%
-	-	0.00	0.00	0.52	1.00	0.00
0	0	0.00	0.00	0.27	0.69	0.00
0	4	0.00	0.00	0.35	0.20	0.00
1	1	0.00	0.00	0.40	1.19	0.00
1	5	0.00	0.04	1.94	0.97	0.00
2	2	0.00	0.00	0.37	1.29	0.00
2	6	0.00	0.00	0.34	0.98	0.00
3	3	0.00	0.00	0.22	1.85	0.00
3	7	0.00	0.00	0.29	0.79	0.00
Core	CPU	C1%	C3%	C6%	C8%	C9%
-	-	0.00	0.01	0.48	0.78	0.00
0	0	0.00	0.00	0.77	0.59	0.00
0	4	0.00	0.02	0.68	0.49	0.00
1	1	0.00	0.00	0.28	1.09	0.00
1	5	0.00	0.02	1.06	0.60	0.00
2	2	0.00	0.00	0.14	0.99	0.00
2	6	0.00	0.02	0.18	0.99	0.00
3	3	0.00	0.00	0.39	0.80	0.00
3	7	0.00	0.00	0.36	0.69	0.00
Core	CPU	C1%	C3%	C6%	C8%	C9%
-	-	0.00	0.19	0.63	0.51	0.00
0	0	0.00	0.00	0.29	0.20	0.00
0	4	0.00	0.00	0.85	0.10	0.00
1	1	0.00	0.01	0.25	1.08	0.00
1	5	0.00	0.03	1.11	0.50	0.00
2	2	0.01	0.04	0.86	0.79	0.00
2	6	0.00	1.48	0.16	0.00	0.00
3	3	0.00	0.00	0.85	0.73	0.00
3	7	0.00	0.00	0.69	0.69	0.00
Core	CPU	C1%	C3%	C6%	C8%	C9%
-	-	0.01	0.01	0.73	0.70	0.00
0	0	0.00	0.00	0.46	0.49	0.00
0	4	0.00	0.00	0.62	0.60	0.00
1	1	0.07	0.02	0.79	0.78	0.00
1	5	0.00	0.03	0.66	1.00	0.00
2	2	0.00	0.00	0.97	0.49	0.00
2	6	0.00	0.00	0.91	0.70	0.00
3	3	0.00	0.00	0.52	0.77	0.00
3	7	0.00	0.00	0.88	0.79	0.00
Core	CPU	C1%	C3%	C6%	C8%	C9%
-	-	0.00	0.00	0.64	0.80	0.00
0	0	0.00	0.00	0.23	0.50	0.00
0	4	0.00	0.00	0.20	0.30	0.00
1	1	0.00	0.00	0.28	1.09	0.00
1	5	0.00	0.01	1.94	1.13	0.00
2	2	0.00	0.00	0.83	0.79	0.00
2	6	0.00	0.01	0.79	0.40	0.00
3	3	0.00	0.00	0.39	1.47	0.00
3	7	0.00	0.00	0.43	0.69	0.00
Core	CPU	C1%	C3%	C6%	C8%	C9%
-	-	0.00	0.02	0.47	0.79	0.00
0	0	0.00	0.00	0.10	0.40	0.00
0	4	0.00	0.00	0.57	0.99	0.00
1	1	0.00	0.00	0.36	0.79	0.00
1	5	0.00	0.03	0.73	0.84	0.00
2	2	0.00	0.13	0.69	0.89	0.00
2	6	0.00	0.00	0.20	0.90	0.00
3	3	0.00	0.00	0.28	0.79	0.00
3	7	0.00	0.00	0.84	0.69	0.00
Core	CPU	C1%	C3%	C6%	C8%	C9%
-	-	0.00	0.01	0.62	1.02	0.00
0	0	0.00	0.00	0.28	0.99	0.00
0	4	0.00	0.00	0.36	0.99	0.00
1	1	0.00	0.00	0.14	0.99	0.00
1	5	0.00	0.04	1.82	1.80	0.00
2	2	0.00	0.00	0.19	0.89	0.00
2	6	0.00	0.00	0.60	1.00	0.00
3	3	0.00	0.00	0.83	0.78	0.00
3	7	0.00	0.02	0.69	0.69	0.00
Core	CPU	C1%	C3%	C6%	C8%	C9%
-	-	0.00	0.01	0.62	0.80	0.00
0	0	0.00	0.00	0.45	0.88	0.00
0	4	0.00	0.00	0.24	1.18	0.00
1	1	0.00	0.00	0.10	0.79	0.00
1	5	0.00	0.03	1.17	0.39	0.00
2	2	0.00	0.00	0.46	0.79	0.00
2	6	0.00	0.00	1.69	0.79	0.00
3	3	0.00	0.01	0.39	0.79	0.00
3	7	0.00	0.00	0.46	0.79	0.00
Core	CPU	C1%	C3%	C6%	C8%	C9%
-	-	0.00	0.19	0.49	0.86	0.00
0	0	0.00	0.01	0.20	0.30	0.00
0	4	0.00	0.00	0.20	0.98	0.00
1	1	0.00	0.00	0.27	1.28	0.00
1	5	0.00	0.02	1.52	1.18	0.00
2	2	0.00	0.00	0.83	0.79	0.00
2	6	0.00	1.50	0.14	0.00	0.00
3	3	0.00	0.00	0.30	1.28	0.00
3	7	0.00	0.00	0.50	1.08	0.00
Core	CPU	C1%	C3%	C6%	C8%	C9%
-	-	0.00	0.00	0.53	0.76	0.00
0	0	0.00	0.00	0.53	0.10	0.00
0	4	0.00	0.00	0.10	0.79	0.00
1	1	0.00	0.00	0.45	0.70	0.00
1	5	0.00	0.00	0.68	1.00	0.00
2	2	0.00	0.00	0.52	0.80	0.00
2	6	0.00	0.00	1.07	0.50	0.00
3	3	0.00	0.00	0.39	0.99	0.00
3	7	0.00	0.00	0.48	1.22	0.00
Core	CPU	C1%	C3%	C6%	C8%	C9%
-	-	0.00	0.01	0.37	0.99	0.00
0	0	0.00	0.00	0.20	0.30	0.00
0	4	0.00	0.00	0.37	1.29	0.00
1	1	0.00	0.02	0.33	1.19	0.00
1	5	0.00	0.04	0.51	0.99	0.00
2	2	0.00	0.00	0.10	1.00	0.00
2	6	0.00	0.00	0.28	0.89	0.00
3	3	0.00	0.00	0.35	0.69	0.00
3	7	0.00	0.00	0.83	1.60	0.00
Core	CPU	C1%	C3%	C6%	C8%	C9%
-	-	0.00	0.01	0.48	0.79	0.00
0	0	0.00	0.00	0.37	0.88	0.00
0	4	0.00	0.00	0.15	0.79	0.00
1	1	0.00	0.02	0.73	0.10	0.00
1	5	0.00	0.05	0.96	0.49	0.00
2	2	0.00	0.00	0.64	1.09	0.00
2	6	0.00	0.00	0.37	1.09	0.00
3	3	0.00	0.00	0.32	0.99	0.00
3	7	0.00	0.00	0.29	0.88	0.00
Core	CPU	C1%	C3%	C6%	C8%	C9%
-	-	0.01	0.02	0.64	3.69	0.00
0	0	0.00	0.00	0.30	0.60	0.00
0	4	0.00	0.00	0.19	1.78	0.00
1	1	0.00	0.00	0.59	1.78	0.00
1	5	0.09	0.02	1.36	1.67	0.00
2	2	0.01	0.15	1.13	18.93	0.00
2	6	0.00	0.00	0.47	1.89	0.00
3	3	0.00	0.00	0.47	1.29	0.00
3	7	0.00	0.00	0.64	1.58	0.00
Core	CPU	C1%	C3%	C6%	C8%	C9%
-	-	0.00	0.01	0.64	2.25	0.13
0	0	0.00	0.00	0.19	0.98	0.00
0	4	0.00	0.00	0.38	1.18	0.00
1	1	0.00	0.00	0.69	1.59	1.01
1	5	0.00	0.02	1.53	1.07	0.00
2	2	0.00	0.02	1.14	9.20	0.00
2	6	0.00	0.00	0.36	1.29	0.00
3	3	0.00	0.00	0.46	1.29	0.00
3	7	0.00	0.00	0.37	1.39	0.00
Core	CPU	C1%	C3%	C6%	C8%	C9%
-	-	0.00	0.20	0.50	0.63	0.00
0	0	0.00	0.00	0.46	0.59	0.00
0	4	0.00	0.00	0.14	0.59	0.00
1	1	0.00	0.00	0.36	1.28	0.00
1	5	0.00	0.05	1.06	0.50	0.00
2	2	0.00	0.00	0.97	0.40	0.00
2	6	0.00	1.58	0.16	0.00	0.00
3	3	0.00	0.00	0.23	0.99	0.00
3	7	0.00	0.00	0.59	0.69	0.00
Core	CPU	C1%	C3%	C6%	C8%	C9%
-	-	0.00	0.00	0.45	0.96	0.13
0	0	0.00	0.00	0.14	0.88	0.00
0	4	0.00	0.00	0.22	0.29	0.00
1	1	0.00	0.00	0.26	1.18	1.00
1	5	0.00	0.01	1.25	1.37	0.00
2	2	0.00	0.00	0.44	0.99	0.00
2	6	0.00	0.00	0.40	0.69	0.00
3	3	0.00	0.00	0.39	1.30	0.00
3	7	0.00	0.00	0.46	0.99	0.00
Core	CPU	C1%	C3%	C6%	C8%	C9%
-	-	0.00	0.00	0.54	0.95	0.00
0	0	0.00	0.00	0.10	0.40	0.00
0	4	0.00	0.00	0.36	1.38	0.00
1	1	0.00	0.00	0.45	0.90	0.00
1	5	0.00	0.01	1.71	0.88	0.00
2	2	0.00	0.00	0.10	0.99	0.00
2	6	0.00	0.00	0.67	0.79	0.00
3	3	0.00	0.00	0.55	1.31	0.00
3	7	0.00	0.01	0.35	0.99	0.00
Core	CPU	C1%	C3%	C6%	C8%	C9%
-	-	0.00	0.00	0.55	0.75	0.13
0	0	0.00	0.00	0.37	0.59	0.00
0	4	0.00	0.00	0.53	0.80	0.00
1	1	0.00	0.00	0.22	0.89	1.01
1	5	0.00	0.02	0.99	0.10	0.00
2	2	0.00	0.00	0.28	0.89	0.00
2	6	0.00	0.00	0.62	0.80	0.00
3	3	0.00	0.00	0.32	0.86	0.00
3	7	0.00	0.00	1.10	1.09	0.00
Core	CPU	C1%	C3%	C6%	C8%	C9%
-	-	0.00	0.00	0.34	0.82	0.00
0	0	0.00	0.00	0.15	0.59	0.00
0	4	0.00	0.00	0.21	0.49	0.00
1	1	0.00	0.00	0.10	0.99	0.00
1	5	0.00	0.02	0.60	1.07	0.00
2	2	0.00	0.00	0.35	0.88	0.00
2	6	0.00	0.00	0.82	0.79	0.00
3	3	0.00	0.00	0.19	0.98	0.00
3	7	0.00	0.00	0.28	0.79	0.00
Core	CPU	C1%	C3%	C6%	C8%	C9%
-	-	0.10	0.00	0.46	0.68	0.00
0	0	0.00	0.02	0.20	0.49	0.00
0	4	0.00	0.00	0.30	0.89	0.00
1	1	0.00	0.00	0.37	0.89	0.00
1	5	0.00	0.00	0.57	1.00	0.00
2	2	0.00	0.02	0.79	0.79	0.00
2	6	0.79	0.00	0.87	0.00	0.00
3	3	0.00	0.00	0.37	0.71	0.00
3	7	0.00	0.00	0.22	0.69	0.00
Core	CPU	C1%	C3%	C6%	C8%	C9%
-	-	0.00	0.19	0.59	0.62	0.00
0	0	0.00	0.00	0.29	0.69	0.00
0	4	0.00	0.00	0.54	0.70	0.00
1	1	0.00	0.00	0.72	0.00	0.00
1	5	0.00	0.03	1.61	0.40	0.00
2	2	0.00	0.00	0.49	0.79	0.00
2	6	0.00	1.48	0.16	0.00	0.00
3	3	0.00	0.00	0.24	1.32	0.00
3	7	0.00	0.02	0.69	1.04	0.00
Core	CPU	C1%	C3%	C6%	C8%	C9%
-	-	0.00	0.01	0.70	0.97	0.00
0	0	0.00	0.00	0.95	1.18	0.00
0	4	0.00	0.00	0.34	1.38	0.00
1	1	0.00	0.02	0.38	0.41	0.00
1	5	0.00	0.03	1.08	0.21	0.00
2	2	0.00	0.00	0.56	1.19	0.00
2	6	0.00	0.00	1.02	1.08	0.00
3	3	0.00	0.00	0.42	1.27	0.00
3	7	0.00	0.00	0.85	1.01	0.00
Core	CPU	C1%	C3%	C6%	C8%	C9%
-	-	0.05	0.00	0.58	0.79	0.00
0	0	0.00	0.00	0.42	0.79	0.00
0	4	0.38	0.00	0.18	0.50	0.00
1	1	0.00	0.00	0.52	1.39	0.00
1	5	0.00	0.04	1.05	0.49	0.00
2	2	0.00	0.00	0.71	0.49	0.00
2	6	0.00	0.00	0.69	0.70	0.00
3	3	0.00	0.00	0.47	0.80	0.00
3	7	0.00	0.00	0.60	1.18	0.00
Core	CPU	C1%	C3%	C6%	C8%	C9%
-	-	0.00	0.00	0.55	0.84	0.00
0	0	0.00	0.00	0.10	0.59	0.00
0	4	0.00	0.00	0.53	1.49	0.00
1	1	0.00	0.00	0.53	1.38	0.00
1	5	0.00	0.00	0.99	1.09	0.00
2	2	0.00	0.00	0.19	1.09	0.00
2	6	0.00	0.00	0.36	0.79	0.00
3	3	0.00	0.00	0.80	0.11	0.00
3	7	0.00	0.02	0.86	0.20	0.00
Core	CPU	C1%	C3%	C6%	C8%	C9%
-	-	0.00	0.00	0.44	1.02	0.12
0	0	0.00	0.00	0.45	0.49	0.00
0	4	0.00	0.00	0.12	0.49	0.00
1	1	0.00	0.00	0.10	1.09	0.99
1	5	0.00	0.02	1.55	1.95	0.00
2	2	0.00	0.00	0.44	0.89	0.00
2	6	0.00	0.00	0.13	0.99	0.00
3	3	0.00	0.00	0.39	1.58	0.00
3	7	0.00	0.00	0.37	0.69	0.00
Core	CPU	C1%	C3%	C6%	C8%	C9%
-	-	0.00	0.01	0.50	1.03	0.00
0	0	0.03	0.01	0.20	0.30	0.00
0	4	0.00	0.00	0.31	1.38	0.00
1	1	0.00	0.03	1.18	1.78	0.00
1	5	0.00	0.00	1.16	0.89	0.00
2	2	0.00	0.03	0.20	0.99	0.00
2	6	0.00	0.00	0.28	0.88	0.00
3	3	0.00	0.00	0.42	1.31	0.00
3	7	0.00	0.02	0.25	0.69	0.00
Core	CPU	C1%	C3%	C6%	C8%	C9%
-	-	0.00	0.21	0.48	0.70	0.00
0	0	0.00	0.00	0.84	0.39	0.00
0	4	0.00	0.01	0.33	1.19	0.00
1	1	0.00	0.02	0.30	0.30	0.00
1	5	0.00	0.00	0.50	0.49	0.00
2	2	0.00	0.00	0.95	0.69	0.00
2	6	0.00	1.58	0.05	0.00	0.04
3	3	0.00	0.00	0.42	1.19	0.00
3	7	0.00	0.04	0.47	1.39	0.00
Core	CPU	C1%	C3%	C6%	C8%	C9%
-	-	0.00	0.00	0.37	1.03	0.00
0	0	0.00	0.00	0.24	0.49	0.00
0	4	0.00	0.02	0.19	0.89	0.00
1	1	0.00	0.00	0.38	1.09	0.00
1	5	0.00	0.00	0.36	1.19	0.00
2	2	0.00	0.00	0.44	0.99	0.00
2	6	0.00	0.00	0.30	1.09	0.00
3	3	0.00	0.00	0.29	1.39	0.00
3	7	0.00	0.00	0.78	1.09	0.00
Core	CPU	C1%	C3%	C6%	C8%	C9%
-	-	0.01	0.01	0.50	0.91	0.00
0	0	0.00	0.00	0.10	0.40	0.00
0	4	0.00	0.00	0.28	0.88	0.00
1	1	0.00	0.00	0.80	0.69	0.00
1	5	0.08	0.00	0.92	1.49	0.00
2	2	0.00	0.00	0.67	0.79	0.00
2	6	0.00	0.00	0.29	0.78	0.00
3	3	0.00	0.00	0.45	1.41	0.00
3	7	0.00	0.06	0.49	0.79	0.00
Core	CPU	C1%	C3%	C6%	C8%	C9%
-	-	0.00	0.00	0.39	0.83	0.00
0	0	0.00	0.00	0.37	0.59	0.00
0	4	0.00	0.00	0.29	0.79	0.00
1	1	0.00	0.00	0.61	0.50	0.00
1	5	0.00	0.00	0.19	1.09	0.00
2	2	0.00	0.00	0.37	0.99	0.00
2	6	0.00	0.00	0.44	0.79	0.00
3	3	0.00	0.00	0.32	0.88	0.00
3	7	0.00	0.00	0.51	1.00	0.00
Core	CPU	C1%	C3%	C6%	C8%	C9%
-	-	0.00	0.01	0.54	0.59	0.00
0	0	0.00	0.00	0.53	0.00	0.00
0	4	0.00	0.00	0.60	0.10	0.00
1	1	0.00	0.00	0.37	1.09	0.00
1	5	0.00	0.00	0.36	0.79	0.00
2	2	0.00	0.00	0.83	0.39	0.00
2	6	0.00	0.01	0.79	0.40	0.00
3	3	0.00	0.00	0.38	0.80	0.00
3	7	0.00	0.03	0.48	1.17	0.00
Core	CPU	C1%	C3%	C6%	C8%	C9%
-	-	0.00	0.00	0.40	0.74	0.00
0	0	0.00	0.00	0.19	0.40	0.00
0	4	0.00	0.00	0.37	0.79	0.00
1	1	0.00	0.00	0.33	1.08	0.00
1	5	0.00	0.02	0.10	0.99	0.00
2	2	0.00	0.00	0.56	0.89	0.00
2	6	0.00	0.00	0.35	0.99	0.00
3	3	0.00	0.00	0.32	0.66	0.00
3	7	0.00	0.00	1.01	0.11	0.00
Core	CPU	C1%	C3%	C6%	C8%	C9%
-	-	0.00	0.17	0.36	0.72	0.00
0	0	0.00	0.00	0.35	0.69	0.00
0	4	0.00	0.00	0.07	0.59	0.00
1	1	0.00	0.00	0.21	0.69	0.00
1	5	0.00	0.00	0.69	0.89	0.00
2	2	0.00	0.00	0.35	0.89	0.00
2	6	0.00	1.38	0.14	0.02	0.00
3	3	0.00	0.00	0.19	1.37	0.00
3	7	0.00	0.01	0.88	0.59	0.00
Core	CPU	C1%	C3%	C6%	C8%	C9%
-	-	0.01	0.01	0.45	0.62	0.00
0	0	0.00	0.02	0.39	0.29	0.00
0	4	0.00	0.00	0.20	0.30	0.00
1	1	0.00	0.00	0.44	0.70	0.00
1	5	0.00	0.00	0.43	0.90	0.00
2	2	0.00	0.02	0.29	0.80	0.00
2	6	0.07	0.00	0.98	0.60	0.00
3	3	0.00	0.00	0.27	0.70	0.00
3	7	0.00	0.05	0.61	0.69	0.00
Core	CPU	C1%	C3%	C6%	C8%	C9%
-	-	0.00	0.01	0.64	0.51	0.00
0	0	0.00	0.00	0.76	0.59	0.00
0	4	0.00	0.00	0.46	0.40	0.00
1	1	0.00	0.01	0.79	0.10	0.00
1	5	0.00	0.03	0.65	0.01	0.00
2	2	0.00	0.00	0.69	0.79	0.00
2	6	0.00	0.00	0.57	0.59	0.00
3	3	0.00	0.00	0.34	0.92	0.00
3	7	0.00	0.01	0.83	0.69	0.00
Core	CPU	C1%	C3%	C6%	C8%	C9%
-	-	0.00	0.03	0.51	4.25	0.00
0	0	0.00	0.00	0.37	0.69	0.00
0	4	0.00	0.00	0.24	0.49	0.00
1	1	0.00	0.00	0.44	0.70	0.00
1	5	0.00	0.00	0.40	0.89	0.00
2	2	0.01	0.24	1.35	28.45	0.00
2	6	0.00	0.00	0.33	0.99	0.00
3	3	0.00	0.00	0.32	0.88	0.00
3	7	0.00	0.02	0.59	0.89	0.00
Core	CPU	C1%	C3%	C6%	C8%	C9%
-	-	0.00	0.00	0.61	0.72	0.00
0	0	0.00	0.00	0.13	0.40	0.00
0	4	0.00	0.00	0.18	0.50	0.00
1	1	0.00	0.00	0.28	0.89	0.00
1	5	0.00	0.01	0.88	0.70	0.00
2	2	0.00	0.00	1.02	0.78	0.00
2	6	0.00	0.01	0.89	0.30	0.00
3	3	0.00	0.00	0.47	1.30	0.00
3	7	0.00	0.00	1.07	0.89	0.00
Core	CPU	C1%	C3%	C6%	C8%	C9%
-	-	0.00	0.01	0.50	0.80	0.00
0	0	0.00	0.00	0.10	0.40	0.00
0	4	0.00	0.00	0.27	0.89	0.00
1	1	0.00	0.00	0.25	1.08	0.00
1	5	0.00	0.00	0.52	0.60	0.00
2	2	0.00	0.00	0.68	0.99	0.00
2	6	0.00	0.04	0.36	0.91	0.00
3	3	0.00	0.00	0.74	0.68	0.00
3	7	0.00	0.03	1.10	0.89	0.00
Core	CPU	C1%	C3%	C6%	C8%	C9%
-	-	0.00	0.10	0.34	0.83	0.16
0	0	0.00	0.00	0.37	1.10	0.00
0	4	0.00	0.00	0.27	1.00	0.00
1	1	0.00	0.00	0.62	1.11	0.00
1	5	0.00	0.00	0.32	1.50	0.00
2	2	0.00	0.00	0.03	0.50	0.00
2	6	0.00	0.77	0.03	0.09	1.30
3	3	0.00	0.01	0.60	0.37	0.00
3	7	0.00	0.05	0.48	1.00	0.00
Core	CPU	C1%	C3%	C6%	C8%	C9%
-	-	0.00	0.00	0.50	1.27	0.00
0	0	0.00	0.00	0.14	0.49	0.00
0	4	0.00	0.02	0.20	0.69	0.00
1	1	0.00	0.00	0.29	1.29	0.00
1	5	0.00	0.00	0.36	1.19	0.00
2	2	0.00	0.00	0.95	2.00	0.00
2	6	0.00	0.00	0.72	1.60	0.00
3	3	0.00	0.00	0.48	1.78	0.00
3	7	0.00	0.00	0.87	1.09	0.00
Core	CPU	C1%	C3%	C6%	C8%	C9%
-	-	0.00	0.00	0.46	1.01	0.00
0	0	0.00	0.00	0.27	0.90	0.00
0	4	0.00	0.00	0.36	0.81	0.00
1	1	0.00	0.00	0.51	1.00	0.00
1	5	0.00	0.00	0.91	1.40	0.00
2	2	0.00	0.00	0.18	0.91	0.00
2	6	0.00	0.00	0.27	0.80	0.00
3	3	0.00	0.00	0.52	1.03	0.00
3	7	0.00	0.00	0.64	1.20	0.00
Core	CPU	C1%	C3%	C6%	C8%	C9%
-	-	0.00	0.00	0.44	0.91	0.00
0	0	0.00	0.00	0.21	0.50	0.00
0	4	0.00	0.00	0.31	0.81	0.00
1	1	0.00	0.00	0.80	0.80	0.00
1	5	0.00	0.00	0.39	0.99	0.00
2	2	0.00	0.00	0.27	0.99	0.00
2	6	0.00	0.00	0.67	1.00	0.00
3	3	0.00	0.00	0.31	0.88	0.00
3	7	0.00	0.00	0.58	1.30	0.00
Core	CPU	C1%	C3%	C6%	C8%	C9%
-	-	0.00	0.00	0.52	0.67	0.00
0	0	0.00	0.00	0.23	0.40	0.00
0	4	0.00	0.00	0.10	0.40	0.00
1	1	0.00	0.00	0.35	0.89	0.00
1	5	0.00	0.00	0.36	0.79	0.00
2	2	0.00	0.00	0.82	0.40	0.00
2	6	0.00	0.01	1.16	0.69	0.00
3	3	0.00	0.00	0.38	1.09	0.00
3	7	0.00	0.00	0.78	0.70	0.00
Core	CPU	C1%	C3%	C6%	C8%	C9%
-	-	0.00	0.01	0.52	0.85	0.00
0	0	0.00	0.00	0.19	0.69	0.00
0	4	0.00	0.00	0.55	0.99	0.00
1	1	0.00	0.00	0.34	1.09	0.00
1	5	0.00	0.00	0.32	1.18	0.00
2	2	0.00	0.00	0.66	0.90	0.00
2	6	0.00	0.00	1.14	0.69	0.00
3	3	0.00	0.00	0.45	0.63	0.00
3	7	0.00	0.04	0.49	0.60	0.00
Core	CPU	C1%	C3%	C6%	C8%	C9%
-	-	0.00	0.15	0.48	0.77	0.00
0	0	0.00	0.00	0.36	0.98	0.00
0	4	0.00	0.00	0.34	1.08	0.00
1	1	0.00	0.02	0.26	0.40	0.00
1	5	0.00	0.00	1.16	0.89	0.00
2	2	0.00	0.00	0.27	1.00	0.00
2	6	0.00	1.09	0.15	0.10	0.00
3	3	0.00	0.03	0.19	1.32	0.00
3	7	0.00	0.02	1.09	0.39	0.00
Core	CPU	C1%	C3%	C6%	C8%	C9%
-	-	0.00	0.00	0.34	1.06	0.00
0	0	0.00	0.00	0.34	1.09	0.00
0	4	0.00	0.00	0.14	0.99	0.00
1	1	0.00	0.00	0.10	0.99	0.00
1	5	0.00	0.00	0.49	0.79	0.00
2	2	0.00	0.00	0.27	0.89	0.00
2	6	0.00	0.00	0.43	1.38	0.00
3	3	0.00	0.00	0.32	0.86	0.00
3	7	0.00	0.00	0.64	1.50	0.00
Core	CPU	C1%	C3%	C6%	C8%	C9%
-	-	0.00	0.00	0.38	0.88	0.00
0	0	0.00	0.00	0.35	0.68	0.00
0	4	0.00	0.00	0.22	0.49	0.00
1	1	0.00	0.00	0.34	0.90	0.00
1	5	0.00	0.00	0.27	0.90	0.00
2	2	0.00	0.00	0.35	1.09	0.00
2	6	0.00	0.00	0.33	1.38	0.00
3	3	0.00	0.00	0.27	1.01	0.00
3	7	0.00	0.00	0.89	0.60	0.00
Core	CPU	C1%	C3%	C6%	C8%	C9%
-	-	0.00	0.01	0.38	0.69	0.00
0	0	0.00	0.02	0.19	0.31	0.00
0	4	0.00	0.00	0.37	0.81	0.00
1	1	0.00	0.01	0.44	0.71	0.00
1	5	0.00	0.00	0.32	0.90	0.00
2	2	0.00	0.01	0.28	0.81	0.00
2	6	0.00	0.00	0.45	0.80	0.00
3	3	0.00	0.00	0.43	0.66	0.00
3	7	0.00	0.05	0.57	0.51	0.00
Core	CPU	C1%	C3%	C6%	C8%	C9%
-	-	0.00	0.00	0.73	0.74	0.00
0	0	0.00	0.00	0.36	0.69	0.00
0	4	0.00	0.00	0.82	0.79	0.00
1	1	0.00	0.00	0.75	0.11	0.00
1	5	0.00	0.00	0.84	0.90	0.00
2	2	0.00	0.00	0.95	0.39	0.00
2	6	0.00	0.00	0.83	0.79	0.00
3	3	0.00	0.02	0.19	1.36	0.00
3	7	0.00	0.00	1.10	0.89	0.00
Core	CPU	C1%	C3%	C6%	C8%	C9%
-	-	0.00	0.00	0.47	0.70	0.00
0	0	0.00	0.00	0.00	0.59	0.00
0	4	0.00	0.01	0.47	0.40	0.00
1	1	0.00	0.00	0.28	0.89	0.00
1	5	0.00	0.02	0.56	0.90	0.00
2	2	0.00	0.00	0.73	0.49	0.00
2	6	0.00	0.00	0.67	0.69	0.00
3	3	0.00	0.00	0.39	0.81	0.00
3	7	0.00	0.00	0.67	0.80	0.00
Core	CPU	C1%	C3%	C6%	C8%	C9%
-	-	0.00	0.09	0.36	0.77	0.00
0	0	0.00	0.00	0.48	0.79	0.00
0	4	0.00	0.00	0.56	0.59	0.00
1	1	0.00	0.00	0.24	1.08	0.00
1	5	0.00	0.03	0.49	0.59	0.00
2	2	0.00	0.00	0.10	0.99	0.00
2	6	0.00	0.69	0.16	0.00	0.00
3	3	0.00	0.00	0.62	1.22	0.00
3	7	0.00	0.03	0.24	0.88	0.00
Core	CPU	C1%	C3%	C6%	C8%	C9%
-	-	0.00	0.00	0.43	0.62	0.00
0	0	0.00	0.00	0.46	0.49	0.00
0	4	0.00	0.00	0.25	0.30	0.00
1	1	0.00	0.02	0.33	0.30	0.00
1	5	0.00	0.00	0.20	0.30	0.00
2	2	0.00	0.00	0.37	0.79	0.00
2	6	0.00	0.00	0.43	0.98	0.00
3	3	0.00	0.00	0.31	0.89	0.00
3	7	0.00	0.00	1.10	0.89	0.00
Core	CPU	C1%	C3%	C6%	C8%	C9%
-	-	0.00	0.01	0.38	0.86	0.00
0	0	0.00	0.02	0.20	0.30	0.00
0	4	0.00	0.00	0.10	0.79	0.00
1	1	0.00	0.00	0.36	1.08	0.00
1	5	0.00	0.00	0.81	1.08	0.00
2	2	0.00	0.02	0.29	0.89	0.00
2	6	0.00	0.00	0.29	0.79	0.00
3	3	0.00	0.00	0.45	1.12	0.00
3	7	0.00	0.02	0.52	0.80	0.00
Core	CPU	C1%	C3%	C6%	C8%	C9%
-	-	0.00	0.00	0.44	0.83	0.00
0	0	0.00	0.00	0.37	0.59	0.00
0	4	0.00	0.00	0.53	0.89	0.00
1	1	0.00	0.00	0.28	0.60	0.00
1	5	0.00	0.00	0.49	0.59	0.00
2	2	0.00	0.00	0.37	1.09	0.00
2	6	0.00	0.00	0.45	0.99	0.00
3	3	0.00	0.00	0.32	0.86	0.00
3	7	0.00	0.02	0.69	0.99	0.00
Core	CPU	C1%	C3%	C6%	C8%	C9%
-	-	0.00	0.00	0.37	1.01	0.00
0	0	0.00	0.00	0.14	0.60	0.00
0	4	0.00	0.00	0.12	0.40	0.00
1	1	0.00	0.00	0.18	0.89	0.00
1	5	0.00	0.00	0.45	1.40	0.00
2	2	0.00	0.00	0.52	1.41	0.00
2	6	0.00	0.00	0.40	1.40	0.00
3	3	0.00	0.00	0.37	1.30	0.00
3	7	0.00	0.02	0.76	0.71	0.00
Core	CPU	C1%	C3%	C6%	C8%	C9%
-	-	0.00	0.01	0.63	1.00	0.00
0	0	0.00	0.01	0.30	0.41	0.00
0	4	0.00	0.00	0.20	0.98	0.00
1	1	0.00	0.00	0.36	0.79	0.00
1	5	0.00	0.00	0.58	1.19	0.00
2	2	0.00	0.03	1.04	1.61	0.00
2	6	0.00	0.00	0.72	1.49	0.00
3	3	0.00	0.00	0.46	1.21	0.00
3	7	0.00	0.05	1.35	0.31	0.00
Core	CPU	C1%	C3%	C6%	C8%	C9%
-	-	0.00	0.22	0.37	0.77	0.00
0	0	0.00	0.00	0.37	0.79	0.00
0	4	0.00	0.00	0.25	0.79	0.00
1	1	0.00	0.00	0.15	0.70	0.00
1	5	0.00	0.00	0.56	0.60	0.00
2	2	0.00	0.00	0.27	0.99	0.00
2	6	0.00	1.78	0.05	0.00	0.00
3	3	0.00	0.00	0.80	1.24	0.00
3	7	0.00	0.00	0.51	1.09	0.00
Core	CPU	C1%	C3%	C6%	C8%	C9%
-	-	0.00	0.04	0.47	3.54	0.00
0	0	0.00	0.00	0.15	0.39	0.00
0	4	0.00	0.00	0.32	0.70	0.00
1	1	0.00	0.02	0.49	1.57	0.00
1	5	0.00	0.00	0.57	0.89	0.00
2	2	0.02	0.21	1.01	22.11	0.00
2	6	0.00	0.04	0.27	1.19	0.00
3	3	0.00	0.00	0.38	0.60	0.00
3	7	0.00	0.02	0.55	0.90	0.00
Core	CPU	C1%	C3%	C6%	C8%	C9%
-	-	0.00	0.01	0.45	1.43	0.00
0	0	0.00	0.00	0.00	0.49	0.00
0	4	0.00	0.04	0.55	0.70	0.00
1	1	0.00	0.02	0.45	1.00	0.00
1	5	0.00	0.00	0.33	1.39	0.00
2	2	0.00	0.01	0.92	5.85	0.00
2	6	0.00	0.02	0.46	0.56	0.00
3	3	0.00	0.00	0.56	0.63	0.00
3	7	0.00	0.00	0.34	0.79	0.00
Core	CPU	C1%	C3%	C6%	C8%	C9%
-	-	0.00	0.02	0.57	0.73	0.00
0	0	0.00	0.00	0.47	0.40	0.00
0	4	0.00	0.09	0.81	0.90	0.00
1	1	0.00	0.00	0.29	0.59	0.00
1	5	0.00	0.00	0.10	1.08	0.00
2	2	0.00	0.00	0.87	0.78	0.00
2	6	0.00	0.00	0.83	0.49	0.00
3	3	0.00	0.10	0.22	0.87	0.00
3	7	0.00	0.00	0.98	0.69	0.00
Core	CPU	C1%	C3%	C6%	C8%	C9%
-	-	0.00	0.00	0.46	0.80	0.00
0	0	0.00	0.00	0.22	0.40	0.00
0	4	0.00	0.01	1.01	0.28	0.00
1	1	0.00	0.00	0.27	0.89	0.00
1	5	0.01	0.00	0.85	0.98	0.00
2	2	0.00	0.00	0.42	0.70	0.00
2	6	0.00	0.00	0.19	0.99	0.00
3	3	0.00	0.00	0.38	1.17	0.00
3	7	0.00	0.00	0.35	0.99	0.00
Core	CPU	C1%	C3%	C6%	C8%	C9%
-	-	0.00	0.01	0.38	0.79	0.00
0	0	0.00	0.00	0.10	0.40	0.00
0	4	0.00	0.00	1.19	0.89	0.00
1	1	0.00	0.00	0.36	0.79	0.00
1	5	0.00	0.00	0.33	0.79	0.00
2	2	0.00	0.02	0.30	0.79	0.00
2	6	0.00	0.02	0.27	1.30	0.00
3	3	0.00	0.00	0.28	0.91	0.00
3	7	0.00	0.00	0.25	0.49	0.00
Core	CPU	C1%	C3%	C6%	C8%	C9%
-	-	0.00	0.09	0.54	0.64	0.00
0	0	0.00	0.00	0.37	1.09	0.00
0	4	0.00	0.04	0.73	0.89	0.00
1	1	0.00	0.00	0.92	0.50	0.00
1	5	0.00	0.01	0.89	0.40	0.00
2	2	0.00	0.00	0.18	0.89	0.00
2	6	0.00	0.69	0.16	0.00	0.00
3	3	0.00	0.00	0.31	0.66	0.00
3	7	0.00	0.00	0.75	0.69	0.00
Core	CPU	C1%	C3%	C6%	C8%	C9%
-	-	0.00	0.00	0.32	0.86	0.00
0	0	0.00	0.00	0.15	0.49	0.00
0	4	0.00	0.01	0.48	0.68	0.00
1	1	0.00	0.00	0.20	0.90	0.00
1	5	0.00	0.00	0.28	1.09	0.00
2	2	0.00	0.00	0.54	0.89	0.00
2	6	0.00	0.00	0.31	0.99	0.00
3	3	0.00	0.00	0.19	1.10	0.00
3	7	0.00	0.00	0.37	0.79	0.00
Core	CPU	C1%	C3%	C6%	C8%	C9%
-	-	0.00	0.01	0.56	0.91	0.00
0	0	0.00	0.00	0.10	0.40	0.00
0	4	0.00	0.04	1.05	0.50	0.00
1	1	0.00	0.00	0.36	1.08	0.00
1	5	0.00	0.00	1.35	1.38	0.00
2	2	0.00	0.00	0.20	0.89	0.00
2	6	0.00	0.00	0.39	0.79	0.00
3	3	0.00	0.00	0.36	1.51	0.00
3	7	0.00	0.00	0.72	0.69	0.00
Core	CPU	C1%	C3%	C6%	C8%	C9%
-	-	0.00	0.01	0.41	0.87	0.00
0	0	0.00	0.00	0.26	0.70	0.00
0	4	0.00	0.00	0.76	0.71	0.00
1	1	0.00	0.00	0.28	0.41	0.00
1	5	0.00	0.03	0.27	0.51	0.00
2	2	0.00	0.02	0.36	1.11	0.00
2	6	0.00	0.00	0.70	1.01	0.00
3	3	0.00	0.00	0.30	0.99	0.00
3	7	0.00	0.00	0.37	1.50	0.00
Core	CPU	C1%	C3%	C6%	C8%	C9%
-	-	0.00	0.00	0.53	0.58	0.00
0	0	0.00	0.00	0.53	0.00	0.00
0	4	0.00	0.02	0.90	0.10	0.00
1	1	0.00	0.00	0.28	0.89	0.00
1	5	0.00	0.00	0.16	0.99	0.00
2	2	0.00	0.00	0.83	0.39	0.00
2	6	0.00	0.01	0.79	0.49	0.00
3	3	0.00	0.00	0.47	1.00	0.00
3	7	0.00	0.00	0.26	0.79	0.00
Core	CPU	C1%	C3%	C6%	C8%	C9%
-	-	0.00	0.01	0.35	0.79	0.00
0	0	0.00	0.00	0.40	0.20	0.00
0	4	0.00	0.03	0.64	0.99	0.00
1	1	0.00	0.00	0.35	0.99	0.00
1	5	0.00	0.00	0.13	0.98	0.00
2	2	0.00	0.00	0.38	0.99	0.00
2	6	0.00	0.00	0.27	0.88	0.00
3	3	0.00	0.00	0.45	0.64	0.00
3	7	0.00	0.03	0.16	0.69	0.00
Core	CPU	C1%	C3%	C6%	C8%	C9%
-	-	0.00	0.20	0.44	0.72	0.00
0	0	0.00	0.00	0.26	0.98	0.00
0	4	0.00	0.00	0.96	0.09	0.00
1	1	0.00	0.02	0.16	0.70	0.00
1	5	0.00	0.01	0.70	0.98	0.00
2	2	0.00	0.00	0.37	0.89	0.00
2	6	0.00	1.57	0.05	0.00	0.00
3	3	0.00	0.02	0.19	1.36	0.00
3	7	0.00	0.00	0.79	0.79	0.00
Core	CPU	C1%	C3%	C6%	C8%	C9%
-	-	0.00	0.01	0.60	0.72	0.00
0	0	0.00	0.00	0.23	0.89	0.00
0	4	0.00	0.00	0.64	0.70	0.00
1	1	0.00	0.02	0.39	0.89	0.00
1	5	0.00	0.00	0.56	0.60	0.00
2	2	0.00	0.00	0.83	0.79	0.00
2	6	0.00	0.03	1.28	0.51	0.00
3	3	0.00	0.00	0.39	0.81	0.00
3	7	0.00	0.00	0.45	0.59	0.00
Core	CPU	C1%	C3%	C6%	C8%	C9%
-	-	0.00	0.01	0.48	0.99	0.00
0	0	0.00	0.00	0.19	0.98	0.00
0	4	0.00	0.01	0.95	1.18	0.00
1	1	0.00	0.01	0.50	1.20	0.00
1	5	0.00	0.02	0.29	1.19	0.00
2	2	0.00	0.04	0.46	0.78	0.00
2	6	0.00	0.00	0.56	1.19	0.00
3	3	0.00	0.00	0.24	0.73	0.00
3	7	0.00	0.03	0.67	0.69	0.00
Core	CPU	C1%	C3%	C6%	C8%	C9%
-	-	0.00	0.01	0.58	0.64	0.00
0	0	0.00	0.00	0.74	0.69	0.00
0	4	0.00	0.04	0.81	0.29	0.00
1	1	0.00	0.00	0.88	0.59	0.00
1	5	0.00	0.00	0.29	1.09	0.00
2	2	0.00	0.00	0.86	0.40	0.00
2	6	0.00	0.00	0.42	0.50	0.00
3	3	0.00	0.02	0.29	0.89	0.00
3	7	0.00	0.00	0.38	0.69	0.00
Core	CPU	C1%	C3%	C6%	C8%	C9%
-	-	0.00	0.01	0.46	0.82	0.00
0	0	0.00	0.02	0.41	0.30	0.00
0	4	0.00	0.02	0.49	0.60	0.00
1	1	0.00	0.00	0.36	0.99	0.00
1	5	0.00	0.01	0.66	0.90	0.00
2	2	0.00	0.02	0.29	0.80	0.00
2	6	0.00	0.00	0.56	1.10	0.00
3	3	0.00	0.00	0.55	1.21	0.00
3	7	0.00	0.00	0.35	0.70	0.00
Core	CPU	C1%	C3%	C6%	C8%	C9%
-	-	0.00	0.00	0.59	0.89	0.00
0	0	0.00	0.00	0.18	0.98	0.00
0	4	0.00	0.00	1.37	0.90	0.00
1	1	0.00	0.00	0.93	0.79	0.00
1	5	0.00	0.01	1.09	0.79	0.00
2	2	0.00	0.00	0.29	1.09	0.00
2	6	0.00	0.00	0.44	1.08	0.00
3	3	0.00	0.00	0.24	0.57	0.00
3	7	0.00	0.00	0.19	0.90	0.00
Core	CPU	C1%	C3%	C6%	C8%	C9%
-	-	0.00	0.17	0.26	0.81	0.00
0	0	0.00	0.00	0.24	0.88	0.00
0	4	0.00	0.02	0.63	1.07	0.00
1	1	0.00	0.00	0.10	0.79	0.00
1	5	0.00	0.00	0.28	0.88	0.00
2	2	0.00	0.00	0.25	0.99	0.00
2	6	0.00	1.38	0.14	0.02	0.00
3	3	0.00	0.00	0.19	1.00	0.00
3	7	0.00	0.00	0.28	0.88	0.00
Core	CPU	C1%	C3%	C6%	C8%	C9%
-	-	0.00	0.00	0.52	0.92	0.00
0	0	0.00	0.00	0.20	0.39	0.00
0	4	0.00	0.00	1.22	0.89	0.00
1	1	0.00	0.00	0.45	0.69	0.00
1	5	0.00	0.00	0.76	1.98	0.00
2	2	0.00	0.00	0.29	0.89	0.00
2	6	0.00	0.00	0.56	0.59	0.00
3	3	0.00	0.00	0.34	1.04	0.00
3	7	0.00	0.00	0.33	0.91	0.00
Core	CPU	C1%	C3%	C6%	C8%	C9%
-	-	0.00	0.00	0.53	0.93	0.00
0	0	0.00	0.00	0.44	1.00	0.00
0	4	0.00	0.01	0.64	0.41	0.00
1	1	0.00	0.00	0.47	1.50	0.00
1	5	0.00	0.01	0.99	0.79	0.00
2	2	0.00	0.00	0.53	0.81	0.00
2	6	0.00	0.00	0.22	0.90	0.00
3	3	0.00	0.00	0.28	1.28	0.00
3	7	0.00	0.00	0.67	0.79	0.00
Core	CPU	C1%	C3%	C6%	C8%	C9%
-	-	0.00	0.01	0.43	0.79	0.00
0	0	0.00	0.02	0.24	0.40	0.00
0	4	0.00	0.02	0.88	0.49	0.00
1	1	0.00	0.00	0.41	1.10	0.00
1	5	0.00	0.00	0.44	0.69	0.00
2	2	0.00	0.02	0.51	1.10	0.00
2	6	0.00	0.00	0.37	0.80	0.00
3	3	0.00	0.00	0.36	0.73	0.00
3	7	0.00	0.00	0.23	0.99	0.00
Core	CPU	C1%	C3%	C6%	C8%	C9%
-	-	0.00	0.00	0.40	0.87	0.00
0	0	0.00	0.00	0.26	0.70	0.00
0	4	0.00	0.01	0.53	0.52	0.00
1	1	0.00	0.00	0.30	0.81	0.00
1	5	0.00	0.00	0.18	0.70	0.00
2	2	0.00	0.00	0.63	1.50	0.00
2	6	0.00	0.00	0.44	0.70	0.00
3	3	0.00	0.00	0.40	0.89	0.00
3	7	0.00	0.00	0.45	1.12	0.00
Core	CPU	C1%	C3%	C6%	C8%	C9%
-	-	0.00	0.01	0.33	0.79	0.00
0	0	0.00	0.00	0.14	0.40	0.00
0	4	0.00	0.06	0.47	0.41	0.00
1	1	0.00	0.00	0.18	0.99	0.00
1	5	0.00	0.00	0.44	0.90	0.00
2	2	0.00	0.00	0.32	0.91	0.00
2	6	0.00	0.02	0.36	1.10	0.00
3	3	0.00	0.00	0.38	0.81	0.00
3	7	0.00	0.00	0.35	0.79	0.00
Core	CPU	C1%	C3%	C6%	C8%	C9%
-	-	0.00	0.09	0.63	4.22	0.34
0	0	0.00	0.00	0.00	0.49	0.00
0	4	0.00	0.00	0.59	0.98	0.00
1	1	0.00	0.00	0.27	1.08	0.00
1	5	0.00	0.00	0.95	0.69	0.00
2	2	0.02	0.05	1.38	28.66	0.00
2	6	0.00	0.69	0.16	0.00	2.72
3	3	0.00	0.00	0.84	1.11	0.00
3	7	0.00	0.00	0.82	0.79	0.00
Core	CPU	C1%	C3%	C6%	C8%	C9%
-	-	0.00	0.00	0.44	0.62	0.00
0	0	0.00	0.00	0.31	0.30	0.00
0	4	0.00	0.00	0.47	0.60	0.00
1	1	0.00	0.00	0.42	0.70	0.00
1	5	0.00	0.00	0.60	0.29	0.00
2	2	0.00	0.00	0.87	0.39	0.00
2	6	0.00	0.00	0.34	0.89	0.00
3	3	0.00	0.00	0.33	0.87	0.00
3	7	0.00	0.00	0.20	0.89	0.00
Core	CPU	C1%	C3%	C6%	C8%	C9%
-	-	0.00	0.01	0.38	1.14	0.00
0	0	0.00	0.00	0.14	0.40	0.00
0	4	0.00	0.04	0.33	0.70	0.00
1	1	0.00	0.00	0.66	2.12	0.00
1	5	0.00	0.00	0.42	1.39	0.00
2	2	0.00	0.00	0.42	1.40	0.00
2	6	0.00	0.00	0.31	0.81	0.00
3	3	0.00	0.00	0.37	1.31	0.00
3	7	0.00	0.00	0.44	1.01	0.00
Core	CPU	C1%	C3%	C6%	C8%	C9%
-	-	0.00	0.01	0.54	0.65	0.00
0	0	0.00	0.01	0.29	0.30	0.00
0	4	0.00	0.04	1.05	0.98	0.00
1	1	0.00	0.00	0.55	0.79	0.00
1	5	0.00	0.00	0.27	0.69	0.00
2	2	0.00	0.00	0.19	0.89	0.00
2	6	0.00	0.00	0.56	0.69	0.00
3	3	0.00	0.00	0.74	0.74	0.00
3	7	0.00	0.01	0.69	0.09	0.00
Core	CPU	C1%	C3%	C6%	C8%	C9%
-	-	0.00	0.01	0.53	0.96	0.00
0	0	0.00	0.00	0.15	0.39	0.00
0	4	0.00	0.05	0.95	0.08	0.00
1	1	0.00	0.00	0.28	0.89	0.00
1	5	0.00	0.00	1.13	1.19	0.00
2	2	0.00	0.00	0.60	1.48	0.00
2	6	0.00	0.00	0.22	0.99	0.00
3	3	0.00	0.00	0.39	1.58	0.00
3	7	0.00	0.00	0.50	1.09	0.00
Core	CPU	C1%	C3%	C6%	C8%	C9%
-	-	0.00	0.00	0.39	0.76	0.00
0	0	0.00	0.00	0.10	0.40	0.00
0	4	0.00	0.01	1.09	0.99	0.00
1	1	0.00	0.00	0.45	0.89	0.00
1	5	0.00	0.00	0.24	0.89	0.00
2	2	0.00	0.01	0.39	0.70	0.00
2	6	0.00	0.00	0.37	0.89	0.00
3	3	0.00	0.00	0.36	0.74	0.00
3	7	0.00	0.00	0.13	0.59	0.00
Core	CPU	C1%	C3%	C6%	C8%	C9%
-	-	0.00	0.20	0.30	0.74	0.00
0	0	0.00	0.00	0.37	0.69	0.00
0	4	0.00	0.01	0.40	0.68	0.00
1	1	0.00	0.02	0.18	0.79	0.00
1	5	0.00	0.00	0.10	0.99	0.00
2	2	0.00	0.00	0.27	0.99	0.00
2	6	0.00	1.58	0.05	0.00	0.00
3	3	0.00	0.00	0.22	0.96	0.00
3	7	0.00	0.00	0.79	0.79	0.00
Core	CPU	C1%	C3%	C6%	C8%	C9%
-	-	0.00	0.00	0.38	0.76	0.00
0	0	0.00	0.00	0.14	0.40	0.00
0	4	0.00	0.03	0.97	0.47	0.00
1	1	0.00	0.00	0.48	0.79	0.00
1	5	0.00	0.00	0.27	0.88	0.00
2	2	0.00	0.00	0.24	1.09	0.00
2	6	0.00	0.00	0.20	0.98	0.00
3	3	0.00	0.00	0.39	0.80	0.00
3	7	0.00	0.00	0.36	0.69	0.00
Core	CPU	C1%	C3%	C6%	C8%	C9%
-	-	0.00	0.00	0.56	0.87	0.00
0	0	0.00	0.00	0.18	0.40	0.00
0	4	0.00	0.02	0.93	0.81	0.00
1	1	0.00	0.00	0.43	0.71	0.00
1	5	0.00	0.00	1.22	1.10	0.00
2	2	0.00	0.00	0.45	0.91	0.00
2	6	0.00	0.00	0.37	1.10	0.00
3	3	0.00	0.00	0.53	1.33	0.00
3	7	0.00	0.00	0.40	0.61	0.00
Core	CPU	C1%	C3%	C6%	C8%	C9%
-	-	0.00	0.00	0.42	0.79	0.00
0	0	0.00	0.00	0.86	0.59	0.00
0	4	0.00	0.01	0.66	0.19	0.00
1	1	0.00	0.00	0.22	0.89	0.00
1	5	0.00	0.00	0.29	1.19	0.00
2	2	0.00	0.00	0.28	0.89	0.00
2	6	0.00	0.00	0.53	0.79	0.00
3	3	0.00	0.00	0.32	0.87	0.00
3	7	0.00	0.00	0.19	0.89	0.00
Core	CPU	C1%	C3%	C6%	C8%	C9%
-	-	0.07	0.00	0.50	0.60	0.00
0	0	0.00	0.00	0.23	0.50	0.00
0	4	0.00	0.03	0.84	0.11	0.00
1	1	0.00	0.00	0.28	0.89	0.00
1	5	0.00	0.00	0.36	0.79	0.00
2	2	0.54	0.00	0.83	0.49	0.00
2	6	0.00	0.01	0.79	0.40	0.00
3	3	0.00	0.00	0.39	0.79	0.00
3	7	0.00	0.00	0.26	0.79	0.00
Core	CPU	C1%	C3%	C6%	C8%	C9%
-	-	0.00	0.00	0.38	0.76	0.00
0	0	0.00	0.00	0.10	0.40	0.00
0	4	0.00	0.02	0.68	0.89	0.00
1	1	0.00	0.00	0.36	0.99	0.00
1	5	0.00	0.00	0.24	1.18	0.00
2	2	0.00	0.01	0.29	0.80	0.00
2	6	0.00	0.00	0.67	0.49	0.00
3	3	0.00	0.00	0.47	0.63	0.00
3	7	0.00	0.00	0.20	0.69	0.00
Core	CPU	C1%	C3%	C6%	C8%	C9%
-	-	0.08	0.21	0.50	0.96	0.00
0	0	0.00	0.00	0.37	0.88	0.00
0	4	0.00	0.05	0.61	1.08	0.00
1	1	0.68	0.01	0.50	0.78	0.00
1	5	0.00	0.00	1.56	1.19	0.00
2	2	0.00	0.04	0.34	0.89	0.00
2	6	0.00	1.58	0.15	0.00	0.00
3	3	0.00	0.00	0.22	1.74	0.00
3	7	0.00	0.00	0.20	1.09	0.00
Core	CPU	C1%	C3%	C6%	C8%	C9%
-	-	0.00	0.00	0.52	0.63	0.00
0	0	0.00	0.00	0.15	0.39	0.00
0	4	0.00	0.03	0.91	0.09	0.00
1	1	0.00	0.00	1.01	0.39	0.00
1	5	0.00	0.00	0.28	1.18	0.00
2	2	0.00	0.00	0.84	0.50	0.00
2	6	0.00	0.00	0.31	0.89	0.00
3	3	0.00	0.00	0.29	0.90	0.00
3	7	0.00	0.00	0.37	0.69	0.00
Core	CPU	C1%	C3%	C6%	C8%	C9%
-	-	0.00	0.00	0.31	0.86	0.00
0	0	0.00	0.00	0.10	0.40	0.00
0	4	0.00	0.00	0.51	1.58	0.00
1	1	0.00	0.00	0.51	0.69	0.00
1	5	0.00	0.00	0.14	0.99	0.00
2	2	0.00	0.00	0.20	0.90	0.00
2	6	0.00	0.00	0.19	0.89	0.00
3	3	0.00	0.00	0.56	0.54	0.00
3	7	0.00	0.00	0.24	0.89	0.00
Core	CPU	C1%	C3%	C6%	C8%	C9%
-	-	0.00	0.00	0.60	0.85	0.00
0	0	0.00	0.00	0.47	0.39	0.00
0	4	0.00	0.01	0.84	0.50	0.00
1	1	0.00	0.02	0.39	1.18	0.00
1	5	0.00	0.00	0.53	1.29	0.00
2	2	0.00	0.00	0.65	1.09	0.00
2	6	0.03	0.00	1.06	0.81	0.00
3	3	0.00	0.00	0.51	0.78	0.00
3	7	0.00	0.00	0.38	0.79	0.00
Core	CPU	C1%	C3%	C6%	C8%	C9%
-	-	0.00	0.00	0.59	0.92	0.00
0	0	0.00	0.00	0.52	0.10	0.00
0	4	0.00	0.02	0.40	0.70	0.00
1	1	0.00	0.00	0.27	0.89	0.00
1	5	0.00	0.00	1.49	1.58	0.00
2	2	0.00	0.00	0.71	0.99	0.00
2	6	0.00	0.00	0.60	0.68	0.00
3	3	0.00	0.00	0.47	1.59	0.00
3	7	0.00	0.00	0.26	0.79	0.00
Core	CPU	C1%	C3%	C6%	C8%	C9%
-	-	0.09	0.01	0.54	0.78	0.00
0	0	0.00	0.00	0.10	0.39	0.00
0	4	0.00	0.03	1.25	1.10	0.00
1	1	0.00	0.00	0.25	0.89	0.00
1	5	0.00	0.00	0.54	1.10	0.00
2	2	0.00	0.00	0.29	0.80	0.00
2	6	0.00	0.01	0.42	1.10	0.00
3	3	0.00	0.00	0.74	0.25	0.00
3	7	0.71	0.02	0.78	0.59	0.00
Core	CPU	C1%	C3%	C6%	C8%	C9%
-	-	0.00	0.18	0.32	0.64	0.00
0	0	0.00	0.00	0.35	0.69	0.00
0	4	0.00	0.05	0.39	0.89	0.00
1	1	0.00	0.00	0.00	0.50	0.00
1	5	0.00	0.00	0.28	0.89	0.00
2	2	0.00	0.00	0.36	0.89	0.00
2	6	0.00	1.38	0.16	0.00	0.00
3	3	0.00	0.01	0.59	0.58	0.00
3	7	0.00	0.00	0.38	0.69	0.00
Core	CPU	C1%	C3%	C6%	C8%	C9%
-	-	0.00	0.01	0.70	0.82	0.00
0	0	0.00	0.00	0.32	0.30	0.00
0	4	0.00	0.05	1.20	1.08	0.00
1	1	0.00	0.00	0.77	0.89	0.00
1	5	0.00	0.00	0.45	0.79	0.00
2	2	0.00	0.00	1.01	0.79	0.00
2	6	0.00	0.00	1.00	0.69	0.00
3	3	0.00	0.00	0.38	1.21	0.00
3	7	0.00	0.00	0.50	0.79	0.00
Core	CPU	C1%	C3%	C6%	C8%	C9%
-	-	0.00	0.01	0.43	0.92	0.00
0	0	0.00	0.00	0.28	0.89	0.00
0	4	0.00	0.02	1.16	0.89	0.00
1	1	0.00	0.04	0.19	0.89	0.00
1	5	0.00	0.03	0.64	0.99	0.00
2	2	0.00	0.00	0.38	0.89	0.00
2	6	0.00	0.00	0.27	0.79	0.00
3	3	0.00	0.00	0.33	1.03	0.00
3	7	0.00	0.03	0.17	0.99	0.00
Core	CPU	C1%	C3%	C6%	C8%	C9%
-	-	0.09	0.01	0.63	0.76	0.00
0	0	0.00	0.00	0.70	0.49	0.00
0	4	0.00	0.02	0.98	0.51	0.00
1	1	0.00	0.01	0.39	0.99	0.00
1	5	0.00	0.00	0.48	0.98	0.00
2	2	0.00	0.00	0.36	0.88	0.00
2	6	0.00	0.00	0.91	0.79	0.00
3	3	0.00	0.01	0.39	0.78	0.00
3	7	0.71	0.00	0.87	0.69	0.00
Core	CPU	C1%	C3%	C6%	C8%	C9%
-	-	0.00	0.02	0.55	3.94	0.00
0	0	0.00	0.02	0.40	0.00	0.00
0	4	0.00	0.04	0.66	0.88	0.00
1	1	0.00	0.00	0.29	0.89	0.00
1	5	0.00	0.00	0.25	1.09	0.00
2	2	0.02	0.09	1.59	25.85	0.00
2	6	0.00	0.00	0.29	1.20	0.00
3	3	0.00	0.00	0.38	0.79	0.00
3	7	0.00	0.00	0.55	0.79	0.00
Core	CPU	C1%	C3%	C6%	C8%	C9%
-	-	0.00	0.00	0.45	1.11	0.00
0	0	0.00	0.00	0.20	0.69	0.00
0	4	0.00	0.02	0.68	0.99	0.00
1	1	0.00	0.00	0.25	0.89	0.00
1	5	0.00	0.00	0.23	1.09	0.00
2	2	0.00	0.00	0.78	1.92	0.00
2	6	0.00	0.00	0.51	1.57	0.00
3	3	0.00	0.00	0.55	0.92	0.00
3	7	0.00	0.00	0.41	0.79	0.00
Core	CPU	C1%	C3%	C6%	C8%	C9%
-	-	0.00	0.22	0.38	0.75	0.00
0	0	0.00	0.00	0.07	0.49	0.00
0	4	0.00	0.05	0.41	0.59	0.00
1	1	0.00	0.02	0.59	0.99	0.00
1	5	0.00	0.01	0.61	0.89	0.00
2	2	0.00	0.00	0.27	0.89	0.00
2	6	0.00	1.68	0.05	0.00	0.00
3	3	0.00	0.00	0.22	1.34	0.00
3	7	0.00	0.00	0.78	0.79	0.00
Core	CPU	C1%	C3%	C6%	C8%	C9%
-	-	0.00	0.01	0.40	0.69	0.00
0	0	0.00	0.00	0.24	0.30	0.00
0	4	0.00	0.04	0.99	0.00	0.00
1	1	0.00	0.00	0.24	0.89	0.00
1	5	0.00	0.00	0.57	0.79	0.00
2	2	0.00	0.00	0.35	0.89	0.00
2	6	0.00	0.00	0.22	0.99	0.00
3	3	0.00	0.00	0.29	0.90	0.00
3	7	0.00	0.00	0.28	0.79	0.00
Core	CPU	C1%	C3%	C6%	C8%	C9%
-	-	0.00	0.01	0.42	0.73	0.00
0	0	0.00	0.01	0.30	0.30	0.00
0	4	0.00	0.03	1.27	0.30	0.00
1	1	0.00	0.00	0.36	1.08	0.00
1	5	0.00	0.00	0.24	1.08	0.00
2	2	0.00	0.01	0.29	0.89	0.00
2	6	0.00	0.00	0.20	0.88	0.00
3	3	0.00	0.00	0.46	0.62	0.00
3	7	0.00	0.00	0.27	0.69	0.00
Core	CPU	C1%	C3%	C6%	C8%	C9%
-	-	0.00	0.01	0.39	0.81	0.00
0	0	0.00	0.00	0.27	0.69	0.00
0	4	0.00	0.01	0.76	0.79	0.00
1	1	0.00	0.00	0.22	0.88	0.00
1	5	0.00	0.00	0.26	0.80	0.00
2	2	0.00	0.00	0.27	0.90	0.00
2	6	0.00	0.00	0.80	0.61	0.00
3	3	0.00	0.03	0.28	0.97	0.00
3	7	0.00	0.00	0.28	0.80	0.00
Core	CPU	C1%	C3%	C6%	C8%	C9%
-	-	0.00	0.00	0.76	0.75	0.00
0	0	0.00	0.00	0.53	0.00	0.00
0	4	0.00	0.00	1.07	0.79	0.00
1	1	0.00	0.00	0.28	0.99	0.00
1	5	0.00	0.00	1.63	0.98	0.00
2	2	0.00	0.00	0.83	0.79	0.00
2	6	0.00	0.03	0.99	0.29	0.00
3	3	0.00	0.00	0.39	1.45	0.00
3	7	0.00	0.00	0.36	0.69	0.00
Core	CPU	C1%	C3%	C6%	C8%	C9%
-	-	0.00	0.01	0.47	0.72	0.00
0	0	0.00	0.00	0.24	0.60	0.00
0	4	0.00	0.00	0.19	0.99	0.00
1	1	0.00	0.00	0.36	0.89	0.00
1	5	0.00	0.02	0.45	0.69	0.00
2	2	0.00	0.00	0.42	0.70	0.00
2	6	0.00	0.00	0.97	0.39	0.00
3	3	0.00	0.00	0.29	0.91	0.00
3	7	0.00	0.04	0.83	0.60	0.00
Core	CPU	C1%	C3%	C6%	C8%	C9%
-	-	0.00	0.19	0.37	0.95	0.00
0	0	0.00	0.00	0.29	1.18	0.00
0	4	0.00	0.00	0.37	0.98	0.00
1	1	0.00	0.00	0.24	1.18	0.00
1	5	0.00	0.03	0.27	1.58	0.00
2	2	0.00	0.00	0.10	1.09	0.00
2	6	0.00	1.48	0.16	0.00	0.00
3	3	0.00	0.00	0.44	0.73	0.00
3	7	0.00	0.00	1.14	0.88	0.00
Core	CPU	C1%	C3%	C6%	C8%	C9%
-	-	0.00	0.01	0.34	0.85	0.00
0	0	0.00	0.00	0.36	0.69	0.00
0	4	0.00	0.00	0.15	0.59	0.00
1	1	0.00	0.02	0.29	0.99	0.00
1	5	0.00	0.00	0.13	0.98	0.00
2	2	0.00	0.00	0.46	0.99	0.00
2	6	0.00	0.00	0.43	0.79	0.00
3	3	0.00	0.00	0.41	0.77	0.00
3	7	0.00	0.04	0.47	0.99	0.00
Core	CPU	C1%	C3%	C6%	C8%	C9%
-	-	0.00	0.01	0.52	0.85	0.00
0	0	0.00	0.00	0.63	0.00	0.00
0	4	0.00	0.01	0.84	0.10	0.00
1	1	0.00	0.00	0.29	1.18	0.00
1	5	0.00	0.00	0.89	1.08	0.00
2	2	0.00	0.00	0.24	1.28	0.00
2	6	0.00	0.02	0.20	0.99	0.00
3	3	0.00	0.00	0.29	1.39	0.00
3	7	0.00	0.02	0.76	0.79	0.00
Core	CPU	C1%	C3%	C6%	C8%	C9%
-	-	0.00	0.00	0.45	0.79	0.00
0	0	0.00	0.00	0.30	0.20	0.00
0	4	0.00	0.00	0.28	0.89	0.00
1	1	0.00	0.00	0.45	0.89	0.00
1	5	0.00	0.00	0.53	0.59	0.00
2	2	0.00	0.00	0.10	0.99	0.00
2	6	0.00	0.00	0.46	1.09	0.00
3	3	0.00	0.00	0.36	0.74	0.00
3	7	0.00	0.03	1.11	0.89	0.00
Core	CPU	C1%	C3%	C6%	C8%	C9%
-	-	0.00	0.00	0.39	0.89	0.00
0	0	0.00	0.00	0.45	1.00	0.00
0	4	0.00	0.00	0.22	0.50	0.00
1	1	0.00	0.02	0.28	0.80	0.00
1	5	0.00	0.00	0.44	1.30	0.00
2	2	0.00	0.00	0.45	0.90	0.00
2	6	0.00	0.00	0.44	0.70	0.00
3	3	0.00	0.00	0.30	0.87	0.00
3	7	0.00	0.02	0.49	1.00	0.00
Core	CPU	C1%	C3%	C6%	C8%	C9%
-	-	0.00	0.01	0.48	1.02	0.00
0	0	0.00	0.00	0.71	0.69	0.00
0	4	0.00	0.02	0.10	0.49	0.00
1	1	0.00	0.01	0.29	1.19	0.00
1	5	0.00	0.00	0.68	2.17	0.00
2	2	0.00	0.03	0.41	1.19	0.00
2	6	0.00	0.00	0.31	1.18	0.00
3	3	0.00	0.00	0.29	0.70	0.00
3	7	0.00	0.00	1.08	0.50	0.00
Core	CPU	C1%	C3%	C6%	C8%	C9%
-	-	0.00	0.09	0.53	0.66	0.00
0	0	0.00	0.00	0.10	0.40	0.00
0	4	0.00	0.00	0.66	0.89	0.00
1	1	0.00	0.00	0.94	0.78	0.00
1	5	0.00	0.03	0.85	1.08	0.00
2	2	0.00	0.00	0.70	0.40	0.00
2	6	0.00	0.69	0.15	0.00	0.00
3	3	0.00	0.00	0.46	1.02	0.00
3	7	0.00	0.04	0.42	0.69	0.00
Core	CPU	C1%	C3%	C6%	C8%	C9%
-	-	0.00	0.00	0.51	1.00	0.00
0	0	0.00	0.00	0.31	0.40	0.00
0	4	0.00	0.00	0.35	0.70	0.00
1	1	0.00	0.00	0.42	0.80	0.00
1	5	0.00	0.00	0.58	0.90	0.00
2	2	0.00	0.00	0.58	1.89	0.00
2	6	0.00	0.00	0.71	1.59	0.00
3	3	0.00	0.00	0.51	0.77	0.00
3	7	0.00	0.02	0.59	0.99	0.00
Core	CPU	C1%	C3%	C6%	C8%	C9%
-	-	0.00	0.01	0.51	0.76	0.00
0	0	0.00	0.00	0.53	0.00	0.00
0	4	0.00	0.01	0.63	0.00	0.00
1	1	0.00	0.00	0.28	1.09	0.00
1	5	0.00	0.00	0.36	0.89	0.00
2	2	0.00	0.00	0.41	1.50	0.00
2	6	0.00	0.02	0.19	1.19	0.00
3	3	0.00	0.00	0.47	1.00	0.00
3	7	0.00	0.01	1.18	0.41	0.00
Core	CPU	C1%	C3%	C6%	C8%	C9%
-	-	0.00	0.00	0.47	1.19	0.00
0	0	0.00	0.00	0.59	0.49	0.00
0	4	0.00	0.00	0.48	1.09	0.00
1	1	0.00	0.00	0.84	1.28	0.00
1	5	0.00	0.00	0.24	1.47	0.00
2	2	0.00	0.00	0.20	1.29	0.00
2	6	0.00	0.00	0.47	1.27	0.00
3	3	0.00	0.00	0.36	1.12	0.00
3	7	0.00	0.03	0.63	1.48	0.00
Core	CPU	C1%	C3%	C6%	C8%	C9%
-	-	0.00	0.02	0.44	0.84	0.00
0	0	0.00	0.00	0.26	0.70	0.00
0	4	0.00	0.00	0.24	0.31	0.00
1	1	0.00	0.10	0.21	0.42	0.00
1	5	0.00	0.01	0.51	0.81	0.00
2	2	0.00	0.00	0.54	1.11	0.00
2	6	0.00	0.00	0.53	1.30	0.00
3	3	0.00	0.00	0.50	0.87	0.00
3	7	0.00	0.02	0.75	1.22	0.00
Core	CPU	C1%	C3%	C6%	C8%	C9%
-	-	0.09	0.00	0.63	0.74	0.00
0	0	0.00	0.00	0.84	0.59	0.00
0	4	0.00	0.00	0.03	0.49	0.00
1	1	0.00	0.00	0.64	0.69	0.00
1	5	0.00	0.00	0.85	0.77	0.00
2	2	0.00	0.00	0.35	0.89	0.00
2	6	0.00	0.00	0.90	0.79	0.00
3	3	0.00	0.00	0.39	0.79	0.00
3	7	0.71	0.02	1.06	0.90	0.00
Core	CPU	C1%	C3%	C6%	C8%	C9%
-	-	0.00	0.19	0.39	0.68	0.00
0	0	0.00	0.01	0.30	0.20	0.00
0	4	0.00	0.00	0.19	0.99	0.00
1	1	0.00	0.00	0.36	0.98	0.00
1	5	0.00	0.00	0.25	0.98	0.00
2	2	0.00	0.02	0.79	0.80	0.00
2	6	0.00	1.48	0.11	0.05	0.00
3	3	0.00	0.00	0.37	0.81	0.00
3	7	0.00	0.01	0.74	0.59	0.00
Core	CPU	C1%	C3%	C6%	C8%	C9%
-	-	0.00	0.01	0.59	0.86	0.00
0	0	0.00	0.00	0.28	0.99	0.00
0	4	0.00	0.00	0.45	0.79	0.00
1	1	0.00	0.00	1.02	0.79	0.00
1	5	0.00	0.01	0.89	0.79	0.00
2	2	0.00	0.00	0.38	1.09	0.00
2	6	0.00	0.00	0.83	0.89	0.00
3	3	0.00	0.00	0.32	0.66	0.00
3	7	0.00	0.04	0.58	0.89	0.00
Core	CPU	C1%	C3%	C6%	C8%	C9%
-	-	0.00	0.01	0.42	0.89	0.00
0	0	0.00	0.00	0.23	0.70	0.00
0	4	0.00	0.00	0.26	0.60	0.00
1	1	0.00	0.00	0.29	0.71	0.00
1	5	0.00	0.02	0.98	1.19	0.00
2	2	0.00	0.00	0.44	0.70	0.00
2	6	0.00	0.00	0.31	1.00	0.00
3	3	0.00	0.00	0.18	1.38	0.00
3	7	0.00	0.04	0.65	0.80	0.00
Core	CPU	C1%	C3%	C6%	C8%	C9%
-	-	0.00	0.04	0.67	4.42	0.00
0	0	0.00	0.02	0.23	0.50	0.00
0	4	0.00	0.00	0.52	0.10	0.00
1	1	0.00	0.00	0.31	1.08	0.00
1	5	0.00	0.03	0.68	1.68	0.00
2	2	0.02	0.27	1.07	28.92	0.00
2	6	0.00	0.00	1.01	1.09	0.00
3	3	0.00	0.00	0.38	0.71	0.00
3	7	0.00	0.00	1.12	1.26	0.00
Core	CPU	C1%	C3%	C6%	C8%	C9%
-	-	0.00	0.00	0.74	0.62	0.00
0	0	0.00	0.00	0.28	0.89	0.00
0	4	0.00	0.00	0.53	0.50	0.00
1	1	0.00	0.00	0.82	0.79	0.00
1	5	0.00	0.01	0.69	0.20	0.00
2	2	0.00	0.00	0.97	0.40	0.00
2	6	0.00	0.00	0.65	0.80	0.00
3	3	0.00	0.00	0.73	0.46	0.00
3	7	0.00	0.00	1.21	0.89	0.00
Core	CPU	C1%	C3%	C6%	C8%	C9%
-	-	0.00	0.01	0.37	0.91	0.00
0	0	0.00	0.00	0.15	0.50	0.00
0	4	0.00	0.00	0.22	0.30	0.00
1	1	0.00	0.00	0.27	1.30	0.00
1	5	0.00	0.00	0.45	0.91	0.00
2	2	0.00	0.00	0.33	0.91	0.00
2	6	0.00	0.02	0.48	1.20	0.00
3	3	0.00	0.00	0.27	1.21	0.00
3	7	0.00	0.04	0.81	0.92	0.00
Core	CPU	C1%	C3%	C6%	C8%	C9%
-	-	0.00	0.22	0.41	1.13	0.00
0	0	0.00	0.00	0.10	0.99	0.00
0	4	0.00	0.00	0.77	1.28	0.00
1	1	0.00	0.00	0.35	1.18	0.00
1	5	0.00	0.00	0.76	1.38	0.00
2	2	0.00	0.00	0.37	1.39	0.00
2	6	0.00	1.78	0.15	0.00	0.00
3	3	0.00	0.00	0.26	1.60	0.00
3	7	0.00	0.01	0.55	1.26	0.00
Core	CPU	C1%	C3%	C6%	C8%	C9%
-	-	0.00	0.00	0.63	0.79	0.00
0	0	0.00	0.00	0.32	0.40	0.00
0	4	0.00	0.00	0.27	0.40	0.00
1	1	0.00	0.00	0.37	0.49	0.00
1	5	0.00	0.00	0.63	0.00	0.00
2	2	0.00	0.00	0.99	1.69	0.00
2	6	0.00	0.00	0.52	1.09	0.00
3	3	0.00	0.00	0.41	1.17	0.00
3	7	0.00	0.01	1.51	1.09	0.00
Core	CPU	C1%	C3%	C6%	C8%	C9%
-	-	0.00	0.01	0.55	0.73	0.00
0	0	0.00	0.00	0.32	0.30	0.00
0	4	0.00	0.00	0.55	0.50	0.00
1	1	0.00	0.00	0.28	1.09	0.00
1	5	0.00	0.00	0.45	1.00	0.00
2	2	0.00	0.00	0.82	0.79	0.00
2	6	0.00	0.01	0.79	0.40	0.00
3	3	0.00	0.00	0.47	1.09	0.00
3	7	0.00	0.04	0.75	0.69	0.00
Core	CPU	C1%	C3%	C6%	C8%	C9%
-	-	0.00	0.01	0.36	0.89	0.00
0	0	0.00	0.00	0.09	0.50	0.00
0	4	0.00	0.00	0.35	1.30	0.00
1	1	0.00	0.00	0.33	0.91	0.00
1	5	0.00	0.00	0.31	0.81	0.00
2	2	0.00	0.00	0.37	0.72	0.00
2	6	0.00	0.00	0.44	0.90	0.00
3	3	0.00	0.00	0.43	1.15	0.00
3	7	0.00	0.04	0.59	0.86	0.00
Core	CPU	C1%	C3%	C6%	C8%	C9%
-	-	0.00	0.01	0.51	0.81	0.00
0	0	0.00	0.00	0.95	0.79	0.00
0	4	0.00	0.00	0.42	1.19	0.00
1	1	0.00	0.00	0.00	0.49	0.00
1	5	0.00	0.03	0.70	1.28	0.00
2	2	0.00	0.00	0.36	0.89	0.00
2	6	0.00	0.00	0.42	0.41	0.00
3	3	0.00	0.02	0.19	1.37	0.00
3	7	0.00	0.00	1.08	0.11	0.00
Core	CPU	C1%	C3%	C6%	C8%	C9%
-	-	0.00	0.01	0.64	0.66	0.00
0	0	0.00	0.00	0.53	0.00	0.00
0	4	0.00	0.02	0.00	0.50	0.00
1	1	0.00	0.00	0.96	0.79	0.00
1	5	0.00	0.00	0.41	1.09	0.00
2	2	0.00	0.00	1.00	0.60	0.00
2	6	0.00	0.01	1.18	0.70	0.00
3	3	0.00	0.00	0.39	0.81	0.00
3	7	0.00	0.05	0.62	0.79	0.00
Core	CPU	C1%	C3%	C6%	C8%	C9%
-	-	0.00	0.10	0.43	0.77	0.00
0	0	0.00	0.00	0.28	0.89	0.00
0	4	0.00	0.00	0.36	0.89	0.00
1	1	0.00	0.00	0.24	1.08	0.00
1	5	0.00	0.02	0.20	1.18	0.00
2	2	0.00	0.00	0.87	0.70	0.00
2	6	0.01	0.69	0.16	0.00	0.00
3	3	0.00	0.00	0.24	0.73	0.00
3	7	0.00	0.06	1.06	0.69	0.00
Core	CPU	C1%	C3%	C6%	C8%	C9%
-	-	0.00	0.01	0.50	0.89	0.00
0	0	0.00	0.00	0.46	0.49	0.00
0	4	0.00	0.00	0.14	0.40	0.00
1	1	0.00	0.02	1.33	1.29	0.00
1	5	0.00	0.02	0.20	0.79	0.00
2	2	0.00	0.00	0.36	0.99	0.00
2	6	0.00	0.00	0.53	0.69	0.00
3	3	0.00	0.00	0.42	1.54	0.00
3	7	0.00	0.02	0.59	0.89	0.00
Core	CPU	C1%	C3%	C6%	C8%	C9%
-	-	0.00	0.00	0.62	0.86	0.00
0	0	0.00	0.00	0.14	0.40	0.00
0	4	0.00	0.02	0.10	0.59	0.00
1	1	0.00	0.00	0.59	0.10	0.00
1	5	0.00	0.00	1.60	1.49	0.00
2	2	0.00	0.00	0.35	0.98	0.00
2	6	0.00	0.00	0.97	0.99	0.00
3	3	0.00	0.00	0.19	1.36	0.00
3	7	0.00	0.02	0.99	0.98	0.00
Core	CPU	C1%	C3%	C6%	C8%	C9%
-	-	0.00	0.01	0.56	0.72	0.00
0	0	0.00	0.00	0.29	0.40	0.00
0	4	0.00	0.00	0.10	0.40	0.00
1	1	0.00	0.01	0.28	0.89	0.00
1	5	0.00	0.00	0.46	0.69	0.00
2	2	0.00	0.01	0.92	0.79	0.00
2	6	0.00	0.02	1.07	0.78	0.00
3	3	0.00	0.00	0.29	0.91	0.00
3	7	0.00	0.00	1.07	0.90	0.00
Core	CPU	C1%	C3%	C6%	C8%	C9%
-	-	0.00	0.00	0.47	0.71	0.00
0	0	0.00	0.00	0.10	0.39	0.00
0	4	0.00	0.00	0.46	0.89	0.00
1	1	0.00	0.00	0.84	0.40	0.00
1	5	0.00	0.00	0.22	1.29	0.00
2	2	0.00	0.00	0.89	0.39	0.00
2	6	0.00	0.00	0.28	1.08	0.00
3	3	0.00	0.00	0.45	0.63	0.00
3	7	0.00	0.01	0.54	0.59	0.00
Core	CPU	C1%	C3%	C6%	C8%	C9%
-	-	0.00	0.00	0.36	0.97	0.00
0	0	0.00	0.00	0.36	0.89	0.00
0	4	0.00	0.00	0.34	0.99	0.00
1	1	0.00	0.02	0.48	1.01	0.00
1	5	0.00	0.00	0.19	0.90	0.00
2	2	0.00	0.00	0.27	1.09	0.00
2	6	0.00	0.00	0.52	0.69	0.00
3	3	0.00	0.00	0.32	0.87	0.00
3	7	0.00	0.01	0.40	1.29	0.00
Core	CPU	C1%	C3%	C6%	C8%	C9%
-	-	0.00	0.13	0.57	0.85	0.26
0	0	0.00	0.00	0.13	0.40	0.00
0	4	0.00	0.00	0.58	0.60	0.00
1	1	0.00	0.00	0.28	0.89	0.00
1	5	0.00	0.00	1.21	1.59	0.00
2	2	0.00	0.00	0.83	0.79	0.00
2	6	0.00	0.99	0.24	0.10	2.09
3	3	0.00	0.00	0.57	1.77	0.00
3	7	0.00	0.03	0.76	0.67	0.00
Core	CPU	C1%	C3%	C6%	C8%	C9%
-	-	0.00	0.01	0.50	0.72	0.00
0	0	0.00	0.00	0.43	0.50	0.00
0	4	0.00	0.00	0.38	0.79	0.00
1	1	0.00	0.00	0.26	0.89	0.00
1	5	0.00	0.00	0.15	1.09	0.00
2	2	0.00	0.02	0.56	0.91	0.00
2	6	0.00	0.00	0.87	0.79	0.00
3	3	0.00	0.00	0.37	0.72	0.00
3	7	0.00	0.05	1.01	0.11	0.00
Core	CPU	C1%	C3%	C6%	C8%	C9%
-	-	0.00	0.00	0.42	0.87	0.00
0	0	0.00	0.00	0.34	0.69	0.00
0	4	0.00	0.00	0.62	0.40	0.00
1	1	0.00	0.00	0.22	0.89	0.00
1	5	0.00	0.00	0.09	0.71	0.00
2	2	0.00	0.00	0.55	1.69	0.00
2	6	0.00	0.00	0.45	0.70	0.00
3	3	0.00	0.00	0.41	0.87	0.00
3	7	0.00	0.01	0.68	1.01	0.00
Core	CPU	C1%	C3%	C6%	C8%	C9%
-	-	0.00	0.02	0.67	1.16	0.00
0	0	0.00	0.00	0.23	0.47	0.00
0	4	0.00	0.12	0.67	1.97	0.00
1	1	0.00	0.00	0.18	1.00	0.00
1	5	0.00	0.00	0.35	0.90	0.00
2	2	0.00	0.00	0.23	1.10	0.00
2	6	0.00	0.00	1.23	1.01	0.00
3	3	0.00	0.00	0.56	1.01	0.00
3	7	0.00	0.01	1.89	1.80	0.00
Core	CPU	C1%	C3%	C6%	C8%	C9%
-	-	0.00	0.00	0.57	1.07	0.00
0	0	0.00	0.00	0.10	1.18	0.00
0	4	0.00	0.00	0.76	0.79	0.00
1	1	0.00	0.00	0.35	0.88	0.00
1	5	0.00	0.01	1.30	1.61	0.00
2	2	0.00	0.01	0.30	0.89	0.00
2	6	0.00	0.00	0.59	0.49	0.00
3	3	0.00	0.00	0.37	0.81	0.00
3	7	0.00	0.01	0.81	1.96	0.00
Core	CPU	C1%	C3%	C6%	C8%	C9%
-	-	0.01	0.01	0.91	1.43	0.00
0	0	0.07	0.00	0.28	0.88	0.00
0	4	0.00	0.00	0.36	0.89	0.00
1	1	0.00	0.00	0.82	0.60	0.00
1	5	0.00	0.03	2.42	3.60	0.00
2	2	0.00	0.00	0.66	1.68	0.00
2	6	0.00	0.00	0.65	0.99	0.00
3	3	0.00	0.00	0.52	1.68	0.00
3	7	0.00	0.01	1.59	1.09	0.00
Core	CPU	C1%	C3%	C6%	C8%	C9%
-	-	0.00	0.19	0.37	0.78	0.00
0	0	0.00	0.00	0.14	0.78	0.00
0	4	0.00	0.02	0.10	0.59	0.00
1	1	0.00	0.00	0.78	0.69	0.00
1	5	0.00	0.03	0.64	0.88	0.00
2	2	0.00	0.00	0.15	0.99	0.00
2	6	0.00	1.48	0.47	0.62	0.00
3	3	0.00	0.00	0.39	0.81	0.00
3	7	0.00	0.01	0.28	0.89	0.00
Core	CPU	C1%	C3%	C6%	C8%	C9%
-	-	0.00	0.04	0.79	4.20	0.11
0	0	0.00	0.02	0.77	0.39	0.00
0	4	0.00	0.00	0.28	0.89	0.00
1	1	0.00	0.00	0.38	0.98	0.00
1	5	0.00	0.10	1.03	0.49	0.00
2	2	0.02	0.21	1.14	28.65	0.00
2	6	0.00	0.00	0.77	0.80	0.00
3	3	0.00	0.02	0.91	0.66	0.92
3	7	0.00	0.00	1.05	0.70	0.00
Core	CPU	C1%	C3%	C6%	C8%	C9%
-	-	0.02	0.01	0.78	0.95	0.00
0	0	0.05	0.00	0.73	0.10	0.00
0	4	0.00	0.00	0.21	1.18	0.00
1	1	0.00	0.00	0.58	0.99	0.00
1	5	0.00	0.02	1.67	0.99	0.00
2	2	0.00	0.00	0.85	0.49	0.00
2	6	0.00	0.01	0.78	1.23	0.00
3	3	0.08	0.02	0.91	1.30	0.00
3	7	0.00	0.00	0.52	1.29	0.00
Core	CPU	C1%	C3%	C6%	C8%	C9%
-	-	0.09	0.00	0.91	1.38	0.00
0	0	0.00	0.00	0.63	0.88	0.00
0	4	0.00	0.00	0.38	1.39	0.00
1	1	0.00	0.00	0.55	1.99	0.00
1	5	0.00	0.01	1.15	1.69	0.00
2	2	0.00	0.00	1.20	1.10	0.00
2	6	0.00	0.01	1.28	1.01	0.00
3	3	0.00	0.00	1.16	1.21	0.00
3	7	0.71	0.00	0.91	1.79	0.00
Core	CPU	C1%	C3%	C6%	C8%	C9%
-	-	0.00	0.01	0.48	1.05	0.00
0	0	0.00	0.00	0.10	0.40	0.00
0	4	0.00	0.00	0.28	0.89	0.00
1	1	0.00	0.05	1.12	2.32	0.00
1	5	0.00	0.01	0.63	0.89	0.00
2	2	0.00	0.00	0.20	1.18	0.00
2	6	0.00	0.00	0.28	0.98	0.00
3	3	0.00	0.00	0.45	0.64	0.00
3	7	0.00	0.03	0.78	1.09	0.00
Core	CPU	C1%	C3%	C6%	C8%	C9%
-	-	0.03	0.01	0.60	1.32	0.00
0	0	0.17	0.00	0.75	1.08	0.00
0	4	0.00	0.00	0.14	1.37	0.00
1	1	0.00	0.01	0.55	0.89	0.00
1	5	0.10	0.03	1.14	1.60	0.00
2	2	0.00	0.00	0.36	0.79	0.00
2	6	0.00	0.00	0.67	1.33	0.00
3	3	0.00	0.01	0.57	1.62	0.00
3	7	0.00	0.00	0.65	1.89	0.00
Core	CPU	C1%	C3%	C6%	C8%	C9%
-	-	0.00	0.01	0.63	1.15	0.00
0	0	0.00	0.00	0.73	0.70	0.00
0	4	0.00	0.02	0.19	1.49	0.00
1	1	0.00	0.00	0.65	0.00	0.00
1	5	0.00	0.02	1.52	0.10	0.00
2	2	0.00	0.00	0.38	2.00	0.00
2	6	0.00	0.00	0.47	1.51	0.00
3	3	0.00	0.00	0.46	1.80	0.00
3	7	0.00	0.00	0.64	1.60	0.00
Core	CPU	C1%	C3%	C6%	C8%	C9%
-	-	0.00	0.19	0.57	0.91	0.00
0	0	0.00	0.00	0.54	0.70	0.00
0	4	0.00	0.00	0.28	0.89	0.00
1	1	0.00	0.01	0.62	1.59	0.00
1	5	0.00	0.04	1.26	1.19	0.00
2	2	0.00	0.01	0.59	1.00	0.00
2	6	0.00	1.48	0.34	0.54	0.00
3	3	0.00	0.00	0.86	0.72	0.00
3	7	0.00	0.00	0.04	0.69	0.00
Core	CPU	C1%	C3%	C6%	C8%	C9%
-	-	0.00	0.00	0.75	0.81	0.13
0	0	0.00	0.00	0.27	0.70	0.00
0	4	0.00	0.00	0.16	0.40	0.00
1	1	0.00	0.00	0.13	0.80	1.00
1	5	0.00	0.00	0.75	0.59	0.00
2	2	0.00	0.00	0.37	0.80	0.00
2	6	0.00	0.00	0.82	0.61	0.00
3	3	0.00	0.00	1.62	1.05	0.00
3	7	0.00	0.00	1.85	1.58	0.00
Core	CPU	C1%	C3%	C6%	C8%	C9%
-	-	0.00	0.00	0.47	0.91	0.25
0	0	0.00	0.00	0.24	0.49	0.00
0	4	0.00	0.00	0.14	0.59	0.00
1	1	0.00	0.01	0.43	0.61	1.00
1	5	0.00	0.01	1.57	0.90	1.01
2	2	0.00	0.00	0.37	0.89	0.00
2	6	0.00	0.00	0.42	1.10	0.00
3	3	0.00	0.00	0.41	1.58	0.00
3	7	0.00	0.00	0.19	1.09	0.00
Core	CPU	C1%	C3%	C6%	C8%	C9%
-	-	0.03	0.01	0.65	0.95	0.01
0	0	0.17	0.00	0.82	0.20	0.00
0	4	0.00	0.00	0.19	0.99	0.00
1	1	0.00	0.00	0.31	0.89	0.06
1	5	0.00	0.04	1.74	0.96	0.00
2	2	0.00	0.00	0.22	0.99	0.00
2	6	0.03	0.00	1.03	1.09	0.00
3	3	0.00	0.00	0.47	1.75	0.00
3	7	0.00	0.00	0.42	0.69	0.00
Core	CPU	C1%	C3%	C6%	C8%	C9%
-	-	0.00	0.00	0.59	1.16	0.00
0	0	0.00	0.00	0.40	0.49	0.00
0	4	0.00	0.00	0.46	1.20	0.00
1	1	0.00	0.00	0.49	1.50	0.00
1	5	0.00	0.00	0.95	1.00	0.00
2	2	0.00	0.00	0.59	1.70	0.00
2	6	0.00	0.00	0.65	1.50	0.00
3	3	0.00	0.00	0.77	0.90	0.00
3	7	0.00	0.00	0.45	0.99	0.00
Core	CPU	C1%	C3%	C6%	C8%	C9%
-	-	0.00	0.01	0.48	1.11	0.00
0	0	0.00	0.00	0.20	0.30	0.00
0	4	0.00	0.00	0.27	1.27	0.00
1	1	0.00	0.00	0.43	1.39	0.00
1	5	0.00	0.05	1.39	0.60	0.00
2	2	0.00	0.00	0.29	1.39	0.00
2	6	0.00	0.00	0.53	1.59	0.00
3	3	0.00	0.00	0.53	1.20	0.00
3	7	0.00	0.00	0.23	1.18	0.00
Core	CPU	C1%	C3%	C6%	C8%	C9%
-	-	0.00	0.20	0.34	0.70	0.00
0	0	0.00	0.00	0.55	0.39	0.00
0	4	0.00	0.00	0.24	0.69	0.00
1	1	0.00	0.00	0.12	0.99	0.00
1	5	0.00	0.02	0.29	0.80	0.00
2	2	0.00	0.00	0.45	0.99	0.00
2	6	0.00	1.58	0.05	0.00	0.00
3	3	0.00	0.00	0.82	0.79	0.00
3	7	0.00	0.00	0.20	0.98	0.00
Core	CPU	C1%	C3%	C6%	C8%	C9%
-	-	0.00	0.02	0.80	1.14	0.00
0	0	0.00	0.00	0.50	0.50	0.00
0	4	0.00	0.00	0.20	2.17	0.00
1	1	0.00	0.01	0.37	1.09	0.00
1	5	0.00	0.08	1.34	0.99	0.00
2	2	0.00	0.04	2.01	1.60	0.00
2	6	0.00	0.01	0.98	0.50	0.00
3	3	0.00	0.00	0.38	1.08	0.00
3	7	0.00	0.00	0.63	1.20	0.00
Core	CPU	C1%	C3%	C6%	C8%	C9%
-	-	0.00	0.01	0.41	0.86	0.00
0	0	0.00	0.00	0.16	0.79	0.00
0	4	0.00	0.00	0.18	0.99	0.00
1	1	0.00	0.00	0.95	0.50	0.00
1	5	0.00	0.05	0.81	0.70	0.00
2	2	0.00	0.02	0.29	0.90	0.00
2	6	0.00	0.00	0.25	1.09	0.00
3	3	0.00	0.00	0.28	0.89	0.00
3	7	0.00	0.00	0.32	0.99	0.00
Core	CPU	C1%	C3%	C6%	C8%	C9%
-	-	0.00	0.00	0.57	0.80	0.00
0	0	0.00	0.00	0.47	0.49	0.00
0	4	0.00	0.00	0.16	0.50	0.00
1	1	0.00	0.00	0.32	0.89	0.00
1	5	0.00	0.00	1.25	0.80	0.00
2	2	0.00	0.00	0.28	0.98	0.00
2	6	0.00	0.00	0.49	0.99	0.00
3	3	0.00	0.00	0.70	0.89	0.00
3	7	0.00	0.00	0.85	0.90	0.00
Core	CPU	C1%	C3%	C6%	C8%	C9%
-	-	0.03	0.01	0.70	1.01	0.00
0	0	0.16	0.00	0.48	1.42	0.00
0	4	0.00	0.02	0.20	0.70	0.00
1	1	0.07	0.00	1.09	1.29	0.00
1	5	0.00	0.01	1.05	1.09	0.00
2	2	0.00	0.00	1.03	0.40	0.00
2	6	0.00	0.02	1.17	0.89	0.00
3	3	0.00	0.00	0.29	1.09	0.00
3	7	0.00	0.00	0.34	1.19	0.00
Core	CPU	C1%	C3%	C6%	C8%	C9%
-	-	0.00	0.01	0.60	0.98	0.13
0	0	0.00	0.00	0.58	0.60	0.00
0	4	0.00	0.00	0.26	1.40	0.00
1	1	0.00	0.00	0.34	1.09	1.01
1	5	0.00	0.12	1.77	1.06	0.00
2	2	0.00	0.00	0.68	1.10	0.00
2	6	0.00	0.00	0.68	0.50	0.00
3	3	0.00	0.00	0.36	0.88	0.00
3	7	0.00	0.00	0.15	1.18	0.00
Core	CPU	C1%	C3%	C6%	C8%	C9%
-	-	0.00	0.08	0.49	0.68	0.02
0	0	0.00	0.00	0.28	0.89	0.00
0	4	0.00	0.00	0.26	0.89	0.00
1	1	0.00	0.00	0.14	1.08	0.00
1	5	0.00	0.05	0.97	0.70	0.00
2	2	0.00	0.00	0.39	1.00	0.00
2	6	0.01	0.59	0.16	0.00	0.14
3	3	0.00	0.00	0.94	0.39	0.00
3	7	0.00	0.02	0.79	0.49	0.00
Core	CPU	C1%	C3%	C6%	C8%	C9%
-	-	0.00	0.00	0.52	0.86	0.07
0	0	0.00	0.00	0.53	0.79	0.00
0	4	0.00	0.00	0.23	0.69	0.00
1	1	0.00	0.00	0.29	0.80	0.00
1	5	0.00	0.00	1.19	0.70	0.55
2	2	0.00	0.00	0.36	0.99	0.00
2	6	0.00	0.00	0.44	0.79	0.00
3	3	0.00	0.01	0.58	0.99	0.00
3	7	0.00	0.00	0.54	1.10	0.00
Core	CPU	C1%	C3%	C6%	C8%	C9%
-	-	0.00	0.00	0.38	1.04	0.00
0	0	0.00	0.00	0.28	0.70	0.00
0	4	0.00	0.00	0.19	0.90	0.00
1	1	0.00	0.00	0.28	1.18	0.00
1	5	0.00	0.02	1.24	1.08	0.00
2	2	0.00	0.00	0.23	1.09	0.00
2	6	0.00	0.00	0.27	1.19	0.00
3	3	0.00	0.00	0.38	1.08	0.00
3	7	0.00	0.00	0.20	1.09	0.00
Core	CPU	C1%	C3%	C6%	C8%	C9%
-	-	0.00	0.01	0.55	1.03	0.00
0	0	0.00	0.00	0.28	0.89	0.00
0	4	0.00	0.00	0.25	1.28	0.00
1	1	0.00	0.00	0.72	0.49	0.00
1	5	0.00	0.09	1.88	0.60	0.00
2	2	0.00	0.00	0.18	0.89	0.00
2	6	0.00	0.01	0.45	1.30	0.00
3	3	0.00	0.00	0.22	1.38	0.00
3	7	0.00	0.00	0.44	1.40	0.00
Core	CPU	C1%	C3%	C6%	C8%	C9%
-	-	0.00	0.01	0.43	0.77	0.00
0	0	0.00	0.00	0.25	1.09	0.00
0	4	0.00	0.00	0.23	0.79	0.00
1	1	0.00	0.00	0.40	0.50	0.02
1	5	0.00	0.06	1.32	0.00	0.00
2	2	0.00	0.00	0.45	0.79	0.00
2	6	0.00	0.00	0.35	0.75	0.00
3	3	0.00	0.00	0.20	1.19	0.00
3	7	0.00	0.00	0.26	1.09	0.00
Core	CPU	C1%	C3%	C6%	C8%	C9%
-	-	0.00	0.03	0.65	4.41	0.13
0	0	0.00	0.00	0.10	0.79	0.00
0	4	0.00	0.00	0.37	0.99	0.00
1	1	0.00	0.00	0.49	0.88	1.01
1	5	0.00	0.03	1.09	0.98	0.00
2	2	0.02	0.23	0.91	28.74	0.00
2	6	0.00	0.00	0.37	0.98	0.00
3	3	0.00	0.00	0.96	0.79	0.00
3	7	0.00	0.00	0.92	1.16	0.00
Core	CPU	C1%	C3%	C6%	C8%	C9%
-	-	0.00	0.16	0.52	0.56	0.22
0	0	0.00	0.00	0.46	0.49	0.00
0	4	0.00	0.05	0.15	0.60	0.00
1	1	0.00	0.00	0.22	0.40	0.00
1	5	0.00	0.02	1.28	0.50	0.34
2	2	0.00	0.00	0.87	0.79	0.00
2	6	0.00	1.19	0.05	0.00	1.43
3	3	0.00	0.00	0.82	0.79	0.00
3	7	0.00	0.00	0.28	0.88	0.00
Core	CPU	C1%	C3%	C6%	C8%	C9%
-	-	0.01	0.02	0.64	1.38	0.00
0	0	0.06	0.01	0.70	1.48	0.00
0	4	0.00	0.00	0.28	0.60	0.00
1	1	0.00	0.00	0.74	1.70	0.00
1	5	0.00	0.05	0.84	1.02	0.00
2	2	0.00	0.10	0.49	1.19	0.00
2	6	0.00	0.00	0.70	1.41	0.00
3	3	0.00	0.00	0.52	1.60	0.00
3	7	0.00	0.00	0.85	1.99	0.00
Core	CPU	C1%	C3%	C6%	C8%	C9%
-	-	0.00	0.01	0.59	0.86	0.00
0	0	0.00	0.00	0.98	0.29	0.00
0	4	0.00	0.03	0.37	1.10	0.00
1	1	0.00	0.00	0.25	0.99	0.00
1	5	0.00	0.03	1.22	0.30	0.00
2	2	0.00	0.00	0.10	1.28	0.00
2	6	0.00	0.00	0.62	1.49	0.00
3	3	0.00	0.00	0.76	0.43	0.00
3	7	0.00	0.00	0.43	0.99	0.00
Core	CPU	C1%	C3%	C6%	C8%	C9%
-	-	0.00	0.00	0.37	0.83	0.00
0	0	0.00	0.00	0.37	0.49	0.00
0	4	0.00	0.00	0.24	0.50	0.00
1	1	0.00	0.00	0.41	1.09	0.00
1	5	0.00	0.02	0.51	0.97	0.00
2	2	0.00	0.00	0.37	0.99	0.00
2	6	0.00	0.00	0.54	0.80	0.00
3	3	0.00	0.00	0.32	0.86	0.00
3	7	0.00	0.00	0.19	0.90	0.00
Core	CPU	C1%	C3%	C6%	C8%	C9%
-	-	0.00	0.00	0.59	1.25	0.00
0	0	0.00	0.00	0.41	0.69	0.00
0	4	0.00	0.00	0.13	0.49	0.00
1	1	0.00	0.00	0.10	0.99	0.00
1	5	0.00	0.04	1.30	1.68	0.00
2	2	0.00	0.00	0.78	1.69	0.00
2	6	0.00	0.00	0.97	1.28	0.00
3	3	0.00	0.00	0.28	1.67	0.00
3	7	0.00	0.00	0.72	1.49	0.00
Core	CPU	C1%	C3%	C6%	C8%	C9%
-	-	0.00	0.01	0.44	1.09	0.00
0	0	0.00	0.00	0.28	1.28	0.00
0	4	0.00	0.00	0.57	0.99	0.00
1	1	0.00	0.00	0.76	1.09	0.00
1	5	0.00	0.04	0.60	1.28	0.00
2	2	0.00	0.02	0.26	1.20	0.00
2	6	0.00	0.00	0.10	0.99	0.00
3	3	0.00	0.00	0.46	1.31	0.00
3	7	0.00	0.00	0.45	0.59	0.00
Core	CPU	C1%	C3%	C6%	C8%	C9%
-	-	0.00	0.09	0.32	0.71	0.00
0	0	0.00	0.00	0.28	1.00	0.00
0	4	0.00	0.00	0.36	0.99	0.00
1	1	0.00	0.00	0.14	0.98	0.00
1	5	0.00	0.05	1.19	0.58	0.00
2	2	0.00	0.00	0.20	0.88	0.00
2	6	0.01	0.71	0.16	0.00	0.00
3	3	0.00	0.00	0.24	0.56	0.00
3	7	0.00	0.00	0.00	0.69	0.00
Core	CPU	C1%	C3%	C6%	C8%	C9%
-	-	0.00	0.00	0.37	0.71	0.00
0	0	0.00	0.00	0.52	0.49	0.00
0	4	0.00	0.00	0.13	0.40	0.00
1	1	0.00	0.00	0.25	0.50	0.00
1	5	0.00	0.00	0.80	0.90	0.00
2	2	0.00	0.00	0.35	0.79	0.00
2	6	0.00	0.00	0.33	0.89	0.00
3	3	0.00	0.00	0.19	0.99	0.00
3	7	0.00	0.00	0.38	0.69	0.00
Core	CPU	C1%	C3%	C6%	C8%	C9%
-	-	0.00	0.01	0.37	0.80	0.00
0	0	0.00	0.12	0.20	0.20	0.00
0	4	0.00	0.00	0.10	0.40	0.00
1	1	0.00	0.00	0.37	0.89	0.00
1	5	0.00	0.00	0.71	1.10	0.00
2	2	0.00	0.00	0.22	0.89	0.00
2	6	0.00	0.00	0.81	1.10	0.00
3	3	0.00	0.00	0.28	0.82	0.00
3	7	0.00	0.00	0.24	0.99	0.00
Core	CPU	C1%	C3%	C6%	C8%	C9%
-	-	0.00	0.00	0.44	0.78	0.00
0	0	0.00	0.00	0.47	0.40	0.00
0	4	0.00	0.00	0.34	0.39	0.00
1	1	0.00	0.00	0.13	0.70	0.00
1	5	0.00	0.03	1.61	0.40	0.00
2	2	0.00	0.00	0.28	0.89	0.00
2	6	0.00	0.00	0.25	1.09	0.00
3	3	0.00	0.00	0.32	1.26	0.00
3	7	0.00	0.00	0.10	1.09	0.00
Core	CPU	C1%	C3%	C6%	C8%	C9%
-	-	0.00	0.01	0.45	0.93	0.00
0	0	0.00	0.00	0.67	1.09	0.00
0	4	0.00	0.00	0.25	0.69	0.00
1	1	0.00	0.07	0.33	1.79	0.00
1	5	0.00	0.00	1.13	0.48	0.00
2	2	0.00	0.00	0.35	0.79	0.00
2	6	0.00	0.00	0.31	0.94	0.00
3	3	0.00	0.00	0.19	1.00	0.00
3	7	0.00	0.00	0.37	0.69	0.00
Core	CPU	C1%	C3%	C6%	C8%	C9%
-	-	0.00	0.01	0.39	0.66	0.13
0	0	0.00	0.00	0.10	0.40	0.00
0	4	0.00	0.00	0.18	0.99	0.00
1	1	0.00	0.05	0.88	0.00	1.01
1	5	0.00	0.04	0.87	0.68	0.00
2	2	0.03	0.01	0.20	0.99	0.00
2	6	0.00	0.00	0.19	0.88	0.00
3	3	0.00	0.00	0.46	0.62	0.00
3	7	0.00	0.00	0.23	0.69	0.00
Core	CPU	C1%	C3%	C6%	C8%	C9%
-	-	0.00	0.13	0.62	0.58	0.00
0	0	0.00	0.00	0.86	0.59	0.00
0	4	0.00	0.00	0.45	0.59	0.00
1	1	0.00	0.00	0.82	0.79	0.00
1	5	0.00	0.02	1.28	0.50	0.00
2	2	0.00	0.00	0.88	0.40	0.00
2	6	0.00	0.98	0.16	0.00	0.00
3	3	0.00	0.04	0.29	0.87	0.00
3	7	0.00	0.00	0.20	0.89	0.00
Core	CPU	C1%	C3%	C6%	C8%	C9%
-	-	0.00	0.01	0.81	0.82	0.00
0	0	0.00	0.00	0.53	0.00	0.00
0	4	0.00	0.01	0.68	0.49	0.00
1	1	0.00	0.00	0.28	1.09	0.00
1	5	0.00	0.05	1.69	0.87	0.00
2	2	0.00	0.00	0.83	0.79	0.00
2	6	0.00	0.02	0.89	0.79	0.00
3	3	0.00	0.00	0.39	1.16	0.00
3	7	0.00	0.04	1.21	1.39	0.00
Core	CPU	C1%	C3%	C6%	C8%	C9%
-	-	0.00	0.01	0.77	0.75	0.00
0	0	0.00	0.02	0.74	0.51	0.00
0	4	0.00	0.00	0.30	0.20	0.00
1	1	0.00	0.00	0.37	0.60	0.00
1	5	0.00	0.07	2.09	1.81	0.00
2	2	0.00	0.00	0.48	0.60	0.00
2	6	0.00	0.02	0.85	0.81	0.00
3	3	0.00	0.00	0.47	1.41	0.00
3	7	0.00	0.00	0.91	0.10	0.00
Core	CPU	C1%	C3%	C6%	C8%	C9%
-	-	0.00	0.01	0.86	1.07	0.12
0	0	0.03	0.00	0.38	0.89	0.00
0	4	0.00	0.00	0.36	1.19	0.00
1	1	0.00	0.00	0.83	0.79	0.99
1	5	0.00	0.03	1.66	1.35	0.00
2	2	0.00	0.00	0.29	1.09	0.00
2	6	0.00	0.00	0.84	0.99	0.00
3	3	0.00	0.01	0.92	1.48	0.00
3	7	0.00	0.01	1.63	0.79	0.00
Core	CPU	C1%	C3%	C6%	C8%	C9%
-	-	0.00	0.00	0.68	0.93	0.00
0	0	0.00	0.00	0.45	0.40	0.00
0	4	0.00	0.00	0.14	1.08	0.00
1	1	0.00	0.00	0.38	0.30	0.00
1	5	0.00	0.03	1.43	0.61	0.00
2	2	0.00	0.00	0.54	1.59	0.00
2	6	0.00	0.00	0.99	1.39	0.00
3	3	0.00	0.01	0.78	0.71	0.00
3	7	0.00	0.00	0.75	1.40	0.00
Core	CPU	C1%	C3%	C6%	C8%	C9%
-	-	0.00	0.01	0.43	0.97	0.00
0	0	0.00	0.01	0.29	0.98	0.00
0	4	0.00	0.00	0.28	0.89	0.00
1	1	0.00	0.00	0.36	1.09	0.00
1	5	0.00	0.02	1.32	1.00	0.00
2	2	0.00	0.01	0.28	1.20	0.00
2	6	0.00	0.00	0.20	0.88	0.00
3	3	0.00	0.00	0.36	0.80	0.00
3	7	0.00	0.02	0.34	0.92	0.00
Core	CPU	C1%	C3%	C6%	C8%	C9%
-	-	0.00	0.07	0.45	0.64	0.00
0	0	0.00	0.00	0.28	1.08	0.00
0	4	0.00	0.02	0.34	0.99	0.00
1	1	0.00	0.00	0.14	1.09	0.00
1	5	0.00	0.04	0.72	0.50	0.00
2	2	0.00	0.00	0.28	0.60	0.00
2	6	0.00	0.49	0.15	0.00	0.00
3	3	0.00	0.02	0.82	0.36	0.00
3	7	0.00	0.03	0.87	0.50	0.00
Core	CPU	C1%	C3%	C6%	C8%	C9%
-	-	0.00	0.01	0.44	0.59	0.00
0	0	0.00	0.00	0.46	0.49	0.00
0	4	0.00	0.00	0.14	0.40	0.00
1	1	0.00	0.01	0.40	0.20	0.00
1	5	0.00	0.01	1.19	0.40	0.00
2	2	0.00	0.00	0.36	0.89	0.00
2	6	0.00	0.00	0.24	0.89	0.00
3	3	0.00	0.02	0.48	0.69	0.00
3	7	0.00	0.00	0.29	0.80	0.00
Core	CPU	C1%	C3%	C6%	C8%	C9%
-	-	0.00	0.00	0.57	0.74	0.00
0	0	0.00	0.00	0.30	0.60	0.00
0	4	0.00	0.00	0.58	1.00	0.00
1	1	0.00	0.00	0.28	1.08	0.00
1	5	0.00	0.02	0.76	0.79	0.00
2	2	0.00	0.00	0.92	0.79	0.00
2	6	0.00	0.01	0.87	0.29	0.00
3	3	0.00	0.00	0.38	0.80	0.00
3	7	0.00	0.00	0.45	0.59	0.00
Core	CPU	C1%	C3%	C6%	C8%	C9%
-	-	0.01	0.02	0.67	4.44	0.00
0	0	0.00	0.00	0.29	0.88	0.00
0	4	0.00	0.00	0.45	0.78	0.00
1	1	0.00	0.00	0.17	0.98	0.00
1	5	0.00	0.06	1.62	0.90	0.00
2	2	0.10	0.12	1.11	28.66	0.00
2	6	0.00	0.00	0.47	0.69	0.00
3	3	0.00	0.00	0.44	1.41	0.00
3	7	0.00	0.01	0.78	1.19	0.00
Core	CPU	C1%	C3%	C6%	C8%	C9%
-	-	0.00	0.00	0.72	0.94	0.00
0	0	0.00	0.00	0.37	0.59	0.00
0	4	0.00	0.00	0.84	0.50	0.00
1	1	0.00	0.00	0.23	0.49	0.00
1	5	0.00	0.01	1.20	0.00	0.00
2	2	0.00	0.00	0.88	0.39	0.00
2	6	0.00	0.00	0.44	0.79	0.00
3	3	0.00	0.00	0.42	2.32	0.00
3	7	0.00	0.00	1.38	2.40	0.00
Core	CPU	C1%	C3%	C6%	C8%	C9%
-	-	0.00	0.00	0.42	0.68	0.00
0	0	0.00	0.00	0.15	0.39	0.00
0	4	0.00	0.00	0.31	0.40	0.00
1	1	0.00	0.02	0.10	0.70	0.00
1	5	0.00	0.01	1.08	0.49	0.00
2	2	0.00	0.00	0.45	0.79	0.00
2	6	0.00	0.00	0.82	0.79	0.00
3	3	0.00	0.00	0.28	0.98	0.00
3	7	0.00	0.00	0.19	0.88	0.00
Core	CPU	C1%	C3%	C6%	C8%	C9%
-	-	0.00	0.08	0.34	0.76	0.34
0	0	0.00	0.02	0.20	0.89	0.00
0	4	0.00	0.00	0.10	0.89	0.00
1	1	0.00	0.00	0.27	0.89	0.00
1	5	0.00	0.02	0.75	0.89	0.00
2	2	0.00	0.00	0.81	0.79	0.00
2	6	0.00	0.59	0.11	0.05	2.74
3	3	0.00	0.00	0.41	0.97	0.00
3	7	0.00	0.00	0.05	0.69	0.00
Core	CPU	C1%	C3%	C6%	C8%	C9%
-	-	0.00	0.01	0.52	0.95	0.00
0	0	0.00	0.00	0.47	0.40	0.00
0	4	0.00	0.02	0.54	0.70	0.00
1	1	0.00	0.00	0.26	0.60	0.00
1	5	0.00	0.03	1.39	1.28	0.00
2	2	0.00	0.00	0.56	0.80	0.00
2	6	0.00	0.00	0.53	1.07	0.00
3	3	0.00	0.00	0.23	1.74	0.00
3	7	0.00	0.00	0.20	0.98	0.00
Core	CPU	C1%	C3%	C6%	C8%	C9%
-	-	0.00	0.00	0.39	0.90	0.00
0	0	0.00	0.00	0.35	0.70	0.00
0	4	0.00	0.00	0.04	0.59	0.00
1	1	0.00	0.00	0.59	0.99	0.00
1	5	0.00	0.01	0.50	1.46	0.00
2	2	0.00	0.00	0.36	0.99	0.00
2	6	0.00	0.00	0.78	0.69	0.00
3	3	0.00	0.02	0.29	0.88	0.00
3	7	0.00	0.00	0.19	0.88	0.00
Core	CPU	C1%	C3%	C6%	C8%	C9%
-	-	0.00	0.01	0.36	0.73	0.12
0	0	0.00	0.02	0.20	0.30	0.00
0	4	0.00	0.00	0.20	0.78	0.00
1	1	0.00	0.00	0.27	0.89	0.99
1	5	0.00	0.04	0.83	0.78	0.00
2	2	0.00	0.00	0.22	0.90	0.00
2	6	0.00	0.00	0.29	0.90	0.00
3	3	0.00	0.00	0.47	0.71	0.00
3	7	0.00	0.00	0.45	0.60	0.00
Core	CPU	C1%	C3%	C6%	C8%	C9%
-	-	0.00	0.01	0.51	0.85	0.00
0	0	0.00	0.00	0.20	1.09	0.00
0	4	0.00	0.00	0.27	0.89	0.00
1	1	0.00	0.00	0.24	0.89	0.00
1	5	0.00	0.06	1.17	0.50	0.00
2	2	0.00	0.00	0.29	1.09	0.00
2	6	0.00	0.00	0.36	0.79	0.00
3	3	0.00	0.00	0.74	0.73	0.00
3	7	0.00	0.01	0.79	0.79	0.00
Core	CPU	C1%	C3%	C6%	C8%	C9%
-	-	0.00	0.00	0.56	0.79	0.00
0	0	0.00	0.00	0.45	0.39	0.00
0	4	0.00	0.00	0.22	0.49	0.00
1	1	0.00	0.00	0.20	0.89	0.00
1	5	0.00	0.03	1.59	0.39	0.00
2	2	0.00	0.00	0.36	0.98	0.00
2	6	0.00	0.00	0.83	0.79	0.00
3	3	0.00	0.01	0.57	1.27	0.00
3	7	0.00	0.00	0.29	1.08	0.00
Core	CPU	C1%	C3%	C6%	C8%	C9%
-	-	0.00	0.13	0.51	0.66	0.29
0	0	0.00	0.00	0.22	0.69	0.00
0	4	0.00	0.00	0.79	0.79	0.00
1	1	0.00	0.00	0.34	1.00	0.00
1	5	0.00	0.05	0.93	0.57	0.00
2	2	0.00	0.00	0.83	0.80	0.00
2	6	0.00	1.00	0.14	0.00	2.28
3	3	0.00	0.00	0.39	0.80	0.00
3	7	0.00	0.00	0.46	0.59	0.00
Core	CPU	C1%	C3%	C6%	C8%	C9%
-	-	0.00	0.01	0.45	0.68	0.25
0	0	0.00	0.00	0.20	0.30	0.00
0	4	0.00	0.00	0.27	0.88	0.00
1	1	0.00	0.00	0.15	0.98	2.02
1	5	0.00	0.06	1.07	0.48	0.00
2	2	0.00	0.00	0.39	0.70	0.00
2	6	0.00	0.00	0.87	0.79	0.00
3	3	0.00	0.00	0.45	0.63	0.00
3	7	0.00	0.00	0.22	0.69	0.00
Core	CPU	C1%	C3%	C6%	C8%	C9%
-	-	0.00	0.00	0.45	0.72	0.00
0	0	0.00	0.00	0.47	0.39	0.00
0	4	0.00	0.00	0.15	0.49	0.00
1	1	0.00	0.02	0.24	0.89	0.00
1	5	0.00	0.00	1.41	0.50	0.00
2	2	0.00	0.00	0.28	0.89	0.00
2	6	0.00	0.00	0.42	0.89	0.00
3	3	0.00	0.00	0.32	0.88	0.00
3	7	0.00	0.00	0.29	0.79	0.00
Core	CPU	C1%	C3%	C6%	C8%	C9%
-	-	0.00	0.01	0.80	1.09	0.00
0	0	0.00	0.01	0.55	1.18	0.00
0	4	0.00	0.00	0.31	1.10	0.00
1	1	0.00	0.00	0.37	1.09	0.00
1	5	0.00	0.04	2.07	0.89	0.00
2	2	0.00	0.00	0.73	0.49	0.00
2	6	0.00	0.00	0.96	0.99	0.00
3	3	0.00	0.00	0.94	1.57	0.00
3	7	0.00	0.00	0.50	1.38	0.00
Core	CPU	C1%	C3%	C6%	C8%	C9%
-	-	0.00	0.01	0.41	0.78	0.00
0	0	0.00	0.00	0.30	0.59	0.00
0	4	0.00	0.00	0.27	1.00	0.00
1	1	0.00	0.02	0.27	0.99	0.00
1	5	0.00	0.03	0.73	1.09	0.00
2	2	0.00	0.01	0.09	1.00	0.00
2	6	0.00	0.02	0.73	0.60	0.00
3	3	0.00	0.00	0.35	0.75	0.00
3	7	0.00	0.03	0.53	0.21	0.00
Core	CPU	C1%	C3%	C6%	C8%	C9%
-	-	0.00	0.01	0.57	1.11	0.00
0	0	0.04	0.00	0.36	1.08	0.00
0	4	0.00	0.00	0.14	1.38	0.00
1	1	0.00	0.00	0.28	0.51	0.00
1	5	0.00	0.03	1.04	0.21	0.00
2	2	0.00	0.00	0.85	0.30	0.00
2	6	0.00	0.02	0.68	1.16	0.00
3	3	0.00	0.02	0.48	1.62	0.00
3	7	0.00	0.00	0.77	2.67	0.00
Core	CPU	C1%	C3%	C6%	C8%	C9%
-	-	0.00	0.24	0.39	0.66	0.00
0	0	0.00	0.00	0.05	0.50	0.00
0	4	0.00	0.00	0.14	1.09	0.00
1	1	0.00	0.00	0.12	0.60	0.00
1	5	0.00	0.02	1.10	0.40	0.00
2	2	0.00	0.00	0.18	0.50	0.00
2	6	0.00	1.89	0.10	0.03	0.00
3	3	0.00	0.00	0.67	1.29	0.00
3	7	0.00	0.00	0.76	0.89	0.00
Core	CPU	C1%	C3%	C6%	C8%	C9%
-	-	0.00	0.01	0.59	0.82	0.00
0	0	0.00	0.00	0.47	1.47	0.00
0	4	0.00	0.00	0.47	0.70	0.00
1	1	0.00	0.02	0.49	1.00	0.00
1	5	0.00	0.05	1.65	0.70	0.00
2	2	0.00	0.01	0.49	0.69	0.00
2	6	0.00	0.00	0.49	0.60	0.00
3	3	0.00	0.00	0.37	0.81	0.00
3	7	0.00	0.00	0.33	0.60	0.00
Core	CPU	C1%	C3%	C6%	C8%	C9%
-	-	0.00	0.01	0.57	1.08	0.00
0	0	0.00	0.00	0.54	1.68	0.00
0	4	0.00	0.00	0.27	0.89	0.00
1	1	0.00	0.00	0.94	0.79	0.00
1	5	0.00	0.05	1.18	1.10	0.00
2	2	0.00	0.00	0.47	1.19	0.00
2	6	0.00	0.00	0.36	0.99	0.00
3	3	0.00	0.00	0.56	0.92	0.00
3	7	0.00	0.00	0.24	1.09	0.00
Core	CPU	C1%	C3%	C6%	C8%	C9%
-	-	0.00	0.01	0.34	0.76	0.00
0	0	0.00	0.00	0.46	0.40	0.00
0	4	0.00	0.00	0.15	0.51	0.00
1	1	0.00	0.00	0.31	0.80	0.00
1	5	0.00	0.05	0.47	0.80	0.00
2	2	0.01	0.00	0.27	0.99	0.00
2	6	0.00	0.00	0.35	0.79	0.00
3	3	0.00	0.00	0.31	0.85	0.00
3	7	0.00	0.00	0.38	0.91	0.00
Core	CPU	C1%	C3%	C6%	C8%	C9%
-	-	0.00	0.00	0.50	0.86	0.00
0	0	0.00	0.00	0.24	0.49	0.00
0	4	0.00	0.00	0.13	0.40	0.00
1	1	0.00	0.00	0.13	0.99	0.00
1	5	0.00	0.02	0.99	0.77	0.00
2	2	0.00	0.00	0.85	0.79	0.00
2	6	0.00	0.00	0.44	1.48	0.00
3	3	0.00	0.02	0.29	0.87	0.00
3	7	0.00	0.00	0.96	1.08	0.00
Core	CPU	C1%	C3%	C6%	C8%	C9%
-	-	0.00	0.01	0.79	0.59	0.00
0	0	0.00	0.00	0.63	0.01	0.00
0	4	0.00	0.01	0.62	0.20	0.00
1	1	0.00	0.00	0.96	0.99	0.00
1	5	0.00	0.09	1.36	0.69	0.00
2	2	0.00	0.00	1.03	0.79	0.00
2	6	0.00	0.02	0.89	0.30	0.00
3	3	0.00	0.00	0.48	1.08	0.00
3	7	0.00	0.00	0.36	0.69	0.00
Core	CPU	C1%	C3%	C6%	C8%	C9%
-	-	0.00	0.10	0.42	0.66	0.00
0	0	0.00	0.00	0.30	0.20	0.00
0	4	0.00	0.00	0.38	0.79	0.00
1	1	0.00	0.00	0.56	0.69	0.00
1	5	0.00	0.02	1.15	0.87	0.00
2	2	0.00	0.02	0.58	0.90	0.00
2	6	0.00	0.79	0.11	0.34	0.00
3	3	0.00	0.00	0.28	0.81	0.00
3	7	0.00	0.00	0.05	0.69	0.00
Core	CPU	C1%	C3%	C6%	C8%	C9%
-	-	0.00	0.01	0.39	0.80	0.00
0	0	0.00	0.00	0.18	0.79	0.00
0	4	0.00	0.00	0.46	0.40	0.00
1	1	0.00	0.00	0.34	0.89	0.00
1	5	0.00	0.07	0.67	0.79	0.00
2	2	0.00	0.00	0.30	0.99	0.00
2	6	0.00	0.00	0.67	0.69	0.00
3	3	0.00	0.00	0.25	0.93	0.00
3	7	0.00	0.00	0.23	0.89	0.00
Core	CPU	C1%	C3%	C6%	C8%	C9%
-	-	0.00	0.04	0.60	4.57	0.00
0	0	0.00	0.00	0.37	0.99	0.00
0	4	0.00	0.00	0.25	0.98	0.00
1	1	0.00	0.02	0.40	1.04	0.00
1	5	0.00	0.04	1.60	1.09	0.00
2	2	0.01	0.25	1.07	28.69	0.00
2	6	0.00	0.00	0.43	0.99	0.00
3	3	0.00	0.00	0.33	1.26	0.00
3	7	0.00	0.00	0.34	1.48	0.00
Core	CPU	C1%	C3%	C6%	C8%	C9%
-	-	0.00	0.00	0.61	0.70	0.00
0	0	0.00	0.00	0.22	0.30	0.00
0	4	0.00	0.00	0.18	0.50	0.00
1	1	0.00	0.00	0.28	0.89	0.00
1	5	0.00	0.03	1.77	0.30	0.00
2	2	0.00	0.00	1.02	0.79	0.00
2	6	0.00	0.00	0.60	0.59	0.00
3	3	0.00	0.00	0.38	1.18	0.00
3	7	0.00	0.00	0.45	1.08	0.00
Core	CPU	C1%	C3%	C6%	C8%	C9%
-	-	0.00	0.01	0.57	0.90	0.00
0	0	0.00	0.00	0.78	0.99	0.00
0	4	0.00	0.00	0.28	0.89	0.00
1	1	0.00	0.00	0.45	0.69	0.00
1	5	0.00	0.07	0.97	0.79	0.00
2	2	0.00	0.00	0.20	1.09	0.00
2	6	0.03	0.00	0.64	0.98	0.00
3	3	0.00	0.00	0.37	0.78	0.00
3	7	0.00	0.00	0.89	0.98	0.00
Core	CPU	C1%	C3%	C6%	C8%	C9%
-	-	0.00	0.00	0.45	0.92	0.00
0	0	0.00	0.00	0.19	1.09	0.00
0	4	0.00	0.00	0.27	0.89	0.00
1	1	0.00	0.00	0.15	1.19	0.00
1	5	0.00	0.01	0.92	1.09	0.00
2	2	0.00	0.02	0.39	1.00	0.00
2	6	0.00	0.00	0.70	0.39	0.00
3	3	0.00	0.00	0.28	0.90	0.00
3	7	0.00	0.00	0.68	0.80	0.00
Core	CPU	C1%	C3%	C6%	C8%	C9%
-	-	0.00	0.09	0.41	0.75	0.36
0	0	0.00	0.00	0.29	0.89	0.00
0	4	0.00	0.00	0.28	0.98	0.00
1	1	0.00	0.00	0.25	0.99	0.00
1	5	0.00	0.00	0.17	0.70	0.00
2	2	0.00	0.00	0.79	0.80	0.00
2	6	0.00	0.59	0.16	0.00	2.89
3	3	0.00	0.00	0.74	0.73	0.00
3	7	0.00	0.09	0.62	0.89	0.00
Core	CPU	C1%	C3%	C6%	C8%	C9%
-	-	0.00	0.03	0.50	1.35	0.00
0	0	0.00	0.00	0.61	1.90	0.00
0	4	0.00	0.02	0.41	1.90	0.00
1	1	0.00	0.12	0.19	0.60	0.00
1	5	0.00	0.04	1.04	2.10	0.00
2	2	0.00	0.00	0.54	1.11	0.00
2	6	0.00	0.00	0.45	0.70	0.00
3	3	0.00	0.00	0.31	1.52	0.00
3	7	0.00	0.02	0.48	1.00	0.00
Core	CPU	C1%	C3%	C6%	C8%	C9%
-	-	0.00	0.00	0.51	0.91	0.00
0	0	0.00	0.00	0.43	1.09	0.00
0	4	0.00	0.00	0.04	0.69	0.00
1	1	0.00	0.01	0.29	0.80	0.00
1	5	0.00	0.00	0.89	0.79	0.00
2	2	0.00	0.00	0.36	1.09	0.00
2	6	0.00	0.00	0.42	0.79	0.00
3	3	0.00	0.00	0.41	1.10	0.00
3	7	0.00	0.02	1.19	0.90	0.00
Core	CPU	C1%	C3%	C6%	C8%	C9%
-	-	0.00	0.00	0.69	1.12	0.00
0	0	0.00	0.00	0.25	0.50	0.00
0	4	0.00	0.00	0.13	0.60	0.00
1	1	0.00	0.01	0.82	0.79	0.00
1	5	0.00	0.01	0.80	0.79	0.00
2	2	0.00	0.00	0.93	1.70	0.00
2	6	0.00	0.00	0.69	1.38	0.00
3	3	0.00	0.00	0.27	1.80	0.00
3	7	0.00	0.00	1.61	1.40	0.00
Core	CPU	C1%	C3%	C6%	C8%	C9%
-	-	0.00	0.01	0.51	0.66	0.00
0	0	0.00	0.00	0.19	0.30	0.00
0	4	0.00	0.00	0.27	0.89	0.00
1	1	0.00	0.05	0.39	0.89	0.00
1	5	0.00	0.00	0.42	0.69	0.00
2	2	0.00	0.00	0.48	0.99	0.00
2	6	0.00	0.00	0.36	0.89	0.00
3	3	0.00	0.00	0.83	0.65	0.00
3	7	0.00	0.05	1.16	0.00	0.00
Core	CPU	C1%	C3%	C6%	C8%	C9%
-	-	0.00	0.00	0.53	1.27	0.00
0	0	0.00	0.00	0.54	0.89	0.00
0	4	0.00	0.00	0.71	0.99	0.00
1	1	0.00	0.00	0.19	1.69	0.00
1	5	0.00	0.00	1.05	1.60	0.00
2	2	0.00	0.00	0.52	0.90	0.00
2	6	0.00	0.00	0.22	1.09	0.00
3	3	0.00	0.00	0.28	1.27	0.00
3	7	0.00	0.00	0.68	1.68	0.00
Core	CPU	C1%	C3%	C6%	C8%	C9%
-	-	0.00	0.18	0.25	0.71	0.00
0	0	0.00	0.00	0.11	0.60	0.00
0	4	0.00	0.00	0.00	0.50	0.00
1	1	0.00	0.00	0.37	0.99	0.00
1	5	0.00	0.00	0.36	0.79	0.00
2	2	0.00	0.00	0.14	1.09	0.00
2	6	0.00	1.41	0.10	0.03	0.00
3	3	0.00	0.00	0.29	0.90	0.00
3	7	0.00	0.04	0.64	0.80	0.00
Core	CPU	C1%	C3%	C6%	C8%	C9%
-	-	0.00	0.00	0.39	0.78	0.00
0	0	0.00	0.00	0.29	0.50	0.00
0	4	0.00	0.00	0.46	0.89	0.00
1	1	0.00	0.00	0.35	0.98	0.00
1	5	0.00	0.00	0.42	0.99	0.00
2	2	0.00	0.00	0.19	0.89	0.00
2	6	0.00	0.00	0.58	0.59	0.00
3	3	0.00	0.00	0.35	0.73	0.00
3	7	0.00	0.02	0.44	0.69	0.00
Core	CPU	C1%	C3%	C6%	C8%	C9%
-	-	0.00	0.01	0.44	0.75	0.00
0	0	0.00	0.00	0.34	0.69	0.00
0	4	0.00	0.00	0.35	0.79	0.00
1	1	0.00	0.01	0.30	0.40	0.00
1	5	0.00	0.00	0.17	0.70	0.00
2	2	0.00	0.02	0.27	0.99	0.00
2	6	0.00	0.00	0.43	0.79	0.00
3	3	0.00	0.00	0.32	0.88	0.00
3	7	0.00	0.04	1.37	0.78	0.00
Core	CPU	C1%	C3%	C6%	C8%	C9%
-	-	0.00	0.01	0.72	0.93	0.00
0	0	0.00	0.00	0.20	1.21	0.00
0	4	0.00	0.03	0.28	0.70	0.00
1	1	0.00	0.00	0.87	0.59	0.00
1	5	0.00	0.00	0.92	1.10	0.00
2	2	0.00	0.00	1.02	0.79	0.00
2	6	0.00	0.01	1.19	0.99	0.00
3	3	0.00	0.00	0.67	1.07	0.00
3	7	0.00	0.02	0.60	0.96	0.00
Core	CPU	C1%	C3%	C6%	C8%	C9%
-	-	0.00	0.00	0.55	0.73	0.00
0	0	0.00	0.00	0.10	0.59	0.00
0	4	0.00	0.00	0.87	0.79	0.00
1	1	0.00	0.00	0.36	0.83	0.00
1	5	0.00	0.00	0.52	0.98	0.00
2	2	0.00	0.01	0.76	0.89	0.00
2	6	0.00	0.00	0.57	0.59	0.00
3	3	0.00	0.00	0.37	0.73	0.00
3	7	0.00	0.02	0.88	0.45	0.00
Core	CPU	C1%	C3%	C6%	C8%	C9%
-	-	0.00	0.01	0.62	0.73	0.00
0	0	0.00	0.00	0.27	0.69	0.00
0	4	0.00	0.00	0.73	0.30	0.00
1	1	0.00	0.00	0.73	0.69	0.00
1	5	0.00	0.01	0.95	0.59	0.00
2	2	0.00	0.00	0.28	1.09	0.00
2	6	0.00	0.00	0.36	0.89	0.00
3	3	0.00	0.00	0.33	0.83	0.00
3	7	0.00	0.04	1.32	0.79	0.00
Core	CPU	C1%	C3%	C6%	C8%	C9%
-	-	0.00	0.19	0.35	0.65	0.00
0	0	0.00	0.00	0.46	0.89	0.00
0	4	0.00	0.00	0.15	0.49	0.00
1	1	0.00	0.00	0.62	0.30	0.00
1	5	0.00	0.00	0.17	0.69	0.00
2	2	0.00	0.00	0.28	0.89	0.00
2	6	0.00	1.48	0.16	0.00	0.00
3	3	0.00	0.04	0.19	0.96	0.00
3	7	0.00	0.01	0.75	0.99	0.00
Core	CPU	C1%	C3%	C6%	C8%	C9%
-	-	0.00	0.01	0.36	0.88	0.00
0	0	0.00	0.00	0.05	0.59	0.00
0	4	0.00	0.02	0.20	0.30	0.00
1	1	0.00	0.00	0.79	0.88	0.00
1	5	0.00	0.00	0.28	0.99	0.00
2	2	0.00	0.00	0.25	1.09	0.00
2	6	0.00	0.00	0.23	1.19	0.00
3	3	0.00	0.00	0.19	1.36	0.00
3	7	0.00	0.02	0.88	0.60	0.00
Core	CPU	C1%	C3%	C6%	C8%	C9%
-	-	0.00	0.00	0.50	0.88	0.00
0	0	0.00	0.00	0.32	0.40	0.00
0	4	0.00	0.00	0.48	0.79	0.00
1	1	0.00	0.00	0.55	0.69	0.00
1	5	0.00	0.00	0.50	1.49	0.00
2	2	0.00	0.00	0.42	0.99	0.00
2	6	0.00	0.02	0.80	0.89	0.00
3	3	0.00	0.00	0.29	0.90	0.00
3	7	0.00	0.02	0.66	0.89	0.00
Core	CPU	C1%	C3%	C6%	C8%	C9%
-	-	0.01	0.01	0.58	1.05	0.00
0	0	0.07	0.00	0.14	0.40	0.00
0	4	0.00	0.00	0.28	1.38	0.00
1	1	0.00	0.00	0.25	0.99	0.00
1	5	0.00	0.03	0.95	1.52	0.00
2	2	0.00	0.00	0.19	1.09	0.00
2	6	0.00	0.00	0.85	1.19	0.00
3	3	0.00	0.00	0.55	1.12	0.00
3	7	0.00	0.04	1.44	0.70	0.00
Core	CPU	C1%	C3%	C6%	C8%	C9%
-	-	0.00	0.00	0.63	0.89	0.00
0	0	0.00	0.00	0.37	0.59	0.00
0	4	0.00	0.00	0.34	1.19	0.00
1	1	0.00	0.00	0.76	0.10	0.00
1	5	0.00	0.02	0.67	0.08	0.00
2	2	0.00	0.00	0.54	2.29	0.00
2	6	0.00	0.00	0.55	0.99	0.00
3	3	0.00	0.00	0.93	0.40	0.00
3	7	0.00	0.00	0.86	1.50	0.00
Core	CPU	C1%	C3%	C6%	C8%	C9%
-	-	0.00	0.01	0.54	0.76	0.00
0	0	0.00	0.00	0.36	0.89	0.00
0	4	0.00	0.02	0.33	1.38	0.00
1	1	0.00	0.02	1.10	0.19	0.00
1	5	0.00	0.00	0.59	0.10	0.00
2	2	0.00	0.00	0.27	0.89	0.00
2	6	0.00	0.00	0.35	0.79	0.00
3	3	0.00	0.00	0.50	1.01	0.00
3	7	0.00	0.02	0.79	0.80	0.00
Core	CPU	C1%	C3%	C6%	C8%	C9%
-	-	0.00	0.15	0.56	4.33	0.18
0	0	0.00	0.00	0.72	0.69	0.00
0	4	0.00	0.02	0.10	0.89	0.00
1	1	0.00	0.00	1.21	0.79	0.00
1	5	0.00	0.00	0.47	1.27	0.00
2	2	0.02	0.15	1.10	28.82	0.00
2	6	0.00	0.99	0.14	0.01	1.40
3	3	0.00	0.00	0.18	1.19	0.00
3	7	0.00	0.02	0.57	1.00	0.00
Core	CPU	C1%	C3%	C6%	C8%	C9%
-	-	0.00	0.01	0.52	0.75	0.00
0	0	0.00	0.01	0.40	0.10	0.00
0	4	0.00	0.00	0.48	0.99	0.00
1	1	0.00	0.00	0.27	0.99	0.00
1	5	0.00	0.00	0.35	0.99	0.00
2	2	0.00	0.01	0.82	0.79	0.00
2	6	0.00	0.01	0.89	0.40	0.00
3	3	0.00	0.00	0.29	0.90	0.00
3	7	0.00	0.03	0.68	0.88	0.00
Core	CPU	C1%	C3%	C6%	C8%	C9%
-	-	0.00	0.01	0.47	0.83	0.00
0	0	0.00	0.00	0.10	0.79	0.00
0	4	0.00	0.00	0.38	0.79	0.00
1	1	0.00	0.00	0.52	1.36	0.00
1	5	0.00	0.00	0.40	1.08	0.00
2	2	0.00	0.00	0.67	0.69	0.00
2	6	0.00	0.00	0.47	0.79	0.00
3	3	0.00	0.00	0.36	0.73	0.00
3	7	0.00	0.07	0.85	0.41	0.00
Core	CPU	C1%	C3%	C6%	C8%	C9%
-	-	0.00	0.00	0.40	0.69	0.00
0	0	0.00	0.00	0.35	0.60	0.00
0	4	0.00	0.00	0.23	0.31	0.00
1	1	0.00	0.02	0.81	0.42	0.00
1	5	0.00	0.00	0.18	0.41	0.00
2	2	0.00	0.00	0.35	0.81	0.00
2	6	0.00	0.00	0.43	0.81	0.00
3	3	0.00	0.00	0.30	1.27	0.00
3	7	0.00	0.02	0.58	0.90	0.00
Core	CPU	C1%	C3%	C6%	C8%	C9%
-	-	0.00	0.01	0.50	0.79	0.00
0	0	0.00	0.00	0.63	0.59	0.00
0	4	0.00	0.02	0.18	0.70	0.00
1	1	0.00	0.00	0.66	0.79	0.00
1	5	0.00	0.00	0.37	0.79	0.00
2	2	0.00	0.00	0.34	0.89	0.00
2	6	0.00	0.00	0.30	1.18	0.00
3	3	0.00	0.00	0.39	1.09	0.00
3	7	0.00	0.05	1.13	0.29	0.00
Core	CPU	C1%	C3%	C6%	C8%	C9%
-	-	0.00	0.00	0.47	1.23	0.00
0	0	0.00	0.00	0.28	1.00	0.00
0	4	0.00	0.00	0.35	1.30	0.00
1	1	0.00	0.01	0.60	1.22	0.00
1	5	0.00	0.00	0.49	1.41	0.00
2	2	0.00	0.00	0.36	0.82	0.00
2	6	0.00	0.00	0.63	2.09	0.00
3	3	0.00	0.00	0.43	1.14	0.00
3	7	0.00	0.01	0.61	0.89	0.00
Core	CPU	C1%	C3%	C6%	C8%	C9%
-	-	0.00	0.12	0.35	0.73	0.33
0	0	0.00	0.00	0.66	1.18	0.00
0	4	0.00	0.00	0.25	0.89	0.00
1	1	0.00	0.00	0.17	0.79	0.00
1	5	0.00	0.00	0.00	0.59	0.00
2	2	0.00	0.00	0.28	0.89	0.00
2	6	0.00	0.94	0.06	0.00	2.65
3	3	0.00	0.03	0.79	0.84	0.00
3	7	0.00	0.02	0.60	0.67	0.00
Core	CPU	C1%	C3%	C6%	C8%	C9%
-	-	0.00	0.01	0.69	0.99	0.00
0	0	0.00	0.00	0.53	0.00	0.00
0	4	0.00	0.04	0.73	0.70	0.00
1	1	0.00	0.01	1.41	1.60	0.00
1	5	0.00	0.00	1.06	0.69	0.00
2	2	0.00	0.00	0.47	1.09	0.00
2	6	0.00	0.00	0.24	1.08	0.00
3	3	0.00	0.00	0.19	2.14	0.00
3	7	0.00	0.00	0.90	0.60	0.00
Core	CPU	C1%	C3%	C6%	C8%	C9%
-	-	0.00	0.00	0.47	0.82	0.00
0	0	0.00	0.00	0.71	0.00	0.00
0	4	0.00	0.00	0.74	0.59	0.00
1	1	0.00	0.00	0.58	0.69	0.00
1	5	0.00	0.00	0.44	1.01	0.00
2	2	0.00	0.00	0.25	1.09	0.00
2	6	0.00	0.00	0.22	1.29	0.00
3	3	0.00	0.00	0.19	1.00	0.00
3	7	0.00	0.01	0.60	0.89	0.00
Core	CPU	C1%	C3%	C6%	C8%	C9%
-	-	0.00	0.01	0.45	0.91	0.00
0	0	0.00	0.01	0.58	0.30	0.00
0	4	0.00	0.00	0.47	0.99	0.00
1	1	0.00	0.00	0.45	1.39	0.00
1	5	0.00	0.00	0.33	1.19	0.00
2	2	0.00	0.01	0.29	0.80	0.00
2	6	0.00	0.00	0.49	0.68	0.00
3	3	0.00	0.00	0.37	0.91	0.00
3	7	0.00	0.02	0.65	0.98	0.00
Core	CPU	C1%	C3%	C6%	C8%	C9%
-	-	0.00	0.00	0.57	0.77	0.00
0	0	0.00	0.00	0.28	0.89	0.00
0	4	0.00	0.00	0.36	0.89	0.00
1	1	0.00	0.00	0.89	0.77	0.00
1	5	0.00	0.01	0.79	0.50	0.00
2	2	0.00	0.00	0.38	1.08	0.00
2	6	0.00	0.00	0.53	0.90	0.00
3	3	0.00	0.00	0.31	0.67	0.00
3	7	0.00	0.00	1.01	0.49	0.00
Core	CPU	C1%	C3%	C6%	C8%	C9%
-	-	0.00	0.01	0.53	1.30	0.00
0	0	0.00	0.00	0.34	0.50	0.00
0	4	0.00	0.05	0.09	0.41	0.00
1	1	0.00	0.00	1.22	2.01	0.00
1	5	0.00	0.00	0.63	1.51	0.00
2	2	0.00	0.00	0.52	1.21	0.00
2	6	0.00	0.00	0.40	1.31	0.00
3	3	0.00	0.00	0.37	2.09	0.00
3	7	0.00	0.00	0.66	1.41	0.00
Core	CPU	C1%	C3%	C6%	C8%	C9%
-	-	0.00	0.20	0.37	0.66	0.00
0	0	0.00	0.01	0.38	0.30	0.00
0	4	0.00	0.00	0.19	0.98	0.00
1	1	0.00	0.02	0.36	0.79	0.00
1	5	0.00	0.00	0.24	0.98	0.00
2	2	0.00	0.05	0.86	0.80	0.00
2	6	0.00	1.48	0.11	0.05	0.00
3	3	0.00	0.00	0.37	0.71	0.00
3	7	0.00	0.05	0.45	0.69	0.00
Core	CPU	C1%	C3%	C6%	C8%	C9%
-	-	0.02	0.01	0.46	0.56	0.00
0	0	0.00	0.00	0.56	0.40	0.00
0	4	0.00	0.00	0.45	0.50	0.00
1	1	0.00	0.03	0.60	0.00	0.00
1	5	0.20	0.04	0.50	0.11	0.00
2	2	0.00	0.00	0.78	0.40	0.00
2	6	0.00	0.00	0.27	0.99	0.00
3	3	0.00	0.00	0.15	1.03	0.00
3	7	0.00	0.04	0.40	1.10	0.00
Core	CPU	C1%	C3%	C6%	C8%	C9%
-	-	0.00	0.01	0.41	0.71	0.00
0	0	0.00	0.00	0.42	0.99	0.00
0	4	0.00	0.00	0.25	0.89	0.00
1	1	0.00	0.02	0.60	0.10	0.00
1	5	0.00	0.00	0.40	0.10	0.00
2	2	0.00	0.00	0.37	0.99	0.00
2	6	0.00	0.00	0.44	0.79	0.00
3	3	0.00	0.03	0.29	0.88	0.00
3	7	0.00	0.02	0.51	0.97	0.00
Core	CPU	C1%	C3%	C6%	C8%	C9%
-	-	0.00	0.01	0.65	0.79	0.00
0	0	0.00	0.00	0.52	0.00	0.00
0	4	0.00	0.03	0.77	0.70	0.00
1	1	0.00	0.00	0.84	0.98	0.00
1	5	0.00	0.00	0.36	0.79	0.00
2	2	0.00	0.00	0.33	0.98	0.00
2	6	0.00	0.02	0.79	0.79	0.00
3	3	0.00	0.00	0.39	1.17	0.00
3	7	0.00	0.00	1.18	0.89	0.00
Core	CPU	C1%	C3%	C6%	C8%	C9%
-	-	0.00	0.00	0.42	0.89	0.00
0	0	0.00	0.00	0.20	0.50	0.00
0	4	0.00	0.00	0.37	1.30	0.00
1	1	0.00	0.00	0.64	0.51	0.00
1	5	0.00	0.00	0.23	0.90	0.00
2	2	0.00	0.02	0.47	0.91	0.00
2	6	0.00	0.00	0.46	1.30	0.00
3	3	0.00	0.00	0.36	1.23	0.00
3	7	0.00	0.01	0.64	0.49	0.00
Core	CPU	C1%	C3%	C6%	C8%	C9%
-	-	0.00	0.00	0.52	0.60	0.00
0	0	0.00	0.00	0.47	0.40	0.00
0	4	0.00	0.00	0.54	0.49	0.00
1	1	0.00	0.00	0.63	0.49	0.00
1	5	0.00	0.00	0.67	0.20	0.00
2	2	0.00	0.00	0.38	0.79	0.00
2	6	0.00	0.00	0.36	0.89	0.00
3	3	0.00	0.00	0.23	0.95	0.00
3	7	0.00	0.01	0.91	0.58	0.00
Core	CPU	C1%	C3%	C6%	C8%	C9%
-	-	0.00	0.15	0.41	0.71	0.00
0	0	0.00	0.00	0.35	0.88	0.00
0	4	0.00	0.00	0.61	0.59	0.00
1	1	0.00	0.00	0.14	0.70	0.00
1	5	0.00	0.00	0.28	0.88	0.00
2	2	0.00	0.00	0.36	0.79	0.00
2	6	0.00	1.18	0.14	0.01	0.00
3	3	0.00	0.00	0.20	0.95	0.00
3	7	0.00	0.06	1.21	0.87	0.00
Core	CPU	C1%	C3%	C6%	C8%	C9%
-	-	0.00	0.00	0.75	0.72	0.00
0	0	0.00	0.00	0.42	0.10	0.00
0	4	0.00	0.00	0.10	0.49	0.00
1	1	0.00	0.00	1.49	0.79	0.00
1	5	0.00	0.00	0.36	0.79	0.00
2	2	0.00	0.00	1.15	0.60	0.00
2	6	0.00	0.02	0.99	0.79	0.00
3	3	0.00	0.00	0.29	1.27	0.00
3	7	0.00	0.01	1.18	0.89	0.00
Core	CPU	C1%	C3%	C6%	C8%	C9%
-	-	0.00	0.00	0.58	0.88	0.00
0	0	0.00	0.00	0.73	0.49	0.00
0	4	0.00	0.00	0.19	0.99	0.00
1	1	0.00	0.00	0.46	0.70	0.00
1	5	0.00	0.00	0.25	1.08	0.00
2	2	0.00	0.00	0.38	0.89	0.00
2	6	0.00	0.00	1.55	0.90	0.00
3	3	0.00	0.00	0.38	1.20	0.00
3	7	0.00	0.01	0.66	0.79	0.00
Core	CPU	C1%	C3%	C6%	C8%	C9%
-	-	0.00	0.01	0.45	1.01	0.00
0	0	0.00	0.00	0.45	1.70	0.00
0	4	0.00	0.00	0.53	1.40	0.00
1	1	0.00	0.00	0.49	0.91	0.00
1	5	0.00	0.02	0.27	0.81	0.00
2	2	0.00	0.00	0.37	0.71	0.00
2	6	0.00	0.00	0.35	0.71	0.00
3	3	0.00	0.00	0.32	0.64	0.00
3	7	0.00	0.05	0.82	1.21	0.00
Core	CPU	C1%	C3%	C6%	C8%	C9%
-	-	0.00	0.00	0.33	0.79	0.00
0	0	0.00	0.00	0.36	0.49	0.00
0	4	0.00	0.00	0.05	0.59	0.00
1	1	0.00	0.02	0.20	0.99	0.00
1	5	0.00	0.00	0.10	0.99	0.00
2	2	0.00	0.00	0.27	0.89	0.00
2	6	0.00	0.00	0.43	0.89	0.00
3	3	0.00	0.00	0.22	0.98	0.00
3	7	0.00	0.00	1.00	0.50	0.00
Core	CPU	C1%	C3%	C6%	C8%	C9%
-	-	0.00	0.02	0.56	4.36	0.00
0	0	0.00	0.00	0.41	0.31	0.00
0	4	0.00	0.02	0.27	0.61	0.00
1	1	0.00	0.01	0.91	1.29	0.00
1	5	0.00	0.00	0.44	0.75	0.00
2	2	0.02	0.12	1.16	28.93	0.00
2	6	0.00	0.00	0.18	1.10	0.00
3	3	0.00	0.00	0.37	1.20	0.00
3	7	0.00	0.01	0.74	0.71	0.00
Core	CPU	C1%	C3%	C6%	C8%	C9%
-	-	0.00	0.08	0.42	0.68	0.00
0	0	0.00	0.00	0.00	0.49	0.00
0	4	0.00	0.00	0.27	0.89	0.00
1	1	0.00	0.00	0.45	0.88	0.00
1	5	0.00	0.00	0.42	0.89	0.00
2	2	0.00	0.00	0.90	0.79	0.00
2	6	0.00	0.59	0.15	0.00	0.00
3	3	0.00	0.00	0.86	0.71	0.00
3	7	0.00	0.01	0.34	0.79	0.00
Core	CPU	C1%	C3%	C6%	C8%	C9%
-	-	0.00	0.01	0.47	0.72	0.00
0	0	0.00	0.00	0.27	0.69	0.00
0	4	0.00	0.00	0.84	0.49	0.00
1	1	0.00	0.00	0.71	0.20	0.00
1	5	0.00	0.00	0.50	0.59	0.00
2	2	0.00	0.00	0.39	0.99	0.00
2	6	0.00	0.00	0.37	0.79	0.00
3	3	0.00	0.00	0.24	0.92	0.00
3	7	0.00	0.07	0.47	1.08	0.00
Core	CPU	C1%	C3%	C6%	C8%	C9%
-	-	0.00	0.00	0.51	0.79	0.00
0	0	0.00	0.00	0.37	0.79	0.00
0	4	0.00	0.00	0.33	0.60	0.00
1	1	0.00	0.00	0.69	0.21	0.00
1	5	0.00	0.00	0.68	1.00	0.00
2	2	0.00	0.00	0.28	1.18	0.00
2	6	0.00	0.00	0.33	1.08	0.00
3	3	0.00	0.00	0.33	0.94	0.00
3	7	0.00	0.01	1.10	0.49	0.00
Core	CPU	C1%	C3%	C6%	C8%	C9%
-	-	0.00	0.00	0.41	0.88	0.00
0	0	0.00	0.00	0.14	0.40	0.00
0	4	0.00	0.00	0.22	0.49	0.00
1	1	0.00	0.00	0.78	0.80	0.00
1	5	0.00	0.00	0.76	0.90	0.00
2	2	0.00	0.00	0.45	0.99	0.00
2	6	0.00	0.00	0.14	1.09	0.00
3	3	0.00	0.02	0.28	1.36	0.00
3	7	0.00	0.00	0.50	0.99	0.00
Core	CPU	C1%	C3%	C6%	C8%	C9%
-	-	0.00	0.00	0.47	0.77	0.00
0	0	0.00	0.00	0.53	0.00	0.00
0	4	0.00	0.01	0.68	0.49	0.00
1	1	0.00	0.00	0.49	0.79	0.00
1	5	0.00	0.00	0.37	0.80	0.00
2	2	0.00	0.00	0.24	1.18	0.00
2	6	0.00	0.02	0.28	1.09	0.00
3	3	0.00	0.00	0.39	1.10	0.00
3	7	0.00	0.00	0.77	0.70	0.00
Core	CPU	C1%	C3%	C6%	C8%	C9%
-	-	0.00	0.00	0.49	0.90	0.00
0	0	0.00	0.00	0.49	0.00	0.00
0	4	0.00	0.00	0.66	0.50	0.00
1	1	0.00	0.00	0.24	1.09	0.00
1	5	0.00	0.00	0.22	0.89	0.00
2	2	0.00	0.00	0.83	1.11	0.00
2	6	0.00	0.00	0.28	0.89	0.00
3	3	0.00	0.00	0.45	1.12	0.00
3	7	0.00	0.01	0.76	1.59	0.00
Core	CPU	C1%	C3%	C6%	C8%	C9%
-	-	0.00	0.20	0.25	0.64	0.00
0	0	0.00	0.00	0.47	0.49	0.00
0	4	0.00	0.00	0.15	0.40	0.00
1	1	0.00	0.00	0.13	0.80	0.00
1	5	0.00	0.00	0.00	0.60	0.00
2	2	0.00	0.00	0.18	0.99	0.00
2	6	0.01	1.58	0.15	0.00	0.00
3	3	0.00	0.00	0.24	0.93	0.00
3	7	0.00	0.05	0.67	0.88	0.00
Core	CPU	C1%	C3%	C6%	C8%	C9%
-	-	0.00	0.01	0.53	0.79	0.00
0	0	0.00	0.00	0.75	0.59	0.00
0	4	0.00	0.02	0.23	0.60	0.00
1	1	0.00	0.02	0.85	0.59	0.00
1	5	0.00	0.00	0.20	0.88	0.00
2	2	0.00	0.00	0.53	1.10	0.00
2	6	0.00	0.00	0.25	0.90	0.00
3	3	0.00	0.00	0.41	1.15	0.00
3	7	0.00	0.03	0.98	0.50	0.00
Core	CPU	C1%	C3%	C6%	C8%	C9%
-	-	0.00	0.00	0.37	0.80	0.00
0	0	0.00	0.00	0.25	0.40	0.00
0	4	0.00	0.00	0.13	0.40	0.00
1	1	0.00	0.00	0.64	0.90	0.00
1	5	0.00	0.00	0.27	1.10	0.00
2	2	0.00	0.00	0.43	0.80	0.00
2	6	0.00	0.00	0.21	1.09	0.00
3	3	0.00	0.02	0.38	0.80	0.00
3	7	0.00	0.02	0.68	0.89	0.00
Core	CPU	C1%	C3%	C6%	C8%	C9%
-	-	0.00	0.01	0.34	0.74	0.00
0	0	0.00	0.02	0.27	0.41	0.00
0	4	0.00	0.00	0.09	0.51	0.00
1	1	0.00	0.00	0.44	0.90	0.00
1	5	0.00	0.00	0.33	0.81	0.00
2	2	0.00	0.00	0.20	0.91	0.00
2	6	0.00	0.00	0.18	1.00	0.00
3	3	0.00	0.00	0.36	0.82	0.00
3	7	0.00	0.05	0.80	0.60	0.00
Core	CPU	C1%	C3%	C6%	C8%	C9%
-	-	0.00	0.01	0.43	0.77	0.00
0	0	0.00	0.00	0.19	0.98	0.00
0	4	0.00	0.00	0.36	0.79	0.00
1	1	0.00	0.00	0.83	0.79	0.00
1	5	0.00	0.02	0.20	0.99	0.00
2	2	0.00	0.00	0.27	0.98	0.00
2	6	0.00	0.00	0.35	0.79	0.00
3	3	0.00	0.00	0.24	0.75	0.00
3	7	0.00	0.03	0.99	0.10	0.00
