Core	CPU	C1%	C3%	C6%	C8%	C9%
-	-	1.20	0.85	9.37	11.23	1.90
0	0	0.18	3.35	47.87	27.37	0.00
0	4	0.00	0.00	0.86	0.10	15.17
1	1	0.01	0.29	2.65	2.37	0.00
1	5	9.21	3.05	15.28	53.16	0.00
2	2	0.00	0.03	2.76	1.60	0.00
2	6	0.00	0.00	0.89	0.29	0.00
3	3	0.18	0.00	2.01	2.47	0.00
3	7	0.00	0.06	2.62	2.47	0.00
Core	CPU	C1%	C3%	C6%	C8%	C9%
-	-	0.02	0.34	7.55	15.11	2.44
0	0	0.19	2.70	47.09	23.33	0.00
0	4	0.00	0.00	0.89	0.76	19.49
1	1	0.00	0.03	1.37	3.15	0.00
1	5	0.00	0.01	8.39	89.39	0.00
2	2	0.00	0.00	0.34	0.50	0.00
2	6	0.00	0.00	0.62	1.18	0.00
3	3	0.00	0.00	0.30	0.79	0.00
3	7	0.00	0.00	1.42	1.82	0.00
Core	CPU	C1%	C3%	C6%	C8%	C9%
-	-	0.03	0.23	6.02	15.48	0.18
0	0	0.22	1.77	36.90	32.94	0.00
0	4	0.00	0.00	0.72	0.59	0.00
1	1	0.00	0.01	0.26	1.48	1.48
1	5	0.00	0.04	6.41	63.55	0.00
2	2	0.00	0.00	0.47	0.69	0.00
2	6	0.00	0.03	2.76	23.05	0.00
3	3	0.00	0.00	0.23	0.70	0.00
3	7	0.00	0.00	0.38	0.80	0.00
Core	CPU	C1%	C3%	C6%	C8%	C9%
-	-	0.04	0.24	7.19	15.61	0.94
0	0	0.17	1.77	44.37	26.78	0.00
0	4	0.11	0.01	1.62	1.09	7.10
1	1	0.00	0.00	1.02	2.86	0.41
1	5	0.00	0.07	8.70	89.49	0.00
2	2	0.03	0.01	0.26	0.50	0.00
2	6	0.00	0.00	0.72	1.58	0.00
3	3	0.00	0.06	0.62	0.57	0.00
3	7	0.00	0.01	0.19	2.04	0.00
Core	CPU	C1%	C3%	C6%	C8%	C9%
-	-	0.04	0.04	6.16	16.22	2.70
0	0	0.24	0.33	37.30	35.10	0.00
0	4	0.10	0.00	0.74	0.80	21.56
1	1	0.00	0.02	0.82	0.57	0.00
1	5	0.00	0.00	3.42	22.57	0.00
2	2	0.00	0.00	0.20	0.89	0.00
2	6	0.00	0.00	5.90	67.90	0.00
3	3	0.00	0.00	0.65	0.79	0.00
3	7	0.00	0.00	0.23	1.18	0.01
Core	CPU	C1%	C3%	C6%	C8%	C9%
-	-	0.03	0.09	6.46	16.08	0.00
0	0	0.23	0.68	38.93	33.21	0.00
0	4	0.00	0.00	1.46	0.00	0.00
1	1	0.00	0.02	1.42	1.95	0.00
1	5	0.00	0.01	0.74	0.90	0.00
2	2	0.00	0.00	0.10	0.50	0.00
2	6	0.00	0.00	2.80	33.02	0.00
3	3	0.00	0.00	0.28	0.99	0.00
3	7	0.00	0.00	5.94	58.04	0.00
Core	CPU	C1%	C3%	C6%	C8%	C9%
-	-	0.03	0.22	6.96	15.50	1.33
0	0	0.21	1.68	43.24	28.02	0.00
0	4	0.00	0.00	0.99	0.09	10.67
1	1	0.00	0.03	0.89	3.54	0.00
1	5	0.00	0.00	0.59	0.90	0.00
2	2	0.00	0.01	0.25	1.28	0.00
2	6	0.00	0.00	0.23	1.09	0.00
3	3	0.00	0.02	0.10	0.50	0.00
3	7	0.00	0.03	9.36	88.59	0.00
Core	CPU	C1%	C3%	C6%	C8%	C9%
-	-	0.02	0.49	7.02	14.86	3.44
0	0	0.18	3.93	45.44	23.05	0.00
0	4	0.00	0.00	0.90	0.00	27.54
1	1	0.00	0.01	0.97	2.95	0.01
1	5	0.00	0.00	0.99	0.88	0.00
2	2	0.00	0.00	0.36	1.08	0.00
2	6	0.00	0.00	1.99	20.42	0.00
3	3	0.00	0.02	0.29	0.90	0.00
3	7	0.00	0.00	5.18	69.58	0.00
Core	CPU	C1%	C3%	C6%	C8%	C9%
-	-	0.03	0.09	6.26	16.06	0.60
0	0	0.27	0.65	38.52	33.69	0.00
0	4	0.00	0.00	0.84	0.00	4.80
1	1	0.00	0.02	0.96	1.08	0.00
1	5	0.00	0.04	1.29	0.30	0.00
2	2	0.00	0.00	0.29	0.98	0.00
2	6	0.00	0.00	7.63	90.59	0.00
3	3	0.00	0.00	0.35	0.99	0.00
3	7	0.00	0.00	0.23	0.88	0.00
Core	CPU	C1%	C3%	C6%	C8%	C9%
-	-	0.03	0.15	6.31	16.21	0.20
0	0	0.27	1.13	37.94	33.92	0.00
0	4	0.00	0.00	1.30	0.29	0.81
1	1	0.00	0.02	0.33	1.67	0.80
1	5	0.00	0.00	1.09	0.60	0.00
2	2	0.00	0.01	0.29	1.10	0.00
2	6	0.00	0.00	7.12	82.46	0.00
3	3	0.00	0.00	0.68	1.08	0.00
3	7	0.00	0.00	1.75	8.52	0.00
Core	CPU	C1%	C3%	C6%	C8%	C9%
-	-	0.03	0.07	6.16	16.07	0.55
0	0	0.26	0.54	38.02	34.37	0.00
0	4	0.00	0.00	0.59	0.11	4.38
1	1	0.00	0.00	0.55	0.70	0.00
1	5	0.00	0.00	1.47	0.78	0.00
2	2	0.00	0.00	0.25	0.89	0.00
2	6	0.00	0.02	7.90	90.32	0.00
3	3	0.00	0.02	0.19	0.59	0.00
3	7	0.00	0.00	0.28	0.80	0.00
Core	CPU	C1%	C3%	C6%	C8%	C9%
-	-	1.80	0.65	6.47	14.19	0.02
0	0	0.20	1.08	26.81	17.05	0.12
0	4	0.00	0.00	0.43	0.19	0.00
1	1	0.00	0.00	0.10	1.39	0.00
1	5	14.24	4.13	16.37	1.29	0.00
2	2	0.00	0.00	0.37	0.69	0.00
2	6	0.00	0.00	6.21	92.15	0.00
3	3	0.00	0.00	0.60	0.10	0.00
3	7	0.00	0.03	0.90	0.69	0.00
Core	CPU	C1%	C3%	C6%	C8%	C9%
-	-	0.03	0.18	5.86	15.98	0.14
0	0	0.25	1.48	36.55	33.40	1.11
0	4	0.00	0.00	0.65	0.10	0.00
1	1	0.00	0.00	0.31	1.08	0.00
1	5	0.00	0.00	0.33	1.19	0.00
2	2	0.00	0.00	0.10	1.09	0.00
2	6	0.00	0.00	5.81	65.48	0.00
3	3	0.00	0.00	0.66	1.97	0.00
3	7	0.00	0.00	2.48	23.53	0.00
Core	CPU	C1%	C3%	C6%	C8%	C9%
-	-	1.55	0.57	6.09	14.19	0.00
0	0	0.12	0.81	24.57	16.69	0.00
0	4	0.00	0.01	0.78	0.00	0.00
1	1	0.00	0.02	0.30	1.58	0.00
1	5	12.30	3.68	15.03	0.99	0.00
2	2	0.00	0.00	0.72	0.20	0.00
2	6	0.00	0.02	6.56	91.77	0.00
3	3	0.00	0.00	0.20	1.38	0.00
3	7	0.00	0.00	0.60	0.89	0.00
Core	CPU	C1%	C3%	C6%	C8%	C9%
-	-	0.03	0.29	6.74	15.23	3.60
0	0	0.23	2.31	42.29	28.55	0.00
0	4	0.00	0.03	0.55	0.11	28.77
1	1	0.00	0.00	0.55	1.19	0.00
1	5	0.00	0.00	1.08	0.30	0.00
2	2	0.00	0.00	0.37	0.59	0.00
2	6	0.00	0.00	8.37	89.60	0.00
3	3	0.00	0.01	0.34	0.50	0.00
3	7	0.00	0.01	0.40	0.99	0.00
Core	CPU	C1%	C3%	C6%	C8%	C9%
-	-	0.03	0.10	6.37	16.55	0.12
0	0	0.22	0.80	39.81	32.29	0.00
0	4	0.00	0.00	1.30	1.45	0.93
1	1	0.00	0.02	0.58	4.03	0.00
1	5	0.00	0.00	0.46	0.39	0.00
2	2	0.00	0.00	0.20	0.90	0.00
2	6	0.00	0.00	6.69	88.55	0.00
3	3	0.00	0.00	0.44	1.18	0.00
3	7	0.00	0.01	1.51	3.62	0.00
Core	CPU	C1%	C3%	C6%	C8%	C9%
-	-	0.02	0.19	6.74	18.83	0.69
0	0	0.19	1.36	42.71	29.55	0.00
0	4	0.00	0.00	0.79	0.00	5.50
1	1	0.00	0.01	0.51	2.66	0.00
1	5	0.00	0.00	0.36	0.99	0.00
2	2	0.00	0.00	0.14	1.28	0.00
2	6	0.00	0.00	6.38	79.03	0.00
3	3	0.00	0.00	0.31	1.10	0.00
3	7	0.01	0.17	2.72	36.05	0.00
Core	CPU	C1%	C3%	C6%	C8%	C9%
-	-	0.03	0.47	7.34	15.04	4.50
0	0	0.19	3.70	44.56	23.71	0.00
0	4	0.00	0.00	2.13	0.24	35.97
1	1	0.00	0.00	1.06	0.89	0.00
1	5	0.00	0.00	0.28	1.18	0.00
2	2	0.02	0.00	0.25	1.08	0.00
2	6	0.00	0.00	6.30	72.23	0.00
3	3	0.00	0.06	1.39	2.59	0.00
3	7	0.00	0.00	2.73	18.37	0.00
Core	CPU	C1%	C3%	C6%	C8%	C9%
-	-	0.04	0.07	6.04	16.22	0.00
0	0	0.29	0.47	38.03	34.35	0.00
0	4	0.00	0.00	0.54	0.10	0.00
1	1	0.00	0.00	0.13	0.99	0.00
1	5	0.00	0.02	0.19	0.69	0.00
2	2	0.00	0.00	0.19	0.79	0.00
2	6	0.00	0.00	7.86	89.30	0.00
3	3	0.00	0.03	0.77	0.98	0.00
3	7	0.00	0.02	0.60	2.56	0.00
Core	CPU	C1%	C3%	C6%	C8%	C9%
-	-	0.02	0.45	7.46	14.60	3.42
0	0	0.15	3.50	48.88	20.81	0.00
0	4	0.00	0.00	1.62	0.00	27.35
1	1	0.00	0.00	0.51	1.68	0.00
1	5	0.00	0.00	0.31	0.81	0.00
2	2	0.00	0.00	0.42	0.99	0.00
2	6	0.00	0.00	2.39	41.48	0.00
3	3	0.00	0.06	0.46	0.49	0.00
3	7	0.00	0.02	5.10	50.50	0.00
Core	CPU	C1%	C3%	C6%	C8%	C9%
-	-	0.01	0.88	9.41	12.76	10.67
0	0	0.04	6.92	66.66	0.00	0.00
0	4	0.00	0.00	0.56	0.00	85.32
1	1	0.00	0.05	0.65	4.95	0.00
1	5	0.00	0.00	0.47	1.49	0.00
2	2	0.00	0.00	0.26	1.18	0.00
2	6	0.00	0.00	0.24	1.28	0.00
3	3	0.00	0.02	0.29	0.90	0.00
3	7	0.00	0.01	6.16	92.30	0.00
Core	CPU	C1%	C3%	C6%	C8%	C9%
-	-	0.03	0.19	6.69	15.63	3.24
0	0	0.21	1.46	42.07	29.30	0.00
0	4	0.00	0.00	0.64	0.11	25.91
1	1	0.00	0.03	0.92	1.27	0.00
1	5	0.00	0.01	0.99	0.50	0.00
2	2	0.00	0.00	0.10	0.89	0.00
2	6	0.00	0.00	5.63	67.18	0.00
3	3	0.00	0.00	0.36	0.59	0.00
3	7	0.00	0.00	2.82	25.23	0.00
Core	CPU	C1%	C3%	C6%	C8%	C9%
-	-	0.03	0.27	5.92	16.15	0.41
0	0	0.24	2.11	36.19	33.82	0.00
0	4	0.00	0.00	1.00	1.39	0.00
1	1	0.00	0.00	0.74	1.30	0.00
1	5	0.00	0.07	0.24	1.19	3.28
2	2	0.00	0.02	0.29	0.80	0.00
2	6	0.00	0.00	7.69	88.06	0.00
3	3	0.00	0.00	0.19	1.08	0.00
3	7	0.00	0.00	1.02	1.59	0.00
Core	CPU	C1%	C3%	C6%	C8%	C9%
-	-	0.28	0.28	5.97	15.56	0.00
0	0	0.24	0.77	35.07	28.63	0.01
0	4	0.00	0.00	0.60	0.29	0.00
1	1	0.00	0.00	0.28	0.98	0.00
1	5	2.01	1.45	3.71	0.49	0.00
2	2	0.00	0.00	0.24	0.98	0.00
2	6	0.00	0.00	7.20	91.00	0.00
3	3	0.00	0.00	0.42	0.99	0.00
3	7	0.00	0.00	0.29	1.09	0.00
Core	CPU	C1%	C3%	C6%	C8%	C9%
-	-	0.31	0.45	6.60	14.99	2.81
0	0	0.21	1.91	38.90	22.62	0.00
0	4	0.00	0.00	0.62	0.21	22.46
1	1	2.25	1.66	5.82	1.19	0.00
1	5	0.00	0.00	0.30	0.98	0.00
2	2	0.00	0.00	0.27	1.09	0.00
2	6	0.00	0.00	6.36	91.93	0.00
3	3	0.00	0.00	0.45	1.11	0.00
3	7	0.00	0.00	0.10	0.80	0.00
Core	CPU	C1%	C3%	C6%	C8%	C9%
-	-	0.03	0.09	6.14	16.30	0.00
0	0	0.27	0.69	38.32	34.00	0.00
0	4	0.00	0.00	0.75	0.00	0.00
1	1	0.00	0.00	0.37	1.28	0.00
1	5	0.00	0.00	0.32	1.00	0.00
2	2	0.00	0.00	0.10	0.61	0.00
2	6	0.00	0.00	7.68	90.46	0.00
3	3	0.00	0.01	0.50	1.48	0.00
3	7	0.00	0.04	1.09	1.59	0.00
Core	CPU	C1%	C3%	C6%	C8%	C9%
-	-	0.03	0.06	6.07	16.50	0.04
0	0	0.23	0.48	38.01	34.47	0.00
0	4	0.00	0.00	0.90	0.10	0.32
1	1	0.00	0.00	0.40	2.83	0.00
1	5	0.00	0.00	0.20	1.19	0.00
2	2	0.00	0.00	0.24	1.09	0.00
2	6	0.00	0.00	8.03	90.12	0.00
3	3	0.00	0.00	0.21	1.18	0.00
3	7	0.00	0.01	0.60	0.99	0.00
Core	CPU	C1%	C3%	C6%	C8%	C9%
-	-	0.02	0.25	5.88	15.81	0.00
0	0	0.19	1.94	36.58	33.53	0.00
0	4	0.00	0.01	1.09	0.30	0.00
1	1	0.00	0.00	0.37	1.47	0.00
1	5	0.00	0.00	0.28	0.88	0.00
2	2	0.00	0.00	0.29	0.79	0.00
2	6	0.00	0.00	7.15	88.50	0.00
3	3	0.00	0.02	0.85	0.20	0.00
3	7	0.00	0.02	0.40	0.79	0.00
Core	CPU	C1%	C3%	C6%	C8%	C9%
-	-	0.54	0.42	5.96	14.90	0.56
0	0	0.15	0.77	28.87	23.68	0.00
0	4	0.00	0.00	0.67	0.70	4.49
1	1	0.00	0.00	0.52	1.19	0.00
1	5	0.00	0.00	0.55	0.40	0.00
2	2	4.16	2.60	9.00	0.31	0.00
2	6	0.00	0.00	6.89	91.28	0.00
3	3	0.00	0.00	0.31	1.11	0.00
3	7	0.00	0.00	0.87	0.50	0.00
Core	CPU	C1%	C3%	C6%	C8%	C9%
-	-	0.03	0.17	6.31	15.96	0.00
0	0	0.16	1.35	38.71	32.98	0.00
0	4	0.10	0.01	0.56	0.00	0.00
1	1	0.00	0.00	0.25	1.18	0.00
1	5	0.00	0.00	0.34	0.72	0.00
2	2	0.00	0.00	0.56	0.49	0.00
2	6	0.00	0.00	4.60	49.48	0.00
3	3	0.00	0.00	1.12	1.50	0.00
3	7	0.00	0.00	4.33	41.33	0.00
Core	CPU	C1%	C3%	C6%	C8%	C9%
-	-	0.02	0.20	6.73	15.50	1.02
0	0	0.15	1.54	43.08	28.41	0.00
0	4	0.00	0.00	0.75	0.10	8.19
1	1	0.00	0.02	0.53	2.57	0.00
1	5	0.00	0.02	0.69	0.40	0.00
2	2	0.00	0.00	0.10	0.99	0.00
2	6	0.00	0.01	0.29	1.48	0.00
3	3	0.00	0.00	0.37	1.08	0.00
3	7	0.00	0.03	8.03	88.96	0.00
Core	CPU	C1%	C3%	C6%	C8%	C9%
-	-	0.02	0.13	6.75	15.47	0.00
0	0	0.12	0.95	41.30	30.71	0.00
0	4	0.00	0.00	0.48	0.50	0.00
1	1	0.00	0.08	4.93	40.55	0.00
1	5	0.00	0.00	0.25	0.70	0.00
2	2	0.00	0.00	0.32	0.80	0.00
2	6	0.06	0.00	1.24	0.20	0.00
3	3	0.00	0.00	0.20	0.79	0.00
3	7	0.00	0.01	5.25	49.50	0.00
Core	CPU	C1%	C3%	C6%	C8%	C9%
-	-	0.02	0.32	6.54	15.18	0.00
0	0	0.12	1.77	36.50	28.62	0.03
0	4	0.01	0.73	6.96	0.74	0.00
1	1	0.00	0.05	5.49	66.06	0.00
1	5	0.00	0.00	0.18	0.90	0.00
2	2	0.00	0.00	0.45	0.30	0.00
2	6	0.00	0.00	0.44	0.80	0.00
3	3	0.00	0.00	0.22	0.70	0.00
3	7	0.00	0.00	2.08	23.35	0.00
Core	CPU	C1%	C3%	C6%	C8%	C9%
-	-	0.02	0.10	6.77	15.66	0.00
0	0	0.14	0.72	39.99	32.31	0.00
0	4	0.00	0.00	0.53	0.21	0.00
1	1	0.00	0.04	10.33	87.76	0.00
1	5	0.00	0.01	0.80	0.30	0.00
2	2	0.00	0.00	0.39	0.79	0.00
2	6	0.00	0.00	0.66	0.50	0.00
3	3	0.00	0.00	0.46	0.59	0.00
3	7	0.00	0.00	1.02	2.78	0.00
Core	CPU	C1%	C3%	C6%	C8%	C9%
-	-	0.01	0.23	6.77	15.52	0.00
0	0	0.09	1.73	42.05	29.39	0.00
0	4	0.00	0.00	1.06	0.50	0.00
1	1	0.00	0.08	6.91	67.75	0.00
1	5	0.00	0.00	0.23	1.10	0.00
2	2	0.00	0.01	0.39	1.00	0.00
2	6	0.00	0.00	0.27	1.28	0.00
3	3	0.00	0.00	0.88	0.80	0.00
3	7	0.00	0.00	2.38	22.33	0.00
Core	CPU	C1%	C3%	C6%	C8%	C9%
-	-	0.01	0.15	6.81	15.40	0.00
0	0	0.09	1.16	43.02	28.85	0.00
0	4	0.00	0.00	0.59	0.11	0.00
1	1	0.00	0.01	4.03	36.90	0.00
1	5	0.00	0.00	0.45	0.97	0.00
2	2	0.00	0.00	0.14	0.79	0.00
2	6	0.00	0.00	0.52	0.69	0.00
3	3	0.00	0.00	0.50	0.78	0.00
3	7	0.00	0.00	5.21	54.14	0.00
Core	CPU	C1%	C3%	C6%	C8%	C9%
-	-	0.01	0.06	6.29	15.97	0.00
0	0	0.11	0.42	38.07	34.50	0.00
0	4	0.00	0.00	0.72	0.00	0.00
1	1	0.00	0.02	5.42	48.81	0.00
1	5	0.00	0.00	0.29	1.29	0.00
2	2	0.00	0.00	0.37	0.80	0.00
2	6	0.00	0.00	0.57	1.19	0.00
3	3	0.00	0.00	0.13	0.80	0.00
3	7	0.00	0.03	4.79	40.34	0.00
Core	CPU	C1%	C3%	C6%	C8%	C9%
-	-	0.03	0.38	6.98	14.91	0.00
0	0	0.09	2.96	41.25	28.05	0.00
0	4	0.00	0.00	0.74	0.00	0.00
1	1	0.00	0.04	7.02	52.34	0.00
1	5	0.00	0.01	0.79	0.40	0.00
2	2	0.12	0.00	0.10	0.99	0.00
2	6	0.00	0.00	0.48	0.99	0.00
3	3	0.00	0.02	0.65	1.85	0.00
3	7	0.00	0.01	4.82	34.67	0.00
Core	CPU	C1%	C3%	C6%	C8%	C9%
-	-	0.55	0.35	7.03	18.15	0.00
0	0	0.05	1.15	39.06	23.01	0.00
0	4	0.00	0.00	0.76	0.40	0.00
1	1	4.37	1.60	7.43	1.58	0.00
1	5	0.00	0.00	0.34	1.09	0.00
2	2	0.00	0.02	0.29	1.09	0.00
2	6	0.00	0.00	0.45	1.68	0.00
3	3	0.00	0.01	5.83	80.86	0.00
3	7	0.01	0.02	2.08	35.51	0.00
Core	CPU	C1%	C3%	C6%	C8%	C9%
-	-	0.01	0.20	6.51	15.57	0.00
0	0	0.10	1.59	41.35	30.18	0.00
0	4	0.00	0.00	0.79	0.40	0.00
1	1	0.00	0.00	0.35	1.40	0.00
1	5	0.00	0.00	0.37	0.79	0.00
2	2	0.00	0.00	0.24	0.89	0.00
2	6	0.00	0.00	0.62	0.40	0.00
3	3	0.00	0.01	7.66	90.20	0.00
3	7	0.00	0.00	0.69	0.30	0.00
Core	CPU	C1%	C3%	C6%	C8%	C9%
-	-	0.01	0.08	6.24	16.22	0.00
0	0	0.09	0.58	39.47	32.94	0.00
0	4	0.00	0.00	0.93	0.00	0.00
1	1	0.00	0.02	3.46	36.21	0.00
1	5	0.00	0.00	0.20	1.19	0.00
2	2	0.00	0.00	0.49	0.88	0.00
2	6	0.00	0.00	0.28	0.98	0.00
3	3	0.00	0.01	4.61	56.68	0.00
3	7	0.00	0.03	0.50	0.89	0.00
Core	CPU	C1%	C3%	C6%	C8%	C9%
-	-	0.01	0.05	6.22	16.09	0.12
0	0	0.10	0.39	38.40	34.17	0.00
0	4	0.00	0.00	0.66	0.00	0.00
1	1	0.00	0.00	7.81	90.37	0.00
1	5	0.00	0.00	0.13	0.49	1.00
2	2	0.00	0.00	0.09	0.80	0.00
2	6	0.00	0.00	0.28	0.89	0.00
3	3	0.00	0.00	1.06	0.60	0.00
3	7	0.00	0.00	1.33	1.37	0.00
Core	CPU	C1%	C3%	C6%	C8%	C9%
-	-	0.01	0.28	6.30	15.12	0.00
0	0	0.09	2.24	39.13	30.73	0.00
0	4	0.00	0.00	0.69	0.00	0.00
1	1	0.00	0.00	4.45	36.71	0.00
1	5	0.00	0.00	0.36	0.69	0.00
2	2	0.00	0.00	0.15	0.89	0.00
2	6	0.00	0.00	0.12	0.69	0.00
3	3	0.00	0.02	4.96	50.45	0.00
3	7	0.00	0.00	0.49	0.80	0.00
Core	CPU	C1%	C3%	C6%	C8%	C9%
-	-	0.01	0.12	6.35	15.73	0.00
0	0	0.10	0.91	41.47	30.65	0.00
0	4	0.00	0.01	0.70	0.00	0.00
1	1	0.00	0.00	0.29	1.10	0.00
1	5	0.00	0.00	0.19	0.98	0.00
2	2	0.00	0.00	0.36	0.79	0.00
2	6	0.00	0.00	0.34	0.69	0.00
3	3	0.00	0.00	7.25	90.91	0.00
3	7	0.00	0.00	0.19	0.70	0.00
Core	CPU	C1%	C3%	C6%	C8%	C9%
-	-	0.01	0.19	6.49	15.57	0.00
0	0	0.09	1.45	40.19	31.50	0.00
0	4	0.00	0.00	0.65	0.00	0.00
1	1	0.00	0.00	5.94	52.73	0.00
1	5	0.00	0.02	0.19	0.61	0.00
2	2	0.00	0.00	0.10	0.99	0.00
2	6	0.00	0.00	0.48	0.88	0.00
3	3	0.00	0.03	4.14	36.80	0.00
3	7	0.00	0.00	0.25	1.08	0.00
Core	CPU	C1%	C3%	C6%	C8%	C9%
-	-	0.01	0.10	6.53	16.08	0.00
0	0	0.10	0.74	40.38	31.92	0.00
0	4	0.00	0.00	1.16	0.00	0.00
1	1	0.00	0.01	7.79	90.38	0.00
1	5	0.00	0.02	0.23	1.29	0.00
2	2	0.00	0.01	0.39	1.50	0.00
2	6	0.00	0.00	0.38	1.19	0.00
3	3	0.00	0.00	0.97	0.59	0.00
3	7	0.00	0.00	0.97	1.78	0.00
Core	CPU	C1%	C3%	C6%	C8%	C9%
-	-	0.01	0.08	6.45	15.97	0.00
0	0	0.11	0.65	39.53	32.70	0.00
0	4	0.00	0.00	0.90	0.00	0.00
1	1	0.00	0.00	8.08	71.00	0.00
1	5	0.01	0.01	0.46	1.27	0.00
2	2	0.00	0.00	0.20	1.59	0.00
2	6	0.00	0.00	0.13	0.99	0.00
3	3	0.00	0.00	1.67	18.68	0.00
3	7	0.00	0.00	0.66	1.49	0.00
Core	CPU	C1%	C3%	C6%	C8%	C9%
-	-	0.01	0.27	6.23	15.73	0.44
0	0	0.11	2.14	38.29	31.70	0.00
0	4	0.00	0.00	0.89	0.31	0.00
1	1	0.00	0.00	2.63	20.99	0.00
1	5	0.00	0.00	0.42	1.50	3.50
2	2	0.00	0.00	0.45	1.39	0.00
2	6	0.00	0.00	0.43	1.39	0.00
3	3	0.00	0.02	6.06	67.87	0.00
3	7	0.00	0.00	0.69	0.70	0.00
Core	CPU	C1%	C3%	C6%	C8%	C9%
-	-	0.01	0.08	6.52	15.81	0.00
0	0	0.10	0.63	39.97	32.39	0.00
0	4	0.00	0.00	0.85	0.00	0.00
1	1	0.00	0.00	1.57	7.39	0.00
1	5	0.00	0.01	0.99	0.59	0.00
2	2	0.00	0.00	0.20	1.28	0.00
2	6	0.00	0.00	0.28	0.89	0.00
3	3	0.00	0.01	8.11	83.26	0.00
3	7	0.00	0.00	0.17	0.69	0.00
Core	CPU	C1%	C3%	C6%	C8%	C9%
-	-	2.13	0.86	7.86	13.89	0.52
0	0	0.31	1.45	31.51	22.28	1.25
0	4	0.00	0.00	6.91	24.15	2.89
1	1	16.61	5.36	18.92	28.78	0.00
1	5	0.00	0.00	0.13	0.49	0.00
2	2	0.00	0.01	0.29	0.60	0.00
2	6	0.00	0.00	0.38	1.48	0.00
3	3	0.00	0.01	3.98	32.39	0.00
3	7	0.14	0.01	0.76	0.98	0.00
Core	CPU	C1%	C3%	C6%	C8%	C9%
-	-	0.04	0.05	6.23	15.93	0.00
0	0	0.34	0.31	37.77	34.52	0.00
0	4	0.00	0.00	8.83	89.26	0.00
1	1	0.00	0.00	0.73	0.20	0.00
1	5	0.00	0.02	0.23	0.40	0.00
2	2	0.00	0.00	0.60	0.59	0.00
2	6	0.00	0.00	0.20	1.18	0.00
3	3	0.00	0.03	0.58	0.89	0.00
3	7	0.00	0.00	0.94	0.39	0.00
Core	CPU	C1%	C3%	C6%	C8%	C9%
-	-	0.04	0.03	6.11	16.36	0.00
0	0	0.33	0.21	37.06	35.41	0.00
0	4	0.00	0.00	9.24	88.82	0.00
1	1	0.00	0.00	0.54	1.38	0.00
1	5	0.00	0.00	0.23	1.19	0.00
2	2	0.00	0.01	0.39	0.80	0.00
2	6	0.00	0.00	0.29	1.19	0.00
3	3	0.00	0.00	0.60	0.99	0.00
3	7	0.00	0.00	0.56	1.08	0.00
Core	CPU	C1%	C3%	C6%	C8%	C9%
-	-	0.02	0.52	7.91	13.84	0.00
0	0	0.19	4.16	48.70	19.44	0.00
0	4	0.00	0.00	11.93	84.15	0.00
1	1	0.00	0.00	0.57	0.70	0.00
1	5	0.00	0.00	0.43	1.09	0.02
2	2	0.00	0.00	0.34	1.19	0.00
2	6	0.00	0.00	0.23	1.38	0.00
3	3	0.00	0.00	0.41	1.69	0.00
3	7	0.00	0.00	0.68	1.09	0.00
Core	CPU	C1%	C3%	C6%	C8%	C9%
-	-	0.02	0.41	9.06	12.91	0.00
0	0	0.13	3.26	56.42	13.27	0.00
0	4	0.00	0.02	14.24	84.03	0.00
1	1	0.00	0.00	0.20	0.50	0.00
1	5	0.00	0.00	0.18	0.79	0.00
2	2	0.00	0.00	0.36	0.89	0.00
2	6	0.00	0.00	0.34	1.38	0.00
3	3	0.00	0.00	0.53	1.41	0.00
3	7	0.00	0.00	0.19	0.99	0.00
Core	CPU	C1%	C3%	C6%	C8%	C9%
-	-	0.02	0.47	8.81	13.09	0.00
0	0	0.15	3.75	53.74	15.64	0.00
0	4	0.00	0.00	13.68	84.51	0.00
1	1	0.00	0.00	1.00	0.40	0.00
1	5	0.00	0.04	0.56	0.40	0.00
2	2	0.00	0.00	0.00	0.49	0.00
2	6	0.00	0.00	0.67	0.49	0.00
3	3	0.00	0.00	0.58	1.40	0.00
3	7	0.00	0.00	0.24	1.38	0.00
Core	CPU	C1%	C3%	C6%	C8%	C9%
-	-	0.02	0.26	8.10	14.22	0.00
0	0	0.18	2.03	49.29	21.47	0.00
0	4	0.00	0.00	12.91	85.28	0.00
1	1	0.00	0.00	0.34	1.08	0.00
1	5	0.00	0.00	0.62	0.90	0.00
2	2	0.00	0.00	0.30	1.29	0.00
2	6	0.00	0.00	0.38	1.19	0.00
3	3	0.00	0.00	0.37	1.09	0.00
3	7	0.00	0.01	0.57	1.47	0.00
Core	CPU	C1%	C3%	C6%	C8%	C9%
-	-	0.02	0.35	8.96	13.77	0.00
0	0	0.14	2.81	53.53	16.54	0.00
0	4	0.00	0.00	15.19	83.10	0.00
1	1	0.00	0.00	0.95	6.04	0.00
1	5	0.00	0.00	0.36	0.79	0.00
2	2	0.00	0.00	0.14	0.99	0.00
2	6	0.00	0.00	0.23	0.99	0.00
3	3	0.00	0.00	0.10	0.99	0.00
3	7	0.00	0.00	1.19	0.70	0.00
Core	CPU	C1%	C3%	C6%	C8%	C9%
-	-	0.03	0.29	6.67	15.05	0.01
0	0	0.26	2.34	40.40	28.85	0.00
0	4	0.00	0.02	9.17	86.31	0.00
1	1	0.00	0.00	0.50	0.59	0.00
1	5	0.00	0.00	0.19	0.98	0.09
2	2	0.00	0.00	0.36	0.89	0.00
2	6	0.00	0.00	0.73	0.79	0.00
3	3	0.00	0.00	0.44	0.90	0.00
3	7	0.00	0.00	1.57	1.10	0.00
Core	CPU	C1%	C3%	C6%	C8%	C9%
-	-	0.03	0.04	6.23	16.41	0.00
0	0	0.23	0.35	37.84	34.67	0.00
0	4	0.00	0.00	5.72	43.91	0.00
1	1	0.00	0.00	0.23	1.29	0.00
1	5	0.00	0.00	0.42	1.19	0.00
2	2	0.00	0.00	0.39	1.78	0.00
2	6	0.00	0.00	0.29	1.08	0.00
3	3	0.00	0.00	4.54	45.98	0.00
3	7	0.00	0.00	0.44	1.38	0.00
Core	CPU	C1%	C3%	C6%	C8%	C9%
-	-	0.03	0.23	7.00	15.24	0.00
0	0	0.27	1.83	43.56	27.40	0.00
0	4	0.00	0.00	9.54	88.64	0.00
1	1	0.00	0.00	0.36	0.69	0.00
1	5	0.00	0.02	0.48	0.70	0.00
2	2	0.00	0.00	0.32	1.09	0.00
2	6	0.00	0.00	0.18	0.90	0.00
3	3	0.00	0.00	0.38	0.98	0.00
3	7	0.00	0.00	1.23	1.49	0.00
Core	CPU	C1%	C3%	C6%	C8%	C9%
-	-	0.02	0.27	8.42	17.68	0.00
0	0	0.19	2.01	50.23	21.35	0.00
0	4	0.00	0.01	13.95	84.33	0.00
1	1	0.00	0.00	0.50	4.28	0.00
1	5	0.00	0.00	0.27	0.79	0.00
2	2	0.00	0.00	0.26	0.79	0.00
2	6	0.00	0.00	0.14	0.59	0.00
3	3	0.00	0.02	0.28	0.50	0.00
3	7	0.01	0.15	1.70	28.78	0.00
Core	CPU	C1%	C3%	C6%	C8%	C9%
-	-	0.04	0.03	6.11	16.40	0.00
0	0	0.32	0.23	37.46	34.92	0.00
0	4	0.00	0.00	7.74	90.35	0.00
1	1	0.00	0.00	0.29	1.19	0.00
1	5	0.00	0.00	0.20	1.18	0.00
2	2	0.00	0.00	0.37	1.18	0.00
2	6	0.00	0.00	0.53	0.79	0.00
3	3	0.00	0.00	0.93	0.40	0.00
3	7	0.00	0.01	1.40	1.19	0.00
Core	CPU	C1%	C3%	C6%	C8%	C9%
-	-	0.04	0.26	5.80	15.83	0.25
0	0	0.32	2.06	36.70	33.08	0.00
0	4	0.00	0.00	7.99	87.75	0.00
1	1	0.00	0.00	0.24	0.99	0.00
1	5	0.00	0.00	0.23	0.89	2.01
2	2	0.00	0.00	0.10	0.78	0.00
2	6	0.00	0.00	0.30	0.59	0.00
3	3	0.00	0.00	0.27	1.18	0.00
3	7	0.00	0.00	0.56	1.39	0.00
Core	CPU	C1%	C3%	C6%	C8%	C9%
-	-	0.04	0.06	6.39	16.03	0.00
0	0	0.32	0.50	39.14	33.07	0.00
0	4	0.00	0.00	9.70	88.43	0.00
1	1	0.00	0.00	0.24	1.19	0.00
1	5	0.00	0.00	0.32	1.19	0.00
2	2	0.00	0.01	0.39	1.00	0.00
2	6	0.00	0.00	0.38	0.99	0.00
3	3	0.00	0.00	0.28	0.96	0.00
3	7	0.00	0.00	0.68	1.38	0.00
Core	CPU	C1%	C3%	C6%	C8%	C9%
-	-	0.02	0.24	6.65	15.91	0.31
0	0	0.17	1.81	41.62	29.52	0.00
0	4	0.00	0.00	4.83	36.58	0.00
1	1	0.00	0.00	0.36	1.19	0.00
1	5	0.00	0.00	0.36	1.09	0.00
2	2	0.00	0.00	0.23	0.99	0.00
2	6	0.00	0.12	0.80	2.26	2.48
3	3	0.00	0.03	4.46	54.16	0.00
3	7	0.00	0.00	0.52	1.51	0.00
Core	CPU	C1%	C3%	C6%	C8%	C9%
-	-	0.02	0.08	6.26	16.08	0.00
0	0	0.14	0.59	38.66	33.64	0.00
0	4	0.00	0.00	2.31	11.67	0.00
1	1	0.00	0.00	0.36	0.99	0.00
1	5	0.00	0.00	0.47	1.08	0.00
2	2	0.00	0.00	0.25	0.79	0.00
2	6	0.00	0.00	0.23	1.19	0.00
3	3	0.00	0.04	7.04	77.85	0.00
3	7	0.00	0.00	0.79	1.39	0.00
Core	CPU	C1%	C3%	C6%	C8%	C9%
-	-	0.03	0.18	7.26	15.50	0.29
0	0	0.19	1.39	43.81	27.65	0.00
0	4	0.00	0.01	7.13	50.29	0.00
1	1	0.00	0.00	0.61	2.37	2.28
1	5	0.00	0.03	4.02	38.22	0.00
2	2	0.03	0.02	0.26	1.08	0.00
2	6	0.00	0.00	0.34	0.99	0.00
3	3	0.00	0.00	1.65	1.80	0.00
3	7	0.00	0.00	0.30	1.58	0.00
Core	CPU	C1%	C3%	C6%	C8%	C9%
-	-	0.01	0.21	6.47	15.48	0.00
0	0	0.09	1.60	39.83	29.86	0.00
0	4	0.00	0.00	0.79	0.00	0.00
1	1	0.00	0.00	0.64	2.47	0.00
1	5	0.00	0.04	8.62	86.32	0.00
2	2	0.00	0.00	0.26	0.89	0.00
2	6	0.00	0.00	0.22	0.80	0.00
3	3	0.00	0.02	0.86	1.60	0.00
3	7	0.00	0.00	0.55	1.89	0.00
Core	CPU	C1%	C3%	C6%	C8%	C9%
-	-	0.03	0.12	6.74	15.81	0.10
0	0	0.27	0.93	41.32	30.44	0.00
0	4	0.00	0.00	8.51	83.25	0.00
1	1	0.00	0.00	0.70	0.60	0.78
1	5	0.00	0.00	0.48	6.51	0.00
2	2	0.00	0.00	0.19	0.99	0.00
2	6	0.00	0.02	1.77	2.15	0.00
3	3	0.00	0.00	0.55	0.78	0.00
3	7	0.00	0.00	0.42	1.78	0.00
Core	CPU	C1%	C3%	C6%	C8%	C9%
-	-	0.04	0.21	6.75	15.67	0.17
0	0	0.31	1.61	41.85	29.48	0.00
0	4	0.00	0.00	8.78	89.25	0.00
1	1	0.00	0.00	0.44	0.89	0.60
1	5	0.00	0.03	0.70	1.58	0.00
2	2	0.00	0.00	0.20	0.89	0.00
2	6	0.00	0.01	0.67	1.28	0.80
3	3	0.00	0.00	0.37	0.99	0.00
3	7	0.00	0.00	1.04	1.00	0.00
Core	CPU	C1%	C3%	C6%	C8%	C9%
-	-	0.04	0.14	7.07	15.27	0.00
0	0	0.28	1.12	43.08	28.45	0.00
0	4	0.00	0.00	10.83	87.32	0.00
1	1	0.00	0.00	0.29	1.29	0.00
1	5	0.00	0.00	0.24	1.19	0.00
2	2	0.00	0.00	0.27	0.60	0.00
2	6	0.00	0.00	0.94	0.80	0.00
3	3	0.00	0.00	0.38	1.40	0.00
3	7	0.00	0.00	0.55	1.09	0.00
Core	CPU	C1%	C3%	C6%	C8%	C9%
-	-	0.05	0.06	6.21	16.07	0.00
0	0	0.33	0.45	38.75	33.47	0.00
0	4	0.00	0.00	8.41	89.70	0.00
1	1	0.00	0.02	0.37	1.49	0.00
1	5	0.00	0.00	0.46	0.70	0.00
2	2	0.00	0.00	0.24	0.50	0.00
2	6	0.00	0.00	0.70	1.11	0.00
3	3	0.00	0.01	0.48	0.91	0.00
3	7	0.09	0.01	0.29	0.69	0.00
Core	CPU	C1%	C3%	C6%	C8%	C9%
-	-	0.04	0.30	6.11	15.52	0.28
0	0	0.31	2.23	37.15	32.65	0.00
0	4	0.00	0.00	8.47	87.29	0.00
1	1	0.00	0.00	0.68	0.08	0.00
1	5	0.00	0.18	0.87	0.00	2.23
2	2	0.00	0.00	0.13	1.09	0.00
2	6	0.00	0.02	0.48	1.58	0.00
3	3	0.00	0.00	0.20	0.99	0.00
3	7	0.00	0.00	0.87	0.49	0.00
Core	CPU	C1%	C3%	C6%	C8%	C9%
-	-	0.04	0.05	6.36	16.22	0.00
0	0	0.32	0.38	38.39	33.85	0.00
0	4	0.00	0.01	8.99	89.07	0.00
1	1	0.00	0.00	0.59	0.90	0.00
1	5	0.00	0.00	0.58	0.89	0.00
2	2	0.00	0.00	0.45	1.09	0.00
2	6	0.00	0.00	0.54	1.51	0.00
3	3	0.00	0.02	0.39	1.19	0.00
3	7	0.00	0.00	0.98	1.30	0.00
Core	CPU	C1%	C3%	C6%	C8%	C9%
-	-	0.02	0.40	8.24	13.95	0.11
0	0	0.18	3.15	50.53	19.24	0.00
0	4	0.00	0.01	13.16	84.75	0.00
1	1	0.00	0.00	0.29	1.48	0.00
1	5	0.00	0.00	0.46	1.68	0.00
2	2	0.00	0.00	0.26	1.08	0.00
2	6	0.00	0.00	0.84	2.07	0.90
3	3	0.00	0.02	0.19	0.31	0.00
3	7	0.00	0.00	0.20	0.99	0.00
Core	CPU	C1%	C3%	C6%	C8%	C9%
-	-	0.01	0.14	6.71	15.90	0.00
0	0	0.11	0.91	39.80	32.21	0.03
0	4	0.00	0.15	2.60	0.89	0.00
1	1	0.00	0.00	0.72	1.67	0.00
1	5	0.00	0.06	9.06	87.69	0.00
2	2	0.00	0.00	0.27	0.99	0.00
2	6	0.00	0.00	0.67	0.80	0.00
3	3	0.00	0.00	0.24	1.19	0.00
3	7	0.00	0.02	0.30	1.77	0.00
Core	CPU	C1%	C3%	C6%	C8%	C9%
-	-	0.01	0.13	6.99	15.53	0.00
0	0	0.11	1.00	41.75	30.41	0.00
0	4	0.00	0.00	0.76	0.11	0.00
1	1	0.00	0.00	2.00	1.19	0.00
1	5	0.00	0.05	10.16	87.88	0.00
2	2	0.00	0.00	0.20	1.19	0.00
2	6	0.00	0.00	0.56	1.78	0.00
3	3	0.00	0.00	0.27	0.79	0.00
3	7	0.00	0.00	0.25	0.89	0.00
Core	CPU	C1%	C3%	C6%	C8%	C9%
-	-	0.01	0.47	8.15	13.91	0.53
0	0	0.10	3.72	49.52	18.52	0.81
0	4	0.00	0.00	10.87	67.49	0.00
1	1	0.00	0.05	0.85	2.38	0.00
1	5	0.00	0.02	2.21	18.31	3.45
2	2	0.00	0.00	0.20	1.19	0.00
2	6	0.00	0.00	0.59	0.90	0.00
3	3	0.00	0.00	0.28	1.28	0.00
3	7	0.00	0.02	0.64	1.19	0.00
Core	CPU	C1%	C3%	C6%	C8%	C9%
-	-	0.01	0.36	8.77	13.21	0.00
0	0	0.09	2.91	55.01	14.65	0.00
0	4	0.00	0.00	13.30	84.98	0.00
1	1	0.00	0.00	0.18	0.69	0.00
1	5	0.00	0.00	0.52	1.91	0.00
2	2	0.00	0.00	0.15	0.79	0.00
2	6	0.00	0.00	0.39	1.00	0.00
3	3	0.00	0.00	0.10	0.80	0.00
3	7	0.00	0.00	0.49	0.88	0.00
Core	CPU	C1%	C3%	C6%	C8%	C9%
-	-	0.01	0.44	8.60	13.60	0.00
0	0	0.10	3.51	53.91	15.32	0.00
0	4	0.00	0.00	12.04	86.12	0.00
1	1	0.00	0.00	0.29	1.67	0.00
1	5	0.00	0.00	0.27	1.24	0.00
2	2	0.00	0.00	0.75	0.69	0.00
2	6	0.00	0.00	0.62	1.20	0.00
3	3	0.00	0.01	0.49	1.09	0.00
3	7	0.00	0.00	0.47	1.43	0.00
Core	CPU	C1%	C3%	C6%	C8%	C9%
-	-	0.01	0.48	9.84	11.98	0.00
0	0	0.09	3.77	60.46	8.78	0.00
0	4	0.00	0.00	16.62	81.73	0.00
1	1	0.00	0.02	0.29	0.80	0.00
1	5	0.00	0.00	0.13	0.70	0.00
2	2	0.00	0.00	0.19	0.89	0.00
2	6	0.00	0.02	0.58	1.08	0.00
3	3	0.00	0.00	0.25	0.79	0.00
3	7	0.00	0.03	0.20	1.09	0.00
Core	CPU	C1%	C3%	C6%	C8%	C9%
-	-	0.02	0.39	9.18	12.93	0.00
0	0	0.13	3.08	55.09	14.72	0.00
0	4	0.00	0.00	15.20	83.11	0.00
1	1	0.00	0.00	0.24	0.98	0.00
1	5	0.00	0.00	0.33	1.10	0.00
2	2	0.00	0.01	0.49	1.00	0.00
2	6	0.00	0.02	0.89	0.79	0.00
3	3	0.00	0.00	0.28	0.88	0.00
3	7	0.00	0.00	0.95	0.88	0.00
Core	CPU	C1%	C3%	C6%	C8%	C9%
-	-	0.02	0.56	8.36	17.27	0.00
0	0	0.12	4.14	50.86	17.83	0.00
0	4	0.00	0.00	12.81	83.16	0.00
1	1	0.00	0.00	0.43	2.85	0.00
1	5	0.00	0.10	0.42	1.18	0.00
2	2	0.00	0.00	0.18	1.39	0.00
2	6	0.00	0.03	0.66	1.18	0.00
3	3	0.00	0.00	0.19	1.19	0.00
3	7	0.01	0.19	1.35	29.39	0.00
Core	CPU	C1%	C3%	C6%	C8%	C9%
-	-	0.02	0.23	7.63	14.55	0.00
0	0	0.20	1.76	47.64	23.14	0.00
0	4	0.00	0.01	10.73	87.44	0.00
1	1	0.00	0.00	0.30	1.78	0.00
1	5	0.00	0.00	0.32	0.89	0.00
2	2	0.00	0.00	0.26	0.79	0.00
2	6	0.00	0.02	0.55	0.69	0.00
3	3	0.00	0.02	0.39	1.00	0.00
3	7	0.00	0.00	0.89	0.70	0.00
Core	CPU	C1%	C3%	C6%	C8%	C9%
-	-	0.02	0.38	7.63	14.76	0.11
0	0	0.16	3.00	48.51	21.13	0.00
0	4	0.00	0.02	9.19	89.01	0.00
1	1	0.00	0.00	0.66	1.69	0.89
1	5	0.00	0.05	0.40	1.09	0.00
2	2	0.00	0.00	0.36	1.49	0.00
2	6	0.00	0.00	1.05	1.11	0.00
3	3	0.00	0.00	0.42	1.19	0.00
3	7	0.00	0.00	0.41	1.38	0.00
Core	CPU	C1%	C3%	C6%	C8%	C9%
-	-	0.02	0.23	7.51	14.62	0.00
0	0	0.15	1.82	47.54	23.07	0.00
0	4	0.00	0.00	9.86	88.35	0.00
1	1	0.00	0.02	0.38	0.21	0.00
1	5	0.00	0.00	0.26	0.70	0.00
2	2	0.00	0.00	0.19	0.69	0.00
2	6	0.00	0.00	0.58	1.19	0.00
3	3	0.00	0.00	0.43	1.59	0.00
3	7	0.00	0.00	0.87	1.18	0.00
Core	CPU	C1%	C3%	C6%	C8%	C9%
-	-	0.03	0.34	8.41	13.67	0.00
0	0	0.25	2.66	51.84	18.12	0.00
0	4	0.00	0.00	13.22	85.04	0.00
1	1	0.00	0.00	0.55	0.89	0.00
1	5	0.00	0.00	0.24	1.29	0.00
2	2	0.00	0.02	0.39	0.80	0.00
2	6	0.00	0.01	0.41	1.29	0.00
3	3	0.00	0.00	0.29	1.18	0.00
3	7	0.00	0.00	0.36	0.79	0.00
Core	CPU	C1%	C3%	C6%	C8%	C9%
-	-	0.03	0.20	6.48	15.13	0.00
0	0	0.26	1.59	40.20	29.13	0.00
0	4	0.00	0.00	9.64	85.76	0.00
1	1	0.00	0.00	0.28	0.89	0.00
1	5	0.00	0.02	0.42	1.27	0.00
2	2	0.00	0.00	0.25	1.10	0.00
2	6	0.00	0.00	0.53	1.39	0.00
3	3	0.00	0.01	0.30	0.59	0.00
3	7	0.00	0.00	0.19	0.89	0.00
Core	CPU	C1%	C3%	C6%	C8%	C9%
-	-	0.01	0.15	7.04	15.26	0.00
0	0	0.10	1.08	42.31	29.60	0.00
0	4	0.00	0.00	3.33	12.73	0.00
1	1	0.00	0.02	0.69	0.50	0.00
1	5	0.00	0.04	8.67	75.05	0.00
2	2	0.00	0.00	0.19	0.79	0.00
2	6	0.00	0.00	0.62	1.08	0.00
3	3	0.00	0.00	0.34	1.19	0.00
3	7	0.00	0.03	0.20	1.18	0.00
Core	CPU	C1%	C3%	C6%	C8%	C9%
-	-	0.10	0.24	6.78	15.51	0.11
0	0	0.22	1.90	41.57	29.41	0.00
0	4	0.00	0.00	7.82	66.40	0.00
1	1	0.00	0.00	0.22	0.60	0.89
1	5	0.00	0.03	2.74	22.73	0.00
2	2	0.00	0.00	0.20	0.99	0.00
2	6	0.00	0.00	0.49	1.29	0.00
3	3	0.00	0.00	0.48	1.47	0.00
3	7	0.60	0.00	0.75	1.18	0.00
Core	CPU	C1%	C3%	C6%	C8%	C9%
-	-	1.50	0.60	6.59	13.50	0.16
0	0	0.19	1.11	26.93	18.15	1.24
0	4	0.00	0.02	12.51	85.97	0.00
1	1	11.83	3.69	11.92	0.79	0.00
1	5	0.00	0.00	0.37	0.69	0.00
2	2	0.00	0.00	0.15	0.69	0.00
2	6	0.00	0.00	0.25	0.89	0.00
3	3	0.00	0.00	0.10	0.40	0.00
3	7	0.00	0.00	0.48	0.39	0.00
Core	CPU	C1%	C3%	C6%	C8%	C9%
-	-	0.63	0.51	8.72	12.87	0.08
0	0	0.13	2.43	46.06	14.38	0.62
0	4	0.00	0.00	15.18	83.22	0.00
1	1	0.00	0.00	0.49	0.69	0.00
1	5	4.91	1.61	6.44	1.09	0.00
2	2	0.00	0.00	0.35	0.50	0.00
2	6	0.00	0.00	0.54	1.38	0.00
3	3	0.00	0.02	0.29	0.60	0.00
3	7	0.00	0.00	0.39	1.09	0.00
Core	CPU	C1%	C3%	C6%	C8%	C9%
-	-	0.04	0.23	5.72	15.76	0.00
0	0	0.34	1.79	35.67	34.29	0.00
0	4	0.00	0.00	8.10	87.43	0.00
1	1	0.00	0.02	0.19	0.50	0.00
1	5	0.00	0.00	0.43	0.30	0.03
2	2	0.00	0.00	0.19	0.79	0.00
2	6	0.00	0.00	0.68	1.09	0.00
3	3	0.00	0.00	0.35	1.09	0.00
3	7	0.00	0.00	0.13	0.60	0.00
Core	CPU	C1%	C3%	C6%	C8%	C9%
-	-	0.05	0.11	6.57	15.78	0.00
0	0	0.30	0.85	40.36	31.43	0.00
0	4	0.00	0.00	8.46	89.67	0.00
1	1	0.00	0.00	0.73	0.10	0.00
1	5	0.00	0.02	0.25	0.51	0.00
2	2	0.00	0.00	0.49	0.99	0.00
2	6	0.07	0.00	1.14	1.00	0.00
3	3	0.00	0.00	0.36	1.28	0.00
3	7	0.00	0.00	0.76	1.28	0.00
Core	CPU	C1%	C3%	C6%	C8%	C9%
-	-	0.04	0.18	6.45	16.01	0.11
0	0	0.31	1.38	39.25	32.06	0.00
0	4	0.00	0.00	9.42	88.71	0.00
1	1	0.00	0.00	0.44	0.99	0.00
1	5	0.00	0.02	0.23	1.57	0.00
2	2	0.00	0.01	0.29	0.99	0.00
2	6	0.00	0.00	1.11	1.70	0.88
3	3	0.00	0.00	0.28	0.88	0.00
3	7	0.00	0.00	0.58	1.19	0.00
Core	CPU	C1%	C3%	C6%	C8%	C9%
-	-	0.04	0.01	5.87	16.53	0.00
0	0	0.32	0.06	36.31	36.21	0.00
0	4	0.00	0.00	8.10	89.98	0.00
1	1	0.00	0.00	0.28	1.30	0.00
1	5	0.00	0.00	0.46	0.50	0.00
2	2	0.00	0.00	0.34	0.89	0.00
2	6	0.00	0.00	0.44	1.10	0.00
3	3	0.00	0.00	0.48	1.60	0.00
3	7	0.00	0.00	0.59	0.69	0.00
Core	CPU	C1%	C3%	C6%	C8%	C9%
-	-	0.04	0.01	5.89	16.27	0.00
0	0	0.33	0.06	36.37	36.20	0.00
0	4	0.00	0.00	8.42	89.68	0.00
1	1	0.00	0.00	0.58	0.60	0.00
1	5	0.00	0.00	0.23	0.59	0.00
2	2	0.00	0.00	0.27	0.80	0.00
2	6	0.00	0.00	0.71	0.50	0.00
3	3	0.00	0.00	0.13	0.50	0.00
3	7	0.00	0.00	0.39	1.30	0.00
Core	CPU	C1%	C3%	C6%	C8%	C9%
-	-	0.03	0.29	6.97	15.16	0.15
0	0	0.25	2.32	41.98	27.01	0.00
0	4	0.00	0.00	10.91	84.61	0.00
1	1	0.00	0.00	0.54	1.97	0.00
1	5	0.00	0.00	0.41	1.55	1.17
2	2	0.00	0.00	0.29	1.29	0.00
2	6	0.00	0.01	0.60	1.77	0.00
3	3	0.00	0.00	0.48	1.37	0.00
3	7	0.00	0.00	0.57	1.68	0.00
Core	CPU	C1%	C3%	C6%	C8%	C9%
-	-	0.04	0.03	6.03	16.14	0.00
0	0	0.34	0.26	37.53	34.89	0.00
0	4	0.00	0.02	9.04	89.02	0.00
1	1	0.00	0.00	0.39	0.89	0.00
1	5	0.00	0.00	0.24	1.00	0.00
2	2	0.00	0.00	0.12	0.50	0.00
2	6	0.00	0.00	0.31	0.81	0.00
3	3	0.00	0.00	0.19	0.79	0.00
3	7	0.00	0.00	0.45	1.19	0.00
Core	CPU	C1%	C3%	C6%	C8%	C9%
-	-	0.03	0.25	7.24	15.12	0.00
0	0	0.26	1.99	44.36	26.54	0.00
0	4	0.00	0.00	11.02	87.14	0.00
1	1	0.00	0.00	0.75	3.96	0.00
1	5	0.00	0.00	0.50	0.54	0.00
2	2	0.00	0.00	0.24	0.89	0.00
2	6	0.00	0.00	0.44	1.09	0.00
3	3	0.00	0.01	0.29	0.21	0.00
3	7	0.00	0.00	0.30	0.59	0.00
Core	CPU	C1%	C3%	C6%	C8%	C9%
-	-	0.04	0.01	5.83	16.56	0.00
0	0	0.35	0.06	36.37	36.20	0.00
0	4	0.00	0.00	8.31	89.77	0.00
1	1	0.00	0.02	0.46	0.91	0.00
1	5	0.00	0.00	0.27	0.99	0.00
2	2	0.00	0.00	0.28	0.89	0.00
2	6	0.00	0.01	0.49	1.29	0.00
3	3	0.00	0.00	0.25	1.18	0.00
3	7	0.00	0.03	0.20	1.29	0.00
Core	CPU	C1%	C3%	C6%	C8%	C9%
-	-	0.04	0.02	5.97	16.38	0.00
0	0	0.34	0.20	36.97	35.42	0.00
0	4	0.00	0.00	8.27	89.80	0.00
1	1	0.00	0.00	0.35	0.98	0.00
1	5	0.00	0.00	0.28	0.99	0.00
2	2	0.00	0.00	0.10	0.50	0.00
2	6	0.00	0.00	0.39	1.38	0.00
3	3	0.00	0.00	0.37	1.09	0.00
3	7	0.00	0.00	1.07	0.89	0.00
Core	CPU	C1%	C3%	C6%	C8%	C9%
-	-	0.02	0.42	6.76	15.06	0.00
0	0	0.20	3.35	42.17	26.51	0.00
0	4	0.00	0.00	9.46	86.52	0.00
1	1	0.00	0.00	0.28	1.19	0.00
1	5	0.00	0.02	0.43	1.29	0.00
2	2	0.00	0.00	0.25	0.99	0.00
2	6	0.00	0.00	0.58	1.97	0.00
3	3	0.00	0.01	0.39	1.10	0.00
3	7	0.00	0.00	0.48	0.90	0.00
Core	CPU	C1%	C3%	C6%	C8%	C9%
-	-	0.02	0.20	7.16	15.16	0.00
0	0	0.20	1.56	44.68	26.19	0.00
0	4	0.00	0.04	10.18	87.95	0.00
1	1	0.00	0.02	0.77	0.60	0.00
1	5	0.00	0.00	0.23	1.13	0.00
2	2	0.00	0.00	0.39	1.37	0.00
2	6	0.00	0.00	0.67	1.88	0.00
3	3	0.00	0.00	0.25	1.08	0.00
3	7	0.00	0.00	0.13	1.09	0.00
Core	CPU	C1%	C3%	C6%	C8%	C9%
-	-	0.11	0.47	8.21	18.12	0.07
0	0	0.22	3.03	47.17	19.94	0.59
0	4	0.00	0.00	12.08	86.20	0.00
1	1	0.63	0.54	3.63	4.26	0.00
1	5	0.00	0.00	0.26	1.37	0.00
2	2	0.00	0.00	0.39	1.09	0.00
2	6	0.00	0.01	0.69	1.29	0.00
3	3	0.00	0.00	0.38	0.78	0.00
3	7	0.01	0.15	1.04	30.07	0.00
Core	CPU	C1%	C3%	C6%	C8%	C9%
-	-	0.03	0.25	7.91	14.51	0.00
0	0	0.21	2.01	46.82	23.92	0.00
0	4	0.00	0.00	12.95	85.20	0.00
1	1	0.00	0.00	0.37	0.98	0.00
1	5	0.00	0.00	0.35	1.19	0.00
2	2	0.00	0.00	0.29	1.10	0.00
2	6	0.00	0.00	0.54	1.19	0.00
3	3	0.00	0.00	0.46	1.28	0.00
3	7	0.00	0.00	1.51	1.20	0.00
Core	CPU	C1%	C3%	C6%	C8%	C9%
-	-	0.04	0.08	6.37	15.68	0.00
0	0	0.29	0.67	40.33	31.63	0.00
0	4	0.00	0.00	7.71	90.42	0.00
1	1	0.00	0.00	0.36	0.60	0.00
1	5	0.00	0.00	0.15	0.40	0.00
2	2	0.00	0.00	0.82	0.30	0.00
2	6	0.00	0.01	1.07	0.89	0.00
3	3	0.00	0.00	0.09	0.89	0.00
3	7	0.00	0.00	0.46	0.30	0.00
Core	CPU	C1%	C3%	C6%	C8%	C9%
-	-	0.03	0.32	6.39	15.20	0.43
0	0	0.26	2.37	39.55	29.91	0.00
0	4	0.00	0.02	9.42	85.93	0.00
1	1	0.00	0.00	0.09	0.40	0.00
1	5	0.00	0.11	0.27	1.39	3.45
2	2	0.00	0.00	0.36	0.69	0.00
2	6	0.00	0.01	0.92	1.19	0.00
3	3	0.00	0.02	0.29	1.10	0.00
3	7	0.00	0.00	0.23	0.99	0.00
Core	CPU	C1%	C3%	C6%	C8%	C9%
-	-	0.03	0.24	7.85	14.36	0.00
0	0	0.25	1.89	47.23	23.77	0.00
0	4	0.00	0.00	13.01	85.18	0.00
1	1	0.00	0.02	0.29	0.80	0.00
1	5	0.00	0.00	0.31	0.50	0.00
2	2	0.00	0.00	0.29	0.89	0.00
2	6	0.00	0.00	0.78	1.68	0.00
3	3	0.00	0.00	0.35	0.88	0.00
3	7	0.00	0.00	0.54	1.19	0.00
Core	CPU	C1%	C3%	C6%	C8%	C9%
-	-	0.10	0.21	6.97	15.45	0.00
0	0	0.21	1.66	41.09	30.16	0.00
0	4	0.49	0.01	6.20	53.53	0.00
1	1	0.00	0.00	1.21	1.18	0.00
1	5	0.00	0.03	4.38	35.05	0.00
2	2	0.07	0.00	0.09	0.80	0.00
2	6	0.00	0.01	0.50	1.18	0.00
3	3	0.00	0.00	1.10	1.30	0.00
3	7	0.00	0.00	1.22	0.39	0.00
Core	CPU	C1%	C3%	C6%	C8%	C9%
-	-	0.04	0.04	6.30	15.89	0.00
0	0	0.32	0.31	37.89	34.41	0.00
0	4	0.00	0.00	9.15	88.92	0.00
1	1	0.00	0.02	0.34	0.69	0.00
1	5	0.00	0.00	0.39	0.60	0.00
2	2	0.00	0.00	1.02	0.30	0.00
2	6	0.00	0.01	0.91	0.40	0.00
3	3	0.00	0.00	0.29	0.79	0.00
3	7	0.00	0.00	0.37	0.98	0.00
Core	CPU	C1%	C3%	C6%	C8%	C9%
-	-	0.03	0.14	7.06	15.55	0.00
0	0	0.24	1.09	43.28	28.49	0.00
0	4	0.00	0.00	10.84	87.30	0.00
1	1	0.00	0.00	0.38	3.42	0.00
1	5	0.00	0.00	0.30	0.80	0.00
2	2	0.00	0.00	0.36	0.69	0.00
2	6	0.00	0.00	0.74	1.49	0.00
3	3	0.00	0.02	0.29	1.10	0.00
3	7	0.00	0.00	0.32	1.09	0.00
Core	CPU	C1%	C3%	C6%	C8%	C9%
-	-	0.03	0.25	6.68	15.13	0.36
0	0	0.21	1.87	41.35	27.71	0.00
0	4	0.00	0.00	9.30	86.09	0.00
1	1	0.00	0.00	0.90	1.00	0.00
1	5	0.00	0.10	0.26	1.38	2.86
2	2	0.00	0.00	0.29	0.98	0.00
2	6	0.00	0.00	0.58	1.19	0.00
3	3	0.00	0.00	0.55	1.39	0.00
3	7	0.00	0.00	0.22	1.28	0.00
Core	CPU	C1%	C3%	C6%	C8%	C9%
-	-	0.02	0.34	8.80	13.38	0.00
0	0	0.15	2.70	53.46	16.67	0.00
0	4	0.00	0.00	14.13	84.11	0.00
1	1	0.00	0.00	0.72	1.58	0.00
1	5	0.00	0.00	0.27	0.49	0.00
2	2	0.00	0.01	0.29	0.59	0.00
2	6	0.00	0.00	0.50	1.68	0.00
3	3	0.00	0.00	0.28	0.79	0.00
3	7	0.00	0.00	0.77	1.09	0.00
Core	CPU	C1%	C3%	C6%	C8%	C9%
-	-	0.03	0.21	6.56	15.55	0.11
0	0	0.27	1.70	40.72	30.39	0.00
0	4	0.00	0.00	9.91	88.09	0.00
1	1	0.00	0.00	0.28	1.58	0.00
1	5	0.00	0.00	0.44	0.69	0.00
2	2	0.00	0.00	0.14	0.79	0.00
2	6	0.00	0.00	0.52	1.49	0.89
3	3	0.00	0.00	0.10	0.79	0.00
3	7	0.00	0.00	0.38	0.60	0.00
Core	CPU	C1%	C3%	C6%	C8%	C9%
-	-	0.04	0.01	5.83	16.32	0.00
0	0	0.32	0.05	36.56	36.06	0.00
0	4	0.00	0.00	8.28	89.76	0.00
1	1	0.00	0.00	0.19	0.99	0.00
1	5	0.00	0.00	0.31	0.90	0.00
2	2	0.00	0.00	0.35	0.69	0.00
2	6	0.00	0.00	0.55	0.51	0.00
3	3	0.00	0.02	0.29	0.90	0.00
3	7	0.00	0.00	0.10	0.79	0.00
Core	CPU	C1%	C3%	C6%	C8%	C9%
-	-	0.03	0.15	7.07	15.18	0.00
0	0	0.25	1.17	43.84	27.76	0.00
0	4	0.00	0.00	10.65	87.49	0.00
1	1	0.00	0.02	0.29	0.89	0.00
1	5	0.00	0.00	0.14	1.23	0.00
2	2	0.00	0.00	0.48	0.49	0.00
2	6	0.00	0.00	0.49	1.29	0.00
3	3	0.00	0.00	0.44	1.29	0.00
3	7	0.00	0.03	0.24	0.99	0.00
Core	CPU	C1%	C3%	C6%	C8%	C9%
-	-	0.02	0.41	7.08	15.41	0.02
0	0	0.15	2.76	38.84	28.75	0.13
0	4	0.00	0.18	5.03	2.18	0.00
1	1	0.00	0.01	0.49	1.19	0.00
1	5	0.00	0.26	9.64	83.40	0.00
2	2	0.00	0.00	0.48	1.68	0.00
2	6	0.00	0.00	0.88	1.88	0.00
3	3	0.00	0.00	0.45	1.87	0.00
3	7	0.00	0.03	0.83	2.38	0.00
Core	CPU	C1%	C3%	C6%	C8%	C9%
-	-	0.01	0.09	6.28	15.87	0.03
0	0	0.10	0.65	39.30	33.06	0.00
0	4	0.00	0.00	0.35	0.61	0.00
1	1	0.00	0.00	0.25	0.60	0.21
1	5	0.00	0.10	9.00	89.16	0.00
2	2	0.00	0.01	0.29	0.59	0.00
2	6	0.00	0.00	0.32	1.20	0.00
3	3	0.00	0.00	0.28	0.79	0.00
3	7	0.00	0.00	0.45	0.98	0.00
Core	CPU	C1%	C3%	C6%	C8%	C9%
-	-	0.02	0.40	8.18	13.76	0.05
0	0	0.16	3.19	51.51	18.31	0.00
0	4	0.00	0.00	10.14	78.35	0.00
1	1	0.00	0.00	0.26	1.00	0.39
1	5	0.00	0.01	1.62	9.02	0.00
2	2	0.00	0.00	0.32	1.00	0.00
2	6	0.00	0.00	0.50	1.11	0.00
3	3	0.00	0.00	0.68	0.69	0.00
3	7	0.00	0.00	0.37	0.59	0.00
Core	CPU	C1%	C3%	C6%	C8%	C9%
-	-	0.02	0.33	8.51	13.51	0.00
0	0	0.18	2.47	51.91	18.48	0.00
0	4	0.00	0.01	14.38	83.84	0.00
1	1	0.00	0.00	0.20	1.29	0.00
1	5	0.00	0.00	0.60	0.60	0.00
2	2	0.00	0.00	0.26	0.99	0.00
2	6	0.00	0.00	0.48	1.49	0.00
3	3	0.00	0.13	0.13	0.59	0.00
3	7	0.00	0.00	0.09	0.79	0.00
Core	CPU	C1%	C3%	C6%	C8%	C9%
-	-	0.04	0.04	5.93	16.14	0.00
0	0	0.28	0.25	37.64	34.68	0.00
0	4	0.00	0.00	7.74	90.34	0.00
1	1	0.00	0.00	0.10	0.89	0.00
1	5	0.00	0.02	0.38	0.44	0.00
2	2	0.00	0.00	0.28	0.69	0.00
2	6	0.00	0.00	0.76	0.21	0.00
3	3	0.00	0.00	0.14	0.50	0.00
3	7	0.00	0.05	0.37	1.40	0.00
Core	CPU	C1%	C3%	C6%	C8%	C9%
-	-	0.01	0.37	7.66	13.88	0.00
0	0	0.04	2.97	48.22	19.56	0.00
0	4	0.00	0.00	10.96	84.63	0.00
1	1	0.00	0.00	0.34	0.98	0.00
1	5	0.00	0.00	0.40	1.22	0.00
2	2	0.00	0.00	0.10	1.09	0.00
2	6	0.00	0.00	0.42	1.19	0.00
3	3	0.00	0.00	0.48	1.17	0.00
3	7	0.00	0.00	0.36	1.18	0.00
Core	CPU	C1%	C3%	C6%	C8%	C9%
-	-	0.00	0.27	8.55	13.50	0.00
0	0	0.03	2.13	53.93	15.91	0.00
0	4	0.00	0.00	9.87	57.56	0.00
1	1	0.00	0.00	0.65	0.30	0.00
1	5	0.00	0.02	2.19	29.96	0.00
2	2	0.00	0.00	0.43	0.90	0.00
2	6	0.00	0.00	0.60	1.20	0.00
3	3	0.00	0.00	0.29	1.09	0.00
3	7	0.00	0.00	0.42	1.05	0.00
Core	CPU	C1%	C3%	C6%	C8%	C9%
-	-	0.01	0.44	9.04	13.10	0.00
0	0	0.06	3.46	55.83	13.09	0.00
0	4	0.00	0.01	14.19	84.03	0.00
1	1	0.00	0.00	0.20	0.99	0.00
1	5	0.00	0.00	0.39	1.96	0.00
2	2	0.00	0.00	0.36	0.79	0.00
2	6	0.00	0.01	0.55	1.39	0.00
3	3	0.00	0.00	0.32	1.09	0.00
3	7	0.00	0.00	0.47	1.48	0.00
Core	CPU	C1%	C3%	C6%	C8%	C9%
-	-	0.01	0.36	9.14	13.16	0.00
0	0	0.08	2.87	55.97	13.40	0.00
0	4	0.00	0.00	13.32	84.88	0.00
1	1	0.00	0.00	0.38	1.59	0.00
1	5	0.00	0.00	0.58	1.79	0.00
2	2	0.00	0.00	0.34	0.40	0.00
2	6	0.00	0.00	0.53	1.09	0.00
3	3	0.00	0.00	0.58	1.00	0.00
3	7	0.00	0.00	1.44	1.09	0.00
Core	CPU	C1%	C3%	C6%	C8%	C9%
-	-	0.28	0.35	8.23	13.41	0.11
0	0	0.19	1.65	46.03	16.26	0.91
0	4	0.00	0.00	13.24	84.99	0.00
1	1	0.00	0.02	0.29	0.89	0.00
1	5	2.02	1.12	4.35	1.88	0.00
2	2	0.00	0.00	0.29	0.69	0.00
2	6	0.00	0.02	1.08	0.39	0.00
3	3	0.00	0.00	0.35	1.08	0.00
3	7	0.00	0.03	0.20	1.08	0.00
Core	CPU	C1%	C3%	C6%	C8%	C9%
-	-	1.66	1.11	8.83	14.56	0.94
0	0	0.46	2.37	29.20	7.60	3.24
0	4	0.00	0.00	21.49	74.46	0.00
1	1	0.00	0.00	0.30	1.10	0.00
1	5	12.84	6.39	17.16	0.20	0.90
2	2	0.00	0.01	0.29	1.00	0.00
2	6	0.00	0.00	0.61	1.28	3.35
3	3	0.00	0.00	0.55	1.31	0.00
3	7	0.01	0.13	1.02	29.54	0.00
Core	CPU	C1%	C3%	C6%	C8%	C9%
-	-	0.01	0.27	8.97	13.47	0.00
0	0	0.05	2.15	54.49	15.11	0.00
0	4	0.00	0.00	13.29	84.91	0.00
1	1	0.00	0.00	0.38	3.40	0.00
1	5	0.00	0.00	0.60	0.99	0.00
2	2	0.00	0.00	0.34	0.89	0.00
2	6	0.00	0.03	0.74	1.16	0.00
3	3	0.00	0.00	0.99	0.79	0.00
3	7	0.00	0.00	0.97	0.50	0.00
Core	CPU	C1%	C3%	C6%	C8%	C9%
-	-	0.02	0.35	8.32	13.92	0.00
0	0	0.15	2.71	51.70	17.55	0.00
0	4	0.00	0.01	8.78	49.52	0.00
1	1	0.00	0.00	0.30	2.67	0.00
1	5	0.00	0.02	3.63	37.87	0.00
2	2	0.00	0.00	0.26	1.19	0.00
2	6	0.00	0.00	0.89	0.90	0.00
3	3	0.00	0.02	0.19	0.21	0.00
3	7	0.00	0.00	0.79	1.49	0.00
Core	CPU	C1%	C3%	C6%	C8%	C9%
-	-	2.28	0.72	7.21	12.73	0.85
0	0	0.04	1.62	29.68	9.36	0.48
0	4	0.00	0.00	6.53	37.00	6.29
1	1	18.18	4.10	16.88	0.30	0.00
1	5	0.00	0.04	3.00	52.44	0.00
2	2	0.00	0.00	0.39	0.79	0.00
2	6	0.00	0.01	0.59	0.59	0.00
3	3	0.00	0.00	0.35	0.69	0.00
3	7	0.00	0.03	0.27	0.70	0.00
Core	CPU	C1%	C3%	C6%	C8%	C9%
-	-	0.01	0.14	7.67	14.24	0.00
0	0	0.06	1.08	49.11	20.87	0.00
0	4	0.00	0.00	9.49	88.59	0.00
1	1	0.00	0.00	0.74	0.09	0.00
1	5	0.00	0.00	0.43	0.69	0.00
2	2	0.00	0.00	0.29	0.99	0.00
2	6	0.00	0.01	0.50	1.09	0.00
3	3	0.00	0.00	0.28	1.09	0.00
3	7	0.00	0.00	0.55	0.50	0.00
Core	CPU	C1%	C3%	C6%	C8%	C9%
-	-	0.04	0.25	5.88	16.08	0.01
0	0	0.28	2.00	36.18	33.66	0.00
0	4	0.00	0.00	7.61	88.19	0.00
1	1	0.00	0.00	0.46	1.38	0.00
1	5	0.00	0.00	0.35	1.13	0.00
2	2	0.00	0.00	0.82	0.71	0.00
2	6	0.00	0.01	0.91	0.89	0.10
3	3	0.00	0.00	0.29	1.38	0.00
3	7	0.00	0.00	0.46	1.28	0.00
Core	CPU	C1%	C3%	C6%	C8%	C9%
-	-	0.03	0.25	7.99	15.02	0.00
0	0	0.21	1.95	47.50	23.43	0.00
0	4	0.00	0.00	12.58	85.59	0.00
1	1	0.00	0.00	0.97	6.82	0.00
1	5	0.00	0.00	0.44	1.06	0.00
2	2	0.00	0.00	0.25	0.97	0.00
2	6	0.00	0.04	0.89	0.88	0.00
3	3	0.00	0.01	0.39	0.70	0.00
3	7	0.00	0.00	0.91	0.69	0.00
Core	CPU	C1%	C3%	C6%	C8%	C9%
-	-	0.03	0.22	6.99	15.44	0.00
0	0	0.24	1.67	41.71	29.46	0.00
0	4	0.00	0.00	10.79	87.02	0.00
1	1	0.00	0.02	0.39	0.90	0.00
1	5	0.00	0.00	1.23	2.69	0.00
2	2	0.00	0.00	0.51	1.18	0.00
2	6	0.00	0.00	0.97	0.59	0.00
3	3	0.00	0.00	0.25	0.89	0.00
3	7	0.00	0.03	0.10	0.79	0.00
Core	CPU	C1%	C3%	C6%	C8%	C9%
-	-	0.04	0.07	6.45	15.66	0.00
0	0	0.31	0.52	39.38	32.79	0.00
0	4	0.00	0.00	9.73	88.34	0.00
1	1	0.00	0.00	0.54	0.20	0.00
1	5	0.00	0.00	0.80	0.79	0.00
2	2	0.00	0.00	0.16	0.71	0.00
2	6	0.00	0.00	0.33	0.39	0.00
3	3	0.00	0.00	0.27	1.08	0.00
3	7	0.00	0.00	0.37	0.99	0.00
Core	CPU	C1%	C3%	C6%	C8%	C9%
-	-	0.03	0.09	6.48	15.92	0.00
0	0	0.28	0.64	39.64	32.42	0.00
0	4	0.00	0.00	8.17	81.29	0.00
1	1	0.00	0.00	0.39	1.29	0.00
1	5	0.00	0.04	2.38	8.15	0.00
2	2	0.00	0.00	0.34	1.08	0.00
2	6	0.00	0.00	0.45	1.48	0.00
3	3	0.00	0.00	0.10	0.79	0.00
3	7	0.00	0.00	0.39	0.88	0.00
Core	CPU	C1%	C3%	C6%	C8%	C9%
-	-	0.01	0.61	9.36	12.68	0.00
0	0	0.12	4.75	53.39	14.17	0.00
0	4	0.00	0.03	16.33	79.58	0.00
1	1	0.00	0.01	1.02	1.58	0.00
1	5	0.00	0.06	0.63	0.99	0.00
2	2	0.00	0.01	0.27	1.18	0.00
2	6	0.00	0.00	0.53	1.48	0.00
3	3	0.00	0.00	1.10	0.59	0.00
3	7	0.00	0.01	1.64	1.89	0.00
Core	CPU	C1%	C3%	C6%	C8%	C9%
-	-	0.03	0.09	6.62	15.65	0.00
0	0	0.25	0.70	41.37	31.37	0.00
0	4	0.00	0.00	9.36	88.80	0.00
1	1	0.00	0.00	0.34	1.19	0.00
1	5	0.00	0.03	0.96	0.69	0.00
2	2	0.00	0.00	0.20	0.51	0.00
2	6	0.00	0.00	0.19	0.69	0.00
3	3	0.00	0.00	0.28	0.79	0.00
3	7	0.00	0.00	0.25	1.18	0.00
Core	CPU	C1%	C3%	C6%	C8%	C9%
-	-	0.02	0.33	7.72	14.25	0.00
0	0	0.18	2.64	48.03	22.22	0.00
0	4	0.00	0.00	11.16	87.03	0.00
1	1	0.00	0.00	0.29	1.09	0.00
1	5	0.00	0.02	0.92	0.10	0.00
2	2	0.00	0.00	0.39	0.80	0.00
2	6	0.00	0.00	0.28	0.70	0.00
3	3	0.00	0.00	0.28	1.09	0.00
3	7	0.00	0.02	0.36	0.99	0.00
Core	CPU	C1%	C3%	C6%	C8%	C9%
-	-	0.04	0.04	6.12	16.10	0.00
0	0	0.31	0.31	37.38	34.94	0.00
0	4	0.00	0.00	8.30	89.78	0.00
1	1	0.00	0.00	0.24	0.79	0.00
1	5	0.00	0.03	1.14	0.69	0.00
2	2	0.00	0.00	0.54	0.69	0.00
2	6	0.00	0.00	0.22	0.99	0.00
3	3	0.00	0.01	0.26	0.62	0.00
3	7	0.00	0.00	0.85	0.30	0.00
Core	CPU	C1%	C3%	C6%	C8%	C9%
-	-	0.03	0.03	6.10	16.37	0.00
0	0	0.26	0.21	37.75	34.75	0.00
0	4	0.00	0.00	8.20	89.89	0.00
1	1	0.00	0.00	0.19	0.99	0.00
1	5	0.00	0.03	1.11	1.57	0.00
2	2	0.00	0.00	0.35	0.79	0.00
2	6	0.00	0.00	0.18	0.69	0.00
3	3	0.00	0.02	0.39	0.80	0.00
3	7	0.00	0.00	0.66	1.49	0.00
Core	CPU	C1%	C3%	C6%	C8%	C9%
-	-	0.03	0.38	6.39	15.03	0.00
0	0	0.23	2.91	39.52	29.63	0.00
0	4	0.00	0.00	9.48	86.49	0.00
1	1	0.00	0.02	0.19	0.50	0.00
1	5	0.00	0.06	1.03	0.49	0.00
2	2	0.00	0.00	0.39	0.88	0.00
2	6	0.00	0.00	0.27	0.79	0.00
3	3	0.00	0.00	0.25	0.89	0.00
3	7	0.00	0.03	0.00	0.59	0.00
Core	CPU	C1%	C3%	C6%	C8%	C9%
-	-	0.23	0.30	7.61	14.42	0.08
0	0	0.21	1.45	41.24	24.97	0.61
0	4	0.00	0.00	13.37	84.84	0.00
1	1	0.00	0.00	0.34	0.89	0.00
1	5	0.00	0.10	1.04	0.40	0.00
2	2	1.60	0.83	3.88	1.49	0.00
2	6	0.00	0.00	0.20	0.99	0.00
3	3	0.00	0.00	0.28	0.79	0.00
3	7	0.00	0.00	0.54	0.98	0.00
Core	CPU	C1%	C3%	C6%	C8%	C9%
-	-	0.04	0.15	6.12	16.04	0.00
0	0	0.28	1.08	37.90	33.83	0.00
0	4	0.00	0.00	8.10	89.99	0.00
1	1	0.00	0.00	0.18	0.70	0.00
1	5	0.00	0.05	1.09	0.39	0.00
2	2	0.00	0.05	0.78	1.29	0.00
2	6	0.00	0.00	0.32	0.99	0.00
3	3	0.00	0.00	0.17	0.70	0.00
3	7	0.00	0.00	0.46	0.39	0.00
Core	CPU	C1%	C3%	C6%	C8%	C9%
-	-	0.02	0.42	9.44	12.78	0.00
0	0	0.14	3.31	56.43	13.34	0.00
0	4	0.00	0.02	15.93	82.34	0.00
1	1	0.00	0.00	0.27	1.19	0.00
1	5	0.00	0.02	1.05	0.69	0.00
2	2	0.00	0.00	0.36	0.89	0.00
2	6	0.00	0.00	0.25	1.38	0.00
3	3	0.00	0.00	0.32	0.80	0.00
3	7	0.00	0.01	0.90	1.59	0.00
Core	CPU	C1%	C3%	C6%	C8%	C9%
-	-	0.04	0.04	6.08	16.27	0.00
0	0	0.34	0.24	36.96	35.41	0.00
0	4	0.00	0.00	9.05	89.02	0.00
1	1	0.00	0.00	0.24	0.40	0.00
1	5	0.00	0.09	1.25	1.40	0.00
2	2	0.00	0.00	0.13	1.29	0.00
2	6	0.00	0.00	0.53	0.94	0.00
3	3	0.00	0.00	0.28	0.88	0.00
3	7	0.00	0.01	0.24	0.79	0.00
Core	CPU	C1%	C3%	C6%	C8%	C9%
-	-	0.03	0.38	7.58	13.94	0.09
0	0	0.21	3.00	45.34	23.16	0.71
0	4	0.00	0.00	12.77	82.78	0.00
1	1	0.00	0.00	0.24	0.99	0.00
1	5	0.00	0.03	0.88	0.99	0.00
2	2	0.00	0.01	0.39	0.70	0.00
2	6	0.00	0.00	0.28	0.99	0.00
3	3	0.00	0.00	0.28	0.89	0.00
3	7	0.00	0.00	0.46	0.98	0.00
Core	CPU	C1%	C3%	C6%	C8%	C9%
-	-	0.04	0.08	6.34	16.03	0.00
0	0	0.30	0.60	39.62	32.44	0.00
0	4	0.00	0.00	8.70	89.39	0.00
1	1	0.00	0.00	0.27	1.39	0.00
1	5	0.00	0.02	1.03	0.79	0.00
2	2	0.00	0.00	0.24	1.09	0.00
2	6	0.00	0.00	0.32	0.99	0.00
3	3	0.00	0.00	0.20	1.19	0.00
3	7	0.00	0.00	0.38	0.99	0.00
Core	CPU	C1%	C3%	C6%	C8%	C9%
-	-	0.02	0.44	8.11	18.21	0.00
0	0	0.18	3.21	48.77	21.70	0.00
0	4	0.00	0.02	12.23	85.91	0.00
1	1	0.00	0.00	0.26	4.07	0.00
1	5	0.00	0.07	0.78	1.19	0.00
2	2	0.00	0.00	0.36	0.89	0.00
2	6	0.00	0.00	0.34	1.49	0.00
3	3	0.00	0.00	0.42	1.09	0.00
3	7	0.01	0.23	1.69	29.32	0.00
Core	CPU	C1%	C3%	C6%	C8%	C9%
-	-	0.03	0.17	6.72	15.42	0.08
0	0	0.24	1.17	41.08	30.53	0.00
0	4	0.00	0.02	7.07	72.03	0.00
1	1	0.00	0.04	0.33	1.48	0.00
1	5	0.00	0.13	3.42	16.69	0.67
2	2	0.00	0.00	0.00	0.50	0.00
2	6	0.00	0.00	0.53	1.39	0.00
3	3	0.00	0.00	0.37	0.78	0.00
3	7	0.00	0.00	0.93	0.00	0.00
Core	CPU	C1%	C3%	C6%	C8%	C9%
-	-	0.03	0.03	6.17	15.85	0.00
0	0	0.27	0.25	37.22	35.22	0.00
0	4	0.00	0.00	5.12	54.96	0.00
1	1	0.00	0.00	0.26	0.40	0.00
1	5	0.00	0.02	4.87	33.99	0.00
2	2	0.00	0.00	0.32	0.60	0.00
2	6	0.00	0.00	0.70	0.40	0.00
3	3	0.00	0.00	0.49	0.60	0.00
3	7	0.00	0.00	0.37	0.59	0.00
Core	CPU	C1%	C3%	C6%	C8%	C9%
-	-	0.03	0.29	6.17	15.35	0.12
0	0	0.28	2.24	38.34	31.13	0.00
0	4	0.00	0.01	9.04	86.38	0.00
1	1	0.00	0.00	0.10	0.99	0.00
1	5	0.00	0.02	0.83	0.70	0.00
2	2	0.00	0.00	0.25	1.09	0.00
2	6	0.00	0.00	0.34	1.18	0.97
3	3	0.00	0.02	0.19	0.51	0.00
3	7	0.00	0.00	0.30	0.79	0.00
Core	CPU	C1%	C3%	C6%	C8%	C9%
-	-	0.03	0.28	8.11	13.93	0.00
0	0	0.22	2.18	48.79	21.91	0.00
0	4	0.00	0.00	13.72	84.45	0.00
1	1	0.00	0.02	0.20	0.20	0.00
1	5	0.00	0.03	0.56	0.31	0.00
2	2	0.00	0.00	0.29	0.98	0.00
2	6	0.00	0.00	0.41	1.18	0.00
3	3	0.00	0.00	0.25	1.18	0.00
3	7	0.00	0.00	0.62	1.19	0.00
Core	CPU	C1%	C3%	C6%	C8%	C9%
-	-	0.02	0.43	8.38	13.82	0.00
0	0	0.15	3.39	49.75	20.04	0.00
0	4	0.00	0.00	10.79	60.37	0.00
1	1	0.00	0.00	0.44	1.09	0.00
1	5	0.00	0.03	3.83	25.01	0.00
2	2	0.00	0.01	0.49	0.89	0.00
2	6	0.05	0.00	0.85	1.39	0.00
3	3	0.00	0.00	0.48	0.69	0.00
3	7	0.00	0.00	0.44	1.09	0.00
Core	CPU	C1%	C3%	C6%	C8%	C9%
-	-	0.03	0.21	7.43	14.89	0.00
0	0	0.27	1.64	45.27	25.86	0.00
0	4	0.00	0.00	11.62	86.55	0.00
1	1	0.00	0.00	0.39	2.76	0.00
1	5	0.00	0.03	0.73	0.89	0.00
2	2	0.00	0.00	0.14	0.79	0.00
2	6	0.00	0.00	0.73	0.59	0.00
3	3	0.00	0.00	0.30	0.80	0.00
3	7	0.00	0.00	0.29	0.89	0.00
Core	CPU	C1%	C3%	C6%	C8%	C9%
-	-	0.04	0.13	6.95	15.22	0.00
0	0	0.29	0.99	41.51	30.14	0.00
0	4	0.00	0.00	10.52	87.62	0.00
1	1	0.00	0.01	0.29	0.90	0.00
1	5	0.00	0.03	1.06	0.40	0.00
2	2	0.00	0.00	0.27	0.99	0.00
2	6	0.00	0.00	0.44	0.98	0.00
3	3	0.00	0.00	0.73	0.40	0.00
3	7	0.00	0.00	0.75	0.34	0.00
Core	CPU	C1%	C3%	C6%	C8%	C9%
-	-	0.04	0.35	6.39	15.31	0.00
0	0	0.30	2.77	39.30	30.02	0.00
0	4	0.00	0.00	8.66	87.29	0.00
1	1	0.00	0.00	0.24	0.80	0.00
1	5	0.00	0.03	1.09	0.70	0.00
2	2	0.00	0.00	0.10	0.78	0.00
2	6	0.00	0.00	0.20	0.89	0.00
3	3	0.00	0.00	0.27	1.28	0.00
3	7	0.00	0.03	1.26	0.69	0.00
Core	CPU	C1%	C3%	C6%	C8%	C9%
-	-	0.03	0.23	7.50	14.59	0.00
0	0	0.28	1.87	45.10	25.74	0.00
0	4	0.00	0.00	12.60	85.57	0.00
1	1	0.00	0.00	0.43	1.68	0.00
1	5	0.00	0.00	0.99	0.50	0.00
2	2	0.00	0.00	0.15	0.79	0.00
2	6	0.00	0.00	0.24	1.33	0.00
3	3	0.00	0.00	0.10	0.50	0.00
3	7	0.00	0.00	0.38	0.59	0.00
Core	CPU	C1%	C3%	C6%	C8%	C9%
-	-	0.04	0.15	6.21	15.86	0.00
0	0	0.35	1.15	37.50	33.98	0.00
0	4	0.00	0.02	9.10	88.55	0.00
1	1	0.00	0.00	0.78	0.20	0.00
1	5	0.00	0.04	1.30	0.30	0.00
2	2	0.00	0.00	0.26	0.80	0.00
2	6	0.00	0.00	0.34	0.99	0.00
3	3	0.00	0.00	0.32	0.89	0.00
3	7	0.00	0.00	0.10	1.19	0.00
Core	CPU	C1%	C3%	C6%	C8%	C9%
-	-	0.04	0.08	6.28	16.27	0.00
0	0	0.33	0.47	38.08	34.04	0.00
0	4	0.00	0.00	7.05	70.39	0.00
1	1	0.00	0.00	0.53	0.79	0.00
1	5	0.00	0.11	2.97	19.34	0.00
2	2	0.00	0.00	0.28	1.43	0.00
2	6	0.00	0.00	0.37	1.08	0.00
3	3	0.00	0.00	0.66	1.18	0.00
3	7	0.00	0.05	0.25	1.88	0.00
Core	CPU	C1%	C3%	C6%	C8%	C9%
-	-	0.04	0.11	6.53	15.65	0.00
0	0	0.30	0.72	39.26	32.66	0.00
0	4	0.00	0.00	5.74	49.66	0.00
1	1	0.00	0.00	0.27	0.79	0.00
1	5	0.00	0.11	4.96	38.53	0.00
2	2	0.00	0.00	0.82	0.58	0.00
2	6	0.00	0.01	0.74	0.88	0.00
3	3	0.00	0.00	0.10	1.09	0.00
3	7	0.00	0.01	0.38	0.99	0.00
Core	CPU	C1%	C3%	C6%	C8%	C9%
-	-	0.04	0.26	6.10	15.54	0.00
0	0	0.35	2.05	37.11	32.33	0.00
0	4	0.00	0.00	8.80	86.63	0.00
1	1	0.00	0.00	0.10	0.99	0.00
1	5	0.00	0.00	0.87	0.69	0.00
2	2	0.00	0.00	0.29	0.89	0.00
2	6	0.00	0.00	0.44	0.99	0.00
3	3	0.00	0.02	0.39	0.99	0.00
3	7	0.00	0.00	0.78	0.79	0.00
Core	CPU	C1%	C3%	C6%	C8%	C9%
-	-	0.05	0.01	5.88	16.44	0.00
0	0	0.42	0.06	36.07	36.30	0.00
0	4	0.00	0.00	8.27	89.80	0.00
1	1	0.00	0.01	0.50	0.79	0.00
1	5	0.00	0.00	0.99	0.60	0.00
2	2	0.00	0.00	0.38	0.59	0.00
2	6	0.00	0.00	0.36	0.99	0.00
3	3	0.00	0.00	0.24	1.28	0.00
3	7	0.00	0.03	0.20	1.18	0.00
Core	CPU	C1%	C3%	C6%	C8%	C9%
-	-	0.05	0.13	5.88	16.27	0.00
0	0	0.37	0.95	36.94	34.69	0.00
0	4	0.00	0.00	7.81	90.24	0.00
1	1	0.00	0.00	0.14	0.69	0.00
1	5	0.00	0.04	0.88	0.10	0.00
2	2	0.00	0.00	0.27	0.80	0.00
2	6	0.00	0.00	0.28	1.19	0.00
3	3	0.00	0.00	0.46	1.39	0.00
3	7	0.00	0.02	0.24	1.09	0.00
Core	CPU	C1%	C3%	C6%	C8%	C9%
-	-	0.04	0.17	6.81	15.44	0.00
0	0	0.33	1.28	40.55	30.70	0.00
0	4	0.00	0.00	10.80	87.32	0.00
1	1	0.00	0.00	0.80	1.80	0.00
1	5	0.00	0.06	1.18	0.30	0.00
2	2	0.00	0.02	0.58	0.60	0.00
2	6	0.00	0.00	0.19	0.90	0.00
3	3	0.00	0.00	0.18	0.89	0.00
3	7	0.00	0.00	0.20	0.99	0.00
Core	CPU	C1%	C3%	C6%	C8%	C9%
-	-	0.04	0.10	6.38	15.94	0.00
0	0	0.36	0.74	39.07	32.66	0.00
0	4	0.00	0.00	9.00	89.11	0.00
1	1	0.00	0.00	0.48	0.49	0.00
1	5	0.00	0.03	0.94	0.79	0.00
2	2	0.00	0.00	0.44	1.19	0.00
2	6	0.00	0.00	0.42	1.28	0.00
3	3	0.00	0.01	0.39	0.90	0.00
3	7	0.00	0.00	0.29	1.08	0.00
Core	CPU	C1%	C3%	C6%	C8%	C9%
-	-	0.04	0.40	6.72	14.95	0.00
0	0	0.32	3.14	39.95	28.85	0.00
0	4	0.00	0.00	11.00	84.78	0.00
1	1	0.00	0.00	0.20	0.99	0.00
1	5	0.00	0.03	1.24	0.59	0.00
2	2	0.00	0.00	0.37	1.09	0.00
2	6	0.00	0.00	0.46	1.18	0.00
3	3	0.00	0.00	0.32	0.89	0.00
3	7	0.00	0.00	0.20	1.19	0.00
Core	CPU	C1%	C3%	C6%	C8%	C9%
-	-	0.05	0.10	6.33	15.83	0.00
0	0	0.39	0.72	38.47	33.32	0.00
0	4	0.00	0.02	9.93	88.15	0.00
1	1	0.00	0.00	0.10	1.09	0.00
1	5	0.00	0.03	1.13	1.68	0.00
2	2	0.00	0.00	0.36	0.79	0.00
2	6	0.00	0.00	0.33	0.69	0.00
3	3	0.00	0.00	0.23	0.40	0.00
3	7	0.00	0.00	0.10	0.50	0.00
Core	CPU	C1%	C3%	C6%	C8%	C9%
-	-	0.05	0.19	6.27	15.92	0.11
0	0	0.37	1.36	38.64	32.55	0.00
0	4	0.00	0.01	8.98	88.78	0.00
1	1	0.00	0.00	0.69	1.19	0.00
1	5	0.00	0.11	0.92	0.89	0.88
2	2	0.00	0.00	0.26	1.18	0.00
2	6	0.00	0.00	0.24	1.09	0.00
3	3	0.00	0.02	0.20	1.00	0.00
3	7	0.00	0.00	0.20	0.70	0.00
Core	CPU	C1%	C3%	C6%	C8%	C9%
-	-	0.02	0.57	9.14	12.90	0.00
0	0	0.18	4.34	52.57	16.06	0.00
0	4	0.00	0.01	16.85	81.31	0.00
1	1	0.00	0.00	0.39	1.09	0.00
1	5	0.00	0.10	1.28	0.29	0.00
2	2	0.00	0.00	0.26	0.79	0.00
2	6	0.00	0.01	0.68	1.16	0.00
3	3	0.00	0.04	0.51	0.99	0.00
3	7	0.00	0.03	0.57	1.50	0.00
Core	CPU	C1%	C3%	C6%	C8%	C9%
-	-	0.03	0.26	7.71	18.32	0.00
0	0	0.26	1.86	46.24	25.15	0.00
0	4	0.00	0.00	10.56	87.69	0.00
1	1	0.00	0.01	0.45	1.78	0.00
1	5	0.00	0.05	1.25	0.30	0.00
2	2	0.00	0.00	0.29	0.88	0.00
2	6	0.00	0.00	0.76	0.40	0.00
3	3	0.00	0.00	0.62	0.98	0.00
3	7	0.01	0.19	1.56	29.40	0.00
Core	CPU	C1%	C3%	C6%	C8%	C9%
-	-	0.03	0.25	6.81	15.27	2.50
0	0	0.21	1.87	40.87	28.40	0.00
0	4	0.00	0.00	1.92	5.39	16.63
1	1	0.01	0.00	0.44	1.38	0.00
1	5	0.00	0.05	7.81	81.97	0.00
2	2	0.03	0.01	0.50	1.10	0.00
2	6	0.01	0.02	0.74	1.67	3.37
3	3	0.00	0.00	1.16	1.79	0.00
3	7	0.00	0.00	1.05	0.49	0.00
Core	CPU	C1%	C3%	C6%	C8%	C9%
-	-	0.03	0.12	6.70	15.68	0.00
0	0	0.22	0.85	39.77	32.00	0.00
0	4	0.00	0.00	0.88	0.49	0.00
1	1	0.00	0.00	0.91	1.20	0.00
1	5	0.00	0.09	9.78	88.36	0.00
2	2	0.00	0.00	0.72	0.69	0.00
2	6	0.00	0.00	0.60	0.89	0.00
3	3	0.00	0.00	0.39	0.99	0.00
3	7	0.00	0.00	0.56	0.79	0.00
Core	CPU	C1%	C3%	C6%	C8%	C9%
-	-	0.02	0.45	7.59	14.40	3.07
0	0	0.18	3.51	48.39	21.22	0.00
0	4	0.00	0.00	5.30	33.69	23.76
1	1	0.00	0.00	0.29	1.39	0.00
1	5	0.00	0.09	5.30	54.58	0.00
2	2	0.00	0.00	0.25	1.09	0.00
2	6	0.00	0.00	0.42	1.19	0.00
3	3	0.00	0.02	0.29	0.90	0.00
3	7	0.00	0.00	0.45	1.16	0.80
Core	CPU	C1%	C3%	C6%	C8%	C9%
-	-	0.04	0.13	6.44	15.68	0.00
0	0	0.31	0.97	40.02	31.58	0.00
0	4	0.00	0.00	8.99	89.12	0.00
1	1	0.00	0.00	0.19	0.89	0.00
1	5	0.00	0.03	0.84	0.79	0.00
2	2	0.00	0.00	0.26	0.79	0.00
2	6	0.00	0.00	0.14	0.59	0.00
3	3	0.00	0.02	0.29	0.90	0.00
3	7	0.00	0.00	0.79	0.79	0.00
Core	CPU	C1%	C3%	C6%	C8%	C9%
-	-	0.03	0.33	7.80	14.46	0.00
0	0	0.23	2.19	43.43	25.25	0.01
0	4	0.00	0.40	14.80	67.10	0.00
1	1	0.00	0.02	0.19	1.67	0.00
1	5	0.00	0.01	2.74	17.86	0.00
2	2	0.00	0.00	0.29	0.98	0.00
2	6	0.00	0.00	0.37	0.98	0.00
3	3	0.00	0.00	0.35	0.99	0.00
3	7	0.00	0.00	0.22	0.89	0.00
Core	CPU	C1%	C3%	C6%	C8%	C9%
-	-	0.03	0.53	7.94	13.63	0.14
0	0	0.17	4.10	47.04	19.17	1.11
0	4	0.09	0.04	12.47	80.04	0.00
1	1	0.00	0.01	1.03	0.90	0.00
1	5	0.00	0.10	1.99	5.25	0.00
2	2	0.00	0.00	0.10	0.99	0.00
2	6	0.00	0.00	0.19	0.79	0.00
3	3	0.00	0.00	0.37	0.79	0.00
3	7	0.00	0.00	0.35	1.08	0.00
Core	CPU	C1%	C3%	C6%	C8%	C9%
-	-	0.01	0.18	6.99	15.06	0.00
0	0	0.12	1.35	45.10	25.94	0.00
0	4	0.00	0.00	0.29	0.88	0.00
1	1	0.00	0.00	0.46	1.09	0.00
1	5	0.00	0.08	9.07	89.09	0.00
2	2	0.00	0.02	0.39	0.91	0.00
2	6	0.00	0.00	0.18	1.10	0.00
3	3	0.00	0.00	0.19	0.89	0.00
3	7	0.00	0.00	0.25	0.59	0.00
Core	CPU	C1%	C3%	C6%	C8%	C9%
-	-	0.02	0.38	7.32	14.52	1.25
0	0	0.12	3.01	48.51	20.96	0.00
0	4	0.00	0.00	5.33	46.56	9.98
1	1	0.00	0.00	0.36	0.89	0.00
1	5	0.00	0.04	3.25	43.75	0.00
2	2	0.00	0.00	0.22	1.00	0.00
2	6	0.00	0.00	0.20	1.09	0.00
3	3	0.00	0.00	0.29	1.18	0.00
3	7	0.00	0.00	0.37	0.69	0.00
Core	CPU	C1%	C3%	C6%	C8%	C9%
-	-	0.02	0.32	7.79	14.06	0.00
0	0	0.14	2.44	48.90	20.81	0.00
0	4	0.00	0.01	11.43	86.73	0.00
1	1	0.00	0.00	0.10	1.08	0.00
1	5	0.00	0.11	0.78	1.28	0.00
2	2	0.00	0.00	0.26	0.69	0.00
2	6	0.00	0.00	0.27	0.69	0.00
3	3	0.00	0.02	0.26	0.60	0.00
3	7	0.00	0.00	0.29	0.59	0.00
Core	CPU	C1%	C3%	C6%	C8%	C9%
-	-	0.01	0.28	7.79	14.32	0.00
0	0	0.12	2.10	47.69	22.19	0.00
0	4	0.00	0.00	11.23	86.96	0.00
1	1	0.00	0.02	1.15	1.00	0.00
1	5	0.00	0.10	1.10	0.39	0.00
2	2	0.00	0.00	0.29	1.08	0.00
2	6	0.00	0.00	0.37	1.08	0.00
3	3	0.00	0.00	0.25	0.98	0.00
3	7	0.00	0.00	0.23	0.89	0.00
Core	CPU	C1%	C3%	C6%	C8%	C9%
-	-	0.01	0.58	7.97	13.26	0.00
0	0	0.10	4.58	48.08	19.09	0.00
0	4	0.00	0.00	13.30	82.76	0.00
1	1	0.00	0.00	0.35	0.69	0.00
1	5	0.00	0.08	0.93	0.00	0.00
2	2	0.00	0.01	0.29	0.80	0.00
2	6	0.00	0.00	0.10	0.89	0.00
3	3	0.00	0.00	0.28	0.79	0.00
3	7	0.00	0.00	0.45	1.08	0.00
Core	CPU	C1%	C3%	C6%	C8%	C9%
-	-	0.02	0.42	8.45	13.44	0.00
0	0	0.15	3.23	51.15	18.06	0.00
0	4	0.00	0.00	12.65	85.61	0.00
1	1	0.00	0.00	0.29	0.99	0.00
1	5	0.00	0.11	1.22	0.69	0.00
2	2	0.00	0.00	0.72	0.49	0.00
2	6	0.00	0.00	0.89	0.10	0.00
3	3	0.00	0.00	0.29	0.69	0.00
3	7	0.00	0.01	0.38	0.88	0.00
Core	CPU	C1%	C3%	C6%	C8%	C9%
-	-	0.01	0.33	7.30	14.65	0.00
0	0	0.12	2.50	47.03	22.44	0.00
0	4	0.00	0.01	7.64	90.38	0.00
1	1	0.00	0.00	0.19	0.89	0.00
1	5	0.00	0.03	1.25	0.29	0.00
2	2	0.00	0.05	0.39	0.40	0.00
2	6	0.00	0.00	0.59	1.19	0.00
3	3	0.00	0.01	0.39	0.89	0.00
3	7	0.00	0.00	0.87	0.69	0.00
Core	CPU	C1%	C3%	C6%	C8%	C9%
-	-	0.02	0.33	7.73	14.05	0.00
0	0	0.14	2.51	48.41	21.41	0.00
0	4	0.00	0.01	10.53	87.62	0.00
1	1	0.00	0.01	0.59	0.40	0.00
1	5	0.00	0.10	1.05	0.99	0.00
2	2	0.00	0.00	0.44	0.70	0.00
2	6	0.00	0.00	0.34	0.79	0.00
3	3	0.00	0.02	0.30	0.20	0.00
3	7	0.00	0.00	0.19	0.30	0.00
Core	CPU	C1%	C3%	C6%	C8%	C9%
-	-	0.03	0.47	8.69	13.08	0.00
0	0	0.21	3.71	51.03	17.66	0.00
0	4	0.00	0.00	16.02	82.22	0.00
1	1	0.00	0.02	0.40	0.00	0.00
1	5	0.00	0.04	0.77	0.00	0.00
2	2	0.00	0.00	0.38	1.38	0.00
2	6	0.00	0.00	0.45	0.99	0.00
3	3	0.00	0.00	0.17	1.29	0.00
3	7	0.00	0.02	0.30	1.09	0.00
Core	CPU	C1%	C3%	C6%	C8%	C9%
-	-	0.04	0.38	6.85	14.49	0.44
0	0	0.31	2.88	41.77	26.72	0.00
0	4	0.00	0.00	10.63	84.99	0.00
1	1	0.00	0.00	0.33	0.79	0.00
1	5	0.00	0.13	1.18	0.40	0.00
2	2	0.00	0.00	0.19	0.99	0.00
2	6	0.00	0.00	0.19	0.79	3.48
3	3	0.00	0.00	0.37	0.69	0.00
3	7	0.00	0.00	0.15	0.59	0.00
Core	CPU	C1%	C3%	C6%	C8%	C9%
-	-	0.03	0.03	6.07	16.17	0.00
0	0	0.26	0.21	36.83	35.70	0.00
0	4	0.00	0.00	2.64	20.84	0.00
1	1	0.00	0.00	0.25	0.98	0.00
1	5	0.00	0.05	7.13	68.70	0.00
2	2	0.00	0.01	0.41	0.90	0.00
2	6	0.00	0.00	0.59	0.39	0.00
3	3	0.00	0.00	0.28	0.88	0.00
3	7	0.00	0.00	0.45	0.99	0.00
Core	CPU	C1%	C3%	C6%	C8%	C9%
-	-	0.03	0.43	7.32	14.85	1.81
0	0	0.23	3.42	47.02	22.55	0.00
0	4	0.00	0.00	5.49	40.41	14.47
1	1	0.00	0.00	0.97	1.38	0.00
1	5	0.00	0.02	3.14	50.16	0.00
2	2	0.00	0.03	1.07	1.79	0.00
2	6	0.00	0.00	0.20	0.98	0.00
3	3	0.00	0.00	0.29	0.88	0.00
3	7	0.00	0.00	0.36	0.69	0.00
Core	CPU	C1%	C3%	C6%	C8%	C9%
-	-	0.05	0.05	6.03	16.44	0.00
0	0	0.39	0.36	37.69	34.35	0.00
0	4	0.00	0.00	7.99	90.10	0.00
1	1	0.00	0.00	0.28	0.99	0.00
1	5	0.00	0.00	0.56	1.29	0.00
2	2	0.00	0.00	0.46	1.37	0.00
2	6	0.00	0.00	0.32	0.99	0.00
3	3	0.00	0.01	0.39	1.19	0.00
3	7	0.00	0.02	0.54	1.25	0.00
Core	CPU	C1%	C3%	C6%	C8%	C9%
-	-	0.05	0.11	6.33	16.00	0.00
0	0	0.38	0.82	38.88	32.78	0.00
0	4	0.00	0.02	9.64	88.44	0.00
1	1	0.00	0.00	0.20	1.48	0.00
1	5	0.00	0.00	0.19	0.79	0.00
2	2	0.00	0.00	0.78	0.69	0.00
2	6	0.00	0.00	0.25	1.09	0.00
3	3	0.00	0.00	0.52	1.59	0.00
3	7	0.00	0.00	0.20	1.09	0.00
Core	CPU	C1%	C3%	C6%	C8%	C9%
-	-	0.05	0.29	5.88	15.73	0.00
0	0	0.36	2.28	37.53	32.00	0.00
0	4	0.00	0.00	7.94	87.82	0.00
1	1	0.00	0.00	0.24	0.99	0.00
1	5	0.00	0.01	0.22	0.89	0.00
2	2	0.00	0.00	0.41	1.50	0.00
2	6	0.00	0.00	0.29	0.98	0.00
3	3	0.00	0.00	0.27	0.69	0.00
3	7	0.00	0.00	0.15	0.99	0.00
Core	CPU	C1%	C3%	C6%	C8%	C9%
-	-	1.27	0.73	8.27	16.38	0.29
0	0	0.22	2.80	38.70	11.64	1.85
0	4	0.00	0.00	13.90	84.65	0.00
1	1	9.89	2.84	10.40	0.89	0.00
1	5	0.00	0.00	0.80	0.99	0.00
2	2	0.00	0.02	0.61	1.29	0.00
2	6	0.00	0.00	0.37	1.19	0.50
3	3	0.00	0.00	0.28	1.08	0.00
3	7	0.01	0.19	1.13	29.33	0.00
Core	CPU	C1%	C3%	C6%	C8%	C9%
-	-	0.05	0.11	5.93	16.38	0.00
0	0	0.38	0.85	36.14	35.43	0.00
0	4	0.00	0.00	8.14	89.68	0.00
1	1	0.00	0.00	0.47	0.99	0.00
1	5	0.00	0.00	0.66	1.19	0.00
2	2	0.00	0.00	0.66	1.58	0.00
2	6	0.00	0.00	0.31	1.19	0.00
3	3	0.00	0.00	0.17	0.60	0.00
3	7	0.00	0.00	0.87	0.40	0.00
Core	CPU	C1%	C3%	C6%	C8%	C9%
-	-	0.05	0.03	6.00	16.26	0.00
0	0	0.39	0.16	36.70	35.54	0.00
0	4	0.00	0.02	8.83	89.23	0.00
1	1	0.00	0.00	0.19	0.99	0.00
1	5	0.00	0.00	0.34	0.88	0.00
2	2	0.00	0.06	0.72	0.99	0.00
2	6	0.00	0.00	0.35	0.87	0.00
3	3	0.00	0.02	0.29	0.90	0.00
3	7	0.00	0.00	0.59	0.70	0.00
Core	CPU	C1%	C3%	C6%	C8%	C9%
-	-	0.04	0.12	6.91	15.67	0.00
0	0	0.36	0.94	39.56	31.99	0.00
0	4	0.00	0.00	11.00	87.09	0.00
1	1	0.00	0.00	1.08	0.40	0.00
1	5	0.00	0.05	0.92	0.60	0.00
2	2	0.00	0.00	0.41	1.38	0.00
2	6	0.00	0.00	1.05	0.49	0.00
3	3	0.00	0.00	0.90	2.19	0.00
3	7	0.00	0.00	0.33	1.18	0.00
Core	CPU	C1%	C3%	C6%	C8%	C9%
-	-	0.04	0.28	5.87	15.75	0.00
0	0	0.36	2.16	36.57	32.94	0.00
0	4	0.00	0.00	8.46	87.19	0.00
1	1	0.00	0.00	0.58	1.57	0.00
1	5	0.00	0.00	0.22	0.99	0.00
2	2	0.00	0.00	0.31	0.70	0.00
2	6	0.00	0.09	0.10	0.89	0.00
3	3	0.00	0.00	0.28	0.79	0.00
3	7	0.00	0.00	0.46	0.98	0.00
Core	CPU	C1%	C3%	C6%	C8%	C9%
-	-	0.06	0.13	6.69	15.52	0.00
0	0	0.48	0.98	40.05	31.34	0.00
0	4	0.00	0.02	10.94	87.18	0.00
1	1	0.00	0.00	0.27	1.19	0.00
1	5	0.00	0.00	0.35	0.99	0.00
2	2	0.00	0.03	0.63	0.99	0.00
2	6	0.00	0.02	0.78	0.29	0.00
3	3	0.00	0.00	0.10	1.19	0.00
3	7	0.00	0.00	0.37	0.99	0.00
Core	CPU	C1%	C3%	C6%	C8%	C9%
-	-	0.04	0.23	6.75	15.64	0.00
0	0	0.32	1.77	41.53	30.01	0.00
0	4	0.00	0.00	9.19	88.96	0.00
1	1	0.00	0.00	1.49	1.48	0.00
1	5	0.00	0.00	0.46	0.50	0.00
2	2	0.00	0.01	0.57	1.18	0.00
2	6	0.00	0.00	0.28	1.09	0.00
3	3	0.00	0.02	0.29	1.09	0.00
3	7	0.00	0.00	0.20	0.79	0.00
Core	CPU	C1%	C3%	C6%	C8%	C9%
-	-	0.05	0.05	6.09	16.10	0.00
0	0	0.41	0.36	37.34	34.77	0.00
0	4	0.00	0.00	9.06	89.01	0.00
1	1	0.00	0.02	0.60	0.69	0.00
1	5	0.00	0.00	0.20	1.09	0.00
2	2	0.00	0.00	0.51	1.19	0.00
2	6	0.00	0.00	0.55	0.49	0.00
3	3	0.00	0.00	0.35	0.99	0.00
3	7	0.00	0.03	0.10	0.59	0.00
Core	CPU	C1%	C3%	C6%	C8%	C9%
-	-	0.05	0.03	6.05	16.26	0.00
0	0	0.39	0.27	36.96	35.00	0.00
0	4	0.00	0.00	8.63	86.13	0.00
1	1	0.00	0.00	1.11	1.19	0.00
1	5	0.00	0.00	0.59	3.99	0.00
2	2	0.00	0.00	0.21	0.70	0.00
2	6	0.00	0.00	0.29	1.18	0.00
3	3	0.00	0.00	0.37	0.89	0.00
3	7	0.00	0.00	0.25	0.99	0.00
Core	CPU	C1%	C3%	C6%	C8%	C9%
-	-	0.02	0.38	6.59	15.24	0.52
0	0	0.19	2.89	40.19	29.18	0.00
0	4	0.00	0.00	0.88	0.18	4.19
1	1	0.00	0.00	0.35	1.09	0.00
1	5	0.00	0.11	9.01	86.64	0.00
2	2	0.00	0.02	0.61	1.18	0.00
2	6	0.00	0.00	0.37	1.57	0.00
3	3	0.00	0.00	0.88	1.08	0.00
3	7	0.00	0.00	0.45	0.99	0.00
Core	CPU	C1%	C3%	C6%	C8%	C9%
-	-	0.05	0.02	5.92	16.35	0.00
0	0	0.42	0.12	36.52	35.81	0.00
0	4	0.00	0.00	7.59	78.91	0.00
1	1	0.00	0.00	0.35	1.29	0.00
1	5	0.00	0.00	0.98	11.42	0.00
2	2	0.00	0.00	0.84	0.69	0.00
2	6	0.00	0.00	0.60	0.79	0.00
3	3	0.00	0.00	0.19	0.79	0.00
3	7	0.00	0.00	0.27	1.09	0.00
Core	CPU	C1%	C3%	C6%	C8%	C9%
-	-	0.03	0.40	7.81	14.38	0.00
0	0	0.21	3.12	45.20	24.59	0.00
0	4	0.00	0.01	12.75	69.35	0.00
1	1	0.00	0.00	0.85	2.37	0.00
1	5	0.00	0.01	2.36	15.96	0.00
2	2	0.00	0.01	0.58	0.70	0.00
2	6	0.00	0.00	0.23	0.69	0.00
3	3	0.00	0.02	0.20	0.69	0.00
3	7	0.00	0.00	0.30	0.69	0.00
Core	CPU	C1%	C3%	C6%	C8%	C9%
-	-	1.11	0.63	7.44	13.33	0.25
0	0	0.26	2.13	34.94	17.27	1.97
0	4	0.00	0.03	13.74	84.72	0.00
1	1	0.00	0.00	0.77	1.28	0.00
1	5	8.58	2.89	7.91	0.79	0.00
2	2	0.00	0.00	0.48	1.39	0.00
2	6	0.00	0.00	0.35	0.89	0.00
3	3	0.00	0.00	0.73	0.20	0.00
3	7	0.00	0.02	0.59	0.10	0.00
Core	CPU	C1%	C3%	C6%	C8%	C9%
-	-	3.40	1.14	7.23	11.63	0.57
0	0	0.07	1.22	14.36	3.67	4.55
0	4	0.00	0.00	17.33	81.63	0.00
1	1	0.00	0.00	0.59	1.88	0.00
1	5	26.04	7.92	21.71	0.00	0.00
2	2	0.00	0.02	0.78	0.90	0.00
2	6	0.39	0.00	0.59	1.57	0.00
3	3	0.00	0.00	0.37	1.68	0.00
3	7	0.71	0.00	2.09	1.68	0.00
Core	CPU	C1%	C3%	C6%	C8%	C9%
-	-	0.86	0.63	6.87	14.43	0.30
0	0	0.32	0.54	29.58	26.38	2.23
0	4	0.00	0.00	14.66	81.51	0.00
1	1	0.00	0.00	0.53	1.63	0.03
1	5	6.58	4.49	7.59	0.70	0.00
2	2	0.00	0.00	1.00	1.39	0.00
2	6	0.00	0.00	0.23	1.29	0.15
3	3	0.00	0.01	0.49	1.19	0.00
3	7	0.00	0.00	0.88	1.39	0.00
Core	CPU	C1%	C3%	C6%	C8%	C9%
-	-	0.05	0.04	6.10	16.19	0.00
0	0	0.39	0.26	37.13	35.10	0.00
0	4	0.00	0.00	7.88	90.20	0.00
1	1	0.00	0.04	0.76	0.48	0.00
1	5	0.00	0.00	0.60	0.50	0.00
2	2	0.00	0.02	0.88	0.30	0.00
2	6	0.00	0.00	0.66	0.29	0.00
3	3	0.00	0.00	0.35	1.08	0.00
3	7	0.00	0.00	0.53	1.58	0.00
Core	CPU	C1%	C3%	C6%	C8%	C9%
-	-	0.81	0.54	6.97	14.31	0.17
0	0	0.21	1.95	35.10	21.40	1.40
0	4	0.00	0.00	11.42	86.94	0.00
1	1	6.30	2.36	7.51	1.38	0.00
1	5	0.00	0.00	0.62	0.98	0.00
2	2	0.00	0.00	0.31	0.99	0.00
2	6	0.00	0.00	0.19	0.79	0.00
3	3	0.00	0.00	0.37	0.79	0.00
3	7	0.00	0.00	0.25	1.18	0.00
Core	CPU	C1%	C3%	C6%	C8%	C9%
-	-	0.43	0.37	7.39	15.15	0.03
0	0	0.30	2.12	41.16	24.39	0.24
0	4	0.00	0.02	9.99	88.20	0.00
1	1	2.45	0.75	3.65	0.89	0.00
1	5	0.00	0.00	0.38	1.19	0.00
2	2	0.00	0.00	1.27	2.19	0.00
2	6	0.00	0.02	0.99	1.59	0.00
3	3	0.00	0.00	0.59	1.58	0.00
3	7	0.71	0.00	1.06	1.19	0.00
Core	CPU	C1%	C3%	C6%	C8%	C9%
-	-	0.05	0.08	6.09	15.90	0.00
0	0	0.37	0.65	38.38	33.49	0.00
0	4	0.00	0.02	7.71	85.25	0.00
1	1	0.00	0.00	0.40	0.49	0.00
1	5	0.00	0.00	0.75	5.47	0.00
2	2	0.00	0.00	0.58	0.79	0.00
2	6	0.00	0.00	0.25	0.30	0.00
3	3	0.00	0.00	0.42	0.70	0.00
3	7	0.00	0.00	0.19	0.70	0.00
Core	CPU	C1%	C3%	C6%	C8%	C9%
-	-	0.04	0.25	5.79	15.81	0.01
0	0	0.33	1.97	35.84	33.99	0.00
0	4	0.00	0.00	6.24	57.76	0.00
1	1	0.00	0.00	0.14	0.89	0.00
1	5	0.00	0.03	2.97	29.78	0.00
2	2	0.00	0.00	0.31	0.99	0.00
2	6	0.00	0.00	0.30	1.08	0.11
3	3	0.00	0.00	0.27	1.08	0.00
3	7	0.00	0.00	0.25	0.88	0.00
Core	CPU	C1%	C3%	C6%	C8%	C9%
-	-	0.05	0.03	5.93	16.49	0.00
0	0	0.43	0.21	36.84	35.46	0.00
0	4	0.00	0.00	8.31	89.74	0.00
1	1	0.00	0.00	0.50	1.59	0.00
1	5	0.00	0.00	0.13	0.99	0.00
2	2	0.00	0.01	0.61	1.19	0.00
2	6	0.00	0.00	0.10	1.18	0.00
3	3	0.00	0.00	0.28	0.79	0.00
3	7	0.00	0.00	0.65	0.99	0.00
Core	CPU	C1%	C3%	C6%	C8%	C9%
-	-	0.05	0.18	6.15	15.70	0.00
0	0	0.36	1.38	38.02	33.14	0.00
0	4	0.00	0.01	8.94	89.14	0.00
1	1	0.00	0.00	0.69	0.19	0.00
1	5	0.00	0.00	0.37	0.49	0.00
2	2	0.00	0.03	0.45	0.79	0.00
2	6	0.00	0.00	0.38	0.79	0.00
3	3	0.00	0.00	0.00	0.70	0.00
3	7	0.00	0.00	0.39	0.39	0.00
Core	CPU	C1%	C3%	C6%	C8%	C9%
-	-	0.49	0.48	8.32	17.39	0.12
0	0	0.66	2.22	40.21	19.52	0.92
0	4	0.00	0.02	15.51	82.78	0.00
1	1	3.14	1.51	8.07	2.94	0.00
1	5	0.00	0.00	0.28	0.89	0.00
2	2	0.00	0.00	0.43	1.78	0.00
2	6	0.11	0.00	1.06	0.78	0.00
3	3	0.00	0.00	0.42	1.29	0.00
3	7	0.01	0.09	0.55	29.10	0.00
Core	CPU	C1%	C3%	C6%	C8%	C9%
-	-	0.05	0.02	6.09	15.95	0.00
0	0	0.41	0.14	36.55	35.79	0.00
0	4	0.00	0.00	8.88	89.16	0.00
1	1	0.00	0.00	0.95	0.30	0.00
1	5	0.00	0.00	0.26	0.59	0.00
2	2	0.00	0.00	0.10	0.78	0.00
2	6	0.00	0.00	0.86	0.30	0.00
3	3	0.00	0.00	0.47	0.50	0.00
3	7	0.00	0.00	0.64	0.19	0.00
Core	CPU	C1%	C3%	C6%	C8%	C9%
-	-	0.01	0.54	8.04	13.38	0.42
0	0	0.08	4.20	47.81	18.92	0.00
0	4	0.00	0.00	12.13	83.66	0.00
1	1	0.00	0.01	1.68	0.79	0.00
1	5	0.00	0.00	0.25	1.19	0.00
2	2	0.00	0.00	0.92	0.30	0.00
2	6	0.00	0.12	0.92	0.03	3.32
3	3	0.00	0.00	0.20	1.18	0.00
3	7	0.00	0.00	0.44	0.99	0.00
Core	CPU	C1%	C3%	C6%	C8%	C9%
-	-	0.01	0.24	7.65	14.22	0.00
0	0	0.09	1.87	48.58	20.80	0.00
0	4	0.00	0.00	10.12	87.98	0.00
1	1	0.00	0.03	0.68	0.79	0.00
1	5	0.00	0.00	0.30	1.18	0.00
2	2	0.00	0.00	0.48	0.99	0.00
2	6	0.00	0.00	0.64	0.59	0.00
3	3	0.00	0.00	0.23	0.50	0.00
3	7	0.00	0.00	0.19	0.90	0.00
Core	CPU	C1%	C3%	C6%	C8%	C9%
-	-	0.01	0.27	7.18	14.96	0.00
0	0	0.07	2.14	46.61	22.51	0.00
0	4	0.00	0.00	6.89	91.20	0.00
1	1	0.00	0.03	1.41	1.08	0.00
1	5	0.00	0.01	0.80	0.30	0.00
2	2	0.00	0.00	0.30	0.88	0.00
2	6	0.00	0.00	0.48	0.98	0.00
3	3	0.00	0.00	0.25	1.28	0.00
3	7	0.00	0.00	0.73	1.48	0.00
Core	CPU	C1%	C3%	C6%	C8%	C9%
-	-	0.01	0.14	7.24	15.54	0.00
0	0	0.06	1.09	46.44	23.64	0.00
0	4	0.00	0.00	8.33	89.74	0.00
1	1	0.00	0.03	1.21	6.91	0.03
1	5	0.00	0.02	0.32	0.60	0.00
2	2	0.00	0.00	0.63	0.36	0.00
2	6	0.00	0.00	0.38	1.08	0.00
3	3	0.00	0.00	0.37	0.99	0.00
3	7	0.00	0.00	0.24	0.99	0.00
Core	CPU	C1%	C3%	C6%	C8%	C9%
-	-	0.01	0.18	7.45	15.86	0.00
0	0	0.10	1.41	47.79	22.30	0.00
0	4	0.00	0.00	7.49	90.62	0.00
1	1	0.00	0.01	2.94	8.65	0.00
1	5	0.00	0.03	0.23	0.99	0.00
2	2	0.00	0.00	0.29	1.10	0.00
2	6	0.00	0.00	0.29	1.08	0.00
3	3	0.00	0.00	0.37	1.08	0.00
3	7	0.00	0.00	0.25	1.08	0.00
Core	CPU	C1%	C3%	C6%	C8%	C9%
-	-	0.05	0.54	5.68	16.20	0.00
0	0	0.40	2.50	34.73	35.27	0.00
0	4	0.00	0.00	7.91	88.53	0.00
1	1	0.00	0.01	0.68	1.14	0.00
1	5	0.00	0.00	0.13	1.34	0.00
2	2	0.00	0.01	0.47	0.95	0.00
2	6	0.00	1.71	0.00	0.02	0.00
3	3	0.00	0.00	1.03	1.63	0.00
3	7	0.00	0.10	0.47	0.67	0.00
Core	CPU	C1%	C3%	C6%	C8%	C9%
-	-	0.61	0.30	6.69	14.91	0.13
0	0	0.27	0.72	34.11	27.93	1.02
0	4	0.00	0.01	11.75	86.47	0.00
1	1	4.57	1.63	5.54	1.18	0.00
1	5	0.00	0.00	0.60	1.19	0.00
2	2	0.00	0.00	0.36	0.69	0.00
2	6	0.00	0.00	0.44	0.20	0.00
3	3	0.00	0.02	0.39	0.80	0.00
3	7	0.00	0.00	0.30	0.79	0.00
Core	CPU	C1%	C3%	C6%	C8%	C9%
-	-	0.05	0.15	6.36	16.02	0.00
0	0	0.36	1.16	38.42	32.92	0.00
0	4	0.00	0.00	9.33	88.49	0.00
1	1	0.00	0.05	1.29	1.20	0.00
1	5	0.07	0.00	0.29	1.00	0.00
2	2	0.00	0.00	0.29	1.28	0.00
2	6	0.00	0.00	0.44	1.08	0.00
3	3	0.00	0.00	0.25	1.19	0.00
3	7	0.00	0.00	0.60	0.99	0.00
Core	CPU	C1%	C3%	C6%	C8%	C9%
-	-	0.03	0.27	7.54	14.80	0.00
0	0	0.24	2.07	44.47	26.22	0.00
0	4	0.00	0.00	9.05	53.70	0.00
1	1	0.00	0.05	1.45	0.87	0.00
1	5	0.00	0.00	3.50	33.33	0.00
2	2	0.00	0.02	0.39	1.10	0.00
2	6	0.00	0.00	0.59	1.48	0.00
3	3	0.00	0.00	0.28	0.88	0.00
3	7	0.00	0.00	0.55	0.79	0.00
Core	CPU	C1%	C3%	C6%	C8%	C9%
-	-	0.02	0.25	6.71	14.75	0.78
0	0	0.14	1.89	41.38	27.88	0.00
0	4	0.00	0.00	0.99	0.11	6.26
1	1	0.00	0.00	1.09	0.48	0.00
1	5	0.00	0.15	9.25	86.09	0.00
2	2	0.00	0.00	0.25	0.89	0.00
2	6	0.00	0.00	0.23	0.89	0.00
3	3	0.00	0.00	0.10	0.80	0.00
3	7	0.00	0.00	0.39	0.89	0.00
Core	CPU	C1%	C3%	C6%	C8%	C9%
-	-	0.02	0.09	6.44	16.07	0.00
0	0	0.14	0.63	39.56	32.76	0.00
0	4	0.00	0.00	0.47	0.52	0.00
1	1	0.00	0.00	1.53	1.28	0.00
1	5	0.00	0.10	8.71	89.38	0.00
2	2	0.00	0.00	0.15	1.38	0.00
2	6	0.00	0.00	0.63	1.28	0.00
3	3	0.00	0.01	0.29	0.99	0.00
3	7	0.00	0.01	0.20	0.99	0.00
Core	CPU	C1%	C3%	C6%	C8%	C9%
-	-	0.03	0.11	6.70	15.57	0.00
0	0	0.21	0.78	40.04	31.95	0.00
0	4	0.00	0.00	5.14	39.78	0.00
1	1	0.00	0.03	0.91	0.89	0.00
1	5	0.00	0.03	5.87	48.26	0.00
2	2	0.00	0.00	0.19	0.99	0.00
2	6	0.00	0.00	0.45	0.99	0.00
3	3	0.00	0.00	0.25	1.09	0.00
3	7	0.00	0.03	0.79	0.59	0.00
Core	CPU	C1%	C3%	C6%	C8%	C9%
-	-	0.04	0.24	6.75	15.75	0.00
0	0	0.28	1.63	40.37	30.77	0.00
0	4	0.00	0.00	9.96	88.15	0.00
1	1	0.00	0.24	1.06	1.16	0.00
1	5	0.00	0.00	0.32	1.20	0.00
2	2	0.00	0.01	0.39	1.10	0.00
2	6	0.00	0.00	0.58	0.99	0.00
3	3	0.00	0.00	0.48	1.58	0.00
3	7	0.00	0.00	0.86	1.08	0.00
Core	CPU	C1%	C3%	C6%	C8%	C9%
-	-	0.03	0.18	7.37	14.88	0.00
0	0	0.27	1.40	44.07	27.28	0.00
0	4	0.00	0.03	11.91	86.21	0.00
1	1	0.00	0.00	1.29	1.18	0.00
1	5	0.00	0.00	0.47	1.68	0.00
2	2	0.00	0.00	0.26	0.50	0.00
2	6	0.00	0.00	0.33	0.99	0.00
3	3	0.00	0.02	0.37	0.51	0.00
3	7	0.00	0.00	0.29	0.69	0.00
Core	CPU	C1%	C3%	C6%	C8%	C9%
-	-	0.03	0.46	7.21	14.58	0.00
0	0	0.23	3.45	42.35	26.59	0.00
0	4	0.00	0.00	11.88	84.00	0.00
1	1	0.00	0.08	1.44	0.77	0.00
1	5	0.00	0.02	0.54	0.60	0.00
2	2	0.00	0.00	0.36	1.28	0.00
2	6	0.00	0.09	0.24	1.29	0.00
3	3	0.00	0.02	0.39	0.99	0.00
3	7	0.00	0.00	0.50	1.09	0.00
Core	CPU	C1%	C3%	C6%	C8%	C9%
-	-	0.01	0.45	9.88	11.92	0.00
0	0	0.05	3.54	59.65	9.46	0.00
0	4	0.00	0.00	15.68	82.61	0.00
1	1	0.00	0.02	1.03	0.49	0.00
1	5	0.00	0.00	0.68	0.00	0.00
2	2	0.00	0.00	0.19	0.79	0.00
2	6	0.00	0.00	0.77	0.49	0.00
3	3	0.00	0.00	0.36	0.79	0.00
3	7	0.00	0.00	0.72	0.69	0.00
Core	CPU	C1%	C3%	C6%	C8%	C9%
-	-	0.00	0.59	10.86	11.26	0.00
0	0	0.04	4.70	64.96	3.56	0.00
0	4	0.00	0.00	18.76	79.60	0.00
1	1	0.00	0.05	1.26	2.07	0.00
1	5	0.00	0.00	0.62	0.80	0.00
2	2	0.00	0.00	0.20	1.19	0.00
2	6	0.00	0.00	0.20	0.79	0.00
3	3	0.00	0.00	0.28	1.18	0.00
3	7	0.00	0.00	0.58	0.89	0.00
Core	CPU	C1%	C3%	C6%	C8%	C9%
-	-	0.02	0.31	7.28	15.34	0.00
0	0	0.14	2.36	45.41	25.02	0.00
0	4	0.00	0.00	5.40	31.27	0.00
1	1	0.00	0.04	1.35	4.62	0.00
1	5	0.00	0.05	4.96	57.63	0.00
2	2	0.00	0.00	0.24	0.99	0.00
2	6	0.00	0.00	0.31	0.89	0.00
3	3	0.00	0.00	0.20	1.09	0.00
3	7	0.00	0.00	0.39	1.18	0.00
Core	CPU	C1%	C3%	C6%	C8%	C9%
-	-	0.83	0.36	6.76	15.25	0.01
0	0	0.39	1.23	39.01	24.97	0.12
0	4	0.00	0.00	0.79	0.00	0.00
1	1	0.00	0.05	0.60	2.25	0.00
1	5	0.00	0.06	7.05	91.19	0.00
2	2	6.26	1.53	5.90	1.18	0.00
2	6	0.00	0.00	0.24	0.99	0.00
3	3	0.00	0.02	0.26	0.61	0.00
3	7	0.00	0.00	0.20	0.79	0.00
Core	CPU	C1%	C3%	C6%	C8%	C9%
-	-	0.02	0.29	6.25	15.42	0.00
0	0	0.19	2.26	39.13	30.74	0.00
0	4	0.00	0.00	0.74	0.00	0.00
1	1	0.00	0.02	0.97	1.00	0.00
1	5	0.00	0.03	7.74	87.98	0.00
2	2	0.00	0.00	0.29	0.80	0.00
2	6	0.00	0.00	0.36	0.79	0.00
3	3	0.00	0.00	0.45	0.99	0.00
3	7	0.00	0.00	0.32	1.09	0.00
Core	CPU	C1%	C3%	C6%	C8%	C9%
-	-	0.03	0.16	6.94	19.31	0.00
0	0	0.23	1.03	42.42	30.28	0.00
0	4	0.00	0.00	0.87	0.00	0.00
1	1	0.00	0.03	1.75	2.36	0.00
1	5	0.00	0.02	8.50	89.75	0.00
2	2	0.00	0.02	0.29	0.80	0.00
2	6	0.00	0.00	0.10	1.09	0.00
3	3	0.00	0.00	0.48	0.89	0.00
3	7	0.01	0.18	1.15	29.34	0.00
Core	CPU	C1%	C3%	C6%	C8%	C9%
-	-	0.03	0.15	6.54	15.44	0.95
0	0	0.24	1.16	40.86	31.15	0.00
0	4	0.00	0.00	0.59	0.11	7.57
1	1	0.00	0.03	0.60	1.18	0.00
1	5	0.00	0.02	8.67	89.52	0.00
2	2	0.00	0.00	0.25	0.30	0.00
2	6	0.00	0.00	0.22	0.60	0.00
3	3	0.00	0.01	0.30	0.41	0.00
3	7	0.00	0.00	0.88	0.30	0.00
Core	CPU	C1%	C3%	C6%	C8%	C9%
-	-	0.03	0.30	7.76	14.21	0.10
0	0	0.23	2.35	46.46	24.10	0.00
0	4	0.00	0.02	9.66	55.58	0.00
1	1	0.00	0.02	0.41	1.36	0.00
1	5	0.00	0.00	2.90	30.44	0.00
2	2	0.00	0.00	0.37	0.69	0.00
2	6	0.00	0.00	0.36	0.79	0.79
3	3	0.00	0.00	0.92	0.30	0.00
3	7	0.00	0.01	0.99	0.40	0.00
Core	CPU	C1%	C3%	C6%	C8%	C9%
-	-	0.02	0.40	8.93	13.20	0.00
0	0	0.15	3.16	53.83	16.25	0.00
0	4	0.00	0.00	12.87	47.39	0.00
1	1	0.00	0.01	0.63	1.29	0.00
1	5	0.00	0.02	3.10	36.49	0.00
2	2	0.00	0.00	0.19	0.99	0.00
2	6	0.00	0.00	0.30	1.18	0.00
3	3	0.00	0.00	0.28	0.88	0.00
3	7	0.00	0.00	0.25	1.09	0.00
Core	CPU	C1%	C3%	C6%	C8%	C9%
-	-	0.03	0.27	6.36	15.80	0.00
0	0	0.25	2.07	37.26	33.03	0.00
0	4	0.00	0.00	0.96	0.58	0.00
1	1	0.00	0.01	1.75	0.60	0.00
1	5	0.00	0.04	8.71	86.98	0.00
2	2	0.00	0.01	0.59	0.40	0.00
2	6	0.00	0.00	0.94	3.10	0.00
3	3	0.00	0.00	0.28	0.79	0.00
3	7	0.00	0.00	0.36	0.89	0.00
Core	CPU	C1%	C3%	C6%	C8%	C9%
-	-	0.03	0.05	6.12	16.00	0.00
0	0	0.26	0.35	37.68	34.94	0.00
0	4	0.00	0.00	0.49	0.10	0.00
1	1	0.00	0.00	0.49	0.99	0.00
1	5	0.00	0.08	9.43	88.64	0.00
2	2	0.00	0.00	0.25	0.98	0.00
2	6	0.00	0.00	0.23	0.49	0.00
3	3	0.00	0.00	0.00	0.70	0.00
3	7	0.00	0.00	0.38	1.19	0.00
Core	CPU	C1%	C3%	C6%	C8%	C9%
-	-	0.03	0.09	6.32	15.98	0.00
0	0	0.28	0.54	38.87	33.71	0.00
0	4	0.00	0.02	0.89	0.00	0.00
1	1	0.00	0.04	0.66	0.90	0.00
1	5	0.00	0.08	8.76	89.31	0.00
2	2	0.00	0.00	0.40	0.56	0.00
2	6	0.00	0.00	0.35	1.18	0.00
3	3	0.00	0.00	0.32	1.00	0.00
3	7	0.00	0.00	0.35	1.19	0.00
Core	CPU	C1%	C3%	C6%	C8%	C9%
-	-	0.03	0.21	6.41	15.98	0.00
0	0	0.27	1.35	38.84	33.02	0.00
0	4	0.00	0.02	0.58	0.61	0.00
1	1	0.00	0.01	0.91	0.81	0.00
1	5	0.00	0.05	9.44	88.59	0.00
2	2	0.00	0.00	0.37	1.08	0.00
2	6	0.00	0.00	0.43	1.58	0.00
3	3	0.00	0.00	0.41	1.30	0.00
3	7	0.00	0.28	0.27	0.90	0.00
Core	CPU	C1%	C3%	C6%	C8%	C9%
-	-	0.05	0.04	6.15	16.27	0.13
0	0	0.36	0.24	37.08	35.38	0.00
0	4	0.00	0.00	6.87	70.71	0.00
1	1	0.00	0.03	1.49	1.20	1.00
1	5	0.00	0.02	2.17	18.92	0.00
2	2	0.00	0.02	0.29	1.37	0.00
2	6	0.00	0.00	0.29	0.69	0.00
3	3	0.00	0.00	0.37	1.08	0.00
3	7	0.00	0.00	0.64	0.79	0.00
Core	CPU	C1%	C3%	C6%	C8%	C9%
-	-	0.06	0.23	6.44	15.28	0.44
0	0	0.33	1.77	39.45	30.37	0.00
0	4	0.00	0.00	9.19	86.28	0.00
1	1	0.00	0.02	0.55	1.08	0.00
1	5	0.00	0.00	0.93	0.50	0.00
2	2	0.00	0.01	0.29	1.10	0.00
2	6	0.00	0.00	0.34	1.08	3.53
3	3	0.00	0.00	0.28	0.88	0.00
3	7	0.19	0.00	0.45	0.99	0.00
Core	CPU	C1%	C3%	C6%	C8%	C9%
-	-	0.05	0.02	5.81	16.32	0.00
0	0	0.41	0.05	36.22	36.35	0.00
0	4	0.00	0.00	8.37	89.68	0.00
1	1	0.00	0.07	0.62	0.78	0.00
1	5	0.00	0.00	0.22	0.49	0.00
2	2	0.00	0.02	0.29	0.80	0.00
2	6	0.00	0.00	0.10	0.69	0.00
3	3	0.00	0.00	0.19	0.88	0.00
3	7	0.00	0.00	0.46	0.89	0.00
Core	CPU	C1%	C3%	C6%	C8%	C9%
-	-	0.05	0.11	6.40	15.96	0.00
0	0	0.38	0.82	38.58	33.37	0.00
0	4	0.00	0.01	9.08	89.00	0.00
1	1	0.00	0.00	1.31	0.40	0.00
1	5	0.00	0.00	0.38	0.99	0.00
2	2	0.00	0.00	0.36	0.69	0.00
2	6	0.00	0.00	0.33	0.59	0.00
3	3	0.00	0.02	0.38	1.10	0.00
3	7	0.00	0.00	0.77	1.51	0.00
Core	CPU	C1%	C3%	C6%	C8%	C9%
-	-	0.03	0.27	7.44	15.14	0.00
0	0	0.28	1.78	43.65	27.30	0.00
0	4	0.00	0.00	11.87	86.28	0.00
1	1	0.00	0.08	1.47	1.86	0.00
1	5	0.00	0.00	0.19	1.09	0.00
2	2	0.00	0.00	0.29	1.28	0.00
2	6	0.00	0.00	0.66	0.99	0.00
3	3	0.00	0.00	0.83	1.39	0.00
3	7	0.00	0.31	0.57	0.89	0.00
Core	CPU	C1%	C3%	C6%	C8%	C9%
-	-	0.03	0.14	7.01	15.49	0.00
0	0	0.24	1.02	41.18	30.62	0.00
0	4	0.00	0.00	7.50	50.89	0.00
1	1	0.00	0.05	0.53	1.46	0.00
1	5	0.00	0.06	4.82	36.86	0.00
2	2	0.00	0.02	0.49	1.39	0.00
2	6	0.00	0.00	0.28	1.19	0.00
3	3	0.00	0.00	0.39	1.08	0.00
3	7	0.00	0.00	0.85	0.40	0.00
Core	CPU	C1%	C3%	C6%	C8%	C9%
-	-	0.02	0.33	6.27	15.35	0.00
0	0	0.16	2.55	38.56	31.22	0.00
0	4	0.00	0.00	0.31	0.39	0.00
1	1	0.00	0.00	1.10	0.30	0.00
1	5	0.00	0.05	8.34	87.46	0.00
2	2	0.00	0.00	0.25	0.99	0.00
2	6	0.00	0.00	0.14	0.99	0.00
3	3	0.00	0.02	0.29	0.60	0.00
3	7	0.00	0.00	1.13	0.89	0.00
Core	CPU	C1%	C3%	C6%	C8%	C9%
-	-	0.02	0.10	6.42	16.00	0.00
0	0	0.17	0.75	39.87	32.34	0.00
0	4	0.00	0.00	0.53	0.40	0.00
1	1	0.00	0.02	0.81	0.89	0.00
1	5	0.00	0.05	8.72	89.40	0.00
2	2	0.00	0.00	0.29	1.19	0.00
2	6	0.00	0.00	0.27	0.98	0.00
3	3	0.00	0.00	0.25	1.18	0.00
3	7	0.00	0.00	0.62	1.58	0.00
Core	CPU	C1%	C3%	C6%	C8%	C9%
-	-	0.02	0.26	6.91	15.57	0.51
0	0	0.14	1.89	41.96	29.36	0.00
0	4	0.00	0.00	0.96	0.00	3.18
1	1	0.00	0.00	1.32	1.59	0.00
1	5	0.00	0.06	9.02	89.06	0.00
2	2	0.00	0.01	0.39	1.10	0.00
2	6	0.00	0.10	0.89	1.37	0.00
3	3	0.00	0.00	0.28	0.89	0.00
3	7	0.00	0.00	0.44	1.18	0.88
Core	CPU	C1%	C3%	C6%	C8%	C9%
-	-	0.02	0.28	7.25	14.86	1.51
0	0	0.12	1.96	44.18	25.81	0.00
0	4	0.00	0.00	0.79	0.29	12.04
1	1	0.00	0.02	0.79	0.80	0.00
1	5	0.00	0.09	9.17	89.01	0.00
2	2	0.00	0.19	2.00	0.79	0.00
2	6	0.00	0.00	0.22	0.59	0.00
3	3	0.00	0.00	0.30	0.69	0.00
3	7	0.00	0.00	0.56	0.87	0.00
Core	CPU	C1%	C3%	C6%	C8%	C9%
-	-	0.02	0.18	6.83	15.35	2.47
0	0	0.17	1.25	42.06	29.71	0.00
0	4	0.00	0.00	0.60	0.18	19.75
1	1	0.00	0.05	0.96	1.38	0.00
1	5	0.00	0.08	9.39	88.74	0.00
2	2	0.00	0.00	0.36	0.79	0.00
2	6	0.00	0.00	0.24	0.99	0.00
3	3	0.00	0.02	0.32	0.50	0.00
3	7	0.00	0.00	0.69	0.50	0.00
Core	CPU	C1%	C3%	C6%	C8%	C9%
-	-	0.02	0.34	6.73	15.42	0.20
0	0	0.16	2.64	39.94	29.58	0.00
0	4	0.00	0.00	0.53	0.11	1.58
1	1	0.00	0.02	1.80	0.70	0.00
1	5	0.00	0.10	8.50	87.04	0.00
2	2	0.00	0.00	0.43	0.98	0.00
2	6	0.00	0.00	1.73	2.26	0.00
3	3	0.00	0.00	0.65	1.47	0.00
3	7	0.00	0.00	0.23	1.18	0.00
Core	CPU	C1%	C3%	C6%	C8%	C9%
-	-	0.02	0.08	6.64	15.91	0.00
0	0	0.19	0.62	39.38	32.91	0.00
0	4	0.00	0.00	0.66	0.40	0.00
1	1	0.00	0.00	1.17	1.89	0.00
1	5	0.00	0.03	10.47	87.69	0.00
2	2	0.00	0.02	0.59	0.89	0.00
2	6	0.00	0.00	0.19	1.10	0.00
3	3	0.00	0.00	0.28	1.29	0.00
3	7	0.00	0.00	0.36	1.09	0.00
Core	CPU	C1%	C3%	C6%	C8%	C9%
-	-	0.02	0.34	7.37	14.83	1.81
0	0	0.16	2.59	45.13	25.50	0.00
0	4	0.00	0.00	0.88	0.19	13.63
1	1	0.00	0.03	0.76	0.79	0.00
1	5	0.00	0.06	9.75	88.37	0.00
2	2	0.00	0.00	0.82	0.79	0.00
2	6	0.00	0.00	0.78	0.59	0.00
3	3	0.00	0.00	0.30	1.08	0.00
3	7	0.00	0.00	0.54	1.28	0.88
Core	CPU	C1%	C3%	C6%	C8%	C9%
-	-	2.09	1.01	6.96	17.62	0.65
0	0	0.07	1.81	31.34	14.22	0.12
0	4	0.00	0.00	0.79	1.58	5.07
1	1	0.05	0.04	0.84	1.76	0.00
1	5	0.00	0.02	6.37	90.81	0.00
2	2	0.00	0.00	0.25	1.08	0.00
2	6	16.59	6.04	14.40	1.09	0.00
3	3	0.00	0.02	0.29	1.19	0.00
3	7	0.01	0.19	1.39	29.23	0.00
Core	CPU	C1%	C3%	C6%	C8%	C9%
-	-	0.23	0.49	7.98	13.81	3.62
0	0	0.13	3.31	48.18	18.96	0.00
0	4	0.00	0.00	0.74	0.40	28.93
1	1	0.00	0.03	1.01	0.20	0.00
1	5	0.00	0.05	9.13	89.17	0.00
2	2	0.00	0.00	0.30	0.59	0.00
2	6	1.67	0.52	3.56	0.30	0.00
3	3	0.00	0.00	0.36	0.89	0.00
3	7	0.00	0.00	0.53	0.00	0.00
Core	CPU	C1%	C3%	C6%	C8%	C9%
-	-	0.02	0.69	7.57	13.72	7.98
0	0	0.12	5.51	50.19	16.83	0.00
0	4	0.00	0.00	1.72	8.53	60.35
1	1	0.00	0.02	1.36	0.59	0.00
1	5	0.00	0.02	5.67	80.78	0.00
2	2	0.00	0.01	0.55	0.39	0.00
2	6	0.00	0.00	0.10	0.92	3.52
3	3	0.00	0.00	0.38	0.59	0.00
3	7	0.00	0.00	0.55	1.09	0.00
Core	CPU	C1%	C3%	C6%	C8%	C9%
-	-	0.05	0.17	6.71	15.47	0.12
0	0	0.38	1.24	40.58	30.74	0.00
0	4	0.00	0.02	11.01	87.10	0.00
1	1	0.00	0.06	0.72	1.65	0.00
1	5	0.00	0.00	0.45	0.40	0.99
2	2	0.00	0.00	0.14	0.79	0.00
2	6	0.00	0.00	0.22	1.09	0.00
3	3	0.00	0.00	0.10	1.09	0.00
3	7	0.00	0.01	0.47	0.89	0.00
Core	CPU	C1%	C3%	C6%	C8%	C9%
-	-	0.04	0.09	6.78	15.87	0.12
0	0	0.30	0.66	39.49	32.50	0.00
0	4	0.00	0.02	6.78	56.24	0.00
1	1	0.00	0.05	1.46	1.68	0.00
1	5	0.00	0.00	3.59	33.17	1.00
2	2	0.00	0.00	0.37	1.09	0.00
2	6	0.00	0.00	0.36	0.89	0.00
3	3	0.00	0.00	1.21	0.60	0.00
3	7	0.00	0.01	0.99	0.79	0.00
Core	CPU	C1%	C3%	C6%	C8%	C9%
-	-	0.04	0.15	6.48	15.74	0.00
0	0	0.32	1.11	38.65	32.72	0.00
0	4	0.00	0.02	6.84	59.75	0.00
1	1	0.00	0.06	1.31	0.69	0.00
1	5	0.00	0.00	2.68	29.55	0.00
2	2	0.00	0.01	0.39	0.70	0.00
2	6	0.00	0.00	1.07	0.99	0.00
3	3	0.00	0.00	0.37	1.07	0.00
3	7	0.00	0.00	0.54	0.50	0.00
Core	CPU	C1%	C3%	C6%	C8%	C9%
-	-	0.04	0.23	7.15	15.39	0.12
0	0	0.31	1.77	42.88	27.96	0.00
0	4	0.00	0.02	9.95	88.16	0.00
1	1	0.00	0.01	1.65	2.90	0.00
1	5	0.00	0.00	0.68	0.10	1.00
2	2	0.00	0.00	0.23	0.50	0.00
2	6	0.00	0.02	0.22	0.88	0.00
3	3	0.00	0.00	0.29	1.09	0.00
3	7	0.00	0.00	1.29	1.52	0.00
Core	CPU	C1%	C3%	C6%	C8%	C9%
-	-	0.05	0.29	6.05	15.94	0.00
0	0	0.40	2.27	36.87	32.62	0.00
0	4	0.00	0.01	8.01	82.61	0.00
1	1	0.00	0.01	1.42	1.58	0.00
1	5	0.00	0.00	0.63	5.93	0.00
2	2	0.00	0.00	0.25	1.19	0.00
2	6	0.00	0.00	0.42	1.39	0.00
3	3	0.00	0.01	0.39	0.90	0.00
3	7	0.00	0.00	0.38	1.29	0.00
Core	CPU	C1%	C3%	C6%	C8%	C9%
-	-	0.08	0.84	10.07	11.64	4.24
0	0	0.06	6.65	62.80	3.90	0.00
0	4	0.58	0.01	11.34	37.35	33.90
1	1	0.00	0.02	1.23	2.33	0.00
1	5	0.00	0.01	4.08	46.63	0.00
2	2	0.03	0.01	0.10	0.70	0.00
2	6	0.00	0.00	0.14	0.59	0.00
3	3	0.00	0.02	0.77	0.50	0.00
3	7	0.00	0.00	0.10	1.10	0.00
Core	CPU	C1%	C3%	C6%	C8%	C9%
-	-	0.03	0.16	6.44	15.75	0.00
0	0	0.22	1.18	38.94	32.87	0.00
0	4	0.00	0.00	0.87	2.76	0.00
1	1	0.00	0.00	1.27	0.68	0.00
1	5	0.00	0.10	9.15	87.09	0.00
2	2	0.00	0.00	0.43	0.31	0.00
2	6	0.00	0.00	0.31	0.60	0.00
3	3	0.00	0.00	0.29	0.80	0.00
3	7	0.00	0.00	0.28	0.89	0.00
Core	CPU	C1%	C3%	C6%	C8%	C9%
-	-	0.02	0.17	7.01	15.61	0.19
0	0	0.19	1.05	40.46	31.28	0.00
0	4	0.00	0.00	0.96	0.00	1.51
1	1	0.00	0.00	1.30	1.48	0.00
1	5	0.00	0.13	9.78	88.24	0.00
2	2	0.00	0.08	0.96	1.58	0.00
2	6	0.00	0.00	0.36	0.89	0.00
3	3	0.00	0.00	1.22	0.89	0.00
3	7	0.00	0.05	1.04	0.49	0.00
Core	CPU	C1%	C3%	C6%	C8%	C9%
-	-	1.27	0.57	7.00	14.44	0.00
0	0	0.14	1.25	33.91	22.87	0.00
0	4	0.00	0.00	0.74	0.40	0.00
1	1	0.00	0.02	1.10	0.49	0.00
1	5	0.00	0.12	9.60	88.60	0.00
2	2	0.00	0.00	0.09	0.70	0.00
2	6	0.30	0.00	0.36	1.57	0.00
3	3	0.00	0.02	0.37	0.67	0.00
3	7	9.73	3.17	9.79	0.20	0.00
Core	CPU	C1%	C3%	C6%	C8%	C9%
-	-	0.98	0.58	6.36	15.20	0.00
0	0	0.26	0.72	31.72	25.73	0.00
0	4	0.00	0.00	0.28	0.71	0.00
1	1	0.00	0.02	1.08	1.58	0.00
1	5	0.00	0.05	7.33	90.84	0.00
2	2	0.00	0.00	0.33	0.80	0.00
2	6	0.00	0.00	0.23	0.70	0.00
3	3	0.00	0.36	1.42	0.49	0.00
3	7	7.61	3.46	8.52	0.79	0.00
Core	CPU	C1%	C3%	C6%	C8%	C9%
-	-	0.02	0.14	6.55	15.59	0.00
0	0	0.20	1.03	40.52	31.35	0.00
0	4	0.00	0.00	0.53	0.10	0.00
1	1	0.00	0.07	0.66	1.39	0.00
1	5	0.00	0.03	9.37	88.83	0.00
2	2	0.00	0.00	0.19	0.79	0.00
2	6	0.00	0.00	0.36	1.48	0.00
3	3	0.00	0.00	0.64	0.29	0.00
3	7	0.00	0.03	0.10	0.50	0.00
Core	CPU	C1%	C3%	C6%	C8%	C9%
-	-	0.01	0.81	9.17	13.25	10.49
0	0	0.06	6.40	63.48	3.54	0.00
0	4	0.00	0.00	0.96	0.09	83.92
1	1	0.00	0.01	1.60	5.74	0.00
1	5	0.00	0.03	5.91	92.56	0.00
2	2	0.00	0.01	0.29	1.00	0.00
2	6	0.00	0.00	0.20	0.99	0.00
3	3	0.00	0.00	0.28	1.08	0.00
3	7	0.00	0.00	0.66	0.98	0.00
Core	CPU	C1%	C3%	C6%	C8%	C9%
-	-	0.03	0.34	6.30	15.18	1.96
0	0	0.21	2.54	39.09	30.49	0.00
0	4	0.00	0.00	0.81	0.20	12.35
1	1	0.00	0.02	1.23	0.98	0.00
1	5	0.00	0.05	8.23	87.34	0.00
2	2	0.00	0.00	0.16	0.40	0.00
2	6	0.01	0.08	0.24	0.40	3.37
3	3	0.00	0.02	0.32	0.70	0.00
3	7	0.00	0.00	0.29	0.89	0.00
Core	CPU	C1%	C3%	C6%	C8%	C9%
-	-	0.03	0.10	6.37	16.12	0.00
0	0	0.22	0.70	38.91	33.21	0.00
0	4	0.00	0.00	1.59	2.86	0.00
1	1	0.00	0.02	1.07	1.60	0.00
1	5	0.00	0.05	7.95	86.69	0.00
2	2	0.00	0.00	0.56	1.48	0.00
2	6	0.00	0.00	0.36	1.08	0.00
3	3	0.00	0.00	0.34	0.98	0.00
3	7	0.00	0.03	0.20	1.09	0.00
Core	CPU	C1%	C3%	C6%	C8%	C9%
-	-	0.03	0.28	6.82	15.65	1.40
0	0	0.21	2.18	42.70	28.27	0.00
0	4	0.00	0.00	0.96	0.10	11.18
1	1	0.00	0.04	1.08	1.88	0.00
1	5	0.00	0.00	8.16	89.99	0.00
2	2	0.00	0.01	0.39	1.10	0.00
2	6	0.00	0.00	0.28	1.19	0.00
3	3	0.00	0.00	0.28	0.89	0.00
3	7	0.00	0.00	0.73	1.78	0.00
Core	CPU	C1%	C3%	C6%	C8%	C9%
-	-	0.02	0.41	7.60	14.54	4.30
0	0	0.15	3.26	50.27	19.63	0.00
0	4	0.00	0.00	0.69	0.29	34.37
1	1	0.00	0.02	1.25	2.36	0.00
1	5	0.00	0.02	7.67	90.65	0.00
2	2	0.00	0.00	0.14	0.89	0.00
2	6	0.01	0.00	0.38	0.78	0.00
3	3	0.00	0.00	0.10	0.99	0.00
3	7	0.00	0.00	0.29	0.69	0.00
Core	CPU	C1%	C3%	C6%	C8%	C9%
-	-	0.02	0.12	6.58	15.73	0.33
0	0	0.20	0.88	39.98	32.01	0.00
0	4	0.00	0.03	0.86	0.20	2.68
1	1	0.00	0.00	1.14	0.90	0.00
1	5	0.00	0.04	9.31	88.86	0.00
2	2	0.00	0.00	0.37	0.99	0.00
2	6	0.00	0.00	0.64	0.79	0.00
3	3	0.00	0.00	0.23	1.09	0.00
3	7	0.00	0.00	0.10	0.99	0.00
Core	CPU	C1%	C3%	C6%	C8%	C9%
-	-	0.02	0.26	6.06	16.05	0.00
0	0	0.20	2.08	37.09	32.77	0.00
0	4	0.00	0.00	1.03	0.30	0.00
1	1	0.00	0.00	1.06	1.09	0.00
1	5	0.00	0.02	7.99	87.64	0.00
2	2	0.00	0.00	0.30	1.38	0.00
2	6	0.00	0.00	0.28	2.77	0.00
3	3	0.00	0.00	0.36	1.08	0.00
3	7	0.00	0.00	0.34	1.38	0.00
Core	CPU	C1%	C3%	C6%	C8%	C9%
-	-	0.02	0.19	6.63	15.49	0.73
0	0	0.18	1.44	42.15	29.36	0.00
0	4	0.00	0.00	0.77	0.00	5.87
1	1	0.00	0.02	1.17	0.40	0.00
1	5	0.00	0.05	7.91	90.27	0.00
2	2	0.00	0.00	0.14	0.70	0.00
2	6	0.00	0.00	0.28	0.89	0.00
3	3	0.00	0.00	0.37	1.08	0.00
3	7	0.00	0.00	0.25	1.18	0.00
Core	CPU	C1%	C3%	C6%	C8%	C9%
-	-	1.26	1.04	7.46	18.01	2.05
0	0	0.34	3.20	36.11	17.21	0.12
0	4	0.00	0.00	0.76	0.18	16.25
1	1	9.71	4.99	13.03	5.41	0.00
1	5	0.00	0.04	8.23	90.07	0.00
2	2	0.00	0.00	0.23	0.51	0.00
2	6	0.00	0.02	0.10	0.79	0.00
3	3	0.00	0.00	0.10	0.89	0.00
3	7	0.02	0.08	1.13	29.00	0.00
Core	CPU	C1%	C3%	C6%	C8%	C9%
-	-	0.05	0.17	6.53	15.71	1.33
0	0	0.34	1.22	41.07	30.34	0.00
0	4	0.00	0.02	6.69	69.82	10.66
1	1	0.00	0.00	0.73	1.10	0.00
1	5	0.00	0.09	1.81	20.67	0.00
2	2	0.00	0.00	0.37	0.50	0.00
2	6	0.08	0.00	0.25	1.49	0.00
3	3	0.00	0.00	0.32	0.99	0.00
3	7	0.00	0.00	0.99	0.79	0.00
Core	CPU	C1%	C3%	C6%	C8%	C9%
-	-	0.05	0.03	6.12	16.31	0.00
0	0	0.43	0.20	36.77	35.44	0.00
0	4	0.00	0.00	8.69	89.39	0.00
1	1	0.00	0.00	0.82	0.69	0.00
1	5	0.00	0.03	1.36	0.40	0.00
2	2	0.00	0.00	0.19	0.99	0.00
2	6	0.00	0.00	0.48	0.88	0.00
3	3	0.00	0.00	0.26	1.28	0.00
3	7	0.00	0.00	0.35	1.38	0.00
Core	CPU	C1%	C3%	C6%	C8%	C9%
-	-	0.05	0.29	6.11	15.36	0.01
0	0	0.37	2.14	37.96	31.35	0.00
0	4	0.00	0.00	8.28	87.06	0.00
1	1	0.00	0.00	0.25	0.99	0.00
1	5	0.00	0.13	1.01	0.51	0.00
2	2	0.00	0.01	0.34	0.30	0.00
2	6	0.00	0.00	0.10	0.90	0.09
3	3	0.00	0.00	0.28	0.79	0.00
3	7	0.00	0.00	0.65	0.99	0.00
Core	CPU	C1%	C3%	C6%	C8%	C9%
-	-	0.02	0.12	6.63	15.92	0.00
0	0	0.19	0.90	40.46	31.55	0.00
0	4	0.00	0.00	1.09	0.20	0.00
1	1	0.00	0.00	0.70	2.27	0.00
1	5	0.00	0.08	9.65	88.48	0.00
2	2	0.00	0.00	0.14	0.99	0.00
2	6	0.00	0.00	0.60	1.79	0.00
3	3	0.00	0.00	0.10	0.99	0.00
3	7	0.00	0.00	0.29	1.08	0.00
Core	CPU	C1%	C3%	C6%	C8%	C9%
-	-	0.02	0.24	6.47	15.76	0.87
0	0	0.19	1.80	40.18	31.05	0.00
0	4	0.00	0.00	0.72	0.08	6.11
1	1	0.00	0.01	1.25	1.22	0.00
1	5	0.00	0.07	8.44	89.70	0.00
2	2	0.00	0.00	0.33	1.28	0.00
2	6	0.00	0.00	0.36	0.89	0.00
3	3	0.00	0.00	0.33	1.10	0.00
3	7	0.00	0.00	0.17	0.80	0.88
Core	CPU	C1%	C3%	C6%	C8%	C9%
-	-	0.04	0.08	6.34	15.86	0.00
0	0	0.34	0.58	38.27	33.80	0.00
0	4	0.00	0.00	6.66	56.47	0.00
1	1	0.00	0.03	0.83	0.51	0.00
1	5	0.00	0.02	3.95	31.65	0.00
2	2	0.00	0.00	0.10	0.79	0.00
2	6	0.00	0.00	0.19	0.79	0.00
3	3	0.00	0.00	0.37	1.29	0.00
3	7	0.00	0.00	0.35	1.58	0.00
Core	CPU	C1%	C3%	C6%	C8%	C9%
-	-	0.05	0.09	6.32	15.72	0.00
0	0	0.37	0.69	38.59	33.19	0.00
0	4	0.00	0.00	9.68	88.40	0.00
1	1	0.00	0.00	0.57	0.99	0.00
1	5	0.00	0.00	0.77	0.00	0.00
2	2	0.00	0.00	0.16	0.50	0.00
2	6	0.00	0.00	0.18	0.89	0.00
3	3	0.00	0.00	0.28	0.79	0.00
3	7	0.00	0.00	0.35	0.98	0.00
Core	CPU	C1%	C3%	C6%	C8%	C9%
-	-	0.03	0.42	7.37	14.19	0.00
0	0	0.24	3.37	44.55	22.83	0.00
0	4	0.00	0.00	11.41	84.04	0.00
1	1	0.00	0.01	1.20	1.78	0.00
1	5	0.00	0.00	0.33	1.02	0.00
2	2	0.00	0.01	0.39	0.99	0.00
2	6	0.00	0.00	0.30	0.88	0.00
3	3	0.00	0.00	0.29	0.88	0.00
3	7	0.00	0.00	0.46	1.07	0.00
Core	CPU	C1%	C3%	C6%	C8%	C9%
-	-	0.04	0.26	7.37	14.81	0.00
0	0	0.19	2.03	43.26	27.72	0.00
0	4	0.00	0.00	5.63	15.06	0.00
1	1	0.00	0.04	0.67	0.76	0.00
1	5	0.00	0.02	6.88	71.99	0.00
2	2	0.00	0.00	0.92	0.39	0.00
2	6	0.00	0.02	1.05	0.78	0.00
3	3	0.00	0.00	0.20	1.19	0.00
3	7	0.09	0.00	0.37	0.59	0.00
Core	CPU	C1%	C3%	C6%	C8%	C9%
-	-	0.05	0.18	6.26	15.88	0.00
0	0	0.37	1.43	37.64	33.55	0.00
0	4	0.00	0.00	9.47	88.63	0.00
1	1	0.00	0.00	1.10	0.48	0.00
1	5	0.00	0.00	0.28	0.79	0.00
2	2	0.00	0.00	0.36	0.70	0.00
2	6	0.00	0.00	0.64	0.69	0.00
3	3	0.00	0.00	0.32	0.90	0.00
3	7	0.00	0.00	0.27	1.28	0.00
Core	CPU	C1%	C3%	C6%	C8%	C9%
-	-	0.04	0.22	6.85	15.30	0.00
0	0	0.34	1.76	42.36	28.49	0.00
0	4	0.00	0.00	9.88	88.27	0.00
1	1	0.00	0.00	1.19	0.89	0.00
1	5	0.00	0.00	0.22	0.89	0.00
2	2	0.00	0.00	0.23	0.60	0.00
2	6	0.00	0.00	0.27	0.99	0.00
3	3	0.00	0.00	0.37	1.09	0.00
3	7	0.00	0.00	0.24	1.18	0.00
Core	CPU	C1%	C3%	C6%	C8%	C9%
-	-	0.05	0.05	6.22	16.01	0.12
0	0	0.42	0.30	37.20	34.93	0.00
0	4	0.00	0.00	8.79	89.25	0.00
1	1	0.00	0.05	1.47	0.87	0.00
1	5	0.00	0.00	0.15	0.69	0.99
2	2	0.00	0.00	0.82	0.40	0.00
2	6	0.00	0.01	0.89	0.40	0.00
3	3	0.00	0.00	0.10	0.89	0.00
3	7	0.00	0.01	0.37	0.69	0.00
Core	CPU	C1%	C3%	C6%	C8%	C9%
-	-	0.64	0.60	7.31	13.92	0.57
0	0	0.14	1.32	34.29	23.25	1.12
0	4	0.00	0.02	5.81	17.98	0.00
1	1	0.00	0.05	1.60	2.08	0.00
1	5	0.00	0.04	6.92	66.17	0.00
2	2	4.96	3.30	8.48	0.60	0.00
2	6	0.00	0.09	0.45	0.59	3.45
3	3	0.00	0.00	0.22	0.50	0.00
3	7	0.00	0.00	0.69	0.20	0.00
Core	CPU	C1%	C3%	C6%	C8%	C9%
-	-	0.02	0.15	6.78	15.82	0.00
0	0	0.19	1.15	41.32	30.44	0.00
0	4	0.00	0.00	0.69	1.21	0.00
1	1	0.00	0.00	1.68	1.75	0.00
1	5	0.00	0.08	9.20	88.93	0.00
2	2	0.00	0.00	0.10	0.99	0.00
2	6	0.00	0.00	0.38	1.28	0.00
3	3	0.00	0.00	0.36	0.79	0.00
3	7	0.00	0.00	0.54	1.18	0.00
Core	CPU	C1%	C3%	C6%	C8%	C9%
-	-	0.02	0.31	6.97	15.08	1.16
0	0	0.15	2.41	44.36	26.30	0.00
0	4	0.00	0.00	0.64	0.68	9.27
1	1	0.00	0.00	0.56	0.70	0.00
1	5	0.00	0.04	8.74	89.38	0.00
2	2	0.00	0.01	0.39	0.70	0.00
2	6	0.00	0.00	0.37	0.99	0.00
3	3	0.00	0.00	0.28	1.08	0.00
3	7	0.00	0.00	0.45	0.79	0.00
Core	CPU	C1%	C3%	C6%	C8%	C9%
-	-	0.02	0.35	8.01	14.36	1.27
0	0	0.16	2.78	48.69	21.23	0.00
0	4	0.00	0.00	8.18	50.41	10.14
1	1	0.00	0.02	1.47	1.28	0.00
1	5	0.00	0.02	2.66	37.62	0.00
2	2	0.00	0.00	0.72	0.50	0.00
2	6	0.00	0.00	0.60	0.59	0.00
3	3	0.00	0.00	0.19	0.79	0.00
3	7	0.00	0.00	1.53	2.47	0.00
Core	CPU	C1%	C3%	C6%	C8%	C9%
-	-	0.03	0.23	7.21	14.64	0.00
0	0	0.23	1.79	44.68	25.86	0.00
0	4	0.00	0.04	11.32	86.78	0.00
1	1	0.00	0.03	0.59	1.19	0.00
1	5	0.00	0.00	0.29	0.88	0.00
2	2	0.00	0.00	0.17	0.40	0.00
2	6	0.00	0.00	0.24	0.59	0.00
3	3	0.00	0.00	0.23	0.50	0.00
3	7	0.00	0.00	0.20	0.89	0.00
