Core	CPU	C1%	C3%	C6%	C8%	C9%
-	-	0.17	0.76	71.80	15.67	0.00
0	0	0.16	0.48	75.22	13.47	0.00
0	4	0.16	0.70	71.45	18.29	0.00
1	1	0.23	0.35	73.62	15.71	0.00
1	5	0.15	0.67	69.79	20.38	0.00
2	2	0.13	0.56	70.60	18.98	0.00
2	6	0.17	0.61	69.17	20.86	0.00
3	3	0.15	0.52	79.59	10.13	0.00
3	7	0.23	2.21	65.25	7.59	0.00
Core	CPU	C1%	C3%	C6%	C8%	C9%
-	-	0.01	0.78	71.96	15.76	0.00
0	0	0.01	0.66	74.24	14.65	0.00
0	4	0.02	1.29	69.90	19.43	0.00
1	1	0.01	0.26	73.40	16.65	0.00
1	5	0.00	0.36	70.04	20.81	0.00
2	2	0.01	0.57	72.15	17.58	0.00
2	6	0.00	0.33	69.58	21.17	0.00
3	3	0.00	0.45	79.97	9.17	0.00
3	7	0.02	2.32	66.74	6.66	0.00
Core	CPU	C1%	C3%	C6%	C8%	C9%
-	-	0.01	0.72	71.40	16.68	0.00
0	0	0.01	0.47	77.05	11.86	0.00
0	4	0.00	0.67	71.12	19.33	0.00
1	1	0.01	0.35	72.79	17.20	0.00
1	5	0.00	0.42	69.07	21.60	0.00
2	2	0.01	0.57	67.06	22.75	0.00
2	6	0.00	0.45	68.11	22.70	0.00
3	3	0.01	0.51	81.06	8.88	0.00
3	7	0.01	2.29	64.30	8.98	0.00
Core	CPU	C1%	C3%	C6%	C8%	C9%
-	-	0.01	0.71	72.08	15.81	0.00
0	0	0.01	0.47	75.26	13.66	0.00
0	4	0.00	0.62	73.81	16.52	0.00
1	1	0.01	0.32	73.27	16.80	0.00
1	5	0.00	0.45	71.58	19.11	0.00
2	2	0.01	0.55	69.55	20.12	0.00
2	6	0.01	0.44	68.79	22.00	0.00
3	3	0.00	0.48	79.41	10.47	0.00
3	7	0.01	2.35	65.40	7.92	0.00
Core	CPU	C1%	C3%	C6%	C8%	C9%
-	-	0.01	1.12	69.99	16.71	0.17
0	0	0.00	0.64	70.26	16.84	0.00
0	4	0.00	0.56	67.99	22.26	0.00
1	1	0.02	0.23	71.46	18.00	0.00
1	5	0.00	2.23	68.64	18.39	0.67
2	2	0.01	0.63	69.00	20.43	0.00
2	6	0.00	0.22	67.99	21.74	0.00
3	3	0.00	0.35	79.16	10.45	0.00
3	7	0.02	4.11	65.59	5.61	0.67
Core	CPU	C1%	C3%	C6%	C8%	C9%
-	-	0.01	0.71	71.38	16.70	0.00
0	0	0.01	0.56	75.54	13.22	0.00
0	4	0.00	0.45	72.09	18.44	0.00
1	1	0.01	0.31	72.50	17.54	0.00
1	5	0.00	0.50	68.73	22.08	0.00
2	2	0.01	0.61	69.63	20.24	0.00
2	6	0.00	0.41	69.06	21.76	0.00
3	3	0.00	0.62	78.34	11.55	0.00
3	7	0.01	2.20	64.69	8.66	0.00
Core	CPU	C1%	C3%	C6%	C8%	C9%
-	-	0.00	0.75	71.53	16.13	0.00
0	0	0.00	0.48	72.10	16.01	0.00
0	4	0.00	0.61	73.76	16.46	0.00
1	1	0.01	0.35	73.14	16.76	0.00
1	5	0.00	0.43	70.45	19.57	0.00
2	2	0.00	0.55	68.67	21.15	0.00
2	6	0.00	0.35	68.58	22.23	0.00
3	3	0.00	0.45	79.64	10.02	0.00
3	7	0.01	2.79	66.04	6.90	0.00
Core	CPU	C1%	C3%	C6%	C8%	C9%
-	-	0.01	0.70	71.62	16.44	0.00
0	0	0.01	0.57	75.58	13.23	0.00
0	4	0.01	0.46	71.86	18.79	0.00
1	1	0.01	0.34	73.35	16.71	0.00
1	5	0.00	0.45	68.64	22.09	0.00
2	2	0.01	0.47	67.75	22.01	0.00
2	6	0.00	0.43	67.63	23.19	0.00
3	3	0.00	0.49	81.65	8.30	0.00
3	7	0.01	2.37	66.17	7.15	0.00
Core	CPU	C1%	C3%	C6%	C8%	C9%
-	-	0.01	0.66	71.66	16.29	0.00
0	0	0.01	0.42	76.53	12.30	0.00
0	4	0.00	0.50	70.79	19.97	0.00
1	1	0.01	0.33	74.08	16.00	0.00
1	5	0.00	0.33	70.57	20.17	0.00
2	2	0.01	0.55	69.27	20.44	0.00
2	6	0.00	0.54	68.23	22.46	0.00
3	3	0.00	0.45	80.25	9.66	0.00
3	7	0.01	2.20	64.02	9.43	0.00
Core	CPU	C1%	C3%	C6%	C8%	C9%
-	-	0.01	1.08	69.91	16.14	0.00
0	0	0.00	0.65	74.12	13.44	0.00
0	4	0.01	0.38	69.98	18.73	0.00
1	1	0.01	0.33	70.68	17.58	0.00
1	5	0.00	2.32	67.84	19.37	0.00
2	2	0.00	0.45	68.23	19.87	0.00
2	6	0.00	0.44	68.35	20.50	0.00
3	3	0.01	0.49	76.63	11.47	0.00
3	7	0.02	3.59	63.22	8.11	0.00
Core	CPU	C1%	C3%	C6%	C8%	C9%
-	-	0.01	0.69	71.42	16.68	0.00
0	0	0.01	0.51	71.37	17.55	0.00
0	4	0.00	0.51	70.59	19.95	0.00
1	1	0.02	0.24	73.65	16.51	0.00
1	5	0.00	0.52	70.60	20.12	0.00
2	2	0.01	0.71	70.42	19.41	0.00
2	6	0.00	0.30	69.47	21.53	0.00
3	3	0.00	0.31	79.48	10.64	0.00
3	7	0.01	2.41	65.57	7.69	0.00
Core	CPU	C1%	C3%	C6%	C8%	C9%
-	-	0.02	0.71	71.14	16.55	0.04
0	0	0.01	0.44	73.15	15.83	0.00
0	4	0.09	0.45	70.65	19.24	0.00
1	1	0.01	0.40	73.76	15.64	0.00
1	5	0.00	0.40	68.67	22.06	0.00
2	2	0.01	0.51	70.63	18.57	0.00
2	6	0.00	0.57	68.80	21.40	0.00
3	3	0.00	0.53	78.71	11.27	0.00
3	7	0.02	2.39	64.72	8.35	0.31
Core	CPU	C1%	C3%	C6%	C8%	C9%
-	-	0.01	0.72	72.88	15.01	0.00
0	0	0.00	0.64	75.04	13.77	0.00
0	4	0.00	0.44	72.69	17.92	0.00
1	1	0.01	0.31	75.28	14.63	0.00
1	5	0.00	0.52	70.00	20.74	0.00
2	2	0.01	0.66	71.93	17.88	0.00
2	6	0.00	0.43	70.99	19.80	0.00
3	3	0.00	0.53	80.93	8.92	0.00
3	7	0.02	2.21	66.78	6.53	0.00
Core	CPU	C1%	C3%	C6%	C8%	C9%
-	-	0.05	0.69	72.65	15.38	0.00
0	0	0.21	0.55	75.30	13.37	0.00
0	4	0.00	0.47	72.53	18.10	0.00
1	1	0.01	0.32	73.80	16.38	0.00
1	5	0.00	0.54	72.03	18.58	0.00
2	2	0.00	0.54	70.12	19.80	0.00
2	6	0.00	0.35	70.35	20.50	0.00
3	3	0.01	0.43	80.94	9.03	0.00
3	7	0.20	2.32	65.85	7.24	0.00
Core	CPU	C1%	C3%	C6%	C8%	C9%
-	-	0.01	0.79	69.75	16.04	0.00
0	0	0.01	0.39	71.25	15.39	0.00
0	4	0.00	0.57	72.67	16.12	0.00
1	1	0.01	0.37	70.51	16.60	0.00
1	5	0.01	1.19	67.80	19.62	0.00
2	2	0.00	0.51	67.86	20.09	0.00
2	6	0.01	0.42	68.08	20.82	0.00
3	3	0.00	0.34	76.71	11.38	0.00
3	7	0.01	2.58	63.13	8.30	0.00
Core	CPU	C1%	C3%	C6%	C8%	C9%
-	-	0.01	0.65	73.27	14.73	0.00
0	0	0.01	0.49	78.55	10.37	0.00
0	4	0.00	0.58	75.12	15.29	0.00
1	1	0.01	0.30	73.09	16.73	0.00
1	5	0.00	0.27	71.42	19.60	0.00
2	2	0.00	0.53	71.02	18.92	0.00
2	6	0.00	0.41	71.06	19.83	0.00
3	3	0.00	0.44	80.12	9.04	0.00
3	7	0.01	2.21	65.43	8.00	0.00
Core	CPU	C1%	C3%	C6%	C8%	C9%
-	-	0.01	0.75	70.67	17.02	0.00
0	0	0.01	0.38	71.43	17.48	0.00
0	4	0.00	0.74	70.30	19.17	0.00
1	1	0.01	0.37	73.97	16.00	0.00
1	5	0.00	0.41	71.19	19.45	0.00
2	2	0.00	0.57	68.44	20.80	0.00
2	6	0.00	0.48	68.22	22.49	0.00
3	3	0.01	0.46	78.83	10.76	0.00
3	7	0.01	2.62	63.00	10.05	0.00
Core	CPU	C1%	C3%	C6%	C8%	C9%
-	-	0.01	0.67	73.71	14.34	0.00
0	0	0.00	0.83	75.57	13.04	0.00
0	4	0.01	0.31	72.37	18.35	0.00
1	1	0.01	0.09	73.61	16.62	0.00
1	5	0.00	0.58	71.85	18.85	0.00
2	2	0.01	0.54	72.55	17.30	0.00
2	6	0.00	0.18	71.45	19.50	0.00
3	3	0.00	0.36	83.05	7.00	0.00
3	7	0.02	2.49	69.25	4.10	0.00
Core	CPU	C1%	C3%	C6%	C8%	C9%
-	-	0.01	0.69	72.11	15.81	0.00
0	0	0.01	0.52	75.99	12.77	0.00
0	4	0.01	0.47	71.53	19.16	0.00
1	1	0.01	0.32	73.30	16.74	0.00
1	5	0.00	0.34	71.49	19.28	0.00
2	2	0.00	0.43	70.26	19.67	0.00
2	6	0.00	0.58	70.30	20.34	0.00
3	3	0.01	0.56	80.11	9.79	0.00
3	7	0.01	2.31	64.50	8.86	0.00
Core	CPU	C1%	C3%	C6%	C8%	C9%
-	-	0.03	1.26	67.37	17.86	0.00
0	0	0.01	0.46	72.74	14.80	0.00
0	4	0.01	0.54	67.89	20.52	0.00
1	1	0.01	0.47	69.44	18.17	0.00
1	5	0.00	2.95	66.26	21.22	0.00
2	2	0.01	0.38	64.31	23.88	0.00
2	6	0.01	0.60	65.24	23.84	0.00
3	3	0.01	0.47	74.41	12.56	0.00
3	7	0.22	4.19	58.68	7.86	0.00
Core	CPU	C1%	C3%	C6%	C8%	C9%
-	-	0.03	0.70	71.66	16.39	0.00
0	0	0.01	0.46	71.75	17.35	0.00
0	4	0.00	0.58	71.82	18.61	0.00
1	1	0.01	0.42	72.25	17.42	0.00
1	5	0.00	0.39	72.11	18.64	0.00
2	2	0.00	0.52	69.06	20.87	0.00
2	6	0.00	0.45	70.48	20.32	0.00
3	3	0.00	0.51	79.90	10.02	0.00
3	7	0.21	2.24	65.29	7.69	0.00
Core	CPU	C1%	C3%	C6%	C8%	C9%
-	-	0.01	0.82	71.43	16.41	0.00
0	0	0.01	0.41	74.54	14.35	0.00
0	4	0.00	1.29	72.25	17.27	0.00
1	1	0.01	0.45	72.23	17.56	0.00
1	5	0.01	0.42	71.65	19.15	0.00
2	2	0.01	0.52	67.84	22.09	0.00
2	6	0.00	0.53	69.73	21.04	0.00
3	3	0.01	0.56	78.88	11.03	0.00
3	7	0.01	2.41	64.47	8.82	0.00
Core	CPU	C1%	C3%	C6%	C8%	C9%
-	-	0.01	0.70	72.96	15.12	0.00
0	0	0.00	0.61	71.15	17.79	0.00
0	4	0.00	0.49	72.05	18.46	0.00
1	1	0.02	0.20	75.02	15.04	0.00
1	5	0.00	0.46	71.05	19.78	0.00
2	2	0.01	0.66	70.97	18.90	0.00
2	6	0.01	0.26	71.66	19.28	0.00
3	3	0.00	0.36	83.12	6.90	0.00
3	7	0.02	2.54	68.49	4.75	0.00
Core	CPU	C1%	C3%	C6%	C8%	C9%
-	-	0.01	0.70	71.81	16.10	0.00
0	0	0.01	0.50	73.50	15.46	0.00
0	4	0.00	0.65	72.82	17.56	0.00
1	1	0.01	0.31	71.78	18.33	0.00
1	5	0.00	0.45	72.54	18.08	0.00
2	2	0.01	0.53	70.24	19.52	0.00
2	6	0.00	0.41	69.93	20.84	0.00
3	3	0.01	0.48	79.04	10.93	0.00
3	7	0.01	2.25	65.32	8.19	0.00
Core	CPU	C1%	C3%	C6%	C8%	C9%
-	-	0.00	1.04	69.03	17.12	0.01
0	0	0.00	0.45	71.09	16.49	0.00
0	4	0.01	0.42	70.71	17.69	0.00
1	1	0.01	0.42	69.92	18.08	0.00
1	5	0.00	1.59	67.79	19.42	0.09
2	2	0.01	0.51	67.67	20.87	0.00
2	6	0.00	0.40	67.17	21.38	0.00
3	3	0.00	0.54	75.75	13.38	0.00
3	7	0.01	4.00	61.90	9.59	0.00
Core	CPU	C1%	C3%	C6%	C8%	C9%
-	-	0.04	0.67	71.61	16.45	0.00
0	0	0.00	0.60	74.39	14.41	0.00
0	4	0.00	0.42	73.45	17.16	0.00
1	1	0.00	0.35	71.09	18.85	0.00
1	5	0.00	0.42	71.27	19.59	0.00
2	2	0.01	0.46	69.50	20.41	0.00
2	6	0.00	0.50	70.57	20.12	0.00
3	3	0.00	0.66	78.51	11.40	0.00
3	7	0.30	1.93	63.61	9.55	0.00
Core	CPU	C1%	C3%	C6%	C8%	C9%
-	-	0.01	0.79	71.40	16.35	0.00
0	0	0.01	0.39	74.25	14.35	0.00
0	4	0.00	1.29	71.22	18.53	0.00
1	1	0.01	0.45	75.39	14.47	0.00
1	5	0.00	0.32	70.00	20.75	0.00
2	2	0.00	0.48	69.79	20.06	0.00
2	6	0.01	0.55	70.02	20.70	0.00
3	3	0.00	0.48	78.22	11.54	0.00
3	7	0.02	2.40	62.89	10.52	0.00
Core	CPU	C1%	C3%	C6%	C8%	C9%
-	-	0.01	0.68	71.96	16.19	0.00
0	0	0.00	0.56	75.45	13.38	0.00
0	4	0.00	0.44	71.59	19.08	0.00
1	1	0.01	0.26	73.70	16.41	0.00
1	5	0.00	0.53	70.37	20.39	0.00
2	2	0.01	0.64	69.66	20.19	0.00
2	6	0.00	0.31	70.11	20.79	0.00
3	3	0.00	0.41	78.91	11.14	0.00
3	7	0.02	2.27	65.37	8.05	0.00
Core	CPU	C1%	C3%	C6%	C8%	C9%
-	-	0.01	0.72	72.53	15.40	0.00
0	0	0.01	0.62	73.97	14.82	0.00
0	4	0.00	0.54	71.44	19.07	0.00
1	1	0.01	0.27	74.94	15.02	0.00
1	5	0.00	0.48	70.39	20.39	0.00
2	2	0.01	0.63	70.58	19.25	0.00
2	6	0.00	0.41	70.36	20.41	0.00
3	3	0.00	0.46	81.57	8.42	0.00
3	7	0.01	2.32	67.44	5.97	0.00
Core	CPU	C1%	C3%	C6%	C8%	C9%
-	-	0.00	0.99	69.74	16.08	0.00
0	0	0.00	0.54	74.99	11.87	0.00
0	4	0.00	0.47	68.91	19.86	0.00
1	1	0.01	0.30	70.83	16.74	0.00
1	5	0.00	1.34	68.39	18.98	0.00
2	2	0.01	0.54	67.20	20.05	0.00
2	6	0.00	0.44	67.48	21.81	0.00
3	3	0.00	0.61	77.18	10.72	0.00
3	7	0.01	3.65	62.65	8.56	0.00
Core	CPU	C1%	C3%	C6%	C8%	C9%
-	-	0.01	0.68	72.08	16.03	0.00
0	0	0.01	0.58	73.41	15.44	0.00
0	4	0.01	0.52	70.76	19.84	0.00
1	1	0.01	0.28	74.42	15.63	0.00
1	5	0.00	0.44	71.22	19.63	0.00
2	2	0.01	0.58	70.04	19.87	0.00
2	6	0.00	0.34	70.27	20.64	0.00
3	3	0.00	0.45	79.82	10.23	0.00
3	7	0.02	2.25	66.52	6.91	0.00
Core	CPU	C1%	C3%	C6%	C8%	C9%
-	-	0.01	0.81	72.12	15.68	0.00
0	0	0.01	0.54	72.76	16.12	0.00
0	4	0.00	0.64	71.59	18.90	0.00
1	1	0.02	0.71	74.13	15.04	0.00
1	5	0.00	0.41	71.14	19.72	0.00
2	2	0.01	0.58	71.08	18.76	0.00
2	6	0.01	0.35	70.06	20.83	0.00
3	3	0.00	0.53	80.75	9.24	0.00
3	7	0.01	2.72	65.96	6.99	0.00
Core	CPU	C1%	C3%	C6%	C8%	C9%
-	-	0.01	0.66	72.19	15.98	0.00
0	0	0.01	0.28	77.27	11.75	0.00
0	4	0.00	0.56	72.38	18.29	0.00
1	1	0.01	0.51	75.28	14.72	0.00
1	5	0.00	0.27	72.08	18.72	0.00
2	2	0.00	0.45	68.30	21.66	0.00
2	6	0.01	0.61	69.92	20.82	0.00
3	3	0.01	0.47	78.94	11.09	0.00
3	7	0.01	2.13	62.80	10.66	0.00
Core	CPU	C1%	C3%	C6%	C8%	C9%
-	-	0.03	0.74	70.88	16.94	0.00
0	0	0.00	0.60	73.50	15.26	0.00
0	4	0.01	0.47	71.38	19.19	0.00
1	1	0.01	0.39	71.23	18.65	0.00
1	5	0.00	0.54	70.77	19.93	0.00
2	2	0.01	0.56	69.39	20.45	0.00
2	6	0.00	0.48	69.39	21.29	0.00
3	3	0.00	0.65	78.39	11.42	0.00
3	7	0.21	2.21	63.59	9.44	0.00
Core	CPU	C1%	C3%	C6%	C8%	C9%
-	-	0.01	1.08	69.39	17.06	0.00
0	0	0.00	0.41	73.34	14.05	0.00
0	4	0.00	0.58	69.09	20.00	0.00
1	1	0.01	0.40	72.08	17.50	0.00
1	5	0.00	2.07	68.50	18.72	0.00
2	2	0.01	0.50	67.06	22.00	0.00
2	6	0.00	0.51	67.75	21.28	0.00
3	3	0.01	0.59	76.19	12.31	0.00
3	7	0.01	3.60	60.86	10.59	0.00
Core	CPU	C1%	C3%	C6%	C8%	C9%
-	-	0.01	0.69	72.69	15.40	0.00
0	0	0.01	0.70	72.02	16.84	0.00
0	4	0.01	0.41	70.23	20.50	0.00
1	1	0.02	0.23	74.92	15.11	0.00
1	5	0.00	0.50	72.73	18.03	0.00
2	2	0.01	0.61	71.83	18.08	0.00
2	6	0.00	0.29	72.31	18.57	0.00
3	3	0.01	0.48	80.73	9.19	0.00
3	7	0.01	2.26	66.57	6.81	0.00
Core	CPU	C1%	C3%	C6%	C8%	C9%
-	-	0.00	0.83	71.99	15.77	0.00
0	0	0.00	0.51	75.79	13.10	0.00
0	4	0.01	0.50	74.43	16.18	0.00
1	1	0.01	0.32	72.30	17.40	0.00
1	5	0.00	1.28	69.72	20.02	0.00
2	2	0.00	0.62	69.58	20.28	0.00
2	6	0.00	0.40	71.57	19.23	0.00
3	3	0.01	0.54	78.74	10.90	0.00
3	7	0.01	2.49	64.08	9.08	0.00
Core	CPU	C1%	C3%	C6%	C8%	C9%
-	-	0.01	0.71	72.03	16.04	0.00
0	0	0.00	0.42	72.17	16.86	0.00
0	4	0.00	0.72	73.54	16.78	0.00
1	1	0.01	0.32	74.30	15.56	0.00
1	5	0.00	0.52	71.37	19.28	0.00
2	2	0.01	0.61	68.23	21.66	0.00
2	6	0.01	0.43	70.29	20.54	0.00
3	3	0.00	0.35	80.92	9.11	0.00
3	7	0.01	2.36	64.94	8.40	0.00
Core	CPU	C1%	C3%	C6%	C8%	C9%
-	-	0.01	0.70	71.96	15.96	0.00
0	0	0.01	0.29	76.14	12.88	0.00
0	4	0.00	0.65	69.71	20.80	0.00
1	1	0.01	0.43	75.65	14.36	0.00
1	5	0.00	0.29	72.33	18.38	0.00
2	2	0.00	0.45	67.85	22.09	0.00
2	6	0.00	0.60	69.46	21.23	0.00
3	3	0.01	0.44	81.91	8.02	0.00
3	7	0.01	2.43	63.21	10.02	0.00
Core	CPU	C1%	C3%	C6%	C8%	C9%
-	-	0.01	1.34	70.07	16.79	0.00
0	0	0.01	0.38	76.12	12.08	0.00
0	4	0.00	0.57	71.50	18.41	0.00
1	1	0.01	0.32	71.58	18.01	0.00
1	5	0.06	3.01	67.87	19.55	0.00
2	2	0.00	0.52	66.66	22.78	0.00
2	6	0.00	0.48	69.14	20.22	0.00
3	3	0.01	0.47	75.94	13.02	0.00
3	7	0.01	4.97	61.12	10.09	0.00
Core	CPU	C1%	C3%	C6%	C8%	C9%
-	-	0.01	0.68	71.95	16.09	0.00
0	0	0.00	0.63	74.58	14.22	0.00
0	4	0.01	0.40	70.91	19.79	0.00
1	1	0.02	0.25	73.23	16.81	0.00
1	5	0.00	0.51	70.36	20.43	0.00
2	2	0.01	0.63	71.90	17.98	0.00
2	6	0.00	0.31	70.40	20.49	0.00
3	3	0.00	0.51	79.00	10.90	0.00
3	7	0.01	2.23	65.26	8.12	0.00
Core	CPU	C1%	C3%	C6%	C8%	C9%
-	-	0.02	0.87	69.86	17.05	0.00
0	0	0.00	0.52	70.95	17.96	0.00
0	4	0.00	0.47	69.32	20.97	0.00
1	1	0.01	0.32	74.03	15.75	0.00
1	5	0.00	1.30	69.71	20.07	0.00
2	2	0.02	0.57	68.35	21.25	0.00
2	6	0.01	0.34	66.79	23.38	0.00
3	3	0.00	0.52	77.55	11.13	0.00
3	7	0.08	2.91	62.34	5.95	0.00
Core	CPU	C1%	C3%	C6%	C8%	C9%
-	-	0.01	0.67	71.48	16.61	0.00
0	0	0.01	0.40	74.33	14.67	0.00
0	4	0.00	0.51	71.07	19.64	0.00
1	1	0.01	0.44	74.78	15.12	0.00
1	5	0.00	0.44	70.46	20.27	0.00
2	2	0.00	0.51	68.97	21.00	0.00
2	6	0.01	0.51	69.98	20.82	0.00
3	3	0.01	0.51	79.04	10.97	0.00
3	7	0.01	2.04	63.14	10.39	0.00
Core	CPU	C1%	C3%	C6%	C8%	C9%
-	-	0.01	0.72	72.72	15.21	0.00
0	0	0.01	0.61	74.69	14.11	0.00
0	4	0.00	0.55	72.27	18.25	0.00
1	1	0.01	0.28	74.61	15.45	0.00
1	5	0.00	0.69	71.07	19.44	0.00
2	2	0.01	0.68	70.98	18.86	0.00
2	6	0.00	0.30	71.89	18.93	0.00
3	3	0.00	0.42	79.84	10.17	0.00
3	7	0.01	2.24	66.94	6.59	0.00
Core	CPU	C1%	C3%	C6%	C8%	C9%
-	-	0.01	1.18	69.37	16.90	0.00
0	0	0.00	0.39	69.91	17.61	0.00
0	4	0.01	0.53	68.43	20.36	0.00
1	1	0.01	0.32	72.33	16.20	0.00
1	5	0.03	2.71	69.09	18.31	0.00
2	2	0.01	0.43	67.79	20.48	0.00
2	6	0.00	0.53	68.33	21.28	0.00
3	3	0.00	0.49	76.71	11.77	0.00
3	7	0.01	4.01	62.16	9.12	0.00
Core	CPU	C1%	C3%	C6%	C8%	C9%
-	-	0.01	0.69	72.18	15.93	0.00
0	0	0.01	0.26	76.60	12.57	0.00
0	4	0.00	0.65	72.25	18.34	0.00
1	1	0.02	0.50	76.35	13.51	0.00
1	5	0.00	0.33	69.69	21.04	0.00
2	2	0.00	0.50	67.75	22.24	0.00
2	6	0.00	0.51	69.64	21.18	0.00
3	3	0.00	0.43	80.71	9.34	0.00
3	7	0.01	2.35	64.13	9.16	0.00
Core	CPU	C1%	C3%	C6%	C8%	C9%
-	-	0.01	0.89	70.84	16.88	0.00
0	0	0.01	0.52	72.40	16.23	0.00
0	4	0.00	0.63	71.40	18.96	0.00
1	1	0.01	0.39	72.02	17.89	0.00
1	5	0.00	1.36	70.21	19.43	0.00
2	2	0.01	0.56	69.06	20.77	0.00
2	6	0.00	0.44	69.96	20.70	0.00
3	3	0.00	0.44	77.28	12.18	0.00
3	7	0.01	2.79	64.26	8.82	0.00
Core	CPU	C1%	C3%	C6%	C8%	C9%
-	-	0.01	0.66	72.25	15.42	0.00
0	0	0.01	0.59	76.93	11.82	0.00
0	4	0.00	0.51	72.98	17.56	0.00
1	1	0.01	0.26	74.37	15.69	0.00
1	5	0.01	0.34	70.35	19.04	0.00
2	2	0.01	0.62	69.76	20.11	0.00
2	6	0.00	0.36	70.36	20.45	0.00
3	3	0.00	0.37	78.52	10.82	0.00
3	7	0.01	2.25	65.42	8.03	0.00
Core	CPU	C1%	C3%	C6%	C8%	C9%
-	-	0.00	0.73	71.41	16.64	0.00
0	0	0.00	0.48	71.79	17.25	0.00
0	4	0.00	0.76	72.91	17.37	0.00
1	1	0.01	0.50	74.19	15.50	0.00
1	5	0.00	0.38	69.68	21.19	0.00
2	2	0.01	0.57	69.17	20.72	0.00
2	6	0.01	0.56	71.34	19.16	0.00
3	3	0.00	0.45	78.35	11.71	0.00
3	7	0.00	2.09	63.33	10.12	0.00
Core	CPU	C1%	C3%	C6%	C8%	C9%
-	-	0.01	1.03	70.25	15.55	0.00
0	0	0.01	0.54	73.46	13.45	0.00
0	4	0.01	0.61	69.19	19.54	0.00
1	1	0.01	0.25	72.05	15.53	0.00
1	5	0.00	1.77	68.10	19.38	0.00
2	2	0.01	0.58	68.06	19.37	0.00
2	6	0.00	0.29	67.89	21.04	0.00
3	3	0.00	0.42	78.76	9.39	0.00
3	7	0.02	3.75	64.59	6.70	0.00
Core	CPU	C1%	C3%	C6%	C8%	C9%
-	-	0.01	0.68	71.43	16.56	0.00
0	0	0.00	0.52	73.08	15.78	0.00
0	4	0.01	0.47	71.27	19.39	0.00
1	1	0.01	0.32	73.19	16.83	0.00
1	5	0.00	0.41	69.83	20.90	0.00
2	2	0.00	0.54	69.57	20.37	0.00
2	6	0.00	0.47	69.26	21.49	0.00
3	3	0.01	0.38	80.50	9.55	0.00
3	7	0.02	2.31	65.15	8.30	0.00
Core	CPU	C1%	C3%	C6%	C8%	C9%
-	-	0.01	0.82	71.35	16.47	0.00
0	0	0.01	0.54	73.84	14.85	0.00
0	4	0.01	0.34	69.65	20.71	0.00
1	1	0.01	0.38	72.37	17.79	0.00
1	5	0.00	1.17	70.51	19.05	0.00
2	2	0.00	0.49	69.86	20.07	0.00
2	6	0.00	0.42	70.17	20.70	0.00
3	3	0.01	0.53	79.27	10.33	0.00
3	7	0.02	2.70	64.82	8.21	0.00
Core	CPU	C1%	C3%	C6%	C8%	C9%
-	-	0.11	0.72	71.50	16.28	0.00
0	0	0.00	0.55	73.57	15.18	0.00
0	4	0.00	0.53	71.20	19.29	0.00
1	1	0.01	0.32	72.41	17.56	0.00
1	5	0.00	0.58	70.81	19.80	0.00
2	2	0.00	0.52	70.77	19.14	0.00
2	6	0.00	0.41	70.36	20.41	0.00
3	3	0.01	0.62	78.89	10.91	0.00
3	7	0.89	2.24	64.32	8.04	0.00
Core	CPU	C1%	C3%	C6%	C8%	C9%
-	-	0.01	0.67	72.38	15.76	0.00
0	0	0.00	0.62	76.70	12.10	0.00
0	4	0.01	0.44	73.22	17.42	0.00
1	1	0.01	0.26	73.12	16.88	0.00
1	5	0.00	0.54	71.00	19.82	0.00
2	2	0.01	0.60	71.37	18.55	0.00
2	6	0.00	0.31	68.96	21.88	0.00
3	3	0.00	0.48	78.23	11.73	0.00
3	7	0.02	2.14	65.90	7.61	0.00
Core	CPU	C1%	C3%	C6%	C8%	C9%
-	-	0.01	1.24	69.90	16.53	0.00
0	0	0.01	0.52	72.65	14.50	0.00
0	4	0.01	0.56	70.14	19.97	0.00
1	1	0.01	0.38	71.54	17.15	0.00
1	5	0.01	2.67	67.49	19.72	0.00
2	2	0.01	0.50	67.66	21.20	0.00
2	6	0.00	0.41	68.28	20.46	0.00
3	3	0.00	0.43	77.61	11.65	0.00
3	7	0.07	4.40	63.74	7.59	0.00
Core	CPU	C1%	C3%	C6%	C8%	C9%
-	-	0.01	0.64	72.12	15.92	0.00
0	0	0.01	0.29	76.58	12.59	0.00
0	4	0.00	0.64	74.98	15.43	0.00
1	1	0.01	0.46	74.10	15.67	0.00
1	5	0.00	0.18	71.72	19.34	0.00
2	2	0.01	0.49	70.86	18.95	0.00
2	6	0.00	0.62	67.84	22.83	0.00
3	3	0.00	0.51	78.26	11.68	0.00
3	7	0.01	1.95	62.64	10.91	0.00
Core	CPU	C1%	C3%	C6%	C8%	C9%
-	-	0.01	0.80	71.02	16.80	0.00
0	0	0.01	0.38	74.44	14.52	0.00
0	4	0.00	0.65	73.12	17.31	0.00
1	1	0.00	0.34	71.66	18.45	0.00
1	5	0.01	1.12	70.36	19.52	0.00
2	2	0.01	0.51	68.18	21.69	0.00
2	6	0.00	0.62	69.08	21.63	0.00
3	3	0.00	0.60	78.83	11.03	0.00
3	7	0.02	2.19	62.96	10.36	0.00
Core	CPU	C1%	C3%	C6%	C8%	C9%
-	-	0.00	0.68	72.23	15.86	0.00
0	0	0.00	0.51	76.41	12.43	0.00
0	4	0.00	0.49	71.76	18.87	0.00
1	1	0.01	0.31	73.34	16.76	0.00
1	5	0.00	0.37	70.37	20.48	0.00
2	2	0.00	0.55	69.26	20.65	0.00
2	6	0.00	0.42	70.52	20.29	0.00
3	3	0.01	0.47	80.91	9.09	0.00
3	7	0.01	2.29	65.07	8.27	0.00
Core	CPU	C1%	C3%	C6%	C8%	C9%
-	-	0.00	0.68	71.68	16.29	0.00
0	0	0.00	0.49	75.11	13.80	0.00
0	4	0.00	0.53	72.01	18.59	0.00
1	1	0.01	0.34	71.88	18.15	0.00
1	5	0.00	0.47	70.10	20.59	0.00
2	2	0.01	0.57	71.22	18.51	0.00
2	6	0.01	0.49	70.61	20.10	0.00
3	3	0.00	0.59	78.55	11.31	0.00
3	7	0.01	1.94	64.33	9.34	0.00
Core	CPU	C1%	C3%	C6%	C8%	C9%
-	-	0.01	1.03	69.63	16.32	0.00
0	0	0.00	0.37	71.66	15.67	0.00
0	4	0.00	0.54	71.14	17.15	0.00
1	1	0.01	0.45	72.27	15.80	0.00
1	5	0.01	2.09	69.77	17.71	0.00
2	2	0.00	0.38	66.89	21.33	0.00
2	6	0.00	0.53	66.79	21.93	0.00
3	3	0.00	0.51	76.40	11.53	0.00
3	7	0.01	3.38	61.99	9.39	0.00
Core	CPU	C1%	C3%	C6%	C8%	C9%
-	-	0.01	0.70	72.47	15.62	0.00
0	0	0.00	0.57	73.51	15.48	0.00
0	4	0.01	0.51	72.30	18.33	0.00
1	1	0.01	0.36	76.62	13.29	0.00
1	5	0.00	0.40	71.27	19.58	0.00
2	2	0.01	0.55	70.08	19.86	0.00
2	6	0.01	0.40	69.61	21.25	0.00
3	3	0.00	0.63	80.66	9.25	0.00
3	7	0.01	2.21	65.49	7.86	0.00
Core	CPU	C1%	C3%	C6%	C8%	C9%
-	-	0.02	0.93	71.34	16.06	0.00
0	0	0.01	0.48	71.22	17.66	0.00
0	4	0.00	0.60	72.54	17.55	0.00
1	1	0.00	0.41	72.56	16.96	0.00
1	5	0.00	1.26	70.29	19.15	0.00
2	2	0.00	0.56	68.61	20.76	0.00
2	6	0.00	0.53	70.32	19.59	0.00
3	3	0.00	0.56	79.19	10.31	0.00
3	7	0.12	3.08	65.97	6.48	0.00
Core	CPU	C1%	C3%	C6%	C8%	C9%
-	-	0.01	0.71	71.76	16.26	0.00
0	0	0.01	0.47	72.98	15.97	0.00
0	4	0.00	0.77	72.99	17.28	0.00
1	1	0.01	0.40	72.61	17.24	0.00
1	5	0.00	0.44	71.17	19.55	0.00
2	2	0.01	0.55	68.05	21.89	0.00
2	6	0.00	0.42	69.90	20.89	0.00
3	3	0.00	0.49	79.64	10.37	0.00
3	7	0.01	2.11	66.47	6.85	0.00
Core	CPU	C1%	C3%	C6%	C8%	C9%
-	-	0.06	0.71	72.63	14.91	0.00
0	0	0.01	0.61	74.59	13.65	0.00
0	4	0.08	0.57	72.21	17.65	0.00
1	1	0.05	0.34	75.57	13.71	0.00
1	5	0.00	0.38	70.92	19.92	0.00
2	2	0.31	0.67	70.43	18.29	0.00
2	6	0.02	0.57	71.71	18.50	0.00
3	3	0.00	0.43	79.00	10.96	0.00
3	7	0.01	2.15	66.64	6.63	0.00
Core	CPU	C1%	C3%	C6%	C8%	C9%
-	-	0.01	1.27	69.15	17.11	0.00
0	0	0.00	0.45	70.28	17.81	0.00
0	4	0.00	0.67	72.69	17.39	0.00
1	1	0.01	0.38	70.73	19.05	0.00
1	5	0.01	0.44	67.46	22.66	0.00
2	2	0.01	2.41	67.90	18.68	0.00
2	6	0.00	0.38	66.77	23.51	0.00
3	3	0.00	0.51	76.93	12.13	0.00
3	7	0.02	4.95	60.82	5.73	0.00
Core	CPU	C1%	C3%	C6%	C8%	C9%
-	-	0.03	0.71	71.96	15.71	0.00
0	0	0.00	0.41	74.26	14.85	0.00
0	4	0.04	0.62	72.55	17.26	0.00
1	1	0.01	0.42	74.01	15.81	0.00
1	5	0.00	0.39	69.61	20.65	0.00
2	2	0.01	0.58	70.47	18.96	0.00
2	6	0.07	0.61	69.77	20.13	0.00
3	3	0.00	0.48	79.56	9.97	0.00
3	7	0.10	2.17	65.03	7.92	0.00
Core	CPU	C1%	C3%	C6%	C8%	C9%
-	-	0.07	0.83	70.83	16.81	0.00
0	0	0.00	0.38	76.40	12.60	0.00
0	4	0.00	0.50	70.73	19.67	0.00
1	1	0.00	0.50	71.29	18.59	0.00
1	5	0.00	0.49	69.63	20.86	0.00
2	2	0.00	0.48	68.95	20.44	0.00
2	6	0.01	1.26	70.00	19.50	0.00
3	3	0.01	0.56	77.05	12.89	0.00
3	7	0.50	2.49	62.58	9.90	0.00
Core	CPU	C1%	C3%	C6%	C8%	C9%
-	-	0.01	0.71	71.66	16.26	0.00
0	0	0.01	0.39	75.01	13.94	0.00
0	4	0.00	0.73	73.28	17.12	0.00
1	1	0.01	0.34	74.12	15.94	0.00
1	5	0.00	0.38	71.18	19.39	0.00
2	2	0.00	0.58	69.07	20.76	0.00
2	6	0.01	0.54	69.72	20.91	0.00
3	3	0.01	0.49	77.82	12.06	0.00
3	7	0.00	2.23	63.17	9.97	0.00
Core	CPU	C1%	C3%	C6%	C8%	C9%
-	-	0.01	0.73	71.83	16.04	0.00
0	0	0.01	0.49	76.41	12.43	0.00
0	4	0.00	0.74	71.32	19.10	0.00
1	1	0.01	0.36	74.04	15.85	0.00
1	5	0.00	0.50	70.23	20.27	0.00
2	2	0.01	0.51	69.01	20.94	0.00
2	6	0.00	0.44	68.89	21.87	0.00
3	3	0.01	0.52	80.48	9.42	0.00
3	7	0.01	2.28	64.82	8.59	0.00
Core	CPU	C1%	C3%	C6%	C8%	C9%
-	-	0.07	1.07	69.10	16.10	0.00
0	0	0.44	0.42	72.01	13.21	0.00
0	4	0.10	0.61	70.01	17.70	0.00
1	1	0.01	0.41	69.52	18.17	0.00
1	5	0.00	0.43	69.31	19.19	0.00
2	2	0.00	2.35	64.13	21.78	0.00
2	6	0.00	0.45	67.37	20.85	0.00
3	3	0.00	0.44	76.82	10.09	0.00
3	7	0.01	3.45	63.65	7.78	0.00
Core	CPU	C1%	C3%	C6%	C8%	C9%
-	-	0.01	0.70	71.82	16.30	0.00
0	0	0.00	0.61	72.66	16.20	0.00
0	4	0.01	0.49	69.87	20.80	0.00
1	1	0.01	0.18	74.20	15.88	0.00
1	5	0.00	0.59	70.17	20.48	0.00
2	2	0.02	0.69	70.37	19.49	0.00
2	6	0.01	0.27	69.72	21.15	0.00
3	3	0.00	0.38	80.78	9.24	0.00
3	7	0.01	2.40	66.33	7.06	0.00
Core	CPU	C1%	C3%	C6%	C8%	C9%
-	-	0.01	0.86	71.88	15.92	0.00
0	0	0.01	0.53	72.64	16.31	0.00
0	4	0.01	0.61	71.11	19.25	0.00
1	1	0.01	0.37	75.14	14.49	0.00
1	5	0.00	0.40	70.71	20.03	0.00
2	2	0.01	0.53	70.18	19.76	0.00
2	6	0.00	1.31	70.20	19.67	0.00
3	3	0.01	0.52	80.37	9.56	0.00
3	7	0.01	2.62	64.87	8.31	0.00
Core	CPU	C1%	C3%	C6%	C8%	C9%
-	-	0.01	0.72	73.00	15.02	0.00
0	0	0.01	0.54	74.45	14.41	0.00
0	4	0.01	0.50	71.21	19.49	0.00
1	1	0.01	0.28	74.36	15.73	0.00
1	5	0.00	0.44	72.92	17.73	0.00
2	2	0.01	0.60	71.51	18.25	0.00
2	6	0.00	0.43	72.63	17.98	0.00
3	3	0.00	0.55	79.50	10.31	0.00
3	7	0.02	2.37	66.98	6.13	0.00
Core	CPU	C1%	C3%	C6%	C8%	C9%
-	-	0.01	0.74	71.91	16.05	0.00
0	0	0.01	0.52	73.54	15.34	0.00
0	4	0.00	0.53	70.74	19.92	0.00
1	1	0.01	0.35	73.21	16.79	0.00
1	5	0.00	0.55	70.67	19.94	0.00
2	2	0.01	0.61	68.53	21.31	0.00
2	6	0.01	0.46	70.63	20.03	0.00
3	3	0.00	0.43	82.27	7.70	0.00
3	7	0.01	2.47	65.73	7.40	0.00
Core	CPU	C1%	C3%	C6%	C8%	C9%
-	-	0.03	1.16	69.22	16.36	0.00
0	0	0.00	0.48	72.34	14.66	0.00
0	4	0.06	0.57	71.21	17.61	0.00
1	1	0.01	0.46	72.04	15.80	0.00
1	5	0.00	0.50	68.68	20.16	0.00
2	2	0.01	2.64	66.68	19.00	0.00
2	6	0.15	0.45	66.11	21.39	0.00
3	3	0.00	0.57	75.20	12.16	0.00
3	7	0.01	3.65	61.49	10.07	0.00
Core	CPU	C1%	C3%	C6%	C8%	C9%
-	-	0.00	0.70	72.02	15.98	0.00
0	0	0.01	0.40	76.30	12.67	0.00
0	4	0.00	0.58	72.89	17.73	0.00
1	1	0.00	0.47	74.52	15.43	0.00
1	5	0.00	0.46	70.38	20.28	0.00
2	2	0.01	0.46	70.51	19.42	0.00
2	6	0.01	0.59	69.45	21.26	0.00
3	3	0.00	0.55	78.84	11.04	0.00
3	7	0.01	2.09	63.39	10.05	0.00
Core	CPU	C1%	C3%	C6%	C8%	C9%
-	-	0.03	0.82	71.43	16.35	0.00
0	0	0.01	0.46	75.20	13.72	0.00
0	4	0.01	0.57	70.41	20.24	0.00
1	1	0.02	0.29	72.94	17.19	0.00
1	5	0.00	0.27	69.69	20.43	0.00
2	2	0.01	0.53	69.44	20.54	0.00
2	6	0.00	1.17	68.69	21.26	0.00
3	3	0.01	0.43	80.40	9.52	0.00
3	7	0.21	2.85	64.65	7.86	0.00
Core	CPU	C1%	C3%	C6%	C8%	C9%
-	-	0.00	0.70	72.04	15.91	0.00
0	0	0.00	0.61	75.53	13.17	0.00
0	4	0.01	0.58	71.75	18.79	0.00
1	1	0.00	0.29	73.02	17.07	0.00
1	5	0.00	0.42	71.82	18.85	0.00
2	2	0.00	0.57	69.11	20.77	0.00
2	6	0.00	0.32	70.06	20.83	0.00
3	3	0.00	0.52	79.57	10.33	0.00
3	7	0.01	2.27	65.94	7.56	0.00
Core	CPU	C1%	C3%	C6%	C8%	C9%
-	-	0.01	0.69	71.31	16.77	0.00
0	0	0.01	0.45	74.73	14.24	0.00
0	4	0.00	0.51	71.72	19.01	0.00
1	1	0.01	0.42	73.00	16.97	0.00
1	5	0.00	0.34	68.44	22.22	0.00
2	2	0.01	0.51	69.78	20.18	0.00
2	6	0.00	0.53	68.33	22.26	0.00
3	3	0.00	0.45	79.65	10.32	0.00
3	7	0.01	2.31	64.45	8.90	0.00
Core	CPU	C1%	C3%	C6%	C8%	C9%
-	-	0.01	1.08	70.22	15.50	0.00
0	0	0.00	0.61	71.37	15.30	0.00
0	4	0.00	0.56	71.07	17.52	0.00
1	1	0.01	0.24	71.63	16.36	0.00
1	5	0.00	0.57	69.91	18.59	0.00
2	2	0.01	2.88	67.99	18.41	0.00
2	6	0.00	0.46	69.05	19.33	0.00
3	3	0.00	0.40	76.23	11.55	0.00
3	7	0.01	2.89	64.27	6.85	0.00
Core	CPU	C1%	C3%	C6%	C8%	C9%
-	-	0.05	0.66	71.73	15.85	0.00
0	0	0.01	0.39	74.47	13.93	0.00
0	4	0.26	0.53	71.98	17.96	0.00
1	1	0.00	0.49	72.94	15.82	0.00
1	5	0.00	0.31	71.35	18.78	0.00
2	2	0.01	0.54	69.32	20.62	0.00
2	6	0.01	0.48	71.37	18.87	0.00
3	3	0.01	0.46	77.72	12.26	0.00
3	7	0.12	2.09	64.73	8.54	0.00
Core	CPU	C1%	C3%	C6%	C8%	C9%
-	-	0.01	0.90	71.25	16.12	0.00
0	0	0.01	0.56	76.16	12.46	0.00
0	4	0.01	0.50	70.42	19.35	0.00
1	1	0.01	0.30	74.11	15.25	0.00
1	5	0.00	0.47	71.96	18.86	0.00
2	2	0.01	0.58	69.62	19.52	0.00
2	6	0.00	1.25	68.96	20.51	0.00
3	3	0.01	0.51	76.42	13.30	0.00
3	7	0.02	3.03	62.96	9.84	0.00
Core	CPU	C1%	C3%	C6%	C8%	C9%
-	-	0.01	0.68	72.16	15.86	0.00
0	0	0.01	0.51	75.90	13.02	0.00
0	4	0.01	0.65	73.39	17.04	0.00
1	1	0.00	0.45	75.37	14.30	0.00
1	5	0.00	0.32	69.76	21.14	0.00
2	2	0.01	0.49	70.03	19.92	0.00
2	6	0.00	0.53	71.36	19.35	0.00
3	3	0.01	0.56	78.11	11.79	0.00
3	7	0.02	1.92	63.36	10.29	0.00
Core	CPU	C1%	C3%	C6%	C8%	C9%
-	-	0.03	0.72	71.59	16.47	0.00
0	0	0.00	0.52	75.10	13.70	0.00
0	4	0.00	0.58	72.83	17.67	0.00
1	1	0.01	0.35	71.05	18.96	0.00
1	5	0.00	0.44	70.55	20.22	0.00
2	2	0.00	0.47	69.86	20.06	0.00
2	6	0.01	0.60	70.60	20.07	0.00
3	3	0.01	0.65	78.21	11.65	0.00
3	7	0.21	2.11	63.88	9.26	0.00
Core	CPU	C1%	C3%	C6%	C8%	C9%
-	-	0.12	1.15	69.34	16.26	0.00
0	0	0.01	0.47	71.53	15.32	0.00
0	4	0.01	0.69	67.83	20.82	0.00
1	1	0.01	0.34	71.69	16.12	0.00
1	5	0.00	0.30	68.42	20.42	0.00
2	2	0.01	2.53	66.25	20.28	0.00
2	6	0.00	0.52	68.80	19.83	0.00
3	3	0.01	0.39	77.61	10.34	0.00
3	7	0.89	3.94	62.90	6.98	0.00
Core	CPU	C1%	C3%	C6%	C8%	C9%
-	-	0.01	0.70	72.09	15.86	0.00
0	0	0.01	0.50	75.07	13.75	0.00
0	4	0.00	0.46	71.30	19.29	0.00
1	1	0.01	0.30	72.82	17.26	0.00
1	5	0.00	0.43	70.47	20.28	0.00
2	2	0.01	0.58	70.78	19.05	0.00
2	6	0.00	0.49	70.08	20.60	0.00
3	3	0.00	0.55	80.84	8.96	0.00
3	7	0.02	2.26	65.71	7.74	0.00
Core	CPU	C1%	C3%	C6%	C8%	C9%
-	-	0.01	0.87	70.21	17.01	0.00
0	0	0.00	0.39	72.91	16.33	0.00
0	4	0.00	0.52	69.84	21.00	0.00
1	1	0.01	0.34	72.84	17.00	0.00
1	5	0.00	0.36	70.74	20.29	0.00
2	2	0.01	0.48	67.70	22.34	0.00
2	6	0.00	1.27	69.39	20.15	0.00
3	3	0.00	0.45	77.72	11.46	0.00
3	7	0.02	3.17	60.60	7.53	0.00
Core	CPU	C1%	C3%	C6%	C8%	C9%
-	-	0.01	0.69	72.34	15.85	0.00
0	0	0.00	0.51	72.17	16.77	0.00
0	4	0.01	0.49	70.96	19.69	0.00
1	1	0.02	0.27	74.87	15.28	0.00
1	5	0.00	0.43	71.70	19.11	0.00
2	2	0.00	0.55	70.64	19.31	0.00
2	6	0.00	0.43	70.86	19.96	0.00
3	3	0.01	0.45	81.05	9.00	0.00
3	7	0.01	2.39	65.82	7.51	0.00
Core	CPU	C1%	C3%	C6%	C8%	C9%
-	-	0.08	0.71	71.61	16.28	0.00
0	0	0.00	0.47	74.41	14.41	0.00
0	4	0.00	0.58	71.76	18.79	0.00
1	1	0.01	0.37	72.01	17.96	0.00
1	5	0.00	0.46	69.29	21.40	0.00
2	2	0.01	0.53	70.69	19.22	0.00
2	6	0.00	0.53	70.78	19.96	0.00
3	3	0.01	0.53	79.57	10.35	0.00
3	7	0.59	2.24	64.56	8.18	0.00
Core	CPU	C1%	C3%	C6%	C8%	C9%
-	-	0.01	1.23	71.09	15.12	0.00
0	0	0.00	0.57	71.65	15.40	0.00
0	4	0.01	0.51	71.45	16.63	0.00
1	1	0.01	0.30	71.46	17.68	0.00
1	5	0.00	0.60	73.83	15.89	0.00
2	2	0.02	3.34	68.22	18.17	0.00
2	6	0.00	0.42	70.21	19.88	0.00
3	3	0.00	0.46	76.78	11.88	0.00
3	7	0.02	3.63	65.47	5.46	0.00
Core	CPU	C1%	C3%	C6%	C8%	C9%
-	-	0.01	0.71	72.48	15.64	0.00
0	0	0.00	0.60	75.38	13.53	0.00
0	4	0.01	0.52	71.64	19.05	0.00
1	1	0.01	0.28	75.21	14.82	0.00
1	5	0.00	0.51	71.47	19.21	0.00
2	2	0.01	0.58	71.28	18.59	0.00
2	6	0.00	0.46	71.54	19.22	0.00
3	3	0.00	0.53	78.36	11.55	0.00
3	7	0.01	2.17	64.39	9.03	0.00
Core	CPU	C1%	C3%	C6%	C8%	C9%
-	-	0.10	0.82	71.07	16.32	0.00
0	0	0.00	0.73	71.26	16.78	0.00
0	4	0.01	0.37	69.84	20.39	0.00
1	1	0.01	0.28	73.67	15.63	0.00
1	5	0.00	0.51	70.00	20.74	0.00
2	2	0.01	0.56	71.49	18.47	0.00
2	6	0.51	1.05	69.94	19.25	0.00
3	3	0.22	0.43	77.22	11.74	0.00
3	7	0.02	2.61	65.61	7.67	0.00
Core	CPU	C1%	C3%	C6%	C8%	C9%
-	-	0.01	0.69	72.28	15.71	0.00
0	0	0.00	0.60	74.53	14.22	0.00
0	4	0.00	0.40	71.55	19.05	0.00
1	1	0.01	0.26	72.74	17.33	0.00
1	5	0.00	0.53	70.35	20.32	0.00
2	2	0.01	0.61	71.29	18.54	0.00
2	6	0.00	0.40	70.35	20.45	0.00
3	3	0.00	0.55	80.51	9.36	0.00
3	7	0.02	2.16	67.11	6.43	0.00
Core	CPU	C1%	C3%	C6%	C8%	C9%
-	-	0.01	0.71	71.77	16.36	0.00
0	0	0.01	0.45	74.02	14.95	0.00
0	4	0.00	0.76	69.55	20.92	0.00
1	1	0.01	0.38	76.04	13.96	0.00
1	5	0.00	0.25	71.78	19.15	0.00
2	2	0.00	0.42	68.63	21.39	0.00
2	6	0.00	0.59	70.40	20.32	0.00
3	3	0.01	0.48	79.49	10.44	0.00
3	7	0.01	2.39	63.57	9.62	0.00
Core	CPU	C1%	C3%	C6%	C8%	C9%
-	-	0.01	0.97	70.13	15.57	0.00
0	0	0.01	0.59	70.92	15.91	0.00
0	4	0.00	0.40	68.53	20.28	0.00
1	1	0.00	0.25	71.43	16.61	0.00
1	5	0.00	0.45	68.78	19.35	0.00
2	2	0.01	1.48	69.20	17.34	0.00
2	6	0.00	0.32	69.18	19.79	0.00
3	3	0.01	0.48	78.54	8.74	0.00
3	7	0.02	3.82	64.45	6.53	0.00
Core	CPU	C1%	C3%	C6%	C8%	C9%
-	-	0.01	0.69	71.97	15.95	0.00
0	0	0.00	0.67	73.57	15.19	0.00
0	4	0.01	0.36	71.44	19.29	0.00
1	1	0.01	0.31	73.57	16.35	0.00
1	5	0.00	0.63	69.50	21.05	0.00
2	2	0.00	0.54	71.81	18.12	0.00
2	6	0.00	0.34	70.11	20.65	0.00
3	3	0.00	0.49	80.32	9.58	0.00
3	7	0.01	2.20	66.00	7.53	0.00
Core	CPU	C1%	C3%	C6%	C8%	C9%
-	-	0.01	0.79	72.07	15.86	0.00
0	0	0.00	1.17	76.44	11.52	0.00
0	4	0.01	0.46	72.31	18.41	0.00
1	1	0.01	0.34	72.87	17.20	0.00
1	5	0.00	0.42	70.16	20.65	0.00
2	2	0.01	0.52	70.36	19.57	0.00
2	6	0.00	0.42	70.19	20.64	0.00
3	3	0.01	0.59	79.49	10.40	0.00
3	7	0.02	2.42	64.64	8.51	0.00
Core	CPU	C1%	C3%	C6%	C8%	C9%
-	-	0.01	0.68	71.65	16.51	0.00
0	0	0.01	0.41	77.32	11.59	0.00
0	4	0.01	0.56	71.54	19.03	0.00
1	1	0.01	0.41	73.51	16.54	0.00
1	5	0.00	0.30	71.07	19.83	0.00
2	2	0.00	0.48	68.44	21.53	0.00
2	6	0.01	0.53	69.46	21.35	0.00
3	3	0.01	0.47	78.14	11.87	0.00
3	7	0.01	2.24	63.20	10.18	0.00
Core	CPU	C1%	C3%	C6%	C8%	C9%
-	-	0.01	0.67	71.59	16.41	0.00
0	0	0.00	0.59	73.78	14.98	0.00
0	4	0.00	0.51	73.49	16.91	0.00
1	1	0.01	0.36	71.90	18.09	0.00
1	5	0.00	0.40	69.15	21.66	0.00
2	2	0.01	0.45	71.50	18.48	0.00
2	6	0.00	0.48	70.70	20.04	0.00
3	3	0.00	0.57	77.90	12.01	0.00
3	7	0.02	2.00	64.48	9.14	0.00
Core	CPU	C1%	C3%	C6%	C8%	C9%
-	-	0.01	1.17	70.91	15.41	0.00
0	0	0.00	0.61	74.60	12.82	0.00
0	4	0.01	0.50	70.53	18.49	0.00
1	1	0.01	0.29	72.83	16.00	0.00
1	5	0.00	0.42	70.03	19.08	0.00
2	2	0.01	2.10	69.31	17.42	0.00
2	6	0.00	0.31	68.97	21.06	0.00
3	3	0.00	0.44	76.69	11.49	0.00
3	7	0.02	4.72	64.25	6.92	0.00
Core	CPU	C1%	C3%	C6%	C8%	C9%
-	-	0.01	0.66	71.97	16.01	0.00
0	0	0.00	0.55	75.43	13.53	0.00
0	4	0.01	0.50	71.75	18.90	0.00
1	1	0.01	0.38	74.23	15.68	0.00
1	5	0.00	0.37	70.39	20.45	0.00
2	2	0.01	0.49	71.98	17.90	0.00
2	6	0.01	0.49	70.91	19.82	0.00
3	3	0.01	0.51	77.50	12.45	0.00
3	7	0.02	2.04	64.13	9.48	0.00
Core	CPU	C1%	C3%	C6%	C8%	C9%
-	-	0.04	0.81	71.61	16.31	0.00
0	0	0.00	0.50	75.51	13.32	0.00
0	4	0.00	0.44	72.77	17.96	0.00
1	1	0.00	0.48	71.65	18.15	0.00
1	5	0.00	0.42	71.63	19.22	0.00
2	2	0.00	0.53	70.11	19.79	0.00
2	6	0.00	1.33	70.82	19.02	0.00
3	3	0.01	0.65	76.19	13.66	0.00
3	7	0.30	2.08	63.91	9.28	0.00
Core	CPU	C1%	C3%	C6%	C8%	C9%
-	-	0.08	0.68	72.72	15.18	0.00
0	0	0.01	0.69	72.78	15.91	0.00
0	4	0.01	0.33	73.29	17.41	0.00
1	1	0.00	0.31	74.01	15.96	0.00
1	5	0.01	0.35	70.97	19.87	0.00
2	2	0.00	0.62	71.68	18.19	0.00
2	6	0.00	0.40	71.96	18.81	0.00
3	3	0.00	0.45	80.42	9.56	0.00
3	7	0.59	2.32	66.98	5.78	0.00
Core	CPU	C1%	C3%	C6%	C8%	C9%
-	-	0.01	0.74	72.70	15.27	0.00
0	0	0.01	0.35	74.10	14.98	0.00
0	4	0.00	0.60	71.27	19.27	0.00
1	1	0.01	0.42	75.67	14.14	0.00
1	5	0.00	0.41	71.72	18.95	0.00
2	2	0.01	0.44	69.40	20.38	0.00
2	6	0.00	0.65	72.22	18.27	0.00
3	3	0.00	0.58	79.69	10.23	0.00
3	7	0.06	2.48	67.06	5.79	0.00
Core	CPU	C1%	C3%	C6%	C8%	C9%
-	-	0.05	1.11	69.97	15.16	0.00
0	0	0.01	0.51	69.74	15.85	0.00
0	4	0.22	0.51	70.81	15.88	0.00
1	1	0.01	0.30	72.05	15.29	0.00
1	5	0.17	0.41	69.53	18.08	0.00
2	2	0.00	2.48	67.87	18.12	0.00
2	6	0.00	0.45	68.86	19.64	0.00
3	3	0.01	0.36	77.03	11.62	0.00
3	7	0.01	3.87	64.25	6.91	0.00
Core	CPU	C1%	C3%	C6%	C8%	C9%
-	-	0.01	0.69	73.06	15.06	0.00
0	0	0.01	0.55	76.48	12.39	0.00
0	4	0.00	0.50	72.40	18.20	0.00
1	1	0.01	0.34	73.54	16.49	0.00
1	5	0.00	0.49	72.18	18.58	0.00
2	2	0.00	0.47	71.51	18.46	0.00
2	6	0.01	0.39	70.51	20.24	0.00
3	3	0.00	0.45	81.26	8.80	0.00
3	7	0.02	2.31	66.12	7.24	0.00
Core	CPU	C1%	C3%	C6%	C8%	C9%
-	-	0.00	0.84	71.35	16.52	0.00
0	0	0.00	0.39	75.24	13.68	0.00
0	4	0.01	0.51	70.07	20.57	0.00
1	1	0.01	0.45	74.79	15.19	0.00
1	5	0.00	1.21	70.70	19.23	0.00
2	2	0.00	0.49	68.60	21.32	0.00
2	6	0.00	0.50	69.56	21.15	0.00
3	3	0.00	0.47	78.37	11.67	0.00
3	7	0.01	2.70	63.48	9.35	0.00
Core	CPU	C1%	C3%	C6%	C8%	C9%
-	-	0.01	0.71	71.85	16.08	0.00
0	0	0.00	0.35	74.17	14.98	0.00
0	4	0.01	0.67	71.22	19.33	0.00
1	1	0.02	0.42	75.82	14.01	0.00
1	5	0.00	0.36	71.41	19.33	0.00
2	2	0.00	0.49	68.58	21.35	0.00
2	6	0.00	0.52	69.95	20.74	0.00
3	3	0.01	0.51	80.96	8.99	0.00
3	7	0.01	2.38	63.25	10.02	0.00
Core	CPU	C1%	C3%	C6%	C8%	C9%
-	-	0.01	0.70	71.65	16.12	0.00
0	0	0.00	0.52	72.87	16.02	0.00
0	4	0.00	0.45	70.72	19.67	0.00
1	1	0.01	0.34	72.25	17.26	0.00
1	5	0.02	0.44	69.17	20.60	0.00
2	2	0.00	0.51	71.40	18.49	0.00
2	6	0.00	0.63	71.51	19.05	0.00
3	3	0.01	0.57	79.31	10.14	0.00
3	7	0.01	2.15	65.75	7.67	0.00
Core	CPU	C1%	C3%	C6%	C8%	C9%
-	-	0.01	0.98	68.10	17.10	0.00
0	0	0.00	0.58	68.23	19.01	0.00
0	4	0.01	0.55	67.97	20.67	0.00
1	1	0.01	0.32	71.72	16.40	0.00
1	5	0.00	0.53	67.48	20.83	0.00
2	2	0.01	1.15	67.67	18.99	0.00
2	6	0.00	0.31	66.70	22.19	0.00
3	3	0.01	0.54	75.04	12.12	0.00
3	7	0.02	3.88	60.12	6.61	0.00
Core	CPU	C1%	C3%	C6%	C8%	C9%
-	-	0.05	0.67	72.22	15.76	0.00
0	0	0.01	0.61	74.99	13.77	0.00
0	4	0.01	0.42	73.96	16.77	0.00
1	1	0.01	0.27	72.92	17.08	0.00
1	5	0.00	0.41	70.98	19.80	0.00
2	2	0.00	0.59	70.68	19.14	0.00
2	6	0.00	0.44	71.11	19.63	0.00
3	3	0.00	0.53	77.94	12.06	0.00
3	7	0.41	2.08	65.28	7.85	0.00
Core	CPU	C1%	C3%	C6%	C8%	C9%
-	-	0.15	0.85	71.99	15.71	0.00
0	0	0.00	0.51	73.73	15.22	0.00
0	4	0.01	0.47	71.12	19.50	0.00
1	1	0.01	0.35	73.12	16.60	0.00
1	5	0.00	0.50	72.57	18.14	0.00
2	2	0.01	0.55	70.58	19.33	0.00
2	6	0.00	1.02	70.30	19.74	0.00
3	3	0.01	0.58	78.96	10.97	0.00
3	7	1.18	2.78	65.50	6.18	0.00
Core	CPU	C1%	C3%	C6%	C8%	C9%
-	-	0.01	0.70	72.17	15.97	0.00
0	0	0.01	0.49	73.86	15.18	0.00
0	4	0.00	0.52	72.98	17.54	0.00
1	1	0.01	0.43	72.22	17.83	0.00
1	5	0.00	0.34	70.04	20.82	0.00
2	2	0.00	0.44	71.62	18.25	0.00
2	6	0.00	0.60	71.96	18.71	0.00
3	3	0.00	0.61	79.51	10.40	0.00
3	7	0.02	2.14	64.53	8.88	0.00
Core	CPU	C1%	C3%	C6%	C8%	C9%
-	-	0.01	0.68	72.33	15.64	0.00
0	0	0.00	0.54	76.14	12.81	0.00
0	4	0.00	0.52	71.10	19.55	0.00
1	1	0.01	0.34	74.10	15.86	0.00
1	5	0.00	0.40	70.62	20.10	0.00
2	2	0.00	0.54	70.92	18.87	0.00
2	6	0.00	0.43	71.84	18.90	0.00
3	3	0.01	0.40	79.40	10.64	0.00
3	7	0.01	2.27	64.96	8.52	0.00
Core	CPU	C1%	C3%	C6%	C8%	C9%
-	-	0.01	1.23	69.92	16.01	0.00
0	0	0.00	0.53	72.65	14.33	0.00
0	4	0.06	0.74	70.22	17.93	0.00
1	1	0.00	0.32	71.91	16.29	0.00
1	5	0.00	0.35	67.34	21.02	0.00
2	2	0.01	3.01	68.85	17.56	0.00
2	6	0.00	0.41	69.62	18.67	0.00
3	3	0.01	0.52	76.26	12.75	0.00
3	7	0.02	3.92	62.08	9.43	0.00
Core	CPU	C1%	C3%	C6%	C8%	C9%
-	-	0.01	0.68	72.69	15.27	0.00
0	0	0.00	0.58	74.49	14.40	0.00
0	4	0.01	0.61	73.00	17.51	0.00
1	1	0.01	0.30	76.16	13.69	0.00
1	5	0.00	0.36	70.98	19.88	0.00
2	2	0.00	0.56	70.43	19.48	0.00
2	6	0.00	0.40	71.47	19.36	0.00
3	3	0.00	0.41	80.02	10.01	0.00
3	7	0.01	2.25	65.56	7.93	0.00
Core	CPU	C1%	C3%	C6%	C8%	C9%
-	-	0.01	0.89	71.51	16.22	0.00
0	0	0.01	0.56	72.09	17.05	0.00
0	4	0.01	0.48	70.49	19.68	0.00
1	1	0.01	0.35	72.77	17.24	0.00
1	5	0.00	0.42	70.42	19.69	0.00
2	2	0.01	0.48	70.60	19.38	0.00
2	6	0.00	1.35	71.60	18.05	0.00
3	3	0.00	0.48	78.55	11.19	0.00
3	7	0.02	2.95	65.45	7.41	0.00
Core	CPU	C1%	C3%	C6%	C8%	C9%
-	-	0.01	0.66	72.29	15.77	0.00
0	0	0.01	0.64	73.53	15.31	0.00
0	4	0.01	0.41	73.11	17.40	0.00
1	1	0.01	0.26	72.38	17.67	0.00
1	5	0.00	0.41	69.77	21.11	0.00
2	2	0.00	0.65	71.34	18.52	0.00
2	6	0.01	0.38	71.55	19.29	0.00
3	3	0.00	0.37	79.96	10.14	0.00
3	7	0.02	2.19	66.78	6.80	0.00
Core	CPU	C1%	C3%	C6%	C8%	C9%
-	-	0.01	0.73	72.16	15.83	0.00
0	0	0.00	0.58	74.23	14.66	0.00
0	4	0.01	0.53	72.23	18.27	0.00
1	1	0.01	0.31	73.85	16.00	0.00
1	5	0.00	0.48	70.87	19.91	0.00
2	2	0.00	0.56	68.92	21.01	0.00
2	6	0.00	0.42	70.37	20.44	0.00
3	3	0.01	0.38	81.20	8.90	0.00
3	7	0.01	2.56	65.67	7.48	0.00
Core	CPU	C1%	C3%	C6%	C8%	C9%
-	-	0.00	0.90	69.94	15.92	0.00
0	0	0.00	0.52	72.01	14.60	0.00
0	4	0.00	0.42	69.49	19.22	0.00
1	1	0.01	0.27	73.67	14.44	0.00
1	5	0.00	0.38	68.50	20.22	0.00
2	2	0.01	2.27	67.62	19.01	0.00
2	6	0.00	0.43	68.79	19.54	0.00
3	3	0.01	0.40	76.28	11.60	0.00
3	7	0.01	2.55	62.89	8.64	0.00
Core	CPU	C1%	C3%	C6%	C8%	C9%
-	-	0.01	0.68	72.02	16.12	0.00
0	0	0.00	0.42	73.51	15.63	0.00
0	4	0.00	0.49	73.84	16.66	0.00
1	1	0.01	0.33	73.06	16.99	0.00
1	5	0.00	0.45	70.22	20.54	0.00
2	2	0.01	0.53	69.19	20.75	0.00
2	6	0.00	0.51	70.11	20.65	0.00
3	3	0.01	0.48	80.69	9.36	0.00
3	7	0.01	2.26	65.13	8.25	0.00
Core	CPU	C1%	C3%	C6%	C8%	C9%
-	-	0.01	0.87	71.42	16.49	0.00
0	0	0.00	0.57	72.38	16.68	0.00
0	4	0.01	1.36	72.77	16.84	0.00
1	1	0.01	0.36	71.62	18.31	0.00
1	5	0.00	0.47	69.67	21.13	0.00
2	2	0.01	0.58	70.62	19.33	0.00
2	6	0.00	0.35	69.82	21.09	0.00
3	3	0.00	0.49	78.42	11.65	0.00
3	7	0.02	2.75	66.07	6.87	0.00
Core	CPU	C1%	C3%	C6%	C8%	C9%
-	-	0.01	0.68	72.24	15.71	0.00
0	0	0.01	0.52	73.61	15.27	0.00
0	4	0.01	0.52	72.15	18.33	0.00
1	1	0.02	0.30	74.50	15.54	0.00
1	5	0.00	0.31	71.00	19.91	0.00
2	2	0.00	0.54	69.63	20.30	0.00
2	6	0.00	0.38	70.44	20.37	0.00
3	3	0.01	0.53	81.22	8.76	0.00
3	7	0.02	2.32	66.02	7.34	0.00
Core	CPU	C1%	C3%	C6%	C8%	C9%
-	-	0.00	0.66	73.16	14.90	0.00
0	0	0.01	0.39	75.82	13.22	0.00
0	4	0.00	0.58	73.09	17.56	0.00
1	1	0.01	0.42	77.71	11.99	0.00
1	5	0.00	0.29	72.17	18.68	0.00
2	2	0.00	0.52	68.96	20.98	0.00
2	6	0.00	0.55	73.34	17.29	0.00
3	3	0.01	0.50	78.01	12.00	0.00
3	7	0.01	2.06	65.91	7.41	0.00
Core	CPU	C1%	C3%	C6%	C8%	C9%
-	-	0.01	1.11	69.46	16.19	0.04
0	0	0.00	0.49	70.26	16.27	0.00
0	4	0.00	0.58	67.99	20.11	0.00
1	1	0.01	0.36	71.74	15.83	0.00
1	5	0.00	0.45	70.77	18.44	0.00
2	2	0.00	2.43	67.43	18.98	0.00
2	6	0.01	0.45	68.29	19.93	0.00
3	3	0.01	0.34	76.91	11.07	0.00
3	7	0.02	3.79	62.31	8.91	0.29
Core	CPU	C1%	C3%	C6%	C8%	C9%
-	-	0.02	0.71	71.61	15.91	0.00
0	0	0.01	0.39	73.58	14.34	0.00
0	4	0.07	0.60	70.43	18.84	0.00
1	1	0.09	0.51	74.69	14.13	0.00
1	5	0.00	0.37	70.76	19.97	0.00
2	2	0.01	0.50	69.39	20.28	0.00
2	6	0.00	0.51	70.00	20.57	0.00
3	3	0.01	0.66	79.54	10.32	0.00
3	7	0.01	2.17	64.75	8.86	0.00
Core	CPU	C1%	C3%	C6%	C8%	C9%
-	-	0.01	0.78	71.63	16.30	0.00
0	0	0.00	0.50	71.72	17.38	0.00
0	4	0.01	0.42	71.09	19.61	0.00
1	1	0.02	0.41	71.71	18.37	0.00
1	5	0.00	0.52	70.27	20.41	0.00
2	2	0.01	0.49	69.99	19.93	0.00
2	6	0.00	0.47	71.92	18.81	0.00
3	3	0.01	0.92	80.73	8.30	0.00
3	7	0.02	2.51	65.62	7.60	0.00
Core	CPU	C1%	C3%	C6%	C8%	C9%
-	-	0.01	0.69	72.84	15.22	0.00
0	0	0.01	0.47	74.14	14.91	0.00
0	4	0.00	0.56	71.35	19.21	0.00
1	1	0.01	0.42	73.84	16.23	0.00
1	5	0.00	0.41	71.95	18.86	0.00
2	2	0.00	0.46	72.60	17.25	0.00
2	6	0.00	0.41	71.40	19.46	0.00
3	3	0.00	0.48	81.45	8.36	0.00
3	7	0.02	2.29	65.97	7.44	0.00
Core	CPU	C1%	C3%	C6%	C8%	C9%
-	-	0.01	0.71	72.28	15.72	0.00
0	0	0.00	0.58	72.43	16.54	0.00
0	4	0.01	0.59	69.81	20.63	0.00
1	1	0.01	0.33	75.07	14.78	0.00
1	5	0.00	0.51	71.27	19.37	0.00
2	2	0.01	0.56	70.17	19.75	0.00
2	6	0.00	0.34	71.19	19.66	0.00
3	3	0.00	0.50	81.43	8.49	0.00
3	7	0.02	2.22	66.94	6.57	0.00
Core	CPU	C1%	C3%	C6%	C8%	C9%
-	-	0.01	1.12	70.29	15.47	0.00
0	0	0.01	0.48	72.31	14.29	0.00
0	4	0.00	0.48	71.39	16.94	0.00
1	1	0.01	0.34	71.37	16.09	0.00
1	5	0.00	0.43	67.53	21.25	0.00
2	2	0.01	2.39	67.43	18.85	0.00
2	6	0.00	0.46	68.61	20.22	0.00
3	3	0.00	0.55	79.36	8.44	0.00
3	7	0.01	3.81	63.70	7.50	0.00
Core	CPU	C1%	C3%	C6%	C8%	C9%
-	-	0.01	0.68	72.00	15.94	0.00
0	0	0.00	0.63	72.58	16.29	0.00
0	4	0.01	0.47	71.42	18.97	0.00
1	1	0.01	0.31	74.46	15.57	0.00
1	5	0.00	0.49	71.90	18.85	0.00
2	2	0.01	0.51	71.30	18.66	0.00
2	6	0.00	0.33	70.83	20.09	0.00
3	3	0.00	0.45	78.76	11.18	0.00
3	7	0.02	2.25	65.37	8.07	0.00
Core	CPU	C1%	C3%	C6%	C8%	C9%
-	-	0.01	0.79	69.51	17.98	0.00
0	0	0.01	0.49	75.61	13.44	0.00
0	4	0.01	0.63	68.74	22.02	0.00
1	1	0.01	0.38	71.03	18.77	0.00
1	5	0.00	0.37	67.74	23.36	0.00
2	2	0.00	0.49	67.98	22.27	0.00
2	6	0.00	1.10	67.36	22.53	0.00
3	3	0.01	0.42	76.15	13.27	0.00
3	7	0.03	2.46	60.86	7.98	0.00
Core	CPU	C1%	C3%	C6%	C8%	C9%
-	-	0.01	0.70	72.00	15.92	0.00
0	0	0.00	0.60	75.43	13.40	0.00
0	4	0.00	0.57	71.62	18.85	0.00
1	1	0.00	0.38	72.24	17.81	0.00
1	5	0.00	0.46	70.52	20.30	0.00
2	2	0.01	0.52	73.21	16.57	0.00
2	6	0.00	0.46	70.92	19.85	0.00
3	3	0.01	0.57	78.58	11.33	0.00
3	7	0.01	2.02	64.14	9.42	0.00
Core	CPU	C1%	C3%	C6%	C8%	C9%
-	-	0.01	0.68	72.36	15.82	0.00
0	0	0.01	0.64	73.13	15.72	0.00
0	4	0.00	0.51	71.56	19.02	0.00
1	1	0.01	0.30	73.17	16.96	0.00
1	5	0.00	0.36	70.34	20.57	0.00
2	2	0.01	0.60	71.59	18.32	0.00
2	6	0.00	0.37	71.51	19.26	0.00
3	3	0.00	0.48	80.23	9.77	0.00
3	7	0.01	2.13	66.66	6.79	0.00
Core	CPU	C1%	C3%	C6%	C8%	C9%
-	-	0.01	1.04	69.90	15.78	0.11
0	0	0.00	0.56	73.22	13.61	0.00
0	4	0.01	0.47	69.71	18.48	0.00
1	1	0.01	0.32	72.22	15.88	0.00
1	5	0.00	0.29	68.76	19.66	0.00
2	2	0.00	2.04	67.84	18.62	0.91
2	6	0.00	0.50	69.81	18.30	0.00
3	3	0.00	0.45	75.19	12.83	0.00
3	7	0.02	3.70	62.46	8.83	0.00
Core	CPU	C1%	C3%	C6%	C8%	C9%
-	-	0.01	0.69	71.62	16.40	0.00
0	0	0.00	0.51	71.62	17.35	0.00
0	4	0.01	0.45	70.06	20.61	0.00
1	1	0.01	0.30	75.86	14.04	0.00
1	5	0.00	0.61	71.80	18.72	0.00
2	2	0.00	0.47	70.79	19.19	0.00
2	6	0.00	0.41	69.66	21.16	0.00
3	3	0.00	0.44	78.06	11.94	0.00
3	7	0.02	2.35	65.16	8.20	0.00
Core	CPU	C1%	C3%	C6%	C8%	C9%
-	-	0.01	0.86	70.93	16.79	0.00
0	0	0.01	0.53	71.84	17.22	0.00
0	4	0.01	0.41	70.87	19.74	0.00
1	1	0.01	0.35	74.23	15.70	0.00
1	5	0.00	0.56	70.13	19.70	0.00
2	2	0.00	0.58	69.48	20.44	0.00
2	6	0.00	1.10	70.07	19.72	0.00
3	3	0.00	0.44	77.20	12.54	0.00
3	7	0.01	2.89	63.62	9.26	0.00
Core	CPU	C1%	C3%	C6%	C8%	C9%
-	-	0.02	0.70	72.84	15.16	0.00
0	0	0.01	0.49	73.48	15.71	0.00
0	4	0.11	0.59	72.18	18.28	0.00
1	1	0.01	0.32	75.64	13.83	0.00
1	5	0.00	0.57	70.78	19.39	0.00
2	2	0.01	0.50	72.02	18.04	0.00
2	6	0.00	0.36	71.37	19.59	0.00
3	3	0.00	0.42	81.34	8.73	0.00
3	7	0.02	2.34	65.77	7.68	0.00
Core	CPU	C1%	C3%	C6%	C8%	C9%
-	-	0.01	0.70	72.49	15.47	0.00
0	0	0.01	0.53	73.05	15.96	0.00
0	4	0.00	0.63	71.80	18.72	0.00
1	1	0.02	0.28	74.73	15.30	0.00
1	5	0.00	0.40	71.72	18.98	0.00
2	2	0.01	0.59	73.91	15.79	0.00
2	6	0.01	0.46	70.74	20.04	0.00
3	3	0.00	0.47	79.29	10.68	0.00
3	7	0.01	2.28	65.07	8.36	0.00
Core	CPU	C1%	C3%	C6%	C8%	C9%
-	-	0.01	0.98	70.17	15.69	0.00
0	0	0.00	0.57	72.25	14.48	0.00
0	4	0.00	0.59	70.10	18.37	0.00
1	1	0.01	0.30	71.20	17.03	0.00
1	5	0.00	0.44	68.22	20.47	0.00
2	2	0.01	2.25	69.02	17.57	0.00
2	6	0.00	0.42	69.45	18.92	0.00
3	3	0.01	0.43	76.61	11.60	0.00
3	7	0.01	2.85	64.25	7.05	0.00
Core	CPU	C1%	C3%	C6%	C8%	C9%
-	-	0.01	0.71	71.80	16.14	0.00
0	0	0.01	0.57	72.63	16.26	0.00
0	4	0.00	0.49	69.64	20.83	0.00
1	1	0.01	0.36	74.61	15.31	0.00
1	5	0.00	0.54	69.25	21.44	0.00
2	2	0.00	0.55	71.07	18.87	0.00
2	6	0.00	0.40	70.96	19.87	0.00
3	3	0.00	0.53	81.51	8.46	0.00
3	7	0.02	2.21	65.21	8.20	0.00
Core	CPU	C1%	C3%	C6%	C8%	C9%
-	-	0.01	0.87	71.31	16.58	0.00
0	0	0.01	1.23	75.41	12.68	0.00
0	4	0.00	0.52	70.67	19.81	0.00
1	1	0.01	0.40	73.72	16.38	0.00
1	5	0.01	0.42	70.28	19.93	0.00
2	2	0.00	0.49	68.61	21.46	0.00
2	6	0.00	0.48	70.17	20.64	0.00
3	3	0.00	0.41	78.38	11.76	0.00
3	7	0.01	3.03	62.87	9.91	0.00
Core	CPU	C1%	C3%	C6%	C8%	C9%
-	-	0.01	0.69	71.86	16.12	0.00
0	0	0.01	0.49	75.48	13.56	0.00
0	4	0.00	0.61	71.37	19.17	0.00
1	1	0.01	0.47	74.43	15.39	0.00
1	5	0.00	0.41	71.20	19.44	0.00
2	2	0.01	0.46	68.81	21.19	0.00
2	6	0.00	0.46	71.04	19.75	0.00
3	3	0.01	0.55	79.18	10.75	0.00
3	7	0.01	2.09	63.74	9.79	0.00
Core	CPU	C1%	C3%	C6%	C8%	C9%
-	-	0.01	0.73	72.55	15.54	0.00
0	0	0.01	0.52	74.05	14.96	0.00
0	4	0.01	0.79	70.57	19.82	0.00
1	1	0.02	0.30	76.59	13.30	0.00
1	5	0.00	0.33	69.96	20.89	0.00
2	2	0.00	0.56	69.88	20.06	0.00
2	6	0.00	0.53	71.13	19.61	0.00
3	3	0.00	0.48	81.50	8.46	0.00
3	7	0.02	2.35	66.09	7.09	0.00
Core	CPU	C1%	C3%	C6%	C8%	C9%
-	-	0.01	1.08	70.33	15.49	0.00
0	0	0.01	0.42	72.15	14.61	0.00
0	4	0.00	0.51	69.66	18.90	0.00
1	1	0.01	0.37	73.08	14.73	0.00
1	5	0.00	0.38	69.93	18.81	0.00
2	2	0.00	2.31	67.97	18.52	0.00
2	6	0.00	0.44	68.63	20.61	0.00
3	3	0.01	0.54	77.05	10.81	0.00
3	7	0.01	3.68	64.16	6.94	0.00
Core	CPU	C1%	C3%	C6%	C8%	C9%
-	-	0.01	0.73	72.22	15.73	0.00
0	0	0.00	0.69	71.73	17.21	0.00
0	4	0.00	0.63	70.02	20.44	0.00
1	1	0.01	0.20	73.79	16.23	0.00
1	5	0.00	0.56	70.19	20.36	0.00
2	2	0.01	0.57	71.93	18.00	0.00
2	6	0.00	0.30	72.12	18.66	0.00
3	3	0.00	0.48	80.81	9.14	0.00
3	7	0.02	2.38	67.47	5.91	0.00
Core	CPU	C1%	C3%	C6%	C8%	C9%
-	-	0.00	0.83	72.08	15.78	0.00
0	0	0.01	0.44	75.98	13.14	0.00
0	4	0.00	0.53	73.19	17.39	0.00
1	1	0.01	0.45	73.79	16.02	0.00
1	5	0.00	0.36	69.38	21.41	0.00
2	2	0.00	0.52	70.51	19.44	0.00
2	6	0.00	1.24	70.09	19.91	0.00
3	3	0.00	0.59	79.64	10.29	0.00
3	7	0.01	2.54	64.38	8.75	0.00
Core	CPU	C1%	C3%	C6%	C8%	C9%
-	-	0.01	0.66	71.90	16.16	0.00
0	0	0.01	0.48	73.70	15.30	0.00
0	4	0.00	0.47	72.16	18.33	0.00
1	1	0.01	0.33	72.65	17.42	0.00
1	5	0.00	0.38	69.91	20.88	0.00
2	2	0.01	0.59	70.24	19.66	0.00
2	6	0.00	0.35	71.51	19.37	0.00
3	3	0.01	0.47	79.94	10.06	0.00
3	7	0.02	2.23	65.14	8.27	0.00
Core	CPU	C1%	C3%	C6%	C8%	C9%
-	-	0.00	0.73	72.42	15.58	0.00
0	0	0.00	0.59	77.51	11.22	0.00
0	4	0.00	0.50	71.98	18.68	0.00
1	1	0.01	0.32	73.21	16.81	0.00
1	5	0.00	0.54	71.10	19.54	0.00
2	2	0.01	0.65	70.94	18.86	0.00
2	6	0.00	0.42	70.84	19.94	0.00
3	3	0.01	0.58	79.32	10.61	0.00
3	7	0.01	2.25	64.37	8.95	0.00
Core	CPU	C1%	C3%	C6%	C8%	C9%
-	-	0.01	0.99	70.05	15.87	0.00
0	0	0.01	0.46	71.66	15.28	0.00
0	4	0.00	0.44	69.03	19.79	0.00
1	1	0.01	0.36	71.82	16.52	0.00
1	5	0.00	0.49	67.58	21.07	0.00
2	2	0.01	2.22	68.33	18.25	0.00
2	6	0.00	0.47	68.85	19.53	0.00
3	3	0.00	0.55	78.31	9.41	0.00
3	7	0.01	2.91	64.25	7.00	0.00
Core	CPU	C1%	C3%	C6%	C8%	C9%
-	-	0.00	0.70	71.90	16.01	0.00
0	0	0.00	0.45	75.81	13.01	0.00
0	4	0.01	0.55	71.06	19.47	0.00
1	1	0.01	0.38	73.64	16.31	0.00
1	5	0.00	0.48	70.29	20.38	0.00
2	2	0.01	0.56	68.58	21.36	0.00
2	6	0.00	0.42	70.54	20.31	0.00
3	3	0.00	0.42	80.33	9.70	0.00
3	7	0.00	2.32	65.59	7.70	0.00
Core	CPU	C1%	C3%	C6%	C8%	C9%
-	-	0.00	0.82	71.60	16.28	0.00
0	0	0.01	0.57	74.31	14.63	0.00
0	4	0.00	0.40	71.49	19.31	0.00
1	1	0.01	0.40	74.39	15.52	0.00
1	5	0.01	0.36	70.19	20.65	0.00
2	2	0.01	0.51	69.16	20.72	0.00
2	6	0.00	1.25	69.32	20.24	0.00
3	3	0.00	0.51	78.67	11.32	0.00
3	7	0.01	2.56	65.24	7.83	0.00
Core	CPU	C1%	C3%	C6%	C8%	C9%
-	-	0.01	0.73	72.64	15.29	0.00
0	0	0.01	0.67	76.02	12.59	0.00
0	4	0.00	0.49	71.11	19.47	0.00
1	1	0.01	0.42	75.76	14.05	0.00
1	5	0.00	0.37	70.30	20.50	0.00
2	2	0.01	0.48	71.36	18.52	0.00
2	6	0.00	0.50	70.94	19.85	0.00
3	3	0.01	0.48	79.99	10.03	0.00
3	7	0.01	2.42	65.72	7.34	0.00
Core	CPU	C1%	C3%	C6%	C8%	C9%
-	-	0.02	0.70	71.90	15.74	0.00
0	0	0.01	0.57	72.60	16.07	0.00
0	4	0.01	0.47	73.26	16.64	0.00
1	1	0.16	0.44	72.75	16.09	0.00
1	5	0.00	0.43	70.53	20.17	0.00
2	2	0.01	0.53	71.86	17.76	0.00
2	6	0.00	0.46	71.16	19.61	0.00
3	3	0.00	0.51	77.86	11.42	0.00
3	7	0.01	2.21	64.56	7.97	0.00
Core	CPU	C1%	C3%	C6%	C8%	C9%
-	-	0.01	0.94	68.31	17.11	0.00
0	0	0.00	0.43	68.08	19.21	0.00
0	4	0.00	0.58	67.71	21.13	0.00
1	1	0.01	0.41	70.89	16.91	0.00
1	5	0.00	0.38	67.62	21.11	0.00
2	2	0.01	1.32	68.29	18.27	0.00
2	6	0.00	0.39	68.23	20.77	0.00
3	3	0.01	0.40	75.07	12.50	0.00
3	7	0.02	3.58	60.72	7.00	0.00
Core	CPU	C1%	C3%	C6%	C8%	C9%
-	-	0.01	0.70	71.50	16.44	0.00
0	0	0.01	0.47	74.33	14.69	0.00
0	4	0.00	0.53	71.78	18.78	0.00
1	1	0.01	0.39	74.15	15.68	0.00
1	5	0.00	0.43	68.96	21.76	0.00
2	2	0.01	0.55	69.83	20.05	0.00
2	6	0.00	0.58	71.15	19.56	0.00
3	3	0.00	0.59	78.38	11.48	0.00
3	7	0.01	2.05	63.85	9.61	0.00
Core	CPU	C1%	C3%	C6%	C8%	C9%
-	-	0.01	0.81	71.95	15.92	0.00
0	0	0.01	0.48	74.62	14.36	0.00
0	4	0.00	0.54	71.76	18.87	0.00
1	1	0.01	0.95	72.01	17.22	0.00
1	5	0.00	0.45	71.04	19.59	0.00
2	2	0.01	0.46	69.93	20.14	0.00
2	6	0.00	0.43	70.21	20.43	0.00
3	3	0.00	0.48	80.56	9.45	0.00
3	7	0.01	2.73	65.44	7.32	0.00
Core	CPU	C1%	C3%	C6%	C8%	C9%
-	-	0.01	0.70	73.04	15.09	0.00
0	0	0.00	0.64	75.07	13.75	0.00
0	4	0.01	0.49	72.10	18.66	0.00
1	1	0.01	0.22	75.82	14.27	0.00
1	5	0.00	0.52	72.49	18.17	0.00
2	2	0.00	0.56	70.38	19.57	0.00
2	6	0.00	0.41	70.64	20.18	0.00
3	3	0.01	0.45	80.40	9.62	0.00
3	7	0.02	2.27	66.94	6.39	0.00
Core	CPU	C1%	C3%	C6%	C8%	C9%
-	-	0.01	0.72	72.66	15.25	0.00
0	0	0.01	0.52	73.03	15.98	0.00
0	4	0.00	0.61	70.78	19.81	0.00
1	1	0.01	0.31	77.27	12.52	0.00
1	5	0.00	0.57	71.54	18.98	0.00
2	2	0.01	0.53	71.84	18.11	0.00
2	6	0.00	0.48	71.49	19.26	0.00
3	3	0.00	0.45	80.45	9.53	0.00
3	7	0.02	2.28	65.37	7.93	0.00
Core	CPU	C1%	C3%	C6%	C8%	C9%
-	-	0.01	1.00	69.32	16.46	0.00
0	0	0.00	0.48	70.87	16.19	0.00
0	4	0.00	0.55	69.48	19.12	0.00
1	1	0.02	0.42	70.83	16.56	0.00
1	5	0.00	0.49	67.52	21.04	0.00
2	2	0.01	2.17	67.60	18.88	0.00
2	6	0.00	0.51	69.22	19.10	0.00
3	3	0.01	0.54	75.60	12.45	0.00
3	7	0.02	2.82	63.06	8.21	0.00
Core	CPU	C1%	C3%	C6%	C8%	C9%
-	-	0.01	0.72	72.64	15.23	0.00
0	0	0.01	0.57	72.67	16.27	0.00
0	4	0.00	0.65	73.16	17.15	0.00
1	1	0.01	0.34	74.36	15.47	0.00
1	5	0.00	0.37	70.13	20.71	0.00
2	2	0.00	0.60	72.06	17.82	0.00
2	6	0.01	0.50	72.26	18.49	0.00
3	3	0.00	0.47	80.62	9.33	0.00
3	7	0.02	2.24	66.47	6.77	0.00
Core	CPU	C1%	C3%	C6%	C8%	C9%
-	-	0.01	0.87	72.17	15.83	0.00
0	0	0.00	0.64	72.51	16.54	0.00
0	4	0.01	0.55	70.32	20.34	0.00
1	1	0.02	0.26	76.60	13.35	0.00
1	5	0.00	1.29	69.79	20.11	0.00
2	2	0.01	0.55	71.77	18.31	0.00
2	6	0.00	0.35	71.04	19.91	0.00
3	3	0.00	0.37	78.97	11.13	0.00
3	7	0.02	2.95	66.01	6.88	0.00
Core	CPU	C1%	C3%	C6%	C8%	C9%
-	-	0.03	0.70	71.71	16.23	0.00
0	0	0.00	0.55	73.40	15.58	0.00
0	4	0.00	0.57	71.49	19.11	0.00
1	1	0.01	0.37	72.89	16.94	0.00
1	5	0.00	0.52	68.96	21.58	0.00
2	2	0.01	0.57	70.25	19.71	0.00
2	6	0.00	0.42	71.50	19.32	0.00
3	3	0.01	0.49	79.85	10.09	0.00
3	7	0.21	2.13	65.67	7.56	0.00
Core	CPU	C1%	C3%	C6%	C8%	C9%
-	-	0.00	0.71	71.86	16.26	0.00
0	0	0.01	0.54	74.61	14.34	0.00
0	4	0.00	0.63	71.15	19.32	0.00
1	1	0.01	0.32	73.45	16.55	0.00
1	5	0.00	0.38	70.43	20.38	0.00
2	2	0.00	0.53	71.57	18.30	0.00
2	6	0.00	0.49	70.64	20.14	0.00
3	3	0.01	0.55	78.55	11.41	0.00
3	7	0.01	2.20	63.80	9.50	0.00
Core	CPU	C1%	C3%	C6%	C8%	C9%
-	-	0.01	0.93	69.54	16.26	0.00
0	0	0.00	0.47	71.19	15.71	0.00
0	4	0.00	0.50	68.71	20.06	0.00
1	1	0.01	0.39	71.60	15.85	0.00
1	5	0.00	0.46	67.60	21.12	0.00
2	2	0.01	1.98	69.44	17.11	0.00
2	6	0.00	0.53	68.97	19.72	0.00
3	3	0.01	0.50	76.51	11.34	0.00
3	7	0.02	2.57	62.26	9.18	0.00
Core	CPU	C1%	C3%	C6%	C8%	C9%
-	-	0.01	0.70	71.96	16.00	0.00
0	0	0.01	0.50	73.75	15.24	0.00
0	4	0.00	0.58	71.39	19.16	0.00
1	1	0.01	0.38	73.31	16.71	0.00
1	5	0.00	0.43	70.65	19.99	0.00
2	2	0.01	0.51	70.29	19.57	0.00
2	6	0.00	0.47	70.24	20.52	0.00
3	3	0.00	0.40	80.62	9.31	0.00
3	7	0.02	2.34	65.74	7.54	0.00
Core	CPU	C1%	C3%	C6%	C8%	C9%
-	-	0.01	0.81	72.54	15.17	0.00
0	0	0.01	0.63	72.99	15.79	0.00
0	4	0.01	0.45	71.81	18.92	0.00
1	1	0.01	0.33	75.28	14.69	0.00
1	5	0.00	0.41	73.10	17.51	0.00
2	2	0.01	1.23	71.55	17.28	0.00
2	6	0.00	0.39	71.16	19.25	0.00
3	3	0.00	0.47	78.48	11.36	0.00
3	7	0.01	2.60	66.25	6.66	0.00
Core	CPU	C1%	C3%	C6%	C8%	C9%
-	-	0.00	0.67	71.15	16.90	0.00
0	0	0.00	0.35	76.93	11.97	0.00
0	4	0.00	0.74	72.28	18.16	0.00
1	1	0.01	0.43	72.46	17.55	0.00
1	5	0.00	0.35	69.30	21.55	0.00
2	2	0.00	0.45	68.40	21.53	0.00
2	6	0.00	0.57	69.49	21.25	0.00
3	3	0.01	0.42	77.23	12.77	0.00
3	7	0.01	2.06	63.13	10.43	0.00
Core	CPU	C1%	C3%	C6%	C8%	C9%
-	-	0.01	0.69	73.02	14.99	0.00
0	0	0.00	0.68	75.46	13.23	0.00
0	4	0.01	0.52	72.71	17.81	0.00
1	1	0.01	0.31	72.07	18.03	0.00
1	5	0.00	0.41	70.12	20.70	0.00
2	2	0.00	0.45	73.07	16.90	0.00
2	6	0.00	0.40	71.22	19.59	0.00
3	3	0.00	0.57	81.18	8.63	0.00
3	7	0.02	2.17	68.39	5.03	0.00
Core	CPU	C1%	C3%	C6%	C8%	C9%
-	-	0.06	1.38	70.17	16.71	0.00
0	0	0.01	0.40	74.28	14.61	0.00
0	4	0.00	0.52	69.72	19.43	0.00
1	1	0.01	0.40	70.74	18.37	0.00
1	5	0.00	0.32	68.88	21.74	0.00
2	2	0.03	3.53	67.05	19.57	0.00
2	6	0.00	0.43	68.42	22.15	0.00
3	3	0.00	0.53	78.09	10.82	0.00
3	7	0.41	4.89	63.57	6.80	0.00
Core	CPU	C1%	C3%	C6%	C8%	C9%
-	-	0.01	0.70	71.09	16.45	0.00
0	0	0.01	0.44	73.88	15.18	0.00
0	4	0.00	0.69	74.51	15.71	0.00
1	1	0.01	0.44	70.46	18.87	0.00
1	5	0.00	0.35	68.91	20.49	0.00
2	2	0.00	0.47	69.11	20.83	0.00
2	6	0.01	0.49	69.66	21.14	0.00
3	3	0.01	0.52	78.52	10.56	0.00
3	7	0.02	2.18	64.31	8.99	0.00
Core	CPU	C1%	C3%	C6%	C8%	C9%
-	-	0.01	0.79	71.02	16.83	0.00
0	0	0.01	0.51	72.07	17.04	0.00
0	4	0.00	0.69	73.87	16.40	0.00
1	1	0.01	0.34	72.75	17.00	0.00
1	5	0.00	1.01	69.68	19.99	0.00
2	2	0.01	0.53	69.74	20.26	0.00
2	6	0.00	0.38	69.80	21.09	0.00
3	3	0.00	0.38	76.59	13.40	0.00
3	7	0.02	2.47	63.69	9.44	0.00
Core	CPU	C1%	C3%	C6%	C8%	C9%
-	-	0.00	0.71	71.45	16.54	0.00
0	0	0.00	0.40	76.71	12.16	0.00
0	4	0.00	0.47	71.87	18.71	0.00
1	1	0.00	0.43	72.24	17.78	0.00
1	5	0.00	0.42	69.59	21.14	0.00
2	2	0.01	0.51	69.51	20.44	0.00
2	6	0.00	0.55	70.41	20.34	0.00
3	3	0.01	0.57	77.71	12.10	0.00
3	7	0.01	2.32	63.56	9.66	0.00
Core	CPU	C1%	C3%	C6%	C8%	C9%
-	-	0.01	0.69	71.93	16.20	0.00
0	0	0.00	0.53	75.22	13.61	0.00
0	4	0.00	0.42	70.75	19.90	0.00
1	1	0.00	0.40	71.56	18.44	0.00
1	5	0.00	0.49	70.46	20.28	0.00
2	2	0.01	0.48	72.19	17.79	0.00
2	6	0.00	0.56	71.48	19.23	0.00
3	3	0.01	0.67	78.38	11.45	0.00
3	7	0.01	1.95	64.79	8.76	0.00
Core	CPU	C1%	C3%	C6%	C8%	C9%
-	-	0.01	0.94	70.97	14.93	0.00
0	0	0.00	0.53	72.26	15.71	0.00
0	4	0.01	0.55	69.18	19.39	0.00
1	1	0.01	0.28	73.01	15.38	0.00
1	5	0.00	0.39	68.91	19.43	0.00
2	2	0.01	2.08	68.82	18.01	0.00
2	6	0.00	0.29	69.30	19.08	0.00
3	3	0.00	0.44	80.16	7.53	0.00
3	7	0.02	2.98	66.12	4.93	0.00
Core	CPU	C1%	C3%	C6%	C8%	C9%
-	-	0.01	0.67	71.89	16.09	0.00
0	0	0.01	0.48	75.16	13.80	0.00
0	4	0.00	0.56	72.64	17.71	0.00
1	1	0.00	0.38	74.72	15.18	0.00
1	5	0.00	0.38	67.69	22.86	0.00
2	2	0.01	0.48	69.53	20.41	0.00
2	6	0.00	0.51	69.73	21.00	0.00
3	3	0.00	0.57	80.54	9.34	0.00
3	7	0.01	2.02	65.19	8.43	0.00
Core	CPU	C1%	C3%	C6%	C8%	C9%
-	-	0.01	0.80	69.92	17.27	0.00
0	0	0.01	0.46	74.83	14.36	0.00
0	4	0.01	0.52	70.25	20.28	0.00
1	1	0.01	0.38	71.42	18.39	0.00
1	5	0.00	0.49	69.36	21.51	0.00
2	2	0.00	1.14	67.69	21.45	0.00
2	6	0.00	0.44	67.86	22.77	0.00
3	3	0.00	0.43	76.69	12.73	0.00
3	7	0.04	2.51	61.75	6.83	0.00
Core	CPU	C1%	C3%	C6%	C8%	C9%
-	-	0.01	0.72	72.02	15.96	0.00
0	0	0.00	0.66	71.81	17.15	0.00
0	4	0.00	0.52	71.09	19.38	0.00
1	1	0.01	0.34	71.36	18.58	0.00
1	5	0.00	0.57	70.81	19.71	0.00
2	2	0.01	0.49	71.18	18.73	0.00
2	6	0.00	0.40	71.63	19.09	0.00
3	3	0.00	0.51	80.87	9.04	0.00
3	7	0.02	2.25	67.38	6.04	0.00
Core	CPU	C1%	C3%	C6%	C8%	C9%
-	-	0.01	0.72	72.08	15.89	0.00
0	0	0.01	0.60	76.66	12.16	0.00
0	4	0.00	0.59	70.65	19.92	0.00
1	1	0.01	0.37	73.54	16.31	0.00
1	5	0.00	0.51	69.10	21.49	0.00
2	2	0.01	0.50	70.72	19.20	0.00
2	6	0.00	0.48	70.39	20.35	0.00
3	3	0.00	0.50	79.91	10.03	0.00
3	7	0.01	2.23	65.72	7.69	0.00
Core	CPU	C1%	C3%	C6%	C8%	C9%
-	-	0.01	1.01	69.82	16.00	0.00
0	0	0.00	0.37	72.60	14.48	0.00
0	4	0.00	0.59	70.74	17.70	0.00
1	1	0.01	0.40	71.75	15.69	0.00
1	5	0.00	0.48	69.41	19.09	0.00
2	2	0.01	2.41	67.01	19.50	0.00
2	6	0.00	0.52	68.10	20.62	0.00
3	3	0.00	0.59	75.70	12.11	0.00
3	7	0.02	2.73	62.59	8.70	0.00
Core	CPU	C1%	C3%	C6%	C8%	C9%
-	-	0.01	0.71	72.37	15.65	0.00
0	0	0.00	0.55	75.22	13.74	0.00
0	4	0.00	0.68	72.97	17.38	0.00
1	1	0.01	0.25	73.90	16.18	0.00
1	5	0.00	0.41	70.71	20.09	0.00
2	2	0.01	0.56	70.50	19.42	0.00
2	6	0.00	0.43	70.12	20.70	0.00
3	3	0.00	0.43	80.20	9.83	0.00
3	7	0.01	2.35	65.39	7.88	0.00
Core	CPU	C1%	C3%	C6%	C8%	C9%
-	-	0.01	0.80	71.71	16.18	0.00
0	0	0.00	0.42	75.50	13.44	0.00
0	4	0.00	0.63	72.32	18.15	0.00
1	1	0.01	0.37	72.43	17.54	0.00
1	5	0.00	0.98	68.54	21.44	0.00
2	2	0.00	0.52	70.54	19.42	0.00
2	6	0.01	0.50	70.09	20.69	0.00
3	3	0.00	0.53	79.10	10.72	0.00
3	7	0.02	2.41	65.20	8.04	0.00
Core	CPU	C1%	C3%	C6%	C8%	C9%
-	-	0.01	0.72	71.65	16.30	0.00
0	0	0.01	0.48	73.07	16.00	0.00
0	4	0.00	0.79	71.36	18.99	0.00
1	1	0.00	0.37	74.02	15.54	0.00
1	5	0.01	0.38	69.67	21.12	0.00
2	2	0.01	0.50	69.98	19.98	0.00
2	6	0.00	0.47	69.95	20.91	0.00
3	3	0.00	0.49	80.12	9.83	0.00
3	7	0.01	2.30	65.19	8.05	0.00
Core	CPU	C1%	C3%	C6%	C8%	C9%
-	-	0.00	0.71	71.48	16.42	0.00
0	0	0.01	0.51	73.93	14.94	0.00
0	4	0.00	0.50	70.52	20.04	0.00
1	1	0.01	0.42	73.49	16.32	0.00
1	5	0.00	0.53	70.29	20.29	0.00
2	2	0.01	0.50	70.82	19.09	0.00
2	6	0.00	0.55	71.08	19.64	0.00
3	3	0.00	0.72	77.93	11.82	0.00
3	7	0.01	1.99	64.23	9.36	0.00
Core	CPU	C1%	C3%	C6%	C8%	C9%
-	-	0.01	1.15	69.54	17.00	0.00
0	0	0.00	0.52	71.47	16.51	0.00
0	4	0.00	0.57	69.08	19.61	0.00
1	1	0.01	0.31	70.22	19.32	0.00
1	5	0.00	0.43	66.35	22.54	0.00
2	2	0.04	2.12	69.52	17.10	0.00
2	6	0.00	0.40	68.72	20.92	0.00
3	3	0.00	0.49	77.46	11.87	0.00
3	7	0.02	4.38	63.25	8.10	0.00
Core	CPU	C1%	C3%	C6%	C8%	C9%
-	-	0.01	0.71	71.73	16.31	0.00
0	0	0.00	0.55	72.09	16.83	0.00
0	4	0.00	0.55	69.91	20.69	0.00
1	1	0.01	0.31	74.34	15.64	0.00
1	5	0.00	0.60	68.88	21.40	0.00
2	2	0.01	0.58	72.36	17.55	0.00
2	6	0.01	0.36	71.85	19.05	0.00
3	3	0.00	0.46	79.40	10.61	0.00
3	7	0.01	2.31	64.73	8.67	0.00
Core	CPU	C1%	C3%	C6%	C8%	C9%
-	-	0.01	0.84	71.92	15.79	0.00
0	0	0.00	0.64	71.72	17.23	0.00
0	4	0.00	0.54	73.26	16.87	0.00
1	1	0.02	0.25	73.18	16.51	0.00
1	5	0.00	0.44	71.68	18.90	0.00
2	2	0.01	1.43	70.68	18.34	0.00
2	6	0.00	0.31	70.11	20.81	0.00
3	3	0.00	0.52	80.04	9.94	0.00
3	7	0.02	2.56	65.17	7.88	0.00
Core	CPU	C1%	C3%	C6%	C8%	C9%
-	-	0.01	0.66	70.74	17.41	0.00
0	0	0.01	0.40	74.53	14.64	0.00
0	4	0.00	0.55	73.13	17.31	0.00
1	1	0.01	0.44	70.24	19.71	0.00
1	5	0.00	0.34	69.45	21.38	0.00
2	2	0.00	0.50	69.30	20.69	0.00
2	6	0.00	0.53	69.18	21.63	0.00
3	3	0.01	0.54	77.63	12.37	0.00
3	7	0.01	1.98	62.13	11.42	0.00
Core	CPU	C1%	C3%	C6%	C8%	C9%
-	-	0.08	0.72	71.61	16.21	0.00
0	0	0.01	0.54	73.30	15.62	0.00
0	4	0.00	0.56	71.59	18.87	0.00
1	1	0.01	0.33	74.36	15.51	0.00
1	5	0.01	0.56	69.74	20.88	0.00
2	2	0.01	0.50	70.99	18.97	0.00
2	6	0.00	0.45	69.93	20.85	0.00
3	3	0.00	0.66	79.25	10.54	0.00
3	7	0.59	2.13	64.13	8.56	0.00
Core	CPU	C1%	C3%	C6%	C8%	C9%
-	-	0.03	0.97	68.96	16.88	0.00
0	0	0.01	0.52	72.11	15.14	0.00
0	4	0.01	0.59	69.91	18.57	0.00
1	1	0.01	0.33	68.63	19.48	0.00
1	5	0.00	0.48	67.74	21.22	0.00
2	2	0.02	2.15	69.33	16.95	0.00
2	6	0.00	0.49	67.73	20.59	0.00
3	3	0.01	0.63	75.24	12.67	0.00
3	7	0.20	2.54	60.80	10.35	0.00
Core	CPU	C1%	C3%	C6%	C8%	C9%
-	-	0.01	0.71	71.76	16.33	0.00
0	0	0.00	0.52	72.39	16.65	0.00
0	4	0.00	0.67	71.58	18.88	0.00
1	1	0.01	0.29	74.95	14.88	0.00
1	5	0.00	0.47	68.43	22.37	0.00
2	2	0.00	0.62	70.87	19.01	0.00
2	6	0.01	0.50	70.41	20.35	0.00
3	3	0.00	0.45	79.95	10.04	0.00
3	7	0.01	2.18	65.13	8.33	0.00
Core	CPU	C1%	C3%	C6%	C8%	C9%
-	-	0.01	0.84	72.07	15.76	0.00
0	0	0.00	0.59	74.94	13.96	0.00
0	4	0.01	0.48	70.86	19.77	0.00
1	1	0.01	0.19	72.33	17.76	0.00
1	5	0.00	0.50	70.45	20.24	0.00
2	2	0.01	1.30	71.30	17.80	0.00
2	6	0.00	0.39	71.17	19.67	0.00
3	3	0.00	0.44	79.85	10.16	0.00
3	7	0.01	2.80	66.24	6.87	0.00
Core	CPU	C1%	C3%	C6%	C8%	C9%
-	-	0.01	0.72	71.52	16.52	0.00
0	0	0.01	0.44	75.90	13.08	0.00
0	4	0.00	0.77	71.57	18.72	0.00
1	1	0.01	0.33	73.47	16.46	0.00
1	5	0.00	0.40	70.40	20.37	0.00
2	2	0.01	0.53	69.55	20.37	0.00
2	6	0.00	0.46	68.92	21.91	0.00
3	3	0.01	0.51	78.72	11.24	0.00
3	7	0.01	2.29	63.32	9.97	0.00
Core	CPU	C1%	C3%	C6%	C8%	C9%
-	-	0.01	0.65	71.00	16.97	0.00
0	0	0.01	0.37	74.90	14.13	0.00
0	4	0.00	0.63	71.93	18.61	0.00
1	1	0.01	0.52	72.94	16.78	0.00
1	5	0.01	0.23	70.79	19.99	0.00
2	2	0.00	0.42	69.08	20.80	0.00
2	6	0.01	0.66	70.51	20.17	0.00
3	3	0.01	0.58	76.26	13.66	0.00
3	7	0.00	1.81	61.96	11.72	0.00
Core	CPU	C1%	C3%	C6%	C8%	C9%
-	-	0.01	1.11	70.51	15.40	0.00
0	0	0.00	0.63	72.69	14.77	0.00
0	4	0.00	0.46	69.77	19.36	0.00
1	1	0.02	0.23	73.33	15.43	0.00
1	5	0.00	0.51	67.58	20.53	0.00
2	2	0.01	2.65	68.75	17.64	0.00
2	6	0.00	0.34	69.07	19.20	0.00
3	3	0.00	0.48	77.80	9.51	0.00
3	7	0.01	3.58	64.76	6.72	0.00
Core	CPU	C1%	C3%	C6%	C8%	C9%
-	-	0.02	0.74	71.96	15.97	0.00
0	0	0.01	0.41	74.75	14.42	0.00
0	4	0.00	0.78	76.47	13.60	0.00
1	1	0.01	0.49	72.43	17.17	0.00
1	5	0.00	0.56	72.91	17.49	0.00
2	2	0.01	0.45	68.23	21.75	0.00
2	6	0.00	0.61	69.34	21.40	0.00
3	3	0.00	0.63	77.04	12.77	0.00
3	7	0.12	2.03	64.18	9.09	0.00
Core	CPU	C1%	C3%	C6%	C8%	C9%
-	-	0.09	0.88	71.31	15.91	0.00
0	0	0.00	0.50	72.54	15.94	0.00
0	4	0.00	0.63	71.84	18.11	0.00
1	1	0.08	0.35	73.16	15.38	0.00
1	5	0.01	0.57	69.50	20.82	0.00
2	2	0.00	1.50	70.02	18.59	0.00
2	6	0.60	0.43	71.21	18.68	0.00
3	3	0.00	0.37	77.70	11.90	0.00
3	7	0.01	2.68	65.15	8.00	0.00
Core	CPU	C1%	C3%	C6%	C8%	C9%
-	-	0.01	0.68	71.08	17.05	0.00
0	0	0.01	0.33	73.54	15.75	0.00
0	4	0.01	0.78	71.79	18.72	0.00
1	1	0.01	0.46	75.18	14.65	0.00
1	5	0.00	0.26	68.92	22.00	0.00
2	2	0.01	0.45	68.84	21.07	0.00
2	6	0.00	0.62	68.15	22.56	0.00
3	3	0.01	0.52	79.57	10.38	0.00
3	7	0.00	2.05	62.29	11.17	0.00
Core	CPU	C1%	C3%	C6%	C8%	C9%
-	-	0.00	0.71	70.86	16.78	0.00
0	0	0.00	0.58	73.10	15.74	0.00
0	4	0.00	0.64	70.90	19.61	0.00
1	1	0.01	0.30	71.84	18.19	0.00
1	5	0.00	0.52	67.40	23.37	0.00
2	2	0.01	0.60	72.09	17.70	0.00
2	6	0.00	0.46	70.47	19.56	0.00
3	3	0.00	0.42	77.81	11.91	0.00
3	7	0.01	2.12	63.57	8.21	0.00
Core	CPU	C1%	C3%	C6%	C8%	C9%
-	-	0.01	1.16	68.00	18.13	0.00
0	0	0.01	0.28	71.66	16.13	0.00
0	4	0.00	0.74	67.76	21.74	0.00
1	1	0.01	0.46	72.37	15.81	0.00
1	5	0.00	0.20	66.88	23.07	0.00
2	2	0.01	1.94	65.29	21.13	0.00
2	6	0.01	0.56	64.15	25.28	0.00
3	3	0.01	0.54	76.26	12.44	0.00
3	7	0.01	4.54	59.08	9.26	0.00
Core	CPU	C1%	C3%	C6%	C8%	C9%
-	-	0.01	0.75	71.36	16.51	0.00
0	0	0.01	0.52	71.15	17.91	0.00
0	4	0.00	0.82	70.57	19.70	0.00
1	1	0.01	0.29	73.66	16.40	0.00
1	5	0.00	0.43	72.01	18.49	0.00
2	2	0.01	0.66	69.14	20.53	0.00
2	6	0.00	0.47	70.00	20.71	0.00
3	3	0.01	0.38	80.44	9.64	0.00
3	7	0.01	2.43	64.46	8.87	0.00
Core	CPU	C1%	C3%	C6%	C8%	C9%
-	-	0.01	0.84	71.01	16.98	0.00
0	0	0.01	0.35	74.98	14.23	0.00
0	4	0.00	0.70	71.81	18.62	0.00
1	1	0.01	0.48	71.62	18.50	0.00
1	5	0.00	0.33	70.13	20.70	0.00
2	2	0.00	1.19	68.54	20.42	0.00
2	6	0.01	0.53	69.13	21.72	0.00
3	3	0.01	0.40	78.70	11.46	0.00
3	7	0.01	2.78	62.88	10.11	0.00
Core	CPU	C1%	C3%	C6%	C8%	C9%
-	-	0.01	0.66	71.18	16.81	0.00
0	0	0.01	0.40	75.49	13.54	0.00
0	4	0.00	0.50	71.59	18.97	0.00
1	1	0.01	0.42	72.43	17.56	0.00
1	5	0.00	0.38	68.86	21.83	0.00
2	2	0.00	0.47	68.91	20.96	0.00
2	6	0.00	0.54	68.74	21.87	0.00
3	3	0.01	0.60	79.62	10.28	0.00
3	7	0.01	1.99	64.08	9.55	0.00
Core	CPU	C1%	C3%	C6%	C8%	C9%
-	-	0.00	0.70	71.69	16.47	0.00
0	0	0.01	0.44	76.19	12.76	0.00
0	4	0.00	0.62	71.24	19.33	0.00
1	1	0.01	0.33	71.82	18.38	0.00
1	5	0.00	0.32	68.81	22.06	0.00
2	2	0.00	0.51	69.45	20.44	0.00
2	6	0.00	0.54	70.57	20.18	0.00
3	3	0.01	0.44	80.06	9.98	0.00
3	7	0.01	2.37	64.78	8.53	0.00
Core	CPU	C1%	C3%	C6%	C8%	C9%
-	-	0.00	1.03	69.12	16.80	0.00
0	0	0.00	0.36	73.94	13.52	0.00
0	4	0.00	0.60	69.80	18.72	0.00
1	1	0.01	0.43	70.70	17.27	0.00
1	5	0.00	0.33	67.63	21.27	0.00
2	2	0.00	2.94	67.06	19.43	0.00
2	6	0.00	0.58	67.26	20.95	0.00
3	3	0.00	0.54	75.22	13.24	0.00
3	7	0.01	2.45	61.36	10.00	0.00
Core	CPU	C1%	C3%	C6%	C8%	C9%
-	-	0.01	0.71	71.68	16.21	0.00
0	0	0.00	0.57	70.92	18.01	0.00
0	4	0.01	0.54	71.69	18.79	0.00
1	1	0.01	0.27	72.87	17.08	0.00
1	5	0.00	0.52	71.18	19.50	0.00
2	2	0.01	0.66	71.38	18.36	0.00
2	6	0.00	0.46	70.28	20.45	0.00
3	3	0.00	0.56	79.77	10.02	0.00
3	7	0.01	2.14	65.93	7.63	0.00
Core	CPU	C1%	C3%	C6%	C8%	C9%
-	-	0.00	0.86	71.39	16.50	0.00
0	0	0.00	0.47	74.16	14.95	0.00
0	4	0.00	0.51	72.40	17.85	0.00
1	1	0.00	0.37	74.35	15.51	0.00
1	5	0.00	0.62	70.83	19.79	0.00
2	2	0.01	1.26	69.11	20.02	0.00
2	6	0.00	0.54	68.56	22.22	0.00
3	3	0.00	0.55	77.79	12.12	0.00
3	7	0.01	2.55	63.61	9.46	0.00
Core	CPU	C1%	C3%	C6%	C8%	C9%
-	-	0.01	0.68	72.85	15.16	0.00
0	0	0.00	0.51	74.58	14.33	0.00
0	4	0.01	0.50	70.90	19.61	0.00
1	1	0.02	0.30	76.77	13.26	0.00
1	5	0.00	0.45	71.31	19.43	0.00
2	2	0.00	0.60	70.21	19.66	0.00
2	6	0.00	0.38	70.36	20.53	0.00
3	3	0.00	0.44	82.55	7.42	0.00
3	7	0.01	2.24	66.39	7.07	0.00
Core	CPU	C1%	C3%	C6%	C8%	C9%
-	-	0.01	0.70	72.95	15.16	0.00
0	0	0.00	0.62	74.88	13.94	0.00
0	4	0.01	0.47	73.28	17.28	0.00
1	1	0.01	0.22	73.90	16.24	0.00
1	5	0.00	0.49	71.73	19.02	0.00
2	2	0.01	0.65	71.69	18.11	0.00
2	6	0.00	0.42	70.99	19.82	0.00
3	3	0.00	0.51	80.90	9.03	0.00
3	7	0.02	2.24	65.61	7.72	0.00
Core	CPU	C1%	C3%	C6%	C8%	C9%
-	-	0.00	0.90	69.41	16.36	0.00
0	0	0.00	0.55	70.92	15.98	0.00
0	4	0.00	0.41	68.68	19.53	0.00
1	1	0.01	0.24	73.25	14.59	0.00
1	5	0.00	0.40	68.62	20.12	0.00
2	2	0.01	1.38	67.28	19.13	0.00
2	6	0.00	0.33	67.73	21.15	0.00
3	3	0.00	0.47	75.11	12.75	0.00
3	7	0.01	3.44	63.80	7.66	0.00
Core	CPU	C1%	C3%	C6%	C8%	C9%
-	-	0.13	0.71	71.71	16.05	0.00
0	0	0.00	0.59	72.98	15.83	0.00
0	4	0.00	0.41	71.03	19.54	0.00
1	1	0.01	0.36	71.70	17.99	0.00
1	5	0.00	0.41	70.05	20.73	0.00
2	2	0.01	0.52	71.50	18.40	0.00
2	6	0.00	0.46	71.46	19.28	0.00
3	3	0.00	0.55	79.94	9.90	0.00
3	7	0.98	2.41	65.41	6.78	0.00
Core	CPU	C1%	C3%	C6%	C8%	C9%
-	-	0.08	0.79	71.85	15.89	0.00
0	0	0.00	0.60	72.37	16.46	0.00
0	4	0.01	1.01	70.65	19.12	0.00
1	1	0.01	0.31	73.14	16.82	0.00
1	5	0.00	0.51	71.18	19.56	0.00
2	2	0.01	0.56	71.60	18.30	0.00
2	6	0.00	0.35	71.60	19.29	0.00
3	3	0.01	0.55	79.40	10.34	0.00
3	7	0.60	2.45	64.89	7.24	0.00
Core	CPU	C1%	C3%	C6%	C8%	C9%
-	-	0.27	0.77	71.89	15.76	0.00
0	0	0.01	0.51	73.67	15.26	0.00
0	4	0.00	0.57	70.42	20.15	0.00
1	1	0.01	0.41	73.51	16.47	0.00
1	5	0.00	0.47	71.00	19.73	0.00
2	2	0.00	0.51	70.53	19.36	0.00
2	6	0.00	0.54	70.55	20.15	0.00
3	3	0.00	0.59	81.40	8.38	0.00
3	7	2.14	2.54	64.17	6.58	0.00
Core	CPU	C1%	C3%	C6%	C8%	C9%
-	-	0.04	0.70	72.37	15.71	0.00
0	0	0.01	0.35	76.39	12.71	0.00
0	4	0.00	0.50	71.36	19.40	0.00
1	1	0.02	0.42	73.38	16.58	0.00
1	5	0.00	0.29	70.83	20.03	0.00
2	2	0.00	0.47	68.40	21.55	0.00
2	6	0.00	0.59	70.30	20.44	0.00
3	3	0.01	0.50	83.31	6.39	0.00
3	7	0.30	2.48	64.37	8.45	0.00
Core	CPU	C1%	C3%	C6%	C8%	C9%
-	-	0.01	0.98	69.69	16.47	0.30
0	0	0.01	0.47	73.03	15.62	0.00
0	4	0.01	0.55	71.99	17.58	0.00
1	1	0.01	0.38	71.48	16.86	0.00
1	5	0.00	0.33	67.78	21.31	0.00
2	2	0.00	1.39	68.31	18.13	2.40
2	6	0.00	0.60	69.19	19.56	0.00
3	3	0.01	0.47	74.76	12.61	0.00
3	7	0.02	3.65	61.30	10.15	0.00
Core	CPU	C1%	C3%	C6%	C8%	C9%
-	-	0.01	0.68	71.78	16.19	0.00
0	0	0.00	0.60	70.41	18.56	0.00
0	4	0.01	0.42	70.23	20.38	0.00
1	1	0.01	0.27	73.17	16.87	0.00
1	5	0.00	0.62	72.84	17.64	0.00
2	2	0.01	0.64	71.21	18.61	0.00
2	6	0.00	0.35	70.89	19.90	0.00
3	3	0.00	0.48	80.04	9.81	0.00
3	7	0.02	2.03	65.79	7.86	0.00
Core	CPU	C1%	C3%	C6%	C8%	C9%
-	-	0.01	0.84	72.18	15.85	0.00
0	0	0.01	0.29	75.84	13.32	0.00
0	4	0.00	1.43	70.47	19.29	0.00
1	1	0.01	0.33	74.57	15.47	0.00
1	5	0.00	0.36	71.95	18.89	0.00
2	2	0.00	0.46	68.87	21.14	0.00
2	6	0.00	0.47	70.17	20.71	0.00
3	3	0.01	0.54	80.73	9.14	0.00
3	7	0.01	2.83	64.22	8.66	0.00
Core	CPU	C1%	C3%	C6%	C8%	C9%
-	-	0.01	0.67	72.30	15.64	0.00
0	0	0.01	0.42	75.27	13.79	0.00
0	4	0.01	0.65	71.77	18.70	0.00
1	1	0.01	0.39	76.14	13.70	0.00
1	5	0.00	0.30	70.54	20.29	0.00
2	2	0.01	0.44	68.79	21.18	0.00
2	6	0.01	0.51	69.59	21.16	0.00
3	3	0.00	0.52	81.28	8.58	0.00
3	7	0.01	2.13	65.62	7.89	0.00
Core	CPU	C1%	C3%	C6%	C8%	C9%
-	-	0.01	0.70	71.53	16.47	0.00
0	0	0.01	0.49	73.24	15.69	0.00
0	4	0.00	0.45	69.51	21.19	0.00
1	1	0.01	0.29	73.87	16.15	0.00
1	5	0.00	0.50	69.73	20.83	0.00
2	2	0.00	0.59	70.36	19.50	0.00
2	6	0.00	0.41	70.55	20.25	0.00
3	3	0.01	0.46	80.43	9.50	0.00
3	7	0.02	2.39	64.63	8.68	0.00
Core	CPU	C1%	C3%	C6%	C8%	C9%
-	-	0.01	1.13	69.89	16.03	0.00
0	0	0.01	0.68	71.31	15.58	0.00
0	4	0.01	0.30	68.68	20.29	0.00
1	1	0.01	0.35	70.80	17.14	0.00
1	5	0.00	0.63	68.54	20.06	0.00
2	2	0.01	2.64	69.07	17.45	0.00
2	6	0.00	0.32	69.95	18.96	0.00
3	3	0.00	0.50	76.56	11.18	0.00
3	7	0.02	3.63	63.95	7.47	0.00
Core	CPU	C1%	C3%	C6%	C8%	C9%
-	-	0.01	0.73	72.39	15.56	0.00
0	0	0.01	0.51	72.00	17.09	0.00
0	4	0.01	0.54	69.55	21.06	0.00
1	1	0.01	0.35	75.36	14.51	0.00
1	5	0.00	0.46	71.23	19.49	0.00
2	2	0.01	0.48	71.48	18.38	0.00
2	6	0.00	0.46	71.50	19.25	0.00
3	3	0.01	0.53	81.97	7.85	0.00
3	7	0.01	2.50	66.29	6.94	0.00
Core	CPU	C1%	C3%	C6%	C8%	C9%
-	-	0.01	0.80	70.54	16.78	0.00
0	0	0.01	0.55	74.48	14.41	0.00
0	4	0.00	0.52	69.83	21.02	0.00
1	1	0.01	0.31	72.58	17.52	0.00
1	5	0.00	0.44	68.75	21.99	0.00
2	2	0.00	0.38	69.39	20.72	0.00
2	6	0.01	1.28	68.09	21.72	0.00
3	3	0.01	0.47	79.28	9.85	0.00
3	7	0.03	2.45	61.85	6.96	0.00
Core	CPU	C1%	C3%	C6%	C8%	C9%
-	-	0.01	0.70	73.20	14.96	0.00
0	0	0.00	0.72	76.23	12.51	0.00
0	4	0.01	0.50	71.07	19.62	0.00
1	1	0.01	0.16	75.51	14.63	0.00
1	5	0.00	0.41	70.62	20.20	0.00
2	2	0.01	0.60	69.68	20.21	0.00
2	6	0.00	0.30	70.39	20.46	0.00
3	3	0.00	0.39	83.16	6.92	0.00
3	7	0.02	2.49	68.37	4.97	0.00
Core	CPU	C1%	C3%	C6%	C8%	C9%
-	-	0.01	0.68	72.65	15.28	0.00
0	0	0.00	0.53	78.14	10.65	0.00
0	4	0.01	0.44	71.77	18.97	0.00
1	1	0.02	0.32	74.07	15.98	0.00
1	5	0.00	0.40	71.03	19.76	0.00
2	2	0.01	0.50	70.26	19.45	0.00
2	6	0.00	0.48	71.02	19.61	0.00
3	3	0.01	0.38	80.05	10.03	0.00
3	7	0.02	2.36	65.49	7.97	0.00
Core	CPU	C1%	C3%	C6%	C8%	C9%
-	-	0.01	1.07	70.41	15.48	0.00
0	0	0.01	0.62	70.77	16.44	0.00
0	4	0.00	0.45	71.01	17.77	0.00
1	1	0.02	0.21	70.18	17.31	0.00
1	5	0.00	0.39	68.50	20.26	0.00
2	2	0.01	2.59	69.73	16.65	0.00
2	6	0.00	0.38	69.86	18.89	0.00
3	3	0.00	0.35	78.05	10.00	0.00
3	7	0.01	3.61	64.94	6.47	0.00
Core	CPU	C1%	C3%	C6%	C8%	C9%
-	-	0.01	0.69	71.64	16.46	0.00
0	0	0.00	0.49	71.60	17.50	0.00
0	4	0.00	0.48	71.92	18.68	0.00
1	1	0.01	0.36	72.74	17.34	0.00
1	5	0.00	0.40	72.00	18.81	0.00
2	2	0.00	0.62	70.24	19.54	0.00
2	6	0.00	0.48	70.99	19.73	0.00
3	3	0.01	0.57	79.08	10.83	0.00
3	7	0.01	2.12	64.23	9.21	0.00
Core	CPU	C1%	C3%	C6%	C8%	C9%
-	-	0.00	0.70	71.90	16.05	0.00
0	0	0.00	0.38	73.97	15.16	0.00
0	4	0.00	0.53	71.31	19.42	0.00
1	1	0.01	0.37	74.57	15.43	0.00
1	5	0.00	0.45	71.78	18.97	0.00
2	2	0.00	0.51	69.34	20.65	0.00
2	6	0.00	0.58	70.20	20.52	0.00
3	3	0.00	0.50	80.13	9.86	0.00
3	7	0.01	2.29	64.23	8.47	0.00
Core	CPU	C1%	C3%	C6%	C8%	C9%
-	-	0.01	0.70	72.26	15.69	0.00
0	0	0.01	0.57	71.85	17.05	0.00
0	4	0.01	0.43	73.90	16.68	0.00
1	1	0.01	0.27	74.42	15.46	0.00
1	5	0.00	0.50	71.17	19.49	0.00
2	2	0.01	0.61	70.54	19.29	0.00
2	6	0.00	0.38	69.99	20.81	0.00
3	3	0.00	0.54	80.50	9.42	0.00
3	7	0.01	2.30	66.01	7.41	0.00
Core	CPU	C1%	C3%	C6%	C8%	C9%
-	-	0.01	0.68	72.73	15.26	0.00
0	0	0.01	0.53	71.14	17.51	0.00
0	4	0.01	0.55	71.93	18.58	0.00
1	1	0.01	0.22	75.01	14.96	0.00
1	5	0.00	0.46	71.32	19.42	0.00
2	2	0.00	0.59	72.30	17.62	0.00
2	6	0.01	0.30	70.97	19.60	0.00
3	3	0.00	0.46	81.92	8.02	0.00
3	7	0.02	2.30	67.14	6.37	0.00
Core	CPU	C1%	C3%	C6%	C8%	C9%
-	-	0.01	1.11	69.27	16.56	0.00
0	0	0.01	0.36	71.67	15.67	0.00
0	4	0.00	0.53	67.70	20.58	0.00
1	1	0.01	0.41	73.15	14.65	0.00
1	5	0.00	0.30	69.92	18.95	0.00
2	2	0.00	2.62	65.16	21.25	0.00
2	6	0.01	0.50	67.50	21.26	0.00
3	3	0.01	0.53	77.15	10.68	0.00
3	7	0.01	3.64	61.87	9.40	0.00
Core	CPU	C1%	C3%	C6%	C8%	C9%
-	-	0.01	0.67	72.19	15.94	0.00
0	0	0.01	0.26	78.83	10.22	0.00
0	4	0.00	0.52	71.91	18.89	0.00
1	1	0.01	0.45	74.19	15.85	0.00
1	5	0.00	0.24	70.62	20.34	0.00
2	2	0.00	0.47	68.17	21.74	0.00
2	6	0.01	0.57	69.47	21.25	0.00
3	3	0.00	0.51	80.50	9.48	0.00
3	7	0.01	2.31	63.59	9.73	0.00
Core	CPU	C1%	C3%	C6%	C8%	C9%
-	-	0.01	0.89	70.96	16.42	0.00
0	0	0.00	0.38	71.09	17.72	0.00
0	4	0.00	0.48	69.90	20.26	0.00
1	1	0.04	0.43	73.91	15.04	0.00
1	5	0.00	0.37	70.66	20.08	0.00
2	2	0.00	0.47	70.39	18.63	0.00
2	6	0.00	1.41	69.26	20.21	0.00
3	3	0.01	0.57	78.79	10.14	0.00
3	7	0.01	2.98	63.56	9.21	0.00
Core	CPU	C1%	C3%	C6%	C8%	C9%
-	-	0.01	0.65	71.64	16.32	0.00
0	0	0.01	0.40	73.07	16.03	0.00
0	4	0.00	0.52	70.90	19.84	0.00
1	1	0.01	0.32	76.38	13.52	0.00
1	5	0.00	0.29	71.12	19.73	0.00
2	2	0.00	0.48	68.83	21.06	0.00
2	6	0.00	0.51	69.82	20.93	0.00
3	3	0.01	0.50	80.05	9.86	0.00
3	7	0.01	2.20	63.59	9.76	0.00
Core	CPU	C1%	C3%	C6%	C8%	C9%
-	-	0.01	0.69	71.52	16.60	0.00
0	0	0.00	0.46	74.66	14.37	0.00
0	4	0.01	0.52	72.14	18.55	0.00
1	1	0.01	0.38	73.66	16.24	0.00
1	5	0.00	0.45	69.10	21.73	0.00
2	2	0.01	0.66	70.48	19.20	0.00
2	6	0.00	0.57	70.18	20.49	0.00
3	3	0.01	0.53	77.39	12.56	0.00
3	7	0.02	1.97	63.97	9.48	0.00
Core	CPU	C1%	C3%	C6%	C8%	C9%
-	-	0.01	1.06	69.93	16.20	0.12
0	0	0.01	0.62	68.70	19.14	0.00
0	4	0.00	0.46	69.72	18.97	0.00
1	1	0.01	0.17	73.03	15.52	0.00
1	5	0.00	0.47	67.27	21.50	0.00
2	2	0.01	2.11	69.95	16.80	0.97
2	6	0.00	0.31	69.05	19.86	0.00
3	3	0.00	0.47	77.32	10.86	0.00
3	7	0.01	3.88	64.37	6.92	0.00
Core	CPU	C1%	C3%	C6%	C8%	C9%
-	-	0.04	0.68	72.31	15.67	0.00
0	0	0.01	0.48	73.70	15.41	0.00
0	4	0.01	0.52	73.66	16.95	0.00
1	1	0.01	0.35	73.40	16.37	0.00
1	5	0.00	0.46	70.65	20.03	0.00
2	2	0.00	0.53	70.14	19.71	0.00
2	6	0.00	0.41	70.52	20.28	0.00
3	3	0.00	0.44	80.96	9.06	0.00
3	7	0.30	2.24	65.47	7.58	0.00
Core	CPU	C1%	C3%	C6%	C8%	C9%
-	-	0.01	0.88	71.60	16.08	0.00
0	0	0.01	1.40	69.86	18.30	0.00
0	4	0.00	0.46	69.97	20.38	0.00
1	1	0.00	0.36	73.98	15.90	0.00
1	5	0.00	0.50	71.30	19.42	0.00
2	2	0.00	0.60	71.47	18.14	0.00
2	6	0.00	0.45	71.75	18.92	0.00
3	3	0.00	0.64	79.57	10.27	0.00
3	7	0.02	2.64	65.56	7.51	0.00
Core	CPU	C1%	C3%	C6%	C8%	C9%
-	-	0.01	0.70	72.35	15.80	0.00
0	0	0.00	0.63	69.94	19.10	0.00
0	4	0.00	0.51	70.14	20.52	0.00
1	1	0.01	0.27	75.91	14.04	0.00
1	5	0.00	0.41	71.59	19.22	0.00
2	2	0.01	0.61	71.02	18.87	0.00
2	6	0.00	0.37	71.23	19.69	0.00
3	3	0.00	0.49	81.29	8.59	0.00
3	7	0.01	2.31	67.08	6.24	0.00
Core	CPU	C1%	C3%	C6%	C8%	C9%
-	-	0.01	0.69	71.91	15.99	0.00
0	0	0.01	0.43	75.17	13.78	0.00
0	4	0.00	0.45	74.00	16.45	0.00
1	1	0.01	0.40	71.78	17.96	0.00
1	5	0.00	0.49	70.69	20.02	0.00
2	2	0.01	0.53	69.10	20.76	0.00
2	6	0.00	0.42	69.32	21.48	0.00
3	3	0.00	0.56	80.78	9.05	0.00
3	7	0.01	2.26	64.84	8.49	0.00
Core	CPU	C1%	C3%	C6%	C8%	C9%
-	-	0.01	1.10	69.26	16.50	0.00
0	0	0.00	0.44	71.19	16.02	0.00
0	4	0.01	0.58	70.84	17.05	0.00
1	1	0.01	0.37	69.84	17.78	0.00
1	5	0.00	0.40	68.31	20.54	0.00
2	2	0.01	2.54	67.11	19.30	0.00
2	6	0.00	0.43	67.40	21.39	0.00
3	3	0.01	0.53	76.59	11.29	0.00
3	7	0.02	3.50	62.73	8.59	0.00
Core	CPU	C1%	C3%	C6%	C8%	C9%
-	-	0.01	0.72	73.13	14.88	0.00
0	0	0.00	0.63	71.23	17.78	0.00
0	4	0.01	0.58	78.14	12.12	0.00
1	1	0.01	0.19	72.86	17.15	0.00
1	5	0.00	0.53	70.77	20.00	0.00
2	2	0.01	0.72	71.22	18.53	0.00
2	6	0.00	0.30	70.94	19.77	0.00
3	3	0.00	0.44	82.05	7.93	0.00
3	7	0.02	2.39	67.67	5.69	0.00
Core	CPU	C1%	C3%	C6%	C8%	C9%
-	-	0.01	0.87	71.71	15.90	0.00
0	0	0.00	0.55	72.70	16.28	0.00
0	4	0.01	0.54	74.90	15.46	0.00
1	1	0.01	1.16	71.09	17.93	0.00
1	5	0.01	0.44	71.48	18.69	0.00
2	2	0.01	0.57	71.19	18.74	0.00
2	6	0.00	0.44	69.98	20.26	0.00
3	3	0.01	0.52	78.53	11.06	0.00
3	7	0.02	2.72	64.01	8.82	0.00
Core	CPU	C1%	C3%	C6%	C8%	C9%
-	-	0.01	0.69	71.67	16.29	0.00
0	0	0.01	0.56	73.07	15.86	0.00
0	4	0.01	0.51	69.61	21.00	0.00
1	1	0.01	0.29	73.46	16.60	0.00
1	5	0.00	0.49	69.75	20.81	0.00
2	2	0.01	0.57	69.64	20.17	0.00
2	6	0.00	0.31	71.05	19.55	0.00
3	3	0.00	0.44	80.67	9.31	0.00
3	7	0.02	2.34	66.39	7.07	0.00
Core	CPU	C1%	C3%	C6%	C8%	C9%
-	-	0.01	0.69	71.35	16.38	0.00
0	0	0.00	0.64	69.52	19.56	0.00
0	4	0.01	0.37	70.64	20.12	0.00
1	1	0.01	0.18	72.68	17.12	0.00
1	5	0.00	0.56	69.90	20.73	0.00
2	2	0.01	0.63	69.78	20.21	0.00
2	6	0.00	0.26	72.08	18.58	0.00
3	3	0.00	0.38	79.94	9.52	0.00
3	7	0.08	2.50	65.72	5.06	0.00
Core	CPU	C1%	C3%	C6%	C8%	C9%
-	-	0.01	1.10	68.28	17.35	0.00
0	0	0.01	0.32	70.90	16.37	0.00
0	4	0.00	0.58	69.69	18.34	0.00
1	1	0.01	0.37	70.59	17.53	0.00
1	5	0.00	0.39	67.76	20.54	0.00
2	2	0.01	2.45	65.53	21.03	0.00
2	6	0.00	0.49	66.00	23.31	0.00
3	3	0.01	0.44	75.58	12.47	0.00
3	7	0.01	3.73	60.12	9.18	0.00
Core	CPU	C1%	C3%	C6%	C8%	C9%
-	-	0.01	0.72	71.59	16.32	0.00
0	0	0.01	0.41	72.56	16.59	0.00
0	4	0.00	0.61	70.20	20.44	0.00
1	1	0.01	0.45	75.13	14.63	0.00
1	5	0.00	0.37	68.74	22.02	0.00
2	2	0.00	0.55	69.19	20.73	0.00
2	6	0.00	0.49	69.91	20.84	0.00
3	3	0.01	0.49	82.06	7.85	0.00
3	7	0.01	2.39	65.53	7.65	0.00
Core	CPU	C1%	C3%	C6%	C8%	C9%
-	-	0.01	0.84	71.44	16.60	0.00
0	0	0.00	0.52	68.58	20.61	0.00
0	4	0.02	1.30	69.22	20.60	0.00
1	1	0.01	0.30	75.68	14.27	0.00
1	5	0.00	0.44	70.00	20.86	0.00
2	2	0.01	0.69	70.31	19.56	0.00
2	6	0.01	0.37	70.92	19.93	0.00
3	3	0.01	0.29	80.27	9.83	0.00
3	7	0.02	2.79	65.98	6.98	0.00
Core	CPU	C1%	C3%	C6%	C8%	C9%
-	-	0.04	0.68	70.97	16.92	0.00
0	0	0.01	0.44	73.50	15.53	0.00
0	4	0.00	0.57	71.25	19.35	0.00
1	1	0.01	0.35	73.02	16.97	0.00
1	5	0.00	0.42	69.02	21.61	0.00
2	2	0.01	0.57	69.01	20.76	0.00
2	6	0.01	0.49	69.77	20.95	0.00
3	3	0.00	0.46	78.34	11.60	0.00
3	7	0.30	2.16	64.47	8.73	0.00
Core	CPU	C1%	C3%	C6%	C8%	C9%
-	-	0.01	0.65	71.59	16.58	0.00
0	0	0.00	0.48	71.52	17.64	0.00
0	4	0.00	0.55	71.41	19.22	0.00
1	1	0.01	0.33	74.38	15.40	0.00
1	5	0.00	0.35	70.94	19.92	0.00
2	2	0.00	0.45	69.84	20.15	0.00
2	6	0.01	0.46	70.11	20.70	0.00
3	3	0.01	0.48	79.71	10.25	0.00
3	7	0.01	2.11	64.23	9.22	0.00
Core	CPU	C1%	C3%	C6%	C8%	C9%
-	-	0.01	0.87	69.36	16.47	0.00
0	0	0.01	0.50	72.42	14.78	0.00
0	4	0.00	0.58	68.66	19.66	0.00
1	1	0.01	0.38	70.46	17.49	0.00
1	5	0.00	0.45	69.11	19.92	0.00
2	2	0.01	1.46	66.51	19.97	0.00
2	6	0.00	0.42	68.42	20.52	0.00
3	3	0.01	0.47	76.61	10.66	0.00
3	7	0.01	2.72	62.65	8.78	0.00
Core	CPU	C1%	C3%	C6%	C8%	C9%
-	-	0.01	0.71	71.62	16.30	0.00
0	0	0.01	0.27	75.17	14.00	0.00
0	4	0.00	0.65	70.56	20.07	0.00
1	1	0.01	0.50	76.71	13.06	0.00
1	5	0.00	0.29	72.47	18.39	0.00
2	2	0.00	0.45	68.25	21.69	0.00
2	6	0.00	0.61	69.23	21.49	0.00
3	3	0.01	0.53	79.55	10.31	0.00
3	7	0.01	2.35	61.69	11.53	0.00
Core	CPU	C1%	C3%	C6%	C8%	C9%
-	-	0.01	0.80	71.22	16.79	0.00
0	0	0.01	0.38	77.40	11.54	0.00
0	4	0.00	0.49	71.90	18.93	0.00
1	1	0.01	0.43	71.53	18.40	0.00
1	5	0.00	0.31	68.88	22.06	0.00
2	2	0.00	0.57	68.85	21.03	0.00
2	6	0.01	1.42	69.72	20.14	0.00
3	3	0.01	0.41	77.91	12.09	0.00
3	7	0.01	2.38	63.22	10.09	0.00
Core	CPU	C1%	C3%	C6%	C8%	C9%
-	-	0.01	0.66	72.50	15.50	0.00
0	0	0.01	0.58	72.32	16.74	0.00
0	4	0.00	0.55	70.76	19.84	0.00
1	1	0.02	0.36	75.43	14.34	0.00
1	5	0.00	0.42	70.03	20.74	0.00
2	2	0.00	0.58	72.95	16.89	0.00
2	6	0.00	0.29	70.63	20.28	0.00
3	3	0.00	0.47	80.98	8.86	0.00
3	7	0.01	2.04	67.21	6.40	0.00
Core	CPU	C1%	C3%	C6%	C8%	C9%
-	-	0.00	0.68	70.99	17.12	0.00
0	0	0.00	0.49	74.54	14.51	0.00
0	4	0.00	0.60	71.81	18.84	0.00
1	1	0.01	0.42	73.10	16.86	0.00
1	5	0.00	0.35	70.11	20.71	0.00
2	2	0.00	0.61	68.83	20.96	0.00
2	6	0.00	0.58	68.93	21.74	0.00
3	3	0.01	0.50	77.78	12.15	0.00
3	7	0.01	1.89	62.46	11.08	0.00
Core	CPU	C1%	C3%	C6%	C8%	C9%
-	-	0.01	1.08	69.65	16.20	0.00
0	0	0.01	0.41	71.32	15.59	0.00
0	4	0.00	0.50	69.52	19.64	0.00
1	1	0.01	0.46	73.56	14.06	0.00
1	5	0.00	0.40	68.39	19.81	0.00
2	2	0.01	2.18	66.46	20.12	0.00
2	6	0.00	0.44	67.64	21.84	0.00
3	3	0.01	0.56	77.82	9.35	0.00
3	7	0.01	3.66	62.17	9.14	0.00
Core	CPU	C1%	C3%	C6%	C8%	C9%
-	-	0.01	0.69	72.61	15.43	0.00
0	0	0.01	0.62	73.13	15.90	0.00
0	4	0.01	0.43	74.35	16.24	0.00
1	1	0.01	0.25	73.34	16.61	0.00
1	5	0.00	0.53	70.84	19.85	0.00
2	2	0.01	0.59	70.48	19.46	0.00
2	6	0.00	0.33	70.44	20.44	0.00
3	3	0.00	0.51	81.54	8.36	0.00
3	7	0.01	2.27	66.71	6.60	0.00
Core	CPU	C1%	C3%	C6%	C8%	C9%
-	-	0.07	0.82	71.69	16.00	0.00
0	0	0.01	0.52	74.76	14.12	0.00
0	4	0.00	0.62	73.36	17.19	0.00
1	1	0.01	0.32	69.97	19.69	0.00
1	5	0.00	0.35	69.74	21.09	0.00
2	2	0.00	0.56	71.18	18.67	0.00
2	6	0.00	0.47	71.17	19.62	0.00
3	3	0.00	1.25	79.75	9.31	0.00
3	7	0.50	2.52	64.06	8.44	0.00
Core	CPU	C1%	C3%	C6%	C8%	C9%
-	-	0.01	0.72	71.22	16.83	0.00
0	0	0.01	0.45	73.84	15.23	0.00
0	4	0.00	0.59	69.92	20.79	0.00
1	1	0.01	0.40	72.90	17.01	0.00
1	5	0.00	0.43	70.36	20.26	0.00
2	2	0.00	0.62	68.82	21.02	0.00
2	6	0.01	0.46	70.10	20.71	0.00
3	3	0.01	0.51	79.54	10.34	0.00
3	7	0.01	2.30	64.11	9.21	0.00
Core	CPU	C1%	C3%	C6%	C8%	C9%
-	-	0.03	0.73	71.65	16.22	0.00
0	0	0.01	0.46	74.82	14.28	0.00
0	4	0.01	0.49	73.05	17.53	0.00
1	1	0.01	0.49	73.06	16.56	0.00
1	5	0.00	0.39	69.88	20.86	0.00
2	2	0.01	0.46	69.15	20.72	0.00
2	6	0.00	0.60	69.37	21.32	0.00
3	3	0.01	0.75	80.16	9.54	0.00
3	7	0.20	2.20	64.07	9.04	0.00
Core	CPU	C1%	C3%	C6%	C8%	C9%
-	-	0.06	1.04	69.05	16.53	0.00
0	0	0.01	0.37	71.82	15.25	0.00
0	4	0.00	0.59	70.76	17.37	0.00
1	1	0.01	0.41	71.97	15.17	0.00
1	5	0.00	0.32	67.01	21.84	0.00
2	2	0.02	2.42	65.70	20.88	0.00
2	6	0.00	0.46	65.46	23.28	0.00
3	3	0.01	0.55	77.54	10.21	0.00
3	7	0.42	3.22	62.14	8.22	0.00
Core	CPU	C1%	C3%	C6%	C8%	C9%
-	-	0.00	0.69	71.51	16.41	0.00
0	0	0.00	0.37	74.03	15.20	0.00
0	4	0.00	0.66	71.13	19.24	0.00
1	1	0.01	0.45	73.27	16.59	0.00
1	5	0.00	0.21	69.51	21.49	0.00
2	2	0.01	0.47	68.61	21.36	0.00
2	6	0.00	0.60	68.84	21.91	0.00
3	3	0.00	0.74	81.52	7.23	0.00
3	7	0.01	2.05	65.17	8.29	0.00
Core	CPU	C1%	C3%	C6%	C8%	C9%
-	-	0.01	0.79	71.44	16.13	0.00
0	0	0.00	0.47	75.28	13.27	0.00
0	4	0.03	0.51	71.55	18.50	0.00
1	1	0.01	0.34	73.47	15.98	0.00
1	5	0.00	0.47	70.14	19.91	0.00
2	2	0.01	0.59	69.56	20.33	0.00
2	6	0.00	0.43	68.20	22.39	0.00
3	3	0.00	0.89	78.91	9.91	0.00
3	7	0.01	2.63	64.42	8.79	0.00
Core	CPU	C1%	C3%	C6%	C8%	C9%
-	-	0.01	0.73	71.58	16.53	0.00
0	0	0.00	0.58	72.92	16.18	0.00
0	4	0.00	0.57	71.95	18.73	0.00
1	1	0.01	0.49	74.86	14.80	0.00
1	5	0.01	0.56	69.28	21.35	0.00
2	2	0.01	0.57	69.52	20.35	0.00
2	6	0.01	0.47	69.39	21.37	0.00
3	3	0.00	0.54	79.86	9.99	0.00
3	7	0.01	2.07	64.22	9.32	0.00
Core	CPU	C1%	C3%	C6%	C8%	C9%
-	-	0.01	0.69	71.19	16.82	0.00
0	0	0.01	0.49	70.69	18.51	0.00
0	4	0.00	0.47	68.86	21.95	0.00
1	1	0.01	0.35	75.83	14.03	0.00
1	5	0.00	0.29	69.42	21.39	0.00
2	2	0.00	0.53	69.26	20.61	0.00
2	6	0.00	0.43	69.40	21.46	0.00
3	3	0.00	0.53	81.39	8.41	0.00
3	7	0.01	2.45	64.92	8.29	0.00
Core	CPU	C1%	C3%	C6%	C8%	C9%
-	-	0.00	0.92	70.17	15.55	0.00
0	0	0.01	0.29	75.51	11.29	0.00
0	4	0.00	0.66	72.53	15.89	0.00
1	1	0.01	0.38	72.24	16.01	0.00
1	5	0.00	0.26	69.08	19.19	0.00
2	2	0.00	1.41	65.50	20.97	0.00
2	6	0.01	0.58	67.41	20.67	0.00
3	3	0.00	0.58	77.08	10.73	0.00
3	7	0.01	3.21	61.78	9.55	0.00
Core	CPU	C1%	C3%	C6%	C8%	C9%
-	-	0.01	0.68	72.06	15.97	0.00
0	0	0.00	0.55	73.52	15.51	0.00
0	4	0.00	0.53	71.62	19.07	0.00
1	1	0.02	0.24	73.92	16.03	0.00
1	5	0.00	0.44	70.47	20.34	0.00
2	2	0.01	0.62	69.98	19.91	0.00
2	6	0.00	0.40	69.74	21.15	0.00
3	3	0.01	0.49	81.22	8.72	0.00
3	7	0.01	2.14	66.35	7.13	0.00
Core	CPU	C1%	C3%	C6%	C8%	C9%
-	-	0.00	0.81	69.78	17.20	0.00
0	0	0.01	0.54	72.78	15.63	0.00
0	4	0.00	0.50	70.45	19.93	0.00
1	1	0.01	0.30	71.33	17.79	0.00
1	5	0.00	0.55	67.35	22.55	0.00
2	2	0.01	0.62	67.61	22.42	0.00
2	6	0.00	0.36	67.15	23.72	0.00
3	3	0.00	0.67	78.76	9.97	0.00
3	7	0.01	2.91	62.82	5.58	0.00
Core	CPU	C1%	C3%	C6%	C8%	C9%
-	-	0.01	0.65	71.95	16.13	0.00
0	0	0.00	0.36	76.10	13.13	0.00
0	4	0.01	0.58	72.44	18.25	0.00
1	1	0.01	0.29	74.24	15.83	0.00
1	5	0.00	0.29	71.28	19.59	0.00
2	2	0.01	0.53	68.11	21.77	0.00
2	6	0.01	0.57	67.29	23.46	0.00
3	3	0.00	0.51	81.57	8.15	0.00
3	7	0.01	2.10	64.67	8.88	0.00
Core	CPU	C1%	C3%	C6%	C8%	C9%
-	-	0.00	0.72	71.37	16.58	0.00
0	0	0.00	0.60	70.39	18.63	0.00
0	4	0.00	0.58	71.48	19.00	0.00
1	1	0.01	0.29	73.34	16.61	0.00
1	5	0.00	0.51	69.39	21.27	0.00
2	2	0.01	0.63	70.27	19.48	0.00
2	6	0.00	0.44	69.51	21.23	0.00
3	3	0.00	0.57	80.39	9.40	0.00
3	7	0.01	2.11	66.53	7.08	0.00
Core	CPU	C1%	C3%	C6%	C8%	C9%
-	-	0.00	0.93	69.76	15.96	0.00
0	0	0.00	0.42	70.44	16.27	0.00
0	4	0.00	0.51	70.95	17.48	0.00
1	1	0.01	0.40	70.88	16.91	0.00
1	5	0.00	0.38	68.67	19.57	0.00
2	2	0.01	2.10	66.77	19.50	0.00
2	6	0.00	0.54	67.79	20.92	0.00
3	3	0.00	0.52	78.94	8.92	0.00
3	7	0.00	2.56	63.53	8.07	0.00
Core	CPU	C1%	C3%	C6%	C8%	C9%
-	-	0.01	0.66	72.14	16.01	0.00
0	0	0.01	0.29	76.13	13.14	0.00
0	4	0.00	0.51	73.34	17.34	0.00
1	1	0.01	0.46	74.85	14.95	0.00
1	5	0.00	0.21	70.41	20.53	0.00
2	2	0.00	0.50	68.05	21.79	0.00
2	6	0.01	0.59	68.49	22.26	0.00
3	3	0.01	0.54	81.17	8.79	0.00
3	7	0.01	2.15	64.27	9.18	0.00
Core	CPU	C1%	C3%	C6%	C8%	C9%
-	-	0.01	0.81	71.26	16.59	0.00
0	0	0.01	0.48	73.24	15.84	0.00
0	4	0.01	0.49	70.38	20.40	0.00
1	1	0.01	0.40	75.33	14.43	0.00
1	5	0.00	0.34	69.34	21.55	0.00
2	2	0.00	1.28	70.13	18.78	0.00
2	6	0.01	0.50	69.93	20.91	0.00
3	3	0.00	0.52	78.73	11.01	0.00
3	7	0.01	2.51	63.18	9.87	0.00
Core	CPU	C1%	C3%	C6%	C8%	C9%
-	-	0.01	0.68	72.03	15.95	0.00
0	0	0.01	0.45	75.25	13.71	0.00
0	4	0.00	0.67	70.31	20.16	0.00
1	1	0.01	0.38	73.84	16.09	0.00
1	5	0.00	0.37	71.26	19.55	0.00
2	2	0.01	0.50	70.15	19.70	0.00
2	6	0.00	0.48	70.70	20.00	0.00
3	3	0.00	0.51	80.63	9.32	0.00
3	7	0.01	2.12	64.42	9.15	0.00
Core	CPU	C1%	C3%	C6%	C8%	C9%
-	-	0.01	0.64	72.23	15.93	0.00
0	0	0.01	0.30	76.29	12.91	0.00
0	4	0.00	0.57	72.65	18.05	0.00
1	1	0.01	0.46	76.03	13.77	0.00
1	5	0.00	0.28	69.63	21.28	0.00
2	2	0.01	0.48	69.49	20.46	0.00
2	6	0.01	0.48	68.00	22.84	0.00
3	3	0.00	0.54	80.58	9.35	0.00
3	7	0.01	2.04	64.86	8.67	0.00
Core	CPU	C1%	C3%	C6%	C8%	C9%
-	-	0.01	0.93	69.10	16.70	0.00
0	0	0.01	0.34	73.26	13.86	0.00
0	4	0.00	0.58	71.32	17.11	0.00
1	1	0.01	0.45	70.82	16.84	0.00
1	5	0.00	0.29	67.78	21.23	0.00
2	2	0.01	2.15	64.56	21.91	0.00
2	6	0.00	0.56	66.69	21.56	0.00
3	3	0.00	0.66	76.55	11.08	0.00
3	7	0.01	2.38	61.57	9.96	0.00
Core	CPU	C1%	C3%	C6%	C8%	C9%
-	-	0.01	0.67	71.05	16.97	0.00
0	0	0.01	0.33	74.57	14.60	0.00
0	4	0.00	0.54	71.83	18.77	0.00
1	1	0.01	0.46	74.61	15.12	0.00
1	5	0.00	0.30	68.89	21.93	0.00
2	2	0.01	0.52	67.86	22.11	0.00
2	6	0.01	0.56	68.28	22.49	0.00
3	3	0.01	0.50	79.67	10.29	0.00
3	7	0.01	2.13	62.90	10.53	0.00
Core	CPU	C1%	C3%	C6%	C8%	C9%
-	-	0.01	0.86	71.17	16.75	0.00
0	0	0.01	0.35	73.79	15.38	0.00
0	4	0.00	0.65	69.93	20.65	0.00
1	1	0.00	0.41	75.68	14.18	0.00
1	5	0.00	1.06	69.54	20.41	0.00
2	2	0.00	0.57	67.85	22.09	0.00
2	6	0.01	0.67	68.90	21.78	0.00
3	3	0.01	0.51	80.00	9.92	0.00
3	7	0.02	2.66	63.49	9.56	0.00
Core	CPU	C1%	C3%	C6%	C8%	C9%
-	-	0.01	0.70	71.24	16.70	0.00
0	0	0.01	0.53	71.08	17.99	0.00
0	4	0.00	0.54	70.56	20.09	0.00
1	1	0.01	0.47	76.44	13.06	0.00
1	5	0.00	0.44	70.67	20.10	0.00
2	2	0.01	0.52	68.86	21.06	0.00
2	6	0.00	0.47	69.18	21.58	0.00
3	3	0.00	0.50	79.19	10.76	0.00
3	7	0.02	2.10	64.52	9.06	0.00
Core	CPU	C1%	C3%	C6%	C8%	C9%
-	-	0.01	0.68	71.54	16.54	0.00
0	0	0.00	0.42	74.75	14.21	0.00
0	4	0.01	0.58	72.70	17.95	0.00
1	1	0.01	0.36	72.21	17.74	0.00
1	5	0.01	0.38	69.07	21.79	0.00
2	2	0.01	0.59	69.33	20.54	0.00
2	6	0.00	0.51	69.35	21.37	0.00
3	3	0.00	0.48	79.53	10.45	0.00
3	7	0.01	2.15	65.03	8.22	0.00
Core	CPU	C1%	C3%	C6%	C8%	C9%
-	-	0.00	0.82	69.41	16.46	0.00
0	0	0.01	0.54	70.48	16.55	0.00
0	4	0.00	0.39	71.60	17.15	0.00
1	1	0.01	0.34	68.26	19.07	0.00
1	5	0.00	0.41	66.89	22.10	0.00
2	2	0.01	1.37	68.48	18.02	0.00
2	6	0.00	0.33	68.02	20.40	0.00
3	3	0.01	0.46	77.08	10.95	0.00
3	7	0.01	2.71	64.09	7.34	0.00
Core	CPU	C1%	C3%	C6%	C8%	C9%
-	-	0.01	0.73	71.65	16.37	0.00
0	0	0.01	0.44	72.93	16.14	0.00
0	4	0.00	0.51	71.49	19.30	0.00
1	1	0.01	0.43	73.96	15.94	0.00
1	5	0.00	0.38	70.27	20.57	0.00
2	2	0.01	0.50	70.35	19.55	0.00
2	6	0.00	0.55	69.40	21.37	0.00
3	3	0.01	0.71	80.69	9.05	0.00
3	7	0.01	2.35	64.18	9.04	0.00
Core	CPU	C1%	C3%	C6%	C8%	C9%
-	-	0.01	0.89	71.15	16.70	0.00
0	0	0.01	0.47	70.64	18.51	0.00
0	4	0.00	0.55	70.86	19.84	0.00
1	1	0.02	0.41	74.63	15.16	0.00
1	5	0.00	0.36	69.10	21.74	0.00
2	2	0.01	0.63	70.53	19.33	0.00
2	6	0.00	0.56	69.55	21.20	0.00
3	3	0.00	1.15	78.96	10.18	0.00
3	7	0.01	3.00	65.01	7.70	0.00
Core	CPU	C1%	C3%	C6%	C8%	C9%
-	-	0.01	0.67	71.99	16.01	0.00
0	0	0.01	0.44	74.55	14.47	0.00
0	4	0.00	0.49	74.96	15.56	0.00
1	1	0.02	0.35	72.29	17.52	0.00
1	5	0.00	0.36	70.24	20.59	0.00
2	2	0.01	0.55	69.26	20.64	0.00
2	6	0.01	0.46	68.49	22.34	0.00
3	3	0.00	0.56	80.88	9.02	0.00
3	7	0.01	2.19	65.45	7.99	0.00
Core	CPU	C1%	C3%	C6%	C8%	C9%
-	-	0.00	0.70	70.87	17.11	0.00
0	0	0.00	0.48	74.25	14.76	0.00
0	4	0.00	0.55	71.99	18.54	0.00
1	1	0.00	0.47	72.52	17.28	0.00
1	5	0.00	0.51	69.59	21.10	0.00
2	2	0.01	0.47	68.91	21.02	0.00
2	6	0.00	0.51	69.07	21.64	0.00
3	3	0.00	0.68	78.14	11.66	0.00
3	7	0.01	1.93	62.76	10.94	0.00
Core	CPU	C1%	C3%	C6%	C8%	C9%
-	-	0.00	0.97	69.34	16.56	0.00
0	0	0.01	0.44	70.68	16.47	0.00
0	4	0.00	0.52	69.86	19.06	0.00
1	1	0.01	0.48	72.30	15.36	0.00
1	5	0.00	0.29	67.32	21.65	0.00
2	2	0.00	1.41	66.99	19.41	0.00
2	6	0.00	0.54	67.64	20.78	0.00
3	3	0.00	0.66	77.04	11.05	0.00
3	7	0.01	3.41	62.84	8.73	0.00
Core	CPU	C1%	C3%	C6%	C8%	C9%
-	-	0.01	0.72	72.30	15.81	0.00
0	0	0.01	0.51	73.28	15.85	0.00
0	4	0.01	0.66	70.74	19.79	0.00
1	1	0.01	0.30	74.19	15.74	0.00
1	5	0.00	0.38	70.94	19.83	0.00
2	2	0.01	0.60	71.09	18.78	0.00
2	6	0.00	0.43	70.18	20.60	0.00
3	3	0.00	0.37	81.61	8.46	0.00
3	7	0.02	2.49	65.94	7.33	0.00
Core	CPU	C1%	C3%	C6%	C8%	C9%
-	-	0.00	0.77	71.74	16.17	0.00
0	0	0.01	0.20	75.09	14.26	0.00
0	4	0.00	0.52	72.37	18.35	0.00
1	1	0.00	0.52	74.83	14.75	0.00
1	5	0.00	0.21	70.11	20.50	0.00
2	2	0.00	1.15	68.32	20.82	0.00
2	6	0.00	0.57	68.66	22.13	0.00
3	3	0.00	0.69	80.86	8.91	0.00
3	7	0.00	2.33	63.53	9.60	0.00
Core	CPU	C1%	C3%	C6%	C8%	C9%
-	-	0.01	0.71	71.07	16.91	0.00
0	0	0.00	0.55	71.52	17.56	0.00
0	4	0.00	0.48	73.46	17.05	0.00
1	1	0.01	0.41	70.40	19.47	0.00
1	5	0.00	0.50	68.83	21.94	0.00
2	2	0.01	0.62	71.77	17.94	0.00
2	6	0.00	0.49	68.90	21.83	0.00
3	3	0.00	0.65	79.63	10.28	0.00
3	7	0.01	1.99	64.27	9.24	0.00
Core	CPU	C1%	C3%	C6%	C8%	C9%
-	-	0.01	0.71	70.75	16.71	0.00
0	0	0.01	0.43	76.95	11.88	0.00
0	4	0.00	0.51	72.68	18.03	0.00
1	1	0.01	0.48	71.57	17.92	0.00
1	5	0.00	0.44	68.61	22.17	0.00
2	2	0.01	0.45	67.90	22.14	0.00
2	6	0.00	0.54	68.44	22.39	0.00
3	3	0.00	0.66	78.29	11.11	0.00
3	7	0.01	2.20	61.99	8.13	0.00
Core	CPU	C1%	C3%	C6%	C8%	C9%
-	-	0.01	1.00	69.50	16.34	0.00
0	0	0.00	0.46	70.98	16.37	0.00
0	4	0.01	0.52	70.84	17.81	0.00
1	1	0.01	0.41	70.01	17.33	0.00
1	5	0.00	0.48	68.25	21.21	0.00
2	2	0.01	2.38	68.68	17.82	0.00
2	6	0.01	0.48	67.54	21.21	0.00
3	3	0.01	0.46	76.65	10.97	0.00
3	7	0.02	2.77	62.41	7.80	0.00
Core	CPU	C1%	C3%	C6%	C8%	C9%
-	-	0.01	0.67	72.04	15.97	0.00
0	0	0.00	0.37	75.77	13.19	0.00
0	4	0.00	0.42	73.89	16.73	0.00
1	1	0.01	0.53	72.35	17.35	0.00
1	5	0.00	0.32	69.48	21.38	0.00
2	2	0.01	0.44	69.07	20.90	0.00
2	6	0.01	0.55	70.21	20.56	0.00
3	3	0.01	0.57	81.11	8.83	0.00
3	7	0.01	2.20	64.52	8.84	0.00
Core	CPU	C1%	C3%	C6%	C8%	C9%
-	-	0.01	0.89	72.24	15.64	0.00
0	0	0.01	0.51	73.49	15.49	0.00
0	4	0.01	0.59	71.31	19.27	0.00
1	1	0.01	0.36	74.59	15.05	0.00
1	5	0.00	0.49	70.44	20.38	0.00
2	2	0.00	0.55	70.52	19.45	0.00
2	6	0.01	1.30	70.61	19.26	0.00
3	3	0.00	0.47	81.12	8.95	0.00
3	7	0.01	2.86	65.73	7.25	0.00
Core	CPU	C1%	C3%	C6%	C8%	C9%
-	-	0.15	0.70	70.90	16.53	0.00
0	0	0.00	0.42	73.30	15.68	0.00
0	4	0.00	0.51	72.13	18.33	0.00
1	1	0.02	0.44	71.95	17.42	0.00
1	5	0.01	0.40	69.11	20.42	0.00
2	2	0.01	0.56	70.71	19.14	0.00
2	6	0.00	0.58	69.29	21.33	0.00
3	3	0.01	0.45	77.55	11.62	0.00
3	7	1.17	2.27	63.66	8.44	0.00
Core	CPU	C1%	C3%	C6%	C8%	C9%
-	-	0.01	0.72	72.04	16.08	0.00
0	0	0.01	0.48	71.89	17.27	0.00
0	4	0.00	0.61	70.60	20.01	0.00
1	1	0.01	0.38	76.10	13.67	0.00
1	5	0.00	0.42	70.66	20.10	0.00
2	2	0.01	0.51	70.50	19.44	0.00
2	6	0.00	0.46	70.33	20.47	0.00
3	3	0.00	0.56	81.06	8.86	0.00
3	7	0.01	2.28	64.64	8.69	0.00
Core	CPU	C1%	C3%	C6%	C8%	C9%
-	-	0.04	1.18	69.16	16.86	0.00
0	0	0.00	0.45	68.04	20.05	0.00
0	4	0.00	0.54	67.39	21.51	0.00
1	1	0.02	0.37	70.05	18.17	0.00
1	5	0.00	0.48	68.91	20.02	0.00
2	2	0.01	3.13	68.03	18.33	0.00
2	6	0.01	0.45	69.76	19.31	0.00
3	3	0.01	0.51	77.57	10.41	0.00
3	7	0.30	3.49	63.77	7.20	0.00
Core	CPU	C1%	C3%	C6%	C8%	C9%
-	-	0.21	0.69	71.13	16.63	0.00
0	0	0.01	0.63	72.96	15.79	0.00
0	4	0.00	0.44	70.42	20.14	0.00
1	1	0.01	0.30	69.99	20.08	0.00
1	5	0.00	0.41	68.58	22.27	0.00
2	2	0.01	0.60	71.41	18.41	0.00
2	6	0.00	0.39	70.12	20.71	0.00
3	3	0.01	0.66	80.74	9.03	0.00
3	7	1.64	2.09	65.09	6.70	0.00
Core	CPU	C1%	C3%	C6%	C8%	C9%
-	-	0.01	0.83	71.33	16.66	0.00
0	0	0.00	0.41	72.89	16.22	0.00
0	4	0.00	0.53	70.48	20.24	0.00
1	1	0.01	0.39	72.14	17.95	0.00
1	5	0.00	0.36	69.24	21.68	0.00
2	2	0.00	0.52	71.83	18.03	0.00
2	6	0.00	1.31	70.00	19.94	0.00
3	3	0.01	0.57	79.96	9.99	0.00
3	7	0.01	2.58	63.86	9.16	0.00
Core	CPU	C1%	C3%	C6%	C8%	C9%
-	-	0.01	0.70	72.33	15.66	0.00
0	0	0.00	0.51	74.89	13.98	0.00
0	4	0.00	0.44	71.16	19.58	0.00
1	1	0.01	0.45	74.67	15.14	0.00
1	5	0.00	0.45	69.84	20.95	0.00
2	2	0.01	0.61	70.61	19.22	0.00
2	6	0.01	0.48	70.76	19.98	0.00
3	3	0.00	0.51	81.04	8.89	0.00
3	7	0.01	2.15	65.97	7.60	0.00
Core	CPU	C1%	C3%	C6%	C8%	C9%
-	-	0.01	0.70	70.88	17.22	0.00
0	0	0.01	0.46	71.73	17.28	0.00
0	4	0.00	0.49	70.57	20.18	0.00
1	1	0.01	0.42	73.26	16.59	0.00
1	5	0.00	0.36	67.38	23.50	0.00
2	2	0.01	0.61	69.36	20.51	0.00
2	6	0.00	0.52	70.15	20.58	0.00
3	3	0.01	0.42	80.16	9.88	0.00
3	7	0.01	2.28	64.13	9.18	0.00
