Core	CPU	C1%	C3%	C6%	C8%	C9%
-	-	0.01	0.03	2.78	10.46	1.30
0	0	0.00	0.00	5.44	14.62	0.00
0	4	0.04	0.00	2.33	1.59	0.00
1	1	0.00	0.07	2.79	1.23	0.00
1	5	0.00	0.00	0.75	0.10	0.00
2	2	0.00	0.02	5.05	58.61	0.00
2	6	0.00	0.02	0.66	0.00	10.39
3	3	0.00	0.06	2.92	4.95	0.00
3	7	0.00	0.10	2.30	2.50	0.00
Core	CPU	C1%	C3%	C6%	C8%	C9%
-	-	0.14	0.02	2.38	3.12	0.00
0	0	0.00	0.03	2.76	0.79	0.00
0	4	0.00	0.01	0.82	0.89	0.00
1	1	0.00	0.07	6.10	3.99	0.00
1	5	0.00	0.00	0.62	0.60	0.00
2	2	0.00	0.00	3.23	10.36	0.00
2	6	0.62	0.00	1.17	0.79	0.00
3	3	0.00	0.08	3.37	6.77	0.00
3	7	0.51	0.00	0.96	0.79	0.00
Core	CPU	C1%	C3%	C6%	C8%	C9%
-	-	0.03	0.02	0.99	1.43	0.00
0	0	0.00	0.02	1.50	0.40	0.00
0	4	0.00	0.00	0.22	0.70	0.00
1	1	0.00	0.05	1.12	1.20	0.00
1	5	0.00	0.00	0.20	0.40	0.00
2	2	0.00	0.05	1.69	3.48	0.00
2	6	0.00	0.00	0.19	1.18	0.00
3	3	0.23	0.02	2.74	3.22	0.00
3	7	0.00	0.00	0.27	0.89	0.00
Core	CPU	C1%	C3%	C6%	C8%	C9%
-	-	0.00	0.00	0.54	1.02	0.00
0	0	0.00	0.00	0.40	1.12	0.00
0	4	0.00	0.02	1.13	0.71	0.00
1	1	0.00	0.00	0.52	1.11	0.00
1	5	0.00	0.00	0.30	1.02	0.00
2	2	0.00	0.00	0.27	1.40	0.00
2	6	0.00	0.00	0.45	0.80	0.00
3	3	0.00	0.01	1.01	1.11	0.00
3	7	0.00	0.00	0.26	0.90	0.00
Core	CPU	C1%	C3%	C6%	C8%	C9%
-	-	0.00	0.11	0.38	0.71	0.00
0	0	0.00	0.01	0.10	0.40	0.00
0	4	0.00	0.00	0.38	0.60	0.00
1	1	0.00	0.01	0.56	0.40	0.00
1	5	0.00	0.00	0.57	0.77	0.00
2	2	0.00	0.00	0.14	1.18	0.00
2	6	0.00	0.00	0.38	0.89	0.00
3	3	0.00	0.82	0.55	0.74	0.00
3	7	0.00	0.00	0.37	0.69	0.00
Core	CPU	C1%	C3%	C6%	C8%	C9%
-	-	0.00	0.01	0.85	1.51	0.00
0	0	0.00	0.02	1.34	2.26	0.00
0	4	0.00	0.02	0.71	1.21	0.00
1	1	0.00	0.00	0.72	0.80	0.00
1	5	0.00	0.00	0.74	1.60	0.00
2	2	0.00	0.00	0.42	1.89	0.00
2	6	0.00	0.00	0.42	1.89	0.00
3	3	0.00	0.05	1.94	1.30	0.00
3	7	0.00	0.00	0.48	1.10	0.00
Core	CPU	C1%	C3%	C6%	C8%	C9%
-	-	1.10	7.25	35.58	8.73	0.11
0	0	1.34	7.63	35.55	6.81	0.00
0	4	1.65	6.50	34.13	7.33	0.00
1	1	1.43	9.30	36.28	6.68	0.00
1	5	0.35	5.51	34.37	13.32	0.01
2	2	0.64	6.55	31.26	11.87	0.00
2	6	1.70	7.68	34.92	5.97	0.90
3	3	1.42	8.42	39.49	9.01	0.00
3	7	0.28	6.42	38.62	8.80	0.00
Core	CPU	C1%	C3%	C6%	C8%	C9%
-	-	1.99	14.98	41.93	1.61	0.00
0	0	2.00	17.61	34.51	0.33	0.00
0	4	1.27	13.52	48.76	1.31	0.00
1	1	2.34	14.96	42.60	1.54	0.00
1	5	1.12	11.99	48.58	2.25	0.00
2	2	2.42	12.73	38.86	4.61	0.00
2	6	2.55	16.58	38.99	0.56	0.00
3	3	1.90	16.80	40.08	1.01	0.00
3	7	2.28	15.64	43.03	1.31	0.00
Core	CPU	C1%	C3%	C6%	C8%	C9%
-	-	1.11	10.06	50.46	4.94	0.04
0	0	1.42	11.75	44.82	2.03	0.00
0	4	1.01	7.19	55.59	9.64	0.01
1	1	1.21	12.21	47.01	3.44	0.00
1	5	0.52	9.39	50.74	5.44	0.29
2	2	1.46	9.16	49.51	4.43	0.00
2	6	0.91	10.42	52.52	5.42	0.00
3	3	1.03	9.75	52.28	4.73	0.00
3	7	1.28	10.58	51.26	4.36	0.00
Core	CPU	C1%	C3%	C6%	C8%	C9%
-	-	0.78	7.55	51.77	8.92	0.07
0	0	0.70	9.53	55.76	7.33	0.00
0	4	0.25	5.62	47.21	11.45	0.30
1	1	1.30	7.54	54.14	5.09	0.02
1	5	0.56	6.70	49.72	12.12	0.00
2	2	0.92	7.73	52.00	8.99	0.00
2	6	0.78	8.58	50.28	7.31	0.14
3	3	0.41	6.97	53.57	10.22	0.00
3	7	1.33	7.73	51.44	8.84	0.09
Core	CPU	C1%	C3%	C6%	C8%	C9%
-	-	0.79	9.23	50.45	7.72	0.09
0	0	1.03	11.19	48.36	7.18	0.00
0	4	0.40	7.46	51.94	10.86	0.06
1	1	0.56	9.54	49.63	9.52	0.00
1	5	1.07	8.19	55.97	5.42	0.00
2	2	0.93	8.86	53.92	5.23	0.00
2	6	0.97	12.76	41.98	4.17	0.29
3	3	0.87	8.82	49.50	8.33	0.36
3	7	0.45	7.02	52.33	11.07	0.04
Core	CPU	C1%	C3%	C6%	C8%	C9%
-	-	0.95	11.31	48.34	5.19	0.06
0	0	0.93	12.47	48.75	2.36	0.00
0	4	0.49	9.87	48.72	7.60	0.00
1	1	1.00	10.72	51.16	6.09	0.00
1	5	1.12	10.88	49.27	5.18	0.00
2	2	0.89	10.58	48.03	4.86	0.00
2	6	1.20	13.43	43.25	4.47	0.12
3	3	1.00	10.37	50.25	7.73	0.00
3	7	1.00	12.16	47.26	3.27	0.39
Core	CPU	C1%	C3%	C6%	C8%	C9%
-	-	1.06	11.54	45.66	7.00	0.02
0	0	1.89	14.37	42.21	6.92	0.00
0	4	0.47	8.86	52.19	9.63	0.00
1	1	0.87	11.30	48.67	5.64	0.05
1	5	1.23	11.29	48.33	8.54	0.00
2	2	0.52	10.63	48.89	6.07	0.00
2	6	1.51	12.85	36.58	3.76	0.03
3	3	1.12	11.75	46.15	6.92	0.00
3	7	0.85	11.28	42.32	8.56	0.07
Core	CPU	C1%	C3%	C6%	C8%	C9%
-	-	1.42	15.11	43.02	2.39	0.00
0	0	2.02	16.71	36.47	2.45	0.00
0	4	1.43	13.13	48.12	2.70	0.00
1	1	1.15	14.22	46.52	2.43	0.00
1	5	1.25	15.31	44.83	4.51	0.00
2	2	1.10	13.21	45.94	3.77	0.00
2	6	2.07	17.61	30.84	0.88	0.00
3	3	1.02	14.36	47.08	1.66	0.00
3	7	1.31	16.40	44.60	0.77	0.00
Core	CPU	C1%	C3%	C6%	C8%	C9%
-	-	1.40	11.28	48.26	4.25	0.21
0	0	1.67	12.90	45.28	3.65	0.00
0	4	0.95	9.14	56.37	4.38	0.00
1	1	1.92	10.67	48.38	5.11	0.00
1	5	1.07	9.43	46.15	5.21	1.11
2	2	1.67	11.80	48.38	4.01	0.00
2	6	1.16	12.30	44.81	4.65	0.57
3	3	1.52	12.32	48.00	3.73	0.00
3	7	1.23	11.55	48.41	3.23	0.00
Core	CPU	C1%	C3%	C6%	C8%	C9%
-	-	1.32	10.52	50.44	4.48	0.00
0	0	1.90	12.78	46.47	1.10	0.00
0	4	1.15	9.28	50.06	5.04	0.00
1	1	0.98	8.88	51.68	6.63	0.00
1	5	0.96	9.53	53.45	5.52	0.00
2	2	1.53	9.98	48.79	4.31	0.00
2	6	1.38	12.17	48.01	4.68	0.00
3	3	1.12	12.02	50.94	3.19	0.00
3	7	1.56	9.56	54.16	5.34	0.00
Core	CPU	C1%	C3%	C6%	C8%	C9%
-	-	1.69	11.54	47.16	3.28	0.05
0	0	2.58	14.29	40.31	3.15	0.00
0	4	1.39	10.29	49.78	3.34	0.00
1	1	1.63	10.15	50.71	5.35	0.00
1	5	1.37	11.76	48.23	3.34	0.19
2	2	1.77	10.79	49.75	3.48	0.00
2	6	1.47	12.56	44.43	3.09	0.19
3	3	1.83	10.61	46.01	2.39	0.00
3	7	1.48	11.85	48.00	2.05	0.00
Core	CPU	C1%	C3%	C6%	C8%	C9%
-	-	4.18	10.49	44.09	2.84	0.02
0	0	6.54	12.64	35.97	0.78	0.03
0	4	2.88	9.80	49.24	2.76	0.00
1	1	4.39	11.06	43.37	2.97	0.00
1	5	3.80	9.33	43.63	4.61	0.00
2	2	4.81	8.59	44.93	5.43	0.11
2	6	3.44	9.83	45.15	3.39	0.00
3	3	3.77	11.35	44.16	2.33	0.00
3	7	3.85	11.30	46.22	0.48	0.00
Core	CPU	C1%	C3%	C6%	C8%	C9%
-	-	1.58	14.29	44.17	1.72	0.00
0	0	2.53	16.49	32.85	0.90	0.01
0	4	1.24	13.16	45.10	1.65	0.00
1	1	1.73	13.69	47.40	0.83	0.00
1	5	1.66	13.77	47.98	2.82	0.00
2	2	0.86	14.36	46.33	1.90	0.00
2	6	1.30	14.19	44.10	1.74	0.00
3	3	2.19	14.04	44.66	2.28	0.00
3	7	1.18	14.88	45.60	1.70	0.00
Core	CPU	C1%	C3%	C6%	C8%	C9%
-	-	1.03	8.20	53.72	6.99	0.00
0	0	1.76	10.17	50.20	4.32	0.00
0	4	0.78	7.47	51.35	8.59	0.00
1	1	0.91	8.52	55.62	7.05	0.00
1	5	0.62	7.90	49.19	8.08	0.02
2	2	0.46	7.88	57.09	6.53	0.00
2	6	1.60	7.32	58.37	6.58	0.00
3	3	0.94	7.83	53.65	7.44	0.00
3	7	1.19	8.42	53.47	7.22	0.00
Core	CPU	C1%	C3%	C6%	C8%	C9%
-	-	1.28	10.94	43.33	7.49	0.05
0	0	1.93	12.01	36.84	11.08	0.00
0	4	0.94	10.53	45.36	5.28	0.00
1	1	1.39	11.17	45.87	4.71	0.00
1	5	1.20	10.85	40.33	3.35	0.00
2	2	1.18	10.58	44.56	11.29	0.41
2	6	1.43	10.44	47.44	8.91	0.00
3	3	1.11	11.94	39.79	4.47	0.00
3	7	1.07	10.01	46.42	10.80	0.00
Core	CPU	C1%	C3%	C6%	C8%	C9%
-	-	0.93	7.93	53.30	6.91	0.01
0	0	1.44	9.95	51.58	3.97	0.11
0	4	1.02	7.00	53.06	9.68	0.00
1	1	1.53	9.71	52.54	4.52	0.00
1	5	0.67	7.61	54.81	11.51	0.00
2	2	0.46	7.16	51.51	6.52	0.00
2	6	0.62	7.10	53.99	8.54	0.00
3	3	0.90	8.60	56.24	3.54	0.00
3	7	0.84	6.36	52.71	6.95	0.00
Core	CPU	C1%	C3%	C6%	C8%	C9%
-	-	0.54	6.17	52.56	10.10	0.05
0	0	0.59	7.44	58.40	5.82	0.00
0	4	0.30	5.76	48.51	16.01	0.00
1	1	0.62	6.57	52.11	6.90	0.00
1	5	0.43	6.34	57.17	6.35	0.00
2	2	0.34	5.13	51.90	13.53	0.16
2	6	0.67	7.22	53.42	7.44	0.21
3	3	0.82	5.52	48.79	12.65	0.00
3	7	0.56	5.42	50.56	12.14	0.00
Core	CPU	C1%	C3%	C6%	C8%	C9%
-	-	1.12	7.28	53.43	6.61	0.00
0	0	1.35	8.09	53.67	5.26	0.02
0	4	0.78	7.41	49.89	6.91	0.00
1	1	2.27	7.24	51.57	7.69	0.00
1	5	0.91	6.92	51.71	6.21	0.00
2	2	1.08	6.70	55.53	6.58	0.01
2	6	1.26	8.44	53.40	7.34	0.00
3	3	0.45	6.44	55.94	5.59	0.00
3	7	0.87	7.02	55.80	7.31	0.00
Core	CPU	C1%	C3%	C6%	C8%	C9%
-	-	0.93	7.26	52.56	6.83	0.03
0	0	1.18	9.37	49.28	5.42	0.00
0	4	0.40	6.04	53.39	7.04	0.00
1	1	0.65	8.11	56.27	4.34	0.20
1	5	1.04	5.83	53.31	12.02	0.00
2	2	1.15	7.89	49.85	6.54	0.00
2	6	1.29	7.36	53.54	7.03	0.00
3	3	0.75	6.30	50.53	4.26	0.00
3	7	0.97	7.12	53.86	7.92	0.01
Core	CPU	C1%	C3%	C6%	C8%	C9%
-	-	0.60	7.59	51.44	10.40	0.11
0	0	1.26	8.70	51.87	7.19	0.00
0	4	0.41	5.77	48.79	13.80	0.00
1	1	0.42	7.33	56.08	10.46	0.00
1	5	0.70	5.86	50.82	13.36	0.00
2	2	0.47	7.22	50.68	10.23	0.00
2	6	0.58	12.06	49.68	4.53	0.78
3	3	0.58	6.91	48.37	13.42	0.11
3	7	0.40	6.86	55.23	10.20	0.00
Core	CPU	C1%	C3%	C6%	C8%	C9%
-	-	0.81	7.67	50.39	12.44	0.10
0	0	1.23	9.05	53.74	10.23	0.00
0	4	0.38	6.39	54.49	15.12	0.13
1	1	0.68	7.10	49.29	5.31	0.00
1	5	0.49	7.66	49.69	12.53	0.00
2	2	0.52	7.01	51.08	13.80	0.11
2	6	1.46	9.38	45.25	15.27	0.20
3	3	1.15	7.62	50.43	12.13	0.08
3	7	0.56	7.14	49.14	15.16	0.31
Core	CPU	C1%	C3%	C6%	C8%	C9%
-	-	0.73	7.81	52.10	7.42	0.02
0	0	1.08	9.22	50.00	5.43	0.00
0	4	0.36	6.74	51.42	8.17	0.00
1	1	1.21	7.94	56.57	5.70	0.00
1	5	0.87	7.99	55.97	6.55	0.00
2	2	0.65	6.56	53.58	9.10	0.00
2	6	0.78	9.22	48.44	6.31	0.15
3	3	0.45	6.91	52.49	9.96	0.00
3	7	0.44	7.86	48.39	8.15	0.00
Core	CPU	C1%	C3%	C6%	C8%	C9%
-	-	0.62	7.51	54.47	7.60	0.03
0	0	0.65	8.26	53.89	6.79	0.00
0	4	0.21	6.58	58.05	6.17	0.00
1	1	0.41	6.77	55.66	9.11	0.00
1	5	0.89	7.33	55.22	5.10	0.00
2	2	0.12	6.57	52.33	12.72	0.00
2	6	0.85	11.17	52.25	3.19	0.26
3	3	0.79	6.51	52.27	9.63	0.00
3	7	1.07	6.94	56.20	8.13	0.00
Core	CPU	C1%	C3%	C6%	C8%	C9%
-	-	0.49	7.71	54.21	8.33	0.00
0	0	0.74	8.66	53.82	7.79	0.00
0	4	0.17	5.79	51.91	13.75	0.00
1	1	0.56	8.14	59.40	5.71	0.00
1	5	0.59	6.88	52.10	7.56	0.00
2	2	0.42	6.78	51.18	12.40	0.00
2	6	0.49	11.34	51.79	3.59	0.00
3	3	0.42	6.73	58.33	9.09	0.00
3	7	0.57	7.36	55.05	6.69	0.00
Core	CPU	C1%	C3%	C6%	C8%	C9%
-	-	0.59	6.78	51.51	13.24	0.15
0	0	0.57	8.33	54.02	10.22	0.00
0	4	0.41	6.75	54.17	15.91	0.00
1	1	0.76	6.55	51.52	9.69	0.00
1	5	0.38	5.63	48.75	14.97	0.31
2	2	0.82	5.96	50.88	17.10	0.00
2	6	0.83	8.80	49.77	10.66	0.90
3	3	0.34	7.07	50.82	13.09	0.00
3	7	0.61	5.24	52.54	14.37	0.00
Core	CPU	C1%	C3%	C6%	C8%	C9%
-	-	0.87	9.90	51.50	5.96	0.02
0	0	1.36	11.46	52.45	3.39	0.00
0	4	0.40	8.87	53.45	7.63	0.00
1	1	1.07	9.96	52.40	6.86	0.00
1	5	0.90	8.03	55.45	6.02	0.00
2	2	0.58	8.78	50.00	6.92	0.00
2	6	0.91	13.97	43.07	3.58	0.19
3	3	0.96	9.46	49.74	6.60	0.00
3	7	0.78	8.64	55.26	6.65	0.00
Core	CPU	C1%	C3%	C6%	C8%	C9%
-	-	0.51	9.21	53.96	6.38	0.04
0	0	0.58	9.85	51.38	6.77	0.00
0	4	0.23	8.35	55.13	7.18	0.00
1	1	0.33	8.21	53.89	7.95	0.00
1	5	0.40	8.90	55.77	6.21	0.00
2	2	0.29	7.36	54.34	8.67	0.00
2	6	0.89	13.27	48.03	2.14	0.31
3	3	0.94	8.77	55.99	4.98	0.00
3	7	0.42	8.93	57.01	7.14	0.00
Core	CPU	C1%	C3%	C6%	C8%	C9%
-	-	0.51	8.44	53.96	8.23	0.02
0	0	0.59	7.75	54.16	9.39	0.00
0	4	0.36	8.39	54.55	6.60	0.10
1	1	0.61	8.42	52.92	9.44	0.00
1	5	0.44	7.59	57.36	9.54	0.00
2	2	0.27	7.97	55.50	7.98	0.00
2	6	0.81	11.95	50.22	4.54	0.03
3	3	0.30	8.04	57.51	5.92	0.00
3	7	0.72	7.44	49.50	12.42	0.00
Core	CPU	C1%	C3%	C6%	C8%	C9%
-	-	0.66	7.75	54.99	8.29	0.13
0	0	0.77	8.27	55.11	8.35	0.00
0	4	0.93	7.24	51.40	7.47	0.00
1	1	0.19	6.75	57.09	7.17	0.00
1	5	0.58	7.64	60.36	5.95	0.04
2	2	0.56	7.24	54.19	8.38	0.00
2	6	0.97	10.50	48.93	8.82	0.99
3	3	0.55	6.75	55.85	11.10	0.00
3	7	0.70	7.62	56.91	9.07	0.00
Core	CPU	C1%	C3%	C6%	C8%	C9%
-	-	1.14	8.52	48.79	10.97	0.05
0	0	1.65	8.35	44.34	5.39	0.00
0	4	1.43	7.61	50.86	11.91	0.04
1	1	0.98	8.18	49.39	9.76	0.00
1	5	0.73	8.41	48.93	10.69	0.00
2	2	0.90	6.89	51.82	15.09	0.00
2	6	1.38	11.34	46.44	8.89	0.32
3	3	1.00	7.88	48.97	12.85	0.00
3	7	1.07	9.49	49.64	13.23	0.00
Core	CPU	C1%	C3%	C6%	C8%	C9%
-	-	0.66	8.31	54.75	7.82	0.06
0	0	1.18	9.26	55.72	4.94	0.00
0	4	0.30	6.38	56.54	9.46	0.00
1	1	0.40	8.86	55.78	5.57	0.00
1	5	0.91	7.49	54.68	8.86	0.00
2	2	0.25	7.62	57.23	7.58	0.00
2	6	0.97	11.34	49.80	6.52	0.46
3	3	0.55	8.05	55.47	9.16	0.00
3	7	0.71	7.46	52.82	10.45	0.00
Core	CPU	C1%	C3%	C6%	C8%	C9%
-	-	1.07	9.81	52.36	5.65	0.02
0	0	2.26	10.27	50.36	5.22	0.00
0	4	0.62	9.27	55.78	4.53	0.01
1	1	1.26	9.20	54.66	5.99	0.00
1	5	0.76	8.66	54.29	5.34	0.00
2	2	0.82	9.51	54.38	3.84	0.00
2	6	1.15	13.23	45.22	3.15	0.19
3	3	0.89	10.16	52.57	6.82	0.00
3	7	0.78	8.12	51.53	10.31	0.00
Core	CPU	C1%	C3%	C6%	C8%	C9%
-	-	0.80	10.50	47.54	6.48	0.20
0	0	0.74	11.02	46.17	5.13	0.00
0	4	0.46	9.91	51.78	6.61	0.51
1	1	0.46	9.89	51.59	6.38	0.00
1	5	1.30	10.02	44.94	6.53	0.00
2	2	0.89	10.02	52.32	4.75	0.01
2	6	0.93	13.63	39.50	5.71	1.10
3	3	1.09	10.10	46.63	6.81	0.00
3	7	0.56	9.43	47.62	9.93	0.00
Core	CPU	C1%	C3%	C6%	C8%	C9%
-	-	0.64	8.23	50.02	11.68	0.14
0	0	0.74	9.18	48.18	5.29	0.00
0	4	1.03	7.16	49.58	13.56	0.00
1	1	0.15	6.86	50.38	17.31	0.00
1	5	0.90	8.69	55.81	8.32	0.00
2	2	0.39	8.11	49.50	13.03	0.00
2	6	0.70	10.45	45.51	10.94	0.95
3	3	0.75	6.61	48.82	13.65	0.20
3	7	0.47	8.73	52.15	11.31	0.01
Core	CPU	C1%	C3%	C6%	C8%	C9%
-	-	2.18	10.07	47.66	7.81	0.04
0	0	2.58	11.24	39.91	3.23	0.00
0	4	1.65	8.89	51.61	6.98	0.00
1	1	2.53	9.76	45.36	9.44	0.00
1	5	2.32	10.18	53.46	4.08	0.00
2	2	2.19	9.25	50.07	10.67	0.00
2	6	2.69	12.50	42.75	7.58	0.28
3	3	1.97	9.19	50.76	9.81	0.00
3	7	1.51	9.54	47.35	10.68	0.00
Core	CPU	C1%	C3%	C6%	C8%	C9%
-	-	0.75	9.54	51.41	6.12	0.18
0	0	0.65	10.61	49.09	5.50	0.00
0	4	1.32	8.48	52.41	7.98	0.00
1	1	0.69	8.03	49.54	9.23	0.00
1	5	0.56	9.65	53.77	5.05	0.00
2	2	0.51	9.21	53.99	5.69	0.00
2	6	1.05	12.74	44.52	4.00	1.42
3	3	0.65	9.24	52.93	5.67	0.00
3	7	0.60	8.40	55.21	5.89	0.00
Core	CPU	C1%	C3%	C6%	C8%	C9%
-	-	0.65	8.07	51.39	8.65	0.25
0	0	0.73	10.67	51.43	6.27	0.00
0	4	0.25	6.52	51.75	10.12	0.00
1	1	0.95	8.91	55.81	4.34	0.00
1	5	0.49	6.50	45.40	11.94	0.00
2	2	0.50	7.09	51.50	8.56	0.11
2	6	0.79	9.49	46.77	11.02	1.36
3	3	0.68	7.57	55.38	7.32	0.00
3	7	0.85	7.81	52.95	9.59	0.50
Core	CPU	C1%	C3%	C6%	C8%	C9%
-	-	0.84	9.89	50.77	6.10	0.17
0	0	0.96	11.29	49.75	5.44	0.00
0	4	0.73	8.61	54.10	5.07	0.00
1	1	0.76	9.45	53.83	5.31	0.00
1	5	0.80	8.47	51.04	9.14	0.60
2	2	0.43	9.07	53.15	6.87	0.00
2	6	1.51	13.30	40.69	4.66	0.77
3	3	0.76	9.34	49.69	5.15	0.00
3	7	0.75	9.60	53.87	7.14	0.00
Core	CPU	C1%	C3%	C6%	C8%	C9%
-	-	3.40	9.36	40.17	14.12	0.00
0	0	4.05	9.35	36.85	19.83	0.00
0	4	3.02	9.08	42.63	16.47	0.00
1	1	3.70	9.34	45.32	14.29	0.00
1	5	3.07	7.56	40.58	17.20	0.00
2	2	3.30	8.87	44.85	13.18	0.00
2	6	3.46	12.96	39.50	10.33	0.02
3	3	3.28	9.24	35.35	2.25	0.00
3	7	3.32	8.49	36.16	19.34	0.00
Core	CPU	C1%	C3%	C6%	C8%	C9%
-	-	2.11	11.15	47.92	4.41	0.12
0	0	2.61	11.38	47.03	4.65	0.00
0	4	1.84	10.45	49.65	5.41	0.00
1	1	2.53	10.45	47.64	4.49	0.00
1	5	1.42	11.06	49.32	5.54	0.15
2	2	1.57	10.01	51.04	4.38	0.00
2	6	3.36	14.13	37.68	3.02	0.81
3	3	1.41	11.02	51.01	3.19	0.00
3	7	2.16	10.71	50.13	4.63	0.00
Core	CPU	C1%	C3%	C6%	C8%	C9%
-	-	1.52	9.68	50.46	5.76	0.06
0	0	2.05	10.37	47.16	7.16	0.00
0	4	1.59	9.54	54.14	4.19	0.00
1	1	1.20	7.65	56.58	5.60	0.00
1	5	0.79	10.12	53.92	4.83	0.00
2	2	2.80	9.12	52.58	5.94	0.00
2	6	1.28	11.93	46.13	5.82	0.26
3	3	1.29	8.02	46.00	8.35	0.22
3	7	1.13	10.70	47.20	4.16	0.00
Core	CPU	C1%	C3%	C6%	C8%	C9%
-	-	0.81	8.81	51.65	6.30	0.20
0	0	0.94	9.30	51.02	6.02	0.11
0	4	0.60	7.48	54.02	6.26	0.00
1	1	0.61	6.40	55.31	6.86	0.01
1	5	0.78	8.85	52.72	6.15	0.00
2	2	0.74	7.83	58.35	8.17	0.00
2	6	1.05	13.10	43.49	5.34	1.48
3	3	0.78	9.38	53.32	5.99	0.00
3	7	0.98	8.12	44.96	5.61	0.02
Core	CPU	C1%	C3%	C6%	C8%	C9%
-	-	0.82	10.29	50.24	5.75	0.10
0	0	0.99	12.92	49.51	4.11	0.00
0	4	0.59	8.72	55.22	6.53	0.00
1	1	1.37	10.62	49.21	4.93	0.00
1	5	0.59	10.21	51.65	5.67	0.00
2	2	0.78	8.66	49.84	6.87	0.00
2	6	1.02	12.77	44.70	5.52	0.04
3	3	0.73	10.04	49.12	6.52	0.36
3	7	0.50	8.40	52.68	5.83	0.41
Core	CPU	C1%	C3%	C6%	C8%	C9%
-	-	0.82	10.19	49.82	6.75	0.17
0	0	1.15	11.32	47.77	3.69	0.00
0	4	0.44	8.43	49.50	8.99	0.29
1	1	0.90	10.24	53.66	6.12	0.00
1	5	1.02	9.89	50.74	7.06	0.30
2	2	0.61	8.86	53.13	7.73	0.00
2	6	1.26	13.99	40.89	5.12	0.78
3	3	0.40	8.20	49.90	9.66	0.00
3	7	0.79	10.64	53.10	5.61	0.00
Core	CPU	C1%	C3%	C6%	C8%	C9%
-	-	1.27	9.37	43.65	14.92	0.11
0	0	1.14	10.57	46.08	14.23	0.00
0	4	0.99	7.57	49.82	16.71	0.50
1	1	0.99	7.47	37.42	6.54	0.00
1	5	1.07	9.54	42.93	18.19	0.00
2	2	0.86	8.07	42.78	14.09	0.31
2	6	1.63	11.92	39.32	16.48	0.10
3	3	1.95	10.23	44.74	15.32	0.00
3	7	1.51	9.55	46.01	17.75	0.00
Core	CPU	C1%	C3%	C6%	C8%	C9%
-	-	1.92	9.61	49.37	5.46	0.15
0	0	1.88	10.39	50.08	4.22	0.00
0	4	2.05	9.75	46.56	4.66	0.00
1	1	2.36	8.12	47.91	8.83	0.00
1	5	1.41	9.33	52.37	5.50	0.22
2	2	2.85	9.38	49.00	5.66	0.00
2	6	2.29	12.66	44.09	3.94	1.00
3	3	1.59	9.80	53.05	4.11	0.00
3	7	0.97	7.43	51.95	6.74	0.00
Core	CPU	C1%	C3%	C6%	C8%	C9%
-	-	1.00	11.66	50.24	3.61	0.07
0	0	1.46	12.70	47.87	1.75	0.00
0	4	0.45	9.54	55.88	3.72	0.00
1	1	0.77	11.47	51.92	3.26	0.00
1	5	0.90	11.24	50.67	3.90	0.00
2	2	1.36	11.53	48.66	5.73	0.00
2	6	1.18	14.44	46.35	2.14	0.52
3	3	1.22	10.67	48.59	4.71	0.00
3	7	0.69	11.66	51.93	3.69	0.00
Core	CPU	C1%	C3%	C6%	C8%	C9%
-	-	0.88	11.92	49.05	3.86	0.08
0	0	0.92	13.53	46.27	4.02	0.01
0	4	0.61	11.42	49.13	3.63	0.00
1	1	0.99	11.50	50.70	3.69	0.00
1	5	1.04	11.74	49.34	3.18	0.00
2	2	0.94	10.59	53.70	3.32	0.00
2	6	1.05	15.52	38.79	4.41	0.66
3	3	0.97	9.88	51.32	5.31	0.00
3	7	0.48	11.18	53.12	3.32	0.00
Core	CPU	C1%	C3%	C6%	C8%	C9%
-	-	1.11	10.87	48.92	4.50	0.09
0	0	1.33	11.93	43.34	4.31	0.00
0	4	0.90	9.53	51.80	5.36	0.00
1	1	0.89	9.42	53.63	4.84	0.00
1	5	1.08	10.73	49.95	2.29	0.00
2	2	1.15	9.22	49.97	5.77	0.00
2	6	1.85	14.17	41.57	3.46	0.73
3	3	0.76	11.22	50.41	5.76	0.00
3	7	0.90	10.73	50.64	4.20	0.00
Core	CPU	C1%	C3%	C6%	C8%	C9%
-	-	1.34	11.69	50.41	3.87	0.00
0	0	1.35	14.41	43.87	2.67	0.00
0	4	0.91	10.48	54.23	5.63	0.00
1	1	1.13	11.80	51.02	3.35	0.00
1	5	1.73	11.71	50.43	4.08	0.00
2	2	1.20	10.65	49.79	5.32	0.00
2	6	2.17	13.26	48.03	1.74	0.02
3	3	1.38	10.92	51.48	4.60	0.00
3	7	0.85	10.32	54.39	3.53	0.00
Core	CPU	C1%	C3%	C6%	C8%	C9%
-	-	2.83	9.32	43.63	13.64	0.00
0	0	3.40	10.91	34.23	17.96	0.00
0	4	2.53	8.95	47.82	15.88	0.00
1	1	2.66	10.95	47.64	13.11	0.00
1	5	2.80	8.79	34.73	2.64	0.00
2	2	3.68	9.88	47.55	13.50	0.00
2	6	2.54	8.34	41.08	16.20	0.01
3	3	2.16	8.52	49.09	15.84	0.00
3	7	2.90	8.20	46.76	13.97	0.00
Core	CPU	C1%	C3%	C6%	C8%	C9%
-	-	1.71	10.19	50.25	4.73	0.16
0	0	2.27	11.70	46.28	2.83	0.00
0	4	1.51	10.21	51.16	4.71	0.00
1	1	2.02	10.24	51.61	6.52	0.00
1	5	1.94	9.56	51.16	5.65	0.00
2	2	1.68	9.55	52.94	3.56	0.00
2	6	1.58	10.77	47.45	4.69	1.26
3	3	1.11	9.30	48.44	4.58	0.00
3	7	1.58	10.20	53.12	5.36	0.01
Core	CPU	C1%	C3%	C6%	C8%	C9%
-	-	1.39	10.12	47.90	4.27	0.21
0	0	1.53	12.63	42.97	2.74	0.00
0	4	1.16	8.71	50.49	6.29	0.00
1	1	1.82	10.88	51.96	2.58	0.00
1	5	1.03	10.31	48.64	4.14	0.00
2	2	1.12	10.94	51.43	2.18	0.00
2	6	1.28	9.09	44.84	6.64	1.71
3	3	1.59	9.55	43.96	4.16	0.00
3	7	1.61	8.89	49.17	5.46	0.00
Core	CPU	C1%	C3%	C6%	C8%	C9%
-	-	1.26	10.61	49.92	4.16	0.01
0	0	1.58	12.32	42.97	2.42	0.09
0	4	0.92	9.75	53.14	3.93	0.00
1	1	1.50	11.36	50.82	5.39	0.00
1	5	0.75	10.48	51.18	3.20	0.01
2	2	0.98	9.23	49.79	5.56	0.00
2	6	1.61	10.85	48.02	4.29	0.00
3	3	1.10	9.97	52.25	6.12	0.00
3	7	1.65	10.86	50.89	2.37	0.00
Core	CPU	C1%	C3%	C6%	C8%	C9%
-	-	1.08	10.14	48.78	4.73	0.06
0	0	1.36	11.13	49.25	4.26	0.07
0	4	0.98	9.06	46.57	7.12	0.00
1	1	1.06	8.11	45.43	6.16	0.00
1	5	1.24	12.08	50.80	2.78	0.00
2	2	0.88	9.49	49.43	5.42	0.00
2	6	0.97	11.33	48.61	3.22	0.37
3	3	1.01	9.77	50.77	4.51	0.00
3	7	1.15	10.16	49.54	4.39	0.00
Core	CPU	C1%	C3%	C6%	C8%	C9%
-	-	1.37	12.11	47.85	3.49	0.00
0	0	2.00	12.49	45.29	3.54	0.00
0	4	1.20	12.63	47.65	3.53	0.00
1	1	1.14	12.23	51.31	1.87	0.00
1	5	1.51	11.09	45.58	5.78	0.00
2	2	1.30	11.29	48.46	4.14	0.00
2	6	1.22	13.01	50.19	2.33	0.00
3	3	1.32	12.59	48.47	3.23	0.00
3	7	1.22	11.49	45.72	3.52	0.00
Core	CPU	C1%	C3%	C6%	C8%	C9%
-	-	1.62	11.48	47.63	4.09	0.02
0	0	2.16	14.26	41.69	2.22	0.00
0	4	1.34	9.72	49.75	5.14	0.00
1	1	2.11	12.43	52.04	1.74	0.00
1	5	1.13	10.85	49.15	4.66	0.00
2	2	1.47	10.90	48.56	6.93	0.00
2	6	1.55	12.35	47.28	3.38	0.16
3	3	1.39	9.08	46.33	7.58	0.00
3	7	1.80	12.27	46.24	1.10	0.00
Core	CPU	C1%	C3%	C6%	C8%	C9%
-	-	1.17	10.36	49.28	4.03	0.00
0	0	1.34	11.53	47.13	3.14	0.00
0	4	1.20	9.54	46.77	4.17	0.00
1	1	1.24	10.52	48.98	3.55	0.00
1	5	1.06	9.70	53.69	5.06	0.00
2	2	1.22	10.17	50.03	6.95	0.00
2	6	1.04	11.14	52.03	3.38	0.00
3	3	1.22	9.60	48.53	3.69	0.00
3	7	1.06	10.72	47.31	2.30	0.00
Core	CPU	C1%	C3%	C6%	C8%	C9%
-	-	2.03	11.47	46.89	3.58	0.01
0	0	2.73	14.45	41.89	3.17	0.00
0	4	2.23	11.05	48.15	2.25	0.00
1	1	2.43	11.93	42.87	4.93	0.00
1	5	1.72	10.28	47.61	1.94	0.00
2	2	1.66	10.82	51.16	2.68	0.00
2	6	1.64	11.33	46.76	2.86	0.05
3	3	1.50	11.79	49.26	2.52	0.00
3	7	2.31	10.06	47.34	8.31	0.00
Core	CPU	C1%	C3%	C6%	C8%	C9%
-	-	1.46	10.94	49.74	3.43	0.07
0	0	1.31	13.29	50.66	2.91	0.11
0	4	1.13	10.02	46.48	3.72	0.00
1	1	1.40	11.72	49.15	2.82	0.00
1	5	1.71	9.65	50.76	5.29	0.00
2	2	1.33	11.62	49.32	2.22	0.00
2	6	1.74	10.77	47.86	3.37	0.00
3	3	1.34	10.45	53.04	2.10	0.41
3	7	1.73	9.99	50.56	5.03	0.01
Core	CPU	C1%	C3%	C6%	C8%	C9%
-	-	2.07	8.81	35.04	5.73	0.41
0	0	2.62	8.62	30.09	0.96	0.00
0	4	1.93	8.92	29.16	2.25	0.00
1	1	1.96	8.95	49.76	8.92	0.00
1	5	2.34	8.29	33.65	5.28	0.00
2	2	2.47	8.63	33.10	3.52	0.00
2	6	1.50	7.94	33.84	2.95	0.00
3	3	1.55	8.49	30.98	2.23	3.28
3	7	2.18	10.67	39.74	19.73	0.00
Core	CPU	C1%	C3%	C6%	C8%	C9%
-	-	4.86	13.82	38.36	1.49	0.00
0	0	6.55	15.45	29.33	1.19	0.00
0	4	5.50	12.87	42.92	1.31	0.00
1	1	4.74	13.84	35.85	2.80	0.00
1	5	3.88	13.48	41.87	1.13	0.00
2	2	4.65	13.43	39.89	2.06	0.00
2	6	4.28	13.82	40.98	1.10	0.00
3	3	5.12	14.29	38.01	1.37	0.00
3	7	4.18	13.32	37.95	0.98	0.00
Core	CPU	C1%	C3%	C6%	C8%	C9%
-	-	2.07	14.74	42.93	1.94	0.00
0	0	3.12	18.07	34.35	0.47	0.00
0	4	1.30	13.52	46.53	3.97	0.00
1	1	2.79	15.14	42.15	1.65	0.00
1	5	1.72	13.76	44.37	1.83	0.00
2	2	2.31	15.39	43.07	1.90	0.00
2	6	1.78	13.50	45.11	1.99	0.00
3	3	1.45	13.19	46.35	1.87	0.00
3	7	2.08	15.40	41.64	1.83	0.00
Core	CPU	C1%	C3%	C6%	C8%	C9%
-	-	1.73	15.33	41.95	1.90	0.00
0	0	2.41	17.36	33.12	1.04	0.00
0	4	0.94	13.73	46.00	3.22	0.00
1	1	1.17	13.58	47.45	3.29	0.00
1	5	1.94	16.10	37.24	1.34	0.00
2	2	1.29	15.31	44.40	2.98	0.00
2	6	2.65	15.22	41.12	1.37	0.00
3	3	1.84	17.06	40.58	0.58	0.00
3	7	1.59	14.27	45.67	1.40	0.00
Core	CPU	C1%	C3%	C6%	C8%	C9%
-	-	7.78	12.21	36.18	1.99	0.00
0	0	10.76	12.82	27.67	1.00	0.00
0	4	7.73	12.82	35.79	1.57	0.00
1	1	7.29	11.88	35.86	1.69	0.00
1	5	7.44	11.22	39.17	1.19	0.00
2	2	8.21	11.32	37.63	3.67	0.00
2	6	7.43	12.02	37.03	3.27	0.00
3	3	7.04	12.43	38.44	2.16	0.00
3	7	6.34	13.14	37.83	1.35	0.00
Core	CPU	C1%	C3%	C6%	C8%	C9%
-	-	1.57	13.72	43.97	2.34	0.01
0	0	2.20	14.72	34.54	1.47	0.05
0	4	1.31	11.21	46.59	3.39	0.00
1	1	2.12	13.81	42.58	1.89	0.00
1	5	1.44	14.04	44.02	2.81	0.00
2	2	1.03	13.07	47.68	3.38	0.00
2	6	1.63	15.89	45.49	0.57	0.00
3	3	1.13	12.44	45.71	2.25	0.00
3	7	1.66	14.59	45.18	2.93	0.02
Core	CPU	C1%	C3%	C6%	C8%	C9%
-	-	2.91	15.26	40.48	1.53	0.00
0	0	4.65	16.90	28.21	0.64	0.00
0	4	2.31	12.23	45.08	3.30	0.00
1	1	3.17	15.62	43.60	1.56	0.00
1	5	2.41	16.13	39.95	1.42	0.00
2	2	2.62	15.91	42.21	1.43	0.00
2	6	2.76	16.28	38.92	0.71	0.00
3	3	2.81	14.68	41.29	2.03	0.00
3	7	2.54	14.38	44.59	1.15	0.00
Core	CPU	C1%	C3%	C6%	C8%	C9%
-	-	1.77	14.99	41.11	2.10	0.00
0	0	2.72	17.69	32.23	0.96	0.00
0	4	0.73	14.08	43.96	2.19	0.00
1	1	1.68	13.19	47.33	2.71	0.00
1	5	2.06	15.65	40.90	1.26	0.00
2	2	1.87	14.73	41.01	2.08	0.00
2	6	1.84	14.43	43.47	2.30	0.00
3	3	1.46	14.08	40.61	2.56	0.00
3	7	1.77	16.10	39.37	2.76	0.00
Core	CPU	C1%	C3%	C6%	C8%	C9%
-	-	1.95	15.88	41.98	1.08	0.00
0	0	3.19	17.76	34.78	0.68	0.00
0	4	1.84	14.62	45.94	0.59	0.00
1	1	1.75	15.23	46.75	0.74	0.00
1	5	1.65	16.21	42.77	0.68	0.00
2	2	1.94	17.79	38.77	0.99	0.00
2	6	1.62	13.92	46.30	2.08	0.00
3	3	1.78	14.76	40.52	2.34	0.00
3	7	1.79	16.82	40.12	0.50	0.00
Core	CPU	C1%	C3%	C6%	C8%	C9%
-	-	1.01	10.19	50.24	6.62	0.05
0	0	1.69	12.36	44.42	7.37	0.00
0	4	0.59	8.93	52.51	3.99	0.00
1	1	1.21	10.53	52.98	6.71	0.00
1	5	0.95	9.37	54.08	6.32	0.00
2	2	0.94	9.57	50.65	10.59	0.00
2	6	1.20	9.65	51.31	5.11	0.41
3	3	0.88	10.48	49.46	7.08	0.00
3	7	0.62	10.59	46.42	5.80	0.00
Core	CPU	C1%	C3%	C6%	C8%	C9%
-	-	1.69	9.05	41.94	10.74	0.06
0	0	2.96	10.55	34.44	1.14	0.00
0	4	1.29	8.92	39.51	2.41	0.00
1	1	2.27	8.22	42.83	19.81	0.00
1	5	0.85	10.04	44.33	11.30	0.00
2	2	1.28	8.97	44.10	15.47	0.00
2	6	1.84	8.34	44.28	15.70	0.50
3	3	1.66	8.74	44.46	15.61	0.00
3	7	1.40	8.57	41.56	4.50	0.00
Core	CPU	C1%	C3%	C6%	C8%	C9%
-	-	1.75	15.00	43.04	1.42	0.00
0	0	2.41	18.08	31.62	0.19	0.00
0	4	0.85	13.44	47.73	1.29	0.00
1	1	1.67	14.65	42.97	1.48	0.00
1	5	1.69	14.17	47.26	1.00	0.00
2	2	1.76	14.51	45.27	2.04	0.00
2	6	1.71	13.91	47.30	1.96	0.00
3	3	1.26	15.79	42.44	2.30	0.00
3	7	2.66	15.47	39.78	1.10	0.00
Core	CPU	C1%	C3%	C6%	C8%	C9%
-	-	2.82	11.45	47.64	3.42	0.00
0	0	4.49	13.52	40.46	1.35	0.00
0	4	1.94	10.49	49.42	4.46	0.00
1	1	2.62	10.51	50.56	3.24	0.00
1	5	3.66	11.34	46.79	2.20	0.00
2	2	1.88	11.28	49.86	4.27	0.00
2	6	3.41	11.95	46.72	2.04	0.00
3	3	2.06	10.56	50.09	6.98	0.00
3	7	2.50	11.98	47.20	2.84	0.00
Core	CPU	C1%	C3%	C6%	C8%	C9%
-	-	1.26	11.21	49.24	4.52	0.02
0	0	1.98	12.23	43.81	5.09	0.17
0	4	0.97	11.59	47.91	5.34	0.00
1	1	1.05	10.81	50.64	3.43	0.00
1	5	1.19	11.22	50.14	4.91	0.01
2	2	1.15	11.75	51.20	1.97	0.00
2	6	1.24	9.62	52.74	5.71	0.00
3	3	1.32	11.39	49.12	4.14	0.00
3	7	1.22	11.12	48.54	5.57	0.00
Core	CPU	C1%	C3%	C6%	C8%	C9%
-	-	1.55	12.64	47.13	2.76	0.02
0	0	2.67	13.86	36.26	2.25	0.03
0	4	1.01	11.81	50.53	3.10	0.15
1	1	1.35	14.36	46.66	2.78	0.00
1	5	0.85	11.88	50.65	3.27	0.00
2	2	1.18	12.54	48.85	2.30	0.00
2	6	1.80	11.68	49.67	3.07	0.00
3	3	1.92	13.20	47.59	1.84	0.00
3	7	1.60	11.72	46.60	3.48	0.00
Core	CPU	C1%	C3%	C6%	C8%	C9%
-	-	1.60	13.90	45.29	3.03	0.00
0	0	2.30	16.62	36.03	1.12	0.00
0	4	1.25	12.18	50.07	1.75	0.00
1	1	1.87	14.17	44.26	3.11	0.00
1	5	1.42	14.17	46.54	3.36	0.00
2	2	1.60	13.52	46.87	3.30	0.00
2	6	1.36	13.05	46.11	3.13	0.00
3	3	1.18	14.26	46.80	3.82	0.00
3	7	1.82	13.22	45.69	4.66	0.00
Core	CPU	C1%	C3%	C6%	C8%	C9%
-	-	1.20	10.52	51.02	4.28	0.00
0	0	1.89	12.51	45.22	3.63	0.00
0	4	1.35	10.15	56.81	4.48	0.00
1	1	1.01	10.26	50.92	5.38	0.00
1	5	1.15	8.15	54.93	4.01	0.00
2	2	0.93	10.31	50.01	6.27	0.00
2	6	1.05	11.75	52.99	2.24	0.00
3	3	1.01	9.98	47.56	5.44	0.00
3	7	1.23	11.13	50.12	2.79	0.00
Core	CPU	C1%	C3%	C6%	C8%	C9%
-	-	0.91	9.08	54.08	5.52	0.00
0	0	1.59	10.75	51.89	2.80	0.00
0	4	0.46	7.36	54.28	7.20	0.00
1	1	0.53	8.70	52.57	7.09	0.00
1	5	0.44	8.74	55.41	5.14	0.00
2	2	0.90	9.88	52.68	8.73	0.00
2	6	1.55	8.95	55.18	2.04	0.00
3	3	0.68	9.68	54.76	3.34	0.00
3	7	1.12	8.51	55.36	7.81	0.00
Core	CPU	C1%	C3%	C6%	C8%	C9%
-	-	0.77	8.41	53.68	6.67	0.00
0	0	0.96	10.53	53.82	3.16	0.00
0	4	0.57	7.16	53.36	10.37	0.00
1	1	0.83	8.78	53.59	4.03	0.00
1	5	0.77	7.77	51.57	7.48	0.00
2	2	1.01	9.11	57.39	7.13	0.00
2	6	0.72	8.33	56.07	5.55	0.00
3	3	0.86	7.16	53.30	8.22	0.00
3	7	0.46	8.42	50.37	7.44	0.00
Core	CPU	C1%	C3%	C6%	C8%	C9%
-	-	1.20	8.76	54.15	5.83	0.00
0	0	1.25	10.57	51.33	5.95	0.00
0	4	1.01	7.88	59.92	4.94	0.00
1	1	0.98	10.17	54.32	3.91	0.00
1	5	1.51	6.90	53.45	8.50	0.00
2	2	1.27	8.64	53.33	5.97	0.00
2	6	0.81	7.93	53.21	6.42	0.01
3	3	1.71	9.59	52.58	5.01	0.00
3	7	1.11	8.39	55.17	5.98	0.00
Core	CPU	C1%	C3%	C6%	C8%	C9%
-	-	1.74	7.30	40.36	14.32	0.00
0	0	2.07	9.58	39.66	21.37	0.00
0	4	1.35	6.52	38.81	3.73	0.00
1	1	1.97	7.30	42.37	19.13	0.00
1	5	2.06	6.08	40.79	8.56	0.00
2	2	2.03	7.63	40.17	17.99	0.00
2	6	1.13	7.74	36.58	4.57	0.00
3	3	1.41	6.89	41.60	21.19	0.00
3	7	1.89	6.67	42.86	17.98	0.00
Core	CPU	C1%	C3%	C6%	C8%	C9%
-	-	0.75	8.40	54.88	7.14	0.00
0	0	1.12	9.48	51.93	5.18	0.00
0	4	0.48	8.01	54.39	8.52	0.00
1	1	0.67	7.63	56.72	6.01	0.00
1	5	0.59	8.36	56.10	5.29	0.00
2	2	0.70	8.47	56.96	7.96	0.00
2	6	0.80	8.87	54.51	5.59	0.00
3	3	0.55	7.87	53.36	10.27	0.00
3	7	1.09	8.62	55.85	8.40	0.00
Core	CPU	C1%	C3%	C6%	C8%	C9%
-	-	0.78	7.35	54.28	7.43	0.05
0	0	1.33	9.52	54.01	6.33	0.00
0	4	0.73	6.61	52.66	8.29	0.00
1	1	0.80	7.71	55.50	5.38	0.00
1	5	0.47	6.75	52.90	11.48	0.00
2	2	0.85	7.69	56.43	5.74	0.00
2	6	0.35	6.68	54.36	8.02	0.21
3	3	1.39	7.64	55.67	7.22	0.00
3	7	0.27	6.06	51.82	6.90	0.21
Core	CPU	C1%	C3%	C6%	C8%	C9%
-	-	0.78	6.21	52.51	7.98	0.02
0	0	0.66	8.05	54.91	4.26	0.01
0	4	0.30	5.54	53.62	9.75	0.00
1	1	1.15	5.45	50.87	10.61	0.00
1	5	1.04	6.32	55.22	5.49	0.01
2	2	1.07	8.06	56.92	3.03	0.00
2	6	0.47	5.18	46.30	6.76	0.15
3	3	0.88	4.77	48.59	16.16	0.00
3	7	0.70	6.36	53.73	7.74	0.00
Core	CPU	C1%	C3%	C6%	C8%	C9%
-	-	0.78	8.11	53.18	6.91	0.00
0	0	1.37	9.56	44.87	7.04	0.00
0	4	1.06	8.22	55.29	5.59	0.00
1	1	0.82	8.16	54.44	8.63	0.00
1	5	0.55	7.28	54.07	6.00	0.00
2	2	0.90	8.27	56.54	7.23	0.00
2	6	0.33	7.99	53.09	4.96	0.00
3	3	0.69	8.87	51.58	5.75	0.00
3	7	0.54	6.52	55.64	10.10	0.00
Core	CPU	C1%	C3%	C6%	C8%	C9%
-	-	0.95	9.69	52.19	5.02	0.01
0	0	1.59	10.81	51.97	1.93	0.00
0	4	0.85	9.65	56.02	3.55	0.00
1	1	1.12	9.56	48.28	8.29	0.00
1	5	0.92	8.96	50.41	6.72	0.11
2	2	0.85	8.39	50.44	7.20	0.00
2	6	0.69	10.04	56.21	2.87	0.00
3	3	0.90	9.15	55.18	4.31	0.00
3	7	0.71	11.05	49.45	5.31	0.00
Core	CPU	C1%	C3%	C6%	C8%	C9%
-	-	1.02	8.89	53.98	5.67	0.00
0	0	1.26	10.29	52.75	3.34	0.00
0	4	0.59	7.20	51.94	8.96	0.00
1	1	1.50	8.59	54.02	5.56	0.00
1	5	0.82	9.05	56.66	6.32	0.00
2	2	1.15	9.95	54.50	7.32	0.00
2	6	0.87	7.90	50.75	5.41	0.00
3	3	1.40	10.30	53.66	3.83	0.00
3	7	0.57	7.72	57.03	4.54	0.00
Core	CPU	C1%	C3%	C6%	C8%	C9%
-	-	1.00	7.54	54.53	6.87	0.01
0	0	1.64	9.35	53.54	3.02	0.03
0	4	0.53	5.80	56.73	9.09	0.00
1	1	1.34	7.57	51.12	7.77	0.00
1	5	0.96	8.11	58.79	3.95	0.01
2	2	0.41	6.86	59.47	8.21	0.00
2	6	0.90	6.60	49.18	10.70	0.02
3	3	0.97	7.34	57.21	5.85	0.00
3	7	1.24	8.73	50.24	6.39	0.00
Core	CPU	C1%	C3%	C6%	C8%	C9%
-	-	0.94	6.94	53.25	7.94	0.05
0	0	1.14	8.63	52.30	5.91	0.00
0	4	0.75	5.19	50.33	14.45	0.00
1	1	1.15	7.82	55.11	5.90	0.00
1	5	0.42	6.43	55.12	6.79	0.00
2	2	0.94	6.57	53.97	11.76	0.00
2	6	1.22	6.82	52.40	5.70	0.00
3	3	0.78	7.24	54.55	7.21	0.21
3	7	1.09	6.76	52.14	5.80	0.21
Core	CPU	C1%	C3%	C6%	C8%	C9%
-	-	0.44	4.84	53.77	9.47	0.00
0	0	0.17	4.79	50.00	7.85	0.00
0	4	0.42	5.83	59.45	8.66	0.00
1	1	0.27	4.73	57.77	9.29	0.00
1	5	0.49	5.11	49.76	11.11	0.00
2	2	0.46	5.73	60.03	8.92	0.00
2	6	0.19	3.79	48.67	10.37	0.00
3	3	0.97	4.10	52.05	9.21	0.00
3	7	0.52	4.64	52.87	10.47	0.03
Core	CPU	C1%	C3%	C6%	C8%	C9%
-	-	0.67	6.59	55.53	8.12	0.09
0	0	0.51	7.61	53.42	5.10	0.00
0	4	0.62	6.26	53.49	10.18	0.05
1	1	0.65	6.83	52.68	9.24	0.00
1	5	0.78	6.16	57.85	8.07	0.58
2	2	0.94	6.72	54.06	10.00	0.00
2	6	0.97	7.32	54.96	5.52	0.09
3	3	0.50	5.82	60.33	6.92	0.00
3	7	0.38	5.97	57.04	9.85	0.00
Core	CPU	C1%	C3%	C6%	C8%	C9%
-	-	1.03	9.48	54.34	5.31	0.00
0	0	1.99	11.30	48.98	4.76	0.00
0	4	0.66	8.30	50.66	6.93	0.00
1	1	0.99	8.30	54.81	5.11	0.00
1	5	0.50	9.10	60.07	3.81	0.00
2	2	0.87	9.50	53.62	7.11	0.00
2	6	0.84	8.45	55.94	7.22	0.00
3	3	1.29	10.83	55.20	2.94	0.00
3	7	1.09	10.02	55.42	4.63	0.00
Core	CPU	C1%	C3%	C6%	C8%	C9%
-	-	0.99	8.95	51.46	5.93	0.01
0	0	1.26	11.06	47.02	5.44	0.00
0	4	0.67	7.25	51.64	10.35	0.00
1	1	1.12	8.81	49.87	7.70	0.00
1	5	0.91	9.35	54.77	5.38	0.00
2	2	1.09	9.08	54.61	3.08	0.00
2	6	0.98	7.77	46.63	5.81	0.00
3	3	1.02	8.94	53.16	2.98	0.11
3	7	0.86	9.35	54.01	6.73	0.00
Core	CPU	C1%	C3%	C6%	C8%	C9%
-	-	1.47	6.98	37.35	8.28	1.31
0	0	2.49	9.01	38.61	21.52	0.00
0	4	0.41	7.08	36.51	2.33	0.00
1	1	1.76	8.23	37.21	4.24	0.00
1	5	1.39	5.94	37.44	3.17	0.31
2	2	1.65	6.77	36.32	4.60	0.00
2	6	1.19	5.43	33.99	5.27	0.00
3	3	1.19	6.43	40.67	21.42	0.50
3	7	1.65	6.96	38.03	3.68	9.68
Core	CPU	C1%	C3%	C6%	C8%	C9%
-	-	0.69	6.73	51.71	8.32	0.08
0	0	0.81	8.63	49.46	6.32	0.00
0	4	0.60	5.26	50.32	9.65	0.40
1	1	1.11	5.52	52.61	11.17	0.10
1	5	0.61	6.69	53.21	6.80	0.00
2	2	0.70	5.72	49.59	13.09	0.00
2	6	0.76	8.74	51.22	4.78	0.10
3	3	0.48	6.90	56.82	5.89	0.00
3	7	0.48	6.38	50.50	8.85	0.00
Core	CPU	C1%	C3%	C6%	C8%	C9%
-	-	0.73	6.66	53.94	7.31	0.09
0	0	0.75	8.26	56.59	4.30	0.21
0	4	0.38	4.95	51.57	9.37	0.00
1	1	0.59	7.71	50.79	6.86	0.00
1	5	1.18	6.49	54.10	7.86	0.31
2	2	1.11	6.89	56.44	6.96	0.00
2	6	0.56	6.09	52.43	7.08	0.22
3	3	0.52	6.15	50.10	10.29	0.00
3	7	0.72	6.83	60.01	5.79	0.00
Core	CPU	C1%	C3%	C6%	C8%	C9%
-	-	0.91	7.53	54.36	5.88	0.10
0	0	1.11	10.22	55.43	3.76	0.00
0	4	0.70	6.95	54.04	6.78	0.00
1	1	1.22	7.22	51.25	7.43	0.32
1	5	0.50	6.31	51.60	5.29	0.47
2	2	0.88	7.42	57.14	6.47	0.00
2	6	0.87	7.74	58.69	2.53	0.00
3	3	0.70	6.95	52.32	5.30	0.00
3	7	1.27	7.32	53.88	9.38	0.00
Core	CPU	C1%	C3%	C6%	C8%	C9%
-	-	0.90	7.39	53.98	6.87	0.00
0	0	0.84	8.97	54.88	4.46	0.00
0	4	0.70	7.64	53.36	8.41	0.00
1	1	0.77	7.04	52.71	5.35	0.00
1	5	1.08	6.28	52.16	7.60	0.01
2	2	0.47	6.88	56.77	5.49	0.00
2	6	0.85	8.16	52.87	6.63	0.00
3	3	1.58	7.13	52.89	10.43	0.00
3	7	0.92	7.05	56.34	6.64	0.01
Core	CPU	C1%	C3%	C6%	C8%	C9%
-	-	1.12	9.03	51.72	5.96	0.04
0	0	1.79	10.91	47.84	5.05	0.00
0	4	1.73	9.17	53.63	5.12	0.00
1	1	0.91	8.67	52.99	6.78	0.11
1	5	1.15	9.69	52.00	3.36	0.00
2	2	0.40	9.49	51.68	4.36	0.21
2	6	1.00	7.74	53.55	8.76	0.00
3	3	1.11	8.78	50.37	5.90	0.01
3	7	0.88	7.76	51.57	8.36	0.00
Core	CPU	C1%	C3%	C6%	C8%	C9%
-	-	0.65	6.82	55.11	7.64	0.01
0	0	1.06	9.40	56.69	4.21	0.01
0	4	0.28	5.92	51.93	9.82	0.00
1	1	0.63	7.21	56.00	6.35	0.00
1	5	0.34	5.54	53.73	8.70	0.00
2	2	0.54	8.44	54.40	7.16	0.05
2	6	0.88	4.06	56.36	10.37	0.00
3	3	0.64	6.77	57.16	7.39	0.00
3	7	0.84	7.24	54.67	7.14	0.00
Core	CPU	C1%	C3%	C6%	C8%	C9%
-	-	0.95	7.67	53.41	6.42	0.02
0	0	1.55	10.07	51.80	4.25	0.00
0	4	0.34	7.30	53.29	6.87	0.00
1	1	0.74	7.89	55.16	5.69	0.00
1	5	0.69	7.46	50.12	8.26	0.02
2	2	0.88	7.37	58.79	5.54	0.00
2	6	0.87	6.57	51.90	5.99	0.00
3	3	1.25	7.58	53.21	6.98	0.00
3	7	1.31	7.13	52.97	7.80	0.14
Core	CPU	C1%	C3%	C6%	C8%	C9%
-	-	0.82	7.82	53.11	7.71	0.06
0	0	1.07	8.96	56.19	4.40	0.00
0	4	0.29	5.39	49.42	12.27	0.00
1	1	1.07	8.98	56.31	5.45	0.00
1	5	0.64	7.11	51.03	9.10	0.00
2	2	0.94	7.62	51.31	8.47	0.01
2	6	0.92	9.43	50.69	6.97	0.47
3	3	1.20	7.63	55.96	6.29	0.00
3	7	0.44	7.45	54.07	8.74	0.00
Core	CPU	C1%	C3%	C6%	C8%	C9%
-	-	0.55	7.21	52.67	9.83	0.18
0	0	0.57	7.10	51.20	9.60	0.00
0	4	0.20	5.36	52.66	11.04	0.00
1	1	0.41	5.76	55.64	10.82	0.00
1	5	0.53	7.67	55.71	10.01	0.00
2	2	0.54	7.75	55.50	7.85	0.00
2	6	0.80	9.63	45.43	11.11	1.16
3	3	0.68	6.66	52.40	10.95	0.30
3	7	0.70	7.75	52.80	7.30	0.00
Core	CPU	C1%	C3%	C6%	C8%	C9%
-	-	0.57	7.29	51.74	9.86	0.09
0	0	0.85	7.76	54.04	6.15	0.00
0	4	0.29	6.62	46.99	12.18	0.00
1	1	0.38	8.11	52.71	6.96	0.00
1	5	0.65	7.71	50.34	11.18	0.00
2	2	0.51	6.68	54.62	11.95	0.00
2	6	0.55	9.99	45.36	9.77	0.57
3	3	0.50	6.09	53.30	12.00	0.00
3	7	0.80	5.37	56.48	8.70	0.14
Core	CPU	C1%	C3%	C6%	C8%	C9%
-	-	0.84	6.78	53.09	8.61	0.15
0	0	1.13	7.91	55.41	4.06	0.00
0	4	0.51	5.31	53.68	10.42	0.00
1	1	0.87	6.68	52.47	11.35	0.00
1	5	0.75	6.97	54.29	6.68	0.37
2	2	0.57	6.62	46.36	8.11	0.00
2	6	0.91	7.14	51.70	7.92	0.55
3	3	0.59	7.54	58.54	7.41	0.30
3	7	1.40	6.06	52.26	12.96	0.00
Core	CPU	C1%	C3%	C6%	C8%	C9%
-	-	0.81	6.66	55.30	7.48	0.06
0	0	1.32	8.39	57.63	3.44	0.00
0	4	0.36	5.34	55.24	8.11	0.00
1	1	0.68	5.66	51.17	11.31	0.01
1	5	0.73	7.12	54.99	5.66	0.11
2	2	0.39	6.92	55.20	4.89	0.00
2	6	1.51	6.97	56.50	9.34	0.38
3	3	0.65	6.33	57.30	7.83	0.00
3	7	0.87	6.56	54.37	9.25	0.00
Core	CPU	C1%	C3%	C6%	C8%	C9%
-	-	0.67	6.56	53.78	8.62	0.01
0	0	0.66	7.61	52.72	6.52	0.01
0	4	0.69	6.35	54.90	11.47	0.00
1	1	0.76	6.77	56.00	6.24	0.00
1	5	0.78	6.19	49.54	11.25	0.01
2	2	0.45	6.90	59.62	4.47	0.00
2	6	0.47	6.02	49.63	11.40	0.04
3	3	0.90	6.91	53.36	7.72	0.00
3	7	0.64	5.74	54.58	9.91	0.00
Core	CPU	C1%	C3%	C6%	C8%	C9%
-	-	1.32	4.86	40.54	13.48	0.27
0	0	1.13	6.52	46.96	21.11	0.01
0	4	0.96	4.33	35.94	5.71	0.00
1	1	1.59	4.66	42.39	30.92	0.00
1	5	1.32	4.06	38.99	5.32	2.09
2	2	1.25	5.17	35.94	3.55	0.01
2	6	1.77	4.39	42.17	28.74	0.03
3	3	1.51	5.90	44.12	6.72	0.00
3	7	1.02	3.89	37.89	5.79	0.00
Core	CPU	C1%	C3%	C6%	C8%	C9%
-	-	0.80	7.04	52.03	8.24	0.22
0	0	0.83	8.74	50.69	6.20	0.00
0	4	0.72	6.40	52.12	7.33	0.00
1	1	0.91	7.00	51.22	8.76	0.00
1	5	1.32	6.55	51.55	9.63	0.00
2	2	0.88	7.17	54.65	7.23	0.00
2	6	0.63	7.35	50.14	7.58	1.72
3	3	0.42	6.14	51.04	9.67	0.00
3	7	0.74	7.04	55.07	9.52	0.00
Core	CPU	C1%	C3%	C6%	C8%	C9%
-	-	0.72	7.64	52.80	8.17	0.03
0	0	1.01	8.81	51.23	5.69	0.00
0	4	0.44	6.18	48.25	11.12	0.00
1	1	0.48	8.46	57.51	6.21	0.01
1	5	0.53	6.22	52.57	9.85	0.00
2	2	0.67	6.18	55.35	9.17	0.01
2	6	1.62	10.54	49.27	5.79	0.22
3	3	0.46	7.30	49.25	10.96	0.00
3	7	0.57	7.36	58.57	6.49	0.00
Core	CPU	C1%	C3%	C6%	C8%	C9%
-	-	0.54	6.35	54.61	8.92	0.05
0	0	0.37	7.70	57.69	5.17	0.00
0	4	1.27	6.01	56.18	8.50	0.00
1	1	0.56	6.39	56.82	7.92	0.00
1	5	0.34	6.42	56.59	9.08	0.00
2	2	0.51	5.79	50.40	8.94	0.00
2	6	0.56	6.73	51.06	7.98	0.44
3	3	0.38	5.62	54.45	11.03	0.00
3	7	0.31	6.14	53.70	12.72	0.00
Core	CPU	C1%	C3%	C6%	C8%	C9%
-	-	0.55	8.15	52.78	9.21	0.10
0	0	0.52	8.65	52.93	7.91	0.00
0	4	0.32	7.03	55.37	7.66	0.00
1	1	0.50	8.02	56.68	7.45	0.00
1	5	0.57	7.71	54.29	11.75	0.00
2	2	0.49	8.65	54.18	8.61	0.00
2	6	0.78	9.74	44.86	9.51	0.66
3	3	0.44	7.29	50.83	12.28	0.00
3	7	0.78	8.14	53.22	8.48	0.10
Core	CPU	C1%	C3%	C6%	C8%	C9%
-	-	0.71	7.18	54.55	7.77	0.10
0	0	1.12	9.26	52.16	7.10	0.00
0	4	0.55	7.63	57.39	6.05	0.00
1	1	0.33	5.91	51.73	13.00	0.00
1	5	0.68	5.65	57.30	7.92	0.00
2	2	0.72	7.43	52.55	9.81	0.00
2	6	0.76	8.12	54.70	6.67	0.82
3	3	0.68	7.15	54.45	6.63	0.00
3	7	0.85	6.27	56.23	5.05	0.00
Core	CPU	C1%	C3%	C6%	C8%	C9%
-	-	0.75	7.65	52.82	7.26	0.17
0	0	1.38	8.37	51.59	7.89	0.02
0	4	0.18	6.95	54.70	7.71	0.00
1	1	0.88	7.29	54.17	5.72	0.00
1	5	0.31	6.96	56.74	5.82	0.00
2	2	0.43	8.26	55.26	7.16	0.00
2	6	1.01	8.42	47.86	7.22	1.32
3	3	0.71	6.95	50.76	8.76	0.00
3	7	1.09	7.94	51.25	7.74	0.00
Core	CPU	C1%	C3%	C6%	C8%	C9%
-	-	0.72	6.71	53.23	7.59	0.02
0	0	0.95	8.43	52.70	5.94	0.00
0	4	0.81	6.79	56.09	5.00	0.00
1	1	0.72	6.44	51.10	6.70	0.11
1	5	0.64	6.31	51.58	7.50	0.00
2	2	0.61	6.56	49.70	8.16	0.00
2	6	0.40	6.44	51.77	11.32	0.00
3	3	0.82	6.59	57.87	6.83	0.04
3	7	0.84	6.13	55.12	9.26	0.00
Core	CPU	C1%	C3%	C6%	C8%	C9%
-	-	0.89	6.84	54.01	7.37	0.02
0	0	0.92	7.66	50.96	9.30	0.07
0	4	0.30	5.37	52.40	6.53	0.00
1	1	0.60	7.31	56.37	7.48	0.11
1	5	1.13	5.73	53.06	10.33	0.00
2	2	0.98	6.81	55.11	9.87	0.00
2	6	1.05	7.76	55.97	4.05	0.00
3	3	1.16	7.45	54.32	5.57	0.00
3	7	0.98	6.59	53.82	5.80	0.00
Core	CPU	C1%	C3%	C6%	C8%	C9%
-	-	0.64	7.22	52.84	9.10	0.05
0	0	0.87	7.21	56.04	7.34	0.00
0	4	0.69	5.91	50.60	8.43	0.00
1	1	0.49	6.76	50.18	9.50	0.00
1	5	0.44	7.99	52.58	11.54	0.00
2	2	0.41	7.97	55.34	8.73	0.00
2	6	1.08	8.84	51.90	8.92	0.32
3	3	0.67	6.37	54.47	8.69	0.00
3	7	0.50	6.71	51.71	9.67	0.08
Core	CPU	C1%	C3%	C6%	C8%	C9%
-	-	0.81	7.29	52.05	7.13	0.11
0	0	1.08	7.78	53.80	5.03	0.00
0	4	0.82	7.23	51.09	7.85	0.00
1	1	0.74	7.05	55.57	7.83	0.00
1	5	0.90	6.29	52.47	9.63	0.00
2	2	0.86	6.80	50.97	5.00	0.00
2	6	0.44	7.54	49.54	8.23	0.85
3	3	0.66	7.53	52.39	7.54	0.00
3	7	0.98	8.18	51.01	5.99	0.00
Core	CPU	C1%	C3%	C6%	C8%	C9%
-	-	0.50	7.25	54.63	8.36	0.03
0	0	0.56	8.05	54.68	5.38	0.00
0	4	0.40	6.05	55.53	10.19	0.00
1	1	0.64	7.16	49.45	11.23	0.00
1	5	0.32	7.20	58.47	7.02	0.00
2	2	0.71	6.57	53.60	9.60	0.00
2	6	0.67	9.50	53.27	5.87	0.14
3	3	0.45	5.98	55.39	8.08	0.00
3	7	0.23	7.45	56.28	9.41	0.07
Core	CPU	C1%	C3%	C6%	C8%	C9%
-	-	0.59	7.56	53.02	8.54	0.01
0	0	0.56	9.26	56.90	5.49	0.00
0	4	0.48	5.33	52.37	10.38	0.00
1	1	0.77	8.14	55.20	6.79	0.00
1	5	0.67	6.87	51.90	8.80	0.00
2	2	0.47	5.97	53.13	11.74	0.00
2	6	0.79	10.76	48.31	5.38	0.11
3	3	0.40	7.02	54.01	10.16	0.00
3	7	0.61	7.11	52.22	9.55	0.00
Core	CPU	C1%	C3%	C6%	C8%	C9%
-	-	0.56	7.84	53.21	8.63	0.06
0	0	0.55	9.25	54.87	7.37	0.00
0	4	0.24	6.39	52.80	10.66	0.00
1	1	0.46	8.19	53.29	7.92	0.00
1	5	0.72	7.17	49.37	10.20	0.00
2	2	0.33	6.72	54.63	9.52	0.00
2	6	0.85	10.38	47.88	5.33	0.44
3	3	0.49	7.16	57.21	9.45	0.00
3	7	0.83	7.43	55.64	8.59	0.00
Core	CPU	C1%	C3%	C6%	C8%	C9%
-	-	0.45	7.50	54.53	8.84	0.20
0	0	0.47	8.79	55.23	5.79	0.00
0	4	0.57	6.06	55.19	9.61	0.00
1	1	0.33	5.76	55.17	13.82	0.00
1	5	0.28	7.14	56.52	8.52	0.00
2	2	0.47	7.43	53.46	9.83	0.00
2	6	0.55	10.01	49.74	6.44	1.30
3	3	0.36	6.98	57.02	9.34	0.33
3	7	0.57	7.97	54.71	7.47	0.00
Core	CPU	C1%	C3%	C6%	C8%	C9%
-	-	0.92	7.05	43.68	22.49	0.11
0	0	1.55	6.69	53.14	17.79	0.00
0	4	0.49	7.30	51.23	18.84	0.08
1	1	0.46	6.74	44.63	27.42	0.00
1	5	0.94	5.88	46.42	25.94	0.00
2	2	1.03	8.68	42.58	26.18	0.00
2	6	1.13	8.68	27.06	5.12	0.30
3	3	0.71	5.74	42.10	30.61	0.50
3	7	1.05	6.62	41.83	27.83	0.01
Core	CPU	C1%	C3%	C6%	C8%	C9%
-	-	0.55	8.65	53.04	8.03	0.01
0	0	0.61	9.43	53.66	3.69	0.00
0	4	0.63	6.79	53.82	11.37	0.00
1	1	0.35	7.66	52.59	9.87	0.00
1	5	0.40	8.36	53.52	10.84	0.00
2	2	0.71	8.71	53.11	6.24	0.00
2	6	0.79	12.65	46.03	4.01	0.08
3	3	0.17	7.08	56.46	10.89	0.00
3	7	0.72	8.49	54.85	7.22	0.01
Core	CPU	C1%	C3%	C6%	C8%	C9%
-	-	0.83	8.38	52.92	8.26	0.10
0	0	0.79	9.59	50.56	8.80	0.08
0	4	0.54	7.30	54.23	8.15	0.01
1	1	1.39	8.13	53.02	8.19	0.00
1	5	0.49	8.51	54.02	6.74	0.21
2	2	0.78	7.00	54.49	9.33	0.00
2	6	1.14	10.86	47.66	6.33	0.52
3	3	1.21	8.21	55.49	7.41	0.00
3	7	0.33	7.47	53.98	11.17	0.00
Core	CPU	C1%	C3%	C6%	C8%	C9%
-	-	0.64	7.02	55.64	8.92	0.20
0	0	0.49	7.11	53.19	9.31	0.00
0	4	0.37	5.43	55.26	12.18	0.00
1	1	0.49	6.99	58.23	8.77	0.01
1	5	0.62	7.13	56.63	10.82	0.00
2	2	0.87	7.14	56.51	6.14	0.00
2	6	0.85	9.68	52.39	5.07	1.63
3	3	0.52	7.22	56.50	7.43	0.00
3	7	0.86	5.41	56.29	11.65	0.00
Core	CPU	C1%	C3%	C6%	C8%	C9%
-	-	0.39	7.69	54.32	8.31	0.07
0	0	0.68	7.76	55.71	6.42	0.00
0	4	0.19	6.40	54.22	7.28	0.00
1	1	0.31	7.16	55.53	6.83	0.00
1	5	0.23	6.97	58.92	11.03	0.00
2	2	0.61	8.80	52.80	7.19	0.00
2	6	0.62	11.26	48.44	8.17	0.39
3	3	0.38	6.18	54.91	10.54	0.02
3	7	0.13	6.94	53.99	9.04	0.11
Core	CPU	C1%	C3%	C6%	C8%	C9%
-	-	0.72	9.58	52.24	5.93	0.00
0	0	0.82	10.46	49.73	6.82	0.00
0	4	0.61	9.07	56.99	4.16	0.00
1	1	1.21	8.97	53.38	3.80	0.00
1	5	0.48	10.51	54.87	4.89	0.00
2	2	0.88	9.56	54.90	6.07	0.00
2	6	0.83	12.05	44.06	6.71	0.02
3	3	0.34	8.69	55.65	6.09	0.00
3	7	0.63	7.60	49.97	9.08	0.00
Core	CPU	C1%	C3%	C6%	C8%	C9%
-	-	0.60	8.05	54.56	7.87	0.03
0	0	0.90	8.46	53.32	7.99	0.00
0	4	0.51	6.38	58.44	7.79	0.00
1	1	0.37	7.70	56.06	7.63	0.00
1	5	0.37	7.81	55.48	7.56	0.00
2	2	0.65	7.45	52.72	10.04	0.00
2	6	1.23	10.94	50.09	5.07	0.25
3	3	0.41	8.71	53.97	8.44	0.00
3	7	0.30	6.69	54.76	8.23	0.00
Core	CPU	C1%	C3%	C6%	C8%	C9%
-	-	0.46	7.92	54.84	8.27	0.14
0	0	0.58	8.15	58.27	4.91	0.00
0	4	0.52	7.19	50.43	10.98	0.00
1	1	0.34	7.28	60.75	6.04	0.00
1	5	0.41	6.30	53.18	13.97	0.00
2	2	0.45	7.80	54.97	8.77	0.00
2	6	0.56	10.93	47.85	7.66	1.16
3	3	0.30	7.59	56.97	7.04	0.00
3	7	0.52	8.11	56.31	6.75	0.00
Core	CPU	C1%	C3%	C6%	C8%	C9%
-	-	0.85	8.85	53.16	7.01	0.18
0	0	1.15	8.69	52.00	6.75	0.00
0	4	0.55	7.46	54.06	8.49	0.00
1	1	1.04	10.69	53.17	4.36	0.00
1	5	0.44	7.67	56.26	7.12	0.03
2	2	1.21	9.01	50.66	8.32	0.11
2	6	0.70	11.47	49.37	7.43	1.16
3	3	0.99	8.25	55.27	7.01	0.17
3	7	0.73	7.68	55.07	6.72	0.00
Core	CPU	C1%	C3%	C6%	C8%	C9%
-	-	0.61	7.98	53.81	8.05	0.17
0	0	0.84	9.26	53.13	5.52	0.01
0	4	0.53	6.79	54.46	10.96	0.00
1	1	0.53	6.94	55.23	8.23	0.00
1	5	0.39	7.43	58.48	7.97	0.00
2	2	0.34	8.06	54.12	8.50	0.00
2	6	0.92	10.43	49.09	5.91	1.03
3	3	0.42	8.03	53.00	8.86	0.00
3	7	0.90	6.78	52.37	8.36	0.29
Core	CPU	C1%	C3%	C6%	C8%	C9%
-	-	0.59	8.33	55.33	6.70	0.08
0	0	0.91	8.41	54.55	6.44	0.00
0	4	0.57	7.12	56.37	6.84	0.11
1	1	0.76	8.30	55.76	5.31	0.00
1	5	0.81	8.52	55.53	8.26	0.00
2	2	0.68	8.12	57.19	5.83	0.00
2	6	0.47	11.15	49.79	7.47	0.55
3	3	0.27	7.76	57.92	4.49	0.00
3	7	0.22	7.24	55.53	8.94	0.00
Core	CPU	C1%	C3%	C6%	C8%	C9%
-	-	0.68	8.84	53.81	7.29	0.02
0	0	1.58	9.92	54.19	3.55	0.00
0	4	0.27	8.18	52.76	8.81	0.00
1	1	0.33	8.22	55.32	8.92	0.00
1	5	0.41	8.28	51.95	6.72	0.00
2	2	0.93	9.10	56.65	5.62	0.00
2	6	0.61	11.24	48.71	6.14	0.14
3	3	0.46	7.12	55.41	11.64	0.00
3	7	0.83	8.69	55.80	6.96	0.00
Core	CPU	C1%	C3%	C6%	C8%	C9%
-	-	0.59	8.31	53.29	7.71	0.10
0	0	0.91	9.26	47.46	8.34	0.00
0	4	0.25	7.66	56.55	6.51	0.00
1	1	0.52	8.00	54.91	8.96	0.00
1	5	0.74	7.76	57.04	7.57	0.00
2	2	0.68	7.04	53.88	6.86	0.00
2	6	0.82	11.11	47.77	4.74	0.77
3	3	0.39	8.63	55.40	7.53	0.00
3	7	0.38	6.94	52.98	11.14	0.00
Core	CPU	C1%	C3%	C6%	C8%	C9%
-	-	0.60	6.51	46.80	21.32	0.00
0	0	0.76	7.00	52.26	17.23	0.00
0	4	0.38	7.18	46.31	23.13	0.01
1	1	0.99	4.12	34.54	7.21	0.00
1	5	0.55	7.52	47.63	23.69	0.00
2	2	0.33	5.38	45.33	29.66	0.01
2	6	0.93	8.83	45.15	22.16	0.00
3	3	0.36	7.21	53.16	19.75	0.00
3	7	0.47	4.82	49.88	27.64	0.00
Core	CPU	C1%	C3%	C6%	C8%	C9%
-	-	1.42	7.75	51.35	8.91	0.07
0	0	1.88	8.98	49.42	7.75	0.00
0	4	1.34	7.21	55.13	7.18	0.00
1	1	1.42	6.76	52.28	5.48	0.00
1	5	1.42	6.31	51.78	14.77	0.00
2	2	1.09	6.09	50.30	12.34	0.00
2	6	1.65	11.66	47.59	7.93	0.12
3	3	1.08	7.33	50.03	7.29	0.00
3	7	1.52	7.70	54.40	8.53	0.41
Core	CPU	C1%	C3%	C6%	C8%	C9%
-	-	0.74	7.68	53.86	6.81	0.11
0	0	0.56	7.64	52.88	8.66	0.00
0	4	0.53	7.42	54.72	4.63	0.00
1	1	1.14	7.65	53.01	8.94	0.02
1	5	0.49	6.77	60.92	4.33	0.00
2	2	0.63	5.90	48.90	10.01	0.31
2	6	0.98	11.31	51.87	3.45	0.42
3	3	1.01	7.41	54.74	6.72	0.11
3	7	0.58	7.36	53.82	7.74	0.02
Core	CPU	C1%	C3%	C6%	C8%	C9%
-	-	0.63	8.51	53.23	7.75	0.10
0	0	0.59	9.79	51.36	6.54	0.00
0	4	0.42	6.22	58.62	10.41	0.00
1	1	0.55	8.58	54.39	8.35	0.00
1	5	0.53	8.31	54.28	5.24	0.17
2	2	0.98	8.70	56.34	5.18	0.00
2	6	0.64	9.81	45.14	8.41	0.54
3	3	0.84	8.89	54.06	7.33	0.00
3	7	0.48	7.77	51.65	10.54	0.08
Core	CPU	C1%	C3%	C6%	C8%	C9%
-	-	0.61	8.09	54.42	7.79	0.10
0	0	0.51	8.50	54.66	8.59	0.00
0	4	0.62	6.32	59.56	7.79	0.00
1	1	0.73	8.28	55.11	8.02	0.00
1	5	0.73	7.78	53.24	9.56	0.00
2	2	0.53	6.99	56.27	8.33	0.00
2	6	0.89	10.72	46.27	5.05	0.80
3	3	0.57	8.46	58.23	5.03	0.00
3	7	0.29	7.71	52.48	10.02	0.00
Core	CPU	C1%	C3%	C6%	C8%	C9%
-	-	0.62	8.32	54.51	6.73	0.09
0	0	0.94	9.02	52.53	6.07	0.00
0	4	0.55	7.00	55.41	9.64	0.00
1	1	0.51	8.08	59.06	4.75	0.00
1	5	0.68	6.90	56.48	7.73	0.00
2	2	0.59	7.35	53.93	7.27	0.00
2	6	0.74	11.82	46.15	5.88	0.69
3	3	0.56	7.80	55.29	7.50	0.00
3	7	0.37	8.65	57.35	5.04	0.00
Core	CPU	C1%	C3%	C6%	C8%	C9%
-	-	0.66	8.14	54.77	8.24	0.09
0	0	0.74	9.52	50.02	7.40	0.00
0	4	0.28	7.47	60.67	7.79	0.00
1	1	0.63	7.72	59.21	6.42	0.00
1	5	0.65	6.65	53.68	10.84	0.00
2	2	0.70	7.70	56.87	6.53	0.00
2	6	1.00	11.66	47.01	6.72	0.69
3	3	0.43	8.01	57.07	7.10	0.00
3	7	0.83	6.32	53.13	13.02	0.00
Core	CPU	C1%	C3%	C6%	C8%	C9%
-	-	0.78	8.10	54.27	8.11	0.03
0	0	1.24	9.97	55.40	5.19	0.00
0	4	0.40	6.97	55.05	7.92	0.00
1	1	0.71	8.07	51.46	10.58	0.00
1	5	0.46	7.03	54.62	7.90	0.00
2	2	0.44	7.57	55.21	12.85	0.00
2	6	1.50	10.55	46.96	6.59	0.18
3	3	1.00	6.88	56.18	8.88	0.05
3	7	0.51	7.84	59.81	5.08	0.00
Core	CPU	C1%	C3%	C6%	C8%	C9%
-	-	0.57	7.74	54.86	8.16	0.08
0	0	0.67	7.98	50.68	11.92	0.00
0	4	0.28	6.07	59.09	8.06	0.00
1	1	0.42	6.72	54.42	10.49	0.00
1	5	0.25	7.21	59.49	6.42	0.00
2	2	0.55	7.06	53.89	8.18	0.00
2	6	1.28	11.77	49.47	3.09	0.63
3	3	0.59	6.92	52.99	9.61	0.00
3	7	0.49	8.16	58.28	7.43	0.00
Core	CPU	C1%	C3%	C6%	C8%	C9%
-	-	0.58	8.69	53.77	7.88	0.11
0	0	0.91	10.20	52.45	7.26	0.00
0	4	0.49	8.27	56.97	7.33	0.00
1	1	0.64	8.15	52.09	11.61	0.00
1	5	0.35	8.52	58.54	5.91	0.00
2	2	0.61	8.46	54.79	6.34	0.00
2	6	0.62	10.85	48.68	4.92	0.56
3	3	0.52	7.76	53.42	9.24	0.36
3	7	0.48	7.27	53.16	10.44	0.00
Core	CPU	C1%	C3%	C6%	C8%	C9%
-	-	0.47	8.31	54.13	8.36	0.10
0	0	0.51	8.88	55.76	8.43	0.00
0	4	0.11	7.07	57.60	6.56	0.00
1	1	0.42	7.26	50.50	14.64	0.00
1	5	0.33	7.65	56.66	6.43	0.00
2	2	0.35	7.75	56.57	8.23	0.00
2	6	0.75	11.04	45.89	8.45	0.84
3	3	0.58	7.52	55.46	8.40	0.00
3	7	0.72	9.28	54.59	5.72	0.00
Core	CPU	C1%	C3%	C6%	C8%	C9%
-	-	0.58	8.19	54.36	8.43	0.05
0	0	0.75	8.66	52.08	8.93	0.00
0	4	0.29	6.89	54.48	11.71	0.00
1	1	0.80	7.19	58.57	5.53	0.00
1	5	0.62	7.48	61.17	5.31	0.00
2	2	0.44	8.05	52.70	10.76	0.00
2	6	0.76	12.60	47.58	5.47	0.42
3	3	0.50	7.05	55.15	9.93	0.02
3	7	0.47	7.64	53.30	9.85	0.00
Core	CPU	C1%	C3%	C6%	C8%	C9%
-	-	0.68	7.94	54.30	8.81	0.02
0	0	0.71	8.77	53.99	7.91	0.00
0	4	0.38	6.40	55.79	9.37	0.11
1	1	0.37	7.57	54.73	10.21	0.00
1	5	1.07	6.97	57.06	8.45	0.00
2	2	1.15	8.34	55.85	5.22	0.00
2	6	1.04	11.81	46.26	6.10	0.01
3	3	0.37	6.07	55.31	13.59	0.00
3	7	0.31	7.52	55.31	9.60	0.00
Core	CPU	C1%	C3%	C6%	C8%	C9%
-	-	0.69	8.42	53.04	6.83	0.01
0	0	0.85	9.59	54.06	6.69	0.01
0	4	0.72	7.30	51.19	8.05	0.00
1	1	0.57	6.82	57.13	6.58	0.00
1	5	0.59	8.33	54.85	3.75	0.00
2	2	0.58	7.49	55.61	5.22	0.00
2	6	1.14	12.55	46.41	4.26	0.05
3	3	0.67	8.12	53.89	9.75	0.04
3	7	0.39	7.17	51.22	10.32	0.01
Core	CPU	C1%	C3%	C6%	C8%	C9%
-	-	0.72	8.70	52.91	7.84	0.13
0	0	0.51	8.49	55.53	6.44	0.00
0	4	1.08	8.98	54.35	7.87	0.00
1	1	0.30	7.84	55.07	9.64	0.11
1	5	0.76	8.43	53.99	8.41	0.00
2	2	0.73	7.61	52.97	5.59	0.00
2	6	1.03	11.51	46.47	6.45	0.91
3	3	1.14	8.61	51.83	9.44	0.00
3	7	0.23	8.13	52.99	8.87	0.00
Core	CPU	C1%	C3%	C6%	C8%	C9%
-	-	0.68	8.14	53.56	6.97	0.23
0	0	0.97	9.41	53.58	4.38	0.00
0	4	0.36	5.70	56.56	9.30	0.00
1	1	0.63	8.90	55.64	5.32	0.00
1	5	0.98	7.85	48.70	10.04	0.00
2	2	0.85	8.15	54.59	8.23	0.00
2	6	0.52	9.29	47.18	7.29	1.59
3	3	0.56	7.58	57.83	5.45	0.00
3	7	0.52	8.27	54.43	5.72	0.22
Core	CPU	C1%	C3%	C6%	C8%	C9%
-	-	0.45	8.95	53.58	7.51	0.02
0	0	0.57	9.71	52.69	6.96	0.00
0	4	0.57	8.16	55.44	7.44	0.00
1	1	0.23	9.29	57.26	5.38	0.00
1	5	0.36	7.83	56.16	9.18	0.00
2	2	0.28	8.61	59.39	5.65	0.00
2	6	0.59	12.12	45.28	7.13	0.16
3	3	0.64	9.00	51.93	6.79	0.00
3	7	0.41	7.28	52.86	11.87	0.00
Core	CPU	C1%	C3%	C6%	C8%	C9%
-	-	0.75	6.66	48.00	21.25	0.01
0	0	0.81	5.27	39.42	35.32	0.00
0	4	0.70	7.92	57.53	16.10	0.00
1	1	0.89	6.52	57.56	17.96	0.00
1	5	0.94	6.29	50.15	27.49	0.00
2	2	0.55	6.27	57.32	18.84	0.00
2	6	0.68	6.89	47.61	24.44	0.06
3	3	0.78	10.10	47.91	25.21	0.00
3	7	0.59	3.79	24.63	3.82	0.00
Core	CPU	C1%	C3%	C6%	C8%	C9%
-	-	0.60	8.87	53.85	7.46	0.01
0	0	0.65	10.57	50.44	5.12	0.00
0	4	0.46	6.98	58.54	7.71	0.00
1	1	0.54	8.86	53.10	7.78	0.00
1	5	0.68	8.85	55.07	9.09	0.00
2	2	0.55	8.03	55.35	7.95	0.00
2	6	1.01	12.69	48.48	3.91	0.09
3	3	0.43	8.09	56.18	8.45	0.00
3	7	0.45	6.86	53.34	9.65	0.00
Core	CPU	C1%	C3%	C6%	C8%	C9%
-	-	0.72	7.16	53.58	8.88	0.06
0	0	0.60	8.30	52.03	10.10	0.00
0	4	0.71	6.98	56.02	6.66	0.00
1	1	0.49	6.75	52.84	10.57	0.00
1	5	1.25	7.50	57.33	7.72	0.00
2	2	1.04	6.25	53.04	8.54	0.00
2	6	0.40	8.74	47.92	9.49	0.48
3	3	0.63	6.60	52.03	9.60	0.00
3	7	0.68	6.19	57.91	8.39	0.00
Core	CPU	C1%	C3%	C6%	C8%	C9%
-	-	0.80	9.12	53.78	6.02	0.02
0	0	1.06	10.60	49.85	4.62	0.00
0	4	0.54	7.79	59.63	6.54	0.00
1	1	1.25	8.54	58.37	3.57	0.00
1	5	0.59	7.82	50.79	9.77	0.00
2	2	1.12	8.62	56.22	6.46	0.10
2	6	0.81	11.91	47.48	3.60	0.02
3	3	0.41	8.61	55.33	5.78	0.00
3	7	0.63	9.02	52.25	7.78	0.00
Core	CPU	C1%	C3%	C6%	C8%	C9%
-	-	0.59	8.82	54.12	7.12	0.02
0	0	0.55	9.20	53.64	9.48	0.00
0	4	0.39	7.58	56.23	5.58	0.00
1	1	0.52	7.48	54.70	8.69	0.13
1	5	0.66	9.03	54.96	8.04	0.00
2	2	0.47	7.84	55.99	9.64	0.00
2	6	1.02	12.69	47.62	3.78	0.00
3	3	0.66	8.55	53.96	5.64	0.00
3	7	0.42	8.28	56.18	6.10	0.00
Core	CPU	C1%	C3%	C6%	C8%	C9%
-	-	0.66	8.97	54.22	6.86	0.05
0	0	0.99	10.62	51.01	6.49	0.00
0	4	0.33	7.43	56.28	9.96	0.00
1	1	0.57	7.80	55.61	6.39	0.00
1	5	0.76	8.89	58.21	5.80	0.00
2	2	0.50	9.06	53.12	5.41	0.00
2	6	0.95	10.82	48.25	8.03	0.39
3	3	0.62	7.73	55.62	6.70	0.00
3	7	0.56	9.36	55.16	6.05	0.00
Core	CPU	C1%	C3%	C6%	C8%	C9%
-	-	0.53	8.58	53.33	8.00	0.05
0	0	0.80	7.89	49.77	11.11	0.00
0	4	0.31	8.01	56.91	6.85	0.00
1	1	0.39	7.71	55.28	8.53	0.00
1	5	0.16	7.58	53.06	9.65	0.00
2	2	0.86	8.97	52.64	7.04	0.00
2	6	0.79	12.07	47.13	5.84	0.38
3	3	0.44	7.84	56.43	6.82	0.00
3	7	0.47	8.57	55.43	8.15	0.00
Core	CPU	C1%	C3%	C6%	C8%	C9%
-	-	0.57	8.67	52.82	6.86	0.10
0	0	0.84	10.67	53.87	1.84	0.00
0	4	0.29	7.39	51.49	7.74	0.01
1	1	0.46	8.54	54.72	7.74	0.00
1	5	0.45	7.76	50.40	6.30	0.57
2	2	0.77	8.12	53.31	9.21	0.00
2	6	0.95	10.83	47.83	6.42	0.19
3	3	0.34	7.43	57.08	9.30	0.04
3	7	0.50	8.60	53.88	6.37	0.00
Core	CPU	C1%	C3%	C6%	C8%	C9%
-	-	0.54	7.22	52.86	9.42	0.21
0	0	0.60	7.36	56.49	7.70	0.00
0	4	0.84	5.65	51.74	8.98	0.00
1	1	0.28	6.91	54.81	8.83	0.01
1	5	0.44	6.92	55.68	10.54	0.01
2	2	0.36	6.76	50.80	13.82	0.00
2	6	0.79	10.23	46.28	7.69	1.57
3	3	0.42	7.09	51.10	10.13	0.07
3	7	0.59	6.83	56.11	7.67	0.00
Core	CPU	C1%	C3%	C6%	C8%	C9%
-	-	0.59	7.88	52.23	9.77	0.07
0	0	0.68	9.62	55.71	8.36	0.00
0	4	0.54	6.75	53.72	12.67	0.00
1	1	0.60	7.30	55.01	7.48	0.00
1	5	0.37	7.10	55.10	7.14	0.00
2	2	0.46	6.89	47.37	13.23	0.00
2	6	0.40	11.22	47.20	6.99	0.46
3	3	1.10	6.89	54.11	10.58	0.00
3	7	0.56	7.29	49.52	11.69	0.11
Core	CPU	C1%	C3%	C6%	C8%	C9%
-	-	0.66	7.35	52.62	8.25	0.15
0	0	0.61	7.50	53.84	8.56	0.00
0	4	0.92	6.54	54.17	8.74	0.00
1	1	0.42	7.64	53.37	9.83	0.00
1	5	0.38	6.06	51.21	7.71	0.00
2	2	0.22	6.67	55.24	8.21	0.00
2	6	1.22	10.58	48.87	5.72	1.18
3	3	0.86	8.25	51.00	7.69	0.00
3	7	0.65	5.66	53.74	9.59	0.01
Core	CPU	C1%	C3%	C6%	C8%	C9%
-	-	0.51	7.48	52.23	8.63	0.20
0	0	0.50	7.94	52.04	10.06	0.00
0	4	0.43	8.28	57.22	5.47	0.00
1	1	0.20	7.80	56.20	8.37	0.00
1	5	0.60	6.69	51.09	9.25	0.00
2	2	0.27	7.50	52.70	9.12	0.00
2	6	0.69	9.50	47.52	6.37	1.58
3	3	0.78	5.32	48.12	12.42	0.00
3	7	0.57	6.86	53.16	7.99	0.00
Core	CPU	C1%	C3%	C6%	C8%	C9%
-	-	0.67	8.66	51.21	6.88	0.25
0	0	0.49	9.74	50.82	5.71	0.01
0	4	0.63	6.99	50.66	8.46	0.01
1	1	0.67	7.96	49.23	9.14	0.00
1	5	0.60	8.94	55.35	4.43	0.00
2	2	0.63	8.35	51.26	5.32	0.00
2	6	0.72	11.11	46.63	6.85	2.00
3	3	0.55	7.43	51.91	8.44	0.01
3	7	1.05	8.69	53.38	6.63	0.00
Core	CPU	C1%	C3%	C6%	C8%	C9%
-	-	0.60	7.04	53.88	9.39	0.16
0	0	0.53	7.67	52.84	9.65	0.00
0	4	0.42	5.30	55.14	13.90	0.00
1	1	0.43	6.48	54.88	10.94	0.00
1	5	0.90	6.80	56.50	6.76	0.02
2	2	0.67	7.37	53.50	6.88	0.01
2	6	0.74	10.03	50.26	5.58	1.27
3	3	0.88	6.50	55.89	9.06	0.00
3	7	0.18	6.12	51.87	12.34	0.00
Core	CPU	C1%	C3%	C6%	C8%	C9%
-	-	0.58	8.02	52.01	8.59	0.08
0	0	0.86	7.94	50.90	9.19	0.10
0	4	0.51	7.50	57.17	7.03	0.00
1	1	0.39	7.18	53.16	9.82	0.00
1	5	0.72	7.42	53.12	8.69	0.00
2	2	0.48	6.60	52.79	9.57	0.00
2	6	0.86	12.15	48.60	4.19	0.50
3	3	0.47	7.61	48.25	10.79	0.01
3	7	0.36	7.82	52.44	9.53	0.00
Core	CPU	C1%	C3%	C6%	C8%	C9%
-	-	0.64	7.80	52.12	8.98	0.19
0	0	0.67	8.00	53.68	8.23	0.00
0	4	0.31	8.26	55.12	8.17	0.00
1	1	0.66	7.57	50.56	7.48	0.10
1	5	0.49	6.67	55.51	7.12	0.22
2	2	1.02	7.79	50.78	11.11	0.00
2	6	0.79	10.68	48.29	6.39	1.17
3	3	0.40	6.19	50.12	13.60	0.00
3	7	0.75	7.17	52.57	9.66	0.00
Core	CPU	C1%	C3%	C6%	C8%	C9%
-	-	0.64	7.11	53.76	8.21	0.10
0	0	0.17	6.99	55.37	6.81	0.00
0	4	1.05	7.94	52.29	9.09	0.00
1	1	0.37	5.78	55.25	11.65	0.00
1	5	0.53	6.73	56.07	5.26	0.00
2	2	0.28	5.94	53.94	9.44	0.00
2	6	1.33	10.70	47.27	5.45	0.77
3	3	0.34	7.60	55.19	7.10	0.00
3	7	1.06	5.26	54.82	10.91	0.00
Core	CPU	C1%	C3%	C6%	C8%	C9%
-	-	0.64	6.60	53.24	9.88	0.16
0	0	0.49	7.80	56.32	7.82	0.01
0	4	0.47	5.23	52.69	10.37	0.01
1	1	1.21	5.00	55.68	11.77	0.00
1	5	0.41	5.67	51.94	11.63	0.04
2	2	0.63	6.53	53.97	10.53	0.00
2	6	0.38	9.33	49.69	8.56	1.12
3	3	0.95	6.73	54.48	8.27	0.02
3	7	0.61	6.49	51.21	10.09	0.07
Core	CPU	C1%	C3%	C6%	C8%	C9%
-	-	0.61	6.99	51.37	9.83	0.17
0	0	0.76	7.14	53.75	8.08	0.00
0	4	0.21	6.66	48.51	10.46	0.00
1	1	0.62	6.59	53.79	11.36	0.01
1	5	0.44	5.98	50.99	13.05	0.00
2	2	0.50	6.62	51.78	10.93	0.00
2	6	0.73	10.69	47.73	5.45	1.09
3	3	0.91	5.76	50.70	10.76	0.00
3	7	0.69	6.43	53.39	8.52	0.22
Core	CPU	C1%	C3%	C6%	C8%	C9%
-	-	1.01	9.49	50.36	5.99	0.07
0	0	1.15	10.62	50.92	4.18	0.00
0	4	0.76	7.75	55.29	6.93	0.00
1	1	0.57	7.49	53.06	7.18	0.00
1	5	1.06	9.31	50.80	5.75	0.00
2	2	0.90	10.41	46.73	6.52	0.00
2	6	1.65	11.74	44.25	6.70	0.58
3	3	1.14	9.67	50.30	4.59	0.00
3	7	0.85	9.00	51.76	6.10	0.00
Core	CPU	C1%	C3%	C6%	C8%	C9%
-	-	0.39	6.50	45.78	25.33	0.01
0	0	0.19	7.22	55.35	21.96	0.00
0	4	0.43	3.85	17.54	3.66	0.00
1	1	0.68	6.63	52.75	25.74	0.00
1	5	0.10	5.40	51.28	31.51	0.00
2	2	0.46	5.98	48.28	30.41	0.00
2	6	0.52	9.46	47.23	26.34	0.09
3	3	0.60	6.27	44.59	33.33	0.00
3	7	0.15	7.15	48.88	29.53	0.00
Core	CPU	C1%	C3%	C6%	C8%	C9%
-	-	0.60	9.66	50.94	6.98	0.09
0	0	0.68	10.37	50.41	6.88	0.03
0	4	0.45	8.90	56.66	5.79	0.00
1	1	0.40	8.60	54.38	7.15	0.01
1	5	0.54	9.17	52.11	5.38	0.00
2	2	0.62	9.36	51.36	6.60	0.00
2	6	1.10	12.94	45.69	3.99	0.68
3	3	0.59	9.29	48.98	8.76	0.01
3	7	0.44	8.71	48.29	11.33	0.00
Core	CPU	C1%	C3%	C6%	C8%	C9%
-	-	0.84	9.73	49.49	7.05	0.11
0	0	1.16	10.34	44.21	8.40	0.00
0	4	0.85	10.19	52.26	3.79	0.00
1	1	0.85	9.89	55.59	5.57	0.00
1	5	0.24	7.85	50.96	7.35	0.01
2	2	0.96	10.07	47.71	7.53	0.00
2	6	1.18	12.82	44.39	4.62	0.58
3	3	0.92	7.92	50.06	9.00	0.31
3	7	0.57	8.75	50.82	10.16	0.00
Core	CPU	C1%	C3%	C6%	C8%	C9%
-	-	0.72	9.11	51.01	7.35	0.12
0	0	0.85	9.40	54.28	5.22	0.00
0	4	0.52	7.14	55.41	8.20	0.00
1	1	0.85	9.77	52.57	6.21	0.22
1	5	0.41	8.35	48.70	9.01	0.07
2	2	1.02	8.10	51.69	9.33	0.01
2	6	0.93	12.96	41.95	5.59	0.66
3	3	0.73	8.43	50.76	9.58	0.00
3	7	0.43	8.70	52.47	5.61	0.00
Core	CPU	C1%	C3%	C6%	C8%	C9%
-	-	0.66	9.46	50.89	7.09	0.27
0	0	0.85	9.22	47.78	8.62	0.00
0	4	0.63	8.61	54.16	8.99	0.22
1	1	0.73	8.07	50.60	6.79	0.00
1	5	0.66	9.34	51.86	7.89	0.00
2	2	0.65	8.61	53.86	6.36	0.00
2	6	0.77	13.86	40.55	5.63	1.91
3	3	0.37	8.41	57.74	7.12	0.00
3	7	0.65	9.58	50.51	5.29	0.00
Core	CPU	C1%	C3%	C6%	C8%	C9%
-	-	0.49	6.96	52.25	9.60	0.25
0	0	0.74	7.10	52.28	7.17	0.00
0	4	0.48	6.42	56.35	8.38	0.00
1	1	0.31	6.25	53.45	11.66	0.21
1	5	0.35	6.54	58.26	7.89	0.00
2	2	0.62	6.40	46.34	14.87	0.00
2	6	0.34	10.25	47.67	6.94	1.76
3	3	0.55	5.82	48.40	11.13	0.00
3	7	0.49	6.88	55.26	8.77	0.00
Core	CPU	C1%	C3%	C6%	C8%	C9%
-	-	0.54	6.39	51.56	9.96	0.33
0	0	0.85	5.89	47.63	14.88	0.01
0	4	0.89	5.92	57.04	5.68	0.00
1	1	0.53	5.52	47.65	10.10	0.19
1	5	0.48	6.50	53.92	10.30	0.00
2	2	0.22	5.88	56.27	8.60	0.58
2	6	0.69	10.16	46.67	7.38	1.85
3	3	0.16	5.01	45.03	13.01	0.00
3	7	0.47	6.24	58.33	9.71	0.00
Core	CPU	C1%	C3%	C6%	C8%	C9%
-	-	0.70	9.39	51.72	5.75	0.08
0	0	0.99	10.04	53.39	6.53	0.00
0	4	0.90	8.17	53.80	7.48	0.00
1	1	0.57	9.57	54.64	4.89	0.00
1	5	0.32	8.68	55.97	4.12	0.00
2	2	0.82	7.92	52.73	8.79	0.00
2	6	0.97	13.36	39.94	3.30	0.61
3	3	0.50	9.34	49.87	4.92	0.00
3	7	0.52	8.00	53.33	5.99	0.00
Core	CPU	C1%	C3%	C6%	C8%	C9%
-	-	0.82	10.21	49.31	5.63	0.12
0	0	0.88	10.06	48.81	5.56	0.11
0	4	0.48	11.32	50.17	5.40	0.00
1	1	0.95	9.89	51.20	5.62	0.30
1	5	0.87	9.19	53.16	3.33	0.00
2	2	0.90	9.31	51.72	5.11	0.00
2	6	0.90	13.23	42.33	2.93	0.34
3	3	0.68	9.15	48.68	10.15	0.18
3	7	0.90	9.55	48.40	6.97	0.00
Core	CPU	C1%	C3%	C6%	C8%	C9%
-	-	0.50	8.25	51.89	9.35	0.18
0	0	0.93	10.03	50.36	9.48	0.00
0	4	0.38	6.73	56.44	10.45	0.00
1	1	0.47	7.53	52.35	9.46	0.00
1	5	0.47	7.63	51.13	7.59	0.00
2	2	0.29	7.96	50.42	7.77	0.00
2	6	1.01	10.68	45.11	7.33	1.42
3	3	0.23	7.81	56.03	11.57	0.00
3	7	0.22	7.71	53.95	11.25	0.00
Core	CPU	C1%	C3%	C6%	C8%	C9%
-	-	0.61	8.91	52.98	7.22	0.21
0	0	0.74	9.92	49.82	7.04	0.01
0	4	0.58	7.99	57.96	3.88	0.00
1	1	0.63	8.70	53.97	9.58	0.00
1	5	0.69	8.21	53.29	7.90	0.00
2	2	0.33	8.59	55.60	7.68	0.00
2	6	0.82	11.55	46.41	6.88	1.53
3	3	0.65	9.20	53.22	6.22	0.00
3	7	0.42	7.03	52.92	8.50	0.10
Core	CPU	C1%	C3%	C6%	C8%	C9%
-	-	0.77	6.47	53.03	10.21	0.17
0	0	0.41	7.56	54.75	7.89	0.00
0	4	0.48	6.99	50.78	11.35	0.00
1	1	0.52	4.26	53.54	10.96	0.11
1	5	0.66	6.07	57.49	8.78	0.00
2	2	1.16	5.47	53.45	11.86	0.00
2	6	1.29	8.74	46.28	8.39	1.25
3	3	1.15	5.90	54.03	13.54	0.00
3	7	0.53	6.89	55.09	9.12	0.00
Core	CPU	C1%	C3%	C6%	C8%	C9%
-	-	0.59	7.20	53.36	8.69	0.08
0	0	0.46	6.82	55.16	9.45	0.00
0	4	0.58	6.11	56.16	9.61	0.00
1	1	0.49	6.88	56.06	7.69	0.00
1	5	0.71	7.25	55.56	5.73	0.00
2	2	0.30	6.09	51.57	13.11	0.00
2	6	0.72	10.96	50.21	5.36	0.21
3	3	0.72	6.55	52.49	7.16	0.43
3	7	0.72	6.80	48.45	11.23	0.00
Core	CPU	C1%	C3%	C6%	C8%	C9%
-	-	0.83	7.73	53.31	7.67	0.27
0	0	0.69	7.90	50.39	9.83	0.00
0	4	0.79	7.42	56.69	6.98	0.01
1	1	1.01	7.15	55.58	4.86	0.00
1	5	0.92	7.00	52.16	8.80	0.00
2	2	0.71	7.30	54.81	9.08	0.00
2	6	0.91	10.25	48.17	7.39	1.65
3	3	0.84	7.86	58.25	6.18	0.00
3	7	0.76	6.94	50.41	8.24	0.51
Core	CPU	C1%	C3%	C6%	C8%	C9%
-	-	0.67	7.83	52.27	7.91	0.10
0	0	0.79	8.51	50.03	8.28	0.01
0	4	0.47	7.29	53.48	7.64	0.00
1	1	0.87	7.86	56.41	8.52	0.00
1	5	0.26	7.06	51.38	7.42	0.00
2	2	1.03	6.91	51.99	9.14	0.00
2	6	1.05	10.67	47.90	7.26	0.57
3	3	0.52	8.28	53.79	7.45	0.00
3	7	0.40	6.08	53.26	7.57	0.24
Core	CPU	C1%	C3%	C6%	C8%	C9%
-	-	1.30	10.31	49.18	5.19	0.26
0	0	1.01	10.64	50.37	4.01	0.01
0	4	1.16	9.83	47.73	6.63	0.70
1	1	1.41	9.67	53.98	4.41	0.21
1	5	1.44	10.79	46.57	4.75	0.11
2	2	1.33	9.15	55.95	5.53	0.00
2	6	1.77	12.93	39.76	5.08	1.03
3	3	1.28	10.09	49.73	5.62	0.00
3	7	1.02	9.43	49.39	5.50	0.00
Core	CPU	C1%	C3%	C6%	C8%	C9%
-	-	0.50	7.91	52.39	8.44	0.02
0	0	0.75	7.82	52.02	11.19	0.06
0	4	0.29	8.50	53.62	8.07	0.00
1	1	0.69	7.27	55.29	8.21	0.00
1	5	0.52	5.67	47.66	11.11	0.00
2	2	0.43	7.57	55.02	4.90	0.00
2	6	0.80	12.46	49.66	4.10	0.12
3	3	0.26	7.77	55.58	8.76	0.00
3	7	0.28	6.23	50.13	11.15	0.00
Core	CPU	C1%	C3%	C6%	C8%	C9%
-	-	0.64	9.67	50.78	6.46	0.07
0	0	0.64	10.38	47.36	7.00	0.00
0	4	0.99	8.74	55.12	4.87	0.00
1	1	0.66	9.15	54.30	8.02	0.02
1	5	0.82	9.66	50.41	6.88	0.00
2	2	0.40	8.83	50.60	8.31	0.00
2	6	0.71	13.15	42.49	5.88	0.57
3	3	0.41	8.52	52.59	5.60	0.00
3	7	0.53	8.92	53.39	5.10	0.00
Core	CPU	C1%	C3%	C6%	C8%	C9%
-	-	0.80	8.99	51.14	8.35	0.29
0	0	0.95	9.45	54.04	8.00	0.00
0	4	0.85	7.38	54.28	5.80	0.88
1	1	0.78	9.25	50.83	7.63	0.00
1	5	0.80	8.10	53.66	8.90	0.20
2	2	0.67	9.58	49.29	9.48	0.00
2	6	1.04	10.37	42.77	10.78	1.16
3	3	0.50	9.72	52.21	7.13	0.00
3	7	0.82	8.13	52.16	9.09	0.09
Core	CPU	C1%	C3%	C6%	C8%	C9%
-	-	0.64	8.75	51.52	6.82	0.01
0	0	0.78	10.05	48.60	6.80	0.00
0	4	0.55	7.92	47.13	8.13	0.00
1	1	0.55	8.50	55.22	5.91	0.00
1	5	0.84	8.85	54.50	4.28	0.00
2	2	0.43	6.31	50.56	12.03	0.01
2	6	0.91	13.59	44.73	3.45	0.05
3	3	0.48	6.88	57.01	7.57	0.00
3	7	0.56	7.91	54.61	6.40	0.00
Core	CPU	C1%	C3%	C6%	C8%	C9%
-	-	0.75	9.14	51.00	7.27	0.19
0	0	0.89	10.25	48.91	7.87	0.00
0	4	0.72	8.28	58.21	4.91	0.55
1	1	0.89	8.04	51.16	9.72	0.00
1	5	0.68	8.12	52.63	5.03	0.01
2	2	0.45	7.33	49.99	9.96	0.00
2	6	1.12	13.36	44.03	3.44	0.71
3	3	0.41	9.12	55.70	6.75	0.00
3	7	0.85	8.58	47.08	10.42	0.23
Core	CPU	C1%	C3%	C6%	C8%	C9%
-	-	1.05	8.94	50.24	7.19	0.26
0	0	1.12	10.61	50.58	5.06	0.00
0	4	0.68	7.43	50.62	11.34	0.00
1	1	1.51	8.79	49.97	8.74	0.01
1	5	0.63	8.34	49.75	7.51	0.00
2	2	1.35	8.24	50.20	7.54	0.12
2	6	1.30	11.74	44.00	4.80	1.92
3	3	0.72	8.60	56.14	4.58	0.00
3	7	1.05	7.77	50.69	7.94	0.00
Core	CPU	C1%	C3%	C6%	C8%	C9%
-	-	0.31	6.24	46.97	25.12	0.42
0	0	0.25	6.44	46.07	33.61	0.00
0	4	0.07	1.81	11.19	1.90	0.03
1	1	0.31	7.16	59.90	21.79	0.00
1	5	0.42	7.63	53.40	26.38	0.00
2	2	0.41	5.98	58.77	23.20	0.00
2	6	0.24	8.66	48.91	27.82	0.48
3	3	0.39	5.97	50.34	28.42	2.85
3	7	0.39	6.23	46.92	37.75	0.00
Core	CPU	C1%	C3%	C6%	C8%	C9%
-	-	1.68	9.77	49.60	6.11	0.07
0	0	2.59	9.76	48.88	3.77	0.00
0	4	1.68	9.42	50.88	6.41	0.00
1	1	2.27	9.37	49.89	7.31	0.00
1	5	1.43	8.80	50.02	7.35	0.00
2	2	1.07	9.16	47.20	8.67	0.00
2	6	1.60	13.79	46.72	3.72	0.58
3	3	1.57	10.55	51.02	3.13	0.01
3	7	1.27	7.37	52.36	8.56	0.00
Core	CPU	C1%	C3%	C6%	C8%	C9%
-	-	0.82	8.60	50.29	6.75	0.33
0	0	0.99	8.95	52.86	6.83	0.00
0	4	0.70	7.88	53.10	7.29	0.00
1	1	0.52	7.63	47.80	7.98	0.00
1	5	1.27	7.38	48.49	7.11	0.00
2	2	0.68	8.18	50.02	8.99	0.00
2	6	1.11	11.42	41.31	6.03	2.66
3	3	0.92	8.36	54.11	5.73	0.00
3	7	0.40	8.99	54.53	3.99	0.00
Core	CPU	C1%	C3%	C6%	C8%	C9%
-	-	0.50	6.51	53.99	9.56	0.16
0	0	0.49	7.64	53.35	5.89	0.06
0	4	0.23	5.52	48.74	13.33	0.00
1	1	0.27	6.00	53.43	10.23	0.00
1	5	0.89	6.03	59.29	9.10	0.00
2	2	0.64	6.07	59.75	6.59	0.00
2	6	0.46	8.01	49.50	9.70	0.95
3	3	0.45	6.90	50.49	11.63	0.24
3	7	0.57	5.97	57.74	10.12	0.00
Core	CPU	C1%	C3%	C6%	C8%	C9%
-	-	0.58	7.08	53.77	9.23	0.13
0	0	0.50	7.60	53.37	9.46	0.00
0	4	0.61	5.72	54.90	9.97	0.00
1	1	0.81	7.63	56.57	6.14	0.00
1	5	0.50	6.19	49.93	11.98	0.00
2	2	0.72	6.74	55.86	9.31	0.00
2	6	0.64	9.97	49.09	9.41	0.88
3	3	0.49	6.45	53.78	10.67	0.00
3	7	0.38	6.30	56.30	6.82	0.17
Core	CPU	C1%	C3%	C6%	C8%	C9%
-	-	0.53	7.05	53.94	9.77	0.06
0	0	0.91	6.27	50.76	13.94	0.07
0	4	0.60	7.09	57.82	10.24	0.00
1	1	0.71	6.31	56.05	7.99	0.00
1	5	0.33	7.63	54.00	11.89	0.02
2	2	0.41	6.55	55.72	8.55	0.29
2	6	0.76	9.38	50.95	9.88	0.09
3	3	0.13	6.59	52.11	7.57	0.00
3	7	0.40	6.65	54.56	8.20	0.00
Core	CPU	C1%	C3%	C6%	C8%	C9%
-	-	0.93	8.97	48.65	8.11	0.15
0	0	0.70	8.69	51.65	10.33	0.05
0	4	0.77	8.30	50.70	6.69	0.00
1	1	1.03	8.57	51.21	7.24	0.00
1	5	0.84	8.66	45.85	10.44	0.42
2	2	0.69	7.37	50.96	13.08	0.00
2	6	1.57	12.12	43.96	5.03	0.35
3	3	1.17	8.65	46.98	5.38	0.00
3	7	0.66	9.31	47.62	6.64	0.36
Core	CPU	C1%	C3%	C6%	C8%	C9%
-	-	0.59	6.87	53.81	9.39	0.02
0	0	1.03	7.94	54.59	7.83	0.00
0	4	0.18	5.72	53.51	9.05	0.00
1	1	0.39	5.64	56.24	12.29	0.00
1	5	0.30	6.32	55.05	11.39	0.01
2	2	0.56	6.53	55.42	7.90	0.03
2	6	0.68	9.75	47.01	8.41	0.09
3	3	0.79	7.31	57.01	7.73	0.00
3	7	0.77	5.74	51.73	10.51	0.00
Core	CPU	C1%	C3%	C6%	C8%	C9%
-	-	0.85	9.00	50.62	7.78	0.06
0	0	1.22	9.43	50.65	8.07	0.00
0	4	0.74	7.85	48.77	10.50	0.00
1	1	1.17	9.27	53.08	6.70	0.01
1	5	0.52	7.55	50.77	9.59	0.04
2	2	1.00	7.90	47.97	10.07	0.00
2	6	1.06	13.27	44.20	5.42	0.37
3	3	0.51	8.37	56.73	5.38	0.08
3	7	0.56	8.40	52.86	6.48	0.00
Core	CPU	C1%	C3%	C6%	C8%	C9%
-	-	0.57	7.99	51.78	8.77	0.20
0	0	1.02	9.50	54.06	6.04	0.00
0	4	0.31	6.67	53.93	7.17	0.00
1	1	0.41	6.75	54.36	10.91	0.00
1	5	0.48	7.85	48.43	12.83	0.00
2	2	0.52	6.96	54.03	7.36	0.00
2	6	0.72	10.87	46.15	6.59	1.39
3	3	0.69	7.79	51.50	8.85	0.00
3	7	0.38	7.54	51.75	10.37	0.21
Core	CPU	C1%	C3%	C6%	C8%	C9%
-	-	0.61	8.83	51.33	6.93	0.11
0	0	1.01	9.30	49.10	6.22	0.00
0	4	0.53	8.00	53.12	7.06	0.00
1	1	0.42	7.85	53.07	8.71	0.00
1	5	0.39	8.53	50.33	6.68	0.00
2	2	0.69	8.54	52.41	6.56	0.00
2	6	0.91	13.44	43.97	5.17	0.88
3	3	0.42	7.58	55.86	7.67	0.00
3	7	0.55	7.49	53.16	7.40	0.00
Core	CPU	C1%	C3%	C6%	C8%	C9%
-	-	1.42	10.42	49.29	6.23	0.04
0	0	1.38	12.00	48.36	4.32	0.01
0	4	1.36	8.53	52.04	7.77	0.00
1	1	1.13	8.76	54.85	6.62	0.00
1	5	1.30	9.69	47.32	5.89	0.18
2	2	1.82	10.19	49.37	8.33	0.00
2	6	1.64	14.28	43.42	2.92	0.15
3	3	0.66	9.68	47.62	9.35	0.00
3	7	2.02	10.12	50.76	4.57	0.00
Core	CPU	C1%	C3%	C6%	C8%	C9%
-	-	0.77	10.14	50.45	5.76	0.03
0	0	1.34	10.43	49.99	6.03	0.00
0	4	0.28	9.27	54.42	5.28	0.00
1	1	0.60	9.70	50.36	7.48	0.00
1	5	0.74	10.85	55.07	2.79	0.00
2	2	0.44	9.06	50.83	7.20	0.00
2	6	0.99	13.78	42.24	4.30	0.27
3	3	0.95	8.78	49.57	8.54	0.00
3	7	0.82	9.30	51.23	4.50	0.00
Core	CPU	C1%	C3%	C6%	C8%	C9%
-	-	0.61	9.19	52.35	6.78	0.06
0	0	0.87	9.73	52.23	6.27	0.00
0	4	0.44	8.03	58.76	6.65	0.00
1	1	0.37	9.13	49.03	6.74	0.00
1	5	0.77	9.50	52.26	5.14	0.00
2	2	0.35	8.21	51.81	8.24	0.00
2	6	0.97	13.13	44.88	5.38	0.05
3	3	0.74	8.11	54.56	7.27	0.41
3	7	0.41	7.65	55.10	8.51	0.03
Core	CPU	C1%	C3%	C6%	C8%	C9%
-	-	0.66	8.27	52.89	7.58	0.08
0	0	0.78	9.01	52.76	7.22	0.00
0	4	0.71	8.00	54.88	5.85	0.00
1	1	0.49	8.26	57.78	7.02	0.00
1	5	0.37	6.75	54.27	8.19	0.00
2	2	0.80	6.28	49.95	11.19	0.00
2	6	1.10	12.61	46.19	4.54	0.67
3	3	0.50	7.45	54.03	6.57	0.01
3	7	0.57	7.85	53.48	10.12	0.00
Core	CPU	C1%	C3%	C6%	C8%	C9%
-	-	0.56	8.10	51.42	8.30	0.23
0	0	0.60	8.37	49.28	9.91	0.00
0	4	0.33	7.77	54.60	7.34	0.01
1	1	0.54	8.20	50.53	7.58	0.00
1	5	0.61	6.52	49.42	12.46	0.24
2	2	0.47	7.16	52.67	7.48	0.00
2	6	0.68	11.86	45.45	5.86	1.49
3	3	0.69	6.54	52.74	8.91	0.08
3	7	0.58	8.33	56.48	6.81	0.00
Core	CPU	C1%	C3%	C6%	C8%	C9%
-	-	0.53	8.50	50.57	8.32	0.10
0	0	0.85	10.16	49.58	7.62	0.00
0	4	0.26	7.92	53.35	11.42	0.00
1	1	0.53	7.86	55.41	6.57	0.00
1	5	0.47	7.54	51.04	7.89	0.00
2	2	0.45	7.78	51.45	7.46	0.03
2	6	0.82	10.76	41.42	7.49	0.69
3	3	0.15	8.26	49.14	10.44	0.00
3	7	0.68	7.72	53.15	7.67	0.07
Core	CPU	C1%	C3%	C6%	C8%	C9%
-	-	0.84	8.92	50.45	7.07	0.12
0	0	0.57	10.36	48.47	7.97	0.01
0	4	0.67	9.02	51.70	4.91	0.00
1	1	0.81	6.71	52.55	10.56	0.18
1	5	0.72	9.22	56.89	4.63	0.12
2	2	0.79	7.40	50.53	7.10	0.00
2	6	1.79	12.41	44.69	5.34	0.46
3	3	0.70	8.27	53.27	6.77	0.00
3	7	0.70	8.01	45.53	9.26	0.21
Core	CPU	C1%	C3%	C6%	C8%	C9%
-	-	0.95	10.30	51.92	4.55	0.11
0	0	1.26	11.06	48.20	4.73	0.00
0	4	0.37	9.88	56.55	3.50	0.00
1	1	1.00	8.50	54.59	4.77	0.00
1	5	0.90	9.83	54.00	3.72	0.00
2	2	0.80	9.34	52.35	6.50	0.00
2	6	1.24	13.97	44.47	3.72	0.00
3	3	0.81	9.29	53.16	6.44	0.04
3	7	1.21	10.51	52.09	3.04	0.82
Core	CPU	C1%	C3%	C6%	C8%	C9%
-	-	0.75	9.62	51.68	5.99	0.00
0	0	0.75	11.50	48.71	3.83	0.01
0	4	0.42	8.21	48.68	9.45	0.00
1	1	0.85	9.98	52.51	7.06	0.00
1	5	1.21	8.09	52.78	5.93	0.00
2	2	0.34	8.15	55.25	6.07	0.00
2	6	1.07	13.21	44.47	5.48	0.00
3	3	0.80	9.29	56.14	5.21	0.00
3	7	0.51	8.55	54.83	4.85	0.01
Core	CPU	C1%	C3%	C6%	C8%	C9%
-	-	0.89	9.38	50.05	6.91	0.32
0	0	1.09	9.63	48.83	6.28	0.00
0	4	1.12	9.03	51.75	6.31	0.00
1	1	0.49	8.96	51.20	10.29	0.00
1	5	0.88	8.59	50.55	7.75	0.43
2	2	1.19	8.46	51.75	6.72	0.00
2	6	0.94	13.08	42.26	4.31	1.90
3	3	0.81	9.22	52.08	5.16	0.00
3	7	0.59	8.03	51.99	8.48	0.20
Core	CPU	C1%	C3%	C6%	C8%	C9%
-	-	0.93	9.62	51.34	6.61	0.09
0	0	0.94	10.58	48.81	6.85	0.00
0	4	0.60	7.29	59.35	4.31	0.00
1	1	0.73	7.73	48.24	11.62	0.00
1	5	1.28	11.22	51.38	4.89	0.00
2	2	0.81	9.07	51.75	7.62	0.00
2	6	1.12	13.23	43.82	3.98	0.71
3	3	1.08	8.96	54.64	7.16	0.01
3	7	0.90	8.86	52.73	6.48	0.00
Core	CPU	C1%	C3%	C6%	C8%	C9%
-	-	0.96	10.32	50.04	5.90	0.03
0	0	1.38	11.08	48.65	5.49	0.00
0	4	0.62	9.65	51.23	5.40	0.03
1	1	0.65	10.32	51.08	6.25	0.00
1	5	1.21	9.83	50.34	7.77	0.00
2	2	1.14	9.38	51.73	6.60	0.00
2	6	1.33	14.40	41.55	2.97	0.18
3	3	0.78	8.74	54.17	5.78	0.00
3	7	0.57	9.18	51.55	6.94	0.00
Core	CPU	C1%	C3%	C6%	C8%	C9%
-	-	0.92	10.07	48.88	6.81	0.00
0	0	1.18	12.09	46.21	6.80	0.00
0	4	0.93	9.93	49.78	7.45	0.00
1	1	0.53	9.18	49.73	9.50	0.00
1	5	1.00	8.98	48.78	6.62	0.00
2	2	0.76	7.55	51.64	7.67	0.00
2	6	1.83	12.74	42.06	4.05	0.04
3	3	0.67	9.32	52.41	7.94	0.00
3	7	0.47	10.80	50.56	4.44	0.00
Core	CPU	C1%	C3%	C6%	C8%	C9%
-	-	0.69	7.06	43.95	21.05	0.02
0	0	0.93	7.39	43.38	25.34	0.00
0	4	0.72	6.56	46.76	26.50	0.00
1	1	0.82	6.93	51.03	16.38	0.00
1	5	0.74	6.82	42.86	29.12	0.00
2	2	0.74	8.11	49.08	18.40	0.09
2	6	0.79	9.79	48.07	17.99	0.08
3	3	0.25	5.79	31.92	3.06	0.00
3	7	0.49	5.04	38.21	31.51	0.00
Core	CPU	C1%	C3%	C6%	C8%	C9%
-	-	1.26	8.86	48.79	13.42	0.04
0	0	1.58	9.41	55.97	11.45	0.09
0	4	0.64	9.44	52.48	13.96	0.00
1	1	1.63	7.80	52.95	17.75	0.00
1	5	1.42	8.73	51.45	18.50	0.00
2	2	1.31	9.31	53.88	15.24	0.00
2	6	1.24	11.75	54.60	10.00	0.21
3	3	0.66	4.26	24.13	4.38	0.00
3	7	1.60	10.26	45.28	16.19	0.00
Core	CPU	C1%	C3%	C6%	C8%	C9%
-	-	0.76	9.01	49.92	6.48	0.09
0	0	0.71	10.12	51.10	4.48	0.00
0	4	1.20	7.99	50.01	7.27	0.00
1	1	0.60	8.37	49.50	7.03	0.00
1	5	1.00	8.32	50.68	6.23	0.26
2	2	0.33	8.14	50.55	6.43	0.00
2	6	0.79	12.26	44.12	5.51	0.45
3	3	0.85	8.04	49.61	7.47	0.00
3	7	0.58	8.81	53.56	7.36	0.00
Core	CPU	C1%	C3%	C6%	C8%	C9%
-	-	0.76	8.96	50.91	6.91	0.46
0	0	1.10	11.33	51.27	4.03	0.00
0	4	0.51	7.52	48.78	10.14	0.00
1	1	0.55	8.66	50.86	9.31	0.00
1	5	0.78	8.58	53.62	5.94	0.00
2	2	0.58	8.76	53.28	7.23	0.00
2	6	0.91	11.54	43.27	5.88	3.70
3	3	0.91	7.95	51.64	5.93	0.00
3	7	0.74	7.39	54.68	6.82	0.00
Core	CPU	C1%	C3%	C6%	C8%	C9%
-	-	0.87	9.57	50.39	6.32	0.18
0	0	1.15	10.60	51.48	3.75	0.00
0	4	0.56	9.35	52.61	5.52	0.00
1	1	0.90	10.27	50.47	6.87	0.00
1	5	0.54	7.88	51.40	7.04	0.01
2	2	0.76	8.55	54.89	5.19	0.00
2	6	1.38	13.24	40.90	6.39	1.44
3	3	1.02	8.36	47.73	9.32	0.00
3	7	0.67	8.30	53.49	6.46	0.00
Core	CPU	C1%	C3%	C6%	C8%	C9%
-	-	0.89	10.31	51.45	4.58	0.08
0	0	1.38	10.99	50.85	2.77	0.00
0	4	0.94	9.01	52.18	6.54	0.00
1	1	0.45	9.05	55.85	3.59	0.21
1	5	0.84	10.31	52.15	4.27	0.00
2	2	0.91	10.37	49.96	5.24	0.00
2	6	1.24	12.44	45.18	5.87	0.44
3	3	0.56	9.50	53.27	3.35	0.00
3	7	0.82	10.86	52.17	4.99	0.00
Core	CPU	C1%	C3%	C6%	C8%	C9%
-	-	0.68	9.53	46.76	6.59	0.18
0	0	0.77	10.43	46.89	4.63	0.21
0	4	0.50	9.09	45.53	5.36	0.00
1	1	0.45	7.98	49.35	6.54	0.00
1	5	0.92	8.98	46.12	8.63	0.00
2	2	0.34	7.96	44.85	9.62	0.59
2	6	1.54	13.09	46.95	4.95	0.06
3	3	0.47	9.39	44.96	7.07	0.61
3	7	0.46	9.31	49.43	5.92	0.00
Core	CPU	C1%	C3%	C6%	C8%	C9%
-	-	0.77	10.08	51.38	5.70	0.16
0	0	0.79	11.35	55.04	3.15	0.00
0	4	0.82	8.31	52.17	6.48	0.00
1	1	0.40	8.35	52.73	7.93	0.00
1	5	1.28	10.57	50.84	4.65	0.00
2	2	0.99	10.12	51.62	8.30	0.00
2	6	0.93	13.90	42.94	3.04	0.48
3	3	0.22	9.40	54.21	6.44	0.28
3	7	0.72	8.67	51.53	5.63	0.54
Core	CPU	C1%	C3%	C6%	C8%	C9%
-	-	0.80	11.76	48.25	4.54	0.05
0	0	0.74	12.46	47.19	3.34	0.00
0	4	0.43	10.73	52.22	4.23	0.00
1	1	0.78	11.65	50.09	4.05	0.00
1	5	1.01	11.60	49.00	4.61	0.00
2	2	0.70	9.93	49.12	7.34	0.00
2	6	1.09	16.49	35.18	3.40	0.42
3	3	1.04	10.18	53.51	4.83	0.00
3	7	0.58	11.06	49.70	4.54	0.00
Core	CPU	C1%	C3%	C6%	C8%	C9%
-	-	0.71	9.28	51.43	6.32	0.15
0	0	0.46	10.08	51.71	5.45	0.00
0	4	0.48	8.15	53.85	6.99	0.00
1	1	1.20	8.54	54.49	5.31	0.00
1	5	0.69	8.83	52.24	5.95	0.00
2	2	0.95	9.53	49.61	6.54	0.38
2	6	0.79	11.24	45.37	7.30	0.79
3	3	0.45	8.28	50.02	9.17	0.00
3	7	0.63	9.60	54.11	3.87	0.00
Core	CPU	C1%	C3%	C6%	C8%	C9%
-	-	0.74	10.33	50.76	6.20	0.00
0	0	1.04	12.52	51.10	3.57	0.00
0	4	0.65	8.78	52.29	7.14	0.00
1	1	0.99	8.66	48.51	8.87	0.00
1	5	0.73	9.61	54.53	6.01	0.00
2	2	0.45	9.56	53.28	4.86	0.00
2	6	1.14	14.11	44.81	3.96	0.00
3	3	0.35	9.62	55.88	6.31	0.00
3	7	0.59	9.77	45.67	8.88	0.00
Core	CPU	C1%	C3%	C6%	C8%	C9%
-	-	0.73	9.34	50.62	6.90	0.05
0	0	0.88	9.64	48.93	7.28	0.00
0	4	0.56	8.98	52.41	6.07	0.00
1	1	0.78	9.15	56.41	5.03	0.00
1	5	0.73	8.47	49.57	8.36	0.00
2	2	0.52	8.57	55.22	5.46	0.00
2	6	1.22	13.82	44.50	5.51	0.39
3	3	0.57	7.70	48.16	8.55	0.01
3	7	0.61	8.38	49.83	8.92	0.01
Core	CPU	C1%	C3%	C6%	C8%	C9%
-	-	0.91	9.74	51.54	5.44	0.04
0	0	0.90	10.74	50.61	5.40	0.02
0	4	0.80	8.55	54.10	4.45	0.00
1	1	0.52	9.46	55.12	4.32	0.00
1	5	1.21	9.23	49.38	6.84	0.14
2	2	1.57	8.22	51.92	7.80	0.00
2	6	1.07	13.08	45.63	2.55	0.14
3	3	0.38	8.90	54.89	6.00	0.01
3	7	0.83	9.75	50.67	6.16	0.00
Core	CPU	C1%	C3%	C6%	C8%	C9%
-	-	0.80	8.66	51.23	7.62	0.07
0	0	0.57	10.82	51.23	4.87	0.00
0	4	0.74	6.88	52.95	8.38	0.00
1	1	0.66	7.82	50.99	6.39	0.01
1	5	0.88	8.30	51.68	7.16	0.06
2	2	0.86	6.71	55.18	11.80	0.00
2	6	1.00	12.40	44.35	5.85	0.51
3	3	0.96	8.38	52.97	8.28	0.00
3	7	0.69	8.03	50.84	8.28	0.00
Core	CPU	C1%	C3%	C6%	C8%	C9%
-	-	1.05	11.89	48.17	4.66	0.08
0	0	1.53	12.42	48.91	1.99	0.00
0	4	0.78	11.51	51.32	4.48	0.11
1	1	1.12	11.35	49.02	4.33	0.00
1	5	1.25	10.70	47.99	5.14	0.15
2	2	0.69	10.65	54.99	3.32	0.00
2	6	1.21	14.32	41.34	4.72	0.31
3	3	0.92	11.57	45.25	6.28	0.07
3	7	0.92	12.50	46.09	6.99	0.00
Core	CPU	C1%	C3%	C6%	C8%	C9%
-	-	0.87	12.15	48.83	3.92	0.01
0	0	1.12	13.54	45.68	4.55	0.00
0	4	1.06	11.88	49.51	3.26	0.01
1	1	0.54	12.33	55.93	2.74	0.00
1	5	0.62	11.02	51.34	4.96	0.00
2	2	0.60	11.06	49.10	4.67	0.00
2	6	1.40	14.79	39.57	1.61	0.10
3	3	0.64	10.55	49.60	4.84	0.00
3	7	0.95	12.08	49.98	4.71	0.00
Core	CPU	C1%	C3%	C6%	C8%	C9%
-	-	0.71	8.78	51.93	6.51	0.19
0	0	1.34	9.93	53.77	4.58	0.00
0	4	0.51	7.69	51.64	6.20	0.00
1	1	0.36	7.29	52.31	7.85	0.00
1	5	0.46	8.42	54.43	8.06	0.00
2	2	0.54	9.15	53.64	6.93	0.00
2	6	1.28	11.86	45.24	4.98	1.52
3	3	0.67	8.47	53.06	6.30	0.00
3	7	0.54	7.41	51.34	7.15	0.00
Core	CPU	C1%	C3%	C6%	C8%	C9%
-	-	0.71	9.73	51.27	5.60	0.12
0	0	0.83	10.47	51.24	5.80	0.00
0	4	0.50	8.28	52.39	5.47	0.02
1	1	0.48	8.28	53.39	5.53	0.00
1	5	0.85	10.35	52.79	5.62	0.00
2	2	0.58	10.28	50.50	4.15	0.00
2	6	1.32	12.76	44.28	5.83	0.95
3	3	0.72	8.96	51.37	5.50	0.01
3	7	0.43	8.47	54.09	6.86	0.00
Core	CPU	C1%	C3%	C6%	C8%	C9%
-	-	0.76	8.33	51.81	7.11	0.17
0	0	1.17	8.01	54.34	4.57	0.05
0	4	0.84	8.01	52.30	6.28	0.11
1	1	0.64	8.58	56.46	4.63	0.00
1	5	0.87	7.28	52.18	9.95	0.03
2	2	0.61	7.60	53.47	7.11	0.08
2	6	0.95	11.53	46.48	6.14	0.78
3	3	0.46	7.35	48.50	10.97	0.00
3	7	0.57	8.25	50.78	7.23	0.31
Core	CPU	C1%	C3%	C6%	C8%	C9%
-	-	1.49	9.62	50.04	5.65	0.08
0	0	1.76	10.15	46.80	6.63	0.00
0	4	1.32	9.12	58.07	3.81	0.00
1	1	1.08	9.06	50.35	7.16	0.00
1	5	1.33	9.99	51.36	5.59	0.00
2	2	1.08	6.62	52.94	7.99	0.00
2	6	2.37	13.14	44.03	3.47	0.08
3	3	1.50	9.05	48.67	5.91	0.00
3	7	1.50	9.78	48.09	4.61	0.54
Core	CPU	C1%	C3%	C6%	C8%	C9%
-	-	0.80	9.55	50.84	6.59	0.11
0	0	0.81	10.79	48.72	5.56	0.00
0	4	0.88	8.53	57.46	7.17	0.00
1	1	0.79	9.27	51.86	6.99	0.00
1	5	0.26	8.80	51.02	8.81	0.00
2	2	0.75	9.23	49.78	6.18	0.00
2	6	1.34	13.74	40.17	4.42	0.84
3	3	0.74	7.58	53.39	7.66	0.01
3	7	0.81	8.45	54.35	5.96	0.00
Core	CPU	C1%	C3%	C6%	C8%	C9%
-	-	0.82	10.17	50.11	5.72	0.11
0	0	1.47	12.40	47.86	4.34	0.00
0	4	0.36	9.05	54.28	5.06	0.00
1	1	0.57	8.91	48.45	6.67	0.02
1	5	0.81	9.44	49.89	6.88	0.00
2	2	0.56	9.60	54.07	4.70	0.00
2	6	0.85	13.68	42.63	3.38	0.38
3	3	1.52	10.29	50.63	5.57	0.51
3	7	0.42	8.05	53.18	9.16	0.00
Core	CPU	C1%	C3%	C6%	C8%	C9%
-	-	0.82	10.06	49.19	6.73	0.11
0	0	0.81	11.56	51.39	4.41	0.00
0	4	0.73	8.64	51.44	8.45	0.00
1	1	1.02	9.34	51.69	7.48	0.09
1	5	0.70	8.39	49.51	7.68	0.00
2	2	0.72	8.75	50.54	10.95	0.00
2	6	1.05	14.54	41.92	3.32	0.45
3	3	0.58	10.24	48.93	5.44	0.00
3	7	0.95	8.96	47.95	6.10	0.35
Core	CPU	C1%	C3%	C6%	C8%	C9%
-	-	0.80	10.73	48.88	5.44	0.07
0	0	1.13	12.41	47.41	3.15	0.00
0	4	0.76	9.33	51.56	5.52	0.00
1	1	0.91	9.64	51.22	5.45	0.00
1	5	0.53	10.95	48.31	4.70	0.00
2	2	0.87	10.80	49.56	6.11	0.00
2	6	1.13	13.04	39.10	5.51	0.57
3	3	0.45	9.81	54.07	6.34	0.00
3	7	0.63	9.88	50.07	6.79	0.00
Core	CPU	C1%	C3%	C6%	C8%	C9%
-	-	0.79	10.05	51.07	5.07	0.06
0	0	0.81	9.37	50.81	5.74	0.01
0	4	0.56	7.90	52.18	5.51	0.00
1	1	0.62	9.68	51.92	5.79	0.00
1	5	1.47	8.73	50.47	5.55	0.00
2	2	0.76	8.97	54.90	5.05	0.01
2	6	1.13	15.22	42.96	2.33	0.47
3	3	0.53	8.45	53.77	5.24	0.00
3	7	0.44	12.01	51.30	5.35	0.00
Core	CPU	C1%	C3%	C6%	C8%	C9%
-	-	0.73	8.90	51.57	6.45	0.13
0	0	0.59	8.76	51.36	5.20	0.00
0	4	0.45	8.33	54.08	6.86	0.00
1	1	0.30	8.63	53.27	6.95	0.00
1	5	0.92	9.09	49.54	5.96	0.01
2	2	0.44	8.65	55.72	6.83	0.01
2	6	1.09	12.48	44.19	3.80	1.01
3	3	0.78	7.52	52.58	7.80	0.05
3	7	1.23	7.80	51.92	8.26	0.00
Core	CPU	C1%	C3%	C6%	C8%	C9%
-	-	0.18	7.75	45.98	25.84	0.00
0	0	0.17	14.22	40.29	26.47	0.00
0	4	0.00	0.32	1.11	0.53	0.00
1	1	0.22	5.46	45.94	42.30	0.00
1	5	0.20	9.19	59.23	24.35	0.00
2	2	0.22	9.52	62.98	20.13	0.00
2	6	0.38	8.30	59.86	22.25	0.00
3	3	0.26	9.36	55.64	25.11	0.00
3	7	0.02	5.62	42.57	45.51	0.00
Core	CPU	C1%	C3%	C6%	C8%	C9%
-	-	1.35	9.57	48.54	7.92	0.20
0	0	1.58	10.21	45.78	7.17	0.00
0	4	1.21	8.96	51.91	7.73	0.04
1	1	1.49	8.99	48.18	11.91	0.00
1	5	1.26	8.46	52.87	8.00	0.00
2	2	1.25	8.48	51.82	7.01	0.00
2	6	1.49	13.18	37.90	6.46	1.41
3	3	1.15	9.28	51.06	7.18	0.14
3	7	1.35	9.05	49.04	7.93	0.00
Core	CPU	C1%	C3%	C6%	C8%	C9%
-	-	0.88	9.15	50.15	6.62	0.18
0	0	1.35	10.80	49.61	2.91	0.00
0	4	0.71	6.65	48.73	9.52	0.00
1	1	0.52	8.32	54.77	7.59	0.00
1	5	1.00	10.06	51.81	5.40	0.11
2	2	0.60	7.68	49.70	9.68	0.00
2	6	1.66	13.25	41.49	4.95	1.14
3	3	0.74	8.62	54.14	5.58	0.00
3	7	0.43	7.85	51.15	7.38	0.19
Core	CPU	C1%	C3%	C6%	C8%	C9%
-	-	0.63	9.16	51.78	6.85	0.02
0	0	0.73	9.11	50.67	7.40	0.00
0	4	0.97	7.23	56.94	7.67	0.00
1	1	0.34	8.10	52.01	7.65	0.00
1	5	0.93	8.80	55.62	4.79	0.00
2	2	0.65	7.54	51.62	8.46	0.00
2	6	0.87	13.94	45.22	3.46	0.13
3	3	0.20	9.56	51.23	8.77	0.00
3	7	0.33	8.99	50.78	6.59	0.00
Core	CPU	C1%	C3%	C6%	C8%	C9%
-	-	0.70	10.78	49.33	5.23	0.36
0	0	1.30	11.39	50.29	4.37	0.00
0	4	0.47	10.62	50.83	3.15	0.00
1	1	0.64	10.39	51.62	7.50	0.00
1	5	0.30	9.18	49.67	8.29	0.49
2	2	0.73	10.90	54.45	3.14	0.00
2	6	0.49	12.49	40.86	3.59	2.40
3	3	0.63	10.21	46.25	7.17	0.00
3	7	1.01	11.04	50.50	4.60	0.00
Core	CPU	C1%	C3%	C6%	C8%	C9%
-	-	0.69	10.13	51.55	5.25	0.08
0	0	0.89	12.34	50.06	4.08	0.01
0	4	0.29	8.45	50.17	3.63	0.00
1	1	0.87	9.69	51.78	7.48	0.00
1	5	0.71	10.99	53.48	3.95	0.00
2	2	0.68	8.50	53.84	5.64	0.00
2	6	1.06	12.76	46.25	5.37	0.40
3	3	0.64	8.55	51.66	5.81	0.00
3	7	0.40	9.74	55.21	6.06	0.20
Core	CPU	C1%	C3%	C6%	C8%	C9%
-	-	0.94	8.71	46.34	6.80	0.52
0	0	0.88	9.60	48.24	6.00	0.01
0	4	0.46	7.30	47.73	8.81	0.22
1	1	0.28	8.75	47.28	6.54	0.30
1	5	0.99	8.93	45.29	4.59	0.00
2	2	1.11	8.21	51.52	4.78	0.00
2	6	1.56	10.80	35.53	6.71	3.43
3	3	1.02	7.62	44.16	7.16	0.22
3	7	1.20	8.45	51.04	9.83	0.00
Core	CPU	C1%	C3%	C6%	C8%	C9%
-	-	0.80	10.24	50.53	5.63	0.08
0	0	0.74	11.51	51.17	4.51	0.00
0	4	0.67	9.29	52.25	6.62	0.00
1	1	0.72	8.94	51.43	5.49	0.00
1	5	0.74	9.55	52.62	3.77	0.26
2	2	0.60	9.91	53.30	6.55	0.01
2	6	1.63	13.60	42.30	4.10	0.36
3	3	0.84	11.32	50.28	5.93	0.00
3	7	0.50	7.81	50.88	8.11	0.00
Core	CPU	C1%	C3%	C6%	C8%	C9%
-	-	1.12	13.21	46.60	2.94	0.03
0	0	1.16	14.25	46.64	1.03	0.00
0	4	1.18	12.43	48.36	2.81	0.00
1	1	1.22	11.37	46.39	6.14	0.00
1	5	0.93	13.55	48.71	1.08	0.00
2	2	0.93	11.61	48.77	3.59	0.00
2	6	1.81	15.56	39.46	1.87	0.26
3	3	0.97	13.75	47.78	3.43	0.00
3	7	0.73	13.17	46.61	3.57	0.00
Core	CPU	C1%	C3%	C6%	C8%	C9%
-	-	0.91	9.05	51.57	6.10	0.14
0	0	0.91	9.85	53.93	3.90	0.00
0	4	0.62	6.43	50.61	9.53	0.00
1	1	1.10	9.80	51.38	5.59	0.00
1	5	0.52	7.62	53.71	8.26	0.00
2	2	1.44	10.03	51.72	4.64	0.00
2	6	1.25	10.92	43.92	8.20	1.09
3	3	0.81	9.78	56.58	3.23	0.00
3	7	0.66	8.01	50.74	5.47	0.00
Core	CPU	C1%	C3%	C6%	C8%	C9%
-	-	0.76	9.79	49.97	7.07	0.13
0	0	0.99	10.91	49.83	4.15	0.00
0	4	0.51	8.95	51.99	6.93	0.00
1	1	0.77	9.40	49.87	7.98	0.00
1	5	0.98	7.75	53.50	8.25	0.00
2	2	0.68	8.98	51.17	8.00	0.00
2	6	0.98	14.60	42.17	4.36	1.07
3	3	0.44	9.75	53.07	7.64	0.00
3	7	0.75	7.99	48.24	9.30	0.00
Core	CPU	C1%	C3%	C6%	C8%	C9%
-	-	1.14	9.87	49.71	6.13	0.22
0	0	1.07	11.41	49.17	6.22	0.00
0	4	1.04	9.52	49.27	7.41	0.00
1	1	1.27	7.22	52.69	6.13	0.00
1	5	0.95	10.53	51.54	4.98	0.00
2	2	1.06	9.65	50.21	4.60	0.00
2	6	1.29	12.05	46.09	5.46	0.92
3	3	1.29	10.41	48.35	7.71	0.01
3	7	1.13	8.20	50.29	6.50	0.85
Core	CPU	C1%	C3%	C6%	C8%	C9%
-	-	0.88	9.75	49.78	5.99	0.06
0	0	1.40	10.10	48.24	5.70	0.00
0	4	0.60	8.35	52.13	7.50	0.00
1	1	0.71	10.34	50.91	7.16	0.00
1	5	0.38	8.23	52.01	8.31	0.02
2	2	0.47	9.30	52.92	6.46	0.00
2	6	1.26	12.12	46.11	2.17	0.07
3	3	1.25	10.13	46.70	6.50	0.01
3	7	1.01	9.43	49.25	4.11	0.39
Core	CPU	C1%	C3%	C6%	C8%	C9%
-	-	0.75	10.05	49.13	6.04	0.11
0	0	0.87	11.70	48.95	3.96	0.00
0	4	0.66	8.09	52.44	5.55	0.00
1	1	0.73	9.32	48.15	6.06	0.00
1	5	0.84	9.44	46.41	9.62	0.00
2	2	0.51	9.69	53.34	7.25	0.00
2	6	1.26	14.20	43.52	2.83	0.91
3	3	0.51	8.80	52.32	7.26	0.00
3	7	0.60	9.21	48.08	5.84	0.00
Core	CPU	C1%	C3%	C6%	C8%	C9%
-	-	0.82	9.81	49.04	7.63	0.07
0	0	1.10	10.10	48.60	6.07	0.00
0	4	0.91	8.62	51.50	6.75	0.00
1	1	0.90	8.17	53.33	11.04	0.00
1	5	0.84	9.45	48.00	6.72	0.01
2	2	0.47	8.38	50.19	9.29	0.00
2	6	1.18	14.20	40.49	6.03	0.51
3	3	0.56	9.15	49.75	9.37	0.01
3	7	0.59	10.39	50.21	5.77	0.00
Core	CPU	C1%	C3%	C6%	C8%	C9%
-	-	0.61	10.01	50.95	5.55	0.07
0	0	0.86	11.51	50.44	6.13	0.00
0	4	0.31	8.81	51.98	5.10	0.00
1	1	0.44	8.66	52.21	6.58	0.00
1	5	0.86	10.59	52.45	4.63	0.00
2	2	0.42	8.70	51.87	6.23	0.00
2	6	1.10	14.03	42.19	3.04	0.50
3	3	0.53	9.10	50.68	7.49	0.07
3	7	0.33	8.67	55.91	5.23	0.00
Core	CPU	C1%	C3%	C6%	C8%	C9%
-	-	0.96	9.40	50.74	6.19	0.13
0	0	1.10	10.19	47.88	5.30	0.00
0	4	0.50	8.62	51.94	8.53	0.12
1	1	0.85	9.59	55.94	4.44	0.00
1	5	0.85	7.10	51.33	7.64	0.00
2	2	0.87	8.40	53.92	5.84	0.00
2	6	1.45	12.31	44.00	5.83	0.91
3	3	1.04	9.47	51.10	5.71	0.00
3	7	0.99	9.51	49.68	6.23	0.00
Core	CPU	C1%	C3%	C6%	C8%	C9%
-	-	0.91	9.80	49.65	6.13	0.08
0	0	0.75	11.34	51.96	6.22	0.00
0	4	1.17	9.21	50.34	5.64	0.00
1	1	1.23	8.89	49.90	6.79	0.00
1	5	0.90	8.21	49.90	7.33	0.00
2	2	0.65	9.61	51.20	6.44	0.37
2	6	1.15	13.09	38.39	5.31	0.27
3	3	0.67	8.68	53.37	5.92	0.00
3	7	0.80	9.38	52.10	5.42	0.00
Core	CPU	C1%	C3%	C6%	C8%	C9%
-	-	0.86	10.32	49.94	5.64	0.00
0	0	1.46	10.68	46.65	5.64	0.01
0	4	0.40	8.41	49.27	7.09	0.00
1	1	0.97	10.08	51.85	5.91	0.00
1	5	0.52	10.12	48.02	6.24	0.00
2	2	0.47	8.59	53.51	6.97	0.00
2	6	1.49	14.39	40.91	2.51	0.00
3	3	0.88	10.25	55.93	4.57	0.00
3	7	0.68	10.08	53.45	6.17	0.00
Core	CPU	C1%	C3%	C6%	C8%	C9%
-	-	0.80	10.21	50.37	5.80	0.06
0	0	0.66	11.01	47.44	4.80	0.00
0	4	0.32	6.90	51.88	11.04	0.00
1	1	1.14	10.23	48.76	5.28	0.00
1	5	0.72	10.34	51.18	6.37	0.00
2	2	1.46	9.90	52.66	4.99	0.00
2	6	0.78	12.88	48.68	4.35	0.42
3	3	0.74	9.03	55.32	4.63	0.06
3	7	0.55	11.46	47.46	5.01	0.00
Core	CPU	C1%	C3%	C6%	C8%	C9%
-	-	0.84	9.06	51.23	6.43	0.17
0	0	1.02	9.95	49.40	7.59	0.07
0	4	0.91	8.93	56.18	4.48	0.00
1	1	1.09	8.50	53.65	4.66	0.10
1	5	1.48	8.35	53.35	7.01	0.00
2	2	0.22	7.78	49.98	10.15	0.00
2	6	0.99	13.25	42.03	4.52	0.79
3	3	0.43	7.94	51.64	6.58	0.00
3	7	0.59	7.76	53.54	6.47	0.35
Core	CPU	C1%	C3%	C6%	C8%	C9%
-	-	0.82	9.17	50.70	6.03	0.13
0	0	0.77	9.16	50.48	5.89	0.04
0	4	0.57	8.13	53.18	6.92	0.00
1	1	1.17	9.39	53.65	4.40	0.00
1	5	1.03	8.84	49.74	3.78	0.11
2	2	0.34	8.34	54.34	8.94	0.00
2	6	1.02	11.91	46.53	4.76	0.91
3	3	0.83	8.25	48.24	6.53	0.00
3	7	0.82	9.30	49.38	7.05	0.00
Core	CPU	C1%	C3%	C6%	C8%	C9%
-	-	0.91	9.15	50.76	6.73	0.08
0	0	0.77	10.02	49.04	7.49	0.01
0	4	0.71	8.22	52.28	7.27	0.00
1	1	0.58	8.87	50.60	6.89	0.00
1	5	0.82	7.62	54.36	6.38	0.00
2	2	1.09	8.32	49.27	11.13	0.01
2	6	1.19	11.81	45.27	3.88	0.61
3	3	0.74	8.39	54.50	5.88	0.00
3	7	1.34	9.92	50.60	4.87	0.00
Core	CPU	C1%	C3%	C6%	C8%	C9%
-	-	0.98	10.24	50.29	5.83	0.17
0	0	1.30	14.49	47.43	2.34	0.00
0	4	0.74	8.30	52.51	9.43	0.00
1	1	1.28	9.70	50.93	4.43	0.01
1	5	0.73	9.12	52.24	5.69	0.15
2	2	0.90	9.78	50.83	4.22	0.00
2	6	1.12	12.59	43.96	7.43	1.22
3	3	0.95	9.33	52.29	6.28	0.00
3	7	0.83	8.65	52.12	6.79	0.00
Core	CPU	C1%	C3%	C6%	C8%	C9%
-	-	0.82	11.09	49.95	4.82	0.05
0	0	0.97	12.62	45.29	1.99	0.00
0	4	0.64	11.01	51.64	5.33	0.00
1	1	0.71	10.12	54.74	6.60	0.01
1	5	0.56	10.09	54.68	4.70	0.00
2	2	0.49	10.34	52.38	4.53	0.01
2	6	1.71	13.83	41.56	4.15	0.38
3	3	0.70	10.54	47.35	6.11	0.00
3	7	0.80	10.14	51.91	5.14	0.00
Core	CPU	C1%	C3%	C6%	C8%	C9%
-	-	0.88	10.31	50.91	5.08	0.07
0	0	0.89	10.91	48.01	5.25	0.01
0	4	0.81	10.17	49.21	5.72	0.00
1	1	0.80	9.01	55.96	3.93	0.00
1	5	0.89	10.57	54.13	3.33	0.00
2	2	0.83	9.33	54.50	4.54	0.00
2	6	1.22	13.19	45.63	4.73	0.56
3	3	0.93	8.57	50.00	6.10	0.00
3	7	0.69	10.70	49.86	7.07	0.00
Core	CPU	C1%	C3%	C6%	C8%	C9%
-	-	1.09	10.56	50.00	4.56	0.10
0	0	1.64	12.36	47.26	3.41	0.00
0	4	0.68	9.46	52.78	5.51	0.00
1	1	0.98	10.12	47.44	5.12	0.01
1	5	1.00	8.72	54.28	5.18	0.00
2	2	0.85	11.61	54.58	2.37	0.00
2	6	0.94	12.16	41.78	5.06	0.75
3	3	1.10	10.96	51.73	2.93	0.01
3	7	1.56	9.13	50.20	6.93	0.00
Core	CPU	C1%	C3%	C6%	C8%	C9%
-	-	1.12	10.37	49.85	5.46	0.07
0	0	1.91	11.12	49.15	3.78	0.00
0	4	0.54	9.12	51.55	5.58	0.00
1	1	0.67	9.17	51.30	6.72	0.00
1	5	1.08	10.32	49.85	6.35	0.00
2	2	1.53	9.87	53.10	4.90	0.00
2	6	1.15	12.37	42.56	6.57	0.60
3	3	1.31	10.72	51.03	3.92	0.00
3	7	0.80	10.25	50.24	5.82	0.00
Core	CPU	C1%	C3%	C6%	C8%	C9%
-	-	0.28	5.60	37.37	36.83	0.05
0	0	0.49	5.00	32.86	53.67	0.00
0	4	0.21	4.16	39.96	47.61	0.00
1	1	0.01	1.39	5.85	0.25	0.00
1	5	0.32	13.17	39.10	33.49	0.00
2	2	0.39	3.32	37.37	43.34	0.39
2	6	0.51	5.68	44.73	40.72	0.00
3	3	0.27	6.92	57.01	27.84	0.00
3	7	0.09	5.15	41.99	47.56	0.00
Core	CPU	C1%	C3%	C6%	C8%	C9%
-	-	1.58	10.22	44.57	11.25	0.09
0	0	1.90	10.77	43.33	6.18	0.12
0	4	1.93	8.87	51.02	12.65	0.00
1	1	1.82	8.94	37.19	5.43	0.00
1	5	0.96	10.63	50.65	13.21	0.00
2	2	1.26	9.53	43.60	13.59	0.00
2	6	1.84	13.11	42.21	10.31	0.00
3	3	1.47	10.08	43.98	13.50	0.31
3	7	1.45	9.87	44.81	15.21	0.29
Core	CPU	C1%	C3%	C6%	C8%	C9%
-	-	1.07	11.60	49.65	4.22	0.04
0	0	1.28	13.10	45.29	4.54	0.00
0	4	0.91	11.81	50.10	3.54	0.00
1	1	0.96	10.79	49.69	4.80	0.00
1	5	1.03	10.54	50.29	3.63	0.00
2	2	0.96	10.55	51.02	5.87	0.01
2	6	1.06	13.70	47.43	3.06	0.14
3	3	1.13	9.91	52.70	5.75	0.00
3	7	1.26	12.39	50.60	2.59	0.15
Core	CPU	C1%	C3%	C6%	C8%	C9%
-	-	1.14	10.85	49.53	5.26	0.07
0	0	1.98	13.23	44.43	1.58	0.00
0	4	0.83	8.90	48.42	7.27	0.00
1	1	0.87	11.18	52.34	3.85	0.00
1	5	0.82	9.53	51.91	7.01	0.00
2	2	0.72	9.90	50.34	9.76	0.00
2	6	1.02	12.54	43.87	4.41	0.56
3	3	1.13	10.72	54.44	4.31	0.00
3	7	1.73	10.80	50.52	3.88	0.00
Core	CPU	C1%	C3%	C6%	C8%	C9%
-	-	0.72	10.69	49.23	5.76	0.05
0	0	0.97	12.23	45.47	5.71	0.00
0	4	0.95	8.58	52.13	7.45	0.07
1	1	0.45	10.14	49.52	5.75	0.14
1	5	0.41	10.26	51.17	6.15	0.00
2	2	0.72	8.80	49.06	6.37	0.00
2	6	0.98	14.40	44.77	3.59	0.20
3	3	0.46	9.97	48.93	6.99	0.00
3	7	0.82	11.17	52.92	4.08	0.00
Core	CPU	C1%	C3%	C6%	C8%	C9%
-	-	1.54	10.92	49.66	4.18	0.08
0	0	1.42	11.47	47.45	3.70	0.00
0	4	1.52	11.10	53.44	4.10	0.00
1	1	1.80	12.17	53.77	2.42	0.00
1	5	2.17	10.40	51.81	3.94	0.00
2	2	1.27	9.95	51.03	4.98	0.00
2	6	1.69	13.74	42.77	3.38	0.60
3	3	1.02	10.29	50.20	2.88	0.00
3	7	1.45	8.17	46.72	8.01	0.00
Core	CPU	C1%	C3%	C6%	C8%	C9%
-	-	0.83	8.86	43.82	7.38	0.24
0	0	0.99	9.15	41.54	9.43	0.00
0	4	0.46	7.39	41.15	6.89	0.00
1	1	0.98	8.68	46.81	6.48	0.01
1	5	0.77	8.43	48.16	3.53	0.00
2	2	0.69	9.19	44.46	11.01	0.00
2	6	1.01	10.09	38.52	9.72	1.88
3	3	0.71	8.66	44.54	6.92	0.00
3	7	1.02	9.31	45.49	5.07	0.00
Core	CPU	C1%	C3%	C6%	C8%	C9%
-	-	1.01	12.44	47.32	4.19	0.01
0	0	1.66	13.64	43.41	4.30	0.00
0	4	0.75	11.87	52.13	3.85	0.00
1	1	0.93	12.59	49.23	4.12	0.00
1	5	0.53	11.31	49.87	2.81	0.00
2	2	1.05	10.99	51.22	5.25	0.00
2	6	1.27	15.57	40.07	2.25	0.06
3	3	0.98	11.96	45.07	6.60	0.00
3	7	0.93	11.56	47.44	4.30	0.00
Core	CPU	C1%	C3%	C6%	C8%	C9%
-	-	1.16	13.51	47.02	2.80	0.01
0	0	1.27	14.83	42.12	2.47	0.00
0	4	0.87	11.71	53.31	2.98	0.00
1	1	1.14	13.01	50.58	2.65	0.00
1	5	1.01	13.37	48.24	4.69	0.00
2	2	0.74	12.51	48.82	2.97	0.00
2	6	1.84	15.53	36.43	1.67	0.05
3	3	1.31	13.16	47.65	3.81	0.00
3	7	1.08	13.92	49.02	1.20	0.00
Core	CPU	C1%	C3%	C6%	C8%	C9%
-	-	0.95	11.31	50.31	4.43	0.08
0	0	1.29	14.47	46.11	2.13	0.00
0	4	0.70	8.91	53.13	6.56	0.00
1	1	0.80	11.45	54.45	3.90	0.00
1	5	0.90	10.00	49.16	5.35	0.00
2	2	0.93	11.52	48.04	4.15	0.00
2	6	1.51	12.34	45.53	5.62	0.62
3	3	0.81	10.71	53.82	3.98	0.00
3	7	0.65	11.08	52.35	3.82	0.00
Core	CPU	C1%	C3%	C6%	C8%	C9%
-	-	1.12	11.44	49.79	4.22	0.04
0	0	1.60	11.76	45.21	4.01	0.00
0	4	0.69	10.04	52.32	4.36	0.00
1	1	0.93	10.49	53.48	4.07	0.00
1	5	0.97	12.18	47.23	4.22	0.00
2	2	0.82	11.01	51.28	4.99	0.00
2	6	1.71	13.08	44.84	3.14	0.33
3	3	1.31	11.13	50.89	6.08	0.00
3	7	0.94	11.79	52.90	2.88	0.00
Core	CPU	C1%	C3%	C6%	C8%	C9%
-	-	1.73	12.38	47.91	3.61	0.00
0	0	2.27	13.57	44.06	1.96	0.00
0	4	1.68	10.46	53.29	3.42	0.00
1	1	1.54	12.80	47.65	5.85	0.00
1	5	1.82	13.08	45.63	3.42	0.00
2	2	1.13	12.62	49.35	4.22	0.00
2	6	2.07	12.42	47.81	2.93	0.01
3	3	2.37	12.57	45.82	3.02	0.00
3	7	0.93	11.51	49.69	4.04	0.00
Core	CPU	C1%	C3%	C6%	C8%	C9%
-	-	1.15	10.56	49.47	4.81	0.00
0	0	1.45	14.23	44.72	2.75	0.00
0	4	1.81	9.37	52.89	2.82	0.00
1	1	0.74	9.92	49.82	6.71	0.00
1	5	0.75	10.01	50.26	6.97	0.00
2	2	1.20	9.23	49.71	7.45	0.00
2	6	1.23	11.28	48.33	3.62	0.00
3	3	0.77	9.77	49.16	5.20	0.00
3	7	1.27	10.69	50.91	2.93	0.00
Core	CPU	C1%	C3%	C6%	C8%	C9%
-	-	1.07	10.71	48.09	4.63	0.11
0	0	1.50	11.13	43.81	3.42	0.00
0	4	0.86	10.72	50.93	3.22	0.00
1	1	0.88	10.88	51.85	7.64	0.00
1	5	1.00	10.31	51.00	4.04	0.00
2	2	0.88	9.13	46.90	6.20	0.00
2	6	1.30	12.34	44.95	3.41	0.68
3	3	1.16	12.15	46.45	2.92	0.00
3	7	0.99	9.02	48.80	6.17	0.21
Core	CPU	C1%	C3%	C6%	C8%	C9%
-	-	1.11	9.57	51.35	4.56	0.00
0	0	1.91	11.07	44.10	2.96	0.01
0	4	0.69	8.96	55.74	3.12	0.00
1	1	0.82	9.72	52.18	5.87	0.00
1	5	1.27	10.02	51.56	5.04	0.00
2	2	0.93	9.00	53.59	5.88	0.00
2	6	0.66	9.17	49.72	3.94	0.00
3	3	0.78	8.98	54.46	5.86	0.00
3	7	1.84	9.74	49.83	3.85	0.00
Core	CPU	C1%	C3%	C6%	C8%	C9%
-	-	1.01	11.00	50.48	3.87	0.05
0	0	1.26	12.43	46.67	1.92	0.00
0	4	0.69	11.70	51.69	3.24	0.00
1	1	1.11	11.10	51.38	3.80	0.00
1	5	1.13	10.34	49.81	3.72	0.00
2	2	1.08	9.98	53.70	5.43	0.00
2	6	1.03	11.89	49.21	2.58	0.23
3	3	0.98	9.56	49.54	6.90	0.00
3	7	0.78	10.90	51.45	3.34	0.21
Core	CPU	C1%	C3%	C6%	C8%	C9%
-	-	1.17	10.07	49.35	4.49	0.03
0	0	1.90	11.81	43.78	4.63	0.04
0	4	0.69	8.38	46.74	6.49	0.03
1	1	0.52	9.47	49.02	5.10	0.11
1	5	1.55	9.65	51.91	5.52	0.00
2	2	0.93	9.07	54.49	5.09	0.00
2	6	1.63	11.80	46.72	2.97	0.00
3	3	0.96	10.28	50.33	4.27	0.03
3	7	1.22	10.22	52.28	1.90	0.00
Core	CPU	C1%	C3%	C6%	C8%	C9%
-	-	0.94	10.11	50.89	4.85	0.07
0	0	1.17	11.58	48.01	4.03	0.00
0	4	0.64	8.37	49.44	6.72	0.00
1	1	1.09	10.18	48.54	5.65	0.00
1	5	0.68	9.46	51.44	5.08	0.00
2	2	0.88	9.07	52.89	4.14	0.00
2	6	1.23	11.16	49.05	3.06	0.53
3	3	1.20	10.47	55.21	4.46	0.00
3	7	0.62	10.54	52.12	5.60	0.00
Core	CPU	C1%	C3%	C6%	C8%	C9%
-	-	1.03	10.42	48.91	4.90	0.00
0	0	0.99	12.52	49.05	2.61	0.01
0	4	0.48	9.36	48.76	4.65	0.00
1	1	1.33	10.48	52.74	5.61	0.00
1	5	1.11	9.20	50.66	8.42	0.01
2	2	0.97	8.60	46.26	5.02	0.01
2	6	1.21	13.44	45.26	3.30	0.00
3	3	1.20	9.14	48.11	5.12	0.00
3	7	0.96	10.57	50.42	4.50	0.00
Core	CPU	C1%	C3%	C6%	C8%	C9%
-	-	1.08	10.87	50.26	4.19	0.05
0	0	1.42	11.80	47.50	2.33	0.00
0	4	0.54	10.61	48.10	3.63	0.00
1	1	1.15	10.40	52.20	3.50	0.00
1	5	1.08	11.22	52.46	3.61	0.00
2	2	0.58	9.69	52.62	4.72	0.00
2	6	1.80	13.70	45.70	3.33	0.37
3	3	1.44	9.38	51.21	7.06	0.00
3	7	0.59	10.17	52.21	5.34	0.00
Core	CPU	C1%	C3%	C6%	C8%	C9%
-	-	0.99	10.73	50.67	3.99	0.08
0	0	1.48	12.49	47.65	2.01	0.00
0	4	0.75	9.46	48.57	5.45	0.67
1	1	0.82	9.76	56.48	4.18	0.00
1	5	0.80	11.32	53.44	3.04	0.00
2	2	0.63	9.00	49.14	8.36	0.00
2	6	1.57	13.10	45.63	2.12	0.00
3	3	0.95	10.94	52.96	3.30	0.00
3	7	0.94	9.76	51.50	3.46	0.00
