Core	CPU	C1%	C3%	C6%	C8%	C9%
-	-	2.51	1.09	9.61	11.49	1.34
0	0	1.38	1.15	16.11	6.18	6.43
0	4	0.00	0.00	20.17	78.39	0.00
1	1	16.76	6.78	26.31	0.29	4.29
1	5	1.93	0.54	5.75	2.18	0.00
2	2	0.00	0.00	1.43	0.89	0.00
2	6	0.00	0.21	3.19	1.57	0.00
3	3	0.00	0.03	2.56	2.02	0.00
3	7	0.00	0.00	1.38	0.39	0.00
Core	CPU	C1%	C3%	C6%	C8%	C9%
-	-	1.96	0.92	7.85	12.48	0.47
0	0	0.68	1.24	23.05	10.27	3.72
0	4	0.00	0.00	13.30	47.90	0.00
1	1	15.04	6.06	20.30	0.49	0.00
1	5	0.00	0.03	0.39	1.39	0.00
2	2	0.00	0.00	0.29	1.39	0.00
2	6	0.00	0.03	4.16	36.03	0.00
3	3	0.00	0.00	0.97	1.28	0.00
3	7	0.00	0.00	0.33	1.09	0.00
Core	CPU	C1%	C3%	C6%	C8%	C9%
-	-	0.01	0.42	8.01	14.08	4.65
0	0	0.07	3.31	54.07	15.38	0.00
0	4	0.00	0.00	0.86	0.00	37.19
1	1	0.00	0.00	0.64	1.89	0.00
1	5	0.00	0.00	0.52	0.99	0.00
2	2	0.00	0.00	0.29	0.99	0.00
2	6	0.00	0.07	6.84	91.39	0.00
3	3	0.00	0.00	0.28	0.88	0.00
3	7	0.00	0.00	0.55	1.08	0.00
Core	CPU	C1%	C3%	C6%	C8%	C9%
-	-	0.01	0.17	7.34	14.64	0.00
0	0	0.07	1.31	46.54	23.55	0.00
0	4	0.00	0.00	6.54	57.17	0.00
1	1	0.00	0.00	0.31	1.87	0.00
1	5	0.00	0.00	0.36	0.69	0.00
2	2	0.00	0.00	0.15	0.60	0.00
2	6	0.00	0.09	4.22	31.09	0.00
3	3	0.00	0.00	0.29	1.39	0.00
3	7	0.00	0.00	0.29	0.79	0.00
Core	CPU	C1%	C3%	C6%	C8%	C9%
-	-	0.02	0.24	7.35	14.35	0.44
0	0	0.12	1.84	46.32	22.10	0.00
0	4	0.00	0.01	8.83	67.71	0.00
1	1	0.00	0.00	1.69	19.07	0.00
1	5	0.00	0.00	0.27	0.90	0.00
2	2	0.00	0.00	0.45	1.58	0.00
2	6	0.00	0.06	0.77	1.78	0.00
3	3	0.00	0.02	0.29	0.90	0.00
3	7	0.00	0.00	0.20	0.78	3.52
Core	CPU	C1%	C3%	C6%	C8%	C9%
-	-	0.02	0.07	6.28	16.05	0.00
0	0	0.19	0.47	38.38	33.94	0.00
0	4	0.00	0.03	1.22	0.70	0.00
1	1	0.00	0.01	8.20	90.03	0.00
1	5	0.00	0.00	0.79	0.60	0.00
2	2	0.00	0.00	0.28	0.69	0.00
2	6	0.00	0.00	1.15	0.69	0.00
3	3	0.00	0.00	0.14	0.78	0.00
3	7	0.00	0.03	0.10	0.99	0.00
Core	CPU	C1%	C3%	C6%	C8%	C9%
-	-	0.11	0.38	7.91	17.72	5.71
0	0	0.15	2.88	50.75	19.90	0.00
0	4	0.00	0.00	4.34	29.14	44.85
1	1	0.67	0.00	5.28	59.74	0.00
1	5	0.00	0.00	0.41	0.89	0.00
2	2	0.00	0.01	0.29	0.90	0.00
2	6	0.00	0.00	0.85	0.97	0.80
3	3	0.00	0.00	0.28	1.48	0.00
3	7	0.01	0.16	1.07	28.78	0.00
Core	CPU	C1%	C3%	C6%	C8%	C9%
-	-	0.04	0.11	6.62	15.84	0.00
0	0	0.34	0.89	40.62	31.60	0.00
0	4	0.00	0.00	8.20	83.68	0.00
1	1	0.00	0.00	0.61	6.81	0.00
1	5	0.00	0.00	0.64	0.99	0.00
2	2	0.00	0.01	0.58	1.10	0.00
2	6	0.00	0.01	1.16	0.60	0.00
3	3	0.00	0.00	0.37	1.29	0.00
3	7	0.00	0.00	0.75	0.69	0.00
Core	CPU	C1%	C3%	C6%	C8%	C9%
-	-	0.05	0.07	6.16	16.02	0.00
0	0	0.39	0.46	37.57	34.41	0.00
0	4	0.00	0.00	8.83	89.20	0.00
1	1	0.00	0.00	0.29	1.46	0.00
1	5	0.00	0.00	0.37	0.69	0.00
2	2	0.00	0.00	0.15	0.99	0.00
2	6	0.00	0.10	1.39	0.30	0.00
3	3	0.00	0.01	0.29	0.60	0.00
3	7	0.00	0.00	0.39	0.49	0.00
Core	CPU	C1%	C3%	C6%	C8%	C9%
-	-	0.03	0.35	6.14	15.32	0.43
0	0	0.27	2.56	37.95	31.43	0.00
0	4	0.00	0.01	6.70	55.52	0.00
1	1	0.00	0.00	0.10	0.39	0.00
1	5	0.00	0.00	2.62	32.66	0.00
2	2	0.00	0.00	0.06	0.39	0.00
2	6	0.00	0.10	1.24	0.20	0.00
3	3	0.00	0.02	0.39	1.19	0.00
3	7	0.00	0.08	0.10	0.79	3.45
Core	CPU	C1%	C3%	C6%	C8%	C9%
-	-	0.05	0.07	6.49	16.01	0.00
0	0	0.39	0.47	38.02	33.99	0.00
0	4	0.00	0.00	9.29	88.80	0.00
1	1	0.00	0.00	0.92	0.39	0.00
1	5	0.00	0.01	0.89	0.58	0.00
2	2	0.00	0.00	0.30	0.88	0.00
2	6	0.00	0.08	1.31	0.40	0.00
3	3	0.00	0.00	0.75	1.18	0.00
3	7	0.00	0.00	0.44	1.86	0.00
Core	CPU	C1%	C3%	C6%	C8%	C9%
-	-	0.04	0.33	7.45	14.97	0.12
0	0	0.24	0.82	34.51	25.73	0.07
0	4	0.10	1.23	19.13	50.96	0.00
1	1	0.00	0.00	0.41	0.79	0.89
1	5	0.00	0.02	2.46	39.24	0.00
2	2	0.00	0.50	1.18	0.80	0.00
2	6	0.00	0.03	1.25	0.38	0.00
3	3	0.00	0.00	0.19	0.89	0.00
3	7	0.00	0.00	0.47	0.98	0.00
Core	CPU	C1%	C3%	C6%	C8%	C9%
-	-	3.56	0.95	6.38	13.28	1.22
0	0	0.01	1.00	17.68	7.41	0.12
0	4	0.00	0.00	0.69	0.50	9.67
1	1	0.00	0.00	0.20	1.07	0.00
1	5	0.00	0.01	3.75	94.72	0.00
2	2	28.49	6.47	27.43	0.00	0.00
2	6	0.00	0.09	0.73	0.69	0.00
3	3	0.00	0.00	0.22	1.00	0.00
3	7	0.00	0.00	0.31	0.88	0.00
Core	CPU	C1%	C3%	C6%	C8%	C9%
-	-	0.72	0.26	6.17	15.81	0.00
0	0	0.15	0.53	33.64	30.22	0.01
0	4	0.00	0.00	0.69	1.69	0.00
1	1	0.00	0.00	0.72	1.19	0.00
1	5	0.00	0.02	7.20	90.94	0.00
2	2	5.59	1.38	5.74	0.30	0.00
2	6	0.00	0.15	0.83	0.49	0.00
3	3	0.00	0.00	0.27	0.89	0.00
3	7	0.00	0.00	0.25	0.79	0.00
Core	CPU	C1%	C3%	C6%	C8%	C9%
-	-	0.02	0.36	6.21	15.23	2.35
0	0	0.14	2.79	39.56	29.83	0.00
0	4	0.00	0.00	0.41	0.29	18.84
1	1	0.00	0.00	0.28	0.99	0.00
1	5	0.00	0.00	7.56	88.15	0.00
2	2	0.00	0.00	0.25	0.69	0.00
2	6	0.00	0.11	1.03	0.49	0.00
3	3	0.00	0.00	0.20	0.70	0.00
3	7	0.00	0.00	0.38	0.69	0.00
Core	CPU	C1%	C3%	C6%	C8%	C9%
-	-	0.02	0.06	6.18	15.96	0.00
0	0	0.17	0.39	37.75	34.66	0.00
0	4	0.00	0.00	0.79	0.00	0.00
1	1	0.00	0.00	0.23	1.08	0.00
1	5	0.00	0.03	8.74	89.41	0.00
2	2	0.00	0.00	0.26	0.79	0.00
2	6	0.00	0.07	1.15	0.49	0.00
3	3	0.00	0.02	0.29	0.41	0.00
3	7	0.00	0.00	0.20	0.89	0.00
Core	CPU	C1%	C3%	C6%	C8%	C9%
-	-	0.02	0.16	6.43	15.80	0.10
0	0	0.17	1.18	39.08	32.67	0.00
0	4	0.00	0.00	0.70	0.00	0.00
1	1	0.00	0.00	0.35	0.99	0.80
1	5	0.00	0.02	9.15	88.98	0.00
2	2	0.00	0.00	0.35	1.18	0.00
2	6	0.00	0.09	1.16	0.89	0.00
3	3	0.00	0.02	0.29	0.31	0.00
3	7	0.00	0.00	0.39	1.38	0.00
Core	CPU	C1%	C3%	C6%	C8%	C9%
-	-	0.02	0.06	6.28	15.95	0.00
0	0	0.17	0.39	37.77	34.64	0.00
0	4	0.00	0.02	1.20	0.00	0.00
1	1	0.00	0.00	0.49	0.50	0.00
1	5	0.00	0.01	8.63	89.53	0.00
2	2	0.00	0.00	0.26	0.79	0.00
2	6	0.00	0.05	1.52	0.49	0.00
3	3	0.00	0.02	0.29	0.80	0.00
3	7	0.00	0.00	0.10	0.89	0.00
Core	CPU	C1%	C3%	C6%	C8%	C9%
-	-	0.02	0.07	6.13	16.20	0.00
0	0	0.19	0.42	37.63	34.76	0.00
0	4	0.00	0.00	0.70	0.00	0.00
1	1	0.00	0.00	0.21	0.99	0.00
1	5	0.00	0.00	8.30	89.87	0.00
2	2	0.00	0.00	0.25	1.28	0.00
2	6	0.00	0.13	1.37	1.09	0.00
3	3	0.00	0.02	0.29	0.60	0.00
3	7	0.00	0.01	0.30	0.98	0.00
Core	CPU	C1%	C3%	C6%	C8%	C9%
-	-	0.04	0.24	6.32	15.99	0.11
0	0	0.32	1.80	37.70	31.72	0.00
0	4	0.00	0.00	6.54	65.45	0.86
1	1	0.00	0.00	0.33	0.89	0.00
1	5	0.00	0.02	2.60	21.87	0.00
2	2	0.00	0.00	0.26	0.79	0.00
2	6	0.00	0.06	1.53	1.28	0.00
3	3	0.00	0.02	0.66	1.19	0.00
3	7	0.00	0.00	0.96	4.74	0.00
Core	CPU	C1%	C3%	C6%	C8%	C9%
-	-	0.05	0.11	6.43	15.86	0.00
0	0	0.37	0.71	38.70	33.11	0.00
0	4	0.00	0.01	9.57	87.06	0.00
1	1	0.00	0.00	0.29	0.79	0.00
1	5	0.00	0.00	0.61	1.87	0.00
2	2	0.00	0.00	0.75	0.79	0.00
2	6	0.00	0.12	1.00	1.29	0.00
3	3	0.00	0.02	0.29	1.00	0.00
3	7	0.00	0.00	0.19	0.99	0.00
Core	CPU	C1%	C3%	C6%	C8%	C9%
-	-	0.04	0.19	6.57	15.84	0.10
0	0	0.30	1.45	39.08	32.08	0.00
0	4	0.00	0.01	10.55	82.99	0.00
1	1	0.00	0.00	0.38	1.28	0.00
1	5	0.00	0.01	0.61	7.34	0.81
2	2	0.00	0.00	0.25	1.19	0.00
2	6	0.00	0.07	1.33	0.30	0.00
3	3	0.00	0.02	0.19	0.70	0.00
3	7	0.00	0.00	0.20	0.89	0.00
Core	CPU	C1%	C3%	C6%	C8%	C9%
-	-	0.02	0.04	5.89	16.35	0.00
0	0	0.16	0.23	37.25	35.39	0.00
0	4	0.00	0.00	0.24	0.60	0.00
1	1	0.00	0.02	0.19	0.70	0.00
1	5	0.00	0.00	7.87	90.32	0.00
2	2	0.00	0.00	0.27	0.99	0.00
2	6	0.00	0.06	0.97	1.11	0.00
3	3	0.00	0.00	0.24	1.10	0.00
3	7	0.00	0.02	0.10	0.60	0.00
Core	CPU	C1%	C3%	C6%	C8%	C9%
-	-	0.02	0.04	6.07	16.16	0.00
0	0	0.16	0.24	37.33	35.29	0.00
0	4	0.00	0.00	0.57	0.80	0.00
1	1	0.00	0.00	0.54	0.59	0.00
1	5	0.00	0.03	8.24	89.92	0.00
2	2	0.00	0.00	0.10	0.60	0.00
2	6	0.00	0.06	1.11	0.30	0.00
3	3	0.00	0.00	0.37	0.79	0.00
3	7	0.00	0.00	0.35	0.99	0.00
Core	CPU	C1%	C3%	C6%	C8%	C9%
-	-	0.01	0.38	6.32	15.45	0.24
0	0	0.09	2.98	40.44	28.84	0.00
0	4	0.00	0.00	0.68	0.18	1.91
1	1	0.00	0.00	0.34	1.58	0.00
1	5	0.00	0.00	6.84	88.94	0.00
2	2	0.00	0.01	0.39	0.79	0.00
2	6	0.00	0.08	1.01	0.89	0.00
3	3	0.00	0.00	0.39	1.27	0.00
3	7	0.01	0.00	0.45	1.08	0.00
Core	CPU	C1%	C3%	C6%	C8%	C9%
-	-	0.02	0.09	6.33	15.81	0.00
0	0	0.13	0.66	39.25	32.77	0.00
0	4	0.00	0.00	1.64	0.19	0.00
1	1	0.00	0.00	0.28	0.79	0.00
1	5	0.00	0.00	7.68	90.54	0.00
2	2	0.00	0.00	0.24	0.50	0.00
2	6	0.00	0.06	1.07	0.00	0.00
3	3	0.00	0.00	0.19	0.90	0.00
3	7	0.00	0.00	0.29	0.79	0.00
Core	CPU	C1%	C3%	C6%	C8%	C9%
-	-	0.01	0.32	7.01	14.80	2.26
0	0	0.09	2.44	44.83	25.83	0.00
0	4	0.00	0.03	0.59	0.00	18.06
1	1	0.00	0.00	0.10	0.99	0.00
1	5	0.00	0.00	8.84	88.53	0.00
2	2	0.00	0.00	0.37	0.59	0.00
2	6	0.00	0.13	0.99	0.80	0.00
3	3	0.00	0.00	0.13	0.50	0.00
3	7	0.00	0.00	0.20	1.19	0.00
Core	CPU	C1%	C3%	C6%	C8%	C9%
-	-	0.02	0.14	6.36	15.72	0.00
0	0	0.09	0.88	40.88	31.16	0.00
0	4	0.00	0.00	0.70	0.00	0.00
1	1	0.00	0.00	0.19	0.89	0.00
1	5	0.00	0.02	7.35	90.84	0.00
2	2	0.00	0.00	0.26	0.99	0.00
2	6	0.00	0.16	1.02	1.00	0.00
3	3	0.00	0.02	0.30	0.40	0.00
3	7	0.09	0.00	0.20	0.50	0.00
Core	CPU	C1%	C3%	C6%	C8%	C9%
-	-	0.01	0.37	8.88	14.97	0.00
0	0	0.08	2.84	53.20	17.63	0.00
0	4	0.00	0.00	12.16	55.97	0.00
1	1	0.00	0.00	0.27	0.80	0.00
1	5	0.00	0.00	2.88	27.91	0.00
2	2	0.00	0.00	0.30	0.88	0.00
2	6	0.00	0.03	1.03	0.30	0.00
3	3	0.00	0.00	0.25	1.38	0.00
3	7	0.00	0.09	0.95	14.87	0.00
Core	CPU	C1%	C3%	C6%	C8%	C9%
-	-	0.02	0.24	6.91	16.89	0.00
0	0	0.19	1.89	41.62	27.69	0.00
0	4	0.00	0.00	9.22	80.59	0.00
1	1	0.00	0.00	0.70	1.90	0.00
1	5	0.00	0.00	0.71	7.20	0.00
2	2	0.00	0.02	0.32	0.80	0.00
2	6	0.00	0.00	1.38	1.59	0.00
3	3	0.00	0.00	0.63	1.20	0.00
3	7	0.00	0.01	0.74	14.17	0.00
Core	CPU	C1%	C3%	C6%	C8%	C9%
-	-	0.01	0.14	6.55	15.53	0.00
0	0	0.06	1.07	42.90	29.00	0.00
0	4	0.00	0.00	0.70	0.00	0.00
1	1	0.00	0.00	0.19	0.79	0.00
1	5	0.00	0.00	6.56	91.68	0.00
2	2	0.00	0.00	0.25	0.89	0.00
2	6	0.00	0.00	0.82	0.90	0.00
3	3	0.00	0.01	0.29	0.59	0.00
3	7	0.00	0.00	0.68	0.40	0.00
Core	CPU	C1%	C3%	C6%	C8%	C9%
-	-	0.41	0.35	6.97	14.81	0.11
0	0	0.18	2.26	41.97	23.21	0.01
0	4	0.00	0.03	0.61	0.40	0.86
1	1	3.06	0.36	4.08	2.89	0.00
1	5	0.00	0.12	6.82	90.73	0.00
2	2	0.00	0.00	0.37	0.79	0.00
2	6	0.00	0.05	0.88	0.30	0.00
3	3	0.00	0.00	0.53	0.10	0.00
3	7	0.00	0.00	0.50	0.10	0.00
Core	CPU	C1%	C3%	C6%	C8%	C9%
-	-	0.33	0.29	7.09	14.77	0.00
0	0	0.06	1.45	43.80	24.85	0.00
0	4	0.00	0.00	2.02	7.37	0.00
1	1	2.55	0.80	2.98	0.50	0.00
1	5	0.00	0.00	7.06	82.76	0.00
2	2	0.00	0.00	0.00	0.60	0.00
2	6	0.00	0.08	0.54	0.79	0.00
3	3	0.00	0.00	0.28	0.89	0.00
3	7	0.00	0.00	0.05	0.39	0.00
Core	CPU	C1%	C3%	C6%	C8%	C9%
-	-	0.03	0.17	7.30	14.89	0.00
0	0	0.20	1.30	43.76	27.71	0.00
0	4	0.00	0.00	11.16	86.98	0.00
1	1	0.00	0.00	0.57	1.15	0.00
1	5	0.00	0.00	0.36	0.60	0.00
2	2	0.00	0.00	0.35	0.89	0.00
2	6	0.00	0.07	1.32	0.10	0.00
3	3	0.00	0.00	0.20	0.90	0.00
3	7	0.00	0.00	0.68	0.79	0.00
Core	CPU	C1%	C3%	C6%	C8%	C9%
-	-	0.03	0.32	6.13	15.89	0.00
0	0	0.23	2.37	37.19	32.63	0.00
0	4	0.00	0.00	8.32	87.48	0.00
1	1	0.00	0.01	0.39	1.20	0.00
1	5	0.00	0.00	0.41	1.37	0.00
2	2	0.00	0.00	0.48	1.28	0.00
2	6	0.00	0.09	1.41	0.59	0.00
3	3	0.00	0.00	0.55	1.08	0.00
3	7	0.01	0.06	0.34	1.47	0.00
Core	CPU	C1%	C3%	C6%	C8%	C9%
-	-	2.19	0.77	6.74	12.68	0.28
0	0	0.14	0.91	22.44	13.66	2.25
0	4	0.00	0.00	15.40	83.25	0.00
1	1	0.00	0.00	0.28	1.28	0.00
1	5	0.00	0.02	0.27	1.58	0.00
2	2	0.00	0.00	0.00	0.60	0.00
2	6	0.00	0.06	1.07	0.39	0.00
3	3	0.00	0.00	0.36	0.49	0.00
3	7	17.36	5.15	14.14	0.20	0.00
Core	CPU	C1%	C3%	C6%	C8%	C9%
-	-	0.03	0.40	8.42	13.81	0.11
0	0	0.16	3.08	50.05	19.93	0.00
0	4	0.00	0.00	13.75	84.08	0.00
1	1	0.00	0.00	0.34	1.09	0.00
1	5	0.04	0.00	0.57	1.19	0.00
2	2	0.00	0.00	0.29	0.90	0.00
2	6	0.00	0.12	1.41	1.38	0.88
3	3	0.00	0.00	0.37	0.79	0.00
3	7	0.00	0.00	0.59	1.09	0.00
Core	CPU	C1%	C3%	C6%	C8%	C9%
-	-	0.02	0.20	7.35	14.96	0.00
0	0	0.15	1.46	45.54	25.92	0.00
0	4	0.00	0.00	7.36	50.55	0.00
1	1	0.00	0.00	0.34	1.19	0.00
1	5	0.00	0.00	3.13	39.54	0.00
2	2	0.00	0.01	0.39	0.70	0.00
2	6	0.00	0.14	1.25	0.40	0.00
3	3	0.00	0.00	0.47	0.40	0.00
3	7	0.00	0.00	0.29	0.98	0.00
Core	CPU	C1%	C3%	C6%	C8%	C9%
-	-	0.01	0.19	6.92	15.38	0.00
0	0	0.05	1.43	45.01	26.59	0.00
0	4	0.00	0.00	0.88	0.00	0.00
1	1	0.00	0.00	0.28	1.19	0.00
1	5	0.00	0.01	6.85	91.42	0.00
2	2	0.00	0.00	0.24	1.19	0.00
2	6	0.00	0.08	1.25	0.50	0.00
3	3	0.00	0.00	0.19	1.10	0.00
3	7	0.00	0.00	0.67	1.09	0.00
Core	CPU	C1%	C3%	C6%	C8%	C9%
-	-	0.01	0.39	6.96	14.67	0.28
0	0	0.05	2.89	44.55	24.71	0.00
0	4	0.00	0.02	0.76	0.40	0.00
1	1	0.00	0.00	0.53	0.61	2.21
1	5	0.00	0.02	6.31	89.31	0.00
2	2	0.00	0.00	0.33	0.80	0.00
2	6	0.00	0.13	1.11	0.80	0.00
3	3	0.00	0.02	1.10	0.10	0.00
3	7	0.01	0.02	0.97	0.66	0.00
Core	CPU	C1%	C3%	C6%	C8%	C9%
-	-	0.01	0.25	7.55	14.99	0.00
0	0	0.05	1.89	48.14	23.02	0.00
0	4	0.00	0.03	1.18	0.00	0.00
1	1	0.00	0.00	0.29	1.60	0.00
1	5	0.00	0.00	7.35	90.96	0.00
2	2	0.00	0.00	0.37	1.38	0.00
2	6	0.00	0.04	1.19	1.48	0.00
3	3	0.00	0.00	0.93	0.69	0.00
3	7	0.00	0.00	0.98	0.79	0.00
Core	CPU	C1%	C3%	C6%	C8%	C9%
-	-	0.01	0.30	7.33	15.04	0.11
0	0	0.05	2.29	48.05	22.67	0.00
0	4	0.00	0.00	1.31	0.52	0.00
1	1	0.00	0.02	0.29	1.49	0.00
1	5	0.00	0.00	3.24	49.69	0.00
2	2	0.00	0.00	0.29	0.99	0.00
2	6	0.00	0.06	1.47	0.99	0.89
3	3	0.00	0.00	0.35	0.79	0.00
3	7	0.00	0.03	3.62	43.22	0.00
Core	CPU	C1%	C3%	C6%	C8%	C9%
-	-	0.01	0.20	6.97	15.35	0.00
0	0	0.05	1.54	46.65	24.84	0.00
0	4	0.00	0.00	0.77	0.18	0.00
1	1	0.00	0.00	0.34	1.00	0.00
1	5	0.00	0.00	0.23	0.99	0.00
2	2	0.00	0.00	0.29	1.19	0.00
2	6	0.00	0.06	1.14	1.44	0.00
3	3	0.00	0.00	0.28	0.95	0.00
3	7	0.00	0.00	6.07	92.18	0.00
Core	CPU	C1%	C3%	C6%	C8%	C9%
-	-	0.01	0.13	6.56	15.41	0.00
0	0	0.07	0.81	41.50	30.64	0.00
0	4	0.00	0.02	0.66	0.11	0.00
1	1	0.00	0.00	0.48	0.79	0.00
1	5	0.00	0.02	2.38	27.91	0.00
2	2	0.00	0.00	0.54	0.20	0.00
2	6	0.00	0.16	0.97	0.00	0.00
3	3	0.00	0.02	0.37	0.30	0.00
3	7	0.00	0.00	5.59	63.31	0.00
Core	CPU	C1%	C3%	C6%	C8%	C9%
-	-	0.01	0.39	6.41	14.68	0.00
0	0	0.06	3.07	41.99	27.14	0.00
0	4	0.00	0.03	0.59	0.00	0.00
1	1	0.00	0.00	0.10	0.89	0.00
1	5	0.00	0.00	6.25	85.05	0.00
2	2	0.00	0.00	0.27	0.59	0.00
2	6	0.00	0.01	1.25	0.39	0.00
3	3	0.00	0.00	0.53	0.00	0.00
3	7	0.01	0.00	0.32	3.35	0.00
Core	CPU	C1%	C3%	C6%	C8%	C9%
-	-	0.01	0.17	6.91	15.60	0.00
0	0	0.06	1.30	44.05	27.68	0.00
0	4	0.00	0.00	1.89	0.22	0.00
1	1	0.00	0.00	0.33	1.79	0.00
1	5	0.00	0.02	6.71	91.53	0.00
2	2	0.00	0.00	0.19	1.09	0.00
2	6	0.00	0.04	1.52	0.60	0.00
3	3	0.00	0.00	0.37	0.79	0.00
3	7	0.00	0.00	0.25	1.09	0.00
Core	CPU	C1%	C3%	C6%	C8%	C9%
-	-	0.66	0.46	7.44	14.31	0.11
0	0	0.05	2.62	42.92	19.28	0.01
0	4	0.00	0.00	0.66	0.50	0.00
1	1	5.23	1.03	6.88	0.99	0.00
1	5	0.00	0.00	7.05	91.17	0.00
2	2	0.00	0.00	0.31	1.00	0.00
2	6	0.00	0.05	0.90	0.20	0.00
3	3	0.00	0.00	0.19	0.78	0.00
3	7	0.00	0.01	0.63	0.58	0.89
Core	CPU	C1%	C3%	C6%	C8%	C9%
-	-	0.01	0.20	7.09	15.29	0.00
0	0	0.06	1.50	46.22	25.29	0.00
0	4	0.00	0.00	0.96	0.61	0.00
1	1	0.00	0.00	0.37	1.00	0.00
1	5	0.00	0.00	6.51	90.38	0.00
2	2	0.00	0.00	0.34	0.99	0.00
2	6	0.00	0.10	1.43	1.47	0.00
3	3	0.00	0.00	0.39	1.19	0.00
3	7	0.00	0.00	0.49	1.38	0.00
Core	CPU	C1%	C3%	C6%	C8%	C9%
-	-	0.01	0.15	6.75	15.28	0.00
0	0	0.08	1.08	42.68	29.21	0.00
0	4	0.00	0.00	0.31	0.61	0.00
1	1	0.00	0.00	0.20	1.00	0.00
1	5	0.00	0.00	1.21	13.31	0.00
2	2	0.00	0.00	0.27	0.69	0.00
2	6	0.00	0.14	8.93	76.23	0.00
3	3	0.00	0.00	0.23	0.50	0.00
3	7	0.00	0.00	0.13	0.70	0.00
Core	CPU	C1%	C3%	C6%	C8%	C9%
-	-	0.01	0.36	6.68	15.28	0.00
0	0	0.08	2.80	41.57	27.92	0.00
0	4	0.00	0.01	1.51	0.20	0.00
1	1	0.00	0.00	0.30	1.19	0.00
1	5	0.00	0.00	4.00	51.09	0.00
2	2	0.00	0.00	0.54	1.69	0.00
2	6	0.00	0.02	4.76	37.50	0.00
3	3	0.00	0.02	0.56	1.88	0.00
3	7	0.01	0.00	0.20	0.79	0.00
Core	CPU	C1%	C3%	C6%	C8%	C9%
-	-	0.01	0.12	6.49	15.74	0.00
0	0	0.07	0.89	42.14	29.93	0.00
0	4	0.00	0.00	0.93	0.00	0.00
1	1	0.00	0.02	0.29	0.80	0.00
1	5	0.00	0.02	6.94	91.28	0.00
2	2	0.00	0.00	0.29	1.08	0.00
2	6	0.00	0.03	0.93	0.89	0.00
3	3	0.00	0.00	0.25	0.99	0.00
3	7	0.00	0.03	0.10	0.99	0.00
Core	CPU	C1%	C3%	C6%	C8%	C9%
-	-	1.57	0.67	6.81	18.22	0.21
0	0	0.28	1.32	33.81	20.31	0.00
0	4	0.00	0.00	0.93	0.49	1.68
1	1	0.00	0.00	0.40	0.79	0.00
1	5	0.00	0.00	5.89	86.43	0.00
2	2	4.81	2.29	6.36	1.59	0.00
2	6	7.47	1.64	5.44	6.27	0.00
3	3	0.00	0.00	0.29	0.88	0.00
3	7	0.01	0.15	1.35	28.97	0.00
Core	CPU	C1%	C3%	C6%	C8%	C9%
-	-	0.01	0.07	6.33	15.87	0.00
0	0	0.09	0.55	39.13	33.38	0.00
0	4	0.00	0.00	0.39	0.41	0.00
1	1	0.00	0.00	0.28	1.19	0.00
1	5	0.00	0.00	1.67	19.46	0.00
2	2	0.00	0.00	0.45	0.60	0.00
2	6	0.00	0.04	7.77	70.36	0.00
3	3	0.00	0.01	0.39	1.10	0.00
3	7	0.00	0.00	0.58	0.50	0.00
Core	CPU	C1%	C3%	C6%	C8%	C9%
-	-	0.01	0.21	7.12	15.21	0.05
0	0	0.07	1.58	44.99	26.52	0.00
0	4	0.00	0.02	1.78	0.27	0.40
1	1	0.00	0.00	0.60	0.88	0.00
1	5	0.00	0.00	1.13	16.21	0.00
2	2	0.00	0.00	0.37	0.78	0.00
2	6	0.00	0.08	7.29	74.80	0.00
3	3	0.00	0.00	0.32	0.61	0.00
3	7	0.00	0.00	0.53	1.58	0.00
Core	CPU	C1%	C3%	C6%	C8%	C9%
-	-	0.01	0.29	6.18	15.52	1.52
0	0	0.08	2.24	39.79	29.96	0.00
0	4	0.00	0.00	1.10	1.35	8.57
1	1	0.00	0.00	0.13	0.89	0.00
1	5	0.00	0.04	6.96	88.58	0.00
2	2	0.00	0.00	0.10	0.89	0.00
2	6	0.00	0.05	0.64	0.69	0.00
3	3	0.00	0.00	0.37	0.49	0.00
3	7	0.00	0.00	0.33	1.28	3.56
Core	CPU	C1%	C3%	C6%	C8%	C9%
-	-	0.02	0.07	6.12	16.07	0.00
0	0	0.19	0.51	38.88	33.53	0.00
0	4	0.00	0.00	0.45	0.53	0.00
1	1	0.00	0.00	0.24	0.99	0.00
1	5	0.00	0.00	7.22	91.00	0.00
2	2	0.00	0.00	0.19	0.90	0.00
2	6	0.00	0.09	0.98	0.40	0.00
3	3	0.00	0.00	0.37	0.69	0.00
3	7	0.00	0.00	0.63	0.51	0.00
Core	CPU	C1%	C3%	C6%	C8%	C9%
-	-	0.06	0.18	6.55	15.58	0.00
0	0	0.25	1.37	40.41	31.22	0.00
0	4	0.00	0.00	1.47	0.20	0.00
1	1	0.05	0.00	0.26	0.79	0.00
1	5	0.18	0.00	1.16	11.03	0.00
2	2	0.00	0.00	6.97	78.82	0.00
2	6	0.00	0.08	1.42	0.30	0.00
3	3	0.00	0.00	0.19	1.49	0.00
3	7	0.00	0.00	0.48	0.79	0.00
Core	CPU	C1%	C3%	C6%	C8%	C9%
-	-	0.03	0.10	6.73	15.72	0.06
0	0	0.24	0.77	40.51	31.74	0.00
0	4	0.00	0.02	1.13	0.52	0.51
1	1	0.00	0.00	0.10	0.89	0.00
1	5	0.00	0.00	0.78	0.30	0.00
2	2	0.00	0.00	9.22	89.04	0.00
2	6	0.00	0.03	1.28	2.05	0.00
3	3	0.00	0.00	0.32	0.61	0.00
3	7	0.00	0.00	0.49	0.60	0.00
Core	CPU	C1%	C3%	C6%	C8%	C9%
-	-	0.03	0.05	6.25	16.05	0.00
0	0	0.28	0.27	37.41	35.33	0.00
0	4	0.00	0.00	0.74	0.00	0.00
1	1	0.00	0.00	0.82	0.30	0.00
1	5	0.00	0.01	0.89	0.39	0.00
2	2	0.00	0.00	8.40	89.82	0.00
2	6	0.00	0.10	1.12	0.61	0.00
3	3	0.00	0.00	0.36	0.99	0.00
3	7	0.00	0.01	0.23	0.98	0.00
Core	CPU	C1%	C3%	C6%	C8%	C9%
-	-	0.03	0.29	6.22	15.92	0.00
0	0	0.25	2.18	38.56	31.64	0.00
0	4	0.00	0.00	0.85	0.00	0.00
1	1	0.00	0.00	0.35	2.46	0.00
1	5	0.00	0.00	0.44	1.48	0.00
2	2	0.00	0.01	7.26	88.60	0.00
2	6	0.00	0.09	1.07	0.39	0.00
3	3	0.00	0.00	0.47	1.58	0.00
3	7	0.01	0.00	0.75	1.19	0.00
Core	CPU	C1%	C3%	C6%	C8%	C9%
-	-	0.03	0.04	6.07	16.05	0.00
0	0	0.25	0.25	37.50	35.23	0.00
0	4	0.00	0.00	0.79	0.00	0.00
1	1	0.00	0.00	0.28	0.79	0.00
1	5	0.00	0.00	0.45	1.09	0.00
2	2	0.00	0.00	7.95	89.39	0.00
2	6	0.00	0.06	1.16	0.40	0.00
3	3	0.00	0.00	0.09	0.90	0.00
3	7	0.00	0.00	0.37	0.60	0.00
Core	CPU	C1%	C3%	C6%	C8%	C9%
-	-	0.03	0.11	6.27	15.91	0.00
0	0	0.24	0.81	38.54	33.50	0.00
0	4	0.00	0.05	1.77	0.11	0.00
1	1	0.00	0.00	0.10	1.09	0.00
1	5	0.00	0.00	0.45	1.67	0.00
2	2	0.00	0.00	8.02	89.82	0.00
2	6	0.00	0.00	1.03	0.20	0.00
3	3	0.00	0.00	0.22	0.31	0.00
3	7	0.00	0.00	0.04	0.60	0.00
Core	CPU	C1%	C3%	C6%	C8%	C9%
-	-	0.03	0.06	6.20	16.41	0.00
0	0	0.24	0.45	38.62	34.00	0.00
0	4	0.00	0.00	0.85	0.38	0.00
1	1	0.00	0.00	0.33	1.19	0.00
1	5	0.00	0.00	0.32	1.39	0.00
2	2	0.00	0.00	7.73	90.47	0.00
2	6	0.00	0.02	1.23	1.97	0.00
3	3	0.00	0.00	0.27	0.79	0.00
3	7	0.00	0.01	0.24	1.09	0.00
Core	CPU	C1%	C3%	C6%	C8%	C9%
-	-	0.03	0.05	6.48	15.95	0.00
0	0	0.26	0.42	38.65	33.97	0.00
0	4	0.00	0.00	0.53	0.71	0.00
1	1	0.00	0.00	1.02	0.30	0.00
1	5	0.00	0.01	0.99	0.39	0.00
2	2	0.00	0.00	8.26	89.46	0.00
2	6	0.00	0.00	1.07	1.08	0.00
3	3	0.00	0.00	0.27	1.08	0.00
3	7	0.00	0.00	1.04	0.59	0.00
Core	CPU	C1%	C3%	C6%	C8%	C9%
-	-	0.03	0.26	6.38	15.42	0.00
0	0	0.21	1.98	39.42	30.66	0.00
0	4	0.00	0.00	0.76	0.22	0.00
1	1	0.00	0.00	0.35	0.70	0.00
1	5	0.00	0.00	0.34	0.79	0.00
2	2	0.00	0.00	8.33	87.25	0.00
2	6	0.00	0.06	1.10	1.88	0.00
3	3	0.00	0.00	0.29	1.09	0.00
3	7	0.00	0.00	0.46	0.79	0.00
Core	CPU	C1%	C3%	C6%	C8%	C9%
-	-	0.04	0.05	6.20	16.12	0.00
0	0	0.29	0.36	38.40	34.23	0.00
0	4	0.00	0.00	2.07	0.11	0.00
1	1	0.00	0.00	0.20	0.88	0.00
1	5	0.00	0.00	0.28	0.69	0.00
2	2	0.00	0.00	7.19	91.03	0.00
2	6	0.00	0.00	0.82	0.20	0.00
3	3	0.00	0.02	0.29	0.60	0.00
3	7	0.00	0.00	0.38	1.20	0.00
Core	CPU	C1%	C3%	C6%	C8%	C9%
-	-	0.03	0.17	6.31	15.85	0.00
0	0	0.26	1.31	40.16	31.68	0.00
0	4	0.00	0.00	0.66	0.11	0.00
1	1	0.00	0.00	0.19	0.99	0.00
1	5	0.00	0.00	0.35	1.38	0.00
2	2	0.00	0.00	7.82	90.24	0.00
2	6	0.00	0.02	0.89	1.08	0.00
3	3	0.00	0.02	0.19	0.50	0.00
3	7	0.00	0.00	0.19	0.79	0.00
Core	CPU	C1%	C3%	C6%	C8%	C9%
-	-	0.03	0.06	6.21	16.15	0.00
0	0	0.25	0.44	39.11	33.45	0.00
0	4	0.00	0.00	0.63	0.00	0.00
1	1	0.00	0.00	0.19	0.90	0.00
1	5	0.00	0.00	0.19	1.00	0.00
2	2	0.00	0.00	6.98	78.69	0.00
2	6	0.00	0.01	1.09	1.39	0.00
3	3	0.00	0.00	1.26	12.62	0.00
3	7	0.00	0.02	0.20	1.18	0.00
Core	CPU	C1%	C3%	C6%	C8%	C9%
-	-	0.03	0.04	6.28	16.19	0.00
0	0	0.27	0.32	37.76	34.96	0.00
0	4	0.00	0.00	0.96	0.00	0.00
1	1	0.00	0.00	0.24	1.10	0.00
1	5	0.00	0.00	0.23	1.48	0.00
2	2	0.00	0.01	6.59	61.18	0.00
2	6	0.00	0.03	1.25	1.18	0.00
3	3	0.00	0.00	2.78	29.05	0.00
3	7	0.00	0.00	0.45	0.59	0.00
Core	CPU	C1%	C3%	C6%	C8%	C9%
-	-	0.03	0.31	6.56	15.46	0.36
0	0	0.22	2.41	41.05	29.40	0.00
0	4	0.00	0.00	0.72	1.29	0.00
1	1	0.00	0.00	0.35	0.81	0.00
1	5	0.00	0.00	0.15	0.99	0.00
2	2	0.00	0.00	0.59	5.03	0.00
2	6	0.00	0.08	2.66	0.80	0.00
3	3	0.00	0.00	6.48	84.69	0.00
3	7	0.01	0.00	0.45	0.69	2.89
Core	CPU	C1%	C3%	C6%	C8%	C9%
-	-	0.05	0.04	6.12	16.32	0.00
0	0	0.30	0.22	37.27	35.47	0.00
0	4	0.00	0.00	1.00	0.00	0.00
1	1	0.00	0.00	0.29	1.19	0.00
1	5	0.00	0.00	0.27	1.29	0.00
2	2	0.00	0.00	0.26	1.18	0.00
2	6	0.00	0.07	1.36	0.20	0.00
3	3	0.00	0.02	7.91	90.32	0.00
3	7	0.07	0.00	0.58	0.94	0.00
Core	CPU	C1%	C3%	C6%	C8%	C9%
-	-	0.02	0.17	6.51	15.82	0.00
0	0	0.20	1.36	40.76	30.94	0.00
0	4	0.00	0.00	0.53	0.21	0.00
1	1	0.00	0.00	0.32	0.89	0.00
1	5	0.00	0.00	0.19	0.90	0.00
2	2	0.00	0.00	0.29	1.18	0.00
2	6	0.00	0.02	1.34	0.59	0.00
3	3	0.00	0.00	7.71	90.58	0.00
3	7	0.00	0.00	0.94	1.28	0.00
Core	CPU	C1%	C3%	C6%	C8%	C9%
-	-	0.04	0.01	5.87	16.21	0.00
0	0	0.31	0.06	36.38	36.42	0.00
0	4	0.00	0.00	0.38	0.38	0.00
1	1	0.00	0.00	0.54	0.59	0.00
1	5	0.00	0.00	0.22	0.70	0.00
2	2	0.00	0.00	0.19	0.59	0.00
2	6	0.00	0.03	0.86	0.59	0.00
3	3	0.00	0.00	8.05	90.20	0.00
3	7	0.00	0.00	0.34	0.20	0.00
Core	CPU	C1%	C3%	C6%	C8%	C9%
-	-	0.02	0.20	7.30	18.64	0.00
0	0	0.17	1.43	45.06	26.52	0.00
0	4	0.00	0.02	2.34	0.00	0.00
1	1	0.00	0.00	0.31	1.48	0.00
1	5	0.00	0.00	0.23	1.10	0.00
2	2	0.00	0.01	0.19	0.70	0.00
2	6	0.00	0.03	1.15	0.40	0.00
3	3	0.00	0.00	8.20	90.07	0.00
3	7	0.01	0.15	0.91	28.86	0.00
Core	CPU	C1%	C3%	C6%	C8%	C9%
-	-	0.01	0.30	6.49	15.42	0.42
0	0	0.09	2.38	40.95	28.66	0.00
0	4	0.00	0.00	0.88	0.00	0.00
1	1	0.00	0.00	0.56	2.17	0.00
1	5	0.00	0.00	0.36	1.28	0.00
2	2	0.00	0.00	0.25	1.09	0.00
2	6	0.00	0.03	1.00	0.49	0.00
3	3	0.00	0.00	7.07	88.55	0.00
3	7	0.01	0.01	0.87	1.09	3.35
Core	CPU	C1%	C3%	C6%	C8%	C9%
-	-	0.01	0.14	6.53	15.63	0.00
0	0	0.07	1.05	42.29	29.64	0.00
0	4	0.00	0.00	0.89	0.00	0.00
1	1	0.00	0.00	0.10	0.99	0.00
1	5	0.00	0.00	0.28	0.99	0.00
2	2	0.00	0.00	0.55	0.80	0.00
2	6	0.00	0.03	0.69	0.89	0.00
3	3	0.00	0.02	7.31	90.98	0.00
3	7	0.00	0.00	0.10	0.80	0.00
Core	CPU	C1%	C3%	C6%	C8%	C9%
-	-	0.01	0.23	6.72	15.59	0.00
0	0	0.09	1.83	42.83	28.41	0.00
0	4	0.00	0.00	0.94	0.00	0.00
1	1	0.00	0.00	0.91	0.50	0.00
1	5	0.00	0.00	0.78	0.70	0.00
2	2	0.00	0.00	0.39	1.48	0.00
2	6	0.00	0.03	0.74	1.09	0.00
3	3	0.00	0.00	6.79	91.54	0.00
3	7	0.00	0.00	0.42	0.99	0.00
Core	CPU	C1%	C3%	C6%	C8%	C9%
-	-	0.01	0.12	6.53	15.84	0.00
0	0	0.09	0.91	41.44	30.61	0.00
0	4	0.00	0.00	1.10	0.83	0.00
1	1	0.00	0.00	0.25	1.09	0.00
1	5	0.00	0.00	0.44	0.69	0.00
2	2	0.00	0.02	0.39	0.90	0.00
2	6	0.00	0.07	1.23	0.70	0.00
3	3	0.00	0.00	7.07	91.23	0.00
3	7	0.00	0.00	0.37	0.69	0.00
Core	CPU	C1%	C3%	C6%	C8%	C9%
-	-	0.03	0.09	6.30	16.16	0.00
0	0	0.12	0.70	40.32	31.89	0.00
0	4	0.00	0.00	0.29	0.81	0.00
1	1	0.00	0.00	0.19	1.09	0.00
1	5	0.00	0.00	0.27	1.10	0.00
2	2	0.00	0.00	0.35	1.28	0.00
2	6	0.00	0.00	1.24	0.69	0.00
3	3	0.00	0.01	7.23	91.04	0.00
3	7	0.12	0.00	0.48	1.38	0.00
Core	CPU	C1%	C3%	C6%	C8%	C9%
-	-	0.01	0.23	6.18	15.15	0.08
0	0	0.11	1.71	39.92	29.57	0.00
0	4	0.00	0.00	0.45	0.18	0.66
1	1	0.00	0.02	0.29	0.80	0.00
1	5	0.00	0.00	0.10	0.60	0.00
2	2	0.00	0.00	0.19	0.88	0.00
2	6	0.00	0.08	0.88	0.79	0.00
3	3	0.00	0.00	7.61	87.90	0.00
3	7	0.01	0.00	0.04	0.49	0.00
Core	CPU	C1%	C3%	C6%	C8%	C9%
-	-	0.02	0.08	6.17	16.11	0.00
0	0	0.14	0.56	38.64	33.71	0.00
0	4	0.00	0.00	1.14	0.40	0.00
1	1	0.00	0.00	0.15	0.89	0.00
1	5	0.00	0.00	0.62	0.50	0.00
2	2	0.00	0.00	5.64	71.10	0.00
2	6	0.00	0.04	0.93	0.59	0.00
3	3	0.00	0.00	1.95	20.59	0.00
3	7	0.00	0.00	0.25	1.09	0.00
Core	CPU	C1%	C3%	C6%	C8%	C9%
-	-	0.01	0.22	6.43	16.04	0.00
0	0	0.10	1.67	40.69	30.71	0.00
0	4	0.00	0.00	0.51	1.11	0.00
1	1	0.00	0.00	0.35	1.00	0.00
1	5	0.00	0.00	0.44	1.77	0.00
2	2	0.00	0.00	7.25	90.37	0.00
2	6	0.00	0.05	1.30	1.28	0.00
3	3	0.00	0.00	0.49	1.08	0.00
3	7	0.00	0.00	0.37	0.98	0.00
Core	CPU	C1%	C3%	C6%	C8%	C9%
-	-	0.03	0.11	6.39	15.76	0.12
0	0	0.14	0.80	40.73	31.45	0.00
0	4	0.00	0.00	0.69	0.00	0.00
1	1	0.00	0.00	0.19	0.89	0.00
1	5	0.00	0.00	0.27	0.80	0.00
2	2	0.00	0.00	7.72	90.53	0.00
2	6	0.08	0.07	0.82	0.80	0.96
3	3	0.00	0.01	0.39	0.70	0.00
3	7	0.00	0.00	0.29	0.88	0.00
Core	CPU	C1%	C3%	C6%	C8%	C9%
-	-	0.03	0.13	6.55	15.54	0.00
0	0	0.15	0.91	40.58	31.45	0.00
0	4	0.00	0.01	0.79	0.00	0.00
1	1	0.00	0.00	0.20	0.88	0.00
1	5	0.00	0.00	0.27	0.90	0.00
2	2	0.00	0.00	8.67	89.58	0.00
2	6	0.08	0.11	1.10	0.30	0.00
3	3	0.00	0.02	0.29	0.59	0.00
3	7	0.00	0.00	0.47	0.62	0.00
Core	CPU	C1%	C3%	C6%	C8%	C9%
-	-	0.01	0.32	6.30	15.36	0.00
0	0	0.12	2.51	38.87	30.92	0.00
0	4	0.00	0.00	0.83	0.11	0.00
1	1	0.00	0.00	0.72	0.49	0.00
1	5	0.00	0.00	0.79	0.60	0.00
2	2	0.00	0.00	5.99	67.25	0.00
2	6	0.00	0.08	1.10	0.29	0.00
3	3	0.00	0.00	1.75	22.07	0.00
3	7	0.00	0.00	0.37	1.18	0.00
Core	CPU	C1%	C3%	C6%	C8%	C9%
-	-	0.02	0.10	6.60	15.92	0.00
0	0	0.14	0.66	40.10	32.08	0.00
0	4	0.00	0.00	2.22	1.00	0.00
1	1	0.00	0.02	0.24	0.99	0.00
1	5	0.00	0.00	0.23	1.09	0.00
2	2	0.00	0.00	5.91	57.35	0.00
2	6	0.00	0.12	1.27	0.60	0.00
3	3	0.00	0.00	2.39	33.79	0.00
3	7	0.00	0.02	0.40	0.49	0.00
Core	CPU	C1%	C3%	C6%	C8%	C9%
-	-	0.20	0.27	6.37	15.91	0.00
0	0	0.14	1.39	38.03	30.37	0.00
0	4	0.00	0.00	0.59	0.11	0.00
1	1	1.43	0.66	2.14	0.79	0.00
1	5	0.00	0.00	0.43	1.58	0.00
2	2	0.00	0.00	0.20	1.88	0.00
2	6	0.00	0.14	1.46	1.20	0.00
3	3	0.00	0.00	7.33	90.66	0.00
3	7	0.00	0.00	0.75	0.69	0.00
Core	CPU	C1%	C3%	C6%	C8%	C9%
-	-	1.78	0.57	6.57	14.27	0.70
0	0	0.04	1.03	30.31	17.13	0.01
0	4	0.00	0.00	0.42	1.00	5.58
1	1	14.17	3.49	12.51	0.68	0.00
1	5	0.00	0.00	0.89	0.89	0.00
2	2	0.00	0.00	0.77	20.29	0.00
2	6	0.00	0.03	1.37	0.59	0.00
3	3	0.00	0.00	5.52	73.13	0.00
3	7	0.00	0.03	0.79	0.49	0.00
Core	CPU	C1%	C3%	C6%	C8%	C9%
-	-	0.01	0.14	6.71	15.47	0.00
0	0	0.08	1.05	43.01	28.95	0.00
0	4	0.00	0.00	0.66	0.11	0.00
1	1	0.00	0.00	0.35	0.79	0.00
1	5	0.00	0.00	0.53	0.70	0.00
2	2	0.00	0.02	5.54	66.52	0.00
2	6	0.00	0.06	1.04	0.79	0.00
3	3	0.00	0.00	2.06	25.42	0.00
3	7	0.00	0.00	0.46	0.49	0.00
Core	CPU	C1%	C3%	C6%	C8%	C9%
-	-	0.01	0.33	6.31	15.66	0.70
0	0	0.09	2.53	39.80	29.93	0.00
0	4	0.00	0.00	0.82	1.32	3.07
1	1	0.00	0.00	0.77	0.40	0.00
1	5	0.00	0.00	0.36	0.69	0.00
2	2	0.00	0.00	6.45	89.35	0.00
2	6	0.00	0.11	1.18	0.19	0.00
3	3	0.00	0.00	0.56	1.61	0.00
3	7	0.01	0.00	0.56	1.77	2.56
Core	CPU	C1%	C3%	C6%	C8%	C9%
-	-	0.02	0.07	6.16	16.19	0.00
0	0	0.15	0.42	38.74	33.81	0.00
0	4	0.00	0.00	0.49	0.31	0.00
1	1	0.00	0.00	0.19	0.89	0.00
1	5	0.00	0.00	0.27	1.09	0.00
2	2	0.00	0.00	7.49	90.74	0.00
2	6	0.00	0.08	1.58	0.99	0.00
3	3	0.00	0.02	0.29	0.93	0.00
3	7	0.00	0.00	0.19	0.79	0.00
Core	CPU	C1%	C3%	C6%	C8%	C9%
-	-	0.02	0.15	6.17	16.19	0.00
0	0	0.12	1.09	38.84	33.06	0.00
0	4	0.00	0.00	0.71	0.21	0.00
1	1	0.00	0.01	0.39	0.99	0.00
1	5	0.00	0.00	0.39	1.39	0.00
2	2	0.00	0.00	0.39	1.19	0.00
2	6	0.00	0.08	0.95	0.59	0.00
3	3	0.00	0.00	7.28	90.98	0.00
3	7	0.00	0.00	0.38	1.08	0.01
Core	CPU	C1%	C3%	C6%	C8%	C9%
-	-	0.01	0.09	6.37	15.95	0.00
0	0	0.11	0.67	40.18	32.08	0.00
0	4	0.00	0.00	0.67	0.30	0.00
1	1	0.00	0.00	0.35	1.48	0.00
1	5	0.00	0.00	0.43	0.79	0.00
2	2	0.00	0.01	0.39	1.00	0.00
2	6	0.00	0.03	1.16	0.40	0.00
3	3	0.00	0.00	7.32	90.96	0.00
3	7	0.00	0.00	0.45	0.60	0.00
Core	CPU	C1%	C3%	C6%	C8%	C9%
-	-	0.01	0.08	6.27	16.10	0.00
0	0	0.10	0.62	40.14	32.13	0.00
0	4	0.00	0.00	0.41	1.90	0.00
1	1	0.00	0.00	0.67	0.60	0.00
1	5	0.00	0.00	0.36	0.79	0.00
2	2	0.00	0.00	0.24	1.29	0.00
2	6	0.00	0.03	0.97	0.20	0.00
3	3	0.00	0.00	7.07	91.21	0.00
3	7	0.00	0.00	0.29	0.69	0.00
Core	CPU	C1%	C3%	C6%	C8%	C9%
-	-	0.02	0.35	6.42	15.09	0.00
0	0	0.18	2.79	40.90	28.36	0.00
0	4	0.00	0.01	0.79	0.00	0.00
1	1	0.00	0.00	0.20	0.88	0.00
1	5	0.00	0.00	0.27	0.79	0.00
2	2	0.00	0.00	0.26	0.89	0.00
2	6	0.00	0.00	0.93	0.99	0.00
3	3	0.00	0.04	7.84	87.98	0.00
3	7	0.00	0.00	0.19	0.79	0.00
Core	CPU	C1%	C3%	C6%	C8%	C9%
-	-	0.01	0.21	7.09	17.31	0.00
0	0	0.09	1.49	45.42	26.06	0.00
0	4	0.00	0.00	0.62	0.52	0.00
1	1	0.00	0.02	0.75	0.70	0.00
1	5	0.00	0.00	0.30	1.29	0.00
2	2	0.00	0.00	0.38	2.37	0.00
2	6	0.00	0.05	1.00	0.30	0.00
3	3	0.00	0.00	7.76	88.95	0.00
3	7	0.01	0.10	0.52	18.33	0.00
Core	CPU	C1%	C3%	C6%	C8%	C9%
-	-	0.01	0.23	6.63	16.80	0.00
0	0	0.10	1.72	42.62	28.71	0.00
0	4	0.00	0.00	0.49	0.28	0.00
1	1	0.00	0.00	0.54	0.59	0.00
1	5	0.00	0.00	0.23	1.09	0.00
2	2	0.00	0.00	0.10	0.80	0.00
2	6	0.00	0.12	0.89	0.49	0.00
3	3	0.00	0.00	6.59	91.69	0.00
3	7	0.00	0.00	1.60	10.73	0.00
Core	CPU	C1%	C3%	C6%	C8%	C9%
-	-	0.02	0.15	6.63	15.83	0.00
0	0	0.08	1.02	42.74	29.11	0.00
0	4	0.00	0.00	1.16	0.82	0.00
1	1	0.00	0.00	0.28	0.99	0.00
1	5	0.04	0.00	0.44	1.18	0.00
2	2	0.00	0.00	0.34	1.39	0.00
2	6	0.00	0.14	1.47	0.40	0.00
3	3	0.00	0.00	6.31	91.97	0.00
3	7	0.00	0.00	0.29	0.79	0.00
Core	CPU	C1%	C3%	C6%	C8%	C9%
-	-	0.01	0.19	6.83	15.56	0.00
0	0	0.06	1.39	43.80	27.78	0.00
0	4	0.00	0.00	0.19	0.51	0.00
1	1	0.00	0.00	0.28	1.38	0.00
1	5	0.00	0.00	0.56	1.40	0.00
2	2	0.00	0.00	0.45	1.38	0.00
2	6	0.00	0.08	1.25	0.59	0.00
3	3	0.00	0.02	7.81	90.48	0.00
3	7	0.00	0.00	0.29	0.98	0.00
Core	CPU	C1%	C3%	C6%	C8%	C9%
-	-	0.01	0.27	6.48	15.29	0.18
0	0	0.07	2.06	40.91	28.59	0.00
0	4	0.00	0.01	0.79	0.39	0.81
1	1	0.00	0.00	0.29	0.99	0.00
1	5	0.00	0.00	0.55	1.87	0.00
2	2	0.00	0.00	0.26	1.08	0.00
2	6	0.00	0.08	1.15	0.79	0.00
3	3	0.00	0.02	7.69	87.83	0.00
3	7	0.00	0.00	0.20	0.80	0.61
Core	CPU	C1%	C3%	C6%	C8%	C9%
-	-	0.01	0.08	6.39	16.22	0.00
0	0	0.09	0.57	39.55	32.80	0.00
0	4	0.00	0.01	0.89	0.40	0.00
1	1	0.00	0.00	0.20	1.28	0.00
1	5	0.00	0.00	0.37	1.39	0.00
2	2	0.00	0.00	0.45	1.38	0.00
2	6	0.00	0.08	1.45	0.69	0.00
3	3	0.00	0.02	7.82	90.42	0.00
3	7	0.00	0.00	0.39	1.38	0.00
Core	CPU	C1%	C3%	C6%	C8%	C9%
-	-	0.01	0.28	6.82	15.45	0.00
0	0	0.10	2.10	43.28	27.60	0.00
0	4	0.00	0.01	1.26	0.41	0.00
1	1	0.00	0.00	0.29	1.09	0.00
1	5	0.00	0.00	0.27	1.68	0.00
2	2	0.00	0.10	5.84	57.81	0.00
2	6	0.00	0.04	0.98	0.90	0.00
3	3	0.00	0.02	2.43	32.94	0.00
3	7	0.00	0.00	0.20	1.19	0.00
Core	CPU	C1%	C3%	C6%	C8%	C9%
-	-	0.01	0.12	6.38	16.01	0.00
0	0	0.10	0.88	40.97	31.04	0.00
0	4	0.00	0.00	0.84	0.11	0.00
1	1	0.00	0.00	0.32	1.10	0.00
1	5	0.00	0.00	0.29	1.00	0.00
2	2	0.00	0.00	0.48	1.50	0.00
2	6	0.00	0.09	1.16	0.60	0.00
3	3	0.00	0.00	6.73	91.56	0.00
3	7	0.00	0.00	0.23	1.19	0.00
Core	CPU	C1%	C3%	C6%	C8%	C9%
-	-	0.01	0.10	6.38	15.90	0.00
0	0	0.09	0.75	40.98	31.27	0.00
0	4	0.00	0.00	0.45	0.51	0.00
1	1	0.00	0.00	0.83	0.59	0.00
1	5	0.00	0.00	0.23	1.09	0.00
2	2	0.00	0.00	1.12	12.58	0.00
2	6	0.00	0.03	1.25	0.50	0.00
3	3	0.00	0.00	5.93	80.10	0.00
3	7	0.00	0.00	0.25	0.59	0.00
Core	CPU	C1%	C3%	C6%	C8%	C9%
-	-	0.01	0.27	6.21	15.46	0.00
0	0	0.08	2.16	39.28	30.34	0.00
0	4	0.00	0.00	0.67	0.20	0.00
1	1	0.00	0.00	0.25	0.89	0.00
1	5	0.00	0.00	0.33	1.09	0.00
2	2	0.00	0.00	7.42	87.98	0.00
2	6	0.00	0.00	0.98	0.69	0.00
3	3	0.00	0.00	0.47	1.60	0.00
3	7	0.00	0.01	0.26	0.89	0.03
Core	CPU	C1%	C3%	C6%	C8%	C9%
-	-	0.01	0.12	6.60	15.65	0.00
0	0	0.09	0.91	41.90	30.13	0.00
0	4	0.00	0.00	1.11	0.91	0.00
1	1	0.00	0.00	0.19	0.99	0.00
1	5	0.00	0.00	0.27	1.09	0.00
2	2	0.00	0.00	7.43	90.84	0.00
2	6	0.00	0.00	0.62	0.10	0.00
3	3	0.00	0.02	0.51	0.61	0.00
3	7	0.00	0.00	0.77	0.50	0.00
Core	CPU	C1%	C3%	C6%	C8%	C9%
-	-	0.01	0.23	6.71	15.89	0.00
0	0	0.09	1.81	42.87	28.33	0.00
0	4	0.00	0.00	0.68	0.70	0.00
1	1	0.00	0.00	0.28	1.20	0.00
1	5	0.00	0.00	0.77	1.67	0.00
2	2	0.00	0.00	7.75	90.24	0.00
2	6	0.00	0.02	0.38	2.29	0.00
3	3	0.00	0.02	0.63	1.60	0.00
3	7	0.00	0.00	0.29	1.09	0.00
Core	CPU	C1%	C3%	C6%	C8%	C9%
-	-	0.01	0.10	6.28	16.27	0.00
0	0	0.09	0.73	40.66	31.53	0.00
0	4	0.00	0.00	0.49	0.21	0.00
1	1	0.00	0.00	0.21	1.09	0.00
1	5	0.00	0.00	0.37	1.09	0.00
2	2	0.00	0.00	6.72	91.52	0.00
2	6	0.00	0.00	0.64	1.97	0.00
3	3	0.00	0.08	0.92	1.49	0.00
3	7	0.00	0.01	0.26	1.29	0.00
Core	CPU	C1%	C3%	C6%	C8%	C9%
-	-	0.01	0.11	6.55	15.71	0.00
0	0	0.11	0.84	41.83	30.25	0.00
0	4	0.00	0.01	0.67	0.19	0.00
1	1	0.00	0.00	0.27	0.79	0.00
1	5	0.00	0.00	0.36	0.69	0.00
2	2	0.00	0.00	6.91	91.35	0.00
2	6	0.00	0.02	0.61	1.48	0.00
3	3	0.00	0.02	1.11	0.50	0.00
3	7	0.00	0.00	0.67	0.40	0.00
Core	CPU	C1%	C3%	C6%	C8%	C9%
-	-	0.44	0.80	6.11	14.38	0.00
0	0	0.07	3.11	29.22	17.75	0.00
0	4	0.00	0.01	1.78	0.60	0.00
1	1	3.42	3.22	8.98	0.79	0.00
1	5	0.00	0.00	0.64	1.79	0.00
2	2	0.00	0.00	6.62	89.63	0.00
2	6	0.00	0.00	0.33	1.77	0.00
3	3	0.00	0.04	1.11	2.20	0.00
3	7	0.00	0.00	0.19	0.50	0.00
Core	CPU	C1%	C3%	C6%	C8%	C9%
-	-	0.01	0.15	6.72	15.60	0.00
0	0	0.07	1.19	43.66	28.10	0.00
0	4	0.00	0.00	0.74	0.51	0.00
1	1	0.00	0.00	0.53	0.79	0.00
1	5	0.00	0.02	0.20	0.99	0.00
2	2	0.00	0.00	7.40	90.87	0.00
2	6	0.00	0.00	0.29	1.19	0.00
3	3	0.00	0.01	0.69	1.18	0.00
3	7	0.00	0.00	0.24	1.19	0.00
Core	CPU	C1%	C3%	C6%	C8%	C9%
-	-	0.03	0.18	6.36	15.85	0.12
0	0	0.09	1.42	40.88	30.78	0.00
0	4	0.00	0.00	0.36	0.71	0.00
1	1	0.00	0.00	0.45	0.79	0.00
1	5	0.00	0.00	0.14	0.99	0.00
2	2	0.00	0.02	7.78	90.36	0.00
2	6	0.16	0.00	0.36	0.88	0.99
3	3	0.00	0.00	0.44	1.49	0.00
3	7	0.00	0.00	0.44	0.79	0.00
Core	CPU	C1%	C3%	C6%	C8%	C9%
-	-	0.01	0.07	6.24	16.07	0.12
0	0	0.09	0.51	39.74	32.71	0.00
0	4	0.00	0.00	0.19	0.50	0.00
1	1	0.00	0.00	0.18	1.29	0.00
1	5	0.00	0.00	0.37	1.09	0.00
2	2	0.00	0.00	8.22	90.03	0.00
2	6	0.00	0.00	0.14	1.09	1.00
3	3	0.00	0.01	0.61	1.20	0.00
3	7	0.00	0.00	0.48	0.69	0.00
Core	CPU	C1%	C3%	C6%	C8%	C9%
-	-	0.01	0.16	6.88	15.34	0.00
0	0	0.06	1.27	44.71	27.04	0.00
0	4	0.00	0.00	1.09	0.21	0.00
1	1	0.00	0.00	0.19	0.90	0.00
1	5	0.00	0.00	0.19	0.99	0.00
2	2	0.00	0.00	7.81	90.49	0.00
2	6	0.00	0.00	0.44	0.88	0.00
3	3	0.00	0.00	0.44	1.10	0.00
3	7	0.00	0.00	0.20	1.09	0.00
Core	CPU	C1%	C3%	C6%	C8%	C9%
-	-	0.01	0.28	6.01	15.46	0.16
0	0	0.09	2.19	38.84	31.00	0.00
0	4	0.00	0.00	0.89	0.00	1.29
1	1	0.00	0.00	0.23	0.89	0.00
1	5	0.00	0.04	0.20	0.61	0.00
2	2	0.00	0.00	5.03	65.54	0.00
2	6	0.00	0.00	0.42	0.59	0.00
3	3	0.00	0.00	2.34	24.43	0.00
3	7	0.00	0.00	0.17	0.64	0.00
Core	CPU	C1%	C3%	C6%	C8%	C9%
-	-	0.01	0.12	6.59	15.76	0.00
0	0	0.08	0.97	42.53	29.47	0.00
0	4	0.00	0.00	0.86	0.11	0.00
1	1	0.00	0.00	0.45	0.99	0.00
1	5	0.00	0.00	0.34	1.49	0.00
2	2	0.00	0.02	7.37	90.88	0.00
2	6	0.00	0.00	0.38	1.09	0.00
3	3	0.00	0.00	0.40	1.20	0.00
3	7	0.00	0.00	0.36	0.89	0.00
Core	CPU	C1%	C3%	C6%	C8%	C9%
-	-	0.01	0.23	6.65	15.54	0.11
0	0	0.05	1.84	43.64	27.55	0.00
0	4	0.00	0.00	0.29	0.40	0.00
1	1	0.00	0.00	0.29	0.99	0.00
1	5	0.00	0.00	0.46	1.39	0.00
2	2	0.00	0.00	7.40	90.91	0.00
2	6	0.00	0.00	0.16	0.70	0.00
3	3	0.00	0.01	0.51	1.20	0.00
3	7	0.00	0.00	0.46	1.17	0.89
Core	CPU	C1%	C3%	C6%	C8%	C9%
-	-	0.01	0.15	6.82	15.71	0.00
0	0	0.07	1.11	43.38	28.48	0.00
0	4	0.00	0.00	1.45	0.60	0.00
1	1	0.00	0.00	0.29	1.19	0.00
1	5	0.00	0.00	0.29	1.19	0.00
2	2	0.00	0.00	6.60	91.69	0.00
2	6	0.00	0.00	0.50	1.36	0.00
3	3	0.00	0.05	1.22	0.69	0.00
3	7	0.00	0.00	0.79	0.50	0.00
Core	CPU	C1%	C3%	C6%	C8%	C9%
-	-	0.01	0.31	7.79	18.39	0.33
0	0	0.04	2.24	51.78	19.55	0.00
0	4	0.00	0.00	0.55	0.11	2.66
1	1	0.00	0.00	0.62	2.89	0.00
1	5	0.00	0.02	0.45	1.28	0.00
2	2	0.00	0.00	6.99	91.44	0.00
2	6	0.00	0.00	0.19	0.89	0.00
3	3	0.00	0.02	0.69	1.37	0.00
3	7	0.01	0.22	1.01	29.57	0.00
Core	CPU	C1%	C3%	C6%	C8%	C9%
-	-	0.01	0.35	6.66	15.24	0.28
0	0	0.06	2.79	41.69	27.80	0.00
0	4	0.00	0.00	0.98	0.00	1.25
1	1	0.00	0.00	0.71	1.59	0.00
1	5	0.00	0.00	0.23	0.99	0.00
2	2	0.00	0.00	6.86	89.07	0.00
2	6	0.00	0.00	0.28	1.07	1.00
3	3	0.00	0.01	1.70	1.09	0.00
3	7	0.00	0.00	0.85	0.30	0.00
Core	CPU	C1%	C3%	C6%	C8%	C9%
-	-	0.01	0.11	6.51	15.65	0.12
0	0	0.07	0.87	41.07	31.06	0.00
0	4	0.00	0.00	0.59	0.11	0.00
1	1	0.00	0.00	0.28	0.89	0.00
1	5	0.00	0.00	0.37	0.60	0.00
2	2	0.00	0.00	7.73	90.51	0.00
2	6	0.00	0.01	0.91	0.68	1.00
3	3	0.00	0.00	0.77	0.81	0.00
3	7	0.00	0.00	0.39	0.59	0.00
Core	CPU	C1%	C3%	C6%	C8%	C9%
-	-	0.01	0.19	6.48	15.76	0.12
0	0	0.05	1.51	41.16	30.30	0.00
0	4	0.00	0.03	1.59	0.00	0.00
1	1	0.00	0.00	0.20	1.02	0.00
1	5	0.00	0.00	0.27	0.79	0.00
2	2	0.00	0.00	6.68	91.58	0.00
2	6	0.00	0.00	0.44	1.01	0.99
3	3	0.00	0.01	0.94	0.78	0.00
3	7	0.00	0.00	0.60	0.60	0.00
Core	CPU	C1%	C3%	C6%	C8%	C9%
-	-	0.01	0.13	6.65	15.62	0.12
0	0	0.06	1.01	42.92	29.01	0.00
0	4	0.00	0.00	1.16	0.00	0.00
1	1	0.00	0.00	0.24	0.89	0.00
1	5	0.00	0.00	0.62	0.89	0.00
2	2	0.00	0.00	6.92	91.36	0.00
2	6	0.00	0.00	0.30	1.18	1.00
3	3	0.00	0.00	0.98	0.80	0.00
3	7	0.00	0.01	0.05	0.79	0.00
Core	CPU	C1%	C3%	C6%	C8%	C9%
-	-	0.01	0.17	6.95	15.39	0.00
0	0	0.05	1.31	44.97	26.74	0.00
0	4	0.00	0.00	0.78	0.39	0.00
1	1	0.00	0.00	0.26	1.39	0.00
1	5	0.00	0.00	0.15	0.80	0.00
2	2	0.00	0.00	4.64	58.30	0.00
2	6	0.00	0.00	0.86	0.98	0.00
3	3	0.00	0.01	3.31	33.24	0.00
3	7	0.00	0.00	0.67	1.28	0.00
Core	CPU	C1%	C3%	C6%	C8%	C9%
-	-	0.01	0.35	6.54	14.95	0.00
0	0	0.06	2.79	43.08	26.13	0.00
0	4	0.00	0.02	0.59	0.11	0.00
1	1	0.00	0.00	0.59	0.31	0.00
1	5	0.00	0.00	0.29	0.79	0.00
2	2	0.00	0.00	0.26	1.58	0.00
2	6	0.00	0.00	0.25	1.28	0.00
3	3	0.00	0.00	7.06	88.55	0.00
3	7	0.00	0.00	0.19	0.90	0.00
Core	CPU	C1%	C3%	C6%	C8%	C9%
-	-	0.02	0.15	7.01	15.52	0.00
0	0	0.05	1.17	43.79	28.02	0.00
0	4	0.00	0.00	2.19	0.11	0.00
1	1	0.00	0.00	1.01	1.39	0.00
1	5	0.10	0.01	0.79	0.49	0.00
2	2	0.00	0.00	7.24	91.06	0.00
2	6	0.00	0.00	0.36	1.08	0.00
3	3	0.00	0.00	0.47	1.10	0.00
3	7	0.00	0.00	0.24	0.89	0.00
Core	CPU	C1%	C3%	C6%	C8%	C9%
-	-	0.02	0.29	7.31	14.72	0.00
0	0	0.05	2.25	46.54	24.22	0.00
0	4	0.00	0.00	0.78	0.00	0.00
1	1	0.00	0.00	0.36	0.89	0.00
1	5	0.00	0.03	0.44	1.10	0.00
2	2	0.00	0.00	8.83	88.84	0.00
2	6	0.10	0.01	0.73	0.30	0.00
3	3	0.00	0.00	0.42	1.49	0.00
3	7	0.00	0.00	0.37	0.89	0.00
Core	CPU	C1%	C3%	C6%	C8%	C9%
-	-	0.01	0.16	6.81	15.60	0.00
0	0	0.05	1.26	44.18	27.59	0.00
0	4	0.00	0.00	0.59	0.50	0.00
1	1	0.00	0.00	0.28	1.10	0.00
1	5	0.00	0.00	0.46	1.09	0.00
2	2	0.00	0.00	7.66	90.62	0.00
2	6	0.00	0.00	0.52	1.00	0.00
3	3	0.00	0.02	0.60	1.71	0.00
3	7	0.00	0.00	0.20	1.19	0.00
Core	CPU	C1%	C3%	C6%	C8%	C9%
-	-	0.01	0.11	6.57	15.84	0.00
0	0	0.05	0.89	42.39	29.66	0.00
0	4	0.00	0.00	0.74	0.00	0.00
1	1	0.00	0.00	0.32	1.10	0.00
1	5	0.00	0.00	0.59	0.60	0.00
2	2	0.00	0.00	6.89	91.31	0.00
2	6	0.00	0.00	0.66	1.67	0.00
3	3	0.00	0.00	0.57	1.29	0.00
3	7	0.00	0.00	0.43	1.09	0.00
Core	CPU	C1%	C3%	C6%	C8%	C9%
-	-	0.01	0.38	6.66	15.18	0.00
0	0	0.06	2.98	43.73	25.50	0.00
0	4	0.00	0.00	1.17	1.21	0.00
1	1	0.00	0.00	0.25	1.39	0.00
1	5	0.00	0.00	0.34	1.18	0.00
2	2	0.00	0.02	2.70	41.69	0.00
2	6	0.00	0.00	0.25	1.09	0.00
3	3	0.00	0.04	4.25	48.72	0.00
3	7	0.00	0.00	0.56	0.69	0.00
Core	CPU	C1%	C3%	C6%	C8%	C9%
-	-	0.01	0.16	6.65	15.52	0.00
0	0	0.05	1.25	44.44	27.00	0.00
0	4	0.00	0.00	0.70	0.48	0.00
1	1	0.00	0.00	0.31	0.79	0.00
1	5	0.00	0.00	0.37	0.79	0.00
2	2	0.00	0.00	6.32	90.39	0.00
2	6	0.00	0.00	0.41	1.58	0.00
3	3	0.00	0.02	0.39	2.36	0.00
3	7	0.00	0.02	0.28	0.79	0.00
Core	CPU	C1%	C3%	C6%	C8%	C9%
-	-	0.01	0.25	7.13	15.19	0.00
0	0	0.06	1.99	45.23	25.85	0.00
0	4	0.00	0.00	0.89	0.31	0.00
1	1	0.00	0.00	0.29	1.09	0.00
1	5	0.00	0.00	0.35	1.19	0.00
2	2	0.00	0.00	8.19	90.11	0.00
2	6	0.00	0.00	0.43	1.08	0.00
3	3	0.00	0.02	0.60	1.20	0.00
3	7	0.00	0.00	1.09	0.69	0.00
Core	CPU	C1%	C3%	C6%	C8%	C9%
-	-	0.01	0.15	6.82	15.50	0.00
0	0	0.05	1.21	44.07	27.66	0.00
0	4	0.00	0.00	0.53	0.40	0.00
1	1	0.00	0.00	0.42	1.00	0.00
1	5	0.00	0.00	0.50	0.79	0.00
2	2	0.00	0.00	1.97	26.30	0.00
2	6	0.00	0.00	0.35	0.88	0.00
3	3	0.00	0.03	6.24	65.30	0.00
3	7	0.00	0.00	0.50	1.69	0.00
Core	CPU	C1%	C3%	C6%	C8%	C9%
-	-	0.71	0.38	7.44	14.47	0.01
0	0	0.04	1.67	43.62	19.25	0.12
0	4	0.00	0.00	0.56	1.28	0.00
1	1	0.00	0.00	0.35	1.29	0.00
1	5	0.00	0.00	0.53	0.40	0.00
2	2	0.00	0.02	2.57	25.55	0.00
2	6	0.00	0.00	0.27	0.60	0.00
3	3	0.00	0.00	4.53	67.18	0.00
3	7	5.64	1.37	7.08	0.20	0.00
Core	CPU	C1%	C3%	C6%	C8%	C9%
-	-	0.01	0.42	6.63	14.91	0.43
0	0	0.06	3.33	44.51	24.59	0.00
0	4	0.00	0.00	0.48	0.41	0.00
1	1	0.00	0.00	0.28	0.89	0.00
1	5	0.00	0.00	0.26	0.80	0.00
2	2	0.00	0.00	5.78	79.58	0.00
2	6	0.00	0.00	0.23	1.19	0.00
3	3	0.00	0.01	1.23	10.86	0.00
3	7	0.01	0.00	0.29	0.99	3.45
Core	CPU	C1%	C3%	C6%	C8%	C9%
-	-	0.01	0.17	6.77	15.41	0.00
0	0	0.05	1.30	44.35	27.40	0.00
0	4	0.00	0.03	0.79	0.00	0.00
1	1	0.00	0.00	0.19	0.89	0.00
1	5	0.00	0.00	0.19	1.09	0.00
2	2	0.00	0.00	5.31	80.43	0.00
2	6	0.00	0.00	0.43	1.09	0.00
3	3	0.00	0.00	1.97	12.13	0.00
3	7	0.00	0.01	0.90	0.30	0.00
Core	CPU	C1%	C3%	C6%	C8%	C9%
-	-	0.01	0.23	6.90	15.42	0.25
0	0	0.06	1.87	44.22	27.04	0.00
0	4	0.00	0.00	0.85	0.11	0.00
1	1	0.00	0.00	0.24	1.19	0.00
1	5	0.00	0.00	0.50	0.99	0.00
2	2	0.00	0.00	7.90	90.39	0.00
2	6	0.00	0.00	0.66	1.47	2.01
3	3	0.00	0.00	0.49	1.29	0.00
3	7	0.00	0.00	0.34	0.89	0.00
Core	CPU	C1%	C3%	C6%	C8%	C9%
-	-	0.01	0.12	6.83	15.58	0.00
0	0	0.05	0.96	42.72	29.28	0.00
0	4	0.00	0.00	1.15	0.79	0.00
1	1	0.00	0.00	0.27	0.99	0.00
1	5	0.00	0.00	0.55	0.69	0.00
2	2	0.00	0.00	6.55	67.37	0.00
2	6	0.00	0.01	0.95	0.50	0.00
3	3	0.00	0.01	2.06	24.11	0.00
3	7	0.00	0.00	0.38	0.88	0.00
Core	CPU	C1%	C3%	C6%	C8%	C9%
-	-	0.01	0.23	7.43	15.03	0.00
0	0	0.04	1.82	48.68	22.54	0.00
0	4	0.00	0.01	0.80	0.00	0.00
1	1	0.00	0.00	0.20	1.88	0.00
1	5	0.00	0.00	0.28	0.79	0.00
2	2	0.00	0.00	6.14	65.08	0.00
2	6	0.00	0.00	0.24	1.49	0.00
3	3	0.00	0.02	2.14	26.19	0.00
3	7	0.00	0.00	0.94	2.29	0.00
Core	CPU	C1%	C3%	C6%	C8%	C9%
-	-	0.01	0.40	7.10	14.77	0.00
0	0	0.06	3.20	46.62	22.29	0.00
0	4	0.00	0.00	0.73	0.31	0.00
1	1	0.00	0.01	0.39	2.78	0.00
1	5	0.00	0.00	0.30	1.39	0.00
2	2	0.00	0.00	7.46	88.22	0.00
2	6	0.00	0.00	0.57	0.88	0.00
3	3	0.00	0.00	0.47	1.29	0.00
3	7	0.00	0.00	0.23	0.98	0.00
Core	CPU	C1%	C3%	C6%	C8%	C9%
-	-	0.01	0.24	7.34	17.92	0.00
0	0	0.04	1.70	48.40	23.50	0.00
0	4	0.00	0.00	0.56	0.11	0.00
1	1	0.00	0.00	1.52	4.84	0.00
1	5	0.00	0.00	0.13	0.99	0.00
2	2	0.00	0.01	6.30	92.04	0.00
2	6	0.00	0.00	0.26	0.80	0.00
3	3	0.00	0.00	0.50	1.00	0.00
3	7	0.01	0.22	1.02	20.07	0.00
Core	CPU	C1%	C3%	C6%	C8%	C9%
-	-	0.01	0.27	7.11	16.36	0.11
0	0	0.05	2.19	45.96	24.94	0.00
0	4	0.00	0.00	2.17	0.11	0.00
1	1	0.00	0.00	0.25	1.29	0.00
1	5	0.00	0.00	0.33	1.29	0.00
2	2	0.00	0.00	6.25	92.05	0.00
2	6	0.00	0.00	0.40	1.37	0.89
3	3	0.00	0.00	0.49	1.29	0.00
3	7	0.00	0.00	1.02	8.54	0.00
Core	CPU	C1%	C3%	C6%	C8%	C9%
-	-	0.01	0.22	7.33	14.77	0.00
0	0	0.05	1.73	48.70	22.59	0.00
0	4	0.00	0.00	0.28	0.81	0.00
1	1	0.00	0.00	0.28	0.88	0.00
1	5	0.00	0.00	0.65	0.30	0.00
2	2	0.00	0.00	7.46	90.91	0.00
2	6	0.00	0.00	0.22	0.89	0.00
3	3	0.00	0.00	0.31	1.30	0.00
3	7	0.00	0.00	0.76	0.50	0.00
Core	CPU	C1%	C3%	C6%	C8%	C9%
-	-	0.75	0.34	6.24	15.38	0.00
0	0	0.14	0.75	34.86	26.76	0.00
0	4	0.00	0.02	0.18	0.91	0.00
1	1	5.88	1.86	5.37	1.97	0.00
1	5	0.00	0.00	0.39	0.69	0.00
2	2	0.00	0.00	6.92	91.40	0.00
2	6	0.00	0.00	0.34	0.99	0.00
3	3	0.00	0.07	1.19	0.30	0.00
3	7	0.00	0.01	0.69	0.00	0.00
Core	CPU	C1%	C3%	C6%	C8%	C9%
-	-	0.01	0.30	6.12	15.24	0.00
0	0	0.07	2.35	39.64	30.15	0.00
0	4	0.00	0.03	0.19	0.41	0.00
1	1	0.00	0.00	0.60	0.29	0.00
1	5	0.00	0.00	0.29	0.69	0.00
2	2	0.00	0.00	6.89	88.77	0.00
2	6	0.00	0.00	0.26	0.70	0.00
3	3	0.00	0.03	0.70	0.49	0.00
3	7	0.00	0.00	0.39	0.39	0.00
Core	CPU	C1%	C3%	C6%	C8%	C9%
-	-	0.01	0.17	6.96	15.14	0.00
0	0	0.04	1.36	45.08	26.58	0.00
0	4	0.00	0.00	0.82	0.62	0.00
1	1	0.00	0.00	0.72	0.49	0.00
1	5	0.00	0.00	0.60	0.49	0.00
2	2	0.00	0.00	2.53	34.30	0.00
2	6	0.00	0.00	0.39	0.69	0.00
3	3	0.00	0.02	5.41	57.12	0.00
3	7	0.00	0.00	0.14	0.79	0.00
Core	CPU	C1%	C3%	C6%	C8%	C9%
-	-	0.01	0.22	6.85	15.44	0.13
0	0	0.07	1.78	43.45	27.84	0.00
0	4	0.00	0.00	0.37	0.69	0.00
1	1	0.00	0.00	0.34	1.19	0.00
1	5	0.00	0.00	0.23	0.89	0.00
2	2	0.00	0.00	8.72	89.26	0.00
2	6	0.00	0.00	0.20	1.17	1.00
3	3	0.00	0.00	1.08	0.80	0.00
3	7	0.00	0.00	0.42	1.65	0.00
Core	CPU	C1%	C3%	C6%	C8%	C9%
-	-	0.01	0.13	6.53	15.78	0.00
0	0	0.06	0.97	42.65	29.36	0.00
0	4	0.00	0.00	0.73	0.62	0.00
1	1	0.00	0.00	0.35	0.79	0.00
1	5	0.00	0.00	0.24	1.19	0.00
2	2	0.00	0.01	7.00	91.24	0.00
2	6	0.00	0.00	0.24	1.08	0.00
3	3	0.00	0.03	0.68	1.19	0.00
3	7	0.00	0.00	0.36	0.79	0.00
Core	CPU	C1%	C3%	C6%	C8%	C9%
-	-	2.82	0.72	6.39	13.55	0.00
0	0	0.12	0.94	21.18	11.00	0.01
0	4	0.00	0.00	0.38	0.81	0.00
1	1	0.00	0.00	0.19	0.98	0.00
1	5	0.00	0.00	0.37	0.79	0.00
2	2	22.43	4.83	23.41	0.50	0.00
2	6	0.00	0.00	0.24	1.08	0.00
3	3	0.00	0.03	4.99	92.55	0.00
3	7	0.00	0.00	0.39	0.68	0.00
Core	CPU	C1%	C3%	C6%	C8%	C9%
-	-	0.01	0.41	7.27	15.36	0.00
0	0	0.05	3.29	47.31	21.69	0.00
0	4	0.00	0.00	0.78	1.01	0.00
1	1	0.00	0.00	1.95	8.60	0.00
1	5	0.00	0.00	0.35	0.90	0.00
2	2	0.00	0.00	0.44	1.68	0.00
2	6	0.00	0.00	0.51	0.71	0.00
3	3	0.00	0.02	6.54	87.35	0.00
3	7	0.00	0.00	0.28	0.90	0.04
Core	CPU	C1%	C3%	C6%	C8%	C9%
-	-	0.01	0.25	6.92	15.01	0.00
0	0	0.06	1.41	42.83	25.03	0.00
0	4	0.00	0.00	0.84	0.00	0.00
1	1	0.00	0.00	5.50	55.66	0.00
1	5	0.00	0.01	0.89	0.79	0.00
2	2	0.00	0.00	0.59	0.59	0.00
2	6	0.00	0.00	0.28	0.98	0.00
3	3	0.00	0.00	2.80	35.84	0.00
3	7	0.01	0.59	1.63	1.17	0.00
Core	CPU	C1%	C3%	C6%	C8%	C9%
-	-	0.01	0.20	6.52	15.62	0.00
0	0	0.05	1.62	43.25	28.13	0.00
0	4	0.00	0.00	0.77	0.41	0.00
1	1	0.00	0.00	6.18	91.76	0.00
1	5	0.00	0.00	0.24	0.90	0.00
2	2	0.00	0.02	0.39	1.03	0.00
2	6	0.00	0.00	0.27	1.09	0.00
3	3	0.00	0.00	0.41	1.18	0.00
3	7	0.00	0.00	0.63	0.50	0.00
Core	CPU	C1%	C3%	C6%	C8%	C9%
-	-	0.01	0.12	6.52	15.52	0.00
0	0	0.05	0.96	42.83	29.18	0.00
0	4	0.00	0.00	0.70	0.00	0.00
1	1	0.00	0.00	7.12	91.14	0.00
1	5	0.00	0.00	0.37	0.59	0.00
2	2	0.00	0.00	0.26	1.48	0.00
2	6	0.00	0.00	0.21	0.50	0.00
3	3	0.00	0.02	0.41	0.61	0.00
3	7	0.00	0.00	0.29	0.69	0.00
Core	CPU	C1%	C3%	C6%	C8%	C9%
-	-	0.00	0.21	7.34	15.03	0.00
0	0	0.04	1.62	47.33	24.05	0.00
0	4	0.00	0.00	0.87	1.21	0.00
1	1	0.00	0.01	3.05	33.91	0.00
1	5	0.00	0.00	0.19	0.89	0.00
2	2	0.00	0.00	0.27	0.99	0.00
2	6	0.00	0.00	0.61	0.69	0.00
3	3	0.00	0.00	5.30	57.61	0.00
3	7	0.00	0.02	1.09	0.89	0.00
Core	CPU	C1%	C3%	C6%	C8%	C9%
-	-	0.01	0.16	6.09	15.77	0.00
0	0	0.07	1.16	38.57	31.40	0.00
0	4	0.00	0.00	0.62	0.49	0.00
1	1	0.00	0.00	7.23	88.24	0.00
1	5	0.00	0.03	0.22	0.59	0.00
2	2	0.00	0.00	0.20	1.00	0.00
2	6	0.00	0.01	0.37	2.00	0.00
3	3	0.00	0.00	0.64	1.19	0.00
3	7	0.00	0.08	0.89	1.29	0.03
Core	CPU	C1%	C3%	C6%	C8%	C9%
-	-	0.01	0.16	6.66	15.43	0.00
0	0	0.05	1.27	44.36	27.38	0.00
0	4	0.00	0.00	0.76	0.00	0.00
1	1	0.00	0.00	6.47	91.80	0.00
1	5	0.00	0.00	0.13	0.60	0.00
2	2	0.00	0.00	0.10	0.80	0.00
2	6	0.00	0.00	0.59	0.69	0.00
3	3	0.00	0.00	0.49	1.29	0.00
3	7	0.00	0.00	0.36	0.88	0.00
Core	CPU	C1%	C3%	C6%	C8%	C9%
-	-	0.28	0.52	6.93	14.11	0.61
0	0	0.06	2.65	41.72	16.96	0.00
0	4	0.00	0.00	0.88	0.00	4.84
1	1	0.00	0.00	5.37	92.58	0.00
1	5	0.00	0.00	0.33	0.60	0.00
2	2	0.00	0.00	0.82	0.49	0.00
2	6	0.00	0.02	0.78	0.10	0.00
3	3	0.00	0.01	0.31	1.08	0.00
3	7	2.22	1.50	5.22	1.09	0.00
Core	CPU	C1%	C3%	C6%	C8%	C9%
-	-	0.01	0.18	6.94	15.42	0.00
0	0	0.04	1.39	45.34	26.26	0.00
0	4	0.00	0.00	1.08	1.52	0.00
1	1	0.00	0.00	6.55	91.70	0.00
1	5	0.00	0.00	0.66	0.50	0.00
2	2	0.00	0.00	0.44	1.69	0.00
2	6	0.00	0.00	0.50	0.50	0.00
3	3	0.00	0.02	0.52	0.70	0.00
3	7	0.00	0.00	0.39	0.49	0.00
Core	CPU	C1%	C3%	C6%	C8%	C9%
-	-	0.01	0.24	7.34	14.89	0.00
0	0	0.05	1.89	48.23	22.97	0.00
0	4	0.00	0.00	0.44	0.20	0.00
1	1	0.00	0.02	1.64	17.14	0.00
1	5	0.00	0.00	0.40	0.59	0.00
2	2	0.00	0.00	0.28	1.18	0.00
2	6	0.00	0.00	0.53	1.67	0.00
3	3	0.00	0.03	6.77	74.35	0.00
3	7	0.00	0.00	0.41	1.00	0.00
Core	CPU	C1%	C3%	C6%	C8%	C9%
-	-	0.02	0.32	6.55	15.17	0.43
0	0	0.08	2.58	41.73	27.90	0.00
0	4	0.00	0.00	0.76	0.09	0.00
1	1	0.00	0.00	4.36	50.09	0.00
1	5	0.06	0.00	0.48	0.89	0.00
2	2	0.00	0.01	0.39	0.89	0.00
2	6	0.00	0.00	0.73	0.60	0.00
3	3	0.00	0.00	3.36	39.30	0.00
3	7	0.00	0.00	0.63	1.58	3.48
Core	CPU	C1%	C3%	C6%	C8%	C9%
-	-	0.02	0.12	6.56	15.70	0.01
0	0	0.08	0.84	39.07	30.67	0.12
0	4	0.11	0.12	4.27	0.40	0.00
1	1	0.00	0.00	4.83	62.54	0.00
1	5	0.00	0.00	0.49	0.69	0.00
2	2	0.00	0.00	0.64	0.70	0.00
2	6	0.00	0.00	0.23	0.70	0.00
3	3	0.00	0.01	2.63	29.22	0.00
3	7	0.00	0.00	0.29	0.69	0.00
Core	CPU	C1%	C3%	C6%	C8%	C9%
-	-	0.01	0.28	7.13	15.30	0.00
0	0	0.12	2.18	45.30	25.42	0.00
0	4	0.00	0.00	1.77	0.22	0.00
1	1	0.00	0.00	1.79	26.04	0.00
1	5	0.00	0.00	0.34	1.29	0.00
2	2	0.00	0.00	0.84	0.50	0.00
2	6	0.00	0.02	0.61	2.19	0.00
3	3	0.00	0.03	6.17	65.63	0.00
3	7	0.00	0.00	0.19	1.09	0.00
Core	CPU	C1%	C3%	C6%	C8%	C9%
-	-	0.01	0.14	6.77	15.67	0.00
0	0	0.10	1.08	42.86	28.96	0.00
0	4	0.00	0.00	1.03	0.00	0.00
1	1	0.00	0.00	0.62	1.09	0.00
1	5	0.00	0.03	6.54	78.19	0.00
2	2	0.00	0.00	0.29	1.18	0.00
2	6	0.00	0.03	1.06	1.09	0.00
3	3	0.00	0.01	1.49	13.88	0.00
3	7	0.00	0.00	0.23	0.98	0.00
Core	CPU	C1%	C3%	C6%	C8%	C9%
-	-	2.02	0.76	7.00	17.56	0.81
0	0	0.25	1.65	29.54	13.70	0.00
0	4	0.00	0.21	3.49	0.42	6.49
1	1	15.90	4.02	15.15	1.39	0.00
1	5	0.00	0.00	4.68	93.81	0.00
2	2	0.00	0.00	0.10	0.79	0.00
2	6	0.00	0.00	0.94	0.79	0.00
3	3	0.00	0.01	0.98	0.50	0.00
3	7	0.01	0.20	1.12	29.11	0.00
Core	CPU	C1%	C3%	C6%	C8%	C9%
-	-	0.24	0.33	6.04	15.44	0.01
0	0	0.16	1.84	35.77	32.46	0.11
0	4	0.00	0.00	0.19	0.90	0.00
1	1	1.76	0.34	2.50	0.99	0.00
1	5	0.00	0.00	6.81	66.79	0.00
2	2	0.00	0.00	0.35	0.59	0.00
2	6	0.00	0.00	0.19	0.70	0.00
3	3	0.00	0.04	1.97	20.76	0.00
3	7	0.01	0.44	0.59	0.29	0.00
Core	CPU	C1%	C3%	C6%	C8%	C9%
-	-	0.02	0.05	6.38	16.35	0.00
0	0	0.16	0.35	38.14	34.35	0.00
0	4	0.00	0.00	1.00	1.48	0.00
1	1	0.00	0.02	0.88	0.79	0.00
1	5	0.00	0.00	7.84	90.35	0.00
2	2	0.00	0.00	0.29	0.79	0.00
2	6	0.00	0.00	0.55	0.90	0.00
3	3	0.00	0.00	1.92	1.38	0.00
3	7	0.00	0.00	0.43	0.79	0.00
Core	CPU	C1%	C3%	C6%	C8%	C9%
-	-	0.02	0.16	6.37	15.94	0.11
0	0	0.14	1.28	40.30	31.28	0.00
0	4	0.00	0.00	0.83	0.19	0.91
1	1	0.00	0.00	0.35	0.98	0.00
1	5	0.00	0.02	7.72	90.27	0.00
2	2	0.00	0.02	0.39	1.00	0.00
2	6	0.00	0.00	0.20	1.29	0.00
3	3	0.00	0.00	0.69	1.58	0.00
3	7	0.00	0.00	0.45	0.89	0.00
Core	CPU	C1%	C3%	C6%	C8%	C9%
-	-	0.02	0.05	6.00	16.35	0.00
0	0	0.14	0.42	38.15	34.29	0.00
0	4	0.00	0.00	0.58	0.21	0.00
1	1	0.00	0.00	0.28	0.79	0.00
1	5	0.00	0.00	7.61	90.59	0.00
2	2	0.00	0.00	0.24	1.09	0.00
2	6	0.00	0.00	0.21	0.99	0.00
3	3	0.00	0.00	0.42	1.21	0.00
3	7	0.00	0.00	0.49	1.68	0.00
Core	CPU	C1%	C3%	C6%	C8%	C9%
-	-	0.54	0.42	7.00	14.80	4.90
0	0	0.10	1.93	41.16	21.30	0.00
0	4	0.00	0.00	0.59	0.20	39.23
1	1	0.00	0.00	0.19	0.79	0.00
1	5	4.20	1.44	8.21	28.47	0.00
2	2	0.00	0.00	0.26	0.79	0.00
2	6	0.00	0.00	0.34	1.38	0.00
3	3	0.00	0.02	4.98	64.28	0.00
3	7	0.00	0.00	0.30	1.18	0.00
Core	CPU	C1%	C3%	C6%	C8%	C9%
-	-	0.02	0.30	6.50	15.40	0.00
0	0	0.15	2.40	40.06	29.42	0.00
0	4	0.00	0.00	2.02	0.11	0.00
1	1	0.00	0.00	0.29	1.48	0.00
1	5	0.00	0.00	2.02	23.63	0.00
2	2	0.00	0.00	0.54	1.88	0.00
2	6	0.00	0.00	0.63	1.08	0.00
3	3	0.00	0.03	6.37	64.79	0.00
3	7	0.00	0.00	0.10	0.79	0.00
Core	CPU	C1%	C3%	C6%	C8%	C9%
-	-	0.02	0.07	6.09	16.34	0.00
0	0	0.17	0.48	38.26	34.09	0.00
0	4	0.00	0.00	0.94	0.00	0.00
1	1	0.00	0.02	0.39	0.89	0.00
1	5	0.00	0.02	7.67	90.52	0.00
2	2	0.00	0.00	0.39	0.98	0.00
2	6	0.00	0.00	0.37	1.86	0.00
3	3	0.00	0.00	0.47	1.28	0.00
3	7	0.00	0.03	0.20	1.09	0.00
Core	CPU	C1%	C3%	C6%	C8%	C9%
-	-	0.02	0.12	6.03	16.18	0.00
0	0	0.16	0.94	37.25	34.75	0.00
0	4	0.00	0.00	0.72	0.90	0.00
1	1	0.00	0.00	0.34	0.59	0.00
1	5	0.00	0.00	8.38	89.52	0.00
2	2	0.00	0.00	0.10	0.79	0.00
2	6	0.00	0.00	0.64	0.79	0.00
3	3	0.00	0.00	0.59	1.07	0.00
3	7	0.00	0.00	0.25	0.99	0.00
Core	CPU	C1%	C3%	C6%	C8%	C9%
-	-	0.02	0.14	6.23	15.83	1.53
0	0	0.18	1.12	40.46	31.31	0.00
0	4	0.00	0.00	0.69	0.20	12.28
1	1	0.00	0.00	0.28	0.79	0.00
1	5	0.00	0.00	4.99	62.57	0.00
2	2	0.00	0.00	0.15	0.58	0.00
2	6	0.00	0.00	0.13	0.79	0.00
3	3	0.00	0.00	2.80	29.74	0.00
3	7	0.00	0.00	0.38	0.69	0.00
Core	CPU	C1%	C3%	C6%	C8%	C9%
-	-	0.02	0.06	6.07	16.41	0.00
0	0	0.18	0.42	38.49	33.90	0.00
0	4	0.00	0.03	0.98	0.31	0.00
1	1	0.00	0.00	0.19	0.99	0.00
1	5	0.00	0.00	7.00	91.22	0.00
2	2	0.00	0.00	0.64	1.28	0.00
2	6	0.00	0.00	0.51	0.98	0.00
3	3	0.00	0.02	0.51	1.31	0.00
3	7	0.00	0.00	0.20	1.28	0.00
Core	CPU	C1%	C3%	C6%	C8%	C9%
-	-	0.02	0.50	7.21	14.93	2.22
0	0	0.13	3.82	44.97	23.09	0.00
0	4	0.00	0.00	0.64	0.20	17.79
1	1	0.00	0.00	0.26	1.20	0.00
1	5	0.00	0.00	5.41	64.29	0.00
2	2	0.00	0.00	0.19	0.79	0.00
2	6	0.00	0.04	1.94	1.79	0.00
3	3	0.00	0.00	2.15	26.68	0.00
3	7	0.00	0.13	2.13	1.43	0.00
Core	CPU	C1%	C3%	C6%	C8%	C9%
-	-	0.02	0.10	6.34	15.92	0.00
0	0	0.16	0.74	39.18	32.93	0.00
0	4	0.00	0.00	1.06	0.00	0.00
1	1	0.00	0.00	0.27	0.30	0.00
1	5	0.00	0.00	7.42	90.80	0.00
2	2	0.00	0.00	0.10	0.50	0.00
2	6	0.00	0.02	1.40	0.74	0.00
3	3	0.04	0.02	0.34	1.77	0.00
3	7	0.00	0.03	0.92	0.30	0.00
Core	CPU	C1%	C3%	C6%	C8%	C9%
-	-	0.12	0.18	6.66	15.77	0.38
0	0	0.15	1.46	40.75	30.65	0.00
0	4	0.00	0.00	0.68	0.00	2.15
1	1	0.04	0.00	0.26	0.98	0.00
1	5	0.78	0.00	6.98	85.86	0.00
2	2	0.00	0.00	0.72	0.20	0.00
2	6	0.00	0.01	0.90	0.45	0.89
3	3	0.00	0.00	1.31	6.18	0.00
3	7	0.00	0.00	1.67	1.89	0.00
Core	CPU	C1%	C3%	C6%	C8%	C9%
-	-	0.02	0.11	6.59	16.21	0.00
0	0	0.15	0.72	39.63	32.41	0.00
0	4	0.00	0.00	1.27	0.98	0.00
1	1	0.00	0.00	0.58	0.50	0.00
1	5	0.00	0.00	1.76	15.74	0.00
2	2	0.00	0.00	0.25	0.79	0.00
2	6	0.00	0.08	1.22	3.63	0.00
3	3	0.00	0.06	7.54	74.51	0.00
3	7	0.00	0.04	0.50	1.10	0.00
Core	CPU	C1%	C3%	C6%	C8%	C9%
-	-	0.02	0.03	6.01	16.59	0.00
0	0	0.19	0.20	36.70	35.86	0.00
0	4	0.00	0.00	0.71	0.71	0.00
1	1	0.00	0.01	0.29	1.00	0.00
1	5	0.00	0.03	7.55	90.64	0.00
2	2	0.00	0.00	0.29	1.18	0.00
2	6	0.00	0.00	1.06	1.20	0.00
3	3	0.00	0.00	0.46	1.50	0.00
3	7	0.00	0.02	0.98	0.60	0.00
Core	CPU	C1%	C3%	C6%	C8%	C9%
-	-	0.11	0.43	6.69	15.07	1.89
0	0	0.13	3.40	43.74	24.84	0.00
0	4	0.00	0.00	0.50	0.21	15.13
1	1	0.03	0.01	0.19	1.31	0.00
1	5	0.73	0.01	5.89	83.10	0.00
2	2	0.00	0.01	0.29	0.60	0.00
2	6	0.00	0.01	0.88	1.87	0.00
3	3	0.00	0.00	0.96	6.81	0.00
3	7	0.00	0.00	1.08	1.79	0.00
Core	CPU	C1%	C3%	C6%	C8%	C9%
-	-	0.02	0.05	6.06	16.45	0.16
0	0	0.18	0.37	37.60	34.83	0.00
0	4	0.00	0.00	0.95	0.20	1.26
1	1	0.00	0.00	0.19	0.89	0.00
1	5	0.00	0.00	7.86	90.27	0.00
2	2	0.00	0.00	0.15	1.09	0.00
2	6	0.00	0.00	0.20	1.19	0.00
3	3	0.00	0.01	1.01	0.99	0.00
3	7	0.00	0.02	0.56	2.17	0.00
Core	CPU	C1%	C3%	C6%	C8%	C9%
-	-	0.02	0.18	6.25	16.09	0.26
0	0	0.16	1.44	38.51	32.91	0.00
0	4	0.00	0.00	1.64	1.58	2.07
1	1	0.00	0.00	0.19	0.70	0.00
1	5	0.00	0.00	7.11	90.83	0.00
2	2	0.00	0.00	0.27	0.79	0.00
2	6	0.00	0.00	0.45	0.79	0.00
3	3	0.00	0.00	0.92	0.31	0.00
3	7	0.00	0.00	0.90	0.79	0.00
Core	CPU	C1%	C3%	C6%	C8%	C9%
-	-	0.14	0.32	7.40	15.03	1.89
0	0	0.13	2.52	46.44	24.03	0.00
0	4	0.00	0.01	2.14	0.29	15.11
1	1	0.11	0.02	0.29	1.57	0.00
1	5	0.72	0.00	4.75	54.61	0.00
2	2	0.00	0.00	0.30	1.38	0.00
2	6	0.00	0.03	0.73	1.18	0.00
3	3	0.00	0.00	4.11	36.28	0.00
3	7	0.12	0.01	0.43	0.89	0.00
Core	CPU	C1%	C3%	C6%	C8%	C9%
-	-	0.54	0.21	6.19	15.52	0.00
0	0	0.14	0.39	32.68	29.59	0.00
0	4	0.00	0.00	0.68	0.40	0.00
1	1	4.12	1.25	5.94	1.48	0.00
1	5	0.00	0.00	6.73	70.35	0.00
2	2	0.00	0.00	0.72	0.40	0.00
2	6	0.00	0.00	0.81	0.10	0.00
3	3	0.00	0.00	1.37	21.49	0.00
3	7	0.08	0.00	0.59	0.40	0.00
Core	CPU	C1%	C3%	C6%	C8%	C9%
-	-	0.01	0.78	7.81	13.42	5.39
0	0	0.07	6.24	54.33	12.03	0.00
0	4	0.00	0.02	0.64	0.09	43.16
1	1	0.00	0.00	0.30	0.60	0.00
1	5	0.00	0.00	5.30	90.37	0.00
2	2	0.00	0.00	0.46	0.49	0.00
2	6	0.00	0.00	0.42	0.90	0.00
3	3	0.00	0.00	0.71	1.59	0.00
3	7	0.00	0.00	0.29	1.29	0.00
Core	CPU	C1%	C3%	C6%	C8%	C9%
-	-	0.02	0.17	7.15	18.43	0.23
0	0	0.16	1.20	43.32	28.90	0.00
0	4	0.00	0.02	1.42	0.60	1.81
1	1	0.00	0.00	0.39	1.49	0.00
1	5	0.00	0.01	8.12	90.12	0.00
2	2	0.00	0.00	0.29	1.18	0.00
2	6	0.00	0.00	0.79	1.58	0.00
3	3	0.00	0.00	0.67	1.01	0.00
3	7	0.01	0.16	2.23	22.58	0.00
Core	CPU	C1%	C3%	C6%	C8%	C9%
-	-	0.02	0.31	6.92	16.10	1.57
0	0	0.12	2.43	45.85	24.74	0.00
0	4	0.00	0.00	0.28	0.97	12.59
1	1	0.00	0.00	0.36	1.09	0.00
1	5	0.00	0.02	6.55	91.65	0.00
2	2	0.00	0.00	0.32	0.99	0.00
2	6	0.00	0.00	0.28	1.23	0.00
3	3	0.00	0.00	0.50	1.95	0.00
3	7	0.00	0.06	1.24	6.14	0.00
Core	CPU	C1%	C3%	C6%	C8%	C9%
-	-	0.09	0.12	6.50	16.05	0.00
0	0	0.17	0.95	40.29	31.53	0.00
0	4	0.00	0.00	0.76	0.28	0.00
1	1	0.05	0.00	0.28	0.88	0.00
1	5	0.51	0.00	5.90	67.61	0.00
2	2	0.00	0.00	0.60	1.59	0.00
2	6	0.00	0.00	1.13	1.68	0.00
3	3	0.00	0.00	2.08	24.30	0.00
3	7	0.00	0.00	0.97	0.50	0.00
Core	CPU	C1%	C3%	C6%	C8%	C9%
-	-	0.02	0.07	6.25	15.96	0.00
0	0	0.18	0.53	38.32	34.00	0.00
0	4	0.00	0.03	0.82	0.09	0.00
1	1	0.00	0.00	0.19	0.89	0.00
1	5	0.00	0.00	2.82	22.23	0.00
2	2	0.00	0.00	0.37	0.98	0.00
2	6	0.00	0.00	0.45	0.99	0.00
3	3	0.00	0.01	6.80	67.58	0.00
3	7	0.00	0.00	0.19	0.90	0.00
Core	CPU	C1%	C3%	C6%	C8%	C9%
-	-	0.01	0.42	6.95	14.92	0.26
0	0	0.11	3.34	44.31	24.29	0.00
0	4	0.00	0.00	2.28	0.90	2.11
1	1	0.00	0.00	0.72	0.10	0.00
1	5	0.00	0.02	6.56	89.65	0.00
2	2	0.00	0.00	0.10	0.99	0.00
2	6	0.00	0.00	0.83	1.28	0.00
3	3	0.00	0.00	0.58	1.18	0.00
3	7	0.00	0.00	0.25	0.98	0.00
Core	CPU	C1%	C3%	C6%	C8%	C9%
-	-	0.00	0.37	7.65	14.23	2.83
0	0	0.04	2.95	53.21	16.20	0.00
0	4	0.00	0.00	0.90	0.20	22.62
1	1	0.00	0.00	0.54	0.59	0.00
1	5	0.00	0.02	5.30	93.02	0.00
2	2	0.00	0.00	0.20	0.90	0.00
2	6	0.00	0.00	0.19	0.89	0.00
3	3	0.00	0.00	0.50	1.08	0.00
3	7	0.00	0.00	0.35	0.98	0.00
Core	CPU	C1%	C3%	C6%	C8%	C9%
-	-	0.00	0.17	6.62	15.37	0.11
0	0	0.04	1.29	43.70	26.50	0.00
0	4	0.00	0.00	0.85	0.30	0.88
1	1	0.00	0.00	0.27	0.79	0.00
1	5	0.00	0.00	4.88	80.00	0.00
2	2	0.00	0.00	0.73	0.30	0.00
2	6	0.00	0.02	0.98	0.79	0.00
3	3	0.00	0.02	1.06	13.32	0.00
3	7	0.00	0.00	0.47	0.99	0.00
Core	CPU	C1%	C3%	C6%	C8%	C9%
-	-	0.01	0.10	7.10	15.11	0.00
0	0	0.06	0.77	44.88	25.95	0.00
0	4	0.00	0.00	0.58	0.50	0.00
1	1	0.00	0.00	0.29	1.19	0.00
1	5	0.00	0.03	8.66	85.55	0.00
2	2	0.00	0.00	0.44	0.79	0.00
2	6	0.00	0.00	0.37	1.38	0.00
3	3	0.00	0.00	1.09	4.13	0.00
3	7	0.00	0.00	0.50	1.37	0.00
Core	CPU	C1%	C3%	C6%	C8%	C9%
-	-	0.01	0.13	7.01	15.09	0.00
0	0	0.05	0.97	45.44	25.21	0.00
0	4	0.00	0.02	0.73	1.31	0.00
1	1	0.00	0.00	0.09	0.80	0.00
1	5	0.00	0.00	2.37	28.72	0.00
2	2	0.00	0.00	0.45	0.20	0.00
2	6	0.00	0.00	0.43	1.29	0.00
3	3	0.00	0.03	6.03	62.67	0.00
3	7	0.00	0.00	0.53	0.55	0.00
Core	CPU	C1%	C3%	C6%	C8%	C9%
-	-	0.04	0.36	7.07	14.69	0.98
0	0	0.06	2.69	45.57	23.41	0.00
0	4	0.01	0.00	0.75	0.77	7.82
1	1	0.07	0.00	0.92	0.19	0.00
1	5	0.19	0.04	2.45	17.08	0.00
2	2	0.00	0.00	0.49	0.70	0.00
2	6	0.00	0.02	1.23	1.28	0.00
3	3	0.00	0.01	4.82	73.29	0.00
3	7	0.00	0.15	0.36	0.79	0.00
Core	CPU	C1%	C3%	C6%	C8%	C9%
-	-	0.01	0.25	7.49	14.71	1.11
0	0	0.05	1.92	48.81	21.25	0.00
0	4	0.00	0.00	0.87	0.00	8.87
1	1	0.00	0.00	0.85	1.58	0.00
1	5	0.00	0.03	6.56	89.75	0.00
2	2	0.00	0.02	0.29	1.00	0.00
2	6	0.00	0.00	0.38	1.13	0.00
3	3	0.00	0.02	1.69	2.29	0.00
3	7	0.00	0.00	0.47	0.67	0.00
Core	CPU	C1%	C3%	C6%	C8%	C9%
-	-	0.24	0.41	7.45	14.87	3.07
0	0	0.06	3.20	49.36	19.86	0.00
0	4	0.00	0.00	0.80	0.00	23.74
1	1	1.87	0.02	1.17	3.27	0.00
1	5	0.00	0.00	1.31	5.38	0.80
2	2	0.00	0.00	0.26	0.89	0.00
2	6	0.00	0.00	0.14	0.99	0.00
3	3	0.00	0.02	5.98	87.37	0.00
3	7	0.00	0.02	0.57	1.19	0.00
Core	CPU	C1%	C3%	C6%	C8%	C9%
-	-	0.01	0.14	7.10	15.00	0.00
0	0	0.06	1.08	45.54	25.20	0.00
0	4	0.00	0.00	1.51	0.00	0.00
1	1	0.00	0.00	0.28	0.89	0.00
1	5	0.00	0.03	7.17	90.98	0.00
2	2	0.00	0.00	0.15	0.79	0.00
2	6	0.00	0.00	0.90	0.70	0.00
3	3	0.00	0.01	0.40	0.90	0.00
3	7	0.00	0.04	0.88	0.58	0.00
Core	CPU	C1%	C3%	C6%	C8%	C9%
-	-	0.01	0.37	7.60	14.18	5.55
0	0	0.05	2.94	51.93	17.38	0.00
0	4	0.00	0.00	0.63	0.00	44.37
1	1	0.00	0.00	0.10	0.80	0.00
1	5	0.00	0.00	1.16	15.90	0.00
2	2	0.00	0.00	0.27	0.99	0.00
2	6	0.00	0.00	0.35	0.50	0.00
3	3	0.00	0.04	5.48	77.60	0.00
3	7	0.00	0.00	0.90	0.30	0.00
Core	CPU	C1%	C3%	C6%	C8%	C9%
-	-	0.01	0.34	6.64	14.96	0.00
0	0	0.11	2.70	41.67	27.16	0.00
0	4	0.00	0.00	0.74	0.00	0.00
1	1	0.00	0.00	0.82	0.30	0.00
1	5	0.00	0.05	6.55	63.55	0.00
2	2	0.00	0.00	0.30	1.28	0.00
2	6	0.00	0.00	0.37	0.89	0.00
3	3	0.00	0.00	2.25	25.56	0.00
3	7	0.00	0.00	0.40	0.98	0.00
Core	CPU	C1%	C3%	C6%	C8%	C9%
-	-	0.75	0.30	6.32	15.36	0.00
0	0	0.17	0.60	34.27	28.53	0.00
0	4	0.00	0.00	0.46	0.60	0.00
1	1	0.00	0.00	0.25	0.70	0.00
1	5	0.00	0.00	0.38	4.62	0.00
2	2	0.00	0.02	0.19	0.69	0.00
2	6	0.00	0.00	0.30	0.79	0.00
3	3	0.00	0.01	7.68	86.44	0.00
3	7	5.85	1.80	7.02	0.49	0.00
Core	CPU	C1%	C3%	C6%	C8%	C9%
-	-	0.03	0.23	6.89	15.33	0.44
0	0	0.13	1.83	42.02	29.10	0.00
0	4	0.00	0.00	2.14	0.38	2.68
1	1	0.00	0.00	0.26	0.89	0.00
1	5	0.00	0.00	0.66	0.99	0.81
2	2	0.00	0.00	0.73	0.58	0.00
2	6	0.10	0.01	0.87	0.40	0.00
3	3	0.00	0.02	8.04	89.70	0.00
3	7	0.00	0.00	0.37	0.60	0.00
Core	CPU	C1%	C3%	C6%	C8%	C9%
-	-	0.02	0.11	6.65	15.92	0.15
0	0	0.16	0.80	40.87	31.15	0.00
0	4	0.00	0.00	1.67	1.47	1.22
1	1	0.00	0.00	0.33	1.48	0.00
1	5	0.00	0.00	0.37	0.80	0.00
2	2	0.00	0.06	0.40	0.69	0.00
2	6	0.00	0.00	0.37	1.09	0.00
3	3	0.00	0.02	8.27	89.88	0.00
3	7	0.00	0.00	0.88	0.78	0.00
Core	CPU	C1%	C3%	C6%	C8%	C9%
-	-	0.03	0.10	6.26	15.96	0.53
0	0	0.20	0.76	39.19	32.90	0.00
0	4	0.00	0.00	0.72	0.30	4.27
1	1	0.00	0.02	0.30	0.79	0.00
1	5	0.00	0.02	3.75	40.08	0.00
2	2	0.00	0.00	0.39	1.38	0.00
2	6	0.00	0.00	0.36	1.08	0.00
3	3	0.00	0.00	4.56	51.04	0.00
3	7	0.00	0.00	0.82	0.14	0.00
Core	CPU	C1%	C3%	C6%	C8%	C9%
-	-	0.08	0.38	7.11	14.72	3.28
0	0	0.13	3.01	43.28	26.48	0.00
0	4	0.01	0.00	0.76	0.10	26.23
1	1	0.06	0.00	0.32	0.71	0.00
1	5	0.01	0.03	5.27	39.06	0.00
2	2	0.00	0.01	0.29	0.60	0.00
2	6	0.00	0.00	0.46	1.97	0.00
3	3	0.00	0.01	5.90	47.63	0.00
3	7	0.47	0.00	0.61	1.18	0.00
Core	CPU	C1%	C3%	C6%	C8%	C9%
-	-	0.02	0.07	6.35	16.29	0.00
0	0	0.16	0.53	38.17	34.08	0.00
0	4	0.00	0.00	1.43	0.78	0.00
1	1	0.00	0.00	0.35	1.20	0.00
1	5	0.00	0.02	0.61	1.30	0.00
2	2	0.00	0.02	0.39	1.00	0.00
2	6	0.00	0.00	0.96	1.40	0.00
3	3	0.00	0.00	8.12	90.03	0.00
3	7	0.00	0.00	0.75	0.50	0.00
Core	CPU	C1%	C3%	C6%	C8%	C9%
-	-	0.02	0.24	6.60	15.62	0.24
0	0	0.15	1.83	42.49	28.63	0.00
0	4	0.00	0.00	0.49	0.21	1.08
1	1	0.00	0.00	0.23	1.88	0.00
1	5	0.00	0.00	0.34	0.89	0.00
2	2	0.00	0.00	0.25	0.99	0.00
2	6	0.00	0.09	0.32	1.28	0.80
3	3	0.00	0.04	8.26	89.89	0.00
3	7	0.00	0.00	0.38	1.18	0.00
Core	CPU	C1%	C3%	C6%	C8%	C9%
-	-	0.41	0.33	7.18	18.48	2.11
0	0	0.13	1.60	40.52	25.23	0.00
0	4	0.00	0.00	0.72	0.00	16.88
1	1	3.06	0.81	4.56	2.37	0.00
1	5	0.00	0.02	0.00	0.69	0.00
2	2	0.00	0.00	0.28	1.08	0.00
2	6	0.00	0.00	0.74	0.69	0.00
3	3	0.06	0.04	9.94	88.08	0.00
3	7	0.01	0.17	0.67	29.68	0.00
Core	CPU	C1%	C3%	C6%	C8%	C9%
-	-	0.01	0.49	7.76	14.10	7.54
0	0	0.10	3.89	52.26	17.03	0.00
0	4	0.00	0.00	0.99	0.09	60.34
1	1	0.00	0.00	0.35	0.79	0.00
1	5	0.00	0.04	1.82	30.54	0.00
2	2	0.00	0.00	0.20	0.99	0.00
2	6	0.00	0.00	0.20	0.99	0.00
3	3	0.00	0.01	5.44	61.80	0.00
3	7	0.00	0.00	0.81	0.59	0.00
Core	CPU	C1%	C3%	C6%	C8%	C9%
-	-	0.02	0.40	6.52	14.99	0.00
0	0	0.13	3.06	41.37	27.69	0.00
0	4	0.00	0.00	1.51	0.00	0.00
1	1	0.00	0.00	0.27	0.90	0.00
1	5	0.00	0.07	7.84	86.39	0.00
2	2	0.00	0.00	0.14	0.89	0.00
2	6	0.00	0.02	0.28	0.79	0.00
3	3	0.00	0.02	0.50	2.45	0.00
3	7	0.00	0.00	0.28	0.79	0.00
Core	CPU	C1%	C3%	C6%	C8%	C9%
-	-	0.01	0.17	6.73	15.60	0.00
0	0	0.12	1.24	43.42	27.92	0.00
0	4	0.00	0.02	0.58	0.51	0.00
1	1	0.00	0.00	0.10	0.99	0.00
1	5	0.00	0.02	4.61	56.14	0.00
2	2	0.00	0.00	0.27	0.79	0.00
2	6	0.00	0.00	0.35	1.29	0.00
3	3	0.00	0.05	4.43	36.17	0.00
3	7	0.00	0.00	0.10	0.99	0.00
Core	CPU	C1%	C3%	C6%	C8%	C9%
-	-	0.02	0.31	7.51	15.34	0.00
0	0	0.18	1.15	37.31	25.54	0.01
0	4	0.00	1.30	12.62	1.12	0.00
1	1	0.00	0.00	0.29	1.19	0.00
1	5	0.00	0.04	4.56	41.82	0.00
2	2	0.00	0.00	0.85	1.28	0.00
2	6	0.00	0.00	0.43	1.58	0.00
3	3	0.00	0.02	3.96	49.43	0.00
3	7	0.00	0.00	0.10	0.79	0.00
Core	CPU	C1%	C3%	C6%	C8%	C9%
-	-	0.02	0.26	6.74	15.13	0.65
0	0	0.12	1.50	41.43	25.97	0.00
0	4	0.00	0.00	0.78	0.30	5.18
1	1	0.00	0.00	0.71	0.50	0.00
1	5	0.02	0.57	6.49	49.34	0.00
2	2	0.00	0.00	0.19	0.89	0.00
2	6	0.00	0.00	0.28	0.98	0.00
3	3	0.00	0.00	3.79	41.85	0.00
3	7	0.00	0.00	0.23	1.18	0.00
Core	CPU	C1%	C3%	C6%	C8%	C9%
-	-	0.02	0.26	7.07	14.99	2.25
0	0	0.12	1.99	45.36	25.44	0.00
0	4	0.00	0.00	1.23	0.62	17.98
1	1	0.00	0.00	0.34	0.59	0.00
1	5	0.00	0.10	8.20	86.04	0.00
2	2	0.00	0.00	0.19	0.90	0.00
2	6	0.00	0.00	0.27	0.79	0.00
3	3	0.00	0.00	0.68	4.71	0.00
3	7	0.00	0.00	0.25	0.79	0.00
Core	CPU	C1%	C3%	C6%	C8%	C9%
-	-	0.02	0.33	6.19	15.73	0.00
0	0	0.17	2.49	38.88	30.98	0.00
0	4	0.00	0.00	0.55	1.29	0.00
1	1	0.00	0.00	0.35	0.99	0.00
1	5	0.00	0.09	8.03	87.92	0.00
2	2	0.00	0.01	0.49	0.99	0.00
2	6	0.00	0.00	0.20	1.19	0.00
3	3	0.00	0.00	0.49	1.50	0.00
3	7	0.00	0.03	0.53	0.98	0.00
Core	CPU	C1%	C3%	C6%	C8%	C9%
-	-	0.02	0.09	6.39	16.08	0.00
0	0	0.17	0.69	39.06	33.21	0.00
0	4	0.00	0.00	0.73	1.18	0.00
1	1	0.00	0.00	0.26	1.00	0.00
1	5	0.00	0.03	8.57	89.45	0.00
2	2	0.00	0.00	0.82	0.60	0.00
2	6	0.00	0.01	0.89	0.40	0.00
3	3	0.00	0.00	0.46	1.58	0.00
3	7	0.00	0.00	0.36	1.19	0.00
Core	CPU	C1%	C3%	C6%	C8%	C9%
-	-	0.02	0.18	6.43	15.85	0.03
0	0	0.14	1.42	40.20	31.22	0.00
0	4	0.00	0.01	1.21	0.58	0.26
1	1	0.00	0.00	0.49	0.59	0.00
1	5	0.00	0.00	3.41	36.58	0.00
2	2	0.00	0.00	0.47	0.49	0.00
2	6	0.00	0.00	0.42	1.60	0.00
3	3	0.00	0.00	4.84	54.76	0.00
3	7	0.00	0.02	0.39	0.99	0.00
Core	CPU	C1%	C3%	C6%	C8%	C9%
-	-	0.02	0.10	6.73	15.86	0.14
0	0	0.15	0.70	39.94	32.20	0.00
0	4	0.00	0.00	2.14	0.11	0.00
1	1	0.00	0.00	0.19	1.18	0.00
1	5	0.00	0.00	3.68	43.45	0.00
2	2	0.00	0.00	0.28	1.08	0.00
2	6	0.00	0.00	1.50	0.79	0.00
3	3	0.00	0.08	5.05	47.29	0.00
3	7	0.00	0.00	1.02	0.79	1.11
Core	CPU	C1%	C3%	C6%	C8%	C9%
-	-	0.03	0.19	6.97	15.72	0.59
0	0	0.16	1.44	41.82	28.90	0.00
0	4	0.00	0.00	0.89	0.59	4.74
1	1	0.08	0.00	0.48	1.62	0.00
1	5	0.00	0.06	8.36	84.27	0.00
2	2	0.00	0.02	1.63	1.59	0.00
2	6	0.00	0.00	0.47	1.60	0.00
3	3	0.00	0.03	1.47	5.71	0.00
3	7	0.00	0.00	0.61	1.49	0.00
Core	CPU	C1%	C3%	C6%	C8%	C9%
-	-	1.05	0.86	7.12	13.46	3.20
0	0	0.17	4.84	42.19	12.12	0.01
0	4	0.00	0.03	0.98	0.00	25.60
1	1	8.19	1.95	7.11	1.09	0.00
1	5	0.00	0.04	2.93	48.25	0.00
2	2	0.00	0.00	0.27	1.19	0.00
2	6	0.00	0.00	0.35	0.98	0.00
3	3	0.00	0.01	2.66	43.23	0.00
3	7	0.00	0.02	0.48	0.79	0.00
Core	CPU	C1%	C3%	C6%	C8%	C9%
-	-	0.03	0.09	6.24	16.10	0.00
0	0	0.20	0.58	37.82	34.41	0.00
0	4	0.00	0.00	0.62	0.82	0.00
1	1	0.00	0.05	0.79	0.40	0.00
1	5	0.06	0.01	3.97	37.56	0.00
2	2	0.00	0.01	0.40	0.80	0.00
2	6	0.00	0.00	0.10	1.10	0.00
3	3	0.00	0.03	5.78	52.98	0.00
3	7	0.00	0.00	0.46	0.69	0.00
Core	CPU	C1%	C3%	C6%	C8%	C9%
-	-	0.02	0.16	6.58	15.75	0.00
0	0	0.16	1.21	39.91	31.78	0.00
0	4	0.00	0.00	0.92	1.31	0.00
1	1	0.00	0.00	0.68	0.59	0.00
1	5	0.00	0.06	9.19	88.30	0.00
2	2	0.00	0.00	0.15	0.99	0.00
2	6	0.00	0.00	0.31	1.29	0.00
3	3	0.00	0.00	1.21	0.98	0.00
3	7	0.00	0.00	0.29	0.79	0.00
Core	CPU	C1%	C3%	C6%	C8%	C9%
-	-	0.02	0.18	6.69	15.67	1.31
0	0	0.15	1.34	42.91	28.67	0.00
0	4	0.00	0.00	0.39	1.39	10.44
1	1	0.00	0.01	0.30	1.28	0.00
1	5	0.00	0.08	7.36	90.77	0.00
2	2	0.00	0.00	0.29	0.98	0.00
2	6	0.00	0.00	0.36	0.79	0.00
3	3	0.00	0.01	1.05	0.79	0.00
3	7	0.00	0.02	0.87	0.69	0.00
Core	CPU	C1%	C3%	C6%	C8%	C9%
-	-	0.02	0.12	6.27	16.00	0.00
0	0	0.15	0.97	40.15	31.76	0.00
0	4	0.00	0.00	0.47	0.19	0.00
1	1	0.00	0.00	0.24	1.19	0.00
1	5	0.00	0.00	5.59	68.50	0.00
2	2	0.00	0.00	0.10	0.78	0.00
2	6	0.00	0.00	0.19	0.98	0.00
3	3	0.00	0.03	2.54	23.46	0.00
3	7	0.00	0.00	0.84	1.10	0.00
Core	CPU	C1%	C3%	C6%	C8%	C9%
-	-	0.68	0.52	6.59	14.68	1.31
0	0	0.13	2.82	36.54	23.44	0.00
0	4	0.00	0.00	0.68	0.61	10.50
1	1	0.00	0.00	0.28	1.08	0.00
1	5	0.00	0.00	1.53	22.54	0.00
2	2	0.00	0.02	0.34	1.09	0.00
2	6	0.00	0.00	0.29	1.74	0.00
3	3	0.00	0.03	6.64	66.74	0.00
3	7	5.33	1.30	6.43	0.20	0.00
Core	CPU	C1%	C3%	C6%	C8%	C9%
-	-	0.02	0.18	6.61	15.83	3.20
0	0	0.14	1.38	41.63	29.86	0.00
0	4	0.00	0.00	1.49	0.11	25.59
1	1	0.00	0.02	0.49	1.10	0.00
1	5	0.00	0.00	0.89	5.62	0.00
2	2	0.00	0.01	0.59	1.17	0.00
2	6	0.00	0.00	0.35	1.18	0.00
3	3	0.00	0.00	6.80	86.72	0.00
3	7	0.00	0.00	0.62	0.89	0.00
Core	CPU	C1%	C3%	C6%	C8%	C9%
-	-	0.02	0.24	6.80	15.34	0.11
0	0	0.13	1.88	42.55	28.51	0.00
0	4	0.00	0.00	0.85	0.00	0.00
1	1	0.00	0.00	0.15	1.09	0.00
1	5	0.00	0.04	3.93	33.13	0.00
2	2	0.00	0.00	1.19	0.70	0.00
2	6	0.00	0.00	0.20	0.79	0.00
3	3	0.00	0.00	5.02	57.25	0.00
3	7	0.00	0.00	0.52	1.25	0.88
Core	CPU	C1%	C3%	C6%	C8%	C9%
-	-	0.02	0.05	6.28	16.08	0.00
0	0	0.16	0.37	37.83	34.66	0.00
0	4	0.00	0.00	0.95	0.00	0.00
1	1	0.00	0.00	0.25	1.08	0.00
1	5	0.00	0.07	6.43	56.47	0.00
2	2	0.00	0.00	0.52	1.29	0.00
2	6	0.00	0.00	3.44	33.46	0.00
3	3	0.00	0.00	0.28	1.08	0.00
3	7	0.00	0.00	0.56	0.59	0.00
Core	CPU	C1%	C3%	C6%	C8%	C9%
-	-	0.02	0.08	6.13	16.03	0.00
0	0	0.16	0.64	38.79	33.43	0.00
0	4	0.00	0.00	0.59	0.39	0.00
1	1	0.00	0.00	0.67	0.69	0.00
1	5	0.00	0.00	0.45	0.98	0.00
2	2	0.00	0.00	0.35	0.69	0.00
2	6	0.00	0.00	7.72	90.48	0.00
3	3	0.00	0.00	0.09	0.79	0.00
3	7	0.00	0.00	0.37	0.78	0.00
Core	CPU	C1%	C3%	C6%	C8%	C9%
-	-	0.02	0.68	7.00	18.72	0.12
0	0	0.11	4.33	43.54	26.04	0.00
0	4	0.00	0.02	1.03	1.99	0.95
1	1	0.00	0.00	0.45	0.71	0.00
1	5	0.00	0.00	1.60	8.54	0.00
2	2	0.00	0.00	0.85	1.89	0.00
2	6	0.00	0.03	7.19	81.67	0.00
3	3	0.00	0.00	0.25	1.29	0.00
3	7	0.02	1.04	1.06	27.63	0.00
Core	CPU	C1%	C3%	C6%	C8%	C9%
-	-	0.02	0.14	6.69	15.80	0.00
0	0	0.13	1.02	41.36	30.51	0.00
0	4	0.00	0.00	0.76	0.18	0.00
1	1	0.00	0.00	0.23	0.90	0.00
1	5	0.00	0.08	5.80	51.12	0.00
2	2	0.00	0.00	0.31	1.20	0.00
2	6	0.00	0.04	3.78	39.20	0.00
3	3	0.00	0.00	0.37	0.79	0.00
3	7	0.00	0.00	0.92	2.53	0.00
Core	CPU	C1%	C3%	C6%	C8%	C9%
-	-	0.02	0.11	6.10	16.15	0.00
0	0	0.16	0.86	37.10	34.97	0.00
0	4	0.00	0.00	0.81	0.00	0.00
1	1	0.00	0.00	0.27	1.08	0.00
1	5	0.00	0.00	0.35	0.98	0.00
2	2	0.00	0.00	1.02	0.60	0.00
2	6	0.00	0.01	8.63	89.54	0.00
3	3	0.00	0.00	0.28	1.19	0.00
3	7	0.00	0.00	0.34	0.86	0.00
Core	CPU	C1%	C3%	C6%	C8%	C9%
-	-	0.01	0.10	6.47	15.82	0.21
0	0	0.11	0.70	40.03	32.16	0.00
0	4	0.00	0.00	0.60	0.10	1.69
1	1	0.00	0.00	0.70	0.19	0.00
1	5	0.00	0.04	1.15	1.47	0.00
2	2	0.00	0.01	0.52	0.89	0.00
2	6	0.00	0.00	7.77	90.45	0.00
3	3	0.00	0.02	0.60	0.40	0.00
3	7	0.00	0.00	0.39	0.89	0.00
Core	CPU	C1%	C3%	C6%	C8%	C9%
-	-	0.02	0.06	6.27	16.04	0.00
0	0	0.12	0.41	38.49	33.95	0.00
0	4	0.00	0.00	2.15	0.11	0.00
1	1	0.00	0.02	0.60	0.49	0.00
1	5	0.00	0.00	0.39	0.80	0.00
2	2	0.00	0.02	0.49	0.99	0.00
2	6	0.00	0.00	7.81	90.39	0.00
3	3	0.00	0.00	0.25	0.89	0.00
3	7	0.00	0.00	0.03	0.69	0.00
Core	CPU	C1%	C3%	C6%	C8%	C9%
-	-	0.02	0.33	6.13	15.25	0.42
0	0	0.12	2.57	39.69	29.82	0.00
0	4	0.00	0.00	0.56	0.11	0.00
1	1	0.00	0.00	0.35	0.80	0.00
1	5	0.00	0.00	0.14	0.78	0.00
2	2	0.07	0.05	0.68	0.80	0.00
2	6	0.00	0.01	7.15	88.51	0.00
3	3	0.00	0.00	0.18	0.49	0.00
3	7	0.00	0.00	0.25	0.69	3.35
Core	CPU	C1%	C3%	C6%	C8%	C9%
-	-	0.61	0.43	6.43	14.90	0.00
0	0	0.07	1.17	34.72	21.80	0.00
0	4	0.00	0.00	0.90	0.00	0.00
1	1	0.00	0.00	0.28	1.18	0.00
1	5	0.00	0.00	0.36	0.79	0.00
2	2	0.00	0.00	0.86	0.19	0.00
2	6	0.00	0.00	5.91	92.44	0.00
3	3	0.00	0.00	0.19	1.09	0.00
3	7	4.82	2.28	8.21	1.68	0.00
Core	CPU	C1%	C3%	C6%	C8%	C9%
-	-	0.01	0.26	6.81	15.59	0.00
0	0	0.08	1.99	44.47	26.40	0.00
0	4	0.00	0.00	0.94	1.72	0.00
1	1	0.00	0.02	0.49	0.99	0.00
1	5	0.00	0.00	0.20	1.38	0.00
2	2	0.00	0.00	0.50	1.30	0.00
2	6	0.00	0.01	7.13	90.77	0.00
3	3	0.00	0.00	0.50	0.70	0.00
3	7	0.00	0.03	0.24	1.48	0.00
Core	CPU	C1%	C3%	C6%	C8%	C9%
-	-	0.01	0.17	6.84	15.63	0.03
0	0	0.09	1.35	44.23	27.21	0.00
0	4	0.00	0.00	1.85	0.51	0.21
1	1	0.00	0.00	0.24	1.69	0.00
1	5	0.00	0.00	0.33	0.89	0.00
2	2	0.00	0.01	0.30	1.59	0.00
2	6	0.00	0.00	6.64	91.67	0.00
3	3	0.00	0.00	0.67	0.40	0.00
3	7	0.00	0.00	0.45	1.08	0.00
Core	CPU	C1%	C3%	C6%	C8%	C9%
-	-	0.11	0.14	6.84	15.56	0.09
0	0	0.08	1.10	44.08	28.43	0.00
0	4	0.00	0.00	0.52	0.22	0.70
1	1	0.05	0.00	0.29	1.37	0.00
1	5	0.77	0.02	0.45	1.20	0.00
2	2	0.00	0.00	0.46	1.10	0.00
2	6	0.00	0.00	8.16	89.85	0.00
3	3	0.00	0.00	0.37	1.69	0.00
3	7	0.00	0.00	0.38	0.59	0.00
Core	CPU	C1%	C3%	C6%	C8%	C9%
-	-	0.01	0.33	6.41	15.22	0.00
0	0	0.07	2.59	42.72	26.72	0.00
0	4	0.00	0.00	0.29	0.80	0.00
1	1	0.00	0.00	0.28	1.19	0.00
1	5	0.00	0.00	1.01	9.56	0.00
2	2	0.00	0.00	0.57	0.89	0.00
2	6	0.00	0.00	5.81	80.44	0.00
3	3	0.00	0.02	0.39	1.19	0.00
3	7	0.00	0.00	0.20	0.99	0.00
Core	CPU	C1%	C3%	C6%	C8%	C9%
-	-	0.01	0.37	7.96	14.59	2.04
0	0	0.04	2.81	54.03	16.33	0.00
0	4	0.00	0.00	0.80	1.05	16.33
1	1	0.00	0.00	0.19	5.24	0.00
1	5	0.00	0.04	7.66	90.65	0.00
2	2	0.00	0.00	0.47	0.99	0.00
2	6	0.00	0.00	0.14	0.99	0.00
3	3	0.00	0.13	0.19	0.59	0.00
3	7	0.00	0.00	0.20	0.88	0.00
Core	CPU	C1%	C3%	C6%	C8%	C9%
-	-	0.01	0.41	7.76	14.69	0.02
0	0	0.04	3.20	51.12	18.98	0.00
0	4	0.00	0.00	1.49	0.40	0.00
1	1	0.00	0.02	0.29	3.08	0.19
1	5	0.00	0.05	7.55	90.74	0.00
2	2	0.00	0.00	0.49	1.29	0.00
2	6	0.00	0.00	0.46	1.18	0.00
3	3	0.00	0.00	0.31	0.99	0.00
3	7	0.00	0.00	0.33	0.88	0.00
Core	CPU	C1%	C3%	C6%	C8%	C9%
-	-	0.69	0.36	7.41	14.79	0.32
0	0	0.38	1.63	43.34	21.43	0.00
0	4	0.00	0.00	0.86	0.40	2.58
1	1	5.13	1.21	6.55	1.20	0.00
1	5	0.00	0.00	3.01	49.14	0.00
2	2	0.00	0.00	0.53	1.10	0.00
2	6	0.00	0.00	4.14	43.78	0.00
3	3	0.00	0.00	0.40	0.78	0.00
3	7	0.01	0.01	0.46	0.49	0.00
Core	CPU	C1%	C3%	C6%	C8%	C9%
-	-	0.01	0.25	7.29	15.06	0.00
0	0	0.06	2.03	49.69	21.40	0.00
0	4	0.00	0.00	0.78	0.31	0.00
1	1	0.00	0.00	0.68	2.17	0.00
1	5	0.00	0.00	0.27	1.16	0.00
2	2	0.00	0.00	0.40	1.57	0.00
2	6	0.00	0.00	5.85	92.49	0.00
3	3	0.00	0.00	0.10	1.00	0.00
3	7	0.00	0.00	0.59	0.40	0.00
Core	CPU	C1%	C3%	C6%	C8%	C9%
-	-	0.01	0.45	7.16	14.38	0.35
0	0	0.06	3.54	46.74	22.04	0.00
0	4	0.00	0.00	0.83	0.00	1.82
1	1	0.00	0.02	0.40	1.19	0.95
1	5	0.00	0.02	0.76	2.13	0.00
2	2	0.00	0.00	0.39	1.38	0.00
2	6	0.00	0.00	6.41	87.44	0.00
3	3	0.00	0.00	0.93	0.59	0.00
3	7	0.00	0.01	0.79	0.30	0.00
Core	CPU	C1%	C3%	C6%	C8%	C9%
-	-	0.00	0.30	7.68	14.36	0.15
0	0	0.03	2.29	51.24	19.51	0.00
0	4	0.00	0.00	0.90	1.60	1.21
1	1	0.00	0.00	0.23	0.60	0.00
1	5	0.00	0.07	7.66	90.57	0.00
2	2	0.00	0.00	0.19	0.70	0.00
2	6	0.00	0.00	0.48	1.00	0.00
3	3	0.00	0.00	0.36	0.70	0.00
3	7	0.00	0.00	0.34	0.20	0.00
Core	CPU	C1%	C3%	C6%	C8%	C9%
-	-	0.01	0.35	7.47	14.87	0.30
0	0	0.04	2.72	48.21	22.24	0.00
0	4	0.00	0.00	1.05	0.10	2.36
1	1	0.00	0.00	0.15	0.99	0.00
1	5	0.00	0.05	8.45	89.78	0.00
2	2	0.00	0.00	0.60	1.87	0.00
2	6	0.00	0.00	0.69	1.38	0.00
3	3	0.00	0.00	0.28	1.18	0.00
3	7	0.00	0.00	0.35	1.38	0.00
Core	CPU	C1%	C3%	C6%	C8%	C9%
-	-	0.01	0.26	7.43	14.77	0.65
0	0	0.04	2.04	49.13	21.91	0.00
0	4	0.00	0.00	1.25	0.00	5.16
1	1	0.00	0.00	0.15	0.89	0.00
1	5	0.00	0.05	7.22	91.01	0.00
2	2	0.00	0.00	0.29	0.90	0.00
2	6	0.00	0.00	0.75	1.39	0.00
3	3	0.00	0.00	0.28	0.98	0.00
3	7	0.00	0.00	0.36	1.08	0.00
Core	CPU	C1%	C3%	C6%	C8%	C9%
-	-	0.01	0.17	6.96	15.00	0.00
0	0	0.06	1.30	44.69	26.90	0.00
0	4	0.00	0.00	0.59	0.00	0.00
1	1	0.00	0.00	0.47	0.40	0.00
1	5	0.00	0.08	8.63	89.52	0.00
2	2	0.00	0.00	0.44	0.30	0.00
2	6	0.00	0.00	0.34	1.41	0.00
3	3	0.00	0.00	0.10	0.50	0.00
3	7	0.00	0.00	0.39	0.99	0.00
Core	CPU	C1%	C3%	C6%	C8%	C9%
-	-	0.01	0.36	6.94	14.67	0.12
0	0	0.04	2.84	45.29	23.20	0.00
0	4	0.00	0.02	1.99	0.30	0.00
1	1	0.00	0.00	0.19	1.78	0.00
1	5	0.00	0.00	0.48	1.48	0.00
2	2	0.00	0.00	0.36	0.89	0.00
2	6	0.00	0.00	4.30	54.07	0.00
3	3	0.00	0.00	0.32	1.10	0.00
3	7	0.00	0.00	2.59	34.54	1.00
Core	CPU	C1%	C3%	C6%	C8%	C9%
-	-	0.00	0.19	7.14	14.94	0.00
0	0	0.03	1.51	48.68	22.13	0.00
0	4	0.00	0.00	0.95	0.19	0.00
1	1	0.00	0.00	0.23	1.40	0.00
1	5	0.00	0.03	0.19	0.50	0.00
2	2	0.00	0.00	0.32	1.20	0.00
2	6	0.00	0.00	0.60	2.66	0.00
3	3	0.00	0.00	0.27	0.69	0.00
3	7	0.00	0.01	5.84	90.81	0.00
Core	CPU	C1%	C3%	C6%	C8%	C9%
-	-	0.00	0.21	6.92	15.25	0.09
0	0	0.03	1.62	45.92	24.49	0.00
0	4	0.00	0.00	0.78	0.11	0.00
1	1	0.00	0.00	0.26	1.19	0.00
1	5	0.00	0.00	0.25	0.99	0.00
2	2	0.00	0.00	0.41	1.39	0.00
2	6	0.00	0.05	0.39	1.70	0.73
3	3	0.00	0.00	0.30	0.98	0.00
3	7	0.00	0.00	7.02	91.17	0.00
Core	CPU	C1%	C3%	C6%	C8%	C9%
-	-	2.18	1.12	8.75	13.42	4.13
0	0	0.67	3.92	48.09	22.06	0.00
0	4	0.00	0.00	0.63	0.30	33.07
1	1	16.80	5.01	15.37	1.49	0.00
1	5	0.00	0.00	0.37	0.60	0.00
2	2	0.00	0.00	0.26	2.08	0.00
2	6	0.00	0.00	2.42	35.46	0.00
3	3	0.00	0.02	0.29	0.40	0.00
3	7	0.01	0.01	2.55	45.00	0.00
Core	CPU	C1%	C3%	C6%	C8%	C9%
-	-	0.01	0.23	7.27	15.07	0.00
0	0	0.05	1.79	50.03	21.53	0.00
0	4	0.00	0.00	0.96	1.79	0.00
1	1	0.00	0.00	0.35	0.90	0.00
1	5	0.00	0.00	0.10	1.09	0.00
2	2	0.00	0.00	0.28	0.79	0.00
2	6	0.00	0.00	1.35	18.69	0.00
3	3	0.00	0.00	0.14	0.79	0.00
3	7	0.00	0.03	4.96	75.00	0.00
Core	CPU	C1%	C3%	C6%	C8%	C9%
-	-	0.01	0.40	6.72	14.92	0.07
0	0	0.06	3.15	43.41	25.75	0.00
0	4	0.00	0.00	0.41	0.98	0.59
1	1	0.00	0.00	0.64	0.89	0.00
1	5	0.00	0.00	0.33	1.08	0.00
2	2	0.00	0.00	0.20	1.19	0.00
2	6	0.00	0.00	0.51	1.39	0.00
3	3	0.00	0.00	0.37	0.89	0.00
3	7	0.00	0.01	7.87	87.16	0.00
Core	CPU	C1%	C3%	C6%	C8%	C9%
-	-	0.01	0.16	6.63	15.57	0.45
0	0	0.06	1.25	44.42	27.50	0.00
0	4	0.00	0.00	0.67	1.06	3.59
1	1	0.00	0.00	0.15	0.99	0.00
1	5	0.00	0.00	0.31	0.59	0.00
2	2	0.00	0.00	0.20	0.90	0.00
2	6	0.00	0.00	0.39	1.11	0.00
3	3	0.00	0.00	0.38	0.88	0.00
3	7	0.00	0.00	6.56	91.58	0.00
Core	CPU	C1%	C3%	C6%	C8%	C9%
-	-	0.01	0.17	6.31	15.96	0.00
0	0	0.09	1.36	40.86	30.68	0.00
0	4	0.00	0.00	0.59	0.10	0.00
1	1	0.00	0.00	0.46	2.08	0.00
1	5	0.00	0.00	0.37	0.40	0.00
2	2	0.00	0.00	0.15	0.89	0.00
2	6	0.00	0.00	0.60	0.99	0.00
3	3	0.00	0.00	0.56	1.58	0.00
3	7	0.00	0.00	6.92	90.93	0.00
Core	CPU	C1%	C3%	C6%	C8%	C9%
-	-	0.01	0.07	6.26	16.17	0.00
0	0	0.11	0.53	39.31	33.04	0.00
0	4	0.00	0.00	1.40	0.70	0.00
1	1	0.00	0.00	0.38	1.19	0.00
1	5	0.00	0.00	0.28	0.89	0.00
2	2	0.00	0.00	0.35	0.79	0.00
2	6	0.00	0.00	0.64	1.31	0.00
3	3	0.00	0.02	0.39	0.99	0.00
3	7	0.00	0.00	7.34	90.45	0.00
Core	CPU	C1%	C3%	C6%	C8%	C9%
-	-	0.01	0.19	7.22	15.56	0.01
0	0	0.10	1.00	38.28	28.12	0.05
0	4	0.00	0.47	9.56	0.42	0.00
1	1	0.00	0.00	0.82	0.88	0.00
1	5	0.00	0.00	0.69	0.59	0.00
2	2	0.00	0.00	0.29	0.89	0.00
2	6	0.00	0.00	0.53	1.59	0.00
3	3	0.00	0.00	0.36	1.08	0.00
3	7	0.00	0.03	7.24	90.86	0.00
Core	CPU	C1%	C3%	C6%	C8%	C9%
-	-	0.01	0.33	6.25	15.64	0.00
0	0	0.09	2.64	40.70	28.84	0.00
0	4	0.00	0.00	0.97	0.00	0.00
1	1	0.00	0.00	0.35	1.57	0.00
1	5	0.00	0.00	0.24	1.09	0.00
2	2	0.00	0.02	0.39	1.39	0.00
2	6	0.00	0.00	0.68	2.19	0.00
3	3	0.00	0.00	0.29	1.18	0.00
3	7	0.00	0.00	6.34	88.85	0.00
Core	CPU	C1%	C3%	C6%	C8%	C9%
-	-	0.01	0.11	6.43	15.73	0.00
0	0	0.09	0.87	41.52	30.49	0.00
0	4	0.00	0.00	0.93	0.00	0.00
1	1	0.00	0.00	0.19	0.89	0.00
1	5	0.00	0.00	0.37	0.99	0.00
2	2	0.00	0.00	0.25	0.99	0.00
2	6	0.00	0.01	0.63	1.20	0.00
3	3	0.00	0.02	0.20	0.60	0.00
3	7	0.00	0.00	7.32	90.65	0.00
Core	CPU	C1%	C3%	C6%	C8%	C9%
-	-	0.02	0.21	6.45	15.77	0.51
0	0	0.13	1.68	41.17	30.05	0.00
0	4	0.00	0.00	1.70	0.58	4.10
1	1	0.00	0.00	0.19	0.89	0.00
1	5	0.00	0.00	0.27	0.90	0.00
2	2	0.00	0.00	0.26	0.89	0.00
2	6	0.00	0.00	0.65	1.41	0.00
3	3	0.00	0.02	0.20	0.70	0.00
3	7	0.00	0.00	7.17	90.76	0.00
Core	CPU	C1%	C3%	C6%	C8%	C9%
-	-	0.02	0.04	6.15	16.12	0.00
0	0	0.16	0.26	37.43	35.17	0.00
0	4	0.00	0.00	0.74	0.00	0.00
1	1	0.00	0.00	0.92	0.29	0.00
1	5	0.00	0.00	0.59	0.50	0.00
2	2	0.00	0.00	0.20	1.08	0.00
2	6	0.00	0.00	0.53	1.49	0.00
3	3	0.00	0.00	0.36	0.69	0.00
3	7	0.00	0.03	8.42	89.70	0.00
Core	CPU	C1%	C3%	C6%	C8%	C9%
-	-	0.01	0.31	7.03	15.14	3.19
0	0	0.11	2.51	47.45	23.14	0.00
0	4	0.00	0.00	0.70	0.20	24.95
1	1	0.00	0.00	0.34	2.66	0.58
1	5	0.00	0.00	0.13	0.99	0.00
2	2	0.00	0.00	0.10	0.80	0.00
2	6	0.00	0.00	0.40	1.10	0.00
3	3	0.00	0.00	0.28	0.79	0.00
3	7	0.00	0.00	6.87	91.41	0.00
Core	CPU	C1%	C3%	C6%	C8%	C9%
-	-	0.51	0.32	5.72	15.00	0.38
0	0	0.27	0.90	31.42	28.66	0.00
0	4	0.00	0.00	0.68	0.50	0.00
1	1	0.00	0.00	0.61	0.60	0.00
1	5	0.00	0.00	0.41	0.79	0.00
2	2	3.81	1.65	5.44	0.49	0.00
2	6	0.00	0.00	0.27	0.89	0.00
3	3	0.00	0.00	0.10	0.69	0.00
3	7	0.01	0.02	6.80	87.37	3.04
Core	CPU	C1%	C3%	C6%	C8%	C9%
-	-	0.03	0.14	6.59	15.86	0.00
0	0	0.23	1.01	40.45	31.12	0.00
0	4	0.00	0.02	1.65	0.11	0.00
1	1	0.00	0.00	1.68	23.20	0.00
1	5	0.00	0.04	0.86	2.27	0.00
2	2	0.00	0.00	0.46	0.70	0.00
2	6	0.00	0.00	0.72	1.20	0.00
3	3	0.00	0.00	0.22	0.69	0.00
3	7	0.00	0.02	6.69	67.56	0.00
Core	CPU	C1%	C3%	C6%	C8%	C9%
-	-	0.02	0.27	6.70	15.75	2.81
0	0	0.13	2.10	42.58	28.33	0.00
0	4	0.00	0.00	1.04	0.00	21.64
1	1	0.00	0.00	7.11	90.85	0.00
1	5	0.00	0.02	1.26	1.26	0.85
2	2	0.00	0.00	0.20	1.19	0.00
2	6	0.00	0.01	0.65	2.06	0.00
3	3	0.00	0.00	0.26	1.18	0.00
3	7	0.00	0.00	0.51	1.09	0.00
Core	CPU	C1%	C3%	C6%	C8%	C9%
-	-	0.02	0.39	7.64	14.58	3.84
0	0	0.11	3.07	48.11	21.84	0.00
0	4	0.00	0.00	0.88	0.00	29.75
1	1	0.05	0.01	5.67	55.66	0.00
1	5	0.00	0.00	0.54	0.69	0.99
2	2	0.00	0.00	0.92	0.30	0.00
2	6	0.00	0.01	1.87	1.70	0.00
3	3	0.00	0.00	0.20	0.89	0.00
3	7	0.00	0.03	2.96	35.55	0.00
Core	CPU	C1%	C3%	C6%	C8%	C9%
-	-	0.02	0.24	6.98	15.08	3.63
0	0	0.13	1.88	45.39	25.72	0.00
0	4	0.00	0.03	0.89	0.20	29.02
1	1	0.00	0.00	0.70	0.24	0.00
1	5	0.00	0.00	0.30	1.09	0.00
2	2	0.00	0.00	0.27	0.89	0.00
2	6	0.00	0.01	0.67	0.79	0.00
3	3	0.00	0.00	0.23	1.10	0.00
3	7	0.00	0.00	7.38	90.65	0.00
Core	CPU	C1%	C3%	C6%	C8%	C9%
-	-	0.03	0.42	6.17	16.49	0.00
0	0	0.19	0.30	37.13	35.17	0.00
0	4	0.00	0.00	1.07	2.53	0.00
1	1	0.04	0.93	8.80	86.91	0.00
1	5	0.00	0.04	0.43	1.69	0.00
2	2	0.00	0.03	0.59	2.57	0.00
2	6	0.00	0.00	0.88	1.48	0.00
3	3	0.00	0.00	0.46	1.58	0.00
3	7	0.00	2.07	0.04	0.00	0.00
Core	CPU	C1%	C3%	C6%	C8%	C9%
-	-	0.14	0.19	6.67	15.29	0.28
0	0	0.13	1.47	42.79	28.66	0.00
0	4	0.00	0.00	0.30	0.87	2.21
1	1	0.00	0.00	4.22	44.24	0.00
1	5	0.17	0.00	0.28	0.80	0.00
2	2	0.00	0.00	0.44	0.79	0.00
2	6	0.00	0.02	0.61	0.91	0.00
3	3	0.80	0.00	0.00	0.00	0.00
3	7	0.00	0.01	4.69	46.02	0.00
Core	CPU	C1%	C3%	C6%	C8%	C9%
-	-	0.49	0.58	6.41	14.26	0.12
0	0	0.13	1.21	35.85	27.18	0.00
0	4	0.00	0.02	0.38	0.71	0.00
1	1	3.83	3.29	6.84	0.54	0.00
1	5	0.00	0.00	0.28	0.78	1.00
2	2	0.00	0.00	0.26	1.38	0.00
2	6	0.00	0.00	0.65	0.99	0.00
3	3	0.00	0.11	0.22	0.59	0.00
3	7	0.00	0.00	6.82	81.94	0.00
Core	CPU	C1%	C3%	C6%	C8%	C9%
-	-	0.03	0.14	6.46	15.64	0.20
0	0	0.17	1.09	41.29	30.57	0.00
0	4	0.00	0.00	0.55	0.10	1.58
1	1	0.00	0.00	8.14	90.07	0.00
1	5	0.07	0.02	0.29	0.99	0.00
2	2	0.00	0.00	0.19	0.70	0.00
2	6	0.00	0.01	0.60	1.09	0.00
3	3	0.00	0.00	0.47	0.39	0.00
3	7	0.00	0.00	0.15	1.18	0.00
Core	CPU	C1%	C3%	C6%	C8%	C9%
-	-	0.03	0.06	6.19	16.19	0.00
0	0	0.19	0.40	38.05	34.42	0.00
0	4	0.00	0.03	1.46	0.49	0.00
1	1	0.00	0.00	8.53	89.68	0.00
1	5	0.07	0.01	0.17	0.79	0.00
2	2	0.00	0.02	0.29	0.91	0.00
2	6	0.00	0.00	0.39	1.40	0.00
3	3	0.00	0.00	0.28	0.79	0.00
3	7	0.00	0.00	0.37	1.07	0.00
Core	CPU	C1%	C3%	C6%	C8%	C9%
-	-	0.02	0.41	6.70	18.27	1.39
0	0	0.11	3.11	41.56	27.43	0.00
0	4	0.00	0.00	0.84	0.79	11.13
1	1	0.00	0.00	3.86	29.43	0.00
1	5	0.00	0.00	0.40	0.70	0.00
2	2	0.00	0.00	0.35	0.59	0.00
2	6	0.00	0.00	0.45	1.39	0.00
3	3	0.00	0.00	0.10	1.10	0.00
3	7	0.01	0.16	6.04	84.72	0.00
Core	CPU	C1%	C3%	C6%	C8%	C9%
-	-	0.02	0.04	6.01	16.27	0.00
0	0	0.19	0.29	36.77	35.76	0.00
0	4	0.00	0.02	0.69	0.09	0.00
1	1	0.00	0.00	2.31	27.42	0.00
1	5	0.00	0.00	0.22	0.99	0.00
2	2	0.00	0.00	0.37	0.79	0.00
2	6	0.00	0.00	0.66	1.09	0.00
3	3	0.00	0.00	0.32	1.00	0.00
3	7	0.00	0.00	6.71	62.99	0.00
Core	CPU	C1%	C3%	C6%	C8%	C9%
-	-	0.02	0.20	6.37	15.94	0.00
0	0	0.19	1.57	40.08	31.32	0.00
0	4	0.00	0.00	1.05	0.00	0.00
1	1	0.00	0.00	5.96	60.78	0.00
1	5	0.00	0.00	0.22	1.29	0.00
2	2	0.00	0.00	0.20	1.28	0.00
2	6	0.00	0.00	0.42	1.38	0.00
3	3	0.00	0.00	0.37	0.98	0.00
3	7	0.00	0.00	2.66	30.49	0.00
Core	CPU	C1%	C3%	C6%	C8%	C9%
-	-	0.02	0.12	6.36	16.00	0.51
0	0	0.16	0.95	40.74	31.20	0.00
0	4	0.00	0.00	1.54	0.30	4.09
1	1	0.00	0.00	4.85	61.95	0.00
1	5	0.00	0.00	0.32	0.89	0.00
2	2	0.00	0.00	0.19	1.09	0.00
2	6	0.00	0.00	0.50	1.50	0.00
3	3	0.00	0.00	0.48	0.88	0.00
3	7	0.00	0.00	2.24	30.19	0.00
Core	CPU	C1%	C3%	C6%	C8%	C9%
-	-	0.02	0.03	6.08	16.24	0.00
0	0	0.18	0.27	37.10	35.32	0.00
0	4	0.00	0.00	0.69	0.40	0.00
1	1	0.00	0.00	9.23	88.95	0.00
1	5	0.00	0.00	0.27	0.89	0.00
2	2	0.00	0.00	0.30	1.20	0.00
2	6	0.00	0.00	0.63	1.60	0.00
3	3	0.00	0.00	0.10	0.80	0.00
3	7	0.00	0.00	0.29	0.79	0.00
Core	CPU	C1%	C3%	C6%	C8%	C9%
-	-	0.02	0.25	5.74	15.78	0.00
0	0	0.17	1.92	36.03	34.13	0.00
0	4	0.01	0.00	0.86	0.32	0.00
1	1	0.00	0.00	2.46	26.87	0.00
1	5	0.00	0.01	0.37	1.09	0.00
2	2	0.00	0.00	0.24	0.50	0.00
2	6	0.00	0.02	0.47	0.76	0.00
3	3	0.00	0.02	0.29	0.60	0.00
3	7	0.00	0.03	5.22	61.96	0.00
Core	CPU	C1%	C3%	C6%	C8%	C9%
-	-	0.02	0.02	5.87	16.25	0.00
0	0	0.17	0.12	36.59	36.12	0.00
0	4	0.00	0.00	0.60	0.00	0.00
1	1	0.00	0.00	7.54	90.65	0.00
1	5	0.00	0.00	0.47	0.79	0.00
2	2	0.00	0.00	0.26	0.89	0.00
2	6	0.00	0.02	0.98	0.17	0.00
3	3	0.00	0.02	0.29	0.40	0.00
3	7	0.00	0.00	0.20	0.98	0.00
Core	CPU	C1%	C3%	C6%	C8%	C9%
-	-	0.03	0.22	6.71	16.10	0.05
0	0	0.15	1.66	40.95	30.38	0.00
0	4	0.00	0.00	1.06	0.22	0.38
1	1	0.00	0.02	4.75	63.68	0.00
1	5	0.07	0.02	0.85	1.08	0.00
2	2	0.00	0.00	1.66	2.95	0.00
2	6	0.00	0.00	1.25	0.79	0.00
3	3	0.00	0.00	0.35	0.59	0.00
3	7	0.00	0.05	2.82	29.10	0.00
Core	CPU	C1%	C3%	C6%	C8%	C9%
-	-	0.02	0.02	5.95	16.43	0.00
0	0	0.19	0.13	36.48	36.23	0.00
0	4	0.00	0.00	0.47	0.29	0.00
1	1	0.00	0.00	8.01	87.34	0.00
1	5	0.00	0.04	0.91	1.48	0.00
2	2	0.00	0.02	0.39	0.80	0.00
2	6	0.00	0.00	0.31	1.20	0.00
3	3	0.00	0.00	0.19	0.99	0.00
3	7	0.00	0.00	0.81	3.15	0.00
Core	CPU	C1%	C3%	C6%	C8%	C9%
-	-	0.02	0.08	6.30	16.01	0.00
0	0	0.13	0.65	39.36	32.75	0.00
0	4	0.00	0.00	0.99	0.30	0.00
1	1	0.00	0.00	0.28	0.89	0.00
1	5	0.00	0.00	0.92	0.97	0.00
2	2	0.00	0.00	0.05	0.99	0.00
2	6	0.00	0.00	0.54	1.10	0.00
3	3	0.00	0.00	0.20	0.99	0.00
3	7	0.00	0.00	8.03	90.12	0.00
Core	CPU	C1%	C3%	C6%	C8%	C9%
-	-	0.01	0.34	6.51	14.79	0.44
0	0	0.08	2.72	43.35	25.28	0.00
0	4	0.00	0.00	0.70	0.00	3.55
1	1	0.00	0.00	1.34	10.98	0.00
1	5	0.00	0.00	0.27	0.80	0.00
2	2	0.00	0.00	0.36	0.69	0.00
2	6	0.00	0.00	0.55	1.00	0.00
3	3	0.00	0.02	0.19	0.49	0.00
3	7	0.00	0.00	5.33	79.09	0.00
Core	CPU	C1%	C3%	C6%	C8%	C9%
-	-	0.01	0.17	6.97	15.29	0.00
0	0	0.09	1.38	45.01	26.04	0.00
0	4	0.00	0.00	0.91	1.21	0.00
1	1	0.00	0.00	7.16	91.08	0.00
1	5	0.00	0.00	0.17	1.18	0.00
2	2	0.00	0.00	0.27	0.89	0.00
2	6	0.00	0.00	0.65	1.10	0.00
3	3	0.00	0.00	0.83	0.40	0.00
3	7	0.00	0.01	0.79	0.40	0.00
Core	CPU	C1%	C3%	C6%	C8%	C9%
-	-	0.01	0.30	6.88	15.01	0.11
0	0	0.09	2.32	46.49	23.77	0.00
0	4	0.00	0.00	0.25	0.40	0.00
1	1	0.00	0.00	6.65	91.34	0.00
1	5	0.00	0.02	0.46	0.99	0.89
2	2	0.00	0.00	0.10	0.99	0.00
2	6	0.00	0.02	0.50	1.38	0.00
3	3	0.00	0.00	0.37	0.88	0.00
3	7	0.00	0.00	0.23	0.30	0.00
Core	CPU	C1%	C3%	C6%	C8%	C9%
-	-	0.64	0.72	7.98	13.66	4.15
0	0	0.07	3.38	47.10	14.69	0.12
0	4	0.00	0.00	0.77	0.18	33.10
1	1	5.07	2.27	7.25	4.88	0.00
1	5	0.00	0.00	0.43	0.69	0.00
2	2	0.00	0.00	0.10	0.79	0.00
2	6	0.00	0.04	0.58	1.07	0.00
3	3	0.00	0.00	0.38	0.69	0.00
3	7	0.00	0.06	7.23	86.29	0.00
Core	CPU	C1%	C3%	C6%	C8%	C9%
-	-	0.01	0.18	6.62	15.63	0.28
0	0	0.10	1.40	44.35	26.81	0.00
0	4	0.00	0.00	0.70	0.09	1.28
1	1	0.00	0.00	6.09	92.18	0.00
1	5	0.00	0.00	0.37	0.69	0.99
2	2	0.00	0.00	0.15	1.78	0.00
2	6	0.00	0.01	0.45	1.17	0.00
3	3	0.00	0.01	0.29	1.19	0.00
3	7	0.00	0.00	0.56	1.09	0.00
Core	CPU	C1%	C3%	C6%	C8%	C9%
-	-	0.02	0.36	6.11	15.48	1.03
0	0	0.17	2.24	37.66	32.12	0.00
0	4	0.01	0.62	1.10	0.10	7.25
1	1	0.00	0.00	7.14	88.57	0.00
1	5	0.00	0.00	0.19	0.89	1.00
2	2	0.00	0.00	0.17	0.99	0.00
2	6	0.00	0.00	0.85	0.59	0.00
3	3	0.00	0.00	0.93	0.30	0.00
3	7	0.00	0.01	0.87	0.29	0.00
Core	CPU	C1%	C3%	C6%	C8%	C9%
-	-	0.01	0.33	7.40	14.58	5.90
0	0	0.09	2.63	49.11	21.35	0.00
0	4	0.00	0.00	0.76	0.00	47.19
1	1	0.00	0.00	3.09	42.03	0.00
1	5	0.00	0.00	0.27	0.99	0.00
2	2	0.00	0.00	0.10	0.50	0.00
2	6	0.00	0.01	0.57	1.19	0.00
3	3	0.00	0.00	0.37	0.59	0.00
3	7	0.00	0.01	4.93	49.98	0.00
Core	CPU	C1%	C3%	C6%	C8%	C9%
-	-	0.02	0.24	6.39	15.81	0.50
0	0	0.14	1.83	40.52	30.64	0.00
0	4	0.00	0.00	0.78	0.00	3.10
1	1	0.00	0.00	0.16	1.49	0.00
1	5	0.00	0.00	0.42	1.40	0.89
2	2	0.00	0.00	0.32	0.89	0.00
2	6	0.00	0.03	1.09	0.79	0.00
3	3	0.00	0.00	0.19	0.79	0.00
3	7	0.00	0.02	7.67	90.47	0.00
Core	CPU	C1%	C3%	C6%	C8%	C9%
-	-	0.02	0.06	6.13	16.07	0.00
0	0	0.17	0.43	38.35	34.11	0.00
0	4	0.00	0.00	0.70	0.00	0.00
1	1	0.00	0.00	3.60	39.55	0.00
1	5	0.00	0.00	0.55	0.89	0.00
2	2	0.00	0.00	0.26	0.79	0.00
2	6	0.00	0.03	0.64	0.89	0.00
3	3	0.00	0.02	0.29	0.90	0.00
3	7	0.00	0.01	4.62	51.44	0.00
Core	CPU	C1%	C3%	C6%	C8%	C9%
-	-	0.02	0.16	6.36	16.05	0.78
0	0	0.13	1.20	38.74	33.02	0.00
0	4	0.00	0.00	1.54	0.52	6.26
1	1	0.00	0.02	0.20	1.20	0.00
1	5	0.00	0.00	0.26	1.18	0.00
2	2	0.00	0.00	0.29	0.98	0.00
2	6	0.00	0.03	0.75	1.18	0.00
3	3	0.00	0.00	0.25	1.09	0.00
3	7	0.00	0.05	8.85	89.25	0.00
Core	CPU	C1%	C3%	C6%	C8%	C9%
-	-	0.02	0.37	5.84	15.68	0.22
0	0	0.15	2.10	37.01	33.53	0.00
0	4	0.00	0.78	0.00	0.00	1.76
1	1	0.00	0.00	0.25	0.68	0.00
1	5	0.00	0.02	0.21	0.68	0.00
2	2	0.00	0.02	0.09	0.39	0.00
2	6	0.00	0.02	0.35	1.86	0.00
3	3	0.00	0.00	0.82	0.85	0.00
3	7	0.00	0.03	8.00	87.45	0.00
Core	CPU	C1%	C3%	C6%	C8%	C9%
-	-	0.02	0.06	6.13	16.40	0.00
0	0	0.14	0.45	38.26	34.22	0.00
0	4	0.00	0.01	0.79	0.11	0.00
1	1	0.00	0.00	0.38	1.92	0.00
1	5	0.00	0.00	0.37	1.20	0.00
2	2	0.00	0.00	0.35	1.09	0.00
2	6	0.00	0.00	0.54	1.80	0.00
3	3	0.00	0.02	0.39	0.89	0.00
3	7	0.00	0.00	7.95	89.99	0.00
Core	CPU	C1%	C3%	C6%	C8%	C9%
-	-	0.02	0.16	5.93	16.21	0.34
0	0	0.17	1.07	37.96	33.89	0.00
0	4	0.00	0.00	0.64	0.00	2.70
1	1	0.00	0.00	7.42	90.78	0.00
1	5	0.00	0.21	0.18	0.60	0.00
2	2	0.00	0.00	0.10	0.99	0.00
2	6	0.00	0.00	0.51	1.22	0.00
3	3	0.00	0.00	0.37	1.08	0.00
3	7	0.00	0.00	0.24	1.08	0.00
Core	CPU	C1%	C3%	C6%	C8%	C9%
-	-	2.29	1.03	8.66	13.33	2.32
0	0	0.46	3.01	40.61	16.51	0.00
0	4	0.00	0.00	1.26	0.49	18.56
1	1	17.88	5.14	20.18	12.92	0.00
1	5	0.00	0.00	0.61	0.79	0.00
2	2	0.00	0.00	0.18	0.70	0.00
2	6	0.00	0.02	0.71	1.07	0.00
3	3	0.00	0.00	0.28	0.88	0.00
3	7	0.01	0.05	5.45	73.25	0.00
Core	CPU	C1%	C3%	C6%	C8%	C9%
-	-	0.02	0.32	5.93	15.74	0.00
0	0	0.17	2.47	36.01	34.12	0.00
0	4	0.00	0.00	0.29	0.41	0.00
1	1	0.00	0.00	0.68	0.40	0.00
1	5	0.00	0.00	0.40	1.19	0.00
2	2	0.00	0.00	0.33	1.10	0.00
2	6	0.00	0.05	1.00	0.47	0.00
3	3	0.00	0.00	0.10	0.78	0.00
3	7	0.00	0.05	8.59	87.43	0.00
