Core	CPU	C1%	C3%	C6%	C8%	C9%
-	-	0.04	0.70	71.46	16.13	0.00
0	0	0.04	0.56	78.10	10.64	0.00
0	4	0.03	0.66	74.50	15.59	0.00
1	1	0.01	0.36	74.90	14.70	0.00
1	5	0.01	0.22	70.29	20.10	0.00
2	2	0.02	0.58	69.24	20.56	0.00
2	6	0.16	0.74	68.12	21.72	0.00
3	3	0.08	0.63	73.70	15.88	0.00
3	7	0.01	1.89	63.36	9.95	0.00
Core	CPU	C1%	C3%	C6%	C8%	C9%
-	-	0.01	0.65	71.08	16.99	0.00
0	0	0.00	0.36	76.55	12.56	0.00
0	4	0.00	0.38	73.49	17.28	0.00
1	1	0.00	0.50	72.19	17.58	0.00
1	5	0.00	0.35	68.73	22.16	0.00
2	2	0.02	0.61	68.83	20.96	0.00
2	6	0.00	0.65	67.61	22.99	0.00
3	3	0.00	0.52	76.93	12.96	0.00
3	7	0.01	1.84	64.28	9.48	0.00
Core	CPU	C1%	C3%	C6%	C8%	C9%
-	-	0.01	0.67	71.33	16.73	0.00
0	0	0.00	0.39	74.08	14.86	0.00
0	4	0.00	0.39	69.80	20.95	0.00
1	1	0.00	0.57	70.62	19.22	0.00
1	5	0.01	0.46	69.59	21.20	0.00
2	2	0.01	0.45	72.44	17.49	0.00
2	6	0.00	0.57	70.45	20.24	0.00
3	3	0.00	0.61	78.37	11.43	0.00
3	7	0.01	1.91	65.27	8.47	0.00
Core	CPU	C1%	C3%	C6%	C8%	C9%
-	-	0.00	0.64	70.39	17.05	0.00
0	0	0.00	0.36	74.80	14.25	0.00
0	4	0.00	0.60	72.00	18.79	0.00
1	1	0.00	0.47	72.63	17.15	0.00
1	5	0.01	0.29	67.62	23.44	0.00
2	2	0.01	0.61	69.51	19.38	0.00
2	6	0.00	0.45	67.76	23.16	0.00
3	3	0.00	0.47	76.56	12.78	0.00
3	7	0.02	1.89	62.31	7.49	0.00
Core	CPU	C1%	C3%	C6%	C8%	C9%
-	-	0.00	0.95	68.74	17.03	0.00
0	0	0.01	0.45	71.10	16.30	0.00
0	4	0.00	0.54	69.52	19.22	0.00
1	1	0.00	0.41	72.72	15.01	0.00
1	5	0.01	0.37	67.59	21.19	0.00
2	2	0.00	0.50	66.57	20.93	0.00
2	6	0.00	0.49	66.35	22.40	0.00
3	3	0.00	1.28	74.23	12.10	0.00
3	7	0.01	3.53	61.86	9.09	0.00
Core	CPU	C1%	C3%	C6%	C8%	C9%
-	-	0.00	0.68	71.52	16.53	0.00
0	0	0.00	0.46	77.57	11.38	0.00
0	4	0.00	0.53	71.12	19.51	0.00
1	1	0.00	0.38	70.76	19.21	0.00
1	5	0.01	0.41	69.42	21.44	0.00
2	2	0.01	0.56	70.85	18.96	0.00
2	6	0.00	0.48	69.34	21.38	0.00
3	3	0.00	0.62	78.61	11.28	0.00
3	7	0.01	2.03	64.46	9.06	0.00
Core	CPU	C1%	C3%	C6%	C8%	C9%
-	-	0.04	0.84	70.66	17.09	0.00
0	0	0.00	0.43	76.61	12.41	0.00
0	4	0.00	0.45	71.18	19.65	0.00
1	1	0.28	0.90	70.82	18.16	0.00
1	5	0.00	0.32	70.32	20.59	0.00
2	2	0.01	0.81	69.61	19.29	0.00
2	6	0.00	0.57	65.95	23.96	0.00
3	3	0.01	1.42	77.16	11.78	0.00
3	7	0.01	1.80	62.98	10.70	0.00
Core	CPU	C1%	C3%	C6%	C8%	C9%
-	-	0.01	0.64	70.89	17.10	0.00
0	0	0.00	0.47	77.81	11.15	0.00
0	4	0.00	0.50	72.34	18.37	0.00
1	1	0.00	0.38	72.77	17.13	0.00
1	5	0.00	0.39	68.58	22.26	0.00
2	2	0.01	0.64	69.20	20.57	0.00
2	6	0.00	0.46	68.44	22.35	0.00
3	3	0.00	0.51	75.41	14.50	0.00
3	7	0.02	1.74	63.21	10.62	0.00
Core	CPU	C1%	C3%	C6%	C8%	C9%
-	-	0.01	0.68	71.46	16.53	0.00
0	0	0.00	0.42	72.85	16.35	0.00
0	4	0.00	0.56	71.73	18.58	0.00
1	1	0.01	0.45	71.50	18.03	0.00
1	5	0.01	0.46	70.08	20.72	0.00
2	2	0.01	0.50	72.05	17.80	0.00
2	6	0.00	0.44	71.81	18.98	0.00
3	3	0.01	0.67	77.73	12.01	0.00
3	7	0.01	1.93	63.93	9.80	0.00
Core	CPU	C1%	C3%	C6%	C8%	C9%
-	-	0.00	1.10	69.09	17.07	0.12
0	0	0.00	0.54	71.93	16.01	0.00
0	4	0.00	0.54	69.52	19.23	0.00
1	1	0.01	0.35	69.71	18.58	0.00
1	5	0.01	0.41	67.44	22.21	0.00
2	2	0.00	0.49	67.85	20.07	0.00
2	6	0.00	0.35	66.56	22.47	0.00
3	3	0.01	2.64	76.31	9.92	0.92
3	7	0.01	3.45	63.31	8.02	0.00
Core	CPU	C1%	C3%	C6%	C8%	C9%
-	-	0.01	0.67	71.68	16.07	0.00
0	0	0.01	0.42	74.78	14.22	0.00
0	4	0.00	0.44	71.09	19.68	0.00
1	1	0.01	0.45	71.63	16.50	0.00
1	5	0.01	0.63	69.61	21.07	0.00
2	2	0.00	0.47	69.86	19.22	0.00
2	6	0.01	0.37	69.89	20.95	0.00
3	3	0.01	0.54	80.06	9.81	0.00
3	7	0.02	2.04	66.59	7.10	0.00
Core	CPU	C1%	C3%	C6%	C8%	C9%
-	-	0.00	0.77	70.55	17.48	0.00
0	0	0.01	0.38	72.73	16.55	0.00
0	4	0.00	1.15	70.22	19.56	0.00
1	1	0.00	0.59	73.56	16.17	0.00
1	5	0.00	0.41	71.20	19.58	0.00
2	2	0.01	0.48	67.65	22.34	0.00
2	6	0.00	0.50	67.43	23.39	0.00
3	3	0.00	0.50	77.40	12.61	0.00
3	7	0.01	2.12	64.03	9.57	0.00
Core	CPU	C1%	C3%	C6%	C8%	C9%
-	-	0.00	0.67	71.48	16.54	0.00
0	0	0.00	0.49	72.46	16.64	0.00
0	4	0.00	0.57	70.48	20.13	0.00
1	1	0.00	0.59	73.77	15.76	0.00
1	5	0.00	0.49	69.71	21.06	0.00
2	2	0.01	0.41	70.19	19.75	0.00
2	6	0.00	0.42	68.85	21.99	0.00
3	3	0.00	0.50	79.38	10.56	0.00
3	7	0.01	1.92	67.24	6.48	0.00
Core	CPU	C1%	C3%	C6%	C8%	C9%
-	-	0.01	0.63	71.20	16.91	0.00
0	0	0.01	0.40	74.83	14.22	0.00
0	4	0.00	0.40	69.12	21.71	0.00
1	1	0.01	0.55	73.94	15.78	0.00
1	5	0.01	0.40	70.18	20.58	0.00
2	2	0.01	0.51	69.97	19.94	0.00
2	6	0.00	0.45	68.26	22.58	0.00
3	3	0.00	0.55	78.35	11.54	0.00
3	7	0.02	1.81	64.96	8.93	0.00
Core	CPU	C1%	C3%	C6%	C8%	C9%
-	-	0.01	0.92	70.18	15.83	0.00
0	0	0.00	0.46	71.72	14.75	0.00
0	4	0.01	0.67	67.86	20.67	0.00
1	1	0.00	0.58	74.17	13.73	0.00
1	5	0.01	0.44	69.69	19.58	0.00
2	2	0.01	0.41	67.34	20.74	0.00
2	6	0.00	0.36	67.35	21.62	0.00
3	3	0.01	1.85	77.90	9.05	0.03
3	7	0.01	2.59	65.09	6.37	0.00
Core	CPU	C1%	C3%	C6%	C8%	C9%
-	-	0.01	0.65	71.81	16.31	0.00
0	0	0.01	0.37	75.84	13.18	0.00
0	4	0.00	0.39	72.17	18.59	0.00
1	1	0.00	0.49	71.73	18.16	0.00
1	5	0.01	0.50	70.24	20.52	0.00
2	2	0.01	0.61	70.83	18.95	0.00
2	6	0.00	0.45	70.08	20.71	0.00
3	3	0.00	0.46	77.93	12.04	0.00
3	7	0.01	1.94	65.51	8.28	0.00
Core	CPU	C1%	C3%	C6%	C8%	C9%
-	-	0.01	0.78	70.37	17.63	0.00
0	0	0.00	0.37	72.81	16.56	0.00
0	4	0.00	1.05	74.43	15.08	0.00
1	1	0.00	0.43	72.28	17.69	0.00
1	5	0.00	0.37	68.43	22.52	0.00
2	2	0.00	0.55	69.54	20.43	0.00
2	6	0.00	0.64	68.03	22.70	0.00
3	3	0.00	0.46	74.15	15.86	0.00
3	7	0.01	2.41	63.13	10.13	0.00
Core	CPU	C1%	C3%	C6%	C8%	C9%
-	-	0.01	0.67	71.62	16.33	0.00
0	0	0.00	0.42	74.11	15.10	0.00
0	4	0.00	0.52	72.31	18.04	0.00
1	1	0.01	0.61	71.44	18.19	0.00
1	5	0.01	0.47	70.04	20.76	0.00
2	2	0.01	0.45	71.81	18.16	0.00
2	6	0.00	0.44	71.42	19.43	0.00
3	3	0.00	0.54	77.54	12.41	0.00
3	7	0.02	1.95	64.93	8.72	0.00
Core	CPU	C1%	C3%	C6%	C8%	C9%
-	-	0.03	0.62	70.50	17.55	0.00
0	0	0.00	0.35	75.05	14.11	0.00
0	4	0.00	0.55	73.15	17.28	0.00
1	1	0.00	0.40	70.79	19.07	0.00
1	5	0.01	0.39	69.61	21.25	0.00
2	2	0.01	0.61	69.27	20.53	0.00
2	6	0.00	0.59	67.65	23.04	0.00
3	3	0.00	0.54	75.30	14.60	0.00
3	7	0.21	1.55	63.20	10.49	0.00
Core	CPU	C1%	C3%	C6%	C8%	C9%
-	-	0.01	0.96	69.62	16.40	0.00
0	0	0.01	0.43	75.00	11.95	0.00
0	4	0.01	0.46	69.43	19.33	0.00
1	1	0.00	0.61	72.31	15.51	0.00
1	5	0.00	0.47	69.11	19.78	0.00
2	2	0.00	0.49	66.15	21.81	0.00
2	6	0.01	0.42	67.37	21.40	0.00
3	3	0.00	1.42	74.61	12.44	0.00
3	7	0.01	3.41	62.65	8.94	0.00
Core	CPU	C1%	C3%	C6%	C8%	C9%
-	-	0.01	0.63	71.82	16.33	0.00
0	0	0.01	0.49	77.75	11.21	0.00
0	4	0.00	0.62	72.61	17.92	0.00
1	1	0.00	0.38	71.91	17.91	0.00
1	5	0.01	0.32	69.78	21.16	0.00
2	2	0.00	0.54	71.14	18.69	0.00
2	6	0.01	0.46	68.89	21.90	0.00
3	3	0.00	0.55	77.50	12.48	0.00
3	7	0.01	1.68	64.67	9.29	0.00
Core	CPU	C1%	C3%	C6%	C8%	C9%
-	-	0.01	0.83	70.16	17.53	0.00
0	0	0.01	0.43	73.54	15.76	0.00
0	4	0.00	0.57	74.52	15.80	0.00
1	1	0.00	0.58	72.91	16.48	0.00
1	5	0.00	0.24	70.41	20.64	0.00
2	2	0.01	1.28	68.09	20.67	0.00
2	6	0.00	0.54	65.83	24.65	0.00
3	3	0.01	0.56	74.26	15.02	0.00
3	7	0.02	2.41	62.05	11.27	0.00
Core	CPU	C1%	C3%	C6%	C8%	C9%
-	-	0.01	0.70	72.29	15.75	0.00
0	0	0.00	0.48	73.66	15.38	0.00
0	4	0.00	0.69	69.88	20.57	0.00
1	1	0.01	0.50	72.75	16.88	0.00
1	5	0.01	0.54	70.47	20.25	0.00
2	2	0.01	0.46	72.25	17.56	0.00
2	6	0.00	0.44	71.79	18.99	0.00
3	3	0.00	0.63	80.35	9.50	0.00
3	7	0.01	1.86	67.04	6.84	0.00
Core	CPU	C1%	C3%	C6%	C8%	C9%
-	-	0.01	0.64	71.26	16.77	0.00
0	0	0.00	0.36	76.29	12.81	0.00
0	4	0.00	0.55	72.43	18.16	0.00
1	1	0.00	0.41	74.07	15.70	0.00
1	5	0.01	0.30	68.59	22.38	0.00
2	2	0.01	0.62	69.79	20.04	0.00
2	6	0.01	0.59	68.94	21.78	0.00
3	3	0.00	0.50	75.64	14.35	0.00
3	7	0.01	1.81	64.74	9.00	0.00
Core	CPU	C1%	C3%	C6%	C8%	C9%
-	-	0.01	0.86	69.77	16.09	0.00
0	0	0.01	0.41	76.04	10.87	0.00
0	4	0.00	0.57	68.52	20.06	0.00
1	1	0.00	0.44	70.76	17.01	0.00
1	5	0.01	0.43	67.45	21.35	0.00
2	2	0.01	0.64	68.23	19.37	0.00
2	6	0.01	0.43	67.58	21.19	0.00
3	3	0.00	1.41	75.42	11.04	0.00
3	7	0.01	2.58	63.67	7.73	0.00
Core	CPU	C1%	C3%	C6%	C8%	C9%
-	-	0.01	0.71	72.68	15.21	0.00
0	0	0.00	0.52	74.69	14.41	0.00
0	4	0.00	0.59	71.42	19.21	0.00
1	1	0.00	0.45	76.62	13.01	0.00
1	5	0.01	0.41	70.76	20.04	0.00
2	2	0.01	0.64	73.81	15.93	0.00
2	6	0.01	0.46	69.94	20.81	0.00
3	3	0.01	0.60	79.54	10.23	0.00
3	7	0.01	2.02	65.08	8.11	0.00
Core	CPU	C1%	C3%	C6%	C8%	C9%
-	-	0.02	0.84	69.46	17.72	0.00
0	0	0.00	0.50	71.87	17.29	0.00
0	4	0.00	0.51	67.24	23.15	0.00
1	1	0.00	0.47	71.26	18.09	0.00
1	5	0.01	1.22	66.82	23.02	0.00
2	2	0.00	0.34	71.17	18.77	0.00
2	6	0.00	0.41	68.42	22.70	0.00
3	3	0.00	0.58	77.59	11.01	0.00
3	7	0.12	2.72	60.75	7.54	0.00
Core	CPU	C1%	C3%	C6%	C8%	C9%
-	-	0.07	0.71	71.03	16.47	0.00
0	0	0.03	0.49	71.72	16.51	0.00
0	4	0.50	0.60	68.51	20.85	0.00
1	1	0.00	0.49	75.17	14.36	0.00
1	5	0.01	0.52	71.14	19.36	0.00
2	2	0.00	0.41	68.62	21.15	0.00
2	6	0.01	0.51	68.75	21.75	0.00
3	3	0.00	0.65	79.18	10.14	0.00
3	7	0.02	2.01	65.77	7.80	0.00
Core	CPU	C1%	C3%	C6%	C8%	C9%
-	-	0.01	0.66	72.00	16.11	0.00
0	0	0.00	0.44	76.24	12.74	0.00
0	4	0.00	0.40	72.67	18.11	0.00
1	1	0.00	0.60	72.78	17.02	0.00
1	5	0.01	0.49	72.42	18.35	0.00
2	2	0.01	0.50	70.06	19.88	0.00
2	6	0.00	0.39	69.96	20.88	0.00
3	3	0.00	0.54	76.88	13.06	0.00
3	7	0.01	1.93	64.95	8.80	0.00
Core	CPU	C1%	C3%	C6%	C8%	C9%
-	-	0.01	0.97	69.82	16.07	0.00
0	0	0.00	0.48	74.51	12.51	0.00
0	4	0.00	0.49	71.72	16.95	0.00
1	1	0.01	0.60	68.64	19.20	0.00
1	5	0.01	0.50	67.00	21.70	0.00
2	2	0.01	0.54	69.11	18.70	0.00
2	6	0.00	0.44	67.81	20.44	0.00
3	3	0.00	2.50	75.18	11.40	0.00
3	7	0.01	2.21	64.09	7.52	0.00
Core	CPU	C1%	C3%	C6%	C8%	C9%
-	-	0.01	0.71	71.98	15.98	0.00
0	0	0.00	0.48	73.35	15.65	0.00
0	4	0.00	0.70	72.56	17.70	0.00
1	1	0.01	0.57	71.12	18.19	0.00
1	5	0.01	0.48	69.95	20.80	0.00
2	2	0.00	0.54	72.22	17.61	0.00
2	6	0.00	0.40	71.49	19.34	0.00
3	3	0.00	0.47	79.09	10.87	0.00
3	7	0.01	2.03	66.01	7.70	0.00
Core	CPU	C1%	C3%	C6%	C8%	C9%
-	-	0.01	0.75	70.79	16.96	0.00
0	0	0.00	0.50	74.93	13.31	0.00
0	4	0.00	0.58	70.96	19.16	0.00
1	1	0.01	0.42	71.58	18.27	0.00
1	5	0.00	0.43	70.10	20.62	0.00
2	2	0.01	0.63	69.09	20.47	0.00
2	6	0.00	0.49	68.77	22.05	0.00
3	3	0.01	0.51	76.89	13.10	0.00
3	7	0.01	2.41	64.50	8.84	0.00
Core	CPU	C1%	C3%	C6%	C8%	C9%
-	-	0.01	0.69	72.36	15.67	0.00
0	0	0.00	0.43	73.69	15.45	0.00
0	4	0.00	0.54	71.95	18.50	0.00
1	1	0.00	0.56	72.66	17.03	0.00
1	5	0.01	0.50	71.11	19.71	0.00
2	2	0.01	0.38	73.05	16.98	0.00
2	6	0.00	0.41	71.33	19.52	0.00
3	3	0.00	0.65	79.49	10.32	0.00
3	7	0.01	2.04	65.66	7.91	0.00
Core	CPU	C1%	C3%	C6%	C8%	C9%
-	-	0.01	0.72	71.47	16.51	0.00
0	0	0.01	0.51	73.09	15.96	0.00
0	4	0.00	0.69	72.43	17.78	0.00
1	1	0.00	0.50	71.86	17.77	0.00
1	5	0.01	0.54	70.50	20.28	0.00
2	2	0.01	0.38	70.11	19.92	0.00
2	6	0.00	0.32	69.57	21.32	0.00
3	3	0.01	0.61	79.25	10.57	0.00
3	7	0.01	2.18	64.98	8.44	0.00
Core	CPU	C1%	C3%	C6%	C8%	C9%
-	-	0.00	0.96	69.09	16.79	0.28
0	0	0.00	0.44	71.93	15.40	0.00
0	4	0.00	0.62	73.18	14.94	0.00
1	1	0.00	0.43	67.80	19.46	0.00
1	5	0.01	0.39	65.85	23.15	0.00
2	2	0.01	0.68	68.67	19.20	0.00
2	6	0.00	0.41	67.66	21.36	0.00
3	3	0.00	1.39	74.11	12.52	2.22
3	7	0.01	3.32	63.28	8.20	0.00
Core	CPU	C1%	C3%	C6%	C8%	C9%
-	-	0.01	0.59	71.11	17.08	0.00
0	0	0.00	0.39	76.83	12.31	0.00
0	4	0.00	0.37	73.83	16.97	0.00
1	1	0.00	0.37	74.27	15.62	0.00
1	5	0.01	0.31	68.99	22.02	0.00
2	2	0.01	0.60	68.99	20.80	0.00
2	6	0.00	0.54	68.55	22.18	0.00
3	3	0.00	0.57	74.32	15.52	0.00
3	7	0.02	1.60	62.76	11.18	0.00
Core	CPU	C1%	C3%	C6%	C8%	C9%
-	-	0.00	0.85	71.17	16.67	0.05
0	0	0.01	0.49	73.86	15.11	0.00
0	4	0.00	0.54	72.23	18.41	0.00
1	1	0.00	0.44	73.83	16.10	0.00
1	5	0.00	0.44	70.89	20.01	0.00
2	2	0.01	1.10	67.78	21.17	0.40
2	6	0.00	0.38	67.78	22.89	0.00
3	3	0.00	0.51	78.15	11.73	0.00
3	7	0.01	2.86	64.86	7.92	0.00
Core	CPU	C1%	C3%	C6%	C8%	C9%
-	-	0.00	0.68	71.43	16.55	0.00
0	0	0.00	0.52	74.64	14.39	0.00
0	4	0.00	0.52	71.86	18.67	0.00
1	1	0.00	0.51	71.93	17.82	0.00
1	5	0.00	0.49	70.14	20.67	0.00
2	2	0.01	0.50	70.40	19.55	0.00
2	6	0.00	0.40	69.01	21.81	0.00
3	3	0.00	0.53	78.60	11.36	0.00
3	7	0.01	1.95	65.38	8.26	0.00
Core	CPU	C1%	C3%	C6%	C8%	C9%
-	-	0.00	0.74	71.69	16.24	0.00
0	0	0.00	0.56	76.25	12.60	0.00
0	4	0.00	0.80	71.03	19.38	0.00
1	1	0.00	0.61	71.73	17.81	0.00
1	5	0.00	0.43	70.17	20.70	0.00
2	2	0.01	0.43	70.28	19.65	0.00
2	6	0.00	0.40	68.93	21.87	0.00
3	3	0.00	0.51	79.69	10.27	0.00
3	7	0.01	2.17	65.54	7.66	0.00
Core	CPU	C1%	C3%	C6%	C8%	C9%
-	-	0.01	0.97	69.28	17.19	0.00
0	0	0.01	0.37	73.96	13.78	0.00
0	4	0.00	0.38	70.40	18.98	0.00
1	1	0.00	0.42	72.39	15.94	0.00
1	5	0.01	0.33	67.46	22.35	0.00
2	2	0.01	0.50	68.05	20.22	0.00
2	6	0.01	0.55	66.87	22.41	0.00
3	3	0.01	2.35	73.52	13.10	0.00
3	7	0.01	2.88	61.15	10.63	0.00
Core	CPU	C1%	C3%	C6%	C8%	C9%
-	-	0.00	0.62	71.78	16.37	0.00
0	0	0.00	0.38	75.79	13.37	0.00
0	4	0.00	0.53	72.84	17.84	0.00
1	1	0.00	0.47	74.75	14.95	0.00
1	5	0.01	0.38	70.90	19.97	0.00
2	2	0.01	0.53	70.54	19.33	0.00
2	6	0.00	0.44	68.41	22.42	0.00
3	3	0.00	0.63	76.83	13.03	0.00
3	7	0.01	1.64	63.94	9.97	0.00
Core	CPU	C1%	C3%	C6%	C8%	C9%
-	-	0.01	0.75	71.07	16.67	0.00
0	0	0.00	0.36	73.11	15.99	0.00
0	4	0.00	0.53	69.75	20.92	0.00
1	1	0.01	0.47	72.47	16.43	0.00
1	5	0.01	0.55	67.91	22.94	0.00
2	2	0.01	0.51	71.47	18.10	0.00
2	6	0.00	0.52	70.36	20.42	0.00
3	3	0.00	0.58	78.09	11.46	0.00
3	7	0.01	2.46	66.03	7.25	0.00
Core	CPU	C1%	C3%	C6%	C8%	C9%
-	-	0.01	0.70	71.95	16.10	0.00
0	0	0.00	0.41	72.94	16.20	0.00
0	4	0.00	0.51	70.01	20.63	0.00
1	1	0.00	0.50	74.97	14.72	0.00
1	5	0.01	0.58	70.78	19.98	0.00
2	2	0.01	0.47	72.12	17.78	0.00
2	6	0.00	0.55	71.93	18.80	0.00
3	3	0.01	0.63	77.68	12.19	0.00
3	7	0.02	1.92	65.26	8.50	0.00
Core	CPU	C1%	C3%	C6%	C8%	C9%
-	-	0.01	0.61	71.06	17.09	0.00
0	0	0.00	0.37	74.98	14.16	0.00
0	4	0.00	0.37	71.02	19.79	0.00
1	1	0.01	0.48	74.01	15.77	0.00
1	5	0.01	0.39	67.58	23.35	0.00
2	2	0.01	0.58	71.13	18.72	0.00
2	6	0.01	0.49	69.55	21.23	0.00
3	3	0.00	0.45	76.32	13.67	0.00
3	7	0.01	1.74	63.85	10.05	0.00
Core	CPU	C1%	C3%	C6%	C8%	C9%
-	-	0.01	1.15	70.13	16.16	0.00
0	0	0.01	0.35	73.27	14.26	0.00
0	4	0.00	0.50	68.80	20.52	0.00
1	1	0.00	0.54	73.44	15.08	0.00
1	5	0.02	0.52	67.62	21.64	0.00
2	2	0.01	0.49	69.58	18.66	0.00
2	6	0.00	0.41	68.89	20.17	0.00
3	3	0.00	2.71	75.54	10.92	0.00
3	7	0.01	3.68	63.54	7.96	0.00
Core	CPU	C1%	C3%	C6%	C8%	C9%
-	-	0.01	0.65	72.06	16.08	0.00
0	0	0.01	0.41	74.90	14.21	0.00
0	4	0.00	0.42	70.88	19.90	0.00
1	1	0.00	0.68	74.35	15.14	0.00
1	5	0.01	0.45	70.26	20.60	0.00
2	2	0.01	0.41	72.12	17.82	0.00
2	6	0.01	0.43	70.62	20.19	0.00
3	3	0.00	0.63	77.87	11.99	0.00
3	7	0.01	1.77	65.24	8.69	0.00
Core	CPU	C1%	C3%	C6%	C8%	C9%
-	-	0.01	0.85	71.54	16.35	0.00
0	0	0.01	1.09	71.31	17.08	0.00
0	4	0.00	0.59	69.98	20.65	0.00
1	1	0.00	0.63	74.57	14.89	0.00
1	5	0.01	0.50	69.39	21.43	0.00
2	2	0.01	0.56	70.83	19.07	0.00
2	6	0.00	0.47	70.41	20.40	0.00
3	3	0.00	0.53	79.92	9.95	0.00
3	7	0.01	2.40	65.84	7.33	0.00
Core	CPU	C1%	C3%	C6%	C8%	C9%
-	-	0.01	0.68	71.30	16.67	0.00
0	0	0.01	0.45	69.92	19.27	0.00
0	4	0.00	0.54	69.43	21.20	0.00
1	1	0.00	0.48	74.77	14.98	0.00
1	5	0.00	0.54	70.22	20.56	0.00
2	2	0.00	0.49	70.21	19.52	0.00
2	6	0.01	0.39	69.32	21.51	0.00
3	3	0.00	0.58	80.64	9.27	0.00
3	7	0.01	1.95	66.49	7.23	0.00
Core	CPU	C1%	C3%	C6%	C8%	C9%
-	-	0.01	0.65	69.82	17.61	0.00
0	0	0.01	0.38	71.31	17.78	0.00
0	4	0.00	0.57	70.76	20.00	0.00
1	1	0.00	0.58	72.90	15.82	0.00
1	5	0.00	0.42	71.09	19.98	0.00
2	2	0.01	0.47	69.40	20.51	0.00
2	6	0.00	0.34	66.93	24.21	0.00
3	3	0.00	0.51	74.98	14.27	0.00
3	7	0.02	1.90	60.90	8.26	0.00
Core	CPU	C1%	C3%	C6%	C8%	C9%
-	-	0.00	1.06	69.16	17.09	0.01
0	0	0.00	0.51	72.36	15.59	0.00
0	4	0.00	0.45	69.92	19.31	0.00
1	1	0.00	0.42	73.77	14.33	0.00
1	5	0.00	0.34	66.78	22.15	0.00
2	2	0.01	0.55	67.15	21.44	0.00
2	6	0.00	0.43	66.27	23.29	0.00
3	3	0.00	2.52	75.29	11.16	0.09
3	7	0.01	3.23	62.07	9.56	0.00
Core	CPU	C1%	C3%	C6%	C8%	C9%
-	-	0.01	0.66	71.75	16.32	0.00
0	0	0.01	0.42	74.94	14.08	0.00
0	4	0.00	0.59	70.35	20.19	0.00
1	1	0.01	0.46	74.25	15.52	0.00
1	5	0.00	0.40	69.59	21.24	0.00
2	2	0.01	0.43	70.31	19.64	0.00
2	6	0.00	0.45	69.25	21.53	0.00
3	3	0.01	0.61	80.09	9.84	0.00
3	7	0.01	1.93	65.20	8.51	0.00
Core	CPU	C1%	C3%	C6%	C8%	C9%
-	-	0.00	0.79	71.55	16.34	0.00
0	0	0.00	0.44	72.85	16.34	0.00
0	4	0.00	0.41	71.28	19.07	0.00
1	1	0.00	0.55	73.56	16.10	0.00
1	5	0.01	0.86	68.34	21.52	0.00
2	2	0.01	0.57	71.19	18.71	0.00
2	6	0.00	0.49	70.58	20.23	0.00
3	3	0.00	0.50	78.68	11.35	0.00
3	7	0.01	2.53	65.89	7.38	0.00
Core	CPU	C1%	C3%	C6%	C8%	C9%
-	-	0.03	0.66	70.72	17.35	0.00
0	0	0.00	0.38	74.09	15.01	0.00
0	4	0.00	0.51	71.16	19.47	0.00
1	1	0.00	0.47	72.78	17.04	0.00
1	5	0.01	0.52	67.63	23.10	0.00
2	2	0.01	0.50	69.59	20.39	0.00
2	6	0.01	0.50	70.42	20.33	0.00
3	3	0.00	0.47	76.28	13.74	0.00
3	7	0.21	1.93	63.81	9.73	0.00
Core	CPU	C1%	C3%	C6%	C8%	C9%
-	-	0.00	0.66	70.57	17.47	0.00
0	0	0.00	0.40	74.89	14.33	0.00
0	4	0.00	0.63	76.70	13.51	0.00
1	1	0.00	0.44	70.30	19.32	0.00
1	5	0.00	0.33	68.29	22.56	0.00
2	2	0.01	0.65	67.87	22.00	0.00
2	6	0.00	0.57	66.45	24.26	0.00
3	3	0.01	0.57	75.85	14.05	0.00
3	7	0.01	1.67	64.17	9.73	0.00
Core	CPU	C1%	C3%	C6%	C8%	C9%
-	-	0.01	1.21	69.55	16.94	0.00
0	0	0.00	0.34	73.24	15.16	0.00
0	4	0.00	0.52	71.20	17.81	0.00
1	1	0.00	0.50	71.05	17.72	0.00
1	5	0.01	0.56	68.39	20.24	0.00
2	2	0.01	0.58	68.63	20.23	0.00
2	6	0.00	0.46	67.33	21.99	0.00
3	3	0.01	2.75	73.59	13.00	0.00
3	7	0.01	3.97	62.38	9.23	0.00
Core	CPU	C1%	C3%	C6%	C8%	C9%
-	-	0.00	0.66	71.33	16.76	0.00
0	0	0.00	0.45	74.92	14.11	0.00
0	4	0.00	0.51	72.66	18.01	0.00
1	1	0.00	0.46	74.73	14.94	0.00
1	5	0.01	0.45	68.34	22.45	0.00
2	2	0.01	0.55	70.28	19.65	0.00
2	6	0.00	0.46	69.52	21.29	0.00
3	3	0.00	0.48	76.00	13.96	0.00
3	7	0.01	1.92	64.18	9.65	0.00
Core	CPU	C1%	C3%	C6%	C8%	C9%
-	-	0.01	0.74	71.20	16.80	0.00
0	0	0.00	0.40	75.96	13.16	0.00
0	4	0.00	0.43	72.48	18.27	0.00
1	1	0.01	0.48	74.74	15.04	0.00
1	5	0.00	1.04	69.07	20.87	0.00
2	2	0.02	0.59	70.17	19.79	0.00
2	6	0.00	0.47	69.36	21.49	0.00
3	3	0.00	0.46	74.81	15.24	0.00
3	7	0.01	2.02	63.15	10.55	0.00
Core	CPU	C1%	C3%	C6%	C8%	C9%
-	-	0.01	0.66	70.96	17.05	0.00
0	0	0.00	0.51	76.54	12.45	0.00
0	4	0.00	0.48	72.72	17.97	0.00
1	1	0.00	0.46	73.43	16.35	0.00
1	5	0.00	0.30	69.78	21.07	0.00
2	2	0.01	0.55	69.23	20.67	0.00
2	6	0.00	0.63	68.17	22.50	0.00
3	3	0.01	0.55	75.99	13.95	0.00
3	7	0.01	1.76	62.30	11.54	0.00
Core	CPU	C1%	C3%	C6%	C8%	C9%
-	-	0.01	0.71	72.14	15.87	0.00
0	0	0.01	0.46	72.99	16.05	0.00
0	4	0.00	0.68	71.11	19.29	0.00
1	1	0.00	0.57	73.28	16.42	0.00
1	5	0.01	0.58	70.06	20.43	0.00
2	2	0.01	0.46	70.51	19.47	0.00
2	6	0.00	0.42	71.00	19.84	0.00
3	3	0.00	0.57	80.69	9.15	0.00
3	7	0.01	1.96	67.44	6.27	0.00
Core	CPU	C1%	C3%	C6%	C8%	C9%
-	-	0.00	0.90	68.95	16.93	0.37
0	0	0.00	0.44	73.70	13.23	0.00
0	4	0.00	0.51	72.10	16.49	0.00
1	1	0.00	0.44	69.04	18.29	0.00
1	5	0.00	0.45	66.66	22.07	0.00
2	2	0.00	0.59	66.47	21.51	0.00
2	6	0.00	0.45	66.19	22.55	0.00
3	3	0.00	1.47	74.20	12.55	1.93
3	7	0.01	2.84	62.93	8.68	1.01
Core	CPU	C1%	C3%	C6%	C8%	C9%
-	-	0.00	0.66	71.08	17.03	0.00
0	0	0.00	0.39	73.11	15.97	0.00
0	4	0.00	0.56	75.88	14.40	0.00
1	1	0.00	0.51	71.37	18.37	0.00
1	5	0.00	0.49	68.56	22.17	0.00
2	2	0.01	0.54	68.57	21.41	0.00
2	6	0.00	0.52	68.53	22.23	0.00
3	3	0.00	0.47	77.59	12.44	0.00
3	7	0.01	1.79	64.69	9.19	0.00
Core	CPU	C1%	C3%	C6%	C8%	C9%
-	-	0.01	0.80	71.37	16.49	0.00
0	0	0.01	0.48	77.12	11.81	0.00
0	4	0.00	0.46	71.95	18.72	0.00
1	1	0.00	0.50	72.55	17.32	0.00
1	5	0.01	0.51	69.78	20.94	0.00
2	2	0.01	0.45	70.70	19.29	0.00
2	6	0.01	1.19	67.97	21.95	0.00
3	3	0.00	0.61	77.31	12.46	0.00
3	7	0.02	2.16	63.84	9.47	0.00
Core	CPU	C1%	C3%	C6%	C8%	C9%
-	-	0.00	0.69	71.42	16.57	0.00
0	0	0.00	0.50	73.77	15.32	0.00
0	4	0.00	0.51	69.45	21.25	0.00
1	1	0.00	0.47	75.02	14.67	0.00
1	5	0.01	0.46	71.67	19.02	0.00
2	2	0.01	0.47	70.39	19.56	0.00
2	6	0.00	0.46	69.08	21.71	0.00
3	3	0.01	0.69	78.55	11.26	0.00
3	7	0.01	1.95	63.77	9.88	0.00
Core	CPU	C1%	C3%	C6%	C8%	C9%
-	-	0.00	0.64	71.02	17.06	0.00
0	0	0.00	0.36	75.96	13.22	0.00
0	4	0.00	0.48	73.71	16.97	0.00
1	1	0.01	0.43	76.11	13.62	0.00
1	5	0.00	0.30	69.59	21.23	0.00
2	2	0.00	0.63	67.17	22.72	0.00
2	6	0.01	0.58	66.88	23.85	0.00
3	3	0.00	0.52	75.31	14.64	0.00
3	7	0.01	1.80	63.46	10.27	0.00
Core	CPU	C1%	C3%	C6%	C8%	C9%
-	-	0.03	0.96	68.77	17.13	0.00
0	0	0.00	0.36	71.52	15.74	0.00
0	4	0.01	0.52	69.37	19.20	0.00
1	1	0.00	0.55	70.79	16.81	0.00
1	5	0.01	0.39	67.83	21.70	0.00
2	2	0.01	0.46	67.67	20.18	0.00
2	6	0.00	0.53	65.94	22.31	0.00
3	3	0.00	2.42	74.14	12.41	0.00
3	7	0.20	2.41	62.52	8.62	0.00
Core	CPU	C1%	C3%	C6%	C8%	C9%
-	-	0.00	0.63	71.36	16.79	0.00
0	0	0.00	0.40	75.96	13.01	0.00
0	4	0.00	0.40	72.19	18.64	0.00
1	1	0.00	0.38	73.36	16.69	0.00
1	5	0.00	0.45	70.60	20.06	0.00
2	2	0.01	0.51	69.71	20.25	0.00
2	6	0.00	0.51	68.25	22.52	0.00
3	3	0.00	0.58	77.00	12.81	0.00
3	7	0.01	1.79	63.59	10.26	0.00
Core	CPU	C1%	C3%	C6%	C8%	C9%
-	-	0.00	0.85	71.82	15.88	0.00
0	0	0.00	0.36	76.59	12.45	0.00
0	4	0.00	0.53	73.06	17.60	0.00
1	1	0.01	0.57	73.28	16.54	0.00
1	5	0.01	0.44	69.60	21.16	0.00
2	2	0.01	0.51	68.92	20.48	0.00
2	6	0.00	0.53	69.47	21.27	0.00
3	3	0.00	1.36	78.02	10.93	0.00
3	7	0.01	2.54	66.31	6.80	0.00
Core	CPU	C1%	C3%	C6%	C8%	C9%
-	-	0.00	0.66	71.83	16.16	0.00
0	0	0.00	0.43	74.57	13.67	0.00
0	4	0.00	0.44	70.95	19.77	0.00
1	1	0.00	0.54	71.37	18.53	0.00
1	5	0.00	0.44	68.09	22.64	0.00
2	2	0.01	0.44	72.02	17.94	0.00
2	6	0.00	0.49	70.88	19.80	0.00
3	3	0.01	0.54	79.47	10.09	0.00
3	7	0.01	1.96	66.76	6.67	0.00
Core	CPU	C1%	C3%	C6%	C8%	C9%
-	-	0.01	0.71	72.46	15.42	0.00
0	0	0.01	0.48	74.02	14.93	0.00
0	4	0.00	0.42	70.69	20.01	0.00
1	1	0.00	0.41	74.36	15.59	0.00
1	5	0.01	0.53	71.99	18.68	0.00
2	2	0.01	0.46	70.20	19.72	0.00
2	6	0.00	0.45	72.52	18.08	0.00
3	3	0.01	0.64	79.40	10.34	0.00
3	7	0.01	2.28	67.00	6.13	0.00
Core	CPU	C1%	C3%	C6%	C8%	C9%
-	-	0.01	1.16	69.55	16.53	0.00
0	0	0.00	0.38	74.48	13.04	0.00
0	4	0.00	0.43	70.12	18.10	0.00
1	1	0.00	0.50	70.27	18.53	0.00
1	5	0.01	0.46	67.40	21.77	0.00
2	2	0.01	0.48	68.00	19.98	0.00
2	6	0.00	0.44	67.47	21.40	0.00
3	3	0.01	2.60	75.48	10.72	0.00
3	7	0.01	3.96	62.81	8.61	0.00
Core	CPU	C1%	C3%	C6%	C8%	C9%
-	-	0.04	0.64	70.98	16.74	0.00
0	0	0.06	0.33	75.46	13.15	0.00
0	4	0.03	0.55	73.12	16.97	0.00
1	1	0.01	0.59	74.09	15.47	0.00
1	5	0.01	0.39	69.75	21.12	0.00
2	2	0.01	0.53	68.75	20.89	0.00
2	6	0.01	0.61	68.69	21.66	0.00
3	3	0.00	0.60	74.36	14.45	0.00
3	7	0.20	1.51	63.38	10.16	0.00
Core	CPU	C1%	C3%	C6%	C8%	C9%
-	-	0.01	0.79	69.16	17.97	0.00
0	0	0.00	0.38	73.61	15.02	0.00
0	4	0.00	0.53	69.08	21.58	0.00
1	1	0.00	0.57	72.75	16.81	0.00
1	5	0.01	0.29	67.67	23.27	0.00
2	2	0.01	0.38	67.88	22.13	0.00
2	6	0.01	1.24	65.84	24.01	0.00
3	3	0.00	0.46	75.79	13.59	0.00
3	7	0.03	2.52	61.18	7.52	0.00
Core	CPU	C1%	C3%	C6%	C8%	C9%
-	-	0.01	0.69	70.76	17.01	0.00
0	0	0.01	0.45	72.83	16.25	0.00
0	4	0.00	0.61	71.45	19.15	0.00
1	1	0.06	0.67	74.32	14.21	0.00
1	5	0.00	0.49	70.92	19.87	0.00
2	2	0.03	0.46	65.86	22.90	0.00
2	6	0.00	0.40	68.72	22.09	0.00
3	3	0.00	0.55	77.07	12.82	0.00
3	7	0.01	1.92	64.90	8.79	0.00
Core	CPU	C1%	C3%	C6%	C8%	C9%
-	-	0.01	0.64	71.49	16.61	0.00
0	0	0.00	0.41	76.63	12.44	0.00
0	4	0.00	0.48	71.86	18.84	0.00
1	1	0.00	0.43	73.12	16.65	0.00
1	5	0.01	0.39	69.73	21.12	0.00
2	2	0.01	0.54	70.17	19.72	0.00
2	6	0.00	0.53	68.03	22.69	0.00
3	3	0.01	0.61	78.63	11.35	0.00
3	7	0.02	1.70	63.76	10.10	0.00
Core	CPU	C1%	C3%	C6%	C8%	C9%
-	-	0.00	1.15	70.05	16.33	0.00
0	0	0.01	0.47	72.72	14.82	0.00
0	4	0.00	0.39	69.08	20.53	0.00
1	1	0.00	0.49	71.55	16.86	0.00
1	5	0.00	0.52	70.52	18.50	0.00
2	2	0.00	0.42	69.17	19.61	0.00
2	6	0.00	0.28	67.56	22.02	0.00
3	3	0.01	2.84	75.75	10.74	0.00
3	7	0.00	3.82	63.80	7.50	0.00
Core	CPU	C1%	C3%	C6%	C8%	C9%
-	-	0.00	0.63	71.44	16.70	0.00
0	0	0.00	0.33	77.40	11.77	0.00
0	4	0.00	0.40	72.88	17.90	0.00
1	1	0.01	0.67	72.24	17.44	0.00
1	5	0.01	0.31	68.55	22.37	0.00
2	2	0.00	0.49	69.50	20.25	0.00
2	6	0.00	0.53	69.98	20.75	0.00
3	3	0.00	0.46	75.56	14.41	0.00
3	7	0.01	1.81	65.18	8.63	0.00
Core	CPU	C1%	C3%	C6%	C8%	C9%
-	-	0.00	0.79	70.58	17.27	0.00
0	0	0.01	0.35	78.19	10.91	0.00
0	4	0.00	0.51	73.88	16.75	0.00
1	1	0.00	0.57	71.91	17.71	0.00
1	5	0.01	1.12	69.65	20.32	0.00
2	2	0.01	0.55	67.78	22.19	0.00
2	6	0.00	0.53	67.34	23.44	0.00
3	3	0.00	0.49	74.08	16.00	0.00
3	7	0.01	2.23	62.36	10.98	0.00
Core	CPU	C1%	C3%	C6%	C8%	C9%
-	-	0.01	0.66	70.99	17.09	0.00
0	0	0.00	0.32	74.93	14.23	0.00
0	4	0.00	0.47	72.76	17.87	0.00
1	1	0.01	0.54	71.79	17.98	0.00
1	5	0.01	0.49	69.32	21.43	0.00
2	2	0.01	0.51	68.08	21.84	0.00
2	6	0.00	0.54	69.68	21.01	0.00
3	3	0.00	0.60	76.41	13.43	0.00
3	7	0.02	1.81	64.94	8.96	0.00
Core	CPU	C1%	C3%	C6%	C8%	C9%
-	-	0.01	0.68	72.02	16.01	0.00
0	0	0.00	0.41	74.74	14.44	0.00
0	4	0.00	0.55	70.99	19.58	0.00
1	1	0.01	0.45	74.07	15.74	0.00
1	5	0.01	0.50	71.29	19.34	0.00
2	2	0.01	0.55	72.73	16.95	0.00
2	6	0.00	0.52	70.14	20.55	0.00
3	3	0.01	0.58	77.01	12.91	0.00
3	7	0.01	1.87	65.22	8.56	0.00
Core	CPU	C1%	C3%	C6%	C8%	C9%
-	-	0.01	1.29	71.87	15.41	0.00
0	0	0.00	0.35	75.92	13.35	0.00
0	4	0.00	3.46	71.95	15.38	0.00
1	1	0.00	0.57	73.11	16.66	0.00
1	5	0.02	2.57	69.20	18.33	0.00
2	2	0.01	0.45	70.00	19.86	0.00
2	6	0.00	0.46	70.26	20.48	0.00
3	3	0.00	0.51	78.06	11.69	0.00
3	7	0.01	1.93	66.27	7.53	0.00
Core	CPU	C1%	C3%	C6%	C8%	C9%
-	-	0.00	0.65	71.11	16.95	0.00
0	0	0.00	0.40	72.96	16.30	0.00
0	4	0.00	0.52	73.48	17.02	0.00
1	1	0.00	0.47	72.49	17.38	0.00
1	5	0.01	0.44	71.97	18.70	0.00
2	2	0.01	0.43	68.52	21.40	0.00
2	6	0.00	0.46	68.88	21.85	0.00
3	3	0.00	0.54	76.73	13.25	0.00
3	7	0.01	1.91	63.99	9.77	0.00
Core	CPU	C1%	C3%	C6%	C8%	C9%
-	-	0.00	0.76	70.29	17.70	0.00
0	0	0.00	0.32	72.35	17.01	0.00
0	4	0.00	0.42	73.01	17.64	0.00
1	1	0.00	0.51	70.29	19.62	0.00
1	5	0.01	0.89	67.34	22.45	0.00
2	2	0.01	0.52	68.47	21.54	0.00
2	6	0.00	0.56	67.13	23.65	0.00
3	3	0.00	0.47	78.13	11.93	0.00
3	7	0.01	2.39	65.55	7.72	0.00
Core	CPU	C1%	C3%	C6%	C8%	C9%
-	-	0.00	0.64	71.20	16.89	0.00
0	0	0.00	0.41	75.90	13.14	0.00
0	4	0.00	0.39	73.15	17.54	0.00
1	1	0.00	0.47	70.58	19.31	0.00
1	5	0.00	0.48	69.05	21.67	0.00
2	2	0.01	0.51	69.03	20.83	0.00
2	6	0.00	0.52	68.34	22.40	0.00
3	3	0.00	0.58	78.48	11.40	0.00
3	7	0.01	1.76	65.06	8.85	0.00
Core	CPU	C1%	C3%	C6%	C8%	C9%
-	-	0.00	0.65	71.60	16.47	0.00
0	0	0.01	0.44	76.29	12.77	0.00
0	4	0.00	0.57	74.46	16.18	0.00
1	1	0.00	0.38	71.52	18.41	0.00
1	5	0.00	0.37	71.56	19.17	0.00
2	2	0.01	0.49	68.83	21.05	0.00
2	6	0.00	0.46	67.63	23.13	0.00
3	3	0.00	0.63	78.06	11.76	0.00
3	7	0.01	1.82	64.42	9.31	0.00
Core	CPU	C1%	C3%	C6%	C8%	C9%
-	-	0.00	1.02	69.39	16.43	0.09
0	0	0.00	0.46	71.40	15.57	0.00
0	4	0.00	0.54	72.96	15.42	0.00
1	1	0.00	0.52	69.18	17.98	0.00
1	5	0.00	0.54	68.27	20.54	0.00
2	2	0.01	0.54	67.39	20.57	0.00
2	6	0.00	0.44	67.33	21.63	0.00
3	3	0.01	1.56	75.44	11.04	0.70
3	7	0.01	3.53	62.85	8.64	0.00
Core	CPU	C1%	C3%	C6%	C8%	C9%
-	-	0.01	0.62	71.03	17.13	0.00
0	0	0.00	0.38	73.71	15.51	0.00
0	4	0.00	0.48	71.97	18.73	0.00
1	1	0.00	0.45	77.51	12.19	0.00
1	5	0.00	0.35	70.32	20.50	0.00
2	2	0.01	0.52	67.75	22.17	0.00
2	6	0.00	0.56	67.20	23.53	0.00
3	3	0.00	0.54	76.54	13.40	0.00
3	7	0.01	1.70	62.96	10.97	0.00
Core	CPU	C1%	C3%	C6%	C8%	C9%
-	-	0.02	0.82	71.59	16.14	0.00
0	0	0.01	0.37	74.62	14.48	0.00
0	4	0.00	0.54	71.08	19.28	0.00
1	1	0.00	0.49	74.96	14.70	0.00
1	5	0.01	1.28	70.75	19.13	0.00
2	2	0.01	0.55	68.85	20.81	0.00
2	6	0.12	0.40	70.01	20.74	0.00
3	3	0.00	0.55	78.32	11.50	0.00
3	7	0.01	2.39	64.59	8.57	0.00
Core	CPU	C1%	C3%	C6%	C8%	C9%
-	-	0.01	0.71	72.03	15.96	0.00
0	0	0.00	0.48	72.75	16.18	0.00
0	4	0.00	0.61	70.94	19.52	0.00
1	1	0.00	0.48	73.53	16.25	0.00
1	5	0.00	0.59	69.95	20.72	0.00
2	2	0.01	0.52	71.19	18.76	0.00
2	6	0.00	0.41	71.08	19.73	0.00
3	3	0.00	0.54	80.63	9.29	0.00
3	7	0.02	2.07	66.40	7.28	0.00
Core	CPU	C1%	C3%	C6%	C8%	C9%
-	-	0.03	0.65	71.81	16.26	0.00
0	0	0.01	0.39	74.26	14.86	0.00
0	4	0.01	0.49	71.59	19.16	0.00
1	1	0.01	0.41	76.36	13.46	0.00
1	5	0.01	0.39	71.53	19.22	0.00
2	2	0.01	0.44	67.90	22.07	0.00
2	6	0.00	0.41	68.72	22.10	0.00
3	3	0.01	0.60	79.52	10.35	0.00
3	7	0.21	2.05	64.55	8.85	0.00
Core	CPU	C1%	C3%	C6%	C8%	C9%
-	-	0.01	1.11	69.65	16.74	0.00
0	0	0.00	0.36	69.87	18.29	0.00
0	4	0.00	0.49	69.00	20.06	0.00
1	1	0.01	0.46	73.80	14.51	0.00
1	5	0.01	0.53	67.60	21.34	0.00
2	2	0.01	0.52	68.15	20.30	0.00
2	6	0.00	0.47	67.84	21.98	0.00
3	3	0.00	2.68	76.14	10.16	0.00
3	7	0.01	3.34	64.50	7.19	0.00
Core	CPU	C1%	C3%	C6%	C8%	C9%
-	-	0.01	0.64	71.09	17.02	0.00
0	0	0.00	0.36	72.57	16.63	0.00
0	4	0.00	0.50	72.27	18.39	0.00
1	1	0.01	0.48	75.89	13.75	0.00
1	5	0.00	0.50	69.34	21.30	0.00
2	2	0.01	0.57	69.37	20.56	0.00
2	6	0.01	0.58	69.26	21.46	0.00
3	3	0.00	0.47	76.03	13.97	0.00
3	7	0.01	1.68	63.81	10.09	0.00
Core	CPU	C1%	C3%	C6%	C8%	C9%
-	-	0.06	0.80	71.76	16.10	0.00
0	0	0.01	0.42	73.10	15.99	0.00
0	4	0.00	0.51	72.18	18.55	0.00
1	1	0.00	0.52	73.26	16.41	0.00
1	5	0.00	1.15	70.32	19.61	0.00
2	2	0.00	0.50	69.91	20.11	0.00
2	6	0.00	0.40	70.44	20.45	0.00
3	3	0.00	0.47	79.20	10.77	0.00
3	7	0.48	2.48	65.76	6.91	0.00
Core	CPU	C1%	C3%	C6%	C8%	C9%
-	-	0.04	0.66	71.71	16.25	0.00
0	0	0.01	0.37	74.27	14.75	0.00
0	4	0.00	0.41	72.17	18.49	0.00
1	1	0.00	0.47	70.70	19.07	0.00
1	5	0.01	0.52	69.94	20.74	0.00
2	2	0.01	0.52	71.71	18.26	0.00
2	6	0.01	0.44	70.92	19.87	0.00
3	3	0.00	0.53	78.68	11.21	0.00
3	7	0.30	1.97	65.66	7.71	0.00
Core	CPU	C1%	C3%	C6%	C8%	C9%
-	-	0.01	0.62	70.17	17.43	0.00
0	0	0.00	0.35	74.32	14.91	0.00
0	4	0.00	0.44	72.63	18.14	0.00
1	1	0.00	0.47	71.95	17.85	0.00
1	5	0.01	0.38	66.85	23.96	0.00
2	2	0.01	0.50	70.11	19.77	0.00
2	6	0.00	0.55	68.72	22.29	0.00
3	3	0.00	0.47	75.08	14.29	0.00
3	7	0.02	1.79	61.07	8.08	0.00
Core	CPU	C1%	C3%	C6%	C8%	C9%
-	-	0.01	1.20	69.86	16.36	0.00
0	0	0.01	0.50	70.97	16.40	0.00
0	4	0.00	0.58	68.92	19.62	0.00
1	1	0.00	0.39	73.45	15.46	0.00
1	5	0.01	0.57	69.60	19.02	0.00
2	2	0.00	0.52	68.90	19.93	0.00
2	6	0.00	0.36	68.43	21.35	0.00
3	3	0.01	2.75	75.77	10.64	0.00
3	7	0.01	3.94	62.87	8.48	0.00
Core	CPU	C1%	C3%	C6%	C8%	C9%
-	-	0.01	0.68	71.68	16.36	0.00
0	0	0.00	0.38	71.24	17.96	0.00
0	4	0.00	0.52	73.05	17.48	0.00
1	1	0.00	0.50	74.26	15.30	0.00
1	5	0.01	0.53	68.70	21.94	0.00
2	2	0.01	0.52	71.65	18.28	0.00
2	6	0.00	0.49	71.05	19.75	0.00
3	3	0.00	0.53	78.85	11.02	0.00
3	7	0.01	1.97	64.61	9.13	0.00
Core	CPU	C1%	C3%	C6%	C8%	C9%
-	-	0.01	0.62	70.49	17.29	0.00
0	0	0.00	0.32	75.37	13.50	0.00
0	4	0.00	0.46	71.93	18.19	0.00
1	1	0.01	0.45	71.16	18.74	0.00
1	5	0.01	0.39	68.65	22.02	0.00
2	2	0.01	0.48	70.21	19.62	0.00
2	6	0.01	0.63	68.84	21.77	0.00
3	3	0.00	0.47	75.06	14.43	0.00
3	7	0.01	1.75	62.99	10.13	0.00
Core	CPU	C1%	C3%	C6%	C8%	C9%
-	-	0.01	0.69	71.89	16.18	0.00
0	0	0.01	0.50	76.46	12.46	0.00
0	4	0.00	0.49	69.66	21.08	0.00
1	1	0.00	0.49	72.43	17.49	0.00
1	5	0.01	0.56	73.02	17.60	0.00
2	2	0.01	0.39	71.27	18.62	0.00
2	6	0.00	0.42	69.30	21.51	0.00
3	3	0.01	0.68	78.27	11.45	0.00
3	7	0.02	2.01	64.54	9.17	0.00
Core	CPU	C1%	C3%	C6%	C8%	C9%
-	-	0.01	0.62	70.65	17.34	0.00
0	0	0.00	0.43	75.78	13.34	0.00
0	4	0.00	0.60	74.45	15.99	0.00
1	1	0.01	0.36	72.58	17.25	0.00
1	5	0.00	0.30	69.40	21.49	0.00
2	2	0.01	0.62	68.69	21.17	0.00
2	6	0.00	0.64	67.72	22.91	0.00
3	3	0.00	0.54	74.58	15.30	0.00
3	7	0.01	1.49	62.55	11.41	0.00
Core	CPU	C1%	C3%	C6%	C8%	C9%
-	-	0.00	1.07	69.04	16.81	0.00
0	0	0.00	0.47	71.99	15.14	0.00
0	4	0.00	0.67	72.03	16.20	0.00
1	1	0.00	0.39	68.88	18.56	0.00
1	5	0.00	0.39	68.36	20.71	0.00
2	2	0.01	0.57	66.14	21.72	0.00
2	6	0.00	0.51	65.98	22.23	0.00
3	3	0.01	2.34	75.05	11.55	0.00
3	7	0.00	3.22	63.52	8.27	0.00
Core	CPU	C1%	C3%	C6%	C8%	C9%
-	-	0.00	0.67	71.32	16.73	0.00
0	0	0.00	0.39	75.99	13.15	0.00
0	4	0.00	0.51	73.69	16.86	0.00
1	1	0.00	0.46	71.64	18.15	0.00
1	5	0.00	0.49	70.41	20.08	0.00
2	2	0.01	0.63	68.00	21.66	0.00
2	6	0.00	0.62	67.66	23.02	0.00
3	3	0.00	0.47	77.14	12.81	0.00
3	7	0.01	1.76	65.84	8.05	0.00
Core	CPU	C1%	C3%	C6%	C8%	C9%
-	-	0.00	0.71	71.51	16.36	0.00
0	0	0.00	0.48	73.34	15.35	0.00
0	4	0.01	0.66	72.52	17.96	0.00
1	1	0.01	0.40	73.81	16.06	0.00
1	5	0.01	0.53	70.49	20.21	0.00
2	2	0.01	0.60	69.49	20.33	0.00
2	6	0.00	0.46	68.43	22.38	0.00
3	3	0.00	0.44	79.16	10.84	0.00
3	7	0.01	2.15	65.28	7.90	0.00
Core	CPU	C1%	C3%	C6%	C8%	C9%
-	-	0.01	0.70	71.39	16.60	0.00
0	0	0.00	0.53	71.84	17.21	0.00
0	4	0.00	0.61	73.82	16.44	0.00
1	1	0.01	0.48	72.45	17.33	0.00
1	5	0.00	0.55	69.25	21.44	0.00
2	2	0.01	0.46	68.98	21.00	0.00
2	6	0.00	0.50	68.94	21.79	0.00
3	3	0.01	0.53	80.04	9.84	0.00
3	7	0.02	1.92	65.97	7.81	0.00
Core	CPU	C1%	C3%	C6%	C8%	C9%
-	-	0.01	0.65	71.85	16.19	0.00
0	0	0.01	0.43	78.27	10.68	0.00
0	4	0.00	0.44	72.61	18.13	0.00
1	1	0.00	0.52	72.99	16.74	0.00
1	5	0.01	0.42	71.83	18.94	0.00
2	2	0.01	0.49	68.60	21.35	0.00
2	6	0.00	0.45	68.33	22.48	0.00
3	3	0.00	0.62	76.97	12.81	0.00
3	7	0.01	1.84	65.24	8.36	0.00
Core	CPU	C1%	C3%	C6%	C8%	C9%
-	-	0.01	1.03	69.23	16.84	0.00
0	0	0.00	0.35	72.25	14.79	0.00
0	4	0.00	0.42	69.68	19.14	0.00
1	1	0.01	0.45	72.43	15.67	0.00
1	5	0.01	0.38	67.59	21.40	0.00
2	2	0.01	0.53	68.09	19.96	0.00
2	6	0.00	0.45	66.81	21.95	0.00
3	3	0.00	2.23	74.00	12.60	0.00
3	7	0.02	3.44	62.48	9.05	0.00
Core	CPU	C1%	C3%	C6%	C8%	C9%
-	-	0.01	0.67	71.77	16.29	0.00
0	0	0.01	0.41	76.69	12.23	0.00
0	4	0.00	0.45	71.92	18.82	0.00
1	1	0.00	0.51	74.60	15.23	0.00
1	5	0.01	0.56	70.94	19.75	0.00
2	2	0.01	0.45	69.61	20.32	0.00
2	6	0.01	0.54	69.17	21.55	0.00
3	3	0.00	0.56	76.69	13.15	0.00
3	7	0.01	1.87	64.50	9.29	0.00
Core	CPU	C1%	C3%	C6%	C8%	C9%
-	-	0.01	0.78	70.55	17.29	0.00
0	0	0.00	0.45	74.47	14.54	0.00
0	4	0.00	0.32	69.35	21.53	0.00
1	1	0.01	1.02	72.62	16.20	0.00
1	5	0.01	0.57	69.30	21.39	0.00
2	2	0.01	0.40	71.32	18.68	0.00
2	6	0.00	0.57	70.27	20.42	0.00
3	3	0.01	0.63	74.72	14.93	0.00
3	7	0.01	2.30	62.60	10.71	0.00
Core	CPU	C1%	C3%	C6%	C8%	C9%
-	-	0.01	0.68	72.21	15.81	0.00
0	0	0.00	0.42	76.46	12.55	0.00
0	4	0.00	0.44	70.83	19.86	0.00
1	1	0.01	0.47	73.87	15.96	0.00
1	5	0.01	0.56	70.02	20.64	0.00
2	2	0.00	0.47	71.37	18.59	0.00
2	6	0.00	0.49	70.27	20.50	0.00
3	3	0.01	0.62	79.62	10.22	0.00
3	7	0.01	1.97	65.48	8.21	0.00
Core	CPU	C1%	C3%	C6%	C8%	C9%
-	-	0.01	0.66	72.32	15.74	0.00
0	0	0.00	0.48	76.65	12.27	0.00
0	4	0.00	0.54	73.01	17.56	0.00
1	1	0.00	0.45	74.12	15.72	0.00
1	5	0.01	0.45	70.26	20.56	0.00
2	2	0.00	0.60	70.10	19.74	0.00
2	6	0.01	0.45	69.72	21.00	0.00
3	3	0.00	0.53	78.51	11.40	0.00
3	7	0.02	1.82	66.16	7.66	0.00
Core	CPU	C1%	C3%	C6%	C8%	C9%
-	-	0.01	1.17	69.60	16.75	0.00
0	0	0.00	0.37	73.00	14.51	0.00
0	4	0.00	0.42	68.19	20.83	0.00
1	1	0.01	0.56	70.97	17.22	0.00
1	5	0.00	0.57	67.50	21.45	0.00
2	2	0.01	0.46	69.57	19.60	0.00
2	6	0.00	0.51	67.85	21.71	0.00
3	3	0.00	2.71	75.50	11.13	0.00
3	7	0.02	3.73	63.94	7.50	0.00
Core	CPU	C1%	C3%	C6%	C8%	C9%
-	-	0.03	0.67	71.57	16.49	0.00
0	0	0.00	0.46	73.85	15.10	0.00
0	4	0.00	0.50	71.23	19.42	0.00
1	1	0.00	0.45	73.48	16.19	0.00
1	5	0.01	0.68	69.61	20.94	0.00
2	2	0.01	0.52	71.08	18.84	0.00
2	6	0.00	0.42	70.09	20.74	0.00
3	3	0.00	0.55	77.46	12.43	0.00
3	7	0.21	1.80	65.49	8.19	0.00
Core	CPU	C1%	C3%	C6%	C8%	C9%
-	-	0.01	0.79	70.68	17.25	0.00
0	0	0.00	0.43	73.72	15.38	0.00
0	4	0.00	0.38	71.36	19.44	0.00
1	1	0.00	0.41	72.23	17.53	0.00
1	5	0.01	0.51	69.44	21.16	0.00
2	2	0.01	1.35	70.86	17.90	0.00
2	6	0.01	0.43	69.00	21.87	0.00
3	3	0.01	0.50	75.09	14.87	0.00
3	7	0.01	2.30	63.69	9.80	0.00
Core	CPU	C1%	C3%	C6%	C8%	C9%
-	-	0.00	0.64	71.06	16.94	0.00
0	0	0.00	0.42	75.77	13.33	0.00
0	4	0.00	0.47	71.42	19.34	0.00
1	1	0.00	0.42	74.66	15.07	0.00
1	5	0.01	0.46	70.82	19.86	0.00
2	2	0.01	0.56	68.28	21.58	0.00
2	6	0.00	0.49	67.10	23.67	0.00
3	3	0.00	0.61	76.87	13.01	0.00
3	7	0.01	1.67	64.12	9.82	0.00
Core	CPU	C1%	C3%	C6%	C8%	C9%
-	-	0.01	0.66	71.46	16.73	0.00
0	0	0.00	0.54	72.47	16.61	0.00
0	4	0.00	0.59	71.84	18.77	0.00
1	1	0.00	0.46	74.67	15.09	0.00
1	5	0.01	0.47	69.24	21.53	0.00
2	2	0.00	0.47	69.63	20.38	0.00
2	6	0.00	0.44	70.43	20.42	0.00
3	3	0.00	0.55	77.71	12.19	0.00
3	7	0.01	1.78	65.13	8.72	0.00
Core	CPU	C1%	C3%	C6%	C8%	C9%
-	-	0.01	1.29	68.87	17.48	0.00
0	0	0.00	0.51	71.41	16.42	0.00
0	4	0.00	0.68	68.46	20.93	0.00
1	1	0.00	0.40	72.42	16.27	0.00
1	5	0.00	0.41	69.13	20.26	0.00
2	2	0.01	0.52	67.12	21.08	0.00
2	6	0.00	0.43	66.97	23.12	0.00
3	3	0.01	3.12	75.33	11.20	0.00
3	7	0.01	4.24	60.77	10.73	0.00
Core	CPU	C1%	C3%	C6%	C8%	C9%
-	-	0.01	0.66	72.03	16.02	0.00
0	0	0.00	0.37	74.07	15.01	0.00
0	4	0.00	0.45	68.72	22.03	0.00
1	1	0.01	0.50	75.10	14.58	0.00
1	5	0.01	0.49	71.34	19.33	0.00
2	2	0.00	0.38	70.64	19.39	0.00
2	6	0.00	0.47	69.96	20.87	0.00
3	3	0.01	0.63	80.40	9.40	0.00
3	7	0.01	1.98	65.95	7.54	0.00
Core	CPU	C1%	C3%	C6%	C8%	C9%
-	-	0.01	0.85	69.99	17.45	0.00
0	0	0.01	0.45	74.81	14.49	0.00
0	4	0.00	0.54	70.04	20.28	0.00
1	1	0.01	0.60	72.51	17.52	0.00
1	5	0.01	0.52	69.08	21.95	0.00
2	2	0.01	1.20	69.97	19.46	0.00
2	6	0.00	0.38	68.09	22.66	0.00
3	3	0.00	0.42	74.43	14.98	0.00
3	7	0.02	2.71	60.65	8.16	0.00
Core	CPU	C1%	C3%	C6%	C8%	C9%
-	-	0.00	0.69	71.27	16.76	0.00
0	0	0.01	0.45	73.15	15.78	0.00
0	4	0.00	0.47	69.03	21.63	0.00
1	1	0.00	0.54	73.16	16.66	0.00
1	5	0.00	0.71	70.88	19.66	0.00
2	2	0.01	0.33	69.18	20.80	0.00
2	6	0.00	0.41	70.29	20.53	0.00
3	3	0.00	0.63	78.75	11.09	0.00
3	7	0.01	1.96	65.83	7.98	0.00
Core	CPU	C1%	C3%	C6%	C8%	C9%
-	-	0.01	0.69	71.43	16.59	0.00
0	0	0.01	0.47	69.22	19.95	0.00
0	4	0.00	0.65	68.19	22.36	0.00
1	1	0.00	0.48	76.27	13.43	0.00
1	5	0.01	0.57	71.74	18.90	0.00
2	2	0.01	0.33	70.90	19.11	0.00
2	6	0.01	0.32	69.24	21.70	0.00
3	3	0.01	0.65	80.30	9.50	0.00
3	7	0.01	2.08	65.82	7.89	0.00
Core	CPU	C1%	C3%	C6%	C8%	C9%
-	-	0.01	1.33	70.07	16.51	0.00
0	0	0.01	0.52	67.47	20.47	0.00
0	4	0.00	0.64	67.48	21.90	0.00
1	1	0.00	0.44	73.65	14.81	0.00
1	5	0.01	0.54	69.20	19.67	0.00
2	2	0.00	0.41	70.98	18.52	0.00
2	6	0.00	0.37	69.81	19.80	0.00
3	3	0.00	3.23	76.97	9.47	0.00
3	7	0.01	4.44	64.35	7.26	0.00
Core	CPU	C1%	C3%	C6%	C8%	C9%
-	-	0.01	0.67	71.33	16.64	0.00
0	0	0.01	0.38	73.92	15.25	0.00
0	4	0.00	0.61	71.16	19.25	0.00
1	1	0.01	0.51	73.27	16.50	0.00
1	5	0.01	0.44	71.56	19.16	0.00
2	2	0.01	0.35	71.32	18.74	0.00
2	6	0.00	0.50	69.01	21.74	0.00
3	3	0.00	0.60	77.39	12.53	0.00
3	7	0.01	1.97	63.64	10.06	0.00
Core	CPU	C1%	C3%	C6%	C8%	C9%
-	-	0.01	0.85	71.28	16.78	0.00
0	0	0.01	0.38	73.75	15.45	0.00
0	4	0.00	0.69	71.71	18.79	0.00
1	1	0.00	0.45	73.85	16.10	0.00
1	5	0.01	0.49	70.99	19.85	0.00
2	2	0.01	0.40	69.13	20.96	0.00
2	6	0.01	0.49	69.40	21.41	0.00
3	3	0.00	1.37	77.16	12.00	0.00
3	7	0.01	2.54	63.67	9.56	0.00
Core	CPU	C1%	C3%	C6%	C8%	C9%
-	-	0.01	0.71	71.74	16.23	0.00
0	0	0.00	0.58	70.92	18.04	0.00
0	4	0.00	0.62	69.63	20.91	0.00
1	1	0.01	0.46	73.56	16.26	0.00
1	5	0.00	0.64	71.72	18.79	0.00
2	2	0.00	0.46	71.81	18.10	0.00
2	6	0.01	0.41	70.54	20.27	0.00
3	3	0.00	0.55	80.02	9.86	0.00
3	7	0.02	1.97	66.08	7.72	0.00
Core	CPU	C1%	C3%	C6%	C8%	C9%
-	-	0.01	0.66	71.54	16.54	0.00
0	0	0.00	0.50	72.16	16.72	0.00
0	4	0.00	0.59	70.13	20.51	0.00
1	1	0.01	0.45	76.79	12.83	0.00
1	5	0.01	0.44	68.96	21.85	0.00
2	2	0.00	0.48	73.27	16.68	0.00
2	6	0.01	0.47	69.22	21.18	0.00
3	3	0.00	0.55	76.63	13.33	0.00
3	7	0.01	1.79	64.68	9.13	0.00
Core	CPU	C1%	C3%	C6%	C8%	C9%
-	-	0.01	0.95	69.29	16.39	0.00
0	0	0.00	0.35	70.34	16.53	0.00
0	4	0.00	0.56	67.96	20.90	0.00
1	1	0.00	0.47	70.17	17.49	0.00
1	5	0.02	0.48	69.37	18.85	0.00
2	2	0.01	0.34	69.74	18.40	0.00
2	6	0.00	0.47	69.07	19.22	0.00
3	3	0.00	1.49	75.19	11.15	0.00
3	7	0.01	3.39	63.08	8.72	0.00
Core	CPU	C1%	C3%	C6%	C8%	C9%
-	-	0.01	0.66	70.53	17.54	0.00
0	0	0.01	0.41	74.04	15.05	0.00
0	4	0.00	0.74	71.68	18.60	0.00
1	1	0.01	0.55	71.13	18.64	0.00
1	5	0.01	0.52	69.92	20.74	0.00
2	2	0.01	0.43	70.02	19.97	0.00
2	6	0.00	0.47	68.15	22.65	0.00
3	3	0.00	0.54	76.26	13.72	0.00
3	7	0.01	1.60	63.09	10.99	0.00
Core	CPU	C1%	C3%	C6%	C8%	C9%
-	-	0.01	0.86	71.00	16.84	0.00
0	0	0.00	0.61	70.50	18.54	0.00
0	4	0.01	0.62	70.34	20.21	0.00
1	1	0.01	0.48	73.82	15.92	0.00
1	5	0.01	0.53	70.27	20.45	0.00
2	2	0.01	0.50	70.53	19.22	0.00
2	6	0.01	1.20	69.94	19.68	0.00
3	3	0.00	0.55	77.96	12.01	0.00
3	7	0.01	2.38	64.69	8.70	0.00
Core	CPU	C1%	C3%	C6%	C8%	C9%
-	-	0.01	0.73	70.95	17.06	0.00
0	0	0.01	0.54	70.26	18.77	0.00
0	4	0.00	0.82	73.28	16.77	0.00
1	1	0.00	0.56	72.04	17.78	0.00
1	5	0.00	0.45	70.62	20.18	0.00
2	2	0.00	0.39	68.71	21.34	0.00
2	6	0.00	0.39	68.87	21.98	0.00
3	3	0.00	0.59	78.98	10.92	0.00
3	7	0.02	2.05	64.86	8.77	0.00
Core	CPU	C1%	C3%	C6%	C8%	C9%
-	-	0.01	0.72	71.11	17.01	0.00
0	0	0.00	0.51	71.25	17.84	0.00
0	4	0.01	0.69	70.36	19.82	0.00
1	1	0.00	0.48	71.28	18.57	0.00
1	5	0.01	0.58	69.22	21.50	0.00
2	2	0.01	0.45	71.08	18.93	0.00
2	6	0.00	0.46	70.26	20.58	0.00
3	3	0.00	0.60	79.24	10.69	0.00
3	7	0.02	1.96	65.51	7.97	0.00
Core	CPU	C1%	C3%	C6%	C8%	C9%
-	-	0.01	1.33	69.92	16.34	0.00
0	0	0.01	0.59	68.49	19.15	0.00
0	4	0.00	0.67	68.07	20.91	0.00
1	1	0.00	0.47	69.32	19.63	0.00
1	5	0.01	0.61	69.09	20.55	0.00
2	2	0.00	0.35	70.36	18.54	0.00
2	6	0.00	0.36	68.67	20.25	0.00
3	3	0.01	2.97	79.68	6.59	0.00
3	7	0.02	4.64	66.03	5.22	0.00
Core	CPU	C1%	C3%	C6%	C8%	C9%
-	-	0.01	0.68	71.08	16.95	0.00
0	0	0.00	0.44	73.04	15.95	0.00
0	4	0.00	0.58	69.69	20.83	0.00
1	1	0.01	0.61	72.57	17.13	0.00
1	5	0.01	0.50	70.49	20.18	0.00
2	2	0.01	0.42	70.82	19.23	0.00
2	6	0.00	0.43	69.85	21.00	0.00
3	3	0.01	0.55	77.93	11.99	0.00
3	7	0.01	1.88	64.44	9.38	0.00
Core	CPU	C1%	C3%	C6%	C8%	C9%
-	-	0.01	0.89	71.29	16.67	0.00
0	0	0.01	0.46	71.16	17.82	0.00
0	4	0.01	0.58	67.94	22.48	0.00
1	1	0.00	0.64	73.67	16.01	0.00
1	5	0.01	0.59	70.61	20.04	0.00
2	2	0.00	0.35	71.38	18.75	0.00
2	6	0.00	0.41	71.05	19.88	0.00
3	3	0.00	1.38	77.94	11.04	0.00
3	7	0.02	2.73	65.99	7.18	0.00
Core	CPU	C1%	C3%	C6%	C8%	C9%
-	-	0.01	0.71	71.52	16.38	0.00
0	0	0.00	0.57	69.92	19.09	0.00
0	4	0.00	0.70	69.20	21.22	0.00
1	1	0.00	0.51	74.25	15.46	0.00
1	5	0.01	0.46	72.92	17.78	0.00
2	2	0.00	0.50	72.72	17.17	0.00
2	6	0.01	0.35	70.86	20.03	0.00
3	3	0.01	0.52	77.99	11.99	0.00
3	7	0.01	2.08	64.99	8.43	0.00
Core	CPU	C1%	C3%	C6%	C8%	C9%
-	-	0.03	0.64	70.51	17.30	0.00
0	0	0.00	0.48	71.72	17.44	0.00
0	4	0.00	0.56	70.50	20.09	0.00
1	1	0.01	0.41	74.30	14.15	0.00
1	5	0.00	0.44	70.24	20.50	0.00
2	2	0.16	0.53	71.25	17.78	0.00
2	6	0.01	0.52	69.25	21.48	0.00
3	3	0.01	0.56	74.54	15.38	0.00
3	7	0.01	1.61	62.30	11.56	0.00
Core	CPU	C1%	C3%	C6%	C8%	C9%
-	-	0.01	1.26	69.37	16.46	0.00
0	0	0.00	0.43	70.67	16.40	0.00
0	4	0.01	0.70	68.05	20.68	0.00
1	1	0.00	0.53	73.42	14.12	0.00
1	5	0.01	0.49	68.89	19.51	0.00
2	2	0.01	0.45	66.38	22.22	0.00
2	6	0.01	0.39	66.70	22.13	0.00
3	3	0.00	3.09	75.91	10.33	0.00
3	7	0.06	4.03	64.65	6.16	0.00
Core	CPU	C1%	C3%	C6%	C8%	C9%
-	-	0.01	0.70	71.32	16.72	0.00
0	0	0.00	0.46	71.75	17.20	0.00
0	4	0.00	0.60	68.73	21.78	0.00
1	1	0.01	0.49	72.55	17.28	0.00
1	5	0.01	0.54	69.76	20.92	0.00
2	2	0.00	0.47	71.44	18.50	0.00
2	6	0.01	0.49	70.86	19.88	0.00
3	3	0.00	0.53	79.60	10.36	0.00
3	7	0.01	2.03	65.91	7.84	0.00
Core	CPU	C1%	C3%	C6%	C8%	C9%
-	-	0.01	0.78	70.47	17.49	0.00
0	0	0.00	0.42	74.95	14.14	0.00
0	4	0.00	0.43	70.91	19.88	0.00
1	1	0.01	0.34	71.61	18.48	0.00
1	5	0.00	1.12	67.99	21.97	0.00
2	2	0.01	0.52	69.87	20.05	0.00
2	6	0.00	0.62	68.57	22.13	0.00
3	3	0.01	0.56	76.59	13.39	0.00
3	7	0.01	2.24	63.53	9.93	0.00
Core	CPU	C1%	C3%	C6%	C8%	C9%
-	-	0.01	0.70	70.84	17.14	0.00
0	0	0.00	0.41	73.04	16.08	0.00
0	4	0.00	0.58	70.96	19.52	0.00
1	1	0.00	0.48	72.21	17.63	0.00
1	5	0.00	0.50	69.86	20.79	0.00
2	2	0.01	0.54	68.59	21.31	0.00
2	6	0.00	0.50	68.56	22.23	0.00
3	3	0.01	0.52	78.62	11.33	0.00
3	7	0.02	2.05	64.90	8.23	0.00
Core	CPU	C1%	C3%	C6%	C8%	C9%
-	-	0.01	0.67	70.25	17.18	0.00
0	0	0.00	0.49	72.49	16.70	0.00
0	4	0.01	0.58	69.20	21.38	0.00
1	1	0.00	0.46	74.60	15.29	0.00
1	5	0.01	0.34	69.10	21.84	0.00
2	2	0.01	0.54	68.40	20.82	0.00
2	6	0.01	0.36	66.88	24.21	0.00
3	3	0.01	0.53	78.48	10.85	0.00
3	7	0.02	2.09	62.71	6.29	0.00
Core	CPU	C1%	C3%	C6%	C8%	C9%
-	-	0.01	1.38	69.41	17.20	0.00
0	0	0.00	0.42	72.21	15.64	0.00
0	4	0.00	0.54	69.09	20.14	0.00
1	1	0.01	0.48	71.58	17.53	0.00
1	5	0.01	0.48	67.28	22.39	0.00
2	2	0.01	0.47	67.64	21.07	0.00
2	6	0.00	0.46	67.97	21.81	0.00
3	3	0.01	3.40	75.37	11.29	0.00
3	7	0.01	4.79	63.95	7.64	0.00
Core	CPU	C1%	C3%	C6%	C8%	C9%
-	-	0.01	0.68	71.35	16.74	0.00
0	0	0.00	0.38	74.03	14.99	0.00
0	4	0.00	0.50	70.28	20.34	0.00
1	1	0.01	0.47	72.54	17.22	0.00
1	5	0.01	0.62	69.07	21.59	0.00
2	2	0.01	0.54	71.25	18.62	0.00
2	6	0.01	0.47	70.85	19.93	0.00
3	3	0.00	0.51	78.35	11.57	0.00
3	7	0.01	1.99	64.08	9.61	0.00
Core	CPU	C1%	C3%	C6%	C8%	C9%
-	-	0.01	0.84	70.70	17.06	0.00
0	0	0.01	0.39	73.88	15.20	0.00
0	4	0.00	0.58	72.35	18.33	0.00
1	1	0.00	0.48	70.34	18.82	0.00
1	5	0.01	1.14	67.06	22.97	0.00
2	2	0.00	0.50	71.00	18.98	0.00
2	6	0.00	0.50	68.99	21.86	0.00
3	3	0.01	0.53	77.02	12.94	0.00
3	7	0.01	2.62	65.25	7.45	0.00
Core	CPU	C1%	C3%	C6%	C8%	C9%
-	-	0.00	0.71	71.86	16.19	0.00
0	0	0.01	0.48	71.83	17.24	0.00
0	4	0.00	0.57	71.24	19.36	0.00
1	1	0.00	0.55	76.85	12.70	0.00
1	5	0.01	0.49	71.18	19.58	0.00
2	2	0.01	0.55	70.58	19.29	0.00
2	6	0.00	0.47	69.27	21.54	0.00
3	3	0.00	0.52	78.31	11.57	0.00
3	7	0.01	2.08	65.46	8.20	0.00
Core	CPU	C1%	C3%	C6%	C8%	C9%
-	-	0.00	0.60	70.89	17.16	0.00
0	0	0.00	0.42	76.62	12.59	0.00
0	4	0.00	0.49	73.57	17.14	0.00
1	1	0.00	0.44	76.62	13.03	0.00
1	5	0.00	0.19	69.48	21.41	0.00
2	2	0.01	0.58	70.18	19.67	0.00
2	6	0.00	0.55	67.04	23.72	0.00
3	3	0.01	0.57	73.55	16.38	0.00
3	7	0.00	1.52	60.50	13.43	0.00
Core	CPU	C1%	C3%	C6%	C8%	C9%
-	-	0.01	0.98	68.39	17.39	0.00
0	0	0.00	0.37	72.69	14.47	0.00
0	4	0.00	0.49	71.36	16.87	0.00
1	1	0.00	0.46	73.51	14.05	0.00
1	5	0.01	0.28	66.78	21.44	0.00
2	2	0.01	0.58	66.66	20.76	0.00
2	6	0.01	0.51	64.65	24.12	0.00
3	3	0.01	2.12	70.48	16.23	0.00
3	7	0.00	3.07	60.72	11.11	0.00
Core	CPU	C1%	C3%	C6%	C8%	C9%
-	-	0.01	0.62	71.59	16.57	0.00
0	0	0.00	0.39	77.82	11.11	0.00
0	4	0.00	0.56	73.25	17.40	0.00
1	1	0.01	0.38	73.98	15.94	0.00
1	5	0.01	0.27	70.11	20.82	0.00
2	2	0.01	0.59	69.10	20.72	0.00
2	6	0.00	0.53	67.71	23.05	0.00
3	3	0.00	0.55	76.62	13.23	0.00
3	7	0.01	1.65	63.78	10.19	0.00
Core	CPU	C1%	C3%	C6%	C8%	C9%
-	-	0.01	0.80	71.52	16.22	0.00
0	0	0.01	0.50	73.35	15.67	0.00
0	4	0.01	0.50	69.89	20.56	0.00
1	1	0.00	0.50	76.24	13.44	0.00
1	5	0.01	0.41	72.05	18.58	0.00
2	2	0.00	1.15	69.77	19.33	0.00
2	6	0.00	0.42	69.93	20.61	0.00
3	3	0.00	0.52	76.95	12.93	0.00
3	7	0.01	2.37	64.56	8.80	0.00
Core	CPU	C1%	C3%	C6%	C8%	C9%
-	-	0.01	0.64	71.34	16.71	0.00
0	0	0.01	0.40	77.53	11.36	0.00
0	4	0.00	0.45	73.26	17.37	0.00
1	1	0.00	0.47	72.26	17.63	0.00
1	5	0.01	0.36	69.54	21.37	0.00
2	2	0.01	0.55	69.50	20.37	0.00
2	6	0.01	0.51	68.14	22.63	0.00
3	3	0.00	0.53	76.24	13.66	0.00
3	7	0.01	1.83	64.38	9.28	0.00
Core	CPU	C1%	C3%	C6%	C8%	C9%
-	-	0.01	0.67	71.78	16.23	0.00
0	0	0.01	0.47	75.85	12.87	0.00
0	4	0.00	0.56	71.61	19.04	0.00
1	1	0.00	0.52	72.83	16.86	0.00
1	5	0.01	0.44	70.46	20.34	0.00
2	2	0.01	0.51	70.27	19.62	0.00
2	6	0.00	0.40	69.93	20.89	0.00
3	3	0.00	0.53	77.63	12.22	0.00
3	7	0.01	1.97	65.66	8.03	0.00
Core	CPU	C1%	C3%	C6%	C8%	C9%
-	-	0.00	1.18	68.90	17.42	0.00
0	0	0.01	0.45	73.56	14.22	0.00
0	4	0.00	0.57	73.57	16.04	0.00
1	1	0.00	0.41	70.51	17.87	0.00
1	5	0.00	0.36	68.03	21.27	0.00
2	2	0.00	0.57	65.59	22.40	0.00
2	6	0.00	0.55	65.94	23.24	0.00
3	3	0.01	2.85	73.16	13.24	0.00
3	7	0.01	3.68	60.55	11.02	0.00
Core	CPU	C1%	C3%	C6%	C8%	C9%
-	-	0.01	0.67	71.34	16.63	0.00
0	0	0.00	0.42	75.55	13.47	0.00
0	4	0.00	0.56	72.38	18.05	0.00
1	1	0.01	0.56	74.12	15.20	0.00
1	5	0.01	0.44	69.36	21.33	0.00
2	2	0.01	0.59	68.72	21.17	0.00
2	6	0.00	0.50	68.72	22.08	0.00
3	3	0.00	0.44	76.55	13.40	0.00
3	7	0.01	1.85	65.36	8.36	0.00
Core	CPU	C1%	C3%	C6%	C8%	C9%
-	-	0.01	0.78	70.96	16.99	0.00
0	0	0.01	0.39	74.80	14.25	0.00
0	4	0.00	0.52	71.17	18.97	0.00
1	1	0.00	0.39	73.21	16.83	0.00
1	5	0.01	0.35	69.98	20.98	0.00
2	2	0.01	1.23	69.85	19.06	0.00
2	6	0.01	0.45	68.16	22.74	0.00
3	3	0.00	0.61	77.16	12.70	0.00
3	7	0.01	2.31	63.04	10.26	0.00
Core	CPU	C1%	C3%	C6%	C8%	C9%
-	-	0.01	0.66	71.53	16.49	0.00
0	0	0.01	0.48	71.62	17.50	0.00
0	4	0.00	0.51	70.14	20.51	0.00
1	1	0.00	0.42	76.80	12.85	0.00
1	5	0.01	0.42	71.22	19.60	0.00
2	2	0.01	0.44	68.94	21.04	0.00
2	6	0.00	0.52	69.72	21.02	0.00
3	3	0.00	0.55	78.39	11.42	0.00
3	7	0.01	1.88	65.73	8.06	0.00
Core	CPU	C1%	C3%	C6%	C8%	C9%
-	-	0.00	0.67	71.54	16.45	0.00
0	0	0.01	0.49	74.98	14.09	0.00
0	4	0.01	0.62	72.39	18.19	0.00
1	1	0.00	0.41	73.11	16.70	0.00
1	5	0.01	0.33	70.94	19.93	0.00
2	2	0.01	0.55	71.82	17.89	0.00
2	6	0.01	0.48	69.52	21.25	0.00
3	3	0.00	0.57	76.36	13.50	0.00
3	7	0.01	1.93	63.49	10.13	0.00
Core	CPU	C1%	C3%	C6%	C8%	C9%
-	-	0.00	0.88	68.44	17.37	0.28
0	0	0.00	0.32	74.50	12.38	0.00
0	4	0.00	0.46	72.38	15.77	0.00
1	1	0.00	0.39	72.53	15.38	0.00
1	5	0.00	0.18	67.86	20.42	0.00
2	2	0.01	0.59	67.04	20.70	0.00
2	6	0.01	0.56	65.03	23.26	0.00
3	3	0.00	2.49	68.75	17.84	0.00
3	7	0.00	2.03	58.75	13.03	2.22
Core	CPU	C1%	C3%	C6%	C8%	C9%
-	-	0.01	0.66	72.14	15.80	0.00
0	0	0.00	0.40	75.16	13.97	0.00
0	4	0.01	0.43	72.53	18.10	0.00
1	1	0.01	0.47	73.99	15.71	0.00
1	5	0.01	0.47	71.70	18.97	0.00
2	2	0.01	0.64	71.89	17.77	0.00
2	6	0.00	0.46	70.14	20.67	0.00
3	3	0.00	0.63	77.47	12.40	0.00
3	7	0.01	1.82	64.78	8.93	0.00
Core	CPU	C1%	C3%	C6%	C8%	C9%
-	-	0.01	0.84	71.44	16.57	0.00
0	0	0.01	0.39	73.33	16.00	0.00
0	4	0.00	0.49	72.73	18.10	0.00
1	1	0.00	0.40	76.40	13.37	0.00
1	5	0.00	0.36	71.13	19.82	0.00
2	2	0.02	0.75	69.33	20.37	0.00
2	6	0.00	0.45	69.00	21.87	0.00
3	3	0.01	1.30	75.29	13.51	0.00
3	7	0.01	2.59	63.72	9.40	0.00
Core	CPU	C1%	C3%	C6%	C8%	C9%
-	-	0.01	0.66	72.05	15.99	0.00
0	0	0.00	0.46	74.51	14.47	0.00
0	4	0.01	0.65	71.57	18.96	0.00
1	1	0.01	0.45	73.40	16.34	0.00
1	5	0.01	0.47	70.09	20.68	0.00
2	2	0.01	0.56	72.96	16.83	0.00
2	6	0.00	0.40	71.09	19.73	0.00
3	3	0.01	0.55	77.64	12.25	0.00
3	7	0.01	1.73	65.12	8.62	0.00
Core	CPU	C1%	C3%	C6%	C8%	C9%
-	-	0.01	0.65	71.18	16.79	0.00
0	0	0.01	0.43	74.67	14.42	0.00
0	4	0.00	0.50	71.66	18.99	0.00
1	1	0.00	0.42	73.71	16.11	0.00
1	5	0.01	0.36	68.19	22.71	0.00
2	2	0.01	0.66	70.57	19.11	0.00
2	6	0.01	0.51	70.57	20.17	0.00
3	3	0.00	0.44	76.09	13.93	0.00
3	7	0.01	1.86	64.62	9.09	0.00
Core	CPU	C1%	C3%	C6%	C8%	C9%
-	-	0.01	1.05	68.88	17.15	0.00
0	0	0.01	0.44	73.53	13.90	0.00
0	4	0.01	0.55	71.00	17.52	0.00
1	1	0.00	0.28	70.17	18.11	0.00
1	5	0.00	0.30	69.60	19.17	0.00
2	2	0.01	0.65	66.11	21.82	0.00
2	6	0.00	0.44	65.47	23.52	0.00
3	3	0.01	2.56	74.31	12.13	0.00
3	7	0.00	3.14	60.53	10.95	0.00
Core	CPU	C1%	C3%	C6%	C8%	C9%
-	-	0.01	0.69	71.54	16.38	0.00
0	0	0.01	0.47	73.23	15.94	0.00
0	4	0.00	0.67	72.45	17.90	0.00
1	1	0.00	0.37	72.27	17.75	0.00
1	5	0.00	0.44	72.52	18.30	0.00
2	2	0.01	0.54	70.65	19.14	0.00
2	6	0.00	0.42	69.83	20.99	0.00
3	3	0.00	0.68	78.04	11.68	0.00
3	7	0.01	1.94	63.32	9.31	0.00
Core	CPU	C1%	C3%	C6%	C8%	C9%
-	-	0.01	0.79	70.04	17.40	0.00
0	0	0.00	0.33	72.23	16.98	0.00
0	4	0.01	0.74	68.57	21.17	0.00
1	1	0.01	0.48	69.66	19.79	0.00
1	5	0.01	0.53	69.12	21.85	0.00
2	2	0.01	0.54	70.06	19.94	0.00
2	6	0.00	0.48	69.63	21.34	0.00
3	3	0.00	0.56	77.58	11.88	0.00
3	7	0.02	2.66	63.14	6.15	0.00
Core	CPU	C1%	C3%	C6%	C8%	C9%
-	-	0.01	0.67	71.98	15.95	0.00
0	0	0.01	0.56	74.12	14.76	0.00
0	4	0.01	0.61	71.21	19.39	0.00
1	1	0.00	0.34	73.98	15.91	0.00
1	5	0.00	0.44	72.39	18.41	0.00
2	2	0.01	0.56	70.54	19.25	0.00
2	6	0.00	0.35	69.04	21.77	0.00
3	3	0.00	0.60	79.48	10.31	0.00
3	7	0.01	1.94	65.68	7.93	0.00
Core	CPU	C1%	C3%	C6%	C8%	C9%
-	-	0.01	0.69	71.30	16.71	0.00
0	0	0.01	0.47	71.07	17.94	0.00
0	4	0.00	0.59	69.91	20.57	0.00
1	1	0.01	0.45	73.38	16.51	0.00
1	5	0.01	0.51	72.27	18.48	0.00
2	2	0.01	0.47	70.90	18.88	0.00
2	6	0.00	0.34	70.12	20.76	0.00
3	3	0.01	0.75	78.33	11.32	0.00
3	7	0.01	1.96	64.45	9.19	0.00
Core	CPU	C1%	C3%	C6%	C8%	C9%
-	-	0.01	1.16	69.63	16.67	0.00
0	0	0.01	0.45	72.86	15.04	0.00
0	4	0.00	0.48	69.85	19.22	0.00
1	1	0.00	0.40	71.30	17.51	0.00
1	5	0.01	0.43	68.73	20.20	0.00
2	2	0.01	0.54	67.69	20.35	0.00
2	6	0.00	0.42	68.08	21.14	0.00
3	3	0.01	2.84	74.98	11.39	0.00
3	7	0.01	3.71	63.19	8.45	0.00
Core	CPU	C1%	C3%	C6%	C8%	C9%
-	-	0.00	0.67	72.06	16.01	0.00
0	0	0.01	0.36	74.28	14.89	0.00
0	4	0.00	0.45	70.90	19.87	0.00
1	1	0.00	0.47	75.03	14.68	0.00
1	5	0.00	0.38	71.61	19.16	0.00
2	2	0.01	0.58	70.20	19.51	0.00
2	6	0.00	0.46	70.27	20.53	0.00
3	3	0.00	0.76	77.98	11.62	0.00
3	7	0.01	1.91	65.96	7.73	0.00
Core	CPU	C1%	C3%	C6%	C8%	C9%
-	-	0.01	0.80	71.37	16.46	0.00
0	0	0.00	0.38	73.20	15.95	0.00
0	4	0.00	1.09	69.62	20.31	0.00
1	1	0.00	0.64	74.46	15.11	0.00
1	5	0.01	0.51	71.24	19.42	0.00
2	2	0.01	0.41	69.77	20.27	0.00
2	6	0.01	0.42	68.98	21.90	0.00
3	3	0.00	0.55	78.82	10.95	0.00
3	7	0.02	2.40	65.45	7.91	0.00
Core	CPU	C1%	C3%	C6%	C8%	C9%
-	-	0.00	0.67	71.65	16.39	0.00
0	0	0.00	0.46	75.17	13.91	0.00
0	4	0.00	0.57	74.08	16.51	0.00
1	1	0.00	0.46	73.52	16.18	0.00
1	5	0.01	0.40	71.01	19.75	0.00
2	2	0.01	0.62	69.01	20.76	0.00
2	6	0.00	0.47	68.06	22.74	0.00
3	3	0.00	0.56	77.28	12.56	0.00
3	7	0.01	1.86	65.05	8.68	0.00
Core	CPU	C1%	C3%	C6%	C8%	C9%
-	-	0.01	0.66	71.56	16.46	0.00
0	0	0.00	0.48	75.60	13.40	0.00
0	4	0.00	0.44	71.74	18.95	0.00
1	1	0.00	0.43	72.91	16.89	0.00
1	5	0.01	0.46	69.53	21.14	0.00
2	2	0.01	0.59	69.34	20.42	0.00
2	6	0.00	0.45	71.13	19.62	0.00
3	3	0.01	0.58	77.55	12.29	0.00
3	7	0.01	1.88	64.68	9.00	0.00
Core	CPU	C1%	C3%	C6%	C8%	C9%
-	-	0.01	1.14	69.72	16.66	0.00
0	0	0.00	0.38	72.32	15.07	0.00
0	4	0.00	0.52	70.37	19.12	0.00
1	1	0.01	0.47	68.81	19.08	0.00
1	5	0.01	0.43	68.85	20.91	0.00
2	2	0.01	0.57	70.73	17.98	0.00
2	6	0.01	0.49	69.02	20.12	0.00
3	3	0.01	2.50	75.38	11.30	0.00
3	7	0.01	3.73	62.01	9.61	0.00
Core	CPU	C1%	C3%	C6%	C8%	C9%
-	-	0.01	0.68	70.92	17.13	0.00
0	0	0.01	0.43	70.83	18.25	0.00
0	4	0.00	0.53	72.80	17.61	0.00
1	1	0.00	0.48	69.51	20.25	0.00
1	5	0.01	0.54	69.76	20.92	0.00
2	2	0.01	0.43	70.68	19.25	0.00
2	6	0.00	0.51	70.58	20.11	0.00
3	3	0.00	0.54	78.15	11.73	0.00
3	7	0.01	2.01	64.86	8.84	0.00
Core	CPU	C1%	C3%	C6%	C8%	C9%
-	-	0.07	0.81	71.04	16.81	0.00
0	0	0.00	0.38	72.81	16.20	0.00
0	4	0.00	1.11	69.61	20.37	0.00
1	1	0.00	0.50	72.35	17.53	0.00
1	5	0.01	0.57	71.21	19.47	0.00
2	2	0.01	0.47	68.99	20.99	0.00
2	6	0.01	0.49	70.23	20.50	0.00
3	3	0.00	0.58	78.70	11.13	0.00
3	7	0.50	2.40	64.39	8.27	0.00
Core	CPU	C1%	C3%	C6%	C8%	C9%
-	-	0.06	0.63	71.33	16.58	0.00
0	0	0.00	0.40	75.84	13.18	0.00
0	4	0.00	0.50	72.62	18.08	0.00
1	1	0.00	0.42	72.51	17.12	0.00
1	5	0.01	0.32	70.77	20.08	0.00
2	2	0.01	0.56	68.95	21.00	0.00
2	6	0.00	0.53	67.83	22.89	0.00
3	3	0.00	0.50	76.56	13.35	0.00
3	7	0.49	1.82	66.04	7.09	0.00
Core	CPU	C1%	C3%	C6%	C8%	C9%
-	-	0.01	0.67	71.80	16.18	0.00
0	0	0.00	0.47	73.25	15.71	0.00
0	4	0.00	0.53	70.88	19.81	0.00
1	1	0.00	0.40	72.50	17.40	0.00
1	5	0.01	0.49	70.95	19.76	0.00
2	2	0.01	0.58	71.34	18.43	0.00
2	6	0.00	0.46	69.57	21.15	0.00
3	3	0.00	0.61	79.29	10.50	0.00
3	7	0.01	1.85	66.64	6.67	0.00
Core	CPU	C1%	C3%	C6%	C8%	C9%
-	-	0.01	1.12	69.33	17.09	0.00
0	0	0.01	0.37	73.79	14.14	0.00
0	4	0.00	0.56	70.72	18.89	0.00
1	1	0.00	0.32	74.36	14.32	0.00
1	5	0.00	0.25	68.93	20.29	0.00
2	2	0.01	0.59	66.26	22.18	0.00
2	6	0.01	0.46	66.58	22.36	0.00
3	3	0.01	2.60	72.26	14.18	0.00
3	7	0.00	3.79	61.37	10.25	0.00
Core	CPU	C1%	C3%	C6%	C8%	C9%
-	-	0.01	0.65	71.22	16.87	0.00
0	0	0.00	0.37	74.86	14.34	0.00
0	4	0.00	0.60	74.80	15.55	0.00
1	1	0.01	0.41	71.16	18.74	0.00
1	5	0.01	0.39	69.49	21.30	0.00
2	2	0.01	0.73	69.81	19.88	0.00
2	6	0.01	0.57	68.63	21.99	0.00
3	3	0.00	0.49	76.29	13.66	0.00
3	7	0.01	1.68	64.52	9.42	0.00
Core	CPU	C1%	C3%	C6%	C8%	C9%
-	-	0.01	0.75	71.68	16.25	0.00
0	0	0.00	0.30	71.85	17.38	0.00
0	4	0.00	1.10	72.80	16.76	0.00
1	1	0.00	0.53	70.15	19.49	0.00
1	5	0.02	0.52	69.48	21.27	0.00
2	2	0.01	0.47	72.25	17.74	0.00
2	6	0.00	0.52	71.42	19.31	0.00
3	3	0.00	0.50	79.55	10.41	0.00
3	7	0.02	2.05	65.98	7.63	0.00
Core	CPU	C1%	C3%	C6%	C8%	C9%
-	-	0.03	0.65	70.18	17.77	0.00
0	0	0.00	0.43	74.94	14.15	0.00
0	4	0.00	0.56	71.93	18.58	0.00
1	1	0.00	0.44	70.37	19.48	0.00
1	5	0.00	0.33	69.60	21.21	0.00
2	2	0.01	0.50	68.31	21.64	0.00
2	6	0.00	0.62	66.61	24.01	0.00
3	3	0.00	0.58	77.29	12.57	0.00
3	7	0.21	1.73	62.93	10.66	0.00
Core	CPU	C1%	C3%	C6%	C8%	C9%
-	-	0.01	0.66	71.70	16.35	0.00
0	0	0.00	0.50	75.25	13.75	0.00
0	4	0.00	0.50	70.22	20.46	0.00
1	1	0.00	0.34	72.75	17.12	0.00
1	5	0.00	0.36	70.59	20.29	0.00
2	2	0.01	0.60	71.66	18.05	0.00
2	6	0.00	0.46	70.64	20.14	0.00
3	3	0.01	0.63	77.95	11.86	0.00
3	7	0.02	1.86	64.51	9.16	0.00
Core	CPU	C1%	C3%	C6%	C8%	C9%
-	-	0.00	1.01	69.06	16.85	0.00
0	0	0.00	0.43	72.88	14.31	0.00
0	4	0.00	0.47	69.64	19.25	0.00
1	1	0.00	0.44	70.35	17.70	0.00
1	5	0.00	0.40	66.97	21.85	0.00
2	2	0.01	0.68	68.22	18.97	0.00
2	6	0.00	0.57	67.49	21.36	0.00
3	3	0.01	2.65	74.79	11.57	0.00
3	7	0.00	2.46	61.86	9.68	0.00
Core	CPU	C1%	C3%	C6%	C8%	C9%
-	-	0.01	0.68	71.69	16.42	0.00
0	0	0.01	0.48	75.69	13.16	0.00
0	4	0.00	0.38	70.16	20.68	0.00
1	1	0.00	0.48	72.05	17.90	0.00
1	5	0.01	0.39	70.71	20.15	0.00
2	2	0.01	0.54	70.38	19.36	0.00
2	6	0.00	0.36	70.38	20.46	0.00
3	3	0.00	0.70	78.60	11.17	0.00
3	7	0.01	2.10	65.23	8.39	0.00
Core	CPU	C1%	C3%	C6%	C8%	C9%
-	-	0.01	0.78	71.40	16.57	0.00
0	0	0.00	0.40	75.66	13.35	0.00
0	4	0.00	0.46	72.54	18.25	0.00
1	1	0.01	0.44	71.56	18.32	0.00
1	5	0.01	1.17	68.24	21.79	0.00
2	2	0.01	0.68	71.96	17.87	0.00
2	6	0.01	0.53	70.23	20.45	0.00
3	3	0.00	0.48	76.98	13.07	0.00
3	7	0.01	2.06	64.15	9.44	0.00
Core	CPU	C1%	C3%	C6%	C8%	C9%
-	-	0.00	0.64	71.32	16.65	0.00
0	0	0.00	0.50	77.56	11.41	0.00
0	4	0.00	0.50	72.15	18.51	0.00
1	1	0.00	0.29	74.49	15.45	0.00
1	5	0.00	0.32	69.42	21.33	0.00
2	2	0.01	0.66	70.06	19.69	0.00
2	6	0.00	0.59	68.89	21.72	0.00
3	3	0.01	0.56	76.55	13.42	0.00
3	7	0.01	1.71	62.00	11.83	0.00
Core	CPU	C1%	C3%	C6%	C8%	C9%
-	-	0.01	0.62	69.36	18.22	0.00
0	0	0.01	0.43	71.95	17.26	0.00
0	4	0.00	0.33	67.65	22.96	0.00
1	1	0.00	0.61	70.61	19.00	0.00
1	5	0.01	0.40	67.19	23.85	0.00
2	2	0.00	0.51	69.06	21.08	0.00
2	6	0.00	0.40	68.29	22.80	0.00
3	3	0.00	0.47	77.36	11.84	0.00
3	7	0.01	1.82	62.38	6.86	0.00
Core	CPU	C1%	C3%	C6%	C8%	C9%
-	-	0.01	1.28	69.25	17.39	0.00
0	0	0.00	0.34	71.87	16.57	0.00
0	4	0.00	0.55	69.25	19.85	0.00
1	1	0.00	0.53	72.58	16.52	0.00
1	5	0.01	0.36	69.15	20.85	0.00
2	2	0.01	0.46	65.61	23.59	0.00
2	6	0.00	0.50	66.34	22.64	0.00
3	3	0.01	3.35	75.38	11.08	0.00
3	7	0.01	4.13	63.64	7.98	0.00
Core	CPU	C1%	C3%	C6%	C8%	C9%
-	-	0.01	0.67	72.10	15.89	0.00
0	0	0.01	0.47	75.68	13.41	0.00
0	4	0.01	0.54	71.95	18.70	0.00
1	1	0.00	0.44	74.97	14.77	0.00
1	5	0.01	0.45	71.08	19.44	0.00
2	2	0.01	0.63	71.57	18.17	0.00
2	6	0.01	0.49	70.07	20.64	0.00
3	3	0.00	0.56	77.69	12.23	0.00
3	7	0.01	1.81	64.04	9.84	0.00
Core	CPU	C1%	C3%	C6%	C8%	C9%
-	-	0.01	0.77	71.25	16.68	0.00
0	0	0.00	0.39	75.75	13.36	0.00
0	4	0.00	0.46	72.86	17.87	0.00
1	1	0.00	0.51	75.48	14.26	0.00
1	5	0.01	1.09	68.42	21.67	0.00
2	2	0.01	0.55	71.02	18.96	0.00
2	6	0.01	0.51	70.41	20.34	0.00
3	3	0.00	0.42	73.66	16.43	0.00
3	7	0.03	2.19	62.76	10.61	0.00
Core	CPU	C1%	C3%	C6%	C8%	C9%
-	-	0.01	0.66	71.62	16.46	0.00
0	0	0.00	0.44	72.07	17.01	0.00
0	4	0.00	0.36	69.46	21.34	0.00
1	1	0.00	0.57	75.73	13.93	0.00
1	5	0.01	0.46	70.13	20.61	0.00
2	2	0.01	0.48	70.90	19.02	0.00
2	6	0.00	0.38	70.89	19.93	0.00
3	3	0.00	0.60	78.78	11.09	0.00
3	7	0.01	1.97	65.01	8.72	0.00
Core	CPU	C1%	C3%	C6%	C8%	C9%
-	-	0.01	0.69	71.55	16.51	0.00
0	0	0.00	0.45	72.96	16.19	0.00
0	4	0.00	0.53	69.90	20.75	0.00
1	1	0.00	0.42	74.82	14.91	0.00
1	5	0.01	0.47	68.57	22.28	0.00
2	2	0.01	0.49	71.09	18.82	0.00
2	6	0.00	0.45	70.41	20.32	0.00
3	3	0.01	0.56	79.17	10.73	0.00
3	7	0.01	2.18	65.44	8.07	0.00
Core	CPU	C1%	C3%	C6%	C8%	C9%
-	-	0.01	1.05	69.26	16.85	0.00
0	0	0.00	0.44	72.41	15.10	0.00
0	4	0.00	0.58	70.63	18.30	0.00
1	1	0.00	0.41	72.56	15.04	0.00
1	5	0.01	0.34	67.58	21.22	0.00
2	2	0.01	0.68	68.38	19.49	0.00
2	6	0.00	0.46	68.74	20.84	0.00
3	3	0.00	2.30	72.49	14.10	0.00
3	7	0.01	3.21	60.97	10.62	0.00
Core	CPU	C1%	C3%	C6%	C8%	C9%
-	-	0.01	0.66	71.62	16.42	0.00
0	0	0.00	0.44	71.94	17.19	0.00
0	4	0.00	0.52	69.53	20.32	0.00
1	1	0.00	0.43	74.00	15.74	0.00
1	5	0.01	0.47	70.04	20.83	0.00
2	2	0.01	0.60	70.39	19.41	0.00
2	6	0.00	0.42	70.34	20.53	0.00
3	3	0.00	0.53	79.85	10.12	0.00
3	7	0.01	1.91	66.66	7.19	0.00
Core	CPU	C1%	C3%	C6%	C8%	C9%
-	-	0.03	0.78	71.17	16.76	0.00
0	0	0.00	0.39	74.54	14.45	0.00
0	4	0.00	1.12	70.78	19.10	0.00
1	1	0.00	0.49	72.32	17.62	0.00
1	5	0.01	0.42	71.48	19.36	0.00
2	2	0.01	0.48	70.88	19.04	0.00
2	6	0.00	0.54	69.17	21.59	0.00
3	3	0.01	0.55	76.50	13.50	0.00
3	7	0.21	2.24	63.64	9.46	0.00
Core	CPU	C1%	C3%	C6%	C8%	C9%
-	-	0.08	0.66	70.55	17.32	0.00
0	0	0.01	0.49	75.52	13.50	0.00
0	4	0.00	0.50	71.93	18.68	0.00
1	1	0.00	0.47	71.13	18.59	0.00
1	5	0.00	0.41	70.08	20.73	0.00
2	2	0.01	0.48	68.37	21.53	0.00
2	6	0.00	0.47	68.15	22.56	0.00
3	3	0.01	0.58	76.48	13.49	0.00
3	7	0.59	1.94	63.39	9.64	0.00
Core	CPU	C1%	C3%	C6%	C8%	C9%
-	-	0.01	0.66	71.21	16.83	0.00
0	0	0.01	0.35	72.18	17.05	0.00
0	4	0.00	0.57	73.01	17.28	0.00
1	1	0.00	0.51	70.73	19.01	0.00
1	5	0.01	0.45	70.75	20.10	0.00
2	2	0.01	0.40	68.94	20.95	0.00
2	6	0.00	0.45	69.88	20.90	0.00
3	3	0.00	0.65	78.08	11.75	0.00
3	7	0.02	1.92	66.16	7.60	0.00
Core	CPU	C1%	C3%	C6%	C8%	C9%
-	-	0.07	1.30	68.83	17.15	0.00
0	0	0.01	0.50	69.67	18.74	0.00
0	4	0.00	0.63	68.17	20.54	0.00
1	1	0.02	0.55	70.07	16.65	0.00
1	5	0.01	0.45	67.11	22.00	0.00
2	2	0.01	0.40	67.26	19.79	0.00
2	6	0.00	0.36	67.51	22.14	0.00
3	3	0.01	3.27	76.14	10.26	0.00
3	7	0.50	4.25	64.07	6.89	0.00
Core	CPU	C1%	C3%	C6%	C8%	C9%
-	-	0.00	0.72	71.84	16.06	0.00
0	0	0.00	0.56	69.64	19.38	0.00
0	4	0.01	0.66	69.61	20.90	0.00
1	1	0.00	0.44	77.36	12.24	0.00
1	5	0.00	0.60	71.66	19.06	0.00
2	2	0.01	0.44	69.73	20.19	0.00
2	6	0.00	0.37	70.41	20.33	0.00
3	3	0.00	0.59	80.34	9.54	0.00
3	7	0.01	2.10	66.58	7.03	0.00
Core	CPU	C1%	C3%	C6%	C8%	C9%
-	-	0.01	0.84	71.13	16.88	0.00
0	0	0.00	0.51	73.31	15.75	0.00
0	4	0.00	0.64	69.64	20.87	0.00
1	1	0.00	0.43	70.48	19.37	0.00
1	5	0.00	1.24	69.35	20.70	0.00
2	2	0.01	0.42	70.30	19.69	0.00
2	6	0.00	0.35	70.36	20.53	0.00
3	3	0.00	0.55	79.90	10.10	0.00
3	7	0.02	2.61	65.21	7.93	0.00
Core	CPU	C1%	C3%	C6%	C8%	C9%
-	-	0.01	0.63	71.45	16.63	0.00
0	0	0.00	0.38	75.54	13.66	0.00
0	4	0.00	0.42	75.36	15.22	0.00
1	1	0.00	0.35	71.43	18.60	0.00
1	5	0.01	0.32	68.78	22.14	0.00
2	2	0.01	0.58	72.24	17.52	0.00
2	6	0.00	0.56	70.13	20.52	0.00
3	3	0.01	0.60	75.31	14.59	0.00
3	7	0.01	1.80	63.00	10.81	0.00
Core	CPU	C1%	C3%	C6%	C8%	C9%
-	-	0.01	0.72	71.71	16.27	0.00
0	0	0.00	0.56	72.83	16.17	0.00
0	4	0.00	0.70	70.10	20.42	0.00
1	1	0.00	0.44	74.84	14.87	0.00
1	5	0.01	0.48	71.51	19.30	0.00
2	2	0.01	0.55	70.24	19.61	0.00
2	6	0.01	0.33	68.86	22.00	0.00
3	3	0.00	0.49	80.29	9.69	0.00
3	7	0.02	2.21	65.26	8.18	0.00
Core	CPU	C1%	C3%	C6%	C8%	C9%
-	-	0.01	1.06	68.52	17.30	0.00
0	0	0.00	0.53	71.42	15.75	0.00
0	4	0.00	0.67	68.23	19.92	0.00
1	1	0.00	0.29	72.28	15.44	0.00
1	5	0.01	0.32	68.32	19.86	0.00
2	2	0.01	0.50	65.90	22.02	0.00
2	6	0.00	0.36	65.68	23.14	0.00
3	3	0.03	2.43	74.61	11.90	0.00
3	7	0.01	3.33	61.20	10.24	0.00
Core	CPU	C1%	C3%	C6%	C8%	C9%
-	-	0.01	0.72	72.09	15.85	0.00
0	0	0.01	0.55	73.63	15.24	0.00
0	4	0.01	0.70	69.40	21.13	0.00
1	1	0.00	0.47	73.35	16.47	0.00
1	5	0.01	0.47	71.49	19.30	0.00
2	2	0.00	0.42	72.68	17.30	0.00
2	6	0.00	0.25	70.66	20.25	0.00
3	3	0.01	0.61	80.70	9.17	0.00
3	7	0.01	2.26	65.34	8.07	0.00
Core	CPU	C1%	C3%	C6%	C8%	C9%
-	-	0.01	0.83	71.33	16.58	0.00
0	0	0.00	0.49	72.81	16.31	0.00
0	4	0.01	0.50	70.20	20.12	0.00
1	1	0.00	0.46	73.65	15.88	0.00
1	5	0.01	0.53	71.46	19.37	0.00
2	2	0.01	0.44	69.80	19.78	0.00
2	6	0.00	1.17	70.60	19.36	0.00
3	3	0.00	0.56	77.71	12.26	0.00
3	7	0.02	2.47	63.79	9.38	0.00
Core	CPU	C1%	C3%	C6%	C8%	C9%
-	-	0.01	0.68	71.64	16.35	0.00
0	0	0.00	0.49	74.50	14.42	0.00
0	4	0.00	0.58	71.00	19.60	0.00
1	1	0.00	0.42	74.85	14.95	0.00
1	5	0.00	0.39	70.73	20.04	0.00
2	2	0.01	0.51	68.35	21.47	0.00
2	6	0.00	0.48	67.78	22.94	0.00
3	3	0.00	0.60	80.04	9.85	0.00
3	7	0.02	2.01	66.14	7.56	0.00
Core	CPU	C1%	C3%	C6%	C8%	C9%
-	-	0.00	0.74	72.65	15.30	0.00
0	0	0.00	0.57	71.36	17.62	0.00
0	4	0.01	0.78	70.18	20.24	0.00
1	1	0.00	0.42	76.38	13.36	0.00
1	5	0.01	0.50	71.00	19.81	0.00
2	2	0.01	0.46	70.24	19.74	0.00
2	6	0.00	0.35	70.99	19.82	0.00
3	3	0.00	0.64	82.96	6.82	0.00
3	7	0.01	2.16	68.47	5.10	0.00
Core	CPU	C1%	C3%	C6%	C8%	C9%
-	-	0.01	1.00	69.65	16.14	0.00
0	0	0.00	0.51	69.99	16.72	0.00
0	4	0.01	0.59	66.71	21.47	0.00
1	1	0.00	0.42	73.73	14.11	0.00
1	5	0.01	0.44	67.28	20.84	0.00
2	2	0.00	0.51	69.22	18.86	0.00
2	6	0.00	0.40	68.28	20.45	0.00
3	3	0.01	1.37	77.18	9.40	0.00
3	7	0.01	3.72	64.22	7.14	0.00
Core	CPU	C1%	C3%	C6%	C8%	C9%
-	-	0.01	0.66	70.76	17.00	0.00
0	0	0.00	0.48	75.76	13.31	0.00
0	4	0.00	0.61	71.90	18.80	0.00
1	1	0.01	0.37	74.12	15.75	0.00
1	5	0.01	0.25	70.36	20.51	0.00
2	2	0.01	0.57	69.12	20.76	0.00
2	6	0.00	0.52	68.49	22.04	0.00
3	3	0.00	0.55	75.12	14.64	0.00
3	7	0.07	1.94	61.55	10.26	0.00
Core	CPU	C1%	C3%	C6%	C8%	C9%
-	-	0.01	0.80	70.33	17.13	0.00
0	0	0.01	0.46	68.63	20.61	0.00
0	4	0.00	0.54	67.02	23.61	0.00
1	1	0.00	0.48	73.11	16.75	0.00
1	5	0.01	1.19	69.76	20.08	0.00
2	2	0.05	0.43	70.70	18.69	0.00
2	6	0.00	0.42	70.37	20.56	0.00
3	3	0.01	0.56	78.78	10.54	0.00
3	7	0.02	2.36	64.49	6.25	0.00
Core	CPU	C1%	C3%	C6%	C8%	C9%
-	-	0.01	0.69	71.39	16.77	0.00
0	0	0.01	0.58	70.07	18.98	0.00
0	4	0.00	0.69	69.60	20.98	0.00
1	1	0.00	0.46	76.09	13.59	0.00
1	5	0.01	0.45	72.01	18.83	0.00
2	2	0.00	0.44	68.99	20.97	0.00
2	6	0.01	0.40	69.31	21.47	0.00
3	3	0.00	0.56	79.63	10.29	0.00
3	7	0.01	1.91	64.86	8.89	0.00
Core	CPU	C1%	C3%	C6%	C8%	C9%
-	-	0.01	0.69	71.35	16.61	0.00
0	0	0.00	0.52	71.74	17.39	0.00
0	4	0.01	0.66	70.41	19.88	0.00
1	1	0.00	0.42	72.68	17.12	0.00
1	5	0.01	0.41	71.23	19.58	0.00
2	2	0.01	0.42	71.05	18.87	0.00
2	6	0.00	0.48	70.26	20.47	0.00
3	3	0.01	0.62	78.88	10.97	0.00
3	7	0.02	1.98	65.01	8.75	0.00
Core	CPU	C1%	C3%	C6%	C8%	C9%
-	-	0.01	1.04	69.35	16.60	0.00
0	0	0.01	0.51	71.06	16.30	0.00
0	4	0.00	0.61	70.16	17.57	0.00
1	1	0.00	0.51	68.17	20.19	0.00
1	5	0.01	0.61	68.62	20.02	0.00
2	2	0.00	0.46	68.84	19.09	0.00
2	6	0.00	0.41	68.04	21.09	0.00
3	3	0.01	1.70	75.82	10.50	0.00
3	7	0.01	3.52	63.63	7.94	0.00
Core	CPU	C1%	C3%	C6%	C8%	C9%
-	-	0.00	0.69	71.25	16.70	0.00
0	0	0.01	0.58	73.98	14.92	0.00
0	4	0.00	0.60	71.41	19.19	0.00
1	1	0.01	0.36	72.48	17.50	0.00
1	5	0.00	0.36	70.12	20.77	0.00
2	2	0.00	0.54	71.65	18.15	0.00
2	6	0.00	0.47	68.46	22.28	0.00
3	3	0.00	0.63	78.47	11.35	0.00
3	7	0.01	2.00	64.09	9.59	0.00
Core	CPU	C1%	C3%	C6%	C8%	C9%
-	-	0.04	0.82	70.41	17.61	0.00
0	0	0.00	0.36	73.64	15.57	0.00
0	4	0.00	0.49	71.53	19.30	0.00
1	1	0.01	0.40	71.58	18.35	0.00
1	5	0.01	0.34	69.77	21.14	0.00
2	2	0.02	0.63	68.70	21.25	0.00
2	6	0.01	0.59	68.50	22.18	0.00
3	3	0.00	1.31	75.96	13.22	0.00
3	7	0.29	2.43	63.01	9.74	0.00
Core	CPU	C1%	C3%	C6%	C8%	C9%
-	-	0.01	0.71	71.53	16.46	0.00
0	0	0.01	0.55	72.73	16.34	0.00
0	4	0.01	0.70	72.10	18.30	0.00
1	1	0.00	0.42	72.89	16.82	0.00
1	5	0.01	0.37	73.04	17.78	0.00
2	2	0.00	0.40	70.23	19.76	0.00
2	6	0.00	0.34	69.55	21.27	0.00
3	3	0.01	0.62	79.15	10.73	0.00
3	7	0.01	2.27	62.71	10.71	0.00
Core	CPU	C1%	C3%	C6%	C8%	C9%
-	-	0.01	0.73	71.95	15.99	0.00
0	0	0.01	0.46	72.32	16.65	0.00
0	4	0.00	0.70	69.57	20.78	0.00
1	1	0.01	0.49	71.31	18.52	0.00
1	5	0.01	0.59	70.55	20.12	0.00
2	2	0.00	0.30	73.86	16.19	0.00
2	6	0.00	0.46	71.73	18.99	0.00
3	3	0.00	0.70	80.52	9.23	0.00
3	7	0.02	2.17	66.12	7.52	0.00
Core	CPU	C1%	C3%	C6%	C8%	C9%
-	-	0.01	0.96	68.51	17.37	0.29
0	0	0.01	0.40	71.59	15.50	0.00
0	4	0.00	0.56	68.42	19.80	0.00
1	1	0.00	0.34	69.20	18.89	0.00
1	5	0.01	0.45	67.23	21.67	0.00
2	2	0.01	0.55	67.06	20.83	0.00
2	6	0.01	0.43	66.88	21.79	0.00
3	3	0.02	1.24	75.72	10.60	2.29
3	7	0.01	3.72	61.67	9.79	0.00
Core	CPU	C1%	C3%	C6%	C8%	C9%
-	-	0.03	0.70	71.55	16.40	0.00
0	0	0.01	0.51	74.75	14.25	0.00
0	4	0.01	0.68	72.53	17.91	0.00
1	1	0.00	0.36	70.91	18.87	0.00
1	5	0.01	0.45	70.66	20.16	0.00
2	2	0.00	0.46	69.64	20.30	0.00
2	6	0.00	0.50	69.22	21.48	0.00
3	3	0.00	0.64	78.79	10.98	0.00
3	7	0.20	2.03	66.13	7.31	0.00
Core	CPU	C1%	C3%	C6%	C8%	C9%
-	-	0.01	0.90	71.35	16.52	0.00
0	0	0.01	0.60	69.56	19.53	0.00
0	4	0.00	0.71	71.57	18.70	0.00
1	1	0.01	0.57	70.63	18.44	0.00
1	5	0.00	0.61	71.62	19.19	0.00
2	2	0.01	0.34	70.38	19.71	0.00
2	6	0.00	1.10	70.00	19.81	0.00
3	3	0.01	0.57	80.46	9.48	0.00
3	7	0.01	2.68	66.01	7.18	0.00
Core	CPU	C1%	C3%	C6%	C8%	C9%
-	-	0.01	0.70	71.32	16.64	0.00
0	0	0.01	0.47	72.84	16.19	0.00
0	4	0.00	0.55	69.35	21.20	0.00
1	1	0.01	0.44	73.41	16.41	0.00
1	5	0.01	0.53	70.42	20.35	0.00
2	2	0.01	0.42	69.95	20.05	0.00
2	6	0.01	0.49	69.65	21.09	0.00
3	3	0.00	0.64	79.01	10.78	0.00
3	7	0.02	2.09	66.36	7.19	0.00
Core	CPU	C1%	C3%	C6%	C8%	C9%
-	-	0.01	0.66	71.41	16.62	0.00
0	0	0.01	0.41	72.77	16.24	0.00
0	4	0.00	0.48	70.41	20.22	0.00
1	1	0.00	0.51	75.44	14.33	0.00
1	5	0.01	0.44	69.96	20.89	0.00
2	2	0.01	0.51	71.28	18.75	0.00
2	6	0.01	0.50	70.06	20.60	0.00
3	3	0.00	0.56	76.23	13.62	0.00
3	7	0.02	1.87	65.37	8.35	0.00
Core	CPU	C1%	C3%	C6%	C8%	C9%
-	-	0.01	1.04	69.18	16.61	0.00
0	0	0.01	0.50	71.22	15.84	0.00
0	4	0.00	0.68	68.00	20.43	0.00
1	1	0.00	0.50	71.35	16.61	0.00
1	5	0.01	0.42	69.24	18.95	0.00
2	2	0.01	0.40	67.37	20.11	0.00
2	6	0.00	0.48	67.78	20.98	0.00
3	3	0.01	2.41	74.69	11.52	0.00
3	7	0.01	2.92	63.31	8.35	0.00
Core	CPU	C1%	C3%	C6%	C8%	C9%
-	-	0.01	0.64	70.32	17.70	0.00
0	0	0.00	0.33	71.05	18.18	0.00
0	4	0.00	0.45	70.18	20.49	0.00
1	1	0.00	0.49	71.96	17.88	0.00
1	5	0.01	0.54	70.65	19.95	0.00
2	2	0.01	0.46	70.64	19.28	0.00
2	6	0.00	0.58	68.38	22.32	0.00
3	3	0.00	0.55	76.51	13.46	0.00
3	7	0.02	1.74	63.67	10.20	0.00
Core	CPU	C1%	C3%	C6%	C8%	C9%
-	-	0.00	0.77	70.66	17.26	0.00
0	0	0.00	0.45	73.74	15.40	0.00
0	4	0.00	0.56	71.61	18.71	0.00
1	1	0.00	0.26	73.55	16.46	0.00
1	5	0.01	0.36	70.17	20.51	0.00
2	2	0.00	0.54	68.25	21.73	0.00
2	6	0.00	1.18	68.31	21.47	0.00
3	3	0.00	0.58	77.11	12.82	0.00
3	7	0.01	2.20	62.54	10.95	0.00
Core	CPU	C1%	C3%	C6%	C8%	C9%
-	-	0.01	0.68	71.53	16.52	0.00
0	0	0.01	0.52	72.17	16.96	0.00
0	4	0.00	0.59	68.99	21.62	0.00
1	1	0.00	0.43	75.72	13.96	0.00
1	5	0.00	0.42	70.51	20.36	0.00
2	2	0.01	0.41	70.22	19.81	0.00
2	6	0.01	0.38	70.08	20.72	0.00
3	3	0.00	0.61	79.43	10.28	0.00
3	7	0.01	2.06	65.12	8.46	0.00
Core	CPU	C1%	C3%	C6%	C8%	C9%
-	-	0.01	0.60	70.91	17.33	0.00
0	0	0.00	0.39	80.03	8.92	0.00
0	4	0.00	0.44	73.43	17.35	0.00
1	1	0.00	0.38	71.40	18.68	0.00
1	5	0.01	0.25	68.40	22.63	0.00
2	2	0.01	0.51	68.82	21.17	0.00
2	6	0.00	0.68	67.70	22.92	0.00
3	3	0.00	0.57	74.20	15.65	0.00
3	7	0.01	1.62	62.72	11.17	0.00
Core	CPU	C1%	C3%	C6%	C8%	C9%
-	-	0.01	1.07	68.73	17.00	0.00
0	0	0.00	0.43	71.05	15.62	0.00
0	4	0.00	0.54	67.61	21.30	0.00
1	1	0.01	0.45	72.27	15.48	0.00
1	5	0.01	0.45	67.10	21.80	0.00
2	2	0.00	0.39	68.20	19.36	0.00
2	6	0.00	0.43	67.30	21.53	0.00
3	3	0.01	2.37	74.84	11.63	0.00
3	7	0.01	3.52	62.07	9.42	0.00
Core	CPU	C1%	C3%	C6%	C8%	C9%
-	-	0.01	0.72	71.94	16.10	0.00
0	0	0.00	0.54	75.07	13.97	0.00
0	4	0.01	0.64	70.30	20.28	0.00
1	1	0.00	0.46	75.41	14.25	0.00
1	5	0.01	0.40	74.28	16.43	0.00
2	2	0.01	0.53	68.74	21.21	0.00
2	6	0.00	0.51	68.61	22.08	0.00
3	3	0.01	0.62	77.46	12.26	0.00
3	7	0.01	2.05	65.07	8.16	0.00
Core	CPU	C1%	C3%	C6%	C8%	C9%
-	-	0.01	0.81	70.73	17.06	0.00
0	0	0.00	0.45	75.01	14.01	0.00
0	4	0.01	0.61	70.77	19.68	0.00
1	1	0.00	0.38	72.59	17.34	0.00
1	5	0.00	0.37	71.46	19.04	0.00
2	2	0.01	0.58	67.98	21.90	0.00
2	6	0.00	1.14	67.34	22.14	0.00
3	3	0.01	0.61	77.09	12.67	0.00
3	7	0.01	2.34	63.56	9.73	0.00
Core	CPU	C1%	C3%	C6%	C8%	C9%
-	-	0.01	0.72	71.62	16.28	0.00
0	0	0.00	0.45	69.90	19.12	0.00
0	4	0.00	0.62	68.71	21.76	0.00
1	1	0.00	0.50	72.81	16.88	0.00
1	5	0.02	0.66	70.56	20.07	0.00
2	2	0.01	0.42	70.75	19.28	0.00
2	6	0.00	0.48	71.77	18.94	0.00
3	3	0.00	0.57	81.46	8.32	0.00
3	7	0.02	2.04	67.61	6.07	0.00
Core	CPU	C1%	C3%	C6%	C8%	C9%
-	-	0.04	0.73	70.17	16.92	0.00
0	0	0.00	0.53	71.79	16.83	0.00
0	4	0.09	0.64	69.21	20.62	0.00
1	1	0.01	0.54	71.98	17.63	0.00
1	5	0.01	0.45	68.96	21.69	0.00
2	2	0.01	0.44	68.42	20.96	0.00
2	6	0.00	0.48	69.72	21.25	0.00
3	3	0.00	0.55	77.95	10.87	0.00
3	7	0.21	2.20	62.70	5.36	0.00
Core	CPU	C1%	C3%	C6%	C8%	C9%
-	-	0.01	1.02	69.05	16.79	0.00
0	0	0.01	0.49	68.58	18.67	0.00
0	4	0.00	0.62	67.04	21.62	0.00
1	1	0.01	0.46	72.54	15.46	0.00
1	5	0.01	0.49	67.37	21.24	0.00
2	2	0.01	0.38	69.15	18.48	0.00
2	6	0.00	0.48	68.57	20.35	0.00
3	3	0.00	1.67	76.15	10.08	0.00
3	7	0.01	3.57	63.00	8.45	0.00
Core	CPU	C1%	C3%	C6%	C8%	C9%
-	-	0.01	0.72	71.56	16.33	0.00
0	0	0.00	0.48	72.38	16.62	0.00
0	4	0.00	0.61	69.17	21.40	0.00
1	1	0.00	0.52	73.02	16.63	0.00
1	5	0.01	0.51	71.77	18.89	0.00
2	2	0.01	0.42	70.72	19.33	0.00
2	6	0.00	0.43	70.94	19.83	0.00
3	3	0.00	0.56	78.82	11.05	0.00
3	7	0.02	2.19	66.33	7.07	0.00
Core	CPU	C1%	C3%	C6%	C8%	C9%
-	-	0.06	0.89	70.75	17.12	0.00
0	0	0.01	1.43	74.25	13.92	0.00
0	4	0.00	0.73	69.72	20.92	0.00
1	1	0.00	0.34	74.80	15.05	0.00
1	5	0.01	0.34	71.06	19.89	0.00
2	2	0.01	0.48	69.32	20.73	0.00
2	6	0.00	0.42	67.83	23.00	0.00
3	3	0.01	0.67	75.88	13.99	0.00
3	7	0.40	2.71	63.05	9.46	0.00
Core	CPU	C1%	C3%	C6%	C8%	C9%
-	-	0.01	0.67	70.87	17.21	0.00
0	0	0.00	0.43	73.83	15.26	0.00
0	4	0.00	0.56	69.60	21.06	0.00
1	1	0.00	0.48	72.64	17.16	0.00
1	5	0.01	0.45	69.53	21.28	0.00
2	2	0.01	0.43	68.47	21.60	0.00
2	6	0.00	0.43	69.34	21.47	0.00
3	3	0.01	0.54	78.77	11.15	0.00
3	7	0.01	2.01	64.86	8.73	0.00
Core	CPU	C1%	C3%	C6%	C8%	C9%
-	-	0.00	0.70	72.39	15.67	0.00
0	0	0.01	0.50	73.24	15.83	0.00
0	4	0.00	0.45	69.29	21.44	0.00
1	1	0.00	0.47	76.49	13.25	0.00
1	5	0.01	0.46	71.96	18.88	0.00
2	2	0.01	0.43	70.97	19.04	0.00
2	6	0.01	0.49	70.86	19.88	0.00
3	3	0.00	0.67	79.34	10.42	0.00
3	7	0.01	2.10	66.94	6.60	0.00
Core	CPU	C1%	C3%	C6%	C8%	C9%
-	-	0.01	1.15	69.71	16.66	0.00
0	0	0.01	0.56	67.24	20.89	0.00
0	4	0.01	0.72	65.84	23.00	0.00
1	1	0.00	0.42	73.20	15.18	0.00
1	5	0.01	0.55	71.19	18.05	0.00
2	2	0.00	0.37	67.88	20.43	0.00
2	6	0.00	0.34	68.53	21.04	0.00
3	3	0.01	2.06	79.07	7.22	0.00
3	7	0.01	4.18	64.11	7.26	0.00
Core	CPU	C1%	C3%	C6%	C8%	C9%
-	-	0.01	0.72	71.95	15.96	0.00
0	0	0.01	0.53	70.33	18.73	0.00
0	4	0.01	0.66	69.09	21.44	0.00
1	1	0.00	0.50	76.56	13.05	0.00
1	5	0.01	0.53	70.59	20.13	0.00
2	2	0.01	0.46	70.82	19.14	0.00
2	6	0.00	0.43	70.19	20.58	0.00
3	3	0.00	0.63	80.96	8.83	0.00
3	7	0.02	2.04	67.75	5.97	0.00
Core	CPU	C1%	C3%	C6%	C8%	C9%
-	-	0.01	0.81	71.25	16.70	0.00
0	0	0.01	0.47	73.88	14.74	0.00
0	4	0.00	0.51	70.02	20.71	0.00
1	1	0.00	0.47	72.74	17.20	0.00
1	5	0.01	0.51	70.49	20.31	0.00
2	2	0.01	0.45	69.17	20.91	0.00
2	6	0.00	1.18	69.77	20.16	0.00
3	3	0.00	0.60	78.60	11.24	0.00
3	7	0.03	2.32	65.20	8.28	0.00
Core	CPU	C1%	C3%	C6%	C8%	C9%
-	-	0.01	0.64	71.45	16.64	0.00
0	0	0.00	0.40	75.22	13.89	0.00
0	4	0.00	0.56	72.06	18.40	0.00
1	1	0.01	0.48	71.41	18.44	0.00
1	5	0.01	0.36	70.23	20.61	0.00
2	2	0.01	0.47	71.26	18.80	0.00
2	6	0.00	0.46	70.13	20.65	0.00
3	3	0.00	0.50	77.07	12.91	0.00
3	7	0.01	1.90	64.37	9.42	0.00
Core	CPU	C1%	C3%	C6%	C8%	C9%
-	-	0.01	0.70	71.75	16.28	0.00
0	0	0.00	0.47	72.92	16.14	0.00
0	4	0.00	0.58	69.24	21.34	0.00
1	1	0.00	0.45	73.50	16.30	0.00
1	5	0.01	0.46	72.39	18.38	0.00
2	2	0.01	0.38	70.10	19.95	0.00
2	6	0.00	0.38	70.04	20.78	0.00
3	3	0.00	0.72	79.96	9.77	0.00
3	7	0.01	2.14	65.87	7.61	0.00
Core	CPU	C1%	C3%	C6%	C8%	C9%
-	-	0.01	1.32	69.37	16.88	0.00
0	0	0.01	0.55	69.24	18.47	0.00
0	4	0.01	0.72	67.35	22.08	0.00
1	1	0.00	0.41	73.30	14.67	0.00
1	5	0.01	0.48	68.37	20.49	0.00
2	2	0.00	0.40	67.80	20.29	0.00
2	6	0.00	0.32	68.11	21.50	0.00
3	3	0.01	3.32	76.85	9.41	0.00
3	7	0.02	4.38	63.33	8.00	0.00
Core	CPU	C1%	C3%	C6%	C8%	C9%
-	-	0.01	0.70	71.38	16.54	0.00
0	0	0.01	0.50	71.99	16.98	0.00
0	4	0.00	0.57	68.74	21.91	0.00
1	1	0.00	0.48	73.54	16.23	0.00
1	5	0.00	0.52	72.72	18.00	0.00
2	2	0.01	0.40	70.44	19.59	0.00
2	6	0.00	0.46	70.60	20.15	0.00
3	3	0.01	0.59	78.95	10.92	0.00
3	7	0.01	2.07	64.65	8.69	0.00
Core	CPU	C1%	C3%	C6%	C8%	C9%
-	-	0.01	0.83	71.62	16.30	0.00
0	0	0.01	0.32	70.89	18.34	0.00
0	4	0.00	0.46	69.25	21.47	0.00
1	1	0.00	0.66	73.79	15.80	0.00
1	5	0.02	1.44	68.61	21.22	0.00
2	2	0.01	0.38	72.41	17.72	0.00
2	6	0.00	0.54	72.65	18.11	0.00
3	3	0.00	0.56	79.00	10.90	0.00
3	7	0.02	2.27	66.34	6.88	0.00
Core	CPU	C1%	C3%	C6%	C8%	C9%
-	-	0.00	0.67	71.10	16.94	0.00
0	0	0.01	0.46	75.29	13.84	0.00
0	4	0.00	0.57	70.34	20.18	0.00
1	1	0.00	0.43	73.10	16.71	0.00
1	5	0.01	0.31	71.96	18.87	0.00
2	2	0.01	0.53	67.89	22.04	0.00
2	6	0.00	0.50	67.73	22.95	0.00
3	3	0.00	0.59	78.27	11.63	0.00
3	7	0.01	1.95	64.25	9.34	0.00
Core	CPU	C1%	C3%	C6%	C8%	C9%
-	-	0.01	0.65	70.84	17.18	0.00
0	0	0.00	0.42	73.72	15.36	0.00
0	4	0.00	0.59	70.83	19.81	0.00
1	1	0.00	0.39	73.56	15.93	0.00
1	5	0.01	0.38	68.99	21.86	0.00
2	2	0.00	0.52	68.77	21.14	0.00
2	6	0.01	0.47	68.26	22.12	0.00
3	3	0.01	0.62	77.91	11.94	0.00
3	7	0.01	1.81	64.53	9.28	0.00
Core	CPU	C1%	C3%	C6%	C8%	C9%
-	-	0.01	0.91	69.31	16.57	0.00
0	0	0.01	0.55	67.71	19.25	0.00
0	4	0.00	0.64	68.79	19.77	0.00
1	1	0.01	0.58	70.10	17.67	0.00
1	5	0.01	0.57	66.58	22.11	0.00
2	2	0.01	0.45	70.73	16.92	0.00
2	6	0.01	0.43	69.52	19.25	0.00
3	3	0.00	1.34	76.28	10.37	0.00
3	7	0.02	2.74	64.27	7.12	0.00
Core	CPU	C1%	C3%	C6%	C8%	C9%
-	-	0.01	0.70	71.44	16.49	0.00
0	0	0.00	0.54	73.21	15.68	0.00
0	4	0.01	0.57	69.50	21.12	0.00
1	1	0.01	0.44	75.04	14.80	0.00
1	5	0.01	0.54	70.52	20.24	0.00
2	2	0.00	0.48	69.37	20.62	0.00
2	6	0.00	0.44	69.76	20.97	0.00
3	3	0.00	0.63	78.68	11.15	0.00
3	7	0.01	2.00	66.09	7.47	0.00
Core	CPU	C1%	C3%	C6%	C8%	C9%
-	-	0.01	0.82	70.59	17.39	0.00
0	0	0.01	0.42	72.72	16.51	0.00
0	4	0.00	0.48	70.25	20.53	0.00
1	1	0.00	0.50	75.22	14.03	0.00
1	5	0.01	0.40	70.43	20.48	0.00
2	2	0.01	1.24	66.93	22.33	0.00
2	6	0.00	0.58	67.56	23.15	0.00
3	3	0.00	0.61	77.53	12.43	0.00
3	7	0.02	2.36	63.78	9.54	0.00
Core	CPU	C1%	C3%	C6%	C8%	C9%
-	-	0.00	0.72	71.53	16.41	0.00
0	0	0.00	0.53	72.72	16.21	0.00
0	4	0.00	0.73	70.75	19.62	0.00
1	1	0.00	0.41	72.69	17.21	0.00
1	5	0.01	0.46	70.73	20.06	0.00
2	2	0.00	0.57	71.75	18.01	0.00
2	6	0.00	0.37	71.34	19.44	0.00
3	3	0.00	0.62	78.07	11.73	0.00
3	7	0.01	2.08	64.45	9.10	0.00
Core	CPU	C1%	C3%	C6%	C8%	C9%
-	-	0.01	0.72	71.71	16.34	0.00
0	0	0.00	0.48	72.67	16.37	0.00
0	4	0.01	0.55	71.31	19.22	0.00
1	1	0.01	0.54	74.06	15.76	0.00
1	5	0.01	0.54	69.60	21.16	0.00
2	2	0.00	0.51	71.34	18.34	0.00
2	6	0.01	0.52	70.55	20.12	0.00
3	3	0.00	0.63	77.47	12.35	0.00
3	7	0.02	1.97	66.07	7.29	0.00
Core	CPU	C1%	C3%	C6%	C8%	C9%
-	-	0.01	1.03	69.91	16.06	0.00
0	0	0.00	0.44	71.82	15.75	0.00
0	4	0.00	0.61	69.73	18.76	0.00
1	1	0.01	0.35	71.21	17.94	0.00
1	5	0.01	0.42	68.62	20.35	0.00
2	2	0.01	0.54	72.39	15.41	0.00
2	6	0.00	0.50	68.31	20.35	0.00
3	3	0.01	3.00	75.31	10.90	0.00
3	7	0.01	2.37	62.14	9.09	0.00
Core	CPU	C1%	C3%	C6%	C8%	C9%
-	-	0.00	0.70	70.75	16.98	0.00
0	0	0.00	0.53	72.77	16.24	0.00
0	4	0.00	0.72	68.78	21.71	0.00
1	1	0.00	0.45	72.88	17.02	0.00
1	5	0.01	0.37	69.41	21.55	0.00
2	2	0.00	0.44	71.16	18.95	0.00
2	6	0.00	0.47	70.29	20.51	0.00
3	3	0.00	0.60	78.59	10.85	0.00
3	7	0.02	2.05	62.05	9.02	0.00
Core	CPU	C1%	C3%	C6%	C8%	C9%
-	-	0.01	0.85	70.36	17.16	0.00
0	0	0.00	0.47	71.35	17.95	0.00
0	4	0.01	0.54	66.76	24.13	0.00
1	1	0.00	0.46	73.96	16.05	0.00
1	5	0.01	0.44	69.69	20.73	0.00
2	2	0.00	0.40	69.80	19.45	0.00
2	6	0.00	1.18	69.14	20.55	0.00
3	3	0.01	0.62	79.14	10.47	0.00
3	7	0.02	2.71	63.21	7.98	0.00
Core	CPU	C1%	C3%	C6%	C8%	C9%
-	-	0.01	0.68	71.81	16.18	0.00
0	0	0.00	0.53	74.65	14.25	0.00
0	4	0.01	0.54	71.10	19.58	0.00
1	1	0.00	0.31	73.22	16.73	0.00
1	5	0.01	0.43	71.95	18.87	0.00
2	2	0.01	0.45	71.32	18.61	0.00
2	6	0.01	0.47	69.77	20.93	0.00
3	3	0.00	0.66	77.91	11.86	0.00
3	7	0.01	2.01	64.87	8.70	0.00
Core	CPU	C1%	C3%	C6%	C8%	C9%
-	-	0.00	0.73	71.67	16.46	0.00
0	0	0.01	0.50	72.82	16.26	0.00
0	4	0.01	0.69	68.88	21.71	0.00
1	1	0.00	0.42	73.41	16.60	0.00
1	5	0.01	0.48	70.63	20.21	0.00
2	2	0.00	0.47	71.13	18.72	0.00
2	6	0.00	0.50	69.95	20.79	0.00
3	3	0.00	0.71	80.02	9.60	0.00
3	7	0.01	2.03	65.90	7.66	0.00
Core	CPU	C1%	C3%	C6%	C8%	C9%
-	-	0.01	1.15	68.95	17.14	0.00
0	0	0.01	0.56	70.28	17.46	0.00
0	4	0.00	0.64	66.59	22.11	0.00
1	1	0.00	0.38	69.69	18.44	0.00
1	5	0.01	0.43	68.00	21.06	0.00
2	2	0.01	0.35	69.40	19.46	0.00
2	6	0.01	0.35	67.99	20.87	0.00
3	3	0.00	2.05	77.48	9.02	0.00
3	7	0.01	4.42	62.50	8.82	0.00
Core	CPU	C1%	C3%	C6%	C8%	C9%
-	-	0.01	0.73	72.12	15.60	0.00
0	0	0.00	0.63	70.31	18.66	0.00
0	4	0.01	0.69	70.05	20.49	0.00
1	1	0.03	0.48	75.24	12.81	0.00
1	5	0.01	0.49	72.80	18.00	0.00
2	2	0.00	0.40	70.26	19.01	0.00
2	6	0.00	0.37	69.95	20.87	0.00
3	3	0.00	0.69	81.05	8.71	0.00
3	7	0.01	2.06	67.35	6.25	0.00
Core	CPU	C1%	C3%	C6%	C8%	C9%
-	-	0.01	0.70	71.89	16.08	0.00
0	0	0.00	0.52	71.69	17.46	0.00
0	4	0.00	0.61	70.01	20.64	0.00
1	1	0.00	0.39	75.13	14.65	0.00
1	5	0.01	0.45	71.60	19.30	0.00
2	2	0.01	0.48	71.77	18.17	0.00
2	6	0.00	0.32	70.66	20.26	0.00
3	3	0.01	0.55	79.57	10.40	0.00
3	7	0.02	2.31	64.99	7.84	0.00
Core	CPU	C1%	C3%	C6%	C8%	C9%
-	-	0.01	0.69	71.36	16.68	0.00
0	0	0.00	0.49	75.59	13.38	0.00
0	4	0.00	0.55	70.71	19.95	0.00
1	1	0.00	0.43	74.11	15.77	0.00
1	5	0.01	0.38	71.30	19.58	0.00
2	2	0.01	0.44	68.68	21.31	0.00
2	6	0.01	0.54	68.44	22.23	0.00
3	3	0.01	0.68	77.74	12.09	0.00
3	7	0.01	2.05	64.31	9.14	0.00
Core	CPU	C1%	C3%	C6%	C8%	C9%
-	-	0.01	0.67	71.57	16.63	0.00
0	0	0.01	0.48	75.52	13.41	0.00
0	4	0.01	0.60	70.27	20.42	0.00
1	1	0.00	0.44	73.81	16.10	0.00
1	5	0.01	0.39	70.94	19.96	0.00
2	2	0.01	0.45	70.21	19.77	0.00
2	6	0.00	0.45	69.66	21.13	0.00
3	3	0.00	0.56	77.19	12.75	0.00
3	7	0.01	2.00	64.29	9.34	0.00
Core	CPU	C1%	C3%	C6%	C8%	C9%
-	-	0.00	1.14	69.47	16.96	0.00
0	0	0.00	0.51	73.47	13.73	0.00
0	4	0.00	0.54	70.98	18.57	0.00
1	1	0.00	0.37	70.04	18.98	0.00
1	5	0.01	0.36	67.83	21.78	0.00
2	2	0.01	0.56	68.68	20.27	0.00
2	6	0.00	0.54	67.46	22.13	0.00
3	3	0.00	2.66	74.48	12.15	0.00
3	7	0.01	3.56	63.44	8.23	0.00
Core	CPU	C1%	C3%	C6%	C8%	C9%
-	-	0.01	0.65	71.04	17.10	0.00
0	0	0.00	0.48	77.48	11.44	0.00
0	4	0.00	0.59	70.90	19.72	0.00
1	1	0.01	0.51	72.21	17.58	0.00
1	5	0.01	0.35	70.01	20.74	0.00
2	2	0.01	0.42	69.66	20.08	0.00
2	6	0.01	0.54	70.24	20.44	0.00
3	3	0.00	0.56	74.69	15.32	0.00
3	7	0.01	1.76	62.47	11.33	0.00
Core	CPU	C1%	C3%	C6%	C8%	C9%
-	-	0.01	0.83	71.73	16.16	0.00
0	0	0.00	0.43	75.24	13.82	0.00
0	4	0.01	1.48	71.46	18.13	0.00
1	1	0.01	0.40	74.37	15.50	0.00
1	5	0.01	0.44	71.35	19.39	0.00
2	2	0.00	0.56	69.80	19.96	0.00
2	6	0.00	0.53	70.13	20.46	0.00
3	3	0.00	0.51	76.74	13.28	0.00
3	7	0.01	2.27	64.75	8.73	0.00
Core	CPU	C1%	C3%	C6%	C8%	C9%
-	-	0.01	0.68	71.76	16.12	0.00
0	0	0.01	0.36	76.69	12.35	0.00
0	4	0.00	0.71	70.86	19.52	0.00
1	1	0.00	0.42	75.23	14.65	0.00
1	5	0.01	0.31	70.99	19.60	0.00
2	2	0.00	0.52	69.39	20.47	0.00
2	6	0.00	0.47	68.57	22.16	0.00
3	3	0.00	0.60	78.40	11.52	0.00
3	7	0.01	2.03	64.59	8.89	0.00
Core	CPU	C1%	C3%	C6%	C8%	C9%
-	-	0.01	0.65	71.13	16.92	0.00
0	0	0.00	0.40	76.15	12.97	0.00
0	4	0.00	0.51	71.05	19.60	0.00
1	1	0.00	0.43	76.05	13.64	0.00
1	5	0.01	0.38	69.15	21.69	0.00
2	2	0.02	0.58	69.76	20.02	0.00
2	6	0.00	0.53	67.60	23.10	0.00
3	3	0.00	0.63	75.38	14.55	0.00
3	7	0.02	1.72	63.89	9.83	0.00
Core	CPU	C1%	C3%	C6%	C8%	C9%
-	-	0.00	1.21	70.06	16.32	0.00
0	0	0.01	0.52	72.91	14.72	0.00
0	4	0.00	0.71	67.83	21.16	0.00
1	1	0.00	0.35	72.36	16.24	0.00
1	5	0.01	0.44	71.89	17.70	0.00
2	2	0.00	0.43	67.45	20.82	0.00
2	6	0.00	0.41	66.97	22.26	0.00
3	3	0.01	2.99	76.61	9.79	0.00
3	7	0.01	3.80	63.79	7.74	0.00
Core	CPU	C1%	C3%	C6%	C8%	C9%
-	-	0.01	0.70	71.26	16.68	0.00
0	0	0.01	0.54	74.12	14.75	0.00
0	4	0.00	0.74	68.60	21.95	0.00
1	1	0.00	0.28	72.82	17.25	0.00
1	5	0.01	0.57	71.95	18.78	0.00
2	2	0.00	0.51	69.81	20.04	0.00
2	6	0.00	0.41	69.72	21.00	0.00
3	3	0.01	0.59	79.68	10.21	0.00
3	7	0.01	1.94	64.07	9.59	0.00
Core	CPU	C1%	C3%	C6%	C8%	C9%
-	-	0.04	0.83	71.11	16.65	0.00
0	0	0.00	0.49	73.23	15.42	0.00
0	4	0.00	1.23	69.54	20.27	0.00
1	1	0.01	0.38	73.80	16.12	0.00
1	5	0.01	0.52	70.33	20.51	0.00
2	2	0.01	0.50	69.31	20.42	0.00
2	6	0.00	0.50	69.68	20.82	0.00
3	3	0.00	0.56	78.36	11.42	0.00
3	7	0.30	2.45	64.60	8.20	0.00
Core	CPU	C1%	C3%	C6%	C8%	C9%
-	-	0.00	0.76	71.71	16.38	0.00
0	0	0.00	0.61	70.74	18.26	0.00
0	4	0.01	0.84	67.36	23.11	0.00
1	1	0.00	0.37	74.22	15.61	0.00
1	5	0.01	0.51	72.04	18.79	0.00
2	2	0.00	0.49	69.31	20.59	0.00
2	6	0.00	0.37	70.60	20.14	0.00
3	3	0.00	0.62	82.24	7.63	0.00
3	7	0.01	2.27	66.54	6.78	0.00
Core	CPU	C1%	C3%	C6%	C8%	C9%
-	-	0.01	0.70	72.16	15.79	0.00
0	0	0.01	0.57	72.08	16.94	0.00
0	4	0.01	0.68	69.48	21.12	0.00
1	1	0.00	0.30	74.58	15.35	0.00
1	5	0.01	0.40	71.52	19.30	0.00
2	2	0.00	0.54	72.76	16.95	0.00
2	6	0.01	0.40	71.25	19.46	0.00
3	3	0.00	0.62	79.81	10.02	0.00
3	7	0.01	2.12	66.25	7.32	0.00
Core	CPU	C1%	C3%	C6%	C8%	C9%
-	-	0.01	1.21	69.24	16.88	0.00
0	0	0.01	0.53	71.15	15.94	0.00
0	4	0.00	0.55	66.19	22.86	0.00
1	1	0.01	0.47	71.21	16.76	0.00
1	5	0.01	0.64	66.23	22.84	0.00
2	2	0.01	0.49	68.74	19.59	0.00
2	6	0.00	0.43	68.63	20.36	0.00
3	3	0.00	2.75	77.22	9.23	0.00
3	7	0.02	3.84	64.18	7.35	0.00
Core	CPU	C1%	C3%	C6%	C8%	C9%
-	-	0.01	0.72	71.89	16.03	0.00
0	0	0.01	0.50	73.46	15.52	0.00
0	4	0.00	0.66	68.54	22.06	0.00
1	1	0.01	0.47	73.79	15.94	0.00
1	5	0.01	0.48	70.15	20.63	0.00
2	2	0.01	0.46	71.77	18.19	0.00
2	6	0.00	0.37	71.13	19.65	0.00
3	3	0.01	0.57	81.13	8.78	0.00
3	7	0.01	2.27	65.81	7.63	0.00
Core	CPU	C1%	C3%	C6%	C8%	C9%
-	-	0.01	0.81	70.54	17.40	0.00
0	0	0.01	1.15	75.87	12.29	0.00
0	4	0.00	0.48	70.58	20.25	0.00
1	1	0.00	0.41	72.01	17.88	0.00
1	5	0.01	0.45	69.55	21.31	0.00
2	2	0.01	0.54	68.44	21.42	0.00
2	6	0.00	0.49	69.09	21.56	0.00
3	3	0.01	0.60	76.36	13.52	0.00
3	7	0.01	2.34	62.42	10.98	0.00
Core	CPU	C1%	C3%	C6%	C8%	C9%
-	-	0.01	0.69	72.24	15.81	0.00
0	0	0.01	0.40	76.52	12.45	0.00
0	4	0.00	0.54	70.14	20.55	0.00
1	1	0.01	0.55	71.45	18.36	0.00
1	5	0.01	0.47	69.91	20.91	0.00
2	2	0.01	0.49	73.10	16.79	0.00
2	6	0.00	0.42	70.74	20.00	0.00
3	3	0.00	0.55	80.29	9.65	0.00
3	7	0.01	2.15	65.78	7.77	0.00
Core	CPU	C1%	C3%	C6%	C8%	C9%
-	-	0.00	0.72	70.20	17.19	0.00
0	0	0.01	0.54	71.42	17.43	0.00
0	4	0.00	0.66	67.67	22.67	0.00
1	1	0.00	0.47	71.27	18.76	0.00
1	5	0.01	0.51	70.53	20.04	0.00
2	2	0.00	0.40	68.85	21.30	0.00
2	6	0.00	0.35	68.88	22.06	0.00
3	3	0.00	0.59	79.95	9.29	0.00
3	7	0.01	2.19	63.06	5.99	0.00
Core	CPU	C1%	C3%	C6%	C8%	C9%
-	-	0.01	1.08	69.31	16.59	0.00
0	0	0.00	0.50	69.36	18.51	0.00
0	4	0.01	0.43	67.83	20.46	0.00
1	1	0.00	0.48	73.70	13.90	0.00
1	5	0.01	0.45	68.73	19.58	0.00
2	2	0.01	0.45	68.59	18.82	0.00
2	6	0.00	0.43	67.99	20.81	0.00
3	3	0.00	2.35	75.13	11.43	0.00
3	7	0.02	3.53	62.50	9.08	0.00
Core	CPU	C1%	C3%	C6%	C8%	C9%
-	-	0.01	0.66	71.06	16.92	0.00
0	0	0.00	0.46	73.66	15.43	0.00
0	4	0.00	0.59	69.63	20.99	0.00
1	1	0.00	0.38	74.75	15.07	0.00
1	5	0.01	0.37	70.04	20.88	0.00
2	2	0.01	0.47	69.45	20.47	0.00
2	6	0.00	0.51	69.26	21.45	0.00
3	3	0.00	0.60	77.99	11.94	0.00
3	7	0.02	1.93	64.36	9.28	0.00
Core	CPU	C1%	C3%	C6%	C8%	C9%
-	-	0.01	0.84	71.03	16.92	0.00
0	0	0.01	0.45	71.05	18.11	0.00
0	4	0.02	1.29	69.89	19.83	0.00
1	1	0.00	0.48	72.56	17.34	0.00
1	5	0.01	0.56	70.88	19.89	0.00
2	2	0.01	0.46	71.69	18.22	0.00
2	6	0.01	0.48	70.61	20.13	0.00
3	3	0.00	0.54	77.15	12.85	0.00
3	7	0.02	2.45	64.34	8.95	0.00
Core	CPU	C1%	C3%	C6%	C8%	C9%
-	-	0.01	0.72	71.94	16.21	0.00
0	0	0.01	0.52	69.99	19.20	0.00
0	4	0.00	0.74	68.23	22.30	0.00
1	1	0.00	0.47	75.10	14.71	0.00
1	5	0.01	0.48	72.41	18.40	0.00
2	2	0.01	0.42	72.08	17.83	0.00
2	6	0.00	0.38	71.75	19.04	0.00
3	3	0.00	0.71	79.40	10.39	0.00
3	7	0.01	2.06	65.93	7.66	0.00
Core	CPU	C1%	C3%	C6%	C8%	C9%
-	-	0.01	0.68	71.96	16.07	0.00
0	0	0.01	0.30	72.13	17.01	0.00
0	4	0.00	0.53	68.81	21.86	0.00
1	1	0.00	0.53	73.85	15.92	0.00
1	5	0.02	0.53	71.24	19.51	0.00
2	2	0.01	0.44	71.68	18.25	0.00
2	6	0.01	0.49	71.96	18.72	0.00
3	3	0.00	0.60	79.30	10.55	0.00
3	7	0.02	1.99	66.86	6.79	0.00
Core	CPU	C1%	C3%	C6%	C8%	C9%
-	-	0.00	1.02	69.70	16.20	0.00
0	0	0.00	0.51	71.01	16.11	0.00
0	4	0.00	0.67	68.51	20.10	0.00
1	1	0.00	0.50	71.05	17.51	0.00
1	5	0.00	0.52	68.77	20.11	0.00
2	2	0.01	0.35	68.55	19.45	0.00
2	6	0.00	0.34	68.66	19.63	0.00
3	3	0.00	2.50	76.74	9.64	0.00
3	7	0.01	2.80	64.14	7.04	0.00
Core	CPU	C1%	C3%	C6%	C8%	C9%
-	-	0.01	0.71	72.29	15.64	0.00
0	0	0.01	0.59	69.37	19.67	0.00
0	4	0.01	0.65	69.03	21.54	0.00
1	1	0.00	0.51	76.57	13.08	0.00
1	5	0.01	0.62	72.00	18.67	0.00
2	2	0.00	0.38	71.29	18.68	0.00
2	6	0.00	0.34	71.80	18.98	0.00
3	3	0.00	0.56	81.15	8.74	0.00
3	7	0.01	2.01	67.80	5.89	0.00
Core	CPU	C1%	C3%	C6%	C8%	C9%
-	-	0.01	0.82	71.05	16.86	0.00
0	0	0.01	0.39	75.42	13.58	0.00
0	4	0.00	0.53	69.94	20.79	0.00
1	1	0.00	0.52	72.73	17.20	0.00
1	5	0.02	0.48	71.06	19.45	0.00
2	2	0.01	0.42	70.39	19.60	0.00
2	6	0.00	0.45	70.14	20.66	0.00
3	3	0.00	1.37	75.23	13.81	0.00
3	7	0.01	2.40	63.48	9.80	0.00
Core	CPU	C1%	C3%	C6%	C8%	C9%
-	-	0.00	0.71	72.54	15.46	0.00
0	0	0.01	0.57	72.91	16.14	0.00
0	4	0.00	0.68	68.79	21.71	0.00
1	1	0.00	0.37	75.39	14.47	0.00
1	5	0.01	0.38	73.39	17.48	0.00
2	2	0.00	0.44	72.20	17.64	0.00
2	6	0.00	0.31	69.78	21.03	0.00
3	3	0.01	0.68	81.44	8.32	0.00
3	7	0.01	2.23	66.41	6.94	0.00
Core	CPU	C1%	C3%	C6%	C8%	C9%
-	-	0.01	0.67	70.46	17.73	0.00
0	0	0.00	0.40	74.26	14.91	0.00
0	4	0.00	0.58	71.29	19.40	0.00
1	1	0.00	0.48	71.38	18.63	0.00
1	5	0.01	0.37	69.54	21.42	0.00
2	2	0.01	0.52	70.14	19.59	0.00
2	6	0.01	0.51	67.99	22.76	0.00
3	3	0.01	0.73	75.23	14.56	0.00
3	7	0.01	1.75	63.25	10.42	0.00
Core	CPU	C1%	C3%	C6%	C8%	C9%
-	-	0.01	0.93	69.45	16.73	0.00
0	0	0.00	0.40	72.71	15.10	0.00
0	4	0.00	0.50	69.12	20.25	0.00
1	1	0.00	0.36	71.47	17.07	0.00
1	5	0.01	0.40	67.09	21.92	0.00
2	2	0.01	0.44	70.87	17.51	0.00
2	6	0.00	0.55	69.07	20.01	0.00
3	3	0.00	2.73	74.01	12.63	0.00
3	7	0.01	2.03	61.85	9.51	0.00
Core	CPU	C1%	C3%	C6%	C8%	C9%
-	-	0.01	0.72	72.69	15.32	0.00
0	0	0.00	0.48	72.29	16.73	0.00
0	4	0.01	0.67	68.02	22.60	0.00
1	1	0.00	0.48	76.07	13.81	0.00
1	5	0.01	0.55	73.96	16.82	0.00
2	2	0.01	0.45	71.30	18.47	0.00
2	6	0.00	0.30	71.05	19.78	0.00
3	3	0.00	0.62	81.39	8.41	0.00
3	7	0.01	2.23	67.41	5.92	0.00
Core	CPU	C1%	C3%	C6%	C8%	C9%
-	-	0.01	0.81	71.09	16.87	0.00
0	0	0.01	0.52	71.91	17.12	0.00
0	4	0.01	0.52	69.83	20.87	0.00
1	1	0.01	1.20	72.39	16.55	0.00
1	5	0.01	0.48	68.67	22.11	0.00
2	2	0.01	0.54	72.95	17.01	0.00
2	6	0.00	0.49	71.99	18.71	0.00
3	3	0.00	0.43	77.25	12.82	0.00
3	7	0.01	2.27	63.73	9.75	0.00
Core	CPU	C1%	C3%	C6%	C8%	C9%
-	-	0.01	0.69	71.18	16.88	0.00
0	0	0.00	0.42	73.57	15.52	0.00
0	4	0.00	0.57	69.95	20.69	0.00
1	1	0.00	0.51	75.31	14.51	0.00
1	5	0.01	0.50	69.99	20.83	0.00
2	2	0.01	0.48	69.33	20.54	0.00
2	6	0.00	0.52	69.46	21.16	0.00
3	3	0.00	0.61	77.41	12.47	0.00
3	7	0.03	1.91	64.41	9.34	0.00
Core	CPU	C1%	C3%	C6%	C8%	C9%
-	-	0.01	1.07	68.86	17.06	0.00
0	0	0.00	0.51	69.24	17.20	0.00
0	4	0.00	0.57	68.67	20.02	0.00
1	1	0.00	0.50	72.17	15.72	0.00
1	5	0.00	0.46	67.50	21.38	0.00
2	2	0.00	0.47	68.20	19.88	0.00
2	6	0.00	0.40	67.23	21.65	0.00
3	3	0.00	2.40	74.67	11.68	0.00
3	7	0.03	3.23	62.69	8.80	0.00
Core	CPU	C1%	C3%	C6%	C8%	C9%
-	-	0.00	0.68	71.96	16.03	0.00
0	0	0.01	0.57	74.99	14.09	0.00
0	4	0.00	0.63	71.50	19.18	0.00
1	1	0.00	0.28	77.57	12.26	0.00
1	5	0.00	0.36	71.85	19.02	0.00
2	2	0.01	0.50	70.11	19.74	0.00
2	6	0.00	0.47	69.57	21.15	0.00
3	3	0.01	0.62	77.42	12.45	0.00
3	7	0.00	2.03	63.17	10.48	0.00
Core	CPU	C1%	C3%	C6%	C8%	C9%
-	-	0.01	0.82	71.25	16.72	0.00
0	0	0.01	0.60	71.70	17.32	0.00
0	4	0.00	1.44	69.15	20.62	0.00
1	1	0.00	0.39	72.70	17.34	0.00
1	5	0.00	0.41	70.28	20.63	0.00
2	2	0.01	0.56	71.19	18.49	0.00
2	6	0.00	0.35	69.59	21.27	0.00
3	3	0.01	0.52	79.53	10.41	0.00
3	7	0.01	2.28	65.80	7.63	0.00
Core	CPU	C1%	C3%	C6%	C8%	C9%
-	-	0.00	0.72	71.96	16.09	0.00
0	0	0.00	0.57	70.90	18.17	0.00
0	4	0.01	0.78	69.45	21.06	0.00
1	1	0.00	0.47	75.55	14.17	0.00
1	5	0.00	0.51	72.92	17.86	0.00
2	2	0.00	0.28	69.06	20.98	0.00
2	6	0.00	0.35	70.28	20.54	0.00
3	3	0.00	0.64	81.51	8.31	0.00
3	7	0.01	2.14	66.02	7.63	0.00
Core	CPU	C1%	C3%	C6%	C8%	C9%
-	-	0.01	0.65	70.98	17.12	0.00
0	0	0.00	0.38	75.03	14.03	0.00
0	4	0.00	0.52	70.93	19.71	0.00
1	1	0.00	0.41	73.22	16.73	0.00
1	5	0.01	0.38	70.10	20.74	0.00
2	2	0.01	0.58	70.89	18.96	0.00
2	6	0.01	0.53	69.47	21.25	0.00
3	3	0.00	0.56	75.16	14.76	0.00
3	7	0.01	1.83	63.03	10.76	0.00
Core	CPU	C1%	C3%	C6%	C8%	C9%
-	-	0.01	0.92	70.07	15.88	0.00
0	0	0.01	0.42	70.21	16.90	0.00
0	4	0.00	0.70	67.15	20.81	0.00
1	1	0.00	0.44	73.14	14.69	0.00
1	5	0.01	0.48	70.07	18.86	0.00
2	2	0.01	0.47	69.47	18.52	0.00
2	6	0.00	0.36	69.40	19.58	0.00
3	3	0.00	1.48	76.62	9.86	0.00
3	7	0.01	3.03	63.93	7.63	0.00
Core	CPU	C1%	C3%	C6%	C8%	C9%
-	-	0.01	0.69	71.38	16.59	0.00
0	0	0.00	0.56	74.47	14.43	0.00
0	4	0.01	0.59	69.70	20.94	0.00
1	1	0.00	0.35	75.94	13.98	0.00
1	5	0.01	0.41	72.27	18.63	0.00
2	2	0.01	0.48	69.14	20.74	0.00
2	6	0.01	0.43	69.14	21.66	0.00
3	3	0.00	0.60	77.56	12.34	0.00
3	7	0.01	2.11	63.41	10.14	0.00
Core	CPU	C1%	C3%	C6%	C8%	C9%
-	-	0.01	0.71	70.40	17.13	0.00
0	0	0.00	0.51	71.33	17.88	0.00
0	4	0.00	0.68	68.00	22.31	0.00
1	1	0.01	0.49	74.55	15.04	0.00
1	5	0.01	0.38	67.95	22.83	0.00
2	2	0.00	0.47	69.42	20.42	0.00
2	6	0.00	0.41	68.89	22.13	0.00
3	3	0.01	0.53	79.86	9.60	0.00
3	7	0.02	2.18	62.92	6.75	0.00
Core	CPU	C1%	C3%	C6%	C8%	C9%
-	-	0.01	0.87	70.67	17.18	0.00
0	0	0.01	0.42	73.66	15.43	0.00
0	4	0.00	0.46	69.40	21.46	0.00
1	1	0.00	0.43	70.94	18.98	0.00
1	5	0.01	0.38	69.45	21.41	0.00
2	2	0.01	0.43	69.35	20.46	0.00
2	6	0.01	1.40	68.68	20.88	0.00
3	3	0.00	0.62	78.95	10.92	0.00
3	7	0.02	2.83	64.60	7.83	0.00
Core	CPU	C1%	C3%	C6%	C8%	C9%
-	-	0.01	0.70	71.70	16.29	0.00
0	0	0.00	0.41	72.49	16.55	0.00
0	4	0.00	0.49	68.57	22.13	0.00
1	1	0.00	0.46	75.23	14.62	0.00
1	5	0.01	0.63	71.76	18.91	0.00
2	2	0.01	0.51	69.91	19.93	0.00
2	6	0.00	0.45	70.40	20.38	0.00
3	3	0.00	0.69	79.59	10.20	0.00
3	7	0.01	2.02	65.98	7.73	0.00
Core	CPU	C1%	C3%	C6%	C8%	C9%
-	-	0.01	1.11	69.08	16.69	0.00
0	0	0.00	0.54	71.96	14.93	0.00
0	4	0.00	0.68	69.36	18.60	0.00
1	1	0.00	0.56	71.76	16.01	0.00
1	5	0.01	0.41	66.69	21.75	0.00
2	2	0.01	0.45	68.30	19.75	0.00
2	6	0.00	0.40	68.20	20.71	0.00
3	3	0.00	2.50	74.38	12.12	0.00
3	7	0.01	3.38	61.85	9.64	0.00
