Core	CPU	C1%	C3%	C6%	C8%	C9%
-	-	0.02	0.09	9.47	3.43	0.00
0	0	0.10	0.54	65.57	20.54	0.00
0	4	0.00	0.02	1.73	1.86	0.00
1	1	0.00	0.00	0.69	0.69	0.00
1	5	0.00	0.02	1.90	1.78	0.00
2	2	0.00	0.09	1.57	0.59	0.00
2	6	0.06	0.03	2.18	0.65	0.00
3	3	0.00	0.00	1.07	0.79	0.00
3	7	0.00	0.00	0.84	0.50	0.00
Core	CPU	C1%	C3%	C6%	C8%	C9%
-	-	0.01	0.03	8.67	3.36	0.00
0	0	0.11	0.20	65.06	21.62	0.00
0	4	0.00	0.00	0.88	0.00	0.00
1	1	0.00	0.00	0.36	0.69	0.00
1	5	0.00	0.00	0.25	1.18	0.00
2	2	0.00	0.02	1.13	0.49	0.00
2	6	0.00	0.00	0.78	0.44	0.00
3	3	0.00	0.00	0.37	1.54	0.00
3	7	0.00	0.00	0.56	0.89	0.00
Core	CPU	C1%	C3%	C6%	C8%	C9%
-	-	0.02	0.05	8.44	3.56	0.00
0	0	0.10	0.39	64.65	21.81	0.00
0	4	0.00	0.00	0.49	0.11	0.00
1	1	0.00	0.00	0.19	0.98	0.00
1	5	0.00	0.00	0.27	0.99	0.00
2	2	0.00	0.00	0.45	1.29	0.00
2	6	0.00	0.00	0.23	0.91	0.00
3	3	0.03	0.02	0.81	1.38	0.00
3	7	0.00	0.00	0.40	0.98	0.00
Core	CPU	C1%	C3%	C6%	C8%	C9%
-	-	0.01	0.05	8.60	3.36	0.00
0	0	0.11	0.36	65.38	21.16	0.00
0	4	0.00	0.00	0.36	0.48	0.00
1	1	0.00	0.00	0.10	0.89	0.00
1	5	0.00	0.00	0.29	0.89	0.00
2	2	0.00	0.00	0.48	1.10	0.00
2	6	0.00	0.00	0.34	0.89	0.00
3	3	0.00	0.01	1.05	0.69	0.00
3	7	0.00	0.01	0.80	0.79	0.00
Core	CPU	C1%	C3%	C6%	C8%	C9%
-	-	0.03	0.07	8.37	3.65	0.42
0	0	0.22	0.60	62.91	20.25	3.33
0	4	0.00	0.00	1.26	0.00	0.00
1	1	0.00	0.00	0.14	1.10	0.00
1	5	0.00	0.00	0.91	2.28	0.00
2	2	0.00	0.00	0.31	2.62	0.00
2	6	0.00	0.00	0.20	0.98	0.00
3	3	0.00	0.00	0.77	0.59	0.00
3	7	0.00	0.00	0.45	1.37	0.00
Core	CPU	C1%	C3%	C6%	C8%	C9%
-	-	0.01	0.05	8.66	3.33	0.00
0	0	0.08	0.36	64.70	21.68	0.00
0	4	0.00	0.00	1.08	0.00	0.00
1	1	0.00	0.00	0.37	1.09	0.00
1	5	0.00	0.00	0.25	1.09	0.00
2	2	0.00	0.00	1.14	0.51	0.00
2	6	0.00	0.02	1.07	0.39	0.00
3	3	0.00	0.00	0.30	1.09	0.00
3	7	0.00	0.00	0.38	0.78	0.00
Core	CPU	C1%	C3%	C6%	C8%	C9%
-	-	0.01	0.11	8.55	3.87	0.11
0	0	0.07	0.84	65.02	21.31	0.00
0	4	0.00	0.03	0.52	0.21	0.00
1	1	0.03	0.00	0.29	1.69	0.00
1	5	0.00	0.00	0.38	1.88	0.00
2	2	0.00	0.01	0.96	1.68	0.00
2	6	0.00	0.00	0.45	0.99	0.00
3	3	0.01	0.00	0.42	1.30	0.89
3	7	0.00	0.00	0.38	1.89	0.00
Core	CPU	C1%	C3%	C6%	C8%	C9%
-	-	0.01	0.12	8.62	3.77	0.00
0	0	0.05	0.93	64.53	21.19	0.00
0	4	0.00	0.00	1.02	0.29	0.00
1	1	0.00	0.01	0.96	1.43	0.00
1	5	0.00	0.02	0.24	1.19	0.00
2	2	0.00	0.00	0.71	0.99	0.00
2	6	0.00	0.00	0.37	1.28	0.00
3	3	0.00	0.00	0.49	1.28	0.00
3	7	0.00	0.02	0.68	2.48	0.00
Core	CPU	C1%	C3%	C6%	C8%	C9%
-	-	0.01	0.10	8.79	3.60	0.00
0	0	0.07	0.74	64.67	21.32	0.00
0	4	0.00	0.02	1.36	0.31	0.00
1	1	0.00	0.00	0.26	1.48	0.00
1	5	0.00	0.03	0.77	1.28	0.00
2	2	0.00	0.00	1.02	0.69	0.00
2	6	0.00	0.01	0.99	0.89	0.00
3	3	0.00	0.00	0.79	1.47	0.00
3	7	0.00	0.00	0.46	1.39	0.00
Core	CPU	C1%	C3%	C6%	C8%	C9%
-	-	0.08	0.09	8.45	3.74	0.07
0	0	0.08	0.63	62.37	20.88	0.00
0	4	0.11	0.03	1.28	0.49	0.53
1	1	0.00	0.00	0.77	1.96	0.00
1	5	0.00	0.03	0.92	1.29	0.00
2	2	0.00	0.00	0.86	1.43	0.00
2	6	0.01	0.00	0.23	1.29	0.00
3	3	0.00	0.02	0.73	1.19	0.00
3	7	0.49	0.00	0.48	1.39	0.00
Core	CPU	C1%	C3%	C6%	C8%	C9%
-	-	0.01	0.06	8.59	3.34	0.08
0	0	0.09	0.37	64.80	21.76	0.00
0	4	0.00	0.01	1.43	0.41	0.00
1	1	0.00	0.02	0.11	0.40	0.00
1	5	0.00	0.00	0.60	0.29	0.00
2	2	0.00	0.00	0.19	0.99	0.00
2	6	0.00	0.00	0.95	1.08	0.00
3	3	0.00	0.00	0.33	0.89	0.64
3	7	0.00	0.04	0.29	0.89	0.00
Core	CPU	C1%	C3%	C6%	C8%	C9%
-	-	0.01	0.08	8.49	3.26	0.10
0	0	0.10	0.57	64.76	20.83	0.00
0	4	0.00	0.06	0.73	0.21	0.00
1	1	0.00	0.00	0.55	0.10	0.00
1	5	0.00	0.00	0.26	1.00	0.00
2	2	0.00	0.00	0.13	0.80	0.00
2	6	0.00	0.00	0.19	1.09	0.00
3	3	0.00	0.01	0.48	1.68	0.82
3	7	0.00	0.00	0.85	0.39	0.00
Core	CPU	C1%	C3%	C6%	C8%	C9%
-	-	0.01	0.04	8.60	3.45	0.00
0	0	0.07	0.30	65.24	21.46	0.00
0	4	0.00	0.00	0.78	0.19	0.00
1	1	0.00	0.00	0.28	0.99	0.00
1	5	0.00	0.00	0.93	0.89	0.00
2	2	0.00	0.00	0.25	1.19	0.00
2	6	0.00	0.00	0.23	1.28	0.00
3	3	0.00	0.00	0.69	0.70	0.00
3	7	0.00	0.00	0.38	0.89	0.00
Core	CPU	C1%	C3%	C6%	C8%	C9%
-	-	0.01	0.03	8.62	3.65	0.00
0	0	0.07	0.18	65.01	21.82	0.00
0	4	0.00	0.03	1.21	0.40	0.00
1	1	0.00	0.00	0.09	1.29	0.00
1	5	0.00	0.00	0.95	1.19	0.00
2	2	0.00	0.00	0.36	0.99	0.00
2	6	0.00	0.00	0.34	1.19	0.00
3	3	0.00	0.00	0.32	0.80	0.00
3	7	0.00	0.00	0.65	1.50	0.00
Core	CPU	C1%	C3%	C6%	C8%	C9%
-	-	0.00	0.08	8.46	3.77	0.06
0	0	0.03	0.58	63.36	20.21	0.00
0	4	0.00	0.05	1.28	1.79	0.48
1	1	0.00	0.00	0.33	1.99	0.00
1	5	0.00	0.00	0.13	0.79	0.00
2	2	0.00	0.00	0.92	1.20	0.00
2	6	0.00	0.00	0.39	0.88	0.00
3	3	0.00	0.00	0.43	2.06	0.00
3	7	0.00	0.00	0.84	1.27	0.00
Core	CPU	C1%	C3%	C6%	C8%	C9%
-	-	0.01	0.05	8.68	3.33	0.00
0	0	0.04	0.29	65.04	21.74	0.00
0	4	0.00	0.00	1.18	0.21	0.00
1	1	0.00	0.00	0.26	0.89	0.00
1	5	0.00	0.00	0.15	0.99	0.00
2	2	0.00	0.03	0.99	0.69	0.00
2	6	0.00	0.01	1.08	0.40	0.00
3	3	0.00	0.04	0.30	0.99	0.00
3	7	0.00	0.00	0.47	0.69	0.00
Core	CPU	C1%	C3%	C6%	C8%	C9%
-	-	0.02	0.07	8.59	3.58	0.11
0	0	0.03	0.49	64.72	20.96	0.00
0	4	0.00	0.05	1.05	0.00	0.00
1	1	0.00	0.00	0.58	1.09	0.00
1	5	0.10	0.00	0.47	1.10	0.00
2	2	0.00	0.00	0.92	1.68	0.00
2	6	0.00	0.00	0.24	1.18	0.00
3	3	0.00	0.02	0.27	1.67	0.90
3	7	0.00	0.00	0.42	0.98	0.00
Core	CPU	C1%	C3%	C6%	C8%	C9%
-	-	0.00	0.01	8.58	3.29	0.00
0	0	0.02	0.09	65.24	21.79	0.00
0	4	0.00	0.00	1.38	0.10	0.00
1	1	0.00	0.01	0.40	0.49	0.00
1	5	0.00	0.00	0.19	0.41	0.00
2	2	0.00	0.00	0.28	0.89	0.00
2	6	0.00	0.00	0.45	0.99	0.00
3	3	0.00	0.00	0.44	0.69	0.00
3	7	0.00	0.00	0.23	0.99	0.00
Core	CPU	C1%	C3%	C6%	C8%	C9%
-	-	0.00	0.04	8.64	3.37	0.00
0	0	0.01	0.34	65.16	21.54	0.00
0	4	0.00	0.00	1.17	0.11	0.00
1	1	0.00	0.00	0.15	1.39	0.00
1	5	0.00	0.00	0.13	0.40	0.00
2	2	0.00	0.00	0.59	0.00	0.00
2	6	0.00	0.00	0.30	1.28	0.00
3	3	0.00	0.00	0.76	1.19	0.00
3	7	0.00	0.00	0.85	1.08	0.00
Core	CPU	C1%	C3%	C6%	C8%	C9%
-	-	0.01	0.03	8.39	3.33	0.00
0	0	0.01	0.22	63.06	20.83	0.00
0	4	0.00	0.00	1.19	0.17	0.00
1	1	0.00	0.00	0.26	1.19	0.00
1	5	0.00	0.00	0.25	0.90	0.00
2	2	0.00	0.00	1.02	0.89	0.00
2	6	0.10	0.01	0.79	0.30	0.00
3	3	0.00	0.00	0.20	1.58	0.00
3	7	0.00	0.00	0.37	0.79	0.00
Core	CPU	C1%	C3%	C6%	C8%	C9%
-	-	0.02	0.22	8.84	7.68	1.14
0	0	0.11	1.56	65.25	20.46	0.00
0	4	0.00	0.00	0.78	0.20	9.10
1	1	0.00	0.02	1.24	9.10	0.00
1	5	0.00	0.00	0.80	0.98	0.00
2	2	0.00	0.00	0.35	1.09	0.00
2	6	0.00	0.00	0.34	0.99	0.00
3	3	0.00	0.02	0.57	1.39	0.00
3	7	0.01	0.17	1.40	27.19	0.00
Core	CPU	C1%	C3%	C6%	C8%	C9%
-	-	0.00	0.07	8.60	3.31	1.58
0	0	0.01	0.49	64.84	20.84	0.88
0	4	0.00	0.00	1.35	0.10	10.88
1	1	0.00	0.02	0.40	0.49	0.00
1	5	0.00	0.00	0.40	0.10	0.00
2	2	0.00	0.00	0.28	0.99	0.00
2	6	0.00	0.00	0.45	0.99	0.00
3	3	0.00	0.01	0.24	1.37	0.89
3	7	0.00	0.03	0.82	1.56	0.00
Core	CPU	C1%	C3%	C6%	C8%	C9%
-	-	0.00	0.03	8.55	3.32	0.00
0	0	0.01	0.18	65.72	21.19	0.00
0	4	0.00	0.00	1.02	0.28	0.00
1	1	0.00	0.00	0.14	1.21	0.00
1	5	0.00	0.02	0.10	0.40	0.00
2	2	0.00	0.00	0.10	0.90	0.00
2	6	0.00	0.00	0.29	0.88	0.00
3	3	0.00	0.03	0.66	0.78	0.00
3	7	0.00	0.01	0.34	0.89	0.00
Core	CPU	C1%	C3%	C6%	C8%	C9%
-	-	0.00	0.06	8.68	3.54	0.00
0	0	0.01	0.43	65.36	21.26	0.00
0	4	0.00	0.00	1.22	0.20	0.00
1	1	0.00	0.00	0.35	1.20	0.00
1	5	0.00	0.00	0.63	1.00	0.00
2	2	0.00	0.02	0.75	1.40	0.00
2	6	0.00	0.00	0.19	1.10	0.00
3	3	0.00	0.00	0.29	0.89	0.00
3	7	0.00	0.00	0.65	1.29	0.00
Core	CPU	C1%	C3%	C6%	C8%	C9%
-	-	0.00	0.03	8.32	3.48	0.41
0	0	0.01	0.23	63.11	20.84	3.27
0	4	0.00	0.00	0.71	0.31	0.00
1	1	0.00	0.00	0.68	1.19	0.00
1	5	0.00	0.00	0.89	1.10	0.00
2	2	0.00	0.00	0.16	1.09	0.00
2	6	0.00	0.00	0.24	1.08	0.00
3	3	0.00	0.02	0.39	0.99	0.00
3	7	0.00	0.00	0.40	1.27	0.00
Core	CPU	C1%	C3%	C6%	C8%	C9%
-	-	0.00	0.05	8.65	3.34	0.00
0	0	0.01	0.35	65.48	21.24	0.00
0	4	0.00	0.00	0.94	0.10	0.00
1	1	0.00	0.00	0.59	0.60	0.00
1	5	0.00	0.00	0.50	0.69	0.00
2	2	0.00	0.00	0.28	1.08	0.00
2	6	0.00	0.00	0.45	0.89	0.00
3	3	0.00	0.00	0.73	0.99	0.00
3	7	0.00	0.02	0.20	1.18	0.00
Core	CPU	C1%	C3%	C6%	C8%	C9%
-	-	0.00	0.05	8.53	3.25	0.22
0	0	0.01	0.40	64.91	20.98	0.00
0	4	0.00	0.00	0.88	0.10	1.78
1	1	0.00	0.00	0.52	0.80	0.00
1	5	0.00	0.00	0.22	0.40	0.00
2	2	0.00	0.00	0.69	0.00	0.00
2	6	0.00	0.00	0.40	1.18	0.00
3	3	0.00	0.01	0.39	1.18	0.00
3	7	0.00	0.00	0.24	1.39	0.00
Core	CPU	C1%	C3%	C6%	C8%	C9%
-	-	0.00	0.04	8.89	3.44	0.00
0	0	0.01	0.22	65.46	21.40	0.00
0	4	0.00	0.02	1.42	0.00	0.00
1	1	0.00	0.00	0.26	1.09	0.00
1	5	0.00	0.02	0.43	1.29	0.00
2	2	0.00	0.00	1.12	0.00	0.00
2	6	0.00	0.01	0.88	0.40	0.00
3	3	0.00	0.01	0.82	1.51	0.00
3	7	0.00	0.00	0.76	1.87	0.00
Core	CPU	C1%	C3%	C6%	C8%	C9%
-	-	0.00	0.03	8.61	3.49	0.00
0	0	0.01	0.18	65.20	21.65	0.00
0	4	0.00	0.05	1.36	0.40	0.00
1	1	0.00	0.00	0.10	1.20	0.00
1	5	0.00	0.01	0.58	1.10	0.00
2	2	0.00	0.00	0.56	0.89	0.00
2	6	0.00	0.00	0.25	0.98	0.00
3	3	0.00	0.00	0.22	0.90	0.00
3	7	0.00	0.00	0.60	0.79	0.00
Core	CPU	C1%	C3%	C6%	C8%	C9%
-	-	0.02	0.11	8.66	3.36	0.71
0	0	0.01	0.86	64.12	19.47	0.00
0	4	0.12	0.00	1.83	0.61	2.19
1	1	0.00	0.02	0.67	1.49	0.00
1	5	0.00	0.00	0.43	0.62	0.00
2	2	0.00	0.00	0.29	1.38	0.00
2	6	0.00	0.00	0.67	1.19	3.47
3	3	0.00	0.00	0.85	1.08	0.00
3	7	0.00	0.00	0.43	1.08	0.00
Core	CPU	C1%	C3%	C6%	C8%	C9%
-	-	0.00	0.04	8.48	3.37	0.00
0	0	0.01	0.24	65.33	21.50	0.00
0	4	0.00	0.03	0.96	0.28	0.00
1	1	0.00	0.00	0.23	0.71	0.00
1	5	0.00	0.02	0.40	0.50	0.00
2	2	0.00	0.00	0.10	0.90	0.00
2	6	0.00	0.00	0.29	0.89	0.00
3	3	0.00	0.01	0.27	1.09	0.00
3	7	0.00	0.00	0.24	1.08	0.00
Core	CPU	C1%	C3%	C6%	C8%	C9%
-	-	0.00	0.05	8.63	3.37	0.00
0	0	0.01	0.36	64.80	21.10	0.01
0	4	0.00	0.04	1.47	0.08	0.00
1	1	0.00	0.00	0.55	0.51	0.00
1	5	0.00	0.03	0.15	1.09	0.00
2	2	0.00	0.00	0.32	1.09	0.00
2	6	0.00	0.00	0.28	1.29	0.00
3	3	0.00	0.00	1.04	0.93	0.00
3	7	0.00	0.01	0.39	0.89	0.00
Core	CPU	C1%	C3%	C6%	C8%	C9%
-	-	0.02	0.05	8.74	3.53	0.09
0	0	0.01	0.39	65.59	21.06	0.00
0	4	0.17	0.00	1.08	1.37	0.73
1	1	0.00	0.00	0.38	1.49	0.00
1	5	0.00	0.00	0.69	0.99	0.00
2	2	0.00	0.00	0.25	1.19	0.00
2	6	0.00	0.00	0.24	1.15	0.00
3	3	0.00	0.01	0.69	0.50	0.00
3	7	0.00	0.03	0.96	0.49	0.00
Core	CPU	C1%	C3%	C6%	C8%	C9%
-	-	0.00	0.02	8.58	3.41	0.00
0	0	0.01	0.08	65.24	21.76	0.00
0	4	0.00	0.05	1.12	0.10	0.00
1	1	0.00	0.00	0.35	0.99	0.00
1	5	0.00	0.00	0.55	0.59	0.00
2	2	0.00	0.00	0.22	0.89	0.00
2	6	0.00	0.00	0.22	0.99	0.00
3	3	0.00	0.00	0.28	1.29	0.00
3	7	0.00	0.00	0.69	0.69	0.00
Core	CPU	C1%	C3%	C6%	C8%	C9%
-	-	0.00	0.03	8.27	3.47	0.00
0	0	0.02	0.19	63.03	20.92	0.00
0	4	0.00	0.01	0.92	0.19	0.00
1	1	0.00	0.00	0.20	1.28	0.00
1	5	0.00	0.00	0.57	1.09	0.00
2	2	0.00	0.00	0.26	0.98	0.00
2	6	0.00	0.00	0.24	1.00	0.00
3	3	0.00	0.02	0.30	1.09	0.00
3	7	0.00	0.00	0.68	1.19	0.00
Core	CPU	C1%	C3%	C6%	C8%	C9%
-	-	0.00	0.05	8.57	3.16	0.00
0	0	0.01	0.31	65.78	20.97	0.00
0	4	0.00	0.04	0.90	0.00	0.00
1	1	0.00	0.01	0.30	0.40	0.00
1	5	0.00	0.00	0.10	0.40	0.00
2	2	0.00	0.00	0.19	0.98	0.00
2	6	0.00	0.00	0.35	0.89	0.00
3	3	0.00	0.00	0.35	1.08	0.00
3	7	0.00	0.00	0.62	0.60	0.00
Core	CPU	C1%	C3%	C6%	C8%	C9%
-	-	0.00	0.05	8.56	3.57	0.00
0	0	0.02	0.33	64.64	21.30	0.00
0	4	0.00	0.00	1.15	0.09	0.00
1	1	0.00	0.00	0.23	0.90	0.00
1	5	0.00	0.02	1.06	1.80	0.00
2	2	0.00	0.00	0.10	1.83	0.00
2	6	0.00	0.00	0.29	0.78	0.00
3	3	0.00	0.01	0.37	0.89	0.00
3	7	0.00	0.00	0.61	0.96	0.00
Core	CPU	C1%	C3%	C6%	C8%	C9%
-	-	0.01	0.02	8.84	3.26	0.00
0	0	0.02	0.18	65.31	21.62	0.00
0	4	0.00	0.00	1.31	0.00	0.00
1	1	0.00	0.00	0.46	0.99	0.00
1	5	0.00	0.00	0.34	1.09	0.00
2	2	0.00	0.00	0.82	0.31	0.00
2	6	0.10	0.01	0.88	0.29	0.00
3	3	0.00	0.00	0.69	0.69	0.00
3	7	0.00	0.00	0.87	1.09	0.00
Core	CPU	C1%	C3%	C6%	C8%	C9%
-	-	0.00	0.03	8.50	3.44	0.00
0	0	0.02	0.17	65.31	21.65	0.00
0	4	0.00	0.01	0.92	0.00	0.00
1	1	0.00	0.00	0.19	0.99	0.00
1	5	0.00	0.00	0.37	1.09	0.00
2	2	0.00	0.00	0.46	0.69	0.00
2	6	0.00	0.00	0.14	0.99	0.00
3	3	0.00	0.02	0.30	1.09	0.00
3	7	0.00	0.00	0.29	1.00	0.00
Core	CPU	C1%	C3%	C6%	C8%	C9%
-	-	0.00	0.09	8.44	3.47	0.52
0	0	0.02	0.63	63.26	20.27	0.00
0	4	0.00	0.01	1.95	0.00	0.61
1	1	0.00	0.00	0.10	0.99	0.00
1	5	0.00	0.03	0.29	1.18	0.00
2	2	0.00	0.00	0.37	1.48	0.00
2	6	0.00	0.00	0.36	0.89	3.52
3	3	0.00	0.00	0.24	1.28	0.00
3	7	0.00	0.03	0.93	1.68	0.00
Core	CPU	C1%	C3%	C6%	C8%	C9%
-	-	0.00	0.05	8.57	3.45	0.00
0	0	0.01	0.36	65.35	21.30	0.00
0	4	0.00	0.04	1.03	0.51	0.00
1	1	0.00	0.00	0.23	0.90	0.00
1	5	0.00	0.03	0.73	1.49	0.00
2	2	0.00	0.00	0.00	1.15	0.00
2	6	0.00	0.00	0.57	0.80	0.00
3	3	0.00	0.00	0.43	0.80	0.00
3	7	0.00	0.00	0.23	0.69	0.00
Core	CPU	C1%	C3%	C6%	C8%	C9%
-	-	0.00	0.07	8.59	3.31	0.00
0	0	0.01	0.58	64.73	20.88	0.00
0	4	0.00	0.00	1.27	0.00	0.00
1	1	0.00	0.00	0.25	0.99	0.00
1	5	0.00	0.00	0.46	0.69	0.00
2	2	0.00	0.01	0.39	0.73	0.00
2	6	0.00	0.00	0.98	0.99	0.00
3	3	0.00	0.00	0.31	1.18	0.00
3	7	0.00	0.00	0.36	0.98	0.00
Core	CPU	C1%	C3%	C6%	C8%	C9%
-	-	0.00	0.16	8.73	3.21	0.00
0	0	0.01	1.25	65.37	20.20	0.00
0	4	0.00	0.03	1.09	0.10	0.00
1	1	0.00	0.00	0.67	0.79	0.00
1	5	0.00	0.00	0.86	0.79	0.00
2	2	0.00	0.00	0.51	1.11	0.00
2	6	0.00	0.00	0.53	0.79	0.00
3	3	0.00	0.01	0.29	1.00	0.00
3	7	0.00	0.00	0.49	0.88	0.00
Core	CPU	C1%	C3%	C6%	C8%	C9%
-	-	0.00	0.16	8.82	7.70	0.00
0	0	0.02	1.07	65.13	21.20	0.00
0	4	0.00	0.02	1.03	0.40	0.00
1	1	0.00	0.00	1.85	7.52	0.00
1	5	0.00	0.00	0.27	0.90	0.00
2	2	0.00	0.00	0.26	0.90	0.00
2	6	0.00	0.00	0.52	0.90	0.00
3	3	0.00	0.00	0.32	0.90	0.00
3	7	0.01	0.20	1.19	28.91	0.00
Core	CPU	C1%	C3%	C6%	C8%	C9%
-	-	0.00	0.10	8.26	3.28	0.00
0	0	0.02	0.81	62.41	20.83	0.00
0	4	0.00	0.00	1.38	0.87	0.00
1	1	0.00	0.00	0.63	0.30	0.00
1	5	0.00	0.02	0.28	0.99	0.00
2	2	0.00	0.00	0.10	0.79	0.00
2	6	0.00	0.00	0.18	0.99	0.00
3	3	0.00	0.00	0.36	1.08	0.00
3	7	0.00	0.00	0.73	0.39	0.00
Core	CPU	C1%	C3%	C6%	C8%	C9%
-	-	0.00	0.05	8.74	3.92	0.00
0	0	0.01	0.44	65.21	21.38	0.00
0	4	0.00	0.00	1.45	0.89	0.00
1	1	0.00	0.00	0.73	1.68	0.00
1	5	0.00	0.00	0.56	1.49	0.00
2	2	0.00	0.00	0.19	1.30	0.00
2	6	0.00	0.00	0.38	1.48	0.00
3	3	0.00	0.00	0.57	1.68	0.00
3	7	0.00	0.00	0.83	1.49	0.00
Core	CPU	C1%	C3%	C6%	C8%	C9%
-	-	0.00	0.05	8.45	3.62	0.11
0	0	0.02	0.36	64.78	21.10	0.91
0	4	0.00	0.00	1.00	0.32	0.00
1	1	0.00	0.00	0.27	0.99	0.00
1	5	0.00	0.01	0.37	2.47	0.00
2	2	0.00	0.00	0.33	1.19	0.00
2	6	0.00	0.02	0.40	0.99	0.00
3	3	0.00	0.00	0.10	1.19	0.00
3	7	0.00	0.00	0.38	0.68	0.00
Core	CPU	C1%	C3%	C6%	C8%	C9%
-	-	0.00	0.05	8.58	3.57	0.00
0	0	0.02	0.31	65.17	21.45	0.00
0	4	0.00	0.05	0.86	0.19	0.00
1	1	0.00	0.00	0.39	1.09	0.00
1	5	0.00	0.00	0.87	0.99	0.00
2	2	0.00	0.00	0.34	1.38	0.00
2	6	0.00	0.00	0.43	1.39	0.00
3	3	0.00	0.02	0.39	0.90	0.00
3	7	0.00	0.00	0.20	1.19	0.00
Core	CPU	C1%	C3%	C6%	C8%	C9%
-	-	0.01	0.08	8.66	3.41	0.00
0	0	0.04	0.57	65.72	20.69	0.00
0	4	0.08	0.02	1.45	0.00	0.00
1	1	0.00	0.02	0.29	0.20	0.00
1	5	0.00	0.00	0.63	1.87	0.00
2	2	0.00	0.00	0.29	1.18	0.00
2	6	0.00	0.00	0.47	1.48	0.00
3	3	0.00	0.00	0.15	0.99	0.00
3	7	0.00	0.03	0.30	0.89	0.00
Core	CPU	C1%	C3%	C6%	C8%	C9%
-	-	0.00	0.05	8.23	3.07	0.74
0	0	0.02	0.41	63.60	20.10	0.00
0	4	0.00	0.01	0.87	0.10	2.37
1	1	0.00	0.00	0.14	0.40	0.00
1	5	0.00	0.00	0.23	0.71	0.00
2	2	0.00	0.00	0.10	0.59	0.00
2	6	0.00	0.00	0.20	0.99	3.52
3	3	0.00	0.00	0.27	0.89	0.00
3	7	0.00	0.00	0.46	0.78	0.00
Core	CPU	C1%	C3%	C6%	C8%	C9%
-	-	0.00	0.05	8.63	3.40	0.00
0	0	0.02	0.37	65.20	21.47	0.00
0	4	0.00	0.00	1.31	0.19	0.00
1	1	0.00	0.00	0.46	0.50	0.00
1	5	0.00	0.00	0.64	0.50	0.00
2	2	0.00	0.00	0.33	1.09	0.00
2	6	0.00	0.02	0.30	1.18	0.00
3	3	0.00	0.01	0.36	1.29	0.00
3	7	0.00	0.00	0.43	0.96	0.00
Core	CPU	C1%	C3%	C6%	C8%	C9%
-	-	0.10	0.04	8.57	3.47	0.00
0	0	0.06	0.31	64.36	21.61	0.00
0	4	0.00	0.00	0.91	0.40	0.00
1	1	0.00	0.00	0.29	0.99	0.00
1	5	0.00	0.00	0.37	0.59	0.00
2	2	0.00	0.00	0.35	1.28	0.00
2	6	0.00	0.00	0.43	1.38	0.00
3	3	0.00	0.02	1.24	0.49	0.00
3	7	0.71	0.00	0.61	1.00	0.00
Core	CPU	C1%	C3%	C6%	C8%	C9%
-	-	0.02	0.09	8.70	3.45	0.00
0	0	0.18	0.63	65.44	20.81	0.00
0	4	0.00	0.01	1.02	0.00	0.00
1	1	0.00	0.00	0.42	0.90	0.00
1	5	0.00	0.00	0.98	0.99	0.00
2	2	0.00	0.00	0.34	1.57	0.00
2	6	0.00	0.00	0.47	1.57	0.00
3	3	0.00	0.03	0.32	0.99	0.00
3	7	0.00	0.03	0.59	0.79	0.00
Core	CPU	C1%	C3%	C6%	C8%	C9%
-	-	0.00	0.03	8.61	3.53	0.00
0	0	0.02	0.23	65.49	21.41	0.00
0	4	0.00	0.05	0.96	0.09	0.00
1	1	0.00	0.00	0.15	0.99	0.00
1	5	0.00	0.00	0.43	1.11	0.00
2	2	0.00	0.00	0.16	0.69	0.00
2	6	0.00	0.00	0.48	1.19	0.00
3	3	0.00	0.00	0.47	1.58	0.00
3	7	0.00	0.00	0.75	1.18	0.00
Core	CPU	C1%	C3%	C6%	C8%	C9%
-	-	0.00	0.11	8.20	3.36	0.00
0	0	0.01	0.89	62.90	20.22	0.00
0	4	0.00	0.00	1.10	0.50	0.00
1	1	0.00	0.00	0.27	0.89	0.00
1	5	0.00	0.00	0.26	0.90	0.00
2	2	0.00	0.00	0.24	1.08	0.00
2	6	0.00	0.00	0.23	1.18	0.00
3	3	0.00	0.00	0.20	1.19	0.00
3	7	0.00	0.00	0.38	0.89	0.00
Core	CPU	C1%	C3%	C6%	C8%	C9%
-	-	0.00	0.18	8.49	3.60	0.00
0	0	0.01	1.36	64.62	20.76	0.00
0	4	0.00	0.01	0.82	0.18	0.00
1	1	0.00	0.00	0.20	0.99	0.00
1	5	0.00	0.02	0.32	1.58	0.00
2	2	0.00	0.00	0.36	1.09	0.00
2	6	0.00	0.00	0.63	1.48	0.00
3	3	0.00	0.02	0.50	0.89	0.00
3	7	0.00	0.04	0.47	1.86	0.00
Core	CPU	C1%	C3%	C6%	C8%	C9%
-	-	0.00	0.14	8.72	3.36	0.11
0	0	0.02	1.00	64.66	20.35	0.00
0	4	0.00	0.00	1.05	0.31	0.00
1	1	0.00	0.02	0.54	0.30	0.89
1	5	0.00	0.05	1.34	1.38	0.00
2	2	0.00	0.00	0.29	0.89	0.00
2	6	0.00	0.00	0.67	1.38	0.00
3	3	0.00	0.00	0.36	0.99	0.00
3	7	0.00	0.04	0.84	1.24	0.00
Core	CPU	C1%	C3%	C6%	C8%	C9%
-	-	0.01	0.03	8.65	3.43	0.00
0	0	0.05	0.20	64.98	21.89	0.00
0	4	0.00	0.00	1.08	0.00	0.00
1	1	0.00	0.00	0.54	0.00	0.00
1	5	0.00	0.03	0.49	1.11	0.00
2	2	0.00	0.00	0.81	0.90	0.00
2	6	0.00	0.00	0.38	0.89	0.00
3	3	0.00	0.00	0.47	1.28	0.00
3	7	0.00	0.00	0.44	1.37	0.00
Core	CPU	C1%	C3%	C6%	C8%	C9%
-	-	0.01	0.05	8.63	3.72	4.08
0	0	0.04	0.32	65.27	21.47	0.00
0	4	0.04	0.00	0.88	0.00	32.66
1	1	0.00	0.02	0.76	1.08	0.00
1	5	0.00	0.00	0.60	2.59	0.00
2	2	0.00	0.02	0.55	1.30	0.00
2	6	0.00	0.00	0.20	1.19	0.00
3	3	0.00	0.00	0.29	0.88	0.00
3	7	0.00	0.00	0.49	1.28	0.00
Core	CPU	C1%	C3%	C6%	C8%	C9%
-	-	0.00	0.02	8.19	3.47	0.45
0	0	0.02	0.13	62.84	21.13	0.00
0	4	0.00	0.00	0.50	0.00	0.00
1	1	0.00	0.00	0.56	0.99	0.00
1	5	0.00	0.00	0.45	0.79	0.00
2	2	0.00	0.00	0.45	1.29	0.00
2	6	0.01	0.00	0.22	1.19	3.58
3	3	0.00	0.00	0.19	1.19	0.00
3	7	0.00	0.00	0.28	1.18	0.00
Core	CPU	C1%	C3%	C6%	C8%	C9%
-	-	0.00	0.02	8.57	3.57	0.00
0	0	0.04	0.13	65.44	21.47	0.00
0	4	0.00	0.02	0.80	0.78	0.00
1	1	0.00	0.00	0.10	0.60	0.00
1	5	0.00	0.00	0.67	0.99	0.00
2	2	0.00	0.00	0.39	1.48	0.00
2	6	0.00	0.00	0.47	1.08	0.00
3	3	0.00	0.00	0.51	0.89	0.00
3	7	0.00	0.00	0.20	1.29	0.00
Core	CPU	C1%	C3%	C6%	C8%	C9%
-	-	0.00	0.05	8.49	3.19	0.11
0	0	0.02	0.36	64.56	21.26	0.00
0	4	0.00	0.00	0.76	0.19	0.00
1	1	0.00	0.00	0.43	0.21	0.00
1	5	0.00	0.02	0.61	0.10	0.90
2	2	0.00	0.00	0.20	1.00	0.00
2	6	0.00	0.00	0.42	1.08	0.00
3	3	0.00	0.00	0.71	0.70	0.00
3	7	0.00	0.00	0.25	0.98	0.00
Core	CPU	C1%	C3%	C6%	C8%	C9%
-	-	0.00	0.17	8.66	3.30	0.00
0	0	0.02	1.37	64.68	20.70	0.00
0	4	0.00	0.00	0.99	0.09	0.01
1	1	0.00	0.00	0.37	0.89	0.00
1	5	0.00	0.00	1.05	0.39	0.00
2	2	0.00	0.00	0.33	1.29	0.00
2	6	0.00	0.03	0.70	1.38	0.00
3	3	0.00	0.00	0.69	0.80	0.00
3	7	0.00	0.00	0.48	0.89	0.00
Core	CPU	C1%	C3%	C6%	C8%	C9%
-	-	0.01	0.21	8.49	3.54	0.00
0	0	0.01	1.67	64.34	20.74	0.00
0	4	0.00	0.00	0.50	0.00	0.00
1	1	0.00	0.00	0.29	1.68	0.00
1	5	0.00	0.02	0.38	1.78	0.00
2	2	0.00	0.00	0.65	0.89	0.00
2	6	0.00	0.01	0.94	1.08	0.00
3	3	0.05	0.00	0.63	1.00	0.00
3	7	0.00	0.00	0.20	1.19	0.00
Core	CPU	C1%	C3%	C6%	C8%	C9%
-	-	0.00	0.08	8.69	3.09	0.00
0	0	0.02	0.63	63.25	20.17	0.00
0	4	0.00	0.00	0.72	0.11	0.00
1	1	0.00	0.02	0.69	0.98	0.00
1	5	0.00	0.00	0.65	1.49	0.00
2	2	0.00	0.00	0.69	1.09	0.00
2	6	0.00	0.00	1.14	0.30	0.00
3	3	0.00	0.00	1.21	0.21	0.00
3	7	0.00	0.02	1.18	0.41	0.00
Core	CPU	C1%	C3%	C6%	C8%	C9%
-	-	0.00	0.11	9.13	8.17	0.13
0	0	0.02	0.82	65.45	21.04	0.00
0	4	0.00	0.00	1.43	0.00	0.00
1	1	0.00	0.00	1.61	11.66	0.00
1	5	0.00	0.00	0.70	0.20	0.00
2	2	0.00	0.00	0.91	1.10	0.00
2	6	0.00	0.00	0.75	0.99	0.00
3	3	0.00	0.00	0.94	1.18	1.01
3	7	0.01	0.04	1.40	29.23	0.00
Core	CPU	C1%	C3%	C6%	C8%	C9%
-	-	0.00	0.03	8.67	3.25	0.10
0	0	0.02	0.20	64.69	21.39	0.00
0	4	0.00	0.00	0.77	0.21	0.00
1	1	0.00	0.00	0.36	0.88	0.00
1	5	0.00	0.00	0.25	0.89	0.00
2	2	0.00	0.00	1.13	0.61	0.00
2	6	0.00	0.01	0.79	0.40	0.00
3	3	0.00	0.01	0.74	1.58	0.81
3	7	0.00	0.00	0.50	0.00	0.00
Core	CPU	C1%	C3%	C6%	C8%	C9%
-	-	0.00	0.07	8.55	3.40	0.00
0	0	0.02	0.55	65.73	21.15	0.00
0	4	0.00	0.00	0.33	0.90	0.00
1	1	0.00	0.02	0.64	0.81	0.00
1	5	0.00	0.00	0.10	0.40	0.00
2	2	0.00	0.00	0.50	1.30	0.00
2	6	0.00	0.00	0.45	0.79	0.00
3	3	0.00	0.00	0.45	0.69	0.00
3	7	0.00	0.00	0.23	1.18	0.00
Core	CPU	C1%	C3%	C6%	C8%	C9%
-	-	0.00	0.03	8.58	3.75	0.00
0	0	0.01	0.18	65.26	21.65	0.00
0	4	0.00	0.00	0.47	0.60	0.00
1	1	0.00	0.00	0.34	1.58	0.00
1	5	0.00	0.00	0.91	1.89	0.00
2	2	0.00	0.04	0.58	1.49	0.00
2	6	0.00	0.00	0.29	1.10	0.00
3	3	0.00	0.00	0.37	1.00	0.00
3	7	0.00	0.00	0.45	0.69	0.00
Core	CPU	C1%	C3%	C6%	C8%	C9%
-	-	0.00	0.03	8.22	3.35	0.44
0	0	0.02	0.25	63.18	20.68	0.00
0	4	0.00	0.00	0.89	0.00	0.00
1	1	0.00	0.00	0.27	0.89	0.00
1	5	0.00	0.00	0.37	1.08	0.00
2	2	0.00	0.01	0.36	1.28	0.00
2	6	0.00	0.00	0.33	0.99	3.54
3	3	0.00	0.00	0.10	1.09	0.00
3	7	0.00	0.00	0.29	0.79	0.00
Core	CPU	C1%	C3%	C6%	C8%	C9%
-	-	0.00	0.03	8.50	3.47	0.00
0	0	0.02	0.15	65.09	21.83	0.00
0	4	0.00	0.03	0.89	0.20	0.00
1	1	0.00	0.00	0.10	0.79	0.00
1	5	0.00	0.00	0.19	0.99	0.00
2	2	0.00	0.04	0.86	0.99	0.00
2	6	0.00	0.00	0.43	1.08	0.00
3	3	0.00	0.00	0.33	0.80	0.00
3	7	0.00	0.00	0.10	1.09	0.00
Core	CPU	C1%	C3%	C6%	C8%	C9%
-	-	0.00	0.04	8.42	3.33	0.00
0	0	0.04	0.24	64.83	21.09	0.00
0	4	0.00	0.00	0.83	0.00	0.00
1	1	0.00	0.00	0.23	0.52	0.00
1	5	0.00	0.00	0.18	0.69	0.00
2	2	0.00	0.05	0.48	1.08	0.00
2	6	0.00	0.00	0.36	1.69	0.00
3	3	0.00	0.00	0.26	0.89	0.00
3	7	0.00	0.00	0.19	0.69	0.00
Core	CPU	C1%	C3%	C6%	C8%	C9%
-	-	0.02	0.07	8.65	3.29	0.00
0	0	0.06	0.49	65.44	21.04	0.00
0	4	0.00	0.00	0.86	0.00	0.00
1	1	0.00	0.00	0.55	0.99	0.00
1	5	0.00	0.03	0.76	0.89	0.00
2	2	0.00	0.03	0.51	0.98	0.00
2	6	0.10	0.00	0.29	0.80	0.00
3	3	0.00	0.00	0.18	0.89	0.00
3	7	0.00	0.00	0.56	0.69	0.00
Core	CPU	C1%	C3%	C6%	C8%	C9%
-	-	0.01	0.03	8.76	3.48	0.03
0	0	0.06	0.22	65.17	21.61	0.00
0	4	0.00	0.00	1.06	0.29	0.23
1	1	0.00	0.00	0.28	0.89	0.00
1	5	0.00	0.00	0.56	0.69	0.00
2	2	0.00	0.00	1.06	0.59	0.00
2	6	0.00	0.00	0.32	1.09	0.00
3	3	0.00	0.00	0.96	1.38	0.00
3	7	0.00	0.00	0.65	1.29	0.00
Core	CPU	C1%	C3%	C6%	C8%	C9%
-	-	0.00	0.02	8.36	3.18	0.00
0	0	0.03	0.08	62.93	21.14	0.00
0	4	0.00	0.00	0.62	0.20	0.00
1	1	0.00	0.01	0.69	0.30	0.00
1	5	0.00	0.00	0.10	0.99	0.00
2	2	0.00	0.04	0.67	0.79	0.00
2	6	0.00	0.00	0.37	0.69	0.00
3	3	0.00	0.00	0.74	0.69	0.00
3	7	0.00	0.02	0.79	0.60	0.00
Core	CPU	C1%	C3%	C6%	C8%	C9%
-	-	0.01	0.05	8.65	3.24	0.00
0	0	0.04	0.32	65.37	21.34	0.00
0	4	0.00	0.00	0.82	0.39	0.00
1	1	0.00	0.00	0.72	0.20	0.00
1	5	0.00	0.04	0.60	0.59	0.00
2	2	0.00	0.00	0.67	1.18	0.00
2	6	0.00	0.00	0.37	0.88	0.00
3	3	0.00	0.00	0.30	0.70	0.00
3	7	0.00	0.00	0.34	0.59	0.00
Core	CPU	C1%	C3%	C6%	C8%	C9%
-	-	0.00	0.07	8.91	3.35	0.00
0	0	0.02	0.52	64.88	20.84	0.00
0	4	0.00	0.00	0.98	0.00	0.00
1	1	0.00	0.00	0.93	1.09	0.00
1	5	0.00	0.00	1.27	0.99	0.00
2	2	0.00	0.00	1.24	0.99	0.00
2	6	0.00	0.02	1.09	0.49	0.00
3	3	0.00	0.00	0.39	1.09	0.00
3	7	0.00	0.05	0.50	1.27	0.00
Core	CPU	C1%	C3%	C6%	C8%	C9%
-	-	0.00	0.03	8.56	3.46	0.00
0	0	0.02	0.22	65.31	21.53	0.00
0	4	0.00	0.00	0.55	0.59	0.00
1	1	0.00	0.00	0.29	0.89	0.00
1	5	0.00	0.01	0.28	0.89	0.00
2	2	0.00	0.01	0.47	1.09	0.00
2	6	0.00	0.00	0.33	0.99	0.00
3	3	0.00	0.02	0.30	0.90	0.00
3	7	0.00	0.00	0.96	0.81	0.00
Core	CPU	C1%	C3%	C6%	C8%	C9%
-	-	0.00	0.04	8.65	3.24	0.00
0	0	0.02	0.23	65.55	21.28	0.00
0	4	0.00	0.00	0.64	0.00	0.00
1	1	0.00	0.02	0.49	0.11	0.00
1	5	0.00	0.02	0.60	0.50	0.00
2	2	0.00	0.00	1.09	0.89	0.00
2	6	0.00	0.00	0.28	1.18	0.00
3	3	0.00	0.00	0.36	0.88	0.00
3	7	0.00	0.04	0.20	1.09	0.00
Core	CPU	C1%	C3%	C6%	C8%	C9%
-	-	0.00	0.07	8.28	3.27	0.44
0	0	0.02	0.54	63.02	20.52	0.00
0	4	0.00	0.00	0.65	0.00	0.00
1	1	0.00	0.00	0.33	0.91	0.00
1	5	0.00	0.02	0.29	0.80	0.00
2	2	0.00	0.00	0.31	0.81	0.00
2	6	0.00	0.00	0.38	1.19	3.55
3	3	0.00	0.00	0.37	1.18	0.00
3	7	0.00	0.00	0.92	0.79	0.00
Core	CPU	C1%	C3%	C6%	C8%	C9%
-	-	0.00	0.01	8.73	3.57	0.00
0	0	0.02	0.05	65.29	21.78	0.00
0	4	0.00	0.00	0.98	0.00	0.00
1	1	0.00	0.00	0.26	1.28	0.00
1	5	0.00	0.03	0.34	1.29	0.00
2	2	0.00	0.00	1.45	0.89	0.00
2	6	0.00	0.01	0.90	0.68	0.00
3	3	0.00	0.00	0.10	1.09	0.00
3	7	0.00	0.00	0.48	1.58	0.00
Core	CPU	C1%	C3%	C6%	C8%	C9%
-	-	0.00	0.03	8.58	3.53	0.00
0	0	0.01	0.25	64.84	21.19	0.00
0	4	0.00	0.00	0.49	0.00	0.00
1	1	0.00	0.00	0.39	0.88	0.00
1	5	0.00	0.00	0.68	1.28	0.00
2	2	0.00	0.00	0.98	0.89	0.00
2	6	0.00	0.00	0.41	1.19	0.00
3	3	0.00	0.01	0.39	1.19	0.00
3	7	0.00	0.01	0.46	1.58	0.00
Core	CPU	C1%	C3%	C6%	C8%	C9%
-	-	0.00	0.05	8.83	3.45	0.00
0	0	0.01	0.34	65.46	21.22	0.00
0	4	0.00	0.00	1.14	0.09	0.00
1	1	0.00	0.02	1.29	0.79	0.00
1	5	0.00	0.00	0.10	0.50	0.00
2	2	0.00	0.00	0.70	1.86	0.00
2	6	0.00	0.00	0.95	1.09	0.00
3	3	0.00	0.00	0.34	1.09	0.00
3	7	0.00	0.02	0.69	0.98	0.00
Core	CPU	C1%	C3%	C6%	C8%	C9%
-	-	0.00	0.05	8.57	3.68	0.00
0	0	0.02	0.44	65.60	21.03	0.00
0	4	0.00	0.00	0.56	0.00	0.00
1	1	0.00	0.00	0.24	2.28	0.00
1	5	0.00	0.00	0.17	0.50	0.00
2	2	0.00	0.00	0.31	1.20	0.00
2	6	0.00	0.00	0.58	1.88	0.00
3	3	0.00	0.00	0.67	1.38	0.00
3	7	0.00	0.00	0.46	1.18	0.00
Core	CPU	C1%	C3%	C6%	C8%	C9%
-	-	0.00	0.06	8.52	3.40	0.00
0	0	0.02	0.46	63.46	20.17	0.00
0	4	0.00	0.00	1.58	0.00	0.00
1	1	0.00	0.00	0.76	1.47	0.00
1	5	0.00	0.00	0.92	0.79	0.00
2	2	0.00	0.00	0.45	1.30	0.00
2	6	0.00	0.02	0.30	0.89	0.00
3	3	0.00	0.00	0.19	1.00	0.00
3	7	0.00	0.02	0.52	1.57	0.00
Core	CPU	C1%	C3%	C6%	C8%	C9%
-	-	0.00	0.04	8.63	3.64	0.00
0	0	0.02	0.29	65.17	21.64	0.00
0	4	0.00	0.00	0.50	0.00	0.00
1	1	0.00	0.00	0.28	1.00	0.00
1	5	0.00	0.00	0.47	1.10	0.00
2	2	0.00	0.00	0.56	1.50	0.00
2	6	0.00	0.00	1.41	1.29	0.00
3	3	0.00	0.00	0.41	1.20	0.00
3	7	0.00	0.00	0.28	1.40	0.00
Core	CPU	C1%	C3%	C6%	C8%	C9%
-	-	0.00	0.05	8.60	3.44	0.00
0	0	0.01	0.40	64.38	21.45	0.00
0	4	0.00	0.00	0.64	0.00	0.00
1	1	0.00	0.02	0.82	0.52	0.00
1	5	0.00	0.01	0.60	0.09	0.00
2	2	0.00	0.00	0.62	1.68	0.00
2	6	0.00	0.00	0.59	1.27	0.00
3	3	0.00	0.00	0.96	1.18	0.00
3	7	0.00	0.00	0.24	1.37	0.00
Core	CPU	C1%	C3%	C6%	C8%	C9%
-	-	0.00	0.02	8.62	3.36	0.00
0	0	0.02	0.10	65.35	21.62	0.00
0	4	0.00	0.01	0.87	0.00	0.00
1	1	0.00	0.00	0.75	0.39	0.00
1	5	0.00	0.00	0.44	0.79	0.00
2	2	0.00	0.03	0.61	1.10	0.00
2	6	0.00	0.00	0.28	1.19	0.00
3	3	0.00	0.00	0.29	0.99	0.00
3	7	0.00	0.00	0.36	0.79	0.00
Core	CPU	C1%	C3%	C6%	C8%	C9%
-	-	0.00	0.16	8.51	7.28	0.00
0	0	0.01	1.05	64.69	21.67	0.00
0	4	0.00	0.00	0.50	0.00	0.00
1	1	0.00	0.00	0.34	2.69	0.00
1	5	0.00	0.03	0.67	1.09	0.00
2	2	0.00	0.00	0.60	1.39	0.00
2	6	0.00	0.00	0.13	0.99	0.00
3	3	0.00	0.00	0.10	1.48	0.00
3	7	0.01	0.22	1.04	28.95	0.00
Core	CPU	C1%	C3%	C6%	C8%	C9%
-	-	0.00	0.03	8.23	3.12	0.45
0	0	0.01	0.21	62.86	21.06	0.00
0	4	0.00	0.02	0.50	0.00	0.00
1	1	0.00	0.00	0.20	0.30	0.00
1	5	0.00	0.00	0.33	0.55	0.00
2	2	0.00	0.00	0.47	0.99	0.00
2	6	0.01	0.00	0.25	1.19	3.58
3	3	0.00	0.00	0.32	0.80	0.00
3	7	0.00	0.00	0.94	0.10	0.00
Core	CPU	C1%	C3%	C6%	C8%	C9%
-	-	0.00	0.03	8.50	3.59	0.00
0	0	0.02	0.25	65.44	21.41	0.00
0	4	0.00	0.00	0.55	0.00	0.00
1	1	0.00	0.00	0.34	1.01	0.00
1	5	0.00	0.00	0.43	1.18	0.00
2	2	0.00	0.00	0.31	1.29	0.00
2	6	0.00	0.00	0.30	1.27	0.00
3	3	0.00	0.00	0.37	1.28	0.00
3	7	0.00	0.00	0.25	1.27	0.00
Core	CPU	C1%	C3%	C6%	C8%	C9%
-	-	0.00	0.03	8.65	3.31	0.00
0	0	0.01	0.23	64.56	21.46	0.00
0	4	0.00	0.00	0.98	0.00	0.00
1	1	0.00	0.00	0.62	1.09	0.00
1	5	0.00	0.02	0.27	0.89	0.00
2	2	0.00	0.01	1.14	0.67	0.00
2	6	0.00	0.01	1.08	0.60	0.00
3	3	0.00	0.00	0.20	1.09	0.00
3	7	0.00	0.00	0.37	0.69	0.00
Core	CPU	C1%	C3%	C6%	C8%	C9%
-	-	0.00	0.05	8.89	3.71	0.00
0	0	0.01	0.38	65.36	21.32	0.00
0	4	0.00	0.00	0.94	0.91	0.00
1	1	0.00	0.00	0.98	1.09	0.00
1	5	0.00	0.00	1.34	1.39	0.00
2	2	0.00	0.01	1.37	0.97	0.00
2	6	0.00	0.00	0.33	1.49	0.00
3	3	0.00	0.02	0.39	1.20	0.00
3	7	0.00	0.00	0.39	1.28	0.00
Core	CPU	C1%	C3%	C6%	C8%	C9%
-	-	0.00	0.02	8.77	3.41	0.00
0	0	0.01	0.16	65.33	21.57	0.00
0	4	0.00	0.00	0.41	0.89	0.00
1	1	0.00	0.00	0.20	0.50	0.00
1	5	0.00	0.00	0.19	0.99	0.00
2	2	0.00	0.00	1.45	1.18	0.00
2	6	0.00	0.00	0.44	0.89	0.00
3	3	0.00	0.00	0.83	0.29	0.00
3	7	0.00	0.01	1.32	0.99	0.00
Core	CPU	C1%	C3%	C6%	C8%	C9%
-	-	0.00	0.03	8.21	3.22	0.00
0	0	0.01	0.15	63.01	20.99	0.00
0	4	0.00	0.00	0.26	0.59	0.00
1	1	0.00	0.00	0.53	0.51	0.00
1	5	0.00	0.02	0.19	0.90	0.00
2	2	0.00	0.04	0.81	0.27	0.00
2	6	0.00	0.00	0.19	0.89	0.00
3	3	0.00	0.00	0.36	0.79	0.00
3	7	0.00	0.00	0.29	0.79	0.00
Core	CPU	C1%	C3%	C6%	C8%	C9%
-	-	0.00	0.04	8.67	3.26	0.00
0	0	0.01	0.27	65.78	21.03	0.00
0	4	0.00	0.00	0.97	0.00	0.00
1	1	0.00	0.00	0.55	0.30	0.00
1	5	0.00	0.02	0.15	1.09	0.00
2	2	0.00	0.02	1.01	0.78	0.00
2	6	0.00	0.00	0.29	1.09	0.00
3	3	0.00	0.00	0.19	0.89	0.00
3	7	0.00	0.00	0.44	0.88	0.00
Core	CPU	C1%	C3%	C6%	C8%	C9%
-	-	0.00	0.06	8.68	3.57	0.11
0	0	0.02	0.43	65.59	21.01	0.00
0	4	0.00	0.00	0.80	0.79	0.00
1	1	0.00	0.00	0.28	0.89	0.00
1	5	0.00	0.01	1.20	1.38	0.00
2	2	0.00	0.00	0.68	1.92	0.91
2	6	0.00	0.00	0.34	0.99	0.00
3	3	0.00	0.01	0.30	0.69	0.00
3	7	0.00	0.00	0.28	0.89	0.00
Core	CPU	C1%	C3%	C6%	C8%	C9%
-	-	0.00	0.04	8.60	3.48	0.00
0	0	0.01	0.28	65.74	21.05	0.00
0	4	0.00	0.02	0.73	0.49	0.00
1	1	0.00	0.00	0.10	0.40	0.00
1	5	0.00	0.00	0.58	1.48	0.00
2	2	0.00	0.00	0.58	1.20	0.00
2	6	0.00	0.00	0.33	1.09	0.00
3	3	0.00	0.00	0.52	1.00	0.00
3	7	0.00	0.00	0.20	1.09	0.00
Core	CPU	C1%	C3%	C6%	C8%	C9%
-	-	0.00	0.03	8.50	3.34	0.00
0	0	0.01	0.17	64.60	21.51	0.00
0	4	0.00	0.00	0.74	0.19	0.00
1	1	0.00	0.02	0.74	0.41	0.00
1	5	0.00	0.00	0.23	0.60	0.00
2	2	0.00	0.00	0.60	1.00	0.00
2	6	0.00	0.00	0.37	0.98	0.00
3	3	0.00	0.00	0.35	0.89	0.00
3	7	0.00	0.03	0.36	1.17	0.00
Core	CPU	C1%	C3%	C6%	C8%	C9%
-	-	0.00	0.03	8.57	3.62	0.00
0	0	0.02	0.25	65.26	21.57	0.00
0	4	0.00	0.00	0.67	0.19	0.00
1	1	0.00	0.02	0.68	1.42	0.00
1	5	0.00	0.00	0.23	0.99	0.00
2	2	0.00	0.00	0.31	0.71	0.00
2	6	0.00	0.00	0.18	1.08	0.00
3	3	0.00	0.00	0.28	1.08	0.00
3	7	0.00	0.00	0.94	1.95	0.00
Core	CPU	C1%	C3%	C6%	C8%	C9%
-	-	0.00	0.05	8.73	3.71	0.00
0	0	0.01	0.34	65.48	21.23	0.00
0	4	0.00	0.00	0.60	0.00	0.00
1	1	0.00	0.02	0.38	1.19	0.00
1	5	0.00	0.00	0.93	1.10	0.00
2	2	0.00	0.00	1.24	1.49	0.00
2	6	0.00	0.00	0.23	1.08	0.00
3	3	0.00	0.00	0.46	2.29	0.00
3	7	0.00	0.01	0.52	1.29	0.00
Core	CPU	C1%	C3%	C6%	C8%	C9%
-	-	0.10	0.08	8.31	3.47	9.72
0	0	0.02	0.52	63.14	20.77	0.00
0	4	0.09	0.02	0.39	0.10	74.29
1	1	0.00	0.02	0.20	1.39	0.00
1	5	0.00	0.01	0.71	0.87	0.00
2	2	0.00	0.01	0.56	1.98	0.00
2	6	0.00	0.00	0.15	0.99	3.46
3	3	0.00	0.00	0.22	0.89	0.00
3	7	0.73	0.01	1.09	0.79	0.00
Core	CPU	C1%	C3%	C6%	C8%	C9%
-	-	0.00	0.04	8.85	3.54	0.00
0	0	0.01	0.33	65.72	21.06	0.00
0	4	0.00	0.00	0.63	0.98	0.01
1	1	0.00	0.00	1.61	0.99	0.00
1	5	0.00	0.02	1.09	0.59	0.00
2	2	0.00	0.00	0.82	0.55	0.00
2	6	0.00	0.00	0.29	1.28	0.00
3	3	0.00	0.00	0.37	1.37	0.00
3	7	0.00	0.00	0.23	1.49	0.00
Core	CPU	C1%	C3%	C6%	C8%	C9%
-	-	0.00	0.05	8.48	3.40	0.22
0	0	0.02	0.34	65.08	20.86	0.86
0	4	0.00	0.00	0.87	0.00	0.00
1	1	0.00	0.01	0.27	1.18	0.90
1	5	0.00	0.00	0.25	1.08	0.00
2	2	0.00	0.02	0.51	1.03	0.00
2	6	0.00	0.00	0.19	1.09	0.00
3	3	0.00	0.00	0.29	1.08	0.00
3	7	0.00	0.00	0.37	0.89	0.00
Core	CPU	C1%	C3%	C6%	C8%	C9%
-	-	0.00	0.04	8.55	3.43	0.00
0	0	0.01	0.29	65.20	21.61	0.00
0	4	0.00	0.00	0.58	0.11	0.00
1	1	0.00	0.00	0.69	0.50	0.00
1	5	0.00	0.01	0.77	1.09	0.00
2	2	0.00	0.00	0.47	1.50	0.00
2	6	0.00	0.00	0.14	0.99	0.00
3	3	0.00	0.02	0.30	0.89	0.00
3	7	0.00	0.00	0.29	0.79	0.00
Core	CPU	C1%	C3%	C6%	C8%	C9%
-	-	0.00	0.05	8.65	3.38	0.00
0	0	0.01	0.40	65.22	21.50	0.00
0	4	0.00	0.03	0.50	0.00	0.00
1	1	0.00	0.00	0.20	0.70	0.00
1	5	0.00	0.00	0.52	0.99	0.00
2	2	0.00	0.00	0.48	1.09	0.00
2	6	0.00	0.00	0.34	1.09	0.00
3	3	0.00	0.00	0.83	0.58	0.00
3	7	0.00	0.01	1.08	1.09	0.00
Core	CPU	C1%	C3%	C6%	C8%	C9%
-	-	0.00	0.01	8.19	3.46	0.00
0	0	0.02	0.08	63.07	21.00	0.00
0	4	0.00	0.00	0.63	0.81	0.00
1	1	0.00	0.00	0.32	0.90	0.00
1	5	0.00	0.02	0.19	0.90	0.00
2	2	0.00	0.00	0.31	0.85	0.00
2	6	0.00	0.00	0.28	0.89	0.00
3	3	0.00	0.00	0.45	0.81	0.00
3	7	0.00	0.01	0.23	1.49	0.00
Core	CPU	C1%	C3%	C6%	C8%	C9%
-	-	0.00	0.04	8.73	3.42	0.00
0	0	0.01	0.31	65.76	21.03	0.00
0	4	0.00	0.00	0.74	0.21	0.00
1	1	0.00	0.00	0.26	1.09	0.00
1	5	0.00	0.00	0.25	1.19	0.00
2	2	0.00	0.00	0.84	0.72	0.00
2	6	0.00	0.00	0.69	0.59	0.00
3	3	0.00	0.00	0.10	1.18	0.00
3	7	0.00	0.00	1.18	1.37	0.00
Core	CPU	C1%	C3%	C6%	C8%	C9%
-	-	0.00	0.16	8.48	3.30	0.00
0	0	0.01	1.21	64.66	20.22	0.00
0	4	0.00	0.02	0.59	0.00	0.00
1	1	0.00	0.01	0.60	0.79	0.00
1	5	0.00	0.00	0.70	0.98	0.00
2	2	0.00	0.00	0.47	1.48	0.00
2	6	0.00	0.00	0.15	0.99	0.00
3	3	0.00	0.02	0.30	0.90	0.00
3	7	0.00	0.02	0.40	1.01	0.00
Core	CPU	C1%	C3%	C6%	C8%	C9%
-	-	0.00	0.16	8.63	3.05	0.00
0	0	0.01	1.28	65.02	20.57	0.00
0	4	0.00	0.00	0.53	0.00	0.00
1	1	0.00	0.02	0.89	0.00	0.00
1	5	0.00	0.00	0.39	0.30	0.00
2	2	0.00	0.00	0.71	1.00	0.00
2	6	0.00	0.00	0.36	0.89	0.00
3	3	0.00	0.00	0.35	0.89	0.00
3	7	0.00	0.00	0.83	0.78	0.00
Core	CPU	C1%	C3%	C6%	C8%	C9%
-	-	0.00	0.23	8.89	7.28	0.66
0	0	0.01	1.69	64.97	20.68	0.00
0	4	0.00	0.00	0.65	0.39	5.29
1	1	0.00	0.00	1.88	2.78	0.00
1	5	0.00	0.01	0.32	1.09	0.00
2	2	0.00	0.02	0.49	1.68	0.00
2	6	0.00	0.00	0.40	1.47	0.00
3	3	0.00	0.00	0.56	1.29	0.00
3	7	0.01	0.16	1.82	28.90	0.00
Core	CPU	C1%	C3%	C6%	C8%	C9%
-	-	0.00	0.04	8.39	3.31	0.00
0	0	0.01	0.21	63.22	20.75	0.00
0	4	0.00	0.00	0.88	0.00	0.00
1	1	0.00	0.00	0.36	1.28	0.00
1	5	0.00	0.00	0.94	0.79	0.00
2	2	0.00	0.00	0.32	0.79	0.00
2	6	0.00	0.09	0.52	1.10	0.00
3	3	0.00	0.00	0.26	1.28	0.00
3	7	0.00	0.00	0.67	0.49	0.00
Core	CPU	C1%	C3%	C6%	C8%	C9%
-	-	0.00	0.03	8.69	3.86	0.00
0	0	0.01	0.26	65.44	21.36	0.00
0	4	0.00	0.00	0.59	0.09	0.00
1	1	0.00	0.00	0.29	2.07	0.00
1	5	0.00	0.00	1.14	2.28	0.00
2	2	0.00	0.00	0.64	0.89	0.00
2	6	0.00	0.00	0.45	1.50	0.00
3	3	0.00	0.01	0.40	1.39	0.00
3	7	0.00	0.00	0.59	1.28	0.00
Core	CPU	C1%	C3%	C6%	C8%	C9%
-	-	0.00	0.02	8.39	3.40	0.00
0	0	0.01	0.16	64.57	21.62	0.00
0	4	0.00	0.00	0.52	0.31	0.00
1	1	0.00	0.00	0.22	0.50	0.00
1	5	0.00	0.00	0.36	0.79	0.00
2	2	0.00	0.00	0.37	0.79	0.00
2	6	0.00	0.00	0.56	1.20	0.00
3	3	0.00	0.00	0.23	0.70	0.00
3	7	0.00	0.00	0.26	1.27	0.00
Core	CPU	C1%	C3%	C6%	C8%	C9%
-	-	0.00	0.02	8.48	3.21	0.00
0	0	0.01	0.11	65.38	21.63	0.00
0	4	0.00	0.00	0.53	0.31	0.00
1	1	0.00	0.02	0.50	0.20	0.00
1	5	0.00	0.00	0.10	0.40	0.00
2	2	0.00	0.00	0.45	0.85	0.00
2	6	0.00	0.00	0.27	0.69	0.00
3	3	0.00	0.00	0.35	0.69	0.00
3	7	0.00	0.00	0.26	0.89	0.00
Core	CPU	C1%	C3%	C6%	C8%	C9%
-	-	0.00	0.06	8.66	3.29	0.00
0	0	0.01	0.47	65.93	20.69	0.00
0	4	0.00	0.00	0.66	0.21	0.00
1	1	0.00	0.00	0.34	0.99	0.00
1	5	0.00	0.03	0.14	0.79	0.00
2	2	0.00	0.01	1.01	0.21	0.00
2	6	0.00	0.00	0.19	1.09	0.00
3	3	0.00	0.00	0.48	1.28	0.00
3	7	0.00	0.00	0.55	1.09	0.00
Core	CPU	C1%	C3%	C6%	C8%	C9%
-	-	0.00	0.12	8.21	3.24	0.00
0	0	0.02	0.94	62.53	20.49	0.00
0	4	0.00	0.00	0.18	0.32	0.00
1	1	0.00	0.00	0.57	0.70	0.00
1	5	0.00	0.00	0.87	0.79	0.00
2	2	0.00	0.00	0.66	1.10	0.00
2	6	0.00	0.00	0.13	0.99	0.00
3	3	0.00	0.01	0.39	0.80	0.00
3	7	0.00	0.00	0.38	0.69	0.00
Core	CPU	C1%	C3%	C6%	C8%	C9%
-	-	0.00	0.11	8.39	3.80	0.00
0	0	0.01	0.90	64.53	21.55	0.00
0	4	0.00	0.00	0.34	0.80	0.00
1	1	0.00	0.01	0.30	1.57	0.00
1	5	0.00	0.00	0.39	1.00	0.00
2	2	0.00	0.00	0.49	1.11	0.00
2	6	0.00	0.00	0.53	1.59	0.00
3	3	0.00	0.00	0.43	1.79	0.00
3	7	0.00	0.00	0.13	0.99	0.00
Core	CPU	C1%	C3%	C6%	C8%	C9%
-	-	0.00	0.05	8.53	3.34	0.00
0	0	0.01	0.36	64.81	21.10	0.00
0	4	0.00	0.00	0.36	0.40	0.00
1	1	0.00	0.00	0.24	1.19	0.00
1	5	0.00	0.00	0.13	0.40	0.00
2	2	0.00	0.00	0.69	0.11	0.00
2	6	0.00	0.00	0.61	1.29	0.00
3	3	0.00	0.00	0.97	0.99	0.00
3	7	0.00	0.00	0.45	1.28	0.00
Core	CPU	C1%	C3%	C6%	C8%	C9%
-	-	0.00	0.03	8.74	3.24	0.00
0	0	0.01	0.21	65.34	21.54	0.00
0	4	0.00	0.00	0.88	0.20	0.00
1	1	0.00	0.00	0.36	0.79	0.00
1	5	0.00	0.00	0.25	0.89	0.00
2	2	0.00	0.01	1.54	0.30	0.00
2	6	0.00	0.01	0.99	0.29	0.00
3	3	0.00	0.00	0.20	1.00	0.00
3	7	0.00	0.01	0.38	0.88	0.00
Core	CPU	C1%	C3%	C6%	C8%	C9%
-	-	0.00	0.06	8.71	3.43	0.00
0	0	0.01	0.30	65.92	20.82	0.00
0	4	0.00	0.02	0.69	0.50	0.00
1	1	0.00	0.00	0.10	1.19	0.00
1	5	0.00	0.00	0.64	1.09	0.00
2	2	0.00	0.03	0.88	1.59	0.00
2	6	0.00	0.00	0.35	1.08	0.00
3	3	0.00	0.11	0.22	0.79	0.00
3	7	0.00	0.00	0.89	0.39	0.00
Core	CPU	C1%	C3%	C6%	C8%	C9%
-	-	0.00	0.03	8.17	3.30	0.43
0	0	0.02	0.21	62.84	21.19	0.00
0	4	0.00	0.00	0.63	0.31	0.00
1	1	0.00	0.00	0.32	0.20	0.00
1	5	0.00	0.00	0.10	0.50	0.00
2	2	0.00	0.01	0.52	1.47	0.00
2	6	0.01	0.00	0.27	0.89	3.44
3	3	0.00	0.00	0.36	0.88	0.00
3	7	0.00	0.00	0.34	0.98	0.00
Core	CPU	C1%	C3%	C6%	C8%	C9%
-	-	0.00	0.03	8.75	3.31	0.00
0	0	0.04	0.24	65.60	21.36	0.00
0	4	0.00	0.00	0.87	0.40	0.00
1	1	0.00	0.00	0.25	0.89	0.00
1	5	0.00	0.00	0.33	1.01	0.00
2	2	0.00	0.03	1.29	0.70	0.00
2	6	0.00	0.00	0.89	0.70	0.00
3	3	0.00	0.00	0.28	0.80	0.00
3	7	0.00	0.00	0.46	0.59	0.00
Core	CPU	C1%	C3%	C6%	C8%	C9%
-	-	0.01	0.03	8.41	3.43	0.10
0	0	0.10	0.23	64.94	21.07	0.00
0	4	0.00	0.00	0.19	0.30	0.00
1	1	0.00	0.02	0.37	0.50	0.00
1	5	0.00	0.00	0.35	0.80	0.00
2	2	0.00	0.00	0.59	1.19	0.81
2	6	0.00	0.00	0.25	1.56	0.00
3	3	0.00	0.00	0.30	0.90	0.00
3	7	0.00	0.02	0.29	1.10	0.00
Core	CPU	C1%	C3%	C6%	C8%	C9%
-	-	0.01	0.06	8.71	3.44	0.00
0	0	0.04	0.47	65.03	21.67	0.00
0	4	0.00	0.00	0.70	0.50	0.00
1	1	0.00	0.00	0.40	0.69	0.00
1	5	0.00	0.00	0.61	1.38	0.00
2	2	0.00	0.02	1.08	0.70	0.00
2	6	0.00	0.00	0.85	1.08	0.00
3	3	0.04	0.00	0.23	1.09	0.00
3	7	0.00	0.00	0.80	0.40	0.00
Core	CPU	C1%	C3%	C6%	C8%	C9%
-	-	0.00	0.04	8.48	3.49	0.00
0	0	0.04	0.26	65.35	21.57	0.00
0	4	0.00	0.00	0.62	0.19	0.00
1	1	0.00	0.00	0.34	1.08	0.00
1	5	0.00	0.03	0.30	1.09	0.00
2	2	0.00	0.00	0.31	1.19	0.00
2	6	0.00	0.00	0.28	0.99	0.00
3	3	0.00	0.00	0.37	0.89	0.00
3	7	0.00	0.00	0.25	0.89	0.00
Core	CPU	C1%	C3%	C6%	C8%	C9%
-	-	0.01	0.02	8.30	3.43	0.00
0	0	0.04	0.15	63.36	20.72	0.00
0	4	0.00	0.00	0.98	0.00	0.00
1	1	0.00	0.00	0.27	0.89	0.00
1	5	0.00	0.00	0.35	0.89	0.00
2	2	0.00	0.00	0.55	1.30	0.00
2	6	0.00	0.02	0.20	1.18	0.00
3	3	0.00	0.00	0.20	1.18	0.00
3	7	0.00	0.00	0.51	1.28	0.00
Core	CPU	C1%	C3%	C6%	C8%	C9%
-	-	0.00	0.03	8.60	3.23	0.14
0	0	0.04	0.25	65.55	21.37	0.00
0	4	0.00	0.00	0.65	0.21	1.10
1	1	0.00	0.00	0.19	0.99	0.00
1	5	0.00	0.00	0.28	0.99	0.00
2	2	0.00	0.00	0.47	0.80	0.00
2	6	0.00	0.00	0.22	0.99	0.00
3	3	0.00	0.02	0.79	0.21	0.00
3	7	0.00	0.01	0.67	0.30	0.00
Core	CPU	C1%	C3%	C6%	C8%	C9%
-	-	0.03	0.04	8.60	3.34	0.10
0	0	0.03	0.29	64.96	21.04	0.00
0	4	0.00	0.00	0.73	0.59	0.00
1	1	0.20	0.03	0.70	0.41	0.78
1	5	0.00	0.00	0.66	0.60	0.00
2	2	0.00	0.00	0.59	1.30	0.00
2	6	0.00	0.00	0.36	1.09	0.00
3	3	0.00	0.00	0.44	0.79	0.00
3	7	0.00	0.02	0.39	0.90	0.00
Core	CPU	C1%	C3%	C6%	C8%	C9%
-	-	0.01	0.10	8.69	3.32	1.23
0	0	0.05	0.76	65.54	21.20	0.00
0	4	0.00	0.00	1.02	0.69	9.83
1	1	0.00	0.00	0.73	0.00	0.00
1	5	0.00	0.00	0.32	0.30	0.00
2	2	0.00	0.00	0.31	1.20	0.00
2	6	0.00	0.00	0.37	0.99	0.00
3	3	0.00	0.00	0.37	0.89	0.00
3	7	0.00	0.00	0.89	1.29	0.00
Core	CPU	C1%	C3%	C6%	C8%	C9%
-	-	0.00	0.12	8.55	3.55	0.00
0	0	0.04	0.97	64.47	21.50	0.00
0	4	0.00	0.00	0.28	0.99	0.00
1	1	0.00	0.00	0.46	1.09	0.00
1	5	0.00	0.00	0.25	1.09	0.00
2	2	0.00	0.01	1.39	1.18	0.00
2	6	0.00	0.01	0.90	0.49	0.00
3	3	0.00	0.00	0.30	1.08	0.00
3	7	0.00	0.00	0.37	0.98	0.00
Core	CPU	C1%	C3%	C6%	C8%	C9%
-	-	0.01	0.06	8.26	3.39	0.40
0	0	0.05	0.44	63.41	20.36	0.00
0	4	0.00	0.00	0.10	0.49	0.00
1	1	0.00	0.00	0.28	1.09	0.00
1	5	0.00	0.00	0.76	1.19	0.00
2	2	0.00	0.03	0.64	1.29	0.00
2	6	0.00	0.00	0.33	0.99	3.23
3	3	0.00	0.01	0.39	0.80	0.00
3	7	0.00	0.00	0.20	0.88	0.00
Core	CPU	C1%	C3%	C6%	C8%	C9%
-	-	0.00	0.15	8.54	3.77	0.12
0	0	0.03	1.19	64.92	20.81	0.00
0	4	0.00	0.00	0.22	0.57	0.99
1	1	0.00	0.00	0.19	1.68	0.00
1	5	0.00	0.00	0.77	2.09	0.00
2	2	0.00	0.05	0.96	1.30	0.00
2	6	0.00	0.00	0.54	1.30	0.00
3	3	0.00	0.00	0.33	1.20	0.00
3	7	0.00	0.00	0.42	1.20	0.00
Core	CPU	C1%	C3%	C6%	C8%	C9%
-	-	0.01	0.16	8.73	7.13	0.00
0	0	0.09	1.06	64.84	20.73	0.00
0	4	0.00	0.00	0.44	0.11	0.00
1	1	0.00	0.00	0.30	1.80	0.00
1	5	0.00	0.02	0.67	0.70	0.00
2	2	0.00	0.02	0.91	0.69	0.00
2	6	0.00	0.00	0.28	1.18	0.00
3	3	0.00	0.00	0.65	1.58	0.00
3	7	0.01	0.18	1.74	30.25	0.00
Core	CPU	C1%	C3%	C6%	C8%	C9%
-	-	0.01	0.02	8.49	3.48	0.00
0	0	0.06	0.14	65.34	21.69	0.00
0	4	0.00	0.00	0.58	0.70	0.00
1	1	0.00	0.00	0.26	0.89	0.00
1	5	0.00	0.00	0.35	0.80	0.00
2	2	0.00	0.03	0.61	1.09	0.00
2	6	0.00	0.02	0.19	1.10	0.00
3	3	0.00	0.00	0.09	1.00	0.00
3	7	0.00	0.00	0.47	0.60	0.00
Core	CPU	C1%	C3%	C6%	C8%	C9%
-	-	0.01	0.04	8.67	3.82	0.00
0	0	0.08	0.28	64.98	21.89	0.00
0	4	0.00	0.00	0.89	0.30	0.00
1	1	0.00	0.00	0.29	1.28	0.00
1	5	0.00	0.00	0.97	1.28	0.00
2	2	0.00	0.02	0.57	1.65	0.00
2	6	0.00	0.00	0.67	1.58	0.00
3	3	0.00	0.02	0.39	1.19	0.00
3	7	0.00	0.00	0.60	1.38	0.00
Core	CPU	C1%	C3%	C6%	C8%	C9%
-	-	0.01	0.07	8.49	3.04	0.25
0	0	0.08	0.49	63.16	20.54	1.84
0	4	0.00	0.00	0.73	0.48	0.00
1	1	0.00	0.02	0.50	0.00	0.00
1	5	0.00	0.02	0.62	0.50	0.00
2	2	0.00	0.00	0.99	0.99	0.00
2	6	0.00	0.02	0.36	0.70	0.13
3	3	0.00	0.00	0.74	0.69	0.00
3	7	0.00	0.02	0.80	0.39	0.00
Core	CPU	C1%	C3%	C6%	C8%	C9%
-	-	0.01	0.03	8.61	3.17	0.00
0	0	0.10	0.22	65.31	21.48	0.00
0	4	0.00	0.00	0.64	0.30	0.00
1	1	0.00	0.00	0.73	0.21	0.00
1	5	0.00	0.01	0.60	0.00	0.00
2	2	0.00	0.00	0.41	1.10	0.00
2	6	0.00	0.00	0.37	0.99	0.00
3	3	0.00	0.00	0.36	0.79	0.00
3	7	0.00	0.00	0.42	0.49	0.00
Core	CPU	C1%	C3%	C6%	C8%	C9%
-	-	0.01	0.04	8.67	3.16	0.12
0	0	0.08	0.28	64.50	21.31	0.13
0	4	0.00	0.00	0.87	0.00	0.00
1	1	0.00	0.01	0.76	0.10	0.79
1	5	0.00	0.00	0.55	0.59	0.00
2	2	0.00	0.01	1.14	0.83	0.00
2	6	0.00	0.01	0.89	0.49	0.00
3	3	0.00	0.00	0.19	0.99	0.00
3	7	0.00	0.00	0.42	0.97	0.00
Core	CPU	C1%	C3%	C6%	C8%	C9%
-	-	0.10	0.03	8.76	3.58	0.00
0	0	0.10	0.21	65.49	21.40	0.00
0	4	0.00	0.00	0.50	0.00	0.00
1	1	0.00	0.00	0.97	0.99	0.00
1	5	0.00	0.00	0.37	1.19	0.00
2	2	0.00	0.00	0.86	0.99	0.00
2	6	0.00	0.00	0.43	1.48	0.00
3	3	0.00	0.01	0.50	0.79	0.00
3	7	0.71	0.02	0.96	1.77	0.00
Core	CPU	C1%	C3%	C6%	C8%	C9%
-	-	0.01	0.07	8.55	3.40	0.00
0	0	0.06	0.51	64.71	21.82	0.00
0	4	0.00	0.00	0.53	0.00	0.00
1	1	0.00	0.02	0.29	0.99	0.00
1	5	0.00	0.00	0.67	0.61	0.00
2	2	0.00	0.01	0.60	1.19	0.00
2	6	0.00	0.00	0.28	1.08	0.00
3	3	0.00	0.00	0.84	0.69	0.00
3	7	0.00	0.03	0.50	0.79	0.00
Core	CPU	C1%	C3%	C6%	C8%	C9%
-	-	0.01	0.01	8.28	3.43	0.00
0	0	0.06	0.07	63.02	21.01	0.00
0	4	0.00	0.00	0.47	0.39	0.00
1	1	0.00	0.00	0.24	1.20	0.00
1	5	0.00	0.00	0.33	0.59	0.00
2	2	0.00	0.01	0.81	0.20	0.00
2	6	0.00	0.00	0.28	1.29	0.00
3	3	0.00	0.00	0.56	1.79	0.00
3	7	0.00	0.00	0.54	1.00	0.00
Core	CPU	C1%	C3%	C6%	C8%	C9%
-	-	0.02	0.04	8.50	3.41	0.00
0	0	0.09	0.26	65.13	21.60	0.00
0	4	0.09	0.04	0.67	0.98	0.00
1	1	0.00	0.00	0.46	0.40	0.00
1	5	0.00	0.00	0.35	0.89	0.00
2	2	0.00	0.00	0.43	0.99	0.00
2	6	0.00	0.02	0.20	0.89	0.00
3	3	0.00	0.00	0.40	0.79	0.00
3	7	0.00	0.00	0.37	0.69	0.00
Core	CPU	C1%	C3%	C6%	C8%	C9%
-	-	0.01	0.17	8.30	3.50	0.23
0	0	0.05	1.33	63.58	20.94	0.91
0	4	0.00	0.00	1.00	0.00	0.00
1	1	0.00	0.00	0.46	0.89	0.00
1	5	0.00	0.01	0.28	0.99	0.89
2	2	0.00	0.00	0.26	1.28	0.00
2	6	0.00	0.00	0.33	1.68	0.00
3	3	0.00	0.02	0.30	0.99	0.00
3	7	0.00	0.00	0.19	1.20	0.00
Core	CPU	C1%	C3%	C6%	C8%	C9%
-	-	0.01	0.18	8.84	3.35	0.00
0	0	0.05	1.37	64.15	21.25	0.00
0	4	0.00	0.00	1.69	0.10	0.00
1	1	0.00	0.01	0.30	1.39	0.00
1	5	0.00	0.00	0.91	0.00	0.00
2	2	0.00	0.00	0.87	1.18	0.00
2	6	0.00	0.00	0.56	1.78	0.00
3	3	0.00	0.00	1.14	0.49	0.00
3	7	0.00	0.02	1.09	0.59	0.00
Core	CPU	C1%	C3%	C6%	C8%	C9%
-	-	0.01	0.05	8.53	3.38	0.00
0	0	0.07	0.43	65.11	21.42	0.00
0	4	0.00	0.00	0.78	0.20	0.00
1	1	0.00	0.00	0.31	1.47	0.00
1	5	0.00	0.00	0.47	0.19	0.00
2	2	0.00	0.00	0.58	0.00	0.00
2	6	0.00	0.00	0.48	1.68	0.00
3	3	0.00	0.00	0.27	0.89	0.00
3	7	0.00	0.01	0.25	1.19	0.00
Core	CPU	C1%	C3%	C6%	C8%	C9%
-	-	0.01	0.03	8.15	3.35	0.00
0	0	0.09	0.21	62.56	21.26	0.00
0	4	0.00	0.01	0.80	0.11	0.00
1	1	0.00	0.00	0.27	0.89	0.00
1	5	0.00	0.00	0.36	0.80	0.00
2	2	0.00	0.00	0.24	1.09	0.00
2	6	0.00	0.00	0.23	1.19	0.00
3	3	0.00	0.00	0.10	1.00	0.00
3	7	0.00	0.00	0.67	0.49	0.00
Core	CPU	C1%	C3%	C6%	C8%	C9%
-	-	0.01	0.05	8.52	3.39	0.00
0	0	0.10	0.29	65.04	21.63	0.00
0	4	0.00	0.05	1.53	0.49	0.00
1	1	0.00	0.00	0.13	1.10	0.00
1	5	0.00	0.02	0.38	0.89	0.00
2	2	0.00	0.00	0.36	1.09	0.00
2	6	0.00	0.00	0.23	0.60	0.00
3	3	0.00	0.00	0.23	0.50	0.00
3	7	0.00	0.00	0.24	0.80	0.00
Core	CPU	C1%	C3%	C6%	C8%	C9%
-	-	0.01	0.05	8.56	3.35	0.10
0	0	0.10	0.36	64.27	21.45	0.00
0	4	0.00	0.00	1.45	0.00	0.00
1	1	0.00	0.01	0.24	1.20	0.79
1	5	0.00	0.02	0.66	0.40	0.00
2	2	0.00	0.00	0.10	0.99	0.00
2	6	0.00	0.00	0.58	0.98	0.00
3	3	0.00	0.00	0.56	0.98	0.00
3	7	0.00	0.00	0.63	0.79	0.00
Core	CPU	C1%	C3%	C6%	C8%	C9%
-	-	0.02	0.05	8.70	3.25	0.00
0	0	0.11	0.34	64.97	21.66	0.00
0	4	0.07	0.04	1.26	0.00	0.00
1	1	0.00	0.00	1.55	0.39	0.00
1	5	0.00	0.00	0.35	0.79	0.00
2	2	0.00	0.00	0.71	0.60	0.00
2	6	0.00	0.00	0.19	0.99	0.00
3	3	0.00	0.00	0.20	0.88	0.00
3	7	0.00	0.00	0.38	0.68	0.00
Core	CPU	C1%	C3%	C6%	C8%	C9%
-	-	0.01	0.06	8.59	3.76	0.00
0	0	0.11	0.41	65.26	21.29	0.00
0	4	0.00	0.06	0.87	0.67	0.00
1	1	0.00	0.00	0.30	1.28	0.00
1	5	0.00	0.00	0.28	1.28	0.00
2	2	0.00	0.00	0.36	1.48	0.00
2	6	0.00	0.00	0.94	1.48	0.00
3	3	0.00	0.02	0.30	1.29	0.00
3	7	0.00	0.00	0.39	1.28	0.00
Core	CPU	C1%	C3%	C6%	C8%	C9%
-	-	0.02	0.04	8.20	3.18	0.00
0	0	0.16	0.25	62.86	20.78	0.00
0	4	0.00	0.01	1.29	0.30	0.00
1	1	0.00	0.01	0.20	0.50	0.00
1	5	0.00	0.00	0.10	0.30	0.00
2	2	0.00	0.00	0.28	0.93	0.00
2	6	0.00	0.00	0.40	0.64	0.00
3	3	0.00	0.00	0.25	1.09	0.00
3	7	0.00	0.01	0.26	0.91	0.00
Core	CPU	C1%	C3%	C6%	C8%	C9%
-	-	0.02	0.07	8.55	3.43	0.00
0	0	0.09	0.52	65.14	21.21	0.00
0	4	0.10	0.01	0.97	0.69	0.00
1	1	0.00	0.00	0.63	0.59	0.00
1	5	0.00	0.01	0.63	1.09	0.00
2	2	0.00	0.00	0.19	1.34	0.00
2	6	0.00	0.00	0.29	0.79	0.00
3	3	0.00	0.00	0.27	0.89	0.00
3	7	0.00	0.02	0.32	0.79	0.00
Core	CPU	C1%	C3%	C6%	C8%	C9%
-	-	0.02	0.07	8.59	3.23	0.00
0	0	0.10	0.53	64.36	21.28	0.00
0	4	0.08	0.05	0.67	0.50	0.00
1	1	0.00	0.00	0.56	0.49	0.00
1	5	0.00	0.00	0.24	1.09	0.00
2	2	0.00	0.00	0.85	0.31	0.00
2	6	0.00	0.01	0.78	0.30	0.00
3	3	0.00	0.00	0.89	0.88	0.00
3	7	0.00	0.00	0.38	0.98	0.00
Core	CPU	C1%	C3%	C6%	C8%	C9%
-	-	0.08	0.13	8.37	3.38	0.00
0	0	0.07	0.94	64.19	21.71	0.00
0	4	0.00	0.03	1.00	0.00	0.00
1	1	0.00	0.00	0.20	0.69	0.00
1	5	0.00	0.00	0.19	0.98	0.00
2	2	0.00	0.00	0.85	0.70	0.00
2	6	0.00	0.00	0.15	1.18	0.00
3	3	0.59	0.11	0.22	0.93	0.00
3	7	0.00	0.00	0.20	0.89	0.00
Core	CPU	C1%	C3%	C6%	C8%	C9%
-	-	0.01	0.20	8.61	6.96	0.00
0	0	0.09	1.28	64.55	21.47	0.00
0	4	0.00	0.04	0.91	0.10	0.00
1	1	0.00	0.01	0.74	1.17	0.00
1	5	0.00	0.00	0.10	0.89	0.00
2	2	0.00	0.00	0.28	0.99	0.00
2	6	0.00	0.00	0.45	0.99	0.00
3	3	0.00	0.05	0.30	0.78	0.00
3	7	0.02	0.25	1.55	29.28	0.00
Core	CPU	C1%	C3%	C6%	C8%	C9%
-	-	0.01	0.08	8.20	3.17	0.00
0	0	0.09	0.10	62.65	21.20	0.00
0	4	0.00	0.04	0.94	0.00	0.00
1	1	0.00	0.00	0.24	0.71	0.00
1	5	0.00	0.03	0.65	0.50	0.00
2	2	0.00	0.00	0.00	0.50	0.00
2	6	0.00	0.50	0.00	0.30	0.00
3	3	0.00	0.00	0.28	1.36	0.00
3	7	0.00	0.00	0.84	0.79	0.00
Core	CPU	C1%	C3%	C6%	C8%	C9%
-	-	0.01	0.04	8.85	3.52	0.00
0	0	0.09	0.27	64.74	21.92	0.00
0	4	0.00	0.02	0.96	0.81	0.00
1	1	0.00	0.00	0.75	1.68	0.00
1	5	0.00	0.00	0.84	0.79	0.00
2	2	0.00	0.00	0.90	0.59	0.00
2	6	0.00	0.01	1.86	0.89	0.00
3	3	0.00	0.00	0.35	0.80	0.00
3	7	0.00	0.00	0.38	0.69	0.00
Core	CPU	C1%	C3%	C6%	C8%	C9%
-	-	0.01	0.05	8.42	3.42	0.12
0	0	0.09	0.39	64.57	21.11	0.94
0	4	0.00	0.00	0.92	0.10	0.00
1	1	0.00	0.02	0.34	1.28	0.00
1	5	0.00	0.00	0.28	1.08	0.00
2	2	0.00	0.00	0.26	1.18	0.00
2	6	0.00	0.00	0.44	1.08	0.00
3	3	0.00	0.02	0.29	0.63	0.00
3	7	0.00	0.00	0.30	0.88	0.00
Core	CPU	C1%	C3%	C6%	C8%	C9%
-	-	0.01	0.05	8.49	3.24	0.11
0	0	0.10	0.38	65.05	21.48	0.00
0	4	0.00	0.04	0.92	0.19	0.89
1	1	0.00	0.02	0.45	0.19	0.00
1	5	0.00	0.00	0.10	0.60	0.00
2	2	0.00	0.00	0.19	0.98	0.00
2	6	0.00	0.00	0.36	1.09	0.00
3	3	0.00	0.00	0.54	0.59	0.00
3	7	0.00	0.00	0.33	0.79	0.00
Core	CPU	C1%	C3%	C6%	C8%	C9%
-	-	0.01	0.05	8.45	3.53	0.02
0	0	0.09	0.34	64.80	21.68	0.13
0	4	0.00	0.07	1.00	0.00	0.00
1	1	0.00	0.00	0.15	0.88	0.00
1	5	0.00	0.00	0.32	1.60	0.00
2	2	0.00	0.01	0.39	0.70	0.00
2	6	0.00	0.00	0.10	0.99	0.00
3	3	0.00	0.00	0.28	1.75	0.00
3	7	0.00	0.00	0.53	0.69	0.00
Core	CPU	C1%	C3%	C6%	C8%	C9%
-	-	0.01	0.56	8.33	3.59	0.00
0	0	0.09	0.12	63.70	21.14	0.00
0	4	0.00	0.05	1.59	0.77	0.00
1	1	0.00	0.00	0.45	1.53	0.00
1	5	0.00	0.00	0.24	1.82	0.00
2	2	0.00	0.00	0.31	1.82	0.00
2	6	0.00	2.49	0.00	0.00	0.00
3	3	0.00	0.00	0.38	1.66	0.00
3	7	0.00	1.82	0.00	0.00	0.00
Core	CPU	C1%	C3%	C6%	C8%	C9%
-	-	0.01	0.04	8.51	3.38	0.00
0	0	0.10	0.17	64.88	21.85	0.00
0	4	0.00	0.00	1.16	0.90	0.00
1	1	0.00	0.13	0.19	0.59	0.00
1	5	0.00	0.00	0.34	1.00	0.00
2	2	0.00	0.00	0.43	0.66	0.00
2	6	0.00	0.00	0.37	0.99	0.00
3	3	0.00	0.00	0.34	0.50	0.00
3	7	0.00	0.01	0.36	0.59	0.00
Core	CPU	C1%	C3%	C6%	C8%	C9%
-	-	0.01	0.06	8.66	3.71	0.11
0	0	0.07	0.51	64.37	21.17	0.00
0	4	0.00	0.00	0.87	0.10	0.00
1	1	0.00	0.01	0.75	2.18	0.89
1	5	0.00	0.00	0.09	0.61	0.00
2	2	0.00	0.00	0.66	1.31	0.00
2	6	0.00	0.00	0.49	0.90	0.00
3	3	0.00	0.00	0.66	0.96	0.00
3	7	0.00	0.00	1.40	2.44	0.00
Core	CPU	C1%	C3%	C6%	C8%	C9%
-	-	0.01	0.04	8.60	3.38	0.00
0	0	0.09	0.28	65.05	21.61	0.00
0	4	0.00	0.01	0.70	0.30	0.00
1	1	0.00	0.00	0.77	0.59	0.00
1	5	0.00	0.00	0.66	0.79	0.00
2	2	0.00	0.00	0.15	1.29	0.00
2	6	0.00	0.00	0.92	0.89	0.00
3	3	0.00	0.00	0.19	0.74	0.00
3	7	0.00	0.00	0.38	0.79	0.00
Core	CPU	C1%	C3%	C6%	C8%	C9%
-	-	0.02	0.09	8.51	3.43	0.00
0	0	0.09	0.67	63.08	20.60	0.00
0	4	0.10	0.04	0.76	0.39	0.00
1	1	0.00	0.00	0.99	1.13	0.00
1	5	0.00	0.00	0.45	1.18	0.00
2	2	0.00	0.00	0.38	1.18	0.00
2	6	0.00	0.00	0.59	1.49	0.00
3	3	0.00	0.00	0.92	1.09	0.00
3	7	0.00	0.01	0.90	0.39	0.00
Core	CPU	C1%	C3%	C6%	C8%	C9%
-	-	0.01	0.04	8.53	3.73	0.00
0	0	0.10	0.33	65.29	21.25	0.00
0	4	0.00	0.00	0.97	0.40	0.00
1	1	0.00	0.00	0.33	0.90	0.00
1	5	0.00	0.00	0.23	0.39	0.00
2	2	0.00	0.00	0.59	2.79	0.00
2	6	0.00	0.00	0.28	1.38	0.00
3	3	0.00	0.00	0.45	1.67	0.00
3	7	0.00	0.00	0.14	1.09	0.00
Core	CPU	C1%	C3%	C6%	C8%	C9%
-	-	0.01	0.05	8.68	3.35	0.00
0	0	0.09	0.34	64.88	21.67	0.00
0	4	0.00	0.00	1.14	0.31	0.00
1	1	0.00	0.01	0.17	0.99	0.00
1	5	0.00	0.00	0.50	1.09	0.00
2	2	0.00	0.00	1.03	0.39	0.00
2	6	0.00	0.02	1.07	0.30	0.00
3	3	0.00	0.00	0.30	1.15	0.00
3	7	0.00	0.01	0.39	0.89	0.00
Core	CPU	C1%	C3%	C6%	C8%	C9%
-	-	0.01	0.06	8.65	3.09	0.00
0	0	0.09	0.43	64.32	21.22	0.00
0	4	0.00	0.01	0.90	0.17	0.00
1	1	0.00	0.00	0.84	1.88	0.00
1	5	0.00	0.00	0.74	0.00	0.00
2	2	0.00	0.00	0.72	0.00	0.00
2	6	0.00	0.01	0.70	0.00	0.00
3	3	0.00	0.00	0.20	0.84	0.00
3	7	0.00	0.00	0.76	0.60	0.00
Core	CPU	C1%	C3%	C6%	C8%	C9%
-	-	0.01	0.03	8.57	3.59	0.00
0	0	0.10	0.20	65.30	21.42	0.00
0	4	0.00	0.00	0.91	0.20	0.00
1	1	0.00	0.00	0.19	1.09	0.00
1	5	0.00	0.00	0.38	0.99	0.00
2	2	0.00	0.00	0.65	1.09	0.00
2	6	0.00	0.00	0.61	1.59	0.00
3	3	0.00	0.00	0.31	1.22	0.00
3	7	0.00	0.00	0.19	1.09	0.00
Core	CPU	C1%	C3%	C6%	C8%	C9%
-	-	0.01	0.02	8.25	3.23	0.00
0	0	0.11	0.09	62.62	21.33	0.00
0	4	0.00	0.00	0.99	0.08	0.00
1	1	0.00	0.00	0.52	0.00	0.00
1	5	0.00	0.01	0.69	0.40	0.00
2	2	0.00	0.00	0.38	1.19	0.00
2	6	0.00	0.04	0.31	0.90	0.00
3	3	0.00	0.00	0.35	0.99	0.00
3	7	0.00	0.00	0.13	1.00	0.00
Core	CPU	C1%	C3%	C6%	C8%	C9%
-	-	0.01	0.06	8.65	3.38	0.00
0	0	0.11	0.45	65.03	21.35	0.00
0	4	0.00	0.00	1.07	0.20	0.00
1	1	0.00	0.00	1.14	0.69	0.00
1	5	0.00	0.00	0.81	0.91	0.00
2	2	0.00	0.02	0.10	1.09	0.00
2	6	0.00	0.00	0.30	0.79	0.00
3	3	0.00	0.00	0.39	1.33	0.00
3	7	0.00	0.00	0.36	0.69	0.00
Core	CPU	C1%	C3%	C6%	C8%	C9%
-	-	0.01	0.03	8.70	3.60	0.00
0	0	0.10	0.19	65.01	21.73	0.00
0	4	0.00	0.02	1.47	0.50	0.00
1	1	0.00	0.00	0.29	1.09	0.00
1	5	0.00	0.00	1.07	0.79	0.00
2	2	0.00	0.00	0.35	1.09	0.00
2	6	0.00	0.00	0.72	1.48	0.00
3	3	0.00	0.02	0.39	1.04	0.00
3	7	0.00	0.00	0.30	1.08	0.00
Core	CPU	C1%	C3%	C6%	C8%	C9%
-	-	0.02	0.03	8.55	3.23	0.00
0	0	0.10	0.20	64.39	21.44	0.00
0	4	0.07	0.01	0.96	0.09	0.00
1	1	0.00	0.00	0.29	0.50	0.00
1	5	0.00	0.00	0.39	0.99	0.00
2	2	0.00	0.00	0.27	1.09	0.00
2	6	0.00	0.00	0.38	0.99	0.00
3	3	0.00	0.00	0.93	0.41	0.00
3	7	0.00	0.02	0.80	0.29	0.00
Core	CPU	C1%	C3%	C6%	C8%	C9%
-	-	0.01	0.04	8.61	3.28	0.00
0	0	0.09	0.27	64.86	21.84	0.00
0	4	0.00	0.01	1.07	0.00	0.00
1	1	0.00	0.00	0.73	0.20	0.00
1	5	0.00	0.01	0.60	0.19	0.00
2	2	0.00	0.00	0.20	1.08	0.00
2	6	0.00	0.00	0.69	0.69	0.00
3	3	0.00	0.00	0.26	0.97	0.00
3	7	0.00	0.00	0.51	1.29	0.00
Core	CPU	C1%	C3%	C6%	C8%	C9%
-	-	0.01	0.05	8.54	3.45	0.54
0	0	0.11	0.36	62.56	21.12	0.00
0	4	0.00	0.05	1.82	0.10	0.96
1	1	0.00	0.00	0.40	1.19	0.00
1	5	0.00	0.01	0.57	0.89	0.00
2	2	0.00	0.00	0.52	0.89	0.00
2	6	0.00	0.00	0.29	1.18	3.34
3	3	0.00	0.00	0.93	1.42	0.00
3	7	0.00	0.01	1.21	0.79	0.00
Core	CPU	C1%	C3%	C6%	C8%	C9%
-	-	0.01	0.17	8.60	3.69	0.00
0	0	0.10	0.48	64.79	21.65	0.00
0	4	0.00	0.08	0.94	0.00	0.00
1	1	0.00	0.00	0.20	1.38	0.00
1	5	0.00	0.00	0.87	1.28	0.00
2	2	0.00	0.00	0.70	1.19	0.00
2	6	0.00	0.76	0.24	1.88	0.00
3	3	0.00	0.02	0.59	0.92	0.00
3	7	0.00	0.00	0.49	1.18	0.00
Core	CPU	C1%	C3%	C6%	C8%	C9%
-	-	0.01	0.02	8.39	3.54	0.00
0	0	0.10	0.10	64.70	22.01	0.00
0	4	0.00	0.06	0.90	0.18	0.00
1	1	0.00	0.01	0.40	0.69	0.00
1	5	0.00	0.00	0.20	0.79	0.00
2	2	0.00	0.00	0.36	1.00	0.00
2	6	0.00	0.00	0.13	1.49	0.00
3	3	0.00	0.00	0.23	1.29	0.00
3	7	0.00	0.02	0.19	0.90	0.00
Core	CPU	C1%	C3%	C6%	C8%	C9%
-	-	0.02	0.24	8.55	6.86	0.01
0	0	0.08	1.78	63.99	21.41	0.00
0	4	0.00	0.00	0.76	0.31	0.00
1	1	0.04	0.01	0.41	1.46	0.11
1	5	0.00	0.00	0.02	0.49	0.00
2	2	0.00	0.00	0.69	0.69	0.00
2	6	0.00	0.00	0.49	0.69	0.00
3	3	0.00	0.00	0.47	0.78	0.00
3	7	0.01	0.14	1.59	29.06	0.00
Core	CPU	C1%	C3%	C6%	C8%	C9%
-	-	0.01	0.04	8.69	3.56	0.00
0	0	0.10	0.31	64.68	21.94	0.00
0	4	0.00	0.03	1.28	0.00	0.00
1	1	0.00	0.00	0.40	0.89	0.00
1	5	0.00	0.00	1.08	1.08	0.00
2	2	0.00	0.02	0.36	1.19	0.00
2	6	0.00	0.00	0.45	1.19	0.00
3	3	0.00	0.00	0.35	1.63	0.00
3	7	0.00	0.00	0.94	0.59	0.00
Core	CPU	C1%	C3%	C6%	C8%	C9%
-	-	0.01	0.06	8.27	3.49	0.26
0	0	0.09	0.38	62.75	20.88	0.00
0	4	0.00	0.07	0.92	0.11	0.00
1	1	0.00	0.00	0.19	0.99	0.00
1	5	0.00	0.00	0.37	0.89	0.00
2	2	0.00	0.00	0.16	1.18	0.00
2	6	0.01	0.00	0.61	2.48	2.06
3	3	0.00	0.02	0.59	0.93	0.00
3	7	0.00	0.00	0.59	0.50	0.00
Core	CPU	C1%	C3%	C6%	C8%	C9%
-	-	0.01	0.04	8.55	3.34	0.00
0	0	0.10	0.28	65.13	21.50	0.00
0	4	0.00	0.00	1.15	0.49	0.00
1	1	0.00	0.02	0.49	0.50	0.00
1	5	0.00	0.00	0.00	0.60	0.00
2	2	0.00	0.00	0.28	0.99	0.00
2	6	0.00	0.00	0.17	0.99	0.00
3	3	0.00	0.00	0.24	0.98	0.00
3	7	0.00	0.00	0.92	0.69	0.00
Core	CPU	C1%	C3%	C6%	C8%	C9%
-	-	0.01	0.06	8.49	3.37	0.21
0	0	0.10	0.37	64.64	21.12	0.86
0	4	0.00	0.10	1.04	0.20	0.00
1	1	0.00	0.01	0.44	0.79	0.81
1	5	0.00	0.00	0.24	1.09	0.00
2	2	0.00	0.01	0.60	0.99	0.00
2	6	0.00	0.00	0.20	1.19	0.00
3	3	0.00	0.00	0.28	0.85	0.00
3	7	0.00	0.00	0.45	0.69	0.00
Core	CPU	C1%	C3%	C6%	C8%	C9%
-	-	0.01	0.05	8.57	3.31	0.00
0	0	0.10	0.29	64.97	21.61	0.00
0	4	0.00	0.03	0.95	0.39	0.00
1	1	0.00	0.00	0.67	0.20	0.00
1	5	0.00	0.03	0.84	0.59	0.00
2	2	0.00	0.00	0.21	0.69	0.00
2	6	0.00	0.02	0.29	0.69	0.00
3	3	0.00	0.00	0.27	1.80	0.00
3	7	0.00	0.00	0.37	0.50	0.00
Core	CPU	C1%	C3%	C6%	C8%	C9%
-	-	0.01	0.04	8.62	3.16	0.00
0	0	0.11	0.32	64.97	21.63	0.00
0	4	0.00	0.01	0.74	0.19	0.00
1	1	0.00	0.01	0.40	0.10	0.00
1	5	0.00	0.00	0.10	0.80	0.00
2	2	0.00	0.00	0.28	0.89	0.00
2	6	0.00	0.00	0.76	0.49	0.00
3	3	0.00	0.00	0.91	0.31	0.00
3	7	0.00	0.01	0.82	0.90	0.00
Core	CPU	C1%	C3%	C6%	C8%	C9%
-	-	0.01	0.04	8.21	3.22	0.00
0	0	0.09	0.34	62.77	20.95	0.00
0	4	0.00	0.00	1.07	0.00	0.00
1	1	0.00	0.00	0.24	1.09	0.00
1	5	0.00	0.00	0.20	0.70	0.00
2	2	0.00	0.00	0.14	0.70	0.00
2	6	0.00	0.00	0.37	0.89	0.00
3	3	0.00	0.00	0.26	0.96	0.00
3	7	0.00	0.00	0.64	0.50	0.00
Core	CPU	C1%	C3%	C6%	C8%	C9%
-	-	0.02	0.07	8.49	3.46	0.12
0	0	0.11	0.50	64.82	21.66	0.00
0	4	0.00	0.04	1.00	0.00	0.94
1	1	0.00	0.00	0.28	1.18	0.00
1	5	0.00	0.00	0.37	0.79	0.00
2	2	0.00	0.00	0.15	0.99	0.00
2	6	0.00	0.00	0.13	1.08	0.00
3	3	0.05	0.01	0.71	1.24	0.00
3	7	0.00	0.00	0.45	0.75	0.00
Core	CPU	C1%	C3%	C6%	C8%	C9%
-	-	0.01	0.05	8.76	3.13	0.00
0	0	0.10	0.26	64.26	21.58	0.00
0	4	0.00	0.05	0.92	0.00	0.00
1	1	0.00	0.00	0.49	0.10	0.00
1	5	0.00	0.02	0.82	0.69	0.00
2	2	0.00	0.00	0.95	0.90	0.00
2	6	0.00	0.02	0.81	0.40	0.00
3	3	0.00	0.00	1.07	0.89	0.00
3	7	0.00	0.03	0.78	0.50	0.00
Core	CPU	C1%	C3%	C6%	C8%	C9%
-	-	0.01	0.03	8.45	3.42	0.00
0	0	0.11	0.18	64.69	22.01	0.00
0	4	0.00	0.02	0.95	0.00	0.00
1	1	0.00	0.01	0.13	0.60	0.00
1	5	0.00	0.02	0.40	0.30	0.00
2	2	0.00	0.00	0.10	0.99	0.00
2	6	0.00	0.00	0.28	1.29	0.00
3	3	0.00	0.00	0.36	1.27	0.00
3	7	0.00	0.02	0.72	0.89	0.00
Core	CPU	C1%	C3%	C6%	C8%	C9%
-	-	0.01	0.05	8.84	3.20	0.00
0	0	0.10	0.37	65.01	21.53	0.00
0	4	0.00	0.02	0.87	0.40	0.00
1	1	0.00	0.00	0.86	0.40	0.00
1	5	0.00	0.00	0.35	0.80	0.00
2	2	0.00	0.00	1.03	0.39	0.00
2	6	0.00	0.02	1.56	0.79	0.00
3	3	0.00	0.00	0.19	0.94	0.00
3	7	0.00	0.00	0.87	0.39	0.00
Core	CPU	C1%	C3%	C6%	C8%	C9%
-	-	0.01	0.11	8.13	3.39	0.00
0	0	0.09	0.81	62.50	21.06	0.00
0	4	0.00	0.05	0.69	0.40	0.00
1	1	0.00	0.00	0.24	0.69	0.00
1	5	0.00	0.00	0.28	0.99	0.00
2	2	0.00	0.00	0.36	0.99	0.00
2	6	0.00	0.00	0.35	1.09	0.00
3	3	0.00	0.00	0.42	0.51	0.00
3	7	0.00	0.01	0.20	1.39	0.00
Core	CPU	C1%	C3%	C6%	C8%	C9%
-	-	0.01	0.05	8.45	3.59	0.00
0	0	0.12	0.37	64.88	21.67	0.00
0	4	0.00	0.02	0.85	0.10	0.00
1	1	0.00	0.00	0.13	1.10	0.00
1	5	0.00	0.02	0.29	1.70	0.00
2	2	0.00	0.00	0.54	0.70	0.00
2	6	0.00	0.00	0.19	0.99	0.00
3	3	0.00	0.00	0.55	1.48	0.00
3	7	0.00	0.00	0.15	0.99	0.00
Core	CPU	C1%	C3%	C6%	C8%	C9%
-	-	0.01	0.04	8.43	3.58	0.00
0	0	0.10	0.25	64.81	21.82	0.00
0	4	0.00	0.01	0.52	1.19	0.00
1	1	0.00	0.00	0.55	0.30	0.00
1	5	0.00	0.00	0.14	1.09	0.00
2	2	0.00	0.02	0.40	0.80	0.00
2	6	0.00	0.00	0.19	1.10	0.00
3	3	0.00	0.00	0.28	1.14	0.00
3	7	0.00	0.00	0.59	1.20	0.00
Core	CPU	C1%	C3%	C6%	C8%	C9%
-	-	0.01	0.08	8.64	3.74	0.22
0	0	0.09	0.61	64.52	20.91	0.86
0	4	0.00	0.00	2.05	1.18	0.00
1	1	0.00	0.00	0.30	0.79	0.91
1	5	0.00	0.00	0.37	0.89	0.00
2	2	0.00	0.00	0.15	0.98	0.00
2	6	0.00	0.00	0.61	1.58	0.00
3	3	0.00	0.01	0.39	1.81	0.00
3	7	0.00	0.00	0.71	1.76	0.00
Core	CPU	C1%	C3%	C6%	C8%	C9%
-	-	0.01	0.05	8.61	3.20	0.00
0	0	0.11	0.37	65.16	21.37	0.00
0	4	0.00	0.00	0.85	0.11	0.00
1	1	0.00	0.01	0.50	0.19	0.00
1	5	0.00	0.00	0.10	0.89	0.00
2	2	0.00	0.00	0.28	0.99	0.00
2	6	0.00	0.00	0.37	0.98	0.00
3	3	0.00	0.00	0.83	0.80	0.00
3	7	0.00	0.01	0.80	0.30	0.00
Core	CPU	C1%	C3%	C6%	C8%	C9%
-	-	0.01	0.04	8.20	3.41	0.00
0	0	0.11	0.27	62.81	20.92	0.00
0	4	0.00	0.00	0.77	1.48	0.00
1	1	0.00	0.00	0.23	0.40	0.00
1	5	0.00	0.03	0.65	0.50	0.00
2	2	0.00	0.00	0.13	0.70	0.00
2	6	0.00	0.00	0.27	0.98	0.00
3	3	0.00	0.00	0.37	1.25	0.00
3	7	0.00	0.00	0.35	1.08	0.00
Core	CPU	C1%	C3%	C6%	C8%	C9%
-	-	0.01	0.04	8.47	3.66	0.00
0	0	0.12	0.32	64.64	21.94	0.00
0	4	0.00	0.00	0.60	0.59	0.00
1	1	0.00	0.00	0.67	0.89	0.00
1	5	0.00	0.00	0.46	0.99	0.00
2	2	0.00	0.00	0.24	1.38	0.00
2	6	0.00	0.00	0.23	1.28	0.00
3	3	0.00	0.00	0.20	1.25	0.00
3	7	0.00	0.00	0.67	0.99	0.00
Core	CPU	C1%	C3%	C6%	C8%	C9%
-	-	0.01	0.04	8.44	3.40	0.00
0	0	0.11	0.32	64.48	21.74	0.00
0	4	0.00	0.02	1.07	0.10	0.00
1	1	0.00	0.00	0.10	0.40	0.00
1	5	0.00	0.00	0.78	0.89	0.00
2	2	0.00	0.01	0.26	1.19	0.00
2	6	0.00	0.00	0.34	1.19	0.00
3	3	0.00	0.00	0.41	0.73	0.00
3	7	0.00	0.00	0.10	1.00	0.00
Core	CPU	C1%	C3%	C6%	C8%	C9%
-	-	0.01	0.12	8.35	3.23	0.05
0	0	0.11	0.70	64.72	21.42	0.00
0	4	0.00	0.00	0.85	0.21	0.42
1	1	0.00	0.02	0.20	0.40	0.00
1	5	0.00	0.03	0.10	0.70	0.00
2	2	0.00	0.00	0.18	0.99	0.00
2	6	0.00	0.21	0.52	0.00	0.00
3	3	0.00	0.00	0.15	0.99	0.00
3	7	0.00	0.02	0.10	1.09	0.00
Core	CPU	C1%	C3%	C6%	C8%	C9%
-	-	0.01	0.20	8.63	6.99	0.00
0	0	0.09	1.25	64.70	21.37	0.00
0	4	0.00	0.06	0.90	0.49	0.00
1	1	0.00	0.02	0.26	1.47	0.00
1	5	0.00	0.00	0.80	0.50	0.00
2	2	0.00	0.00	0.19	0.85	0.00
2	6	0.00	0.00	0.57	0.89	0.00
3	3	0.00	0.00	0.44	0.98	0.00
3	7	0.01	0.23	1.15	29.38	0.00
Core	CPU	C1%	C3%	C6%	C8%	C9%
-	-	0.01	0.06	8.31	3.30	0.00
0	0	0.11	0.50	62.87	20.65	0.00
0	4	0.00	0.00	0.82	0.19	0.00
1	1	0.00	0.00	0.58	0.69	0.00
1	5	0.00	0.00	0.36	0.99	0.00
2	2	0.00	0.00	0.24	1.20	0.00
2	6	0.00	0.00	0.18	1.09	0.00
3	3	0.00	0.00	0.65	0.84	0.00
3	7	0.00	0.00	0.78	0.79	0.00
Core	CPU	C1%	C3%	C6%	C8%	C9%
-	-	0.01	0.04	8.61	3.41	0.00
0	0	0.11	0.25	64.94	21.75	0.00
0	4	0.00	0.03	0.91	0.10	0.00
1	1	0.00	0.00	0.10	0.50	0.00
1	5	0.00	0.00	0.20	0.98	0.00
2	2	0.00	0.00	0.41	1.20	0.00
2	6	0.00	0.00	0.55	1.49	0.00
3	3	0.00	0.00	1.02	0.51	0.00
3	7	0.00	0.02	0.80	0.78	0.00
Core	CPU	C1%	C3%	C6%	C8%	C9%
-	-	0.01	0.04	8.49	3.32	0.10
0	0	0.10	0.24	64.37	21.54	0.00
0	4	0.00	0.05	0.85	0.09	0.00
1	1	0.00	0.01	0.84	0.10	0.82
1	5	0.00	0.01	0.60	0.20	0.00
2	2	0.00	0.00	0.24	1.48	0.00
2	6	0.00	0.00	0.31	1.28	0.00
3	3	0.00	0.02	0.32	1.08	0.00
3	7	0.00	0.00	0.41	0.79	0.00
Core	CPU	C1%	C3%	C6%	C8%	C9%
-	-	0.03	0.05	8.66	3.54	0.00
0	0	0.27	0.37	64.87	21.44	0.00
0	4	0.00	0.02	1.15	0.09	0.00
1	1	0.00	0.00	0.74	0.49	0.00
1	5	0.00	0.00	1.32	0.79	0.00
2	2	0.00	0.00	0.08	0.60	0.00
2	6	0.00	0.00	0.39	2.07	0.00
3	3	0.00	0.00	0.27	1.76	0.00
3	7	0.00	0.00	0.49	1.09	0.00
Core	CPU	C1%	C3%	C6%	C8%	C9%
-	-	0.01	0.03	8.62	3.29	0.00
0	0	0.10	0.26	64.85	21.80	0.00
0	4	0.00	0.00	1.10	0.18	0.00
1	1	0.00	0.00	0.46	0.40	0.00
1	5	0.00	0.00	0.55	0.69	0.00
2	2	0.00	0.00	0.83	0.59	0.00
2	6	0.00	0.00	0.60	0.69	0.00
3	3	0.00	0.00	0.29	0.86	0.00
3	7	0.00	0.00	0.27	1.08	0.00
Core	CPU	C1%	C3%	C6%	C8%	C9%
-	-	0.01	0.05	8.21	3.29	0.00
0	0	0.09	0.42	63.02	20.55	0.00
0	4	0.00	0.00	0.72	0.20	0.00
1	1	0.00	0.00	0.38	0.89	0.00
1	5	0.00	0.00	0.27	0.89	0.00
2	2	0.00	0.00	0.25	1.18	0.00
2	6	0.00	0.00	0.41	0.99	0.00
3	3	0.00	0.01	0.39	0.73	0.00
3	7	0.00	0.00	0.20	0.88	0.00
Core	CPU	C1%	C3%	C6%	C8%	C9%
-	-	0.01	0.03	8.44	3.39	0.00
0	0	0.10	0.17	65.27	21.51	0.00
0	4	0.00	0.00	1.05	0.49	0.00
1	1	0.00	0.02	0.20	0.49	0.00
1	5	0.00	0.00	0.00	0.50	0.00
2	2	0.00	0.00	0.18	1.19	0.00
2	6	0.00	0.00	0.27	0.98	0.00
3	3	0.00	0.00	0.25	0.89	0.00
3	7	0.00	0.02	0.28	1.09	0.00
Core	CPU	C1%	C3%	C6%	C8%	C9%
-	-	0.01	0.04	8.42	3.35	0.00
0	0	0.09	0.26	64.58	21.32	0.00
0	4	0.00	0.01	0.96	0.00	0.00
1	1	0.00	0.01	0.16	0.60	0.00
1	5	0.00	0.00	0.74	0.79	0.00
2	2	0.00	0.00	0.10	0.79	0.00
2	6	0.00	0.00	0.18	1.09	0.00
3	3	0.00	0.00	0.28	1.35	0.00
3	7	0.00	0.00	0.36	0.88	0.00
Core	CPU	C1%	C3%	C6%	C8%	C9%
-	-	0.01	0.04	8.61	3.33	0.00
0	0	0.08	0.28	65.01	21.68	0.00
0	4	0.00	0.03	1.31	0.08	0.00
1	1	0.00	0.00	0.67	0.49	0.00
1	5	0.00	0.00	0.46	0.79	0.00
2	2	0.00	0.00	0.15	1.09	0.00
2	6	0.00	0.00	0.82	0.79	0.00
3	3	0.00	0.00	0.10	1.04	0.00
3	7	0.00	0.00	0.38	0.69	0.00
Core	CPU	C1%	C3%	C6%	C8%	C9%
-	-	0.02	0.05	8.59	3.32	0.54
0	0	0.10	0.35	65.19	21.45	0.00
0	4	0.07	0.04	0.69	0.19	4.31
1	1	0.00	0.00	0.19	0.90	0.00
1	5	0.00	0.00	0.19	1.09	0.00
2	2	0.00	0.00	0.36	1.09	0.00
2	6	0.00	0.00	0.44	0.99	0.00
3	3	0.00	0.00	0.82	0.50	0.00
3	7	0.00	0.01	0.79	0.40	0.00
Core	CPU	C1%	C3%	C6%	C8%	C9%
-	-	0.01	0.07	8.33	3.17	0.27
0	0	0.10	0.53	63.24	20.28	0.00
0	4	0.00	0.02	1.15	0.18	2.18
1	1	0.00	0.00	0.31	0.59	0.00
1	5	0.00	0.00	0.23	0.30	0.00
2	2	0.00	0.00	0.10	0.99	0.00
2	6	0.00	0.00	0.93	1.18	0.00
3	3	0.00	0.00	0.36	0.95	0.00
3	7	0.00	0.01	0.34	0.89	0.00
Core	CPU	C1%	C3%	C6%	C8%	C9%
-	-	0.01	0.06	8.72	3.51	0.10
0	0	0.10	0.42	64.87	21.66	0.00
0	4	0.00	0.03	1.07	0.22	0.82
1	1	0.00	0.00	0.28	0.89	0.00
1	5	0.00	0.01	0.56	1.10	0.00
2	2	0.00	0.00	1.50	0.89	0.00
2	6	0.00	0.00	0.23	1.09	0.00
3	3	0.00	0.01	0.46	1.73	0.00
3	7	0.00	0.00	0.79	0.49	0.00
Core	CPU	C1%	C3%	C6%	C8%	C9%
-	-	0.01	0.04	8.58	3.20	0.00
0	0	0.07	0.22	64.69	21.34	0.00
0	4	0.00	0.03	0.98	0.19	0.00
1	1	0.00	0.03	0.41	0.30	0.00
1	5	0.00	0.00	0.20	0.70	0.00
2	2	0.00	0.00	0.43	1.28	0.00
2	6	0.00	0.00	0.36	0.70	0.00
3	3	0.00	0.00	0.89	0.31	0.00
3	7	0.00	0.01	0.69	0.79	0.00
Core	CPU	C1%	C3%	C6%	C8%	C9%
-	-	0.01	0.03	8.54	3.19	0.00
0	0	0.05	0.21	65.09	21.76	0.00
0	4	0.00	0.05	0.93	0.00	0.00
1	1	0.00	0.00	0.73	0.11	0.00
1	5	0.00	0.00	0.03	0.60	0.00
2	2	0.00	0.00	0.10	0.79	0.00
2	6	0.00	0.00	0.58	0.70	0.00
3	3	0.00	0.00	0.38	0.86	0.00
3	7	0.00	0.00	0.46	0.69	0.00
Core	CPU	C1%	C3%	C6%	C8%	C9%
-	-	0.01	0.03	8.50	3.56	0.00
0	0	0.08	0.23	65.12	21.63	0.00
0	4	0.00	0.00	0.90	0.58	0.00
1	1	0.00	0.00	0.41	1.19	0.00
1	5	0.00	0.00	0.47	0.79	0.00
2	2	0.00	0.00	0.24	1.19	0.00
2	6	0.00	0.00	0.23	1.09	0.00
3	3	0.00	0.00	0.33	1.24	0.00
3	7	0.00	0.00	0.29	0.78	0.00
Core	CPU	C1%	C3%	C6%	C8%	C9%
-	-	0.01	0.06	8.28	3.37	0.01
0	0	0.06	0.48	63.00	20.58	0.00
0	4	0.00	0.03	1.10	0.00	0.00
1	1	0.00	0.00	0.20	0.50	0.00
1	5	0.00	0.00	0.75	1.09	0.00
2	2	0.00	0.00	0.56	1.18	0.00
2	6	0.00	0.00	0.23	1.19	0.06
3	3	0.00	0.00	0.32	1.29	0.00
3	7	0.00	0.00	0.10	1.09	0.00
Core	CPU	C1%	C3%	C6%	C8%	C9%
-	-	0.00	0.06	8.47	3.17	0.00
0	0	0.02	0.46	65.39	21.18	0.00
0	4	0.00	0.00	0.87	0.10	0.00
1	1	0.00	0.00	0.33	0.50	0.00
1	5	0.00	0.02	0.30	0.20	0.00
2	2	0.00	0.00	0.10	0.59	0.00
2	6	0.00	0.00	0.28	0.89	0.00
3	3	0.00	0.00	0.26	0.97	0.00
3	7	0.00	0.00	0.23	0.89	0.00
Core	CPU	C1%	C3%	C6%	C8%	C9%
-	-	0.01	0.04	8.65	3.27	0.03
0	0	0.01	0.26	64.32	21.51	0.00
0	4	0.07	0.01	1.39	0.00	0.27
1	1	0.00	0.00	0.38	0.89	0.00
1	5	0.00	0.00	0.25	0.89	0.00
2	2	0.00	0.00	0.92	0.79	0.00
2	6	0.00	0.01	1.28	0.39	0.00
3	3	0.00	0.00	0.30	0.83	0.00
3	7	0.00	0.00	0.38	0.88	0.00
Core	CPU	C1%	C3%	C6%	C8%	C9%
-	-	0.00	0.04	8.53	3.47	0.00
0	0	0.01	0.24	65.02	21.81	0.00
0	4	0.00	0.05	0.70	0.21	0.00
1	1	0.00	0.00	0.50	0.50	0.00
1	5	0.00	0.00	0.19	0.99	0.00
2	2	0.00	0.00	0.46	1.08	0.00
2	6	0.00	0.00	0.28	1.49	0.00
3	3	0.00	0.00	0.27	0.93	0.00
3	7	0.00	0.00	0.79	0.79	0.00
Core	CPU	C1%	C3%	C6%	C8%	C9%
-	-	0.00	0.05	8.55	3.49	0.00
0	0	0.02	0.36	65.85	20.83	0.00
0	4	0.00	0.00	0.35	0.71	0.00
1	1	0.00	0.01	0.29	0.80	0.00
1	5	0.00	0.00	0.39	1.00	0.00
2	2	0.00	0.00	0.37	1.00	0.00
2	6	0.00	0.00	0.64	1.59	0.00
3	3	0.00	0.00	0.33	1.01	0.00
3	7	0.00	0.00	0.22	0.99	0.00
Core	CPU	C1%	C3%	C6%	C8%	C9%
-	-	0.00	0.05	8.36	3.60	0.00
0	0	0.02	0.34	63.27	20.48	0.00
0	4	0.00	0.00	1.15	0.60	0.00
1	1	0.00	0.00	0.23	0.99	0.00
1	5	0.00	0.02	0.19	0.90	0.00
2	2	0.00	0.00	0.10	0.89	0.00
2	6	0.00	0.00	0.42	1.19	0.00
3	3	0.00	0.00	0.64	1.77	0.00
3	7	0.00	0.00	0.89	1.98	0.00
Core	CPU	C1%	C3%	C6%	C8%	C9%
-	-	0.00	0.12	8.94	7.11	0.00
0	0	0.02	0.82	64.91	21.52	0.00
0	4	0.00	0.02	1.19	0.20	0.00
1	1	0.00	0.00	1.22	3.79	0.00
1	5	0.00	0.00	0.84	0.79	0.00
2	2	0.00	0.00	0.92	0.49	0.00
2	6	0.00	0.01	0.79	0.59	0.00
3	3	0.00	0.00	0.66	1.05	0.00
3	7	0.01	0.10	1.02	28.49	0.00
Core	CPU	C1%	C3%	C6%	C8%	C9%
-	-	0.00	0.03	8.64	3.33	0.22
0	0	0.02	0.22	64.80	21.23	0.88
0	4	0.00	0.00	0.82	0.18	0.00
1	1	0.00	0.00	0.59	0.79	0.00
1	5	0.00	0.00	0.38	1.18	0.00
2	2	0.00	0.00	0.26	0.89	0.00
2	6	0.00	0.00	0.76	1.09	0.90
3	3	0.00	0.02	0.59	0.53	0.00
3	7	0.00	0.00	0.89	0.79	0.00
Core	CPU	C1%	C3%	C6%	C8%	C9%
-	-	0.00	0.08	9.01	3.72	0.27
0	0	0.03	0.63	65.75	20.67	0.00
0	4	0.00	0.00	2.80	0.09	2.17
1	1	0.00	0.01	0.30	0.59	0.00
1	5	0.00	0.00	0.99	1.18	0.00
2	2	0.00	0.00	0.28	0.99	0.00
2	6	0.00	0.00	0.76	0.59	0.00
3	3	0.00	0.00	0.34	2.76	0.00
3	7	0.00	0.02	0.88	2.86	0.00
Core	CPU	C1%	C3%	C6%	C8%	C9%
-	-	0.00	0.04	8.61	3.16	0.00
0	0	0.03	0.28	65.41	21.38	0.00
0	4	0.00	0.00	1.02	0.00	0.00
1	1	0.00	0.00	0.24	0.89	0.00
1	5	0.00	0.00	0.43	0.30	0.00
2	2	0.00	0.00	0.59	0.21	0.00
2	6	0.00	0.00	0.40	0.89	0.00
3	3	0.00	0.00	0.27	0.67	0.00
3	7	0.00	0.00	0.53	0.99	0.00
Core	CPU	C1%	C3%	C6%	C8%	C9%
-	-	0.00	0.02	8.47	3.20	0.43
0	0	0.03	0.17	63.02	20.96	0.00
0	4	0.00	0.00	1.29	0.00	0.00
1	1	0.00	0.00	0.27	0.99	0.00
1	5	0.00	0.00	0.35	1.18	0.00
2	2	0.00	0.00	1.02	0.59	0.00
2	6	0.00	0.02	1.18	0.30	3.48
3	3	0.00	0.00	0.29	0.85	0.00
3	7	0.00	0.00	0.37	0.70	0.00
Core	CPU	C1%	C3%	C6%	C8%	C9%
-	-	0.01	0.04	8.46	3.45	0.00
0	0	0.05	0.22	65.06	21.78	0.00
0	4	0.00	0.05	0.87	0.00	0.00
1	1	0.00	0.00	0.19	0.99	0.00
1	5	0.00	0.00	0.27	1.00	0.00
2	2	0.00	0.00	0.49	1.10	0.00
2	6	0.00	0.00	0.24	1.09	0.00
3	3	0.00	0.02	0.28	0.85	0.00
3	7	0.00	0.00	0.29	0.80	0.00
Core	CPU	C1%	C3%	C6%	C8%	C9%
-	-	0.03	0.02	8.64	3.51	0.11
0	0	0.04	0.11	64.53	21.60	0.00
0	4	0.10	0.02	0.80	0.10	0.00
1	1	0.00	0.00	0.10	0.80	0.00
1	5	0.09	0.00	0.99	1.39	0.00
2	2	0.00	0.01	0.49	1.20	0.88
2	6	0.00	0.00	0.45	0.89	0.00
3	3	0.00	0.00	0.92	1.19	0.00
3	7	0.00	0.02	0.89	0.89	0.00
Core	CPU	C1%	C3%	C6%	C8%	C9%
-	-	0.00	0.04	8.50	3.37	0.00
0	0	0.04	0.32	64.99	21.78	0.00
0	4	0.00	0.00	0.88	0.10	0.00
1	1	0.00	0.00	0.25	1.08	0.00
1	5	0.00	0.00	0.34	1.08	0.00
2	2	0.00	0.00	0.69	0.20	0.00
2	6	0.00	0.00	0.10	1.09	0.00
3	3	0.00	0.00	0.37	0.86	0.00
3	7	0.00	0.00	0.36	0.79	0.00
Core	CPU	C1%	C3%	C6%	C8%	C9%
-	-	0.00	0.02	8.57	3.45	0.00
0	0	0.04	0.19	65.39	21.49	0.00
0	4	0.00	0.00	1.40	0.00	0.00
1	1	0.00	0.00	0.28	1.19	0.00
1	5	0.00	0.00	0.36	0.79	0.00
2	2	0.00	0.00	0.44	1.09	0.00
2	6	0.00	0.00	0.32	1.19	0.00
3	3	0.00	0.00	0.10	1.04	0.00
3	7	0.00	0.00	0.29	0.79	0.00
Core	CPU	C1%	C3%	C6%	C8%	C9%
-	-	0.00	0.05	8.28	3.41	0.10
0	0	0.04	0.32	63.22	20.59	0.00
0	4	0.00	0.02	1.02	0.21	0.81
1	1	0.00	0.00	0.28	0.40	0.00
1	5	0.00	0.00	0.20	0.98	0.00
2	2	0.00	0.00	0.36	0.99	0.00
2	6	0.00	0.00	0.45	1.28	0.00
3	3	0.00	0.04	0.55	1.91	0.00
3	7	0.00	0.00	0.19	0.90	0.00
Core	CPU	C1%	C3%	C6%	C8%	C9%
-	-	0.00	0.04	8.78	3.36	0.00
0	0	0.04	0.31	65.69	21.04	0.00
0	4	0.00	0.00	0.47	0.50	0.00
1	1	0.00	0.00	0.62	0.40	0.00
1	5	0.00	0.03	1.03	0.10	0.00
2	2	0.00	0.00	0.58	1.28	0.00
2	6	0.00	0.00	0.57	1.49	0.00
3	3	0.00	0.00	1.04	1.07	0.00
3	7	0.00	0.00	0.24	0.99	0.00
Core	CPU	C1%	C3%	C6%	C8%	C9%
-	-	0.01	0.05	8.65	3.45	0.22
0	0	0.06	0.33	64.68	21.19	0.93
0	4	0.00	0.00	1.60	0.28	0.00
1	1	0.00	0.00	0.65	0.92	0.00
1	5	0.00	0.01	0.82	0.99	0.82
2	2	0.00	0.02	0.50	1.20	0.00
2	6	0.00	0.00	0.20	1.19	0.00
3	3	0.00	0.00	0.39	0.89	0.00
3	7	0.00	0.01	0.36	0.99	0.00
Core	CPU	C1%	C3%	C6%	C8%	C9%
-	-	0.01	0.06	8.90	3.35	0.00
0	0	0.06	0.35	65.37	21.31	0.00
0	4	0.00	0.07	1.37	0.00	0.00
1	1	0.00	0.00	0.54	0.78	0.00
1	5	0.00	0.03	1.09	0.39	0.00
2	2	0.00	0.00	0.96	0.99	0.00
2	6	0.00	0.00	0.28	0.98	0.00
3	3	0.00	0.00	0.27	1.36	0.00
3	7	0.00	0.00	1.35	0.97	0.00
Core	CPU	C1%	C3%	C6%	C8%	C9%
-	-	0.01	0.02	8.63	3.35	0.00
0	0	0.07	0.15	65.26	21.62	0.00
0	4	0.00	0.01	1.37	0.00	0.00
1	1	0.00	0.00	0.28	0.89	0.00
1	5	0.00	0.00	1.04	0.39	0.00
2	2	0.00	0.00	0.24	1.09	0.00
2	6	0.00	0.00	0.23	1.19	0.00
3	3	0.00	0.00	0.19	0.94	0.00
3	7	0.00	0.00	0.38	0.68	0.00
Core	CPU	C1%	C3%	C6%	C8%	C9%
-	-	0.01	0.04	8.33	3.34	0.00
0	0	0.06	0.30	63.44	20.33	0.00
0	4	0.00	0.02	0.99	0.00	0.00
1	1	0.00	0.00	0.39	0.20	0.00
1	5	0.00	0.00	0.76	0.99	0.00
2	2	0.00	0.00	0.26	0.99	0.00
2	6	0.00	0.00	0.34	1.78	0.00
3	3	0.00	0.00	0.32	1.19	0.00
3	7	0.00	0.00	0.10	1.19	0.00
Core	CPU	C1%	C3%	C6%	C8%	C9%
-	-	0.01	0.03	8.56	3.41	0.00
0	0	0.07	0.20	65.01	21.87	0.00
0	4	0.00	0.00	1.07	0.00	0.00
1	1	0.00	0.00	0.33	0.60	0.00
1	5	0.00	0.02	0.39	0.70	0.00
2	2	0.00	0.00	0.19	0.90	0.00
2	6	0.00	0.00	0.87	1.28	0.00
3	3	0.00	0.00	0.45	0.97	0.00
3	7	0.00	0.00	0.14	0.99	0.00
Core	CPU	C1%	C3%	C6%	C8%	C9%
-	-	0.02	0.09	8.70	3.06	0.00
0	0	0.05	0.61	64.89	20.68	0.00
0	4	0.07	0.04	1.03	0.11	0.00
1	1	0.00	0.00	0.33	1.29	0.00
1	5	0.00	0.00	0.25	0.99	0.00
2	2	0.00	0.01	0.93	0.49	0.00
2	6	0.00	0.01	0.98	0.39	0.00
3	3	0.00	0.01	0.48	0.35	0.00
3	7	0.00	0.00	0.74	0.20	0.00
Core	CPU	C1%	C3%	C6%	C8%	C9%
-	-	0.01	0.04	8.60	3.31	0.00
0	0	0.06	0.24	65.50	21.23	0.00
0	4	0.00	0.04	0.80	0.10	0.00
1	1	0.00	0.00	0.30	0.60	0.00
1	5	0.00	0.03	0.48	1.18	0.00
2	2	0.00	0.00	0.56	0.79	0.00
2	6	0.00	0.00	0.25	1.08	0.00
3	3	0.00	0.00	0.62	0.61	0.00
3	7	0.00	0.00	0.29	0.90	0.00
Core	CPU	C1%	C3%	C6%	C8%	C9%
-	-	0.01	0.06	8.59	3.31	0.00
0	0	0.06	0.45	65.28	21.27	0.00
0	4	0.00	0.00	0.85	0.18	0.00
1	1	0.00	0.00	0.52	0.19	0.00
1	5	0.00	0.00	1.01	0.00	0.00
2	2	0.00	0.00	0.20	0.98	0.00
2	6	0.00	0.00	0.37	0.98	0.00
3	3	0.00	0.00	0.33	1.86	0.00
3	7	0.00	0.00	0.14	0.99	0.00
Core	CPU	C1%	C3%	C6%	C8%	C9%
-	-	0.01	0.04	8.29	3.36	0.00
0	0	0.06	0.28	62.86	20.95	0.00
0	4	0.00	0.00	1.30	0.09	0.00
1	1	0.00	0.00	0.35	1.09	0.00
1	5	0.00	0.00	0.43	0.99	0.00
2	2	0.00	0.02	0.48	0.90	0.00
2	6	0.01	0.00	0.20	0.99	0.00
3	3	0.00	0.00	0.33	1.14	0.00
3	7	0.00	0.00	0.36	0.69	0.00
Core	CPU	C1%	C3%	C6%	C8%	C9%
-	-	0.01	0.05	8.64	3.56	0.00
0	0	0.09	0.42	65.13	21.44	0.00
0	4	0.00	0.01	0.55	0.52	0.00
1	1	0.00	0.00	1.75	0.99	0.00
1	5	0.00	0.00	0.36	1.19	0.00
2	2	0.00	0.00	0.43	1.49	0.00
2	6	0.00	0.00	0.42	1.19	0.00
3	3	0.00	0.00	0.19	0.74	0.00
3	7	0.00	0.00	0.28	0.89	0.00
Core	CPU	C1%	C3%	C6%	C8%	C9%
-	-	0.01	0.08	8.57	3.33	0.11
0	0	0.08	0.65	64.27	21.24	0.00
0	4	0.00	0.00	0.91	0.18	0.00
1	1	0.00	0.00	0.39	0.60	0.00
1	5	0.00	0.00	0.29	1.19	0.00
2	2	0.00	0.00	0.90	1.19	0.90
2	6	0.00	0.00	0.38	1.29	0.00
3	3	0.00	0.00	0.83	0.40	0.00
3	7	0.00	0.00	0.60	0.59	0.00
Core	CPU	C1%	C3%	C6%	C8%	C9%
-	-	0.01	0.19	8.72	7.09	0.00
0	0	0.07	1.27	65.15	20.89	0.00
0	4	0.00	0.01	0.86	0.10	0.00
1	1	0.00	0.00	0.30	1.49	0.00
1	5	0.00	0.00	0.74	0.89	0.00
2	2	0.00	0.00	0.89	0.68	0.00
2	6	0.00	0.00	0.48	1.37	0.00
3	3	0.00	0.00	0.37	2.13	0.00
3	7	0.01	0.22	0.98	29.19	0.00
Core	CPU	C1%	C3%	C6%	C8%	C9%
-	-	0.01	0.04	8.60	3.38	0.00
0	0	0.11	0.22	64.97	21.67	0.00
0	4	0.00	0.06	1.35	0.00	0.00
1	1	0.00	0.00	0.66	0.99	0.00
1	5	0.00	0.00	0.46	0.89	0.00
2	2	0.00	0.00	0.34	1.09	0.00
2	6	0.00	0.00	0.13	0.99	0.00
3	3	0.00	0.00	0.10	1.05	0.00
3	7	0.00	0.00	0.77	0.39	0.00
Core	CPU	C1%	C3%	C6%	C8%	C9%
-	-	0.01	0.05	8.33	3.61	0.00
0	0	0.08	0.39	62.96	20.67	0.00
0	4	0.00	0.01	1.40	0.21	0.00
1	1	0.00	0.00	0.30	1.49	0.00
1	5	0.00	0.00	0.38	1.38	0.00
2	2	0.00	0.00	0.36	1.48	0.00
2	6	0.00	0.00	0.43	1.48	0.00
3	3	0.00	0.00	0.51	1.01	0.00
3	7	0.00	0.00	0.30	1.19	0.00
Core	CPU	C1%	C3%	C6%	C8%	C9%
-	-	0.01	0.03	8.34	3.37	0.00
0	0	0.08	0.24	64.91	21.80	0.00
0	4	0.00	0.00	0.84	0.10	0.00
1	1	0.00	0.00	0.23	0.70	0.00
1	5	0.00	0.02	0.19	0.91	0.00
2	2	0.00	0.00	0.00	0.50	0.00
2	6	0.00	0.00	0.18	0.99	0.00
3	3	0.00	0.00	0.26	0.97	0.00
3	7	0.00	0.00	0.14	0.99	0.00
Core	CPU	C1%	C3%	C6%	C8%	C9%
-	-	0.02	0.08	8.86	3.58	0.11
0	0	0.08	0.59	63.98	21.60	0.00
0	4	0.00	0.00	1.88	0.20	0.00
1	1	0.00	0.00	0.26	0.99	0.00
1	5	0.00	0.00	0.25	1.68	0.00
2	2	0.00	0.01	1.20	0.70	0.89
2	6	0.00	0.02	1.77	0.78	0.00
3	3	0.04	0.01	1.25	1.53	0.00
3	7	0.00	0.00	0.33	1.18	0.00
Core	CPU	C1%	C3%	C6%	C8%	C9%
-	-	0.01	0.05	8.64	3.37	0.10
0	0	0.12	0.36	65.03	21.61	0.00
0	4	0.00	0.03	0.85	0.20	0.83
1	1	0.00	0.00	0.10	1.09	0.00
1	5	0.00	0.00	0.77	0.99	0.00
2	2	0.00	0.00	0.91	1.08	0.00
2	6	0.00	0.00	0.45	0.78	0.00
3	3	0.00	0.02	0.79	0.33	0.00
3	7	0.00	0.00	0.20	0.89	0.00
Core	CPU	C1%	C3%	C6%	C8%	C9%
-	-	0.01	0.04	8.58	3.41	0.00
0	0	0.09	0.28	65.14	21.60	0.00
0	4	0.00	0.00	1.04	0.00	0.00
1	1	0.00	0.01	0.39	0.50	0.00
1	5	0.00	0.00	0.25	1.09	0.00
2	2	0.00	0.00	0.66	0.71	0.00
2	6	0.00	0.00	0.44	1.09	0.00
3	3	0.00	0.00	0.46	1.31	0.00
3	7	0.00	0.00	0.22	0.99	0.00
Core	CPU	C1%	C3%	C6%	C8%	C9%
-	-	0.01	0.06	8.21	3.15	0.00
0	0	0.08	0.38	63.08	20.55	0.00
0	4	0.00	0.06	1.05	0.10	0.00
1	1	0.00	0.00	0.53	0.49	0.00
1	5	0.00	0.04	0.19	0.60	0.00
2	2	0.00	0.00	0.10	0.59	0.00
2	6	0.00	0.00	0.19	0.99	0.00
3	3	0.00	0.00	0.27	0.97	0.00
3	7	0.00	0.00	0.24	0.89	0.00
Core	CPU	C1%	C3%	C6%	C8%	C9%
-	-	0.01	0.08	8.67	3.35	0.00
0	0	0.10	0.64	65.18	21.51	0.00
0	4	0.00	0.02	1.27	0.00	0.00
1	1	0.00	0.00	0.45	0.89	0.00
1	5	0.00	0.00	0.79	0.90	0.00
2	2	0.00	0.00	0.32	0.90	0.00
2	6	0.00	0.00	0.59	0.50	0.00
3	3	0.00	0.00	0.37	1.44	0.00
3	7	0.00	0.00	0.37	0.69	0.00
Core	CPU	C1%	C3%	C6%	C8%	C9%
-	-	0.01	0.06	8.39	3.48	0.22
0	0	0.10	0.47	64.58	21.13	0.83
0	4	0.00	0.02	1.04	0.09	0.00
1	1	0.00	0.00	0.10	1.19	0.00
1	5	0.00	0.00	0.38	0.99	0.00
2	2	0.00	0.00	0.36	0.99	0.00
2	6	0.00	0.00	0.17	1.29	0.90
3	3	0.00	0.00	0.31	1.09	0.00
3	7	0.00	0.00	0.19	1.09	0.00
Core	CPU	C1%	C3%	C6%	C8%	C9%
-	-	0.01	0.09	8.73	3.82	0.23
0	0	0.10	0.68	64.91	21.32	0.00
0	4	0.00	0.00	1.35	1.74	1.80
1	1	0.00	0.01	0.19	0.21	0.00
1	5	0.00	0.00	0.58	1.98	0.00
2	2	0.00	0.00	0.28	0.89	0.00
2	6	0.00	0.00	0.86	0.49	0.00
3	3	0.00	0.00	0.44	1.77	0.00
3	7	0.00	0.00	1.19	2.16	0.00
Core	CPU	C1%	C3%	C6%	C8%	C9%
-	-	0.01	0.03	8.46	3.45	0.00
0	0	0.12	0.23	65.18	21.51	0.00
0	4	0.00	0.04	0.69	1.18	0.00
1	1	0.00	0.00	0.53	0.21	0.00
1	5	0.00	0.00	0.23	0.82	0.00
2	2	0.00	0.01	0.23	0.61	0.00
2	6	0.00	0.00	0.19	1.09	0.00
3	3	0.00	0.00	0.27	1.29	0.00
3	7	0.00	0.00	0.35	0.88	0.00
Core	CPU	C1%	C3%	C6%	C8%	C9%
-	-	0.01	0.08	8.50	3.51	0.00
0	0	0.10	0.59	62.60	20.75	0.00
0	4	0.00	0.00	1.10	0.20	0.00
1	1	0.00	0.00	0.29	0.89	0.00
1	5	0.00	0.00	0.63	1.69	0.00
2	2	0.00	0.00	0.93	0.78	0.00
2	6	0.00	0.02	1.87	0.79	0.00
3	3	0.00	0.00	0.20	2.02	0.00
3	7	0.00	0.01	0.38	0.98	0.00
Core	CPU	C1%	C3%	C6%	C8%	C9%
-	-	0.02	0.06	8.61	3.39	0.00
0	0	0.11	0.40	65.14	21.40	0.00
0	4	0.07	0.05	0.81	0.00	0.00
1	1	0.00	0.00	0.30	1.09	0.00
1	5	0.00	0.00	0.67	1.09	0.00
2	2	0.00	0.00	0.50	1.09	0.00
2	6	0.00	0.00	0.24	1.19	0.00
3	3	0.00	0.00	0.41	0.72	0.00
3	7	0.00	0.00	0.79	0.52	0.00
Core	CPU	C1%	C3%	C6%	C8%	C9%
-	-	0.01	0.07	8.42	3.47	0.19
0	0	0.09	0.55	64.30	21.29	0.00
0	4	0.00	0.00	0.76	0.17	0.61
1	1	0.00	0.02	0.29	0.90	0.00
1	5	0.00	0.00	0.59	0.89	0.00
2	2	0.00	0.00	0.28	1.09	0.00
2	6	0.00	0.00	0.54	1.10	0.89
3	3	0.00	0.00	0.24	0.99	0.00
3	7	0.00	0.00	0.40	1.30	0.00
Core	CPU	C1%	C3%	C6%	C8%	C9%
-	-	0.04	0.05	8.69	3.51	0.00
0	0	0.09	0.31	65.01	21.58	0.00
0	4	0.00	0.00	1.28	0.20	0.00
1	1	0.25	0.00	0.75	1.68	0.00
1	5	0.00	0.00	0.24	1.19	0.00
2	2	0.00	0.02	0.30	1.10	0.00
2	6	0.00	0.03	1.12	1.09	0.00
3	3	0.00	0.00	0.38	0.56	0.00
3	7	0.00	0.00	0.49	0.65	0.00
Core	CPU	C1%	C3%	C6%	C8%	C9%
-	-	0.02	0.11	8.75	3.71	0.00
0	0	0.10	0.87	64.47	21.51	0.00
0	4	0.02	0.00	0.71	0.20	0.00
1	1	0.00	0.00	1.99	1.58	0.00
1	5	0.00	0.00	0.99	1.29	0.00
2	2	0.00	0.00	0.14	0.99	0.00
2	6	0.00	0.00	0.71	0.98	0.00
3	3	0.00	0.00	0.55	2.22	0.00
3	7	0.03	0.00	0.46	0.91	0.00
Core	CPU	C1%	C3%	C6%	C8%	C9%
-	-	0.02	0.06	8.34	3.27	0.15
0	0	0.09	0.39	63.02	20.55	0.00
0	4	0.06	0.02	1.19	0.79	1.18
1	1	0.00	0.00	0.25	0.89	0.00
1	5	0.00	0.03	0.78	0.79	0.00
2	2	0.00	0.00	0.59	1.00	0.00
2	6	0.01	0.00	0.24	0.89	0.00
3	3	0.00	0.03	0.29	0.44	0.00
3	7	0.00	0.00	0.30	0.78	0.00
Core	CPU	C1%	C3%	C6%	C8%	C9%
-	-	0.01	0.02	8.59	3.37	0.14
0	0	0.11	0.11	64.97	21.86	0.00
0	4	0.00	0.06	1.26	0.08	1.11
1	1	0.00	0.01	0.38	0.70	0.00
1	5	0.00	0.00	0.58	0.80	0.00
2	2	0.00	0.00	0.28	1.08	0.00
2	6	0.00	0.00	0.36	0.99	0.00
3	3	0.00	0.00	0.73	0.30	0.00
3	7	0.00	0.00	0.13	1.18	0.00
Core	CPU	C1%	C3%	C6%	C8%	C9%
-	-	0.01	0.04	8.38	3.34	0.36
0	0	0.10	0.34	64.31	21.44	0.00
0	4	0.00	0.00	0.94	0.09	2.89
1	1	0.00	0.00	0.05	0.49	0.00
1	5	0.00	0.00	0.23	0.78	0.00
2	2	0.00	0.00	0.21	0.89	0.00
2	6	0.00	0.01	0.67	1.28	0.00
3	3	0.00	0.00	0.28	0.95	0.00
3	7	0.00	0.00	0.36	0.79	0.00
Core	CPU	C1%	C3%	C6%	C8%	C9%
-	-	0.01	0.06	8.71	3.65	0.00
0	0	0.11	0.46	64.98	21.44	0.00
0	4	0.00	0.02	1.28	0.20	0.00
1	1	0.00	0.00	1.07	1.09	0.00
1	5	0.00	0.00	0.66	2.07	0.00
2	2	0.00	0.00	0.24	1.29	0.00
2	6	0.00	0.03	0.79	0.39	0.00
3	3	0.00	0.00	0.47	1.63	0.00
3	7	0.00	0.00	0.20	1.08	0.00
Core	CPU	C1%	C3%	C6%	C8%	C9%
-	-	0.01	0.04	8.40	3.45	0.00
0	0	0.11	0.27	64.83	21.81	0.00
0	4	0.00	0.01	0.83	0.10	0.00
1	1	0.00	0.00	0.10	1.31	0.00
1	5	0.00	0.00	0.19	0.99	0.00
2	2	0.00	0.00	0.26	1.00	0.00
2	6	0.00	0.00	0.44	0.70	0.00
3	3	0.00	0.00	0.42	0.72	0.00
3	7	0.00	0.00	0.09	1.00	0.00
Core	CPU	C1%	C3%	C6%	C8%	C9%
-	-	0.01	0.18	8.43	6.68	0.18
0	0	0.09	1.14	62.75	20.52	0.00
0	4	0.00	0.07	1.30	0.19	1.46
1	1	0.00	0.00	0.38	1.18	0.00
1	5	0.00	0.02	0.10	0.40	0.00
2	2	0.00	0.00	0.63	0.22	0.00
2	6	0.00	0.00	0.36	0.90	0.00
3	3	0.00	0.00	0.26	1.86	0.00
3	7	0.01	0.23	1.67	28.21	0.00
Core	CPU	C1%	C3%	C6%	C8%	C9%
-	-	0.02	0.04	8.59	3.37	0.00
0	0	0.14	0.29	64.76	21.88	0.00
0	4	0.00	0.00	1.09	0.20	0.00
1	1	0.00	0.00	0.26	1.38	0.00
1	5	0.00	0.00	0.25	0.89	0.00
2	2	0.00	0.00	0.72	0.59	0.00
2	6	0.00	0.00	0.60	0.79	0.00
3	3	0.00	0.00	0.29	0.85	0.00
3	7	0.00	0.00	0.76	0.39	0.00
Core	CPU	C1%	C3%	C6%	C8%	C9%
-	-	0.01	0.05	8.39	3.48	0.00
0	0	0.10	0.38	64.38	21.31	0.00
0	4	0.00	0.00	0.78	0.22	0.00
1	1	0.00	0.00	0.18	0.99	0.00
1	5	0.00	0.00	0.79	0.89	0.00
2	2	0.00	0.00	0.27	1.38	0.00
2	6	0.00	0.00	0.31	0.89	0.00
3	3	0.00	0.00	0.10	1.41	0.00
3	7	0.00	0.00	0.30	0.78	0.00
Core	CPU	C1%	C3%	C6%	C8%	C9%
-	-	0.02	0.02	8.52	3.28	0.00
0	0	0.13	0.13	64.94	21.90	0.00
0	4	0.00	0.00	0.95	0.00	0.00
1	1	0.00	0.02	0.38	0.30	0.00
1	5	0.00	0.00	0.40	0.60	0.00
2	2	0.00	0.00	0.77	0.50	0.00
2	6	0.00	0.00	0.37	0.99	0.00
3	3	0.00	0.00	0.28	0.99	0.00
3	7	0.00	0.02	0.10	0.99	0.00
Core	CPU	C1%	C3%	C6%	C8%	C9%
-	-	0.01	0.05	8.54	3.33	0.00
0	0	0.11	0.44	64.81	21.70	0.00
0	4	0.00	0.00	0.67	0.32	0.00
1	1	0.00	0.00	0.14	0.80	0.00
1	5	0.00	0.00	0.12	0.50	0.00
2	2	0.00	0.00	0.09	0.50	0.00
2	6	0.00	0.00	1.75	0.80	0.00
3	3	0.00	0.00	0.27	1.36	0.00
3	7	0.00	0.00	0.45	0.69	0.00
Core	CPU	C1%	C3%	C6%	C8%	C9%
-	-	0.01	0.04	8.25	3.44	0.00
0	0	0.11	0.32	62.41	21.20	0.00
0	4	0.00	0.03	1.08	0.29	0.00
1	1	0.00	0.00	0.28	0.89	0.00
1	5	0.00	0.00	0.96	0.79	0.00
2	2	0.00	0.00	0.25	1.28	0.00
2	6	0.01	0.00	0.46	1.28	0.02
3	3	0.00	0.00	0.19	0.94	0.00
3	7	0.00	0.00	0.39	0.88	0.00
Core	CPU	C1%	C3%	C6%	C8%	C9%
-	-	0.01	0.05	8.55	3.56	0.00
0	0	0.11	0.41	65.12	21.32	0.00
0	4	0.00	0.01	0.71	0.20	0.00
1	1	0.00	0.00	0.29	0.99	0.00
1	5	0.00	0.00	0.95	1.39	0.00
2	2	0.00	0.00	0.25	1.09	0.00
2	6	0.00	0.00	0.64	0.89	0.00
3	3	0.00	0.00	0.31	1.61	0.00
3	7	0.00	0.00	0.09	1.00	0.00
Core	CPU	C1%	C3%	C6%	C8%	C9%
-	-	0.15	0.10	8.34	3.16	0.11
0	0	0.09	0.69	63.98	21.35	0.00
0	4	0.09	0.04	0.85	0.10	0.89
1	1	0.99	0.01	0.15	0.40	0.00
1	5	0.00	0.02	0.36	0.30	0.00
2	2	0.00	0.00	0.69	0.30	0.00
2	6	0.00	0.00	0.28	0.89	0.00
3	3	0.00	0.00	0.26	0.97	0.00
3	7	0.00	0.00	0.13	0.99	0.00
Core	CPU	C1%	C3%	C6%	C8%	C9%
-	-	0.02	0.03	8.67	3.50	0.00
0	0	0.13	0.21	64.80	21.95	0.00
0	4	0.00	0.00	1.34	0.69	0.00
1	1	0.00	0.00	0.95	0.29	0.00
1	5	0.00	0.00	0.74	0.39	0.00
2	2	0.00	0.00	0.54	1.20	0.00
2	6	0.00	0.00	0.29	1.39	0.00
3	3	0.00	0.00	0.34	1.23	0.00
3	7	0.00	0.00	0.38	0.88	0.00
Core	CPU	C1%	C3%	C6%	C8%	C9%
-	-	0.01	0.09	8.58	3.40	0.00
0	0	0.10	0.64	65.40	20.82	0.00
0	4	0.00	0.05	1.00	0.09	0.00
1	1	0.00	0.00	0.29	1.19	0.00
1	5	0.00	0.00	0.57	1.19	0.00
2	2	0.00	0.00	0.65	0.89	0.00
2	6	0.00	0.00	0.14	1.29	0.00
3	3	0.00	0.02	0.39	0.63	0.00
3	7	0.00	0.00	0.20	1.09	0.00
Core	CPU	C1%	C3%	C6%	C8%	C9%
-	-	0.01	0.06	8.22	3.31	0.00
0	0	0.10	0.39	62.59	20.99	0.00
0	4	0.00	0.07	0.89	0.00	0.00
1	1	0.00	0.03	0.19	0.70	0.00
1	5	0.00	0.00	0.79	0.90	0.00
2	2	0.00	0.00	0.18	0.99	0.00
2	6	0.00	0.00	0.35	0.89	0.00
3	3	0.00	0.00	0.54	1.07	0.00
3	7	0.00	0.01	0.22	0.89	0.00
Core	CPU	C1%	C3%	C6%	C8%	C9%
-	-	0.01	0.03	8.79	3.24	2.28
0	0	0.12	0.22	65.25	21.40	0.00
0	4	0.00	0.01	1.10	0.17	18.24
1	1	0.00	0.00	0.86	0.49	0.00
1	5	0.00	0.00	0.35	1.09	0.00
2	2	0.00	0.00	0.83	0.68	0.00
2	6	0.00	0.02	1.00	0.79	0.00
3	3	0.00	0.00	0.19	0.94	0.00
3	7	0.00	0.00	0.77	0.39	0.00
Core	CPU	C1%	C3%	C6%	C8%	C9%
-	-	0.01	0.08	8.56	3.46	0.00
0	0	0.11	0.54	64.52	21.02	0.00
0	4	0.00	0.07	0.89	0.10	0.00
1	1	0.00	0.00	0.21	1.09	0.00
1	5	0.00	0.00	0.65	1.18	0.00
2	2	0.00	0.00	0.59	1.28	0.00
2	6	0.00	0.00	1.12	1.29	0.00
3	3	0.00	0.00	0.32	0.82	0.00
3	7	0.00	0.00	0.20	0.89	0.00
Core	CPU	C1%	C3%	C6%	C8%	C9%
-	-	0.02	0.02	8.54	3.35	0.00
0	0	0.11	0.13	65.05	21.69	0.00
0	4	0.02	0.04	0.84	0.09	0.00
1	1	0.00	0.00	0.62	0.00	0.00
1	5	0.00	0.01	0.70	0.20	0.00
2	2	0.00	0.00	0.28	1.09	0.00
2	6	0.00	0.00	0.37	0.90	0.00
3	3	0.00	0.00	0.25	1.97	0.00
3	7	0.00	0.00	0.22	0.89	0.00
Core	CPU	C1%	C3%	C6%	C8%	C9%
-	-	0.01	0.05	8.66	3.46	0.00
0	0	0.11	0.35	64.99	21.58	0.00
0	4	0.00	0.00	1.48	0.00	0.00
1	1	0.00	0.00	0.74	0.30	0.00
1	5	0.00	0.00	0.91	0.99	0.00
2	2	0.00	0.01	0.29	1.19	0.00
2	6	0.00	0.00	0.18	1.28	0.00
3	3	0.00	0.00	0.28	1.34	0.00
3	7	0.00	0.00	0.36	0.98	0.00
Core	CPU	C1%	C3%	C6%	C8%	C9%
-	-	0.02	0.06	8.49	3.19	0.69
0	0	0.11	0.43	63.44	20.13	0.00
0	4	0.00	0.03	0.98	0.20	2.08
1	1	0.00	0.00	1.06	0.90	0.00
1	5	0.00	0.00	0.45	0.89	0.00
2	2	0.00	0.00	0.54	0.99	0.00
2	6	0.01	0.00	0.82	1.00	3.44
3	3	0.00	0.01	0.28	0.65	0.00
3	7	0.00	0.00	0.38	0.79	0.00
Core	CPU	C1%	C3%	C6%	C8%	C9%
-	-	0.02	0.03	8.51	3.29	0.00
0	0	0.12	0.18	64.71	22.06	0.00
0	4	0.00	0.06	0.98	0.00	0.00
1	1	0.00	0.00	0.20	0.50	0.00
1	5	0.00	0.00	0.19	0.99	0.00
2	2	0.00	0.00	0.36	0.99	0.00
2	6	0.00	0.00	0.25	1.00	0.00
3	3	0.00	0.00	0.83	0.30	0.00
3	7	0.00	0.00	0.60	0.49	0.00
Core	CPU	C1%	C3%	C6%	C8%	C9%
-	-	0.02	0.08	8.57	3.32	0.00
0	0	0.11	0.62	64.77	20.75	0.00
0	4	0.08	0.00	0.77	0.27	0.00
1	1	0.00	0.01	0.55	0.22	0.00
1	5	0.00	0.00	0.50	0.50	0.00
2	2	0.00	0.03	0.70	0.69	0.00
2	6	0.00	0.00	0.22	1.28	0.00
3	3	0.00	0.00	0.33	1.67	0.00
3	7	0.00	0.00	0.71	1.18	0.00
Core	CPU	C1%	C3%	C6%	C8%	C9%
-	-	0.01	0.05	8.85	3.71	0.00
0	0	0.11	0.34	65.33	21.23	0.00
0	4	0.00	0.02	1.47	0.60	0.00
1	1	0.00	0.00	1.04	0.80	0.00
1	5	0.00	0.00	1.15	1.19	0.00
2	2	0.00	0.00	0.41	1.29	0.00
2	6	0.00	0.00	0.57	2.00	0.00
3	3	0.00	0.00	0.38	1.55	0.00
3	7	0.00	0.00	0.46	0.99	0.00
Core	CPU	C1%	C3%	C6%	C8%	C9%
-	-	0.02	0.06	8.44	3.43	0.00
0	0	0.13	0.43	64.75	21.76	0.00
0	4	0.00	0.00	1.02	0.00	0.00
1	1	0.00	0.00	0.29	1.18	0.00
1	5	0.00	0.00	0.47	0.89	0.00
2	2	0.00	0.00	0.15	1.09	0.00
2	6	0.00	0.00	0.14	0.99	0.00
3	3	0.00	0.01	0.39	0.73	0.00
3	7	0.00	0.00	0.29	0.79	0.00
Core	CPU	C1%	C3%	C6%	C8%	C9%
-	-	0.01	0.09	8.26	3.33	0.10
0	0	0.09	0.65	63.14	20.21	0.00
0	4	0.00	0.02	0.73	0.41	0.84
1	1	0.00	0.01	0.39	0.41	0.00
1	5	0.00	0.00	0.49	0.90	0.00
2	2	0.00	0.00	0.27	1.09	0.00
2	6	0.00	0.00	0.55	1.77	0.00
3	3	0.00	0.00	0.34	0.79	0.00
3	7	0.00	0.00	0.22	1.08	0.00
Core	CPU	C1%	C3%	C6%	C8%	C9%
-	-	0.01	0.12	8.53	6.87	0.13
0	0	0.11	0.70	64.56	21.92	0.00
0	4	0.00	0.00	0.96	0.00	1.05
1	1	0.00	0.00	0.31	0.99	0.00
1	5	0.00	0.00	0.23	1.10	0.00
2	2	0.00	0.01	0.49	0.11	0.00
2	6	0.00	0.00	0.10	0.86	0.00
3	3	0.00	0.00	0.38	0.78	0.00
3	7	0.01	0.21	1.20	29.25	0.00
Core	CPU	C1%	C3%	C6%	C8%	C9%
-	-	0.01	0.07	8.75	3.41	0.00
0	0	0.10	0.51	64.46	21.11	0.00
0	4	0.00	0.05	1.43	0.00	0.00
1	1	0.00	0.00	0.26	0.79	0.00
1	5	0.00	0.00	0.81	1.09	0.00
2	2	0.00	0.00	0.92	0.79	0.00
2	6	0.00	0.01	1.07	0.63	0.00
3	3	0.00	0.00	0.20	2.06	0.00
3	7	0.00	0.00	0.87	0.79	0.00
Core	CPU	C1%	C3%	C6%	C8%	C9%
-	-	0.03	0.02	8.46	3.43	0.00
0	0	0.21	0.13	64.97	21.69	0.00
0	4	0.00	0.03	0.89	0.00	0.00
1	1	0.00	0.00	0.19	1.19	0.00
1	5	0.00	0.00	0.37	1.09	0.00
2	2	0.00	0.00	0.35	0.80	0.00
2	6	0.00	0.00	0.23	0.92	0.00
3	3	0.00	0.02	0.39	0.81	0.00
3	7	0.00	0.00	0.29	0.99	0.00
Core	CPU	C1%	C3%	C6%	C8%	C9%
-	-	0.01	0.01	8.54	3.44	0.00
0	0	0.12	0.10	64.95	21.90	0.00
0	4	0.00	0.00	0.74	0.29	0.00
1	1	0.00	0.00	0.10	0.80	0.00
1	5	0.00	0.00	0.19	0.98	0.00
2	2	0.00	0.00	0.27	0.89	0.00
2	6	0.00	0.00	0.24	0.99	0.00
3	3	0.00	0.00	0.93	0.89	0.00
3	7	0.00	0.02	0.89	0.79	0.00
Core	CPU	C1%	C3%	C6%	C8%	C9%
-	-	0.01	0.06	8.22	3.52	0.21
0	0	0.10	0.41	63.09	20.44	0.00
0	4	0.00	0.05	1.49	0.69	0.00
1	1	0.00	0.00	0.15	0.99	0.00
1	5	0.00	0.00	0.13	0.99	0.00
2	2	0.00	0.00	0.10	1.52	0.00
2	6	0.01	0.00	0.20	1.09	1.71
3	3	0.00	0.00	0.38	1.58	0.00
3	7	0.00	0.00	0.25	0.89	0.00
Core	CPU	C1%	C3%	C6%	C8%	C9%
-	-	0.02	0.04	8.54	3.60	0.00
0	0	0.12	0.29	64.82	21.85	0.00
0	4	0.00	0.00	1.39	0.00	0.00
1	1	0.00	0.00	0.27	1.09	0.00
1	5	0.00	0.00	0.74	1.19	0.00
2	2	0.00	0.00	0.33	1.30	0.00
2	6	0.00	0.02	0.29	1.09	0.00
3	3	0.00	0.00	0.20	1.19	0.00
3	7	0.00	0.00	0.28	1.09	0.00
Core	CPU	C1%	C3%	C6%	C8%	C9%
-	-	0.04	0.04	8.58	3.63	0.00
0	0	0.12	0.27	64.63	21.23	0.00
0	4	0.00	0.01	0.73	0.41	0.00
1	1	0.00	0.00	0.09	0.41	0.00
1	5	0.00	0.00	0.38	1.19	0.00
2	2	0.00	0.02	1.13	2.08	0.00
2	6	0.18	0.00	0.96	1.09	0.00
3	3	0.00	0.00	0.42	1.20	0.00
3	7	0.00	0.00	0.29	1.39	0.00
Core	CPU	C1%	C3%	C6%	C8%	C9%
-	-	0.02	0.03	8.78	3.43	0.00
0	0	0.13	0.24	64.89	21.83	0.00
0	4	0.00	0.01	1.75	0.00	0.00
1	1	0.00	0.00	0.53	0.11	0.00
1	5	0.00	0.01	0.79	0.83	0.00
2	2	0.00	0.00	1.08	0.69	0.00
2	6	0.00	0.00	0.47	1.19	0.00
3	3	0.00	0.00	0.45	1.49	0.00
3	7	0.00	0.00	0.24	1.28	0.00
Core	CPU	C1%	C3%	C6%	C8%	C9%
-	-	0.02	0.03	8.43	3.46	0.00
0	0	0.11	0.23	64.61	22.05	0.00
0	4	0.00	0.02	0.89	0.71	0.00
1	1	0.00	0.00	0.44	0.70	0.00
1	5	0.00	0.00	0.43	0.71	0.00
2	2	0.00	0.02	0.29	0.80	0.00
2	6	0.02	0.00	0.09	1.10	0.00
3	3	0.00	0.00	0.28	0.89	0.00
3	7	0.00	0.00	0.45	0.70	0.00
Core	CPU	C1%	C3%	C6%	C8%	C9%
-	-	0.01	0.07	8.18	3.39	0.30
0	0	0.09	0.58	62.85	20.53	0.00
0	4	0.00	0.01	0.31	0.60	2.40
1	1	0.00	0.00	0.28	0.89	0.00
1	5	0.00	0.00	1.07	0.59	0.00
2	2	0.00	0.00	0.24	1.18	0.00
2	6	0.00	0.00	0.32	1.19	0.00
3	3	0.00	0.00	0.10	1.09	0.00
3	7	0.00	0.00	0.29	1.04	0.00
Core	CPU	C1%	C3%	C6%	C8%	C9%
-	-	0.02	0.03	8.70	3.28	0.00
0	0	0.11	0.19	65.15	21.66	0.00
0	4	0.01	0.04	0.78	0.40	0.00
1	1	0.00	0.01	0.30	0.40	0.00
1	5	0.00	0.00	0.40	0.59	0.00
2	2	0.00	0.00	0.28	0.89	0.00
2	6	0.00	0.00	0.65	1.29	0.00
3	3	0.00	0.00	1.12	0.58	0.00
3	7	0.00	0.02	0.89	0.42	0.00
Core	CPU	C1%	C3%	C6%	C8%	C9%
-	-	0.01	0.05	8.56	3.30	0.10
0	0	0.10	0.37	64.50	21.23	0.84
0	4	0.00	0.02	0.86	0.20	0.00
1	1	0.00	0.00	0.25	0.40	0.00
1	5	0.00	0.00	0.13	0.50	0.00
2	2	0.00	0.00	0.10	0.79	0.00
2	6	0.00	0.00	1.46	1.09	0.00
3	3	0.00	0.00	0.36	0.89	0.00
3	7	0.00	0.00	0.82	1.28	0.00
Core	CPU	C1%	C3%	C6%	C8%	C9%
-	-	0.02	0.03	8.53	3.45	0.00
0	0	0.18	0.23	64.84	21.76	0.00
0	4	0.00	0.00	1.09	0.31	0.00
1	1	0.00	0.00	0.32	0.88	0.00
1	5	0.00	0.00	0.96	0.79	0.00
2	2	0.00	0.00	0.32	0.81	0.00
2	6	0.00	0.00	0.23	1.09	0.00
3	3	0.00	0.00	0.10	1.09	0.00
3	7	0.00	0.01	0.35	0.85	0.00
