Core	CPU	C1%	C3%	C6%	C8%	C9%
-	-	2.77	1.32	10.36	8.52	5.43
0	0	0.07	4.23	50.28	25.41	0.00
0	4	0.00	0.00	1.05	0.09	43.44
1	1	0.00	0.08	3.92	26.24	0.05
1	5	0.63	0.05	0.56	0.79	0.00
2	2	0.00	0.00	1.39	0.30	0.00
2	6	0.00	0.05	2.52	2.02	0.00
3	3	21.40	6.12	22.54	12.53	0.00
3	7	0.10	0.00	0.70	0.79	0.00
Core	CPU	C1%	C3%	C6%	C8%	C9%
-	-	3.70	1.36	8.25	10.34	0.82
0	0	0.07	2.99	36.92	18.13	0.00
0	4	0.00	0.00	0.34	0.80	6.57
1	1	0.00	0.04	4.10	60.88	0.00
1	5	0.00	0.02	1.20	0.70	0.00
2	2	0.00	0.00	0.79	0.89	0.00
2	6	0.00	0.00	0.28	0.99	0.00
3	3	29.54	7.83	21.72	0.00	0.00
3	7	0.00	0.00	0.63	0.29	0.00
Core	CPU	C1%	C3%	C6%	C8%	C9%
-	-	3.11	1.79	11.16	4.38	9.09
0	0	0.08	7.13	61.44	25.16	0.00
0	4	0.00	0.05	2.49	2.57	72.75
1	1	0.00	0.00	0.52	1.48	0.00
1	5	0.00	0.02	0.86	1.38	0.00
2	2	0.00	0.00	0.34	1.39	0.00
2	6	0.00	0.00	0.31	1.39	0.00
3	3	24.82	7.14	22.86	0.40	0.00
3	7	0.00	0.00	0.47	1.29	0.00
Core	CPU	C1%	C3%	C6%	C8%	C9%
-	-	2.91	1.63	10.76	6.49	4.53
0	0	0.15	5.58	52.24	21.80	0.00
0	4	0.00	0.07	6.84	2.61	36.28
1	1	0.00	0.03	2.42	22.07	0.00
1	5	0.00	0.01	0.81	1.27	0.00
2	2	0.00	0.00	0.97	1.28	0.00
2	6	0.00	0.00	0.38	1.28	0.00
3	3	23.11	7.32	22.10	0.30	0.00
3	7	0.00	0.00	0.32	1.29	0.00
Core	CPU	C1%	C3%	C6%	C8%	C9%
-	-	2.83	1.63	11.70	6.05	6.45
0	0	0.08	5.98	59.01	27.05	0.00
0	4	0.00	0.11	4.32	2.07	48.86
1	1	0.00	0.02	2.76	13.26	0.00
1	5	0.01	0.02	1.15	1.08	2.56
2	2	0.00	0.00	0.43	1.58	0.00
2	6	0.00	0.02	0.45	1.38	0.20
3	3	22.58	6.86	24.72	0.99	0.00
3	7	0.00	0.00	0.77	0.98	0.00
Core	CPU	C1%	C3%	C6%	C8%	C9%
-	-	2.74	1.72	11.70	3.82	8.66
0	0	0.09	6.51	62.91	25.00	0.00
0	4	0.00	0.10	4.02	0.81	69.27
1	1	0.00	0.00	0.26	1.86	0.00
1	5	0.00	0.04	0.97	0.89	0.00
2	2	0.00	0.00	0.37	0.69	0.00
2	6	0.00	0.00	0.35	0.89	0.00
3	3	21.82	7.10	24.12	0.30	0.00
3	7	0.00	0.00	0.60	0.10	0.00
Core	CPU	C1%	C3%	C6%	C8%	C9%
-	-	2.29	1.68	11.82	6.22	7.64
0	0	0.11	6.35	57.97	29.27	0.00
0	4	0.01	0.10	9.36	2.22	60.21
1	1	0.00	0.04	0.69	12.39	0.00
1	5	0.00	0.00	0.72	1.08	0.89
2	2	0.00	0.01	0.29	0.89	0.00
2	6	0.00	0.00	0.19	0.89	0.00
3	3	18.18	6.93	24.42	1.11	0.00
3	7	0.00	0.00	0.92	1.88	0.00
Core	CPU	C1%	C3%	C6%	C8%	C9%
-	-	2.73	1.75	11.65	3.77	4.72
0	0	0.08	7.15	61.25	25.30	0.00
0	4	0.00	0.23	9.02	2.00	37.76
1	1	0.00	0.00	0.48	0.00	0.00
1	5	0.00	0.05	0.84	0.00	0.00
2	2	0.00	0.00	0.05	0.39	0.00
2	6	0.00	0.00	0.23	1.29	0.00
3	3	21.79	6.54	21.29	0.69	0.00
3	7	0.00	0.00	0.00	0.49	0.00
Core	CPU	C1%	C3%	C6%	C8%	C9%
-	-	2.81	1.72	11.69	4.27	7.58
0	0	0.21	5.94	60.30	27.71	0.00
0	4	0.00	0.28	3.60	0.90	60.64
1	1	0.00	0.00	0.57	0.89	0.00
1	5	0.00	0.05	1.04	0.98	0.00
2	2	0.00	0.00	0.68	1.20	0.00
2	6	0.00	0.00	0.38	0.99	0.00
3	3	22.31	7.49	26.51	0.79	0.00
3	7	0.00	0.00	0.44	0.69	0.00
Core	CPU	C1%	C3%	C6%	C8%	C9%
-	-	2.08	1.59	11.93	5.41	2.98
0	0	0.18	6.02	57.00	26.55	0.00
0	4	0.01	1.42	18.17	4.65	23.78
1	1	0.00	0.08	1.63	5.85	0.00
1	5	0.00	0.00	1.07	0.89	0.04
2	2	0.00	0.00	0.36	1.18	0.00
2	6	0.00	0.00	0.23	1.39	0.00
3	3	16.47	5.18	16.67	1.58	0.00
3	7	0.00	0.00	0.30	1.18	0.00
Core	CPU	C1%	C3%	C6%	C8%	C9%
-	-	0.97	0.84	8.88	14.28	0.14
0	0	0.41	1.89	40.03	20.48	1.12
0	4	0.00	0.00	10.40	62.83	0.00
1	1	0.00	0.04	2.10	24.93	0.00
1	5	2.10	2.64	8.62	0.59	0.00
2	2	0.00	0.00	0.19	2.07	0.00
2	6	0.00	0.00	0.36	0.39	0.00
3	3	5.28	2.14	9.11	1.88	0.00
3	7	0.00	0.00	0.23	1.09	0.00
Core	CPU	C1%	C3%	C6%	C8%	C9%
-	-	0.20	0.12	6.39	15.82	0.00
0	0	0.43	0.54	36.40	31.11	0.03
0	4	0.00	0.00	8.70	89.17	0.00
1	1	0.00	0.00	0.74	0.59	0.00
1	5	1.18	0.42	2.89	0.90	0.00
2	2	0.00	0.01	1.16	1.20	0.00
2	6	0.00	0.00	0.14	1.00	0.00
3	3	0.00	0.00	0.48	0.60	0.00
3	7	0.00	0.00	0.59	1.97	0.00
Core	CPU	C1%	C3%	C6%	C8%	C9%
-	-	0.05	0.02	6.10	16.75	0.00
0	0	0.41	0.13	36.64	35.64	0.00
0	4	0.00	0.00	8.42	89.65	0.00
1	1	0.00	0.00	0.92	2.07	0.00
1	5	0.00	0.00	1.06	0.96	0.00
2	2	0.00	0.00	0.24	1.49	0.00
2	6	0.00	0.00	0.37	1.81	0.00
3	3	0.00	0.00	0.19	1.39	0.00
3	7	0.00	0.00	0.97	1.00	0.00
Core	CPU	C1%	C3%	C6%	C8%	C9%
-	-	0.06	0.33	8.30	14.19	0.00
0	0	0.24	2.58	47.67	23.05	0.00
0	4	0.00	0.02	14.30	83.94	0.00
1	1	0.00	0.03	1.76	2.06	0.00
1	5	0.15	0.01	0.37	1.09	0.00
2	2	0.00	0.00	0.56	1.18	0.00
2	6	0.00	0.00	0.41	0.99	0.00
3	3	0.10	0.00	0.72	0.69	0.00
3	7	0.00	0.00	0.60	0.49	0.00
Core	CPU	C1%	C3%	C6%	C8%	C9%
-	-	0.04	0.40	6.42	15.03	0.43
0	0	0.35	3.11	39.40	29.45	0.00
0	4	0.00	0.02	9.62	86.45	0.00
1	1	0.00	0.04	0.44	1.19	0.00
1	5	0.01	0.00	0.89	0.30	3.44
2	2	0.00	0.00	0.36	0.60	0.00
2	6	0.00	0.00	0.23	1.09	0.00
3	3	0.00	0.00	0.32	0.40	0.00
3	7	0.00	0.00	0.10	0.80	0.00
Core	CPU	C1%	C3%	C6%	C8%	C9%
-	-	0.04	0.09	6.35	15.91	0.00
0	0	0.32	0.59	38.44	33.56	0.00
0	4	0.00	0.00	9.94	88.11	0.00
1	1	0.00	0.08	1.00	0.80	0.00
1	5	0.00	0.00	0.67	0.79	0.00
2	2	0.00	0.00	0.26	0.79	0.00
2	6	0.00	0.01	0.14	1.97	0.00
3	3	0.00	0.02	0.28	0.40	0.00
3	7	0.00	0.00	0.10	0.89	0.00
Core	CPU	C1%	C3%	C6%	C8%	C9%
-	-	0.04	0.17	6.38	16.05	0.00
0	0	0.34	1.29	37.37	33.95	0.00
0	4	0.00	0.00	9.28	88.79	0.00
1	1	0.00	0.05	0.85	0.69	0.00
1	5	0.00	0.04	0.60	0.76	0.00
2	2	0.00	0.00	0.29	1.28	0.00
2	6	0.00	0.00	1.72	0.69	0.00
3	3	0.00	0.00	0.62	0.89	0.00
3	7	0.00	0.00	0.32	1.39	0.00
Core	CPU	C1%	C3%	C6%	C8%	C9%
-	-	1.25	0.51	6.81	14.22	0.22
0	0	0.24	0.78	28.31	21.64	1.76
0	4	0.00	0.00	13.35	85.07	0.00
1	1	0.00	0.01	0.54	2.51	0.00
1	5	0.00	0.00	0.95	0.60	0.00
2	2	0.00	0.02	0.29	0.80	0.00
2	6	0.00	0.00	0.10	0.69	0.00
3	3	9.75	3.23	10.54	1.59	0.00
3	7	0.00	0.00	0.37	0.89	0.00
Core	CPU	C1%	C3%	C6%	C8%	C9%
-	-	0.05	0.06	6.10	16.62	0.00
0	0	0.41	0.30	37.15	35.05	0.00
0	4	0.00	0.00	7.57	90.48	0.00
1	1	0.00	0.10	1.57	2.05	0.00
1	5	0.00	0.02	0.86	0.88	0.00
2	2	0.00	0.00	0.25	1.09	0.00
2	6	0.00	0.00	0.52	1.59	0.00
3	3	0.00	0.01	0.50	0.59	0.00
3	7	0.00	0.00	0.38	1.19	0.00
Core	CPU	C1%	C3%	C6%	C8%	C9%
-	-	0.05	0.34	6.78	15.12	0.00
0	0	0.43	2.70	40.42	28.43	0.00
0	4	0.00	0.01	10.26	85.32	0.00
1	1	0.00	0.03	1.92	2.76	0.00
1	5	0.00	0.00	0.47	1.29	0.00
2	2	0.00	0.00	0.70	1.29	0.00
2	6	0.00	0.00	0.25	1.19	0.00
3	3	0.00	0.02	0.20	0.20	0.00
3	7	0.00	0.00	0.00	0.50	0.00
Core	CPU	C1%	C3%	C6%	C8%	C9%
-	-	0.05	0.09	6.43	16.04	0.00
0	0	0.38	0.71	38.46	33.34	0.00
0	4	0.00	0.00	9.59	88.51	0.00
1	1	0.00	0.03	1.20	1.08	0.00
1	5	0.00	0.01	0.86	0.59	0.00
2	2	0.00	0.00	0.39	1.87	0.00
2	6	0.00	0.00	0.37	0.79	0.00
3	3	0.00	0.00	0.36	1.09	0.00
3	7	0.00	0.00	0.23	1.08	0.00
Core	CPU	C1%	C3%	C6%	C8%	C9%
-	-	0.04	0.19	6.64	15.78	0.01
0	0	0.35	1.46	38.29	32.83	0.00
0	4	0.00	0.00	9.53	87.68	0.00
1	1	0.00	0.01	1.22	1.09	0.09
1	5	0.00	0.04	0.55	1.27	0.00
2	2	0.00	0.02	1.18	1.09	0.00
2	6	0.00	0.00	0.59	0.60	0.00
3	3	0.00	0.00	0.88	0.49	0.00
3	7	0.00	0.00	0.86	1.18	0.00
Core	CPU	C1%	C3%	C6%	C8%	C9%
-	-	0.18	0.15	6.56	15.87	0.06
0	0	0.36	0.59	37.40	31.83	0.50
0	4	0.00	0.01	9.88	88.22	0.00
1	1	1.09	0.49	3.05	1.38	0.00
1	5	0.00	0.00	0.28	0.99	0.00
2	2	0.00	0.00	0.20	1.19	0.00
2	6	0.00	0.00	0.33	1.19	0.00
3	3	0.00	0.13	0.29	1.09	0.00
3	7	0.00	0.00	1.08	1.09	0.00
Core	CPU	C1%	C3%	C6%	C8%	C9%
-	-	0.03	0.41	7.60	14.63	0.00
0	0	0.25	3.20	47.84	21.79	0.00
0	4	0.00	0.01	8.88	82.88	0.00
1	1	0.00	0.03	1.92	6.13	0.00
1	5	0.00	0.00	0.19	0.99	0.00
2	2	0.00	0.01	0.97	1.48	0.00
2	6	0.00	0.00	0.43	1.29	0.00
3	3	0.00	0.00	0.25	1.08	0.00
3	7	0.00	0.03	0.29	1.38	0.00
Core	CPU	C1%	C3%	C6%	C8%	C9%
-	-	0.05	0.31	5.88	15.65	0.43
0	0	0.36	2.51	36.49	33.15	0.00
0	4	0.00	0.00	7.24	80.49	0.00
1	1	0.00	0.00	1.67	7.68	0.00
1	5	0.00	0.00	0.13	0.79	3.45
2	2	0.00	0.00	0.29	0.80	0.00
2	6	0.00	0.00	0.59	0.69	0.00
3	3	0.00	0.00	0.28	0.79	0.00
3	7	0.00	0.00	0.35	0.79	0.00
Core	CPU	C1%	C3%	C6%	C8%	C9%
-	-	0.05	0.07	6.16	15.85	0.00
0	0	0.41	0.51	38.10	33.89	0.00
0	4	0.00	0.00	9.24	88.87	0.00
1	1	0.00	0.03	0.72	0.40	0.00
1	5	0.00	0.00	0.18	0.49	0.00
2	2	0.00	0.01	0.39	0.70	0.00
2	6	0.00	0.00	0.10	0.90	0.00
3	3	0.00	0.00	0.19	0.78	0.00
3	7	0.00	0.00	0.36	0.79	0.00
Core	CPU	C1%	C3%	C6%	C8%	C9%
-	-	0.05	0.26	6.75	15.50	0.00
0	0	0.36	1.99	40.99	29.80	0.00
0	4	0.00	0.01	9.80	88.34	0.00
1	1	0.00	0.06	1.23	0.89	0.00
1	5	0.00	0.00	0.60	1.00	0.00
2	2	0.00	0.00	0.26	1.18	0.00
2	6	0.05	0.00	0.67	1.09	0.00
3	3	0.00	0.02	0.20	0.99	0.00
3	7	0.00	0.00	0.30	0.69	0.00
Core	CPU	C1%	C3%	C6%	C8%	C9%
-	-	0.05	0.08	6.31	16.24	0.00
0	0	0.37	0.62	39.12	32.74	0.00
0	4	0.00	0.00	6.78	81.00	0.00
1	1	0.00	0.05	2.29	10.37	0.00
1	5	0.00	0.00	0.49	0.99	0.00
2	2	0.00	0.00	0.85	1.30	0.00
2	6	0.00	0.00	0.60	0.89	0.00
3	3	0.00	0.00	0.25	1.28	0.00
3	7	0.00	0.00	0.13	1.38	0.00
Core	CPU	C1%	C3%	C6%	C8%	C9%
-	-	0.05	0.03	6.00	16.33	0.00
0	0	0.41	0.13	36.47	35.86	0.00
0	4	0.00	0.00	7.96	86.19	0.00
1	1	0.00	0.07	1.33	3.75	0.00
1	5	0.00	0.00	0.35	1.07	0.00
2	2	0.00	0.01	0.69	0.70	0.00
2	6	0.00	0.00	0.47	1.28	0.00
3	3	0.00	0.00	0.28	1.09	0.00
3	7	0.00	0.00	0.50	0.69	0.00
Core	CPU	C1%	C3%	C6%	C8%	C9%
-	-	0.04	0.35	6.78	14.94	0.00
0	0	0.32	2.72	40.24	28.63	0.00
0	4	0.00	0.00	10.85	84.65	0.00
1	1	0.00	0.05	1.67	1.29	0.00
1	5	0.00	0.00	0.38	0.29	0.00
2	2	0.00	0.00	0.15	0.40	0.00
2	6	0.00	0.00	0.23	0.99	0.00
3	3	0.00	0.00	0.56	1.79	0.00
3	7	0.00	0.00	0.19	1.48	0.00
Core	CPU	C1%	C3%	C6%	C8%	C9%
-	-	1.32	0.61	7.60	12.98	0.31
0	0	0.20	1.43	29.86	16.31	2.52
0	4	0.00	0.00	17.38	81.10	0.00
1	1	10.39	3.40	11.38	1.28	0.00
1	5	0.00	0.01	0.39	0.88	0.00
2	2	0.00	0.00	0.37	0.99	0.00
2	6	0.00	0.00	0.85	0.89	0.00
3	3	0.00	0.00	0.32	1.40	0.00
3	7	0.00	0.00	0.29	1.00	0.00
Core	CPU	C1%	C3%	C6%	C8%	C9%
-	-	0.04	0.19	6.43	15.75	0.00
0	0	0.36	1.51	39.69	31.44	0.00
0	4	0.00	0.02	8.37	89.64	0.00
1	1	0.00	0.00	0.49	0.00	0.00
1	5	0.00	0.00	1.05	0.30	0.00
2	2	0.00	0.01	1.07	1.67	0.00
2	6	0.00	0.00	0.47	1.29	0.00
3	3	0.00	0.00	0.23	1.09	0.00
3	7	0.00	0.00	0.10	0.60	0.00
Core	CPU	C1%	C3%	C6%	C8%	C9%
-	-	0.82	0.80	8.80	14.57	0.08
0	0	0.25	2.26	42.49	22.05	0.63
0	4	0.00	0.02	11.42	86.90	0.00
1	1	1.79	1.86	7.95	1.87	0.00
1	5	0.00	0.00	0.58	0.89	0.00
2	2	4.53	2.23	6.96	1.88	0.00
2	6	0.00	0.00	0.58	1.30	0.00
3	3	0.00	0.02	0.29	0.60	0.00
3	7	0.00	0.00	0.10	1.09	0.00
Core	CPU	C1%	C3%	C6%	C8%	C9%
-	-	0.03	0.18	6.73	15.71	0.00
0	0	0.26	1.42	40.91	30.20	0.00
0	4	0.00	0.00	9.44	88.75	0.00
1	1	0.00	0.02	0.88	1.27	0.00
1	5	0.00	0.00	0.29	1.39	0.00
2	2	0.00	0.00	0.98	0.39	0.00
2	6	0.00	0.02	0.75	1.28	0.00
3	3	0.00	0.00	0.36	1.18	0.00
3	7	0.00	0.00	0.24	1.19	0.00
Core	CPU	C1%	C3%	C6%	C8%	C9%
-	-	0.41	0.73	7.65	13.53	0.18
0	0	0.21	4.29	39.72	17.91	1.47
0	4	0.00	0.00	11.75	84.32	0.00
1	1	0.00	0.00	0.42	2.07	0.00
1	5	0.00	0.00	0.15	0.59	0.00
2	2	0.00	0.00	0.82	0.30	0.00
2	6	3.05	1.53	7.58	0.68	0.00
3	3	0.00	0.00	0.39	1.29	0.00
3	7	0.00	0.00	0.37	1.08	0.00
Core	CPU	C1%	C3%	C6%	C8%	C9%
-	-	0.06	0.13	6.82	15.74	0.00
0	0	0.46	1.02	41.78	30.16	0.00
0	4	0.00	0.01	9.19	88.99	0.00
1	1	0.00	0.00	0.34	1.26	0.00
1	5	0.00	0.00	0.28	1.18	0.00
2	2	0.00	0.00	1.11	1.27	0.00
2	6	0.00	0.00	1.25	0.58	0.00
3	3	0.00	0.02	0.39	1.19	0.00
3	7	0.00	0.00	0.20	1.29	0.00
Core	CPU	C1%	C3%	C6%	C8%	C9%
-	-	2.42	0.99	6.84	12.64	0.35
0	0	0.11	2.01	20.00	12.13	2.80
0	4	0.00	0.00	15.30	83.43	0.00
1	1	19.28	5.87	16.90	0.70	0.00
1	5	0.00	0.01	1.05	0.79	0.00
2	2	0.00	0.00	0.19	0.89	0.00
2	6	0.00	0.00	0.68	0.79	0.00
3	3	0.00	0.00	0.26	0.88	0.00
3	7	0.00	0.00	0.33	1.48	0.00
Core	CPU	C1%	C3%	C6%	C8%	C9%
-	-	0.05	0.13	6.79	15.47	0.00
0	0	0.36	1.02	40.22	31.36	0.00
0	4	0.00	0.00	10.89	87.26	0.00
1	1	0.00	0.00	0.45	0.69	0.00
1	5	0.00	0.00	0.58	0.30	0.00
2	2	0.00	0.02	0.39	0.89	0.00
2	6	0.00	0.00	0.51	1.11	0.00
3	3	0.00	0.00	0.19	0.89	0.00
3	7	0.00	0.00	1.06	1.28	0.00
Core	CPU	C1%	C3%	C6%	C8%	C9%
-	-	0.05	0.11	6.47	15.92	0.00
0	0	0.37	0.82	39.45	32.29	0.00
0	4	0.00	0.00	9.85	88.26	0.00
1	1	0.00	0.00	0.19	0.79	0.00
1	5	0.00	0.00	0.27	0.89	0.00
2	2	0.00	0.00	0.45	1.67	0.00
2	6	0.00	0.06	1.05	1.98	0.00
3	3	0.00	0.02	0.19	0.61	0.00
3	7	0.00	0.00	0.29	0.88	0.00
Core	CPU	C1%	C3%	C6%	C8%	C9%
-	-	0.05	0.32	7.07	14.92	0.00
0	0	0.26	2.45	42.28	26.17	0.00
0	4	0.00	0.00	8.54	77.65	0.00
1	1	0.00	0.02	1.48	10.93	0.00
1	5	0.01	0.00	0.19	0.80	0.00
2	2	0.10	0.02	1.10	1.59	0.00
2	6	0.00	0.00	0.77	0.89	0.00
3	3	0.00	0.00	1.22	0.60	0.00
3	7	0.00	0.05	1.01	0.69	0.00
Core	CPU	C1%	C3%	C6%	C8%	C9%
-	-	2.37	1.41	10.77	6.74	6.76
0	0	0.25	5.19	57.49	25.95	0.00
0	4	0.00	0.00	1.73	18.23	54.09
1	1	9.01	2.92	11.25	3.46	0.00
1	5	0.00	0.05	0.58	2.14	0.00
2	2	0.00	0.00	0.39	1.29	0.00
2	6	0.00	0.03	0.55	1.18	0.00
3	3	0.00	0.00	1.26	0.59	0.00
3	7	9.69	3.11	12.91	1.05	0.00
Core	CPU	C1%	C3%	C6%	C8%	C9%
-	-	1.69	0.84	8.06	12.30	0.84
0	0	0.16	1.68	28.74	13.68	4.07
0	4	0.00	0.00	17.46	77.22	2.69
1	1	13.39	5.04	15.93	2.77	0.00
1	5	0.00	0.00	0.41	0.39	0.00
2	2	0.00	0.00	0.20	0.99	0.00
2	6	0.00	0.01	0.61	1.19	0.00
3	3	0.00	0.00	0.49	1.59	0.00
3	7	0.00	0.00	0.65	0.59	0.00
Core	CPU	C1%	C3%	C6%	C8%	C9%
-	-	0.05	0.35	8.09	14.21	0.00
0	0	0.25	2.74	47.18	23.45	0.00
0	4	0.00	0.00	13.87	84.39	0.00
1	1	0.00	0.00	0.58	0.88	0.00
1	5	0.06	0.00	0.56	0.79	0.00
2	2	0.00	0.00	0.66	1.40	0.00
2	6	0.00	0.03	1.02	1.38	0.00
3	3	0.09	0.02	0.41	0.30	0.00
3	7	0.00	0.00	0.43	1.09	0.00
Core	CPU	C1%	C3%	C6%	C8%	C9%
-	-	0.04	0.25	7.04	15.17	0.00
0	0	0.30	1.99	43.03	27.62	0.00
0	4	0.00	0.02	10.61	86.67	0.00
1	1	0.00	0.00	0.20	1.09	0.00
1	5	0.00	0.00	0.19	0.99	0.00
2	2	0.00	0.00	0.64	1.68	0.00
2	6	0.00	0.00	1.16	0.80	0.00
3	3	0.00	0.00	0.32	1.39	0.00
3	7	0.00	0.00	0.20	1.09	0.00
Core	CPU	C1%	C3%	C6%	C8%	C9%
-	-	0.03	0.40	7.00	14.78	0.00
0	0	0.28	3.23	41.85	26.50	0.00
0	4	0.00	0.00	12.07	83.62	0.00
1	1	0.00	0.00	0.34	1.56	0.00
1	5	0.00	0.00	0.32	1.09	0.03
2	2	0.00	0.00	0.20	1.19	0.00
2	6	0.00	0.00	0.59	1.49	0.00
3	3	0.00	0.00	0.37	1.38	0.00
3	7	0.00	0.00	0.25	1.38	0.00
Core	CPU	C1%	C3%	C6%	C8%	C9%
-	-	0.05	0.01	5.88	16.30	0.00
0	0	0.40	0.10	36.27	35.99	0.00
0	4	0.00	0.00	8.70	89.39	0.00
1	1	0.00	0.00	0.52	1.00	0.00
1	5	0.00	0.00	0.45	0.40	0.00
2	2	0.00	0.00	0.14	0.99	0.00
2	6	0.00	0.00	0.44	1.58	0.00
3	3	0.00	0.00	0.11	0.60	0.00
3	7	0.00	0.00	0.39	0.49	0.00
Core	CPU	C1%	C3%	C6%	C8%	C9%
-	-	0.23	0.39	7.13	15.02	0.15
0	0	0.28	1.91	37.85	25.60	1.22
0	4	0.00	0.00	11.85	86.36	0.00
1	1	0.00	0.07	0.62	2.86	0.00
1	5	0.00	0.00	0.27	0.89	0.00
2	2	0.00	0.00	0.43	1.28	0.00
2	6	1.54	1.10	5.15	0.80	0.00
3	3	0.00	0.02	0.66	1.39	0.00
3	7	0.00	0.00	0.19	0.99	0.00
Core	CPU	C1%	C3%	C6%	C8%	C9%
-	-	1.09	0.96	9.64	10.41	1.81
0	0	0.25	4.46	46.66	13.88	1.93
0	4	0.00	0.01	16.56	63.87	12.57
1	1	0.00	0.03	1.38	1.08	0.00
1	5	0.00	0.00	0.29	0.98	0.00
2	2	8.45	3.18	11.72	0.40	0.00
2	6	0.00	0.00	0.24	0.99	0.00
3	3	0.00	0.00	0.22	1.10	0.00
3	7	0.00	0.00	0.10	1.00	0.00
Core	CPU	C1%	C3%	C6%	C8%	C9%
-	-	0.05	0.02	5.98	16.19	0.00
0	0	0.43	0.12	36.65	35.66	0.00
0	4	0.00	0.00	8.61	89.50	0.00
1	1	0.00	0.00	0.67	0.50	0.00
1	5	0.00	0.05	0.64	0.59	0.00
2	2	0.00	0.00	0.20	0.70	0.00
2	6	0.00	0.00	0.46	0.69	0.00
3	3	0.00	0.00	0.37	0.69	0.00
3	7	0.00	0.00	0.24	1.18	0.00
Core	CPU	C1%	C3%	C6%	C8%	C9%
-	-	0.05	0.29	6.17	15.36	0.00
0	0	0.37	2.32	38.19	31.26	0.00
0	4	0.00	0.00	8.89	86.68	0.00
1	1	0.00	0.01	0.66	0.89	0.00
1	5	0.01	0.01	0.33	0.99	0.00
2	2	0.00	0.01	0.34	0.50	0.00
2	6	0.00	0.00	0.19	0.79	0.00
3	3	0.00	0.00	0.28	1.18	0.00
3	7	0.00	0.00	0.46	0.59	0.00
Core	CPU	C1%	C3%	C6%	C8%	C9%
-	-	0.34	0.21	6.35	15.63	0.00
0	0	0.29	0.67	36.18	31.26	0.02
0	4	0.00	0.00	10.32	87.86	0.00
1	1	0.00	0.00	0.50	1.20	0.00
1	5	0.00	0.00	0.27	0.79	0.00
2	2	0.00	0.00	0.26	0.79	0.00
2	6	2.43	1.00	2.62	0.99	0.00
3	3	0.00	0.02	0.39	1.09	0.00
3	7	0.00	0.00	0.30	1.08	0.00
Core	CPU	C1%	C3%	C6%	C8%	C9%
-	-	0.35	0.36	6.96	15.74	0.03
0	0	0.33	2.20	38.95	28.50	0.24
0	4	0.00	0.00	9.40	87.89	0.00
1	1	0.00	0.02	0.50	1.80	0.00
1	5	0.00	0.00	0.69	1.88	0.00
2	2	0.00	0.00	0.81	2.28	0.00
2	6	1.76	0.65	3.36	0.59	0.00
3	3	0.00	0.00	1.04	1.38	0.00
3	7	0.71	0.00	0.93	1.58	0.00
Core	CPU	C1%	C3%	C6%	C8%	C9%
-	-	0.05	0.05	6.21	16.41	0.00
0	0	0.41	0.43	37.59	34.49	0.00
0	4	0.00	0.00	9.23	88.88	0.00
1	1	0.00	0.00	0.57	1.09	0.00
1	5	0.00	0.00	0.34	0.99	0.00
2	2	0.00	0.00	0.61	2.38	0.00
2	6	0.00	0.00	0.49	1.49	0.00
3	3	0.00	0.00	0.39	1.09	0.00
3	7	0.00	0.00	0.46	0.88	0.00
Core	CPU	C1%	C3%	C6%	C8%	C9%
-	-	0.05	0.11	6.42	15.74	0.00
0	0	0.44	0.79	38.95	32.80	0.00
0	4	0.00	0.01	9.98	88.16	0.00
1	1	0.00	0.01	0.56	1.08	0.00
1	5	0.00	0.06	0.84	0.50	0.00
2	2	0.00	0.00	0.25	0.59	0.00
2	6	0.00	0.00	0.34	0.98	0.00
3	3	0.00	0.02	0.24	0.60	0.00
3	7	0.00	0.00	0.19	1.19	0.00
Core	CPU	C1%	C3%	C6%	C8%	C9%
-	-	0.05	0.31	6.20	15.48	0.43
0	0	0.41	2.39	37.71	31.58	0.00
0	4	0.00	0.00	8.23	87.41	0.00
1	1	0.00	0.09	1.21	0.30	0.00
1	5	0.01	0.01	1.19	0.60	3.45
2	2	0.00	0.00	0.30	0.88	0.00
2	6	0.00	0.00	0.37	1.18	0.00
3	3	0.00	0.00	0.36	0.78	0.00
3	7	0.00	0.00	0.23	1.09	0.00
Core	CPU	C1%	C3%	C6%	C8%	C9%
-	-	0.63	1.01	10.27	14.16	0.11
0	0	0.19	3.79	47.88	14.99	0.58
0	4	0.00	0.00	13.69	84.69	0.00
1	1	4.44	3.23	13.37	8.99	0.00
1	5	0.00	0.00	0.75	0.00	0.00
2	2	0.42	1.05	4.81	3.24	0.29
2	6	0.00	0.03	1.10	0.50	0.00
3	3	0.00	0.00	0.10	0.49	0.00
3	7	0.00	0.00	0.48	0.39	0.00
Core	CPU	C1%	C3%	C6%	C8%	C9%
-	-	0.05	0.13	5.97	16.08	0.11
0	0	0.39	0.95	36.22	35.47	0.00
0	4	0.00	0.01	8.72	89.27	0.00
1	1	0.00	0.00	0.59	0.69	0.00
1	5	0.00	0.00	0.47	0.69	0.00
2	2	0.00	0.00	0.45	0.70	0.00
2	6	0.00	0.03	0.72	0.50	0.88
3	3	0.00	0.02	0.29	0.40	0.00
3	7	0.00	0.00	0.29	0.89	0.00
Core	CPU	C1%	C3%	C6%	C8%	C9%
-	-	0.05	0.10	6.18	15.88	0.00
0	0	0.38	0.78	38.74	33.00	0.00
0	4	0.00	0.00	9.11	88.99	0.00
1	1	0.00	0.02	0.29	0.80	0.00
1	5	0.00	0.00	0.10	0.79	0.00
2	2	0.00	0.00	0.20	0.99	0.00
2	6	0.00	0.03	0.69	0.87	0.00
3	3	0.00	0.00	0.15	0.59	0.00
3	7	0.00	0.00	0.13	0.99	0.00
Core	CPU	C1%	C3%	C6%	C8%	C9%
-	-	0.10	0.08	6.25	16.17	0.02
0	0	0.38	0.32	36.65	33.62	0.12
0	4	0.00	0.00	8.44	89.63	0.00
1	1	0.00	0.00	0.35	1.09	0.00
1	5	0.00	0.00	0.24	1.09	0.00
2	2	0.42	0.32	2.67	0.50	0.00
2	6	0.00	0.00	0.83	1.25	0.00
3	3	0.00	0.00	0.38	1.18	0.00
3	7	0.00	0.00	0.46	0.98	0.00
Core	CPU	C1%	C3%	C6%	C8%	C9%
-	-	0.05	0.32	6.22	15.48	0.00
0	0	0.37	2.57	37.68	31.95	0.00
0	4	0.00	0.00	6.85	73.45	0.00
1	1	0.00	0.00	0.38	1.38	0.00
1	5	0.00	0.00	0.47	0.39	0.00
2	2	0.00	0.00	0.70	1.29	0.00
2	6	0.00	0.00	3.06	13.98	0.00
3	3	0.00	0.00	0.20	0.90	0.00
3	7	0.00	0.00	0.39	0.49	0.00
Core	CPU	C1%	C3%	C6%	C8%	C9%
-	-	0.04	0.10	6.37	15.89	0.00
0	0	0.30	0.73	38.91	33.06	0.00
0	4	0.00	0.00	5.54	41.06	0.00
1	1	0.00	0.01	0.39	0.99	0.00
1	5	0.00	0.00	0.19	1.29	0.00
2	2	0.00	0.00	0.30	0.89	0.00
2	6	0.00	0.01	5.20	47.78	0.00
3	3	0.00	0.00	0.25	0.98	0.00
3	7	0.00	0.02	0.20	1.08	0.00
Core	CPU	C1%	C3%	C6%	C8%	C9%
-	-	0.74	0.37	6.19	15.18	0.06
0	0	0.41	1.23	33.46	28.24	0.49
0	4	0.00	0.00	9.12	89.16	0.00
1	1	0.00	0.00	0.13	0.40	0.00
1	5	0.00	0.02	0.17	0.59	0.00
2	2	5.47	1.72	5.25	0.29	0.00
2	6	0.00	0.00	0.80	0.58	0.00
3	3	0.00	0.00	0.37	1.18	0.00
3	7	0.00	0.00	0.25	0.99	0.00
Core	CPU	C1%	C3%	C6%	C8%	C9%
-	-	0.05	0.05	6.18	16.20	0.00
0	0	0.40	0.30	37.07	35.11	0.00
0	4	0.00	0.00	8.91	89.19	0.00
1	1	0.00	0.00	0.25	1.08	0.00
1	5	0.00	0.00	0.63	0.60	0.00
2	2	0.00	0.01	0.69	0.49	0.00
2	6	0.00	0.05	1.17	1.38	0.00
3	3	0.00	0.00	0.28	0.89	0.00
3	7	0.00	0.00	0.45	0.89	0.00
Core	CPU	C1%	C3%	C6%	C8%	C9%
-	-	0.03	0.15	6.86	15.53	0.00
0	0	0.26	1.15	41.07	30.62	0.00
0	4	0.00	0.00	2.42	13.47	0.00
1	1	0.00	0.00	0.18	0.97	0.00
1	5	0.00	0.00	0.37	0.69	0.00
2	2	0.00	0.00	1.13	1.69	0.00
2	6	0.00	0.01	9.06	74.81	0.00
3	3	0.00	0.01	0.29	0.80	0.00
3	7	0.00	0.00	0.40	1.18	0.00
Core	CPU	C1%	C3%	C6%	C8%	C9%
-	-	0.04	0.41	6.20	15.42	0.43
0	0	0.34	3.20	38.95	30.14	0.00
0	4	0.00	0.00	8.69	84.70	0.00
1	1	0.00	0.02	0.29	0.89	0.00
1	5	0.01	0.00	0.20	1.19	3.47
2	2	0.00	0.00	0.28	0.89	0.00
2	6	0.00	0.00	0.70	3.48	0.00
3	3	0.00	0.00	0.25	1.09	0.00
3	7	0.00	0.03	0.20	0.98	0.00
Core	CPU	C1%	C3%	C6%	C8%	C9%
-	-	0.05	0.01	5.82	16.46	0.00
0	0	0.40	0.06	36.15	36.26	0.00
0	4	0.00	0.00	8.42	89.66	0.00
1	1	0.00	0.00	0.25	0.99	0.00
1	5	0.00	0.00	0.23	1.09	0.00
2	2	0.00	0.00	0.10	0.50	0.00
2	6	0.00	0.01	0.77	1.24	0.00
3	3	0.00	0.00	0.27	0.99	0.00
3	7	0.00	0.00	0.36	0.99	0.00
Core	CPU	C1%	C3%	C6%	C8%	C9%
-	-	0.04	0.31	7.25	14.86	0.10
0	0	0.31	2.46	42.61	27.67	0.00
0	4	0.00	0.00	12.02	83.51	0.00
1	1	0.00	0.00	0.36	1.18	0.00
1	5	0.00	0.00	0.45	0.50	0.00
2	2	0.00	0.00	0.22	0.40	0.00
2	6	0.00	0.02	1.52	3.44	0.80
3	3	0.00	0.00	0.47	1.38	0.00
3	7	0.00	0.00	0.37	0.79	0.00
Core	CPU	C1%	C3%	C6%	C8%	C9%
-	-	1.54	0.80	6.95	14.29	0.72
0	0	0.25	1.54	30.88	15.67	0.11
0	4	0.00	0.02	2.04	0.81	5.66
1	1	12.07	4.83	12.55	2.28	0.00
1	5	0.00	0.00	0.28	1.38	0.00
2	2	0.00	0.00	1.65	1.57	0.00
2	6	0.00	0.03	7.70	90.52	0.00
3	3	0.00	0.00	0.42	1.09	0.00
3	7	0.00	0.00	0.10	0.99	0.00
Core	CPU	C1%	C3%	C6%	C8%	C9%
-	-	1.01	0.38	6.67	15.17	0.37
0	0	0.40	0.49	30.03	25.37	1.99
0	4	0.00	0.00	12.52	85.85	0.00
1	1	7.67	2.51	8.03	0.29	0.00
1	5	0.00	0.02	0.19	1.19	0.00
2	2	0.00	0.00	0.29	2.28	1.00
2	6	0.00	0.01	1.37	2.47	0.00
3	3	0.00	0.00	0.60	1.97	0.00
3	7	0.00	0.00	0.34	1.97	0.00
Core	CPU	C1%	C3%	C6%	C8%	C9%
-	-	0.04	0.34	6.76	15.02	0.00
0	0	0.34	2.71	39.94	29.10	0.00
0	4	0.00	0.00	9.62	85.09	0.00
1	1	0.00	0.00	0.56	0.79	0.00
1	5	0.01	0.00	0.45	0.79	0.00
2	2	0.00	0.00	1.09	1.07	0.00
2	6	0.00	0.02	1.63	1.28	0.00
3	3	0.00	0.00	0.29	1.09	0.00
3	7	0.00	0.00	0.48	0.99	0.00
Core	CPU	C1%	C3%	C6%	C8%	C9%
-	-	0.05	0.02	5.88	16.32	0.00
0	0	0.42	0.14	36.43	35.90	0.00
0	4	0.00	0.02	8.23	89.79	0.00
1	1	0.00	0.00	0.10	0.99	0.00
1	5	0.00	0.00	0.38	0.49	0.00
2	2	0.00	0.00	0.26	0.99	0.00
2	6	0.00	0.01	1.13	0.60	0.00
3	3	0.00	0.00	0.32	0.60	0.00
3	7	0.00	0.00	0.20	1.19	0.00
Core	CPU	C1%	C3%	C6%	C8%	C9%
-	-	0.04	0.31	6.93	15.29	1.51
0	0	0.29	2.44	43.08	27.35	0.00
0	4	0.00	0.01	9.09	74.42	11.19
1	1	0.00	0.00	0.29	1.08	0.00
1	5	0.00	0.00	0.27	1.19	0.00
2	2	0.00	0.00	0.65	1.59	0.88
2	6	0.00	0.02	0.84	1.68	0.00
3	3	0.00	0.02	0.20	1.00	0.00
3	7	0.00	0.00	1.03	13.99	0.00
Core	CPU	C1%	C3%	C6%	C8%	C9%
-	-	0.04	0.06	6.28	16.09	0.01
0	0	0.34	0.42	37.92	34.21	0.00
0	4	0.00	0.00	8.82	89.25	0.00
1	1	0.00	0.00	0.82	0.49	0.00
1	5	0.00	0.02	0.77	0.04	0.00
2	2	0.00	0.00	0.59	1.19	0.06
2	6	0.00	0.02	0.70	1.16	0.00
3	3	0.00	0.00	0.36	1.08	0.00
3	7	0.00	0.00	0.24	1.28	0.00
Core	CPU	C1%	C3%	C6%	C8%	C9%
-	-	0.05	0.05	6.30	16.26	0.13
0	0	0.41	0.36	37.36	34.77	0.00
0	4	0.00	0.00	9.58	88.47	0.00
1	1	0.00	0.00	0.46	1.08	0.00
1	5	0.00	0.00	0.54	1.09	0.00
2	2	0.00	0.02	0.39	1.20	1.00
2	6	0.00	0.03	1.40	1.45	0.00
3	3	0.00	0.00	0.29	1.18	0.00
3	7	0.00	0.00	0.37	0.88	0.00
Core	CPU	C1%	C3%	C6%	C8%	C9%
-	-	0.04	0.33	6.34	15.31	0.56
0	0	0.35	2.58	38.99	30.13	0.00
0	4	0.00	0.01	8.71	86.84	0.00
1	1	0.00	0.00	0.19	0.79	0.00
1	5	0.00	0.00	0.27	0.89	3.47
2	2	0.00	0.00	0.34	0.99	1.00
2	6	0.00	0.00	1.44	0.68	0.00
3	3	0.00	0.01	0.39	1.00	0.00
3	7	0.00	0.00	0.38	1.18	0.00
Core	CPU	C1%	C3%	C6%	C8%	C9%
-	-	1.25	0.52	6.54	14.09	0.19
0	0	0.22	0.82	28.16	21.45	1.56
0	4	0.00	0.00	12.90	85.49	0.00
1	1	9.80	3.30	8.26	0.98	0.00
1	5	0.00	0.00	0.27	0.79	0.00
2	2	0.00	0.00	1.21	1.97	0.00
2	6	0.00	0.00	0.95	0.40	0.00
3	3	0.00	0.02	0.47	0.80	0.00
3	7	0.00	0.00	0.10	0.80	0.00
Core	CPU	C1%	C3%	C6%	C8%	C9%
-	-	0.89	0.41	6.70	14.61	0.15
0	0	0.26	1.60	33.82	25.60	1.19
0	4	0.00	0.00	12.16	86.05	0.00
1	1	6.86	1.63	5.15	0.69	0.00
1	5	0.00	0.02	0.69	0.40	0.00
2	2	0.00	0.00	0.19	1.09	0.00
2	6	0.00	0.00	0.97	0.90	0.00
3	3	0.00	0.00	0.36	1.08	0.00
3	7	0.00	0.00	0.23	1.09	0.00
Core	CPU	C1%	C3%	C6%	C8%	C9%
-	-	0.53	0.75	8.60	14.76	0.05
0	0	0.44	2.27	42.66	22.41	0.35
0	4	0.00	0.00	12.51	85.75	0.00
1	1	3.79	3.71	11.27	1.09	0.00
1	5	0.00	0.00	0.43	0.48	0.00
2	2	0.00	0.02	0.49	6.43	0.02
2	6	0.00	0.02	0.91	0.60	0.00
3	3	0.00	0.00	0.37	0.98	0.00
3	7	0.00	0.00	0.15	0.30	0.00
Core	CPU	C1%	C3%	C6%	C8%	C9%
-	-	0.03	0.17	6.69	15.34	0.00
0	0	0.22	1.30	41.00	30.26	0.00
0	4	0.00	0.00	9.56	88.59	0.00
1	1	0.00	0.00	0.38	0.57	0.00
1	5	0.00	0.00	0.54	0.41	0.00
2	2	0.00	0.00	0.31	0.61	0.00
2	6	0.00	0.03	1.25	1.19	0.00
3	3	0.00	0.00	0.10	0.50	0.00
3	7	0.00	0.00	0.38	0.59	0.00
Core	CPU	C1%	C3%	C6%	C8%	C9%
-	-	0.03	0.44	7.03	14.63	0.00
0	0	0.21	3.42	41.49	27.16	0.00
0	4	0.00	0.01	11.29	84.63	0.00
1	1	0.00	0.00	0.77	1.19	0.00
1	5	0.00	0.09	0.28	0.99	0.00
2	2	0.00	0.00	0.76	1.18	0.00
2	6	0.00	0.01	1.44	0.30	0.00
3	3	0.00	0.02	0.19	0.90	0.00
3	7	0.00	0.00	0.00	0.69	0.00
Core	CPU	C1%	C3%	C6%	C8%	C9%
-	-	0.03	0.02	5.86	16.28	0.00
0	0	0.24	0.12	36.49	35.88	0.00
0	4	0.00	0.01	8.35	89.69	0.00
1	1	0.00	0.00	0.09	0.40	0.00
1	5	0.00	0.00	0.28	1.19	0.00
2	2	0.00	0.00	0.36	0.69	0.00
2	6	0.00	0.00	0.75	0.79	0.00
3	3	0.00	0.02	0.29	0.31	0.00
3	7	0.00	0.00	0.30	1.28	0.00
Core	CPU	C1%	C3%	C6%	C8%	C9%
-	-	0.03	0.22	6.75	15.89	0.11
0	0	0.23	1.73	40.60	30.27	0.00
0	4	0.00	0.00	10.45	87.42	0.00
1	1	0.00	0.02	0.58	1.19	0.00
1	5	0.00	0.00	0.29	1.29	0.00
2	2	0.00	0.02	0.44	1.75	0.89
2	6	0.00	0.00	0.92	2.27	0.00
3	3	0.00	0.00	0.35	1.48	0.00
3	7	0.00	0.00	0.33	1.48	0.00
Core	CPU	C1%	C3%	C6%	C8%	C9%
-	-	0.03	0.04	6.27	16.02	0.00
0	0	0.26	0.32	37.55	34.64	0.00
0	4	0.00	0.00	9.42	88.68	0.00
1	1	0.00	0.00	0.25	0.99	0.00
1	5	0.00	0.00	0.23	1.19	0.00
2	2	0.00	0.00	0.99	0.40	0.00
2	6	0.00	0.00	1.01	0.69	0.00
3	3	0.00	0.00	0.28	0.88	0.00
3	7	0.00	0.00	0.45	0.69	0.00
Core	CPU	C1%	C3%	C6%	C8%	C9%
-	-	0.03	0.15	6.89	16.10	0.00
0	0	0.22	1.17	41.12	30.30	0.00
0	4	0.00	0.00	9.40	88.72	0.00
1	1	0.00	0.00	0.41	2.07	0.00
1	5	0.00	0.00	0.32	1.09	0.00
2	2	0.00	0.04	1.97	2.53	0.00
2	6	0.00	0.03	0.90	1.39	0.00
3	3	0.00	0.00	0.30	1.08	0.00
3	7	0.00	0.00	0.70	1.63	0.00
Core	CPU	C1%	C3%	C6%	C8%	C9%
-	-	0.03	0.30	5.92	15.47	0.43
0	0	0.26	2.34	38.02	31.52	0.00
0	4	0.00	0.02	7.21	88.55	0.00
1	1	0.00	0.00	0.29	0.31	0.00
1	5	0.00	0.00	0.18	0.80	3.45
2	2	0.00	0.00	0.49	0.88	0.00
2	6	0.00	0.01	0.64	0.60	0.00
3	3	0.00	0.00	0.31	0.80	0.00
3	7	0.00	0.00	0.24	0.31	0.00
Core	CPU	C1%	C3%	C6%	C8%	C9%
-	-	0.06	0.09	6.72	15.88	0.53
0	0	0.25	0.69	39.78	32.73	0.00
0	4	0.04	0.00	6.87	64.50	4.26
1	1	0.00	0.00	0.82	0.70	0.00
1	5	0.00	0.01	3.44	24.59	0.00
2	2	0.00	0.00	0.20	0.98	0.00
2	6	0.00	0.00	1.83	1.27	0.00
3	3	0.17	0.00	0.45	0.99	0.00
3	7	0.00	0.00	0.40	1.28	0.00
Core	CPU	C1%	C3%	C6%	C8%	C9%
-	-	0.05	0.15	6.25	16.29	0.10
0	0	0.40	1.18	38.84	33.06	0.00
0	4	0.00	0.00	0.88	0.18	0.00
1	1	0.00	0.00	0.94	1.96	0.00
1	5	0.00	0.00	7.63	90.58	0.00
2	2	0.00	0.01	0.39	1.10	0.00
2	6	0.00	0.01	0.59	1.57	0.80
3	3	0.00	0.00	0.28	1.08	0.00
3	7	0.00	0.00	0.43	0.79	0.00
Core	CPU	C1%	C3%	C6%	C8%	C9%
-	-	1.26	0.70	7.52	13.93	3.16
0	0	0.27	3.13	39.42	13.43	0.00
0	4	0.00	0.00	0.60	0.40	25.31
1	1	0.00	0.00	0.28	1.79	0.00
1	5	0.00	0.03	5.98	92.46	0.00
2	2	0.00	0.00	1.06	1.29	0.00
2	6	0.00	0.02	0.65	0.79	0.00
3	3	0.00	0.00	0.00	0.69	0.00
3	7	9.82	2.40	12.14	0.60	0.00
Core	CPU	C1%	C3%	C6%	C8%	C9%
-	-	0.25	0.53	7.62	14.54	2.50
0	0	0.19	2.91	44.08	17.13	0.02
0	4	0.11	0.27	5.94	1.71	20.00
1	1	0.00	0.00	0.19	1.38	0.00
1	5	0.00	0.01	6.36	91.95	0.00
2	2	1.63	0.99	3.01	1.29	0.00
2	6	0.07	0.00	0.80	1.18	0.00
3	3	0.00	0.02	0.40	0.89	0.00
3	7	0.00	0.00	0.19	0.79	0.00
Core	CPU	C1%	C3%	C6%	C8%	C9%
-	-	0.05	0.29	5.96	15.59	3.49
0	0	0.36	2.30	37.27	32.57	0.00
0	4	0.00	0.00	0.62	0.21	27.91
1	1	0.00	0.00	0.67	1.95	0.00
1	5	0.00	0.00	7.75	87.10	0.00
2	2	0.00	0.00	0.37	0.50	0.00
2	6	0.00	0.02	0.67	0.69	0.00
3	3	0.00	0.00	0.24	0.98	0.00
3	7	0.00	0.03	0.10	0.69	0.00
Core	CPU	C1%	C3%	C6%	C8%	C9%
-	-	0.04	0.16	6.62	15.78	0.00
0	0	0.35	1.19	40.90	30.91	0.00
0	4	0.00	0.00	1.05	0.00	0.00
1	1	0.00	0.07	8.91	89.20	0.00
1	5	0.00	0.00	0.53	0.78	0.00
2	2	0.00	0.01	0.39	0.90	0.00
2	6	0.00	0.01	0.61	2.26	0.00
3	3	0.00	0.00	0.29	0.88	0.00
3	7	0.00	0.00	0.26	1.28	0.00
Core	CPU	C1%	C3%	C6%	C8%	C9%
-	-	0.03	0.15	6.17	16.21	0.00
0	0	0.25	1.14	37.37	34.23	0.00
0	4	0.00	0.01	7.07	68.44	0.00
1	1	0.00	0.00	2.17	22.07	0.00
1	5	0.00	0.00	0.14	0.99	0.00
2	2	0.00	0.02	0.74	1.09	0.00
2	6	0.00	0.01	1.25	0.86	0.00
3	3	0.00	0.00	0.29	1.08	0.00
3	7	0.00	0.00	0.36	0.89	0.00
Core	CPU	C1%	C3%	C6%	C8%	C9%
-	-	0.03	0.01	5.94	16.64	0.00
0	0	0.27	0.07	36.15	36.22	0.00
0	4	0.00	0.00	8.22	89.84	0.00
1	1	0.00	0.00	0.43	1.28	0.00
1	5	0.00	0.00	0.27	1.19	0.00
2	2	0.00	0.00	0.53	1.00	0.00
2	6	0.00	0.00	1.13	1.11	0.00
3	3	0.00	0.01	0.39	1.20	0.00
3	7	0.00	0.00	0.38	1.28	0.00
Core	CPU	C1%	C3%	C6%	C8%	C9%
-	-	0.05	0.04	6.02	16.49	0.00
0	0	0.37	0.30	37.54	34.92	0.00
0	4	0.00	0.01	3.40	27.68	0.00
1	1	0.00	0.00	0.29	1.17	0.00
1	5	0.00	0.00	0.27	0.90	0.00
2	2	0.00	0.00	0.46	0.69	0.00
2	6	0.00	0.00	0.36	1.00	0.00
3	3	0.00	0.02	0.68	2.38	0.00
3	7	0.00	0.00	5.16	63.20	0.00
Core	CPU	C1%	C3%	C6%	C8%	C9%
-	-	0.03	0.25	6.05	15.71	0.44
0	0	0.25	1.89	36.65	33.46	0.00
0	4	0.00	0.00	1.24	0.00	0.00
1	1	0.00	0.00	1.12	0.39	0.00
1	5	0.00	0.11	1.03	0.59	3.48
2	2	0.00	0.00	0.10	0.99	0.00
2	6	0.00	0.00	0.58	1.39	0.00
3	3	0.00	0.00	0.46	0.49	0.00
3	7	0.00	0.02	7.22	88.36	0.00
Core	CPU	C1%	C3%	C6%	C8%	C9%
-	-	0.04	0.33	7.18	15.07	2.82
0	0	0.30	2.60	46.32	23.86	0.00
0	4	0.00	0.00	0.79	0.00	22.53
1	1	0.00	0.00	0.36	1.38	0.00
1	5	0.00	0.00	0.24	1.09	0.00
2	2	0.00	0.02	0.87	1.79	0.00
2	6	0.00	0.00	0.90	1.11	0.00
3	3	0.00	0.00	0.20	0.88	0.00
3	7	0.00	0.04	7.74	90.48	0.00
Core	CPU	C1%	C3%	C6%	C8%	C9%
-	-	0.03	0.30	6.66	15.90	0.00
0	0	0.20	2.13	42.22	29.86	0.00
0	4	0.00	0.00	0.59	0.21	0.00
1	1	0.00	0.06	0.46	2.20	0.00
1	5	0.00	0.00	0.27	0.99	0.00
2	2	0.00	0.00	0.26	0.79	0.00
2	6	0.00	0.21	1.98	1.99	0.00
3	3	0.00	0.02	0.29	0.58	0.00
3	7	0.00	0.00	7.24	90.60	0.00
Core	CPU	C1%	C3%	C6%	C8%	C9%
-	-	0.04	0.54	5.17	14.41	0.02
0	0	0.14	0.77	24.23	18.74	0.13
0	4	0.00	0.00	0.64	0.00	0.00
1	1	0.14	3.50	9.18	1.18	0.00
1	5	0.00	0.00	0.10	0.60	0.00
2	2	0.00	0.00	0.18	0.89	0.00
2	6	0.00	0.00	0.78	1.19	0.00
3	3	0.00	0.00	0.05	0.49	0.00
3	7	0.00	0.01	6.17	92.17	0.00
Core	CPU	C1%	C3%	C6%	C8%	C9%
-	-	0.03	0.03	5.95	16.30	0.00
0	0	0.26	0.20	36.94	35.74	0.00
0	4	0.00	0.00	1.06	0.00	0.00
1	1	0.00	0.00	0.38	1.58	0.00
1	5	0.00	0.00	0.14	0.78	0.00
2	2	0.00	0.01	0.30	0.59	0.00
2	6	0.00	0.00	0.49	1.10	0.00
3	3	0.00	0.00	0.38	0.39	0.00
3	7	0.00	0.00	7.91	90.22	0.00
Core	CPU	C1%	C3%	C6%	C8%	C9%
-	-	0.04	0.40	6.39	15.29	0.09
0	0	0.22	2.90	40.90	28.56	0.00
0	4	0.00	0.00	0.77	0.00	0.71
1	1	0.00	0.01	0.33	1.08	0.00
1	5	0.00	0.00	0.23	0.99	0.00
2	2	0.00	0.01	0.73	1.19	0.00
2	6	0.10	0.25	0.73	1.20	0.00
3	3	0.00	0.00	0.28	0.79	0.00
3	7	0.00	0.00	7.13	88.53	0.00
Core	CPU	C1%	C3%	C6%	C8%	C9%
-	-	0.61	0.58	8.69	14.66	0.08
0	0	0.28	1.93	39.54	23.34	0.63
0	4	0.00	0.00	11.32	80.22	0.00
1	1	0.74	1.30	6.85	1.39	0.00
1	5	0.00	0.00	0.37	1.49	0.00
2	2	0.00	0.00	0.25	1.68	0.00
2	6	0.00	0.01	1.58	0.79	0.00
3	3	0.00	0.00	0.69	0.99	0.00
3	7	3.85	1.38	8.88	7.37	0.00
Core	CPU	C1%	C3%	C6%	C8%	C9%
-	-	0.65	0.80	8.88	12.56	0.13
0	0	0.26	4.83	46.00	12.61	0.26
0	4	0.00	0.01	16.97	81.43	0.00
1	1	0.00	0.00	0.53	1.68	0.00
1	5	0.00	0.00	0.46	0.97	0.80
2	2	4.91	1.52	5.97	1.09	0.00
2	6	0.00	0.03	0.74	1.19	0.00
3	3	0.00	0.02	0.20	0.99	0.00
3	7	0.00	0.00	0.20	0.50	0.00
Core	CPU	C1%	C3%	C6%	C8%	C9%
-	-	0.02	0.60	8.17	13.87	0.00
0	0	0.17	4.72	53.23	15.03	0.00
0	4	0.00	0.00	8.08	90.24	0.00
1	1	0.00	0.00	0.97	0.59	0.00
1	5	0.00	0.01	0.80	0.30	0.00
2	2	0.00	0.00	0.60	0.89	0.00
2	6	0.00	0.04	1.06	2.14	0.00
3	3	0.00	0.00	0.36	0.88	0.00
3	7	0.00	0.00	0.24	0.88	0.00
Core	CPU	C1%	C3%	C6%	C8%	C9%
-	-	1.51	0.59	6.96	13.65	0.28
0	0	0.31	0.81	26.73	18.73	2.26
0	4	0.00	0.00	14.04	84.42	0.00
1	1	11.80	3.82	11.64	0.69	0.00
1	5	0.00	0.00	0.25	0.30	0.00
2	2	0.00	0.05	0.96	1.49	0.00
2	6	0.00	0.01	1.51	1.38	0.00
3	3	0.00	0.00	0.19	1.18	0.00
3	7	0.00	0.00	0.37	0.99	0.00
Core	CPU	C1%	C3%	C6%	C8%	C9%
-	-	0.35	0.88	9.05	12.46	0.02
0	0	0.11	6.07	49.10	12.80	0.14
0	4	0.00	0.02	17.34	78.60	0.00
1	1	2.71	0.89	3.19	1.48	0.00
1	5	0.00	0.00	0.29	1.48	0.00
2	2	0.00	0.00	0.54	1.58	0.00
2	6	0.00	0.02	1.44	0.99	0.00
3	3	0.00	0.00	0.32	1.30	0.00
3	7	0.00	0.00	0.19	1.49	0.00
Core	CPU	C1%	C3%	C6%	C8%	C9%
-	-	0.06	0.01	5.83	16.55	0.00
0	0	0.46	0.05	35.97	36.45	0.00
0	4	0.00	0.02	8.02	90.07	0.00
1	1	0.00	0.00	0.60	0.49	0.00
1	5	0.00	0.00	0.38	0.69	0.00
2	2	0.00	0.00	0.41	1.59	0.00
2	6	0.00	0.02	0.75	1.19	0.00
3	3	0.00	0.00	0.33	0.80	0.00
3	7	0.00	0.00	0.20	1.09	0.00
Core	CPU	C1%	C3%	C6%	C8%	C9%
-	-	0.04	0.28	6.87	15.32	0.00
0	0	0.34	2.07	40.85	29.80	0.00
0	4	0.00	0.00	11.73	85.73	0.00
1	1	0.00	0.00	0.24	0.98	0.00
1	5	0.00	0.10	0.23	1.16	0.00
2	2	0.00	0.00	0.20	0.99	0.00
2	6	0.00	0.04	0.77	1.28	0.00
3	3	0.00	0.00	0.57	1.28	0.00
3	7	0.00	0.00	0.35	1.37	0.00
Core	CPU	C1%	C3%	C6%	C8%	C9%
-	-	0.03	0.40	8.21	14.37	0.00
0	0	0.28	3.11	47.17	22.52	0.00
0	4	0.00	0.00	13.51	84.71	0.00
1	1	0.00	0.01	0.38	2.75	0.00
1	5	0.00	0.00	0.25	1.00	0.00
2	2	0.00	0.03	2.08	1.29	0.00
2	6	0.00	0.02	1.40	0.50	0.00
3	3	0.00	0.00	0.30	0.98	0.00
3	7	0.00	0.00	0.58	1.18	0.00
Core	CPU	C1%	C3%	C6%	C8%	C9%
-	-	0.05	0.05	6.27	16.18	0.00
0	0	0.39	0.37	37.47	34.70	0.00
0	4	0.00	0.01	9.14	88.94	0.00
1	1	0.00	0.00	1.43	1.30	0.00
1	5	0.00	0.00	0.27	0.79	0.00
2	2	0.00	0.00	0.26	0.89	0.00
2	6	0.00	0.00	1.03	0.69	0.00
3	3	0.00	0.02	0.38	1.09	0.00
3	7	0.00	0.00	0.20	0.99	0.00
Core	CPU	C1%	C3%	C6%	C8%	C9%
-	-	0.04	0.31	6.04	16.12	0.00
0	0	0.35	2.46	37.69	31.93	0.00
0	4	0.00	0.00	6.86	69.42	0.00
1	1	0.00	0.02	1.00	1.96	0.00
1	5	0.00	0.00	0.20	1.39	0.00
2	2	0.00	0.00	0.46	2.17	0.00
2	6	0.00	0.00	0.27	1.18	0.00
3	3	0.00	0.00	0.25	1.28	0.00
3	7	0.00	0.01	1.59	19.63	0.00
Core	CPU	C1%	C3%	C6%	C8%	C9%
-	-	0.03	0.08	6.14	16.15	0.00
0	0	0.27	0.61	38.47	33.85	0.00
0	4	0.00	0.00	0.77	0.11	0.00
1	1	0.00	0.00	0.67	1.10	0.00
1	5	0.00	0.00	0.34	1.19	0.00
2	2	0.00	0.02	0.43	0.90	0.00
2	6	0.00	0.00	0.18	0.99	0.00
3	3	0.00	0.00	0.29	0.89	0.00
3	7	0.00	0.00	7.94	90.20	0.00
Core	CPU	C1%	C3%	C6%	C8%	C9%
-	-	0.03	0.18	6.19	16.07	0.00
0	0	0.24	1.38	39.59	32.04	0.00
0	4	0.00	0.00	0.48	0.51	0.00
1	1	0.00	0.00	0.72	1.40	0.00
1	5	0.00	0.00	0.36	0.80	0.00
2	2	0.00	0.01	0.45	1.50	0.00
2	6	0.00	0.00	0.30	0.70	0.00
3	3	0.00	0.01	0.28	0.91	0.00
3	7	0.00	0.01	7.32	90.75	0.00
Core	CPU	C1%	C3%	C6%	C8%	C9%
-	-	0.03	0.30	7.13	14.95	2.77
0	0	0.21	2.39	46.45	24.17	0.00
0	4	0.00	0.00	0.84	0.09	22.15
1	1	0.00	0.00	0.98	0.70	0.00
1	5	0.00	0.00	0.70	0.79	0.00
2	2	0.00	0.00	0.30	0.88	0.00
2	6	0.00	0.00	0.47	0.69	0.00
3	3	0.00	0.00	0.36	0.99	0.00
3	7	0.00	0.00	6.96	91.28	0.00
Core	CPU	C1%	C3%	C6%	C8%	C9%
-	-	0.02	0.46	7.38	14.63	4.44
0	0	0.17	3.67	50.77	18.75	0.00
0	4	0.00	0.00	0.86	0.18	35.53
1	1	0.00	0.01	0.25	1.97	0.00
1	5	0.00	0.00	0.13	0.99	0.00
2	2	0.00	0.00	0.19	1.09	0.00
2	6	0.00	0.00	0.19	1.18	0.00
3	3	0.00	0.00	0.28	0.89	0.00
3	7	0.00	0.00	6.38	91.95	0.00
Core	CPU	C1%	C3%	C6%	C8%	C9%
-	-	0.03	0.41	6.58	15.16	1.77
0	0	0.21	3.15	41.80	27.27	0.00
0	4	0.00	0.00	0.80	0.11	10.68
1	1	0.00	0.01	1.00	1.28	0.00
1	5	0.00	0.09	0.37	0.99	3.45
2	2	0.00	0.00	0.25	0.89	0.00
2	6	0.00	0.00	1.31	1.38	0.00
3	3	0.00	0.00	0.14	0.70	0.00
3	7	0.00	0.00	6.98	88.69	0.00
Core	CPU	C1%	C3%	C6%	C8%	C9%
-	-	0.05	0.03	6.12	16.25	0.00
0	0	0.37	0.25	36.82	35.27	0.00
0	4	0.00	0.00	6.64	58.41	0.00
1	1	0.00	0.00	0.59	0.98	0.00
1	5	0.00	0.00	0.27	0.79	0.00
2	2	0.00	0.00	1.00	1.68	0.00
2	6	0.00	0.00	0.35	0.98	0.00
3	3	0.00	0.02	0.30	0.31	0.00
3	7	0.00	0.00	2.97	31.57	0.00
Core	CPU	C1%	C3%	C6%	C8%	C9%
-	-	0.01	0.80	8.63	13.10	7.44
0	0	0.08	6.34	60.73	6.39	0.00
0	4	0.00	0.00	0.52	0.38	59.54
1	1	0.00	0.01	0.44	1.09	0.00
1	5	0.00	0.02	0.29	1.09	0.00
2	2	0.00	0.00	0.26	0.70	0.00
2	6	0.00	0.00	0.48	0.59	0.00
3	3	0.00	0.00	0.73	1.67	0.00
3	7	0.00	0.00	5.55	92.90	0.00
Core	CPU	C1%	C3%	C6%	C8%	C9%
-	-	0.03	0.04	6.11	16.41	0.00
0	0	0.23	0.31	37.41	35.15	0.00
0	4	0.00	0.00	0.87	0.30	0.00
1	1	0.00	0.01	0.67	1.27	0.00
1	5	0.00	0.00	0.34	1.19	0.00
2	2	0.00	0.00	0.79	0.49	0.00
2	6	0.00	0.00	0.79	1.39	0.00
3	3	0.00	0.00	0.29	1.08	0.00
3	7	0.00	0.00	7.70	90.44	0.00
Core	CPU	C1%	C3%	C6%	C8%	C9%
-	-	0.01	0.59	8.18	14.04	11.35
0	0	0.09	4.69	56.96	11.65	0.00
0	4	0.00	0.00	0.69	0.40	90.81
1	1	0.00	0.00	0.56	3.48	0.00
1	5	0.00	0.00	0.27	0.98	0.00
2	2	0.00	0.00	0.29	1.68	0.00
2	6	0.00	0.00	0.23	1.08	0.00
3	3	0.00	0.01	0.29	0.80	0.00
3	7	0.00	0.01	6.11	92.27	0.00
Core	CPU	C1%	C3%	C6%	C8%	C9%
-	-	0.02	0.47	7.30	14.20	7.01
0	0	0.15	3.58	48.45	19.14	0.00
0	4	0.00	0.00	0.73	0.10	56.04
1	1	0.00	0.02	1.03	1.69	0.00
1	5	0.00	0.09	0.20	0.99	0.00
2	2	0.00	0.00	0.29	1.38	0.00
2	6	0.00	0.00	0.27	1.08	0.00
3	3	0.00	0.00	0.25	0.89	0.00
3	7	0.00	0.06	7.17	88.33	0.00
Core	CPU	C1%	C3%	C6%	C8%	C9%
-	-	0.03	0.02	6.00	16.40	0.00
0	0	0.25	0.12	36.44	36.25	0.00
0	4	0.00	0.00	0.77	0.20	0.00
1	1	0.00	0.00	0.84	1.49	0.00
1	5	0.00	0.00	0.24	0.69	0.00
2	2	0.00	0.00	0.46	0.51	0.00
2	6	0.00	0.00	0.68	0.49	0.00
3	3	0.00	0.00	0.63	1.39	0.00
3	7	0.00	0.00	7.97	90.16	0.00
Core	CPU	C1%	C3%	C6%	C8%	C9%
-	-	0.03	0.13	5.89	16.34	0.11
0	0	0.25	0.98	37.56	34.39	0.00
0	4	0.00	0.01	0.79	0.00	0.00
1	1	0.00	0.00	0.41	1.29	0.00
1	5	0.00	0.00	0.27	0.79	0.00
2	2	0.00	0.00	0.33	1.08	0.00
2	6	0.00	0.00	0.32	1.28	0.88
3	3	0.00	0.02	0.30	1.19	0.00
3	7	0.00	0.00	7.17	90.67	0.00
Core	CPU	C1%	C3%	C6%	C8%	C9%
-	-	0.94	0.95	8.30	14.76	0.00
0	0	0.55	2.62	43.69	19.07	0.00
0	4	0.00	0.00	0.64	0.00	0.00
1	1	6.98	4.91	14.26	1.09	0.00
1	5	0.00	0.02	0.19	0.99	0.00
2	2	0.00	0.00	0.23	3.65	0.00
2	6	0.00	0.01	0.49	0.78	0.00
3	3	0.00	0.00	0.46	0.49	0.00
3	7	0.00	0.00	6.41	91.98	0.00
Core	CPU	C1%	C3%	C6%	C8%	C9%
-	-	0.03	0.14	6.77	15.86	0.00
0	0	0.21	1.00	40.40	31.49	0.00
0	4	0.00	0.00	0.77	0.40	0.00
1	1	0.00	0.00	1.25	0.30	0.00
1	5	0.00	0.00	0.15	0.80	0.00
2	2	0.00	0.00	1.96	0.77	0.00
2	6	0.00	0.04	1.39	2.07	0.00
3	3	0.00	0.00	0.10	1.09	0.00
3	7	0.00	0.04	8.13	90.00	0.00
Core	CPU	C1%	C3%	C6%	C8%	C9%
-	-	0.01	0.72	8.21	13.23	11.03
0	0	0.08	5.62	56.63	9.29	0.00
0	4	0.00	0.00	0.73	0.28	88.21
1	1	0.00	0.00	0.49	1.97	0.00
1	5	0.00	0.09	0.49	1.28	0.00
2	2	0.00	0.00	0.66	0.49	0.00
2	6	0.00	0.03	0.75	1.40	0.00
3	3	0.00	0.00	0.33	1.09	0.00
3	7	0.00	0.00	5.57	90.07	0.00
Core	CPU	C1%	C3%	C6%	C8%	C9%
-	-	0.03	0.05	6.05	16.34	0.00
0	0	0.24	0.33	37.31	35.28	0.00
0	4	0.00	0.00	0.79	0.00	0.00
1	1	0.00	0.00	0.29	1.59	0.00
1	5	0.00	0.00	0.28	0.89	0.00
2	2	0.00	0.00	0.65	1.19	0.00
2	6	0.00	0.02	0.57	1.27	0.00
3	3	0.00	0.02	0.35	0.51	0.00
3	7	0.00	0.00	8.16	89.99	0.00
Core	CPU	C1%	C3%	C6%	C8%	C9%
-	-	0.04	0.19	6.74	16.10	0.25
0	0	0.31	1.29	37.92	32.47	0.00
0	4	0.00	0.21	3.70	1.01	0.00
1	1	0.00	0.00	0.72	0.20	0.00
1	5	0.00	0.01	0.80	0.68	0.00
2	2	0.00	0.00	1.02	0.99	1.98
2	6	0.00	0.02	1.48	1.45	0.00
3	3	0.00	0.00	0.72	1.86	0.00
3	7	0.00	0.01	7.60	90.18	0.00
Core	CPU	C1%	C3%	C6%	C8%	C9%
-	-	0.04	0.08	6.27	16.18	0.42
0	0	0.25	0.50	37.99	34.35	0.00
0	4	0.00	0.00	0.77	0.30	2.39
1	1	0.00	0.00	0.46	0.79	0.00
1	5	0.00	0.00	0.35	0.89	0.00
2	2	0.00	0.05	0.72	1.88	1.00
2	6	0.04	0.05	1.43	0.47	0.00
3	3	0.00	0.00	0.19	0.88	0.00
3	7	0.00	0.01	8.23	89.92	0.00
Core	CPU	C1%	C3%	C6%	C8%	C9%
-	-	0.00	0.88	9.41	12.23	10.67
0	0	0.03	7.02	66.55	0.00	0.00
0	4	0.00	0.01	1.68	0.00	85.33
1	1	0.00	0.00	0.30	2.08	0.00
1	5	0.00	0.00	0.28	0.79	0.00
2	2	0.00	0.00	0.14	0.59	0.00
2	6	0.00	0.01	1.14	0.20	0.00
3	3	0.00	0.02	0.19	0.69	0.00
3	7	0.00	0.00	5.01	93.50	0.00
Core	CPU	C1%	C3%	C6%	C8%	C9%
-	-	0.02	0.71	7.65	13.87	8.23
0	0	0.13	5.61	52.11	14.63	0.00
0	4	0.00	0.00	0.63	0.20	65.88
1	1	0.00	0.00	0.23	1.20	0.00
1	5	0.00	0.02	0.19	0.89	0.00
2	2	0.00	0.00	0.40	1.88	0.00
2	6	0.00	0.04	0.88	1.94	0.00
3	3	0.00	0.00	0.37	0.79	0.00
3	7	0.00	0.00	6.42	89.39	0.00
Core	CPU	C1%	C3%	C6%	C8%	C9%
-	-	0.03	0.23	6.75	15.40	4.27
0	0	0.20	1.78	43.48	27.73	0.00
0	4	0.00	0.00	0.79	0.00	32.15
1	1	0.00	0.00	0.28	0.99	0.00
1	5	0.00	0.00	0.36	0.69	0.00
2	2	0.00	0.00	0.22	0.99	2.00
2	6	0.00	0.01	0.69	1.54	0.00
3	3	0.00	0.00	0.10	1.09	0.00
3	7	0.00	0.02	8.06	90.15	0.00
Core	CPU	C1%	C3%	C6%	C8%	C9%
-	-	0.02	0.37	7.09	15.05	2.25
0	0	0.15	2.91	46.46	23.44	0.00
0	4	0.00	0.00	0.80	0.19	18.01
1	1	0.00	0.00	0.10	1.39	0.00
1	5	0.00	0.00	0.19	1.08	0.00
2	2	0.00	0.02	0.74	2.27	0.00
2	6	0.00	0.01	1.22	0.79	0.00
3	3	0.00	0.00	0.14	0.59	0.00
3	7	0.00	0.04	7.08	90.66	0.00
Core	CPU	C1%	C3%	C6%	C8%	C9%
-	-	0.03	0.04	6.06	16.10	0.12
0	0	0.27	0.32	37.30	35.26	0.00
0	4	0.00	0.00	0.66	0.09	0.00
1	1	0.00	0.00	0.34	0.79	0.00
1	5	0.00	0.00	0.51	0.99	0.00
2	2	0.00	0.00	0.20	0.69	0.99
2	6	0.00	0.01	1.07	0.40	0.00
3	3	0.00	0.00	0.47	0.40	0.00
3	7	0.00	0.00	7.92	90.22	0.00
Core	CPU	C1%	C3%	C6%	C8%	C9%
-	-	0.04	0.08	6.24	16.26	0.13
0	0	0.35	0.64	38.74	33.45	0.00
0	4	0.00	0.00	5.89	57.46	0.00
1	1	0.00	0.00	0.15	1.09	0.00
1	5	0.00	0.00	0.14	0.99	0.00
2	2	0.00	0.01	0.47	1.10	1.01
2	6	0.00	0.02	1.44	0.49	0.00
3	3	0.00	0.00	0.28	0.79	0.00
3	7	0.00	0.00	2.87	34.74	0.00
Core	CPU	C1%	C3%	C6%	C8%	C9%
-	-	0.13	0.38	6.41	14.87	0.44
0	0	0.34	2.59	38.21	28.52	0.01
0	4	0.00	0.00	9.35	86.25	0.00
1	1	0.66	0.43	1.37	0.79	0.00
1	5	0.00	0.00	0.36	0.79	3.52
2	2	0.00	0.00	0.24	0.89	0.00
2	6	0.00	0.03	1.30	0.19	0.00
3	3	0.00	0.00	0.10	0.79	0.00
3	7	0.00	0.00	0.38	0.69	0.00
Core	CPU	C1%	C3%	C6%	C8%	C9%
-	-	1.97	0.70	6.58	13.96	0.37
0	0	0.20	0.96	25.00	16.36	2.97
0	4	0.00	0.00	11.29	87.35	0.00
1	1	15.55	4.62	13.32	0.29	0.00
1	5	0.00	0.00	0.20	1.28	0.00
2	2	0.00	0.02	1.31	3.07	0.00
2	6	0.00	0.02	1.07	0.89	0.00
3	3	0.00	0.00	0.25	1.18	0.00
3	7	0.00	0.00	0.23	1.28	0.00
Core	CPU	C1%	C3%	C6%	C8%	C9%
-	-	0.04	0.27	6.84	15.29	0.00
0	0	0.31	2.10	41.63	28.93	0.00
0	4	0.00	0.00	10.45	87.04	0.00
1	1	0.00	0.00	0.45	1.19	0.00
1	5	0.00	0.00	0.43	1.09	0.00
2	2	0.00	0.02	0.39	0.99	0.00
2	6	0.00	0.00	0.80	0.99	0.00
3	3	0.00	0.00	0.19	0.99	0.00
3	7	0.00	0.00	0.36	1.08	0.00
Core	CPU	C1%	C3%	C6%	C8%	C9%
-	-	0.05	0.06	6.28	16.19	0.00
0	0	0.38	0.47	38.20	33.80	0.00
0	4	0.00	0.00	8.97	89.11	0.00
1	1	0.00	0.00	0.96	1.69	0.00
1	5	0.00	0.00	0.36	0.70	0.00
2	2	0.00	0.00	0.27	1.00	0.00
2	6	0.00	0.00	0.96	1.19	0.00
3	3	0.00	0.01	0.28	0.91	0.00
3	7	0.00	0.00	0.28	1.10	0.00
Core	CPU	C1%	C3%	C6%	C8%	C9%
-	-	0.05	0.05	6.00	16.27	0.00
0	0	0.43	0.32	37.14	35.01	0.00
0	4	0.00	0.00	8.87	89.21	0.00
1	1	0.00	0.02	0.29	1.00	0.00
1	5	0.00	0.00	0.10	1.09	0.00
2	2	0.00	0.00	0.32	1.27	0.00
2	6	0.00	0.05	0.95	0.77	0.00
3	3	0.00	0.00	0.25	0.79	0.00
3	7	0.00	0.03	0.10	0.99	0.00
Core	CPU	C1%	C3%	C6%	C8%	C9%
-	-	0.04	0.30	6.62	15.31	0.00
0	0	0.33	2.39	39.20	29.97	0.00
0	4	0.00	0.00	9.95	76.82	0.00
1	1	0.00	0.00	0.25	1.08	0.00
1	5	0.00	0.00	0.23	1.19	0.00
2	2	0.00	0.01	1.55	1.79	0.00
2	6	0.00	0.03	0.52	1.36	0.00
3	3	0.00	0.00	0.28	1.19	0.00
3	7	0.00	0.00	1.00	9.06	0.00
Core	CPU	C1%	C3%	C6%	C8%	C9%
-	-	0.05	0.04	6.01	16.05	0.00
0	0	0.42	0.24	37.00	35.21	0.00
0	4	0.00	0.00	7.76	90.33	0.00
1	1	0.00	0.00	0.57	0.00	0.00
1	5	0.00	0.00	0.30	0.40	0.00
2	2	0.00	0.00	0.62	0.30	0.00
2	6	0.00	0.06	1.09	0.66	0.00
3	3	0.00	0.00	0.28	0.42	0.00
3	7	0.00	0.02	0.48	1.08	0.00
Core	CPU	C1%	C3%	C6%	C8%	C9%
-	-	0.04	0.27	6.77	15.57	0.12
0	0	0.31	2.12	41.45	29.19	0.00
0	4	0.00	0.02	7.04	66.12	0.00
1	1	0.00	0.00	0.39	0.89	0.00
1	5	0.00	0.00	0.29	1.08	0.00
2	2	0.00	0.00	0.66	0.59	0.99
2	6	0.00	0.03	1.36	0.96	0.00
3	3	0.00	0.00	0.60	1.00	0.00
3	7	0.00	0.00	2.36	24.76	0.00
Core	CPU	C1%	C3%	C6%	C8%	C9%
-	-	0.04	0.09	6.25	15.85	1.95
0	0	0.25	0.70	38.60	33.62	0.00
0	4	0.00	0.00	0.53	0.21	15.57
1	1	0.00	0.02	0.29	0.70	0.00
1	5	0.00	0.00	0.16	0.70	0.00
2	2	0.07	0.00	0.67	0.79	0.00
2	6	0.00	0.00	1.05	0.50	0.00
3	3	0.00	0.00	0.54	0.31	0.00
3	7	0.00	0.03	8.14	89.99	0.00
Core	CPU	C1%	C3%	C6%	C8%	C9%
-	-	0.03	0.08	6.30	16.41	0.00
0	0	0.23	0.56	38.36	33.99	0.00
0	4	0.00	0.00	0.93	0.41	0.00
1	1	0.00	0.01	0.45	1.96	0.00
1	5	0.00	0.00	0.23	1.09	0.00
2	2	0.00	0.02	1.14	1.30	0.00
2	6	0.00	0.01	1.00	0.79	0.00
3	3	0.00	0.00	0.34	1.49	0.00
3	7	0.00	0.01	7.91	90.25	0.00
Core	CPU	C1%	C3%	C6%	C8%	C9%
-	-	0.09	0.36	6.13	15.97	0.43
0	0	0.23	2.34	38.45	32.00	0.00
0	4	0.00	0.00	0.89	0.00	0.00
1	1	0.50	0.49	1.55	2.57	0.00
1	5	0.00	0.00	0.27	1.19	3.48
2	2	0.00	0.00	0.25	1.09	0.00
2	6	0.00	0.00	0.32	0.99	0.00
3	3	0.00	0.01	0.30	1.18	0.00
3	7	0.00	0.01	6.99	88.71	0.00
Core	CPU	C1%	C3%	C6%	C8%	C9%
-	-	2.71	1.08	8.55	14.12	0.03
0	0	0.19	2.08	29.32	10.47	0.23
0	4	0.00	0.00	0.23	0.60	0.00
1	1	19.58	4.94	24.83	1.08	0.00
1	5	0.00	0.00	0.10	0.99	0.00
2	2	1.92	1.56	8.06	3.84	0.00
2	6	0.00	0.03	0.57	0.88	0.00
3	3	0.00	0.00	0.29	1.58	0.00
3	7	0.00	0.02	4.97	93.48	0.00
Core	CPU	C1%	C3%	C6%	C8%	C9%
-	-	0.22	0.36	7.73	16.58	0.12
0	0	0.28	2.66	43.44	26.75	0.00
0	4	0.00	0.00	12.56	85.34	0.00
1	1	1.40	0.18	2.17	12.62	0.00
1	5	0.00	0.00	0.45	0.90	0.00
2	2	0.00	0.00	0.50	1.89	1.00
2	6	0.04	0.04	1.64	1.78	0.00
3	3	0.00	0.00	0.46	1.79	0.00
3	7	0.00	0.00	0.63	1.58	0.00
Core	CPU	C1%	C3%	C6%	C8%	C9%
-	-	0.03	0.12	6.92	15.60	0.00
0	0	0.27	0.90	40.16	31.58	0.00
0	4	0.00	0.02	5.22	39.35	0.00
1	1	0.00	0.00	3.43	39.09	0.00
1	5	0.00	0.00	0.56	1.10	0.00
2	2	0.00	0.00	1.14	0.79	0.00
2	6	0.00	0.04	1.23	0.69	0.00
3	3	0.00	0.00	1.13	0.49	0.00
3	7	0.00	0.03	2.53	11.71	0.00
Core	CPU	C1%	C3%	C6%	C8%	C9%
-	-	0.03	0.11	6.20	15.83	0.22
0	0	0.24	0.79	39.66	32.46	0.00
0	4	0.00	0.02	0.29	0.41	1.79
1	1	0.00	0.00	7.27	90.96	0.00
1	5	0.00	0.00	0.19	0.79	0.00
2	2	0.00	0.00	0.46	0.59	0.00
2	6	0.00	0.04	1.12	0.00	0.00
3	3	0.00	0.00	0.41	0.90	0.00
3	7	0.00	0.00	0.20	0.49	0.00
Core	CPU	C1%	C3%	C6%	C8%	C9%
-	-	0.06	0.40	7.65	14.18	4.23
0	0	0.14	3.11	49.25	19.43	0.00
0	4	0.13	0.00	0.28	0.41	32.88
1	1	0.00	0.00	6.37	70.22	0.00
1	5	0.00	0.01	1.15	0.00	0.00
2	2	0.00	0.00	0.19	1.09	0.99
2	6	0.03	0.04	1.20	0.86	0.00
3	3	0.16	0.00	0.77	2.05	0.00
3	7	0.00	0.00	2.01	19.39	0.00
Core	CPU	C1%	C3%	C6%	C8%	C9%
-	-	0.03	0.13	6.45	16.00	0.00
0	0	0.24	0.99	40.26	31.75	0.00
0	4	0.00	0.00	0.67	0.30	0.00
1	1	0.00	0.00	7.34	90.93	0.00
1	5	0.00	0.00	0.65	0.59	0.00
2	2	0.00	0.02	0.52	1.69	0.03
2	6	0.00	0.02	1.39	0.48	0.00
3	3	0.00	0.00	0.20	1.28	0.00
3	7	0.00	0.00	0.57	0.99	0.00
Core	CPU	C1%	C3%	C6%	C8%	C9%
-	-	0.02	0.23	6.37	15.96	1.89
0	0	0.19	1.79	39.92	31.33	0.00
0	4	0.00	0.00	0.59	0.00	13.14
1	1	0.00	0.00	6.60	81.55	0.00
1	5	0.00	0.00	0.28	1.08	0.00
2	2	0.00	0.00	0.65	1.99	1.99
2	6	0.00	0.00	1.34	0.59	0.00
3	3	0.00	0.02	0.37	0.80	0.00
3	7	0.00	0.01	1.20	10.36	0.00
Core	CPU	C1%	C3%	C6%	C8%	C9%
-	-	0.03	0.08	6.26	16.11	0.28
0	0	0.22	0.58	38.59	33.80	0.00
0	4	0.00	0.00	0.70	0.00	2.28
1	1	0.00	0.00	7.83	90.42	0.00
1	5	0.00	0.00	0.27	0.99	0.00
2	2	0.00	0.04	0.55	1.97	0.00
2	6	0.00	0.00	1.61	0.30	0.00
3	3	0.00	0.02	0.29	0.80	0.00
3	7	0.00	0.00	0.20	0.59	0.00
Core	CPU	C1%	C3%	C6%	C8%	C9%
-	-	0.03	0.01	5.95	16.30	0.00
0	0	0.23	0.06	36.17	36.68	0.00
0	4	0.00	0.00	0.60	0.00	0.00
1	1	0.00	0.00	5.97	68.35	0.00
1	5	0.00	0.00	0.18	0.79	0.00
2	2	0.00	0.01	1.10	0.18	0.00
2	6	0.00	0.00	1.05	0.31	0.00
3	3	0.00	0.02	0.48	1.10	0.00
3	7	0.00	0.00	2.05	22.99	0.00
Core	CPU	C1%	C3%	C6%	C8%	C9%
-	-	0.02	0.34	6.27	15.34	0.98
0	0	0.13	2.60	40.40	28.96	0.00
0	4	0.00	0.00	0.94	0.00	3.40
1	1	0.00	0.00	0.23	0.99	0.00
1	5	0.00	0.11	0.19	1.09	3.48
2	2	0.00	0.00	0.48	1.00	1.00
2	6	0.00	0.01	1.17	0.49	0.00
3	3	0.00	0.00	0.37	0.99	0.00
3	7	0.00	0.02	6.40	89.19	0.00
Core	CPU	C1%	C3%	C6%	C8%	C9%
-	-	0.01	0.19	7.22	15.46	0.00
0	0	0.06	1.44	48.15	22.78	0.00
0	4	0.00	0.00	0.77	0.29	0.00
1	1	0.00	0.00	0.31	4.78	0.00
1	5	0.00	0.00	0.25	0.69	0.00
2	2	0.00	0.02	0.90	0.79	0.00
2	6	0.00	0.02	0.82	0.48	0.00
3	3	0.00	0.00	0.30	1.87	0.00
3	7	0.00	0.01	6.24	91.98	0.00
Core	CPU	C1%	C3%	C6%	C8%	C9%
-	-	0.01	0.33	7.15	15.09	0.00
0	0	0.08	2.13	44.36	23.54	0.00
0	4	0.00	0.38	4.24	0.82	0.00
1	1	0.00	0.00	0.68	1.79	0.00
1	5	0.00	0.00	0.19	0.89	0.00
2	2	0.00	0.00	0.36	0.89	0.00
2	6	0.00	0.01	0.64	1.00	0.00
3	3	0.00	0.00	0.42	0.79	0.00
3	7	0.00	0.10	6.30	91.01	0.00
Core	CPU	C1%	C3%	C6%	C8%	C9%
-	-	1.33	0.57	6.85	14.00	0.00
0	0	0.27	1.50	33.78	15.37	0.00
0	4	0.00	0.00	0.15	0.49	0.00
1	1	10.37	2.98	13.25	0.49	0.00
1	5	0.00	0.01	0.70	0.30	0.00
2	2	0.00	0.00	0.20	0.88	0.00
2	6	0.00	0.02	0.75	0.68	0.00
3	3	0.00	0.00	0.45	0.99	0.00
3	7	0.00	0.02	5.50	92.79	0.00
Core	CPU	C1%	C3%	C6%	C8%	C9%
-	-	0.01	0.16	6.84	15.67	0.12
0	0	0.06	1.24	46.05	25.08	0.00
0	4	0.00	0.00	0.75	0.21	0.00
1	1	0.00	0.00	0.83	2.96	0.00
1	5	0.00	0.00	0.23	1.09	0.00
2	2	0.00	0.00	0.19	1.19	1.00
2	6	0.00	0.01	1.38	0.68	0.00
3	3	0.00	0.00	0.28	1.08	0.00
3	7	0.00	0.00	4.98	93.10	0.00
Core	CPU	C1%	C3%	C6%	C8%	C9%
-	-	0.01	0.25	6.86	14.68	0.00
0	0	0.07	1.97	44.98	23.61	0.00
0	4	0.00	0.00	0.59	0.19	0.00
1	1	0.00	0.00	2.04	31.11	0.00
1	5	0.00	0.00	0.35	0.69	0.00
2	2	0.00	0.00	1.43	1.49	0.00
2	6	0.00	0.03	1.11	0.00	0.00
3	3	0.00	0.00	0.10	1.09	0.00
3	7	0.00	0.01	4.30	59.31	0.00
Core	CPU	C1%	C3%	C6%	C8%	C9%
-	-	0.01	0.20	7.05	14.91	0.99
0	0	0.10	1.59	47.18	23.78	0.00
0	4	0.00	0.02	0.69	0.00	7.89
1	1	0.00	0.00	6.34	91.16	0.00
1	5	0.00	0.00	0.19	0.79	0.00
2	2	0.00	0.00	0.36	0.69	0.00
2	6	0.00	0.00	1.05	0.60	0.00
3	3	0.00	0.00	0.32	0.80	0.00
3	7	0.00	0.00	0.28	1.47	0.00
Core	CPU	C1%	C3%	C6%	C8%	C9%
-	-	0.01	0.30	7.29	14.84	0.10
0	0	0.09	2.39	47.15	23.23	0.00
0	4	0.00	0.00	0.85	0.00	0.00
1	1	0.00	0.00	5.13	64.00	0.00
1	5	0.00	0.02	1.05	0.30	0.80
2	2	0.00	0.00	0.20	1.37	0.00
2	6	0.00	0.01	1.19	0.39	0.00
3	3	0.00	0.00	0.36	1.28	0.00
3	7	0.00	0.00	2.41	28.15	0.00
Core	CPU	C1%	C3%	C6%	C8%	C9%
-	-	0.01	0.18	7.06	15.19	0.00
0	0	0.09	1.37	45.89	25.26	0.00
0	4	0.00	0.00	0.78	0.00	0.00
1	1	0.00	0.00	0.36	2.00	0.00
1	5	0.00	0.00	0.65	0.59	0.00
2	2	0.00	0.00	0.73	0.00	0.00
2	6	0.00	0.05	1.57	0.60	0.00
3	3	0.00	0.00	0.25	1.09	0.00
3	7	0.00	0.00	6.23	91.99	0.00
Core	CPU	C1%	C3%	C6%	C8%	C9%
-	-	0.01	0.20	7.27	15.28	0.00
0	0	0.07	1.55	47.30	23.70	0.00
0	4	0.00	0.00	0.89	0.30	0.00
1	1	0.00	0.00	2.49	31.12	0.00
1	5	0.00	0.00	0.26	0.80	0.00
2	2	0.00	0.00	1.74	2.47	0.00
2	6	0.00	0.06	0.59	1.19	0.00
3	3	0.00	0.01	0.38	0.80	0.00
3	7	0.00	0.01	4.48	61.84	0.00
Core	CPU	C1%	C3%	C6%	C8%	C9%
-	-	0.02	0.38	6.81	14.68	0.36
0	0	0.08	3.00	44.56	24.19	0.00
0	4	0.00	0.00	0.43	0.11	0.00
1	1	0.00	0.02	0.19	0.30	0.00
1	5	0.00	0.00	1.63	0.60	1.90
2	2	0.00	0.00	0.28	0.99	0.98
2	6	0.05	0.01	0.66	1.78	0.00
3	3	0.00	0.00	0.54	0.00	0.00
3	7	0.00	0.01	6.18	89.46	0.00
Core	CPU	C1%	C3%	C6%	C8%	C9%
-	-	0.01	0.19	7.05	15.05	0.00
0	0	0.07	1.46	46.24	24.69	0.00
0	4	0.00	0.00	0.64	0.31	0.00
1	1	0.00	0.00	0.83	0.10	0.00
1	5	0.00	0.00	0.73	0.98	0.00
2	2	0.00	0.00	0.29	0.80	0.00
2	6	0.00	0.06	1.24	0.50	0.00
3	3	0.00	0.00	0.96	0.30	0.00
3	7	0.00	0.00	5.45	92.75	0.00
Core	CPU	C1%	C3%	C6%	C8%	C9%
-	-	0.01	0.27	7.19	15.38	0.08
0	0	0.06	2.15	47.26	23.32	0.00
0	4	0.00	0.00	0.89	0.00	0.00
1	1	0.00	0.00	1.15	2.39	0.00
1	5	0.00	0.00	0.34	1.49	0.60
2	2	0.00	0.00	0.74	0.59	0.00
2	6	0.00	0.03	0.71	0.89	0.00
3	3	0.00	0.00	0.65	2.08	0.00
3	7	0.00	0.01	5.81	92.30	0.00
Core	CPU	C1%	C3%	C6%	C8%	C9%
-	-	0.29	0.78	8.70	15.03	0.00
0	0	0.10	2.52	47.06	19.97	0.01
0	4	0.00	0.03	0.69	0.00	0.00
1	1	2.20	3.66	11.99	1.40	0.00
1	5	0.00	0.00	0.59	0.59	0.00
2	2	0.00	0.00	1.36	5.33	0.00
2	6	0.00	0.02	0.48	0.98	0.00
3	3	0.00	0.00	0.42	0.59	0.00
3	7	0.00	0.04	6.98	91.34	0.00
Core	CPU	C1%	C3%	C6%	C8%	C9%
-	-	0.01	0.14	6.74	15.26	0.12
0	0	0.05	1.12	45.99	25.31	0.00
0	4	0.00	0.00	0.76	0.00	0.00
1	1	0.00	0.00	0.25	0.88	0.00
1	5	0.00	0.00	0.23	1.09	0.00
2	2	0.00	0.00	0.19	0.51	1.00
2	6	0.00	0.02	0.68	0.79	0.00
3	3	0.00	0.00	0.27	0.89	0.00
3	7	0.00	0.00	5.56	92.64	0.00
Core	CPU	C1%	C3%	C6%	C8%	C9%
-	-	0.01	0.37	6.56	14.98	0.12
0	0	0.08	2.95	43.90	25.05	0.00
0	4	0.00	0.00	0.45	0.61	0.00
1	1	0.00	0.00	0.24	0.98	0.00
1	5	0.00	0.00	0.30	1.38	0.00
2	2	0.00	0.00	0.20	0.90	1.00
2	6	0.00	0.00	1.10	0.29	0.00
3	3	0.00	0.00	0.28	1.08	0.00
3	7	0.00	0.00	6.02	89.55	0.00
Core	CPU	C1%	C3%	C6%	C8%	C9%
-	-	0.01	0.05	6.11	16.21	0.12
0	0	0.11	0.32	38.12	34.58	0.00
0	4	0.00	0.00	0.68	0.18	0.00
1	1	0.00	0.00	0.25	0.98	0.00
1	5	0.00	0.00	0.52	0.80	0.00
2	2	0.00	0.01	0.39	1.00	0.99
2	6	0.00	0.03	1.26	0.49	0.00
3	3	0.00	0.00	0.29	0.88	0.00
3	7	0.00	0.00	7.41	90.75	0.00
Core	CPU	C1%	C3%	C6%	C8%	C9%
-	-	0.02	0.15	6.14	16.08	0.00
0	0	0.13	1.14	38.37	33.61	0.00
0	4	0.00	0.00	0.38	0.32	0.00
1	1	0.00	0.00	0.28	1.19	0.00
1	5	0.00	0.00	0.53	1.47	0.00
2	2	0.00	0.00	0.28	1.29	0.00
2	6	0.00	0.03	1.01	0.50	0.00
3	3	0.00	0.00	0.14	0.50	0.00
3	7	0.00	0.00	8.12	89.71	0.00
Core	CPU	C1%	C3%	C6%	C8%	C9%
-	-	0.02	0.04	6.05	16.20	0.00
0	0	0.13	0.27	37.65	35.08	0.00
0	4	0.00	0.00	0.65	0.19	0.00
1	1	0.00	0.02	0.59	0.50	0.00
1	5	0.00	0.00	0.49	0.79	0.00
2	2	0.00	0.00	0.28	0.99	0.00
2	6	0.00	0.00	0.96	0.60	0.00
3	3	0.00	0.00	0.25	0.89	0.00
3	7	0.00	0.03	7.53	90.56	0.00
Core	CPU	C1%	C3%	C6%	C8%	C9%
-	-	0.02	0.07	6.15	16.08	0.00
0	0	0.14	0.53	39.16	33.35	0.00
0	4	0.00	0.00	0.45	0.61	0.00
1	1	0.00	0.00	0.54	0.59	0.00
1	5	0.00	0.00	0.23	0.89	0.00
2	2	0.00	0.00	0.19	1.10	0.00
2	6	0.00	0.00	0.91	0.51	0.00
3	3	0.00	0.00	0.47	0.69	0.00
3	7	0.00	0.00	7.28	90.87	0.00
Core	CPU	C1%	C3%	C6%	C8%	C9%
-	-	0.01	0.20	6.30	15.36	0.12
0	0	0.11	1.53	40.47	29.34	0.00
0	4	0.00	0.00	0.41	0.29	0.00
1	1	0.00	0.00	0.28	0.89	0.00
1	5	0.00	0.09	0.64	1.19	0.00
2	2	0.00	0.00	0.15	0.99	1.00
2	6	0.00	0.00	1.21	0.89	0.00
3	3	0.00	0.00	0.20	0.89	0.00
3	7	0.00	0.00	7.06	88.37	0.00
Core	CPU	C1%	C3%	C6%	C8%	C9%
-	-	0.01	0.17	6.89	15.40	1.81
0	0	0.11	1.34	42.84	28.67	0.00
0	4	0.00	0.00	0.41	0.42	14.44
1	1	0.00	0.00	0.19	1.19	0.00
1	5	0.00	0.00	0.39	0.89	0.00
2	2	0.00	0.00	0.90	1.49	0.00
2	6	0.00	0.02	1.14	0.40	0.00
3	3	0.00	0.00	0.93	0.30	0.00
3	7	0.00	0.02	8.28	89.82	0.00
Core	CPU	C1%	C3%	C6%	C8%	C9%
-	-	0.02	0.13	6.07	16.13	0.11
0	0	0.14	1.07	38.23	33.82	0.00
0	4	0.00	0.00	0.56	0.19	0.00
1	1	0.00	0.00	0.24	0.99	0.00
1	5	0.00	0.00	0.31	0.89	0.89
2	2	0.00	0.00	0.39	0.70	0.00
2	6	0.00	0.00	1.19	0.81	0.00
3	3	0.00	0.00	0.37	0.88	0.00
3	7	0.00	0.00	7.25	90.80	0.00
Core	CPU	C1%	C3%	C6%	C8%	C9%
-	-	0.02	0.04	6.18	16.34	0.00
0	0	0.15	0.24	37.50	35.23	0.00
0	4	0.00	0.00	0.76	0.22	0.00
1	1	0.00	0.02	0.74	1.96	0.00
1	5	0.00	0.00	0.25	1.19	0.00
2	2	0.00	0.00	0.92	0.30	0.00
2	6	0.00	0.01	1.20	0.62	0.00
3	3	0.00	0.00	0.38	0.80	0.00
3	7	0.00	0.03	7.73	90.39	0.00
Core	CPU	C1%	C3%	C6%	C8%	C9%
-	-	1.21	0.38	6.27	14.95	0.00
0	0	0.34	0.42	30.21	24.07	0.00
0	4	0.00	0.02	0.69	0.19	0.00
1	1	9.36	2.60	11.20	0.88	0.00
1	5	0.00	0.00	0.28	0.79	0.00
2	2	0.00	0.00	0.45	0.50	0.00
2	6	0.00	0.00	0.65	0.70	0.00
3	3	0.00	0.02	0.49	0.40	0.00
3	7	0.00	0.00	6.19	92.11	0.00
Core	CPU	C1%	C3%	C6%	C8%	C9%
-	-	0.21	0.36	6.21	15.45	0.00
0	0	0.12	2.32	36.63	30.24	0.00
0	4	0.00	0.00	0.75	0.00	0.00
1	1	1.56	0.45	3.14	0.49	0.00
1	5	0.00	0.10	0.79	0.30	0.00
2	2	0.00	0.00	0.66	2.00	0.00
2	6	0.00	0.00	0.49	1.00	0.00
3	3	0.00	0.00	0.36	0.79	0.00
3	7	0.00	0.01	6.84	88.80	0.00
Core	CPU	C1%	C3%	C6%	C8%	C9%
-	-	0.78	0.39	7.09	14.34	0.00
0	0	0.16	1.45	41.89	33.81	0.00
0	4	0.00	0.00	0.76	1.11	0.00
1	1	6.07	1.63	4.93	0.20	0.00
1	5	0.00	0.00	0.25	1.58	0.00
2	2	0.00	0.00	0.23	1.58	0.00
2	6	0.00	0.02	0.79	2.19	0.00
3	3	0.00	0.00	0.69	1.68	0.00
3	7	0.00	0.02	7.22	72.58	0.00
Core	CPU	C1%	C3%	C6%	C8%	C9%
-	-	0.61	0.38	6.23	15.49	0.22
0	0	0.13	1.38	34.55	28.34	0.00
0	4	0.00	0.00	0.68	0.20	1.73
1	1	2.37	0.82	2.55	0.59	0.00
1	5	0.00	0.00	0.47	0.70	0.00
2	2	0.00	0.00	0.36	0.89	0.00
2	6	2.39	0.80	4.26	2.09	0.00
3	3	0.00	0.02	0.33	0.31	0.00
3	7	0.00	0.00	6.63	90.81	0.00
Core	CPU	C1%	C3%	C6%	C8%	C9%
-	-	0.53	0.50	6.51	14.57	1.94
0	0	0.12	1.84	36.84	20.84	0.00
0	4	0.00	0.00	0.24	0.70	15.52
1	1	4.09	2.08	6.45	0.20	0.00
1	5	0.00	0.01	0.79	0.30	0.00
2	2	0.00	0.00	0.10	1.08	0.00
2	6	0.00	0.00	0.49	1.00	0.00
3	3	0.00	0.00	0.36	0.89	0.00
3	7	0.00	0.02	6.78	91.52	0.00
Core	CPU	C1%	C3%	C6%	C8%	C9%
-	-	0.02	0.07	6.30	16.08	0.31
0	0	0.18	0.55	38.59	33.75	0.00
0	4	0.00	0.00	0.77	0.00	2.49
1	1	0.00	0.01	0.39	1.20	0.00
1	5	0.00	0.00	0.53	0.60	0.00
2	2	0.00	0.01	1.25	1.00	0.00
2	6	0.00	0.00	0.57	1.11	0.00
3	3	0.00	0.00	0.28	0.88	0.00
3	7	0.00	0.01	8.01	90.13	0.00
Core	CPU	C1%	C3%	C6%	C8%	C9%
-	-	0.02	0.15	5.94	15.78	0.00
0	0	0.17	1.11	37.34	32.68	0.00
0	4	0.00	0.00	0.58	0.51	0.00
1	1	0.00	0.00	0.42	1.88	0.00
1	5	0.00	0.09	0.36	1.00	0.00
2	2	0.00	0.00	0.25	0.69	0.00
2	6	0.00	0.00	0.48	1.11	0.00
3	3	0.00	0.01	0.29	0.80	0.00
3	7	0.00	0.00	7.80	87.61	0.00
Core	CPU	C1%	C3%	C6%	C8%	C9%
-	-	0.03	0.03	5.90	16.41	0.00
0	0	0.22	0.20	36.84	35.79	0.00
0	4	0.00	0.00	0.43	0.20	0.00
1	1	0.00	0.03	0.38	0.90	0.00
1	5	0.00	0.00	0.20	1.19	0.00
2	2	0.00	0.00	0.39	0.98	0.00
2	6	0.00	0.00	0.58	1.30	0.00
3	3	0.00	0.00	0.24	0.99	0.00
3	7	0.00	0.03	8.14	89.95	0.00
Core	CPU	C1%	C3%	C6%	C8%	C9%
-	-	0.02	0.21	6.56	16.18	0.46
0	0	0.17	1.70	41.65	29.73	0.00
0	4	0.00	0.00	1.14	0.10	2.81
1	1	0.00	0.00	0.75	2.47	0.00
1	5	0.00	0.00	0.24	1.29	0.00
2	2	0.00	0.02	0.39	1.20	0.00
2	6	0.00	0.00	0.50	1.80	0.87
3	3	0.00	0.00	0.65	1.87	0.00
3	7	0.00	0.00	7.18	91.01	0.00
Core	CPU	C1%	C3%	C6%	C8%	C9%
-	-	0.03	0.16	6.56	16.35	0.00
0	0	0.25	1.24	41.63	29.95	0.00
0	4	0.00	0.00	0.90	0.00	0.00
1	1	0.00	0.05	0.95	4.23	0.00
1	5	0.00	0.00	0.19	1.00	0.00
2	2	0.00	0.00	0.44	2.10	0.00
2	6	0.00	0.00	0.58	1.60	0.00
3	3	0.00	0.01	0.39	1.10	0.00
3	7	0.00	0.01	7.39	90.82	0.00
Core	CPU	C1%	C3%	C6%	C8%	C9%
-	-	0.03	0.04	6.10	16.61	0.00
0	0	0.21	0.23	37.04	35.65	0.00
0	4	0.00	0.00	1.00	0.00	0.00
1	1	0.00	0.04	1.36	2.81	0.00
1	5	0.00	0.00	0.27	1.09	0.00
2	2	0.00	0.00	0.35	0.69	0.00
2	6	0.00	0.02	0.64	1.26	0.00
3	3	0.00	0.02	0.29	1.10	0.00
3	7	0.00	0.00	7.86	90.29	0.00
Core	CPU	C1%	C3%	C6%	C8%	C9%
-	-	1.69	0.89	6.31	14.01	0.50
0	0	0.33	1.44	26.07	16.41	0.01
0	4	0.00	0.00	0.49	0.21	3.99
1	1	13.21	5.68	17.03	2.08	0.00
1	5	0.00	0.00	0.27	0.79	0.00
2	2	0.00	0.00	0.17	0.60	0.00
2	6	0.00	0.02	1.11	0.59	0.00
3	3	0.00	0.02	0.37	0.50	0.00
3	7	0.00	0.00	4.94	90.86	0.00
Core	CPU	C1%	C3%	C6%	C8%	C9%
-	-	0.63	0.92	8.50	14.52	13.97
0	0	0.12	3.77	48.87	17.41	0.00
0	4	0.00	0.00	0.73	0.61	54.70
1	1	2.07	1.57	7.88	49.15	0.00
1	5	0.00	0.02	0.19	1.09	0.00
2	2	0.00	0.02	0.26	2.68	0.00
2	6	2.87	1.93	6.27	1.59	57.07
3	3	0.00	0.00	0.26	0.99	0.00
3	7	0.00	0.02	3.56	42.68	0.00
Core	CPU	C1%	C3%	C6%	C8%	C9%
-	-	0.03	0.20	6.36	15.81	0.00
0	0	0.24	1.56	39.03	32.44	0.00
0	4	0.00	0.00	0.58	0.19	0.00
1	1	0.00	0.01	5.93	60.73	0.00
1	5	0.00	0.00	0.34	0.80	0.00
2	2	0.00	0.00	1.01	1.40	0.00
2	6	0.00	0.00	0.60	0.69	0.00
3	3	0.00	0.00	0.47	0.59	0.00
3	7	0.00	0.00	2.93	29.65	0.00
Core	CPU	C1%	C3%	C6%	C8%	C9%
-	-	0.02	0.31	7.13	15.08	4.69
0	0	0.19	2.46	47.70	23.00	0.00
0	4	0.00	0.01	0.69	0.00	37.48
1	1	0.00	0.00	6.97	91.29	0.00
1	5	0.00	0.00	0.28	0.79	0.00
2	2	0.00	0.01	0.69	3.18	0.00
2	6	0.00	0.00	0.33	0.89	0.00
3	3	0.00	0.02	0.29	0.80	0.00
3	7	0.00	0.00	0.06	0.69	0.00
Core	CPU	C1%	C3%	C6%	C8%	C9%
-	-	0.47	0.28	6.32	15.51	2.63
0	0	0.23	0.75	35.44	29.00	0.00
0	4	0.00	0.00	0.42	0.70	21.06
1	1	0.00	0.10	3.43	38.96	0.00
1	5	0.00	0.00	0.10	0.90	0.00
2	2	3.53	1.39	5.94	0.60	0.00
2	6	0.00	0.01	0.46	1.08	0.00
3	3	0.00	0.00	0.34	0.69	0.00
3	7	0.00	0.01	4.46	52.12	0.00
Core	CPU	C1%	C3%	C6%	C8%	C9%
-	-	0.03	0.25	5.67	15.95	0.00
0	0	0.24	1.90	35.51	34.78	0.00
0	4	0.00	0.00	0.36	0.70	0.00
1	1	0.00	0.00	0.94	0.70	0.00
1	5	0.00	0.09	0.23	0.89	0.00
2	2	0.00	0.00	0.20	0.70	0.00
2	6	0.00	0.00	0.29	0.88	0.00
3	3	0.00	0.00	0.37	0.69	0.00
3	7	0.00	0.00	7.43	88.25	0.00
Core	CPU	C1%	C3%	C6%	C8%	C9%
-	-	0.03	0.07	6.20	16.49	0.00
0	0	0.24	0.52	37.87	34.47	0.00
0	4	0.00	0.00	0.41	0.29	0.00
1	1	0.00	0.05	1.21	1.76	0.00
1	5	0.00	0.00	0.36	0.89	0.00
2	2	0.00	0.01	0.64	2.18	0.00
2	6	0.00	0.00	0.30	1.66	0.00
3	3	0.00	0.00	0.20	1.09	0.00
3	7	0.00	0.00	8.57	89.57	0.00
Core	CPU	C1%	C3%	C6%	C8%	C9%
-	-	0.03	0.20	6.17	16.08	0.00
0	0	0.22	1.58	38.79	32.66	0.00
0	4	0.00	0.00	0.74	0.00	0.00
1	1	0.00	0.04	1.40	1.96	0.00
1	5	0.00	0.00	0.00	0.70	0.00
2	2	0.00	0.00	0.29	0.98	0.00
2	6	0.00	0.00	0.75	0.49	0.00
3	3	0.00	0.00	0.35	0.99	0.00
3	7	0.00	0.00	7.05	90.83	0.00
Core	CPU	C1%	C3%	C6%	C8%	C9%
-	-	0.01	0.61	8.52	13.85	7.92
0	0	0.08	4.84	58.25	10.25	0.00
0	4	0.00	0.00	0.77	0.00	63.34
1	1	0.00	0.05	1.88	5.04	0.00
1	5	0.00	0.00	0.23	0.50	0.00
2	2	0.00	0.00	0.29	0.90	0.00
2	6	0.00	0.00	0.10	0.99	0.00
3	3	0.00	0.00	0.77	0.59	0.00
3	7	0.00	0.00	5.91	92.53	0.00
Core	CPU	C1%	C3%	C6%	C8%	C9%
-	-	0.03	0.19	6.63	15.95	11.35
0	0	0.22	1.40	42.26	29.30	0.00
0	4	0.00	0.00	0.48	0.61	90.79
1	1	0.00	0.08	1.35	2.37	0.00
1	5	0.00	0.00	0.66	1.19	0.00
2	2	0.00	0.00	0.35	1.58	0.00
2	6	0.00	0.00	0.33	1.08	0.00
3	3	0.00	0.01	0.37	0.51	0.00
3	7	0.00	0.01	7.25	90.96	0.00
Core	CPU	C1%	C3%	C6%	C8%	C9%
-	-	0.02	0.56	7.17	14.84	5.40
0	0	0.17	4.17	45.97	22.05	0.00
0	4	0.00	0.00	0.85	0.18	43.16
1	1	0.00	0.13	1.57	4.32	0.00
1	5	0.00	0.09	0.19	0.99	0.00
2	2	0.00	0.00	0.95	1.08	0.00
2	6	0.00	0.00	0.28	0.88	0.00
3	3	0.00	0.00	0.25	0.99	0.00
3	7	0.00	0.06	7.33	88.25	0.00
Core	CPU	C1%	C3%	C6%	C8%	C9%
-	-	0.02	0.45	7.76	14.32	8.31
0	0	0.17	3.46	50.43	19.31	0.00
0	4	0.00	0.00	0.95	0.00	66.45
1	1	0.00	0.12	1.46	0.69	0.00
1	5	0.00	0.00	0.23	0.99	0.00
2	2	0.00	0.01	0.60	0.72	0.00
2	6	0.00	0.00	0.97	0.99	0.00
3	3	0.00	0.00	0.28	0.79	0.00
3	7	0.00	0.00	7.18	91.09	0.00
Core	CPU	C1%	C3%	C6%	C8%	C9%
-	-	2.36	1.31	7.01	13.10	0.06
0	0	0.08	2.26	29.08	13.11	0.01
0	4	0.00	0.00	0.78	0.40	0.48
1	1	0.00	0.11	8.87	87.02	0.00
1	5	0.00	0.00	0.27	0.88	0.00
2	2	0.00	0.05	0.38	1.00	0.00
2	6	0.00	0.00	0.41	1.09	0.00
3	3	0.00	0.00	0.10	1.09	0.00
3	7	18.77	8.09	16.16	0.20	0.00
Core	CPU	C1%	C3%	C6%	C8%	C9%
-	-	0.25	0.47	7.54	14.27	5.12
0	0	0.14	2.92	47.97	18.62	0.00
0	4	0.00	0.00	0.62	0.11	40.98
1	1	1.86	0.80	4.14	4.83	0.00
1	5	0.00	0.00	0.10	0.50	0.00
2	2	0.00	0.00	0.28	0.69	0.00
2	6	0.00	0.00	0.46	0.59	0.00
3	3	0.00	0.02	0.34	0.27	0.00
3	7	0.00	0.02	6.39	88.57	0.00
Core	CPU	C1%	C3%	C6%	C8%	C9%
-	-	0.03	0.17	6.59	15.78	1.94
0	0	0.21	1.24	41.65	29.98	0.00
0	4	0.00	0.00	0.94	0.11	15.55
1	1	0.00	0.06	1.26	1.18	0.00
1	5	0.00	0.02	0.33	1.39	0.00
2	2	0.00	0.00	0.69	1.30	0.00
2	6	0.00	0.00	0.20	0.79	0.00
3	3	0.00	0.00	0.28	0.69	0.00
3	7	0.00	0.01	7.39	90.81	0.00
Core	CPU	C1%	C3%	C6%	C8%	C9%
-	-	0.03	0.26	5.82	15.98	0.00
0	0	0.25	2.01	36.15	34.01	0.00
0	4	0.00	0.00	0.80	0.30	0.00
1	1	0.00	0.00	0.94	0.88	0.00
1	5	0.00	0.09	0.37	1.09	0.03
2	2	0.00	0.00	0.34	1.20	0.00
2	6	0.00	0.00	0.50	1.27	0.00
3	3	0.00	0.00	0.10	0.79	0.00
3	7	0.00	0.01	7.37	88.31	0.00
Core	CPU	C1%	C3%	C6%	C8%	C9%
-	-	0.03	0.24	6.80	15.24	3.81
0	0	0.21	1.90	44.34	26.81	0.00
0	4	0.00	0.00	0.53	0.11	30.51
1	1	0.00	0.01	0.99	0.00	0.00
1	5	0.00	0.00	0.10	0.89	0.00
2	2	0.00	0.00	0.48	0.98	0.00
2	6	0.00	0.00	0.37	0.98	0.00
3	3	0.00	0.00	0.24	1.28	0.00
3	7	0.00	0.03	7.38	90.82	0.00
Core	CPU	C1%	C3%	C6%	C8%	C9%
-	-	0.03	0.14	6.14	16.35	0.00
0	0	0.23	1.13	38.20	33.68	0.00
0	4	0.00	0.00	0.75	0.21	0.00
1	1	0.00	0.03	1.35	1.17	0.00
1	5	0.00	0.00	0.33	1.08	0.00
2	2	0.00	0.00	0.39	1.19	0.00
2	6	0.00	0.00	0.47	1.49	0.00
3	3	0.00	0.00	0.28	1.19	0.00
3	7	0.00	0.00	7.35	90.81	0.00
Core	CPU	C1%	C3%	C6%	C8%	C9%
-	-	0.03	0.09	6.17	16.56	0.00
0	0	0.22	0.57	38.38	33.90	0.00
0	4	0.00	0.00	0.39	0.70	0.00
1	1	0.00	0.14	1.04	3.05	0.00
1	5	0.00	0.00	0.46	0.89	0.00
2	2	0.00	0.00	1.02	1.59	0.00
2	6	0.00	0.00	0.13	1.09	0.00
3	3	0.00	0.00	0.19	0.89	0.00
3	7	0.00	0.01	7.77	90.39	0.00
Core	CPU	C1%	C3%	C6%	C8%	C9%
-	-	0.03	0.29	6.89	15.17	6.45
0	0	0.22	2.15	44.96	25.96	0.00
0	4	0.00	0.01	0.70	0.00	51.58
1	1	0.00	0.13	1.55	12.21	0.00
1	5	0.00	0.00	0.38	0.50	0.00
2	2	0.00	0.00	6.48	80.03	0.00
2	6	0.00	0.00	0.23	0.79	0.00
3	3	0.00	0.03	0.24	0.40	0.00
3	7	0.00	0.00	0.60	1.48	0.00
Core	CPU	C1%	C3%	C6%	C8%	C9%
-	-	0.02	0.78	8.12	13.06	7.14
0	0	0.12	6.15	54.48	11.90	0.00
0	4	0.00	0.00	0.70	0.00	57.14
1	1	0.00	0.05	5.07	44.37	0.00
1	5	0.00	0.00	0.38	0.79	0.00
2	2	0.00	0.00	3.01	44.98	0.00
2	6	0.00	0.00	0.35	1.29	0.00
3	3	0.00	0.02	0.90	0.30	0.00
3	7	0.00	0.00	0.10	0.89	0.00
Core	CPU	C1%	C3%	C6%	C8%	C9%
-	-	0.01	0.84	9.29	12.36	11.28
0	0	0.06	6.69	65.37	1.41	0.00
0	4	0.00	0.00	0.84	0.00	90.22
1	1	0.00	0.04	6.23	92.21	0.00
1	5	0.00	0.00	0.20	0.99	0.00
2	2	0.00	0.00	0.29	1.08	0.00
2	6	0.04	0.02	0.67	1.49	0.00
3	3	0.00	0.00	0.45	0.69	0.00
3	7	0.00	0.00	0.23	0.98	0.00
Core	CPU	C1%	C3%	C6%	C8%	C9%
-	-	0.02	0.60	7.88	14.14	5.74
0	0	0.13	4.77	53.06	15.34	0.00
0	4	0.00	0.00	0.79	0.11	45.94
1	1	0.00	0.00	6.69	91.66	0.00
1	5	0.00	0.00	0.24	0.99	0.00
2	2	0.00	0.02	0.49	1.43	0.00
2	6	0.00	0.03	0.68	1.39	0.00
3	3	0.00	0.00	0.74	1.38	0.00
3	7	0.00	0.00	0.37	0.79	0.00
Core	CPU	C1%	C3%	C6%	C8%	C9%
-	-	0.74	0.87	8.39	14.79	0.94
0	0	0.26	2.60	44.95	23.57	0.00
0	4	0.00	0.00	0.89	0.00	7.50
1	1	3.27	2.29	9.27	34.16	0.00
1	5	0.00	0.00	0.37	0.98	0.00
2	2	2.37	2.10	10.33	56.34	0.00
2	6	0.00	0.00	0.82	1.17	0.00
3	3	0.00	0.00	0.19	1.29	0.00
3	7	0.00	0.00	0.28	0.79	0.00
Core	CPU	C1%	C3%	C6%	C8%	C9%
-	-	0.03	0.13	6.31	16.21	0.00
0	0	0.24	0.89	40.12	31.96	0.00
0	4	0.00	0.00	1.00	0.00	0.00
1	1	0.00	0.11	5.31	65.30	0.00
1	5	0.00	0.00	0.37	1.29	0.00
2	2	0.00	0.00	2.40	27.30	0.00
2	6	0.00	0.00	0.80	1.48	0.00
3	3	0.00	0.02	0.29	1.09	0.00
3	7	0.00	0.00	0.20	1.29	0.00
Core	CPU	C1%	C3%	C6%	C8%	C9%
-	-	0.03	0.17	6.12	15.52	0.00
0	0	0.24	1.30	37.58	32.27	0.00
0	4	0.00	0.00	0.74	0.00	0.00
1	1	0.00	0.00	3.59	32.03	0.00
1	5	0.00	0.01	0.70	0.40	0.00
2	2	0.00	0.00	5.05	56.10	0.00
2	6	0.00	0.02	0.74	1.56	0.00
3	3	0.00	0.00	0.36	0.79	0.00
3	7	0.00	0.00	0.23	0.98	0.00
Core	CPU	C1%	C3%	C6%	C8%	C9%
-	-	0.02	0.47	7.78	14.13	7.28
0	0	0.16	3.70	51.65	17.64	0.00
0	4	0.00	0.00	1.59	0.00	58.24
1	1	0.00	0.02	0.13	0.69	0.00
1	5	0.00	0.00	0.44	1.49	0.00
2	2	0.00	0.02	7.28	91.06	0.00
2	6	0.00	0.04	0.58	0.50	0.00
3	3	0.00	0.00	0.19	0.89	0.00
3	7	0.00	0.00	0.37	0.79	0.00
Core	CPU	C1%	C3%	C6%	C8%	C9%
-	-	0.01	0.68	8.24	13.81	7.66
0	0	0.10	5.41	56.86	11.05	0.00
0	4	0.00	0.00	0.67	0.61	61.24
1	1	0.00	0.00	0.52	1.97	0.00
1	5	0.00	0.00	0.44	1.09	0.00
2	2	0.00	0.00	6.28	91.91	0.00
2	6	0.00	0.03	0.50	1.28	0.00
3	3	0.00	0.00	0.19	1.29	0.00
3	7	0.00	0.00	0.48	1.28	0.00
Core	CPU	C1%	C3%	C6%	C8%	C9%
-	-	0.03	0.02	5.81	16.54	0.00
0	0	0.28	0.11	36.54	36.19	0.00
0	4	0.00	0.02	0.29	0.80	0.00
1	1	0.00	0.01	0.13	1.67	0.00
1	5	0.00	0.00	0.37	0.89	0.00
2	2	0.00	0.00	7.83	90.40	0.00
2	6	0.00	0.06	0.83	0.59	0.00
3	3	0.00	0.00	0.32	0.90	0.00
3	7	0.00	0.00	0.20	0.90	0.00
Core	CPU	C1%	C3%	C6%	C8%	C9%
-	-	0.03	0.05	6.22	16.30	0.00
0	0	0.25	0.40	37.79	34.69	0.00
0	4	0.00	0.00	1.54	0.50	0.00
1	1	0.00	0.00	0.64	0.10	0.00
1	5	0.00	0.00	0.52	1.29	0.00
2	2	0.00	0.00	0.29	2.67	0.00
2	6	0.00	0.01	0.60	0.99	0.00
3	3	0.00	0.00	8.13	89.26	0.00
3	7	0.00	0.00	0.25	0.88	0.00
Core	CPU	C1%	C3%	C6%	C8%	C9%
-	-	0.22	0.53	6.38	14.70	0.00
0	0	0.17	2.66	36.83	21.20	0.00
0	4	0.00	0.00	1.25	0.00	0.00
1	1	0.00	0.02	0.63	3.65	0.00
1	5	0.00	0.00	0.23	0.99	0.00
2	2	0.00	0.02	0.39	0.90	0.00
2	6	1.55	1.50	4.73	0.99	0.00
3	3	0.00	0.00	6.60	89.18	0.00
3	7	0.00	0.00	0.37	0.69	0.00
Core	CPU	C1%	C3%	C6%	C8%	C9%
-	-	0.15	0.46	7.77	14.52	10.21
0	0	0.19	3.55	49.76	19.85	0.00
0	4	0.00	0.00	0.69	0.40	81.70
1	1	0.00	0.00	0.40	3.04	0.00
1	5	0.69	0.00	0.68	0.59	0.00
2	2	0.00	0.00	0.84	0.60	0.00
2	6	0.33	0.10	1.94	0.19	0.00
3	3	0.00	0.04	7.65	90.58	0.00
3	7	0.00	0.00	0.20	0.88	0.00
Core	CPU	C1%	C3%	C6%	C8%	C9%
-	-	0.03	0.29	6.62	15.60	2.80
0	0	0.23	2.19	42.54	28.42	0.00
0	4	0.00	0.00	0.90	0.00	22.37
1	1	0.00	0.00	0.25	1.49	0.00
1	5	0.00	0.00	0.35	0.99	0.00
2	2	0.00	0.06	2.00	15.59	0.00
2	6	0.00	0.01	0.76	1.37	0.00
3	3	0.00	0.02	5.93	75.80	0.00
3	7	0.00	0.00	0.19	1.18	0.00
Core	CPU	C1%	C3%	C6%	C8%	C9%
-	-	0.03	0.08	6.11	15.92	0.00
0	0	0.27	0.60	38.58	33.73	0.00
0	4	0.00	0.00	0.64	0.00	0.00
1	1	0.00	0.00	0.30	0.50	0.00
1	5	0.00	0.02	0.49	0.39	0.00
2	2	0.00	0.00	0.10	0.99	0.00
2	6	0.00	0.00	0.99	0.60	0.00
3	3	0.00	0.00	7.67	90.55	0.00
3	7	0.00	0.00	0.14	0.58	0.00
Core	CPU	C1%	C3%	C6%	C8%	C9%
-	-	0.06	0.09	6.28	16.12	0.00
0	0	0.26	0.64	39.13	33.19	0.00
0	4	0.00	0.00	1.16	0.00	0.00
1	1	0.00	0.03	0.28	2.06	0.00
1	5	0.00	0.00	0.23	0.99	0.00
2	2	0.00	0.05	6.84	72.58	0.00
2	6	0.00	0.00	0.31	1.10	0.00
3	3	0.00	0.00	1.86	18.23	0.00
3	7	0.19	0.00	0.46	0.79	0.00
Core	CPU	C1%	C3%	C6%	C8%	C9%
-	-	0.18	0.45	6.45	15.18	2.12
0	0	0.20	2.94	39.11	27.54	0.00
0	4	0.00	0.00	0.79	0.11	14.30
1	1	1.26	0.65	2.75	0.89	0.00
1	5	0.00	0.00	0.57	1.41	2.63
2	2	0.00	0.00	6.96	88.89	0.00
2	6	0.00	0.00	0.83	0.61	0.00
3	3	0.00	0.01	0.29	0.92	0.00
3	7	0.00	0.00	0.29	1.09	0.00
Core	CPU	C1%	C3%	C6%	C8%	C9%
-	-	0.44	0.25	6.62	15.62	0.02
0	0	0.17	1.13	39.84	26.35	0.12
0	4	0.00	0.00	0.73	0.50	0.00
1	1	3.38	0.89	3.98	1.48	0.00
1	5	0.00	0.00	0.10	1.19	0.00
2	2	0.00	0.00	0.88	1.19	0.00
2	6	0.00	0.01	0.59	1.19	0.00
3	3	0.00	0.00	6.00	92.29	0.00
3	7	0.00	0.00	0.83	0.79	0.00
Core	CPU	C1%	C3%	C6%	C8%	C9%
-	-	0.02	0.33	6.96	15.62	1.26
0	0	0.14	2.60	44.60	25.65	0.00
0	4	0.00	0.00	0.37	0.51	10.06
1	1	0.00	0.01	0.80	3.95	0.00
1	5	0.00	0.00	0.55	0.98	0.00
2	2	0.00	0.00	1.02	0.41	0.00
2	6	0.00	0.01	1.28	1.19	0.00
3	3	0.00	0.00	6.56	91.74	0.00
3	7	0.00	0.00	0.47	0.49	0.00
Core	CPU	C1%	C3%	C6%	C8%	C9%
-	-	0.02	0.15	6.70	15.91	0.00
0	0	0.20	1.09	41.60	30.02	0.00
0	4	0.00	0.01	0.70	0.00	0.00
1	1	0.00	0.01	1.06	2.88	0.00
1	5	0.00	0.03	0.58	0.77	0.00
2	2	0.00	0.00	1.03	1.30	0.00
2	6	0.00	0.00	0.81	0.80	0.00
3	3	0.00	0.04	7.71	90.52	0.00
3	7	0.00	0.00	0.10	0.99	0.00
Core	CPU	C1%	C3%	C6%	C8%	C9%
-	-	0.02	0.25	6.79	15.64	3.51
0	0	0.18	1.88	44.22	26.84	0.00
0	4	0.00	0.00	0.79	0.00	28.12
1	1	0.00	0.07	1.20	2.84	0.00
1	5	0.00	0.01	0.49	1.08	0.00
2	2	0.00	0.00	0.36	0.98	0.00
2	6	0.00	0.00	0.14	0.99	0.00
3	3	0.00	0.02	6.90	91.37	0.00
3	7	0.00	0.00	0.20	0.98	0.00
Core	CPU	C1%	C3%	C6%	C8%	C9%
-	-	0.02	0.46	6.93	15.09	5.10
0	0	0.16	3.65	44.23	24.37	0.00
0	4	0.00	0.00	0.64	0.30	40.79
1	1	0.00	0.05	1.37	2.84	0.00
1	5	0.00	0.00	1.21	1.00	0.00
2	2	0.00	0.00	0.29	0.89	0.00
2	6	0.00	0.00	0.76	1.28	0.00
3	3	0.00	0.00	6.60	89.27	0.00
3	7	0.00	0.00	0.34	0.79	0.00
Core	CPU	C1%	C3%	C6%	C8%	C9%
-	-	0.03	0.07	6.10	16.10	2.97
0	0	0.24	0.54	38.40	34.02	0.00
0	4	0.00	0.00	0.66	0.00	23.47
1	1	0.00	0.00	0.18	0.98	0.32
1	5	0.00	0.01	1.14	0.69	0.00
2	2	0.00	0.01	0.29	0.61	0.00
2	6	0.00	0.00	0.10	0.99	0.00
3	3	0.00	0.00	7.59	90.65	0.00
3	7	0.00	0.00	0.45	0.88	0.00
Core	CPU	C1%	C3%	C6%	C8%	C9%
-	-	0.02	0.31	6.81	15.78	3.63
0	0	0.19	2.47	43.73	26.86	0.00
0	4	0.00	0.00	0.60	0.40	28.12
1	1	0.00	0.00	0.85	2.46	0.00
1	5	0.00	0.02	0.82	1.36	0.89
2	2	0.00	0.00	1.22	1.70	0.00
2	6	0.00	0.00	0.19	0.90	0.00
3	3	0.00	0.00	6.70	91.59	0.00
3	7	0.00	0.00	0.37	0.98	0.00
Core	CPU	C1%	C3%	C6%	C8%	C9%
-	-	3.54	1.05	5.98	13.47	0.00
0	0	0.45	0.93	18.75	7.86	0.02
0	4	0.00	0.01	0.78	0.40	0.00
1	1	27.89	7.42	22.94	0.00	0.00
1	5	0.00	0.00	0.67	0.89	0.00
2	2	0.00	0.00	0.25	1.39	0.00
2	6	0.00	0.00	0.33	1.19	0.00
3	3	0.00	0.02	3.78	94.80	0.00
3	7	0.00	0.00	0.29	1.28	0.00
Core	CPU	C1%	C3%	C6%	C8%	C9%
-	-	0.33	0.23	6.58	15.47	5.67
0	0	0.33	1.09	38.97	29.55	0.00
0	4	0.00	0.00	0.25	0.50	45.40
1	1	2.32	0.68	3.25	0.40	0.00
1	5	0.00	0.05	0.99	0.10	0.00
2	2	0.00	0.00	1.81	12.42	0.00
2	6	0.00	0.00	0.19	0.89	0.00
3	3	0.00	0.00	6.41	79.32	0.00
3	7	0.00	0.00	0.75	0.59	0.00
Core	CPU	C1%	C3%	C6%	C8%	C9%
-	-	0.04	0.41	6.47	15.49	0.00
0	0	0.23	2.48	39.60	30.44	0.00
0	4	0.00	0.00	0.49	0.20	0.00
1	1	0.10	0.73	2.58	0.79	0.00
1	5	0.00	0.03	0.84	1.55	0.00
2	2	0.00	0.00	0.17	0.70	0.00
2	6	0.00	0.00	0.32	0.70	0.00
3	3	0.00	0.01	7.26	88.25	0.00
3	7	0.00	0.00	0.49	1.28	0.00
Core	CPU	C1%	C3%	C6%	C8%	C9%
-	-	2.08	1.09	7.80	14.13	1.05
0	0	0.22	2.20	30.53	12.25	0.00
0	4	0.00	0.00	0.32	0.31	8.40
1	1	0.91	2.26	8.50	0.98	0.00
1	5	0.00	0.02	0.47	1.07	0.00
2	2	15.49	4.23	17.08	6.99	0.00
2	6	0.00	0.00	0.35	1.08	0.00
3	3	0.00	0.00	5.06	89.84	0.00
3	7	0.00	0.00	0.04	0.49	0.00
Core	CPU	C1%	C3%	C6%	C8%	C9%
-	-	0.03	0.17	6.30	15.93	0.03
0	0	0.22	1.29	37.98	33.77	0.00
0	4	0.00	0.00	0.98	0.59	0.00
1	1	0.00	0.00	0.72	0.60	0.22
1	5	0.00	0.04	0.93	0.27	0.00
2	2	0.00	0.00	0.83	0.30	0.00
2	6	0.00	0.01	0.90	0.79	0.00
3	3	0.00	0.00	7.59	90.53	0.00
3	7	0.00	0.00	0.47	0.58	0.00
Core	CPU	C1%	C3%	C6%	C8%	C9%
-	-	0.03	0.05	6.17	15.96	0.13
0	0	0.23	0.40	37.56	34.94	0.00
0	4	0.00	0.00	0.61	0.19	0.00
1	1	0.00	0.00	0.27	0.99	1.00
1	5	0.00	0.00	1.49	0.09	0.00
2	2	0.00	0.00	0.35	0.49	0.00
2	6	0.00	0.00	0.31	0.89	0.00
3	3	0.00	0.01	8.47	89.73	0.00
3	7	0.00	0.00	0.29	0.40	0.00
Core	CPU	C1%	C3%	C6%	C8%	C9%
-	-	0.02	0.11	6.34	15.99	0.00
0	0	0.20	0.81	39.74	32.41	0.00
0	4	0.00	0.00	0.84	0.00	0.00
1	1	0.00	0.00	0.52	1.29	0.00
1	5	0.00	0.02	1.01	0.79	0.00
2	2	0.00	0.00	0.39	0.88	0.00
2	6	0.00	0.00	0.28	0.98	0.00
3	3	0.00	0.00	7.35	90.88	0.00
3	7	0.00	0.03	0.59	0.69	0.00
Core	CPU	C1%	C3%	C6%	C8%	C9%
-	-	0.02	0.38	6.88	15.05	2.49
0	0	0.16	2.88	44.30	24.15	0.00
0	4	0.00	0.00	0.96	0.00	19.95
1	1	0.00	0.00	0.53	3.24	0.00
1	5	0.00	0.17	0.77	0.69	0.00
2	2	0.00	0.01	0.84	1.99	0.00
2	6	0.00	0.00	0.19	1.19	0.00
3	3	0.00	0.00	7.09	88.46	0.00
3	7	0.00	0.00	0.36	0.69	0.00
Core	CPU	C1%	C3%	C6%	C8%	C9%
-	-	0.03	0.07	6.18	16.02	0.12
0	0	0.22	0.48	38.56	33.91	0.00
0	4	0.00	0.00	0.48	0.11	0.00
1	1	0.00	0.00	0.47	0.50	0.99
1	5	0.00	0.07	1.26	0.58	0.00
2	2	0.00	0.00	0.15	0.78	0.00
2	6	0.00	0.00	0.32	0.99	0.00
3	3	0.00	0.01	7.89	90.31	0.00
3	7	0.00	0.00	0.29	0.98	0.00
Core	CPU	C1%	C3%	C6%	C8%	C9%
-	-	0.02	0.36	7.03	14.99	10.14
0	0	0.14	2.85	46.02	24.26	0.00
0	4	0.00	0.00	0.83	0.00	81.14
1	1	0.00	0.01	0.36	0.98	0.00
1	5	0.00	0.01	1.26	0.59	0.00
2	2	0.00	0.00	0.38	0.79	0.00
2	6	0.00	0.00	0.45	0.88	0.00
3	3	0.00	0.00	6.79	91.52	0.00
3	7	0.00	0.00	0.13	0.89	0.00
Core	CPU	C1%	C3%	C6%	C8%	C9%
-	-	0.02	0.05	6.13	16.44	0.03
0	0	0.20	0.37	37.89	34.64	0.00
0	4	0.00	0.00	0.67	0.00	0.00
1	1	0.00	0.00	0.47	2.27	0.00
1	5	0.00	0.03	1.04	1.28	0.00
2	2	0.00	0.02	7.69	90.31	0.00
2	6	0.00	0.00	0.53	0.80	0.28
3	3	0.00	0.00	0.34	1.21	0.00
3	7	0.00	0.00	0.39	0.99	0.00
Core	CPU	C1%	C3%	C6%	C8%	C9%
-	-	0.03	0.09	6.38	16.25	0.00
0	0	0.23	0.64	39.07	33.19	0.00
0	4	0.00	0.00	0.70	0.00	0.00
1	1	0.00	0.00	0.43	1.38	0.00
1	5	0.00	0.05	1.08	1.19	0.00
2	2	0.00	0.04	2.98	24.35	0.00
2	6	0.00	0.00	0.62	0.68	0.00
3	3	0.00	0.01	5.84	67.86	0.00
3	7	0.00	0.00	0.30	1.37	0.00
Core	CPU	C1%	C3%	C6%	C8%	C9%
-	-	0.04	0.28	6.23	15.72	0.00
0	0	0.21	2.10	37.26	32.67	0.00
0	4	0.01	0.00	0.91	0.00	0.00
1	1	0.00	0.02	0.80	0.59	0.00
1	5	0.01	0.11	0.52	1.17	0.00
2	2	0.00	0.00	4.44	39.18	0.00
2	6	0.00	0.00	1.34	1.19	0.00
3	3	0.09	0.00	4.23	49.84	0.00
3	7	0.00	0.00	0.36	1.10	0.00
Core	CPU	C1%	C3%	C6%	C8%	C9%
-	-	0.03	0.04	6.16	16.21	0.00
0	0	0.21	0.26	37.11	35.52	0.00
0	4	0.00	0.00	0.97	0.00	0.00
1	1	0.00	0.00	0.35	0.99	0.00
1	5	0.00	0.03	0.56	1.27	0.00
2	2	0.00	0.02	2.16	22.18	0.00
2	6	0.00	0.00	0.38	0.99	0.00
3	3	0.00	0.00	7.11	67.97	0.00
3	7	0.00	0.00	0.66	0.79	0.00
Core	CPU	C1%	C3%	C6%	C8%	C9%
-	-	0.02	0.18	6.12	16.30	0.00
0	0	0.20	1.36	38.56	33.04	0.00
0	4	0.00	0.00	0.80	0.00	0.00
1	1	0.00	0.00	0.19	1.08	0.00
1	5	0.00	0.04	0.58	0.96	0.00
2	2	0.00	0.00	0.43	2.07	0.00
2	6	0.00	0.00	0.14	0.99	0.00
3	3	0.00	0.01	7.70	90.45	0.00
3	7	0.00	0.00	0.56	1.78	0.00
Core	CPU	C1%	C3%	C6%	C8%	C9%
-	-	2.13	0.77	6.31	14.32	0.14
0	0	0.09	1.24	27.24	15.37	0.12
0	4	0.00	0.02	0.50	0.00	0.00
1	1	0.00	0.00	0.51	1.99	1.00
1	5	0.00	0.05	1.30	0.59	0.00
2	2	0.00	0.00	3.06	57.42	0.00
2	6	0.00	0.00	0.40	1.59	0.00
3	3	16.93	4.81	17.27	36.52	0.00
3	7	0.00	0.00	0.20	1.08	0.00
Core	CPU	C1%	C3%	C6%	C8%	C9%
-	-	1.54	0.40	6.66	15.31	1.64
0	0	0.25	0.41	30.72	25.06	0.01
0	4	0.00	0.00	0.66	0.39	13.08
1	1	0.00	0.00	0.28	0.89	0.00
1	5	0.00	0.04	0.52	0.60	0.00
2	2	0.00	0.00	6.11	92.27	0.00
2	6	0.00	0.02	0.59	1.68	0.00
3	3	12.11	2.77	14.18	0.20	0.00
3	7	0.00	0.00	0.25	1.38	0.00
Core	CPU	C1%	C3%	C6%	C8%	C9%
-	-	0.03	0.19	5.96	16.09	0.21
0	0	0.23	1.30	36.82	33.24	0.00
0	4	0.00	0.00	0.79	0.09	0.00
1	1	0.00	0.00	0.60	2.94	0.00
1	5	0.00	0.19	0.52	1.38	1.68
2	2	0.00	0.00	7.33	88.13	0.00
2	6	0.00	0.00	0.77	0.50	0.00
3	3	0.00	0.00	0.29	1.29	0.00
3	7	0.00	0.00	0.57	1.18	0.00
Core	CPU	C1%	C3%	C6%	C8%	C9%
-	-	0.03	0.05	6.06	16.28	0.00
0	0	0.28	0.36	37.26	35.28	0.00
0	4	0.00	0.00	0.89	0.00	0.00
1	1	0.00	0.00	0.95	1.29	0.00
1	5	0.00	0.04	0.76	1.09	0.00
2	2	0.00	0.00	7.92	90.28	0.00
2	6	0.00	0.00	0.14	0.79	0.00
3	3	0.00	0.02	0.30	0.79	0.00
3	7	0.00	0.00	0.29	0.69	0.00
Core	CPU	C1%	C3%	C6%	C8%	C9%
-	-	0.01	0.63	8.31	13.45	6.93
0	0	0.10	4.95	56.57	11.95	0.00
0	4	0.00	0.00	0.72	0.00	55.42
1	1	0.00	0.00	0.54	1.28	0.00
1	5	0.00	0.04	0.84	0.89	0.00
2	2	0.00	0.03	7.41	90.88	0.00
2	6	0.00	0.00	0.14	1.09	0.00
3	3	0.00	0.02	0.20	0.70	0.00
3	7	0.00	0.00	0.10	0.79	0.00
Core	CPU	C1%	C3%	C6%	C8%	C9%
-	-	0.03	0.25	7.04	15.41	5.33
0	0	0.20	1.94	46.05	25.16	0.00
0	4	0.00	0.00	0.53	0.21	42.68
1	1	0.00	0.05	1.49	1.94	0.00
1	5	0.00	0.00	0.72	0.79	0.00
2	2	0.00	0.00	4.96	70.83	0.00
2	6	0.00	0.00	0.27	1.19	0.00
3	3	0.00	0.00	2.10	21.90	0.00
3	7	0.00	0.00	0.23	1.28	0.00
Core	CPU	C1%	C3%	C6%	C8%	C9%
-	-	0.03	0.13	6.24	15.98	1.72
0	0	0.21	0.99	40.61	31.46	0.00
0	4	0.00	0.00	0.57	0.28	13.75
1	1	0.00	0.00	0.14	0.99	0.00
1	5	0.00	0.01	0.57	1.68	0.00
2	2	0.00	0.00	0.10	0.78	0.00
2	6	0.00	0.00	0.27	0.99	0.00
3	3	0.00	0.00	7.31	91.01	0.00
3	7	0.00	0.00	0.35	0.69	0.00
Core	CPU	C1%	C3%	C6%	C8%	C9%
-	-	0.02	0.43	7.10	14.47	5.72
0	0	0.18	3.32	46.64	21.40	0.00
0	4	0.00	0.00	0.87	0.00	45.70
1	1	0.00	0.00	0.58	2.67	0.00
1	5	0.01	0.12	0.63	1.19	0.02
2	2	0.00	0.00	0.62	0.29	0.00
2	6	0.00	0.00	0.60	0.30	0.00
3	3	0.00	0.00	6.49	89.15	0.00
3	7	0.00	0.00	0.36	0.79	0.00
Core	CPU	C1%	C3%	C6%	C8%	C9%
-	-	2.45	0.86	6.45	14.30	1.68
0	0	0.07	1.80	29.59	14.92	0.00
0	4	0.00	0.00	0.70	0.00	13.47
1	1	0.00	0.00	0.19	1.09	0.00
1	5	18.80	5.07	14.71	0.60	0.00
2	2	0.00	0.00	0.85	1.68	0.00
2	6	0.00	0.01	0.52	1.29	0.00
3	3	0.00	0.02	4.47	94.05	0.00
3	7	0.71	0.00	0.59	0.79	0.00
Core	CPU	C1%	C3%	C6%	C8%	C9%
-	-	0.57	0.33	6.38	15.85	0.00
0	0	0.20	1.51	36.17	30.62	0.00
0	4	0.00	0.00	0.55	0.59	0.00
1	1	0.00	0.00	0.46	1.77	0.00
1	5	4.36	1.15	5.41	0.19	0.00
2	2	0.00	0.00	0.09	0.78	0.00
2	6	0.00	0.01	0.59	1.56	0.00
3	3	0.00	0.00	7.63	90.59	0.00
3	7	0.00	0.00	0.18	0.70	0.00
Core	CPU	C1%	C3%	C6%	C8%	C9%
-	-	0.39	0.87	7.86	14.85	0.00
0	0	0.24	2.30	40.50	17.73	0.00
0	4	0.00	0.00	0.86	0.00	0.00
1	1	1.99	3.71	10.72	2.96	0.00
1	5	0.00	0.00	0.53	0.79	0.00
2	2	0.90	0.97	4.76	12.53	0.00
2	6	0.00	0.00	0.66	0.72	0.00
3	3	0.00	0.00	4.45	83.84	0.00
3	7	0.00	0.00	0.43	0.23	0.00
Core	CPU	C1%	C3%	C6%	C8%	C9%
-	-	0.42	0.16	6.36	15.93	0.00
0	0	0.21	0.26	34.96	32.18	0.00
0	4	0.00	0.00	0.68	0.40	0.00
1	1	0.10	0.06	2.20	1.58	0.00
1	5	0.00	0.00	0.28	0.79	0.00
2	2	3.03	0.94	4.13	0.00	0.00
2	6	0.00	0.00	0.82	0.79	0.00
3	3	0.00	0.02	7.40	90.78	0.00
3	7	0.00	0.00	0.39	0.89	0.00
Core	CPU	C1%	C3%	C6%	C8%	C9%
-	-	0.03	0.23	6.34	15.55	0.00
0	0	0.21	1.68	39.68	29.86	0.00
0	4	0.00	0.00	0.92	0.11	0.00
1	1	0.00	0.03	0.70	0.99	0.00
1	5	0.01	0.08	0.20	1.19	0.02
2	2	0.00	0.00	0.66	2.47	0.00
2	6	0.00	0.00	0.55	1.09	0.00
3	3	0.00	0.02	7.80	87.67	0.00
3	7	0.00	0.00	0.23	0.99	0.00
Core	CPU	C1%	C3%	C6%	C8%	C9%
-	-	0.03	0.08	6.14	16.27	0.00
0	0	0.25	0.59	38.46	33.86	0.00
0	4	0.00	0.00	0.67	0.00	0.00
1	1	0.00	0.04	0.65	0.99	0.00
1	5	0.00	0.00	0.14	0.99	0.00
2	2	0.00	0.02	3.25	28.39	0.00
2	6	0.00	0.00	0.10	0.60	0.00
3	3	0.00	0.00	5.36	63.38	0.00
3	7	0.00	0.00	0.50	1.97	0.00
Core	CPU	C1%	C3%	C6%	C8%	C9%
-	-	0.03	0.16	5.97	16.29	0.00
0	0	0.24	1.21	37.65	34.18	0.00
0	4	0.00	0.00	0.79	0.00	0.00
1	1	0.00	0.03	0.59	0.99	0.00
1	5	0.00	0.00	0.34	0.79	0.00
2	2	0.00	0.00	0.26	1.28	0.00
2	6	0.00	0.00	0.43	1.38	0.00
3	3	0.00	0.02	7.58	90.57	0.00
3	7	0.00	0.00	0.10	1.09	0.00
Core	CPU	C1%	C3%	C6%	C8%	C9%
-	-	0.02	0.35	7.27	14.62	4.30
0	0	0.16	2.72	48.47	21.96	0.00
0	4	0.00	0.00	0.75	0.00	34.43
1	1	0.00	0.04	1.11	0.49	0.00
1	5	0.00	0.00	0.79	0.49	0.00
2	2	0.00	0.00	0.11	0.98	0.00
2	6	0.00	0.00	0.38	0.59	0.00
3	3	0.00	0.00	6.44	91.96	0.00
3	7	0.00	0.00	0.13	0.50	0.00
Core	CPU	C1%	C3%	C6%	C8%	C9%
-	-	0.03	0.14	6.71	15.60	0.61
0	0	0.22	0.94	40.08	31.13	0.00
0	4	0.00	0.00	0.57	0.60	4.87
1	1	0.00	0.00	1.28	0.79	0.00
1	5	0.00	0.02	0.13	0.70	0.00
2	2	0.01	0.17	2.18	0.30	0.00
2	6	0.00	0.00	0.87	0.59	0.00
3	3	0.00	0.02	8.12	90.18	0.00
3	7	0.00	0.00	0.46	0.49	0.00
Core	CPU	C1%	C3%	C6%	C8%	C9%
-	-	0.02	0.45	6.53	14.99	1.59
0	0	0.19	3.56	43.26	25.42	0.00
0	4	0.00	0.00	0.69	0.10	12.75
1	1	0.00	0.00	0.57	2.66	0.00
1	5	0.00	0.00	0.37	0.79	0.00
2	2	0.00	0.00	0.24	0.50	0.00
2	6	0.00	0.00	0.42	0.40	0.00
3	3	0.00	0.00	6.43	89.36	0.00
3	7	0.00	0.00	0.28	0.70	0.00
Core	CPU	C1%	C3%	C6%	C8%	C9%
-	-	0.02	0.26	6.98	15.09	3.53
0	0	0.18	2.06	46.58	24.44	0.00
0	4	0.00	0.02	0.80	0.20	28.27
1	1	0.00	0.00	0.41	1.30	0.00
1	5	0.00	0.00	0.19	0.98	0.00
2	2	0.00	0.00	0.26	0.89	0.00
2	6	0.00	0.00	0.33	0.69	0.00
3	3	0.00	0.00	7.06	91.29	0.00
3	7	0.00	0.00	0.19	0.90	0.00
Core	CPU	C1%	C3%	C6%	C8%	C9%
-	-	0.03	0.22	6.21	16.04	0.75
0	0	0.23	1.75	40.01	31.26	0.00
0	4	0.00	0.00	0.74	0.09	5.96
1	1	0.00	0.00	0.64	2.86	0.00
1	5	0.00	0.02	0.26	0.49	0.00
2	2	0.00	0.00	0.16	1.20	0.00
2	6	0.00	0.00	0.19	0.89	0.00
3	3	0.00	0.00	7.51	90.55	0.00
3	7	0.00	0.00	0.14	0.99	0.00
Core	CPU	C1%	C3%	C6%	C8%	C9%
-	-	0.04	0.34	7.25	15.11	3.88
0	0	0.30	2.70	48.29	22.02	0.00
0	4	0.00	0.00	0.79	0.00	31.01
1	1	0.00	0.02	0.58	2.97	0.00
1	5	0.00	0.00	0.53	0.69	0.00
2	2	0.00	0.01	0.62	1.79	0.00
2	6	0.00	0.00	0.28	0.89	0.00
3	3	0.00	0.00	6.56	91.83	0.00
3	7	0.00	0.00	0.36	0.69	0.00
Core	CPU	C1%	C3%	C6%	C8%	C9%
-	-	0.03	0.03	5.87	16.44	0.00
0	0	0.26	0.25	37.00	35.60	0.00
0	4	0.00	0.00	0.79	0.00	0.00
1	1	0.00	0.00	0.49	1.68	0.00
1	5	0.00	0.00	0.46	0.79	0.00
2	2	0.00	0.00	0.24	0.99	0.00
2	6	0.00	0.00	0.13	0.99	0.00
3	3	0.00	0.00	7.58	90.67	0.00
3	7	0.00	0.00	0.28	0.79	0.00
Core	CPU	C1%	C3%	C6%	C8%	C9%
-	-	0.33	0.44	7.55	15.10	4.38
0	0	0.14	2.79	45.03	20.15	0.00
0	4	0.00	0.03	0.99	0.00	31.30
1	1	0.00	0.02	1.62	4.12	0.30
1	5	0.00	0.00	0.19	1.29	0.00
2	2	2.30	0.69	4.16	0.98	0.00
2	6	0.00	0.00	0.79	2.47	3.46
3	3	0.00	0.00	6.93	91.49	0.00
3	7	0.20	0.01	0.70	0.30	0.00
Core	CPU	C1%	C3%	C6%	C8%	C9%
-	-	1.30	0.70	7.54	13.98	5.15
0	0	0.32	2.76	40.04	13.19	0.00
0	4	0.00	0.00	0.76	0.40	41.21
1	1	0.00	0.06	1.60	1.98	0.00
1	5	0.00	0.00	0.72	0.99	0.00
2	2	10.11	2.76	11.55	0.29	0.00
2	6	0.00	0.00	0.19	0.89	0.00
3	3	0.00	0.00	5.14	93.38	0.00
3	7	0.00	0.00	0.35	0.69	0.00
Core	CPU	C1%	C3%	C6%	C8%	C9%
-	-	0.03	0.21	6.28	15.87	1.98
0	0	0.22	1.55	39.41	32.07	0.00
0	4	0.00	0.00	0.59	0.11	15.85
1	1	0.00	0.11	0.85	1.00	0.00
1	5	0.00	0.00	0.36	0.79	0.00
2	2	0.00	0.03	1.06	0.79	0.00
2	6	0.00	0.00	0.39	0.59	0.00
3	3	0.00	0.00	7.27	90.79	0.00
3	7	0.00	0.00	0.29	0.79	0.00
Core	CPU	C1%	C3%	C6%	C8%	C9%
-	-	0.03	0.34	7.21	15.12	5.68
0	0	0.18	2.54	47.59	22.96	0.00
0	4	0.00	0.00	0.73	0.00	45.40
1	1	0.00	0.12	1.20	2.38	0.00
1	5	0.00	0.00	0.20	1.29	0.00
2	2	0.00	0.00	0.38	0.99	0.00
2	6	0.07	0.00	0.64	0.98	0.00
3	3	0.00	0.00	6.82	91.56	0.00
3	7	0.00	0.03	0.10	0.79	0.00
Core	CPU	C1%	C3%	C6%	C8%	C9%
-	-	0.03	0.16	6.55	15.70	2.99
0	0	0.25	1.21	41.53	30.28	0.00
0	4	0.00	0.00	1.16	0.00	23.96
1	1	0.00	0.07	1.07	1.48	0.00
1	5	0.00	0.00	0.23	0.89	0.00
2	2	0.00	0.01	0.30	0.41	0.00
2	6	0.00	0.00	0.38	0.69	0.00
3	3	0.00	0.00	7.44	90.88	0.00
3	7	0.00	0.00	0.26	0.99	0.00
Core	CPU	C1%	C3%	C6%	C8%	C9%
-	-	0.03	0.26	5.84	15.97	0.35
0	0	0.26	1.86	36.22	34.04	0.00
0	4	0.00	0.00	0.69	0.00	0.00
1	1	0.00	0.13	1.02	0.99	0.00
1	5	0.00	0.09	0.43	1.38	2.79
2	2	0.00	0.00	0.25	0.79	0.00
2	6	0.00	0.00	0.42	1.39	0.00
3	3	0.00	0.01	7.38	88.30	0.00
3	7	0.00	0.00	0.29	0.88	0.00
Core	CPU	C1%	C3%	C6%	C8%	C9%
-	-	0.03	0.15	6.59	15.85	1.92
0	0	0.21	1.09	41.99	29.94	0.00
0	4	0.00	0.00	0.49	0.11	15.37
1	1	0.00	0.09	1.04	1.29	0.00
1	5	0.00	0.00	0.27	1.20	0.00
2	2	0.00	0.00	0.54	1.78	0.00
2	6	0.00	0.00	0.42	1.20	0.00
3	3	0.00	0.04	7.83	90.42	0.00
3	7	0.00	0.00	0.10	0.89	0.00
Core	CPU	C1%	C3%	C6%	C8%	C9%
-	-	0.73	0.39	6.31	15.62	0.00
0	0	0.20	1.72	34.98	27.84	0.00
0	4	0.00	0.00	0.65	0.10	0.00
1	1	0.00	0.13	1.59	1.18	0.00
1	5	0.00	0.01	1.15	0.60	0.00
2	2	0.00	0.00	0.19	0.99	0.00
2	6	0.00	0.00	0.32	1.45	0.00
3	3	0.00	0.00	6.30	91.93	0.00
3	7	5.68	1.22	5.34	0.88	0.00
Core	CPU	C1%	C3%	C6%	C8%	C9%
-	-	0.27	0.10	6.86	17.07	0.00
0	0	0.32	0.74	39.95	31.94	0.00
0	4	0.00	0.00	8.40	89.71	0.00
1	1	1.87	0.07	2.04	6.68	0.00
1	5	0.00	0.00	0.83	1.58	0.00
2	2	0.00	0.00	0.52	1.98	0.00
2	6	0.00	0.02	0.87	1.88	0.00
3	3	0.00	0.00	0.78	1.68	0.00
3	7	0.00	0.00	1.46	1.08	0.00
Core	CPU	C1%	C3%	C6%	C8%	C9%
-	-	0.04	0.16	6.64	15.76	0.00
0	0	0.33	1.21	40.27	31.14	0.00
0	4	0.00	0.00	10.22	87.89	0.00
1	1	0.00	0.06	1.27	2.70	0.00
1	5	0.00	0.00	0.37	1.09	0.00
2	2	0.00	0.00	0.25	1.09	0.00
2	6	0.00	0.00	0.24	0.99	0.00
3	3	0.00	0.02	0.20	0.40	0.00
3	7	0.00	0.00	0.28	0.79	0.00
Core	CPU	C1%	C3%	C6%	C8%	C9%
-	-	0.12	0.47	6.95	15.23	0.00
0	0	0.34	2.63	39.51	30.68	0.00
0	4	0.00	0.00	10.41	85.17	0.00
1	1	0.66	1.08	3.75	0.30	0.00
1	5	0.00	0.00	0.19	0.80	0.00
2	2	0.00	0.00	0.86	1.99	0.00
2	6	0.00	0.02	0.55	1.38	0.00
3	3	0.00	0.00	0.25	1.08	0.00
3	7	0.00	0.00	0.13	0.49	0.00
Core	CPU	C1%	C3%	C6%	C8%	C9%
-	-	0.58	0.61	8.26	15.36	0.06
0	0	0.31	1.85	42.68	25.29	0.45
0	4	0.00	0.00	10.82	87.45	0.00
1	1	1.91	0.69	5.53	5.95	0.00
1	5	0.00	0.02	0.00	0.50	0.00
2	2	2.39	2.29	5.87	0.79	0.00
2	6	0.00	0.00	0.62	0.88	0.00
3	3	0.00	0.00	0.26	0.89	0.00
3	7	0.00	0.00	0.31	1.09	0.00
Core	CPU	C1%	C3%	C6%	C8%	C9%
-	-	0.05	0.13	6.13	16.12	0.10
0	0	0.39	1.03	36.85	34.73	0.00
0	4	0.00	0.00	8.54	89.56	0.00
1	1	0.00	0.00	0.65	1.28	0.00
1	5	0.00	0.00	0.35	0.89	0.00
2	2	0.00	0.01	0.72	0.20	0.00
2	6	0.00	0.04	0.98	0.09	0.00
3	3	0.00	0.00	0.20	0.79	0.00
3	7	0.00	0.00	0.72	1.39	0.80
Core	CPU	C1%	C3%	C6%	C8%	C9%
-	-	0.05	0.07	6.40	16.27	0.00
0	0	0.38	0.56	38.03	33.91	0.00
0	4	0.00	0.01	9.47	88.63	0.00
1	1	0.00	0.02	0.56	1.38	0.00
1	5	0.00	0.00	0.56	1.48	0.00
2	2	0.00	0.00	0.56	0.79	0.00
2	6	0.00	0.00	0.65	2.07	0.00
3	3	0.00	0.00	0.31	1.10	0.00
3	7	0.00	0.00	1.07	0.79	0.00
Core	CPU	C1%	C3%	C6%	C8%	C9%
-	-	0.05	0.07	6.03	16.51	0.00
0	0	0.43	0.49	38.11	33.94	0.00
0	4	0.00	0.00	7.77	90.30	0.00
1	1	0.00	0.02	0.30	1.58	0.00
1	5	0.00	0.00	0.39	1.10	0.00
2	2	0.00	0.00	0.48	2.07	0.00
2	6	0.00	0.01	0.57	1.27	0.00
3	3	0.00	0.00	0.35	0.59	0.00
3	7	0.00	0.00	0.23	1.19	0.00
Core	CPU	C1%	C3%	C6%	C8%	C9%
-	-	1.01	0.46	6.51	13.94	0.61
0	0	0.47	0.55	27.25	22.19	2.29
0	4	0.00	0.00	12.68	82.92	2.58
1	1	0.00	0.00	0.25	1.08	0.00
1	5	0.01	0.00	0.23	1.19	0.00
2	2	7.62	3.10	10.69	0.39	0.00
2	6	0.00	0.01	0.42	1.17	0.00
3	3	0.00	0.00	0.27	0.80	0.00
3	7	0.00	0.00	0.30	1.77	0.00
Core	CPU	C1%	C3%	C6%	C8%	C9%
-	-	0.05	0.01	5.93	16.66	0.00
0	0	0.39	0.07	36.05	36.34	0.00
0	4	0.00	0.00	8.03	90.06	0.00
1	1	0.00	0.00	0.53	1.49	0.00
1	5	0.00	0.00	0.45	0.99	0.00
2	2	0.00	0.00	0.43	1.20	0.00
2	6	0.00	0.03	1.18	0.79	0.00
3	3	0.00	0.00	0.19	1.19	0.00
3	7	0.00	0.00	0.57	1.19	0.00
Core	CPU	C1%	C3%	C6%	C8%	C9%
-	-	0.05	0.11	5.92	16.35	0.11
0	0	0.40	0.85	36.05	35.64	0.00
0	4	0.00	0.00	8.48	89.40	0.00
1	1	0.00	0.01	0.30	0.89	0.00
1	5	0.00	0.00	0.10	0.99	0.00
2	2	0.00	0.00	0.28	0.98	0.00
2	6	0.00	0.01	0.57	0.89	0.00
3	3	0.00	0.00	0.93	1.28	0.00
3	7	0.00	0.00	0.67	0.69	0.88
Core	CPU	C1%	C3%	C6%	C8%	C9%
-	-	0.07	0.13	6.55	15.99	0.00
0	0	0.49	0.97	39.81	31.70	0.00
0	4	0.00	0.02	8.53	89.58	0.00
1	1	0.00	0.00	0.76	1.20	0.00
1	5	0.00	0.00	0.38	1.19	0.00
2	2	0.04	0.00	1.27	1.38	0.00
2	6	0.00	0.03	0.86	1.18	0.00
3	3	0.00	0.00	0.32	0.90	0.00
3	7	0.00	0.00	0.49	0.80	0.00
Core	CPU	C1%	C3%	C6%	C8%	C9%
-	-	0.05	0.10	6.39	16.23	0.00
0	0	0.38	0.76	39.11	32.72	0.00
0	4	0.00	0.00	9.62	88.50	0.00
1	1	0.00	0.00	0.39	1.38	0.00
1	5	0.00	0.00	0.22	1.38	0.00
2	2	0.00	0.00	0.29	1.19	0.00
2	6	0.00	0.06	0.75	2.17	0.00
3	3	0.00	0.00	0.27	1.28	0.00
3	7	0.00	0.00	0.48	1.18	0.00
Core	CPU	C1%	C3%	C6%	C8%	C9%
-	-	0.04	0.31	6.27	15.43	0.00
0	0	0.36	2.38	37.70	31.74	0.00
0	4	0.00	0.00	8.97	86.72	0.00
1	1	0.00	0.00	0.31	1.99	0.00
1	5	0.00	0.00	0.35	0.58	0.00
2	2	0.00	0.00	1.02	0.39	0.00
2	6	0.00	0.06	1.32	0.18	0.00
3	3	0.00	0.00	0.10	0.89	0.00
3	7	0.00	0.00	0.38	0.98	0.00
Core	CPU	C1%	C3%	C6%	C8%	C9%
-	-	0.03	0.06	6.19	16.19	0.00
0	0	0.25	0.41	37.77	34.67	0.00
0	4	0.00	0.01	2.24	7.37	0.00
1	1	0.00	0.00	0.48	1.27	0.00
1	5	0.00	0.00	0.38	1.28	0.00
2	2	0.00	0.00	7.08	83.10	0.00
2	6	0.00	0.00	0.95	0.69	0.00
3	3	0.00	0.02	0.29	0.46	0.00
3	7	0.00	0.00	0.30	0.70	0.00
Core	CPU	C1%	C3%	C6%	C8%	C9%
-	-	0.02	0.42	7.26	15.46	3.62
0	0	0.20	3.33	47.42	22.42	0.00
0	4	0.00	0.01	0.72	0.11	28.08
1	1	0.00	0.00	1.23	6.91	0.00
1	5	0.00	0.00	0.28	0.79	0.00
2	2	0.00	0.04	7.42	90.74	0.00
2	6	0.00	0.00	0.64	1.00	0.00
3	3	0.00	0.02	0.19	0.90	0.00
3	7	0.00	0.00	0.17	0.79	0.88
Core	CPU	C1%	C3%	C6%	C8%	C9%
-	-	0.02	0.47	7.79	14.55	7.29
0	0	0.15	3.73	51.49	17.87	0.00
0	4	0.00	0.00	0.84	0.10	58.34
1	1	0.00	0.01	1.49	2.65	0.00
1	5	0.00	0.01	0.89	0.79	0.00
2	2	0.00	0.00	6.13	92.27	0.00
2	6	0.00	0.01	0.57	1.28	0.00
3	3	0.00	0.00	0.36	0.89	0.00
3	7	0.00	0.00	0.53	0.59	0.00
Core	CPU	C1%	C3%	C6%	C8%	C9%
-	-	0.03	0.03	6.09	16.68	0.00
0	0	0.28	0.18	36.76	35.92	0.00
0	4	0.00	0.00	0.97	0.00	0.00
1	1	0.00	0.00	0.79	2.15	0.00
1	5	0.00	0.00	0.54	1.29	0.00
2	2	0.00	0.00	8.06	90.15	0.00
2	6	0.00	0.00	0.50	1.30	0.00
3	3	0.00	0.00	0.29	1.09	0.00
3	7	0.00	0.02	0.77	1.58	0.00
Core	CPU	C1%	C3%	C6%	C8%	C9%
-	-	0.03	0.29	5.89	15.80	0.00
0	0	0.25	2.26	37.51	32.39	0.00
0	4	0.00	0.00	0.60	0.00	0.00
1	1	0.00	0.00	0.56	1.57	0.00
1	5	0.00	0.00	0.27	1.09	0.00
2	2	0.00	0.00	7.29	88.39	0.00
2	6	0.00	0.00	0.36	0.90	0.00
3	3	0.00	0.02	0.20	0.70	0.00
3	7	0.00	0.00	0.30	1.37	0.00
Core	CPU	C1%	C3%	C6%	C8%	C9%
-	-	0.03	0.13	6.56	15.95	0.00
0	0	0.26	0.98	40.37	31.46	0.00
0	4	0.00	0.00	5.12	31.40	0.00
1	1	0.00	0.02	0.37	1.28	0.00
1	5	0.00	0.00	0.47	1.00	0.00
2	2	0.00	0.00	4.92	59.28	0.00
2	6	0.00	0.00	0.67	0.79	0.00
3	3	0.00	0.00	0.26	1.18	0.00
3	7	0.00	0.01	0.33	1.19	0.00
Core	CPU	C1%	C3%	C6%	C8%	C9%
-	-	0.03	0.21	6.20	15.87	2.17
0	0	0.25	1.59	39.63	31.83	0.00
0	4	0.00	0.00	0.48	0.18	17.36
1	1	0.00	0.00	0.28	1.18	0.00
1	5	0.00	0.00	0.27	0.69	0.00
2	2	0.00	0.00	7.23	90.90	0.00
2	6	0.00	0.00	0.31	1.10	0.00
3	3	0.00	0.00	0.48	0.59	0.00
3	7	0.00	0.09	0.92	0.49	0.00
Core	CPU	C1%	C3%	C6%	C8%	C9%
-	-	0.01	0.75	8.99	12.93	10.96
0	0	0.09	5.94	62.48	5.04	0.00
0	4	0.00	0.00	0.88	0.11	87.64
1	1	0.00	0.00	0.67	0.89	0.00
1	5	0.00	0.00	0.75	1.09	0.00
2	2	0.00	0.00	5.39	93.15	0.00
2	6	0.00	0.02	0.71	1.29	0.00
3	3	0.00	0.00	0.19	1.00	0.00
3	7	0.00	0.00	0.88	0.89	0.00
Core	CPU	C1%	C3%	C6%	C8%	C9%
-	-	0.02	0.88	9.38	12.42	11.40
0	0	0.05	7.02	66.54	0.00	0.00
0	4	0.00	0.03	0.79	0.00	91.18
1	1	0.00	0.00	0.39	1.97	0.00
1	5	0.00	0.00	0.19	1.09	0.00
2	2	0.00	0.00	5.77	92.80	0.00
2	6	0.10	0.00	0.76	1.38	0.00
3	3	0.00	0.00	0.23	0.90	0.00
3	7	0.00	0.00	0.39	1.19	0.00
