Core	CPU	C1%	C3%	C6%	C8%	C9%
-	-	0.00	0.05	2.60	8.71	0.00
0	0	0.00	0.07	1.89	1.08	0.00
0	4	0.00	0.00	0.88	0.57	0.00
1	1	0.00	0.01	6.24	34.40	0.00
1	5	0.00	0.04	1.47	1.09	0.00
2	2	0.00	0.05	3.04	29.20	0.00
2	6	0.00	0.16	1.87	0.34	0.00
3	3	0.00	0.07	4.32	2.67	0.00
3	7	0.00	0.00	1.09	0.30	0.00
Core	CPU	C1%	C3%	C6%	C8%	C9%
-	-	0.11	0.02	1.92	3.31	0.00
0	0	0.00	0.02	2.68	2.16	0.00
0	4	0.00	0.00	0.42	3.77	0.00
1	1	0.00	0.07	2.36	4.21	0.00
1	5	0.00	0.00	1.34	0.99	0.00
2	2	0.00	0.00	3.71	3.71	0.00
2	6	0.00	0.00	0.45	0.80	0.00
3	3	0.30	0.06	3.57	10.08	0.00
3	7	0.62	0.01	0.84	0.79	0.00
Core	CPU	C1%	C3%	C6%	C8%	C9%
-	-	0.00	0.02	0.91	1.32	0.00
0	0	0.00	0.03	0.57	1.69	0.00
0	4	0.00	0.04	1.70	3.00	0.00
1	1	0.00	0.03	1.37	0.82	0.00
1	5	0.00	0.10	0.39	0.40	0.00
2	2	0.00	0.00	0.19	0.99	0.00
2	6	0.00	0.00	0.25	0.99	0.00
3	3	0.00	0.00	1.98	2.30	0.00
3	7	0.00	0.00	0.86	0.40	0.00
Core	CPU	C1%	C3%	C6%	C8%	C9%
-	-	0.00	0.01	0.87	0.77	0.00
0	0	0.00	0.02	0.82	0.00	0.00
0	4	0.00	0.01	0.90	1.19	0.00
1	1	0.00	0.00	0.89	0.82	0.00
1	5	0.00	0.02	1.15	0.40	0.00
2	2	0.00	0.00	1.35	1.29	0.00
2	6	0.00	0.00	0.37	0.89	0.00
3	3	0.00	0.00	0.45	0.79	0.00
3	7	0.00	0.00	1.04	0.79	0.00
Core	CPU	C1%	C3%	C6%	C8%	C9%
-	-	0.00	0.05	0.46	0.90	0.00
0	0	0.00	0.00	0.46	1.20	0.00
0	4	0.00	0.00	0.46	1.09	0.00
1	1	0.00	0.30	0.36	0.03	0.00
1	5	0.00	0.11	0.69	0.99	0.00
2	2	0.00	0.02	0.29	0.90	0.00
2	6	0.00	0.00	0.18	1.19	0.00
3	3	0.00	0.00	0.78	0.89	0.00
3	7	0.00	0.00	0.45	0.89	0.00
Core	CPU	C1%	C3%	C6%	C8%	C9%
-	-	0.00	0.00	0.81	0.98	0.00
0	0	0.00	0.00	0.83	1.36	0.00
0	4	0.00	0.00	0.19	1.00	0.00
1	1	0.00	0.00	1.30	1.13	0.00
1	5	0.00	0.01	1.31	0.49	0.00
2	2	0.00	0.00	1.02	0.49	0.00
2	6	0.00	0.01	1.17	0.43	0.00
3	3	0.00	0.00	0.29	2.24	0.00
3	7	0.00	0.00	0.38	0.70	0.00
Core	CPU	C1%	C3%	C6%	C8%	C9%
-	-	0.10	0.06	0.56	1.29	0.10
0	0	0.00	0.00	0.56	1.43	0.00
0	4	0.00	0.00	0.57	0.60	0.00
1	1	0.00	0.03	0.28	1.09	0.83
1	5	0.00	0.08	1.22	1.20	0.00
2	2	0.00	0.00	0.29	1.80	0.01
2	6	0.08	0.01	0.70	1.68	0.00
3	3	0.72	0.38	0.57	1.74	0.00
3	7	0.00	0.00	0.29	0.79	0.00
Core	CPU	C1%	C3%	C6%	C8%	C9%
-	-	0.72	3.76	23.62	6.49	0.01
0	0	1.09	4.22	25.49	5.89	0.00
0	4	0.56	4.10	21.69	2.46	0.00
1	1	1.19	4.38	25.41	5.71	0.00
1	5	0.57	3.63	21.83	5.50	0.00
2	2	0.51	2.63	25.82	8.70	0.00
2	6	0.52	4.74	22.83	6.62	0.11
3	3	0.90	3.59	21.60	11.33	0.00
3	7	0.44	2.83	24.57	5.86	0.00
Core	CPU	C1%	C3%	C6%	C8%	C9%
-	-	2.27	8.00	40.39	9.17	0.29
0	0	2.80	9.37	42.46	4.88	0.01
0	4	2.00	6.13	28.61	7.53	0.00
1	1	1.72	8.48	43.06	15.26	0.00
1	5	2.57	7.67	41.35	6.91	0.00
2	2	2.47	8.05	43.44	10.53	0.00
2	6	2.07	7.56	38.37	7.28	2.30
3	3	1.96	9.50	42.50	10.21	0.00
3	7	2.59	7.15	42.81	10.64	0.00
Core	CPU	C1%	C3%	C6%	C8%	C9%
-	-	0.94	6.00	49.76	12.75	0.00
0	0	1.32	6.30	46.63	12.13	0.01
0	4	0.59	5.46	48.24	15.13	0.00
1	1	0.69	6.53	48.70	12.47	0.00
1	5	0.77	6.00	49.58	15.67	0.00
2	2	0.75	6.00	53.82	8.69	0.00
2	6	1.32	5.85	51.47	14.36	0.00
3	3	0.78	5.23	50.33	12.68	0.00
3	7	1.34	6.67	49.37	10.89	0.00
Core	CPU	C1%	C3%	C6%	C8%	C9%
-	-	0.95	6.27	47.37	13.06	0.00
0	0	1.00	6.71	50.51	8.30	0.00
0	4	1.13	6.53	46.87	12.56	0.00
1	1	0.68	5.58	38.71	23.99	0.00
1	5	0.85	6.96	52.85	10.23	0.00
2	2	1.32	6.36	50.13	11.33	0.00
2	6	1.09	5.56	46.01	14.85	0.00
3	3	0.53	6.63	46.60	11.76	0.00
3	7	1.02	5.87	47.75	11.62	0.00
Core	CPU	C1%	C3%	C6%	C8%	C9%
-	-	3.27	9.81	42.31	6.69	0.03
0	0	3.64	12.28	41.37	3.61	0.00
0	4	3.05	7.87	42.79	8.49	0.01
1	1	3.73	9.39	45.05	6.78	0.00
1	5	3.65	9.37	44.66	7.58	0.00
2	2	3.81	9.13	43.46	8.03	0.00
2	6	2.87	11.86	35.89	3.99	0.13
3	3	3.79	10.52	43.08	5.24	0.09
3	7	1.59	8.05	41.97	9.77	0.00
Core	CPU	C1%	C3%	C6%	C8%	C9%
-	-	1.28	12.50	43.57	6.78	0.04
0	0	1.71	13.25	38.67	3.12	0.00
0	4	0.80	12.12	46.15	6.61	0.00
1	1	1.14	11.09	44.86	8.94	0.00
1	5	1.19	12.86	49.58	3.28	0.10
2	2	0.89	11.51	47.36	7.61	0.11
2	6	1.95	14.50	35.10	5.13	0.12
3	3	1.38	11.85	43.54	10.06	0.00
3	7	1.13	12.79	42.99	9.49	0.00
Core	CPU	C1%	C3%	C6%	C8%	C9%
-	-	0.88	8.38	42.30	7.74	0.87
0	0	1.41	9.98	40.00	7.88	0.00
0	4	0.55	7.67	45.41	7.52	1.98
1	1	0.99	8.99	42.08	7.00	0.00
1	5	1.00	8.70	44.87	7.95	0.46
2	2	0.56	6.92	38.84	4.73	1.48
2	6	0.85	9.17	39.71	8.94	3.00
3	3	1.00	8.18	42.00	9.79	0.00
3	7	0.69	7.43	45.46	8.14	0.07
Core	CPU	C1%	C3%	C6%	C8%	C9%
-	-	1.11	10.18	47.98	4.60	0.38
0	0	1.51	11.35	47.08	4.67	0.00
0	4	1.19	10.15	48.96	3.33	0.00
1	1	1.01	10.82	49.68	3.56	0.00
1	5	1.21	9.64	45.79	5.83	0.51
2	2	1.02	9.02	51.78	7.29	0.00
2	6	1.10	11.83	45.14	3.33	2.51
3	3	0.85	9.66	48.22	2.78	0.00
3	7	1.01	8.97	47.11	5.98	0.00
Core	CPU	C1%	C3%	C6%	C8%	C9%
-	-	1.47	11.25	44.48	4.39	0.01
0	0	1.82	12.77	42.53	3.58	0.00
0	4	1.33	10.85	44.72	3.67	0.00
1	1	1.18	11.68	43.03	5.78	0.00
1	5	1.08	10.20	48.55	2.81	0.01
2	2	1.51	8.33	45.72	6.35	0.06
2	6	1.74	13.21	41.62	2.48	0.00
3	3	1.26	10.86	46.72	5.55	0.00
3	7	1.85	12.07	42.95	4.95	0.00
Core	CPU	C1%	C3%	C6%	C8%	C9%
-	-	1.70	15.09	41.49	2.86	0.00
0	0	2.53	17.70	32.59	2.07	0.00
0	4	1.12	14.49	45.48	2.85	0.00
1	1	2.00	14.98	41.77	1.75	0.00
1	5	1.18	15.17	43.25	3.29	0.00
2	2	1.09	14.41	44.43	4.15	0.00
2	6	2.26	15.43	36.50	2.33	0.00
3	3	1.40	14.05	46.27	3.68	0.00
3	7	2.06	14.49	41.66	2.78	0.00
Core	CPU	C1%	C3%	C6%	C8%	C9%
-	-	1.21	10.84	49.28	5.31	0.00
0	0	1.90	12.88	41.80	4.36	0.00
0	4	1.08	9.92	51.44	6.18	0.00
1	1	1.05	12.20	48.96	2.17	0.00
1	5	1.40	10.18	52.32	4.37	0.00
2	2	1.18	9.03	51.29	6.65	0.00
2	6	1.38	11.54	46.83	6.14	0.00
3	3	0.97	10.97	51.76	7.19	0.00
3	7	0.77	10.12	50.39	5.51	0.00
Core	CPU	C1%	C3%	C6%	C8%	C9%
-	-	1.03	9.26	51.53	6.35	0.05
0	0	1.52	10.86	49.09	5.51	0.00
0	4	0.56	8.19	52.96	5.51	0.00
1	1	1.11	9.64	51.26	5.08	0.10
1	5	0.72	9.76	55.16	4.95	0.00
2	2	1.23	9.42	52.50	5.00	0.00
2	6	0.94	9.58	49.99	5.06	0.18
3	3	0.74	7.63	51.08	12.34	0.00
3	7	1.41	8.93	49.75	7.29	0.12
Core	CPU	C1%	C3%	C6%	C8%	C9%
-	-	0.78	5.47	40.08	13.29	0.24
0	0	0.59	6.71	38.15	16.87	0.11
0	4	0.49	6.03	44.10	13.93	0.50
1	1	0.60	5.46	36.13	14.02	0.12
1	5	0.78	5.50	42.06	19.48	0.00
2	2	0.74	5.38	43.04	16.09	0.00
2	6	0.80	5.00	36.58	6.68	0.00
3	3	1.32	5.89	46.46	7.81	0.00
3	7	0.96	3.86	34.23	11.46	1.20
Core	CPU	C1%	C3%	C6%	C8%	C9%
-	-	0.97	8.19	50.65	7.02	0.08
0	0	1.17	10.40	48.30	5.42	0.00
0	4	0.70	7.27	54.68	8.63	0.03
1	1	1.19	7.64	53.23	7.30	0.00
1	5	0.81	8.37	51.53	8.08	0.10
2	2	0.60	8.97	47.60	6.07	0.00
2	6	1.27	9.11	53.02	3.82	0.47
3	3	1.08	7.03	52.45	10.53	0.00
3	7	0.92	6.73	44.27	6.30	0.01
Core	CPU	C1%	C3%	C6%	C8%	C9%
-	-	0.79	8.76	51.09	8.22	0.15
0	0	1.13	9.17	48.12	9.80	0.00
0	4	0.62	7.81	54.07	9.05	0.00
1	1	1.16	7.94	54.68	5.49	0.00
1	5	0.85	8.58	50.46	9.26	0.00
2	2	0.65	7.33	57.97	7.16	0.00
2	6	0.65	10.30	44.02	6.55	1.17
3	3	0.56	9.93	51.29	8.29	0.01
3	7	0.70	9.00	48.06	10.14	0.00
Core	CPU	C1%	C3%	C6%	C8%	C9%
-	-	1.01	11.30	48.45	5.65	0.00
0	0	1.38	12.61	48.52	3.09	0.00
0	4	1.04	9.30	50.88	7.32	0.00
1	1	0.73	11.20	49.41	4.57	0.00
1	5	1.18	11.17	48.53	4.10	0.00
2	2	0.87	10.89	52.52	4.32	0.00
2	6	1.42	12.25	41.78	7.07	0.00
3	3	0.86	11.58	46.34	7.65	0.00
3	7	0.63	11.38	49.63	7.10	0.00
Core	CPU	C1%	C3%	C6%	C8%	C9%
-	-	1.43	11.96	47.56	3.70	0.01
0	0	2.64	14.62	41.18	1.26	0.00
0	4	0.73	10.63	50.76	4.05	0.00
1	1	1.92	11.95	47.50	4.14	0.00
1	5	0.90	10.06	50.25	2.86	0.00
2	2	1.11	13.05	46.79	4.30	0.00
2	6	1.55	13.00	47.01	3.28	0.04
3	3	1.17	11.52	49.65	4.46	0.00
3	7	1.42	10.93	47.69	5.30	0.00
Core	CPU	C1%	C3%	C6%	C8%	C9%
-	-	1.24	10.98	44.41	9.12	0.00
0	0	2.43	13.17	38.06	10.42	0.00
0	4	1.12	9.91	46.45	11.09	0.00
1	1	0.66	10.85	45.50	10.44	0.00
1	5	1.20	11.44	47.47	7.01	0.00
2	2	1.30	9.35	42.58	7.00	0.00
2	6	1.17	11.36	42.34	10.90	0.00
3	3	1.14	11.28	46.23	8.58	0.00
3	7	0.87	10.39	46.30	7.42	0.00
Core	CPU	C1%	C3%	C6%	C8%	C9%
-	-	1.05	8.47	47.97	6.67	0.05
0	0	1.29	9.74	49.65	4.53	0.00
0	4	1.01	8.51	49.49	7.22	0.00
1	1	0.85	8.00	47.33	7.77	0.00
1	5	0.94	7.86	48.20	9.02	0.00
2	2	1.05	9.31	46.00	5.28	0.00
2	6	1.36	9.09	49.05	6.37	0.06
3	3	1.41	8.78	50.65	5.15	0.00
3	7	0.48	6.49	43.52	8.01	0.35
Core	CPU	C1%	C3%	C6%	C8%	C9%
-	-	0.90	9.20	48.95	8.60	0.18
0	0	1.40	10.50	47.36	6.29	0.00
0	4	1.15	8.13	52.13	8.31	0.00
1	1	0.47	8.62	50.94	9.77	0.38
1	5	0.93	8.58	48.36	9.42	0.00
2	2	0.73	9.30	49.29	8.83	0.00
2	6	1.22	11.06	42.64	7.77	0.68
3	3	0.43	9.36	48.60	9.06	0.00
3	7	0.90	8.07	52.17	9.33	0.39
Core	CPU	C1%	C3%	C6%	C8%	C9%
-	-	1.61	9.96	47.75	7.49	0.09
0	0	2.84	10.58	45.45	5.10	0.00
0	4	1.50	9.39	51.17	7.54	0.01
1	1	1.30	10.35	46.23	7.60	0.01
1	5	1.16	9.64	49.26	7.53	0.00
2	2	1.14	8.97	47.46	7.20	0.00
2	6	2.24	11.52	41.34	7.86	0.62
3	3	1.51	9.24	51.77	10.25	0.08
3	7	1.22	10.07	49.56	6.91	0.00
Core	CPU	C1%	C3%	C6%	C8%	C9%
-	-	0.92	10.99	49.44	4.97	0.03
0	0	1.12	13.21	47.43	2.77	0.00
0	4	1.10	10.63	52.24	5.07	0.00
1	1	0.91	9.38	50.45	5.84	0.00
1	5	0.84	11.17	49.04	5.41	0.00
2	2	1.05	10.10	49.12	6.27	0.00
2	6	1.23	12.92	46.06	3.95	0.28
3	3	0.38	10.58	50.78	5.65	0.00
3	7	0.76	9.83	50.14	4.75	0.00
Core	CPU	C1%	C3%	C6%	C8%	C9%
-	-	2.23	11.07	41.18	8.95	0.25
0	0	2.73	13.35	38.00	9.96	0.00
0	4	1.84	9.78	34.53	4.17	0.00
1	1	2.04	11.57	41.02	5.81	0.00
1	5	1.65	10.37	45.13	9.76	0.00
2	2	2.70	11.18	43.91	9.96	0.00
2	6	2.27	10.28	44.84	12.64	0.02
3	3	2.37	11.43	41.71	9.19	0.00
3	7	2.22	10.63	40.36	10.11	2.01
Core	CPU	C1%	C3%	C6%	C8%	C9%
-	-	1.04	9.71	45.38	6.47	0.41
0	0	1.23	11.43	39.96	8.45	0.07
0	4	0.79	9.65	47.01	6.49	0.00
1	1	0.72	8.99	47.98	7.48	0.00
1	5	1.16	10.07	47.53	4.12	0.00
2	2	1.54	9.89	52.42	4.21	0.00
2	6	0.95	11.22	36.49	6.66	2.16
3	3	1.27	9.00	46.15	9.31	1.02
3	7	0.67	7.44	45.53	5.01	0.00
Core	CPU	C1%	C3%	C6%	C8%	C9%
-	-	1.22	10.64	46.70	5.05	0.23
0	0	1.85	11.84	40.74	5.40	0.00
0	4	0.62	9.15	46.82	6.83	0.00
1	1	1.10	9.63	51.24	6.09	0.00
1	5	1.51	9.67	49.92	4.56	0.00
2	2	0.82	8.87	47.67	7.82	0.00
2	6	1.27	12.77	40.36	3.11	1.83
3	3	1.11	11.10	51.78	2.48	0.00
3	7	1.44	12.06	45.02	4.07	0.00
Core	CPU	C1%	C3%	C6%	C8%	C9%
-	-	0.98	9.42	48.46	5.93	0.32
0	0	1.41	9.10	44.64	7.42	0.00
0	4	0.77	8.96	47.41	5.50	0.00
1	1	0.93	10.86	53.13	4.71	0.01
1	5	0.66	7.31	41.07	9.48	0.00
2	2	0.80	9.99	54.22	3.96	0.00
2	6	1.05	10.88	45.49	6.98	1.50
3	3	1.37	9.28	51.88	5.91	0.00
3	7	0.86	8.95	49.76	3.52	1.05
Core	CPU	C1%	C3%	C6%	C8%	C9%
-	-	0.98	8.74	53.33	6.53	0.05
0	0	1.70	10.46	50.92	8.20	0.00
0	4	1.33	7.34	53.49	6.13	0.00
1	1	0.55	8.61	55.74	6.87	0.00
1	5	0.80	9.13	51.17	6.24	0.00
2	2	1.03	8.94	51.92	6.13	0.11
2	6	0.81	9.79	55.05	3.74	0.29
3	3	1.05	8.41	55.02	6.53	0.00
3	7	0.57	7.28	53.72	8.44	0.00
Core	CPU	C1%	C3%	C6%	C8%	C9%
-	-	1.12	10.16	50.81	5.11	0.04
0	0	1.61	11.56	46.73	4.55	0.00
0	4	0.80	10.22	52.38	2.40	0.00
1	1	1.41	10.55	51.40	5.77	0.00
1	5	1.14	9.15	54.37	5.59	0.00
2	2	0.86	9.97	53.01	4.48	0.00
2	6	1.13	10.06	50.38	7.11	0.28
3	3	0.81	10.51	51.14	4.06	0.00
3	7	1.22	9.15	46.65	6.88	0.00
Core	CPU	C1%	C3%	C6%	C8%	C9%
-	-	2.94	10.87	38.56	11.14	0.07
0	0	3.78	12.76	32.53	14.61	0.00
0	4	2.38	9.95	42.92	13.09	0.00
1	1	3.88	9.70	37.68	6.86	0.19
1	5	2.51	10.43	40.79	13.02	0.01
2	2	2.38	10.42	40.14	12.45	0.01
2	6	2.42	11.75	33.51	4.02	0.00
3	3	2.95	10.98	38.26	13.57	0.38
3	7	3.23	10.96	42.77	11.50	0.00
Core	CPU	C1%	C3%	C6%	C8%	C9%
-	-	1.77	13.23	42.63	2.87	0.00
0	0	2.53	15.45	35.22	2.52	0.00
0	4	1.33	11.06	48.16	4.01	0.00
1	1	1.38	13.04	42.76	3.41	0.00
1	5	1.31	13.61	45.73	2.02	0.03
2	2	2.54	11.23	45.97	4.36	0.00
2	6	2.02	14.26	37.83	2.04	0.00
3	3	1.62	13.59	43.26	2.08	0.00
3	7	1.42	13.72	42.44	2.55	0.00
Core	CPU	C1%	C3%	C6%	C8%	C9%
-	-	1.18	10.75	47.12	4.04	0.04
0	0	1.12	12.40	45.38	1.57	0.00
0	4	0.94	10.30	42.51	5.04	0.00
1	1	1.58	12.01	43.38	6.66	0.11
1	5	1.11	9.67	52.67	4.69	0.00
2	2	1.38	11.00	49.25	3.43	0.00
2	6	1.35	10.70	50.55	1.89	0.19
3	3	1.14	11.19	45.10	4.44	0.01
3	7	0.81	8.69	47.78	4.59	0.00
Core	CPU	C1%	C3%	C6%	C8%	C9%
-	-	0.96	11.15	51.64	3.37	0.03
0	0	1.19	13.26	50.37	1.14	0.01
0	4	0.63	10.19	54.61	3.35	0.00
1	1	1.21	11.40	54.24	3.64	0.00
1	5	0.53	8.99	50.92	5.09	0.00
2	2	0.61	11.22	53.22	2.36	0.00
2	6	1.50	12.75	45.98	2.57	0.26
3	3	0.86	11.39	51.62	5.32	0.00
3	7	1.19	10.02	52.31	3.48	0.00
Core	CPU	C1%	C3%	C6%	C8%	C9%
-	-	1.43	13.46	45.04	2.97	0.02
0	0	2.91	14.69	36.79	2.24	0.00
0	4	0.96	14.38	46.38	2.34	0.00
1	1	1.08	13.82	45.47	3.28	0.01
1	5	1.04	13.49	46.12	1.92	0.16
2	2	1.43	13.94	44.96	3.30	0.00
2	6	1.15	12.78	46.49	2.29	0.00
3	3	1.92	12.79	43.40	3.12	0.00
3	7	0.96	11.75	50.63	5.29	0.00
Core	CPU	C1%	C3%	C6%	C8%	C9%
-	-	1.66	10.34	50.94	4.67	0.00
0	0	2.53	12.32	47.86	2.15	0.00
0	4	0.81	9.63	48.81	4.28	0.00
1	1	1.56	9.89	50.63	7.53	0.00
1	5	2.20	10.18	51.99	5.04	0.00
2	2	1.59	8.92	53.23	5.56	0.00
2	6	1.71	10.57	51.47	3.86	0.00
3	3	1.70	11.32	53.90	3.56	0.00
3	7	1.19	9.90	49.89	5.43	0.00
Core	CPU	C1%	C3%	C6%	C8%	C9%
-	-	1.24	12.68	45.78	3.85	0.01
0	0	2.08	14.34	41.64	0.95	0.00
0	4	0.79	11.88	47.29	2.88	0.00
1	1	1.55	12.07	46.07	4.42	0.00
1	5	1.14	11.50	49.68	6.01	0.00
2	2	0.90	13.22	45.86	4.15	0.00
2	6	1.41	13.13	42.18	3.42	0.11
3	3	1.31	13.57	46.01	4.85	0.00
3	7	0.74	11.66	47.33	4.09	0.00
Core	CPU	C1%	C3%	C6%	C8%	C9%
-	-	4.58	12.26	35.55	9.23	0.02
0	0	7.35	13.34	25.11	2.38	0.00
0	4	2.96	11.90	39.00	11.01	0.16
1	1	4.42	11.09	36.80	12.62	0.00
1	5	4.48	11.70	37.12	9.64	0.00
2	2	4.24	11.57	38.21	10.30	0.00
2	6	5.40	13.91	35.48	5.24	0.00
3	3	3.47	13.07	37.02	10.42	0.00
3	7	4.30	11.49	35.64	12.24	0.00
Core	CPU	C1%	C3%	C6%	C8%	C9%
-	-	0.80	7.48	42.55	8.76	1.09
0	0	1.45	8.89	45.09	5.31	0.00
0	4	0.80	6.72	42.89	11.69	0.00
1	1	0.83	7.72	39.75	8.83	0.55
1	5	0.64	7.34	41.93	8.27	0.75
2	2	0.74	6.86	47.14	8.13	0.22
2	6	0.62	8.63	39.27	6.06	5.50
3	3	0.60	6.73	44.93	10.76	0.73
3	7	0.71	6.95	39.43	11.03	1.00
Core	CPU	C1%	C3%	C6%	C8%	C9%
-	-	1.48	13.10	45.13	3.45	0.02
0	0	2.06	14.57	41.03	2.25	0.00
0	4	0.81	12.12	45.17	2.99	0.00
1	1	1.54	12.46	46.52	2.87	0.00
1	5	1.44	13.17	46.89	4.85	0.00
2	2	1.94	12.80	50.01	2.96	0.00
2	6	1.68	15.70	40.70	1.98	0.16
3	3	1.06	12.14	42.54	5.09	0.00
3	7	1.29	11.90	48.28	4.58	0.00
Core	CPU	C1%	C3%	C6%	C8%	C9%
-	-	2.26	9.15	47.00	5.74	0.26
0	0	3.20	10.49	45.74	5.96	0.00
0	4	2.32	8.00	41.89	5.52	0.21
1	1	2.21	8.69	49.13	6.47	0.00
1	5	1.57	9.98	46.61	4.07	0.28
2	2	2.26	9.19	49.16	4.27	1.60
2	6	2.56	9.44	46.58	7.46	0.00
3	3	1.94	9.22	48.13	6.11	0.00
3	7	2.01	8.18	48.66	6.08	0.00
Core	CPU	C1%	C3%	C6%	C8%	C9%
-	-	1.28	10.69	50.26	4.40	0.02
0	0	1.89	12.81	44.71	4.03	0.00
0	4	1.35	9.26	48.81	6.61	0.00
1	1	0.82	11.75	54.58	3.09	0.00
1	5	1.23	10.17	46.24	6.33	0.08
2	2	1.01	9.92	52.12	3.51	0.00
2	6	1.51	10.90	48.16	2.96	0.10
3	3	0.76	10.57	54.19	2.43	0.00
3	7	1.69	10.14	53.19	6.24	0.00
Core	CPU	C1%	C3%	C6%	C8%	C9%
-	-	1.00	10.27	48.75	5.64	0.00
0	0	1.27	11.98	44.88	1.87	0.00
0	4	1.15	8.69	53.06	5.72	0.00
1	1	0.87	10.62	48.76	5.35	0.00
1	5	0.78	9.57	44.54	7.11	0.00
2	2	0.94	9.99	47.59	9.93	0.00
2	6	1.06	9.83	46.67	6.65	0.02
3	3	0.43	10.15	53.34	5.22	0.00
3	7	1.49	11.30	51.14	3.30	0.00
Core	CPU	C1%	C3%	C6%	C8%	C9%
-	-	1.65	7.96	45.48	14.30	0.17
0	0	2.87	10.02	41.73	16.66	0.00
0	4	1.40	6.72	44.44	12.81	0.36
1	1	1.99	7.92	48.11	14.51	0.50
1	5	2.20	8.11	44.64	15.04	0.00
2	2	1.47	6.93	47.47	18.58	0.46
2	6	0.95	8.48	46.56	16.84	0.01
3	3	0.87	7.60	42.93	18.59	0.00
3	7	1.45	7.86	47.95	1.39	0.00
Core	CPU	C1%	C3%	C6%	C8%	C9%
-	-	1.26	10.28	46.00	4.31	0.00
0	0	1.61	12.61	41.53	4.53	0.00
0	4	1.45	8.40	42.09	5.07	0.00
1	1	1.01	10.53	45.10	6.49	0.00
1	5	1.02	9.49	51.22	3.51	0.00
2	2	1.22	10.21	47.11	3.60	0.00
2	6	1.35	10.85	46.30	2.91	0.00
3	3	1.29	9.42	46.82	5.69	0.00
3	7	1.17	10.82	48.02	2.71	0.00
Core	CPU	C1%	C3%	C6%	C8%	C9%
-	-	1.23	10.24	47.00	5.03	0.07
0	0	1.90	11.72	45.35	2.94	0.00
0	4	0.95	9.23	46.23	7.46	0.00
1	1	1.51	10.88	50.95	2.73	0.00
1	5	0.67	9.51	46.65	6.84	0.00
2	2	0.85	10.57	45.28	3.98	0.00
2	6	1.18	9.22	45.86	6.79	0.52
3	3	1.12	10.17	42.75	4.08	0.00
3	7	1.65	10.56	52.73	5.36	0.00
Core	CPU	C1%	C3%	C6%	C8%	C9%
-	-	1.00	8.60	49.94	7.67	0.12
0	0	1.30	10.27	47.80	7.26	0.00
0	4	0.56	7.64	49.96	9.06	0.00
1	1	1.00	8.21	54.44	6.80	0.05
1	5	0.98	8.20	46.44	12.38	0.00
2	2	0.53	8.44	52.12	6.95	0.06
2	6	1.74	10.59	47.96	5.81	0.64
3	3	0.80	7.14	50.20	7.73	0.00
3	7	1.05	8.29	50.65	5.35	0.20
Core	CPU	C1%	C3%	C6%	C8%	C9%
-	-	1.31	12.52	46.51	3.40	0.08
0	0	1.64	14.63	41.54	2.56	0.00
0	4	1.46	11.74	45.73	4.17	0.00
1	1	1.27	11.23	48.51	4.72	0.00
1	5	1.70	12.64	45.88	2.93	0.00
2	2	1.48	11.09	48.78	3.14	0.00
2	6	1.37	13.53	41.78	4.30	0.61
3	3	0.88	13.24	48.55	3.68	0.00
3	7	0.69	12.08	51.30	1.74	0.00
Core	CPU	C1%	C3%	C6%	C8%	C9%
-	-	0.65	7.91	51.73	9.49	0.11
0	0	1.07	9.84	52.82	8.34	0.00
0	4	0.23	6.94	49.24	9.95	0.00
1	1	0.54	7.39	55.99	8.10	0.00
1	5	0.78	7.00	52.21	8.67	0.43
2	2	0.58	7.55	49.54	9.94	0.00
2	6	0.53	9.05	47.92	11.09	0.41
3	3	0.56	8.66	52.47	11.78	0.00
3	7	0.94	6.91	53.97	8.12	0.00
Core	CPU	C1%	C3%	C6%	C8%	C9%
-	-	2.39	8.52	49.70	5.84	0.01
0	0	2.78	9.63	46.73	8.13	0.01
0	4	1.93	8.81	50.39	5.30	0.00
1	1	2.46	8.69	51.09	2.13	0.00
1	5	2.62	6.39	43.65	6.04	0.00
2	2	2.54	9.44	51.45	5.29	0.00
2	6	2.47	7.50	49.67	6.79	0.06
3	3	2.12	9.04	48.90	7.26	0.00
3	7	2.18	8.63	55.57	5.76	0.00
Core	CPU	C1%	C3%	C6%	C8%	C9%
-	-	1.57	9.28	46.12	9.43	0.13
0	0	1.68	9.65	48.09	6.11	0.01
0	4	1.70	8.53	48.31	10.87	0.00
1	1	1.35	8.28	48.17	11.12	0.01
1	5	1.64	8.80	44.96	13.87	0.00
2	2	1.70	9.81	47.88	10.06	0.00
2	6	1.79	10.10	44.98	9.87	0.99
3	3	1.04	10.09	50.04	10.71	0.00
3	7	1.63	8.96	36.50	2.79	0.00
Core	CPU	C1%	C3%	C6%	C8%	C9%
-	-	0.90	11.27	50.58	3.68	0.03
0	0	1.39	12.38	49.86	1.57	0.00
0	4	0.84	10.53	50.91	4.99	0.00
1	1	0.88	11.51	51.23	3.77	0.00
1	5	0.51	11.50	51.16	4.32	0.00
2	2	0.87	10.69	51.89	3.36	0.00
2	6	1.02	13.53	48.40	3.09	0.00
3	3	0.69	9.15	52.30	4.86	0.00
3	7	0.99	10.86	49.07	3.49	0.27
Core	CPU	C1%	C3%	C6%	C8%	C9%
-	-	1.63	15.84	41.77	1.74	0.00
0	0	3.44	17.02	30.55	1.19	0.00
0	4	0.59	14.36	47.27	3.68	0.00
1	1	1.57	15.85	42.07	2.54	0.00
1	5	1.76	15.92	43.02	1.81	0.00
2	2	1.33	16.16	42.80	0.76	0.00
2	6	1.90	15.71	41.51	0.85	0.00
3	3	1.08	14.78	44.56	2.83	0.00
3	7	1.37	16.81	42.13	0.28	0.00
Core	CPU	C1%	C3%	C6%	C8%	C9%
-	-	1.81	15.81	40.54	1.44	0.03
0	0	2.64	16.64	33.47	0.76	0.00
0	4	1.49	16.18	39.11	1.92	0.00
1	1	0.96	17.41	42.14	0.88	0.00
1	5	1.69	15.53	44.30	2.53	0.00
2	2	1.88	16.06	40.72	0.47	0.00
2	6	1.81	14.56	39.79	1.01	0.23
3	3	1.68	15.19	43.25	2.64	0.00
3	7	2.37	14.97	41.63	1.30	0.00
Core	CPU	C1%	C3%	C6%	C8%	C9%
-	-	0.96	9.50	49.05	6.02	0.03
0	0	1.23	9.43	42.45	7.98	0.00
0	4	0.89	10.12	52.70	3.21	0.00
1	1	1.03	8.39	49.67	9.20	0.00
1	5	1.24	9.76	45.11	5.27	0.00
2	2	0.74	8.17	54.06	6.15	0.00
2	6	0.79	10.91	48.07	4.04	0.19
3	3	0.81	9.02	50.55	6.82	0.00
3	7	0.95	10.19	49.58	5.45	0.01
Core	CPU	C1%	C3%	C6%	C8%	C9%
-	-	1.65	12.07	47.03	4.78	0.04
0	0	2.51	13.34	44.97	3.53	0.00
0	4	0.99	11.19	52.46	3.54	0.00
1	1	1.52	12.12	48.01	6.57	0.00
1	5	1.65	11.83	49.44	4.25	0.17
2	2	1.66	11.66	48.07	3.51	0.00
2	6	2.20	12.98	39.96	4.61	0.13
3	3	1.25	12.60	46.15	6.11	0.00
3	7	1.44	10.88	47.38	6.18	0.03
Core	CPU	C1%	C3%	C6%	C8%	C9%
-	-	0.89	7.01	52.74	8.16	0.07
0	0	0.87	8.69	54.44	3.69	0.00
0	4	0.98	6.16	57.52	6.59	0.00
1	1	0.88	6.85	55.74	6.03	0.03
1	5	0.89	7.41	50.38	8.73	0.29
2	2	0.90	7.13	51.46	8.02	0.00
2	6	1.06	7.43	48.56	9.56	0.26
3	3	0.69	6.47	53.81	12.63	0.01
3	7	0.88	6.01	50.22	10.02	0.00
Core	CPU	C1%	C3%	C6%	C8%	C9%
-	-	2.09	7.90	42.57	13.74	0.67
0	0	2.57	9.07	38.67	18.83	0.00
0	4	2.06	7.36	41.29	18.51	0.51
1	1	1.59	8.52	48.39	12.74	0.00
1	5	2.18	6.90	42.20	17.14	0.60
2	2	2.09	7.57	38.68	3.68	0.33
2	6	1.58	8.42	46.59	12.06	1.33
3	3	1.93	8.28	43.55	16.64	0.00
3	7	2.72	7.05	41.03	10.27	2.56
Core	CPU	C1%	C3%	C6%	C8%	C9%
-	-	0.63	5.46	49.15	11.96	0.05
0	0	1.00	6.16	49.60	14.86	0.05
0	4	0.37	5.28	49.61	10.24	0.00
1	1	0.37	5.32	47.44	14.07	0.00
1	5	0.19	3.91	47.32	9.35	0.21
2	2	0.48	5.55	44.73	12.06	0.00
2	6	1.14	7.79	48.36	9.33	0.14
3	3	0.44	4.71	53.11	13.61	0.00
3	7	1.06	4.94	53.14	12.17	0.01
Core	CPU	C1%	C3%	C6%	C8%	C9%
-	-	0.79	5.24	53.64	11.18	0.04
0	0	0.90	6.57	54.15	6.81	0.24
0	4	0.36	3.50	48.18	15.67	0.00
1	1	0.43	4.56	57.93	14.67	0.00
1	5	0.44	4.66	53.77	8.40	0.00
2	2	0.97	5.12	53.69	13.32	0.00
2	6	0.82	6.42	54.07	9.41	0.00
3	3	1.42	4.89	51.39	13.56	0.11
3	7	0.98	6.19	56.03	7.59	0.00
Core	CPU	C1%	C3%	C6%	C8%	C9%
-	-	0.92	7.90	51.93	6.24	0.09
0	0	1.21	9.59	54.17	5.49	0.01
0	4	0.61	6.54	52.55	7.43	0.00
1	1	1.07	8.61	50.87	4.22	0.00
1	5	0.82	7.82	53.73	4.13	0.00
2	2	0.79	7.55	49.69	7.76	0.00
2	6	1.08	8.70	54.14	4.95	0.71
3	3	0.59	6.19	51.70	7.68	0.00
3	7	1.17	8.15	48.57	8.28	0.00
Core	CPU	C1%	C3%	C6%	C8%	C9%
-	-	1.06	7.52	52.04	6.35	0.02
0	0	1.82	9.79	51.60	3.42	0.00
0	4	0.47	5.42	53.49	6.01	0.00
1	1	0.89	7.87	53.58	4.76	0.00
1	5	1.12	6.72	50.87	8.55	0.00
2	2	0.98	7.88	52.90	4.15	0.14
2	6	1.38	6.89	50.46	9.86	0.00
3	3	1.00	7.68	48.92	6.20	0.03
3	7	0.78	7.85	53.85	7.75	0.00
Core	CPU	C1%	C3%	C6%	C8%	C9%
-	-	2.45	10.76	46.76	4.67	0.02
0	0	3.39	12.07	42.60	2.20	0.00
0	4	1.67	10.56	45.51	4.95	0.00
1	1	2.52	11.02	47.86	4.44	0.00
1	5	2.22	9.64	48.46	4.49	0.00
2	2	2.68	10.15	49.29	2.99	0.00
2	6	2.57	13.13	43.30	5.47	0.13
3	3	2.37	10.02	49.09	6.36	0.00
3	7	2.23	9.63	48.39	6.48	0.00
Core	CPU	C1%	C3%	C6%	C8%	C9%
-	-	0.89	9.65	49.33	8.05	0.08
0	0	1.33	10.25	49.02	5.81	0.04
0	4	0.89	9.21	49.36	8.96	0.00
1	1	0.61	9.83	52.10	9.41	0.00
1	5	0.87	8.14	48.87	12.71	0.00
2	2	0.80	9.17	51.18	7.42	0.00
2	6	1.13	12.70	41.85	4.62	0.63
3	3	0.60	8.79	50.96	8.80	0.00
3	7	0.86	9.10	51.06	6.62	0.00
Core	CPU	C1%	C3%	C6%	C8%	C9%
-	-	1.23	11.65	49.09	4.28	0.01
0	0	1.49	13.75	43.87	2.51	0.00
0	4	0.53	11.54	51.42	3.72	0.00
1	1	1.33	10.14	50.72	4.49	0.00
1	5	0.84	11.60	49.00	5.30	0.00
2	2	0.94	11.93	50.00	5.87	0.10
2	6	1.57	13.22	45.53	3.72	0.00
3	3	1.21	9.46	52.60	5.89	0.00
3	7	1.93	11.52	49.52	2.74	0.00
Core	CPU	C1%	C3%	C6%	C8%	C9%
-	-	0.87	8.02	48.77	14.89	0.00
0	0	0.69	7.49	40.52	4.93	0.00
0	4	0.97	7.26	53.26	13.86	0.00
1	1	1.01	8.08	53.70	14.68	0.00
1	5	1.68	7.13	51.52	14.84	0.00
2	2	0.59	7.56	48.63	21.09	0.00
2	6	1.26	11.42	42.90	14.98	0.00
3	3	0.23	7.78	50.21	15.40	0.00
3	7	0.52	7.43	49.59	19.36	0.00
Core	CPU	C1%	C3%	C6%	C8%	C9%
-	-	1.27	11.06	48.96	4.32	0.07
0	0	1.51	12.57	44.84	2.29	0.00
0	4	0.96	10.35	50.34	6.11	0.00
1	1	1.36	10.63	52.24	3.73	0.00
1	5	1.28	10.54	50.18	4.52	0.00
2	2	1.04	11.04	45.82	6.67	0.00
2	6	1.58	11.94	49.37	2.52	0.24
3	3	1.49	10.70	50.18	2.98	0.00
3	7	0.91	10.72	48.56	5.71	0.31
Core	CPU	C1%	C3%	C6%	C8%	C9%
-	-	1.13	12.52	49.63	3.33	0.05
0	0	1.66	13.85	43.49	2.14	0.00
0	4	0.85	11.95	53.27	4.15	0.00
1	1	1.37	12.11	49.20	2.09	0.00
1	5	0.98	11.71	51.59	4.10	0.00
2	2	0.44	11.18	53.93	3.25	0.00
2	6	1.46	14.67	43.04	3.08	0.37
3	3	1.29	13.30	51.34	2.85	0.00
3	7	1.02	11.37	51.22	5.00	0.00
Core	CPU	C1%	C3%	C6%	C8%	C9%
-	-	1.01	12.88	46.13	4.32	0.02
0	0	1.55	14.64	39.64	3.21	0.00
0	4	0.79	13.04	46.81	5.27	0.00
1	1	0.41	11.45	52.89	3.58	0.11
1	5	1.11	12.75	48.81	2.99	0.00
2	2	0.81	11.69	48.53	5.50	0.00
2	6	1.53	15.16	41.40	2.84	0.04
3	3	1.29	12.25	47.48	4.31	0.00
3	7	0.57	12.21	44.16	6.88	0.00
Core	CPU	C1%	C3%	C6%	C8%	C9%
-	-	1.08	12.95	46.49	3.76	0.01
0	0	1.07	14.23	43.89	2.69	0.00
0	4	0.51	12.06	49.56	2.76	0.00
1	1	1.67	13.43	46.69	2.63	0.00
1	5	0.77	11.63	48.16	6.84	0.00
2	2	0.91	12.08	48.39	3.36	0.00
2	6	1.56	15.07	37.51	4.58	0.06
3	3	0.79	11.21	51.58	4.72	0.00
3	7	1.33	13.76	45.53	2.44	0.00
Core	CPU	C1%	C3%	C6%	C8%	C9%
-	-	2.34	12.90	44.13	3.57	0.01
0	0	2.96	15.63	36.92	2.74	0.00
0	4	1.30	10.08	53.32	7.49	0.00
1	1	2.64	11.36	46.35	2.66	0.00
1	5	2.07	13.56	42.53	3.02	0.01
2	2	1.55	13.77	46.86	2.17	0.00
2	6	3.74	14.10	38.75	3.15	0.06
3	3	2.21	11.56	45.84	4.32	0.00
3	7	2.27	13.10	42.37	2.99	0.00
Core	CPU	C1%	C3%	C6%	C8%	C9%
-	-	1.64	10.26	44.40	13.82	0.00
0	0	2.09	11.23	39.65	17.70	0.00
0	4	0.87	8.83	47.15	17.46	0.00
1	1	1.52	8.58	36.98	3.51	0.00
1	5	1.73	11.92	48.13	14.47	0.00
2	2	1.93	10.54	43.20	15.44	0.00
2	6	1.99	12.32	49.70	5.58	0.01
3	3	1.30	9.08	42.07	20.19	0.00
3	7	1.70	9.60	48.31	16.18	0.00
Core	CPU	C1%	C3%	C6%	C8%	C9%
-	-	0.82	10.42	51.66	5.11	0.11
0	0	1.23	11.17	52.10	2.70	0.00
0	4	0.58	9.64	54.41	5.30	0.00
1	1	0.81	10.79	49.42	7.39	0.00
1	5	0.81	9.38	53.37	5.43	0.22
2	2	0.94	10.68	51.16	2.87	0.00
2	6	0.83	12.27	47.48	3.03	0.69
3	3	0.70	9.43	53.37	7.39	0.00
3	7	0.66	10.02	51.92	6.75	0.00
Core	CPU	C1%	C3%	C6%	C8%	C9%
-	-	1.76	12.60	45.32	3.12	0.04
0	0	2.39	15.73	36.33	2.72	0.00
0	4	1.10	10.67	48.38	5.33	0.00
1	1	1.69	12.35	48.35	3.35	0.00
1	5	1.56	10.74	48.16	3.65	0.01
2	2	2.83	12.97	44.60	2.28	0.00
2	6	1.30	13.94	44.25	4.26	0.24
3	3	1.76	13.30	47.30	0.79	0.00
3	7	1.41	11.07	45.15	2.57	0.10
Core	CPU	C1%	C3%	C6%	C8%	C9%
-	-	0.73	8.00	54.71	7.04	0.00
0	0	0.85	9.78	52.80	4.81	0.01
0	4	0.46	7.00	54.26	7.79	0.00
1	1	0.75	8.31	56.90	5.75	0.00
1	5	0.37	6.91	54.52	10.20	0.00
2	2	0.62	8.90	57.58	6.20	0.00
2	6	0.96	8.91	55.68	5.87	0.00
3	3	0.55	6.20	51.63	10.34	0.00
3	7	1.29	7.96	54.31	5.31	0.00
Core	CPU	C1%	C3%	C6%	C8%	C9%
-	-	1.08	7.65	51.68	6.80	0.19
0	0	1.46	9.18	51.89	4.12	0.01
0	4	0.38	6.16	53.14	5.93	0.00
1	1	0.76	7.54	56.79	6.53	0.00
1	5	0.83	7.49	51.42	6.19	0.00
2	2	1.41	8.08	51.66	6.51	0.00
2	6	1.18	7.89	47.08	9.65	1.46
3	3	1.47	7.95	51.28	7.11	0.06
3	7	1.13	6.91	50.12	8.33	0.00
Core	CPU	C1%	C3%	C6%	C8%	C9%
-	-	0.79	6.72	53.21	7.86	0.20
0	0	0.79	7.68	55.48	4.51	0.00
0	4	0.82	7.04	50.82	10.44	0.00
1	1	1.05	7.89	54.87	9.04	0.00
1	5	0.57	5.38	52.05	8.28	0.20
2	2	0.80	5.65	54.62	7.23	0.12
2	6	0.78	8.48	52.28	5.59	0.28
3	3	0.71	5.86	51.58	10.29	0.00
3	7	0.83	5.78	54.18	7.50	1.01
Core	CPU	C1%	C3%	C6%	C8%	C9%
-	-	0.75	7.45	51.85	8.86	0.36
0	0	0.45	7.83	50.60	8.21	0.19
0	4	0.69	7.18	51.67	9.66	0.00
1	1	0.92	7.72	52.66	10.34	0.00
1	5	0.82	6.75	49.80	8.80	0.00
2	2	0.87	6.98	51.69	9.49	0.00
2	6	0.83	9.22	53.84	5.88	0.37
3	3	1.00	6.92	47.89	10.22	1.70
3	7	0.45	6.98	56.50	8.21	0.59
Core	CPU	C1%	C3%	C6%	C8%	C9%
-	-	0.77	8.66	52.43	6.88	0.08
0	0	1.52	10.24	51.81	5.02	0.00
0	4	0.39	8.29	52.83	5.76	0.00
1	1	0.75	8.58	53.41	7.90	0.00
1	5	1.01	8.42	51.57	6.92	0.21
2	2	0.34	7.48	53.39	9.03	0.00
2	6	1.11	11.08	48.49	4.35	0.42
3	3	0.74	8.23	51.99	7.46	0.00
3	7	0.34	6.96	55.95	8.61	0.00
Core	CPU	C1%	C3%	C6%	C8%	C9%
-	-	0.67	7.24	54.88	7.86	0.09
0	0	0.61	8.05	50.52	6.78	0.02
0	4	0.67	6.77	55.59	10.11	0.00
1	1	0.94	7.53	55.73	7.24	0.00
1	5	0.48	7.14	57.00	6.09	0.00
2	2	1.19	6.87	53.30	8.09	0.00
2	6	0.62	7.96	54.38	6.93	0.70
3	3	0.40	6.56	55.88	9.74	0.00
3	7	0.43	7.02	56.59	7.85	0.00
Core	CPU	C1%	C3%	C6%	C8%	C9%
-	-	0.67	7.26	52.41	8.90	0.11
0	0	0.58	8.71	50.48	6.34	0.01
0	4	0.56	7.50	51.69	8.73	0.00
1	1	0.44	6.40	52.11	9.33	0.04
1	5	1.04	5.74	54.08	11.22	0.00
2	2	0.46	7.37	49.76	7.41	0.00
2	6	0.72	8.73	52.11	6.28	0.46
3	3	1.06	7.49	57.10	8.63	0.00
3	7	0.46	6.13	52.00	13.28	0.40
Core	CPU	C1%	C3%	C6%	C8%	C9%
-	-	1.40	6.60	41.63	21.66	0.33
0	0	1.76	7.43	40.32	24.91	0.00
0	4	1.85	5.33	36.20	5.23	0.00
1	1	1.10	6.93	44.30	24.71	0.00
1	5	1.27	7.11	40.33	23.36	1.01
2	2	1.35	6.33	39.72	26.18	1.07
2	6	1.62	7.04	41.08	25.27	0.01
3	3	0.99	5.94	42.89	22.40	0.53
3	7	1.23	6.74	48.24	21.24	0.00
Core	CPU	C1%	C3%	C6%	C8%	C9%
-	-	1.24	10.33	50.26	4.77	0.05
0	0	1.51	12.69	46.61	2.54	0.00
0	4	0.85	9.91	50.64	5.50	0.00
1	1	1.49	10.33	49.81	5.29	0.00
1	5	1.11	9.40	53.30	6.43	0.00
2	2	0.85	10.21	50.85	5.08	0.00
2	6	1.03	10.67	50.99	4.19	0.37
3	3	1.18	9.95	49.91	5.45	0.00
3	7	1.91	9.43	49.91	3.65	0.00
Core	CPU	C1%	C3%	C6%	C8%	C9%
-	-	0.67	7.97	54.15	9.02	0.06
0	0	1.24	8.29	53.99	8.94	0.01
0	4	0.38	7.31	59.09	8.85	0.00
1	1	0.90	8.19	51.62	7.92	0.01
1	5	0.35	7.23	54.87	7.70	0.00
2	2	0.31	6.93	53.02	11.04	0.00
2	6	0.77	10.10	46.14	10.38	0.45
3	3	0.93	7.87	57.09	8.22	0.00
3	7	0.49	7.81	57.38	9.14	0.00
Core	CPU	C1%	C3%	C6%	C8%	C9%
-	-	0.91	9.36	52.01	6.81	0.10
0	0	1.30	10.12	49.25	3.36	0.32
0	4	0.71	8.54	52.49	7.51	0.00
1	1	0.54	8.75	54.36	8.57	0.00
1	5	0.64	8.75	52.91	7.75	0.00
2	2	0.60	7.93	52.52	8.19	0.00
2	6	1.64	12.57	45.59	5.81	0.52
3	3	1.05	9.45	52.83	7.68	0.00
3	7	0.80	8.78	56.11	5.64	0.00
Core	CPU	C1%	C3%	C6%	C8%	C9%
-	-	0.67	10.42	48.76	7.76	0.05
0	0	0.75	12.99	48.95	6.60	0.00
0	4	0.78	10.32	52.85	5.40	0.00
1	1	0.32	9.40	49.16	10.41	0.10
1	5	0.33	8.58	50.18	9.65	0.00
2	2	0.89	9.70	49.15	7.90	0.00
2	6	1.04	13.93	38.48	5.17	0.29
3	3	0.72	9.40	52.04	7.56	0.01
3	7	0.56	9.11	49.69	9.44	0.00
Core	CPU	C1%	C3%	C6%	C8%	C9%
-	-	0.77	10.06	51.52	6.75	0.02
0	0	1.54	10.17	52.28	6.63	0.00
0	4	0.57	9.49	52.06	7.31	0.00
1	1	0.57	7.96	54.10	7.51	0.00
1	5	0.95	9.25	52.65	6.30	0.00
2	2	0.69	9.38	50.90	7.74	0.00
2	6	0.75	14.66	43.38	3.95	0.17
3	3	0.58	9.28	54.85	6.30	0.00
3	7	0.55	10.24	51.48	8.20	0.00
Core	CPU	C1%	C3%	C6%	C8%	C9%
-	-	0.77	7.39	53.01	8.45	0.06
0	0	1.24	8.35	50.64	8.62	0.00
0	4	0.33	5.25	53.14	12.16	0.00
1	1	0.62	7.08	55.67	8.76	0.00
1	5	0.65	8.37	55.64	5.61	0.00
2	2	0.49	5.91	52.78	12.09	0.20
2	6	1.09	10.84	47.90	6.70	0.26
3	3	0.96	6.58	55.90	9.19	0.02
3	7	0.78	6.78	52.57	4.45	0.00
Core	CPU	C1%	C3%	C6%	C8%	C9%
-	-	0.54	7.75	53.54	9.07	0.02
0	0	0.71	8.10	50.17	10.36	0.00
0	4	0.37	6.79	54.40	12.83	0.00
1	1	0.60	7.79	56.57	6.29	0.01
1	5	0.59	6.26	52.77	8.74	0.00
2	2	0.67	7.30	53.45	8.69	0.10
2	6	0.64	10.47	49.81	7.55	0.05
3	3	0.19	8.29	56.32	9.38	0.00
3	7	0.52	7.01	54.74	8.68	0.00
Core	CPU	C1%	C3%	C6%	C8%	C9%
-	-	0.52	7.05	54.52	8.29	0.07
0	0	0.41	8.41	52.25	6.43	0.00
0	4	0.51	5.98	57.88	10.87	0.00
1	1	0.75	6.19	55.54	6.19	0.00
1	5	0.32	7.15	53.46	7.48	0.00
2	2	0.72	6.57	54.21	9.32	0.00
2	6	0.36	9.30	50.10	9.20	0.33
3	3	0.47	5.82	54.14	11.69	0.00
3	7	0.63	6.98	58.51	5.13	0.20
Core	CPU	C1%	C3%	C6%	C8%	C9%
-	-	1.19	9.04	50.48	5.95	0.15
0	0	2.10	11.01	48.88	1.73	0.00
0	4	0.86	7.79	49.12	6.38	0.71
1	1	1.09	8.17	54.43	7.46	0.00
1	5	1.39	8.97	52.59	6.19	0.00
2	2	1.03	6.96	51.82	6.25	0.00
2	6	1.55	11.81	43.38	5.36	0.50
3	3	0.53	8.62	55.48	5.07	0.00
3	7	0.96	8.98	48.18	9.18	0.00
Core	CPU	C1%	C3%	C6%	C8%	C9%
-	-	0.84	6.95	49.43	17.53	0.10
0	0	1.46	6.94	46.93	22.59	0.03
0	4	0.31	6.53	59.07	13.47	0.00
1	1	0.57	6.07	49.57	21.35	0.10
1	5	0.48	6.00	47.64	25.22	0.00
2	2	0.91	6.71	47.90	23.93	0.00
2	6	1.41	9.94	51.21	12.53	0.64
3	3	0.82	5.34	37.34	5.62	0.00
3	7	0.71	8.02	55.70	15.46	0.00
Core	CPU	C1%	C3%	C6%	C8%	C9%
-	-	1.19	8.32	52.30	8.44	0.14
0	0	1.56	9.26	46.83	8.64	0.00
0	4	1.53	8.38	55.15	6.16	0.00
1	1	1.14	8.88	53.11	7.47	0.00
1	5	1.10	7.40	49.97	10.18	0.04
2	2	1.02	8.26	57.39	8.93	0.00
2	6	0.84	10.04	48.77	10.06	0.98
3	3	1.36	6.98	56.99	7.17	0.10
3	7	0.99	7.37	50.24	8.94	0.00
Core	CPU	C1%	C3%	C6%	C8%	C9%
-	-	0.84	8.25	51.89	7.23	0.19
0	0	1.18	8.85	46.94	8.06	0.01
0	4	1.06	6.80	50.06	7.21	0.00
1	1	1.02	7.78	52.07	7.18	0.00
1	5	0.51	8.39	57.59	6.46	0.00
2	2	0.35	7.77	54.99	6.57	0.00
2	6	0.78	9.32	48.58	6.84	1.50
3	3	0.80	8.88	53.25	9.53	0.00
3	7	1.01	8.16	51.58	5.97	0.00
Core	CPU	C1%	C3%	C6%	C8%	C9%
-	-	1.65	10.30	50.25	4.67	0.07
0	0	2.06	11.59	46.79	3.28	0.00
0	4	1.44	10.31	47.53	3.90	0.00
1	1	1.73	11.13	50.79	3.32	0.00
1	5	1.45	9.84	51.65	4.93	0.00
2	2	1.96	8.78	51.78	5.22	0.00
2	6	1.53	11.46	50.26	4.18	0.53
3	3	1.48	11.20	46.54	7.60	0.00
3	7	1.54	8.05	56.51	4.93	0.00
Core	CPU	C1%	C3%	C6%	C8%	C9%
-	-	2.53	11.91	46.28	3.78	0.05
0	0	3.39	12.13	41.56	4.64	0.00
0	4	2.30	11.46	48.42	3.87	0.00
1	1	3.38	12.95	46.56	3.60	0.00
1	5	1.23	10.35	51.06	3.61	0.00
2	2	2.10	11.51	48.72	2.89	0.02
2	6	3.27	14.53	38.89	2.09	0.36
3	3	2.08	12.12	48.32	4.58	0.00
3	7	2.51	10.27	46.82	4.95	0.00
Core	CPU	C1%	C3%	C6%	C8%	C9%
-	-	1.37	12.48	46.56	3.34	0.09
0	0	2.10	13.96	41.79	1.30	0.00
0	4	1.01	11.98	45.33	3.47	0.00
1	1	1.58	13.54	47.34	2.53	0.00
1	5	1.08	11.51	51.82	3.31	0.00
2	2	0.92	11.55	48.90	4.32	0.11
2	6	1.94	14.63	40.04	3.23	0.58
3	3	1.32	11.85	47.60	3.53	0.00
3	7	0.98	10.84	49.73	5.01	0.00
Core	CPU	C1%	C3%	C6%	C8%	C9%
-	-	1.17	10.44	50.59	4.14	0.00
0	0	1.23	11.72	50.06	2.18	0.01
0	4	0.97	9.22	51.94	6.89	0.01
1	1	1.26	10.13	48.48	3.25	0.00
1	5	1.14	9.45	51.74	6.04	0.00
2	2	1.35	10.69	50.53	4.61	0.00
2	6	0.85	11.62	49.05	1.46	0.00
3	3	1.42	9.94	48.61	4.24	0.00
3	7	1.18	10.74	54.24	4.45	0.00
Core	CPU	C1%	C3%	C6%	C8%	C9%
-	-	1.01	10.91	49.36	4.37	0.01
0	0	1.06	12.77	44.89	4.07	0.00
0	4	0.33	9.34	50.56	7.64	0.00
1	1	1.31	10.37	52.92	3.57	0.00
1	5	0.86	10.70	49.00	4.73	0.00
2	2	1.62	11.08	50.78	2.47	0.00
2	6	1.25	12.04	41.69	5.19	0.08
3	3	1.04	11.48	52.86	2.38	0.00
3	7	0.62	9.50	52.19	4.91	0.00
Core	CPU	C1%	C3%	C6%	C8%	C9%
-	-	1.47	13.95	44.19	3.20	0.00
0	0	1.56	15.34	41.92	2.19	0.00
0	4	1.43	13.83	42.16	4.62	0.00
1	1	1.99	13.38	48.79	2.43	0.00
1	5	1.42	13.07	43.42	2.35	0.00
2	2	0.76	11.77	48.53	5.11	0.00
2	6	1.52	16.25	36.56	2.80	0.04
3	3	1.77	14.05	46.52	3.13	0.00
3	7	1.31	13.91	45.60	2.96	0.00
Core	CPU	C1%	C3%	C6%	C8%	C9%
-	-	1.57	14.37	44.26	2.54	0.01
0	0	1.41	17.41	39.00	0.58	0.00
0	4	0.95	11.96	49.52	2.69	0.00
1	1	1.85	13.44	44.81	4.32	0.00
1	5	1.85	13.28	46.68	2.42	0.00
2	2	2.18	15.57	41.58	2.21	0.00
2	6	1.51	15.93	41.68	2.40	0.04
3	3	1.57	13.21	45.02	2.04	0.00
3	7	1.26	14.19	45.81	3.67	0.00
Core	CPU	C1%	C3%	C6%	C8%	C9%
-	-	2.00	10.89	42.69	12.67	0.07
0	0	2.31	12.33	39.82	16.39	0.00
0	4	1.15	8.51	45.55	20.72	0.00
1	1	1.52	12.07	48.94	9.56	0.00
1	5	2.25	9.82	48.36	14.21	0.00
2	2	1.69	11.38	47.56	12.00	0.00
2	6	2.90	12.44	40.91	11.41	0.53
3	3	2.05	9.43	23.73	2.35	0.00
3	7	2.11	11.15	46.64	14.73	0.00
Core	CPU	C1%	C3%	C6%	C8%	C9%
-	-	0.91	8.97	49.83	7.08	0.16
0	0	1.15	11.13	45.35	5.87	0.02
0	4	0.39	7.41	57.29	7.83	0.00
1	1	0.75	6.39	51.90	9.88	0.00
1	5	0.85	9.59	53.98	7.99	0.00
2	2	0.82	9.65	50.21	8.45	0.00
2	6	1.57	9.25	43.51	5.61	1.24
3	3	0.95	8.79	46.36	5.95	0.00
3	7	0.78	9.57	50.03	5.04	0.00
Core	CPU	C1%	C3%	C6%	C8%	C9%
-	-	1.07	8.89	50.02	7.60	0.08
0	0	1.21	10.80	49.08	6.02	0.00
0	4	0.73	6.62	56.70	7.77	0.00
1	1	0.85	8.37	49.24	8.59	0.01
1	5	1.22	8.37	51.06	6.31	0.00
2	2	1.22	8.97	51.92	10.23	0.00
2	6	1.17	11.99	43.54	7.35	0.67
3	3	1.21	7.38	49.89	7.56	0.00
3	7	0.98	8.63	48.94	6.99	0.00
Core	CPU	C1%	C3%	C6%	C8%	C9%
-	-	0.95	6.78	51.16	8.52	0.40
0	0	1.01	7.34	52.28	9.21	0.00
0	4	0.90	5.76	50.95	6.50	0.00
1	1	0.84	7.86	58.94	5.51	0.00
1	5	0.92	5.02	46.93	10.40	0.03
2	2	0.61	6.62	49.02	9.70	0.29
2	6	0.98	8.36	50.25	7.33	2.33
3	3	0.56	6.42	51.13	11.16	0.00
3	7	1.79	6.85	49.57	8.34	0.52
Core	CPU	C1%	C3%	C6%	C8%	C9%
-	-	1.09	8.42	49.90	5.93	0.27
0	0	1.63	9.82	49.74	5.06	0.00
0	4	0.87	8.23	50.50	4.64	0.01
1	1	1.04	8.38	51.59	5.60	0.00
1	5	0.98	8.31	48.49	6.68	0.00
2	2	1.16	8.26	49.78	6.35	0.00
2	6	1.20	9.08	48.07	8.81	0.89
3	3	1.08	8.33	50.53	3.40	1.26
3	7	0.74	6.99	50.67	6.94	0.00
Core	CPU	C1%	C3%	C6%	C8%	C9%
-	-	1.11	12.71	48.40	3.70	0.05
0	0	1.38	15.24	42.73	0.77	0.00
0	4	0.78	11.32	50.45	5.06	0.00
1	1	1.25	11.97	51.84	4.53	0.00
1	5	0.68	11.90	50.57	3.60	0.00
2	2	1.04	12.04	50.11	3.84	0.20
2	6	1.28	15.32	43.16	3.91	0.23
3	3	0.96	12.46	48.90	4.07	0.00
3	7	1.51	11.44	49.46	3.80	0.00
Core	CPU	C1%	C3%	C6%	C8%	C9%
-	-	1.32	10.57	47.81	4.26	0.00
0	0	2.60	12.47	44.96	2.53	0.00
0	4	0.85	7.98	51.77	5.36	0.00
1	1	1.34	11.13	49.24	3.98	0.00
1	5	1.22	10.80	50.53	3.30	0.00
2	2	1.10	11.24	45.42	4.60	0.00
2	6	1.07	11.52	44.42	5.24	0.01
3	3	1.44	9.70	46.72	4.76	0.00
3	7	0.96	9.69	49.33	4.30	0.00
Core	CPU	C1%	C3%	C6%	C8%	C9%
-	-	1.09	9.82	49.19	4.79	0.01
0	0	1.26	12.47	47.87	2.77	0.01
0	4	1.02	9.19	43.01	5.18	0.00
1	1	1.22	8.97	47.64	3.35	0.00
1	5	0.94	8.63	48.52	4.97	0.00
2	2	1.39	9.32	47.31	6.43	0.10
2	6	1.05	10.10	53.35	5.14	0.00
3	3	0.86	9.28	48.73	8.42	0.00
3	7	1.02	10.60	57.03	2.02	0.00
Core	CPU	C1%	C3%	C6%	C8%	C9%
-	-	1.20	10.28	49.26	4.33	0.02
0	0	1.06	12.33	47.17	3.83	0.00
0	4	1.11	9.51	51.96	3.86	0.00
1	1	1.10	8.96	48.15	6.79	0.00
1	5	1.29	10.00	50.32	3.70	0.00
2	2	1.34	10.50	47.82	5.10	0.00
2	6	1.38	9.64	48.87	4.15	0.15
3	3	1.58	10.60	53.06	3.33	0.00
3	7	0.78	10.73	46.77	3.86	0.00
Core	CPU	C1%	C3%	C6%	C8%	C9%
-	-	2.11	10.63	48.13	3.18	0.00
0	0	3.29	12.92	45.52	1.66	0.00
0	4	1.47	9.22	47.62	1.93	0.00
1	1	2.77	10.40	53.29	3.43	0.00
1	5	2.11	10.76	48.28	4.47	0.00
2	2	2.02	11.17	47.32	3.10	0.00
2	6	1.36	10.03	46.03	3.98	0.03
3	3	1.72	9.47	47.05	4.61	0.00
3	7	2.11	11.08	49.88	2.25	0.00
Core	CPU	C1%	C3%	C6%	C8%	C9%
-	-	1.89	12.55	45.39	3.82	0.15
0	0	2.54	13.72	41.32	3.35	0.00
0	4	1.48	12.55	47.43	4.09	0.00
1	1	2.05	12.83	43.99	4.00	0.00
1	5	2.21	11.90	47.93	3.19	0.66
2	2	1.97	12.24	47.50	2.26	0.00
2	6	1.85	13.75	41.23	3.36	0.51
3	3	0.90	11.40	47.62	5.73	0.00
3	7	2.15	12.04	46.20	4.58	0.00
Core	CPU	C1%	C3%	C6%	C8%	C9%
-	-	1.05	11.74	48.18	4.80	0.00
0	0	1.26	12.87	46.92	3.90	0.00
0	4	0.63	11.09	51.67	5.68	0.00
1	1	1.09	11.05	44.39	7.62	0.00
1	5	1.15	11.37	50.65	3.96	0.00
2	2	1.00	10.47	50.94	3.08	0.00
2	6	1.60	14.40	40.05	3.73	0.00
3	3	1.34	11.25	51.44	4.98	0.00
3	7	0.37	11.43	49.40	5.43	0.00
Core	CPU	C1%	C3%	C6%	C8%	C9%
-	-	1.47	8.37	38.76	22.65	0.15
0	0	1.34	9.32	32.82	23.95	0.00
0	4	0.88	7.36	26.30	3.41	0.00
1	1	1.07	7.77	45.37	26.92	0.00
1	5	1.91	7.41	40.25	29.70	0.00
2	2	1.51	8.49	48.31	18.40	0.00
2	6	2.11	10.91	35.45	24.64	0.06
3	3	1.57	7.08	42.63	25.40	1.13
3	7	1.38	8.57	38.91	28.76	0.00
Core	CPU	C1%	C3%	C6%	C8%	C9%
-	-	0.87	11.94	47.28	5.67	0.00
0	0	1.23	11.84	47.34	3.09	0.00
0	4	0.71	11.87	51.13	6.88	0.00
1	1	0.87	11.43	49.27	5.21	0.00
1	5	0.42	10.50	47.82	9.55	0.00
2	2	0.97	11.25	49.35	5.91	0.00
2	6	1.17	16.32	34.20	2.28	0.00
3	3	1.04	12.24	48.47	5.55	0.00
3	7	0.53	10.06	50.73	6.90	0.00
Core	CPU	C1%	C3%	C6%	C8%	C9%
-	-	1.10	13.95	44.70	3.77	0.03
0	0	1.54	15.25	43.32	4.18	0.00
0	4	0.53	13.05	45.80	5.49	0.00
1	1	0.86	14.16	47.49	2.09	0.00
1	5	0.84	12.32	47.17	4.70	0.00
2	2	1.03	13.56	47.41	5.09	0.00
2	6	1.91	16.23	36.11	2.27	0.00
3	3	1.31	13.91	45.04	2.80	0.00
3	7	0.76	13.14	45.43	3.56	0.20
Core	CPU	C1%	C3%	C6%	C8%	C9%
-	-	0.82	11.76	48.00	6.34	0.01
0	0	1.30	11.47	48.02	4.67	0.00
0	4	0.36	10.09	51.69	7.94	0.00
1	1	0.70	11.51	51.39	5.23	0.01
1	5	0.87	11.57	50.47	5.64	0.00
2	2	0.92	10.99	46.57	10.26	0.00
2	6	1.32	17.43	35.18	1.63	0.04
3	3	0.58	9.42	48.74	10.83	0.00
3	7	0.49	11.56	51.67	4.47	0.00
Core	CPU	C1%	C3%	C6%	C8%	C9%
-	-	0.64	11.86	49.74	4.81	0.02
0	0	1.21	12.61	47.51	2.36	0.00
0	4	0.42	9.67	50.45	8.61	0.00
1	1	0.48	11.42	52.24	4.04	0.00
1	5	0.61	11.34	52.36	3.61	0.00
2	2	0.73	11.44	50.80	4.55	0.00
2	6	0.82	15.23	42.34	2.78	0.20
3	3	0.48	10.90	51.53	5.73	0.00
3	7	0.41	12.31	50.73	6.83	0.00
Core	CPU	C1%	C3%	C6%	C8%	C9%
-	-	1.36	14.12	47.12	2.33	0.05
0	0	2.48	16.71	38.32	0.97	0.00
0	4	1.14	13.17	48.19	3.75	0.00
1	1	1.35	14.09	49.62	2.29	0.00
1	5	1.32	12.83	49.89	3.00	0.00
2	2	0.71	13.75	50.82	2.83	0.00
2	6	1.40	16.08	42.70	0.70	0.36
3	3	1.67	14.79	44.27	1.38	0.00
3	7	0.83	11.55	53.10	3.76	0.03
Core	CPU	C1%	C3%	C6%	C8%	C9%
-	-	1.15	11.03	50.08	4.96	0.03
0	0	1.59	11.59	49.01	2.71	0.00
0	4	0.66	10.79	49.65	4.19	0.00
1	1	1.50	9.70	53.67	6.45	0.00
1	5	1.02	10.85	53.74	3.93	0.00
2	2	1.08	10.96	50.57	4.73	0.00
2	6	1.40	12.54	48.01	4.54	0.20
3	3	0.88	11.59	49.27	5.62	0.00
3	7	1.10	10.21	46.67	7.54	0.00
Core	CPU	C1%	C3%	C6%	C8%	C9%
-	-	0.90	9.68	52.18	6.62	0.05
0	0	0.83	10.18	51.90	5.28	0.00
0	4	0.36	7.87	49.13	14.00	0.00
1	1	0.97	9.45	54.63	7.45	0.00
1	5	0.66	10.21	54.16	5.29	0.00
2	2	1.06	10.05	52.63	6.89	0.00
2	6	1.55	10.37	49.10	3.35	0.13
3	3	0.84	8.73	53.67	7.53	0.07
3	7	0.92	10.62	52.26	3.17	0.21
Core	CPU	C1%	C3%	C6%	C8%	C9%
-	-	0.73	8.95	51.75	7.09	0.16
0	0	0.77	10.71	51.20	4.47	0.00
0	4	0.52	8.36	53.36	4.90	0.00
1	1	0.88	7.65	45.03	11.09	0.00
1	5	0.72	8.73	58.17	6.50	0.00
2	2	0.72	9.04	52.15	6.57	0.00
2	6	0.53	8.61	47.29	11.07	1.31
3	3	0.72	9.91	53.91	5.18	0.00
3	7	1.00	8.56	52.87	6.96	0.00
Core	CPU	C1%	C3%	C6%	C8%	C9%
-	-	0.91	10.68	50.59	4.17	0.24
0	0	1.34	13.14	43.25	2.09	0.00
0	4	0.80	10.17	51.73	4.85	0.00
1	1	0.42	10.10	54.69	4.18	0.01
1	5	0.89	10.47	53.17	4.66	0.00
2	2	1.06	10.27	50.09	4.49	0.00
2	6	1.04	10.97	51.34	3.11	1.36
3	3	0.86	10.09	49.56	6.82	0.00
3	7	0.86	10.30	51.28	3.17	0.55
Core	CPU	C1%	C3%	C6%	C8%	C9%
-	-	0.93	13.36	44.55	4.36	0.00
0	0	1.27	14.98	41.10	2.69	0.00
0	4	0.42	12.05	46.51	6.93	0.00
1	1	0.83	11.92	48.45	6.41	0.00
1	5	0.82	12.18	49.26	3.90	0.00
2	2	0.62	12.12	46.30	4.06	0.00
2	6	1.22	16.06	37.07	4.06	0.02
3	3	1.01	13.43	47.57	3.90	0.00
3	7	1.23	14.06	39.77	2.89	0.00
Core	CPU	C1%	C3%	C6%	C8%	C9%
-	-	1.53	9.72	43.63	15.30	0.00
0	0	2.33	11.22	45.87	15.40	0.00
0	4	2.09	9.05	48.38	15.42	0.00
1	1	1.79	7.24	26.77	2.63	0.00
1	5	1.14	9.92	43.30	20.55	0.00
2	2	1.15	9.77	36.42	23.82	0.00
2	6	1.32	10.25	41.39	18.94	0.00
3	3	1.38	10.16	47.72	18.59	0.00
3	7	1.03	10.16	59.20	7.05	0.00
Core	CPU	C1%	C3%	C6%	C8%	C9%
-	-	0.83	12.16	47.44	4.92	0.01
0	0	1.10	13.46	40.56	4.47	0.00
0	4	0.75	10.70	49.12	6.75	0.00
1	1	0.84	10.26	50.49	6.71	0.00
1	5	0.64	12.56	46.64	5.88	0.00
2	2	1.13	11.39	51.52	3.92	0.00
2	6	1.04	15.16	39.68	1.79	0.06
3	3	0.39	10.91	54.38	5.10	0.00
3	7	0.75	12.91	47.50	4.78	0.00
Core	CPU	C1%	C3%	C6%	C8%	C9%
-	-	0.89	10.49	49.86	5.56	0.01
0	0	0.78	11.61	50.42	4.63	0.00
0	4	0.32	9.15	48.81	6.94	0.00
1	1	0.97	9.40	49.31	5.58	0.00
1	5	0.81	9.17	55.65	4.13	0.00
2	2	1.14	10.51	48.40	7.38	0.00
2	6	1.56	14.14	43.19	2.34	0.11
3	3	0.75	9.45	51.99	8.21	0.01
3	7	0.78	10.39	50.77	5.22	0.00
Core	CPU	C1%	C3%	C6%	C8%	C9%
-	-	0.94	13.35	46.45	3.49	0.00
0	0	0.66	14.44	47.01	2.46	0.00
0	4	1.00	13.38	48.80	3.85	0.00
1	1	1.04	13.36	48.40	3.33	0.00
1	5	1.17	12.92	48.63	3.20	0.00
2	2	0.92	13.15	47.03	3.70	0.00
2	6	1.25	16.25	36.29	2.38	0.00
3	3	0.80	12.49	49.13	3.51	0.00
3	7	0.67	10.83	46.37	5.49	0.01
Core	CPU	C1%	C3%	C6%	C8%	C9%
-	-	0.76	11.82	50.48	4.39	0.08
0	0	0.90	13.39	47.22	2.99	0.00
0	4	0.77	10.45	50.27	6.46	0.00
1	1	0.71	11.69	52.40	4.58	0.00
1	5	0.55	11.95	52.40	4.13	0.00
2	2	0.82	11.38	53.14	4.79	0.00
2	6	1.26	13.77	40.42	4.69	0.60
3	3	0.55	11.17	52.37	4.76	0.00
3	7	0.56	10.73	55.50	2.74	0.00
Core	CPU	C1%	C3%	C6%	C8%	C9%
-	-	1.59	11.93	48.69	4.34	0.12
0	0	2.90	14.18	43.24	1.39	0.00
0	4	1.58	9.32	49.90	6.40	0.71
1	1	1.45	11.63	49.96	4.36	0.00
1	5	1.07	12.98	49.85	3.03	0.00
2	2	1.32	11.00	49.87	5.88	0.21
2	6	1.62	14.26	45.55	1.59	0.07
3	3	1.56	11.90	50.33	6.91	0.00
3	7	1.22	10.24	50.92	5.15	0.00
Core	CPU	C1%	C3%	C6%	C8%	C9%
-	-	1.50	11.95	48.31	3.36	0.01
0	0	2.59	13.67	39.00	3.73	0.01
0	4	1.18	10.46	50.51	5.65	0.00
1	1	1.37	12.28	50.39	1.69	0.00
1	5	1.13	10.75	48.70	7.07	0.00
2	2	1.22	12.95	48.78	1.76	0.00
2	6	1.94	12.24	48.96	1.73	0.09
3	3	1.55	12.21	49.19	1.67	0.00
3	7	1.00	11.02	50.92	3.56	0.00
Core	CPU	C1%	C3%	C6%	C8%	C9%
-	-	2.56	10.90	47.41	3.55	0.11
0	0	3.21	13.90	39.61	2.19	0.00
0	4	2.44	9.48	50.08	3.49	0.19
1	1	3.40	11.86	46.23	2.62	0.01
1	5	1.87	9.94	48.58	3.93	0.00
2	2	2.05	10.72	48.15	5.35	0.00
2	6	2.38	10.44	46.75	3.60	0.32
3	3	2.30	11.02	48.77	2.64	0.38
3	7	2.85	9.80	51.12	4.57	0.00
Core	CPU	C1%	C3%	C6%	C8%	C9%
-	-	1.38	12.95	45.64	2.99	0.05
0	0	1.89	15.66	37.62	3.56	0.01
0	4	1.05	12.57	48.53	2.54	0.00
1	1	1.05	10.74	47.75	2.96	0.41
1	5	1.48	12.70	42.79	2.54	0.00
2	2	1.63	12.63	46.49	3.31	0.00
2	6	1.26	13.93	44.80	2.23	0.00
3	3	1.43	12.41	48.20	3.52	0.00
3	7	1.28	12.94	48.93	3.27	0.00
Core	CPU	C1%	C3%	C6%	C8%	C9%
-	-	1.62	15.15	42.90	1.86	0.01
0	0	2.20	17.57	36.90	1.05	0.00
0	4	1.11	13.62	42.58	3.42	0.00
1	1	1.31	13.54	44.49	1.98	0.00
1	5	1.63	15.70	42.27	2.55	0.00
2	2	2.12	14.30	46.46	1.22	0.00
2	6	1.34	15.81	43.61	0.68	0.08
3	3	1.51	14.96	44.57	2.98	0.00
3	7	1.77	15.73	42.35	1.01	0.00
Core	CPU	C1%	C3%	C6%	C8%	C9%
-	-	1.64	15.54	40.57	2.18	0.00
0	0	1.99	16.85	34.25	1.40	0.00
0	4	1.41	15.13	41.13	2.52	0.00
1	1	1.38	15.20	43.88	2.20	0.00
1	5	1.57	14.81	45.59	2.29	0.00
2	2	1.40	15.49	41.99	2.45	0.00
2	6	1.84	18.15	32.87	1.86	0.00
3	3	1.61	13.99	41.29	3.05	0.00
3	7	1.89	14.73	43.59	1.70	0.00
Core	CPU	C1%	C3%	C6%	C8%	C9%
-	-	1.62	15.06	40.79	2.24	0.12
0	0	2.12	16.70	35.46	2.98	0.00
0	4	1.66	13.27	42.73	0.84	0.00
1	1	1.33	14.77	44.80	3.63	0.00
1	5	1.04	14.78	42.43	2.20	0.00
2	2	1.77	14.91	40.14	1.87	0.00
2	6	1.86	14.60	40.18	2.33	0.16
3	3	1.74	16.87	37.88	0.63	0.82
3	7	1.41	14.59	42.74	3.45	0.00
Core	CPU	C1%	C3%	C6%	C8%	C9%
-	-	0.79	10.73	48.48	6.94	0.00
0	0	0.96	11.17	47.42	8.14	0.00
0	4	0.35	8.72	54.48	7.02	0.00
1	1	0.74	10.31	50.14	5.91	0.00
1	5	0.69	9.40	48.05	9.78	0.02
2	2	0.85	9.57	48.86	8.23	0.00
2	6	1.19	16.38	37.03	1.33	0.00
3	3	0.70	9.71	52.43	8.15	0.00
3	7	0.85	10.57	49.41	6.97	0.00
Core	CPU	C1%	C3%	C6%	C8%	C9%
-	-	1.33	6.49	40.51	25.36	0.00
0	0	1.71	7.02	42.23	29.53	0.00
0	4	0.74	6.12	42.05	34.86	0.00
1	1	1.56	5.73	36.82	33.28	0.00
1	5	1.05	6.72	40.67	28.49	0.01
2	2	1.43	6.08	48.48	24.55	0.00
2	6	1.57	7.90	44.17	24.56	0.00
3	3	1.44	4.69	24.36	3.97	0.00
3	7	1.14	7.64	45.27	23.58	0.00
Core	CPU	C1%	C3%	C6%	C8%	C9%
-	-	0.95	11.06	49.40	5.08	0.06
0	0	1.02	12.62	43.33	5.11	0.01
0	4	0.48	9.92	53.96	4.89	0.00
1	1	1.06	11.44	45.17	7.00	0.00
1	5	0.61	9.09	51.19	7.00	0.00
2	2	1.01	10.11	50.69	5.24	0.00
2	6	1.16	14.28	45.08	2.29	0.50
3	3	1.67	10.93	53.32	3.03	0.00
3	7	0.61	10.16	52.64	6.13	0.00
Core	CPU	C1%	C3%	C6%	C8%	C9%
-	-	0.92	8.09	53.01	4.60	0.05
0	0	1.18	8.91	54.90	3.22	0.00
0	4	0.37	6.51	51.06	5.45	0.00
1	1	1.40	7.40	53.31	8.78	0.00
1	5	0.93	7.96	49.10	3.84	0.01
2	2	0.77	7.61	51.68	8.21	0.00
2	6	1.20	11.18	54.27	0.66	0.36
3	3	0.67	7.53	52.84	2.80	0.00
3	7	0.82	7.63	56.84	3.80	0.00
Core	CPU	C1%	C3%	C6%	C8%	C9%
-	-	1.05	8.35	49.39	6.14	0.03
0	0	1.57	10.81	49.95	3.06	0.00
0	4	1.01	7.65	51.94	4.30	0.00
1	1	0.89	6.54	50.74	9.99	0.00
1	5	1.28	7.55	52.84	5.11	0.11
2	2	0.90	7.04	47.28	8.57	0.00
2	6	1.02	10.62	49.52	5.58	0.00
3	3	1.00	7.69	45.10	7.73	0.00
3	7	0.77	8.88	47.75	4.80	0.11
Core	CPU	C1%	C3%	C6%	C8%	C9%
-	-	0.95	8.20	49.63	6.11	0.02
0	0	2.04	11.28	49.77	3.15	0.00
0	4	0.92	6.23	48.73	8.33	0.00
1	1	0.92	7.75	47.04	5.93	0.00
1	5	0.69	7.78	48.16	6.17	0.00
2	2	0.65	8.89	55.56	6.68	0.00
2	6	0.66	8.40	49.53	4.96	0.09
3	3	1.06	8.20	49.96	5.31	0.00
3	7	0.69	7.11	48.27	8.32	0.03
Core	CPU	C1%	C3%	C6%	C8%	C9%
-	-	1.04	8.29	50.01	5.90	0.12
0	0	1.49	11.05	49.61	1.47	0.00
0	4	0.57	6.93	47.15	5.82	0.00
1	1	0.73	8.33	54.86	3.29	0.00
1	5	0.66	7.90	51.44	8.80	0.00
2	2	1.50	7.28	47.63	7.41	0.00
2	6	1.59	9.42	47.96	4.29	0.93
3	3	1.08	8.32	51.98	6.32	0.00
3	7	0.75	7.09	49.45	9.84	0.00
Core	CPU	C1%	C3%	C6%	C8%	C9%
-	-	0.88	8.52	50.36	7.98	0.10
0	0	0.76	9.87	48.89	3.65	0.01
0	4	1.11	7.13	54.13	7.42	0.00
1	1	0.99	9.19	49.98	7.50	0.00
1	5	0.69	8.61	49.66	7.98	0.00
2	2	0.91	8.66	51.08	10.56	0.00
2	6	0.86	9.66	51.89	5.92	0.56
3	3	0.79	7.69	49.29	10.67	0.00
3	7	0.89	7.37	47.96	10.13	0.21
Core	CPU	C1%	C3%	C6%	C8%	C9%
-	-	1.16	8.94	48.35	6.09	0.28
0	0	1.68	10.27	43.97	3.08	0.11
0	4	0.59	8.13	51.42	4.78	0.00
1	1	1.23	9.21	48.86	5.81	0.00
1	5	1.45	9.99	52.76	5.30	0.00
2	2	1.18	8.47	49.13	10.78	0.00
2	6	1.54	8.48	46.40	5.93	0.77
3	3	0.79	7.84	45.84	7.76	1.36
3	7	0.82	9.13	48.52	5.27	0.00
Core	CPU	C1%	C3%	C6%	C8%	C9%
-	-	1.18	10.46	51.59	4.16	0.02
0	0	1.00	11.59	49.48	4.21	0.00
0	4	0.81	10.62	51.77	2.83	0.00
1	1	1.04	9.16	51.92	5.62	0.00
1	5	1.03	10.43	48.54	5.98	0.00
2	2	1.45	10.18	52.56	4.25	0.00
2	6	1.62	10.06	53.43	3.70	0.19
3	3	1.04	10.77	51.44	4.00	0.00
3	7	1.42	10.88	53.44	2.66	0.00
Core	CPU	C1%	C3%	C6%	C8%	C9%
-	-	1.36	12.57	46.43	3.18	0.00
0	0	1.67	14.49	40.33	3.49	0.00
0	4	1.18	11.34	51.09	3.63	0.00
1	1	1.45	11.95	47.35	5.58	0.00
1	5	1.44	13.40	44.60	1.70	0.00
2	2	1.13	12.44	47.57	3.10	0.00
2	6	1.15	11.69	47.82	1.97	0.00
3	3	1.45	11.18	48.37	2.86	0.00
3	7	1.40	14.03	44.26	3.13	0.00
Core	CPU	C1%	C3%	C6%	C8%	C9%
-	-	1.48	11.91	46.75	3.39	0.00
0	0	1.51	13.41	42.65	3.68	0.00
0	4	0.92	10.49	48.30	5.50	0.00
1	1	1.60	12.57	47.19	4.22	0.00
1	5	1.10	11.38	49.68	3.30	0.00
2	2	1.50	13.04	43.82	1.15	0.00
2	6	1.92	11.45	45.87	4.97	0.01
3	3	1.32	11.19	47.11	3.12	0.00
3	7	1.97	11.76	49.37	1.15	0.00
Core	CPU	C1%	C3%	C6%	C8%	C9%
-	-	1.30	10.85	48.20	4.30	0.00
0	0	1.75	14.24	44.27	2.32	0.00
0	4	0.98	10.42	50.95	3.03	0.00
1	1	0.84	9.24	51.65	4.36	0.00
1	5	1.36	11.20	48.62	4.68	0.00
2	2	1.10	11.18	50.72	4.11	0.00
2	6	1.25	9.69	45.36	3.97	0.00
3	3	1.49	8.64	49.55	8.22	0.00
3	7	1.60	12.19	44.46	3.67	0.00
Core	CPU	C1%	C3%	C6%	C8%	C9%
-	-	1.22	10.96	49.18	4.16	0.09
0	0	2.17	13.50	43.19	1.84	0.52
0	4	0.73	9.84	53.65	5.52	0.00
1	1	0.72	10.50	48.65	6.16	0.21
1	5	1.18	11.35	48.77	4.72	0.00
2	2	1.27	12.33	48.27	1.93	0.00
2	6	1.25	10.16	51.66	2.44	0.00
3	3	1.19	9.37	51.16	6.18	0.00
3	7	1.24	10.64	48.12	4.48	0.00
Core	CPU	C1%	C3%	C6%	C8%	C9%
-	-	1.12	8.96	49.34	6.03	0.44
0	0	1.59	10.05	50.83	4.26	0.00
0	4	0.96	8.40	45.45	3.13	0.01
1	1	1.13	9.59	47.33	6.57	0.00
1	5	1.03	8.79	52.06	9.05	0.00
2	2	1.33	9.56	50.24	5.54	0.00
2	6	0.98	8.58	49.64	5.52	0.00
3	3	1.24	10.12	51.22	6.87	0.59
3	7	0.66	6.56	48.01	7.29	2.92
Core	CPU	C1%	C3%	C6%	C8%	C9%
-	-	1.32	11.35	49.79	3.29	0.03
0	0	1.67	12.37	47.82	3.12	0.00
0	4	0.83	10.89	52.74	2.97	0.00
1	1	2.30	13.82	48.17	1.03	0.00
1	5	1.30	9.91	49.20	3.23	0.01
2	2	1.39	11.57	45.76	3.03	0.21
2	6	0.40	9.88	51.02	7.69	0.00
3	3	1.33	11.84	51.40	2.35	0.00
3	7	1.33	10.51	52.22	2.87	0.00
Core	CPU	C1%	C3%	C6%	C8%	C9%
-	-	1.21	9.54	49.78	4.76	0.08
0	0	1.52	11.12	51.13	2.40	0.00
0	4	1.04	9.05	47.54	6.89	0.00
1	1	1.90	10.36	48.61	3.94	0.00
1	5	0.67	8.79	50.98	6.06	0.00
2	2	1.18	8.20	49.62	5.40	0.00
2	6	0.95	9.09	50.05	7.36	0.60
3	3	1.29	10.95	44.81	1.75	0.00
3	7	1.17	8.86	56.12	4.32	0.00
Core	CPU	C1%	C3%	C6%	C8%	C9%
-	-	2.06	9.54	47.40	5.12	0.00
0	0	2.94	12.96	43.74	2.89	0.00
0	4	0.87	6.41	47.83	4.78	0.00
1	1	2.07	9.33	51.23	3.67	0.00
1	5	2.91	8.44	41.50	9.90	0.01
2	2	2.09	9.28	49.47	6.95	0.00
2	6	1.84	10.25	52.24	4.81	0.00
3	3	1.63	9.35	46.92	5.74	0.00
3	7	2.13	10.15	45.66	2.16	0.00
Core	CPU	C1%	C3%	C6%	C8%	C9%
-	-	1.56	11.88	46.04	2.83	0.14
0	0	2.71	13.58	40.28	2.66	0.00
0	4	1.56	11.08	49.71	2.85	0.00
1	1	1.43	11.13	48.65	3.59	0.00
1	5	1.48	10.65	48.19	2.24	0.24
2	2	1.31	12.92	46.07	2.40	0.00
2	6	1.31	11.12	46.82	2.98	0.07
3	3	1.82	13.65	44.18	2.05	0.00
3	7	0.87	10.92	44.42	3.92	0.84
Core	CPU	C1%	C3%	C6%	C8%	C9%
-	-	1.17	10.65	49.88	4.04	0.01
0	0	1.71	12.49	47.29	1.60	0.00
0	4	0.75	8.87	53.04	4.71	0.00
1	1	1.14	11.66	47.79	1.76	0.00
1	5	1.32	10.04	49.74	5.36	0.00
2	2	1.13	9.27	48.99	6.20	0.00
2	6	0.88	12.18	49.33	2.21	0.04
3	3	1.14	9.93	52.58	5.28	0.00
3	7	1.31	10.76	50.30	5.19	0.00
Core	CPU	C1%	C3%	C6%	C8%	C9%
-	-	1.21	12.73	47.05	3.41	0.04
0	0	1.60	13.80	41.59	2.88	0.00
0	4	1.18	12.78	46.50	3.77	0.28
1	1	1.02	13.04	49.29	4.09	0.00
1	5	1.17	13.55	52.00	2.95	0.00
2	2	1.19	11.82	49.74	2.79	0.00
2	6	1.58	12.84	44.62	2.88	0.00
3	3	0.88	12.53	44.30	4.22	0.01
3	7	1.05	11.47	48.38	3.74	0.00
Core	CPU	C1%	C3%	C6%	C8%	C9%
-	-	0.68	6.97	26.07	25.31	0.17
0	0	0.86	7.87	22.54	30.17	0.00
0	4	0.86	6.58	29.52	37.24	0.01
1	1	0.70	8.83	35.59	34.64	0.00
1	5	0.80	5.99	27.70	44.80	0.78
2	2	0.30	6.86	27.55	38.38	0.00
2	6	0.60	7.29	17.24	0.98	0.00
3	3	0.60	6.02	24.67	10.70	0.00
3	7	0.74	6.29	23.64	5.44	0.53
Core	CPU	C1%	C3%	C6%	C8%	C9%
-	-	2.57	11.68	46.75	3.04	0.02
0	0	3.60	14.00	40.34	2.90	0.00
0	4	2.24	11.72	50.25	2.99	0.00
1	1	2.18	10.60	47.88	3.34	0.00
1	5	2.32	11.10	48.50	3.32	0.00
2	2	3.32	12.25	47.60	2.50	0.00
2	6	2.44	10.65	44.08	2.24	0.06
3	3	2.21	12.27	48.29	4.02	0.00
3	7	2.25	10.91	47.29	2.99	0.09
Core	CPU	C1%	C3%	C6%	C8%	C9%
-	-	1.13	10.03	50.99	4.04	0.07
0	0	1.83	11.62	46.60	2.74	0.11
0	4	0.56	9.01	52.97	6.01	0.00
1	1	1.15	9.12	51.00	2.94	0.00
1	5	0.79	10.62	50.73	4.03	0.00
2	2	1.96	9.51	51.29	3.88	0.00
2	6	1.14	10.16	48.16	5.25	0.48
3	3	0.68	8.98	57.11	4.66	0.00
3	7	0.94	11.23	50.07	2.83	0.00
Core	CPU	C1%	C3%	C6%	C8%	C9%
-	-	1.18	10.90	52.44	3.98	0.00
0	0	1.70	11.95	50.55	1.65	0.01
0	4	1.29	10.67	54.74	3.82	0.00
1	1	1.30	11.58	48.17	5.31	0.00
1	5	0.46	10.67	56.59	3.87	0.00
2	2	1.05	10.44	52.75	4.66	0.00
2	6	1.49	10.55	51.09	4.84	0.00
3	3	0.87	10.72	53.65	4.93	0.00
3	7	1.28	10.57	51.89	2.79	0.00
Core	CPU	C1%	C3%	C6%	C8%	C9%
-	-	2.16	10.19	49.67	4.58	0.00
0	0	2.85	12.71	46.48	3.19	0.00
0	4	2.21	8.66	52.62	4.40	0.00
1	1	2.35	10.02	47.48	4.94	0.01
1	5	2.58	9.80	51.51	3.89	0.00
2	2	2.08	8.16	50.24	5.54	0.00
2	6	2.12	11.53	49.36	4.20	0.00
3	3	1.62	11.09	50.03	2.76	0.00
3	7	1.50	9.52	49.70	7.72	0.00
Core	CPU	C1%	C3%	C6%	C8%	C9%
-	-	1.59	8.21	48.46	6.45	0.18
0	0	1.46	10.06	44.45	5.08	0.00
0	4	1.13	8.37	49.41	8.01	0.11
1	1	2.17	8.80	50.49	4.89	0.01
1	5	1.83	6.52	43.31	9.23	0.00
2	2	2.25	7.64	49.06	6.92	0.00
2	6	1.47	8.01	46.69	5.97	0.17
3	3	1.15	7.92	51.04	7.26	0.00
3	7	1.27	8.39	53.23	4.23	1.11
Core	CPU	C1%	C3%	C6%	C8%	C9%
-	-	1.09	10.10	46.09	6.61	0.12
0	0	1.48	12.67	41.29	5.66	0.00
0	4	0.64	9.47	48.16	6.63	0.00
1	1	0.95	9.85	47.24	7.87	0.00
1	5	1.21	9.97	50.68	3.75	0.10
2	2	1.23	9.41	47.15	7.26	0.00
2	6	1.18	10.85	43.24	4.50	0.49
3	3	1.21	10.03	42.92	4.84	0.39
3	7	0.81	8.66	48.38	12.40	0.00
Core	CPU	C1%	C3%	C6%	C8%	C9%
-	-	1.04	9.07	50.46	5.73	0.00
0	0	1.47	11.45	45.60	4.21	0.00
0	4	1.04	7.66	53.90	6.14	0.00
1	1	1.49	9.83	50.18	6.12	0.00
1	5	0.55	6.80	50.02	7.91	0.00
2	2	0.87	9.97	55.23	4.96	0.00
2	6	0.71	7.86	46.48	5.89	0.00
3	3	1.45	10.76	52.43	2.58	0.00
3	7	0.77	8.16	49.67	8.00	0.01
Core	CPU	C1%	C3%	C6%	C8%	C9%
-	-	1.21	10.32	46.14	5.10	0.00
0	0	1.60	10.86	40.81	5.10	0.00
0	4	0.81	8.49	54.92	7.84	0.00
1	1	0.67	9.30	42.90	7.99	0.00
1	5	1.54	10.52	44.22	4.58	0.00
2	2	1.31	10.05	48.23	4.72	0.00
2	6	1.26	10.74	45.62	2.92	0.00
3	3	1.12	10.80	48.64	4.79	0.00
3	7	1.35	11.75	43.59	2.84	0.00
Core	CPU	C1%	C3%	C6%	C8%	C9%
-	-	3.28	12.88	42.66	2.31	0.04
0	0	4.47	15.34	35.79	0.55	0.00
0	4	2.93	13.54	43.47	1.33	0.00
1	1	3.42	13.73	42.33	2.41	0.00
1	5	3.16	11.94	43.93	2.28	0.00
2	2	3.05	12.52	43.92	3.32	0.00
2	6	3.46	11.48	44.55	2.89	0.34
3	3	2.74	12.01	43.60	2.28	0.00
3	7	3.04	12.50	43.67	3.40	0.00
Core	CPU	C1%	C3%	C6%	C8%	C9%
-	-	1.70	15.20	43.37	1.26	0.00
0	0	2.83	18.67	31.10	0.78	0.00
0	4	1.16	14.71	45.67	1.57	0.00
1	1	1.66	15.88	43.32	0.78	0.00
1	5	1.42	14.14	46.85	1.57	0.00
2	2	1.97	15.08	44.12	0.70	0.00
2	6	1.68	14.45	44.53	2.10	0.00
3	3	1.48	15.31	41.42	1.06	0.00
3	7	1.42	13.37	50.01	1.54	0.00
Core	CPU	C1%	C3%	C6%	C8%	C9%
-	-	1.54	13.25	44.54	2.13	0.00
0	0	2.16	15.02	37.39	0.85	0.00
0	4	1.29	11.59	48.47	1.35	0.00
1	1	1.24	13.57	45.83	1.86	0.01
1	5	1.50	13.67	45.07	0.95	0.00
2	2	1.40	12.41	43.71	5.22	0.00
2	6	2.38	14.50	35.91	1.81	0.01
3	3	0.88	12.17	52.05	2.98	0.00
3	7	1.46	13.07	47.93	2.02	0.00
Core	CPU	C1%	C3%	C6%	C8%	C9%
-	-	1.66	14.76	43.29	1.87	0.00
0	0	2.31	17.95	34.92	0.61	0.00
0	4	1.34	13.13	46.55	2.65	0.00
1	1	1.33	15.72	41.98	0.96	0.00
1	5	1.64	14.14	41.94	1.83	0.00
2	2	1.46	14.14	45.96	3.35	0.00
2	6	2.58	15.23	38.71	2.83	0.00
3	3	1.18	14.47	48.16	1.45	0.00
3	7	1.44	13.31	48.13	1.29	0.00
Core	CPU	C1%	C3%	C6%	C8%	C9%
-	-	1.15	13.97	46.24	2.55	0.01
0	0	1.53	14.94	38.72	2.66	0.00
0	4	0.98	13.44	49.18	2.30	0.00
1	1	1.02	13.44	50.02	2.83	0.00
1	5	1.21	13.07	46.64	2.08	0.00
2	2	1.16	13.32	46.53	1.90	0.00
2	6	1.16	15.89	42.99	2.48	0.07
3	3	0.84	13.83	48.53	4.27	0.00
3	7	1.32	13.77	47.30	1.88	0.00
Core	CPU	C1%	C3%	C6%	C8%	C9%
-	-	1.50	14.96	42.60	2.25	0.00
0	0	2.18	17.61	33.11	0.74	0.00
0	4	0.83	13.84	48.39	2.83	0.00
1	1	1.61	14.93	43.62	1.93	0.00
1	5	2.06	14.80	42.12	2.40	0.00
2	2	1.19	14.29	43.77	1.47	0.00
2	6	1.80	15.48	41.24	1.81	0.00
3	3	1.20	13.16	46.85	3.16	0.00
3	7	1.10	15.60	41.74	3.67	0.00
Core	CPU	C1%	C3%	C6%	C8%	C9%
-	-	4.30	14.72	37.54	1.59	0.01
0	0	7.42	15.88	28.31	2.29	0.00
0	4	3.23	14.47	39.08	1.82	0.00
1	1	3.78	15.41	38.95	1.18	0.00
1	5	3.59	13.38	42.36	1.91	0.00
2	2	4.11	15.00	37.92	1.14	0.00
2	6	4.04	14.49	38.06	1.58	0.05
3	3	3.93	13.78	39.69	1.18	0.00
3	7	4.26	15.29	35.90	1.60	0.00
Core	CPU	C1%	C3%	C6%	C8%	C9%
-	-	1.61	16.18	41.17	1.44	0.01
0	0	2.56	18.05	30.54	0.78	0.06
0	4	1.39	14.34	45.80	2.89	0.00
1	1	1.17	16.66	42.63	0.47	0.00
1	5	1.58	16.18	41.46	1.08	0.00
2	2	1.99	16.64	37.73	2.63	0.00
2	6	1.47	16.18	43.11	1.13	0.00
3	3	1.06	15.47	45.60	2.18	0.00
3	7	1.68	15.91	42.56	0.40	0.00
Core	CPU	C1%	C3%	C6%	C8%	C9%
-	-	2.17	8.18	45.39	17.01	0.01
0	0	2.67	10.16	60.34	4.63	0.00
0	4	1.70	6.30	48.00	25.16	0.00
1	1	2.33	9.91	43.16	22.15	0.00
1	5	1.83	5.07	24.17	1.20	0.00
2	2	2.22	7.84	42.83	27.15	0.00
2	6	2.17	9.18	48.36	14.30	0.07
3	3	2.25	9.69	48.95	18.33	0.00
3	7	2.18	7.32	47.29	23.18	0.00
Core	CPU	C1%	C3%	C6%	C8%	C9%
-	-	1.62	16.13	40.94	1.63	0.00
0	0	2.42	16.89	36.04	1.71	0.00
0	4	1.29	15.44	43.83	2.35	0.00
1	1	1.38	14.56	44.14	2.20	0.00
1	5	1.54	15.49	43.65	1.01	0.00
2	2	1.42	15.49	41.26	1.63	0.00
2	6	1.96	18.27	34.10	0.90	0.00
3	3	1.52	17.41	39.71	1.02	0.00
3	7	1.40	15.48	44.78	2.19	0.00
Core	CPU	C1%	C3%	C6%	C8%	C9%
-	-	1.72	16.65	41.38	0.89	0.00
0	0	2.69	19.41	32.68	0.64	0.00
0	4	1.43	16.89	39.65	0.92	0.00
1	1	1.42	16.05	43.73	1.00	0.00
1	5	1.72	15.32	45.38	1.27	0.00
2	2	1.33	16.48	43.16	0.81	0.00
2	6	2.19	16.60	39.31	0.13	0.00
3	3	1.79	16.95	40.72	0.15	0.00
3	7	1.20	15.53	46.41	2.16	0.00
Core	CPU	C1%	C3%	C6%	C8%	C9%
-	-	1.75	15.28	42.93	1.26	0.04
0	0	3.38	16.32	32.04	0.86	0.00
0	4	1.19	12.74	49.53	3.28	0.00
1	1	1.90	15.13	45.21	0.65	0.00
1	5	1.81	15.52	43.56	1.78	0.00
2	2	1.52	16.12	42.10	0.90	0.00
2	6	1.54	16.18	41.11	0.38	0.30
3	3	1.37	14.75	46.62	1.70	0.00
3	7	1.31	15.46	43.24	0.49	0.00
Core	CPU	C1%	C3%	C6%	C8%	C9%
-	-	1.77	14.01	44.39	1.74	0.00
0	0	2.78	15.88	38.34	0.89	0.00
0	4	1.67	13.13	48.13	1.10	0.00
1	1	1.48	15.00	44.90	1.44	0.00
1	5	1.59	13.44	47.68	1.66	0.00
2	2	1.73	13.41	44.44	2.85	0.00
2	6	1.56	12.75	44.21	1.73	0.00
3	3	1.89	15.38	40.77	2.61	0.00
3	7	1.44	13.06	46.64	1.60	0.00
Core	CPU	C1%	C3%	C6%	C8%	C9%
-	-	1.56	14.10	44.00	2.63	0.08
0	0	2.81	17.45	34.31	0.47	0.00
0	4	1.30	11.52	47.79	2.90	0.00
1	1	1.68	14.57	44.20	1.20	0.00
1	5	0.98	12.57	49.60	2.66	0.00
2	2	1.38	14.94	43.31	4.71	0.20
2	6	2.18	14.90	43.97	3.14	0.43
3	3	1.17	13.62	45.28	1.67	0.00
3	7	0.99	13.29	43.55	4.34	0.00
Core	CPU	C1%	C3%	C6%	C8%	C9%
-	-	1.25	10.24	49.74	4.57	0.08
0	0	1.05	12.25	47.63	3.96	0.00
0	4	1.29	10.20	48.19	4.04	0.05
1	1	1.10	9.55	51.41	7.75	0.00
1	5	1.12	10.20	49.37	4.84	0.00
2	2	1.25	9.41	46.77	6.08	0.00
2	6	1.94	10.40	50.57	0.89	0.57
3	3	0.66	9.63	51.86	5.50	0.00
3	7	1.59	10.28	52.08	3.52	0.00
Core	CPU	C1%	C3%	C6%	C8%	C9%
-	-	1.05	10.24	48.74	5.77	0.04
0	0	1.34	11.21	42.71	6.42	0.00
0	4	0.68	9.64	48.81	5.06	0.00
1	1	1.69	9.83	49.82	5.12	0.00
1	5	1.27	10.92	51.06	3.68	0.21
2	2	0.50	9.89	52.12	5.03	0.00
2	6	1.04	10.77	46.76	5.85	0.00
3	3	0.93	9.39	47.87	7.81	0.10
3	7	0.92	10.28	50.76	7.18	0.00
Core	CPU	C1%	C3%	C6%	C8%	C9%
-	-	1.86	9.63	50.63	5.18	0.08
0	0	2.06	11.14	50.05	3.46	0.00
0	4	1.43	9.47	52.11	5.43	0.00
1	1	2.11	8.75	50.37	6.36	0.00
1	5	1.66	10.29	52.30	5.72	0.13
2	2	0.94	7.85	48.44	7.51	0.00
2	6	1.89	10.10	50.66	5.07	0.30
3	3	2.06	9.48	52.71	4.44	0.00
3	7	2.74	9.95	48.39	3.42	0.24
Core	CPU	C1%	C3%	C6%	C8%	C9%
-	-	1.00	8.09	49.79	6.96	0.00
0	0	1.34	9.88	51.06	3.88	0.00
0	4	0.60	6.99	49.03	8.64	0.00
1	1	0.72	7.29	45.93	6.59	0.00
1	5	1.48	9.22	48.17	7.50	0.00
2	2	0.70	8.19	55.26	4.87	0.00
2	6	1.19	8.71	47.46	9.30	0.00
3	3	1.11	8.50	52.24	6.42	0.00
3	7	0.88	5.95	49.20	8.44	0.00
Core	CPU	C1%	C3%	C6%	C8%	C9%
-	-	0.71	7.17	53.58	7.91	0.01
0	0	0.68	9.05	49.24	6.46	0.00
0	4	0.44	6.96	54.51	8.70	0.00
1	1	0.31	6.61	55.66	6.42	0.00
1	5	0.86	7.52	53.71	8.52	0.07
2	2	0.90	6.45	52.84	9.87	0.00
2	6	0.64	6.85	58.69	5.80	0.00
3	3	0.76	6.67	51.34	9.01	0.00
3	7	1.11	7.22	52.65	8.47	0.00
Core	CPU	C1%	C3%	C6%	C8%	C9%
-	-	0.74	7.80	53.52	6.49	0.03
0	0	1.24	9.40	47.72	4.83	0.04
0	4	0.53	7.55	51.22	8.05	0.12
1	1	0.52	8.10	52.70	9.63	0.00
1	5	0.66	6.72	56.74	6.85	0.00
2	2	0.88	7.08	54.35	6.20	0.04
2	6	0.82	7.75	51.67	6.70	0.00
3	3	0.70	7.95	56.64	6.82	0.00
3	7	0.58	7.83	57.10	2.86	0.00
Core	CPU	C1%	C3%	C6%	C8%	C9%
-	-	0.86	6.84	52.70	7.64	0.01
0	0	1.29	8.04	49.81	7.73	0.00
0	4	0.78	7.19	50.57	9.30	0.00
1	1	1.13	6.74	53.19	6.11	0.00
1	5	0.81	6.69	56.69	4.85	0.00
2	2	0.88	6.09	54.98	8.45	0.00
2	6	0.66	6.53	51.05	8.12	0.00
3	3	0.69	6.73	55.28	7.80	0.00
3	7	0.63	6.72	50.33	8.82	0.11
Core	CPU	C1%	C3%	C6%	C8%	C9%
-	-	1.63	11.44	48.23	3.29	0.03
0	0	1.95	12.98	45.79	2.38	0.00
0	4	1.71	10.98	47.40	3.85	0.00
1	1	1.97	10.65	49.23	3.53	0.00
1	5	0.84	10.97	50.91	4.30	0.00
2	2	1.84	11.59	47.24	4.04	0.00
2	6	2.07	10.95	48.81	2.73	0.11
3	3	1.75	13.39	48.97	1.35	0.00
3	7	0.92	9.94	47.23	4.10	0.11
Core	CPU	C1%	C3%	C6%	C8%	C9%
-	-	1.40	14.69	45.20	2.33	0.00
0	0	1.99	15.53	40.36	1.41	0.00
0	4	1.00	15.10	46.50	1.42	0.00
1	1	1.14	15.08	46.34	3.01	0.00
1	5	1.34	13.76	50.31	2.29	0.00
2	2	1.69	14.95	45.18	1.03	0.00
2	6	1.41	15.42	41.15	3.23	0.00
3	3	1.58	14.57	44.95	2.08	0.00
3	7	1.05	13.16	47.12	4.19	0.00
Core	CPU	C1%	C3%	C6%	C8%	C9%
-	-	1.06	10.78	49.57	4.91	0.00
0	0	1.16	13.04	45.52	4.18	0.00
0	4	0.75	9.38	53.19	6.24	0.01
1	1	0.82	10.10	49.87	6.35	0.01
1	5	1.19	10.63	50.71	4.54	0.00
2	2	0.83	10.95	50.48	4.70	0.00
2	6	1.30	11.11	47.63	3.55	0.00
3	3	1.65	10.98	46.15	4.87	0.00
3	7	0.76	9.94	52.68	4.79	0.00
Core	CPU	C1%	C3%	C6%	C8%	C9%
-	-	1.22	12.57	47.36	2.84	0.00
0	0	1.86	14.98	39.52	1.38	0.00
0	4	0.98	10.42	48.83	3.47	0.00
1	1	1.26	13.94	45.03	2.51	0.00
1	5	1.16	12.82	51.48	2.57	0.00
2	2	0.75	11.16	49.67	3.99	0.00
2	6	1.59	12.11	45.92	4.25	0.00
3	3	1.31	13.42	46.35	2.20	0.00
3	7	0.88	11.90	52.80	2.40	0.00
Core	CPU	C1%	C3%	C6%	C8%	C9%
-	-	6.37	12.36	39.28	2.31	0.00
0	0	11.09	12.20	32.84	0.75	0.00
0	4	4.43	11.35	40.54	3.19	0.00
1	1	6.03	12.10	38.12	2.21	0.00
1	5	6.42	13.11	38.69	2.86	0.00
2	2	5.72	13.19	39.83	2.26	0.00
2	6	5.94	12.08	39.99	2.49	0.00
3	3	5.27	12.98	40.02	2.33	0.00
3	7	5.93	11.62	43.56	2.38	0.00
Core	CPU	C1%	C3%	C6%	C8%	C9%
-	-	2.55	11.28	46.66	4.08	0.00
0	0	4.34	13.79	40.66	2.73	0.00
0	4	1.95	9.54	49.40	5.69	0.00
1	1	3.01	10.27	43.95	5.24	0.00
1	5	1.72	11.35	46.75	5.10	0.00
2	2	2.41	12.01	47.27	2.16	0.00
2	6	2.32	11.22	49.39	3.80	0.00
3	3	2.70	11.75	48.92	2.60	0.00
3	7	1.95	10.34	47.04	5.32	0.00
Core	CPU	C1%	C3%	C6%	C8%	C9%
-	-	2.05	5.97	32.83	30.79	0.07
0	0	4.17	7.22	39.04	28.38	0.00
0	4	2.46	5.45	37.57	36.49	0.00
1	1	1.63	7.54	37.61	35.69	0.00
1	5	1.96	4.82	22.05	2.19	0.04
2	2	1.62	6.28	30.92	42.76	0.00
2	6	1.58	4.52	25.04	22.35	0.00
3	3	1.93	7.05	37.92	34.30	0.00
3	7	1.08	4.86	32.42	44.10	0.50
Core	CPU	C1%	C3%	C6%	C8%	C9%
-	-	2.14	11.50	47.33	4.97	0.00
0	0	3.53	12.81	43.48	4.96	0.00
0	4	1.39	9.73	52.17	5.61	0.00
1	1	1.93	11.19	46.92	5.69	0.00
1	5	1.68	10.79	51.31	4.39	0.00
2	2	1.45	9.95	50.07	6.77	0.00
2	6	3.16	14.05	40.97	2.02	0.03
3	3	2.09	11.12	47.39	5.39	0.00
3	7	1.92	12.41	46.43	4.93	0.00
Core	CPU	C1%	C3%	C6%	C8%	C9%
-	-	0.83	10.76	51.38	6.00	0.00
0	0	1.40	12.30	48.64	4.11	0.00
0	4	0.33	9.97	55.80	6.65	0.00
1	1	0.89	10.80	50.61	7.23	0.00
1	5	0.70	9.56	49.65	7.50	0.00
2	2	0.30	9.95	53.17	6.92	0.00
2	6	0.92	12.35	49.45	4.17	0.02
3	3	0.70	10.81	49.05	6.71	0.00
3	7	1.39	10.30	54.65	4.68	0.00
Core	CPU	C1%	C3%	C6%	C8%	C9%
-	-	1.62	10.13	49.43	6.05	0.09
0	0	1.90	12.61	44.61	2.65	0.00
0	4	1.28	9.67	48.38	7.18	0.00
1	1	1.96	9.57	48.75	6.88	0.00
1	5	1.66	9.73	49.06	6.95	0.00
2	2	1.44	10.01	51.96	6.59	0.00
2	6	2.35	10.77	46.03	7.42	0.70
3	3	1.06	9.04	53.91	5.10	0.00
3	7	1.26	9.62	52.77	5.64	0.00
Core	CPU	C1%	C3%	C6%	C8%	C9%
-	-	0.99	9.10	51.47	5.55	0.00
0	0	1.52	10.76	49.13	6.41	0.00
0	4	0.57	8.16	49.54	7.41	0.02
1	1	1.21	9.08	51.47	5.73	0.00
1	5	1.57	8.53	54.11	4.76	0.00
2	2	1.38	9.64	51.71	3.30	0.00
2	6	0.46	8.82	47.12	5.53	0.01
3	3	0.68	8.77	54.73	5.92	0.00
3	7	0.55	9.08	53.92	5.38	0.00
Core	CPU	C1%	C3%	C6%	C8%	C9%
-	-	1.01	7.22	52.47	9.48	0.05
0	0	1.37	8.89	52.14	6.55	0.30
0	4	0.56	6.44	54.08	12.36	0.00
1	1	1.18	7.89	53.68	6.20	0.00
1	5	1.20	6.39	53.96	6.86	0.00
2	2	1.28	7.30	52.64	8.29	0.00
2	6	1.02	8.73	50.07	8.78	0.08
3	3	0.85	5.84	50.59	13.00	0.00
3	7	0.66	6.31	52.76	13.85	0.00
Core	CPU	C1%	C3%	C6%	C8%	C9%
-	-	0.98	7.68	53.13	8.52	0.01
0	0	1.24	8.96	51.43	4.85	0.00
0	4	1.17	6.41	52.24	11.44	0.00
1	1	0.45	7.51	54.44	10.94	0.00
1	5	0.53	7.35	51.95	11.00	0.01
2	2	0.88	7.18	57.15	5.57	0.00
2	6	1.30	9.85	52.18	5.90	0.08
3	3	0.98	7.66	54.68	7.36	0.00
3	7	1.26	6.51	50.96	11.09	0.00
Core	CPU	C1%	C3%	C6%	C8%	C9%
-	-	1.07	8.12	51.17	6.66	0.00
0	0	1.53	10.12	52.30	3.50	0.00
0	4	0.71	7.17	51.90	8.74	0.00
1	1	0.89	8.13	52.02	8.14	0.00
1	5	0.92	7.43	51.27	9.19	0.00
2	2	0.98	7.39	48.66	7.40	0.00
2	6	1.32	8.60	50.68	5.06	0.00
3	3	0.91	7.58	49.54	7.31	0.00
3	7	1.27	8.51	52.85	3.92	0.00
Core	CPU	C1%	C3%	C6%	C8%	C9%
-	-	0.78	6.99	54.30	7.80	0.01
0	0	1.28	9.56	51.70	6.02	0.00
0	4	0.62	5.71	56.67	11.30	0.00
1	1	0.72	7.98	54.21	6.09	0.00
1	5	0.50	5.58	49.36	10.83	0.00
2	2	0.95	6.81	59.92	8.24	0.00
2	6	0.46	6.46	56.42	8.10	0.11
3	3	1.03	7.29	56.72	4.43	0.00
3	7	0.66	6.57	49.87	7.47	0.00
Core	CPU	C1%	C3%	C6%	C8%	C9%
-	-	0.70	6.62	53.60	9.44	0.00
0	0	1.08	8.32	52.89	6.50	0.00
0	4	0.44	7.02	53.24	8.66	0.00
1	1	1.20	7.87	58.17	5.63	0.00
1	5	0.93	5.05	47.07	13.67	0.00
2	2	0.55	6.75	55.27	6.37	0.04
2	6	0.49	5.97	52.94	12.67	0.00
3	3	0.44	5.71	52.18	12.52	0.00
3	7	0.43	6.17	56.57	9.40	0.00
Core	CPU	C1%	C3%	C6%	C8%	C9%
-	-	0.79	7.70	54.10	7.11	0.07
0	0	0.80	9.01	53.02	5.48	0.00
0	4	0.43	6.56	53.13	7.95	0.12
1	1	0.66	8.62	55.06	4.37	0.00
1	5	0.57	6.47	52.78	7.67	0.00
2	2	1.12	8.24	51.93	6.42	0.16
2	6	0.75	8.19	54.82	13.03	0.00
3	3	0.50	7.66	54.60	5.79	0.00
3	7	1.47	6.86	57.60	6.15	0.32
Core	CPU	C1%	C3%	C6%	C8%	C9%
-	-	0.90	8.51	52.70	6.64	0.03
0	0	1.24	10.12	51.28	4.16	0.00
0	4	0.43	6.75	52.03	9.00	0.00
1	1	1.02	9.46	54.38	5.90	0.00
1	5	1.10	8.01	52.13	8.48	0.00
2	2	1.22	8.10	50.86	7.40	0.01
2	6	0.91	8.84	50.45	6.02	0.25
3	3	0.59	8.04	53.54	6.31	0.00
3	7	0.70	8.73	56.81	5.82	0.00
Core	CPU	C1%	C3%	C6%	C8%	C9%
-	-	0.85	8.25	53.57	6.60	0.01
0	0	1.47	10.54	51.49	5.16	0.00
0	4	0.53	6.35	49.77	8.70	0.00
1	1	0.73	9.25	55.86	3.94	0.01
1	5	0.97	8.47	50.82	5.94	0.06
2	2	0.78	8.07	60.16	5.40	0.00
2	6	0.78	7.77	52.03	8.89	0.03
3	3	0.95	7.64	53.33	8.51	0.00
3	7	0.62	7.98	55.66	6.30	0.00
Core	CPU	C1%	C3%	C6%	C8%	C9%
-	-	1.08	8.68	49.83	7.14	0.09
0	0	0.97	9.57	47.78	6.28	0.01
0	4	0.82	8.68	50.68	7.27	0.00
1	1	1.29	7.21	46.54	11.25	0.00
1	5	0.82	9.46	50.85	6.72	0.00
2	2	0.77	7.95	53.36	7.75	0.00
2	6	1.03	10.90	49.04	5.12	0.68
3	3	1.54	8.38	47.53	8.07	0.00
3	7	1.40	7.29	53.09	4.67	0.00
Core	CPU	C1%	C3%	C6%	C8%	C9%
-	-	0.96	10.02	53.12	5.66	0.00
0	0	1.14	11.76	43.92	5.38	0.00
0	4	0.75	8.42	56.30	6.30	0.00
1	1	0.82	10.09	55.43	6.90	0.00
1	5	0.70	9.90	56.66	4.06	0.00
2	2	1.20	10.56	52.19	5.54	0.00
2	6	0.86	9.69	53.67	7.86	0.00
3	3	1.18	10.04	49.42	3.93	0.00
3	7	1.01	9.55	56.42	5.24	0.00
Core	CPU	C1%	C3%	C6%	C8%	C9%
-	-	1.00	9.29	52.57	5.64	0.06
0	0	0.92	11.13	52.02	3.36	0.00
0	4	1.11	8.32	53.88	4.22	0.00
1	1	0.95	9.46	52.14	5.02	0.00
1	5	1.13	8.44	57.80	3.93	0.01
2	2	0.92	11.21	51.51	4.21	0.00
2	6	0.68	8.47	53.35	9.33	0.00
3	3	1.22	8.31	50.63	6.32	0.00
3	7	1.11	9.00	49.26	8.76	0.51
Core	CPU	C1%	C3%	C6%	C8%	C9%
-	-	1.83	9.72	49.15	4.74	0.03
0	0	3.37	11.42	43.89	3.03	0.22
0	4	1.38	8.94	50.50	4.39	0.00
1	1	1.81	10.15	49.58	5.11	0.00
1	5	1.70	9.35	47.09	6.53	0.00
2	2	1.43	9.49	52.07	5.27	0.00
2	6	2.03	9.03	45.31	3.92	0.00
3	3	1.19	10.74	50.88	5.33	0.00
3	7	1.76	8.63	53.99	4.32	0.00
Core	CPU	C1%	C3%	C6%	C8%	C9%
-	-	0.87	8.50	53.76	6.47	0.00
0	0	0.83	9.99	52.71	3.45	0.00
0	4	0.54	7.93	57.44	9.89	0.00
1	1	1.36	8.46	55.09	7.20	0.00
1	5	0.55	7.72	57.93	4.38	0.00
2	2	0.89	6.75	51.25	7.14	0.00
2	6	0.63	8.89	51.14	7.11	0.00
3	3	0.82	8.49	51.27	7.16	0.00
3	7	1.30	9.78	53.39	5.45	0.00
Core	CPU	C1%	C3%	C6%	C8%	C9%
-	-	0.81	8.38	53.95	6.93	0.03
0	0	0.97	10.52	52.21	3.86	0.00
0	4	0.61	6.70	58.64	7.95	0.00
1	1	0.78	9.11	54.95	3.76	0.00
1	5	0.71	7.32	53.87	8.39	0.11
2	2	0.70	7.39	54.09	7.28	0.00
2	6	0.71	9.08	53.44	8.25	0.14
3	3	1.17	8.74	50.92	7.16	0.00
3	7	0.79	8.20	53.32	8.80	0.00
Core	CPU	C1%	C3%	C6%	C8%	C9%
-	-	1.06	8.48	51.80	6.43	0.08
0	0	1.70	9.41	48.65	3.86	0.00
0	4	0.63	7.18	50.46	8.14	0.00
1	1	0.86	8.66	51.77	7.22	0.00
1	5	0.84	8.15	52.92	6.81	0.00
2	2	0.93	9.62	50.54	4.90	0.00
2	6	0.67	7.81	53.69	7.69	0.60
3	3	1.19	7.78	54.65	7.92	0.00
3	7	1.67	9.31	52.07	4.95	0.00
Core	CPU	C1%	C3%	C6%	C8%	C9%
-	-	1.00	10.21	54.02	4.97	0.01
0	0	1.50	11.63	49.46	1.90	0.00
0	4	0.50	8.97	53.89	4.92	0.08
1	1	0.66	9.98	51.36	7.49	0.00
1	5	1.03	9.68	56.08	5.67	0.00
2	2	0.97	10.59	55.85	4.35	0.00
2	6	1.38	10.15	52.98	7.31	0.00
3	3	1.10	10.09	55.64	4.83	0.00
3	7	0.83	10.56	56.65	3.26	0.00
Core	CPU	C1%	C3%	C6%	C8%	C9%
-	-	1.03	10.61	51.20	4.42	0.00
0	0	1.54	11.31	46.87	2.71	0.00
0	4	0.69	12.16	49.30	3.84	0.00
1	1	0.93	10.19	54.17	4.31	0.00
1	5	1.11	10.84	47.52	3.42	0.00
2	2	1.03	10.67	52.99	5.08	0.00
2	6	0.97	10.20	51.76	4.50	0.00
3	3	0.99	10.33	51.38	5.39	0.00
3	7	1.01	9.18	55.47	6.10	0.00
Core	CPU	C1%	C3%	C6%	C8%	C9%
-	-	0.94	8.94	52.54	6.73	0.03
0	0	1.76	10.89	48.42	4.54	0.00
0	4	0.56	7.83	56.37	5.21	0.00
1	1	0.78	9.76	53.75	5.13	0.00
1	5	0.86	8.65	50.50	7.68	0.00
2	2	0.68	6.94	55.75	8.95	0.00
2	6	1.01	9.78	51.92	5.27	0.14
3	3	0.70	7.73	50.90	10.36	0.11
3	7	1.17	9.92	52.67	6.68	0.00
Core	CPU	C1%	C3%	C6%	C8%	C9%
-	-	0.93	9.22	52.99	5.74	0.04
0	0	1.85	10.20	50.46	3.90	0.00
0	4	0.58	8.06	53.76	9.25	0.10
1	1	0.64	10.15	56.02	3.42	0.00
1	5	0.62	8.45	48.92	8.99	0.00
2	2	1.11	9.51	54.13	4.53	0.00
2	6	0.97	9.49	54.20	4.04	0.17
3	3	1.14	8.48	54.22	6.08	0.03
3	7	0.55	9.38	52.26	5.67	0.00
Core	CPU	C1%	C3%	C6%	C8%	C9%
-	-	1.59	8.44	51.59	6.56	0.03
0	0	2.06	9.69	50.50	5.34	0.00
0	4	1.78	7.06	48.13	6.10	0.00
1	1	1.82	8.83	50.23	7.09	0.00
1	5	1.22	7.14	54.13	7.91	0.00
2	2	1.03	7.63	55.00	6.97	0.00
2	6	1.60	10.71	50.81	4.28	0.23
3	3	1.71	8.30	53.18	7.28	0.00
3	7	1.54	8.24	51.28	7.60	0.00
Core	CPU	C1%	C3%	C6%	C8%	C9%
-	-	1.31	7.84	53.13	7.26	0.01
0	0	1.20	8.98	52.62	5.41	0.00
0	4	1.35	7.72	57.37	6.58	0.00
1	1	1.65	7.71	55.70	8.01	0.00
1	5	1.31	7.51	53.14	5.81	0.00
2	2	1.27	6.97	52.20	8.51	0.09
2	6	1.10	9.58	50.27	7.04	0.00
3	3	1.05	6.76	50.97	9.20	0.01
3	7	1.54	7.44	52.22	7.48	0.00
Core	CPU	C1%	C3%	C6%	C8%	C9%
-	-	1.00	5.31	34.96	33.55	0.00
0	0	1.07	8.40	44.82	28.98	0.00
0	4	1.02	5.49	46.52	32.22	0.00
1	1	0.38	3.98	22.74	4.76	0.00
1	5	1.24	5.19	26.68	31.78	0.00
2	2	0.48	4.45	31.41	50.63	0.00
2	6	1.13	5.45	32.62	41.21	0.00
3	3	2.18	5.46	37.91	38.32	0.00
3	7	0.54	4.15	37.64	41.14	0.00
Core	CPU	C1%	C3%	C6%	C8%	C9%
-	-	1.00	10.77	48.27	5.45	0.00
0	0	1.51	11.77	47.45	2.81	0.00
0	4	0.85	10.17	50.08	3.73	0.00
1	1	0.80	9.45	50.41	4.95	0.00
1	5	1.04	10.82	49.00	4.73	0.00
2	2	0.95	10.99	48.70	4.11	0.00
2	6	0.98	12.82	42.49	4.99	0.03
3	3	1.02	9.87	45.40	9.63	0.00
3	7	0.80	10.04	51.60	8.55	0.00
Core	CPU	C1%	C3%	C6%	C8%	C9%
-	-	0.83	7.13	53.43	7.47	0.08
0	0	1.42	7.17	47.18	8.05	0.00
0	4	0.65	6.85	59.28	5.31	0.00
1	1	0.66	8.17	54.04	5.56	0.00
1	5	0.43	6.73	57.59	10.23	0.00
2	2	0.57	6.96	54.37	7.33	0.00
2	6	0.90	6.94	52.92	6.63	0.48
3	3	0.77	6.42	48.31	10.15	0.20
3	7	1.20	7.79	53.79	6.50	0.00
Core	CPU	C1%	C3%	C6%	C8%	C9%
-	-	1.19	10.49	49.60	5.17	0.15
0	0	2.10	13.25	45.61	3.09	0.00
0	4	0.66	9.73	51.01	7.37	0.97
1	1	1.19	9.07	46.03	7.10	0.00
1	5	0.98	10.16	54.53	3.33	0.00
2	2	1.39	10.34	45.48	9.09	0.00
2	6	1.14	10.85	50.75	3.19	0.19
3	3	0.96	10.35	52.64	3.08	0.06
3	7	1.07	10.15	50.80	5.09	0.00
Core	CPU	C1%	C3%	C6%	C8%	C9%
-	-	0.81	7.79	54.93	7.15	0.05
0	0	1.22	9.24	55.77	4.14	0.01
0	4	0.36	6.68	52.57	8.83	0.00
1	1	0.41	8.17	57.96	7.86	0.00
1	5	0.78	6.87	52.53	10.29	0.00
2	2	0.51	7.85	58.85	7.37	0.00
2	6	1.08	8.41	51.69	8.54	0.11
3	3	1.07	7.90	54.33	5.85	0.00
3	7	1.08	7.21	55.70	4.29	0.25
Core	CPU	C1%	C3%	C6%	C8%	C9%
-	-	0.94	10.43	50.57	5.58	0.12
0	0	0.71	10.37	50.71	4.58	0.00
0	4	0.65	9.44	52.51	8.21	0.00
1	1	1.25	9.14	53.87	5.78	0.00
1	5	0.99	10.65	49.63	5.43	0.00
2	2	1.09	9.97	49.99	5.21	0.00
2	6	1.49	13.40	43.64	4.09	0.92
3	3	0.56	10.00	51.80	6.18	0.00
3	7	0.78	10.47	52.42	5.17	0.00
Core	CPU	C1%	C3%	C6%	C8%	C9%
-	-	0.68	7.94	53.32	7.94	0.08
0	0	0.74	8.89	53.48	5.88	0.00
0	4	0.22	6.78	54.65	9.12	0.00
1	1	0.55	7.69	51.06	7.98	0.00
1	5	0.60	7.09	55.56	11.08	0.00
2	2	0.72	8.48	55.13	5.32	0.00
2	6	1.08	9.34	48.35	8.80	0.65
3	3	0.69	7.94	57.84	7.84	0.01
3	7	0.87	7.36	50.66	7.53	0.00
Core	CPU	C1%	C3%	C6%	C8%	C9%
-	-	0.57	7.78	52.86	9.52	0.06
0	0	0.54	8.85	54.37	7.59	0.00
0	4	0.13	6.82	50.83	12.42	0.00
1	1	0.50	7.76	60.12	5.67	0.00
1	5	0.44	7.96	54.78	8.86	0.00
2	2	0.47	6.89	50.56	12.58	0.00
2	6	0.64	9.82	48.27	8.19	0.50
3	3	0.91	7.32	50.89	9.14	0.00
3	7	0.92	6.93	53.55	11.80	0.00
Core	CPU	C1%	C3%	C6%	C8%	C9%
-	-	0.75	7.87	52.39	8.06	0.02
0	0	1.05	8.94	51.01	8.53	0.01
0	4	0.52	6.01	52.85	7.98	0.00
1	1	0.86	7.38	52.43	8.94	0.00
1	5	0.91	7.83	50.12	8.76	0.14
2	2	0.68	6.34	52.36	8.09	0.00
2	6	0.67	10.77	53.16	5.08	0.00
3	3	0.66	9.13	54.23	5.95	0.00
3	7	0.61	6.45	52.31	11.07	0.00
Core	CPU	C1%	C3%	C6%	C8%	C9%
-	-	0.88	9.14	54.22	5.61	0.00
0	0	1.41	9.73	50.54	4.30	0.00
0	4	1.05	8.19	55.75	6.69	0.01
1	1	0.70	9.46	50.56	7.87	0.00
1	5	0.81	8.17	55.66	6.49	0.00
2	2	0.67	8.88	56.36	4.54	0.00
2	6	1.00	10.14	57.65	3.89	0.00
3	3	0.88	10.55	54.41	3.33	0.00
3	7	0.54	8.07	53.01	7.83	0.00
Core	CPU	C1%	C3%	C6%	C8%	C9%
-	-	1.23	12.59	50.17	3.67	0.00
0	0	1.96	14.55	44.20	2.62	0.00
0	4	0.70	11.87	50.83	3.86	0.00
1	1	0.81	11.90	51.55	3.90	0.00
1	5	1.42	13.09	51.00	5.12	0.00
2	2	1.48	12.12	49.70	3.63	0.00
2	6	1.41	12.93	48.03	4.78	0.00
3	3	1.40	12.19	50.57	3.20	0.00
3	7	0.63	12.04	55.41	2.23	0.00
Core	CPU	C1%	C3%	C6%	C8%	C9%
-	-	1.78	16.62	39.80	1.63	0.00
0	0	2.63	17.65	31.19	0.39	0.00
0	4	1.04	15.61	44.43	2.15	0.00
1	1	1.77	15.76	41.85	1.03	0.00
1	5	1.43	15.06	42.18	2.22	0.00
2	2	1.60	18.08	41.13	1.82	0.00
2	6	2.51	17.40	34.29	1.75	0.00
3	3	1.94	17.49	39.70	1.29	0.00
3	7	1.32	15.88	43.60	2.40	0.00
Core	CPU	C1%	C3%	C6%	C8%	C9%
-	-	1.75	13.76	44.05	3.15	0.01
0	0	3.13	14.43	38.56	2.84	0.03
0	4	1.23	13.24	46.68	4.03	0.00
1	1	1.56	12.73	47.75	3.77	0.00
1	5	1.73	13.63	46.79	2.42	0.00
2	2	1.52	14.08	46.44	2.58	0.00
2	6	1.36	15.57	40.36	2.39	0.03
3	3	1.92	13.89	43.76	3.45	0.00
3	7	1.58	12.54	42.12	3.75	0.00
Core	CPU	C1%	C3%	C6%	C8%	C9%
-	-	1.40	12.17	46.29	3.93	0.01
0	0	2.23	14.88	38.00	2.87	0.00
0	4	0.88	10.36	49.59	2.43	0.00
1	1	1.22	12.71	51.89	3.19	0.00
1	5	1.68	12.44	44.88	3.14	0.00
2	2	1.00	11.52	47.95	4.96	0.00
2	6	1.76	11.11	47.06	5.38	0.05
3	3	1.30	11.62	46.65	5.76	0.00
3	7	1.17	12.75	44.26	3.70	0.00
Core	CPU	C1%	C3%	C6%	C8%	C9%
-	-	1.27	9.23	50.95	5.38	0.00
0	0	2.32	9.90	44.55	2.82	0.00
0	4	0.91	8.21	56.91	4.11	0.00
1	1	1.14	9.20	51.39	4.89	0.00
1	5	0.79	8.88	52.92	5.66	0.00
2	2	1.30	9.20	52.12	5.54	0.00
2	6	1.05	9.27	49.32	7.44	0.02
3	3	1.02	8.67	52.02	8.10	0.00
3	7	1.63	10.49	48.49	4.45	0.00
Core	CPU	C1%	C3%	C6%	C8%	C9%
-	-	1.23	10.72	50.12	4.77	0.00
0	0	1.51	12.61	45.49	3.17	0.00
0	4	0.74	9.94	51.68	5.40	0.00
1	1	0.84	10.92	50.57	4.43	0.00
1	5	1.98	9.69	52.88	5.51	0.00
2	2	1.27	8.91	50.23	7.77	0.00
2	6	0.96	11.49	51.41	3.22	0.00
3	3	1.49	11.24	48.34	5.39	0.00
3	7	1.02	10.91	50.22	3.27	0.00
Core	CPU	C1%	C3%	C6%	C8%	C9%
-	-	1.05	9.17	53.93	5.68	0.09
0	0	1.15	11.43	50.88	1.56	0.00
0	4	0.63	8.56	54.59	7.71	0.00
1	1	1.36	7.19	57.55	7.48	0.00
1	5	1.04	9.10	55.90	6.20	0.00
2	2	0.81	9.47	52.32	6.80	0.00
2	6	1.31	9.12	50.60	6.22	0.71
3	3	0.88	8.55	53.33	5.54	0.01
3	7	1.25	9.95	56.37	3.96	0.00
Core	CPU	C1%	C3%	C6%	C8%	C9%
-	-	0.93	7.96	53.35	6.00	0.14
0	0	1.27	9.06	51.82	4.29	0.01
0	4	0.60	8.35	48.00	4.98	0.00
1	1	1.18	8.01	55.66	6.02	0.00
1	5	0.88	6.89	54.89	6.60	0.00
2	2	0.54	8.02	56.82	5.05	0.61
2	6	0.79	7.34	50.09	6.30	0.51
3	3	0.68	9.37	56.06	5.24	0.00
3	7	1.46	6.63	53.51	9.56	0.00
Core	CPU	C1%	C3%	C6%	C8%	C9%
-	-	0.81	8.18	53.13	6.62	0.00
0	0	1.02	10.73	50.71	3.90	0.00
0	4	0.86	7.45	52.68	6.11	0.00
1	1	0.60	8.22	53.60	5.66	0.00
1	5	0.54	7.65	52.37	8.15	0.00
2	2	0.83	8.44	55.78	6.03	0.00
2	6	0.67	7.54	53.97	9.51	0.00
3	3	1.16	8.11	52.30	6.67	0.00
3	7	0.84	7.30	53.52	6.92	0.00
Core	CPU	C1%	C3%	C6%	C8%	C9%
-	-	1.31	9.17	49.81	6.70	0.00
0	0	1.77	11.61	48.75	2.94	0.00
0	4	0.63	8.04	49.24	12.02	0.00
1	1	1.78	8.38	46.65	3.89	0.00
1	5	1.30	9.05	52.35	4.25	0.00
2	2	1.67	9.42	54.12	5.38	0.00
2	6	1.20	9.69	49.84	4.35	0.00
3	3	1.09	9.08	48.92	10.89	0.00
3	7	1.06	8.14	48.77	9.87	0.00
Core	CPU	C1%	C3%	C6%	C8%	C9%
-	-	0.83	8.32	53.79	5.44	0.00
0	0	1.48	9.98	49.85	2.99	0.00
0	4	0.27	7.43	52.14	7.73	0.00
1	1	0.87	8.34	54.25	5.94	0.00
1	5	0.51	8.51	53.16	6.61	0.00
2	2	0.67	7.77	54.67	7.60	0.00
2	6	1.26	8.25	52.66	4.20	0.00
3	3	0.86	8.73	55.73	4.04	0.00
3	7	0.73	7.54	57.73	4.43	0.00
Core	CPU	C1%	C3%	C6%	C8%	C9%
-	-	1.34	11.24	46.63	4.54	0.00
0	0	1.89	14.71	39.76	2.84	0.00
0	4	0.58	9.31	45.46	5.96	0.00
1	1	1.21	11.69	46.59	3.91	0.00
1	5	0.95	11.15	48.67	4.38	0.00
2	2	1.94	11.32	49.97	2.28	0.00
2	6	1.13	10.14	47.51	9.17	0.00
3	3	1.56	10.85	50.77	3.62	0.00
3	7	1.46	10.76	44.35	4.15	0.00
Core	CPU	C1%	C3%	C6%	C8%	C9%
-	-	1.55	13.20	45.76	1.94	0.00
0	0	2.46	14.81	39.53	1.08	0.00
0	4	0.77	10.09	49.77	3.85	0.00
1	1	1.27	14.91	46.17	1.57	0.00
1	5	1.44	14.33	45.81	1.21	0.00
2	2	1.66	13.68	45.66	1.93	0.00
2	6	1.68	13.46	47.98	1.51	0.00
3	3	1.75	12.21	44.59	1.94	0.00
3	7	1.38	12.23	46.98	2.47	0.00
Core	CPU	C1%	C3%	C6%	C8%	C9%
-	-	1.46	10.26	48.28	4.25	0.06
0	0	2.12	13.80	40.16	1.43	0.00
0	4	1.06	7.59	50.22	5.87	0.30
1	1	2.07	9.98	46.45	4.52	0.00
1	5	0.74	9.57	49.39	10.35	0.00
2	2	1.31	10.56	53.43	1.89	0.00
2	6	1.79	10.82	44.30	5.21	0.00
3	3	1.17	10.13	53.33	1.82	0.16
3	7	1.39	9.55	48.59	2.83	0.00
Core	CPU	C1%	C3%	C6%	C8%	C9%
-	-	4.68	12.61	41.47	1.95	0.00
0	0	5.36	15.00	33.98	1.62	0.00
0	4	4.60	10.22	47.51	2.34	0.00
1	1	4.64	12.09	41.50	2.43	0.00
1	5	4.50	13.06	44.82	3.16	0.00
2	2	4.35	13.27	39.38	1.78	0.00
2	6	4.76	11.77	42.05	2.00	0.00
3	3	4.42	12.50	42.79	1.92	0.00
3	7	4.81	12.97	39.69	0.39	0.00
Core	CPU	C1%	C3%	C6%	C8%	C9%
-	-	0.59	4.56	35.46	22.04	0.25
0	0	0.27	4.76	37.16	36.00	0.00
0	4	0.58	5.04	31.80	4.18	0.00
1	1	0.60	5.14	40.86	32.15	0.00
1	5	1.05	3.84	37.14	33.67	0.00
2	2	0.76	5.24	39.00	31.03	0.00
2	6	0.65	3.96	31.16	4.24	0.02
3	3	0.35	3.60	29.83	4.96	2.01
3	7	0.46	4.89	36.60	30.00	0.00
Core	CPU	C1%	C3%	C6%	C8%	C9%
-	-	1.43	7.41	42.43	11.12	0.11
0	0	2.30	9.95	41.84	14.95	0.00
0	4	0.96	6.52	39.67	6.06	0.00
1	1	1.22	7.46	49.75	13.64	0.00
1	5	1.24	7.28	43.44	20.98	0.31
2	2	2.12	6.56	41.03	4.92	0.00
2	6	1.23	7.05	44.04	2.45	0.00
3	3	0.85	7.04	39.94	4.17	0.59
3	7	1.52	7.48	39.88	21.81	0.00
Core	CPU	C1%	C3%	C6%	C8%	C9%
-	-	1.45	12.28	47.37	2.92	0.07
0	0	1.74	15.48	40.04	1.05	0.00
0	4	0.88	9.08	52.13	3.77	0.31
1	1	1.70	13.60	48.97	1.23	0.00
1	5	1.22	10.49	51.25	5.31	0.00
2	2	1.19	12.75	47.24	3.18	0.00
2	6	2.21	13.40	44.74	3.02	0.21
3	3	1.51	12.46	46.65	2.71	0.00
3	7	1.13	11.03	48.05	3.10	0.00
Core	CPU	C1%	C3%	C6%	C8%	C9%
-	-	0.72	7.64	52.99	7.15	0.04
0	0	0.62	9.49	50.17	6.27	0.01
0	4	0.38	7.00	53.99	6.06	0.00
1	1	0.62	7.81	57.09	5.51	0.01
1	5	0.60	6.44	49.77	10.79	0.03
2	2	0.58	8.00	55.35	5.71	0.00
2	6	1.15	8.42	52.76	5.69	0.20
3	3	0.92	6.54	51.82	7.44	0.11
3	7	0.93	7.38	52.88	9.71	0.00
Core	CPU	C1%	C3%	C6%	C8%	C9%
-	-	1.08	10.18	50.49	5.01	0.05
0	0	1.53	11.28	48.84	3.13	0.00
0	4	0.63	9.74	50.22	4.35	0.00
1	1	0.82	9.75	52.37	3.72	0.00
1	5	1.40	9.06	47.93	6.73	0.00
2	2	0.93	10.07	49.82	7.00	0.00
2	6	1.24	11.55	48.85	3.74	0.39
3	3	1.14	10.83	52.02	3.60	0.00
3	7	0.96	9.15	53.86	7.81	0.00
Core	CPU	C1%	C3%	C6%	C8%	C9%
-	-	0.85	8.29	52.96	6.61	0.00
0	0	1.24	9.98	50.05	5.50	0.00
0	4	0.88	8.03	50.96	8.41	0.00
1	1	0.68	7.57	58.38	4.76	0.00
1	5	0.75	8.59	54.49	8.81	0.00
2	2	0.86	7.11	52.24	7.97	0.00
2	6	0.60	7.89	53.86	6.20	0.00
3	3	0.95	8.37	51.52	5.35	0.00
3	7	0.82	8.78	52.17	5.92	0.00
Core	CPU	C1%	C3%	C6%	C8%	C9%
-	-	1.31	8.58	51.51	5.50	0.04
0	0	2.33	10.92	47.29	3.05	0.00
0	4	0.84	7.37	51.15	5.43	0.08
1	1	1.18	8.10	51.43	6.14	0.00
1	5	1.63	8.26	53.34	5.57	0.00
2	2	1.02	8.93	50.69	6.63	0.00
2	6	0.68	8.61	55.41	5.51	0.00
3	3	1.71	8.06	52.26	5.47	0.27
3	7	1.10	8.41	50.51	6.22	0.00
Core	CPU	C1%	C3%	C6%	C8%	C9%
-	-	1.13	9.24	51.17	5.84	0.05
0	0	1.47	10.95	47.47	4.25	0.00
0	4	0.54	8.34	52.47	7.76	0.00
1	1	1.64	9.89	47.09	4.24	0.00
1	5	1.25	8.13	49.01	8.46	0.41
2	2	1.47	8.00	53.50	5.20	0.00
2	6	0.98	10.49	51.67	5.84	0.00
3	3	0.98	9.16	53.87	5.68	0.01
3	7	0.71	8.99	54.30	5.26	0.00
Core	CPU	C1%	C3%	C6%	C8%	C9%
-	-	1.69	13.17	43.66	2.45	0.00
0	0	2.49	17.17	37.27	0.47	0.00
0	4	1.36	10.45	47.14	4.46	0.00
1	1	1.74	13.23	42.51	1.89	0.00
1	5	1.38	13.09	45.26	4.07	0.00
2	2	1.25	13.33	46.48	1.99	0.00
2	6	1.78	11.79	45.07	3.35	0.00
3	3	1.79	13.45	40.71	1.31	0.00
3	7	1.72	12.86	44.87	2.09	0.00
Core	CPU	C1%	C3%	C6%	C8%	C9%
-	-	1.00	8.65	50.82	6.28	0.02
0	0	1.60	9.90	47.54	4.11	0.00
0	4	0.80	7.86	49.16	10.76	0.00
1	1	0.86	8.72	51.89	4.07	0.00
1	5	0.81	8.52	54.22	4.60	0.01
2	2	1.19	9.27	48.86	6.26	0.00
2	6	0.76	8.20	55.42	3.89	0.00
3	3	1.38	8.26	49.43	8.53	0.00
3	7	0.59	8.50	50.05	7.98	0.11
Core	CPU	C1%	C3%	C6%	C8%	C9%
-	-	0.90	8.05	51.86	6.32	0.25
0	0	1.10	9.20	46.45	6.63	0.00
0	4	0.78	8.49	55.88	6.26	0.00
1	1	0.61	8.33	53.36	5.16	0.00
1	5	0.97	7.50	51.80	7.18	0.00
2	2	0.99	7.55	55.10	8.64	0.00
2	6	0.91	9.15	52.65	4.42	1.40
3	3	0.82	7.72	50.90	6.03	0.00
3	7	1.01	6.44	48.86	6.25	0.56
Core	CPU	C1%	C3%	C6%	C8%	C9%
-	-	1.06	8.54	51.53	7.60	0.20
0	0	0.87	11.31	51.35	3.93	0.00
0	4	0.65	6.79	50.77	13.07	0.00
1	1	1.31	8.85	51.48	5.77	0.00
1	5	1.05	7.36	50.06	7.32	0.96
2	2	1.13	9.02	52.30	6.33	0.20
2	6	0.95	8.64	51.34	7.14	0.44
3	3	1.61	8.35	54.75	7.54	0.00
3	7	0.89	8.07	50.60	9.73	0.00
Core	CPU	C1%	C3%	C6%	C8%	C9%
-	-	0.90	6.52	54.07	7.42	0.06
0	0	1.23	8.97	54.21	3.83	0.00
0	4	0.65	6.18	53.71	7.35	0.00
1	1	1.50	6.84	52.55	4.85	0.00
1	5	0.93	5.28	51.53	10.36	0.00
2	2	0.85	6.23	54.63	6.28	0.00
2	6	0.39	5.50	55.55	6.54	0.00
3	3	0.90	5.96	56.14	14.06	0.00
3	7	0.74	7.22	54.24	6.06	0.49
Core	CPU	C1%	C3%	C6%	C8%	C9%
-	-	0.66	6.67	53.83	8.34	0.00
0	0	0.93	8.40	56.71	4.94	0.00
0	4	0.47	5.15	55.36	8.23	0.00
1	1	0.81	7.31	55.29	5.97	0.00
1	5	1.02	6.50	47.90	14.18	0.00
2	2	0.59	6.85	54.22	4.12	0.00
2	6	0.30	5.60	53.54	10.28	0.00
3	3	0.77	7.11	53.80	11.87	0.00
3	7	0.41	6.53	54.75	7.24	0.00
Core	CPU	C1%	C3%	C6%	C8%	C9%
-	-	0.82	6.80	55.11	7.03	0.26
0	0	1.13	8.61	55.46	7.08	0.00
0	4	0.41	6.49	58.09	8.61	0.31
1	1	1.07	6.34	51.80	8.94	0.00
1	5	0.57	5.89	55.26	7.10	0.00
2	2	0.72	6.80	53.36	5.17	0.00
2	6	1.59	7.07	51.65	6.00	1.76
3	3	0.48	7.11	57.45	6.06	0.00
3	7	0.58	5.92	56.28	7.09	0.00
Core	CPU	C1%	C3%	C6%	C8%	C9%
-	-	1.02	8.11	53.96	5.72	0.00
0	0	1.24	9.99	51.20	5.61	0.00
0	4	1.04	8.08	56.58	4.89	0.00
1	1	0.88	7.22	58.85	5.33	0.00
1	5	1.11	8.08	53.25	6.47	0.00
2	2	0.88	7.84	53.97	6.37	0.00
2	6	1.31	8.37	54.98	4.13	0.00
3	3	0.88	7.08	51.97	9.31	0.00
3	7	0.80	8.24	50.92	3.61	0.00
Core	CPU	C1%	C3%	C6%	C8%	C9%
-	-	1.56	11.62	46.88	4.20	0.02
0	0	1.85	14.33	44.24	3.49	0.00
0	4	1.23	10.12	48.93	4.44	0.00
1	1	1.59	11.40	47.73	5.19	0.00
1	5	1.88	11.47	45.19	4.35	0.00
2	2	1.16	9.93	49.63	5.25	0.00
2	6	2.00	15.49	36.51	3.53	0.18
3	3	1.05	9.93	50.66	5.08	0.00
3	7	1.76	10.27	52.15	2.30	0.00
Core	CPU	C1%	C3%	C6%	C8%	C9%
-	-	2.41	7.09	46.84	5.47	0.21
0	0	2.77	7.36	47.76	6.24	0.05
0	4	2.88	6.94	48.86	5.48	0.20
1	1	2.35	5.63	47.84	8.71	0.01
1	5	2.31	8.60	49.25	1.65	0.77
2	2	2.30	7.03	48.49	5.42	0.20
2	6	2.38	7.68	43.12	6.41	0.46
3	3	2.41	6.49	44.43	3.74	0.01
3	7	1.84	7.04	45.03	6.09	0.00
Core	CPU	C1%	C3%	C6%	C8%	C9%
-	-	3.25	6.50	44.53	7.92	0.18
0	0	3.30	7.69	47.93	5.88	0.00
0	4	2.80	5.34	46.16	15.48	0.00
1	1	2.95	6.21	44.11	8.88	0.05
1	5	3.59	6.08	46.62	8.39	0.00
2	2	3.16	6.43	40.46	7.27	0.39
2	6	3.59	7.23	42.51	6.08	0.28
3	3	3.71	6.59	45.08	6.46	0.58
3	7	2.88	6.46	43.34	4.91	0.10
Core	CPU	C1%	C3%	C6%	C8%	C9%
-	-	4.02	5.90	43.53	6.66	0.27
0	0	4.29	6.21	44.76	5.51	0.00
0	4	4.74	6.16	41.19	6.66	0.06
1	1	3.65	5.98	47.60	10.08	0.00
1	5	3.24	5.08	44.87	4.21	0.00
2	2	4.65	6.66	41.15	7.92	0.00
2	6	3.28	5.57	45.37	4.83	0.67
3	3	3.97	5.89	39.60	6.64	0.99
3	7	4.36	5.67	43.73	7.47	0.45
Core	CPU	C1%	C3%	C6%	C8%	C9%
-	-	6.62	5.78	39.76	6.20	0.10
0	0	7.15	5.45	39.63	6.62	0.03
0	4	6.19	6.54	39.70	5.21	0.00
1	1	7.66	6.53	36.82	6.17	0.06
1	5	6.63	4.88	40.98	4.52	0.00
2	2	6.18	5.87	37.28	7.06	0.01
2	6	5.10	5.53	44.40	9.89	0.03
3	3	7.28	5.98	35.45	4.53	0.64
3	7	6.79	5.44	43.76	5.57	0.00
Core	CPU	C1%	C3%	C6%	C8%	C9%
-	-	3.39	3.67	30.85	12.87	0.38
0	0	4.13	4.16	25.57	6.16	0.02
0	4	3.34	3.86	28.50	4.50	0.00
1	1	4.19	3.71	27.60	6.17	0.29
1	5	3.97	3.42	33.28	23.91	0.51
2	2	2.31	2.75	35.73	9.95	1.64
2	6	3.28	3.68	31.39	23.84	0.37
3	3	3.17	4.80	35.54	22.48	0.00
3	7	2.72	3.00	29.18	5.93	0.21
Core	CPU	C1%	C3%	C6%	C8%	C9%
-	-	4.29	3.83	26.09	18.35	0.12
0	0	4.14	2.98	25.09	6.10	0.00
0	4	4.88	4.36	18.66	4.25	0.00
1	1	3.81	3.82	24.37	3.76	0.00
1	5	3.37	3.71	24.91	28.90	0.11
2	2	4.74	3.61	29.99	35.81	0.74
2	6	4.87	4.77	28.35	33.14	0.13
3	3	5.16	3.52	32.17	31.86	0.01
3	7	3.35	3.87	25.13	3.01	0.00
Core	CPU	C1%	C3%	C6%	C8%	C9%
-	-	4.75	5.21	35.42	6.32	0.31
0	0	5.15	4.96	30.41	6.93	0.00
0	4	4.19	5.60	35.95	6.28	0.83
1	1	4.05	5.70	45.55	10.97	0.01
1	5	4.21	4.02	30.04	4.54	0.01
2	2	5.84	5.56	37.96	7.33	0.01
2	6	5.00	5.13	37.82	4.29	0.50
3	3	5.50	5.22	32.61	4.31	1.05
3	7	4.08	5.48	33.06	5.96	0.03
Core	CPU	C1%	C3%	C6%	C8%	C9%
-	-	0.98	7.04	52.47	7.24	0.04
0	0	1.26	9.04	52.80	7.28	0.00
0	4	0.64	6.85	47.57	8.53	0.00
1	1	1.07	6.48	53.49	8.38	0.03
1	5	1.17	5.86	52.03	7.09	0.00
2	2	0.74	7.10	52.41	7.14	0.00
2	6	1.13	7.75	52.78	1.75	0.26
3	3	0.73	6.52	50.85	10.21	0.00
3	7	1.11	6.74	57.84	7.56	0.00
Core	CPU	C1%	C3%	C6%	C8%	C9%
-	-	0.54	7.83	55.12	6.71	0.03
0	0	0.75	8.17	53.73	5.52	0.01
0	4	0.31	7.72	56.12	6.54	0.00
1	1	1.03	7.40	57.79	7.30	0.00
1	5	0.31	7.41	56.06	8.40	0.00
2	2	0.54	8.34	52.72	5.91	0.01
2	6	0.67	9.58	53.32	3.90	0.20
3	3	0.37	6.79	53.18	8.56	0.01
3	7	0.34	7.34	58.59	7.59	0.00
Core	CPU	C1%	C3%	C6%	C8%	C9%
-	-	0.86	8.27	54.84	6.85	0.00
0	0	1.20	10.08	50.34	5.29	0.00
0	4	0.40	7.01	55.25	11.01	0.00
1	1	1.04	8.09	55.20	4.00	0.00
1	5	1.25	7.80	52.55	11.33	0.00
2	2	0.84	7.71	59.05	5.47	0.00
2	6	0.38	8.09	56.24	5.96	0.00
3	3	0.76	7.74	52.15	7.46	0.00
3	7	0.99	9.63	57.96	4.25	0.00
Core	CPU	C1%	C3%	C6%	C8%	C9%
-	-	0.86	7.45	54.37	6.77	0.01
0	0	1.66	10.25	53.77	2.19	0.00
0	4	0.47	5.93	56.43	10.16	0.08
1	1	0.84	6.48	55.12	4.74	0.00
1	5	1.20	6.54	54.39	8.45	0.00
2	2	0.38	7.97	54.43	7.14	0.00
2	6	0.75	7.80	54.66	8.33	0.00
3	3	0.97	7.01	54.91	5.43	0.00
3	7	0.57	7.59	50.84	7.65	0.00
Core	CPU	C1%	C3%	C6%	C8%	C9%
-	-	0.96	7.17	53.93	6.80	0.05
0	0	1.76	8.75	49.42	6.04	0.00
0	4	0.64	5.70	54.31	8.77	0.00
1	1	0.87	7.32	54.97	5.54	0.00
1	5	0.87	6.54	56.88	8.07	0.00
2	2	1.09	7.84	54.98	7.29	0.00
2	6	0.78	6.63	51.89	8.24	0.00
3	3	0.62	7.09	55.53	5.13	0.00
3	7	1.08	7.48	53.25	5.32	0.36
Core	CPU	C1%	C3%	C6%	C8%	C9%
-	-	5.09	6.41	40.93	5.63	0.15
0	0	5.24	6.95	38.84	8.64	0.01
0	4	3.70	6.33	42.94	4.90	0.02
1	1	5.02	7.51	38.72	3.89	0.03
1	5	6.06	6.57	39.07	2.70	0.46
2	2	4.99	6.45	41.80	10.26	0.26
2	6	5.34	5.08	41.00	5.13	0.23
3	3	4.86	7.04	43.62	2.84	0.00
3	7	5.53	5.36	41.45	6.70	0.17
Core	CPU	C1%	C3%	C6%	C8%	C9%
-	-	3.83	7.60	40.02	6.56	0.22
0	0	4.08	9.83	42.69	4.98	0.01
0	4	3.62	6.32	38.57	6.83	0.01
1	1	4.08	7.25	39.08	6.87	0.00
1	5	3.29	5.33	38.60	5.83	0.81
2	2	4.59	6.53	37.42	9.55	0.00
2	6	4.07	9.68	37.53	5.35	0.92
3	3	4.30	8.22	42.75	5.07	0.00
3	7	2.63	7.66	43.60	8.05	0.00
Core	CPU	C1%	C3%	C6%	C8%	C9%
-	-	6.05	6.33	39.98	6.06	0.23
0	0	6.28	8.34	42.37	5.28	0.00
0	4	6.31	5.39	37.60	5.27	0.00
1	1	7.85	6.69	38.71	5.12	0.00
1	5	6.08	6.15	41.40	3.36	0.00
2	2	6.31	5.56	40.07	7.58	0.01
2	6	3.88	6.35	39.47	5.91	1.56
3	3	5.50	6.74	39.46	6.38	0.00
3	7	6.22	5.43	40.71	9.55	0.26
Core	CPU	C1%	C3%	C6%	C8%	C9%
-	-	5.05	5.58	42.22	6.46	0.05
0	0	5.18	6.92	47.52	5.25	0.00
0	4	4.20	3.88	38.31	7.78	0.04
1	1	6.06	5.33	43.42	6.72	0.00
1	5	4.11	5.53	40.91	4.20	0.12
2	2	4.97	5.16	40.57	6.15	0.20
2	6	6.72	6.40	44.34	8.28	0.02
3	3	4.32	6.25	42.21	2.97	0.05
3	7	4.85	5.15	40.50	10.37	0.00
Core	CPU	C1%	C3%	C6%	C8%	C9%
-	-	2.23	7.55	45.73	6.94	0.22
0	0	2.72	9.83	48.88	2.25	0.00
0	4	1.90	6.49	44.35	8.77	0.02
1	1	1.74	7.62	48.07	8.89	0.21
1	5	2.70	5.59	43.75	10.17	0.00
2	2	2.01	7.26	46.60	9.79	0.11
2	6	2.20	8.12	43.70	5.36	1.39
3	3	2.52	8.41	48.51	5.19	0.00
3	7	2.09	7.20	42.61	5.19	0.00
Core	CPU	C1%	C3%	C6%	C8%	C9%
-	-	1.23	7.99	49.87	6.70	0.05
0	0	1.45	10.04	45.32	5.11	0.08
0	4	0.39	6.36	54.77	9.99	0.00
1	1	2.06	7.53	47.34	6.16	0.00
1	5	1.19	8.12	51.62	7.20	0.00
2	2	1.22	7.13	55.10	8.43	0.00
2	6	0.99	8.38	46.14	7.69	0.30
3	3	1.28	7.98	48.19	5.78	0.00
3	7	1.23	8.28	49.84	3.16	0.00
Core	CPU	C1%	C3%	C6%	C8%	C9%
-	-	1.71	7.98	47.04	5.66	0.31
0	0	1.91	8.16	47.65	6.79	0.00
0	4	1.23	8.17	50.90	3.87	0.00
1	1	2.10	7.37	43.12	8.48	0.58
1	5	2.33	7.95	44.19	4.66	0.28
2	2	1.49	7.46	47.49	6.18	0.00
2	6	1.42	9.52	46.14	3.77	1.63
3	3	1.66	7.54	48.38	7.17	0.01
3	7	1.57	7.63	48.37	4.30	0.00
Core	CPU	C1%	C3%	C6%	C8%	C9%
-	-	1.14	6.26	50.96	8.61	0.19
0	0	1.56	7.03	46.44	6.90	0.01
0	4	0.84	5.97	50.97	8.07	0.00
1	1	1.02	7.82	52.26	6.22	0.00
1	5	1.24	5.99	51.00	7.33	0.00
2	2	1.21	6.14	51.29	6.86	0.00
2	6	1.27	6.48	52.58	6.86	1.23
3	3	0.56	5.08	52.16	11.72	0.13
3	7	1.39	5.57	50.93	14.91	0.17
Core	CPU	C1%	C3%	C6%	C8%	C9%
-	-	2.89	7.09	43.82	7.49	0.21
0	0	2.20	7.80	48.25	7.69	0.00
0	4	2.86	6.96	43.73	6.66	0.00
1	1	2.41	6.11	43.35	9.15	0.01
1	5	3.51	7.15	41.46	3.81	0.00
2	2	3.36	7.17	42.78	12.99	0.00
2	6	3.24	7.77	44.29	5.79	1.68
3	3	3.28	7.02	41.93	6.26	0.02
3	7	2.24	6.72	44.88	7.55	0.00
Core	CPU	C1%	C3%	C6%	C8%	C9%
-	-	1.38	7.82	49.07	7.18	0.12
0	0	1.74	7.90	49.77	8.68	0.11
0	4	1.31	7.65	50.96	7.26	0.00
1	1	1.56	8.97	54.02	4.64	0.00
1	5	1.45	7.39	49.27	8.36	0.13
2	2	1.40	7.77	51.52	5.62	0.00
2	6	1.45	8.56	43.89	6.73	0.72
3	3	1.32	7.29	47.73	7.11	0.00
3	7	0.83	7.04	45.50	9.07	0.00
Core	CPU	C1%	C3%	C6%	C8%	C9%
-	-	2.40	7.84	45.54	6.35	0.12
0	0	2.73	9.19	45.41	5.53	0.01
0	4	2.51	7.71	48.94	7.03	0.00
1	1	2.41	6.87	42.98	8.57	0.03
1	5	2.31	7.07	47.23	4.67	0.00
2	2	2.75	7.97	49.18	5.69	0.00
2	6	1.86	8.76	40.33	6.48	0.91
3	3	2.42	8.94	45.02	3.66	0.00
3	7	2.21	6.21	45.14	9.19	0.00
Core	CPU	C1%	C3%	C6%	C8%	C9%
-	-	3.43	6.89	43.90	7.74	0.17
0	0	4.13	7.20	41.91	9.85	0.00
0	4	2.58	6.78	44.68	6.48	0.14
1	1	2.89	5.28	45.37	9.69	0.10
1	5	2.88	6.49	43.31	6.06	0.00
2	2	4.49	8.18	41.74	9.99	0.01
2	6	3.72	8.66	42.84	7.28	1.07
3	3	3.75	6.80	48.03	6.96	0.00
3	7	3.02	5.73	43.27	5.62	0.00
Core	CPU	C1%	C3%	C6%	C8%	C9%
-	-	3.98	7.50	44.46	5.60	0.15
0	0	3.99	9.03	43.83	4.47	0.02
0	4	3.39	5.55	48.04	5.21	0.01
1	1	4.42	7.81	44.77	4.53	0.21
1	5	4.46	7.34	43.20	6.39	0.00
2	2	3.36	7.31	47.07	4.50	0.01
2	6	3.54	8.68	41.82	9.16	0.76
3	3	4.93	7.54	41.66	7.18	0.00
3	7	3.78	6.75	45.23	3.40	0.24
Core	CPU	C1%	C3%	C6%	C8%	C9%
-	-	5.93	5.53	37.55	8.67	0.27
0	0	5.94	5.45	35.35	11.45	0.00
0	4	5.33	4.41	40.20	5.84	0.51
1	1	6.14	6.84	38.00	7.97	0.06
1	5	5.27	5.26	37.83	4.73	0.25
2	2	5.83	6.03	37.27	16.15	0.01
2	6	6.58	5.79	33.66	5.33	1.29
3	3	8.00	6.10	40.06	8.36	0.00
3	7	4.36	4.33	38.04	9.56	0.00
Core	CPU	C1%	C3%	C6%	C8%	C9%
-	-	2.04	2.40	14.15	22.61	0.11
0	0	2.79	2.41	8.03	0.76	0.00
0	4	2.62	2.01	12.41	5.54	0.00
1	1	1.73	1.71	11.50	11.21	0.67
1	5	1.87	2.79	18.78	50.09	0.00
2	2	2.15	3.88	18.18	49.26	0.00
2	6	1.92	1.97	9.67	7.63	0.09
3	3	1.18	2.74	24.79	52.20	0.11
3	7	2.11	1.70	9.79	4.14	0.01
Core	CPU	C1%	C3%	C6%	C8%	C9%
-	-	2.42	7.55	45.37	7.49	0.36
0	0	2.16	8.57	47.44	7.87	0.00
0	4	2.74	7.48	44.37	5.78	0.01
1	1	2.47	7.33	44.17	12.13	0.00
1	5	2.67	6.40	46.14	8.88	0.00
2	2	1.93	7.45	47.87	6.97	0.00
2	6	2.88	7.92	39.45	6.54	2.52
3	3	2.65	6.23	44.42	5.38	0.00
3	7	1.84	9.04	49.08	6.34	0.32
Core	CPU	C1%	C3%	C6%	C8%	C9%
-	-	4.92	6.61	41.38	6.91	0.03
0	0	4.28	6.66	41.11	6.94	0.00
0	4	5.19	6.81	41.30	7.22	0.00
1	1	4.98	6.41	39.24	8.10	0.11
1	5	4.44	5.62	39.95	8.90	0.11
2	2	5.40	6.15	41.93	7.72	0.00
2	6	4.70	7.97	44.72	3.03	0.00
3	3	3.88	7.37	41.31	3.49	0.00
3	7	6.49	5.88	41.54	9.86	0.00
Core	CPU	C1%	C3%	C6%	C8%	C9%
-	-	4.37	6.44	42.52	6.67	0.12
0	0	4.46	6.58	42.81	7.83	0.09
0	4	4.08	7.76	40.70	5.39	0.02
1	1	3.66	6.30	43.16	5.21	0.12
1	5	4.57	6.22	38.93	6.59	0.22
2	2	4.20	6.46	46.38	5.97	0.01
2	6	5.87	6.22	45.53	4.26	0.47
3	3	3.57	4.93	41.08	8.08	0.00
3	7	4.50	7.07	41.54	10.02	0.00
Core	CPU	C1%	C3%	C6%	C8%	C9%
-	-	3.87	6.69	43.03	6.45	0.14
0	0	4.45	6.82	41.43	5.80	0.02
0	4	3.71	7.08	45.17	3.98	0.04
1	1	2.73	5.66	43.80	5.45	0.00
1	5	4.80	6.73	39.20	5.89	0.00
2	2	3.49	6.71	42.06	6.69	0.00
2	6	4.33	7.90	46.93	7.43	0.00
3	3	4.45	6.47	44.81	8.50	1.04
3	7	2.99	6.15	40.84	7.82	0.00
Core	CPU	C1%	C3%	C6%	C8%	C9%
-	-	3.54	7.42	42.82	6.22	0.33
0	0	4.61	8.49	43.39	7.76	0.00
0	4	3.51	6.60	44.24	6.11	0.74
1	1	2.97	7.77	43.90	4.67	0.00
1	5	3.06	5.56	41.28	6.68	0.00
2	2	4.33	9.21	46.33	4.82	0.00
2	6	3.99	6.69	35.74	6.60	1.93
3	3	3.61	7.52	44.50	7.18	0.00
3	7	2.20	7.57	43.28	5.93	0.00
Core	CPU	C1%	C3%	C6%	C8%	C9%
-	-	2.68	7.40	44.22	6.61	0.31
0	0	3.75	8.53	44.36	5.83	0.00
0	4	2.51	6.25	45.44	6.15	0.00
1	1	3.52	7.90	47.16	5.37	0.00
1	5	2.07	6.99	42.56	3.07	0.32
2	2	1.89	7.08	43.37	10.95	0.26
2	6	1.78	7.60	44.25	7.63	0.47
3	3	3.89	6.84	43.56	5.88	0.00
3	7	2.04	8.02	42.97	7.98	1.40
