Core	CPU	C1%	C3%	C6%	C8%	C9%
-	-	0.09	0.07	9.94	3.67	0.00
0	0	0.07	0.31	65.40	21.30	0.00
0	4	0.00	0.07	2.55	1.60	0.00
1	1	0.00	0.06	0.49	0.00	0.00
1	5	0.64	0.04	2.53	0.47	0.00
2	2	0.00	0.00	1.53	0.79	0.00
2	6	0.00	0.10	2.79	0.99	0.00
3	3	0.00	0.00	2.57	1.53	0.00
3	7	0.00	0.00	1.16	2.55	0.00
Core	CPU	C1%	C3%	C6%	C8%	C9%
-	-	0.01	0.02	8.57	3.39	0.00
0	0	0.09	0.16	65.07	21.75	0.00
0	4	0.00	0.00	0.49	0.11	0.00
1	1	0.00	0.00	0.78	0.40	0.00
1	5	0.00	0.00	0.27	0.89	0.00
2	2	0.00	0.00	0.35	0.99	0.00
2	6	0.00	0.01	1.03	0.89	0.00
3	3	0.00	0.02	0.39	1.19	0.00
3	7	0.00	0.00	0.19	0.95	0.00
Core	CPU	C1%	C3%	C6%	C8%	C9%
-	-	0.01	0.07	8.57	3.53	0.00
0	0	0.07	0.43	65.25	21.22	0.00
0	4	0.00	0.03	0.49	0.00	0.00
1	1	0.00	0.03	0.84	0.70	0.00
1	5	0.00	0.02	0.29	1.20	0.00
2	2	0.00	0.00	0.27	0.99	0.00
2	6	0.00	0.01	0.57	1.76	0.00
3	3	0.00	0.00	0.34	0.79	0.00
3	7	0.00	0.01	0.48	1.60	0.00
Core	CPU	C1%	C3%	C6%	C8%	C9%
-	-	0.01	0.04	8.50	3.35	0.00
0	0	0.08	0.33	64.77	21.87	0.00
0	4	0.00	0.00	0.55	0.00	0.00
1	1	0.00	0.00	0.44	0.49	0.00
1	5	0.00	0.02	0.10	0.99	0.00
2	2	0.00	0.00	0.31	0.71	0.00
2	6	0.00	0.00	0.77	0.99	0.00
3	3	0.00	0.00	0.36	1.19	0.00
3	7	0.00	0.00	0.74	0.59	0.00
Core	CPU	C1%	C3%	C6%	C8%	C9%
-	-	0.01	0.08	8.35	3.17	0.42
0	0	0.07	0.56	62.69	20.79	0.00
0	4	0.00	0.00	1.17	0.00	0.00
1	1	0.00	0.00	0.26	1.09	0.00
1	5	0.00	0.00	0.44	1.19	0.00
2	2	0.00	0.03	0.89	0.00	0.00
2	6	0.00	0.01	1.01	0.24	0.00
3	3	0.00	0.00	0.10	1.08	0.00
3	7	0.00	0.00	0.27	0.96	3.33
Core	CPU	C1%	C3%	C6%	C8%	C9%
-	-	0.01	0.01	8.44	3.58	0.00
0	0	0.07	0.04	64.98	21.94	0.00
0	4	0.00	0.02	0.68	0.40	0.00
1	1	0.00	0.00	0.10	0.79	0.00
1	5	0.00	0.00	0.28	0.90	0.00
2	2	0.00	0.00	0.35	0.99	0.00
2	6	0.00	0.02	0.64	1.29	0.00
3	3	0.00	0.00	0.31	0.90	0.00
3	7	0.00	0.00	0.19	1.43	0.00
Core	CPU	C1%	C3%	C6%	C8%	C9%
-	-	0.01	0.08	8.53	3.64	0.23
0	0	0.08	0.58	64.85	21.49	0.00
0	4	0.00	0.00	0.44	0.11	0.00
1	1	0.01	0.00	1.01	1.20	0.90
1	5	0.00	0.05	0.32	0.90	0.00
2	2	0.00	0.00	0.31	0.79	0.00
2	6	0.00	0.01	0.53	1.19	0.00
3	3	0.00	0.00	0.46	1.09	0.00
3	7	0.01	0.00	0.37	2.36	0.90
Core	CPU	C1%	C3%	C6%	C8%	C9%
-	-	0.01	0.04	8.64	3.58	0.00
0	0	0.07	0.30	64.78	21.88	0.00
0	4	0.00	0.00	0.88	0.00	0.00
1	1	0.00	0.00	0.43	1.28	0.00
1	5	0.00	0.00	0.64	0.69	0.00
2	2	0.00	0.00	0.22	0.99	0.00
2	6	0.00	0.04	1.08	0.79	0.00
3	3	0.00	0.00	0.19	0.89	0.00
3	7	0.00	0.02	0.94	2.13	0.00
Core	CPU	C1%	C3%	C6%	C8%	C9%
-	-	0.01	0.04	8.60	3.53	0.00
0	0	0.07	0.30	64.89	21.78	0.00
0	4	0.00	0.00	0.59	0.00	0.00
1	1	0.00	0.00	0.88	1.78	0.00
1	5	0.00	0.00	0.28	0.88	0.00
2	2	0.00	0.00	0.25	0.99	0.00
2	6	0.00	0.03	0.83	1.19	0.00
3	3	0.00	0.02	0.30	0.79	0.00
3	7	0.00	0.00	0.78	0.85	0.00
Core	CPU	C1%	C3%	C6%	C8%	C9%
-	-	0.01	0.09	8.32	3.20	0.43
0	0	0.07	0.63	62.73	20.77	0.00
0	4	0.00	0.03	0.50	0.00	0.00
1	1	0.00	0.00	0.10	1.09	0.00
1	5	0.00	0.00	0.49	0.89	0.00
2	2	0.00	0.00	0.37	0.98	0.00
2	6	0.00	0.02	0.64	1.19	0.00
3	3	0.00	0.00	0.83	0.39	0.00
3	7	0.01	0.01	0.93	0.32	3.44
Core	CPU	C1%	C3%	C6%	C8%	C9%
-	-	0.01	0.05	8.72	3.33	1.43
0	0	0.09	0.30	65.37	21.27	0.00
0	4	0.00	0.00	0.53	0.21	11.45
1	1	0.00	0.03	1.04	0.30	0.00
1	5	0.00	0.02	0.19	0.90	0.00
2	2	0.00	0.00	1.01	0.90	0.00
2	6	0.00	0.00	0.88	0.59	0.00
3	3	0.00	0.00	0.36	0.79	0.00
3	7	0.00	0.02	0.34	1.68	0.00
Core	CPU	C1%	C3%	C6%	C8%	C9%
-	-	0.01	0.05	8.61	3.38	0.10
0	0	0.07	0.40	64.42	21.24	0.00
0	4	0.00	0.00	0.98	0.00	0.00
1	1	0.00	0.00	0.53	0.69	0.82
1	5	0.00	0.00	0.25	1.09	0.00
2	2	0.00	0.00	0.72	0.70	0.00
2	6	0.00	0.03	1.18	1.30	0.00
3	3	0.00	0.00	0.19	0.89	0.00
3	7	0.00	0.00	0.61	1.11	0.00
Core	CPU	C1%	C3%	C6%	C8%	C9%
-	-	0.01	0.17	8.91	7.12	0.00
0	0	0.07	1.11	64.86	21.31	0.00
0	4	0.00	0.02	0.79	0.00	0.00
1	1	0.00	0.00	0.89	2.46	0.00
1	5	0.00	0.00	0.28	0.89	0.00
2	2	0.00	0.00	0.26	0.99	0.00
2	6	0.00	0.00	1.19	0.95	0.00
3	3	0.00	0.00	0.53	0.29	0.00
3	7	0.03	0.26	2.52	30.10	0.00
Core	CPU	C1%	C3%	C6%	C8%	C9%
-	-	0.07	0.11	8.96	3.57	0.00
0	0	0.07	0.83	65.07	21.30	0.00
0	4	0.00	0.04	0.79	0.30	0.00
1	1	0.00	0.02	0.77	0.90	0.00
1	5	0.00	0.00	1.01	1.23	0.00
2	2	0.44	0.00	0.53	1.18	0.00
2	6	0.06	0.00	1.55	1.38	0.00
3	3	0.00	0.00	1.10	0.90	0.00
3	7	0.00	0.02	0.85	1.36	0.00
Core	CPU	C1%	C3%	C6%	C8%	C9%
-	-	0.01	0.09	8.48	3.34	0.00
0	0	0.07	0.67	63.27	20.16	0.00
0	4	0.00	0.00	0.98	0.00	0.00
1	1	0.00	0.00	0.45	2.18	0.00
1	5	0.00	0.00	0.37	1.00	0.00
2	2	0.00	0.00	0.35	1.00	0.00
2	6	0.00	0.00	0.54	1.29	0.00
3	3	0.00	0.00	0.93	0.80	0.00
3	7	0.00	0.02	0.99	0.30	0.00
Core	CPU	C1%	C3%	C6%	C8%	C9%
-	-	0.02	0.09	8.63	3.51	0.00
0	0	0.08	0.62	64.32	21.99	0.00
0	4	0.00	0.00	0.56	0.00	0.00
1	1	0.00	0.00	0.15	0.59	0.00
1	5	0.00	0.00	0.13	0.50	0.00
2	2	0.06	0.00	0.66	0.70	0.00
2	6	0.00	0.08	0.90	0.70	0.00
3	3	0.00	0.00	1.13	1.39	0.00
3	7	0.00	0.02	1.15	2.25	0.00
Core	CPU	C1%	C3%	C6%	C8%	C9%
-	-	0.01	0.06	8.53	3.35	0.00
0	0	0.08	0.34	64.22	21.56	0.00
0	4	0.00	0.00	0.89	0.00	0.00
1	1	0.00	0.00	0.28	1.09	0.00
1	5	0.00	0.00	0.37	0.78	0.00
2	2	0.00	0.00	0.74	0.50	0.00
2	6	0.00	0.18	1.05	1.15	0.00
3	3	0.00	0.00	0.20	1.09	0.00
3	7	0.00	0.00	0.46	0.66	0.00
Core	CPU	C1%	C3%	C6%	C8%	C9%
-	-	0.01	0.04	8.72	3.17	0.00
0	0	0.09	0.14	64.94	21.91	0.00
0	4	0.00	0.02	0.60	0.00	0.00
1	1	0.00	0.00	0.19	0.90	0.00
1	5	0.00	0.00	0.29	1.09	0.00
2	2	0.00	0.01	0.67	0.50	0.00
2	6	0.00	0.10	0.95	0.00	0.00
3	3	0.00	0.00	1.22	0.69	0.00
3	7	0.00	0.01	0.89	0.32	0.00
Core	CPU	C1%	C3%	C6%	C8%	C9%
-	-	0.01	0.04	8.64	3.35	0.00
0	0	0.09	0.28	64.98	21.70	0.00
0	4	0.00	0.00	0.56	0.00	0.00
1	1	0.00	0.02	0.66	0.79	0.00
1	5	0.00	0.00	0.23	0.99	0.00
2	2	0.00	0.00	0.69	0.39	0.00
2	6	0.00	0.05	1.50	0.59	0.00
3	3	0.00	0.00	0.27	0.89	0.00
3	7	0.00	0.00	0.24	1.49	0.00
Core	CPU	C1%	C3%	C6%	C8%	C9%
-	-	0.01	0.06	8.44	3.18	0.00
0	0	0.08	0.41	63.05	20.69	0.00
0	4	0.00	0.00	0.87	0.30	0.00
1	1	0.00	0.00	0.75	0.39	0.00
1	5	0.00	0.00	0.83	0.89	0.00
2	2	0.00	0.02	0.29	0.80	0.00
2	6	0.00	0.06	0.94	0.69	0.00
3	3	0.00	0.00	0.29	0.99	0.00
3	7	0.01	0.00	0.50	0.72	0.00
Core	CPU	C1%	C3%	C6%	C8%	C9%
-	-	0.01	0.04	8.48	3.49	0.00
0	0	0.09	0.25	64.82	21.88	0.00
0	4	0.00	0.00	0.20	0.39	0.00
1	1	0.00	0.00	0.18	0.99	0.00
1	5	0.00	0.00	0.67	1.08	0.00
2	2	0.00	0.00	0.32	1.28	0.00
2	6	0.00	0.07	0.94	0.49	0.00
3	3	0.00	0.01	0.40	0.99	0.00
3	7	0.00	0.00	0.29	0.84	0.00
Core	CPU	C1%	C3%	C6%	C8%	C9%
-	-	0.01	0.03	8.47	3.33	0.11
0	0	0.09	0.17	64.52	21.54	0.00
0	4	0.00	0.00	0.14	0.40	0.00
1	1	0.00	0.01	0.47	0.70	0.00
1	5	0.00	0.00	0.10	0.89	0.00
2	2	0.00	0.00	0.68	0.49	0.00
2	6	0.00	0.08	1.17	0.50	0.90
3	3	0.00	0.00	0.25	1.28	0.00
3	7	0.00	0.00	0.43	0.80	0.00
Core	CPU	C1%	C3%	C6%	C8%	C9%
-	-	0.01	0.06	8.63	3.45	0.00
0	0	0.07	0.37	65.04	21.55	0.00
0	4	0.00	0.00	0.36	0.21	0.00
1	1	0.00	0.00	1.70	1.48	0.00
1	5	0.00	0.02	0.23	0.61	0.00
2	2	0.00	0.01	0.30	0.59	0.00
2	6	0.00	0.09	0.90	0.79	0.00
3	3	0.00	0.00	0.27	0.89	0.00
3	7	0.00	0.00	0.25	1.48	0.00
Core	CPU	C1%	C3%	C6%	C8%	C9%
-	-	0.01	0.07	8.65	3.30	0.00
0	0	0.08	0.48	64.84	21.70	0.00
0	4	0.00	0.00	0.88	0.00	0.00
1	1	0.00	0.00	0.76	0.60	0.00
1	5	0.00	0.00	0.25	1.19	0.00
2	2	0.00	0.00	0.73	0.49	0.00
2	6	0.00	0.08	1.28	0.40	0.00
3	3	0.00	0.00	0.19	1.09	0.00
3	7	0.00	0.00	0.28	0.95	0.00
Core	CPU	C1%	C3%	C6%	C8%	C9%
-	-	0.01	0.06	8.24	3.28	0.00
0	0	0.06	0.46	62.53	21.05	0.00
0	4	0.00	0.02	0.50	0.00	0.00
1	1	0.00	0.00	0.61	0.69	0.00
1	5	0.00	0.00	0.29	1.08	0.00
2	2	0.00	0.00	0.47	1.30	0.00
2	6	0.00	0.00	1.04	0.39	0.00
3	3	0.00	0.00	0.32	0.80	0.00
3	7	0.00	0.01	0.19	0.94	0.00
Core	CPU	C1%	C3%	C6%	C8%	C9%
-	-	0.00	0.24	8.51	3.17	0.00
0	0	0.03	1.91	64.47	20.20	0.00
0	4	0.00	0.00	0.65	0.00	0.00
1	1	0.00	0.00	0.52	0.59	0.00
1	5	0.00	0.00	0.10	0.79	0.00
2	2	0.00	0.00	0.68	0.88	0.00
2	6	0.00	0.00	0.64	1.09	0.02
3	3	0.00	0.00	0.15	1.09	0.00
3	7	0.00	0.03	0.89	0.69	0.00
Core	CPU	C1%	C3%	C6%	C8%	C9%
-	-	0.00	0.25	8.58	3.24	0.11
0	0	0.02	1.96	64.07	19.76	0.00
0	4	0.00	0.00	0.97	0.00	0.00
1	1	0.00	0.00	1.27	0.70	0.00
1	5	0.00	0.02	0.33	1.19	0.00
2	2	0.00	0.01	0.39	0.89	0.00
2	6	0.00	0.03	0.96	0.89	0.89
3	3	0.00	0.00	0.28	0.89	0.00
3	7	0.00	0.01	0.35	1.57	0.00
Core	CPU	C1%	C3%	C6%	C8%	C9%
-	-	0.01	0.06	8.59	3.60	0.00
0	0	0.08	0.41	64.87	21.73	0.00
0	4	0.00	0.00	0.89	0.00	0.00
1	1	0.00	0.00	0.27	1.39	0.00
1	5	0.00	0.00	0.56	0.99	0.00
2	2	0.00	0.00	0.24	1.29	0.00
2	6	0.00	0.10	1.12	1.16	0.00
3	3	0.00	0.00	0.59	1.29	0.00
3	7	0.00	0.00	0.19	0.95	0.00
Core	CPU	C1%	C3%	C6%	C8%	C9%
-	-	0.00	0.03	8.52	3.29	0.00
0	0	0.03	0.16	65.43	21.50	0.00
0	4	0.00	0.03	0.59	0.00	0.00
1	1	0.00	0.00	0.10	0.51	0.00
1	5	0.00	0.00	0.19	0.99	0.00
2	2	0.00	0.00	0.38	1.09	0.00
2	6	0.00	0.07	0.97	0.49	0.00
3	3	0.00	0.00	0.34	0.78	0.00
3	7	0.00	0.00	0.20	0.93	0.00
Core	CPU	C1%	C3%	C6%	C8%	C9%
-	-	0.00	0.07	8.48	3.11	0.00
0	0	0.02	0.48	63.31	20.34	0.00
0	4	0.00	0.05	0.69	0.00	0.00
1	1	0.00	0.00	0.32	1.00	0.00
1	5	0.00	0.00	0.39	0.79	0.00
2	2	0.00	0.00	0.97	0.20	0.00
2	6	0.00	0.08	1.55	0.59	0.00
3	3	0.00	0.00	0.36	0.89	0.00
3	7	0.00	0.00	0.24	1.09	0.00
Core	CPU	C1%	C3%	C6%	C8%	C9%
-	-	0.00	0.08	8.68	3.38	0.00
0	0	0.01	0.55	65.31	21.13	0.00
0	4	0.00	0.00	0.87	0.00	0.00
1	1	0.00	0.00	0.85	0.99	0.00
1	5	0.00	0.00	0.24	0.89	0.00
2	2	0.00	0.02	0.50	0.99	0.00
2	6	0.00	0.05	1.21	0.89	0.00
3	3	0.00	0.00	0.19	0.89	0.00
3	7	0.00	0.00	0.26	1.26	0.00
Core	CPU	C1%	C3%	C6%	C8%	C9%
-	-	0.00	0.11	8.47	3.26	0.12
0	0	0.01	0.71	64.28	21.22	0.94
0	4	0.00	0.00	0.70	0.00	0.00
1	1	0.00	0.00	0.28	1.08	0.00
1	5	0.00	0.00	0.37	0.79	0.00
2	2	0.00	0.00	0.61	0.69	0.00
2	6	0.00	0.14	1.06	0.59	0.00
3	3	0.00	0.00	0.20	0.90	0.00
3	7	0.00	0.00	0.29	0.84	0.00
Core	CPU	C1%	C3%	C6%	C8%	C9%
-	-	0.00	0.05	8.64	3.19	0.00
0	0	0.01	0.27	65.44	21.30	0.00
0	4	0.00	0.03	0.50	0.00	0.00
1	1	0.00	0.01	0.40	0.31	0.00
1	5	0.00	0.00	0.79	0.60	0.00
2	2	0.00	0.00	0.28	0.99	0.00
2	6	0.00	0.03	1.23	0.30	0.00
3	3	0.00	0.00	0.24	1.09	0.00
3	7	0.00	0.02	0.19	0.92	0.00
Core	CPU	C1%	C3%	C6%	C8%	C9%
-	-	0.00	0.05	8.57	3.60	0.00
0	0	0.01	0.34	65.31	21.43	0.00
0	4	0.00	0.00	0.56	0.00	0.00
1	1	0.00	0.00	0.34	0.88	0.00
1	5	0.00	0.00	0.23	0.49	0.00
2	2	0.00	0.00	0.20	0.89	0.00
2	6	0.00	0.07	1.00	1.08	0.00
3	3	0.00	0.00	0.63	2.18	0.00
3	7	0.00	0.00	0.25	1.86	0.00
Core	CPU	C1%	C3%	C6%	C8%	C9%
-	-	0.00	0.12	8.51	5.94	0.00
0	0	0.01	0.73	62.73	20.91	0.00
0	4	0.00	0.00	0.88	0.00	0.00
1	1	0.00	0.03	0.88	1.78	0.00
1	5	0.00	0.00	0.36	0.89	0.00
2	2	0.00	0.00	0.45	1.19	0.00
2	6	0.00	0.03	1.09	0.39	0.02
3	3	0.00	0.00	0.20	0.90	0.00
3	7	0.02	0.20	1.51	21.47	0.00
Core	CPU	C1%	C3%	C6%	C8%	C9%
-	-	0.00	0.05	8.80	3.92	0.00
0	0	0.01	0.34	65.26	21.51	0.00
0	4	0.00	0.03	0.59	0.00	0.00
1	1	0.00	0.00	0.50	0.30	0.00
1	5	0.00	0.00	0.69	1.38	0.00
2	2	0.00	0.00	0.96	0.90	0.00
2	6	0.00	0.00	1.48	1.58	0.00
3	3	0.00	0.00	0.32	1.00	0.00
3	7	0.00	0.01	0.59	4.67	0.00
Core	CPU	C1%	C3%	C6%	C8%	C9%
-	-	0.00	0.03	8.55	3.28	0.00
0	0	0.01	0.14	64.66	21.55	0.00
0	4	0.00	0.00	0.65	0.00	0.00
1	1	0.00	0.01	0.23	0.51	0.00
1	5	0.00	0.00	0.09	0.90	0.00
2	2	0.00	0.00	0.38	1.10	0.00
2	6	0.00	0.03	1.05	0.89	0.00
3	3	0.00	0.00	0.44	0.90	0.00
3	7	0.00	0.03	0.88	0.43	0.00
Core	CPU	C1%	C3%	C6%	C8%	C9%
-	-	0.00	0.05	8.57	3.39	0.00
0	0	0.01	0.29	65.40	21.43	0.00
0	4	0.00	0.00	0.56	0.00	0.00
1	1	0.00	0.00	0.73	0.79	0.00
1	5	0.00	0.02	0.29	1.19	0.00
2	2	0.00	0.01	0.21	0.89	0.00
2	6	0.00	0.07	0.80	0.98	0.00
3	3	0.00	0.00	0.37	0.89	0.00
3	7	0.00	0.00	0.25	0.99	0.00
Core	CPU	C1%	C3%	C6%	C8%	C9%
-	-	0.00	0.03	8.66	3.55	0.00
0	0	0.01	0.18	65.32	21.59	0.00
0	4	0.00	0.00	0.76	0.11	0.00
1	1	0.00	0.00	0.84	1.59	0.00
1	5	0.00	0.00	0.24	0.99	0.00
2	2	0.00	0.03	0.49	1.00	0.00
2	6	0.00	0.04	1.00	0.40	0.00
3	3	0.00	0.00	0.29	0.78	0.00
3	7	0.00	0.00	0.35	1.97	0.00
Core	CPU	C1%	C3%	C6%	C8%	C9%
-	-	0.00	0.04	8.36	3.29	0.00
0	0	0.01	0.20	62.89	21.07	0.00
0	4	0.00	0.00	0.98	0.30	0.00
1	1	0.00	0.00	0.27	0.79	0.00
1	5	0.00	0.00	0.35	1.08	0.00
2	2	0.00	0.00	0.63	0.80	0.00
2	6	0.00	0.11	1.40	0.39	0.00
3	3	0.00	0.00	0.10	0.99	0.00
3	7	0.01	0.00	0.28	0.86	0.04
Core	CPU	C1%	C3%	C6%	C8%	C9%
-	-	0.00	0.03	8.57	3.53	0.00
0	0	0.01	0.17	65.49	21.42	0.00
0	4	0.00	0.02	0.49	0.00	0.00
1	1	0.00	0.00	0.10	0.89	0.00
1	5	0.00	0.00	0.19	0.99	0.00
2	2	0.00	0.00	0.36	2.27	0.00
2	6	0.00	0.01	1.43	0.79	0.00
3	3	0.00	0.00	0.33	0.89	0.00
3	7	0.00	0.00	0.20	1.03	0.00
Core	CPU	C1%	C3%	C6%	C8%	C9%
-	-	0.00	0.05	8.73	3.29	0.00
0	0	0.01	0.35	64.86	21.04	0.00
0	4	0.00	0.00	0.54	0.00	0.00
1	1	0.00	0.00	0.92	0.30	0.00
1	5	0.00	0.01	0.80	0.29	0.00
2	2	0.00	0.04	0.62	1.16	0.00
2	6	0.00	0.02	1.21	0.70	0.00
3	3	0.00	0.00	0.46	1.18	0.00
3	7	0.00	0.00	0.44	1.68	0.00
Core	CPU	C1%	C3%	C6%	C8%	C9%
-	-	0.00	0.16	8.83	3.15	0.00
0	0	0.01	1.23	66.07	19.52	0.00
0	4	0.00	0.00	0.77	0.21	0.00
1	1	0.00	0.00	0.92	1.27	0.00
1	5	0.00	0.00	0.34	1.19	0.00
2	2	0.00	0.03	1.20	0.69	0.00
2	6	0.00	0.02	0.77	0.10	0.00
3	3	0.00	0.00	0.19	1.09	0.00
3	7	0.00	0.00	0.36	1.17	0.00
Core	CPU	C1%	C3%	C6%	C8%	C9%
-	-	0.00	0.21	8.48	3.33	0.00
0	0	0.01	1.63	65.15	19.96	0.00
0	4	0.00	0.00	0.49	0.10	0.00
1	1	0.00	0.00	0.28	0.89	0.00
1	5	0.00	0.00	0.37	0.89	0.00
2	2	0.00	0.00	0.76	1.09	0.00
2	6	0.00	0.02	0.32	1.96	0.00
3	3	0.00	0.00	0.20	0.90	0.00
3	7	0.00	0.00	0.29	0.86	0.00
Core	CPU	C1%	C3%	C6%	C8%	C9%
-	-	0.00	0.20	8.18	3.18	0.00
0	0	0.01	1.62	62.30	19.92	0.00
0	4	0.00	0.00	0.42	0.11	0.00
1	1	0.00	0.00	0.10	0.79	0.00
1	5	0.00	0.00	0.19	0.99	0.00
2	2	0.00	0.00	0.88	0.69	0.00
2	6	0.00	0.00	0.94	0.79	0.00
3	3	0.00	0.00	0.32	0.99	0.00
3	7	0.01	0.00	0.23	1.14	0.00
Core	CPU	C1%	C3%	C6%	C8%	C9%
-	-	0.00	0.03	8.61	3.28	0.00
0	0	0.01	0.24	65.05	21.81	0.00
0	4	0.00	0.00	0.83	0.21	0.00
1	1	0.00	0.01	0.29	0.41	0.00
1	5	0.00	0.00	0.10	0.79	0.00
2	2	0.00	0.00	0.89	0.69	0.00
2	6	0.00	0.00	0.75	0.69	0.00
3	3	0.00	0.00	0.25	0.89	0.00
3	7	0.00	0.00	0.72	0.78	0.00
Core	CPU	C1%	C3%	C6%	C8%	C9%
-	-	0.00	0.05	8.53	3.41	0.21
0	0	0.01	0.35	65.09	20.77	0.88
0	4	0.00	0.00	0.26	0.31	0.00
1	1	0.00	0.00	1.06	1.48	0.00
1	5	0.00	0.00	0.14	0.40	0.00
2	2	0.00	0.01	0.81	0.31	0.00
2	6	0.00	0.00	0.10	0.89	0.00
3	3	0.00	0.00	0.28	0.98	0.00
3	7	0.00	0.01	0.52	2.16	0.81
Core	CPU	C1%	C3%	C6%	C8%	C9%
-	-	0.01	0.03	8.72	3.36	0.00
0	0	0.01	0.21	65.03	21.84	0.00
0	4	0.00	0.00	0.86	0.11	0.00
1	1	0.00	0.00	0.29	0.90	0.00
1	5	0.00	0.00	0.34	0.90	0.00
2	2	0.00	0.03	1.31	0.70	0.00
2	6	0.10	0.01	0.88	0.40	0.00
3	3	0.00	0.00	0.19	1.19	0.00
3	7	0.00	0.01	0.81	0.85	0.01
Core	CPU	C1%	C3%	C6%	C8%	C9%
-	-	0.00	0.01	8.74	3.34	0.00
0	0	0.01	0.12	65.37	21.62	0.00
0	4	0.00	0.00	0.59	0.00	0.00
1	1	0.00	0.00	0.29	0.89	0.00
1	5	0.00	0.00	0.49	0.88	0.00
2	2	0.00	0.00	1.18	0.60	0.00
2	6	0.00	0.00	0.77	1.49	0.00
3	3	0.00	0.00	0.32	0.90	0.00
3	7	0.00	0.00	0.89	0.34	0.00
Core	CPU	C1%	C3%	C6%	C8%	C9%
-	-	0.00	0.03	8.28	3.12	0.00
0	0	0.01	0.25	63.46	20.44	0.00
0	4	0.00	0.00	0.64	0.00	0.00
1	1	0.00	0.00	0.22	0.40	0.00
1	5	0.00	0.00	0.10	0.40	0.00
2	2	0.00	0.00	0.80	0.99	0.00
2	6	0.00	0.00	0.35	0.99	0.00
3	3	0.00	0.00	0.35	0.79	0.00
3	7	0.00	0.00	0.27	0.99	0.00
Core	CPU	C1%	C3%	C6%	C8%	C9%
-	-	0.00	0.05	8.74	3.48	0.00
0	0	0.01	0.33	65.58	21.18	0.00
0	4	0.00	0.00	0.88	0.00	0.00
1	1	0.00	0.00	0.86	0.89	0.00
1	5	0.00	0.00	0.24	0.89	0.00
2	2	0.00	0.02	1.01	0.60	0.00
2	6	0.00	0.02	0.72	1.99	0.00
3	3	0.00	0.00	0.40	0.98	0.00
3	7	0.00	0.00	0.26	1.27	0.00
Core	CPU	C1%	C3%	C6%	C8%	C9%
-	-	0.00	0.04	8.42	3.38	0.11
0	0	0.02	0.32	64.60	21.32	0.00
0	4	0.00	0.00	0.49	0.00	0.00
1	1	0.00	0.00	0.27	0.89	0.00
1	5	0.00	0.00	0.36	0.89	0.00
2	2	0.00	0.00	0.95	0.70	0.00
2	6	0.00	0.00	0.31	1.39	0.89
3	3	0.00	0.00	0.09	1.00	0.00
3	7	0.00	0.00	0.28	0.84	0.00
Core	CPU	C1%	C3%	C6%	C8%	C9%
-	-	0.00	0.02	8.66	3.28	0.00
0	0	0.01	0.17	65.12	21.85	0.00
0	4	0.00	0.00	0.64	0.00	0.00
1	1	0.00	0.01	0.39	0.81	0.00
1	5	0.00	0.00	0.10	0.90	0.00
2	2	0.00	0.00	0.80	0.79	0.00
2	6	0.00	0.00	0.52	1.09	0.00
3	3	0.00	0.00	0.84	0.39	0.00
3	7	0.00	0.01	0.89	0.43	0.00
Core	CPU	C1%	C3%	C6%	C8%	C9%
-	-	0.01	0.05	8.51	3.36	0.00
0	0	0.07	0.35	65.20	21.51	0.00
0	4	0.00	0.00	0.24	0.31	0.00
1	1	0.00	0.00	0.23	0.30	0.00
1	5	0.00	0.02	0.10	0.79	0.00
2	2	0.00	0.02	0.91	0.00	0.00
2	6	0.00	0.00	0.38	1.29	0.00
3	3	0.00	0.00	0.56	1.39	0.00
3	7	0.00	0.00	0.44	1.29	0.00
Core	CPU	C1%	C3%	C6%	C8%	C9%
-	-	0.00	0.05	8.45	3.59	0.00
0	0	0.01	0.33	62.66	21.08	0.00
0	4	0.00	0.00	0.87	0.00	0.00
1	1	0.00	0.00	1.06	1.88	0.00
1	5	0.00	0.00	0.33	1.18	0.00
2	2	0.00	0.02	0.80	0.49	0.00
2	6	0.00	0.01	0.37	1.96	0.00
3	3	0.00	0.00	0.29	0.98	0.00
3	7	0.00	0.03	1.19	1.16	0.00
Core	CPU	C1%	C3%	C6%	C8%	C9%
-	-	0.00	0.05	8.75	3.44	0.00
0	0	0.01	0.36	65.43	21.32	0.00
0	4	0.00	0.00	0.89	0.00	0.00
1	1	0.00	0.00	0.28	1.68	0.00
1	5	0.00	0.00	0.36	1.18	0.00
2	2	0.00	0.00	1.15	0.60	0.00
2	6	0.00	0.03	0.95	0.99	0.00
3	3	0.00	0.00	0.19	1.10	0.00
3	7	0.00	0.00	0.77	0.63	0.00
Core	CPU	C1%	C3%	C6%	C8%	C9%
-	-	0.02	0.07	8.68	3.54	0.00
0	0	0.02	0.53	65.13	20.92	0.00
0	4	0.00	0.03	0.59	0.00	0.00
1	1	0.00	0.00	0.20	0.50	0.00
1	5	0.00	0.00	0.38	1.06	0.00
2	2	0.07	0.00	1.51	0.98	0.00
2	6	0.08	0.01	1.13	2.29	0.00
3	3	0.00	0.00	0.23	0.90	0.00
3	7	0.00	0.03	0.25	1.66	0.00
Core	CPU	C1%	C3%	C6%	C8%	C9%
-	-	0.00	0.10	8.73	7.14	0.00
0	0	0.02	0.73	64.59	21.71	0.00
0	4	0.00	0.00	0.55	0.00	0.00
1	1	0.00	0.00	1.77	3.37	0.00
1	5	0.00	0.02	0.50	0.00	0.00
2	2	0.00	0.00	0.71	0.41	0.00
2	6	0.00	0.00	0.28	1.41	0.00
3	3	0.00	0.00	0.37	0.79	0.00
3	7	0.01	0.03	1.08	29.44	0.00
Core	CPU	C1%	C3%	C6%	C8%	C9%
-	-	0.00	0.03	8.69	3.39	0.00
0	0	0.02	0.24	65.23	21.59	0.00
0	4	0.00	0.00	0.96	0.00	0.00
1	1	0.00	0.00	0.48	1.20	0.00
1	5	0.00	0.00	0.93	0.59	0.00
2	2	0.00	0.03	0.70	1.00	0.00
2	6	0.00	0.00	0.20	1.18	0.00
3	3	0.00	0.00	0.29	0.79	0.00
3	7	0.00	0.00	0.75	0.77	0.00
Core	CPU	C1%	C3%	C6%	C8%	C9%
-	-	0.00	0.04	8.32	3.49	0.00
0	0	0.02	0.34	63.09	20.66	0.00
0	4	0.00	0.00	0.99	0.00	0.00
1	1	0.00	0.00	0.28	1.67	0.00
1	5	0.00	0.00	0.55	1.09	0.00
2	2	0.00	0.00	0.85	1.20	0.00
2	6	0.00	0.00	0.21	1.09	0.00
3	3	0.00	0.00	0.30	0.99	0.00
3	7	0.01	0.00	0.28	1.23	0.00
Core	CPU	C1%	C3%	C6%	C8%	C9%
-	-	0.00	0.08	8.66	3.67	0.00
0	0	0.04	0.61	65.22	21.57	0.00
0	4	0.00	0.03	0.49	0.00	0.00
1	1	0.00	0.00	0.19	0.71	0.00
1	5	0.00	0.00	0.18	0.99	0.00
2	2	0.00	0.00	1.45	1.89	0.00
2	6	0.00	0.00	0.35	0.89	0.00
3	3	0.00	0.00	0.78	1.20	0.00
3	7	0.00	0.00	0.66	2.12	0.00
Core	CPU	C1%	C3%	C6%	C8%	C9%
-	-	0.00	0.04	8.50	3.23	0.10
0	0	0.02	0.28	64.77	21.21	0.00
0	4	0.00	0.04	0.50	0.00	0.00
1	1	0.00	0.01	0.29	0.21	0.00
1	5	0.00	0.00	0.10	0.79	0.00
2	2	0.00	0.00	0.80	0.80	0.00
2	6	0.00	0.00	0.53	0.89	0.81
3	3	0.00	0.00	0.25	0.89	0.00
3	7	0.00	0.00	0.80	1.09	0.00
Core	CPU	C1%	C3%	C6%	C8%	C9%
-	-	0.00	0.04	8.63	3.38	0.00
0	0	0.01	0.25	65.10	21.70	0.00
0	4	0.00	0.00	0.46	0.11	0.00
1	1	0.00	0.03	0.77	1.28	0.00
1	5	0.00	0.00	0.22	0.89	0.00
2	2	0.00	0.01	1.07	0.09	0.00
2	6	0.00	0.00	0.20	0.98	0.00
3	3	0.00	0.00	0.37	0.79	0.00
3	7	0.00	0.00	0.84	1.18	0.00
Core	CPU	C1%	C3%	C6%	C8%	C9%
-	-	0.00	0.03	8.67	3.39	0.00
0	0	0.01	0.16	65.33	21.61	0.00
0	4	0.00	0.00	0.87	0.31	0.00
1	1	0.00	0.00	0.56	0.69	0.00
1	5	0.00	0.00	0.15	0.99	0.00
2	2	0.00	0.05	1.11	0.59	0.00
2	6	0.00	0.00	0.67	1.09	0.00
3	3	0.00	0.00	0.29	1.08	0.00
3	7	0.00	0.00	0.36	0.78	0.00
Core	CPU	C1%	C3%	C6%	C8%	C9%
-	-	0.00	0.03	8.26	3.37	0.42
0	0	0.01	0.22	63.04	20.85	3.33
0	4	0.00	0.00	0.39	0.10	0.00
1	1	0.00	0.00	0.29	1.08	0.00
1	5	0.00	0.00	0.66	1.18	0.00
2	2	0.00	0.03	0.75	0.89	0.00
2	6	0.00	0.00	0.33	1.28	0.00
3	3	0.00	0.02	0.29	0.90	0.00
3	7	0.01	0.00	0.29	0.64	0.00
Core	CPU	C1%	C3%	C6%	C8%	C9%
-	-	0.00	0.02	8.50	3.35	0.00
0	0	0.03	0.11	65.20	21.80	0.00
0	4	0.00	0.04	0.60	0.00	0.00
1	1	0.00	0.01	0.29	0.21	0.00
1	5	0.00	0.00	0.10	0.79	0.00
2	2	0.00	0.00	0.60	1.09	0.00
2	6	0.00	0.01	0.55	1.19	0.00
3	3	0.00	0.00	0.25	0.89	0.00
3	7	0.00	0.00	0.42	0.80	0.00
Core	CPU	C1%	C3%	C6%	C8%	C9%
-	-	0.00	0.04	8.79	3.41	0.12
0	0	0.02	0.28	64.67	21.20	0.00
0	4	0.00	0.00	0.97	0.00	0.00
1	1	0.00	0.00	1.61	1.10	0.00
1	5	0.00	0.00	0.23	1.09	0.00
2	2	0.00	0.02	1.10	0.38	0.00
2	6	0.00	0.01	1.16	0.29	0.98
3	3	0.00	0.00	0.29	0.88	0.00
3	7	0.00	0.01	0.26	2.36	0.00
Core	CPU	C1%	C3%	C6%	C8%	C9%
-	-	0.00	0.04	8.61	3.49	0.00
0	0	0.02	0.31	64.92	21.82	0.00
0	4	0.00	0.00	0.60	0.00	0.00
1	1	0.00	0.00	0.38	1.19	0.00
1	5	0.00	0.00	0.46	1.19	0.00
2	2	0.00	0.01	1.36	0.96	0.00
2	6	0.00	0.00	0.71	1.09	0.00
3	3	0.00	0.00	0.10	1.09	0.00
3	7	0.00	0.00	0.39	0.55	0.00
Core	CPU	C1%	C3%	C6%	C8%	C9%
-	-	0.00	0.04	8.56	3.24	0.00
0	0	0.02	0.36	65.47	21.22	0.00
0	4	0.00	0.00	0.53	0.00	0.00
1	1	0.00	0.00	0.10	0.60	0.00
1	5	0.00	0.00	0.20	0.99	0.00
2	2	0.00	0.00	1.18	0.50	0.00
2	6	0.00	0.00	0.35	0.99	0.00
3	3	0.00	0.00	0.23	0.90	0.00
3	7	0.00	0.00	0.40	0.72	0.00
Core	CPU	C1%	C3%	C6%	C8%	C9%
-	-	0.00	0.04	8.22	3.24	0.00
0	0	0.01	0.25	62.88	20.93	0.00
0	4	0.00	0.00	0.55	0.00	0.00
1	1	0.00	0.00	0.25	0.70	0.00
1	5	0.00	0.02	0.19	0.89	0.00
2	2	0.00	0.02	0.71	0.40	0.00
2	6	0.00	0.00	0.27	0.99	0.00
3	3	0.00	0.00	0.45	1.10	0.00
3	7	0.00	0.01	0.48	0.89	0.00
Core	CPU	C1%	C3%	C6%	C8%	C9%
-	-	0.00	0.04	8.66	3.46	0.00
0	0	0.04	0.26	65.17	21.58	0.00
0	4	0.00	0.00	0.89	0.00	0.00
1	1	0.00	0.00	0.78	0.99	0.00
1	5	0.00	0.00	0.46	0.69	0.00
2	2	0.00	0.00	0.76	1.11	0.00
2	6	0.00	0.02	0.20	1.19	0.00
3	3	0.00	0.00	0.10	1.29	0.00
3	7	0.00	0.00	0.93	0.86	0.00
Core	CPU	C1%	C3%	C6%	C8%	C9%
-	-	0.00	0.06	8.59	3.50	0.09
0	0	0.01	0.47	64.77	21.14	0.75
0	4	0.00	0.02	0.88	0.21	0.00
1	1	0.00	0.00	0.39	0.89	0.00
1	5	0.00	0.00	0.30	0.99	0.00
2	2	0.00	0.00	1.17	0.89	0.00
2	6	0.00	0.00	0.43	1.38	0.00
3	3	0.00	0.00	0.50	1.10	0.00
3	7	0.00	0.00	0.30	1.38	0.00
Core	CPU	C1%	C3%	C6%	C8%	C9%
-	-	0.00	0.15	8.70	3.10	0.00
0	0	0.01	1.20	65.83	19.74	0.00
0	4	0.00	0.00	0.52	0.00	0.00
1	1	0.00	0.00	0.64	0.70	0.00
1	5	0.00	0.02	0.59	0.29	0.00
2	2	0.00	0.01	1.11	0.20	0.00
2	6	0.00	0.00	0.29	1.28	0.00
3	3	0.00	0.00	0.36	1.19	0.00
3	7	0.00	0.00	0.23	1.38	0.00
Core	CPU	C1%	C3%	C6%	C8%	C9%
-	-	0.00	0.21	8.57	3.62	0.00
0	0	0.01	1.65	65.01	20.05	0.00
0	4	0.00	0.00	0.67	0.50	0.00
1	1	0.00	0.00	0.45	1.09	0.00
1	5	0.00	0.00	0.34	0.89	0.00
2	2	0.00	0.02	0.61	1.20	0.00
2	6	0.00	0.02	0.47	2.67	0.00
3	3	0.00	0.00	0.63	1.49	0.00
3	7	0.00	0.00	0.40	1.08	0.00
Core	CPU	C1%	C3%	C6%	C8%	C9%
-	-	0.00	0.16	8.30	3.15	0.00
0	0	0.01	1.23	62.77	19.87	0.00
0	4	0.00	0.00	0.39	0.20	0.00
1	1	0.00	0.00	0.74	1.08	0.00
1	5	0.00	0.00	0.36	0.78	0.00
2	2	0.00	0.02	1.03	0.60	0.00
2	6	0.00	0.00	0.15	0.99	0.00
3	3	0.00	0.00	0.59	0.99	0.00
3	7	0.00	0.00	0.38	0.68	0.00
Core	CPU	C1%	C3%	C6%	C8%	C9%
-	-	0.00	0.03	8.65	3.50	0.00
0	0	0.02	0.20	65.19	21.67	0.00
0	4	0.00	0.00	0.50	0.00	0.00
1	1	0.00	0.00	0.49	0.99	0.00
1	5	0.00	0.00	0.37	1.28	0.00
2	2	0.00	0.00	1.36	0.60	0.00
2	6	0.00	0.00	0.62	0.89	0.00
3	3	0.00	0.02	0.39	1.18	0.00
3	7	0.00	0.00	0.30	1.38	0.00
Core	CPU	C1%	C3%	C6%	C8%	C9%
-	-	0.01	0.07	8.52	3.25	0.00
0	0	0.03	0.46	64.38	21.45	0.00
0	4	0.00	0.00	0.63	0.00	0.00
1	1	0.00	0.02	0.29	0.80	0.00
1	5	0.00	0.00	0.59	0.30	0.00
2	2	0.06	0.00	1.51	0.79	0.00
2	6	0.00	0.00	0.27	0.98	0.00
3	3	0.00	0.05	0.20	1.09	0.00
3	7	0.00	0.02	0.29	0.63	0.00
Core	CPU	C1%	C3%	C6%	C8%	C9%
-	-	0.00	0.03	8.77	3.47	0.00
0	0	0.01	0.25	65.11	21.72	0.00
0	4	0.00	0.00	0.55	0.00	0.00
1	1	0.00	0.00	0.82	0.40	0.00
1	5	0.00	0.01	0.79	0.30	0.00
2	2	0.00	0.00	1.21	0.89	0.00
2	6	0.00	0.00	0.54	1.59	0.00
3	3	0.00	0.00	0.46	1.28	0.00
3	7	0.00	0.00	0.67	1.58	0.00
Core	CPU	C1%	C3%	C6%	C8%	C9%
-	-	0.00	0.04	8.86	3.34	0.00
0	0	0.01	0.31	65.48	21.26	0.00
0	4	0.00	0.00	0.98	0.00	0.00
1	1	0.00	0.00	1.16	0.60	0.00
1	5	0.00	0.00	0.55	0.89	0.00
2	2	0.00	0.04	1.63	0.69	0.00
2	6	0.00	0.00	0.70	0.69	0.00
3	3	0.00	0.00	0.19	1.18	0.00
3	7	0.00	0.00	0.19	1.43	0.00
Core	CPU	C1%	C3%	C6%	C8%	C9%
-	-	0.01	0.15	8.86	6.23	0.00
0	0	0.01	0.93	62.84	20.35	0.00
0	4	0.00	0.00	0.49	0.00	0.00
1	1	0.00	0.00	3.01	4.73	0.00
1	5	0.00	0.00	0.37	0.89	0.00
2	2	0.00	0.03	1.24	0.39	0.00
2	6	0.00	0.00	0.71	0.69	0.00
3	3	0.00	0.01	0.79	0.40	0.00
3	7	0.04	0.25	1.46	22.40	0.00
Core	CPU	C1%	C3%	C6%	C8%	C9%
-	-	0.00	0.04	8.61	3.56	3.78
0	0	0.02	0.30	65.35	21.42	0.00
0	4	0.00	0.00	0.54	0.00	30.25
1	1	0.00	0.00	0.52	0.40	0.00
1	5	0.00	0.00	0.00	0.50	0.00
2	2	0.00	0.02	0.91	0.98	0.00
2	6	0.00	0.00	0.28	0.98	0.00
3	3	0.00	0.00	0.55	0.98	0.00
3	7	0.00	0.03	0.78	3.20	0.00
Core	CPU	C1%	C3%	C6%	C8%	C9%
-	-	0.00	0.04	8.47	3.24	0.00
0	0	0.02	0.30	64.89	21.08	0.00
0	4	0.00	0.00	0.67	0.00	0.00
1	1	0.00	0.00	0.35	0.79	0.00
1	5	0.00	0.00	0.14	0.59	0.00
2	2	0.00	0.03	0.82	0.60	0.00
2	6	0.00	0.00	0.28	0.90	0.00
3	3	0.00	0.00	0.28	0.99	0.00
3	7	0.00	0.00	0.36	0.96	0.00
Core	CPU	C1%	C3%	C6%	C8%	C9%
-	-	0.00	0.04	8.65	3.56	0.00
0	0	0.02	0.22	64.98	21.85	0.00
0	4	0.00	0.00	0.50	0.00	0.00
1	1	0.00	0.03	0.90	1.58	0.00
1	5	0.00	0.00	0.27	0.89	0.00
2	2	0.00	0.00	1.37	0.69	0.00
2	6	0.00	0.01	0.24	0.99	0.00
3	3	0.00	0.02	0.69	0.60	0.00
3	7	0.00	0.00	0.22	1.92	0.00
Core	CPU	C1%	C3%	C6%	C8%	C9%
-	-	0.01	0.02	8.68	3.34	0.00
0	0	0.03	0.10	65.15	21.81	0.00
0	4	0.00	0.00	0.81	0.11	0.00
1	1	0.00	0.01	0.60	0.69	0.00
1	5	0.00	0.00	0.19	0.90	0.00
2	2	0.00	0.01	1.08	0.59	0.00
2	6	0.08	0.00	0.95	0.89	0.00
3	3	0.00	0.00	0.25	0.89	0.00
3	7	0.00	0.00	0.37	0.80	0.00
Core	CPU	C1%	C3%	C6%	C8%	C9%
-	-	0.01	0.05	8.18	3.37	0.00
0	0	0.03	0.40	62.81	20.87	0.00
0	4	0.00	0.00	0.67	0.30	0.00
1	1	0.00	0.00	0.35	1.09	0.00
1	5	0.00	0.00	0.13	0.99	0.00
2	2	0.00	0.03	0.70	0.80	0.00
2	6	0.00	0.00	0.29	1.09	0.00
3	3	0.00	0.00	0.28	0.89	0.00
3	7	0.01	0.00	0.25	0.98	0.00
Core	CPU	C1%	C3%	C6%	C8%	C9%
-	-	0.00	0.03	8.64	3.41	0.00
0	0	0.04	0.25	65.12	21.67	0.00
0	4	0.00	0.00	0.29	0.60	0.00
1	1	0.00	0.00	0.56	0.40	0.00
1	5	0.00	0.00	0.25	0.89	0.00
2	2	0.00	0.00	1.34	0.40	0.00
2	6	0.00	0.02	1.05	0.69	0.00
3	3	0.00	0.00	0.20	1.19	0.00
3	7	0.00	0.00	0.27	1.45	0.00
Core	CPU	C1%	C3%	C6%	C8%	C9%
-	-	0.00	0.04	8.46	3.50	0.23
0	0	0.03	0.30	64.65	21.23	0.91
0	4	0.00	0.00	0.49	0.00	0.00
1	1	0.00	0.00	0.55	1.59	0.00
1	5	0.00	0.00	0.28	1.08	0.00
2	2	0.00	0.00	0.87	0.99	0.00
2	6	0.00	0.00	0.24	1.09	0.00
3	3	0.00	0.03	0.31	0.79	0.89
3	7	0.00	0.00	0.28	1.23	0.00
Core	CPU	C1%	C3%	C6%	C8%	C9%
-	-	0.00	0.12	8.49	3.22	0.00
0	0	0.03	0.86	64.94	21.08	0.00
0	4	0.00	0.04	0.49	0.00	0.00
1	1	0.00	0.01	0.29	0.80	0.00
1	5	0.00	0.00	0.10	0.80	0.00
2	2	0.00	0.02	0.79	0.79	0.00
2	6	0.00	0.00	0.35	0.99	0.00
3	3	0.00	0.00	0.64	0.50	0.00
3	7	0.00	0.00	0.33	0.80	0.00
Core	CPU	C1%	C3%	C6%	C8%	C9%
-	-	0.00	0.11	8.52	3.38	0.05
0	0	0.02	0.85	65.34	20.74	0.00
0	4	0.00	0.00	0.97	0.29	0.41
1	1	0.00	0.00	0.45	1.08	0.00
1	5	0.00	0.00	0.24	1.19	0.00
2	2	0.00	0.04	0.61	0.89	0.00
2	6	0.00	0.00	0.10	0.90	0.00
3	3	0.00	0.00	0.18	0.99	0.00
3	7	0.00	0.00	0.25	0.98	0.00
Core	CPU	C1%	C3%	C6%	C8%	C9%
-	-	0.00	0.12	8.30	3.28	1.59
0	0	0.01	0.89	62.73	20.37	0.00
0	4	0.00	0.00	0.68	0.51	9.29
1	1	0.00	0.00	0.75	0.70	0.00
1	5	0.00	0.00	0.45	1.18	0.00
2	2	0.00	0.04	0.62	1.10	0.00
2	6	0.00	0.02	0.48	0.80	0.00
3	3	0.00	0.00	0.19	0.90	0.00
3	7	0.00	0.00	0.52	0.66	3.44
Core	CPU	C1%	C3%	C6%	C8%	C9%
-	-	0.00	0.03	8.63	3.55	0.00
0	0	0.03	0.21	65.15	21.67	0.00
0	4	0.00	0.02	0.19	0.31	0.00
1	1	0.00	0.00	0.81	1.30	0.00
1	5	0.00	0.00	0.97	0.80	0.00
2	2	0.00	0.01	0.68	1.19	0.00
2	6	0.00	0.00	0.44	0.90	0.00
3	3	0.00	0.00	0.61	0.90	0.00
3	7	0.00	0.00	0.19	1.32	0.00
Core	CPU	C1%	C3%	C6%	C8%	C9%
-	-	0.00	0.02	8.43	3.23	0.00
0	0	0.03	0.11	64.48	21.57	0.00
0	4	0.00	0.01	0.55	0.00	0.00
1	1	0.00	0.00	0.31	0.40	0.00
1	5	0.00	0.00	0.10	0.79	0.00
2	2	0.00	0.03	0.77	0.59	0.00
2	6	0.00	0.00	0.45	0.59	0.00
3	3	0.00	0.00	0.43	0.97	0.00
3	7	0.00	0.02	0.33	0.89	0.00
Core	CPU	C1%	C3%	C6%	C8%	C9%
-	-	0.01	0.04	8.52	3.42	0.00
0	0	0.06	0.25	64.98	21.74	0.00
0	4	0.00	0.00	0.88	0.21	0.00
1	1	0.00	0.00	0.27	0.89	0.00
1	5	0.00	0.00	0.45	0.89	0.00
2	2	0.00	0.04	0.53	0.99	0.00
2	6	0.00	0.00	0.22	1.09	0.00
3	3	0.00	0.00	0.10	1.09	0.00
3	7	0.00	0.00	0.69	0.46	0.00
Core	CPU	C1%	C3%	C6%	C8%	C9%
-	-	0.01	0.02	8.50	3.41	0.00
0	0	0.08	0.10	64.98	21.91	0.00
0	4	0.00	0.02	0.50	0.00	0.00
1	1	0.00	0.00	0.29	0.50	0.00
1	5	0.00	0.00	0.38	1.09	0.00
2	2	0.00	0.00	0.79	0.99	0.00
2	6	0.00	0.00	0.24	1.09	0.00
3	3	0.00	0.00	0.41	0.99	0.00
3	7	0.00	0.00	0.39	0.72	0.00
Core	CPU	C1%	C3%	C6%	C8%	C9%
-	-	0.00	0.03	8.27	3.54	0.00
0	0	0.04	0.15	62.59	21.21	0.00
0	4	0.00	0.00	0.55	0.00	0.00
1	1	0.00	0.00	1.11	1.10	0.00
1	5	0.00	0.10	0.12	0.30	0.00
2	2	0.00	0.02	0.42	1.07	0.00
2	6	0.00	0.00	0.30	1.27	0.00
3	3	0.00	0.00	0.66	0.89	0.00
3	7	0.00	0.00	0.38	2.46	0.00
Core	CPU	C1%	C3%	C6%	C8%	C9%
-	-	0.00	0.01	8.65	3.35	0.00
0	0	0.03	0.06	65.23	21.78	0.00
0	4	0.00	0.00	0.68	0.19	0.00
1	1	0.00	0.00	0.26	0.99	0.00
1	5	0.00	0.00	0.15	0.99	0.00
2	2	0.00	0.04	1.04	0.66	0.00
2	6	0.00	0.01	1.18	0.30	0.00
3	3	0.00	0.00	0.30	1.09	0.00
3	7	0.00	0.00	0.38	0.76	0.00
Core	CPU	C1%	C3%	C6%	C8%	C9%
-	-	0.00	0.04	8.58	3.53	0.11
0	0	0.02	0.26	64.63	21.28	0.00
0	4	0.00	0.00	0.60	0.00	0.89
1	1	0.00	0.00	0.29	1.29	0.00
1	5	0.00	0.00	0.77	1.19	0.00
2	2	0.00	0.00	1.17	0.97	0.00
2	6	0.00	0.00	0.14	1.19	0.00
3	3	0.00	0.03	0.73	1.09	0.00
3	7	0.00	0.00	0.29	1.24	0.00
Core	CPU	C1%	C3%	C6%	C8%	C9%
-	-	0.00	0.06	8.81	3.49	0.15
0	0	0.02	0.41	65.58	20.96	0.00
0	4	0.00	0.00	0.60	0.21	1.19
1	1	0.00	0.01	0.39	0.70	0.00
1	5	0.00	0.00	0.29	1.38	0.00
2	2	0.00	0.00	1.38	0.80	0.00
2	6	0.00	0.00	1.24	1.18	0.00
3	3	0.00	0.00	0.74	1.38	0.00
3	7	0.00	0.03	0.29	1.31	0.00
Core	CPU	C1%	C3%	C6%	C8%	C9%
-	-	0.00	0.04	8.56	3.50	0.00
0	0	0.03	0.25	65.10	21.69	0.00
0	4	0.00	0.00	0.62	0.40	0.00
1	1	0.00	0.00	0.37	1.68	0.00
1	5	0.00	0.04	0.40	0.89	0.00
2	2	0.00	0.00	0.89	0.49	0.00
2	6	0.00	0.00	0.19	0.99	0.00
3	3	0.00	0.00	0.65	0.50	0.00
3	7	0.00	0.00	0.23	1.38	0.00
Core	CPU	C1%	C3%	C6%	C8%	C9%
-	-	0.00	0.04	8.46	3.37	0.00
0	0	0.03	0.28	63.25	20.54	0.00
0	4	0.00	0.00	1.07	0.00	0.00
1	1	0.00	0.00	0.65	0.79	0.00
1	5	0.00	0.00	0.24	1.29	0.00
2	2	0.00	0.02	1.11	0.79	0.00
2	6	0.00	0.00	0.28	1.19	0.00
3	3	0.00	0.00	0.78	1.28	0.00
3	7	0.01	0.00	0.27	1.05	0.00
Core	CPU	C1%	C3%	C6%	C8%	C9%
-	-	0.00	0.06	8.56	3.46	0.00
0	0	0.02	0.33	64.80	21.91	0.00
0	4	0.00	0.00	0.50	0.10	0.00
1	1	0.00	0.00	0.29	1.19	0.00
1	5	0.00	0.00	0.76	1.10	0.00
2	2	0.00	0.04	1.35	0.48	0.00
2	6	0.00	0.00	0.24	1.09	0.00
3	3	0.00	0.12	0.30	0.89	0.00
3	7	0.00	0.00	0.28	0.95	0.00
Core	CPU	C1%	C3%	C6%	C8%	C9%
-	-	0.00	0.05	8.60	3.41	0.11
0	0	0.03	0.36	64.79	21.10	0.00
0	4	0.00	0.02	1.20	0.12	0.89
1	1	0.00	0.00	0.29	0.89	0.00
1	5	0.00	0.00	0.20	0.98	0.00
2	2	0.00	0.03	1.27	0.39	0.00
2	6	0.00	0.00	0.45	0.79	0.00
3	3	0.00	0.00	0.42	1.09	0.00
3	7	0.00	0.02	0.19	1.90	0.00
Core	CPU	C1%	C3%	C6%	C8%	C9%
-	-	0.00	0.21	8.67	7.03	1.06
0	0	0.02	1.36	65.41	20.40	0.00
0	4	0.00	0.00	0.75	0.68	8.47
1	1	0.00	0.00	0.38	2.38	0.00
1	5	0.00	0.02	0.63	0.49	0.00
2	2	0.00	0.04	0.39	0.70	0.00
2	6	0.00	0.00	0.30	1.08	0.00
3	3	0.00	0.00	0.27	0.88	0.00
3	7	0.01	0.28	1.23	29.59	0.00
Core	CPU	C1%	C3%	C6%	C8%	C9%
-	-	0.00	0.03	8.87	3.41	0.00
0	0	0.01	0.25	65.50	21.26	0.00
0	4	0.00	0.00	0.88	0.00	0.00
1	1	0.00	0.00	0.36	0.99	0.00
1	5	0.00	0.00	0.74	0.98	0.00
2	2	0.00	0.00	1.25	0.88	0.00
2	6	0.00	0.01	1.08	0.69	0.00
3	3	0.00	0.00	0.47	1.58	0.00
3	7	0.00	0.00	0.70	0.93	0.00
Core	CPU	C1%	C3%	C6%	C8%	C9%
-	-	0.00	0.01	8.26	3.13	0.00
0	0	0.01	0.07	62.95	21.09	0.00
0	4	0.00	0.02	0.49	0.00	0.00
1	1	0.00	0.00	0.10	0.40	0.00
1	5	0.00	0.00	0.19	0.99	0.00
2	2	0.00	0.00	1.31	0.31	0.00
2	6	0.00	0.01	0.53	0.40	0.00
3	3	0.00	0.00	0.32	0.89	0.00
3	7	0.01	0.00	0.20	0.93	0.00
Core	CPU	C1%	C3%	C6%	C8%	C9%
-	-	0.00	0.02	8.76	3.20	0.00
0	0	0.01	0.11	65.28	21.70	0.00
0	4	0.00	0.00	0.54	0.00	0.00
1	1	0.00	0.00	0.73	0.19	0.00
1	5	0.00	0.01	0.80	0.30	0.00
2	2	0.00	0.00	1.41	0.60	0.00
2	6	0.00	0.00	0.76	0.50	0.00
3	3	0.00	0.00	0.36	1.19	0.00
3	7	0.00	0.00	0.24	1.10	0.00
Core	CPU	C1%	C3%	C6%	C8%	C9%
-	-	0.00	0.07	8.76	3.56	0.00
0	0	0.01	0.51	64.37	21.28	0.00
0	4	0.00	0.00	0.77	0.20	0.00
1	1	0.00	0.00	1.01	0.79	0.00
1	5	0.00	0.00	0.63	0.79	0.00
2	2	0.00	0.03	0.95	0.89	0.00
2	6	0.00	0.00	0.30	1.39	0.00
3	3	0.00	0.00	1.14	1.38	0.00
3	7	0.00	0.01	0.93	1.78	0.00
Core	CPU	C1%	C3%	C6%	C8%	C9%
-	-	0.00	0.03	8.76	3.47	0.00
0	0	0.01	0.18	65.48	21.35	0.00
0	4	0.00	0.00	0.88	0.00	0.00
1	1	0.00	0.00	0.46	1.09	0.00
1	5	0.00	0.00	0.44	1.48	0.00
2	2	0.00	0.03	1.23	0.59	0.00
2	6	0.00	0.00	0.90	1.30	0.00
3	3	0.00	0.00	0.30	1.08	0.00
3	7	0.00	0.00	0.37	0.86	0.00
Core	CPU	C1%	C3%	C6%	C8%	C9%
-	-	0.00	0.05	8.56	3.43	0.00
0	0	0.00	0.37	65.53	21.10	0.00
0	4	0.00	0.01	0.50	0.00	0.00
1	1	0.00	0.00	0.40	0.98	0.00
1	5	0.00	0.00	0.57	1.18	0.00
2	2	0.00	0.01	0.78	0.99	0.00
2	6	0.00	0.00	0.24	1.39	0.00
3	3	0.00	0.02	0.20	0.89	0.00
3	7	0.00	0.00	0.25	0.94	0.00
Core	CPU	C1%	C3%	C6%	C8%	C9%
-	-	0.00	0.02	8.41	3.20	0.00
0	0	0.01	0.14	63.19	20.80	0.00
0	4	0.00	0.00	0.42	0.20	0.00
1	1	0.00	0.00	0.10	0.60	0.00
1	5	0.00	0.00	0.19	0.99	0.00
2	2	0.00	0.00	0.70	0.89	0.00
2	6	0.00	0.00	0.94	0.49	0.00
3	3	0.00	0.00	0.93	0.79	0.00
3	7	0.00	0.03	0.79	0.81	0.00
Core	CPU	C1%	C3%	C6%	C8%	C9%
-	-	0.00	0.05	8.65	3.53	0.00
0	0	0.01	0.39	65.52	21.11	0.00
0	4	0.00	0.00	0.44	0.11	0.00
1	1	0.00	0.00	0.23	0.80	0.00
1	5	0.00	0.00	0.52	0.59	0.00
2	2	0.00	0.02	0.50	0.99	0.00
2	6	0.00	0.00	0.49	1.97	0.00
3	3	0.00	0.00	0.37	1.28	0.00
3	7	0.00	0.00	1.12	1.40	0.00
Core	CPU	C1%	C3%	C6%	C8%	C9%
-	-	0.00	0.02	8.44	3.53	0.00
0	0	0.01	0.14	64.48	21.56	0.00
0	4	0.00	0.00	0.87	0.40	0.00
1	1	0.00	0.00	0.25	0.89	0.00
1	5	0.00	0.00	0.41	1.38	0.00
2	2	0.00	0.01	0.61	0.99	0.00
2	6	0.00	0.00	0.29	0.89	0.00
3	3	0.00	0.00	0.28	0.99	0.00
3	7	0.00	0.00	0.36	1.17	0.00
Core	CPU	C1%	C3%	C6%	C8%	C9%
-	-	0.00	0.01	8.52	3.42	0.00
0	0	0.01	0.06	65.29	21.69	0.00
0	4	0.00	0.00	0.49	0.09	0.00
1	1	0.00	0.00	0.28	0.88	0.00
1	5	0.00	0.00	0.56	0.89	0.00
2	2	0.00	0.00	0.96	0.79	0.00
2	6	0.00	0.00	0.23	1.18	0.00
3	3	0.00	0.00	0.10	0.99	0.00
3	7	0.00	0.00	0.28	0.85	0.00
Core	CPU	C1%	C3%	C6%	C8%	C9%
-	-	0.00	0.06	8.52	3.33	0.00
0	0	0.01	0.45	65.25	21.33	0.00
0	4	0.00	0.02	0.49	0.00	0.00
1	1	0.00	0.00	0.10	0.60	0.00
1	5	0.00	0.00	0.49	1.09	0.00
2	2	0.00	0.01	0.97	0.80	0.00
2	6	0.00	0.00	0.45	0.99	0.00
3	3	0.00	0.00	0.23	0.89	0.00
3	7	0.00	0.00	0.19	0.94	0.00
Core	CPU	C1%	C3%	C6%	C8%	C9%
-	-	0.00	0.08	8.44	3.31	0.01
0	0	0.01	0.55	63.57	19.89	0.00
0	4	0.00	0.04	0.70	0.00	0.00
1	1	0.00	0.02	1.06	0.31	0.00
1	5	0.00	0.00	0.10	0.90	0.00
2	2	0.00	0.00	0.89	1.19	0.00
2	6	0.00	0.00	0.46	1.29	0.00
3	3	0.00	0.00	0.45	1.19	0.00
3	7	0.01	0.04	0.29	1.69	0.06
Core	CPU	C1%	C3%	C6%	C8%	C9%
-	-	0.00	0.03	8.53	3.25	0.00
0	0	0.00	0.25	64.96	21.83	0.00
0	4	0.00	0.00	0.56	0.00	0.00
1	1	0.00	0.00	0.35	0.40	0.00
1	5	0.00	0.00	0.13	0.60	0.00
2	2	0.00	0.00	0.71	0.43	0.00
2	6	0.00	0.00	0.39	1.28	0.00
3	3	0.00	0.00	0.28	0.99	0.00
3	7	0.00	0.00	0.85	0.47	0.00
Core	CPU	C1%	C3%	C6%	C8%	C9%
-	-	0.00	0.04	8.48	3.59	0.14
0	0	0.01	0.22	64.75	21.28	0.00
0	4	0.00	0.00	0.58	0.98	0.21
1	1	0.00	0.01	0.39	1.08	0.89
1	5	0.00	0.00	0.47	0.79	0.00
2	2	0.00	0.03	0.54	0.86	0.00
2	6	0.00	0.00	0.24	1.67	0.00
3	3	0.00	0.01	0.29	0.80	0.00
3	7	0.00	0.01	0.56	1.25	0.00
Core	CPU	C1%	C3%	C6%	C8%	C9%
-	-	0.01	0.03	8.65	3.41	0.12
0	0	0.01	0.22	65.13	21.72	0.00
0	4	0.08	0.00	0.62	0.11	0.00
1	1	0.00	0.00	0.78	0.59	0.00
1	5	0.00	0.00	0.19	1.00	0.00
2	2	0.00	0.00	1.19	0.59	0.00
2	6	0.00	0.00	0.54	1.00	0.99
3	3	0.00	0.00	0.24	1.09	0.00
3	7	0.00	0.04	0.52	1.20	0.00
Core	CPU	C1%	C3%	C6%	C8%	C9%
-	-	0.00	0.09	8.82	3.65	0.00
0	0	0.01	0.66	65.60	20.68	0.00
0	4	0.00	0.00	0.57	0.00	0.00
1	1	0.00	0.00	1.39	3.45	0.00
1	5	0.00	0.02	0.38	0.80	0.00
2	2	0.00	0.00	1.12	0.20	0.00
2	6	0.00	0.00	0.10	1.28	0.00
3	3	0.00	0.00	0.28	0.98	0.00
3	7	0.00	0.00	1.14	1.85	0.00
Core	CPU	C1%	C3%	C6%	C8%	C9%
-	-	0.01	0.09	8.42	3.31	0.86
0	0	0.04	0.70	63.29	19.85	0.00
0	4	0.00	0.00	0.89	0.00	3.48
1	1	0.00	0.01	0.56	0.90	0.00
1	5	0.00	0.00	0.36	0.99	0.00
2	2	0.00	0.00	0.84	0.60	0.00
2	6	0.00	0.00	0.41	0.99	0.00
3	3	0.00	0.00	0.20	1.09	0.00
3	7	0.00	0.00	0.81	2.05	3.44
Core	CPU	C1%	C3%	C6%	C8%	C9%
-	-	0.04	0.30	8.61	3.37	0.00
0	0	0.01	2.30	64.74	19.62	0.00
0	4	0.00	0.03	0.50	0.37	0.00
1	1	0.00	0.00	0.77	1.28	0.00
1	5	0.00	0.00	0.47	1.76	0.00
2	2	0.18	0.02	0.92	0.79	0.00
2	6	0.12	0.01	0.82	0.89	0.00
3	3	0.00	0.00	0.33	1.09	0.00
3	7	0.00	0.00	0.29	1.19	0.00
Core	CPU	C1%	C3%	C6%	C8%	C9%
-	-	0.00	0.17	8.84	3.42	1.65
0	0	0.01	1.17	64.93	20.29	0.00
0	4	0.00	0.04	1.90	0.10	13.23
1	1	0.00	0.02	0.89	0.88	0.00
1	5	0.00	0.01	0.10	0.79	0.00
2	2	0.00	0.00	0.68	1.09	0.00
2	6	0.00	0.09	1.48	0.49	0.00
3	3	0.00	0.00	0.43	2.07	0.00
3	7	0.00	0.00	0.33	1.67	0.00
Core	CPU	C1%	C3%	C6%	C8%	C9%
-	-	0.00	0.06	8.64	3.26	0.00
0	0	0.01	0.43	65.51	20.98	0.00
0	4	0.00	0.00	0.87	0.21	0.00
1	1	0.00	0.00	0.80	0.98	0.00
1	5	0.00	0.00	0.44	0.10	0.00
2	2	0.00	0.01	0.59	0.30	0.00
2	6	0.00	0.02	0.18	0.84	0.00
3	3	0.00	0.00	0.38	1.28	0.00
3	7	0.00	0.00	0.40	1.36	0.00
Core	CPU	C1%	C3%	C6%	C8%	C9%
-	-	0.00	0.02	8.46	3.49	0.00
0	0	0.01	0.17	65.13	21.74	0.00
0	4	0.00	0.00	0.82	0.10	0.00
1	1	0.00	0.00	0.28	0.89	0.00
1	5	0.00	0.00	0.36	1.09	0.00
2	2	0.00	0.00	0.34	1.00	0.00
2	6	0.00	0.00	0.41	1.22	0.00
3	3	0.00	0.00	0.10	1.00	0.00
3	7	0.00	0.00	0.29	0.84	0.00
Core	CPU	C1%	C3%	C6%	C8%	C9%
-	-	0.00	0.14	8.46	7.14	0.41
0	0	0.00	1.06	62.58	20.72	3.32
0	4	0.00	0.00	0.86	0.09	0.00
1	1	0.00	0.00	1.06	8.00	0.00
1	5	0.00	0.00	0.20	1.27	0.00
2	2	0.00	0.00	0.57	1.09	0.00
2	6	0.00	0.00	0.42	0.89	0.00
3	3	0.00	0.00	0.23	0.90	0.00
3	7	0.01	0.08	1.78	24.14	0.00
Core	CPU	C1%	C3%	C6%	C8%	C9%
-	-	0.00	0.06	8.52	3.34	0.00
0	0	0.00	0.48	64.95	21.56	0.00
0	4	0.00	0.00	0.76	0.31	0.00
1	1	0.00	0.00	0.73	0.21	0.00
1	5	0.00	0.02	0.20	0.70	0.00
2	2	0.00	0.00	0.10	0.80	0.00
2	6	0.00	0.00	0.33	1.08	0.00
3	3	0.00	0.00	0.37	0.88	0.00
3	7	0.00	0.00	0.73	1.17	0.00
Core	CPU	C1%	C3%	C6%	C8%	C9%
-	-	0.00	0.06	8.49	3.55	0.11
0	0	0.01	0.44	64.26	21.42	0.00
0	4	0.00	0.00	1.29	0.00	0.00
1	1	0.00	0.00	0.76	1.19	0.00
1	5	0.00	0.00	0.65	1.09	0.00
2	2	0.00	0.00	0.23	0.89	0.00
2	6	0.00	0.02	0.27	1.09	0.00
3	3	0.00	0.00	0.10	1.09	0.00
3	7	0.00	0.01	0.41	1.64	0.89
Core	CPU	C1%	C3%	C6%	C8%	C9%
-	-	0.00	0.05	8.59	3.47	0.00
0	0	0.01	0.28	65.35	21.34	0.00
0	4	0.00	0.06	0.88	0.00	0.00
1	1	0.00	0.00	0.30	1.28	0.00
1	5	0.00	0.00	0.28	1.09	0.00
2	2	0.00	0.00	0.36	1.08	0.00
2	6	0.00	0.00	0.50	1.47	0.00
3	3	0.00	0.02	0.29	0.80	0.00
3	7	0.00	0.00	0.79	0.73	0.00
Core	CPU	C1%	C3%	C6%	C8%	C9%
-	-	0.00	0.06	8.61	3.46	0.09
0	0	0.01	0.48	65.54	21.03	0.00
0	4	0.00	0.00	1.00	1.09	0.71
1	1	0.00	0.00	0.32	0.30	0.00
1	5	0.00	0.00	0.10	0.79	0.00
2	2	0.00	0.00	0.58	1.18	0.00
2	6	0.00	0.03	0.46	1.02	0.00
3	3	0.00	0.00	0.65	1.28	0.00
3	7	0.00	0.00	0.22	1.00	0.00
Core	CPU	C1%	C3%	C6%	C8%	C9%
-	-	0.00	0.05	8.26	3.17	0.00
0	0	0.01	0.32	63.24	20.49	0.00
0	4	0.00	0.00	1.08	0.00	0.00
1	1	0.00	0.00	0.25	0.99	0.00
1	5	0.00	0.00	0.24	1.09	0.00
2	2	0.00	0.01	0.19	0.31	0.00
2	6	0.00	0.02	0.24	0.41	0.00
3	3	0.00	0.00	0.58	1.08	0.00
3	7	0.00	0.00	0.27	0.97	0.00
Core	CPU	C1%	C3%	C6%	C8%	C9%
-	-	0.00	0.08	8.59	3.44	0.00
0	0	0.01	0.56	65.48	20.83	0.00
0	4	0.02	0.03	0.88	0.10	0.00
1	1	0.00	0.03	0.80	1.09	0.00
1	5	0.00	0.00	0.36	0.79	0.00
2	2	0.00	0.00	0.24	1.09	0.00
2	6	0.00	0.00	0.27	1.18	0.00
3	3	0.00	0.00	0.39	1.10	0.00
3	7	0.00	0.00	0.28	1.34	0.00
Core	CPU	C1%	C3%	C6%	C8%	C9%
-	-	0.00	0.09	8.50	3.20	0.00
0	0	0.01	0.72	64.73	20.70	0.00
0	4	0.00	0.02	0.91	0.00	0.00
1	1	0.00	0.00	0.70	0.20	0.00
1	5	0.00	0.00	0.37	0.99	0.00
2	2	0.00	0.00	0.26	1.09	0.00
2	6	0.00	0.00	0.50	0.89	0.00
3	3	0.00	0.00	0.35	0.80	0.00
3	7	0.00	0.00	0.20	0.93	0.00
Core	CPU	C1%	C3%	C6%	C8%	C9%
-	-	0.00	0.22	8.64	2.94	0.00
0	0	0.00	1.78	65.48	19.40	0.00
0	4	0.00	0.00	0.90	0.59	0.00
1	1	0.00	0.00	0.53	0.00	0.00
1	5	0.00	0.00	0.50	0.20	0.00
2	2	0.00	0.00	0.29	0.69	0.00
2	6	0.00	0.01	0.36	1.28	0.00
3	3	0.00	0.00	0.85	0.39	0.00
3	7	0.00	0.00	0.23	1.01	0.00
Core	CPU	C1%	C3%	C6%	C8%	C9%
-	-	0.00	0.08	8.66	3.67	0.00
0	0	0.00	0.64	65.10	21.24	0.00
0	4	0.00	0.00	0.58	0.49	0.00
1	1	0.00	0.00	0.61	1.49	0.00
1	5	0.00	0.00	0.52	0.89	0.00
2	2	0.00	0.00	0.30	0.11	0.00
2	6	0.00	0.00	0.78	1.99	0.00
3	3	0.00	0.00	0.92	1.59	0.00
3	7	0.00	0.00	0.44	1.57	0.00
Core	CPU	C1%	C3%	C6%	C8%	C9%
-	-	0.00	0.19	8.35	3.27	0.20
0	0	0.01	1.51	63.33	18.98	0.00
0	4	0.00	0.01	1.20	0.31	1.60
1	1	0.00	0.00	0.62	1.99	0.00
1	5	0.00	0.00	0.36	0.79	0.00
2	2	0.00	0.00	0.24	1.19	0.00
2	6	0.00	0.00	0.43	0.83	0.00
3	3	0.00	0.00	0.30	0.80	0.00
3	7	0.00	0.03	0.38	1.26	0.00
Core	CPU	C1%	C3%	C6%	C8%	C9%
-	-	0.00	0.24	8.57	3.25	1.20
0	0	0.01	1.86	65.40	19.41	0.00
0	4	0.00	0.03	0.89	0.50	9.57
1	1	0.00	0.00	0.29	1.29	0.00
1	5	0.00	0.00	0.68	1.18	0.00
2	2	0.00	0.00	0.25	0.89	0.00
2	6	0.00	0.00	0.45	0.89	0.00
3	3	0.00	0.02	0.39	0.90	0.00
3	7	0.00	0.00	0.19	0.93	0.00
Core	CPU	C1%	C3%	C6%	C8%	C9%
-	-	0.02	0.07	8.35	3.32	0.11
0	0	0.02	0.54	64.32	21.30	0.91
0	4	0.00	0.00	1.02	0.20	0.00
1	1	0.00	0.02	0.20	0.53	0.00
1	5	0.10	0.00	0.09	0.70	0.00
2	2	0.00	0.00	0.24	1.09	0.00
2	6	0.00	0.00	0.40	0.83	0.00
3	3	0.00	0.01	0.25	1.00	0.00
3	7	0.00	0.02	0.29	0.90	0.00
Core	CPU	C1%	C3%	C6%	C8%	C9%
-	-	0.01	0.09	8.63	3.41	0.00
0	0	0.01	0.71	65.10	21.07	0.00
0	4	0.00	0.00	1.17	0.70	0.00
1	1	0.00	0.00	0.65	0.59	0.00
1	5	0.00	0.00	0.43	1.19	0.00
2	2	0.04	0.02	0.64	1.00	0.00
2	6	0.00	0.00	0.21	1.09	0.00
3	3	0.00	0.00	0.48	0.79	0.00
3	7	0.00	0.00	0.36	0.87	0.00
Core	CPU	C1%	C3%	C6%	C8%	C9%
-	-	0.00	0.12	8.65	3.27	0.08
0	0	0.01	0.95	65.36	20.41	0.00
0	4	0.00	0.00	0.91	0.00	0.64
1	1	0.00	0.01	0.71	0.98	0.00
1	5	0.00	0.00	0.86	0.88	0.00
2	2	0.00	0.00	0.55	0.69	0.00
2	6	0.00	0.00	0.24	1.19	0.00
3	3	0.00	0.01	0.30	0.79	0.00
3	7	0.00	0.00	0.28	1.25	0.00
Core	CPU	C1%	C3%	C6%	C8%	C9%
-	-	0.00	0.09	8.37	3.13	0.42
0	0	0.01	0.69	63.15	20.16	3.33
0	4	0.00	0.04	1.00	0.00	0.00
1	1	0.00	0.00	0.50	0.79	0.00
1	5	0.00	0.00	0.28	0.89	0.00
2	2	0.00	0.00	0.37	0.79	0.00
2	6	0.00	0.01	0.37	1.31	0.00
3	3	0.00	0.00	0.72	0.59	0.00
3	7	0.01	0.00	0.59	0.52	0.00
Core	CPU	C1%	C3%	C6%	C8%	C9%
-	-	0.00	0.05	8.59	3.22	0.12
0	0	0.01	0.34	65.36	21.33	0.00
0	4	0.00	0.03	0.97	0.09	0.94
1	1	0.00	0.00	0.34	0.39	0.00
1	5	0.00	0.00	0.22	0.69	0.00
2	2	0.00	0.00	0.69	0.70	0.00
2	6	0.00	0.00	0.34	0.89	0.00
3	3	0.00	0.00	0.55	0.70	0.00
3	7	0.00	0.00	0.23	0.99	0.00
Core	CPU	C1%	C3%	C6%	C8%	C9%
-	-	0.01	0.06	8.61	3.23	0.00
0	0	0.01	0.39	64.67	21.16	0.00
0	4	0.07	0.04	1.15	0.29	0.00
1	1	0.00	0.00	0.26	0.90	0.00
1	5	0.00	0.00	0.15	1.09	0.00
2	2	0.00	0.00	1.01	0.50	0.00
2	6	0.00	0.08	1.01	0.20	0.00
3	3	0.00	0.01	0.22	0.89	0.00
3	7	0.00	0.00	0.37	0.84	0.00
Core	CPU	C1%	C3%	C6%	C8%	C9%
-	-	0.00	0.05	8.61	3.46	0.00
0	0	0.01	0.32	65.43	21.27	0.00
0	4	0.00	0.02	0.93	0.30	0.00
1	1	0.00	0.00	0.66	0.89	0.00
1	5	0.00	0.00	0.28	0.99	0.00
2	2	0.00	0.00	0.26	1.08	0.00
2	6	0.00	0.01	0.35	1.48	0.00
3	3	0.00	0.03	0.70	0.40	0.00
3	7	0.00	0.00	0.29	1.23	0.00
Core	CPU	C1%	C3%	C6%	C8%	C9%
-	-	0.00	0.06	8.62	3.50	0.00
0	0	0.01	0.35	65.45	21.23	0.00
0	4	0.00	0.00	0.85	0.10	0.00
1	1	0.00	0.02	0.49	0.60	0.00
1	5	0.00	0.00	0.19	0.89	0.00
2	2	0.00	0.00	0.58	1.38	0.00
2	6	0.00	0.09	0.74	1.32	0.00
3	3	0.00	0.00	0.44	1.38	0.00
3	7	0.00	0.00	0.23	1.10	0.00
Core	CPU	C1%	C3%	C6%	C8%	C9%
-	-	0.00	0.04	8.24	3.43	0.00
0	0	0.01	0.11	63.02	20.95	0.00
0	4	0.00	0.08	1.24	0.19	0.00
1	1	0.00	0.00	0.35	1.10	0.00
1	5	0.00	0.00	0.24	1.09	0.00
2	2	0.00	0.12	0.30	1.08	0.00
2	6	0.00	0.00	0.27	1.15	0.00
3	3	0.00	0.00	0.29	0.89	0.00
3	7	0.01	0.00	0.26	0.97	0.00
Core	CPU	C1%	C3%	C6%	C8%	C9%
-	-	0.00	0.05	8.66	3.44	0.00
0	0	0.00	0.39	65.34	21.32	0.00
0	4	0.00	0.00	0.69	0.70	0.00
1	1	0.00	0.00	0.28	0.89	0.00
1	5	0.00	0.00	0.36	0.80	0.00
2	2	0.00	0.00	0.43	0.99	0.00
2	6	0.00	0.04	1.09	1.00	0.00
3	3	0.00	0.00	0.78	1.00	0.00
3	7	0.00	0.00	0.29	0.85	0.00
Core	CPU	C1%	C3%	C6%	C8%	C9%
-	-	0.02	0.11	8.66	3.26	0.28
0	0	0.17	0.74	65.00	20.21	0.00
0	4	0.00	0.10	0.85	0.00	2.23
1	1	0.00	0.00	0.69	1.19	0.00
1	5	0.00	0.00	0.68	0.89	0.00
2	2	0.00	0.00	0.28	0.98	0.00
2	6	0.00	0.00	0.44	0.84	0.00
3	3	0.00	0.00	0.76	0.39	0.00
3	7	0.00	0.02	0.59	1.60	0.00
Core	CPU	C1%	C3%	C6%	C8%	C9%
-	-	0.00	0.16	8.60	6.92	0.00
0	0	0.01	1.03	65.15	21.14	0.00
0	4	0.00	0.00	0.86	0.18	0.00
1	1	0.00	0.00	0.19	2.48	0.00
1	5	0.00	0.00	0.23	0.69	0.00
2	2	0.00	0.00	0.10	0.50	0.00
2	6	0.00	0.00	0.36	1.01	0.00
3	3	0.00	0.00	0.77	0.39	0.00
3	7	0.01	0.21	1.13	28.98	0.00
Core	CPU	C1%	C3%	C6%	C8%	C9%
-	-	0.00	0.24	8.60	3.12	0.05
0	0	0.01	1.93	64.90	19.90	0.00
0	4	0.00	0.01	0.90	0.00	0.41
1	1	0.00	0.00	0.97	0.20	0.00
1	5	0.00	0.00	0.36	0.99	0.00
2	2	0.00	0.00	0.44	1.09	0.00
2	6	0.00	0.00	0.35	1.18	0.00
3	3	0.00	0.00	0.20	1.09	0.00
3	7	0.00	0.00	0.67	0.56	0.00
Core	CPU	C1%	C3%	C6%	C8%	C9%
-	-	0.00	0.12	8.33	3.22	0.81
0	0	0.01	0.87	63.27	19.81	0.00
0	4	0.00	0.08	1.06	0.09	6.48
1	1	0.00	0.00	0.19	0.80	0.00
1	5	0.00	0.00	0.49	0.79	0.00
2	2	0.00	0.00	0.55	1.09	0.00
2	6	0.00	0.00	0.27	1.38	0.00
3	3	0.00	0.00	0.23	0.89	0.00
3	7	0.01	0.00	0.59	0.92	0.00
Core	CPU	C1%	C3%	C6%	C8%	C9%
-	-	0.01	0.06	8.69	3.52	0.11
0	0	0.01	0.41	65.45	21.15	0.00
0	4	0.10	0.01	1.03	0.89	0.89
1	1	0.00	0.03	0.94	0.30	0.00
1	5	0.00	0.02	0.59	0.90	0.00
2	2	0.00	0.00	0.10	0.89	0.00
2	6	0.00	0.00	0.37	1.29	0.00
3	3	0.00	0.00	0.74	1.09	0.00
3	7	0.00	0.00	0.33	1.68	0.00
Core	CPU	C1%	C3%	C6%	C8%	C9%
-	-	0.00	0.03	8.61	3.51	0.00
0	0	0.01	0.21	64.51	21.55	0.00
0	4	0.00	0.02	1.39	0.00	0.00
1	1	0.00	0.00	0.65	0.79	0.00
1	5	0.00	0.00	0.34	1.19	0.00
2	2	0.00	0.00	0.32	0.99	0.00
2	6	0.00	0.00	0.28	1.00	0.00
3	3	0.00	0.00	0.65	1.48	0.00
3	7	0.00	0.00	0.73	1.07	0.00
Core	CPU	C1%	C3%	C6%	C8%	C9%
-	-	0.00	0.04	8.58	3.48	0.00
0	0	0.00	0.26	65.24	21.50	0.00
0	4	0.00	0.03	1.04	0.40	0.00
1	1	0.00	0.00	0.29	0.99	0.00
1	5	0.00	0.00	0.57	1.09	0.00
2	2	0.00	0.00	0.54	1.19	0.00
2	6	0.00	0.00	0.34	1.09	0.00
3	3	0.00	0.02	0.30	0.79	0.00
3	7	0.00	0.00	0.29	0.83	0.00
Core	CPU	C1%	C3%	C6%	C8%	C9%
-	-	0.00	0.03	8.45	3.34	0.00
0	0	0.00	0.23	65.37	21.41	0.00
0	4	0.00	0.00	0.50	0.89	0.00
1	1	0.00	0.01	0.29	0.21	0.00
1	5	0.00	0.00	0.09	0.80	0.00
2	2	0.00	0.00	0.37	0.89	0.00
2	6	0.00	0.02	0.54	0.50	0.00
3	3	0.00	0.00	0.14	1.09	0.00
3	7	0.00	0.00	0.32	0.91	0.00
Core	CPU	C1%	C3%	C6%	C8%	C9%
-	-	0.00	0.04	8.25	3.30	0.43
0	0	0.01	0.28	63.32	20.47	0.00
0	4	0.00	0.00	0.59	0.38	0.00
1	1	0.00	0.00	0.70	0.50	0.00
1	5	0.00	0.02	0.22	0.40	0.00
2	2	0.00	0.00	0.10	0.89	0.00
2	6	0.00	0.01	0.26	0.98	0.00
3	3	0.00	0.00	0.36	1.39	0.00
3	7	0.01	0.00	0.43	1.41	3.44
Core	CPU	C1%	C3%	C6%	C8%	C9%
-	-	0.00	0.04	8.51	3.45	0.00
0	0	0.01	0.31	65.16	21.60	0.00
0	4	0.00	0.00	1.10	0.20	0.00
1	1	0.00	0.00	0.46	0.69	0.00
1	5	0.00	0.00	0.24	0.99	0.00
2	2	0.00	0.02	0.30	1.00	0.00
2	6	0.00	0.00	0.26	1.29	0.00
3	3	0.00	0.00	0.19	0.89	0.00
3	7	0.00	0.00	0.36	0.96	0.00
Core	CPU	C1%	C3%	C6%	C8%	C9%
-	-	0.00	0.02	8.40	3.49	0.00
0	0	0.02	0.18	64.34	21.66	0.00
0	4	0.00	0.00	0.70	0.32	0.00
1	1	0.00	0.00	0.38	1.19	0.00
1	5	0.00	0.00	0.66	0.80	0.00
2	2	0.00	0.00	0.24	1.00	0.00
2	6	0.00	0.00	0.35	1.10	0.00
3	3	0.00	0.02	0.29	1.00	0.00
3	7	0.00	0.00	0.28	0.85	0.00
Core	CPU	C1%	C3%	C6%	C8%	C9%
-	-	0.00	0.05	8.63	3.34	0.00
0	0	0.04	0.31	65.18	21.56	0.00
0	4	0.00	0.07	0.89	0.39	0.00
1	1	0.00	0.01	0.29	0.61	0.00
1	5	0.00	0.00	0.20	0.89	0.00
2	2	0.00	0.00	0.28	1.08	0.00
2	6	0.00	0.00	0.53	0.92	0.00
3	3	0.00	0.00	0.83	0.49	0.00
3	7	0.00	0.00	0.82	0.80	0.00
Core	CPU	C1%	C3%	C6%	C8%	C9%
-	-	0.00	0.03	8.52	3.73	0.00
0	0	0.04	0.25	64.95	21.79	0.00
0	4	0.00	0.00	0.78	0.19	0.00
1	1	0.00	0.00	0.38	1.62	0.00
1	5	0.00	0.00	0.70	2.08	0.00
2	2	0.00	0.01	0.30	0.41	0.00
2	6	0.00	0.01	0.17	1.00	0.00
3	3	0.00	0.00	0.37	0.90	0.00
3	7	0.00	0.00	0.53	1.88	0.00
Core	CPU	C1%	C3%	C6%	C8%	C9%
-	-	0.00	0.10	8.35	3.23	0.00
0	0	0.02	0.75	63.24	20.03	0.00
0	4	0.00	0.00	1.30	0.00	0.00
1	1	0.00	0.00	0.39	0.89	0.00
1	5	0.00	0.00	0.35	0.99	0.00
2	2	0.00	0.00	0.34	1.09	0.00
2	6	0.00	0.02	0.52	1.18	0.00
3	3	0.00	0.00	0.30	0.89	0.00
3	7	0.00	0.01	0.38	0.76	0.00
Core	CPU	C1%	C3%	C6%	C8%	C9%
-	-	0.01	0.03	8.54	3.30	0.00
0	0	0.05	0.23	65.08	21.71	0.00
0	4	0.00	0.04	1.09	0.00	0.00
1	1	0.00	0.00	0.29	0.40	0.00
1	5	0.00	0.00	0.19	0.99	0.00
2	2	0.00	0.00	0.37	0.89	0.00
2	6	0.00	0.00	0.21	1.31	0.00
3	3	0.00	0.00	0.32	0.80	0.00
3	7	0.00	0.00	0.79	0.33	0.00
Core	CPU	C1%	C3%	C6%	C8%	C9%
-	-	0.01	0.09	8.67	3.38	0.11
0	0	0.05	0.66	64.70	20.75	0.00
0	4	0.00	0.02	0.97	0.18	0.90
1	1	0.00	0.00	0.61	0.40	0.00
1	5	0.00	0.00	0.10	0.79	0.00
2	2	0.00	0.00	0.88	1.18	0.00
2	6	0.00	0.04	0.89	1.33	0.00
3	3	0.00	0.00	0.75	1.18	0.00
3	7	0.00	0.00	0.43	1.20	0.00
Core	CPU	C1%	C3%	C6%	C8%	C9%
-	-	0.01	0.09	8.72	3.37	0.00
0	0	0.07	0.67	65.55	20.67	0.00
0	4	0.00	0.02	1.36	0.30	0.00
1	1	0.00	0.00	0.95	0.69	0.00
1	5	0.00	0.00	0.44	1.19	0.00
2	2	0.00	0.02	0.40	0.90	0.00
2	6	0.00	0.00	0.23	1.03	0.00
3	3	0.00	0.00	0.57	0.89	0.00
3	7	0.00	0.00	0.26	1.27	0.00
Core	CPU	C1%	C3%	C6%	C8%	C9%
-	-	0.01	0.04	8.55	3.40	0.00
0	0	0.07	0.30	65.16	21.52	0.00
0	4	0.00	0.00	0.70	0.69	0.00
1	1	0.00	0.00	0.57	0.30	0.00
1	5	0.00	0.00	0.36	1.08	0.00
2	2	0.00	0.00	0.24	0.89	0.00
2	6	0.00	0.00	0.46	0.89	0.00
3	3	0.00	0.00	0.59	0.89	0.00
3	7	0.00	0.00	0.28	0.94	0.00
Core	CPU	C1%	C3%	C6%	C8%	C9%
-	-	0.01	0.05	8.14	3.25	0.00
0	0	0.07	0.40	62.80	20.84	0.00
0	4	0.00	0.03	0.83	0.09	0.00
1	1	0.00	0.00	0.30	0.20	0.00
1	5	0.00	0.00	0.10	1.08	0.00
2	2	0.00	0.00	0.28	1.08	0.00
2	6	0.00	0.00	0.39	0.89	0.00
3	3	0.00	0.00	0.23	0.89	0.00
3	7	0.00	0.00	0.19	0.94	0.00
Core	CPU	C1%	C3%	C6%	C8%	C9%
-	-	0.01	0.04	8.76	3.52	0.03
0	0	0.08	0.26	65.11	21.59	0.00
0	4	0.00	0.01	1.24	0.60	0.28
1	1	0.00	0.02	0.59	0.21	0.00
1	5	0.00	0.00	0.59	0.89	0.00
2	2	0.00	0.00	0.39	1.38	0.00
2	6	0.00	0.00	0.59	1.18	0.00
3	3	0.00	0.00	0.85	1.28	0.00
3	7	0.00	0.00	0.72	0.99	0.00
Core	CPU	C1%	C3%	C6%	C8%	C9%
-	-	0.01	0.08	8.53	3.35	0.24
0	0	0.05	0.55	64.51	20.98	0.93
0	4	0.00	0.03	1.25	0.00	1.00
1	1	0.00	0.00	0.90	1.09	0.00
1	5	0.00	0.00	0.34	0.98	0.00
2	2	0.00	0.02	0.29	0.90	0.00
2	6	0.00	0.03	0.14	0.87	0.00
3	3	0.00	0.00	0.46	0.79	0.00
3	7	0.00	0.00	0.36	1.16	0.00
Core	CPU	C1%	C3%	C6%	C8%	C9%
-	-	0.01	0.04	8.55	3.49	0.00
0	0	0.09	0.35	64.83	21.74	0.00
0	4	0.00	0.00	1.20	0.38	0.00
1	1	0.00	0.00	0.68	0.79	0.00
1	5	0.00	0.00	0.56	0.99	0.00
2	2	0.00	0.00	0.24	1.09	0.00
2	6	0.00	0.01	0.48	0.99	0.00
3	3	0.00	0.00	0.10	1.09	0.00
3	7	0.00	0.00	0.29	0.85	0.00
Core	CPU	C1%	C3%	C6%	C8%	C9%
-	-	0.01	0.06	8.50	3.45	0.00
0	0	0.09	0.43	65.04	21.42	0.00
0	4	0.00	0.07	0.95	0.00	0.00
1	1	0.00	0.00	0.19	0.90	0.00
1	5	0.00	0.00	0.58	1.19	0.00
2	2	0.00	0.00	0.36	1.09	0.00
2	6	0.00	0.00	0.31	1.06	0.00
3	3	0.00	0.00	0.33	0.99	0.00
3	7	0.00	0.00	0.19	0.93	0.00
Core	CPU	C1%	C3%	C6%	C8%	C9%
-	-	0.01	0.13	8.32	6.95	0.29
0	0	0.05	0.89	62.51	20.97	0.00
0	4	0.00	0.02	0.92	0.77	0.00
1	1	0.00	0.00	0.59	0.49	0.00
1	5	0.00	0.00	0.50	0.20	0.00
2	2	0.00	0.00	0.20	1.08	0.00
2	6	0.00	0.00	0.45	0.93	0.00
3	3	0.00	0.00	0.36	0.98	0.00
3	7	0.02	0.15	1.04	30.17	2.29
Core	CPU	C1%	C3%	C6%	C8%	C9%
-	-	0.02	0.06	8.81	3.39	0.00
0	0	0.09	0.41	65.20	21.27	0.00
0	4	0.00	0.03	1.49	0.67	0.00
1	1	0.00	0.00	1.19	0.77	0.00
1	5	0.10	0.01	0.70	0.58	0.00
2	2	0.00	0.00	0.20	1.18	0.00
2	6	0.00	0.01	0.60	1.29	0.00
3	3	0.00	0.02	0.20	1.09	0.00
3	7	0.00	0.00	0.89	0.29	0.00
Core	CPU	C1%	C3%	C6%	C8%	C9%
-	-	0.01	0.10	8.47	3.09	0.00
0	0	0.08	0.75	64.46	20.80	0.00
0	4	0.00	0.00	1.24	0.08	0.00
1	1	0.00	0.01	0.49	0.20	0.00
1	5	0.00	0.00	0.30	0.59	0.00
2	2	0.00	0.00	0.28	0.79	0.00
2	6	0.00	0.00	0.72	0.50	0.00
3	3	0.00	0.00	0.17	0.99	0.00
3	7	0.00	0.00	0.13	0.79	0.00
Core	CPU	C1%	C3%	C6%	C8%	C9%
-	-	0.01	0.20	8.49	3.45	1.39
0	0	0.05	1.61	64.23	20.77	0.00
0	4	0.00	0.02	1.01	1.30	11.14
1	1	0.00	0.00	0.44	0.90	0.00
1	5	0.00	0.00	0.13	0.78	0.00
2	2	0.00	0.00	0.79	0.59	0.00
2	6	0.00	0.00	0.19	1.18	0.00
3	3	0.00	0.00	0.86	0.89	0.00
3	7	0.00	0.00	0.24	1.19	0.00
Core	CPU	C1%	C3%	C6%	C8%	C9%
-	-	0.01	0.24	8.53	3.52	0.16
0	0	0.05	1.91	64.07	20.48	0.00
0	4	0.00	0.03	1.59	0.19	1.31
1	1	0.00	0.00	0.26	1.38	0.00
1	5	0.00	0.00	0.21	1.09	0.00
2	2	0.00	0.00	0.42	1.09	0.00
2	6	0.00	0.00	0.28	1.09	0.00
3	3	0.00	0.00	1.05	1.77	0.00
3	7	0.00	0.00	0.37	1.09	0.00
Core	CPU	C1%	C3%	C6%	C8%	C9%
-	-	0.01	0.19	8.30	3.55	0.00
0	0	0.07	1.30	62.35	20.01	0.00
0	4	0.00	0.07	0.87	0.00	0.00
1	1	0.00	0.04	1.01	1.48	0.00
1	5	0.00	0.00	0.76	1.28	0.00
2	2	0.00	0.00	0.36	1.38	0.00
2	6	0.00	0.00	0.24	1.58	0.00
3	3	0.00	0.12	0.39	1.28	0.00
3	7	0.00	0.00	0.39	1.38	0.00
Core	CPU	C1%	C3%	C6%	C8%	C9%
-	-	0.01	0.08	8.86	3.46	0.00
0	0	0.10	0.62	65.14	21.07	0.00
0	4	0.00	0.04	1.36	0.19	0.00
1	1	0.00	0.00	0.50	0.89	0.00
1	5	0.00	0.00	0.58	1.48	0.00
2	2	0.00	0.00	0.37	1.18	0.00
2	6	0.00	0.00	0.44	1.38	0.00
3	3	0.00	0.00	1.11	0.69	0.00
3	7	0.00	0.01	1.39	0.79	0.00
Core	CPU	C1%	C3%	C6%	C8%	C9%
-	-	0.01	0.05	8.34	3.45	0.00
0	0	0.10	0.36	64.32	21.40	0.00
0	4	0.00	0.00	0.97	0.31	0.00
1	1	0.00	0.00	0.25	0.99	0.00
1	5	0.00	0.00	0.26	1.10	0.00
2	2	0.00	0.00	0.23	0.89	0.00
2	6	0.00	0.00	0.20	0.98	0.00
3	3	0.00	0.00	0.35	0.99	0.00
3	7	0.00	0.00	0.15	0.98	0.00
Core	CPU	C1%	C3%	C6%	C8%	C9%
-	-	0.01	0.05	8.54	3.48	0.06
0	0	0.11	0.34	64.95	21.56	0.00
0	4	0.00	0.05	1.43	0.65	0.45
1	1	0.00	0.00	0.46	0.69	0.00
1	5	0.00	0.00	0.24	0.90	0.00
2	2	0.00	0.00	0.32	0.99	0.00
2	6	0.00	0.00	0.28	0.99	0.00
3	3	0.00	0.00	0.29	1.08	0.00
3	7	0.00	0.00	0.37	0.98	0.00
Core	CPU	C1%	C3%	C6%	C8%	C9%
-	-	0.01	0.03	8.63	3.64	0.00
0	0	0.11	0.20	65.18	21.50	0.00
0	4	0.00	0.05	0.86	0.19	0.00
1	1	0.00	0.00	0.74	1.48	0.00
1	5	0.00	0.00	0.37	1.58	0.00
2	2	0.00	0.00	0.60	0.94	0.00
2	6	0.00	0.00	0.32	0.99	0.00
3	3	0.00	0.02	0.40	1.29	0.00
3	7	0.00	0.00	0.58	1.19	0.00
Core	CPU	C1%	C3%	C6%	C8%	C9%
-	-	0.01	0.06	8.40	3.24	0.31
0	0	0.09	0.45	62.85	20.62	0.00
0	4	0.00	0.00	1.12	0.29	2.44
1	1	0.00	0.00	0.20	0.50	0.00
1	5	0.00	0.00	0.19	0.99	0.00
2	2	0.00	0.00	0.27	0.89	0.00
2	6	0.00	0.00	0.52	1.08	0.00
3	3	0.00	0.00	1.03	0.79	0.00
3	7	0.01	0.02	1.00	0.79	0.00
Core	CPU	C1%	C3%	C6%	C8%	C9%
-	-	0.02	0.01	8.41	3.33	0.00
0	0	0.12	0.08	64.83	21.99	0.00
0	4	0.00	0.02	0.85	0.60	0.00
1	1	0.00	0.00	0.33	0.21	0.00
1	5	0.00	0.00	0.22	0.53	0.00
2	2	0.00	0.00	0.13	0.70	0.00
2	6	0.00	0.00	0.28	0.90	0.00
3	3	0.00	0.00	0.45	0.70	0.00
3	7	0.00	0.00	0.23	1.00	0.00
Core	CPU	C1%	C3%	C6%	C8%	C9%
-	-	0.01	0.04	8.53	3.48	0.00
0	0	0.09	0.26	64.35	21.47	0.00
0	4	0.00	0.00	0.98	0.51	0.00
1	1	0.00	0.01	0.47	0.79	0.00
1	5	0.00	0.00	0.34	0.99	0.00
2	2	0.00	0.00	0.72	0.59	0.00
2	6	0.00	0.00	0.69	0.79	0.00
3	3	0.00	0.00	0.20	1.18	0.00
3	7	0.00	0.00	0.46	1.48	0.00
Core	CPU	C1%	C3%	C6%	C8%	C9%
-	-	0.01	0.06	8.52	3.41	0.00
0	0	0.11	0.39	64.81	21.63	0.00
0	4	0.00	0.03	0.99	0.60	0.00
1	1	0.00	0.03	1.21	0.69	0.00
1	5	0.00	0.00	0.38	0.89	0.00
2	2	0.00	0.00	0.26	0.79	0.00
2	6	0.00	0.01	0.25	0.89	0.00
3	3	0.00	0.00	0.22	0.90	0.00
3	7	0.00	0.01	0.08	0.90	0.00
Core	CPU	C1%	C3%	C6%	C8%	C9%
-	-	0.02	0.04	8.65	3.19	0.00
0	0	0.13	0.26	65.23	21.39	0.00
0	4	0.00	0.04	0.94	0.78	0.00
1	1	0.00	0.00	0.52	0.10	0.00
1	5	0.00	0.00	0.10	0.40	0.00
2	2	0.00	0.00	0.19	0.99	0.00
2	6	0.00	0.00	0.96	0.49	0.00
3	3	0.00	0.00	0.35	0.99	0.00
3	7	0.00	0.04	0.89	0.39	0.00
Core	CPU	C1%	C3%	C6%	C8%	C9%
-	-	0.01	0.05	8.22	3.47	0.00
0	0	0.10	0.35	62.69	20.87	0.00
0	4	0.00	0.00	1.17	0.49	0.00
1	1	0.00	0.00	0.25	0.99	0.00
1	5	0.00	0.00	0.24	1.09	0.00
2	2	0.00	0.02	0.59	1.18	0.00
2	6	0.00	0.00	0.20	1.28	0.00
3	3	0.00	0.00	0.29	1.09	0.00
3	7	0.00	0.00	0.36	0.79	0.00
Core	CPU	C1%	C3%	C6%	C8%	C9%
-	-	0.01	0.03	8.55	3.70	0.00
0	0	0.11	0.27	64.88	21.78	0.00
0	4	0.00	0.00	0.71	0.20	0.00
1	1	0.00	0.00	0.28	1.28	0.00
1	5	0.00	0.00	0.66	1.28	0.00
2	2	0.00	0.00	0.35	1.18	0.00
2	6	0.00	0.00	0.41	1.29	0.00
3	3	0.00	0.00	0.20	1.29	0.00
3	7	0.00	0.00	0.88	1.28	0.00
Core	CPU	C1%	C3%	C6%	C8%	C9%
-	-	0.01	0.06	8.46	3.53	0.13
0	0	0.11	0.40	64.51	21.09	0.00
0	4	0.00	0.04	1.00	0.99	1.01
1	1	0.00	0.00	0.80	0.59	0.00
1	5	0.00	0.00	0.19	0.99	0.00
2	2	0.00	0.00	0.27	0.89	0.00
2	6	0.00	0.00	0.35	0.99	0.00
3	3	0.00	0.00	0.23	0.99	0.00
3	7	0.00	0.01	0.29	1.70	0.00
Core	CPU	C1%	C3%	C6%	C8%	C9%
-	-	0.01	0.03	8.53	3.52	0.14
0	0	0.11	0.22	64.76	21.93	0.00
0	4	0.00	0.04	0.95	0.39	1.10
1	1	0.00	0.00	0.63	0.40	0.00
1	5	0.00	0.00	0.61	0.99	0.00
2	2	0.00	0.00	0.20	1.38	0.00
2	6	0.00	0.00	0.37	1.18	0.00
3	3	0.00	0.00	0.37	0.89	0.00
3	7	0.00	0.00	0.35	0.99	0.00
Core	CPU	C1%	C3%	C6%	C8%	C9%
-	-	0.02	0.02	8.59	3.49	0.00
0	0	0.12	0.11	65.10	21.71	0.00
0	4	0.00	0.00	0.88	0.81	0.00
1	1	0.00	0.00	0.36	0.99	0.00
1	5	0.00	0.00	0.64	0.40	0.00
2	2	0.00	0.00	0.23	1.19	0.00
2	6	0.00	0.02	0.29	1.00	0.00
3	3	0.00	0.00	0.88	1.00	0.00
3	7	0.00	0.00	0.37	0.79	0.00
Core	CPU	C1%	C3%	C6%	C8%	C9%
-	-	0.01	0.07	8.13	3.42	0.00
0	0	0.09	0.51	62.62	20.77	0.00
0	4	0.00	0.00	0.84	0.41	0.00
1	1	0.00	0.00	0.18	0.99	0.00
1	5	0.00	0.00	0.26	0.90	0.00
2	2	0.00	0.00	0.25	0.99	0.00
2	6	0.00	0.00	0.32	1.19	0.00
3	3	0.00	0.02	0.28	1.00	0.00
3	7	0.00	0.02	0.28	1.09	0.00
Core	CPU	C1%	C3%	C6%	C8%	C9%
-	-	0.02	0.06	8.49	3.42	0.00
0	0	0.09	0.47	64.53	21.77	0.00
0	4	0.05	0.00	1.02	0.21	0.00
1	1	0.00	0.02	0.94	0.50	0.00
1	5	0.00	0.00	0.09	1.19	0.00
2	2	0.00	0.00	0.44	0.74	0.00
2	6	0.00	0.00	0.36	0.69	0.00
3	3	0.00	0.00	0.35	1.09	0.00
3	7	0.00	0.00	0.23	1.18	0.00
Core	CPU	C1%	C3%	C6%	C8%	C9%
-	-	0.01	0.06	8.49	3.60	0.00
0	0	0.10	0.47	64.08	21.46	0.00
0	4	0.00	0.03	1.05	0.51	0.00
1	1	0.00	0.00	0.25	0.49	0.00
1	5	0.00	0.00	0.13	1.10	0.00
2	2	0.00	0.01	0.30	0.58	0.00
2	6	0.00	0.00	0.97	2.08	0.00
3	3	0.00	0.00	0.38	1.38	0.00
3	7	0.00	0.00	0.74	1.18	0.00
Core	CPU	C1%	C3%	C6%	C8%	C9%
-	-	0.01	0.16	8.59	7.01	0.00
0	0	0.09	1.12	64.79	21.41	0.00
0	4	0.00	0.05	1.26	0.00	0.00
1	1	0.00	0.00	0.43	1.98	0.00
1	5	0.00	0.00	0.26	0.90	0.00
2	2	0.00	0.00	0.24	0.99	0.00
2	6	0.00	0.00	0.13	0.99	0.00
3	3	0.00	0.00	0.20	1.09	0.00
3	7	0.01	0.16	1.43	28.74	0.00
Core	CPU	C1%	C3%	C6%	C8%	C9%
-	-	0.01	0.05	8.59	3.45	0.00
0	0	0.11	0.35	65.16	21.35	0.00
0	4	0.00	0.00	1.08	0.01	0.00
1	1	0.00	0.00	0.10	1.09	0.00
1	5	0.00	0.00	0.27	1.29	0.00
2	2	0.00	0.00	0.26	0.99	0.00
2	6	0.00	0.00	0.33	1.00	0.00
3	3	0.00	0.02	0.75	1.30	0.00
3	7	0.00	0.00	0.80	0.58	0.00
Core	CPU	C1%	C3%	C6%	C8%	C9%
-	-	0.01	0.08	8.43	3.30	0.00
0	0	0.10	0.60	62.98	20.35	0.00
0	4	0.00	0.00	1.39	0.78	0.00
1	1	0.00	0.04	1.14	0.29	0.00
1	5	0.00	0.01	0.60	0.59	0.00
2	2	0.00	0.00	0.29	1.28	0.00
2	6	0.00	0.00	0.36	1.48	0.00
3	3	0.00	0.00	0.36	0.79	0.00
3	7	0.01	0.00	0.31	0.88	0.00
Core	CPU	C1%	C3%	C6%	C8%	C9%
-	-	0.01	0.02	8.52	3.31	0.00
0	0	0.11	0.15	64.83	21.96	0.00
0	4	0.00	0.00	0.97	0.00	0.00
1	1	0.00	0.00	0.44	0.79	0.00
1	5	0.00	0.00	0.43	0.51	0.00
2	2	0.00	0.00	0.23	0.60	0.00
2	6	0.00	0.00	0.27	0.99	0.00
3	3	0.00	0.00	0.27	0.99	0.00
3	7	0.00	0.00	0.74	0.60	0.00
Core	CPU	C1%	C3%	C6%	C8%	C9%
-	-	0.02	0.07	8.39	3.69	0.31
0	0	0.09	0.48	64.12	21.39	0.00
0	4	0.08	0.05	1.12	0.80	2.49
1	1	0.00	0.00	0.18	0.99	0.00
1	5	0.00	0.00	0.26	1.28	0.00
2	2	0.00	0.00	0.14	1.09	0.00
2	6	0.00	0.00	0.13	0.99	0.00
3	3	0.00	0.00	0.55	1.59	0.00
3	7	0.00	0.00	0.65	1.39	0.00
Core	CPU	C1%	C3%	C6%	C8%	C9%
-	-	0.01	0.07	8.54	3.52	0.00
0	0	0.10	0.54	64.74	21.52	0.00
0	4	0.00	0.02	0.81	0.19	0.00
1	1	0.00	0.00	0.39	0.59	0.00
1	5	0.00	0.00	0.56	1.09	0.00
2	2	0.00	0.00	0.65	1.09	0.00
2	6	0.00	0.00	0.43	1.59	0.00
3	3	0.00	0.00	0.42	0.99	0.00
3	7	0.00	0.00	0.30	1.09	0.00
Core	CPU	C1%	C3%	C6%	C8%	C9%
-	-	0.01	0.06	8.52	3.35	0.00
0	0	0.11	0.39	65.08	21.35	0.00
0	4	0.00	0.00	1.24	0.31	0.00
1	1	0.00	0.05	0.62	0.31	0.00
1	5	0.00	0.00	0.10	0.99	0.00
2	2	0.00	0.00	0.18	0.99	0.00
2	6	0.00	0.00	0.40	1.19	0.00
3	3	0.00	0.00	0.15	0.99	0.00
3	7	0.00	0.02	0.39	0.69	0.00
Core	CPU	C1%	C3%	C6%	C8%	C9%
-	-	0.02	0.11	8.19	3.19	0.00
0	0	0.09	0.83	62.29	20.67	0.00
0	4	0.00	0.03	0.72	0.30	0.00
1	1	0.00	0.00	0.54	0.39	0.00
1	5	0.00	0.00	0.13	0.58	0.00
2	2	0.07	0.00	0.85	0.70	0.00
2	6	0.00	0.00	0.25	1.18	0.00
3	3	0.00	0.00	0.27	0.99	0.00
3	7	0.01	0.00	0.46	0.69	0.00
Core	CPU	C1%	C3%	C6%	C8%	C9%
-	-	0.01	0.02	8.57	3.38	0.00
0	0	0.11	0.12	65.27	21.54	0.00
0	4	0.00	0.02	0.98	1.05	0.00
1	1	0.00	0.00	0.57	0.30	0.00
1	5	0.00	0.00	0.36	0.79	0.00
2	2	0.00	0.00	0.54	0.69	0.00
2	6	0.00	0.00	0.33	0.79	0.00
3	3	0.00	0.00	0.10	0.99	0.00
3	7	0.00	0.00	0.38	0.89	0.00
Core	CPU	C1%	C3%	C6%	C8%	C9%
-	-	0.01	0.05	8.39	3.45	0.27
0	0	0.10	0.31	64.37	21.36	0.00
0	4	0.00	0.09	1.11	0.60	2.17
1	1	0.00	0.00	0.20	0.69	0.00
1	5	0.00	0.00	0.19	0.99	0.00
2	2	0.00	0.00	0.37	0.79	0.00
2	6	0.00	0.00	0.39	0.99	0.00
3	3	0.00	0.00	0.32	0.99	0.00
3	7	0.00	0.00	0.20	1.19	0.00
Core	CPU	C1%	C3%	C6%	C8%	C9%
-	-	0.01	0.04	8.54	3.93	0.20
0	0	0.12	0.29	64.92	21.64	0.00
0	4	0.00	0.02	1.08	1.74	1.59
1	1	0.00	0.01	0.59	0.59	0.00
1	5	0.00	0.02	0.29	1.29	0.00
2	2	0.00	0.00	0.20	1.39	0.00
2	6	0.00	0.00	0.29	1.37	0.00
3	3	0.00	0.00	0.47	1.28	0.00
3	7	0.00	0.00	0.45	2.15	0.00
Core	CPU	C1%	C3%	C6%	C8%	C9%
-	-	0.01	0.04	8.57	3.33	0.00
0	0	0.11	0.34	64.97	21.59	0.00
0	4	0.00	0.00	1.19	0.28	0.00
1	1	0.00	0.00	0.95	0.30	0.00
1	5	0.00	0.00	0.24	1.00	0.00
2	2	0.00	0.02	0.30	0.82	0.00
2	6	0.00	0.00	0.28	1.09	0.00
3	3	0.00	0.00	0.19	0.89	0.00
3	7	0.00	0.00	0.47	0.69	0.00
Core	CPU	C1%	C3%	C6%	C8%	C9%
-	-	0.01	0.08	8.16	3.41	0.24
0	0	0.10	0.57	63.12	20.23	0.00
0	4	0.00	0.01	0.62	1.18	1.91
1	1	0.00	0.00	0.31	0.99	0.00
1	5	0.00	0.00	0.27	1.38	0.00
2	2	0.00	0.00	0.24	0.90	0.00
2	6	0.00	0.00	0.13	0.99	0.00
3	3	0.00	0.01	0.29	0.80	0.00
3	7	0.00	0.05	0.29	0.78	0.00
Core	CPU	C1%	C3%	C6%	C8%	C9%
-	-	0.02	0.02	8.45	3.41	0.00
0	0	0.12	0.11	64.82	21.98	0.00
0	4	0.00	0.02	0.60	0.40	0.00
1	1	0.00	0.00	0.36	0.50	0.00
1	5	0.00	0.00	0.18	0.99	0.00
2	2	0.00	0.00	0.26	1.06	0.00
2	6	0.00	0.00	0.24	0.99	0.00
3	3	0.00	0.00	0.32	0.99	0.00
3	7	0.00	0.00	0.80	0.39	0.00
Core	CPU	C1%	C3%	C6%	C8%	C9%
-	-	0.01	0.06	8.42	3.19	0.00
0	0	0.09	0.38	64.34	21.31	0.00
0	4	0.00	0.00	0.97	0.51	0.00
1	1	0.00	0.04	0.69	0.00	0.00
1	5	0.00	0.02	0.29	0.90	0.00
2	2	0.00	0.00	0.29	0.76	0.00
2	6	0.00	0.00	0.26	0.79	0.00
3	3	0.00	0.00	0.37	0.69	0.00
3	7	0.00	0.00	0.14	0.59	0.00
Core	CPU	C1%	C3%	C6%	C8%	C9%
-	-	0.01	0.03	8.52	3.49	0.06
0	0	0.12	0.19	64.79	21.94	0.00
0	4	0.00	0.07	1.13	0.28	0.48
1	1	0.00	0.00	0.35	0.89	0.00
1	5	0.00	0.00	0.23	0.90	0.00
2	2	0.00	0.01	0.29	0.93	0.00
2	6	0.00	0.00	0.32	1.10	0.00
3	3	0.00	0.00	0.28	0.79	0.00
3	7	0.00	0.00	0.75	1.08	0.00
Core	CPU	C1%	C3%	C6%	C8%	C9%
-	-	0.01	0.03	8.44	3.46	0.00
0	0	0.12	0.25	65.03	21.61	0.00
0	4	0.00	0.00	0.80	0.10	0.00
1	1	0.00	0.00	0.28	1.08	0.00
1	5	0.00	0.00	0.37	1.08	0.00
2	2	0.00	0.00	0.24	0.90	0.00
2	6	0.00	0.00	0.29	0.99	0.00
3	3	0.00	0.00	0.10	0.99	0.00
3	7	0.00	0.00	0.38	0.88	0.00
Core	CPU	C1%	C3%	C6%	C8%	C9%
-	-	0.01	0.08	8.36	3.33	0.00
0	0	0.09	0.54	62.67	20.73	0.00
0	4	0.00	0.03	1.10	0.21	0.00
1	1	0.00	0.00	0.51	1.00	0.00
1	5	0.00	0.00	0.29	1.08	0.00
2	2	0.00	0.00	0.27	1.26	0.00
2	6	0.00	0.03	0.44	1.40	0.00
3	3	0.00	0.00	0.83	0.49	0.00
3	7	0.01	0.01	0.79	0.49	0.00
Core	CPU	C1%	C3%	C6%	C8%	C9%
-	-	0.01	0.01	8.70	3.44	0.00
0	0	0.10	0.00	64.98	21.92	0.00
0	4	0.00	0.03	1.03	0.30	0.00
1	1	0.00	0.01	0.72	0.20	0.00
1	5	0.00	0.01	0.95	0.80	0.00
2	2	0.00	0.00	0.34	0.86	0.00
2	6	0.00	0.00	0.96	1.58	0.00
3	3	0.00	0.00	0.45	0.90	0.00
3	7	0.00	0.00	0.14	0.99	0.00
Core	CPU	C1%	C3%	C6%	C8%	C9%
-	-	0.01	0.05	8.52	3.53	0.46
0	0	0.09	0.41	64.06	21.53	0.00
0	4	0.00	0.02	1.62	1.58	3.67
1	1	0.00	0.00	0.46	0.69	0.00
1	5	0.00	0.00	0.64	1.19	0.00
2	2	0.00	0.00	0.22	0.92	0.00
2	6	0.00	0.00	0.59	0.59	0.00
3	3	0.00	0.00	0.19	0.89	0.00
3	7	0.00	0.00	0.37	0.88	0.00
Core	CPU	C1%	C3%	C6%	C8%	C9%
-	-	0.01	0.07	8.55	3.63	0.33
0	0	0.11	0.50	64.93	21.49	0.00
0	4	0.00	0.01	0.81	0.11	2.66
1	1	0.00	0.00	0.59	1.88	0.00
1	5	0.00	0.00	0.57	0.99	0.00
2	2	0.00	0.00	0.30	1.39	0.00
2	6	0.00	0.00	0.25	0.99	0.00
3	3	0.00	0.02	0.69	1.19	0.00
3	7	0.00	0.00	0.30	0.98	0.00
Core	CPU	C1%	C3%	C6%	C8%	C9%
-	-	0.01	0.08	8.81	3.54	0.19
0	0	0.10	0.56	65.11	21.09	0.00
0	4	0.00	0.04	1.41	1.43	1.56
1	1	0.00	0.00	0.69	0.89	0.00
1	5	0.00	0.02	0.37	1.19	0.00
2	2	0.00	0.00	0.27	1.29	0.00
2	6	0.00	0.00	0.44	0.79	0.00
3	3	0.00	0.00	0.92	0.40	0.00
3	7	0.00	0.02	1.29	1.27	0.00
Core	CPU	C1%	C3%	C6%	C8%	C9%
-	-	0.01	0.16	8.41	6.87	0.05
0	0	0.08	1.08	63.32	19.91	0.00
0	4	0.00	0.02	0.75	0.89	0.36
1	1	0.00	0.00	0.88	1.48	0.00
1	5	0.00	0.04	0.60	0.00	0.00
2	2	0.00	0.00	0.10	1.18	0.00
2	6	0.00	0.00	0.29	0.89	0.00
3	3	0.00	0.00	0.36	0.79	0.00
3	7	0.02	0.17	0.98	29.79	0.00
Core	CPU	C1%	C3%	C6%	C8%	C9%
-	-	0.11	0.11	8.94	3.34	0.00
0	0	0.11	0.79	65.51	20.92	0.00
0	4	0.00	0.02	1.65	0.00	0.00
1	1	0.00	0.00	1.14	0.88	0.00
1	5	0.00	0.00	0.67	0.88	0.00
2	2	0.35	0.02	0.91	0.71	0.00
2	6	0.43	0.00	0.19	1.29	0.00
3	3	0.00	0.00	0.19	0.99	0.00
3	7	0.00	0.04	1.24	1.04	0.00
Core	CPU	C1%	C3%	C6%	C8%	C9%
-	-	0.01	0.02	8.43	3.66	0.24
0	0	0.11	0.14	64.23	21.71	0.01
0	4	0.00	0.03	1.16	0.80	1.90
1	1	0.00	0.00	0.38	0.80	0.00
1	5	0.00	0.00	0.66	0.99	0.00
2	2	0.00	0.00	0.34	0.80	0.00
2	6	0.00	0.00	0.13	1.09	0.00
3	3	0.00	0.01	0.29	1.10	0.00
3	7	0.00	0.00	0.28	1.97	0.00
Core	CPU	C1%	C3%	C6%	C8%	C9%
-	-	0.01	0.05	8.78	3.55	0.12
0	0	0.12	0.38	65.02	21.51	0.00
0	4	0.00	0.03	0.77	0.38	0.98
1	1	0.00	0.00	0.75	1.39	0.00
1	5	0.00	0.00	0.30	1.28	0.00
2	2	0.00	0.00	0.77	1.38	0.00
2	6	0.00	0.00	0.55	1.28	0.00
3	3	0.00	0.00	1.13	0.69	0.00
3	7	0.00	0.02	0.99	0.49	0.00
Core	CPU	C1%	C3%	C6%	C8%	C9%
-	-	0.01	0.05	8.47	3.12	0.00
0	0	0.11	0.30	65.06	21.51	0.00
0	4	0.00	0.05	0.94	0.11	0.00
1	1	0.00	0.00	0.44	0.49	0.00
1	5	0.00	0.00	0.14	0.39	0.00
2	2	0.00	0.01	0.30	0.39	0.00
2	6	0.00	0.00	0.10	0.50	0.00
3	3	0.00	0.00	0.28	0.88	0.00
3	7	0.00	0.00	0.48	0.68	0.00
Core	CPU	C1%	C3%	C6%	C8%	C9%
-	-	0.01	0.05	8.41	3.35	0.00
0	0	0.10	0.38	63.28	20.28	0.00
0	4	0.00	0.05	1.14	0.10	0.00
1	1	0.00	0.00	0.28	0.89	0.00
1	5	0.00	0.00	0.36	0.79	0.00
2	2	0.00	0.00	0.24	1.08	0.00
2	6	0.00	0.00	1.50	1.09	0.00
3	3	0.00	0.00	0.10	1.00	0.00
3	7	0.01	0.00	0.42	1.57	0.00
Core	CPU	C1%	C3%	C6%	C8%	C9%
-	-	0.01	0.02	8.48	3.51	0.00
0	0	0.11	0.13	64.98	21.80	0.00
0	4	0.00	0.05	1.37	0.68	0.00
1	1	0.00	0.00	0.09	0.99	0.00
1	5	0.00	0.00	0.19	0.89	0.00
2	2	0.00	0.00	0.37	0.89	0.00
2	6	0.00	0.00	0.35	0.69	0.00
3	3	0.00	0.00	0.33	1.09	0.00
3	7	0.00	0.00	0.20	1.09	0.00
Core	CPU	C1%	C3%	C6%	C8%	C9%
-	-	0.01	0.06	8.61	3.18	0.23
0	0	0.11	0.43	64.61	20.97	0.00
0	4	0.00	0.04	1.44	0.00	1.82
1	1	0.00	0.00	0.81	0.60	0.00
1	5	0.00	0.00	0.50	0.00	0.00
2	2	0.00	0.00	0.59	1.04	0.00
2	6	0.00	0.00	0.36	0.89	0.00
3	3	0.00	0.00	0.36	0.89	0.00
3	7	0.00	0.00	0.24	1.08	0.00
Core	CPU	C1%	C3%	C6%	C8%	C9%
-	-	0.01	0.03	8.47	3.38	0.00
0	0	0.12	0.17	64.84	21.85	0.00
0	4	0.00	0.02	1.25	0.21	0.00
1	1	0.00	0.00	0.25	0.99	0.00
1	5	0.00	0.00	0.23	0.89	0.00
2	2	0.00	0.01	0.39	0.75	0.00
2	6	0.00	0.00	0.10	0.99	0.00
3	3	0.00	0.00	0.28	0.79	0.00
3	7	0.00	0.00	0.45	0.59	0.00
Core	CPU	C1%	C3%	C6%	C8%	C9%
-	-	0.01	0.07	8.68	3.28	0.00
0	0	0.11	0.52	65.02	21.30	0.00
0	4	0.00	0.00	1.20	0.10	0.00
1	1	0.00	0.00	0.56	0.40	0.00
1	5	0.00	0.00	0.44	1.09	0.00
2	2	0.00	0.00	0.82	0.70	0.00
2	6	0.00	0.01	0.79	0.49	0.00
3	3	0.00	0.00	0.20	1.18	0.00
3	7	0.00	0.00	0.38	0.98	0.00
Core	CPU	C1%	C3%	C6%	C8%	C9%
-	-	0.01	0.05	8.17	3.45	0.90
0	0	0.09	0.33	62.72	20.87	3.33
0	4	0.00	0.01	0.92	0.19	2.10
1	1	0.00	0.00	0.29	1.09	0.00
1	5	0.00	0.00	0.28	0.89	0.00
2	2	0.00	0.00	0.35	0.79	0.00
2	6	0.00	0.00	0.25	0.98	0.00
3	3	0.00	0.02	0.20	0.89	0.00
3	7	0.00	0.00	0.33	1.86	1.75
Core	CPU	C1%	C3%	C6%	C8%	C9%
-	-	0.01	0.06	8.55	3.36	0.06
0	0	0.11	0.48	64.73	21.61	0.00
0	4	0.00	0.02	1.01	0.61	0.51
1	1	0.00	0.01	0.95	0.20	0.00
1	5	0.00	0.00	0.79	0.60	0.00
2	2	0.00	0.00	0.19	0.98	0.00
2	6	0.00	0.00	0.46	0.79	0.00
3	3	0.00	0.00	0.15	1.09	0.00
3	7	0.00	0.00	0.13	0.98	0.00
Core	CPU	C1%	C3%	C6%	C8%	C9%
-	-	0.10	0.09	8.50	3.46	0.00
0	0	0.10	0.57	64.15	21.32	0.00
0	4	0.00	0.02	1.25	0.10	0.00
1	1	0.00	0.00	0.53	1.10	0.00
1	5	0.00	0.13	0.39	0.89	0.00
2	2	0.00	0.00	0.10	1.03	0.00
2	6	0.72	0.00	0.78	0.88	0.00
3	3	0.00	0.00	0.56	1.19	0.00
3	7	0.00	0.00	0.24	1.18	0.00
Core	CPU	C1%	C3%	C6%	C8%	C9%
-	-	0.01	0.05	8.75	3.29	0.00
0	0	0.10	0.31	64.81	21.77	0.00
0	4	0.00	0.02	1.50	0.00	0.00
1	1	0.00	0.00	0.66	0.30	0.00
1	5	0.00	0.00	0.25	1.09	0.00
2	2	0.00	0.00	0.62	0.32	0.00
2	6	0.00	0.00	1.47	0.79	0.00
3	3	0.00	0.00	0.10	1.09	0.00
3	7	0.00	0.07	0.56	0.98	0.00
Core	CPU	C1%	C3%	C6%	C8%	C9%
-	-	0.01	0.04	8.56	3.29	0.00
0	0	0.11	0.26	64.87	21.77	0.00
0	4	0.00	0.04	0.80	0.09	0.00
1	1	0.00	0.00	0.10	0.40	0.00
1	5	0.00	0.00	0.88	0.79	0.00
2	2	0.00	0.00	0.36	0.79	0.00
2	6	0.00	0.00	0.25	0.88	0.00
3	3	0.00	0.00	0.32	0.79	0.00
3	7	0.00	0.00	0.89	0.79	0.00
Core	CPU	C1%	C3%	C6%	C8%	C9%
-	-	0.01	0.10	8.38	3.40	0.00
0	0	0.09	0.67	63.14	20.07	0.00
0	4	0.00	0.00	1.65	0.10	0.00
1	1	0.00	0.01	0.63	0.30	0.00
1	5	0.00	0.10	0.10	1.42	0.00
2	2	0.00	0.00	0.29	1.29	0.00
2	6	0.00	0.00	0.46	1.38	0.00
3	3	0.00	0.00	0.35	1.28	0.00
3	7	0.00	0.01	0.42	1.38	0.00
Core	CPU	C1%	C3%	C6%	C8%	C9%
-	-	0.01	0.02	8.62	3.40	0.01
0	0	0.11	0.19	65.32	21.37	0.00
0	4	0.00	0.01	1.48	0.00	0.06
1	1	0.00	0.00	0.35	0.99	0.00
1	5	0.00	0.00	0.34	0.90	0.00
2	2	0.00	0.00	0.42	1.09	0.00
2	6	0.00	0.00	0.10	1.30	0.00
3	3	0.00	0.00	0.19	1.19	0.00
3	7	0.00	0.00	0.76	0.39	0.00
Core	CPU	C1%	C3%	C6%	C8%	C9%
-	-	0.02	0.06	8.43	3.47	0.15
0	0	0.16	0.48	64.45	21.08	0.88
0	4	0.00	0.00	0.90	0.20	0.31
1	1	0.00	0.00	0.21	0.99	0.00
1	5	0.00	0.00	0.26	0.89	0.00
2	2	0.00	0.00	0.25	0.99	0.00
2	6	0.00	0.00	0.32	1.09	0.00
3	3	0.00	0.00	0.20	0.89	0.00
3	7	0.00	0.02	0.86	1.63	0.00
Core	CPU	C1%	C3%	C6%	C8%	C9%
-	-	0.01	0.06	8.69	3.13	0.00
0	0	0.10	0.45	64.85	21.56	0.00
0	4	0.00	0.05	1.03	0.00	0.00
1	1	0.00	0.00	0.68	0.40	0.00
1	5	0.00	0.00	0.10	1.08	0.00
2	2	0.00	0.00	0.28	0.88	0.00
2	6	0.00	0.00	0.56	0.49	0.00
3	3	0.00	0.00	1.03	0.40	0.00
3	7	0.00	0.01	0.99	0.20	0.00
Core	CPU	C1%	C3%	C6%	C8%	C9%
-	-	0.08	0.08	8.69	3.37	0.03
0	0	0.07	0.61	65.06	21.25	0.00
0	4	0.00	0.04	0.83	0.11	0.28
1	1	0.00	0.00	0.99	1.20	0.00
1	5	0.00	0.02	0.20	0.69	0.00
2	2	0.00	0.00	0.39	0.40	0.00
2	6	0.00	0.00	0.46	1.19	0.00
3	3	0.59	0.00	0.95	1.19	0.00
3	7	0.00	0.00	0.64	0.89	0.00
Core	CPU	C1%	C3%	C6%	C8%	C9%
-	-	0.01	0.03	8.45	3.28	0.00
0	0	0.08	0.22	63.05	20.71	0.00
0	4	0.00	0.00	1.15	0.78	0.00
1	1	0.00	0.00	0.46	0.40	0.00
1	5	0.00	0.00	0.35	0.99	0.00
2	2	0.00	0.00	1.04	0.60	0.00
2	6	0.00	0.01	0.89	0.79	0.00
3	3	0.00	0.00	0.30	1.19	0.00
3	7	0.00	0.00	0.37	0.79	0.00
Core	CPU	C1%	C3%	C6%	C8%	C9%
-	-	0.00	0.04	8.60	3.46	0.00
0	0	0.04	0.33	65.31	21.34	0.00
0	4	0.00	0.00	0.91	0.19	0.00
1	1	0.00	0.00	0.39	0.99	0.00
1	5	0.00	0.00	0.27	0.99	0.00
2	2	0.00	0.00	0.69	1.18	0.00
2	6	0.00	0.00	0.32	1.19	0.00
3	3	0.00	0.02	0.29	1.00	0.00
3	7	0.00	0.00	0.60	0.79	0.00
Core	CPU	C1%	C3%	C6%	C8%	C9%
-	-	0.00	0.04	8.42	3.47	0.00
0	0	0.03	0.30	64.59	21.24	0.00
0	4	0.00	0.00	0.89	0.30	0.00
1	1	0.00	0.00	0.32	0.89	0.00
1	5	0.00	0.00	0.19	0.70	0.00
2	2	0.00	0.00	0.29	1.08	0.00
2	6	0.00	0.00	0.28	0.98	0.00
3	3	0.00	0.01	0.57	1.38	0.00
3	7	0.00	0.00	0.23	1.19	0.00
Core	CPU	C1%	C3%	C6%	C8%	C9%
-	-	0.01	0.20	8.99	6.89	0.65
0	0	0.06	1.43	65.18	20.66	0.00
0	4	0.00	0.01	0.98	0.00	5.19
1	1	0.00	0.00	1.57	2.66	0.00
1	5	0.00	0.00	0.14	1.20	0.00
2	2	0.00	0.01	0.30	0.39	0.00
2	6	0.00	0.00	1.47	0.89	0.00
3	3	0.00	0.00	0.67	0.79	0.00
3	7	0.01	0.17	1.59	28.50	0.00
Core	CPU	C1%	C3%	C6%	C8%	C9%
-	-	0.01	0.04	8.53	3.36	0.08
0	0	0.04	0.28	65.04	21.63	0.00
0	4	0.00	0.04	0.78	0.20	0.00
1	1	0.00	0.00	0.48	0.69	0.00
1	5	0.00	0.00	0.26	0.99	0.00
2	2	0.00	0.00	0.35	0.99	0.00
2	6	0.00	0.00	0.23	0.99	0.00
3	3	0.00	0.00	0.19	0.89	0.00
3	7	0.00	0.00	0.87	0.49	0.68
Core	CPU	C1%	C3%	C6%	C8%	C9%
-	-	0.00	0.05	8.43	3.59	0.00
0	0	0.03	0.33	62.96	20.79	0.00
0	4	0.00	0.02	1.84	0.29	0.00
1	1	0.00	0.00	0.19	0.99	0.00
1	5	0.00	0.00	0.29	1.29	0.00
2	2	0.00	0.00	0.40	1.29	0.00
2	6	0.00	0.00	0.63	1.78	0.00
3	3	0.00	0.00	0.42	1.39	0.00
3	7	0.00	0.03	0.74	0.89	0.00
Core	CPU	C1%	C3%	C6%	C8%	C9%
-	-	0.00	0.06	8.54	3.44	0.00
0	0	0.01	0.38	65.12	21.55	0.00
0	4	0.00	0.01	1.06	0.00	0.00
1	1	0.00	0.00	0.23	1.39	0.00
1	5	0.00	0.02	0.19	0.70	0.00
2	2	0.00	0.00	0.10	0.67	0.00
2	6	0.00	0.04	0.76	0.49	0.00
3	3	0.00	0.00	0.66	1.08	0.00
3	7	0.00	0.00	0.24	1.67	0.00
Core	CPU	C1%	C3%	C6%	C8%	C9%
-	-	0.00	0.07	8.55	3.58	0.11
0	0	0.02	0.55	64.54	21.15	0.00
0	4	0.00	0.00	0.86	0.62	0.00
1	1	0.00	0.01	0.93	1.38	0.90
1	5	0.00	0.00	0.13	1.09	0.00
2	2	0.00	0.00	0.28	1.32	0.00
2	6	0.00	0.00	0.57	0.60	0.00
3	3	0.00	0.00	0.36	1.19	0.00
3	7	0.00	0.01	0.70	1.29	0.00
Core	CPU	C1%	C3%	C6%	C8%	C9%
-	-	0.00	0.03	8.74	3.66	0.00
0	0	0.00	0.26	65.75	21.02	0.00
0	4	0.00	0.00	0.62	0.40	0.00
1	1	0.00	0.00	0.68	0.69	0.00
1	5	0.00	0.00	0.59	0.99	0.00
2	2	0.00	0.00	0.34	1.69	0.00
2	6	0.00	0.00	0.13	1.09	0.00
3	3	0.00	0.01	0.75	1.89	0.00
3	7	0.00	0.00	1.04	1.50	0.00
Core	CPU	C1%	C3%	C6%	C8%	C9%
-	-	0.00	0.09	8.88	3.25	0.00
0	0	0.01	0.62	65.78	20.39	0.00
0	4	0.00	0.07	0.79	0.00	0.00
1	1	0.00	0.00	0.20	0.40	0.00
1	5	0.00	0.00	0.49	1.09	0.00
2	2	0.00	0.00	0.26	1.48	0.00
2	6	0.00	0.00	1.33	1.18	0.00
3	3	0.00	0.00	1.39	0.79	0.00
3	7	0.00	0.01	0.80	0.69	0.00
Core	CPU	C1%	C3%	C6%	C8%	C9%
-	-	0.00	0.11	8.48	3.59	0.00
0	0	0.01	0.80	63.10	20.50	0.00
0	4	0.00	0.05	1.68	0.11	0.00
1	1	0.00	0.00	0.32	0.41	0.00
1	5	0.00	0.00	0.20	1.88	0.00
2	2	0.00	0.02	0.59	1.38	0.00
2	6	0.00	0.00	1.07	1.18	0.00
3	3	0.00	0.00	0.55	1.87	0.00
3	7	0.00	0.00	0.37	1.38	0.00
Core	CPU	C1%	C3%	C6%	C8%	C9%
-	-	0.00	0.08	8.72	3.37	0.00
0	0	0.02	0.67	65.31	21.04	0.00
0	4	0.00	0.00	1.13	0.00	0.00
1	1	0.00	0.00	0.98	0.30	0.00
1	5	0.00	0.00	0.13	1.50	0.00
2	2	0.00	0.00	0.14	0.70	0.00
2	6	0.00	0.00	0.68	1.09	0.00
3	3	0.00	0.00	0.66	1.28	0.00
3	7	0.00	0.00	0.73	1.09	0.00
Core	CPU	C1%	C3%	C6%	C8%	C9%
-	-	0.00	0.08	8.47	3.43	0.00
0	0	0.02	0.65	64.54	20.98	0.00
0	4	0.00	0.03	1.11	0.30	0.00
1	1	0.00	0.00	0.58	0.69	0.00
1	5	0.00	0.00	0.36	0.88	0.00
2	2	0.00	0.00	0.24	1.09	0.00
2	6	0.00	0.00	0.23	1.19	0.00
3	3	0.00	0.00	0.31	1.30	0.00
3	7	0.00	0.00	0.38	0.99	0.00
Core	CPU	C1%	C3%	C6%	C8%	C9%
-	-	0.00	0.05	8.73	3.31	0.00
0	0	0.01	0.34	65.24	21.44	0.00
0	4	0.00	0.03	1.31	0.00	0.00
1	1	0.00	0.00	0.10	0.98	0.00
1	5	0.00	0.00	0.29	0.89	0.00
2	2	0.00	0.00	0.37	1.37	0.00
2	6	0.00	0.00	0.44	0.80	0.00
3	3	0.00	0.00	1.12	0.39	0.00
3	7	0.00	0.01	0.99	0.58	0.00
Core	CPU	C1%	C3%	C6%	C8%	C9%
-	-	0.00	0.02	8.41	3.35	0.00
0	0	0.00	0.13	65.33	21.59	0.00
0	4	0.00	0.00	0.76	0.88	0.00
1	1	0.00	0.00	0.23	0.71	0.00
1	5	0.00	0.00	0.22	0.30	0.00
2	2	0.00	0.00	0.03	0.50	0.00
2	6	0.00	0.00	0.20	0.98	0.00
3	3	0.00	0.00	0.37	0.88	0.00
3	7	0.00	0.00	0.15	0.98	0.00
Core	CPU	C1%	C3%	C6%	C8%	C9%
-	-	0.00	0.02	8.45	3.39	0.00
0	0	0.02	0.15	62.87	21.03	0.00
0	4	0.00	0.00	1.41	0.19	0.00
1	1	0.00	0.00	0.39	1.29	0.00
1	5	0.00	0.00	0.35	0.79	0.00
2	2	0.00	0.00	1.02	1.18	0.00
2	6	0.00	0.02	1.05	0.69	0.00
3	3	0.00	0.00	0.10	0.99	0.00
3	7	0.01	0.02	0.38	0.98	0.00
Core	CPU	C1%	C3%	C6%	C8%	C9%
-	-	0.00	0.05	8.67	3.39	0.00
0	0	0.01	0.34	65.39	21.28	0.00
0	4	0.00	0.04	1.22	0.59	0.00
1	1	0.00	0.00	0.19	0.99	0.00
1	5	0.00	0.00	0.57	1.09	0.00
2	2	0.00	0.00	0.26	0.99	0.00
2	6	0.00	0.00	0.24	0.89	0.00
3	3	0.00	0.02	0.50	0.89	0.00
3	7	0.00	0.00	0.99	0.39	0.00
Core	CPU	C1%	C3%	C6%	C8%	C9%
-	-	0.00	0.05	8.57	3.52	0.40
0	0	0.01	0.36	65.32	20.51	0.00
0	4	0.00	0.03	0.90	0.23	3.22
1	1	0.00	0.00	0.10	0.79	0.00
1	5	0.00	0.00	0.59	1.48	0.00
2	2	0.00	0.00	0.57	1.48	0.00
2	6	0.00	0.00	0.45	1.49	0.00
3	3	0.00	0.00	0.25	1.09	0.00
3	7	0.00	0.02	0.39	1.09	0.00
Core	CPU	C1%	C3%	C6%	C8%	C9%
-	-	0.00	0.03	8.45	3.43	0.00
0	0	0.01	0.23	65.21	21.63	0.00
0	4	0.00	0.00	0.67	0.60	0.00
1	1	0.00	0.00	0.15	0.50	0.00
1	5	0.00	0.00	0.23	0.81	0.00
2	2	0.00	0.00	0.18	0.41	0.00
2	6	0.00	0.03	0.35	1.19	0.00
3	3	0.00	0.00	0.47	0.79	0.00
3	7	0.00	0.00	0.33	1.48	0.00
Core	CPU	C1%	C3%	C6%	C8%	C9%
-	-	0.00	0.08	8.83	3.76	0.00
0	0	0.01	0.58	65.22	21.19	0.00
0	4	0.00	0.00	1.09	0.30	0.00
1	1	0.00	0.03	1.17	1.67	0.00
1	5	0.00	0.00	0.26	1.78	0.00
2	2	0.00	0.00	0.63	0.69	0.00
2	6	0.00	0.02	0.67	1.88	0.00
3	3	0.00	0.00	1.25	1.19	0.00
3	7	0.00	0.00	0.38	1.38	0.00
Core	CPU	C1%	C3%	C6%	C8%	C9%
-	-	0.00	0.03	8.21	3.48	0.29
0	0	0.01	0.25	63.08	20.75	0.00
0	4	0.00	0.01	0.71	0.19	0.00
1	1	0.00	0.00	0.49	0.69	0.00
1	5	0.00	0.00	0.27	0.89	0.00
2	2	0.00	0.00	0.16	1.09	0.00
2	6	0.00	0.00	0.25	1.87	0.00
3	3	0.00	0.02	0.45	1.29	0.00
3	7	0.00	0.00	0.28	1.08	2.30
Core	CPU	C1%	C3%	C6%	C8%	C9%
-	-	0.00	0.04	8.52	3.25	0.00
0	0	0.01	0.28	65.29	21.47	0.00
0	4	0.00	0.04	1.10	0.10	0.00
1	1	0.00	0.01	0.29	0.40	0.00
1	5	0.00	0.00	0.50	0.99	0.00
2	2	0.00	0.00	0.27	0.80	0.00
2	6	0.00	0.00	0.43	0.79	0.00
3	3	0.00	0.00	0.14	0.80	0.00
3	7	0.00	0.02	0.17	0.69	0.00
Core	CPU	C1%	C3%	C6%	C8%	C9%
-	-	0.00	0.04	8.42	3.34	0.11
0	0	0.01	0.25	64.83	21.13	0.89
0	4	0.00	0.01	1.45	0.10	0.00
1	1	0.00	0.00	0.23	0.72	0.00
1	5	0.00	0.02	0.19	0.90	0.00
2	2	0.00	0.00	0.10	0.89	0.00
2	6	0.00	0.00	0.19	0.98	0.00
3	3	0.00	0.01	0.28	0.98	0.00
3	7	0.00	0.00	0.14	0.99	0.00
Core	CPU	C1%	C3%	C6%	C8%	C9%
-	-	0.00	0.09	8.74	3.37	0.00
0	0	0.01	0.67	65.16	21.02	0.00
0	4	0.00	0.06	1.21	0.31	0.00
1	1	0.00	0.00	1.11	1.11	0.00
1	5	0.00	0.00	0.52	0.89	0.00
2	2	0.00	0.00	0.20	1.29	0.00
2	6	0.00	0.00	0.39	0.79	0.00
3	3	0.00	0.00	0.87	0.69	0.00
3	7	0.00	0.00	0.45	0.88	0.00
Core	CPU	C1%	C3%	C6%	C8%	C9%
-	-	0.00	0.06	8.75	3.13	0.00
0	0	0.01	0.46	65.15	21.38	0.00
0	4	0.00	0.00	1.28	0.11	0.00
1	1	0.00	0.00	0.76	0.10	0.00
1	5	0.00	0.00	0.36	0.79	0.00
2	2	0.00	0.00	0.92	0.69	0.00
2	6	0.00	0.02	0.80	0.30	0.00
3	3	0.00	0.00	0.39	0.89	0.00
3	7	0.00	0.00	0.37	0.79	0.00
Core	CPU	C1%	C3%	C6%	C8%	C9%
-	-	0.00	0.14	8.33	7.01	0.42
0	0	0.02	0.89	62.50	20.99	3.33
0	4	0.00	0.05	0.76	0.10	0.00
1	1	0.00	0.00	0.43	1.09	0.00
1	5	0.00	0.00	0.28	0.89	0.00
2	2	0.00	0.00	0.35	1.08	0.00
2	6	0.00	0.00	0.52	0.89	0.00
3	3	0.00	0.02	0.79	1.19	0.00
3	7	0.01	0.19	0.99	29.86	0.00
Core	CPU	C1%	C3%	C6%	C8%	C9%
-	-	0.01	0.05	8.64	3.26	0.00
0	0	0.05	0.35	65.18	21.38	0.00
0	4	0.00	0.04	0.93	0.00	0.00
1	1	0.00	0.01	0.60	0.20	0.00
1	5	0.00	0.00	0.29	0.99	0.00
2	2	0.06	0.00	0.52	0.99	0.00
2	6	0.00	0.00	0.36	1.00	0.00
3	3	0.00	0.00	0.33	1.10	0.00
3	7	0.00	0.00	0.89	0.40	0.00
Core	CPU	C1%	C3%	C6%	C8%	C9%
-	-	0.01	0.03	8.50	3.33	0.00
0	0	0.06	0.15	64.24	21.74	0.00
0	4	0.00	0.01	0.96	0.41	0.00
1	1	0.00	0.03	0.75	0.79	0.00
1	5	0.00	0.00	0.23	0.49	0.00
2	2	0.00	0.00	0.60	0.00	0.00
2	6	0.00	0.00	0.46	1.09	0.00
3	3	0.00	0.01	0.38	0.99	0.00
3	7	0.00	0.00	0.37	1.09	0.00
Core	CPU	C1%	C3%	C6%	C8%	C9%
-	-	0.01	0.03	8.54	3.42	0.00
0	0	0.09	0.19	64.75	22.00	0.00
0	4	0.00	0.01	1.40	0.00	0.00
1	1	0.00	0.00	0.28	0.89	0.00
1	5	0.00	0.02	0.36	0.89	0.00
2	2	0.00	0.00	0.34	1.00	0.00
2	6	0.00	0.00	0.13	1.28	0.00
3	3	0.00	0.00	0.70	0.49	0.00
3	7	0.00	0.00	0.38	0.79	0.00
Core	CPU	C1%	C3%	C6%	C8%	C9%
-	-	0.01	0.03	8.47	3.62	0.00
0	0	0.07	0.23	64.93	21.79	0.00
0	4	0.00	0.04	0.67	0.41	0.00
1	1	0.00	0.00	0.09	0.41	0.00
1	5	0.00	0.00	0.37	1.30	0.00
2	2	0.00	0.00	0.35	1.20	0.00
2	6	0.00	0.00	0.42	1.29	0.00
3	3	0.00	0.00	0.40	1.11	0.00
3	7	0.00	0.00	0.48	1.49	0.00
Core	CPU	C1%	C3%	C6%	C8%	C9%
-	-	0.01	0.03	8.38	3.36	0.00
0	0	0.08	0.15	62.73	21.16	0.00
0	4	0.00	0.06	1.51	0.17	0.00
1	1	0.00	0.00	0.92	0.29	0.00
1	5	0.00	0.02	0.60	0.59	0.00
2	2	0.00	0.00	0.29	1.18	0.00
2	6	0.00	0.00	0.37	0.89	0.00
3	3	0.00	0.00	0.36	1.28	0.00
3	7	0.00	0.00	0.23	1.29	0.00
Core	CPU	C1%	C3%	C6%	C8%	C9%
-	-	0.01	0.06	8.71	3.59	0.00
0	0	0.08	0.51	65.33	21.07	0.00
0	4	0.00	0.00	1.07	0.29	0.00
1	1	0.00	0.00	0.39	2.00	0.00
1	5	0.00	0.00	0.52	0.60	0.00
2	2	0.00	0.00	0.59	0.50	0.00
2	6	0.00	0.00	0.47	1.39	0.00
3	3	0.00	0.00	0.86	1.28	0.00
3	7	0.00	0.00	0.44	1.59	0.00
Core	CPU	C1%	C3%	C6%	C8%	C9%
-	-	0.01	0.10	8.55	3.22	1.16
0	0	0.07	0.75	64.27	20.97	0.00
0	4	0.00	0.00	1.26	0.40	9.26
1	1	0.00	0.00	0.26	0.89	0.00
1	5	0.00	0.00	0.25	0.89	0.00
2	2	0.00	0.00	0.92	0.50	0.00
2	6	0.00	0.01	0.89	0.40	0.00
3	3	0.00	0.01	0.20	0.99	0.00
3	7	0.00	0.00	0.37	0.69	0.00
Core	CPU	C1%	C3%	C6%	C8%	C9%
-	-	0.01	0.05	8.65	3.63	0.14
0	0	0.10	0.41	64.82	21.70	0.00
0	4	0.00	0.00	0.82	0.10	1.09
1	1	0.00	0.00	0.39	1.18	0.00
1	5	0.00	0.00	0.76	1.29	0.00
2	2	0.00	0.00	0.35	1.28	0.00
2	6	0.00	0.00	0.55	1.49	0.00
3	3	0.00	0.02	1.18	0.60	0.00
3	7	0.00	0.00	0.29	1.39	0.00
Core	CPU	C1%	C3%	C6%	C8%	C9%
-	-	0.01	0.05	8.53	3.72	0.17
0	0	0.09	0.37	64.83	21.76	0.00
0	4	0.00	0.01	1.05	0.30	1.37
1	1	0.00	0.02	0.20	1.48	0.00
1	5	0.00	0.00	0.00	0.40	0.00
2	2	0.00	0.00	0.29	1.38	0.00
2	6	0.00	0.00	0.96	1.28	0.00
3	3	0.00	0.00	0.45	1.68	0.00
3	7	0.00	0.00	0.46	1.48	0.00
Core	CPU	C1%	C3%	C6%	C8%	C9%
-	-	0.01	0.06	8.65	3.45	0.43
0	0	0.08	0.39	64.97	21.47	0.00
0	4	0.00	0.01	0.96	0.00	0.00
1	1	0.00	0.01	1.32	0.99	3.43
1	5	0.00	0.02	0.19	0.50	0.00
2	2	0.00	0.00	0.10	0.85	0.00
2	6	0.00	0.00	0.47	1.19	0.00
3	3	0.00	0.03	0.42	1.18	0.00
3	7	0.00	0.01	0.78	1.44	0.00
Core	CPU	C1%	C3%	C6%	C8%	C9%
-	-	0.02	0.03	8.53	3.37	0.00
0	0	0.12	0.21	65.26	21.43	0.00
0	4	0.03	0.01	0.94	0.83	0.00
1	1	0.00	0.00	0.44	0.71	0.00
1	5	0.00	0.00	0.23	1.00	0.00
2	2	0.00	0.02	0.38	0.74	0.00
2	6	0.00	0.00	0.19	0.90	0.00
3	3	0.00	0.00	0.38	0.69	0.00
3	7	0.00	0.00	0.45	0.69	0.00
Core	CPU	C1%	C3%	C6%	C8%	C9%
-	-	0.01	0.06	8.39	3.48	0.19
0	0	0.11	0.41	64.53	21.17	0.00
0	4	0.00	0.03	1.06	0.78	0.59
1	1	0.00	0.01	0.19	0.98	0.89
1	5	0.00	0.00	0.37	1.08	0.00
2	2	0.00	0.00	0.14	1.03	0.00
2	6	0.00	0.00	0.32	0.99	0.00
3	3	0.00	0.00	0.20	0.99	0.00
3	7	0.00	0.02	0.29	0.79	0.00
Core	CPU	C1%	C3%	C6%	C8%	C9%
-	-	0.01	0.04	8.66	3.22	0.00
0	0	0.11	0.33	64.68	21.84	0.00
0	4	0.00	0.00	1.19	0.10	0.00
1	1	0.00	0.00	0.66	0.59	0.00
1	5	0.00	0.00	0.15	1.19	0.00
2	2	0.00	0.00	0.82	0.33	0.00
2	6	0.00	0.01	0.83	0.39	0.00
3	3	0.00	0.00	0.20	0.99	0.00
3	7	0.00	0.00	0.77	0.30	0.00
Core	CPU	C1%	C3%	C6%	C8%	C9%
-	-	0.02	0.07	8.57	3.44	0.00
0	0	0.12	0.47	64.90	21.53	0.00
0	4	0.07	0.05	0.79	0.00	0.00
1	1	0.00	0.00	0.84	0.99	0.00
1	5	0.00	0.00	0.26	0.90	0.00
2	2	0.00	0.00	0.44	1.09	0.00
2	6	0.00	0.00	0.42	1.19	0.00
3	3	0.00	0.01	0.48	1.00	0.00
3	7	0.00	0.00	0.42	0.79	0.00
Core	CPU	C1%	C3%	C6%	C8%	C9%
-	-	0.01	0.06	8.48	3.43	0.43
0	0	0.10	0.42	63.10	20.45	0.00
0	4	0.00	0.04	1.70	0.00	0.00
1	1	0.00	0.01	0.29	0.41	0.00
1	5	0.00	0.00	0.22	1.29	0.00
2	2	0.00	0.00	0.98	1.18	0.00
2	6	0.00	0.00	0.66	1.09	0.00
3	3	0.01	0.00	0.31	1.61	3.44
3	7	0.00	0.03	0.58	1.38	0.00
Core	CPU	C1%	C3%	C6%	C8%	C9%
-	-	0.01	0.02	8.49	3.31	0.00
0	0	0.11	0.20	64.94	21.78	0.00
0	4	0.00	0.00	0.98	0.00	0.00
1	1	0.00	0.00	0.63	0.60	0.00
1	5	0.00	0.00	0.23	0.71	0.00
2	2	0.00	0.00	0.23	0.60	0.00
2	6	0.00	0.00	0.28	0.99	0.00
3	3	0.00	0.00	0.27	0.89	0.00
3	7	0.00	0.00	0.35	0.89	0.00
Core	CPU	C1%	C3%	C6%	C8%	C9%
-	-	0.01	0.06	8.41	3.47	0.10
0	0	0.11	0.40	64.40	21.22	0.00
0	4	0.00	0.08	0.98	0.10	0.83
1	1	0.00	0.00	0.28	0.89	0.00
1	5	0.00	0.01	0.26	1.29	0.00
2	2	0.00	0.00	0.35	0.98	0.00
2	6	0.00	0.00	0.33	1.58	0.00
3	3	0.00	0.00	0.30	0.99	0.00
3	7	0.00	0.00	0.38	0.69	0.00
Core	CPU	C1%	C3%	C6%	C8%	C9%
-	-	0.01	0.02	8.66	3.42	0.00
0	0	0.12	0.12	64.75	21.92	0.00
0	4	0.00	0.07	0.96	0.60	0.00
1	1	0.00	0.00	0.69	1.08	0.00
1	5	0.00	0.00	0.78	0.49	0.00
2	2	0.00	0.00	0.37	0.99	0.00
2	6	0.00	0.00	0.34	0.98	0.00
3	3	0.00	0.00	0.82	0.59	0.00
3	7	0.00	0.00	0.60	0.70	0.00
Core	CPU	C1%	C3%	C6%	C8%	C9%
-	-	0.01	0.03	8.52	3.56	0.00
0	0	0.10	0.24	64.75	21.86	0.00
0	4	0.00	0.00	1.22	0.69	0.00
1	1	0.00	0.00	0.23	0.71	0.00
1	5	0.00	0.02	0.59	0.29	0.00
2	2	0.00	0.00	0.30	0.69	0.00
2	6	0.00	0.01	0.77	1.80	0.00
3	3	0.00	0.00	0.17	1.28	0.00
3	7	0.00	0.00	0.14	1.18	0.00
Core	CPU	C1%	C3%	C6%	C8%	C9%
-	-	0.01	0.04	8.27	3.27	0.00
0	0	0.10	0.30	62.96	20.69	0.00
0	4	0.00	0.01	1.29	0.10	0.00
1	1	0.00	0.00	0.26	0.89	0.00
1	5	0.00	0.00	0.15	1.30	0.00
2	2	0.00	0.00	0.42	0.90	0.00
2	6	0.00	0.00	0.62	0.59	0.00
3	3	0.00	0.00	0.23	0.88	0.00
3	7	0.00	0.00	0.28	0.78	0.00
Core	CPU	C1%	C3%	C6%	C8%	C9%
-	-	0.01	0.06	8.51	3.50	0.00
0	0	0.10	0.40	65.03	21.44	0.00
0	4	0.00	0.05	1.04	0.29	0.00
1	1	0.00	0.00	0.19	1.09	0.00
1	5	0.00	0.00	0.28	0.98	0.00
2	2	0.00	0.00	0.35	1.09	0.00
2	6	0.00	0.00	0.17	1.22	0.00
3	3	0.00	0.02	0.30	0.79	0.00
3	7	0.00	0.00	0.68	1.08	0.00
Core	CPU	C1%	C3%	C6%	C8%	C9%
-	-	0.01	0.05	8.66	3.36	0.00
0	0	0.10	0.37	64.36	21.32	0.00
0	4	0.00	0.05	1.29	0.50	0.00
1	1	0.00	0.00	0.66	0.99	0.00
1	5	0.00	0.00	0.29	1.08	0.00
2	2	0.00	0.00	0.27	0.89	0.00
2	6	0.00	0.00	0.52	0.82	0.00
3	3	0.00	0.00	0.94	0.40	0.00
3	7	0.00	0.01	0.92	0.89	0.00
Core	CPU	C1%	C3%	C6%	C8%	C9%
-	-	0.02	0.18	8.70	6.96	0.07
0	0	0.19	1.28	64.58	21.30	0.00
0	4	0.00	0.00	1.26	0.79	0.60
1	1	0.00	0.00	0.68	1.01	0.00
1	5	0.00	0.05	0.40	0.99	0.00
2	2	0.00	0.00	0.10	0.40	0.00
2	6	0.00	0.00	0.22	0.89	0.00
3	3	0.00	0.00	0.66	1.29	0.00
3	7	0.01	0.12	1.69	29.01	0.00
Core	CPU	C1%	C3%	C6%	C8%	C9%
-	-	0.01	0.07	8.62	3.35	0.00
0	0	0.10	0.53	64.90	21.43	0.00
0	4	0.00	0.01	1.38	0.00	0.00
1	1	0.00	0.00	0.26	1.19	0.00
1	5	0.00	0.00	0.15	0.99	0.00
2	2	0.00	0.00	0.71	0.51	0.00
2	6	0.00	0.00	0.28	1.19	0.00
3	3	0.00	0.00	0.19	0.89	0.00
3	7	0.00	0.00	1.06	0.59	0.00
Core	CPU	C1%	C3%	C6%	C8%	C9%
-	-	0.03	0.07	8.19	3.31	0.00
0	0	0.09	0.46	63.03	20.46	0.00
0	4	0.19	0.06	0.79	0.29	0.00
1	1	0.00	0.00	0.20	0.99	0.00
1	5	0.00	0.00	0.37	1.00	0.00
2	2	0.00	0.00	0.25	0.70	0.00
2	6	0.00	0.00	0.21	1.02	0.00
3	3	0.00	0.00	0.41	1.01	0.00
3	7	0.00	0.00	0.29	0.99	0.00
Core	CPU	C1%	C3%	C6%	C8%	C9%
-	-	0.01	0.03	8.66	3.30	0.00
0	0	0.11	0.19	65.04	21.65	0.00
0	4	0.00	0.00	1.14	0.49	0.00
1	1	0.00	0.02	1.19	0.41	0.00
1	5	0.00	0.00	0.10	0.90	0.00
2	2	0.00	0.00	0.28	0.89	0.00
2	6	0.00	0.00	0.49	0.69	0.00
3	3	0.00	0.00	0.54	0.38	0.00
3	7	0.00	0.00	0.52	0.98	0.00
Core	CPU	C1%	C3%	C6%	C8%	C9%
-	-	0.01	0.05	8.36	3.38	0.11
0	0	0.11	0.39	64.34	21.29	0.00
0	4	0.00	0.00	1.10	0.71	0.00
1	1	0.00	0.00	0.05	0.79	0.00
1	5	0.00	0.00	0.04	0.42	0.00
2	2	0.00	0.00	0.00	0.50	0.00
2	6	0.00	0.00	0.13	1.09	0.00
3	3	0.00	0.01	0.86	0.99	0.89
3	7	0.00	0.00	0.35	1.28	0.00
Core	CPU	C1%	C3%	C6%	C8%	C9%
-	-	0.01	0.04	9.05	3.47	0.00
0	0	0.11	0.33	64.56	21.98	0.00
0	4	0.00	0.01	1.88	0.19	0.00
1	1	0.00	0.00	0.76	0.89	0.00
1	5	0.00	0.00	0.34	1.58	0.00
2	2	0.00	0.00	1.02	0.70	0.00
2	6	0.00	0.01	0.98	0.83	0.00
3	3	0.00	0.00	1.55	0.59	0.00
3	7	0.00	0.00	1.30	0.99	0.00
Core	CPU	C1%	C3%	C6%	C8%	C9%
-	-	0.01	0.04	8.55	3.73	0.21
0	0	0.11	0.26	65.07	21.53	0.00
0	4	0.00	0.07	0.98	1.00	1.71
1	1	0.00	0.00	0.09	1.09	0.00
1	5	0.00	0.00	0.47	1.10	0.00
2	2	0.00	0.00	0.64	1.20	0.00
2	6	0.00	0.00	0.46	1.32	0.00
3	3	0.00	0.00	0.31	1.49	0.00
3	7	0.00	0.00	0.39	1.10	0.00
Core	CPU	C1%	C3%	C6%	C8%	C9%
-	-	0.01	0.10	8.43	2.96	0.41
0	0	0.09	0.77	62.90	20.24	0.00
0	4	0.00	0.01	1.33	0.01	3.26
1	1	0.00	0.00	1.17	0.30	0.00
1	5	0.00	0.01	0.50	0.00	0.00
2	2	0.00	0.00	0.20	0.98	0.00
2	6	0.00	0.01	0.54	0.52	0.00
3	3	0.00	0.00	0.39	0.78	0.00
3	7	0.00	0.00	0.44	0.89	0.00
Core	CPU	C1%	C3%	C6%	C8%	C9%
-	-	0.01	0.02	8.64	3.48	0.00
0	0	0.11	0.18	65.05	21.64	0.00
0	4	0.00	0.00	1.47	0.20	0.00
1	1	0.00	0.00	0.74	1.00	0.00
1	5	0.00	0.00	0.43	0.69	0.00
2	2	0.00	0.00	0.30	1.38	0.00
2	6	0.00	0.01	0.25	0.99	0.00
3	3	0.00	0.00	0.28	0.70	0.00
3	7	0.00	0.00	0.63	1.19	0.00
Core	CPU	C1%	C3%	C6%	C8%	C9%
-	-	0.01	0.04	8.55	3.28	0.00
0	0	0.11	0.28	63.91	21.92	0.00
0	4	0.00	0.02	1.17	0.20	0.00
1	1	0.00	0.00	0.56	0.30	0.00
1	5	0.00	0.00	0.25	0.99	0.00
2	2	0.00	0.00	0.83	0.79	0.00
2	6	0.00	0.01	1.01	0.30	0.00
3	3	0.00	0.00	0.43	0.89	0.00
3	7	0.00	0.00	0.28	0.89	0.00
Core	CPU	C1%	C3%	C6%	C8%	C9%
-	-	0.01	0.06	8.74	3.75	0.00
0	0	0.11	0.41	64.84	21.59	0.00
0	4	0.00	0.00	1.33	1.19	0.00
1	1	0.00	0.00	0.48	1.39	0.00
1	5	0.00	0.00	0.37	1.38	0.00
2	2	0.00	0.06	0.39	1.19	0.00
2	6	0.00	0.00	0.47	1.18	0.00
3	3	0.00	0.02	0.90	0.89	0.00
3	7	0.00	0.00	1.08	1.18	0.00
Core	CPU	C1%	C3%	C6%	C8%	C9%
-	-	0.02	0.07	8.58	3.53	0.00
0	0	0.11	0.47	64.93	21.46	0.00
0	4	0.07	0.10	0.58	1.27	0.00
1	1	0.00	0.02	1.19	0.50	0.00
1	5	0.00	0.00	0.20	0.89	0.00
2	2	0.00	0.00	0.77	0.79	0.00
2	6	0.00	0.00	0.35	0.99	0.00
3	3	0.00	0.00	0.25	1.08	0.00
3	7	0.00	0.00	0.33	1.28	0.00
Core	CPU	C1%	C3%	C6%	C8%	C9%
-	-	0.11	0.07	8.16	3.17	0.00
0	0	0.10	0.45	62.76	20.70	0.00
0	4	0.00	0.05	1.12	0.49	0.00
1	1	0.00	0.00	0.39	0.40	0.00
1	5	0.00	0.02	0.10	0.40	0.00
2	2	0.79	0.00	0.00	0.00	0.00
2	6	0.00	0.00	0.32	1.10	0.00
3	3	0.02	0.00	0.36	0.89	0.04
3	7	0.00	0.01	0.24	1.38	0.00
Core	CPU	C1%	C3%	C6%	C8%	C9%
-	-	0.01	0.05	8.60	3.47	0.00
0	0	0.12	0.24	65.15	21.46	0.00
0	4	0.00	0.01	1.18	0.37	0.00
1	1	0.00	0.00	0.36	0.89	0.00
1	5	0.00	0.00	0.34	0.89	0.00
2	2	0.00	0.10	0.41	0.89	0.00
2	6	0.00	0.02	0.27	1.21	0.00
3	3	0.00	0.00	0.30	1.27	0.00
3	7	0.00	0.00	0.76	0.79	0.00
Core	CPU	C1%	C3%	C6%	C8%	C9%
-	-	0.01	0.04	8.37	3.46	0.00
0	0	0.11	0.26	64.16	21.65	0.00
0	4	0.00	0.00	1.00	0.20	0.00
1	1	0.00	0.00	0.20	0.98	0.00
1	5	0.00	0.00	0.28	0.99	0.00
2	2	0.00	0.06	0.20	1.09	0.00
2	6	0.00	0.01	0.55	0.89	0.00
3	3	0.00	0.02	0.29	0.79	0.00
3	7	0.00	0.00	0.30	1.08	0.00
Core	CPU	C1%	C3%	C6%	C8%	C9%
-	-	0.01	0.06	8.78	3.43	0.11
0	0	0.12	0.41	64.78	21.67	0.00
0	4	0.00	0.05	1.29	0.97	0.88
1	1	0.00	0.00	0.47	0.89	0.00
1	5	0.00	0.00	0.29	1.28	0.00
2	2	0.00	0.00	0.86	1.28	0.00
2	6	0.00	0.00	0.75	0.53	0.00
3	3	0.00	0.00	0.93	0.40	0.00
3	7	0.00	0.01	0.89	0.40	0.00
Core	CPU	C1%	C3%	C6%	C8%	C9%
-	-	0.02	0.01	8.51	3.45	0.00
0	0	0.12	0.11	65.36	21.44	0.00
0	4	0.00	0.00	1.45	0.50	0.00
1	1	0.00	0.00	0.15	0.98	0.00
1	5	0.00	0.00	0.16	1.29	0.00
2	2	0.00	0.00	0.09	0.54	0.00
2	6	0.00	0.00	0.27	1.19	0.00
3	3	0.00	0.00	0.28	0.79	0.00
3	7	0.00	0.00	0.35	0.89	0.00
