Avg_MHz	Busy%	Bzy_MHz	TSC_MHz	IPC	IRQ	SMI	POLL	C1	C1E	C3	C6	C7s	C8	C9	C10	POLL%	C1%	C1E%	C3%	C6%	C7s%	C8%	C9%	C10%	CPU%c1	CPU%c3	CPU%c6	CPU%c7	CoreTmp	CoreThr	PkgTmp	Totl%C0	Any%C0	GFX%C0	CPUGFX%	Pkg%pc2	Pkg%pc3	Pkg%pc6	Pkg%pc7	Pkg%pc8	Pkg%pc9	Pk%pc10	CPU%LPI	SYS%LPI	PkgWatt	CorWatt	GFXWatt	RAMWatt	PKG_%	RAM_%
203	12.48	1600	3153	0.76	83	0	0	3	1	3	44	0	0	0	0	0.00	1.54	0.57	5.27	82.11	0.00	0.00	0.00	0.00	16.64	8.01	62.88	0.00	50	0	50	95.45	80.70	0.00	0.00	2.88	13.55	0.00	0.00	0.00	0.00	0.00	0.00	0.00	5.67	3.13	0.00	0.97	0.00	0.00
390	24.77	1600	3042	0.85	44	0	0	0	4	1	43	0	0	0	0	0.00	0.00	0.66	0.52	73.06	0.00	0.00	0.00	0.00	25.10	0.00	50.12	0.00	50	0	50	169.50	97.72	0.00	0.00	0.00	0.00	0.00	0.00	0.00	0.00	0.00	0.00	0.00	7.03	3.54	0.00	1.31	0.00	0.00
471	29.16	1600	3123	0.84	52	0	0	0	2	3	48	0	0	0	0	0.00	0.00	0.46	1.70	69.63	0.00	0.00	0.00	0.00	29.58	3.00	38.26	0.00	51	0	51	220.72	102.09	0.00	0.00	0.00	0.00	0.00	0.00	0.00	0.00	0.00	0.00	0.00	7.06	4.83	0.00	1.09	0.00	0.00
327	20.67	1600	3064	0.87	43	0	0	0	1	2	41	0	2	0	0	0.00	0.00	0.14	0.94	75.09	0.00	2.67	0.00	0.00	20.26	0.92	58.15	0.00	51	0	51	177.13	96.41	0.00	0.00	0.00	0.00	0.00	0.00	0.00	0.00	0.00	0.00	0.00	7.78	3.98	0.00	1.20	0.00	0.00
438	28.18	1600	3008	1.00	50	0	0	0	2	2	36	0	4	0	0	0.00	0.00	0.27	0.52	63.38	0.00	5.88	0.00	0.00	26.27	0.00	45.54	0.00	51	0	51	177.52	98.77	0.00	0.00	0.00	0.00	0.00	0.00	0.00	0.00	0.00	0.00	0.00	7.30	3.98	0.00	1.10	0.00	0.00
385	24.64	1600	3026	0.71	49	0	0	0	3	4	58	0	2	0	0	0.00	0.00	0.56	2.00	68.45	0.00	3.05	0.00	0.00	23.70	2.64	49.02	0.00	50	0	50	181.82	98.73	0.00	0.00	0.00	0.00	0.00	0.00	0.00	0.00	0.00	0.00	0.00	7.22	3.96	0.00	1.16	0.00	0.00
423	25.08	1600	3261	0.63	49	0	0	0	11	7	57	0	2	0	1	0.00	0.00	1.69	2.78	69.83	0.00	4.43	0.00	0.69	27.76	3.28	43.87	0.00	50	0	50	186.58	101.89	0.00	0.00	0.00	0.00	0.00	0.00	0.00	0.00	0.00	0.00	0.00	7.78	4.49	0.00	1.20	0.00	0.00
399	25.99	1600	2969	0.71	49	0	0	0	6	4	49	0	3	0	0	0.00	0.00	2.25	1.95	62.75	0.00	4.44	0.00	0.00	25.07	2.64	46.30	0.00	50	0	50	190.18	100.64	0.00	0.00	0.00	0.00	0.00	0.00	0.00	0.00	0.00	0.00	0.00	6.28	4.06	0.00	0.96	0.00	0.00
447	27.15	1600	3184	0.57	51	0	0	2	21	19	68	0	3	0	0	0.00	0.09	5.05	7.73	56.45	0.00	6.29	0.00	0.00	33.71	7.25	31.89	0.00	50	0	50	193.60	99.75	0.00	0.00	0.00	0.00	0.00	0.00	0.00	0.00	0.00	0.00	0.00	8.10	4.75	0.00	1.16	0.00	0.00
452	28.17	1600	3106	0.63	42	0	0	1	21	17	53	0	1	0	0	0.00	0.00	6.50	11.16	52.70	0.00	2.21	0.00	0.00	35.55	15.37	20.91	0.00	50	0	50	203.85	100.24	0.00	0.00	0.00	0.00	0.00	0.00	0.00	0.00	0.00	0.00	0.00	8.40	4.70	0.00	1.14	0.00	0.00
409	26.15	1600	3026	0.72	50	0	0	8	11	15	46	0	2	0	0	0.00	5.13	4.13	4.77	56.24	0.00	2.39	0.00	0.00	35.08	2.30	36.48	0.00	50	0	50	190.20	98.91	0.00	0.00	0.00	0.00	0.00	0.00	0.00	0.00	0.00	0.00	0.00	6.52	4.34	0.00	0.91	0.00	0.00
275	25.22	1600	2111	0.41	106	0	0	14	6	14	75	0	21	0	3	0.00	1.83	0.87	0.81	36.25	0.00	11.26	0.00	0.19	15.76	0.46	46.95	11.61	50	0	50	77.92	41.04	0.00	0.00	0.00	0.00	0.00	0.00	0.00	0.00	0.00	0.00	0.00	2.20	1.26	0.00	0.35	0.00	0.00
217	46.49	1630	887	0.09	190	0	0	0	3	1	100	0	45	0	1	0.00	0.00	0.03	0.06	8.92	0.00	4.48	0.00	1.89	31.61	0.36	21.23	0.32	50	0	50	78.78	61.92	0.00	0.00	0.00	0.00	0.00	0.00	0.00	0.00	0.00	0.00	0.00	1.04	0.47	0.00	0.19	0.00	0.00
245	12.17	1830	3413	0.05	379	0	0	0	0	5	97	0	115	0	76	0.00	0.00	0.00	0.04	7.75	0.00	9.69	0.00	79.41	17.81	0.00	10.48	59.54	51	0	51	80.25	72.84	0.00	0.00	0.00	0.00	0.00	0.00	0.00	0.00	0.00	0.00	0.00	4.24	1.72	0.00	0.81	0.00	0.00
237	6.40	1627	7044	0.16	299	0	0	0	3	7	74	0	99	0	99	0.00	0.00	0.02	0.12	14.09	0.00	20.26	0.00	178.66	8.24	0.00	9.05	76.30	50	0	50	157.78	148.23	0.00	0.00	0.00	0.00	0.00	0.00	0.00	0.00	0.00	0.00	0.00	18.39	7.86	0.00	3.39	0.00	0.00
328	25.92	1600	2452	0.68	143	0	0	1	0	2	44	0	17	0	0	0.00	0.02	0.00	0.34	43.07	0.00	15.51	0.00	0.00	15.26	0.00	55.46	3.36	50	0	50	143.91	97.65	0.00	0.00	0.00	0.00	0.00	0.00	0.00	0.00	0.00	0.00	0.00	4.99	2.59	0.00	0.82	0.00	0.00
301	13.90	1600	4190	0.74	83	0	0	2	0	1	43	0	30	0	3	0.00	0.04	0.00	0.27	64.69	0.00	45.49	0.00	6.47	19.39	0.00	52.42	14.29	50	0	50	134.75	96.25	0.00	0.00	0.00	0.00	0.00	0.00	0.00	0.00	0.00	0.00	0.00	8.33	4.11	0.00	1.37	0.00	0.00
311	22.66	1600	2660	0.75	52	0	0	0	2	1	25	0	26	0	2	0.00	0.00	0.26	0.31	30.47	0.00	32.55	0.00	3.09	17.05	0.00	39.97	20.32	50	0	50	148.17	94.73	0.00	0.00	0.00	0.00	0.00	0.00	0.00	0.00	0.00	0.00	0.00	5.66	2.86	0.00	0.87	0.00	0.00
300	20.64	1600	2817	0.76	79	0	0	0	0	2	30	0	33	0	0	0.00	0.00	0.00	0.48	34.36	0.00	37.64	0.00	0.00	25.79	0.58	36.79	16.20	50	0	51	153.87	104.26	0.00	0.00	0.00	0.00	0.00	0.00	0.00	0.00	0.00	0.00	0.00	5.78	3.05	0.00	0.93	0.00	0.00
371	19.06	1600	3769	0.67	83	0	0	0	1	1	28	0	34	0	4	0.00	0.00	0.08	0.24	39.91	0.00	49.16	0.00	9.51	15.08	0.00	34.82	31.04	51	0	51	137.98	105.96	0.00	0.00	0.00	0.00	0.00	0.00	0.00	0.00	0.00	0.00	0.00	7.79	3.89	0.00	1.27	0.00	0.00
345	21.40	1600	3121	0.70	62	0	0	1	0	2	25	0	29	0	2	0.00	0.01	0.00	0.61	35.20	0.00	39.98	0.00	3.75	17.05	0.00	40.92	20.63	51	0	51	144.55	100.43	0.00	0.00	0.00	0.00	0.00	0.00	0.00	0.00	0.00	0.00	0.00	6.32	3.27	0.00	1.01	0.00	0.00
378	19.49	1600	3754	0.70	64	0	0	0	2	1	30	0	22	0	1	0.00	0.00	0.38	0.42	56.36	0.00	40.23	0.00	0.64	15.54	0.00	51.12	13.86	51	0	51	150.90	105.40	0.00	0.00	0.00	0.00	0.00	0.00	0.00	0.00	0.00	0.00	0.00	8.36	4.21	0.00	1.32	0.00	0.00
375	23.40	1600	3104	0.69	50	0	0	0	1	2	27	0	18	0	0	0.00	0.00	0.11	0.91	44.11	0.00	32.00	0.00	0.00	16.81	0.00	47.00	12.78	51	0	51	152.93	100.27	0.00	0.00	0.00	0.00	0.00	0.00	0.00	0.00	0.00	0.00	0.00	6.51	3.68	0.00	0.97	0.00	0.00
399	24.64	1600	3134	0.72	51	0	0	0	1	1	36	0	8	0	0	0.00	0.00	0.15	0.47	63.70	0.00	12.28	0.00	0.00	18.33	0.00	54.51	2.51	51	0	51	159.07	100.12	0.00	0.00	0.00	0.00	0.00	0.00	0.00	0.00	0.00	0.00	0.00	7.78	3.59	0.00	1.19	0.00	0.00
394	24.61	1600	3096	0.73	50	0	0	1	1	0	30	0	14	0	0	0.00	0.00	0.16	0.00	50.54	0.00	24.97	0.00	0.00	18.14	0.00	54.18	3.07	51	0	51	160.44	99.65	0.00	0.00	0.00	0.00	0.00	0.00	0.00	0.00	0.00	0.00	0.00	6.75	3.84	0.00	0.99	0.00	0.00
357	26.23	1600	2637	0.74	51	0	0	0	1	1	35	0	10	0	1	0.00	0.00	0.09	0.32	49.01	0.00	12.93	0.00	0.72	20.38	0.65	49.06	3.67	51	0	51	153.96	94.37	0.00	0.00	0.00	0.00	0.00	0.00	0.00	0.00	0.00	0.00	0.00	5.35	2.91	0.00	0.82	0.00	0.00
355	23.13	1600	2967	0.72	66	0	0	0	1	4	48	0	12	0	0	0.00	0.00	0.01	0.59	57.29	0.00	16.10	0.00	0.00	19.03	0.00	53.89	3.96	51	0	51	152.73	98.44	0.00	0.00	0.00	0.00	0.00	0.00	0.00	0.00	0.00	0.00	0.00	5.85	3.40	0.00	0.88	0.00	0.00
418	21.13	1600	3824	0.74	65	0	0	0	1	2	41	0	11	0	1	0.00	0.00	0.08	0.78	77.39	0.00	17.64	0.00	1.92	16.91	0.00	60.10	1.86	51	0	51	161.65	106.01	0.00	0.00	0.00	0.00	0.00	0.00	0.00	0.00	0.00	0.00	0.00	8.89	4.61	0.00	1.37	0.00	0.00
323	28.37	1600	2201	0.74	50	0	0	1	0	1	29	0	20	0	0	0.00	0.02	0.00	0.19	27.80	0.00	23.12	0.00	0.00	22.54	0.00	31.65	17.45	51	0	51	142.81	86.69	0.00	0.00	0.00	0.00	0.00	0.00	0.00	0.00	0.00	0.00	0.00	4.03	2.19	0.00	0.61	0.00	0.00
438	18.50	1600	4581	0.74	79	0	0	0	0	2	41	0	20	0	4	0.00	0.00	0.00	0.78	75.53	0.00	35.78	0.00	8.97	15.77	0.00	50.84	14.89	51	0	51	164.62	110.39	0.00	0.00	0.00	0.00	0.00	0.00	0.00	0.00	0.00	0.00	0.00	10.86	5.60	0.00	1.71	0.00	0.00
328	28.95	1600	2196	0.75	49	0	0	0	1	1	27	0	20	0	1	0.00	0.00	0.09	0.27	28.34	0.00	21.33	0.00	0.55	23.20	0.00	40.00	7.85	51	0	51	147.11	86.39	0.00	0.00	0.00	0.00	0.00	0.00	0.00	0.00	0.00	0.00	0.00	4.76	2.36	0.00	0.71	0.00	0.00
445	21.42	1670	3853	0.77	82	0	0	0	2	0	41	0	29	0	0	0.00	0.00	0.17	0.00	57.20	0.00	40.79	0.00	0.00	17.73	0.00	48.42	12.43	52	0	51	167.37	105.83	0.00	0.00	0.00	0.00	0.00	0.00	0.00	0.00	0.00	0.00	0.00	7.95	4.65	0.00	1.23	0.00	0.00
510	20.33	1942	4004	0.74	57	0	0	0	2	1	30	0	17	0	0	0.00	0.00	0.18	0.39	67.40	0.00	35.34	0.00	0.00	15.77	0.00	57.85	6.06	52	0	53	174.04	109.28	0.00	0.00	0.00	0.00	0.00	0.00	0.00	0.00	0.00	0.00	0.00	12.33	7.10	0.00	1.61	0.00	0.00
528	22.37	2215	3299	0.71	42	0	0	1	0	2	26	0	8	0	0	0.00	0.05	0.00	0.99	65.04	0.00	16.85	0.00	0.00	16.28	0.00	61.35	0.00	53	0	53	154.28	103.08	0.00	0.00	0.00	0.00	0.00	0.00	0.00	0.00	0.00	0.00	0.00	7.86	5.98	0.00	0.93	0.00	0.00
533	22.29	2400	3087	0.71	42	0	0	0	0	1	27	0	7	0	0	0.00	0.00	0.00	0.63	64.22	0.00	12.85	0.00	0.00	16.58	0.00	58.79	2.35	53	0	53	144.38	99.54	0.00	0.00	0.00	0.00	0.00	0.00	0.00	0.00	0.00	0.00	0.00	10.48	6.38	0.00	1.12	0.00	0.00
598	21.84	2607	3249	0.71	34	0	0	0	1	2	25	0	6	0	0	0.00	0.00	0.33	1.40	65.04	0.00	15.41	0.00	0.00	16.86	0.00	61.30	0.00	54	0	54	148.20	101.93	0.00	0.00	0.00	0.00	0.00	0.00	0.00	0.00	0.00	0.00	0.00	10.69	7.99	0.00	1.04	0.00	0.00
610	21.80	2800	3093	0.72	34	0	0	0	0	3	26	0	4	0	0	0.00	0.00	0.00	1.65	65.50	0.00	11.17	0.00	0.00	16.42	0.00	61.77	0.00	54	0	54	142.79	99.89	0.00	0.00	0.00	0.00	0.00	0.00	0.00	0.00	0.00	0.00	0.00	11.81	8.62	0.00	1.01	0.00	0.00
652	21.49	2912	3223	0.72	34	0	0	0	0	2	25	0	4	0	0	0.00	0.00	0.00	1.07	72.74	0.00	7.98	0.00	0.00	15.96	0.00	62.55	0.00	55	0	55	146.60	102.13	0.00	0.00	0.00	0.00	0.00	0.00	0.00	0.00	0.00	0.00	0.00	12.91	9.66	0.00	1.11	0.00	0.00
597	28.71	3200	2012	0.71	26	0	0	0	1	1	24	0	5	0	0	0.00	0.00	0.20	0.55	40.75	0.00	4.92	0.00	0.00	14.31	1.47	55.52	0.00	57	0	56	129.75	92.12	0.00	0.00	0.00	0.00	0.00	0.00	0.00	0.00	0.00	0.00	0.00	9.66	6.90	0.00	0.68	0.00	0.00
776	14.05	3372	5071	0.70	49	0	0	0	2	1	32	0	10	0	2	0.00	0.00	0.30	0.86	104.02	0.00	33.08	0.00	2.69	16.58	0.00	60.49	8.88	57	0	58	134.17	105.78	0.00	0.00	0.00	0.00	0.00	0.00	0.00	0.00	0.00	0.00	0.00	20.50	18.85	0.00	1.48	0.00	0.00
772	21.01	3600	3158	0.71	34	0	0	1	0	1	14	0	14	0	0	0.00	0.06	0.00	0.81	40.54	0.00	39.28	0.00	0.00	15.71	0.00	45.71	17.57	59	0	58	137.71	100.33	0.00	0.00	0.00	0.00	0.00	0.00	0.00	0.00	0.00	0.00	0.00	20.81	15.65	0.00	1.20	0.00	0.00
335	18.01	3603	1597	0.72	26	0	0	0	1	1	25	0	6	0	0	0.00	0.00	0.18	0.37	34.64	0.00	7.18	0.00	0.00	28.07	1.23	52.69	0.00	62	0	60	119.61	86.27	0.00	0.00	0.00	0.00	0.00	0.00	0.00	0.00	0.00	0.00	0.00	7.57	6.65	0.00	0.41	0.00	0.00
1442	17.17	3930	6615	0.73	58	0	0	0	2	0	30	0	22	0	0	0.00	0.00	0.75	0.00	104.38	0.00	70.88	0.00	0.00	10.93	0.00	53.65	18.25	63	0	63	126.64	104.80	0.00	0.00	0.00	0.00	0.00	0.00	0.00	0.00	0.00	0.00	0.00	48.66	38.58	0.00	2.50	0.00	0.00
724	21.17	4027	2628	0.73	34	0	0	0	0	1	26	0	2	0	0	0.00	0.00	0.00	0.68	59.18	0.00	6.11	0.00	0.00	20.34	1.36	57.13	0.00	64	0	64	124.56	90.36	0.00	0.00	0.00	0.00	0.00	0.00	0.00	0.00	0.00	0.00	0.00	17.44	15.85	0.00	0.77	0.00	0.00
801	16.45	4088	3687	0.71	34	0	0	0	1	1	27	0	4	0	0	0.00	0.00	0.16	0.75	85.55	0.00	11.59	0.00	0.00	16.13	0.00	67.42	0.00	64	0	65	129.99	99.08	0.00	0.00	0.00	0.00	0.00	0.00	0.00	0.00	0.00	0.00	0.00	28.43	24.59	0.00	1.27	0.00	0.00
629	30.48	4093	1560	0.73	27	0	0	0	1	2	23	0	3	0	0	0.00	0.00	0.08	0.72	31.43	0.00	1.92	0.00	0.00	17.42	0.00	52.10	0.00	64	0	65	108.18	78.38	0.00	0.00	0.00	0.00	0.00	0.00	0.00	0.00	0.00	0.00	0.00	9.55	8.49	0.00	0.41	0.00	0.00
680	9.94	4083	5187	0.75	57	0	0	0	1	0	31	0	23	0	0	0.00	0.00	0.17	0.00	86.11	0.00	63.51	0.00	0.00	18.41	0.00	53.30	18.35	66	0	65	120.60	101.17	0.00	0.00	0.00	0.00	0.00	0.00	0.00	0.00	0.00	0.00	0.00	37.46	32.80	0.00	1.76	0.00	0.00
703	17.17	4086	3101	0.76	33	0	0	0	2	1	22	0	9	0	0	0.00	0.00	0.43	0.70	61.23	0.00	19.31	0.00	0.00	19.29	0.00	61.96	1.58	66	0	66	123.64	93.98	0.00	0.00	0.00	0.00	0.00	0.00	0.00	0.00	0.00	0.00	0.00	24.13	20.91	0.00	1.03	0.00	0.00
688	17.47	4086	2982	0.78	33	0	0	0	2	1	26	0	5	0	0	0.00	0.00	0.48	0.69	67.66	0.00	9.33	0.00	0.00	19.17	0.00	63.35	0.00	66	0	66	123.25	94.02	0.00	0.00	0.00	0.00	0.00	0.00	0.00	0.00	0.00	0.00	0.00	22.35	19.62	0.00	0.96	0.00	0.00
713	13.32	4084	4054	0.78	33	0	0	0	2	1	25	0	7	0	0	0.00	0.00	0.68	0.91	89.65	0.00	20.70	0.00	0.00	20.38	0.00	63.53	2.76	67	0	66	126.57	97.26	0.00	0.00	0.00	0.00	0.00	0.00	0.00	0.00	0.00	0.00	0.00	29.73	26.34	0.00	1.31	0.00	0.00
851	19.72	4088	3267	0.70	25	0	0	0	2	5	26	0	3	0	0	0.00	0.00	0.41	0.78	72.47	0.00	9.00	0.00	0.00	18.46	0.00	61.83	0.00	66	0	67	129.51	94.24	0.00	0.00	0.00	0.00	0.00	0.00	0.00	0.00	0.00	0.00	0.00	30.07	23.10	0.00	1.26	0.00	0.00
745	21.28	4089	2650	0.72	34	0	0	0	1	3	28	0	0	0	0	0.00	0.00	0.13	0.42	65.59	0.00	0.00	0.00	0.00	20.32	0.00	58.41	0.00	67	0	67	123.41	89.50	0.00	0.00	0.00	0.00	0.00	0.00	0.00	0.00	0.00	0.00	0.00	18.54	16.77	0.00	0.79	0.00	0.00
810	16.85	4087	3643	0.71	25	0	0	0	1	1	31	0	0	0	0	0.00	0.00	0.09	0.69	95.66	0.00	0.00	0.00	0.00	16.52	0.00	66.62	0.00	67	0	68	130.06	98.63	0.00	0.00	0.00	0.00	0.00	0.00	0.00	0.00	0.00	0.00	0.00	29.30	24.67	0.00	1.27	0.00	0.00
613	19.48	4089	2381	0.74	58	0	0	0	1	1	35	0	12	0	0	0.00	0.00	0.16	0.39	45.70	0.00	14.77	0.00	0.00	17.32	0.00	61.79	1.41	67	0	66	110.09	90.48	0.00	0.00	0.00	0.00	0.00	0.00	0.00	0.00	0.00	0.00	0.00	15.89	14.32	0.00	0.71	0.00	0.00
669	13.45	4086	3769	0.78	41	0	0	1	0	2	23	0	16	0	0	0.00	0.00	0.00	1.21	61.46	0.00	41.38	0.00	0.00	19.59	0.93	53.07	12.96	67	0	67	121.18	96.85	0.00	0.00	0.00	0.00	0.00	0.00	0.00	0.00	0.00	0.00	0.00	26.71	23.29	0.00	1.21	0.00	0.00
663	15.93	4088	3151	0.78	33	0	0	0	2	1	23	0	9	0	0	0.00	0.00	0.37	0.67	62.70	0.00	20.83	0.00	0.00	19.92	0.00	61.72	2.42	67	0	67	122.34	93.80	0.00	0.00	0.00	0.00	0.00	0.00	0.00	0.00	0.00	0.00	0.00	23.55	21.03	0.00	1.01	0.00	0.00
668	15.67	4089	3227	0.77	33	0	0	0	0	2	26	0	5	0	0	0.00	0.00	0.00	1.22	72.66	0.00	12.98	0.00	0.00	19.58	1.28	60.72	2.75	67	0	68	123.85	94.75	0.00	0.00	0.00	0.00	0.00	0.00	0.00	0.00	0.00	0.00	0.00	23.62	20.41	0.00	1.03	0.00	0.00
672	17.16	4085	2967	0.77	36	0	0	0	4	7	30	0	3	0	0	0.00	0.00	0.95	1.65	68.43	0.00	6.67	0.00	0.00	23.58	1.57	57.69	0.00	67	0	67	125.94	92.84	0.00	0.00	0.00	0.00	0.00	0.00	0.00	0.00	0.00	0.00	0.00	23.55	19.59	0.00	1.02	0.00	0.00
663	16.12	4087	3115	0.78	33	0	0	0	2	1	27	0	4	0	0	0.00	0.00	0.55	0.75	70.65	0.00	11.45	0.00	0.00	20.13	0.00	63.75	0.00	67	0	67	123.33	94.18	0.00	0.00	0.00	0.00	0.00	0.00	0.00	0.00	0.00	0.00	0.00	23.01	20.25	0.00	1.01	0.00	0.00
660	16.53	4087	3024	0.79	33	0	0	0	2	1	26	0	5	0	0	0.00	0.00	0.37	0.64	65.40	0.00	13.80	0.00	0.00	20.35	0.00	63.12	0.00	68	0	67	122.89	93.35	0.00	0.00	0.00	0.00	0.00	0.00	0.00	0.00	0.00	0.00	0.00	21.97	18.92	0.00	0.97	0.00	0.00
687	16.33	4085	3186	0.76	38	0	0	0	2	1	30	0	7	0	0	0.00	0.00	0.42	0.75	66.55	0.00	17.21	0.00	0.00	20.74	0.00	62.93	0.00	68	0	68	125.07	93.84	0.00	0.00	0.00	0.00	0.00	0.00	0.00	0.00	0.00	0.00	0.00	23.83	21.24	0.00	1.04	0.00	0.00
667	16.38	4088	3085	0.77	33	0	0	0	1	1	24	0	6	0	0	0.00	0.00	0.38	0.75	63.59	0.00	17.36	0.00	0.00	19.73	1.31	62.59	0.00	68	0	68	124.65	94.27	0.00	0.00	0.00	0.00	0.00	0.00	0.00	0.00	0.00	0.00	0.00	23.36	19.69	0.00	1.01	0.00	0.00
666	16.13	4090	3126	0.77	33	0	0	0	0	1	25	0	7	0	0	0.00	0.00	0.00	0.46	68.16	0.00	15.41	0.00	0.00	19.14	0.00	62.60	2.12	68	0	68	124.23	95.10	0.00	0.00	0.00	0.00	0.00	0.00	0.00	0.00	0.00	0.00	0.00	22.99	20.21	0.00	1.01	0.00	0.00
661	16.75	4087	2987	0.79	34	0	0	1	0	1	23	0	8	0	0	0.00	0.02	0.00	0.44	59.98	0.00	18.59	0.00	0.00	19.88	0.00	61.69	1.68	68	0	68	122.98	93.14	0.00	0.00	0.00	0.00	0.00	0.00	0.00	0.00	0.00	0.00	0.00	22.53	18.67	0.00	1.00	0.00	0.00
666	15.52	4088	3252	0.77	33	0	0	0	2	1	25	0	7	0	0	0.00	0.00	0.54	0.77	70.62	0.00	15.86	0.00	0.00	19.98	0.00	62.08	2.42	68	0	68	122.98	94.52	0.00	0.00	0.00	0.00	0.00	0.00	0.00	0.00	0.00	0.00	0.00	24.00	21.58	0.00	1.03	0.00	0.00
661	16.87	4087	2967	0.79	33	0	0	0	1	1	23	0	7	0	0	0.00	0.00	0.37	0.76	61.64	0.00	15.42	0.00	0.00	20.01	1.32	56.99	4.81	68	0	68	123.41	93.13	0.00	0.00	0.00	0.00	0.00	0.00	0.00	0.00	0.00	0.00	0.00	22.38	18.91	0.00	0.98	0.00	0.00
671	15.91	4089	3191	0.77	33	0	0	0	2	1	23	0	8	0	0	0.00	0.00	0.51	0.74	63.47	0.00	21.19	0.00	0.00	19.65	0.00	60.85	3.59	68	0	68	124.33	95.39	0.00	0.00	0.00	0.00	0.00	0.00	0.00	0.00	0.00	0.00	0.00	23.88	21.26	0.00	1.02	0.00	0.00
666	16.32	4089	3091	0.79	34	0	0	1	0	1	24	0	8	0	0	0.00	0.02	0.00	0.42	63.95	0.00	18.04	0.00	0.00	19.64	0.00	61.72	2.31	68	0	68	122.34	93.49	0.00	0.00	0.00	0.00	0.00	0.00	0.00	0.00	0.00	0.00	0.00	22.57	19.46	0.00	0.99	0.00	0.00
666	16.23	4089	3107	0.77	33	0	0	0	0	2	26	0	4	0	0	0.00	0.00	0.00	1.27	69.84	0.00	11.79	0.00	0.00	19.68	1.43	62.65	0.00	68	0	68	124.64	95.07	0.00	0.00	0.00	0.00	0.00	0.00	0.00	0.00	0.00	0.00	0.00	23.08	19.63	0.00	1.02	0.00	0.00
665	16.24	4088	3099	0.78	33	0	1	1	0	1	21	0	11	0	0	0.12	0.05	0.00	0.52	55.39	0.00	26.76	0.00	0.00	19.79	0.00	61.52	2.44	68	0	68	122.49	93.43	0.00	0.00	0.00	0.00	0.00	0.00	0.00	0.00	0.00	0.00	0.00	23.16	20.51	0.00	0.98	0.00	0.00
667	16.36	4089	3088	0.77	33	0	0	0	0	2	25	0	5	0	0	0.00	0.00	0.00	1.16	70.11	0.00	11.16	0.00	0.00	19.71	1.30	62.63	0.00	68	0	69	124.41	94.65	0.00	0.00	0.00	0.00	0.00	0.00	0.00	0.00	0.00	0.00	0.00	23.64	19.97	0.00	1.04	0.00	0.00
660	16.13	4088	3097	0.79	33	0	0	2	0	1	24	0	8	0	0	0.00	0.07	0.00	0.52	63.37	0.00	18.78	0.00	0.00	19.71	0.00	61.71	2.45	69	0	68	122.63	93.84	0.00	0.00	0.00	0.00	0.00	0.00	0.00	0.00	0.00	0.00	0.00	22.93	20.47	0.00	0.98	0.00	0.00
668	16.32	4089	3097	0.77	33	0	0	0	1	1	20	0	10	0	0	0.00	0.00	0.38	0.76	56.02	0.00	25.58	0.00	0.00	19.46	1.30	57.08	5.84	69	0	69	124.15	94.50	0.00	0.00	0.00	0.00	0.00	0.00	0.00	0.00	0.00	0.00	0.00	23.94	20.03	0.00	1.02	0.00	0.00
665	16.26	4089	3094	0.79	34	0	0	1	0	1	24	0	8	0	0	0.00	0.02	0.00	0.44	64.02	0.00	18.03	0.00	0.00	19.87	0.00	61.56	2.31	69	0	69	122.90	93.73	0.00	0.00	0.00	0.00	0.00	0.00	0.00	0.00	0.00	0.00	0.00	22.19	19.39	0.00	0.99	0.00	0.00
666	16.31	4089	3092	0.77	33	0	0	0	0	2	26	0	4	0	0	0.00	0.00	0.00	1.24	70.14	0.00	11.05	0.00	0.00	19.81	1.44	62.43	0.00	69	0	69	124.28	94.54	0.00	0.00	0.00	0.00	0.00	0.00	0.00	0.00	0.00	0.00	0.00	23.30	20.08	0.00	1.02	0.00	0.00
669	16.77	4088	3019	0.78	33	0	0	2	0	1	23	0	8	0	0	0.00	0.07	0.00	0.52	59.05	0.00	20.55	0.00	0.00	19.82	0.00	61.78	1.63	69	0	69	123.70	93.87	0.00	0.00	0.00	0.00	0.00	0.00	0.00	0.00	0.00	0.00	0.00	23.03	19.73	0.00	0.99	0.00	0.00
651	16.33	4088	3021	0.77	33	0	0	0	2	1	26	0	5	0	0	0.00	0.00	0.48	0.69	64.98	0.00	14.38	0.00	0.00	20.23	0.00	63.44	0.00	69	0	69	123.78	94.67	0.00	0.00	0.00	0.00	0.00	0.00	0.00	0.00	0.00	0.00	0.00	22.31	19.41	0.00	0.96	0.00	0.00
845	15.18	4088	4217	0.69	33	0	0	2	0	1	28	0	6	0	0	0.00	0.10	0.00	0.68	95.43	0.00	18.14	0.00	0.00	17.68	0.00	67.14	0.00	69	0	70	126.32	97.95	0.00	0.00	0.00	0.00	0.00	0.00	0.00	0.00	0.00	0.00	0.00	37.36	28.96	0.00	1.63	0.00	0.00
820	19.97	4089	3107	0.71	34	0	0	0	1	1	20	0	7	0	0	0.00	0.00	0.16	1.04	56.47	0.00	21.09	0.00	0.00	17.80	1.74	60.49	0.00	69	0	69	129.09	93.86	0.00	0.00	0.00	0.00	0.00	0.00	0.00	0.00	0.00	0.00	0.00	22.17	20.72	0.00	0.92	0.00	0.00
795	19.69	4088	3057	0.71	26	0	0	0	1	2	21	0	5	0	0	0.00	0.00	0.18	1.64	63.47	0.00	12.72	0.00	0.00	18.16	0.00	62.15	0.00	69	0	69	127.81	93.77	0.00	0.00	0.00	0.00	0.00	0.00	0.00	0.00	0.00	0.00	0.00	21.37	20.19	0.00	0.91	0.00	0.00
790	19.32	4088	3095	0.72	26	0	0	0	1	2	24	0	1	0	0	0.00	0.00	0.41	1.78	76.63	0.00	0.47	0.00	0.00	18.75	0.00	61.93	0.00	69	0	69	129.46	94.10	0.00	0.00	0.00	0.00	0.00	0.00	0.00	0.00	0.00	0.00	0.00	22.93	21.06	0.00	0.95	0.00	0.00
713	21.58	4092	2499	0.74	26	0	0	0	2	6	25	0	3	0	0	0.00	0.00	0.30	0.98	54.66	0.00	6.07	0.00	0.00	22.52	0.00	55.89	0.00	69	0	70	119.59	85.79	0.00	0.00	0.00	0.00	0.00	0.00	0.00	0.00	0.00	0.00	0.00	16.87	15.54	0.00	0.70	0.00	0.00
805	15.46	4088	3944	0.71	41	0	0	1	0	1	30	0	3	0	0	0.00	0.03	0.00	0.63	96.85	0.00	8.73	0.00	0.00	15.67	0.00	68.87	0.00	69	0	70	130.21	100.73	0.00	0.00	0.00	0.00	0.00	0.00	0.00	0.00	0.00	0.00	0.00	36.35	27.28	0.00	1.60	0.00	0.00
737	20.48	4089	2723	0.73	26	0	0	0	1	2	25	0	1	0	0	0.00	0.00	0.16	1.50	63.41	0.00	3.46	0.00	0.00	20.52	0.00	59.00	0.00	69	0	69	123.95	89.33	0.00	0.00	0.00	0.00	0.00	0.00	0.00	0.00	0.00	0.00	0.00	19.29	17.50	0.00	0.80	0.00	0.00
798	17.23	4085	3508	0.71	25	0	0	0	1	0	28	0	3	0	0	0.00	0.00	0.31	0.00	83.78	0.00	8.14	0.00	0.00	17.00	0.00	62.87	2.90	69	0	70	130.29	97.79	0.00	0.00	0.00	0.00	0.00	0.00	0.00	0.00	0.00	0.00	0.00	30.30	24.75	0.00	1.26	0.00	0.00
626	30.51	4091	1552	0.73	34	0	0	0	0	5	29	0	0	0	0	0.00	0.00	0.00	0.32	33.57	0.00	0.00	0.00	0.00	18.98	0.00	50.51	0.00	69	0	70	107.48	77.50	0.00	0.00	0.00	0.00	0.00	0.00	0.00	0.00	0.00	0.00	0.00	9.42	8.73	0.00	0.40	0.00	0.00
720	10.58	4081	5165	0.75	57	0	0	1	1	0	35	0	16	0	3	0.00	0.05	0.51	0.00	97.04	0.00	44.30	0.00	5.87	17.62	0.00	63.28	8.52	69	0	69	120.70	101.33	0.00	0.00	0.00	0.00	0.00	0.00	0.00	0.00	0.00	0.00	0.00	38.23	33.92	0.00	1.73	0.00	0.00
755	17.49	4088	3269	0.71	34	0	0	0	3	2	23	0	11	0	0	0.00	0.00	0.71	1.29	59.00	0.00	24.50	0.00	0.00	20.07	0.00	57.76	4.68	69	0	70	119.68	91.91	0.00	0.00	0.00	0.00	0.00	0.00	0.00	0.00	0.00	0.00	0.00	21.93	20.48	0.00	0.94	0.00	0.00
745	17.23	4088	3272	0.71	33	0	0	1	0	1	26	0	9	0	0	0.00	0.03	0.00	0.51	64.69	0.00	21.27	0.00	0.00	17.39	0.00	65.38	0.00	69	0	70	123.49	95.53	0.00	0.00	0.00	0.00	0.00	0.00	0.00	0.00	0.00	0.00	0.00	29.58	22.22	0.00	1.28	0.00	0.00
736	18.65	4086	2990	0.73	33	0	0	0	1	0	30	0	2	0	0	0.00	0.00	0.37	0.00	71.51	0.00	5.28	0.00	0.00	19.13	0.00	62.22	0.00	69	0	70	122.66	92.96	0.00	0.00	0.00	0.00	0.00	0.00	0.00	0.00	0.00	0.00	0.00	22.90	19.08	0.00	0.99	0.00	0.00
801	15.91	4088	3814	0.71	41	0	0	0	1	1	28	0	5	0	0	0.00	0.00	0.13	1.04	85.53	0.00	15.89	0.00	0.00	15.41	1.53	61.58	5.56	70	0	70	129.72	99.98	0.00	0.00	0.00	0.00	0.00	0.00	0.00	0.00	0.00	0.00	0.00	28.74	25.82	0.00	1.27	0.00	0.00
741	20.76	4090	2702	0.73	26	0	0	0	1	2	23	0	3	0	0	0.00	0.00	0.27	1.66	59.59	0.00	6.81	0.00	0.00	20.37	0.00	58.87	0.00	69	0	69	124.26	89.82	0.00	0.00	0.00	0.00	0.00	0.00	0.00	0.00	0.00	0.00	0.00	19.38	17.62	0.00	0.80	0.00	0.00
734	18.62	4088	2986	0.72	25	0	0	0	0	1	31	0	1	0	0	0.00	0.00	0.00	0.37	74.97	0.00	2.00	0.00	0.00	18.24	0.00	63.14	0.00	69	0	69	123.41	93.19	0.00	0.00	0.00	0.00	0.00	0.00	0.00	0.00	0.00	0.00	0.00	23.13	19.14	0.00	1.01	0.00	0.00
722	18.27	4087	2993	0.73	33	0	0	0	1	5	32	0	1	0	0	0.00	0.00	0.00	0.54	74.93	0.00	2.24	0.00	0.00	19.38	0.00	62.35	0.00	69	0	70	121.98	92.76	0.00	0.00	0.00	0.00	0.00	0.00	0.00	0.00	0.00	0.00	0.00	23.03	19.37	0.00	0.97	0.00	0.00
742	17.24	4090	3257	0.72	41	0	0	0	1	1	29	0	4	0	0	0.00	0.00	0.08	0.80	75.42	0.00	9.80	0.00	0.00	17.12	1.29	58.99	5.38	69	0	70	124.69	96.23	0.00	0.00	0.00	0.00	0.00	0.00	0.00	0.00	0.00	0.00	0.00	24.86	22.60	0.00	1.05	0.00	0.00
731	18.40	4089	3010	0.73	25	0	0	0	1	1	28	0	3	0	0	0.00	0.00	0.18	0.65	68.73	0.00	8.57	0.00	0.00	18.89	0.00	62.72	0.00	69	0	70	123.26	93.04	0.00	0.00	0.00	0.00	0.00	0.00	0.00	0.00	0.00	0.00	0.00	23.03	18.96	0.00	1.00	0.00	0.00
733	17.78	4087	3122	0.73	33	0	0	0	1	1	28	0	5	0	0	0.00	0.00	0.07	0.77	68.93	0.00	12.01	0.00	0.00	17.87	1.28	58.28	4.79	70	0	70	123.01	94.28	0.00	0.00	0.00	0.00	0.00	0.00	0.00	0.00	0.00	0.00	0.00	23.44	21.33	0.00	1.00	0.00	0.00
731	18.06	4086	3069	0.73	33	0	0	0	1	5	31	0	2	0	0	0.00	0.00	0.05	0.63	73.83	0.00	5.45	0.00	0.00	19.07	0.00	62.87	0.00	69	0	70	123.60	93.73	0.00	0.00	0.00	0.00	0.00	0.00	0.00	0.00	0.00	0.00	0.00	23.90	19.70	0.00	1.03	0.00	0.00
737	17.81	4087	3134	0.73	33	0	0	1	0	1	28	0	5	0	0	0.00	0.05	0.00	0.77	69.17	0.00	12.07	0.00	0.00	17.85	1.27	58.30	4.77	69	0	70	123.17	94.32	0.00	0.00	0.00	0.00	0.00	0.00	0.00	0.00	0.00	0.00	0.00	22.78	20.00	0.00	0.99	0.00	0.00
723	18.28	4086	2995	0.74	33	0	0	0	1	3	30	0	2	0	0	0.00	0.00	0.17	0.49	71.81	0.00	5.25	0.00	0.00	19.29	0.00	62.42	0.00	69	0	71	122.59	93.25	0.00	0.00	0.00	0.00	0.00	0.00	0.00	0.00	0.00	0.00	0.00	22.67	19.32	0.00	0.98	0.00	0.00
799	15.82	4088	3826	0.71	41	0	0	0	1	1	26	0	7	0	0	0.00	0.00	0.09	1.01	80.94	0.00	20.82	0.00	0.00	15.63	1.36	61.52	5.67	70	0	70	129.55	99.75	0.00	0.00	0.00	0.00	0.00	0.00	0.00	0.00	0.00	0.00	0.00	29.31	26.49	0.00	1.27	0.00	0.00
743	20.50	4090	2744	0.73	26	0	0	0	1	2	26	0	1	0	0	0.00	0.00	0.16	1.49	67.57	0.00	0.00	0.00	0.00	20.12	0.00	59.39	0.00	70	0	69	124.12	89.64	0.00	0.00	0.00	0.00	0.00	0.00	0.00	0.00	0.00	0.00	0.00	19.27	17.49	0.00	0.81	0.00	0.00
678	24.58	4089	2089	0.72	25	0	0	0	1	0	30	0	1	0	0	0.00	0.00	0.14	0.00	49.59	0.00	0.07	0.00	0.00	15.03	0.00	60.39	0.00	70	0	70	119.12	89.35	0.00	0.00	0.00	0.00	0.00	0.00	0.00	0.00	0.00	0.00	0.00	16.52	13.56	0.00	0.69	0.00	0.00
697	12.90	4083	4099	0.76	49	0	0	0	0	5	39	0	5	0	0	0.00	0.00	0.00	0.60	103.19	0.00	10.28	0.00	0.00	19.33	0.00	66.29	1.48	70	0	70	120.90	98.07	0.00	0.00	0.00	0.00	0.00	0.00	0.00	0.00	0.00	0.00	0.00	27.69	26.01	0.00	1.25	0.00	0.00
687	16.41	4089	3168	0.77	33	0	0	0	2	1	27	0	5	0	0	0.00	0.00	0.23	0.59	72.73	0.00	10.96	0.00	0.00	19.20	0.00	62.26	2.12	70	0	70	123.52	94.63	0.00	0.00	0.00	0.00	0.00	0.00	0.00	0.00	0.00	0.00	0.00	23.51	20.32	0.00	1.04	0.00	0.00
663	16.76	4087	2996	0.77	33	0	0	1	0	1	26	0	5	0	0	0.00	0.00	0.00	0.42	67.68	0.00	11.22	0.00	0.00	19.77	0.00	63.47	0.00	70	0	70	122.97	93.28	0.00	0.00	0.00	0.00	0.00	0.00	0.00	0.00	0.00	0.00	0.00	23.49	20.36	0.00	0.97	0.00	0.00
731	13.69	4086	4047	0.78	34	0	0	0	2	1	26	0	6	0	0	0.00	0.00	0.66	0.96	93.19	0.00	16.86	0.00	0.00	20.06	0.00	66.25	0.00	70	0	69	127.48	97.89	0.00	0.00	0.00	0.00	0.00	0.00	0.00	0.00	0.00	0.00	0.00	30.51	26.69	0.00	1.33	0.00	0.00
626	23.93	4091	1980	0.79	25	0	0	1	0	1	21	0	3	0	0	0.00	0.02	0.00	0.33	42.37	0.00	5.09	0.00	0.00	19.14	0.00	56.93	0.00	70	0	70	121.72	86.61	0.00	0.00	0.00	0.00	0.00	0.00	0.00	0.00	0.00	0.00	0.00	14.18	12.67	0.00	0.59	0.00	0.00
680	12.70	4088	4056	0.77	42	0	0	1	0	1	28	0	11	0	0	0.00	0.03	0.00	0.47	82.84	0.00	30.11	0.00	0.00	19.23	0.00	65.61	2.46	69	0	70	122.26	97.90	0.00	0.00	0.00	0.00	0.00	0.00	0.00	0.00	0.00	0.00	0.00	29.78	25.59	0.00	1.33	0.00	0.00
662	17.55	4087	2858	0.78	33	0	0	1	1	0	20	0	10	0	0	0.00	0.05	0.34	0.00	54.03	0.00	20.46	0.00	0.00	20.52	0.00	57.14	4.80	70	0	69	123.61	92.77	0.00	0.00	0.00	0.00	0.00	0.00	0.00	0.00	0.00	0.00	0.00	21.64	17.60	0.00	0.98	0.00	0.00
661	15.46	4088	3236	0.78	33	0	0	0	2	1	24	0	8	0	0	0.00	0.00	0.61	0.78	65.81	0.00	20.08	0.00	0.00	20.11	0.00	64.43	0.00	70	0	70	122.98	95.09	0.00	0.00	0.00	0.00	0.00	0.00	0.00	0.00	0.00	0.00	0.00	23.55	21.30	0.00	1.02	0.00	0.00
668	16.40	4089	3082	0.77	33	0	0	0	1	1	21	0	9	0	0	0.00	0.00	0.33	0.74	61.30	0.00	19.77	0.00	0.00	19.57	1.23	57.12	5.68	69	0	70	123.58	93.93	0.00	0.00	0.00	0.00	0.00	0.00	0.00	0.00	0.00	0.00	0.00	23.42	19.79	0.00	1.02	0.00	0.00
659	16.59	4089	3010	0.79	33	0	0	2	0	1	22	0	9	0	0	0.00	0.10	0.00	0.51	60.14	0.00	19.23	0.00	0.00	19.70	0.00	61.95	1.77	70	0	70	123.25	93.91	0.00	0.00	0.00	0.00	0.00	0.00	0.00	0.00	0.00	0.00	0.00	22.63	19.63	0.00	0.97	0.00	0.00
668	15.82	4089	3198	0.77	33	0	0	0	2	1	27	0	4	0	0	0.00	0.00	0.36	0.67	72.68	0.00	12.16	0.00	0.00	19.91	0.00	64.27	0.00	70	0	70	123.73	94.68	0.00	0.00	0.00	0.00	0.00	0.00	0.00	0.00	0.00	0.00	0.00	23.74	20.38	0.00	1.03	0.00	0.00
665	16.09	4088	3130	0.78	33	0	1	0	0	1	24	0	8	0	0	0.13	0.00	0.00	0.45	64.87	0.00	18.38	0.00	0.00	19.56	0.00	61.90	2.46	69	0	69	122.48	93.70	0.00	0.00	0.00	0.00	0.00	0.00	0.00	0.00	0.00	0.00	0.00	22.71	19.95	0.00	1.01	0.00	0.00
663	16.73	4087	3001	0.78	33	0	0	0	1	1	22	0	8	0	0	0.00	0.00	0.38	0.75	59.84	0.00	18.50	0.00	0.00	19.78	1.33	54.35	7.81	70	0	69	123.89	93.58	0.00	0.00	0.00	0.00	0.00	0.00	0.00	0.00	0.00	0.00	0.00	22.28	18.67	0.00	0.99	0.00	0.00
667	16.22	4087	3115	0.79	33	0	0	0	2	1	23	0	8	0	0	0.00	0.00	0.55	0.75	63.90	0.00	18.05	0.00	0.00	20.19	0.00	63.59	0.00	70	0	69	123.45	94.47	0.00	0.00	0.00	0.00	0.00	0.00	0.00	0.00	0.00	0.00	0.00	23.62	20.68	0.00	1.02	0.00	0.00
665	16.07	4088	3132	0.77	33	0	0	0	2	1	26	0	5	0	0	0.00	0.00	0.33	0.65	68.59	0.00	14.08	0.00	0.00	20.12	0.00	63.80	0.00	70	0	69	123.64	94.15	0.00	0.00	0.00	0.00	0.00	0.00	0.00	0.00	0.00	0.00	0.00	22.83	20.13	0.00	0.99	0.00	0.00
659	16.34	4089	3056	0.78	33	0	0	2	0	1	24	0	7	0	0	0.00	0.05	0.00	0.52	63.45	0.00	17.56	0.00	0.00	19.63	0.00	64.03	0.00	70	0	70	123.36	94.23	0.00	0.00	0.00	0.00	0.00	0.00	0.00	0.00	0.00	0.00	0.00	24.17	20.58	0.00	1.02	0.00	0.00
671	16.16	4088	3148	0.77	35	0	0	0	4	1	25	0	7	0	0	0.00	0.00	0.73	0.65	62.06	0.00	20.35	0.00	0.00	21.21	0.00	62.63	0.00	70	0	69	123.95	93.51	0.00	0.00	0.00	0.00	0.00	0.00	0.00	0.00	0.00	0.00	0.00	22.93	20.27	0.00	0.99	0.00	0.00
664	16.49	4090	3047	0.78	33	0	0	0	0	1	22	0	9	0	0	0.00	0.00	0.00	0.45	61.24	0.00	19.58	0.00	0.00	19.66	0.00	62.11	1.74	70	0	70	123.61	94.08	0.00	0.00	0.00	0.00	0.00	0.00	0.00	0.00	0.00	0.00	0.00	22.65	19.02	0.00	1.02	0.00	0.00
670	16.15	4088	3140	0.77	33	0	0	0	2	1	27	0	4	0	0	0.00	0.00	0.38	0.68	72.46	0.00	10.56	0.00	0.00	20.00	0.00	63.85	0.00	70	0	70	124.20	95.04	0.00	0.00	0.00	0.00	0.00	0.00	0.00	0.00	0.00	0.00	0.00	23.68	21.16	0.00	0.99	0.00	0.00
666	16.49	4089	3057	0.78	33	0	2	0	0	1	22	0	9	0	0	0.27	0.00	0.00	0.52	58.59	0.00	22.34	0.00	0.00	19.68	0.00	62.05	1.79	70	0	70	123.77	94.31	0.00	0.00	0.00	0.00	0.00	0.00	0.00	0.00	0.00	0.00	0.00	22.84	19.02	0.00	1.01	0.00	0.00
720	14.08	4085	3874	0.78	33	0	0	0	2	1	24	0	7	0	0	0.00	0.00	0.42	0.84	84.23	0.00	20.66	0.00	0.00	20.34	0.00	63.86	1.72	69	0	69	126.87	96.57	0.00	0.00	0.00	0.00	0.00	0.00	0.00	0.00	0.00	0.00	0.00	31.17	27.04	0.00	1.30	0.00	0.00
623	22.63	4091	2084	0.78	26	0	0	0	2	1	22	0	3	0	0	0.00	0.00	0.44	0.60	44.84	0.00	5.19	0.00	0.00	19.92	0.00	57.45	0.00	70	0	70	120.74	87.56	0.00	0.00	0.00	0.00	0.00	0.00	0.00	0.00	0.00	0.00	0.00	14.16	12.73	0.00	0.60	0.00	0.00
668	13.71	4087	3692	0.78	41	0	0	0	1	1	25	0	12	0	0	0.00	0.00	0.37	0.79	69.92	0.00	30.60	0.00	0.00	19.47	1.15	56.26	9.41	70	0	70	121.74	96.55	0.00	0.00	0.00	0.00	0.00	0.00	0.00	0.00	0.00	0.00	0.00	28.10	23.88	0.00	1.23	0.00	0.00
662	15.75	4090	3184	0.83	33	0	0	2	0	1	23	0	10	0	0	0.00	0.08	0.00	0.53	59.62	0.00	25.43	0.00	0.00	19.60	0.00	61.87	2.77	70	0	70	122.32	93.97	0.00	0.00	0.00	0.00	0.00	0.00	0.00	0.00	0.00	0.00	0.00	23.15	20.93	0.00	1.01	0.00	0.00
667	16.04	4089	3150	0.91	33	0	0	0	2	3	24	0	8	0	0	0.00	0.00	0.41	0.46	62.67	0.00	20.61	0.00	0.00	20.50	0.00	53.46	10.00	70	0	70	123.81	93.97	0.00	0.00	0.00	0.00	0.00	0.00	0.00	0.00	0.00	0.00	0.00	24.25	20.31	0.00	1.06	0.00	0.00
717	14.31	4086	3796	0.90	33	0	0	0	1	1	27	0	3	0	0	0.00	0.00	0.45	0.91	92.97	0.00	9.30	0.00	0.00	20.22	1.24	60.83	3.40	71	0	71	127.23	96.37	0.00	0.00	0.00	0.00	0.00	0.00	0.00	0.00	0.00	0.00	0.00	30.17	25.64	0.00	1.33	0.00	0.00
659	20.31	4090	2456	0.92	26	0	0	0	2	1	20	0	4	0	0	0.00	0.00	0.37	0.65	49.25	0.00	11.85	0.00	0.00	20.61	0.00	59.08	0.00	71	0	71	126.15	90.59	0.00	0.00	0.00	0.00	0.00	0.00	0.00	0.00	0.00	0.00	0.00	17.83	16.11	0.00	0.75	0.00	0.00
647	16.31	4089	3003	0.91	34	0	0	2	0	2	23	0	8	0	0	0.00	0.02	0.00	1.38	56.45	0.00	22.13	0.00	0.00	19.69	1.58	62.43	0.00	71	0	71	122.62	93.47	0.00	0.00	0.00	0.00	0.00	0.00	0.00	0.00	0.00	0.00	0.00	23.65	20.67	0.00	0.96	0.00	0.00
849	15.25	4083	4221	0.81	33	0	0	0	1	1	29	0	6	0	0	0.00	0.00	0.48	0.93	95.08	0.00	17.34	0.00	0.00	18.02	1.16	59.97	5.61	71	0	71	126.68	97.61	0.00	0.00	0.00	0.00	0.00	0.00	0.00	0.00	0.00	0.00	0.00	37.31	28.91	0.00	1.61	0.00	0.00
795	19.47	4087	3093	0.83	34	0	0	0	0	5	27	0	2	0	0	0.00	0.00	0.00	0.80	74.06	0.00	4.16	0.00	0.00	19.18	0.00	61.35	0.00	71	0	71	128.16	93.64	0.00	0.00	0.00	0.00	0.00	0.00	0.00	0.00	0.00	0.00	0.00	23.53	22.46	0.00	0.93	0.00	0.00
754	20.64	4086	2768	0.85	26	0	0	0	2	0	28	0	0	0	0	0.00	0.00	0.66	0.00	68.60	0.00	0.00	0.00	0.00	19.83	0.00	59.53	0.00	71	0	71	125.21	90.18	0.00	0.00	0.00	0.00	0.00	0.00	0.00	0.00	0.00	0.00	0.00	20.46	18.09	0.00	0.84	0.00	0.00
795	17.61	4084	3424	0.83	26	0	0	0	1	4	31	0	1	0	0	0.00	0.00	0.06	0.59	88.64	0.00	0.31	0.00	0.00	18.34	0.00	64.06	0.00	71	0	71	130.45	96.66	0.00	0.00	0.00	0.00	0.00	0.00	0.00	0.00	0.00	0.00	0.00	30.09	24.73	0.00	1.25	0.00	0.00
626	30.14	4091	1572	0.91	34	0	0	0	1	1	27	0	1	0	0	0.00	0.00	0.23	0.45	33.62	0.00	0.17	0.00	0.00	17.89	0.00	51.97	0.00	71	0	71	108.68	78.98	0.00	0.00	0.00	0.00	0.00	0.00	0.00	0.00	0.00	0.00	0.00	9.90	9.03	0.00	0.41	0.00	0.00
697	10.03	4082	5269	0.89	57	0	0	0	1	0	45	0	9	0	0	0.00	0.00	0.28	0.00	125.26	0.00	26.32	0.00	0.00	18.15	0.00	68.32	3.50	71	0	71	120.49	101.14	0.00	0.00	0.00	0.00	0.00	0.00	0.00	0.00	0.00	0.00	0.00	40.28	35.57	0.00	1.78	0.00	0.00
683	16.94	4086	3055	0.90	33	0	0	0	2	1	21	0	10	0	0	0.00	0.00	0.22	0.62	53.97	0.00	25.99	0.00	0.00	19.43	0.00	62.04	1.59	71	0	71	124.74	94.58	0.00	0.00	0.00	0.00	0.00	0.00	0.00	0.00	0.00	0.00	0.00	24.49	21.81	0.00	0.99	0.00	0.00
664	16.12	4088	3119	0.92	33	0	0	0	2	0	26	0	6	0	0	0.00	0.00	0.67	0.00	69.67	0.00	13.12	0.00	0.00	20.21	0.00	61.89	1.77	71	0	71	123.38	94.35	0.00	0.00	0.00	0.00	0.00	0.00	0.00	0.00	0.00	0.00	0.00	23.84	20.22	0.00	1.02	0.00	0.00
671	16.60	4087	3063	0.92	33	0	0	0	2	1	23	0	8	0	0	0.00	0.00	0.45	0.70	61.75	0.00	18.39	0.00	0.00	19.69	0.00	62.12	1.59	71	0	71	123.65	94.26	0.00	0.00	0.00	0.00	0.00	0.00	0.00	0.00	0.00	0.00	0.00	23.74	20.44	0.00	1.00	0.00	0.00
649	16.05	4087	3066	0.91	33	0	0	0	2	0	28	0	4	0	0	0.00	0.00	0.59	0.00	71.51	0.00	9.90	0.00	0.00	20.16	0.00	63.80	0.00	71	0	71	123.09	94.17	0.00	0.00	0.00	0.00	0.00	0.00	0.00	0.00	0.00	0.00	0.00	23.61	20.72	0.00	0.99	0.00	0.00
744	17.18	4089	3279	0.84	33	0	0	0	2	2	27	0	8	0	0	0.00	0.00	0.36	1.13	67.98	0.00	16.89	0.00	0.00	20.23	0.00	59.40	3.19	71	0	72	119.27	91.63	0.00	0.00	0.00	0.00	0.00	0.00	0.00	0.00	0.00	0.00	0.00	22.54	21.10	0.00	0.97	0.00	0.00
809	15.85	4087	3866	0.83	33	0	0	0	1	1	26	0	7	0	0	0.00	0.00	0.12	0.70	84.17	0.00	18.52	0.00	0.00	15.74	0.00	68.41	0.00	71	0	72	128.43	99.58	0.00	0.00	0.00	0.00	0.00	0.00	0.00	0.00	0.00	0.00	0.00	35.53	27.23	0.00	1.53	0.00	0.00
734	20.83	4089	2666	0.86	34	0	0	0	1	2	22	0	4	0	0	0.00	0.00	0.21	1.56	54.64	0.00	10.11	0.00	0.00	20.70	0.00	58.47	0.00	71	0	71	122.58	88.44	0.00	0.00	0.00	0.00	0.00	0.00	0.00	0.00	0.00	0.00	0.00	19.45	17.37	0.00	0.78	0.00	0.00
734	18.27	4088	3043	0.86	33	0	0	0	1	0	27	0	5	0	0	0.00	0.00	0.33	0.00	67.89	0.00	10.87	0.00	0.00	18.45	0.00	60.01	3.27	71	0	71	123.70	93.12	0.00	0.00	0.00	0.00	0.00	0.00	0.00	0.00	0.00	0.00	0.00	24.24	20.46	0.00	1.02	0.00	0.00
775	18.80	4085	3123	0.84	25	0	0	0	1	1	26	0	4	0	0	0.00	0.00	0.24	0.75	68.24	0.00	11.45	0.00	0.00	16.00	0.00	65.20	0.00	71	0	72	128.84	97.23	0.00	0.00	0.00	0.00	0.00	0.00	0.00	0.00	0.00	0.00	0.00	25.54	21.13	0.00	1.09	0.00	0.00
723	15.35	4084	3569	0.90	33	0	0	0	0	5	26	0	4	0	0	0.00	0.00	0.00	0.87	83.24	0.00	11.90	0.00	0.00	21.16	0.00	54.41	9.08	71	0	71	129.00	96.00	0.00	0.00	0.00	0.00	0.00	0.00	0.00	0.00	0.00	0.00	0.00	25.42	25.95	0.00	1.00	0.00	0.00
717	21.61	4090	2512	0.86	26	0	0	0	1	2	27	0	0	0	0	0.00	0.00	0.07	1.14	61.13	0.00	0.00	0.00	0.00	21.33	0.00	57.06	0.00	71	0	71	118.32	85.88	0.00	0.00	0.00	0.00	0.00	0.00	0.00	0.00	0.00	0.00	0.00	16.93	15.37	0.00	0.69	0.00	0.00
746	16.71	4088	3381	0.85	42	0	1	0	1	1	26	0	8	0	0	0.10	0.00	0.23	0.75	70.61	0.00	18.24	0.00	0.00	17.14	0.00	65.29	0.87	71	0	72	125.95	97.12	0.00	0.00	0.00	0.00	0.00	0.00	0.00	0.00	0.00	0.00	0.00	30.77	24.42	0.00	1.30	0.00	0.00
628	27.35	4091	1736	0.90	25	0	0	1	1	1	25	0	4	0	0	0.00	0.01	0.12	0.36	34.54	0.00	4.77	0.00	0.00	16.93	0.00	55.73	0.00	71	0	72	109.79	83.02	0.00	0.00	0.00	0.00	0.00	0.00	0.00	0.00	0.00	0.00	0.00	12.23	10.02	0.00	0.51	0.00	0.00
681	9.59	4082	5388	0.89	66	0	0	0	1	1	26	0	29	0	0	0.00	0.00	0.10	0.80	75.12	0.00	80.28	0.00	0.00	17.83	0.78	45.37	26.44	71	0	71	120.69	102.10	0.00	0.00	0.00	0.00	0.00	0.00	0.00	0.00	0.00	0.00	0.00	38.68	35.58	0.00	1.76	0.00	0.00
666	16.61	4087	3036	0.91	34	0	0	0	2	1	21	0	11	0	0	0.00	0.00	0.47	0.69	56.76	0.00	22.84	0.00	0.00	19.57	0.00	62.12	1.69	71	0	71	123.45	94.20	0.00	0.00	0.00	0.00	0.00	0.00	0.00	0.00	0.00	0.00	0.00	23.50	20.48	0.00	0.99	0.00	0.00
734	16.79	4089	3309	0.85	33	0	0	0	3	1	28	0	7	0	0	0.00	0.00	0.89	0.72	74.08	0.00	12.12	0.00	0.00	20.47	0.00	59.38	3.36	71	0	72	119.82	92.60	0.00	0.00	0.00	0.00	0.00	0.00	0.00	0.00	0.00	0.00	0.00	22.74	21.38	0.00	0.97	0.00	0.00
641	26.68	4092	1819	0.89	33	0	0	1	0	2	25	0	5	0	0	0.00	0.00	0.00	0.59	34.66	0.00	6.76	0.00	0.00	15.36	0.00	57.95	0.00	72	0	72	110.57	85.03	0.00	0.00	0.00	0.00	0.00	0.00	0.00	0.00	0.00	0.00	0.00	15.37	11.19	0.00	0.64	0.00	0.00
669	9.52	4082	5328	0.90	65	0	0	0	1	1	24	0	31	0	0	0.00	0.00	0.12	0.83	68.33	0.00	85.42	0.00	0.00	17.65	0.88	45.43	26.52	72	0	71	120.57	102.01	0.00	0.00	0.00	0.00	0.00	0.00	0.00	0.00	0.00	0.00	0.00	38.57	35.84	0.00	1.74	0.00	0.00
733	16.91	4089	3284	0.85	33	0	0	0	2	2	27	0	8	0	0	0.00	0.00	0.34	1.13	66.31	0.00	19.33	0.00	0.00	20.60	0.00	59.33	3.17	71	0	72	119.45	91.63	0.00	0.00	0.00	0.00	0.00	0.00	0.00	0.00	0.00	0.00	0.00	23.80	22.31	0.00	0.97	0.00	0.00
746	17.99	4090	3138	0.86	33	0	0	0	1	1	27	0	4	0	0	0.00	0.00	0.10	0.56	69.13	0.00	12.11	0.00	0.00	17.33	0.00	64.68	0.00	71	0	72	123.34	95.11	0.00	0.00	0.00	0.00	0.00	0.00	0.00	0.00	0.00	0.00	0.00	28.71	20.58	0.00	1.23	0.00	0.00
631	26.34	4089	1814	0.89	34	0	0	0	1	1	22	0	10	0	0	0.00	0.00	0.04	0.41	27.91	0.00	13.70	0.00	0.00	16.46	1.28	51.62	4.30	71	0	72	110.22	84.04	0.00	0.00	0.00	0.00	0.00	0.00	0.00	0.00	0.00	0.00	0.00	12.67	11.43	0.00	0.52	0.00	0.00
748	10.38	4083	5463	0.84	65	0	0	0	1	5	40	0	17	0	3	0.00	0.00	0.02	0.86	103.31	0.00	44.55	0.00	8.18	18.67	0.00	54.54	16.40	71	0	73	118.66	100.15	0.00	0.00	0.00	0.00	0.00	0.00	0.00	0.00	0.00	0.00	0.00	38.85	37.26	0.00	1.70	0.00	0.00
794	15.61	4088	3852	0.84	31	0	0	1	0	1	27	0	4	0	0	0.00	0.03	0.00	0.52	89.73	0.00	13.01	0.00	0.00	16.25	0.00	68.14	0.00	71	0	72	129.95	99.81	0.00	0.00	0.00	0.00	0.00	0.00	0.00	0.00	0.00	0.00	0.00	38.71	27.75	0.00	1.62	0.00	0.00
698	23.27	4089	2271	0.87	34	0	0	0	1	0	25	0	4	0	0	0.00	0.00	0.10	0.00	49.19	0.00	5.84	0.00	0.00	22.09	0.00	54.64	0.00	71	0	72	114.54	82.57	0.00	0.00	0.00	0.00	0.00	0.00	0.00	0.00	0.00	0.00	0.00	14.91	13.70	0.00	0.61	0.00	0.00
723	15.49	4087	3535	0.87	33	0	0	1	1	1	28	0	8	0	0	0.00	0.02	0.27	0.74	76.31	0.00	17.93	0.00	0.00	17.12	0.00	65.55	1.84	71	0	72	124.31	98.37	0.00	0.00	0.00	0.00	0.00	0.00	0.00	0.00	0.00	0.00	0.00	28.85	24.13	0.00	1.24	0.00	0.00
739	17.42	4087	3214	0.85	35	0	0	0	1	1	22	0	11	0	0	0.00	0.00	0.10	0.84	55.79	0.00	27.97	0.00	0.00	17.66	1.35	52.74	10.84	71	0	71	124.41	95.31	0.00	0.00	0.00	0.00	0.00	0.00	0.00	0.00	0.00	0.00	0.00	24.64	22.32	0.00	1.03	0.00	0.00
716	18.15	4089	2986	0.87	31	0	0	1	1	0	26	0	5	0	0	0.00	0.02	0.37	0.00	66.31	0.00	10.94	0.00	0.00	19.46	0.00	62.39	0.00	71	0	72	121.75	92.75	0.00	0.00	0.00	0.00	0.00	0.00	0.00	0.00	0.00	0.00	0.00	23.34	19.40	0.00	0.99	0.00	0.00
734	17.54	4087	3170	0.86	34	0	0	0	1	1	24	0	9	0	0	0.00	0.00	0.10	0.80	58.48	0.00	23.85	0.00	0.00	18.14	1.31	58.07	4.94	72	0	72	123.89	94.68	0.00	0.00	0.00	0.00	0.00	0.00	0.00	0.00	0.00	0.00	0.00	23.42	21.00	0.00	1.01	0.00	0.00
727	17.75	4085	3103	0.86	33	0	0	0	1	1	31	0	3	0	0	0.00	0.00	0.23	0.18	75.16	0.00	5.87	0.00	0.00	18.62	0.00	63.63	0.00	71	0	72	123.87	94.31	0.00	0.00	0.00	0.00	0.00	0.00	0.00	0.00	0.00	0.00	0.00	24.26	20.63	0.00	1.02	0.00	0.00
720	18.16	4087	3005	0.87	33	0	0	0	1	5	32	0	1	0	0	0.00	0.00	0.07	0.63	74.42	0.00	2.99	0.00	0.00	19.74	0.00	62.10	0.00	71	0	72	121.50	92.62	0.00	0.00	0.00	0.00	0.00	0.00	0.00	0.00	0.00	0.00	0.00	22.64	19.65	0.00	0.96	0.00	0.00
738	17.18	4088	3253	0.86	35	0	0	0	0	1	27	0	6	0	0	0.00	0.00	0.00	0.70	68.91	0.00	16.19	0.00	0.00	17.79	1.11	52.74	11.18	72	0	72	125.22	95.49	0.00	0.00	0.00	0.00	0.00	0.00	0.00	0.00	0.00	0.00	0.00	25.61	22.55	0.00	1.06	0.00	0.00
725	18.21	4088	3016	0.86	31	0	0	0	1	1	30	0	1	0	0	0.00	0.00	0.27	0.75	74.28	0.00	3.09	0.00	0.00	19.07	0.00	62.72	0.00	72	0	72	123.38	93.18	0.00	0.00	0.00	0.00	0.00	0.00	0.00	0.00	0.00	0.00	0.00	24.46	20.79	0.00	0.99	0.00	0.00
712	18.01	4090	2994	0.87	33	0	0	2	0	1	25	0	6	0	0	0.00	0.05	0.00	0.70	62.52	0.00	14.76	0.00	0.00	18.74	1.19	51.83	10.24	71	0	72	120.92	92.53	0.00	0.00	0.00	0.00	0.00	0.00	0.00	0.00	0.00	0.00	0.00	22.61	19.60	0.00	0.97	0.00	0.00
740	16.93	4089	3310	0.85	41	0	0	0	1	1	25	0	8	0	0	0.00	0.00	0.10	0.86	64.36	0.00	22.38	0.00	0.00	17.18	1.32	59.06	5.51	72	0	72	124.47	95.98	0.00	0.00	0.00	0.00	0.00	0.00	0.00	0.00	0.00	0.00	0.00	25.94	23.69	0.00	1.06	0.00	0.00
723	18.41	4089	2974	0.87	25	0	0	1	1	1	24	0	6	0	0	0.00	0.00	0.10	0.57	62.25	0.00	14.20	0.00	0.00	19.07	0.00	62.52	0.00	71	0	72	123.46	92.80	0.00	0.00	0.00	0.00	0.00	0.00	0.00	0.00	0.00	0.00	0.00	23.68	19.58	0.00	1.01	0.00	0.00
730	17.66	4086	3131	0.86	33	0	0	0	1	1	23	0	10	0	0	0.00	0.00	0.10	0.80	57.67	0.00	23.43	0.00	0.00	18.00	1.34	58.31	4.68	72	0	72	122.71	93.88	0.00	0.00	0.00	0.00	0.00	0.00	0.00	0.00	0.00	0.00	0.00	24.03	21.35	0.00	1.01	0.00	0.00
718	18.11	4087	3005	0.88	33	0	0	1	0	5	30	0	3	0	0	0.00	0.00	0.00	0.66	71.52	0.00	5.96	0.00	0.00	19.90	0.00	61.99	0.00	71	0	72	122.50	93.00	0.00	0.00	0.00	0.00	0.00	0.00	0.00	0.00	0.00	0.00	0.00	23.70	20.21	0.00	0.97	0.00	0.00
731	17.40	4088	3181	0.87	41	0	0	0	1	1	25	0	8	0	0	0.00	0.00	0.10	0.82	63.28	0.00	19.36	0.00	0.00	17.82	1.45	58.05	5.27	71	0	72	123.21	94.52	0.00	0.00	0.00	0.00	0.00	0.00	0.00	0.00	0.00	0.00	0.00	23.46	21.24	0.00	1.02	0.00	0.00
741	17.64	4087	3180	0.86	27	0	0	0	1	1	28	0	4	0	0	0.00	0.00	0.21	0.70	72.64	0.00	9.85	0.00	0.00	18.35	0.00	64.00	0.00	71	0	72	125.19	94.85	0.00	0.00	0.00	0.00	0.00	0.00	0.00	0.00	0.00	0.00	0.00	25.41	22.47	0.00	1.05	0.00	0.00
724	18.42	4089	2977	0.86	31	0	0	0	1	1	29	0	1	0	0	0.00	0.00	0.27	0.74	74.41	0.00	1.73	0.00	0.00	19.01	0.00	62.57	0.00	71	0	72	122.90	93.13	0.00	0.00	0.00	0.00	0.00	0.00	0.00	0.00	0.00	0.00	0.00	23.52	19.23	0.00	0.98	0.00	0.00
723	17.39	4083	3152	0.85	34	0	0	0	2	1	26	0	9	0	0	0.00	0.00	0.48	0.81	60.59	0.00	21.00	0.00	0.00	19.99	1.34	61.28	0.00	71	0	72	123.80	93.61	0.00	0.00	0.00	0.00	0.00	0.00	0.00	0.00	0.00	0.00	0.00	24.30	21.10	0.00	1.03	0.00	0.00
732	17.99	4081	3086	0.86	35	0	0	0	1	3	32	0	2	0	0	0.00	0.00	0.10	0.42	74.09	0.00	5.55	0.00	0.00	19.27	0.00	62.74	0.00	72	0	72	124.10	93.25	0.00	0.00	0.00	0.00	0.00	0.00	0.00	0.00	0.00	0.00	0.00	23.50	20.80	0.00	0.99	0.00	0.00
726	18.10	4086	3038	0.88	33	0	0	1	1	5	28	0	4	0	0	0.00	0.00	0.12	0.69	68.69	0.00	9.68	0.00	0.00	19.66	0.00	62.25	0.00	72	0	72	123.29	93.72	0.00	0.00	0.00	0.00	0.00	0.00	0.00	0.00	0.00	0.00	0.00	24.00	20.50	0.00	1.01	0.00	0.00
739	17.41	4088	3214	0.85	35	0	0	0	1	2	25	0	8	0	0	0.00	0.00	0.08	1.45	60.91	0.00	22.25	0.00	0.00	17.71	2.33	51.63	10.92	71	0	72	124.37	95.24	0.00	0.00	0.00	0.00	0.00	0.00	0.00	0.00	0.00	0.00	0.00	23.89	21.34	0.00	1.03	0.00	0.00
789	16.37	4087	3651	0.85	33	0	0	0	2	1	26	0	4	0	0	0.00	0.00	0.55	1.06	84.50	0.00	10.94	0.00	0.00	17.09	0.00	66.54	0.00	71	0	72	130.64	99.09	0.00	0.00	0.00	0.00	0.00	0.00	0.00	0.00	0.00	0.00	0.00	31.49	26.65	0.00	1.27	0.00	0.00
734	20.94	4089	2656	0.86	33	0	0	0	1	1	22	0	5	0	0	0.00	0.00	0.15	0.87	55.34	0.00	10.07	0.00	0.00	20.42	1.73	50.55	6.37	72	0	72	121.99	88.12	0.00	0.00	0.00	0.00	0.00	0.00	0.00	0.00	0.00	0.00	0.00	18.49	17.26	0.00	0.78	0.00	0.00
792	16.39	4087	3661	0.84	25	0	0	0	1	1	26	0	3	0	0	0.00	0.00	0.32	0.94	87.07	0.00	9.27	0.00	0.00	16.70	0.00	66.91	0.00	72	0	72	131.18	99.33	0.00	0.00	0.00	0.00	0.00	0.00	0.00	0.00	0.00	0.00	0.00	30.75	25.22	0.00	1.31	0.00	0.00
796	19.36	4089	3115	0.85	30	0	0	0	1	1	22	0	4	0	0	0.00	0.00	0.13	1.01	65.48	0.00	12.81	0.00	0.00	19.07	1.73	59.84	0.00	72	0	72	129.70	93.50	0.00	0.00	0.00	0.00	0.00	0.00	0.00	0.00	0.00	0.00	0.00	23.64	21.80	0.00	0.95	0.00	0.00
789	19.27	4089	3098	0.85	31	0	0	0	1	2	21	0	4	0	0	0.00	0.00	0.26	1.97	64.95	0.00	12.43	0.00	0.00	18.91	0.00	61.82	0.00	72	0	71	129.45	93.44	0.00	0.00	0.00	0.00	0.00	0.00	0.00	0.00	0.00	0.00	0.00	24.15	21.36	0.00	0.99	0.00	0.00
797	19.45	4089	3102	0.84	26	0	0	0	1	1	23	0	3	0	0	0.00	0.00	0.51	0.51	70.50	0.00	7.77	0.00	0.00	18.06	0.00	62.50	0.00	72	0	72	130.74	94.58	0.00	0.00	0.00	0.00	0.00	0.00	0.00	0.00	0.00	0.00	0.00	23.33	21.41	0.00	0.95	0.00	0.00
631	30.73	4091	1554	0.90	25	0	0	0	1	1	25	0	0	0	0	0.00	0.00	0.05	0.37	33.43	0.00	0.00	0.00	0.00	17.14	1.30	50.83	0.00	72	0	72	109.09	78.60	0.00	0.00	0.00	0.00	0.00	0.00	0.00	0.00	0.00	0.00	0.00	10.23	9.47	0.00	0.42	0.00	0.00
754	10.93	4084	5228	0.84	57	0	0	0	2	1	34	0	22	0	1	0.00	0.00	0.63	0.75	87.74	0.00	57.66	0.00	2.57	18.96	0.00	54.13	15.98	72	0	72	119.19	99.61	0.00	0.00	0.00	0.00	0.00	0.00	0.00	0.00	0.00	0.00	0.00	38.95	35.38	0.00	1.69	0.00	0.00
795	15.62	4088	3853	0.84	33	0	0	1	0	1	26	0	5	0	0	0.00	0.00	0.00	0.58	83.36	0.00	19.63	0.00	0.00	16.06	0.00	68.32	0.00	72	0	72	130.52	100.27	0.00	0.00	0.00	0.00	0.00	0.00	0.00	0.00	0.00	0.00	0.00	38.09	27.07	0.00	1.61	0.00	0.00
693	23.21	4089	2260	0.88	34	0	0	0	1	1	23	0	5	0	0	0.00	0.00	0.10	0.62	45.55	0.00	8.42	0.00	0.00	22.56	1.55	52.68	0.00	73	0	72	113.16	81.61	0.00	0.00	0.00	0.00	0.00	0.00	0.00	0.00	0.00	0.00	0.00	15.39	14.40	0.00	0.62	0.00	0.00
733	15.27	4084	3637	0.86	33	0	0	0	1	1	26	0	12	0	0	0.00	0.00	0.23	0.70	68.95	0.00	28.29	0.00	0.00	16.54	0.00	61.74	6.45	72	0	72	124.93	98.98	0.00	0.00	0.00	0.00	0.00	0.00	0.00	0.00	0.00	0.00	0.00	29.06	24.65	0.00	1.26	0.00	0.00
733	17.84	4085	3116	0.86	33	0	0	0	1	4	33	0	2	0	0	0.00	0.00	0.05	0.50	77.96	0.00	2.98	0.00	0.00	18.92	0.00	63.25	0.00	72	0	72	123.90	94.24	0.00	0.00	0.00	0.00	0.00	0.00	0.00	0.00	0.00	0.00	0.00	24.64	21.45	0.00	1.01	0.00	0.00
723	18.02	4088	3041	0.87	33	0	0	0	1	1	29	0	2	0	0	0.00	0.00	0.37	0.85	72.63	0.00	5.47	0.00	0.00	19.20	0.00	62.78	0.00	72	0	72	123.86	94.20	0.00	0.00	0.00	0.00	0.00	0.00	0.00	0.00	0.00	0.00	0.00	24.37	21.03	0.00	1.00	0.00	0.00
730	17.49	4088	3161	0.86	33	0	0	0	0	1	28	0	5	0	0	0.00	0.00	0.00	0.70	69.54	0.00	12.83	0.00	0.00	17.85	1.12	57.74	5.80	71	0	72	123.22	94.37	0.00	0.00	0.00	0.00	0.00	0.00	0.00	0.00	0.00	0.00	0.00	23.83	21.08	0.00	1.01	0.00	0.00
726	18.04	4085	3048	0.86	33	0	0	0	1	1	27	0	5	0	0	0.00	0.00	0.32	0.80	67.51	0.00	10.85	0.00	0.00	18.87	0.00	63.09	0.00	71	0	72	123.50	93.86	0.00	0.00	0.00	0.00	0.00	0.00	0.00	0.00	0.00	0.00	0.00	24.35	20.80	0.00	1.00	0.00	0.00
733	17.76	4085	3127	0.86	33	0	0	0	0	5	32	0	3	0	0	0.00	0.00	0.00	0.62	74.99	0.00	6.16	0.00	0.00	18.99	0.00	63.25	0.00	71	0	72	123.88	94.32	0.00	0.00	0.00	0.00	0.00	0.00	0.00	0.00	0.00	0.00	0.00	23.50	20.78	0.00	0.99	0.00	0.00
723	17.82	4086	3076	0.87	33	0	0	0	1	1	30	0	2	0	0	0.00	0.00	0.35	0.83	75.89	0.00	3.30	0.00	0.00	18.97	0.00	63.21	0.00	72	0	72	123.17	93.73	0.00	0.00	0.00	0.00	0.00	0.00	0.00	0.00	0.00	0.00	0.00	24.75	21.36	0.00	1.02	0.00	0.00
731	17.71	4086	3127	0.86	33	0	0	0	1	3	31	0	3	0	0	0.00	0.00	0.15	0.48	74.69	0.00	6.58	0.00	0.00	18.67	0.00	63.62	0.00	72	0	73	123.24	94.26	0.00	0.00	0.00	0.00	0.00	0.00	0.00	0.00	0.00	0.00	0.00	24.63	22.12	0.00	0.99	0.00	0.00
728	17.78	4087	3102	0.86	33	0	0	0	1	1	29	0	3	0	0	0.00	0.00	0.33	0.81	74.16	0.00	6.00	0.00	0.00	18.49	0.00	63.73	0.00	72	0	72	123.85	94.24	0.00	0.00	0.00	0.00	0.00	0.00	0.00	0.00	0.00	0.00	0.00	23.80	19.99	0.00	1.02	0.00	0.00
736	18.06	4084	3087	0.86	33	0	0	0	1	3	31	0	2	0	0	0.00	0.00	0.15	0.48	74.33	0.00	5.57	0.00	0.00	19.14	0.00	62.80	0.00	72	0	72	124.22	94.33	0.00	0.00	0.00	0.00	0.00	0.00	0.00	0.00	0.00	0.00	0.00	23.86	20.52	0.00	1.01	0.00	0.00
716	18.05	4087	3004	0.88	33	0	0	1	1	5	29	0	3	0	0	0.00	0.05	0.10	0.68	70.88	0.00	6.41	0.00	0.00	19.80	0.00	62.15	0.00	72	0	72	122.61	93.45	0.00	0.00	0.00	0.00	0.00	0.00	0.00	0.00	0.00	0.00	0.00	23.48	20.04	0.00	0.98	0.00	0.00
734	17.36	4087	3204	0.86	35	0	0	0	1	1	25	0	8	0	0	0.00	0.00	0.13	0.83	63.86	0.00	19.37	0.00	0.00	17.97	1.37	52.41	10.89	72	0	72	123.49	94.55	0.00	0.00	0.00	0.00	0.00	0.00	0.00	0.00	0.00	0.00	0.00	23.59	21.08	0.00	1.01	0.00	0.00
727	18.09	4085	3048	0.87	31	0	0	0	1	1	28	0	4	0	0	0.00	0.00	0.30	0.77	69.52	0.00	8.80	0.00	0.00	19.14	0.00	62.78	0.00	71	0	72	123.82	93.78	0.00	0.00	0.00	0.00	0.00	0.00	0.00	0.00	0.00	0.00	0.00	23.45	20.49	0.00	1.00	0.00	0.00
730	17.64	4086	3137	0.86	34	0	0	0	1	5	33	0	1	0	0	0.00	0.00	0.05	0.60	81.18	0.00	0.43	0.00	0.00	18.61	0.00	63.74	0.00	71	0	72	123.31	94.47	0.00	0.00	0.00	0.00	0.00	0.00	0.00	0.00	0.00	0.00	0.00	24.05	21.02	0.00	1.01	0.00	0.00
728	17.81	4086	3097	0.86	32	0	0	0	1	1	28	0	4	0	0	0.00	0.00	0.31	0.79	70.92	0.00	9.13	0.00	0.00	18.60	0.00	63.59	0.00	71	0	72	123.93	94.15	0.00	0.00	0.00	0.00	0.00	0.00	0.00	0.00	0.00	0.00	0.00	24.29	20.59	0.00	1.03	0.00	0.00
683	23.48	4087	2205	0.87	33	0	0	0	1	3	31	0	2	0	0	0.00	0.00	0.12	0.35	50.69	0.00	2.20	0.00	0.00	15.54	0.00	60.98	0.00	72	0	72	119.78	91.05	0.00	0.00	0.00	0.00	0.00	0.00	0.00	0.00	0.00	0.00	0.00	17.11	14.62	0.00	0.70	0.00	0.00
686	12.71	4082	4092	0.90	49	0	0	0	1	6	37	0	5	0	1	0.00	0.00	0.10	0.83	99.57	0.00	12.26	0.00	1.43	19.74	0.00	66.35	1.20	72	0	72	120.91	97.69	0.00	0.00	0.00	0.00	0.00	0.00	0.00	0.00	0.00	0.00	0.00	28.82	27.53	0.00	1.25	0.00	0.00
662	16.78	4087	2988	0.91	33	0	0	0	2	1	23	0	8	0	0	0.00	0.00	0.50	0.69	58.61	0.00	19.25	0.00	0.00	19.73	0.00	50.07	13.43	72	0	72	122.83	93.64	0.00	0.00	0.00	0.00	0.00	0.00	0.00	0.00	0.00	0.00	0.00	22.55	19.68	0.00	0.95	0.00	0.00
828	14.88	4088	4213	0.82	33	0	0	0	3	1	28	0	6	0	0	0.00	0.00	0.71	0.83	96.47	0.00	16.59	0.00	0.00	18.18	0.00	62.97	3.97	71	0	72	126.07	97.57	0.00	0.00	0.00	0.00	0.00	0.00	0.00	0.00	0.00	0.00	0.00	38.45	29.91	0.00	1.31	0.00	0.00
753	21.65	4088	2634	0.85	26	0	0	0	1	0	22	0	6	0	0	0.00	0.00	0.23	0.00	52.08	0.00	13.21	0.00	0.00	19.88	0.00	58.48	0.00	71	0	72	122.50	88.66	0.00	0.00	0.00	0.00	0.00	0.00	0.00	0.00	0.00	0.00	0.00	19.00	17.23	0.00	1.02	0.00	0.00
735	18.36	4087	3031	0.85	33	0	0	1	1	1	30	0	2	0	0	0.00	0.00	0.25	0.15	72.00	0.00	6.24	0.00	0.00	18.94	0.00	62.69	0.00	71	0	72	123.57	93.68	0.00	0.00	0.00	0.00	0.00	0.00	0.00	0.00	0.00	0.00	0.00	24.65	20.90	0.00	0.99	0.00	0.00
727	17.80	4088	3094	0.86	33	0	0	0	1	1	24	0	9	0	0	0.00	0.00	0.07	0.76	55.96	0.00	23.90	0.00	0.00	18.35	1.28	52.11	10.46	72	0	72	121.96	93.44	0.00	0.00	0.00	0.00	0.00	0.00	0.00	0.00	0.00	0.00	0.00	23.23	20.51	0.00	0.99	0.00	0.00
730	17.54	4087	3153	0.86	34	0	0	0	0	1	30	0	3	0	0	0.00	0.00	0.00	0.66	76.41	0.00	5.91	0.00	0.00	17.92	1.06	63.48	0.00	72	0	72	123.95	94.56	0.00	0.00	0.00	0.00	0.00	0.00	0.00	0.00	0.00	0.00	0.00	23.73	20.88	0.00	1.03	0.00	0.00
634	27.23	4090	1763	0.90	33	0	0	0	1	4	32	0	1	0	0	0.00	0.00	0.03	0.25	38.90	0.00	1.21	0.00	0.00	17.20	0.00	55.57	0.00	71	0	72	109.87	83.32	0.00	0.00	0.00	0.00	0.00	0.00	0.00	0.00	0.00	0.00	0.00	12.52	10.84	0.00	0.51	0.00	0.00
748	10.44	4084	5432	0.84	65	0	0	1	0	2	38	0	19	0	2	0.00	0.00	0.00	1.16	101.52	0.00	49.05	0.00	4.16	18.32	0.71	52.41	18.12	72	0	72	118.98	100.21	0.00	0.00	0.00	0.00	0.00	0.00	0.00	0.00	0.00	0.00	0.00	37.64	35.75	0.00	1.67	0.00	0.00
751	17.48	4088	3255	0.85	32	0	0	1	0	1	25	0	9	0	0	0.00	0.03	0.00	0.51	63.31	0.00	21.73	0.00	0.00	17.20	0.00	65.32	0.00	71	0	72	124.64	96.24	0.00	0.00	0.00	0.00	0.00	0.00	0.00	0.00	0.00	0.00	0.00	29.64	22.16	0.00	1.26	0.00	0.00
628	27.15	4091	1751	0.90	33	0	0	0	1	3	29	0	2	0	0	0.00	0.00	0.06	0.23	37.19	0.00	2.76	0.00	0.00	17.18	0.00	55.67	0.00	71	0	72	110.06	83.43	0.00	0.00	0.00	0.00	0.00	0.00	0.00	0.00	0.00	0.00	0.00	12.39	10.47	0.00	0.52	0.00	0.00
749	10.36	4085	5478	0.84	63	0	0	0	1	2	30	0	23	0	3	0.00	0.00	0.10	1.17	79.01	0.00	63.01	0.00	14.37	18.05	0.73	46.25	24.60	71	0	72	119.04	100.73	0.00	0.00	0.00	0.00	0.00	0.00	0.00	0.00	0.00	0.00	0.00	38.34	37.35	0.00	1.69	0.00	0.00
795	15.55	4090	3873	0.83	31	0	1	1	0	1	23	0	8	0	0	0.19	0.06	0.00	0.67	76.60	0.00	26.61	0.00	0.00	16.56	0.00	61.62	6.28	72	0	72	129.54	99.91	0.00	0.00	0.00	0.00	0.00	0.00	0.00	0.00	0.00	0.00	0.00	37.70	26.94	0.00	1.63	0.00	0.00
811	19.71	4087	3118	0.83	34	0	0	1	0	1	20	0	6	0	0	0.00	0.06	0.00	0.99	60.78	0.00	17.20	0.00	0.00	18.16	1.63	60.50	0.00	72	0	72	129.41	93.45	0.00	0.00	0.00	0.00	0.00	0.00	0.00	0.00	0.00	0.00	0.00	24.29	22.68	0.00	0.95	0.00	0.00
654	29.30	4091	1688	0.88	26	0	0	0	1	2	21	0	4	0	0	0.00	0.00	0.11	0.92	30.81	0.00	5.57	0.00	0.00	16.27	0.00	54.43	0.00	71	0	72	113.80	82.10	0.00	0.00	0.00	0.00	0.00	0.00	0.00	0.00	0.00	0.00	0.00	11.73	10.62	0.00	0.46	0.00	0.00
698	11.45	4084	4624	0.89	50	0	0	0	1	0	33	0	15	0	0	0.00	0.00	0.35	0.00	93.78	0.00	37.00	0.00	0.00	19.00	0.00	54.27	15.29	72	0	72	120.57	98.79	0.00	0.00	0.00	0.00	0.00	0.00	0.00	0.00	0.00	0.00	0.00	33.65	30.18	0.00	1.50	0.00	0.00
648	16.26	4088	3019	0.91	33	0	0	0	2	1	21	0	10	0	0	0.00	0.00	0.34	0.64	57.58	0.00	22.09	0.00	0.00	19.93	0.00	62.12	1.69	72	0	72	123.51	94.16	0.00	0.00	0.00	0.00	0.00	0.00	0.00	0.00	0.00	0.00	0.00	24.52	21.18	0.00	1.00	0.00	0.00
631	24.77	4091	1928	0.90	33	0	0	0	3	1	32	0	3	0	0	0.00	0.00	0.47	0.38	41.72	0.00	3.40	0.00	0.00	18.50	0.00	56.74	0.00	72	0	72	107.75	83.10	0.00	0.00	0.00	0.00	0.00	0.00	0.00	0.00	0.00	0.00	0.00	11.89	11.19	0.00	0.50	0.00	0.00
739	8.07	4078	6955	0.88	65	0	0	0	0	1	28	0	28	0	0	0.00	0.00	0.00	0.55	101.42	0.00	103.20	0.00	0.00	17.88	0.00	57.37	16.68	72	0	72	123.04	104.01	0.00	0.00	0.00	0.00	0.00	0.00	0.00	0.00	0.00	0.00	0.00	60.01	49.51	0.00	2.62	0.00	0.00
615	22.32	4091	2087	0.92	25	0	0	0	2	1	22	0	4	0	0	0.00	0.00	0.38	0.56	46.24	0.00	4.34	0.00	0.00	19.91	0.00	57.78	0.00	72	0	72	121.44	87.83	0.00	0.00	0.00	0.00	0.00	0.00	0.00	0.00	0.00	0.00	0.00	14.58	13.02	0.00	0.60	0.00	0.00
655	22.33	4091	2218	0.88	42	0	0	0	1	2	30	0	10	0	0	0.00	0.00	0.15	0.60	42.67	0.00	11.07	0.00	0.00	17.65	0.82	52.13	7.07	71	0	72	108.76	86.46	0.00	0.00	0.00	0.00	0.00	0.00	0.00	0.00	0.00	0.00	0.00	14.79	13.78	0.00	0.63	0.00	0.00
744	8.11	4080	6966	0.88	65	0	0	1	0	1	28	0	28	0	0	0.00	0.06	0.00	0.68	105.54	0.00	99.26	0.00	0.00	17.72	0.00	47.96	26.21	72	0	71	122.91	104.24	0.00	0.00	0.00	0.00	0.00	0.00	0.00	0.00	0.00	0.00	0.00	58.26	47.26	0.00	2.59	0.00	0.00
616	22.80	4091	2043	0.92	25	0	0	0	2	1	20	0	4	0	0	0.00	0.00	0.36	0.56	39.66	0.00	9.41	0.00	0.00	20.04	0.00	57.16	0.00	71	0	72	122.11	87.86	0.00	0.00	0.00	0.00	0.00	0.00	0.00	0.00	0.00	0.00	0.00	14.46	12.97	0.00	0.60	0.00	0.00
844	13.03	4083	4911	0.81	41	0	0	1	1	1	32	0	10	0	0	0.00	0.00	0.41	0.57	106.75	0.00	28.36	0.00	0.00	18.18	0.00	60.30	8.48	71	0	72	124.64	98.93	0.00	0.00	0.00	0.00	0.00	0.00	0.00	0.00	0.00	0.00	0.00	38.68	35.62	0.00	1.60	0.00	0.00
686	28.01	4091	1853	0.87	26	0	0	0	0	1	22	0	3	0	0	0.00	0.00	0.00	0.28	36.98	0.00	4.50	0.00	0.00	16.02	0.00	55.97	0.00	72	0	73	116.77	84.00	0.00	0.00	0.00	0.00	0.00	0.00	0.00	0.00	0.00	0.00	0.00	16.74	11.45	0.00	0.69	0.00	0.00
670	12.27	4087	4137	0.91	50	0	0	0	1	1	28	0	14	0	0	0.00	0.00	0.07	0.77	80.41	0.00	35.08	0.00	0.00	19.31	0.96	57.21	10.24	73	0	72	121.24	98.02	0.00	0.00	0.00	0.00	0.00	0.00	0.00	0.00	0.00	0.00	0.00	29.46	28.26	0.00	1.26	0.00	0.00
625	25.36	4091	1865	0.90	34	0	0	0	2	2	24	0	11	0	0	0.00	0.00	0.07	0.57	32.93	0.00	10.39	0.00	0.00	18.70	0.00	52.29	3.65	72	0	72	106.75	82.30	0.00	0.00	0.00	0.00	0.00	0.00	0.00	0.00	0.00	0.00	0.00	11.87	10.83	0.00	0.50	0.00	0.00
685	9.24	4083	5619	0.89	67	0	0	0	4	4	38	0	17	0	5	0.00	0.00	0.53	1.08	100.40	0.00	48.14	0.00	13.34	18.89	0.00	55.07	16.79	72	0	72	122.45	102.41	0.00	0.00	0.00	0.00	0.00	0.00	0.00	0.00	0.00	0.00	0.00	46.28	39.01	0.00	2.02	0.00	0.00
627	25.57	4092	1856	0.90	31	0	0	0	1	2	20	0	13	0	0	0.00	0.00	0.19	0.64	26.43	0.00	16.30	0.00	0.00	18.43	1.06	30.10	24.84	72	0	73	106.85	81.73	0.00	0.00	0.00	0.00	0.00	0.00	0.00	0.00	0.00	0.00	0.00	11.74	10.76	0.00	0.50	0.00	0.00
682	9.43	4082	5488	0.89	67	0	0	0	1	1	34	0	18	0	3	0.00	0.00	0.10	0.57	96.30	0.00	52.58	0.00	9.53	18.00	0.00	53.04	19.53	72	0	72	121.93	102.86	0.00	0.00	0.00	0.00	0.00	0.00	0.00	0.00	0.00	0.00	0.00	45.34	37.71	0.00	1.99	0.00	0.00
739	17.16	4090	3258	0.85	31	0	0	0	0	2	17	0	18	0	0	0.00	0.00	0.00	0.84	33.16	0.00	52.05	0.00	0.00	19.81	0.00	32.56	30.47	72	0	73	120.28	92.46	0.00	0.00	0.00	0.00	0.00	0.00	0.00	0.00	0.00	0.00	0.00	22.58	21.33	0.00	0.97	0.00	0.00
743	17.47	4087	3223	0.85	34	0	0	0	0	1	27	0	7	0	0	0.00	0.00	0.00	0.45	69.45	0.00	14.81	0.00	0.00	17.64	0.00	64.88	0.00	72	0	73	124.01	95.56	0.00	0.00	0.00	0.00	0.00	0.00	0.00	0.00	0.00	0.00	0.00	29.79	21.76	0.00	1.26	0.00	0.00
737	18.29	4087	3053	0.85	33	0	0	1	0	5	32	0	2	0	0	0.00	0.02	0.00	0.62	73.31	0.00	5.37	0.00	0.00	19.13	0.00	62.58	0.00	72	0	73	123.78	94.14	0.00	0.00	0.00	0.00	0.00	0.00	0.00	0.00	0.00	0.00	0.00	23.88	20.36	0.00	1.01	0.00	0.00
733	17.76	4088	3126	0.86	33	0	0	0	1	1	26	0	6	0	0	0.00	0.00	0.10	0.80	64.98	0.00	15.77	0.00	0.00	18.30	1.37	62.58	0.00	72	0	72	123.19	94.06	0.00	0.00	0.00	0.00	0.00	0.00	0.00	0.00	0.00	0.00	0.00	24.57	21.92	0.00	1.01	0.00	0.00
720	17.77	4090	3067	0.86	33	0	0	1	0	1	25	0	6	0	0	0.00	0.03	0.00	0.62	61.90	0.00	17.68	0.00	0.00	18.32	1.14	52.40	10.36	71	0	72	122.99	93.57	0.00	0.00	0.00	0.00	0.00	0.00	0.00	0.00	0.00	0.00	0.00	23.83	20.20	0.00	0.99	0.00	0.00
685	23.39	4090	2217	0.87	33	0	0	0	1	1	26	0	5	0	0	0.00	0.00	0.07	0.55	46.02	0.00	6.92	0.00	0.00	14.88	1.33	60.40	0.00	72	0	72	119.14	90.72	0.00	0.00	0.00	0.00	0.00	0.00	0.00	0.00	0.00	0.00	0.00	16.26	14.09	0.00	0.71	0.00	0.00
673	12.63	4084	4037	0.90	49	0	0	1	0	1	29	0	13	0	0	0.00	0.02	0.00	0.73	79.41	0.00	32.35	0.00	0.00	19.45	0.93	52.43	14.56	72	0	72	120.92	97.34	0.00	0.00	0.00	0.00	0.00	0.00	0.00	0.00	0.00	0.00	0.00	29.05	27.84	0.00	1.22	0.00	0.00
747	16.89	4088	3350	0.84	34	0	0	0	3	1	26	0	9	0	0	0.00	0.00	0.58	0.63	66.07	0.00	21.34	0.00	0.00	20.09	0.00	59.32	3.70	72	0	72	120.01	92.44	0.00	0.00	0.00	0.00	0.00	0.00	0.00	0.00	0.00	0.00	0.00	22.97	21.79	0.00	0.96	0.00	0.00
617	26.13	4092	1788	0.90	33	0	0	0	1	0	23	0	8	0	0	0.00	0.00	0.14	0.00	30.08	0.00	11.48	0.00	0.00	16.14	0.00	53.84	3.89	72	0	72	109.84	84.06	0.00	0.00	0.00	0.00	0.00	0.00	0.00	0.00	0.00	0.00	0.00	15.63	11.27	0.00	0.65	0.00	0.00
751	10.26	4084	5555	0.84	64	0	0	0	2	1	29	0	23	0	5	0.00	0.00	0.43	0.77	79.15	0.00	63.18	0.00	16.16	18.38	0.73	45.98	24.65	71	0	72	118.49	99.99	0.00	0.00	0.00	0.00	0.00	0.00	0.00	0.00	0.00	0.00	0.00	37.76	36.86	0.00	1.70	0.00	0.00
792	15.63	4088	3835	0.83	30	0	0	1	0	1	19	0	12	0	0	0.00	0.00	0.00	0.48	58.16	0.00	44.16	0.00	0.00	16.43	0.00	49.52	18.42	72	0	72	129.73	99.41	0.00	0.00	0.00	0.00	0.00	0.00	0.00	0.00	0.00	0.00	0.00	38.71	27.81	0.00	1.61	0.00	0.00
611	31.98	4092	1444	0.90	34	0	0	0	1	1	23	0	4	0	0	0.00	0.00	0.05	0.34	26.92	0.00	3.34	0.00	0.00	19.74	1.31	46.96	0.00	72	0	72	100.63	72.66	0.00	0.00	0.00	0.00	0.00	0.00	0.00	0.00	0.00	0.00	0.00	8.48	7.83	0.00	0.34	0.00	0.00
762	9.80	4082	5897	0.83	65	0	0	0	1	2	33	0	26	0	2	0.00	0.00	0.19	1.11	86.73	0.00	69.78	0.00	12.37	17.69	0.00	44.24	28.27	72	0	73	119.27	101.82	0.00	0.00	0.00	0.00	0.00	0.00	0.00	0.00	0.00	0.00	0.00	42.62	39.68	0.00	1.91	0.00	0.00
745	17.17	4089	3286	0.85	33	0	0	1	0	1	19	0	15	0	0	0.00	0.05	0.00	0.53	44.14	0.00	41.93	0.00	0.00	16.93	0.00	46.15	19.75	72	0	72	124.27	96.25	0.00	0.00	0.00	0.00	0.00	0.00	0.00	0.00	0.00	0.00	0.00	29.92	22.40	0.00	1.27	0.00	0.00
624	27.13	4091	1741	0.89	32	0	0	0	1	0	25	0	5	0	0	0.00	0.00	0.17	0.00	32.81	0.00	6.93	0.00	0.00	17.06	0.00	55.81	0.00	72	0	72	109.11	82.71	0.00	0.00	0.00	0.00	0.00	0.00	0.00	0.00	0.00	0.00	0.00	12.21	10.29	0.00	0.52	0.00	0.00
753	10.34	4085	5520	0.84	65	0	0	0	2	1	30	0	23	0	3	0.00	0.00	0.46	0.70	81.00	0.00	60.71	0.00	15.27	18.56	0.73	48.75	21.62	71	0	72	118.65	100.32	0.00	0.00	0.00	0.00	0.00	0.00	0.00	0.00	0.00	0.00	0.00	38.37	37.17	0.00	1.69	0.00	0.00
735	17.71	4089	3141	0.85	30	0	1	0	0	1	18	0	14	0	0	0.17	0.00	0.00	0.40	42.71	0.00	38.93	0.00	0.00	17.82	0.00	47.03	17.44	71	0	72	122.74	94.24	0.00	0.00	0.00	0.00	0.00	0.00	0.00	0.00	0.00	0.00	0.00	29.49	21.38	0.00	1.24	0.00	0.00
632	26.51	4091	1805	0.89	33	0	0	0	1	1	24	0	8	0	0	0.00	0.00	0.04	0.40	32.41	0.00	8.87	0.00	0.00	16.29	1.16	51.81	4.23	72	0	72	109.76	83.83	0.00	0.00	0.00	0.00	0.00	0.00	0.00	0.00	0.00	0.00	0.00	12.69	11.40	0.00	0.52	0.00	0.00
750	10.41	4084	5460	0.83	65	0	0	0	0	2	32	0	24	0	2	0.00	0.00	0.00	1.11	83.25	0.00	65.90	0.00	6.63	18.06	0.58	48.27	22.67	72	0	72	119.07	100.18	0.00	0.00	0.00	0.00	0.00	0.00	0.00	0.00	0.00	0.00	0.00	38.75	37.15	0.00	1.71	0.00	0.00
741	17.71	4089	3166	0.86	32	0	0	0	1	1	18	0	14	0	0	0.00	0.00	0.10	0.57	43.19	0.00	38.99	0.00	0.00	17.64	0.00	41.10	23.54	71	0	72	123.62	95.21	0.00	0.00	0.00	0.00	0.00	0.00	0.00	0.00	0.00	0.00	0.00	29.29	21.00	0.00	1.24	0.00	0.00
728	17.77	4090	3100	0.85	34	0	0	0	1	1	22	0	9	0	0	0.00	0.00	0.10	0.80	54.69	0.00	25.75	0.00	0.00	18.02	1.35	58.53	4.34	72	0	72	123.67	94.43	0.00	0.00	0.00	0.00	0.00	0.00	0.00	0.00	0.00	0.00	0.00	24.52	21.39	0.00	1.00	0.00	0.00
614	17.22	4087	2702	0.91	66	0	0	0	1	1	36	0	20	0	3	0.00	0.00	0.07	0.37	43.52	0.00	25.37	0.00	1.86	19.07	0.73	46.25	16.74	71	0	72	106.77	89.61	0.00	0.00	0.00	0.00	0.00	0.00	0.00	0.00	0.00	0.00	0.00	17.81	16.43	0.00	0.78	0.00	0.00
753	13.99	4083	4079	0.84	40	0	0	0	1	0	17	0	25	0	1	0.00	0.00	0.31	0.00	38.33	0.00	73.31	0.00	0.23	15.13	0.00	33.70	37.18	72	0	72	126.91	102.13	0.00	0.00	0.00	0.00	0.00	0.00	0.00	0.00	0.00	0.00	0.00	35.93	29.54	0.00	1.54	0.00	0.00
652	25.84	4090	1910	0.88	34	0	0	0	1	3	27	0	5	0	0	0.00	0.00	0.07	0.26	35.74	0.00	8.61	0.00	0.00	15.16	0.00	49.02	9.98	71	0	72	116.26	88.48	0.00	0.00	0.00	0.00	0.00	0.00	0.00	0.00	0.00	0.00	0.00	14.01	11.91	0.00	0.58	0.00	0.00
739	11.54	4086	4852	0.85	57	0	0	0	0	2	37	0	16	0	0	0.00	0.00	0.00	1.19	97.98	0.00	38.42	0.00	0.00	19.77	0.67	53.63	14.38	71	0	72	117.25	97.45	0.00	0.00	0.00	0.00	0.00	0.00	0.00	0.00	0.00	0.00	0.00	32.34	31.44	0.00	1.43	0.00	0.00
741	17.19	4087	3263	0.85	33	0	0	0	1	1	27	0	7	0	0	0.00	0.00	0.15	0.63	69.35	0.00	16.20	0.00	0.00	17.68	0.00	65.13	0.00	71	0	73	125.46	96.54	0.00	0.00	0.00	0.00	0.00	0.00	0.00	0.00	0.00	0.00	0.00	30.24	22.70	0.00	1.26	0.00	0.00
738	18.27	4087	3061	0.85	34	0	0	1	1	5	30	0	2	0	0	0.00	0.00	0.05	0.63	73.34	0.00	5.43	0.00	0.00	18.84	0.00	62.89	0.00	71	0	72	123.20	93.70	0.00	0.00	0.00	0.00	0.00	0.00	0.00	0.00	0.00	0.00	0.00	24.18	20.41	0.00	1.03	0.00	0.00
736	18.04	4088	3088	0.86	33	0	0	0	1	1	25	0	6	0	0	0.00	0.00	0.07	0.80	62.07	0.00	17.72	0.00	0.00	17.82	1.46	58.28	4.40	71	0	72	123.73	94.45	0.00	0.00	0.00	0.00	0.00	0.00	0.00	0.00	0.00	0.00	0.00	24.66	21.52	0.00	0.99	0.00	0.00
722	17.71	4090	3084	0.86	35	0	0	1	1	1	25	0	6	0	0	0.00	0.05	0.10	0.75	61.95	0.00	17.79	0.00	0.00	18.16	1.37	56.83	5.92	72	0	73	122.98	94.07	0.00	0.00	0.00	0.00	0.00	0.00	0.00	0.00	0.00	0.00	0.00	23.47	20.33	0.00	1.01	0.00	0.00
734	17.75	4088	3130	0.86	33	0	0	0	1	1	26	0	7	0	0	0.00	0.00	0.12	0.85	65.88	0.00	15.08	0.00	0.00	18.36	1.42	57.91	4.56	72	0	72	123.89	94.34	0.00	0.00	0.00	0.00	0.00	0.00	0.00	0.00	0.00	0.00	0.00	23.11	20.47	0.00	1.01	0.00	0.00
723	17.85	4090	3067	0.86	33	0	0	1	0	1	28	0	3	0	0	0.00	0.00	0.00	0.67	74.71	0.00	4.77	0.00	0.00	18.63	1.09	62.43	0.00	71	0	72	123.09	93.54	0.00	0.00	0.00	0.00	0.00	0.00	0.00	0.00	0.00	0.00	0.00	24.68	21.08	0.00	1.01	0.00	0.00
682	23.13	4089	2234	0.87	33	0	0	0	1	1	24	0	8	0	0	0.00	0.00	0.07	0.56	38.29	0.00	15.30	0.00	0.00	15.04	1.29	54.86	5.68	72	0	72	119.20	90.89	0.00	0.00	0.00	0.00	0.00	0.00	0.00	0.00	0.00	0.00	0.00	16.21	14.35	0.00	0.69	0.00	0.00
686	12.61	4086	4118	0.89	51	0	0	0	0	1	29	0	13	0	0	0.00	0.00	0.00	0.68	81.86	0.00	32.56	0.00	0.00	19.11	0.84	56.19	11.25	72	0	72	120.42	97.44	0.00	0.00	0.00	0.00	0.00	0.00	0.00	0.00	0.00	0.00	0.00	29.86	27.73	0.00	1.27	0.00	0.00
718	13.61	4083	3999	0.90	33	0	0	0	2	2	25	0	6	0	0	0.00	0.00	0.70	1.34	91.95	0.00	16.24	0.00	0.00	20.55	0.00	65.84	0.00	73	0	73	128.64	97.91	0.00	0.00	0.00	0.00	0.00	0.00	0.00	0.00	0.00	0.00	0.00	31.93	28.23	0.00	1.35	0.00	0.00
725	18.33	4064	3012	0.68	25	0	0	1	11	7	33	0	5	0	0	0.00	0.06	4.54	3.02	57.73	0.00	11.56	0.00	0.00	33.34	2.28	46.05	0.00	66	0	69	140.10	86.07	0.00	0.00	0.00	0.00	0.00	0.00	0.00	0.00	0.00	0.00	0.00	21.97	20.66	0.00	1.05	0.00	0.00
709	17.39	4022	3137	0.72	34	0	1	1	25	7	38	0	0	0	0	0.08	0.03	9.71	3.43	66.93	0.00	0.00	0.00	0.00	42.20	4.19	36.21	0.00	63	0	65	151.59	86.38	0.00	0.00	0.00	0.00	0.00	0.00	0.00	0.00	0.00	0.00	0.00	29.02	24.45	0.00	1.36	0.00	0.00
909	22.61	4011	3105	0.62	27	0	0	5	43	17	47	0	0	0	0	0.00	0.45	11.57	10.01	51.18	0.00	0.00	0.00	0.00	47.41	5.94	24.04	0.00	63	0	63	153.57	82.59	0.00	0.00	0.00	0.00	0.00	0.00	0.00	0.00	0.00	0.00	0.00	23.51	23.03	0.00	1.18	0.00	0.00
933	22.32	3925	3299	0.65	37	0	0	14	60	9	21	0	0	0	0	0.00	9.21	31.72	6.26	33.32	0.00	0.00	0.00	0.00	71.49	4.06	2.13	0.00	64	0	64	163.26	92.28	0.00	0.00	0.00	0.00	0.00	0.00	0.00	0.00	0.00	0.00	0.00	36.21	28.08	0.00	1.45	0.00	0.00
525	13.44	3915	3087	0.82	26	0	0	0	5	6	22	0	0	0	0	0.00	0.00	2.90	12.03	71.12	0.00	0.00	0.00	0.00	21.03	11.07	54.46	0.00	62	0	62	122.29	70.38	0.00	0.00	3.89	20.06	0.00	0.00	0.00	0.00	0.00	0.00	0.00	21.78	17.65	0.00	1.23	0.00	0.00
329	8.45	3899	3090	0.87	25	0	0	0	2	1	29	0	0	0	0	0.00	0.00	0.85	1.42	89.28	0.00	0.00	0.00	0.00	14.24	2.24	75.07	0.00	60	0	60	68.09	60.80	0.00	0.00	5.78	24.95	0.00	0.00	0.00	0.00	0.00	0.00	0.00	15.21	11.70	0.00	1.07	0.00	0.00
367	9.42	3900	3096	0.80	21	0	0	0	1	1	31	0	0	0	0	0.00	0.00	0.30	0.96	89.48	0.00	0.00	0.00	0.00	15.83	0.00	74.76	0.00	59	0	60	73.35	61.46	0.00	0.00	4.07	26.37	0.00	0.00	0.00	0.00	0.00	0.00	0.00	13.73	11.22	0.00	1.03	0.00	0.00
317	8.12	3901	3097	0.88	29	0	0	0	1	1	29	0	0	0	0	0.00	0.00	0.24	0.91	90.91	0.00	0.00	0.00	0.00	14.13	0.00	77.76	0.00	59	0	59	67.00	60.05	0.00	0.00	4.08	27.19	0.00	0.00	0.00	0.00	0.00	0.00	0.00	13.45	9.55	0.00	1.09	0.00	0.00
325	8.31	3898	3109	0.87	17	0	0	0	1	1	29	0	0	0	0	0.00	0.00	0.42	1.11	90.72	0.00	0.00	0.00	0.00	14.92	0.00	76.77	0.00	58	0	59	67.16	60.28	0.00	0.00	3.96	27.62	0.00	0.00	0.00	0.00	0.00	0.00	0.00	13.94	10.16	0.00	1.06	0.00	0.00
313	8.07	3902	3072	0.88	25	0	0	1	0	1	31	0	1	0	0	0.00	0.00	0.00	0.98	86.05	0.00	4.32	0.00	0.00	13.92	1.68	76.33	0.00	57	0	59	64.49	60.11	0.00	0.00	3.90	27.53	0.00	0.00	0.00	0.00	0.00	0.00	0.00	11.20	10.39	0.00	0.82	0.00	0.00
775	19.90	3900	3089	0.81	46	0	0	0	4	3	56	0	0	0	0	0.00	0.00	1.01	2.74	76.43	0.00	0.00	0.00	0.00	26.07	4.91	49.11	0.00	58	0	58	149.51	97.50	0.00	0.00	0.00	0.00	0.00	0.00	0.00	0.00	0.00	0.00	0.00	24.15	19.33	0.00	1.45	0.00	0.00
684	21.24	3900	2557	0.93	33	0	0	1	2	2	39	0	0	0	0	0.00	0.02	0.26	0.96	63.92	0.00	0.00	0.00	0.00	16.84	2.02	59.90	0.00	58	0	58	109.92	65.73	0.00	0.00	0.00	0.00	0.00	0.00	0.00	0.00	0.00	0.00	0.00	9.98	12.29	0.00	0.48	0.00	0.00
426	8.26	3902	4095	0.70	49	0	0	0	1	2	40	0	0	0	0	0.00	0.00	0.10	2.37	119.08	0.00	0.00	0.00	0.00	19.85	2.05	69.84	0.00	58	0	58	132.88	111.21	0.00	0.00	1.48	22.52	0.00	0.00	0.00	0.00	0.00	0.00	0.00	37.80	28.20	0.00	2.54	0.00	0.00
317	8.09	3900	3111	0.87	26	0	0	1	1	2	27	0	0	0	0	0.00	0.00	0.17	2.06	90.25	0.00	0.00	0.00	0.00	13.52	1.70	76.69	0.00	57	0	57	66.47	61.17	0.00	0.00	1.94	29.41	0.00	0.00	0.00	0.00	0.00	0.00	0.00	13.83	9.70	0.00	1.09	0.00	0.00
321	8.23	3900	3096	0.87	24	0	0	1	1	1	28	0	0	0	0	0.00	0.03	0.51	1.06	90.28	0.00	0.00	0.00	0.00	13.14	1.84	76.79	0.00	57	0	57	65.88	61.25	0.00	0.00	2.04	26.44	0.00	0.00	0.00	0.00	0.00	0.00	0.00	14.37	10.94	0.00	1.07	0.00	0.00
315	8.08	3900	3094	0.88	25	0	0	0	1	1	26	0	2	0	0	0.00	0.00	0.44	1.08	84.86	0.00	5.59	0.00	0.00	13.55	1.53	76.84	0.00	57	0	57	65.41	60.62	0.00	0.00	4.03	26.99	0.00	0.00	0.00	0.00	0.00	0.00	0.00	14.05	10.64	0.00	1.03	0.00	0.00
322	8.29	3899	3088	0.87	26	0	0	0	0	1	28	0	2	0	0	0.00	0.00	0.00	0.65	84.45	0.00	6.54	0.00	0.00	13.94	0.00	77.76	0.00	56	0	57	66.64	60.15	0.00	0.00	4.14	27.24	0.00	0.00	0.00	0.00	0.00	0.00	0.00	12.24	8.75	0.00	1.04	0.00	0.00
334	8.65	3898	3067	0.86	25	0	0	0	1	1	27	0	4	0	0	0.00	0.00	0.27	0.93	80.16	0.00	9.27	0.00	0.00	14.45	0.00	76.90	0.00	56	0	56	68.01	60.35	0.00	0.00	5.80	25.09	0.00	0.00	0.00	0.00	0.00	0.00	0.00	12.41	9.52	0.00	1.06	0.00	0.00
304	8.17	3752	3071	0.87	25	0	0	0	1	1	27	0	2	0	0	0.00	0.00	0.39	1.04	83.24	0.00	6.49	0.00	0.00	14.32	0.00	77.51	0.00	56	0	56	65.93	60.71	0.00	0.00	3.84	26.33	0.00	0.00	0.00	0.00	0.00	0.00	0.00	12.04	8.46	0.00	1.01	0.00	0.00
319	8.84	3600	3107	0.85	25	0	0	0	2	3	25	0	4	0	0	0.00	0.00	0.46	2.96	77.34	0.00	10.87	0.00	0.00	14.27	3.31	73.58	0.00	56	0	56	68.31	62.98	0.00	0.00	3.85	25.74	0.00	0.00	0.00	0.00	0.00	0.00	0.00	11.36	9.04	0.00	0.99	0.00	0.00
