Avg_MHz	Busy%	Bzy_MHz	TSC_MHz	IPC	IRQ	SMI	POLL	C1	C1E	C3	C6	C7s	C8	C9	C10	POLL%	C1%	C1E%	C3%	C6%	C7s%	C8%	C9%	C10%	CPU%c1	CPU%c3	CPU%c6	CPU%c7	CoreTmp	CoreThr	PkgTmp	Totl%C0	Any%C0	GFX%C0	CPUGFX%	Pkg%pc2	Pkg%pc3	Pkg%pc6	Pkg%pc7	Pkg%pc8	Pkg%pc9	Pk%pc10	CPU%LPI	SYS%LPI	PkgWatt	CorWatt	GFXWatt	RAMWatt	PKG_%	RAM_%
202	12.35	1599	3163	0.78	84	0	0	5	3	4	37	0	1	0	0	0.00	5.81	3.14	5.12	73.87	0.00	1.96	0.00	0.00	23.89	6.62	57.13	0.00	49	0	49	100.81	82.23	0.00	0.00	1.93	12.04	0.00	0.00	0.00	0.00	0.00	0.00	0.00	6.58	2.92	0.00	1.17	0.00	0.00
236	14.60	1601	3122	0.87	41	0	0	0	2	4	42	0	2	0	0	0.00	0.00	0.49	2.65	79.96	0.00	3.40	0.00	0.00	17.74	2.77	64.89	0.00	49	0	49	90.54	79.98	0.00	0.00	3.14	13.42	0.00	0.00	0.00	0.00	0.00	0.00	0.00	5.06	2.43	0.00	0.98	0.00	0.00
356	23.25	1600	2966	0.83	52	0	0	0	1	3	45	0	0	0	0	0.00	0.00	0.21	0.94	72.72	0.00	0.00	0.00	0.00	25.72	1.53	49.49	0.00	50	0	49	171.18	98.36	0.00	0.00	0.00	0.00	0.00	0.00	0.00	0.00	0.00	0.00	0.00	5.93	3.60	0.00	1.07	0.00	0.00
433	26.26	1600	3194	0.85	44	0	0	0	6	3	46	0	2	0	0	0.00	0.00	1.37	1.19	70.66	0.00	3.24	0.00	0.00	29.32	1.94	42.48	0.00	49	0	50	221.96	99.22	0.00	0.00	0.00	0.00	0.00	0.00	0.00	0.00	0.00	0.00	0.00	8.63	4.90	0.00	1.32	0.00	0.00
345	21.52	1600	3105	0.88	49	0	0	1	1	3	40	0	2	0	0	0.00	0.05	0.13	1.08	74.40	0.00	3.36	0.00	0.00	21.98	0.86	55.65	0.00	49	0	50	181.34	99.67	0.00	0.00	0.00	0.00	0.00	0.00	0.00	0.00	0.00	0.00	0.00	7.85	4.08	0.00	1.24	0.00	0.00
399	27.08	1600	2848	0.98	50	0	0	1	1	1	33	0	11	0	0	0.00	0.00	0.21	0.31	51.15	0.00	15.70	0.00	0.00	21.63	0.00	48.30	2.99	49	0	50	155.81	87.55	0.00	0.00	0.00	0.00	0.00	0.00	0.00	0.00	0.00	0.00	0.00	5.37	3.39	0.00	0.79	0.00	0.00
380	22.21	1600	3311	0.69	49	0	0	1	4	9	47	0	8	0	0	0.00	0.03	0.66	3.92	67.55	0.00	11.49	0.00	0.00	25.30	3.97	48.51	0.00	50	0	50	179.13	111.48	0.00	0.00	0.00	0.00	0.00	0.00	0.00	0.00	0.00	0.00	0.00	8.26	4.39	0.00	1.39	0.00	0.00
398	27.30	1600	2823	0.68	52	0	0	3	12	7	53	0	4	0	2	0.00	0.07	3.56	2.28	53.28	0.00	5.67	0.00	1.82	35.26	4.23	33.21	0.00	49	0	49	179.04	89.79	0.00	0.00	0.00	0.00	0.00	0.00	0.00	0.00	0.00	0.00	0.00	6.77	3.73	0.00	0.99	0.00	0.00
399	22.41	1600	3445	0.67	55	0	0	2	12	8	62	0	1	0	0	0.00	0.09	5.60	4.37	75.11	0.00	1.65	0.00	0.00	31.14	5.17	41.27	0.00	49	0	49	194.99	111.11	0.00	0.00	0.00	0.00	0.00	0.00	0.00	0.00	0.00	0.00	0.00	8.69	4.96	0.00	1.36	0.00	0.00
438	27.56	1600	3079	0.60	50	0	0	1	47	25	56	0	0	0	0	0.00	0.00	13.72	9.02	49.97	0.00	0.00	0.00	0.00	45.59	5.28	21.57	0.00	49	0	49	200.95	97.16	0.00	0.00	0.00	0.00	0.00	0.00	0.00	0.00	0.00	0.00	0.00	6.87	4.56	0.00	0.96	0.00	0.00
408	25.83	1600	3056	0.63	50	0	0	1	14	16	57	0	0	0	0	0.00	0.02	3.96	8.59	61.13	0.00	0.00	0.00	0.00	33.19	9.04	31.93	0.00	49	0	50	202.59	99.42	0.00	0.00	0.00	0.00	0.00	0.00	0.00	0.00	0.00	0.00	0.00	7.68	4.52	0.00	1.06	0.00	0.00
325	23.54	1600	2674	0.47	100	0	0	29	23	20	89	0	18	0	8	0.00	8.27	0.52	1.08	41.10	0.00	9.31	0.00	6.02	32.01	1.15	42.05	1.25	50	0	49	101.38	50.62	0.00	0.00	0.00	0.00	0.00	0.00	0.00	0.00	0.00	0.00	0.00	3.47	1.96	0.00	0.54	0.00	0.00
482	21.55	1600	4325	0.80	196	0	0	9	2	1	59	0	3	0	2	0.00	12.53	0.17	0.30	89.31	0.00	4.29	0.00	3.39	35.15	0.00	43.31	0.00	49	0	49	293.98	190.59	0.00	0.00	0.00	0.00	0.00	0.00	0.00	0.00	0.00	0.00	0.00	16.81	8.87	0.00	2.86	0.00	0.00
221	15.43	1600	2771	0.12	49	0	0	1	3	4	70	0	47	0	23	0.00	0.01	0.03	0.12	14.13	0.00	10.03	0.00	51.50	4.51	0.00	18.26	61.80	49	0	49	21.15	13.02	0.00	0.00	0.00	0.00	0.00	0.00	0.00	0.00	0.00	0.00	0.00	0.86	0.44	0.00	0.14	0.00	0.00
344	17.93	2589	2296	0.03	235	0	0	1	0	5	89	0	84	0	33	0.00	0.00	0.00	0.04	6.10	0.00	6.20	0.00	48.55	20.57	0.05	8.64	52.81	54	0	50	90.46	82.80	0.00	0.00	0.00	0.00	0.00	0.00	0.00	0.00	0.00	0.00	0.00	3.19	1.27	0.00	0.62	0.00	0.00
395	3.04	2094	19226	0.72	437	0	0	0	0	1	106	0	58	0	38	0.00	0.00	0.00	0.30	131.14	0.00	77.02	0.00	394.14	11.39	0.09	35.65	49.83	50	0	50	223.33	212.51	0.00	0.00	0.00	0.00	0.00	0.00	0.00	0.00	0.00	0.00	0.00	125.22	83.94	0.00	13.34	0.00	0.00
371	18.87	1631	3734	0.76	61	0	0	1	0	1	24	0	22	0	2	0.00	0.02	0.00	0.45	46.57	0.00	45.73	0.00	5.42	19.18	0.63	41.74	19.57	50	0	50	177.42	116.91	0.00	0.00	0.00	0.00	0.00	0.00	0.00	0.00	0.00	0.00	0.00	9.64	5.09	0.00	1.46	0.00	0.00
374	23.24	1600	3112	0.77	48	0	0	0	0	0	26	0	17	0	0	0.00	0.00	0.00	0.00	41.48	0.00	36.02	0.00	0.00	22.57	0.00	45.80	8.39	50	0	50	171.01	99.62	0.00	0.00	0.00	0.00	0.00	0.00	0.00	0.00	0.00	0.00	0.00	6.18	3.81	0.00	0.94	0.00	0.00
307	26.28	1600	2262	0.75	43	0	0	0	3	0	36	0	14	0	0	0.00	0.00	0.36	0.00	38.37	0.00	15.35	0.00	0.00	19.28	0.00	48.30	6.14	50	0	51	127.34	73.84	0.00	0.00	0.00	0.00	0.00	0.00	0.00	0.00	0.00	0.00	0.00	4.03	1.98	0.00	0.59	0.00	0.00
378	16.37	1600	4467	0.74	82	0	0	0	0	2	30	0	33	0	0	0.00	0.00	0.00	0.78	57.10	0.00	63.29	0.00	0.00	20.80	0.56	47.95	14.32	50	0	50	175.08	122.12	0.00	0.00	0.00	0.00	0.00	0.00	0.00	0.00	0.00	0.00	0.00	11.05	5.76	0.00	1.75	0.00	0.00
388	23.45	1600	3200	0.75	50	0	0	0	3	2	25	0	16	0	2	0.00	0.00	0.47	0.20	45.49	0.00	30.83	0.00	2.46	21.78	0.00	34.37	20.40	50	0	50	171.14	101.64	0.00	0.00	0.00	0.00	0.00	0.00	0.00	0.00	0.00	0.00	0.00	7.39	3.92	0.00	1.09	0.00	0.00
371	23.25	1600	3084	0.76	50	0	0	0	1	3	39	0	6	0	0	0.00	0.00	0.04	0.31	66.74	0.00	9.71	0.00	0.00	22.73	0.00	48.44	5.57	51	0	50	170.05	99.77	0.00	0.00	0.00	0.00	0.00	0.00	0.00	0.00	0.00	0.00	0.00	5.98	3.56	0.00	0.90	0.00	0.00
368	23.09	1600	3083	0.77	42	0	0	0	1	2	33	0	6	0	0	0.00	0.00	0.05	0.90	64.79	0.00	11.13	0.00	0.00	21.88	0.89	50.95	3.20	50	0	50	172.32	99.91	0.00	0.00	0.00	0.00	0.00	0.00	0.00	0.00	0.00	0.00	0.00	7.66	3.97	0.00	1.08	0.00	0.00
371	22.95	1600	3125	0.77	50	0	0	0	1	2	30	0	10	0	0	0.00	0.00	0.20	1.09	58.61	0.00	18.17	0.00	0.00	22.39	1.03	51.74	1.88	51	0	50	170.63	100.26	0.00	0.00	0.00	0.00	0.00	0.00	0.00	0.00	0.00	0.00	0.00	6.22	3.81	0.00	0.92	0.00	0.00
272	20.47	1600	2576	0.77	42	0	0	0	1	1	32	0	14	0	0	0.00	0.00	0.09	0.33	45.81	0.00	20.19	0.00	0.00	23.88	0.00	48.59	7.06	50	0	51	150.53	87.59	0.00	0.00	0.00	0.00	0.00	0.00	0.00	0.00	0.00	0.00	0.00	5.44	2.78	0.00	0.79	0.00	0.00
446	22.68	1600	3809	0.76	67	0	0	0	3	3	31	0	18	0	0	0.00	0.00	0.54	0.94	57.67	0.00	36.37	0.00	0.00	19.27	1.09	38.90	18.06	50	0	50	172.40	111.22	0.00	0.00	0.00	0.00	0.00	0.00	0.00	0.00	0.00	0.00	0.00	9.53	4.60	0.00	1.46	0.00	0.00
345	23.39	1600	2850	0.77	51	0	0	0	1	0	35	0	10	0	0	0.00	0.00	0.12	0.00	56.31	0.00	14.38	0.00	0.00	22.90	0.00	52.38	1.33	50	0	50	155.21	90.64	0.00	0.00	0.00	0.00	0.00	0.00	0.00	0.00	0.00	0.00	0.00	5.09	3.15	0.00	0.75	0.00	0.00
319	22.13	1600	2791	0.77	48	0	0	0	0	2	35	0	13	0	3	0.00	0.00	0.00	0.67	49.62	0.00	17.42	0.00	2.75	21.82	0.63	49.62	5.81	50	0	51	145.81	89.61	0.00	0.00	0.00	0.00	0.00	0.00	0.00	0.00	0.00	0.00	0.00	5.75	2.77	0.00	0.87	0.00	0.00
328	20.12	1600	3152	0.76	64	0	0	1	0	4	37	0	22	0	1	0.00	0.03	0.00	0.25	46.95	0.00	32.43	0.00	1.99	20.85	0.00	42.19	16.84	50	0	50	153.96	101.20	0.00	0.00	0.00	0.00	0.00	0.00	0.00	0.00	0.00	0.00	0.00	6.57	3.54	0.00	1.02	0.00	0.00
326	20.40	1600	3088	0.76	63	0	0	0	1	1	32	0	21	0	3	0.00	0.00	0.18	0.34	46.26	0.00	30.57	0.00	2.33	20.84	0.60	41.37	16.79	51	0	50	152.69	99.63	0.00	0.00	0.00	0.00	0.00	0.00	0.00	0.00	0.00	0.00	0.00	6.59	3.34	0.00	1.02	0.00	0.00
320	20.25	1600	3060	0.77	63	0	0	1	0	1	26	0	29	0	2	0.00	0.02	0.00	0.34	36.16	0.00	40.47	0.00	2.12	20.83	0.58	41.85	16.49	50	0	50	151.32	99.04	0.00	0.00	0.00	0.00	0.00	0.00	0.00	0.00	0.00	0.00	0.00	6.31	3.27	0.00	0.99	0.00	0.00
325	19.98	1600	3145	0.76	64	0	0	0	2	2	37	0	19	0	2	0.00	0.00	0.14	0.14	50.46	0.00	28.40	0.00	2.44	20.71	0.00	48.36	10.95	50	0	51	153.22	101.14	0.00	0.00	0.00	0.00	0.00	0.00	0.00	0.00	0.00	0.00	0.00	6.70	3.52	0.00	1.03	0.00	0.00
377	19.23	1600	3794	0.77	64	0	0	1	0	1	29	0	20	0	0	0.00	0.02	0.00	0.49	57.54	0.00	41.31	0.00	0.00	19.44	0.68	46.86	13.79	50	0	51	179.37	117.57	0.00	0.00	0.00	0.00	0.00	0.00	0.00	0.00	0.00	0.00	0.00	9.42	4.84	0.00	1.45	0.00	0.00
366	26.32	1875	2295	0.75	44	0	0	0	0	0	26	0	21	0	2	0.00	0.00	0.00	0.00	28.47	0.00	24.64	0.00	1.63	17.96	0.00	44.92	10.81	51	0	51	123.47	73.26	0.00	0.00	0.00	0.00	0.00	0.00	0.00	0.00	0.00	0.00	0.00	3.85	2.34	0.00	0.53	0.00	0.00
547	14.14	2271	5274	0.75	79	0	0	0	2	1	28	0	27	0	1	0.00	0.00	0.33	0.69	73.47	0.00	71.38	0.00	0.76	19.76	0.71	45.93	19.47	51	0	51	174.98	130.17	0.00	0.00	0.00	0.00	0.00	0.00	0.00	0.00	0.00	0.00	0.00	16.95	11.03	0.00	2.15	0.00	0.00
540	21.99	2400	3168	0.75	35	0	0	0	1	2	20	0	12	0	0	0.00	0.00	0.33	0.98	48.15	0.00	30.60	0.00	0.00	21.27	0.00	38.18	18.56	52	0	52	163.10	101.12	0.00	0.00	0.00	0.00	0.00	0.00	0.00	0.00	0.00	0.00	0.00	10.22	7.52	0.00	1.01	0.00	0.00
608	22.32	2582	3269	0.77	34	0	1	0	1	6	27	0	4	0	0	0.06	0.00	0.03	3.20	70.77	0.00	8.15	0.00	0.00	21.33	3.52	52.20	0.64	53	0	52	166.12	102.37	0.00	0.00	0.00	0.00	0.00	0.00	0.00	0.00	0.00	0.00	0.00	11.55	8.14	0.00	1.11	0.00	0.00
603	21.54	2800	3097	0.77	36	0	0	0	2	1	23	0	5	0	0	0.00	0.00	0.47	1.08	64.51	0.00	12.59	0.00	0.00	21.07	1.93	55.46	0.00	53	0	53	159.81	99.92	0.00	0.00	0.00	0.00	0.00	0.00	0.00	0.00	0.00	0.00	0.00	13.44	9.09	0.00	1.12	0.00	0.00
629	21.29	2843	3215	0.79	28	0	0	0	1	1	22	0	6	0	0	0.00	0.00	0.47	0.70	66.13	0.00	14.56	0.00	0.00	21.74	0.00	54.73	2.24	53	0	53	162.53	101.85	0.00	0.00	0.00	0.00	0.00	0.00	0.00	0.00	0.00	0.00	0.00	10.70	9.39	0.00	0.89	0.00	0.00
657	20.74	3178	3084	0.78	34	0	0	0	0	2	22	0	4	0	0	0.00	0.00	0.00	1.91	67.86	0.00	9.26	0.00	0.00	20.80	3.31	55.15	0.00	54	0	54	155.58	99.91	0.00	0.00	0.00	0.00	0.00	0.00	0.00	0.00	0.00	0.00	0.00	17.31	12.27	0.00	1.20	0.00	0.00
673	20.91	3200	3113	0.78	26	0	0	0	2	1	23	0	3	0	0	0.00	0.00	0.76	0.61	73.36	0.00	4.91	0.00	0.00	21.12	0.00	57.98	0.00	55	0	55	155.89	99.59	0.00	0.00	0.00	0.00	0.00	0.00	0.00	0.00	0.00	0.00	0.00	13.58	11.71	0.00	0.92	0.00	0.00
585	25.44	3460	2058	0.76	26	0	0	0	2	2	24	0	10	0	0	0.00	0.00	0.21	0.83	37.13	0.00	11.45	0.00	0.00	15.55	1.17	52.29	5.56	56	0	55	104.06	67.15	0.00	0.00	0.00	0.00	0.00	0.00	0.00	0.00	0.00	0.00	0.00	6.46	6.05	0.00	0.42	0.00	0.00
726	13.27	3654	4634	0.76	58	0	0	0	0	0	33	0	15	0	0	0.00	0.00	0.00	0.00	86.40	0.00	43.63	0.00	0.00	19.56	0.00	53.68	13.49	57	0	57	152.90	121.10	0.00	0.00	0.00	0.00	0.00	0.00	0.00	0.00	0.00	0.00	0.00	34.18	24.84	0.00	2.02	0.00	0.00
717	18.52	3925	3054	0.77	33	0	0	0	1	1	26	0	6	0	0	0.00	0.00	0.17	0.70	66.53	0.00	12.29	0.00	0.00	20.08	1.21	58.23	1.96	59	0	58	136.96	96.98	0.00	0.00	0.00	0.00	0.00	0.00	0.00	0.00	0.00	0.00	0.00	21.10	17.60	0.00	1.02	0.00	0.00
720	17.83	3996	3126	0.78	33	0	0	1	1	0	29	0	4	0	0	0.00	0.03	0.10	0.00	71.17	0.00	10.96	0.00	0.00	20.23	0.00	61.94	0.00	59	0	59	135.29	97.18	0.00	0.00	0.00	0.00	0.00	0.00	0.00	0.00	0.00	0.00	0.00	23.49	20.35	0.00	1.03	0.00	0.00
759	16.08	4066	3596	0.79	33	0	0	0	1	0	25	0	6	0	0	0.00	0.00	0.19	0.00	78.40	0.00	17.59	0.00	0.00	22.43	0.00	59.41	2.09	61	0	60	144.30	103.17	0.00	0.00	0.00	0.00	0.00	0.00	0.00	0.00	0.00	0.00	0.00	28.84	24.88	0.00	1.28	0.00	0.00
752	18.03	4089	3156	0.78	33	0	0	0	1	0	26	0	1	0	0	0.00	0.00	0.16	0.00	78.01	0.00	4.01	0.00	0.00	22.24	0.00	59.73	0.00	61	0	61	141.88	95.16	0.00	0.00	0.00	0.00	0.00	0.00	0.00	0.00	0.00	0.00	0.00	24.51	23.44	0.00	0.97	0.00	0.00
717	19.85	4091	2735	0.75	26	0	0	0	1	2	22	0	6	0	0	0.00	0.00	0.32	1.57	54.42	0.00	13.08	0.00	0.00	23.39	1.45	55.32	0.00	61	0	61	120.89	80.44	0.00	0.00	0.00	0.00	0.00	0.00	0.00	0.00	0.00	0.00	0.00	18.64	16.43	0.00	0.76	0.00	0.00
709	17.18	4091	3121	0.77	33	0	0	0	2	5	32	0	2	0	0	0.00	0.00	0.25	1.13	75.36	0.00	5.63	0.00	0.00	21.89	0.00	60.93	0.00	62	0	62	132.53	94.70	0.00	0.00	0.00	0.00	0.00	0.00	0.00	0.00	0.00	0.00	0.00	24.05	20.86	0.00	1.01	0.00	0.00
734	18.29	4089	3040	0.76	33	0	0	1	0	2	29	0	3	0	0	0.00	0.02	0.00	1.25	70.93	0.00	6.65	0.00	0.00	20.07	1.29	60.35	0.00	62	0	63	129.72	92.64	0.00	0.00	0.00	0.00	0.00	0.00	0.00	0.00	0.00	0.00	0.00	22.82	19.95	0.00	0.98	0.00	0.00
712	16.92	4091	3183	0.77	32	0	0	0	2	2	29	0	2	0	0	0.00	0.00	0.43	1.58	75.80	0.00	6.48	0.00	0.00	21.08	0.00	62.00	0.00	63	0	63	135.28	97.00	0.00	0.00	0.00	0.00	0.00	0.00	0.00	0.00	0.00	0.00	0.00	24.55	22.03	0.00	1.03	0.00	0.00
703	17.46	4088	3052	0.79	33	0	0	0	1	1	27	0	6	0	0	0.00	0.00	0.22	0.72	64.05	0.00	14.94	0.00	0.00	21.42	1.24	56.31	3.57	63	0	63	130.18	92.09	0.00	0.00	0.00	0.00	0.00	0.00	0.00	0.00	0.00	0.00	0.00	23.71	19.78	0.00	1.01	0.00	0.00
705	17.20	4090	3106	0.78	34	0	0	0	2	6	30	0	3	0	0	0.00	0.00	0.20	1.22	73.21	0.00	7.15	0.00	0.00	22.10	0.00	60.71	0.00	63	0	63	132.54	94.06	0.00	0.00	0.00	0.00	0.00	0.00	0.00	0.00	0.00	0.00	0.00	23.20	20.53	0.00	1.01	0.00	0.00
771	16.22	4088	3602	0.79	33	0	0	1	0	2	26	0	3	0	0	0.00	0.03	0.00	1.64	85.18	0.00	9.31	0.00	0.00	19.93	1.37	62.48	0.00	63	0	63	150.07	107.12	0.00	0.00	0.00	0.00	0.00	0.00	0.00	0.00	0.00	0.00	0.00	32.53	27.62	0.00	1.36	0.00	0.00
465	15.07	4091	2334	0.77	25	0	0	0	2	4	30	0	2	0	0	0.00	0.00	0.28	0.88	57.31	0.00	4.52	0.00	0.00	26.18	0.00	58.75	0.00	63	0	62	114.34	75.37	0.00	0.00	0.00	0.00	0.00	0.00	0.00	0.00	0.00	0.00	0.00	14.53	13.18	0.00	0.60	0.00	0.00
936	19.75	4091	3586	0.78	42	0	0	1	0	2	30	0	6	0	0	0.00	0.00	0.00	1.23	78.43	0.00	11.77	0.00	0.00	18.80	1.12	56.75	3.58	63	0	63	129.42	97.32	0.00	0.00	0.00	0.00	0.00	0.00	0.00	0.00	0.00	0.00	0.00	27.96	23.50	0.00	1.21	0.00	0.00
710	16.77	4091	3205	0.77	32	0	0	0	2	2	30	0	1	0	0	0.00	0.00	0.36	1.51	79.65	0.00	3.31	0.00	0.00	21.53	0.00	61.70	0.00	63	0	63	135.36	97.47	0.00	0.00	0.00	0.00	0.00	0.00	0.00	0.00	0.00	0.00	0.00	23.80	21.92	0.00	1.05	0.00	0.00
682	17.64	4089	2925	0.80	34	0	0	0	1	2	25	0	6	0	0	0.00	0.00	0.12	1.44	60.78	0.00	14.01	0.00	0.00	21.68	2.55	54.62	3.50	63	0	63	125.73	88.92	0.00	0.00	0.00	0.00	0.00	0.00	0.00	0.00	0.00	0.00	0.00	21.80	17.84	0.00	0.94	0.00	0.00
732	16.57	4088	3347	0.77	33	0	0	0	2	4	31	0	3	0	0	0.00	0.00	0.41	1.08	80.44	0.00	7.16	0.00	0.00	20.88	0.00	62.54	0.00	63	0	63	138.60	100.34	0.00	0.00	0.00	0.00	0.00	0.00	0.00	0.00	0.00	0.00	0.00	24.88	23.52	0.00	1.09	0.00	0.00
693	17.88	4088	2937	0.79	33	0	0	0	1	4	30	0	2	0	0	0.00	0.00	0.12	1.08	70.70	0.00	4.69	0.00	0.00	22.16	1.25	58.71	0.00	63	0	63	126.43	88.99	0.00	0.00	0.00	0.00	0.00	0.00	0.00	0.00	0.00	0.00	0.00	22.94	18.19	0.00	0.95	0.00	0.00
711	16.82	4090	3199	0.77	32	0	1	0	1	2	30	0	1	0	0	0.08	0.00	0.15	1.31	80.35	0.00	2.85	0.00	0.00	20.49	0.00	62.69	0.00	63	0	63	134.80	97.22	0.00	0.00	0.00	0.00	0.00	0.00	0.00	0.00	0.00	0.00	0.00	23.80	21.72	0.00	1.05	0.00	0.00
693	17.43	4090	3008	0.79	33	0	0	0	2	4	26	0	6	0	0	0.00	0.00	0.34	1.20	60.77	0.00	16.50	0.00	0.00	21.83	1.48	49.60	9.66	63	0	63	127.77	91.05	0.00	0.00	0.00	0.00	0.00	0.00	0.00	0.00	0.00	0.00	0.00	23.11	19.46	0.00	0.97	0.00	0.00
717	16.75	4086	3243	0.77	33	0	0	0	1	2	30	0	1	0	0	0.00	0.00	0.34	0.92	81.44	0.00	3.30	0.00	0.00	20.84	0.00	62.41	0.00	63	0	63	136.57	98.32	0.00	0.00	0.00	0.00	0.00	0.00	0.00	0.00	0.00	0.00	0.00	24.80	22.47	0.00	1.05	0.00	0.00
697	17.54	4086	3010	0.78	34	0	0	0	0	6	29	0	4	0	0	0.00	0.00	0.00	1.37	67.17	0.00	10.39	0.00	0.00	22.23	1.29	55.34	3.60	63	0	63	129.33	91.21	0.00	0.00	0.00	0.00	0.00	0.00	0.00	0.00	0.00	0.00	0.00	23.63	19.20	0.00	1.02	0.00	0.00
703	17.08	4091	3113	0.78	33	0	0	0	2	5	31	0	3	0	0	0.00	0.00	0.25	1.13	72.89	0.00	7.53	0.00	0.00	21.84	0.00	57.35	3.73	63	0	64	131.60	94.12	0.00	0.00	0.00	0.00	0.00	0.00	0.00	0.00	0.00	0.00	0.00	24.15	21.42	0.00	0.99	0.00	0.00
698	17.15	4090	3082	0.78	33	0	0	1	0	2	29	0	3	0	0	0.00	0.00	0.00	1.23	71.33	0.00	8.72	0.00	0.00	20.98	1.25	60.62	0.00	63	0	63	130.58	93.28	0.00	0.00	0.00	0.00	0.00	0.00	0.00	0.00	0.00	0.00	0.00	23.06	19.99	0.00	1.01	0.00	0.00
701	17.11	4091	3103	0.78	33	0	0	0	2	5	32	0	2	0	0	0.00	0.00	0.25	1.12	74.68	0.00	5.71	0.00	0.00	22.11	0.00	60.79	0.00	63	0	63	131.88	94.07	0.00	0.00	0.00	0.00	0.00	0.00	0.00	0.00	0.00	0.00	0.00	23.68	20.48	0.00	1.01	0.00	0.00
699	17.14	4090	3089	0.78	33	0	0	1	0	2	30	0	2	0	0	0.00	0.03	0.00	1.20	74.59	0.00	5.59	0.00	0.00	21.04	1.19	60.63	0.00	64	0	63	130.69	93.40	0.00	0.00	0.00	0.00	0.00	0.00	0.00	0.00	0.00	0.00	0.00	23.74	20.45	0.00	1.01	0.00	0.00
700	17.05	4090	3106	0.78	33	0	0	0	1	2	28	0	4	0	0	0.00	0.00	0.10	1.22	71.57	0.00	9.09	0.00	0.00	21.08	1.05	57.12	3.70	64	0	64	131.58	94.04	0.00	0.00	0.00	0.00	0.00	0.00	0.00	0.00	0.00	0.00	0.00	23.25	20.29	0.00	1.01	0.00	0.00
699	17.15	4090	3087	0.78	33	0	0	1	0	2	29	0	3	0	0	0.00	0.00	0.00	1.23	71.32	0.00	8.76	0.00	0.00	21.02	1.21	60.62	0.00	64	0	64	130.65	93.32	0.00	0.00	0.00	0.00	0.00	0.00	0.00	0.00	0.00	0.00	0.00	23.52	20.28	0.00	1.01	0.00	0.00
703	17.14	4091	3104	0.78	33	0	0	0	2	5	31	0	3	0	0	0.00	0.00	0.22	1.10	73.39	0.00	7.12	0.00	0.00	22.03	0.00	60.83	0.00	64	0	64	131.84	94.08	0.00	0.00	0.00	0.00	0.00	0.00	0.00	0.00	0.00	0.00	0.00	23.64	20.62	0.00	1.01	0.00	0.00
704	17.30	4090	3080	0.78	33	0	0	1	0	2	29	0	3	0	0	0.00	0.02	0.00	1.22	73.08	0.00	6.90	0.00	0.00	20.85	1.23	60.62	0.00	64	0	64	131.38	93.92	0.00	0.00	0.00	0.00	0.00	0.00	0.00	0.00	0.00	0.00	0.00	23.71	20.20	0.00	0.99	0.00	0.00
704	17.14	4090	3111	0.78	34	0	0	0	2	3	30	0	4	0	0	0.00	0.00	0.37	0.90	69.86	0.00	10.81	0.00	0.00	22.18	0.00	56.96	3.72	64	0	64	132.49	94.31	0.00	0.00	0.00	0.00	0.00	0.00	0.00	0.00	0.00	0.00	0.00	23.15	20.62	0.00	1.02	0.00	0.00
703	17.21	4089	3090	0.78	33	0	1	0	0	2	29	0	3	0	0	0.10	0.00	0.00	1.18	73.23	0.00	6.86	0.00	0.00	21.18	1.18	60.43	0.00	64	0	64	131.40	93.36	0.00	0.00	0.00	0.00	0.00	0.00	0.00	0.00	0.00	0.00	0.00	23.99	20.48	0.00	0.99	0.00	0.00
702	17.13	4092	3102	0.78	33	0	0	0	2	5	32	0	2	0	0	0.00	0.00	0.20	1.07	74.75	0.00	5.72	0.00	0.00	21.91	0.00	60.96	0.00	64	0	64	131.79	94.00	0.00	0.00	0.00	0.00	0.00	0.00	0.00	0.00	0.00	0.00	0.00	23.15	20.44	0.00	1.01	0.00	0.00
703	17.22	4089	3088	0.77	33	0	0	1	0	2	29	0	3	0	0	0.00	0.03	0.00	1.20	73.09	0.00	7.01	0.00	0.00	21.13	1.19	60.45	0.00	64	0	64	131.07	93.35	0.00	0.00	0.00	0.00	0.00	0.00	0.00	0.00	0.00	0.00	0.00	24.46	20.82	0.00	1.01	0.00	0.00
702	17.12	4091	3106	0.78	33	0	0	0	2	3	31	0	3	0	0	0.00	0.00	0.35	0.85	73.56	0.00	7.02	0.00	0.00	22.10	0.00	60.79	0.00	64	0	64	131.82	94.03	0.00	0.00	0.00	0.00	0.00	0.00	0.00	0.00	0.00	0.00	0.00	24.42	21.53	0.00	1.01	0.00	0.00
699	17.24	4090	3067	0.78	33	0	0	1	0	2	29	0	3	0	0	0.00	0.00	0.00	1.21	72.67	0.00	6.70	0.00	0.00	21.06	1.21	60.49	0.00	64	0	64	129.14	92.45	0.00	0.00	0.00	0.00	0.00	0.00	0.00	0.00	0.00	0.00	0.00	22.51	19.64	0.00	0.99	0.00	0.00
703	16.89	4092	3149	0.77	33	0	0	0	2	1	29	0	3	0	0	0.00	0.00	0.43	0.58	73.78	0.00	8.57	0.00	0.00	21.23	0.00	61.88	0.00	64	0	64	133.91	96.17	0.00	0.00	0.00	0.00	0.00	0.00	0.00	0.00	0.00	0.00	0.00	24.58	21.54	0.00	1.02	0.00	0.00
696	17.56	4088	3003	0.79	33	0	0	0	1	1	27	0	5	0	0	0.00	0.00	0.26	0.67	66.27	0.00	11.31	0.00	0.00	21.49	1.18	56.29	3.48	64	0	64	127.69	90.48	0.00	0.00	0.00	0.00	0.00	0.00	0.00	0.00	0.00	0.00	0.00	22.04	18.99	0.00	0.95	0.00	0.00
714	16.82	4091	3210	0.77	33	0	0	0	1	2	27	0	4	0	0	0.00	0.00	0.10	1.23	71.96	0.00	11.88	0.00	0.00	20.36	0.00	62.82	0.00	64	0	64	136.01	98.03	0.00	0.00	0.00	0.00	0.00	0.00	0.00	0.00	0.00	0.00	0.00	24.29	21.43	0.00	1.07	0.00	0.00
699	17.35	4089	3050	0.78	34	0	0	0	1	1	25	0	7	0	0	0.00	0.00	0.23	0.73	63.54	0.00	15.53	0.00	0.00	21.46	1.24	49.13	10.81	64	0	64	129.95	92.08	0.00	0.00	0.00	0.00	0.00	0.00	0.00	0.00	0.00	0.00	0.00	24.01	20.35	0.00	0.99	0.00	0.00
700	17.07	4090	3104	0.78	33	0	0	0	2	4	34	0	2	0	0	0.00	0.00	0.22	1.00	74.56	0.00	5.69	0.00	0.00	22.29	0.00	60.65	0.00	64	0	64	131.89	93.68	0.00	0.00	0.00	0.00	0.00	0.00	0.00	0.00	0.00	0.00	0.00	23.73	20.30	0.00	1.02	0.00	0.00
697	17.35	4089	3041	0.78	33	0	1	0	0	2	29	0	3	0	0	0.07	0.00	0.00	1.14	71.85	0.00	6.73	0.00	0.00	21.28	1.16	60.21	0.00	64	0	64	128.69	91.75	0.00	0.00	0.00	0.00	0.00	0.00	0.00	0.00	0.00	0.00	0.00	22.41	19.34	0.00	0.96	0.00	0.00
709	16.78	4091	3198	0.77	32	0	0	1	1	2	29	0	2	0	0	0.00	0.05	0.08	1.30	76.84	0.00	6.55	0.00	0.00	20.67	0.00	62.55	0.00	64	0	64	135.07	97.09	0.00	0.00	0.00	0.00	0.00	0.00	0.00	0.00	0.00	0.00	0.00	24.34	21.98	0.00	1.04	0.00	0.00
697	17.50	4088	3015	0.78	34	0	0	0	1	1	26	0	6	0	0	0.00	0.00	0.15	0.71	63.56	0.00	14.61	0.00	0.00	21.40	1.23	56.38	3.49	64	0	64	128.04	90.65	0.00	0.00	0.00	0.00	0.00	0.00	0.00	0.00	0.00	0.00	0.00	22.93	19.19	0.00	0.99	0.00	0.00
698	17.01	4091	3103	0.79	32	0	0	0	2	1	29	0	3	0	0	0.00	0.00	0.37	0.59	71.69	0.00	9.27	0.00	0.00	21.12	0.00	61.87	0.00	64	0	64	131.46	94.91	0.00	0.00	0.00	0.00	0.00	0.00	0.00	0.00	0.00	0.00	0.00	22.73	20.05	0.00	0.99	0.00	0.00
703	17.12	4090	3110	0.78	32	0	0	0	2	1	26	0	5	0	0	0.00	0.00	0.38	0.60	66.39	0.00	14.53	0.00	0.00	20.78	0.00	56.10	5.99	64	0	64	131.47	94.36	0.00	0.00	0.00	0.00	0.00	0.00	0.00	0.00	0.00	0.00	0.00	23.45	20.80	0.00	0.99	0.00	0.00
637	22.02	4091	2190	0.75	32	0	0	1	1	1	26	0	12	0	0	0.00	0.00	0.11	0.33	36.50	0.00	17.17	0.00	0.00	16.28	0.00	52.19	9.52	64	0	64	98.35	69.93	0.00	0.00	0.00	0.00	0.00	0.00	0.00	0.00	0.00	0.00	0.00	12.43	10.83	0.00	0.53	0.00	0.00
740	11.87	4086	4726	0.75	57	0	0	0	2	0	27	0	23	0	0	0.00	0.00	0.30	0.00	67.94	0.00	65.30	0.00	0.00	19.74	0.00	40.23	28.16	64	0	64	145.62	118.20	0.00	0.00	0.00	0.00	0.00	0.00	0.00	0.00	0.00	0.00	0.00	45.60	36.68	0.00	2.02	0.00	0.00
725	17.69	4089	3105	0.77	33	0	0	0	2	0	27	0	6	0	0	0.00	0.00	0.20	0.00	66.14	0.00	15.07	0.00	0.00	20.30	0.00	59.94	2.07	65	0	65	131.99	94.61	0.00	0.00	0.00	0.00	0.00	0.00	0.00	0.00	0.00	0.00	0.00	23.03	19.90	0.00	1.02	0.00	0.00
752	16.06	4088	3545	0.80	33	0	0	0	2	0	28	0	3	0	0	0.00	0.00	0.28	0.00	87.30	0.00	7.11	0.00	0.00	22.44	0.00	59.46	2.05	65	0	65	140.94	101.19	0.00	0.00	0.00	0.00	0.00	0.00	0.00	0.00	0.00	0.00	0.00	30.08	26.24	0.00	1.24	0.00	0.00
749	17.65	4088	3213	0.78	33	0	0	0	1	1	22	0	4	0	0	0.00	0.00	0.19	0.87	70.04	0.00	12.84	0.00	0.00	22.19	1.38	58.78	0.00	65	0	65	141.50	95.92	0.00	0.00	0.00	0.00	0.00	0.00	0.00	0.00	0.00	0.00	0.00	22.35	22.02	0.00	0.97	0.00	0.00
736	20.21	4092	2757	0.75	26	0	0	1	1	1	23	0	5	0	0	0.00	0.05	0.36	0.53	53.11	0.00	15.44	0.00	0.00	22.80	0.00	56.99	0.00	65	0	65	121.99	81.42	0.00	0.00	0.00	0.00	0.00	0.00	0.00	0.00	0.00	0.00	0.00	18.70	16.47	0.00	0.76	0.00	0.00
715	17.62	4088	3071	0.77	33	0	0	0	2	2	30	0	4	0	0	0.00	0.00	0.52	0.25	69.76	0.00	9.53	0.00	0.00	21.52	0.00	54.88	5.98	64	0	64	130.48	92.67	0.00	0.00	0.00	0.00	0.00	0.00	0.00	0.00	0.00	0.00	0.00	23.85	20.24	0.00	1.00	0.00	0.00
692	17.00	4089	3083	0.77	33	0	0	0	1	2	30	0	2	0	0	0.00	0.00	0.39	1.35	74.75	0.00	4.63	0.00	0.00	21.78	0.00	61.23	0.00	64	0	64	130.15	92.84	0.00	0.00	0.00	0.00	0.00	0.00	0.00	0.00	0.00	0.00	0.00	23.28	20.69	0.00	0.99	0.00	0.00
723	17.40	4088	3146	0.77	35	0	0	1	2	1	30	0	3	0	0	0.00	0.05	0.49	0.69	72.78	0.00	8.31	0.00	0.00	22.14	0.00	56.22	4.24	64	0	64	135.48	94.52	0.00	0.00	0.00	0.00	0.00	0.00	0.00	0.00	0.00	0.00	0.00	23.95	21.03	0.00	1.05	0.00	0.00
699	17.19	4090	3080	0.77	33	0	0	0	2	3	27	0	6	0	0	0.00	0.00	0.38	0.46	64.57	0.00	15.57	0.00	0.00	21.51	0.00	57.41	3.89	65	0	65	130.75	93.35	0.00	0.00	0.00	0.00	0.00	0.00	0.00	0.00	0.00	0.00	0.00	24.53	20.75	0.00	1.02	0.00	0.00
707	17.27	4091	3097	0.78	34	0	0	0	1	5	31	0	2	0	0	0.00	0.00	0.23	1.68	75.55	0.00	3.97	0.00	0.00	21.78	1.29	59.67	0.00	64	0	65	131.97	93.72	0.00	0.00	0.00	0.00	0.00	0.00	0.00	0.00	0.00	0.00	0.00	23.61	20.61	0.00	1.01	0.00	0.00
690	17.21	4091	3034	0.78	33	0	0	1	0	2	28	0	4	0	0	0.00	0.00	0.00	1.24	68.85	0.00	9.65	0.00	0.00	21.10	1.30	60.40	0.00	64	0	65	128.21	91.89	0.00	0.00	0.00	0.00	0.00	0.00	0.00	0.00	0.00	0.00	0.00	22.95	19.49	0.00	0.98	0.00	0.00
705	16.94	4091	3151	0.78	32	0	0	0	2	2	30	0	1	0	0	0.00	0.00	0.30	1.42	78.40	0.00	3.21	0.00	0.00	21.18	0.00	61.88	0.00	64	0	64	132.85	95.66	0.00	0.00	0.00	0.00	0.00	0.00	0.00	0.00	0.00	0.00	0.00	23.48	21.30	0.00	1.00	0.00	0.00
695	17.17	4089	3066	0.79	32	0	0	0	2	2	25	0	5	0	0	0.00	0.00	0.32	1.53	63.66	0.00	15.01	0.00	0.00	21.23	1.40	54.23	5.98	64	0	65	129.78	93.13	0.00	0.00	0.00	0.00	0.00	0.00	0.00	0.00	0.00	0.00	0.00	22.89	19.87	0.00	0.99	0.00	0.00
721	17.05	4085	3203	0.77	33	0	0	0	2	1	26	0	6	0	0	0.00	0.00	0.53	0.55	65.77	0.00	17.70	0.00	0.00	21.17	0.00	61.78	0.00	65	0	65	136.40	97.16	0.00	0.00	0.00	0.00	0.00	0.00	0.00	0.00	0.00	0.00	0.00	25.04	22.89	0.00	1.06	0.00	0.00
697	17.52	4087	3013	0.78	34	0	0	0	0	6	28	0	5	0	0	0.00	0.00	0.00	1.43	65.29	0.00	12.25	0.00	0.00	22.29	1.27	49.25	9.67	64	0	65	129.10	91.17	0.00	0.00	0.00	0.00	0.00	0.00	0.00	0.00	0.00	0.00	0.00	24.48	19.34	0.00	1.01	0.00	0.00
705	17.14	4090	3112	0.78	33	0	0	0	2	5	29	0	5	0	0	0.00	0.00	0.25	1.12	66.76	0.00	13.77	0.00	0.00	21.78	0.00	57.38	3.70	64	0	64	132.25	94.16	0.00	0.00	0.00	0.00	0.00	0.00	0.00	0.00	0.00	0.00	0.00	23.05	20.41	0.00	0.99	0.00	0.00
699	17.16	4090	3082	0.78	33	0	0	1	0	2	30	0	2	0	0	0.00	0.00	0.00	1.23	74.42	0.00	5.62	0.00	0.00	20.92	1.24	60.69	0.00	65	0	65	130.52	93.26	0.00	0.00	0.00	0.00	0.00	0.00	0.00	0.00	0.00	0.00	0.00	23.50	19.96	0.00	1.02	0.00	0.00
702	17.25	4090	3078	0.78	33	0	0	0	2	3	31	0	3	0	0	0.00	0.00	0.37	0.86	71.03	0.00	8.66	0.00	0.00	22.17	0.00	60.58	0.00	65	0	65	130.06	92.90	0.00	0.00	0.00	0.00	0.00	0.00	0.00	0.00	0.00	0.00	0.00	23.49	20.77	0.00	0.97	0.00	0.00
703	16.90	4091	3150	0.77	33	0	0	1	1	2	28	0	3	0	0	0.00	0.00	0.31	1.35	73.92	0.00	7.66	0.00	0.00	20.95	0.00	62.15	0.00	65	0	65	133.56	96.10	0.00	0.00	0.00	0.00	0.00	0.00	0.00	0.00	0.00	0.00	0.00	23.63	21.09	0.00	1.03	0.00	0.00
707	17.36	4090	3084	0.78	33	0	0	0	2	2	31	0	3	0	0	0.00	0.00	0.50	0.25	72.39	0.00	7.62	0.00	0.00	21.90	0.00	56.93	3.81	65	0	65	131.71	93.25	0.00	0.00	0.00	0.00	0.00	0.00	0.00	0.00	0.00	0.00	0.00	24.98	20.86	0.00	1.03	0.00	0.00
692	17.45	4090	3003	0.79	33	0	0	0	0	2	29	0	3	0	0	0.00	0.00	0.00	1.19	71.38	0.00	6.32	0.00	0.00	20.99	1.30	60.26	0.00	65	0	65	127.09	91.12	0.00	0.00	0.00	0.00	0.00	0.00	0.00	0.00	0.00	0.00	0.00	22.40	19.16	0.00	0.96	0.00	0.00
704	16.84	4089	3164	0.79	32	0	0	0	1	2	29	0	2	0	0	0.00	0.00	0.20	1.25	75.98	0.00	6.42	0.00	0.00	20.75	0.00	62.41	0.00	65	0	64	133.87	96.34	0.00	0.00	0.00	0.00	0.00	0.00	0.00	0.00	0.00	0.00	0.00	22.64	20.85	0.00	1.01	0.00	0.00
699	17.08	4089	3099	0.78	32	0	0	0	2	1	24	0	7	0	0	0.00	0.00	0.25	0.60	61.50	0.00	19.29	0.00	0.00	20.89	0.00	51.81	10.22	65	0	65	130.70	93.65	0.00	0.00	0.00	0.00	0.00	0.00	0.00	0.00	0.00	0.00	0.00	23.84	20.66	0.00	1.01	0.00	0.00
717	17.18	4088	3160	0.77	32	0	0	0	1	1	31	0	4	0	0	0.00	0.00	0.16	0.65	73.59	0.00	8.61	0.00	0.00	21.14	0.00	61.68	0.00	65	0	65	134.92	95.26	0.00	0.00	0.00	0.00	0.00	0.00	0.00	0.00	0.00	0.00	0.00	24.14	20.60	0.00	1.05	0.00	0.00
692	17.50	4090	2991	0.78	33	0	0	0	1	1	28	0	4	0	0	0.00	0.00	0.19	0.75	71.35	0.00	6.08	0.00	0.00	21.31	1.35	58.84	1.00	65	0	65	127.59	90.82	0.00	0.00	0.00	0.00	0.00	0.00	0.00	0.00	0.00	0.00	0.00	23.08	19.16	0.00	0.96	0.00	0.00
708	16.73	4091	3204	0.77	32	0	0	0	2	2	30	0	2	0	0	0.00	0.00	0.41	1.54	77.73	0.00	5.19	0.00	0.00	21.18	0.00	62.09	0.00	64	0	65	134.93	97.40	0.00	0.00	0.00	0.00	0.00	0.00	0.00	0.00	0.00	0.00	0.00	24.19	22.26	0.00	1.03	0.00	0.00
699	17.42	4089	3039	0.78	33	0	0	0	1	1	25	0	7	0	0	0.00	0.00	0.15	0.72	62.13	0.00	16.65	0.00	0.00	21.27	1.25	50.50	9.58	65	0	65	129.59	91.82	0.00	0.00	0.00	0.00	0.00	0.00	0.00	0.00	0.00	0.00	0.00	23.68	19.36	0.00	1.01	0.00	0.00
756	16.33	4090	3506	0.80	33	0	0	0	2	5	29	0	3	0	0	0.00	0.00	0.31	1.41	82.10	0.00	8.93	0.00	0.00	21.29	0.00	62.39	0.00	65	0	65	145.78	104.31	0.00	0.00	0.00	0.00	0.00	0.00	0.00	0.00	0.00	0.00	0.00	28.72	25.80	0.00	1.26	0.00	0.00
778	18.33	4090	3212	0.78	24	0	0	1	1	1	23	0	1	0	0	0.00	0.00	0.66	0.70	77.57	0.00	4.45	0.00	0.00	21.49	0.00	60.18	0.00	65	0	65	146.00	97.22	0.00	0.00	0.00	0.00	0.00	0.00	0.00	0.00	0.00	0.00	0.00	26.44	23.68	0.00	1.06	0.00	0.00
776	18.98	4089	3094	0.79	26	0	0	0	2	1	22	0	2	0	0	0.00	0.00	0.64	1.17	69.75	0.00	7.79	0.00	0.00	22.55	0.00	58.46	0.00	65	0	65	143.11	93.66	0.00	0.00	0.00	0.00	0.00	0.00	0.00	0.00	0.00	0.00	0.00	24.85	21.19	0.00	1.00	0.00	0.00
769	18.78	4090	3101	0.79	26	0	0	0	2	2	22	0	3	0	0	0.00	0.00	0.81	0.58	67.80	0.00	10.41	0.00	0.00	23.29	0.00	52.75	5.18	65	0	65	142.18	93.32	0.00	0.00	0.00	0.00	0.00	0.00	0.00	0.00	0.00	0.00	0.00	25.10	22.63	0.00	1.01	0.00	0.00
699	19.57	4092	2702	0.78	26	0	0	0	1	4	30	0	0	0	0	0.00	0.00	0.23	0.93	67.77	0.00	0.00	0.00	0.00	23.92	0.00	56.50	0.00	65	0	65	121.83	79.88	0.00	0.00	0.00	0.00	0.00	0.00	0.00	0.00	0.00	0.00	0.00	19.14	16.05	0.00	0.75	0.00	0.00
755	16.24	4089	3519	0.79	33	0	0	0	0	2	27	0	2	0	0	0.00	0.00	0.00	1.54	84.94	0.00	7.03	0.00	0.00	19.95	1.41	62.40	0.00	65	0	65	146.33	104.72	0.00	0.00	0.00	0.00	0.00	0.00	0.00	0.00	0.00	0.00	0.00	31.44	26.91	0.00	1.29	0.00	0.00
769	18.52	4090	3144	0.78	25	0	0	0	2	2	23	0	1	0	0	0.00	0.00	0.33	1.77	74.88	0.00	4.20	0.00	0.00	22.85	0.00	58.63	0.00	65	0	65	142.96	95.15	0.00	0.00	0.00	0.00	0.00	0.00	0.00	0.00	0.00	0.00	0.00	23.96	21.98	0.00	1.02	0.00	0.00
767	18.56	4091	3127	0.78	25	0	0	0	2	2	21	0	2	0	0	0.00	0.00	0.34	1.94	70.28	0.00	8.09	0.00	0.00	22.48	1.95	57.01	0.00	65	0	65	142.37	94.34	0.00	0.00	0.00	0.00	0.00	0.00	0.00	0.00	0.00	0.00	0.00	25.43	22.51	0.00	1.02	0.00	0.00
767	18.77	4090	3091	0.79	25	0	0	0	2	2	21	0	2	0	0	0.00	0.00	0.50	2.29	68.83	0.00	7.86	0.00	0.00	22.84	1.94	56.45	0.00	65	0	65	141.71	93.07	0.00	0.00	0.00	0.00	0.00	0.00	0.00	0.00	0.00	0.00	0.00	24.69	21.17	0.00	0.99	0.00	0.00
702	19.44	4091	2733	0.82	25	0	0	0	2	1	26	0	2	0	0	0.00	0.00	0.44	0.80	63.00	0.00	5.51	0.00	0.00	23.27	0.00	57.29	0.00	65	0	65	122.90	81.03	0.00	0.00	0.00	0.00	0.00	0.00	0.00	0.00	0.00	0.00	0.00	18.91	16.69	0.00	0.79	0.00	0.00
704	17.44	4089	3057	0.92	33	0	0	0	2	4	30	0	5	0	0	0.00	0.00	0.32	0.52	67.17	0.00	12.09	0.00	0.00	22.17	0.00	50.55	9.84	65	0	65	130.87	92.65	0.00	0.00	0.00	0.00	0.00	0.00	0.00	0.00	0.00	0.00	0.00	24.41	20.48	0.00	1.01	0.00	0.00
699	17.21	4090	3073	0.93	33	0	0	1	0	3	28	0	3	0	0	0.00	0.00	0.00	2.44	69.55	0.00	8.63	0.00	0.00	21.27	1.20	60.32	0.00	65	0	65	130.27	92.46	0.00	0.00	0.00	0.00	0.00	0.00	0.00	0.00	0.00	0.00	0.00	23.76	20.95	0.00	0.99	0.00	0.00
765	16.01	4090	3617	0.91	33	0	0	0	2	1	25	0	4	0	0	0.00	0.00	0.59	0.72	81.29	0.00	13.88	0.00	0.00	20.42	0.00	63.56	0.00	65	0	65	149.95	107.47	0.00	0.00	0.00	0.00	0.00	0.00	0.00	0.00	0.00	0.00	0.00	31.27	27.86	0.00	1.32	0.00	0.00
655	19.96	4091	2481	0.94	26	0	0	0	2	1	28	0	2	0	0	0.00	0.00	0.50	0.64	57.48	0.00	4.23	0.00	0.00	24.33	0.00	55.71	0.00	65	0	65	106.05	70.16	0.00	0.00	0.00	0.00	0.00	0.00	0.00	0.00	0.00	0.00	0.00	15.14	13.53	0.00	0.61	0.00	0.00
716	15.39	4088	3524	0.92	41	0	0	0	2	1	29	0	6	0	0	0.00	0.00	0.33	0.71	76.00	0.00	17.89	0.00	0.00	19.32	0.00	61.53	3.76	65	0	65	140.92	105.55	0.00	0.00	0.00	0.00	0.00	0.00	0.00	0.00	0.00	0.00	0.00	30.51	26.24	0.00	1.29	0.00	0.00
706	17.30	4090	3087	0.92	33	0	0	0	2	3	27	0	7	0	0	0.00	0.00	0.36	0.43	64.02	0.00	16.39	0.00	0.00	21.51	0.00	49.72	11.47	65	0	65	132.30	93.99	0.00	0.00	0.00	0.00	0.00	0.00	0.00	0.00	0.00	0.00	0.00	25.31	21.45	0.00	1.02	0.00	0.00
702	17.21	4090	3086	0.93	33	0	0	0	0	2	31	0	1	0	0	0.00	0.00	0.00	1.07	78.81	0.00	1.37	0.00	0.00	21.17	1.06	60.56	0.00	66	0	65	131.76	93.37	0.00	0.00	0.00	0.00	0.00	0.00	0.00	0.00	0.00	0.00	0.00	23.91	21.17	0.00	1.01	0.00	0.00
760	16.25	4088	3544	0.91	33	0	0	1	0	2	26	0	4	0	0	0.00	0.03	0.00	1.62	77.17	0.00	15.34	0.00	0.00	20.23	1.41	62.11	0.00	65	0	65	148.31	105.43	0.00	0.00	0.00	0.00	0.00	0.00	0.00	0.00	0.00	0.00	0.00	32.56	27.59	0.00	1.31	0.00	0.00
769	18.45	4091	3153	0.92	24	0	0	0	2	2	22	0	2	0	0	0.00	0.00	0.46	1.92	71.04	0.00	7.94	0.00	0.00	22.63	0.00	58.91	0.00	66	0	66	142.86	95.02	0.00	0.00	0.00	0.00	0.00	0.00	0.00	0.00	0.00	0.00	0.00	24.41	22.71	0.00	1.01	0.00	0.00
770	18.73	4090	3111	0.91	25	0	0	0	2	1	22	0	2	0	0	0.00	0.00	0.64	1.08	70.07	0.00	7.91	0.00	0.00	23.13	0.00	58.14	0.00	66	0	66	142.88	93.57	0.00	0.00	0.00	0.00	0.00	0.00	0.00	0.00	0.00	0.00	0.00	25.84	22.87	0.00	1.01	0.00	0.00
613	20.97	4091	2211	0.95	26	0	0	0	2	0	28	0	9	0	0	0.00	0.00	0.35	0.00	42.87	0.00	12.18	0.00	0.00	25.29	0.00	48.51	5.23	65	0	66	86.10	56.22	0.00	0.00	0.00	0.00	0.00	0.00	0.00	0.00	0.00	0.00	0.00	10.90	9.26	0.00	0.43	0.00	0.00
710	12.83	4086	4189	0.91	57	0	0	0	1	1	29	0	15	0	0	0.00	0.00	0.30	0.74	77.02	0.00	38.50	0.00	0.00	16.69	0.94	48.95	20.58	65	0	65	148.56	118.75	0.00	0.00	0.00	0.00	0.00	0.00	0.00	0.00	0.00	0.00	0.00	39.30	33.47	0.00	1.75	0.00	0.00
702	17.07	4091	3111	0.93	33	0	0	0	2	2	29	0	5	0	0	0.00	0.00	0.45	0.77	69.16	0.00	11.72	0.00	0.00	21.66	0.00	57.43	3.84	66	0	66	132.33	95.19	0.00	0.00	0.00	0.00	0.00	0.00	0.00	0.00	0.00	0.00	0.00	24.34	21.51	0.00	1.00	0.00	0.00
696	17.27	4090	3051	0.93	34	0	0	0	1	2	29	0	2	0	0	0.00	0.00	0.39	1.29	72.96	0.00	5.46	0.00	0.00	21.48	0.00	61.24	0.00	65	0	66	129.88	92.58	0.00	0.00	0.00	0.00	0.00	0.00	0.00	0.00	0.00	0.00	0.00	23.20	20.10	0.00	0.98	0.00	0.00
711	16.88	4089	3188	0.93	33	0	0	0	1	2	29	0	2	0	0	0.00	0.00	0.18	1.00	77.00	0.00	6.22	0.00	0.00	20.77	0.00	62.35	0.00	66	0	66	134.89	96.50	0.00	0.00	0.00	0.00	0.00	0.00	0.00	0.00	0.00	0.00	0.00	24.95	23.05	0.00	1.02	0.00	0.00
701	17.18	4090	3088	0.92	33	0	0	1	1	1	23	0	8	0	0	0.00	0.05	0.38	0.69	61.14	0.00	18.84	0.00	0.00	21.48	1.26	54.21	5.86	66	0	66	131.25	93.55	0.00	0.00	0.00	0.00	0.00	0.00	0.00	0.00	0.00	0.00	0.00	25.43	21.22	0.00	1.03	0.00	0.00
701	17.37	4089	3056	0.93	33	0	0	0	1	1	28	0	4	0	0	0.00	0.00	0.32	0.64	69.67	0.00	9.53	0.00	0.00	21.18	1.07	60.38	0.00	66	0	65	130.08	92.21	0.00	0.00	0.00	0.00	0.00	0.00	0.00	0.00	0.00	0.00	0.00	23.67	20.18	0.00	0.99	0.00	0.00
703	17.06	4090	3120	0.92	33	0	0	1	1	4	29	0	4	0	0	0.00	0.03	0.18	0.96	70.45	0.00	10.47	0.00	0.00	21.72	0.00	61.22	0.00	65	0	66	132.33	94.73	0.00	0.00	0.00	0.00	0.00	0.00	0.00	0.00	0.00	0.00	0.00	24.21	21.48	0.00	1.03	0.00	0.00
700	17.15	4090	3092	0.93	33	0	0	0	1	1	29	0	3	0	0	0.00	0.00	0.42	0.40	71.68	0.00	8.69	0.00	0.00	21.70	0.00	61.15	0.00	66	0	66	131.42	93.59	0.00	0.00	0.00	0.00	0.00	0.00	0.00	0.00	0.00	0.00	0.00	24.11	20.99	0.00	0.99	0.00	0.00
704	17.14	4090	3110	0.92	33	0	0	0	1	4	33	0	0	0	0	0.00	0.00	0.20	0.89	80.70	0.00	0.00	0.00	0.00	21.71	0.00	61.15	0.00	66	0	66	132.33	94.35	0.00	0.00	0.00	0.00	0.00	0.00	0.00	0.00	0.00	0.00	0.00	24.53	21.40	0.00	1.02	0.00	0.00
615	21.67	4091	2148	0.94	33	0	0	0	0	2	33	0	6	0	0	0.00	0.00	0.00	0.58	45.56	0.00	7.28	0.00	0.00	16.18	0.85	61.30	0.00	65	0	66	96.96	68.90	0.00	0.00	0.00	0.00	0.00	0.00	0.00	0.00	0.00	0.00	0.00	12.31	10.40	0.00	0.52	0.00	0.00
733	11.52	4086	4822	0.90	57	0	0	0	2	1	32	0	19	0	0	0.00	0.00	0.23	0.58	83.06	0.00	52.95	0.00	0.00	20.24	0.00	51.94	16.30	66	0	66	145.01	118.10	0.00	0.00	0.00	0.00	0.00	0.00	0.00	0.00	0.00	0.00	0.00	46.17	38.16	0.00	2.02	0.00	0.00
722	17.74	4088	3084	0.91	33	0	0	0	2	0	24	0	9	0	0	0.00	0.00	0.25	0.00	59.99	0.00	20.70	0.00	0.00	20.52	0.00	59.79	1.96	66	0	66	132.76	94.98	0.00	0.00	0.00	0.00	0.00	0.00	0.00	0.00	0.00	0.00	0.00	25.00	21.89	0.00	1.00	0.00	0.00
718	15.57	4087	3494	0.90	34	0	0	0	2	0	27	0	4	0	0	0.00	0.00	0.31	0.00	86.97	0.00	6.62	0.00	0.00	21.88	0.00	60.43	2.12	66	0	66	142.22	102.06	0.00	0.00	0.00	0.00	0.00	0.00	0.00	0.00	0.00	0.00	0.00	28.89	25.05	0.00	1.25	0.00	0.00
641	23.31	4090	2082	0.92	34	0	0	0	2	2	36	0	8	0	0	0.00	0.00	0.08	0.11	40.97	0.00	9.22	0.00	0.00	21.78	0.00	54.90	0.00	66	0	66	77.11	52.34	0.00	0.00	0.00	0.00	0.00	0.00	0.00	0.00	0.00	0.00	0.00	8.39	8.14	0.00	0.34	0.00	0.00
790	9.61	4082	6240	0.88	66	0	0	0	0	1	28	0	23	0	0	0.00	0.00	0.00	0.53	97.89	0.00	82.49	0.00	0.00	16.61	0.00	52.74	21.05	66	0	65	164.67	136.24	0.00	0.00	0.00	0.00	0.00	0.00	0.00	0.00	0.00	0.00	0.00	67.13	56.12	0.00	3.00	0.00	0.00
702	19.72	4091	2694	0.92	34	0	0	0	0	1	25	0	5	0	0	0.00	0.00	0.00	0.71	55.90	0.00	11.85	0.00	0.00	23.38	1.42	55.49	0.00	66	0	66	118.49	78.43	0.00	0.00	0.00	0.00	0.00	0.00	0.00	0.00	0.00	0.00	0.00	17.76	16.23	0.00	0.71	0.00	0.00
702	16.65	4091	3191	0.92	34	0	0	0	2	1	31	0	3	0	0	0.00	0.00	0.66	0.13	78.68	0.00	5.47	0.00	0.00	21.25	0.00	62.10	0.00	66	0	66	133.76	97.17	0.00	0.00	0.00	0.00	0.00	0.00	0.00	0.00	0.00	0.00	0.00	24.26	22.11	0.00	1.03	0.00	0.00
615	21.79	4090	2136	0.93	33	0	0	0	1	1	30	0	9	0	0	0.00	0.00	0.18	0.34	40.47	0.00	11.91	0.00	0.00	16.49	0.82	52.20	8.70	66	0	66	96.48	68.47	0.00	0.00	0.00	0.00	0.00	0.00	0.00	0.00	0.00	0.00	0.00	12.81	10.97	0.00	0.51	0.00	0.00
718	11.54	4085	4713	0.91	56	0	0	1	0	1	28	0	18	0	4	0.00	0.02	0.00	0.49	72.55	0.00	46.72	0.00	13.30	22.35	0.00	48.56	17.54	66	0	66	139.40	113.62	0.00	0.00	0.00	0.00	0.00	0.00	0.00	0.00	0.00	0.00	0.00	42.85	35.71	0.00	1.89	0.00	0.00
713	16.49	4088	3275	0.91	40	0	0	0	3	2	19	0	15	0	0	0.00	0.00	0.64	1.52	42.02	0.00	42.87	0.00	0.00	22.06	2.47	30.27	28.72	65	0	66	136.15	97.66	0.00	0.00	0.00	0.00	0.00	0.00	0.00	0.00	0.00	0.00	0.00	23.74	22.82	0.00	1.04	0.00	0.00
709	17.77	4087	3020	0.92	33	0	0	0	1	1	25	0	7	0	0	0.00	0.00	0.24	0.73	62.41	0.00	15.18	0.00	0.00	21.32	1.31	55.07	4.53	66	0	66	128.61	91.02	0.00	0.00	0.00	0.00	0.00	0.00	0.00	0.00	0.00	0.00	0.00	24.47	20.42	0.00	0.99	0.00	0.00
704	16.96	4090	3141	0.92	33	0	0	0	2	1	28	0	4	0	0	0.00	0.00	0.47	0.62	70.42	0.00	11.27	0.00	0.00	21.41	0.00	57.56	4.07	65	0	65	132.62	95.05	0.00	0.00	0.00	0.00	0.00	0.00	0.00	0.00	0.00	0.00	0.00	24.03	21.64	0.00	1.01	0.00	0.00
702	17.18	4089	3094	0.92	35	0	0	0	2	1	30	0	4	0	0	0.00	0.00	0.53	0.13	71.23	0.00	9.39	0.00	0.00	22.11	0.00	56.69	4.01	66	0	66	131.95	93.69	0.00	0.00	0.00	0.00	0.00	0.00	0.00	0.00	0.00	0.00	0.00	23.59	20.50	0.00	1.01	0.00	0.00
709	17.17	4090	3128	0.92	33	0	0	0	2	0	27	0	5	0	0	0.00	0.00	0.69	0.00	66.96	0.00	14.58	0.00	0.00	21.60	0.00	51.04	10.19	65	0	66	133.46	94.79	0.00	0.00	0.00	0.00	0.00	0.00	0.00	0.00	0.00	0.00	0.00	25.25	22.06	0.00	1.03	0.00	0.00
693	17.35	4088	3025	0.93	33	0	0	0	1	1	28	0	4	0	0	0.00	0.00	0.29	0.76	70.91	0.00	7.27	0.00	0.00	21.69	1.35	56.24	3.37	66	0	65	129.04	91.18	0.00	0.00	0.00	0.00	0.00	0.00	0.00	0.00	0.00	0.00	0.00	23.61	19.79	0.00	0.99	0.00	0.00
707	16.88	4091	3169	0.92	33	0	0	0	2	1	28	0	4	0	0	0.00	0.00	0.51	0.66	71.26	0.00	11.49	0.00	0.00	21.64	0.00	57.35	4.13	66	0	66	134.37	95.99	0.00	0.00	0.00	0.00	0.00	0.00	0.00	0.00	0.00	0.00	0.00	23.93	21.58	0.00	1.03	0.00	0.00
695	17.38	4088	3028	0.93	34	0	0	0	1	1	26	0	6	0	0	0.00	0.00	0.27	0.74	63.91	0.00	14.50	0.00	0.00	21.71	1.29	56.20	3.42	66	0	66	128.85	91.22	0.00	0.00	0.00	0.00	0.00	0.00	0.00	0.00	0.00	0.00	0.00	23.64	20.41	0.00	0.97	0.00	0.00
705	17.00	4090	3141	0.92	34	0	0	0	2	1	27	0	5	0	0	0.00	0.00	0.48	0.63	67.36	0.00	14.32	0.00	0.00	21.67	0.00	57.28	4.05	65	0	65	132.75	95.11	0.00	0.00	0.00	0.00	0.00	0.00	0.00	0.00	0.00	0.00	0.00	24.70	21.66	0.00	1.02	0.00	0.00
701	17.11	4090	3103	0.92	33	0	0	0	2	3	29	0	4	0	0	0.00	0.00	0.46	0.43	71.55	0.00	9.41	0.00	0.00	21.61	0.00	57.34	3.94	66	0	66	132.70	94.60	0.00	0.00	0.00	0.00	0.00	0.00	0.00	0.00	0.00	0.00	0.00	24.72	21.26	0.00	1.02	0.00	0.00
705	17.28	4089	3090	0.93	34	0	0	0	0	2	30	0	2	0	0	0.00	0.00	0.00	1.05	76.39	0.00	3.86	0.00	0.00	21.45	1.09	60.18	0.00	66	0	66	131.63	93.30	0.00	0.00	0.00	0.00	0.00	0.00	0.00	0.00	0.00	0.00	0.00	24.84	21.44	0.00	1.00	0.00	0.00
691	17.18	4089	3043	0.93	34	0	0	1	0	2	29	0	3	0	0	0.00	0.02	0.00	1.27	70.34	0.00	8.44	0.00	0.00	21.52	1.35	59.95	0.00	66	0	66	129.01	91.82	0.00	0.00	0.00	0.00	0.00	0.00	0.00	0.00	0.00	0.00	0.00	23.65	20.08	0.00	0.98	0.00	0.00
704	16.87	4090	3156	0.93	34	0	0	0	2	1	28	0	4	0	0	0.00	0.00	0.45	0.65	72.36	0.00	9.92	0.00	0.00	21.46	0.00	57.52	4.16	66	0	66	133.27	95.63	0.00	0.00	0.00	0.00	0.00	0.00	0.00	0.00	0.00	0.00	0.00	23.51	21.59	0.00	1.01	0.00	0.00
705	17.21	4090	3102	0.92	34	0	0	0	2	3	29	0	4	0	0	0.00	0.00	0.41	0.43	71.37	0.00	9.39	0.00	0.00	21.86	0.00	57.01	3.92	65	0	66	132.33	94.15	0.00	0.00	0.00	0.00	0.00	0.00	0.00	0.00	0.00	0.00	0.00	25.23	21.63	0.00	1.03	0.00	0.00
701	17.40	4089	3051	0.93	34	0	0	0	0	2	30	0	2	0	0	0.00	0.00	0.00	1.10	72.97	0.00	6.05	0.00	0.00	21.33	1.17	60.10	0.00	66	0	67	130.67	92.67	0.00	0.00	0.00	0.00	0.00	0.00	0.00	0.00	0.00	0.00	0.00	23.58	20.12	0.00	0.99	0.00	0.00
755	15.95	4090	3585	0.91	34	0	0	0	2	3	26	0	3	0	0	0.00	0.00	0.49	1.27	84.56	0.00	9.59	0.00	0.00	20.73	0.00	63.32	0.00	66	0	66	148.21	106.40	0.00	0.00	0.00	0.00	0.00	0.00	0.00	0.00	0.00	0.00	0.00	30.92	27.79	0.00	1.31	0.00	0.00
664	19.99	4090	2516	0.94	25	0	0	1	1	1	27	0	3	0	0	0.00	0.04	0.30	0.57	55.34	0.00	7.42	0.00	0.00	23.82	0.00	56.19	0.00	66	0	65	109.11	71.74	0.00	0.00	0.00	0.00	0.00	0.00	0.00	0.00	0.00	0.00	0.00	15.29	13.56	0.00	0.61	0.00	0.00
700	15.41	4089	3438	0.92	41	0	0	0	2	3	31	0	6	0	0	0.00	0.00	0.32	0.42	78.01	0.00	13.69	0.00	0.00	20.16	0.00	63.05	1.37	66	0	66	137.66	103.26	0.00	0.00	0.00	0.00	0.00	0.00	0.00	0.00	0.00	0.00	0.00	29.62	25.31	0.00	1.24	0.00	0.00
711	17.20	4090	3130	0.92	32	0	0	0	1	2	27	0	4	0	0	0.00	0.00	0.23	1.28	70.36	0.00	10.58	0.00	0.00	21.08	0.00	61.72	0.00	66	0	66	133.41	95.38	0.00	0.00	0.00	0.00	0.00	0.00	0.00	0.00	0.00	0.00	0.00	24.28	21.40	0.00	1.01	0.00	0.00
696	17.21	4089	3062	0.92	33	0	0	0	2	1	29	0	4	0	0	0.00	0.00	0.57	0.12	70.25	0.00	9.59	0.00	0.00	21.80	0.00	60.99	0.00	66	0	66	130.43	92.93	0.00	0.00	0.00	0.00	0.00	0.00	0.00	0.00	0.00	0.00	0.00	24.43	20.92	0.00	1.00	0.00	0.00
710	17.19	4090	3128	0.93	34	0	0	0	1	2	29	0	2	0	0	0.00	0.00	0.25	1.31	74.89	0.00	5.87	0.00	0.00	21.11	0.00	61.70	0.00	66	0	66	133.17	94.94	0.00	0.00	0.00	0.00	0.00	0.00	0.00	0.00	0.00	0.00	0.00	24.19	21.43	0.00	1.01	0.00	0.00
700	17.34	4090	3059	0.93	33	0	0	0	2	3	28	0	5	0	0	0.00	0.00	0.47	0.45	67.27	0.00	11.97	0.00	0.00	21.92	0.00	57.04	3.71	65	0	66	130.87	93.21	0.00	0.00	0.00	0.00	0.00	0.00	0.00	0.00	0.00	0.00	0.00	24.01	20.70	0.00	1.00	0.00	0.00
706	17.03	4090	3138	0.92	33	0	0	1	1	2	28	0	3	0	0	0.00	0.00	0.25	1.38	72.11	0.00	9.17	0.00	0.00	21.14	0.00	61.83	0.00	66	0	66	133.02	95.01	0.00	0.00	0.00	0.00	0.00	0.00	0.00	0.00	0.00	0.00	0.00	24.84	22.07	0.00	1.00	0.00	0.00
700	17.29	4088	3067	0.92	33	0	0	0	2	1	28	0	5	0	0	0.00	0.00	0.55	0.12	67.40	0.00	12.29	0.00	0.00	21.85	0.00	50.92	9.94	66	0	66	130.97	93.09	0.00	0.00	0.00	0.00	0.00	0.00	0.00	0.00	0.00	0.00	0.00	23.75	20.49	0.00	1.00	0.00	0.00
708	17.06	4090	3144	0.92	33	0	0	0	1	2	29	0	2	0	0	0.00	0.00	0.28	1.35	75.52	0.00	5.99	0.00	0.00	21.04	0.00	61.91	0.00	66	0	66	133.91	95.48	0.00	0.00	0.00	0.00	0.00	0.00	0.00	0.00	0.00	0.00	0.00	25.09	21.73	0.00	1.03	0.00	0.00
763	16.30	4088	3546	0.91	33	0	0	0	1	1	25	0	4	0	0	0.00	0.00	0.33	0.96	81.36	0.00	11.50	0.00	0.00	20.39	1.42	57.80	4.09	66	0	66	148.19	105.03	0.00	0.00	0.00	0.00	0.00	0.00	0.00	0.00	0.00	0.00	0.00	31.47	26.60	0.00	1.33	0.00	0.00
658	20.14	4091	2474	0.94	26	0	0	0	2	3	31	0	2	0	0	0.00	0.00	0.24	0.67	57.15	0.00	4.54	0.00	0.00	24.76	0.00	55.10	0.00	66	0	65	106.61	70.06	0.00	0.00	0.00	0.00	0.00	0.00	0.00	0.00	0.00	0.00	0.00	15.01	13.28	0.00	0.60	0.00	0.00
711	15.17	4088	3549	0.91	41	0	0	0	1	2	30	0	5	0	0	0.00	0.00	0.26	1.25	81.10	0.00	13.06	0.00	0.00	19.23	0.00	61.86	3.74	66	0	66	140.71	106.22	0.00	0.00	0.00	0.00	0.00	0.00	0.00	0.00	0.00	0.00	0.00	29.47	26.36	0.00	1.26	0.00	0.00
622	21.94	4090	2146	0.93	34	0	0	0	2	1	35	0	5	0	0	0.00	0.00	0.28	0.06	47.91	0.00	4.72	0.00	0.00	17.05	0.00	58.21	2.80	66	0	65	96.45	68.36	0.00	0.00	0.00	0.00	0.00	0.00	0.00	0.00	0.00	0.00	0.00	12.38	10.46	0.00	0.52	0.00	0.00
715	11.53	4086	4701	0.91	56	0	1	0	0	1	28	0	18	0	2	0.07	0.00	0.00	0.42	70.49	0.00	48.87	0.00	13.42	21.82	0.00	45.26	21.39	66	0	66	139.94	113.47	0.00	0.00	0.00	0.00	0.00	0.00	0.00	0.00	0.00	0.00	0.00	43.42	36.04	0.00	1.89	0.00	0.00
704	16.46	4090	3240	0.92	39	0	0	0	1	0	20	0	14	0	0	0.00	0.00	0.28	0.00	45.41	0.00	40.51	0.00	0.00	20.74	0.00	30.11	32.70	66	0	66	134.84	98.16	0.00	0.00	0.00	0.00	0.00	0.00	0.00	0.00	0.00	0.00	0.00	24.34	23.53	0.00	1.02	0.00	0.00
627	22.14	4090	2145	0.92	33	0	0	0	1	1	25	0	14	0	0	0.00	0.00	0.13	0.35	35.38	0.00	17.08	0.00	0.00	16.26	0.83	47.71	13.06	66	0	66	96.29	68.28	0.00	0.00	0.00	0.00	0.00	0.00	0.00	0.00	0.00	0.00	0.00	12.59	10.48	0.00	0.52	0.00	0.00
710	11.36	4087	4732	0.90	57	0	0	0	2	1	31	0	20	0	0	0.00	0.00	0.10	0.56	79.01	0.00	55.05	0.00	0.00	20.00	0.00	48.39	20.24	65	0	66	145.98	118.48	0.00	0.00	0.00	0.00	0.00	0.00	0.00	0.00	0.00	0.00	0.00	44.87	36.98	0.00	1.98	0.00	0.00
790	16.43	4086	3645	0.90	33	0	0	1	0	0	25	0	8	0	0	0.00	0.06	0.00	0.00	78.80	0.00	17.76	0.00	0.00	22.59	0.00	58.34	2.65	66	0	66	140.46	100.80	0.00	0.00	0.00	0.00	0.00	0.00	0.00	0.00	0.00	0.00	0.00	30.25	27.41	0.00	1.23	0.00	0.00
674	20.02	4091	2549	0.93	33	0	0	0	1	1	28	0	3	0	0	0.00	0.00	0.26	0.60	57.41	0.00	6.33	0.00	0.00	23.15	1.25	55.58	0.00	66	0	66	110.02	74.25	0.00	0.00	0.00	0.00	0.00	0.00	0.00	0.00	0.00	0.00	0.00	15.03	14.45	0.00	0.61	0.00	0.00
711	15.39	4088	3496	0.91	41	0	0	0	2	1	26	0	11	0	0	0.00	0.00	0.55	0.13	66.67	0.00	26.79	0.00	0.00	19.76	0.00	54.50	10.35	66	0	66	138.29	104.14	0.00	0.00	0.00	0.00	0.00	0.00	0.00	0.00	0.00	0.00	0.00	28.91	24.92	0.00	1.27	0.00	0.00
704	17.35	4090	3070	0.93	34	0	0	0	2	0	28	0	4	0	0	0.00	0.00	0.74	0.00	70.71	0.00	9.26	0.00	0.00	21.68	0.00	57.11	3.86	66	0	66	131.27	93.41	0.00	0.00	0.00	0.00	0.00	0.00	0.00	0.00	0.00	0.00	0.00	23.85	20.64	0.00	0.98	0.00	0.00
707	17.00	4090	3150	0.91	34	0	0	0	1	2	26	0	5	0	0	0.00	0.00	0.31	1.26	68.32	0.00	13.39	0.00	0.00	20.99	0.00	62.01	0.00	66	0	66	133.76	96.02	0.00	0.00	0.00	0.00	0.00	0.00	0.00	0.00	0.00	0.00	0.00	24.60	21.55	0.00	1.03	0.00	0.00
702	17.49	4089	3038	0.93	33	0	0	0	1	1	29	0	3	0	0	0.00	0.00	0.25	0.64	72.58	0.00	6.19	0.00	0.00	21.32	1.09	60.10	0.00	66	0	66	130.19	91.83	0.00	0.00	0.00	0.00	0.00	0.00	0.00	0.00	0.00	0.00	0.00	24.32	20.57	0.00	0.99	0.00	0.00
706	16.96	4091	3151	0.92	33	0	0	0	2	4	29	0	4	0	0	0.00	0.00	0.26	1.02	71.44	0.00	10.68	0.00	0.00	21.49	0.00	61.55	0.00	66	0	66	133.06	95.45	0.00	0.00	0.00	0.00	0.00	0.00	0.00	0.00	0.00	0.00	0.00	24.17	21.58	0.00	1.03	0.00	0.00
696	17.35	4089	3040	0.94	33	0	0	0	0	2	29	0	3	0	0	0.00	0.00	0.00	1.08	72.21	0.00	6.60	0.00	0.00	21.33	1.18	60.13	0.00	66	0	66	130.34	92.30	0.00	0.00	0.00	0.00	0.00	0.00	0.00	0.00	0.00	0.00	0.00	24.16	20.53	0.00	0.99	0.00	0.00
698	17.02	4090	3106	0.92	34	0	0	0	2	4	30	0	3	0	0	0.00	0.00	0.32	1.07	71.72	0.00	8.85	0.00	0.00	21.81	0.00	61.17	0.00	66	0	66	131.22	94.09	0.00	0.00	0.00	0.00	0.00	0.00	0.00	0.00	0.00	0.00	0.00	23.45	20.84	0.00	1.00	0.00	0.00
706	17.07	4089	3131	0.92	33	0	0	0	1	2	28	0	3	0	0	0.00	0.00	0.23	1.30	73.38	0.00	7.60	0.00	0.00	21.28	0.00	61.65	0.00	66	0	66	132.90	94.71	0.00	0.00	0.00	0.00	0.00	0.00	0.00	0.00	0.00	0.00	0.00	24.85	22.05	0.00	1.00	0.00	0.00
702	17.12	4090	3102	0.92	33	0	0	0	2	0	29	0	3	0	0	0.00	0.00	0.61	0.00	73.17	0.00	8.00	0.00	0.00	21.54	0.00	57.30	4.05	66	0	66	132.16	94.18	0.00	0.00	0.00	0.00	0.00	0.00	0.00	0.00	0.00	0.00	0.00	25.15	21.68	0.00	1.03	0.00	0.00
702	17.44	4089	3047	0.93	33	0	0	0	1	1	28	0	4	0	0	0.00	0.00	0.34	0.64	69.55	0.00	9.37	0.00	0.00	21.40	1.07	60.09	0.00	65	0	66	130.08	92.09	0.00	0.00	0.00	0.00	0.00	0.00	0.00	0.00	0.00	0.00	0.00	23.82	20.38	0.00	0.99	0.00	0.00
704	16.96	4090	3141	0.91	34	0	0	0	2	2	29	0	4	0	0	0.00	0.00	0.33	0.69	71.26	0.00	10.73	0.00	0.00	21.44	0.00	61.59	0.00	66	0	66	133.61	95.69	0.00	0.00	0.00	0.00	0.00	0.00	0.00	0.00	0.00	0.00	0.00	24.94	22.07	0.00	1.03	0.00	0.00
702	17.37	4088	3061	0.93	34	0	0	0	2	4	28	0	6	0	0	0.00	0.00	0.49	0.52	64.04	0.00	15.10	0.00	0.00	22.18	0.00	50.75	9.71	66	0	66	130.47	92.28	0.00	0.00	0.00	0.00	0.00	0.00	0.00	0.00	0.00	0.00	0.00	23.83	20.48	0.00	0.99	0.00	0.00
698	17.06	4090	3096	0.92	33	0	0	1	1	2	28	0	3	0	0	0.00	0.00	0.40	1.41	70.92	0.00	8.88	0.00	0.00	21.54	0.00	61.39	0.00	66	0	66	130.71	93.65	0.00	0.00	0.00	0.00	0.00	0.00	0.00	0.00	0.00	0.00	0.00	23.94	21.21	0.00	0.98	0.00	0.00
716	17.18	4090	3154	0.92	32	0	0	0	2	1	28	0	3	0	0	0.00	0.00	0.56	0.82	72.27	0.00	9.35	0.00	0.00	21.47	0.00	61.35	0.00	65	0	65	134.92	96.27	0.00	0.00	0.00	0.00	0.00	0.00	0.00	0.00	0.00	0.00	0.00	25.20	22.38	0.00	1.03	0.00	0.00
696	17.41	4088	3028	0.93	33	0	0	0	1	1	27	0	5	0	0	0.00	0.00	0.22	0.74	69.03	0.00	9.24	0.00	0.00	21.63	1.27	55.07	4.62	65	0	66	128.86	90.99	0.00	0.00	0.00	0.00	0.00	0.00	0.00	0.00	0.00	0.00	0.00	23.77	19.88	0.00	0.99	0.00	0.00
707	16.97	4091	3152	0.92	33	0	0	0	2	1	26	0	6	0	0	0.00	0.00	0.48	0.61	66.28	0.00	16.21	0.00	0.00	21.39	0.00	57.60	4.04	65	0	65	134.28	96.19	0.00	0.00	0.00	0.00	0.00	0.00	0.00	0.00	0.00	0.00	0.00	24.40	21.67	0.00	1.02	0.00	0.00
696	17.26	4089	3054	0.93	33	0	0	0	1	1	27	0	5	0	0	0.00	0.00	0.32	0.74	67.29	0.00	11.67	0.00	0.00	21.66	1.26	56.33	3.50	66	0	65	129.36	92.07	0.00	0.00	0.00	0.00	0.00	0.00	0.00	0.00	0.00	0.00	0.00	23.93	20.50	0.00	1.00	0.00	0.00
701	17.13	4090	3096	0.93	34	0	0	0	2	2	29	0	4	0	0	0.00	0.00	0.42	0.71	69.73	0.00	10.83	0.00	0.00	21.74	0.00	57.30	3.84	65	0	66	131.55	93.86	0.00	0.00	0.00	0.00	0.00	0.00	0.00	0.00	0.00	0.00	0.00	23.30	20.64	0.00	0.98	0.00	0.00
706	17.12	4089	3121	0.92	34	0	0	0	1	2	29	0	2	0	0	0.00	0.00	0.30	1.24	74.79	0.00	5.83	0.00	0.00	21.49	0.00	61.40	0.00	66	0	66	132.47	94.77	0.00	0.00	0.00	0.00	0.00	0.00	0.00	0.00	0.00	0.00	0.00	24.45	21.31	0.00	1.03	0.00	0.00
702	17.18	4089	3095	0.93	34	0	0	0	2	0	27	0	5	0	0	0.00	0.00	0.67	0.00	67.95	0.00	12.78	0.00	0.00	21.64	0.00	57.13	4.05	66	0	66	131.99	93.70	0.00	0.00	0.00	0.00	0.00	0.00	0.00	0.00	0.00	0.00	0.00	24.30	21.36	0.00	0.99	0.00	0.00
701	17.17	4089	3092	0.92	34	0	0	0	2	1	28	0	5	0	0	0.00	0.00	0.60	0.13	67.98	0.00	12.54	0.00	0.00	21.93	0.00	56.98	3.91	66	0	65	131.09	93.52	0.00	0.00	0.00	0.00	0.00	0.00	0.00	0.00	0.00	0.00	0.00	24.26	20.78	0.00	1.01	0.00	0.00
703	17.07	4090	3119	0.92	33	0	0	0	1	1	30	0	2	0	0	0.00	0.00	0.36	0.38	76.94	0.00	4.67	0.00	0.00	21.28	0.00	61.65	0.00	66	0	66	133.16	94.74	0.00	0.00	0.00	0.00	0.00	0.00	0.00	0.00	0.00	0.00	0.00	24.99	21.75	0.00	1.02	0.00	0.00
695	17.35	4088	3033	0.93	34	0	0	0	1	1	27	0	5	0	0	0.00	0.00	0.32	0.73	66.40	0.00	12.07	0.00	0.00	21.42	1.27	54.02	5.93	66	0	66	128.85	91.41	0.00	0.00	0.00	0.00	0.00	0.00	0.00	0.00	0.00	0.00	0.00	24.53	20.82	0.00	0.99	0.00	0.00
707	16.88	4091	3171	0.92	34	0	0	0	2	1	28	0	4	0	0	0.00	0.00	0.43	0.64	70.30	0.00	12.51	0.00	0.00	21.40	0.00	61.71	0.00	66	0	66	134.49	96.38	0.00	0.00	0.00	0.00	0.00	0.00	0.00	0.00	0.00	0.00	0.00	24.02	22.10	0.00	1.03	0.00	0.00
693	17.33	4086	3032	0.92	33	0	0	0	1	1	28	0	4	0	0	0.00	0.00	0.25	0.74	69.24	0.00	9.23	0.00	0.00	21.89	1.28	59.50	0.00	66	0	66	129.20	91.26	0.00	0.00	0.00	0.00	0.00	0.00	0.00	0.00	0.00	0.00	0.00	24.45	20.67	0.00	0.98	0.00	0.00
716	17.21	4091	3149	0.92	36	0	0	1	3	1	28	0	5	0	0	0.00	0.03	0.71	0.64	68.95	0.00	12.74	0.00	0.00	22.43	0.00	56.41	3.95	65	0	66	134.99	95.39	0.00	0.00	0.00	0.00	0.00	0.00	0.00	0.00	0.00	0.00	0.00	24.85	21.91	0.00	1.04	0.00	0.00
700	17.29	4089	3063	0.92	34	0	0	0	1	1	27	0	5	0	0	0.00	0.00	0.37	0.75	67.61	0.00	11.68	0.00	0.00	21.40	1.28	56.56	3.47	65	0	66	130.45	92.48	0.00	0.00	0.00	0.00	0.00	0.00	0.00	0.00	0.00	0.00	0.00	24.17	20.85	0.00	0.99	0.00	0.00
707	17.38	4089	3080	0.93	33	0	0	0	1	2	29	0	3	0	0	0.00	0.00	0.15	1.25	72.14	0.00	7.44	0.00	0.00	21.02	1.05	57.00	3.54	66	0	66	131.36	93.69	0.00	0.00	0.00	0.00	0.00	0.00	0.00	0.00	0.00	0.00	0.00	23.57	20.69	0.00	0.99	0.00	0.00
703	16.89	4091	3150	0.92	33	0	0	0	2	2	31	0	2	0	0	0.00	0.00	0.33	0.69	76.18	0.00	5.96	0.00	0.00	21.96	0.00	61.15	0.00	66	0	66	133.30	95.76	0.00	0.00	0.00	0.00	0.00	0.00	0.00	0.00	0.00	0.00	0.00	24.82	21.77	0.00	1.03	0.00	0.00
612	21.71	4091	2134	0.94	33	0	0	0	1	1	29	0	10	0	0	0.00	0.00	0.17	0.33	40.50	0.00	11.92	0.00	0.00	16.67	0.79	52.90	7.93	66	0	66	96.52	68.39	0.00	0.00	0.00	0.00	0.00	0.00	0.00	0.00	0.00	0.00	0.00	12.42	10.59	0.00	0.51	0.00	0.00
723	11.53	4085	4756	0.91	56	0	0	0	1	1	28	0	19	0	4	0.00	0.00	0.07	0.52	72.04	0.00	50.53	0.00	11.15	21.95	0.00	46.85	19.67	65	0	66	139.31	113.50	0.00	0.00	0.00	0.00	0.00	0.00	0.00	0.00	0.00	0.00	0.00	42.98	35.64	0.00	1.90	0.00	0.00
712	16.76	4090	3216	0.92	40	0	0	0	1	1	21	0	12	0	0	0.00	0.00	0.33	0.88	49.92	0.00	34.01	0.00	0.00	20.58	1.41	45.83	15.42	66	0	66	135.11	98.44	0.00	0.00	0.00	0.00	0.00	0.00	0.00	0.00	0.00	0.00	0.00	23.42	22.21	0.00	1.02	0.00	0.00
624	21.86	4090	2159	0.93	33	0	0	0	1	1	25	0	14	0	0	0.00	0.00	0.14	0.34	35.75	0.00	17.10	0.00	0.00	16.70	0.81	47.50	13.12	66	0	66	95.99	68.22	0.00	0.00	0.00	0.00	0.00	0.00	0.00	0.00	0.00	0.00	0.00	12.99	10.99	0.00	0.52	0.00	0.00
711	11.43	4087	4711	0.91	58	0	0	1	1	1	31	0	19	0	0	0.00	0.02	0.15	0.49	82.51	0.00	50.97	0.00	0.00	20.18	0.00	52.09	16.30	66	0	66	145.46	117.98	0.00	0.00	0.00	0.00	0.00	0.00	0.00	0.00	0.00	0.00	0.00	44.86	37.29	0.00	1.96	0.00	0.00
739	17.82	4089	3140	0.91	34	0	0	1	1	0	26	0	7	0	0	0.00	0.00	0.13	0.00	62.12	0.00	19.65	0.00	0.00	20.55	0.00	61.63	0.00	67	0	67	131.85	94.91	0.00	0.00	0.00	0.00	0.00	0.00	0.00	0.00	0.00	0.00	0.00	24.29	21.50	0.00	1.02	0.00	0.00
781	15.84	4090	3734	0.91	33	0	0	2	0	1	25	0	5	0	0	0.00	0.00	0.00	1.16	86.80	0.00	12.00	0.00	0.00	22.81	1.70	57.38	2.27	66	0	67	145.01	103.76	0.00	0.00	0.00	0.00	0.00	0.00	0.00	0.00	0.00	0.00	0.00	32.08	28.05	0.00	1.34	0.00	0.00
658	21.69	4091	2297	0.95	26	0	0	1	1	0	26	0	4	0	0	0.00	0.02	0.02	0.00	49.92	0.00	7.24	0.00	0.00	18.76	0.00	59.56	0.00	66	0	66	112.60	74.23	0.00	0.00	0.00	0.00	0.00	0.00	0.00	0.00	0.00	0.00	0.00	15.05	13.23	0.00	0.59	0.00	0.00
712	14.68	4088	3675	0.92	41	0	0	0	1	0	30	0	9	0	0	0.00	0.00	0.08	0.00	77.00	0.00	22.97	0.00	0.00	21.53	0.00	61.36	2.43	66	0	66	137.03	103.30	0.00	0.00	0.00	0.00	0.00	0.00	0.00	0.00	0.00	0.00	0.00	30.44	27.04	0.00	1.28	0.00	0.00
618	23.06	4093	2027	0.94	33	0	0	1	1	3	27	0	7	0	0	0.00	0.00	0.12	0.26	39.23	0.00	9.91	0.00	0.00	29.89	0.00	47.04	0.00	66	0	66	114.94	81.72	0.00	0.00	0.00	0.00	0.00	0.00	0.00	0.00	0.00	0.00	0.00	14.17	11.99	0.00	0.58	0.00	0.00
646	18.15	4087	2695	0.88	57	0	0	1	0	1	34	0	16	0	0	0.00	0.00	0.00	0.46	49.15	0.00	20.73	0.00	0.00	12.56	0.92	57.75	10.62	63	0	62	117.16	99.16	0.00	0.00	0.00	0.00	0.00	0.00	0.00	0.00	0.00	0.00	0.00	20.50	17.79	0.00	0.92	0.00	0.00
709	10.08	4077	5343	0.89	66	0	0	0	0	5	39	0	18	0	0	0.00	0.00	0.00	0.57	102.90	0.00	50.19	0.00	0.00	18.71	0.00	55.81	15.40	65	0	65	122.45	102.03	0.00	0.00	0.00	0.00	0.00	0.00	0.00	0.00	0.00	0.00	0.00	38.86	35.96	0.00	1.74	0.00	0.00
742	17.24	4087	3259	0.85	34	0	0	0	2	2	28	0	7	0	0	0.00	0.00	0.29	1.00	69.76	0.00	14.85	0.00	0.00	20.31	0.00	62.46	0.00	66	0	66	120.90	91.67	0.00	0.00	0.00	0.00	0.00	0.00	0.00	0.00	0.00	0.00	0.00	22.86	21.04	0.00	0.97	0.00	0.00
645	23.87	4091	2044	0.89	33	0	0	1	0	1	26	0	5	0	0	0.00	0.01	0.00	0.30	39.72	0.00	9.17	0.00	0.00	16.38	0.00	59.76	0.00	68	0	67	113.19	87.00	0.00	0.00	0.00	0.00	0.00	0.00	0.00	0.00	0.00	0.00	0.00	17.14	12.47	0.00	0.75	0.00	0.00
640	12.68	4085	3827	0.91	59	0	0	0	1	1	24	0	23	0	1	0.00	0.00	0.08	0.59	53.41	0.00	51.85	0.00	0.75	17.40	0.87	55.83	13.22	68	0	68	119.34	99.00	0.00	0.00	0.00	0.00	0.00	0.00	0.00	0.00	0.00	0.00	0.00	27.49	25.70	0.00	1.19	0.00	0.00
629	21.26	4091	2239	0.90	41	0	0	0	2	2	18	0	23	0	0	0.00	0.00	0.14	0.60	23.02	0.00	32.23	0.00	0.00	18.66	0.00	33.89	26.20	68	0	68	108.01	86.35	0.00	0.00	0.00	0.00	0.00	0.00	0.00	0.00	0.00	0.00	0.00	14.41	13.02	0.00	0.63	0.00	0.00
673	9.33	4082	5477	0.90	66	0	0	0	1	1	28	0	26	0	2	0.00	0.00	0.15	0.62	79.85	0.00	73.18	0.00	5.34	17.96	0.00	55.17	17.54	69	0	69	121.29	102.46	0.00	0.00	0.00	0.00	0.00	0.00	0.00	0.00	0.00	0.00	0.00	43.93	36.98	0.00	1.98	0.00	0.00
731	17.13	4091	3228	0.85	32	0	1	0	0	2	18	0	17	0	0	0.12	0.00	0.00	0.99	42.53	0.00	41.83	0.00	0.00	20.21	0.00	26.77	35.89	69	0	69	119.20	91.60	0.00	0.00	0.00	0.00	0.00	0.00	0.00	0.00	0.00	0.00	0.00	22.31	20.17	0.00	0.98	0.00	0.00
752	17.98	4087	3169	0.85	33	0	0	0	1	1	28	0	4	0	0	0.00	0.00	0.15	0.62	69.50	0.00	12.15	0.00	0.00	17.48	0.00	64.53	0.00	70	0	69	123.50	94.80	0.00	0.00	0.00	0.00	0.00	0.00	0.00	0.00	0.00	0.00	0.00	30.07	22.52	0.00	1.24	0.00	0.00
721	17.77	4089	3070	0.87	35	0	0	0	1	1	23	0	8	0	0	0.00	0.00	0.10	0.79	57.25	0.00	22.18	0.00	0.00	18.35	1.36	52.25	10.25	69	0	69	122.48	93.44	0.00	0.00	0.00	0.00	0.00	0.00	0.00	0.00	0.00	0.00	0.00	22.64	19.78	0.00	0.98	0.00	0.00
731	17.30	4088	3201	0.86	36	0	0	0	1	1	27	0	6	0	0	0.00	0.00	0.10	0.76	70.17	0.00	13.16	0.00	0.00	17.82	1.32	63.56	0.00	69	0	69	122.92	94.53	0.00	0.00	0.00	0.00	0.00	0.00	0.00	0.00	0.00	0.00	0.00	24.87	22.07	0.00	1.03	0.00	0.00
723	18.23	4088	3006	0.86	31	0	0	0	1	1	26	0	5	0	0	0.00	0.00	0.30	0.77	65.87	0.00	11.19	0.00	0.00	19.37	0.00	62.40	0.00	69	0	69	123.68	93.25	0.00	0.00	0.00	0.00	0.00	0.00	0.00	0.00	0.00	0.00	0.00	24.48	20.95	0.00	1.00	0.00	0.00
733	17.47	4088	3177	0.86	33	0	0	1	0	1	24	0	9	0	0	0.00	0.05	0.00	0.75	60.33	0.00	22.42	0.00	0.00	17.83	1.23	49.77	13.70	69	0	70	123.03	94.39	0.00	0.00	0.00	0.00	0.00	0.00	0.00	0.00	0.00	0.00	0.00	23.71	20.87	0.00	1.01	0.00	0.00
729	17.93	4085	3081	0.86	34	0	0	0	1	0	28	0	5	0	0	0.00	0.00	0.38	0.00	69.16	0.00	10.87	0.00	0.00	18.98	0.00	63.08	0.00	69	0	70	124.34	94.34	0.00	0.00	0.00	0.00	0.00	0.00	0.00	0.00	0.00	0.00	0.00	24.36	21.24	0.00	1.02	0.00	0.00
733	17.93	4087	3097	0.86	34	0	0	0	0	5	34	0	1	0	0	0.00	0.00	0.00	0.63	77.73	0.00	2.36	0.00	0.00	19.44	0.00	62.64	0.00	69	0	70	123.42	93.80	0.00	0.00	0.00	0.00	0.00	0.00	0.00	0.00	0.00	0.00	0.00	23.89	20.32	0.00	1.01	0.00	0.00
628	14.76	4087	3221	0.90	65	0	0	1	0	1	34	0	19	0	1	0.00	0.00	0.00	0.41	56.11	0.00	30.93	0.00	0.20	16.56	0.65	50.12	17.90	70	0	70	115.05	96.70	0.00	0.00	0.00	0.00	0.00	0.00	0.00	0.00	0.00	0.00	0.00	22.96	20.60	0.00	1.02	0.00	0.00
730	19.83	4091	2786	0.85	26	0	0	0	2	1	22	0	9	0	0	0.00	0.00	0.60	0.79	50.42	0.00	19.23	0.00	0.00	20.30	0.00	58.19	1.68	71	0	70	120.55	89.06	0.00	0.00	0.00	0.00	0.00	0.00	0.00	0.00	0.00	0.00	0.00	18.14	18.86	0.00	0.72	0.00	0.00
738	17.65	4089	3165	0.85	34	0	0	1	0	1	29	0	3	0	0	0.00	0.02	0.00	0.45	73.01	0.00	9.30	0.00	0.00	17.44	0.00	64.91	0.00	70	0	70	123.17	94.82	0.00	0.00	0.00	0.00	0.00	0.00	0.00	0.00	0.00	0.00	0.00	29.52	21.10	0.00	1.27	0.00	0.00
802	16.14	4086	3766	0.84	34	0	0	0	1	1	22	0	10	0	0	0.00	0.00	0.12	1.00	69.21	0.00	30.17	0.00	0.00	16.03	1.39	55.14	11.31	70	0	70	128.74	98.87	0.00	0.00	0.00	0.00	0.00	0.00	0.00	0.00	0.00	0.00	0.00	30.75	27.55	0.00	1.25	0.00	0.00
735	20.81	4089	2674	0.86	34	0	0	0	1	0	24	0	3	0	0	0.00	0.00	0.40	0.00	57.60	0.00	9.15	0.00	0.00	21.18	0.00	58.01	0.00	71	0	71	124.05	89.38	0.00	0.00	0.00	0.00	0.00	0.00	0.00	0.00	0.00	0.00	0.00	19.65	17.75	0.00	0.79	0.00	0.00
721	18.62	4090	2929	0.86	25	0	0	1	0	1	28	0	3	0	0	0.00	0.05	0.00	0.51	67.17	0.00	7.96	0.00	0.00	18.85	0.00	62.52	0.00	70	0	71	122.23	92.15	0.00	0.00	0.00	0.00	0.00	0.00	0.00	0.00	0.00	0.00	0.00	23.02	18.98	0.00	0.99	0.00	0.00
731	17.34	4087	3194	0.86	34	0	0	1	0	1	26	0	7	0	0	0.00	0.05	0.00	0.72	64.64	0.00	18.72	0.00	0.00	17.77	1.26	52.92	10.71	70	0	71	123.72	94.72	0.00	0.00	0.00	0.00	0.00	0.00	0.00	0.00	0.00	0.00	0.00	24.29	22.04	0.00	1.03	0.00	0.00
722	18.20	4088	3005	0.86	34	0	0	0	1	5	30	0	2	0	0	0.00	0.00	0.02	0.56	72.13	0.00	5.29	0.00	0.00	19.31	0.00	62.49	0.00	70	0	70	122.50	93.38	0.00	0.00	0.00	0.00	0.00	0.00	0.00	0.00	0.00	0.00	0.00	23.68	19.66	0.00	0.99	0.00	0.00
731	17.50	4087	3163	0.86	33	0	0	0	1	1	25	0	7	0	0	0.00	0.00	0.10	0.76	63.71	0.00	18.60	0.00	0.00	17.87	1.35	58.57	4.71	70	0	71	123.83	94.75	0.00	0.00	0.00	0.00	0.00	0.00	0.00	0.00	0.00	0.00	0.00	23.79	21.09	0.00	1.02	0.00	0.00
725	18.31	4086	3001	0.87	34	0	0	0	1	5	29	0	5	0	0	0.00	0.00	0.10	0.63	63.07	0.00	14.08	0.00	0.00	19.57	0.00	51.75	10.37	71	0	70	122.96	93.17	0.00	0.00	0.00	0.00	0.00	0.00	0.00	0.00	0.00	0.00	0.00	23.37	20.19	0.00	0.97	0.00	0.00
738	17.22	4088	3244	0.85	35	0	0	1	0	1	29	0	4	0	0	0.00	0.03	0.00	0.70	75.34	0.00	9.65	0.00	0.00	17.54	1.19	58.87	5.18	71	0	71	125.11	95.77	0.00	0.00	0.00	0.00	0.00	0.00	0.00	0.00	0.00	0.00	0.00	25.28	22.30	0.00	1.04	0.00	0.00
729	18.20	4089	3031	0.87	31	0	0	0	1	1	29	0	2	0	0	0.00	0.00	0.32	0.80	71.63	0.00	6.22	0.00	0.00	19.01	0.00	62.79	0.00	70	0	71	123.64	93.75	0.00	0.00	0.00	0.00	0.00	0.00	0.00	0.00	0.00	0.00	0.00	23.72	20.32	0.00	1.01	0.00	0.00
721	17.72	4090	3079	0.86	33	0	0	2	0	1	25	0	6	0	0	0.00	0.05	0.00	0.67	62.13	0.00	17.70	0.00	0.00	18.54	1.20	52.21	10.33	71	0	71	122.60	93.57	0.00	0.00	0.00	0.00	0.00	0.00	0.00	0.00	0.00	0.00	0.00	24.87	21.39	0.00	1.01	0.00	0.00
730	17.77	4089	3112	0.86	33	0	0	0	1	1	25	0	7	0	0	0.00	0.00	0.10	0.80	63.44	0.00	16.95	0.00	0.00	18.15	1.34	62.74	0.00	71	0	71	123.01	94.01	0.00	0.00	0.00	0.00	0.00	0.00	0.00	0.00	0.00	0.00	0.00	23.16	20.36	0.00	1.00	0.00	0.00
719	17.99	4089	3024	0.87	33	0	0	0	0	1	27	0	4	0	0	0.00	0.00	0.00	0.69	68.13	0.00	10.13	0.00	0.00	18.61	1.14	62.25	0.00	70	0	71	122.29	92.95	0.00	0.00	0.00	0.00	0.00	0.00	0.00	0.00	0.00	0.00	0.00	23.98	20.66	0.00	0.99	0.00	0.00
628	25.76	4092	1845	0.89	41	0	0	0	1	1	22	0	10	0	0	0.00	0.00	0.05	0.42	29.99	0.00	12.96	0.00	0.00	15.53	1.18	52.80	4.73	70	0	71	111.23	85.55	0.00	0.00	0.00	0.00	0.00	0.00	0.00	0.00	0.00	0.00	0.00	12.87	11.60	0.00	0.53	0.00	0.00
696	9.95	4080	5308	0.89	57	0	0	0	1	1	31	0	23	0	0	0.00	0.00	0.23	0.70	87.54	0.00	64.51	0.00	0.00	18.30	0.00	46.09	25.66	71	0	71	121.30	101.69	0.00	0.00	0.00	0.00	0.00	0.00	0.00	0.00	0.00	0.00	0.00	39.21	35.45	0.00	1.76	0.00	0.00
664	16.49	4086	3053	0.90	34	0	0	0	2	1	24	0	8	0	0	0.00	0.00	0.54	0.71	65.76	0.00	14.08	0.00	0.00	20.06	0.00	61.63	1.83	71	0	71	124.08	94.12	0.00	0.00	0.00	0.00	0.00	0.00	0.00	0.00	0.00	0.00	0.00	23.37	20.35	0.00	1.00	0.00	0.00
821	15.26	4087	4075	0.82	33	0	0	0	2	2	30	0	4	0	0	0.00	0.00	0.51	1.49	101.20	0.00	6.67	0.00	0.00	18.42	0.00	62.93	3.39	71	0	71	125.69	96.88	0.00	0.00	0.00	0.00	0.00	0.00	0.00	0.00	0.00	0.00	0.00	29.82	27.74	0.00	1.27	0.00	0.00
829	19.91	4089	3151	0.83	26	0	0	0	1	1	24	0	3	0	0	0.00	0.00	0.13	0.73	66.82	0.00	12.11	0.00	0.00	17.80	0.00	62.29	0.00	72	0	71	129.06	93.61	0.00	0.00	0.00	0.00	0.00	0.00	0.00	0.00	0.00	0.00	0.00	30.88	22.26	0.00	1.26	0.00	0.00
600	33.22	4093	1366	0.91	28	0	0	0	0	1	25	0	3	0	0	0.00	0.00	0.00	0.29	25.67	0.00	2.69	0.00	0.00	21.60	1.07	44.11	0.00	71	0	71	94.37	68.20	0.00	0.00	0.00	0.00	0.00	0.00	0.00	0.00	0.00	0.00	0.00	7.99	7.30	0.00	0.32	0.00	0.00
692	8.07	4078	6508	0.88	79	0	0	0	1	0	33	0	34	0	0	0.00	0.00	0.35	0.00	93.40	0.00	98.42	0.00	0.00	15.83	0.00	52.68	23.42	71	0	70	122.79	106.24	0.00	0.00	0.00	0.00	0.00	0.00	0.00	0.00	0.00	0.00	0.00	50.00	44.67	0.00	2.26	0.00	0.00
668	16.79	4086	3016	0.90	34	0	0	0	2	1	23	0	8	0	0	0.00	0.00	0.32	0.61	61.85	0.00	17.06	0.00	0.00	19.41	0.00	62.22	1.59	71	0	71	123.22	93.82	0.00	0.00	0.00	0.00	0.00	0.00	0.00	0.00	0.00	0.00	0.00	23.15	19.60	0.00	0.99	0.00	0.00
764	15.20	4064	3827	0.68	33	0	0	0	9	9	41	0	6	0	0	0.00	0.00	2.13	3.88	85.51	0.00	10.66	0.00	0.00	22.71	2.66	59.42	0.00	65	0	69	128.23	90.65	0.00	0.00	0.00	0.00	0.00	0.00	0.00	0.00	0.00	0.00	0.00	26.27	25.23	0.00	1.25	0.00	0.00
761	18.58	4043	3137	0.67	36	0	0	7	21	9	38	0	3	0	0	0.00	1.05	4.98	3.93	59.03	0.00	9.25	0.00	0.00	38.09	5.35	37.98	0.00	63	0	65	140.89	81.62	0.00	0.00	0.00	0.00	0.00	0.00	0.00	0.00	0.00	0.00	0.00	27.39	23.52	0.00	1.38	0.00	0.00
781	19.36	4029	3101	0.64	33	0	0	3	30	19	42	0	0	0	0	0.00	0.17	7.96	7.38	61.47	0.00	0.00	0.00	0.00	41.03	8.94	30.68	0.00	62	0	62	143.61	85.65	0.00	0.00	0.00	0.00	0.00	0.00	0.00	0.00	0.00	0.00	0.00	28.79	23.35	0.00	1.40	0.00	0.00
922	22.47	3922	3240	0.67	27	0	1	14	80	11	22	0	0	0	0	0.06	7.52	23.99	7.45	39.90	0.00	0.00	0.00	0.00	70.22	2.95	4.37	0.00	62	0	62	176.80	93.11	0.00	0.00	0.00	0.00	0.00	0.00	0.00	0.00	0.00	0.00	0.00	27.64	27.51	0.00	1.11	0.00	0.00
611	14.83	4027	3165	0.78	27	0	0	1	6	4	25	0	0	0	0	0.00	0.03	3.06	5.45	76.40	0.00	0.00	0.00	0.00	24.92	8.61	51.64	0.00	61	0	61	125.49	73.82	0.00	0.00	2.33	8.76	0.00	0.00	0.00	0.00	0.00	0.00	0.00	27.77	20.95	0.00	1.25	0.00	0.00
321	7.88	4078	3095	0.86	25	0	0	0	1	3	26	0	0	0	0	0.00	0.00	0.14	3.63	87.79	0.00	0.00	0.00	0.00	14.71	5.09	72.32	0.00	60	0	59	61.46	57.26	0.00	0.00	4.11	25.96	0.00	0.00	0.00	0.00	0.00	0.00	0.00	14.89	11.36	0.00	1.06	0.00	0.00
320	7.86	4076	3096	0.88	25	0	0	1	1	2	27	0	0	0	0	0.00	0.00	0.51	2.57	88.58	0.00	0.00	0.00	0.00	15.31	4.32	72.52	0.00	59	0	59	63.32	58.04	0.00	0.00	3.89	25.80	0.00	0.00	0.00	0.00	0.00	0.00	0.00	14.18	12.03	0.00	1.05	0.00	0.00
342	8.48	4073	3065	0.83	25	0	0	0	2	2	28	0	0	0	0	0.00	0.00	0.74	1.29	87.89	0.00	0.00	0.00	0.00	15.99	1.67	73.87	0.00	58	0	58	62.09	57.21	0.00	0.00	5.91	25.12	0.00	0.00	0.00	0.00	0.00	0.00	0.00	14.92	10.84	0.00	1.05	0.00	0.00
349	8.52	4077	3113	0.83	26	0	0	1	1	2	27	0	1	0	0	0.00	0.03	0.58	2.10	83.75	0.00	4.55	0.00	0.00	15.90	3.28	72.31	0.00	58	0	57	72.13	57.56	0.00	0.00	4.88	25.82	0.00	0.00	0.00	0.00	0.00	0.00	0.00	15.84	12.61	0.00	1.08	0.00	0.00
326	7.84	4082	3153	0.88	25	0	0	0	3	1	22	0	4	0	0	0.00	0.00	1.43	1.36	75.49	0.00	15.33	0.00	0.00	14.47	2.35	70.56	4.79	58	0	57	63.21	58.60	0.00	0.00	2.29	27.03	0.00	0.00	0.00	0.00	0.00	0.00	0.00	14.87	12.19	0.00	1.09	0.00	0.00
755	19.34	4031	2999	0.78	52	0	0	1	5	7	52	0	2	0	0	0.00	0.03	4.76	3.44	66.50	0.00	0.84	0.00	0.00	38.55	0.72	41.40	0.00	59	0	58	109.40	82.48	0.00	0.00	0.00	0.00	0.00	0.00	0.00	0.00	0.00	0.00	0.00	20.31	18.08	0.00	1.06	0.00	0.00
826	21.21	4057	2970	0.84	25	0	0	0	5	7	29	0	0	0	0	0.00	0.00	2.35	5.71	64.91	0.00	0.00	0.00	0.00	32.86	7.96	37.96	0.00	59	0	60	169.86	85.46	0.00	0.00	0.00	0.00	0.00	0.00	0.00	0.00	0.00	0.00	0.00	27.12	24.18	0.00	1.27	0.00	0.00
670	17.77	4082	2859	0.93	25	0	0	0	3	5	32	0	1	0	0	0.00	0.00	1.00	3.78	68.93	0.00	0.84	0.00	0.00	20.87	3.34	58.03	0.00	59	0	58	123.31	78.05	0.00	0.00	0.00	0.00	0.00	0.00	0.00	0.00	0.00	0.00	0.00	18.38	18.15	0.00	0.88	0.00	0.00
382	7.97	4053	3664	0.76	34	0	0	1	1	1	33	0	0	0	0	0.00	0.10	0.58	0.58	106.58	0.00	0.00	0.00	0.00	19.73	0.84	71.46	0.00	58	0	59	108.58	85.24	0.00	0.00	4.84	21.36	0.00	0.00	0.00	0.00	0.00	0.00	0.00	34.34	22.97	0.00	2.14	0.00	0.00
360	8.83	4074	3099	0.81	27	0	1	1	0	2	29	0	0	0	0	0.20	0.00	0.00	2.35	88.40	0.00	0.00	0.00	0.00	15.84	3.97	71.36	0.00	58	0	57	69.99	62.24	0.00	0.00	3.20	23.40	0.00	0.00	0.00	0.00	0.00	0.00	0.00	15.49	12.06	0.00	1.12	0.00	0.00
320	7.83	4079	3098	0.87	25	0	0	0	2	1	28	0	0	0	0	0.00	0.00	0.61	1.23	90.02	0.00	0.00	0.00	0.00	15.28	2.14	74.75	0.00	58	0	57	63.65	57.36	0.00	0.00	5.04	25.80	0.00	0.00	0.00	0.00	0.00	0.00	0.00	11.22	11.16	0.00	0.71	0.00	0.00
310	7.70	4082	3057	0.88	25	0	0	0	2	1	27	0	2	0	0	0.00	0.00	0.87	0.17	84.01	0.00	5.87	0.00	0.00	15.11	0.00	72.26	4.94	57	0	57	62.08	57.72	0.00	0.00	4.13	26.78	0.00	0.00	0.00	0.00	0.00	0.00	0.00	15.37	11.64	0.00	1.19	0.00	0.00
312	7.83	3970	3112	0.87	25	0	0	0	2	2	27	0	2	0	0	0.00	0.00	0.54	0.94	83.11	0.00	7.82	0.00	0.00	15.02	0.00	77.15	0.00	57	0	57	63.06	57.81	0.00	0.00	5.14	25.60	0.00	0.00	0.00	0.00	0.00	0.00	0.00	13.40	11.50	0.00	0.88	0.00	0.00
314	8.27	3800	3096	0.88	25	0	0	1	1	2	29	0	1	0	0	0.00	0.03	0.43	0.90	87.28	0.00	3.21	0.00	0.00	14.73	0.00	77.00	0.00	56	0	56	65.97	61.14	0.00	0.00	4.86	25.83	0.00	0.00	0.00	0.00	0.00	0.00	0.00	12.29	8.64	0.00	1.00	0.00	0.00
306	8.14	3800	3068	0.88	25	0	0	1	0	3	24	0	3	0	0	0.00	0.07	0.00	3.36	75.86	0.00	11.87	0.00	0.00	13.49	4.41	73.97	0.00	56	0	56	63.71	60.22	0.00	0.00	4.07	26.96	0.00	0.00	0.00	0.00	0.00	0.00	0.00	13.18	9.32	0.00	1.13	0.00	0.00
303	8.30	3690	3060	0.87	25	0	0	0	2	2	28	0	2	0	0	0.00	0.00	0.70	1.09	81.62	0.00	7.34	0.00	0.00	15.21	0.00	76.49	0.00	56	0	56	67.93	61.12	0.00	0.00	4.72	24.92	0.00	0.00	0.00	0.00	0.00	0.00	0.00	10.91	9.00	0.00	0.88	0.00	0.00
295	8.44	3500	3096	0.87	25	0	0	0	2	0	27	0	2	0	0	0.00	0.00	0.64	0.00	83.72	0.00	7.39	0.00	0.00	13.76	0.00	77.81	0.00	55	0	56	67.79	62.66	0.00	0.00	4.92	24.72	0.00	0.00	0.00	0.00	0.00	0.00	0.00	13.45	7.29	0.00	1.29	0.00	0.00
292	8.51	3497	3044	0.88	27	0	0	1	0	1	24	0	6	0	0	0.00	0.00	0.00	1.00	73.24	0.00	15.89	0.00	0.00	13.65	1.76	69.32	6.77	55	0	56	67.41	62.45	0.00	0.00	5.53	23.79	0.00	0.00	0.00	0.00	0.00	0.00	0.00	10.12	8.44	0.00	0.93	0.00	0.00
286	8.62	3338	3076	0.87	31	0	0	0	1	2	26	0	3	0	0	0.00	0.00	0.31	2.05	80.49	0.00	8.03	0.00	0.00	14.13	1.61	75.63	0.00	55	0	55	68.58	63.09	0.00	0.00	4.44	24.24	0.00	0.00	0.00	0.00	0.00	0.00	0.00	10.23	7.71	0.00	0.93	0.00	0.00
286	8.94	3200	3091	0.88	25	0	0	0	1	2	26	0	3	0	0	0.00	0.00	0.25	1.57	84.06	0.00	5.18	0.00	0.00	13.95	1.82	75.28	0.00	54	0	54	71.47	66.05	0.00	0.00	2.59	24.44	0.00	0.00	0.00	0.00	0.00	0.00	0.00	9.58	7.38	0.00	0.94	0.00	0.00
