Avg_MHz	Busy%	Bzy_MHz	TSC_MHz	IPC	IRQ	SMI	POLL	C1	C1E	C3	C6	C7s	C8	C9	C10	POLL%	C1%	C1E%	C3%	C6%	C7s%	C8%	C9%	C10%	CPU%c1	CPU%c3	CPU%c6	CPU%c7	CoreTmp	CoreThr	PkgTmp	Totl%C0	Any%C0	GFX%C0	CPUGFX%	Pkg%pc2	Pkg%pc3	Pkg%pc6	Pkg%pc7	Pkg%pc8	Pkg%pc9	Pk%pc10	CPU%LPI	SYS%LPI	PkgWatt	CorWatt	GFXWatt	RAMWatt	PKG_%	RAM_%
199	12.16	1600	3173	0.78	81	0	1	8	2	5	32	0	3	0	0	0.06	16.21	0.26	6.37	61.07	0.00	6.45	0.00	0.00	36.83	4.65	46.36	0.00	51	0	52	97.22	82.81	0.00	0.00	0.00	0.00	0.00	0.00	0.00	0.00	0.00	0.00	0.00	6.98	3.04	0.00	1.19	0.00	0.00
187	11.73	1599	3089	0.81	51	0	0	0	2	6	47	0	0	0	0	0.00	0.00	0.24	4.73	83.51	0.00	0.00	0.00	0.00	16.37	5.22	66.68	0.00	51	0	52	95.89	80.47	0.00	0.00	2.25	14.51	0.00	0.00	0.00	0.00	0.00	0.00	0.00	6.10	2.51	0.00	1.12	0.00	0.00
253	15.97	1600	3072	0.86	41	0	0	1	3	4	42	0	3	0	0	0.00	0.00	0.54	1.90	76.19	0.00	5.10	0.00	0.00	20.34	1.88	61.81	0.00	51	0	51	90.28	79.83	0.00	0.00	2.20	14.19	0.00	0.00	0.00	0.00	0.00	0.00	0.00	4.68	2.22	0.00	0.93	0.00	0.00
381	28.79	1600	2559	0.83	54	0	0	0	2	5	42	0	3	0	0	0.00	0.00	0.21	1.04	55.35	0.00	2.56	0.00	0.00	25.56	1.61	44.04	0.00	51	0	52	183.25	97.19	0.00	0.00	0.00	0.00	0.00	0.00	0.00	0.00	0.00	0.00	0.00	5.37	3.44	0.00	0.92	0.00	0.00
351	23.10	1600	2943	0.89	59	0	0	0	3	7	58	0	5	0	1	0.00	0.00	0.26	2.93	64.51	0.00	5.02	0.00	0.70	22.68	4.29	49.93	0.00	51	0	52	166.94	82.41	0.00	0.00	0.00	0.00	0.00	0.00	0.00	0.00	0.00	0.00	0.00	5.99	3.47	0.00	0.94	0.00	0.00
368	22.35	1600	3186	0.88	74	0	0	0	0	0	48	0	12	0	0	0.00	0.00	0.00	0.00	67.03	0.00	13.22	0.00	0.00	18.90	0.00	58.57	0.19	51	0	52	157.81	105.49	0.00	0.00	0.00	0.00	0.00	0.00	0.00	0.00	0.00	0.00	0.00	7.54	3.90	0.00	1.23	0.00	0.00
358	18.13	1600	3819	0.65	64	0	1	0	5	5	56	0	9	0	2	0.05	0.00	1.00	1.91	80.28	0.00	13.28	0.00	5.06	23.82	1.37	52.18	4.50	51	0	52	176.40	112.87	0.00	0.00	0.00	0.00	0.00	0.00	0.00	0.00	0.00	0.00	0.00	9.45	5.15	0.00	1.60	0.00	0.00
375	23.93	1600	3029	0.68	41	0	0	0	13	10	66	0	2	0	0	0.00	0.00	2.47	2.49	69.76	0.00	0.15	0.00	0.00	28.77	3.37	43.93	0.00	51	0	52	176.63	85.94	0.00	0.00	0.00	0.00	0.00	0.00	0.00	0.00	0.00	0.00	0.00	6.94	3.91	0.00	0.99	0.00	0.00
425	26.74	1600	3075	0.66	58	0	0	1	11	10	62	0	0	0	0	0.00	0.00	2.29	3.97	67.00	0.00	0.00	0.00	0.00	33.42	4.68	35.16	0.00	52	0	52	208.65	115.69	0.00	0.00	0.00	0.00	0.00	0.00	0.00	0.00	0.00	0.00	0.00	8.56	4.79	0.00	1.33	0.00	0.00
417	25.88	1600	3116	0.58	49	0	0	2	28	18	62	0	0	0	0	0.00	0.02	7.18	6.16	61.85	0.00	0.00	0.00	0.00	33.43	4.19	36.50	0.00	51	0	51	185.18	100.32	0.00	0.00	0.00	0.00	0.00	0.00	0.00	0.00	0.00	0.00	0.00	7.67	4.30	0.00	1.11	0.00	0.00
461	28.29	1600	3155	0.62	48	0	0	1	24	14	50	0	1	0	0	0.00	0.02	8.02	7.47	57.40	0.00	0.67	0.00	0.00	35.80	5.16	30.75	0.00	51	0	51	198.75	101.95	0.00	0.00	0.00	0.00	0.00	0.00	0.00	0.00	0.00	0.00	0.00	8.06	4.60	0.00	1.12	0.00	0.00
383	25.32	1600	2926	0.86	99	0	0	5	21	16	57	0	0	0	0	0.00	4.93	2.39	2.20	61.53	0.00	0.00	0.00	0.00	35.98	1.38	37.32	0.00	52	0	52	174.70	81.23	0.00	0.00	0.00	0.00	0.00	0.00	0.00	0.00	0.00	0.00	0.00	5.10	3.57	0.00	0.78	0.00	0.00
343	24.16	1600	2747	0.45	57	0	0	2	0	3	79	0	3	0	10	0.00	0.01	0.00	0.62	46.18	0.00	1.63	0.00	19.07	17.28	0.67	49.77	8.13	52	0	52	114.08	47.22	0.00	0.00	0.00	0.00	0.00	0.00	0.00	0.00	0.00	0.00	0.00	3.82	2.12	0.00	0.57	0.00	0.00
216	18.55	1601	2251	0.10	140	0	0	0	0	1	77	0	116	0	20	0.00	0.00	0.00	0.03	7.39	0.00	12.22	0.00	39.66	12.82	0.00	10.37	58.25	52	0	52	28.06	21.22	0.00	0.00	0.00	0.00	0.00	0.00	0.00	0.00	0.00	0.00	0.00	0.88	0.44	0.00	0.16	0.00	0.00
227	14.15	1718	2895	0.04	363	0	0	2	0	1	85	0	149	0	108	0.00	0.00	0.00	0.01	4.78	0.00	9.12	0.00	66.42	15.84	0.00	8.02	61.99	52	0	52	89.11	81.57	0.00	0.00	0.00	0.00	0.00	0.00	0.00	0.00	0.00	0.00	0.00	4.20	1.78	0.00	0.77	0.00	0.00
442	3.05	1621	27734	0.68	473	0	0	0	1	5	61	0	64	0	85	0.00	0.00	0.12	0.51	114.51	0.00	132.01	0.00	622.72	16.54	0.00	10.86	69.55	51	0	51	328.22	307.46	0.00	0.00	0.00	0.00	0.00	0.00	0.00	0.00	0.00	0.00	0.00	141.41	55.37	0.00	27.73	0.00	0.00
372	23.28	1600	3096	0.74	47	0	0	0	1	4	38	0	6	0	0	0.00	0.00	0.07	0.33	64.72	0.00	11.91	0.00	0.00	22.65	0.00	54.07	0.00	52	0	52	167.54	99.49	0.00	0.00	0.00	0.00	0.00	0.00	0.00	0.00	0.00	0.00	0.00	5.95	3.70	0.00	0.91	0.00	0.00
376	23.35	1600	3118	0.75	44	0	0	2	1	2	34	0	8	0	0	0.00	0.07	0.20	0.11	61.56	0.00	15.58	0.00	0.00	22.42	0.00	54.23	0.00	52	0	52	172.03	100.01	0.00	0.00	0.00	0.00	0.00	0.00	0.00	0.00	0.00	0.00	0.00	7.52	3.86	0.00	1.11	0.00	0.00
303	19.72	1600	2977	0.74	49	0	0	1	0	2	42	0	18	0	8	0.00	0.02	0.00	0.52	41.90	0.00	18.65	0.00	16.36	15.07	0.40	38.17	26.65	52	0	52	112.27	73.78	0.00	0.00	0.00	0.00	0.00	0.00	0.00	0.00	0.00	0.00	0.00	4.64	2.46	0.00	0.72	0.00	0.00
383	22.17	1600	3340	0.74	77	0	0	0	1	1	17	0	28	0	0	0.00	0.00	0.05	0.36	28.99	0.00	54.90	0.00	0.00	26.62	0.00	23.71	27.50	52	0	52	216.88	147.24	0.00	0.00	0.00	0.00	0.00	0.00	0.00	0.00	0.00	0.00	0.00	10.27	5.12	0.00	1.63	0.00	0.00
365	22.74	1600	3101	0.77	49	0	0	0	2	1	32	0	11	0	0	0.00	0.00	0.28	0.55	58.39	0.00	18.45	0.00	0.00	21.56	0.98	54.63	0.08	52	0	52	166.61	100.00	0.00	0.00	0.00	0.00	0.00	0.00	0.00	0.00	0.00	0.00	0.00	6.85	3.73	0.00	1.02	0.00	0.00
315	19.69	1600	3098	0.75	50	0	0	0	2	4	45	0	18	0	2	0.00	0.00	0.11	0.68	54.45	0.00	23.61	0.00	1.82	20.40	0.87	51.26	7.79	53	0	52	148.47	100.27	0.00	0.00	0.00	0.00	0.00	0.00	0.00	0.00	0.00	0.00	0.00	6.56	3.33	0.00	1.02	0.00	0.00
380	24.01	1600	3062	0.75	73	0	0	0	1	2	26	0	15	0	0	0.00	0.00	0.19	1.11	45.46	0.00	28.70	0.00	0.00	19.78	1.97	46.18	8.05	52	0	52	167.39	99.65	0.00	0.00	0.00	0.00	0.00	0.00	0.00	0.00	0.00	0.00	0.00	6.79	3.57	0.00	1.03	0.00	0.00
333	20.72	1600	3114	0.73	51	0	0	0	1	1	38	0	21	0	0	0.00	0.00	0.09	0.32	51.23	0.00	28.42	0.00	0.00	20.13	0.53	52.96	5.66	52	0	52	150.69	99.64	0.00	0.00	0.00	0.00	0.00	0.00	0.00	0.00	0.00	0.00	0.00	6.46	3.42	0.00	0.98	0.00	0.00
317	20.75	1600	2955	0.74	65	0	0	0	1	2	32	0	30	0	0	0.00	0.00	0.05	0.58	39.50	0.00	35.80	0.00	0.00	16.02	1.03	43.12	19.08	52	0	52	107.29	63.50	0.00	0.00	0.00	0.00	0.00	0.00	0.00	0.00	0.00	0.00	0.00	3.60	2.28	0.00	0.54	0.00	0.00
361	21.12	1600	3310	0.77	73	0	0	0	0	2	26	0	18	0	0	0.00	0.00	0.00	0.75	48.08	0.00	35.85	0.00	0.00	26.63	0.71	44.57	6.98	52	0	52	223.99	152.74	0.00	0.00	0.00	0.00	0.00	0.00	0.00	0.00	0.00	0.00	0.00	11.24	5.36	0.00	1.76	0.00	0.00
354	22.71	1600	3012	0.74	50	0	0	1	3	4	46	0	9	0	0	0.00	0.04	0.36	0.30	61.75	0.00	13.08	0.00	0.00	19.15	0.00	56.59	1.55	52	0	52	134.03	78.72	0.00	0.00	0.00	0.00	0.00	0.00	0.00	0.00	0.00	0.00	0.00	5.56	2.87	0.00	0.81	0.00	0.00
358	21.72	1600	3193	0.77	62	0	0	0	2	4	34	0	11	0	0	0.00	0.00	0.24	0.80	61.74	0.00	18.29	0.00	0.00	24.67	0.00	43.07	10.54	52	0	52	195.34	124.94	0.00	0.00	0.00	0.00	0.00	0.00	0.00	0.00	0.00	0.00	0.00	7.84	4.46	0.00	1.20	0.00	0.00
375	23.39	1600	3099	0.75	51	0	0	0	1	3	31	0	9	0	1	0.00	0.00	0.09	1.49	59.57	0.00	15.33	0.00	0.50	21.85	0.72	53.63	0.41	52	0	52	166.44	96.93	0.00	0.00	0.00	0.00	0.00	0.00	0.00	0.00	0.00	0.00	0.00	7.14	3.80	0.00	1.04	0.00	0.00
363	23.18	1600	3031	0.74	52	0	0	0	1	1	30	0	18	0	1	0.00	0.00	0.15	0.44	46.71	0.00	27.50	0.00	0.69	17.41	0.79	46.44	12.18	52	0	52	142.65	85.20	0.00	0.00	0.00	0.00	0.00	0.00	0.00	0.00	0.00	0.00	0.00	5.77	3.10	0.00	0.85	0.00	0.00
326	20.72	1600	3045	0.74	58	0	0	0	3	4	37	0	22	0	0	0.00	0.00	0.15	0.50	46.37	0.00	31.29	0.00	0.00	19.11	0.00	45.72	14.45	52	0	52	141.63	89.82	0.00	0.00	0.00	0.00	0.00	0.00	0.00	0.00	0.00	0.00	0.00	5.79	3.18	0.00	0.87	0.00	0.00
384	22.62	1600	3284	0.74	65	0	0	0	1	2	30	0	12	0	0	0.00	0.00	0.09	0.94	60.11	0.00	21.23	0.00	0.00	25.44	0.89	47.04	4.01	52	0	52	204.76	133.91	0.00	0.00	0.00	0.00	0.00	0.00	0.00	0.00	0.00	0.00	0.00	9.49	4.94	0.00	1.45	0.00	0.00
421	24.27	1608	3340	0.76	50	0	0	0	2	4	39	0	4	0	0	0.00	0.00	0.34	1.15	73.98	0.00	6.55	0.00	0.00	22.12	1.32	49.55	2.74	52	0	52	179.36	104.90	0.00	0.00	0.00	0.00	0.00	0.00	0.00	0.00	0.00	0.00	0.00	8.22	4.16	0.00	1.21	0.00	0.00
448	22.68	1979	3092	0.77	43	0	0	0	0	1	32	0	3	0	0	0.00	0.00	0.00	0.78	72.43	0.00	4.21	0.00	0.00	20.89	1.39	55.04	0.00	53	0	53	163.34	99.61	0.00	0.00	0.00	0.00	0.00	0.00	0.00	0.00	0.00	0.00	0.00	7.02	5.23	0.00	0.87	0.00	0.00
494	23.13	2009	3291	0.78	34	0	0	0	1	0	28	0	6	0	0	0.00	0.00	0.12	0.00	68.53	0.00	13.29	0.00	0.00	21.57	0.00	55.30	0.00	53	0	53	173.04	103.65	0.00	0.00	0.00	0.00	0.00	0.00	0.00	0.00	0.00	0.00	0.00	10.24	6.01	0.00	1.20	0.00	0.00
517	21.56	2399	3093	0.78	38	0	0	1	0	1	26	0	5	0	0	0.00	0.05	0.00	0.52	66.62	0.00	11.32	0.00	0.00	20.87	0.00	57.57	0.00	55	0	55	160.84	99.78	0.00	0.00	0.00	0.00	0.00	0.00	0.00	0.00	0.00	0.00	0.00	9.92	7.12	0.00	0.98	0.00	0.00
545	21.83	2404	3213	0.78	38	0	0	0	0	2	24	0	6	0	0	0.00	0.00	0.00	1.21	64.53	0.00	15.58	0.00	0.00	20.90	0.00	57.27	0.00	55	0	55	163.82	101.22	0.00	0.00	0.00	0.00	0.00	0.00	0.00	0.00	0.00	0.00	0.00	10.42	7.25	0.00	1.04	0.00	0.00
491	17.84	2740	3111	0.77	26	0	0	2	1	1	33	0	16	0	1	0.00	0.04	0.10	0.45	54.67	0.00	25.69	0.00	1.70	18.75	0.00	54.70	8.71	55	0	55	136.01	100.78	0.00	0.00	0.00	0.00	0.00	0.00	0.00	0.00	0.00	0.00	0.00	11.55	8.09	0.00	1.05	0.00	0.00
652	21.79	2872	3224	0.78	57	0	0	0	2	0	19	0	10	0	0	0.00	0.00	0.21	0.00	56.73	0.00	24.64	0.00	0.00	21.69	0.00	55.31	1.21	55	0	55	162.11	102.66	0.00	0.00	0.00	0.00	0.00	0.00	0.00	0.00	0.00	0.00	0.00	11.13	10.56	0.00	0.90	0.00	0.00
670	21.09	3199	3075	0.78	26	0	0	1	1	0	21	0	6	0	0	0.00	0.03	0.43	0.00	62.18	0.00	15.86	0.00	0.00	19.52	0.00	59.05	0.34	56	0	56	154.52	99.41	0.00	0.00	0.00	0.00	0.00	0.00	0.00	0.00	0.00	0.00	0.00	17.54	11.80	0.00	1.18	0.00	0.00
658	20.16	3202	3155	0.76	33	0	0	0	1	1	23	0	7	0	0	0.00	0.00	0.31	0.71	65.02	0.00	15.40	0.00	0.00	19.84	0.00	60.00	0.00	57	0	57	149.04	99.78	0.00	0.00	0.00	0.00	0.00	0.00	0.00	0.00	0.00	0.00	0.00	16.05	12.60	0.00	1.04	0.00	0.00
734	20.98	3444	3143	0.78	33	0	0	0	1	2	22	0	3	0	0	0.00	0.00	0.10	1.82	69.79	0.00	8.55	0.00	0.00	20.60	1.53	56.89	0.00	59	0	59	154.93	101.57	0.00	0.00	0.00	0.00	0.00	0.00	0.00	0.00	0.00	0.00	0.00	16.14	14.76	0.00	0.97	0.00	0.00
651	18.06	3600	3098	0.77	25	0	0	1	1	2	25	0	11	0	0	0.00	0.04	0.11	1.33	62.11	0.00	18.53	0.00	0.00	18.81	0.00	54.85	8.28	60	0	60	137.22	99.87	0.00	0.00	0.00	0.00	0.00	0.00	0.00	0.00	0.00	0.00	0.00	19.26	14.81	0.00	1.07	0.00	0.00
703	18.48	3754	3138	0.78	33	0	0	0	1	1	31	0	3	0	0	0.00	0.00	0.28	0.13	75.63	0.00	6.46	0.00	0.00	20.68	0.00	60.84	0.00	62	0	62	140.37	99.24	0.00	0.00	0.00	0.00	0.00	0.00	0.00	0.00	0.00	0.00	0.00	20.24	17.60	0.00	1.01	0.00	0.00
704	17.60	3996	3097	0.78	33	0	0	1	0	1	29	0	4	0	0	0.00	0.00	0.00	0.68	73.78	0.00	7.45	0.00	0.00	20.37	1.14	60.88	0.00	63	0	63	135.00	96.61	0.00	0.00	0.00	0.00	0.00	0.00	0.00	0.00	0.00	0.00	0.00	22.93	19.33	0.00	1.01	0.00	0.00
704	17.56	4012	3094	0.78	33	0	0	0	1	1	28	0	4	0	0	0.00	0.00	0.10	0.65	71.71	0.00	9.32	0.00	0.00	20.38	1.12	60.94	0.00	64	0	64	134.13	96.28	0.00	0.00	0.00	0.00	0.00	0.00	0.00	0.00	0.00	0.00	0.00	22.85	20.30	0.00	1.01	0.00	0.00
704	17.22	4084	3099	0.78	34	0	0	1	0	5	31	0	4	0	0	0.00	0.05	0.00	0.62	71.91	0.00	8.81	0.00	0.00	21.82	0.00	60.96	0.00	65	0	65	131.57	93.93	0.00	0.00	0.00	0.00	0.00	0.00	0.00	0.00	0.00	0.00	0.00	23.67	20.21	0.00	1.01	0.00	0.00
698	17.10	4085	3094	0.78	33	0	0	0	2	4	31	0	2	0	0	0.00	0.00	0.35	0.67	74.92	0.00	5.59	0.00	0.00	22.04	0.00	60.86	0.00	65	0	65	131.04	93.98	0.00	0.00	0.00	0.00	0.00	0.00	0.00	0.00	0.00	0.00	0.00	23.75	20.93	0.00	1.01	0.00	0.00
705	17.26	4085	3094	0.78	33	0	0	1	1	5	30	0	2	0	0	0.00	0.00	0.22	1.30	75.60	0.00	4.39	0.00	0.00	21.67	0.00	61.07	0.00	65	0	65	132.18	94.37	0.00	0.00	0.00	0.00	0.00	0.00	0.00	0.00	0.00	0.00	0.00	23.97	20.33	0.00	1.01	0.00	0.00
706	17.28	4085	3097	0.78	33	0	0	1	1	3	28	0	3	0	0	0.00	0.05	0.35	1.16	73.16	0.00	6.67	0.00	0.00	21.67	0.00	61.04	0.00	66	0	66	131.91	94.56	0.00	0.00	0.00	0.00	0.00	0.00	0.00	0.00	0.00	0.00	0.00	23.63	20.73	0.00	1.01	0.00	0.00
702	17.15	4089	3100	0.78	33	0	0	1	0	1	29	0	3	0	0	0.00	0.05	0.00	0.62	72.31	0.00	8.75	0.00	0.00	20.79	1.12	60.94	0.00	66	0	66	131.65	94.03	0.00	0.00	0.00	0.00	0.00	0.00	0.00	0.00	0.00	0.00	0.00	23.42	20.73	0.00	0.99	0.00	0.00
699	17.11	4085	3095	0.78	34	0	0	0	1	6	30	0	5	0	0	0.00	0.00	0.15	0.82	70.21	0.00	10.40	0.00	0.00	21.95	0.00	60.94	0.00	66	0	66	130.73	93.81	0.00	0.00	0.00	0.00	0.00	0.00	0.00	0.00	0.00	0.00	0.00	24.32	20.51	0.00	1.02	0.00	0.00
765	18.70	4083	3103	0.79	33	0	0	1	1	5	25	0	0	0	0	0.00	0.00	0.29	1.69	77.85	0.00	0.00	0.00	0.00	23.15	0.00	58.14	0.00	66	0	66	141.59	93.76	0.00	0.00	0.00	0.00	0.00	0.00	0.00	0.00	0.00	0.00	0.00	23.55	21.38	0.00	0.97	0.00	0.00
773	18.92	4085	3096	0.77	25	0	0	0	1	1	23	0	2	0	0	0.00	0.00	0.44	1.08	70.42	0.00	7.67	0.00	0.00	22.79	0.00	58.29	0.00	67	0	67	142.49	94.11	0.00	0.00	0.00	0.00	0.00	0.00	0.00	0.00	0.00	0.00	0.00	25.90	22.33	0.00	1.03	0.00	0.00
772	18.91	4084	3097	0.80	26	0	0	0	1	3	24	0	1	0	0	0.00	0.00	0.37	1.51	74.31	0.00	3.45	0.00	0.00	23.44	0.00	57.65	0.00	67	0	67	143.26	93.84	0.00	0.00	0.00	0.00	0.00	0.00	0.00	0.00	0.00	0.00	0.00	24.20	21.34	0.00	1.00	0.00	0.00
389	10.19	4080	2894	0.76	26	0	0	1	1	3	39	0	7	0	0	0.00	0.02	0.20	0.73	74.04	0.00	8.42	0.00	0.00	20.97	0.00	67.70	1.15	67	0	67	129.22	101.00	0.00	0.00	0.00	0.00	0.00	0.00	0.00	0.00	0.00	0.00	0.00	23.12	19.97	0.00	1.00	0.00	0.00
1279	27.61	4089	3508	0.79	50	0	0	0	1	1	23	0	2	0	0	0.00	0.00	0.40	1.04	70.00	0.00	7.84	0.00	0.00	21.15	0.00	51.24	0.00	67	0	67	126.14	82.75	0.00	0.00	0.00	0.00	0.00	0.00	0.00	0.00	0.00	0.00	0.00	25.09	22.38	0.00	1.00	0.00	0.00
660	16.15	4087	3095	0.78	26	0	0	0	1	1	31	0	8	0	0	0.00	0.00	0.28	0.66	69.88	0.00	11.84	0.00	0.00	20.34	0.00	62.21	1.30	67	0	67	124.29	94.26	0.00	0.00	0.00	0.00	0.00	0.00	0.00	0.00	0.00	0.00	0.00	22.74	19.48	0.00	1.01	0.00	0.00
772	18.88	4086	3097	0.78	41	0	0	0	1	1	23	0	2	0	0	0.00	0.00	0.40	1.04	71.09	0.00	7.04	0.00	0.00	23.06	0.00	58.07	0.00	67	0	67	142.53	93.77	0.00	0.00	0.00	0.00	0.00	0.00	0.00	0.00	0.00	0.00	0.00	24.72	21.92	0.00	1.00	0.00	0.00
639	15.63	4086	3098	0.78	26	0	0	0	1	0	34	0	13	0	0	0.00	0.00	0.23	0.00	63.96	0.00	19.24	0.00	0.00	19.69	0.00	61.64	3.04	67	0	67	120.87	94.49	0.00	0.00	0.00	0.00	0.00	0.00	0.00	0.00	0.00	0.00	0.00	22.42	19.18	0.00	1.01	0.00	0.00
701	17.17	4087	3094	0.78	49	0	0	0	1	0	25	0	8	0	0	0.00	0.00	0.35	0.00	62.94	0.00	18.26	0.00	0.00	21.15	0.00	59.87	1.81	67	0	67	131.40	94.41	0.00	0.00	0.00	0.00	0.00	0.00	0.00	0.00	0.00	0.00	0.00	24.03	20.81	0.00	1.00	0.00	0.00
764	18.70	4088	3095	0.79	33	0	0	0	1	1	23	0	2	0	0	0.00	0.00	0.23	0.87	71.22	0.00	7.33	0.00	0.00	22.44	0.00	58.86	0.00	67	0	67	141.14	93.68	0.00	0.00	0.00	0.00	0.00	0.00	0.00	0.00	0.00	0.00	0.00	23.57	21.26	0.00	1.00	0.00	0.00
770	18.85	4088	3095	0.78	33	0	0	0	1	1	23	0	2	0	0	0.00	0.00	0.30	0.94	71.35	0.00	6.71	0.00	0.00	22.68	0.00	58.47	0.00	67	0	67	142.37	93.78	0.00	0.00	0.00	0.00	0.00	0.00	0.00	0.00	0.00	0.00	0.00	25.25	21.52	0.00	1.02	0.00	0.00
661	16.17	4087	3098	0.78	18	0	0	0	1	1	33	0	6	0	0	0.00	0.00	0.24	0.62	70.14	0.00	11.76	0.00	0.00	20.25	0.00	63.57	0.00	68	0	68	124.54	94.29	0.00	0.00	0.00	0.00	0.00	0.00	0.00	0.00	0.00	0.00	0.00	23.85	20.70	0.00	1.00	0.00	0.00
703	17.21	4087	3096	0.78	41	0	0	0	1	0	28	0	5	0	0	0.00	0.00	0.35	0.00	71.16	0.00	10.14	0.00	0.00	21.16	0.00	61.63	0.00	68	0	68	131.60	94.47	0.00	0.00	0.00	0.00	0.00	0.00	0.00	0.00	0.00	0.00	0.00	23.57	20.41	0.00	0.98	0.00	0.00
772	18.88	4087	3098	0.77	33	0	0	0	1	1	23	0	2	0	0	0.00	0.00	0.31	0.95	70.17	0.00	7.92	0.00	0.00	22.71	0.00	58.42	0.00	68	0	68	142.21	93.74	0.00	0.00	0.00	0.00	0.00	0.00	0.00	0.00	0.00	0.00	0.00	25.28	22.65	0.00	1.04	0.00	0.00
760	18.63	4085	3093	0.80	26	0	0	0	1	1	26	0	2	0	0	0.00	0.00	0.29	0.16	71.45	0.00	7.74	0.00	0.00	22.85	0.00	58.52	0.00	68	0	68	140.92	93.72	0.00	0.00	0.00	0.00	0.00	0.00	0.00	0.00	0.00	0.00	0.00	24.91	22.09	0.00	0.97	0.00	0.00
767	18.78	4088	3092	0.77	26	0	0	0	1	1	25	0	0	0	0	0.00	0.00	0.24	0.88	78.48	0.00	0.00	0.00	0.00	22.62	0.00	58.60	0.00	68	0	68	141.90	93.66	0.00	0.00	0.00	0.00	0.00	0.00	0.00	0.00	0.00	0.00	0.00	24.96	21.23	0.00	1.01	0.00	0.00
642	16.65	4087	2918	0.75	26	0	0	0	1	1	35	0	18	0	0	0.00	0.00	0.17	0.43	53.10	0.00	23.93	0.00	0.00	13.42	0.00	61.54	8.39	69	0	69	76.45	55.45	0.00	0.00	0.00	0.00	0.00	0.00	0.00	0.00	0.00	0.00	0.00	12.90	11.64	0.00	0.53	0.00	0.00
737	16.77	4087	3330	0.76	65	0	0	0	1	0	26	0	10	0	0	0.00	0.00	0.33	0.00	58.15	0.00	29.86	0.00	0.00	26.14	0.00	57.09	0.00	69	0	69	178.43	142.00	0.00	0.00	0.00	0.00	0.00	0.00	0.00	0.00	0.00	0.00	0.00	33.69	31.46	0.00	1.51	0.00	0.00
715	17.49	4087	3097	0.77	33	0	0	0	2	0	32	0	1	0	0	0.00	0.00	0.37	0.00	78.97	0.00	2.15	0.00	0.00	21.34	0.00	61.17	0.00	69	0	69	132.43	94.81	0.00	0.00	0.00	0.00	0.00	0.00	0.00	0.00	0.00	0.00	0.00	24.03	20.97	0.00	0.99	0.00	0.00
708	17.33	4087	3093	0.78	33	0	0	1	1	0	27	0	6	0	0	0.00	0.03	0.28	0.00	65.00	0.00	16.27	0.00	0.00	21.33	0.00	61.34	0.00	69	0	69	131.36	94.18	0.00	0.00	0.00	0.00	0.00	0.00	0.00	0.00	0.00	0.00	0.00	24.28	21.12	0.00	1.02	0.00	0.00
710	17.39	4088	3095	0.77	33	0	0	0	2	0	29	0	4	0	0	0.00	0.00	0.45	0.00	70.44	0.00	10.71	0.00	0.00	21.36	0.00	61.26	0.00	69	0	69	132.95	95.26	0.00	0.00	0.00	0.00	0.00	0.00	0.00	0.00	0.00	0.00	0.00	23.85	20.97	0.00	0.99	0.00	0.00
710	17.32	4087	3102	0.77	33	0	0	1	1	1	26	0	6	0	0	0.00	0.00	0.28	0.75	64.23	0.00	16.54	0.00	0.00	21.15	0.00	61.53	0.00	69	0	69	131.16	93.87	0.00	0.00	0.00	0.00	0.00	0.00	0.00	0.00	0.00	0.00	0.00	24.12	20.91	0.00	1.01	0.00	0.00
692	21.43	4089	2444	0.78	33	0	0	1	1	0	24	0	9	0	1	0.00	0.05	0.24	0.00	40.94	0.00	19.03	0.00	0.49	30.18	0.00	48.40	0.00	68	0	68	125.08	84.89	0.00	0.00	0.00	0.00	0.00	0.00	0.00	0.00	0.00	0.00	0.00	17.56	15.29	0.00	0.74	0.00	0.00
727	14.87	4089	3703	0.77	50	0	0	0	1	1	30	0	8	0	0	0.00	0.00	0.23	0.66	81.85	0.00	17.75	0.00	0.00	18.61	0.88	64.57	1.07	61	0	61	145.54	110.03	0.00	0.00	0.00	0.00	0.00	0.00	0.00	0.00	0.00	0.00	0.00	33.73	26.93	0.00	1.51	0.00	0.00
718	17.57	4085	3098	0.78	34	0	0	1	0	2	27	0	5	0	0	0.00	0.05	0.00	1.20	71.08	0.00	8.90	0.00	0.00	21.38	1.10	59.96	0.00	63	0	63	134.86	94.32	0.00	0.00	0.00	0.00	0.00	0.00	0.00	0.00	0.00	0.00	0.00	24.18	20.98	0.00	1.02	0.00	0.00
687	17.45	4090	2979	0.79	34	0	0	1	0	2	28	0	4	0	0	0.00	0.02	0.00	1.20	68.13	0.00	8.88	0.00	0.00	21.26	1.25	60.04	0.00	63	0	63	127.65	90.90	0.00	0.00	0.00	0.00	0.00	0.00	0.00	0.00	0.00	0.00	0.00	22.00	18.98	0.00	0.94	0.00	0.00
730	16.70	4088	3313	0.77	35	0	0	0	2	2	27	0	5	0	0	0.00	0.00	0.48	1.10	74.16	0.00	12.29	0.00	0.00	20.66	0.00	62.65	0.00	64	0	64	138.40	100.07	0.00	0.00	0.00	0.00	0.00	0.00	0.00	0.00	0.00	0.00	0.00	26.28	23.36	0.00	1.08	0.00	0.00
704	17.70	4087	3012	0.78	34	0	0	0	0	6	30	0	3	0	0	0.00	0.00	0.00	1.40	70.58	0.00	6.75	0.00	0.00	22.39	1.32	58.59	0.00	64	0	64	130.47	91.74	0.00	0.00	0.00	0.00	0.00	0.00	0.00	0.00	0.00	0.00	0.00	23.53	19.96	0.00	1.02	0.00	0.00
707	17.28	4090	3095	0.78	34	0	0	0	1	2	31	0	1	0	0	0.00	0.00	0.07	1.22	77.58	0.00	2.49	0.00	0.00	21.47	1.09	60.16	0.00	65	0	65	132.56	94.17	0.00	0.00	0.00	0.00	0.00	0.00	0.00	0.00	0.00	0.00	0.00	23.78	20.68	0.00	0.99	0.00	0.00
701	17.47	4035	3081	0.78	34	0	0	1	0	2	29	0	3	0	0	0.00	0.02	0.00	1.22	72.61	0.00	7.49	0.00	0.00	20.79	1.19	60.55	0.00	65	0	65	132.18	94.25	0.00	0.00	0.00	0.00	0.00	0.00	0.00	0.00	0.00	0.00	0.00	24.06	20.24	0.00	1.02	0.00	0.00
711	17.70	3997	3110	0.78	34	0	0	0	2	4	33	0	2	0	0	0.00	0.00	0.18	0.98	75.14	0.00	5.71	0.00	0.00	21.60	0.00	60.70	0.00	65	0	65	136.19	96.98	0.00	0.00	0.00	0.00	0.00	0.00	0.00	0.00	0.00	0.00	0.00	22.28	19.86	0.00	0.99	0.00	0.00
616	22.15	3996	2156	0.75	34	0	0	1	1	2	37	0	2	0	0	0.00	0.00	0.12	0.62	50.02	0.00	2.90	0.00	0.00	16.36	0.87	60.62	0.00	65	0	65	99.34	71.05	0.00	0.00	0.00	0.00	0.00	0.00	0.00	0.00	0.00	0.00	0.00	12.16	10.34	0.00	0.52	0.00	0.00
766	12.33	3994	4818	0.76	58	0	0	0	2	1	34	0	15	0	2	0.00	0.00	0.17	0.57	87.95	0.00	44.97	0.00	1.75	19.78	0.00	59.13	8.76	65	0	65	148.96	120.20	0.00	0.00	0.00	0.00	0.00	0.00	0.00	0.00	0.00	0.00	0.00	43.19	35.58	0.00	2.02	0.00	0.00
720	18.12	3996	3080	0.77	33	0	0	0	1	0	21	0	13	0	0	0.00	0.00	0.13	0.00	44.77	0.00	36.04	0.00	0.00	20.43	0.00	32.08	29.38	65	0	65	135.65	96.60	0.00	0.00	0.00	0.00	0.00	0.00	0.00	0.00	0.00	0.00	0.00	23.83	20.45	0.00	1.01	0.00	0.00
697	17.65	3996	3061	0.78	34	0	0	2	0	0	29	0	4	0	0	0.00	0.10	0.00	0.00	71.65	0.00	8.86	0.00	0.00	20.54	0.00	61.82	0.00	65	0	66	134.86	96.18	0.00	0.00	0.00	0.00	0.00	0.00	0.00	0.00	0.00	0.00	0.00	21.58	18.76	0.00	0.99	0.00	0.00
723	17.71	3995	3166	0.75	33	0	0	0	0	0	28	0	8	0	0	0.00	0.00	0.00	0.00	67.15	0.00	16.33	0.00	0.00	22.49	0.00	59.80	0.00	65	0	65	128.15	92.09	0.00	0.00	0.00	0.00	0.00	0.00	0.00	0.00	0.00	0.00	0.00	22.29	19.70	0.00	0.95	0.00	0.00
734	17.94	3996	3171	0.77	41	0	0	0	1	3	32	0	3	0	0	0.00	0.00	0.20	0.97	76.88	0.00	5.25	0.00	0.00	20.51	1.18	56.78	3.59	65	0	65	137.68	99.10	0.00	0.00	0.00	0.00	0.00	0.00	0.00	0.00	0.00	0.00	0.00	22.11	20.61	0.00	1.01	0.00	0.00
713	17.92	3996	3084	0.78	33	0	0	0	0	2	30	0	2	0	0	0.00	0.00	0.00	1.18	74.29	0.00	5.58	0.00	0.00	20.21	1.15	60.73	0.00	65	0	65	134.24	96.18	0.00	0.00	0.00	0.00	0.00	0.00	0.00	0.00	0.00	0.00	0.00	23.94	19.86	0.00	1.02	0.00	0.00
708	17.65	3997	3108	0.78	33	0	0	0	2	3	31	0	3	0	0	0.00	0.00	0.30	0.85	73.73	0.00	7.10	0.00	0.00	21.40	0.00	60.95	0.00	65	0	65	135.94	97.02	0.00	0.00	0.00	0.00	0.00	0.00	0.00	0.00	0.00	0.00	0.00	22.20	19.69	0.00	0.99	0.00	0.00
705	17.72	3996	3082	0.77	33	0	0	0	0	2	28	0	4	0	0	0.00	0.00	0.00	1.20	70.10	0.00	9.97	0.00	0.00	20.49	1.18	60.61	0.00	65	0	65	134.51	96.15	0.00	0.00	0.00	0.00	0.00	0.00	0.00	0.00	0.00	0.00	0.00	22.72	19.32	0.00	1.01	0.00	0.00
773	16.82	3996	3561	0.79	34	0	0	0	2	3	30	0	2	0	0	0.00	0.00	0.42	1.10	85.92	0.00	7.35	0.00	0.00	20.64	0.00	62.55	0.00	65	0	65	152.98	109.06	0.00	0.00	0.00	0.00	0.00	0.00	0.00	0.00	0.00	0.00	0.00	29.85	25.70	0.00	1.32	0.00	0.00
774	19.03	3997	3149	0.77	24	0	0	1	1	2	23	0	1	0	0	0.00	0.00	0.30	1.71	75.28	0.00	4.33	0.00	0.00	21.84	0.00	59.13	0.00	65	0	65	147.60	98.32	0.00	0.00	0.00	0.00	0.00	0.00	0.00	0.00	0.00	0.00	0.00	24.09	21.14	0.00	1.00	0.00	0.00
780	19.50	3996	3099	0.79	26	0	0	0	2	1	22	0	2	0	0	0.00	0.00	0.60	1.13	70.23	0.00	7.80	0.00	0.00	22.27	0.00	58.23	0.00	65	0	65	147.64	96.93	0.00	0.00	0.00	0.00	0.00	0.00	0.00	0.00	0.00	0.00	0.00	23.46	20.81	0.00	1.00	0.00	0.00
778	19.45	3996	3098	0.79	27	0	0	0	2	1	21	0	3	0	0	0.00	0.00	0.74	1.14	67.34	0.00	10.56	0.00	0.00	22.46	0.00	52.72	5.37	65	0	65	146.72	96.64	0.00	0.00	0.00	0.00	0.00	0.00	0.00	0.00	0.00	0.00	0.00	24.55	21.23	0.00	1.01	0.00	0.00
771	19.48	3996	3066	0.79	26	0	0	0	2	0	24	0	1	0	0	0.00	0.00	0.85	0.00	74.02	0.00	4.20	0.00	0.00	22.52	0.00	58.01	0.00	65	0	65	145.54	95.81	0.00	0.00	0.00	0.00	0.00	0.00	0.00	0.00	0.00	0.00	0.00	23.71	20.24	0.00	1.00	0.00	0.00
775	19.19	3997	3129	0.77	24	0	0	0	2	1	21	0	3	0	0	0.00	0.00	0.77	1.04	68.37	0.00	10.81	0.00	0.00	22.07	0.00	58.74	0.00	65	0	65	146.95	97.54	0.00	0.00	0.00	0.00	0.00	0.00	0.00	0.00	0.00	0.00	0.00	23.99	21.34	0.00	1.03	0.00	0.00
660	20.76	3997	2465	0.79	27	0	0	0	2	0	26	0	5	0	0	0.00	0.00	0.42	0.00	50.68	0.00	11.33	0.00	0.00	23.86	0.00	55.39	0.00	65	0	65	109.58	72.01	0.00	0.00	0.00	0.00	0.00	0.00	0.00	0.00	0.00	0.00	0.00	14.92	12.92	0.00	0.59	0.00	0.00
794	14.76	3996	4168	0.77	40	0	0	0	2	1	26	0	6	0	0	0.00	0.00	0.67	1.01	91.10	0.00	21.52	0.00	0.00	17.49	0.00	63.61	4.14	66	0	66	161.72	122.07	0.00	0.00	0.00	0.00	0.00	0.00	0.00	0.00	0.00	0.00	0.00	38.16	33.00	0.00	1.69	0.00	0.00
778	19.48	3997	3093	0.79	27	0	0	0	2	0	23	0	2	0	0	0.00	0.00	0.67	0.00	72.34	0.00	6.56	0.00	0.00	22.33	0.00	52.66	5.53	66	0	66	147.02	96.54	0.00	0.00	0.00	0.00	0.00	0.00	0.00	0.00	0.00	0.00	0.00	24.02	20.50	0.00	1.02	0.00	0.00
773	19.36	3997	3095	0.78	26	0	0	0	2	0	23	0	2	0	0	0.00	0.00	0.81	0.00	72.16	0.00	6.89	0.00	0.00	22.66	0.00	57.98	0.00	65	0	65	146.46	96.83	0.00	0.00	0.00	0.00	0.00	0.00	0.00	0.00	0.00	0.00	0.00	24.26	21.45	0.00	1.01	0.00	0.00
701	20.20	3996	2690	0.78	26	0	0	0	2	0	25	0	3	0	0	0.00	0.00	0.67	0.00	60.21	0.00	7.91	0.00	0.00	23.51	0.00	56.29	0.00	65	0	65	124.57	82.15	0.00	0.00	0.00	0.00	0.00	0.00	0.00	0.00	0.00	0.00	0.00	17.70	15.26	0.00	0.74	0.00	0.00
706	17.62	3996	3104	0.78	32	0	0	0	2	1	24	0	7	0	0	0.00	0.00	0.57	0.77	61.09	0.00	19.59	0.00	0.00	20.68	0.00	51.79	9.91	66	0	65	135.37	96.95	0.00	0.00	0.00	0.00	0.00	0.00	0.00	0.00	0.00	0.00	0.00	22.25	19.31	0.00	1.01	0.00	0.00
781	16.79	3995	3604	0.79	32	0	0	0	2	1	23	0	5	0	0	0.00	0.00	0.46	0.99	77.25	0.00	17.60	0.00	0.00	19.53	0.00	63.68	0.00	66	0	66	154.63	110.09	0.00	0.00	0.00	0.00	0.00	0.00	0.00	0.00	0.00	0.00	0.00	30.72	26.75	0.00	1.31	0.00	0.00
778	19.28	3997	3128	0.77	24	0	0	0	2	1	21	0	3	0	0	0.00	0.00	0.44	0.92	66.54	0.00	12.89	0.00	0.00	21.93	0.00	58.80	0.00	66	0	66	147.22	97.33	0.00	0.00	0.00	0.00	0.00	0.00	0.00	0.00	0.00	0.00	0.00	24.73	21.35	0.00	1.04	0.00	0.00
777	19.48	3997	3091	0.79	26	0	0	0	2	0	23	0	2	0	0	0.00	0.00	0.53	0.00	70.61	0.00	8.41	0.00	0.00	22.48	0.00	58.03	0.00	66	0	66	147.10	96.69	0.00	0.00	0.00	0.00	0.00	0.00	0.00	0.00	0.00	0.00	0.00	24.00	20.62	0.00	1.02	0.00	0.00
777	19.45	3996	3096	0.78	26	0	0	0	2	0	21	0	4	0	0	0.00	0.00	0.71	0.00	64.17	0.00	14.89	0.00	0.00	22.59	0.00	57.96	0.00	66	0	66	146.67	96.67	0.00	0.00	0.00	0.00	0.00	0.00	0.00	0.00	0.00	0.00	0.00	24.23	21.17	0.00	1.01	0.00	0.00
772	19.47	3996	3073	0.79	26	0	0	0	2	0	23	0	2	0	0	0.00	0.00	0.76	0.00	70.70	0.00	7.79	0.00	0.00	22.46	0.00	58.08	0.00	66	0	66	145.88	96.03	0.00	0.00	0.00	0.00	0.00	0.00	0.00	0.00	0.00	0.00	0.00	23.72	20.59	0.00	0.98	0.00	0.00
776	19.26	3997	3119	0.77	24	0	0	0	2	1	21	0	3	0	0	0.00	0.00	0.74	1.04	69.43	0.00	9.37	0.00	0.00	22.14	0.00	53.11	5.48	65	0	65	147.27	97.39	0.00	0.00	0.00	0.00	0.00	0.00	0.00	0.00	0.00	0.00	0.00	24.11	20.94	0.00	1.03	0.00	0.00
775	19.54	3996	3075	0.79	27	0	0	0	2	0	24	0	1	0	0	0.00	0.00	0.72	0.00	74.98	0.00	3.52	0.00	0.00	22.51	0.00	57.96	0.00	66	0	66	146.40	96.06	0.00	0.00	0.00	0.00	0.00	0.00	0.00	0.00	0.00	0.00	0.00	23.94	20.90	0.00	0.98	0.00	0.00
777	19.27	3997	3122	0.78	24	0	0	0	2	1	21	0	3	0	0	0.00	0.00	0.71	1.04	67.95	0.00	10.88	0.00	0.00	22.19	0.00	58.54	0.00	66	0	66	146.79	97.27	0.00	0.00	0.00	0.00	0.00	0.00	0.00	0.00	0.00	0.00	0.00	24.19	20.98	0.00	1.01	0.00	0.00
767	19.50	3996	3046	0.80	26	0	0	0	2	0	23	0	2	0	0	0.00	0.00	0.62	0.00	70.28	0.00	7.69	0.00	0.00	22.40	0.00	58.10	0.00	65	0	65	144.65	95.24	0.00	0.00	0.00	0.00	0.00	0.00	0.00	0.00	0.00	0.00	0.00	23.31	20.40	0.00	0.99	0.00	0.00
778	19.13	3997	3149	0.77	24	0	0	0	2	1	21	0	3	0	0	0.00	0.00	0.48	0.82	69.10	0.00	11.24	0.00	0.00	21.73	0.00	53.47	5.67	66	0	66	147.71	98.06	0.00	0.00	0.00	0.00	0.00	0.00	0.00	0.00	0.00	0.00	0.00	24.64	21.38	0.00	1.02	0.00	0.00
662	20.28	4081	2478	0.78	26	0	0	0	2	1	27	0	3	0	0	0.00	0.00	0.28	0.64	55.10	0.00	6.50	0.00	0.00	24.30	0.00	55.42	0.00	66	0	66	108.22	70.81	0.00	0.00	0.00	0.00	0.00	0.00	0.00	0.00	0.00	0.00	0.00	14.97	13.21	0.00	0.61	0.00	0.00
785	14.32	4088	4151	0.77	40	0	0	0	2	2	25	0	7	0	0	0.00	0.00	0.51	2.19	88.36	0.00	22.31	0.00	0.00	18.26	1.47	64.05	1.90	67	0	67	157.03	118.09	0.00	0.00	0.00	0.00	0.00	0.00	0.00	0.00	0.00	0.00	0.00	38.31	33.31	0.00	1.69	0.00	0.00
636	20.67	4091	2330	0.78	27	0	0	0	2	0	30	0	4	0	0	0.00	0.00	0.34	0.00	53.59	0.00	4.62	0.00	0.00	24.80	0.00	52.42	2.12	66	0	67	96.34	62.90	0.00	0.00	0.00	0.00	0.00	0.00	0.00	0.00	0.00	0.00	0.00	12.80	11.19	0.00	0.52	0.00	0.00
619	18.48	4090	2537	0.75	50	0	0	0	1	1	26	0	21	0	0	0.00	0.00	0.12	0.39	37.38	0.00	27.98	0.00	0.00	14.68	0.81	40.27	25.75	67	0	66	111.91	87.15	0.00	0.00	0.00	0.00	0.00	0.00	0.00	0.00	0.00	0.00	0.00	17.31	14.33	0.00	0.77	0.00	0.00
742	11.72	4086	4799	0.75	57	0	0	0	2	1	32	0	18	0	0	0.00	0.00	0.20	0.60	82.88	0.00	52.03	0.00	0.00	20.25	0.00	45.42	22.61	66	0	67	146.60	118.80	0.00	0.00	0.00	0.00	0.00	0.00	0.00	0.00	0.00	0.00	0.00	45.70	37.84	0.00	2.01	0.00	0.00
729	17.82	4088	3099	0.76	33	0	0	1	1	0	26	0	7	0	0	0.00	0.08	0.13	0.00	64.25	0.00	16.62	0.00	0.00	20.64	0.00	61.54	0.00	67	0	66	131.38	93.92	0.00	0.00	0.00	0.00	0.00	0.00	0.00	0.00	0.00	0.00	0.00	23.05	20.37	0.00	1.01	0.00	0.00
735	18.55	4089	3000	0.79	33	0	0	0	2	0	30	0	3	0	0	0.00	0.00	0.19	0.00	71.80	0.00	5.63	0.00	0.00	19.82	0.00	61.63	0.00	67	0	67	129.57	92.43	0.00	0.00	0.00	0.00	0.00	0.00	0.00	0.00	0.00	0.00	0.00	23.57	20.20	0.00	0.95	0.00	0.00
712	16.56	4088	3257	0.77	41	0	0	0	1	1	25	0	8	0	0	0.00	0.00	0.08	0.85	66.93	0.00	18.69	0.00	0.00	21.16	1.37	57.73	3.19	67	0	67	133.60	96.79	0.00	0.00	0.00	0.00	0.00	0.00	0.00	0.00	0.00	0.00	0.00	23.40	21.78	0.00	1.05	0.00	0.00
710	17.53	4089	3064	0.78	25	0	0	0	1	1	25	0	7	0	0	0.00	0.00	0.22	0.70	63.90	0.00	15.44	0.00	0.00	21.47	0.00	60.43	0.57	66	0	67	131.82	93.33	0.00	0.00	0.00	0.00	0.00	0.00	0.00	0.00	0.00	0.00	0.00	24.18	20.54	0.00	1.01	0.00	0.00
701	17.13	4090	3095	0.77	33	0	0	0	1	3	34	0	0	0	0	0.00	0.00	0.15	0.43	80.70	0.00	0.00	0.00	0.00	22.04	0.00	60.83	0.00	67	0	67	130.67	93.30	0.00	0.00	0.00	0.00	0.00	0.00	0.00	0.00	0.00	0.00	0.00	23.40	20.28	0.00	0.99	0.00	0.00
709	17.34	4090	3095	0.78	33	0	0	0	1	3	30	0	2	0	0	0.00	0.00	0.32	1.05	74.10	0.00	5.74	0.00	0.00	21.94	0.00	60.72	0.00	67	0	67	132.36	94.00	0.00	0.00	0.00	0.00	0.00	0.00	0.00	0.00	0.00	0.00	0.00	24.47	21.13	0.00	1.01	0.00	0.00
702	17.23	4090	3084	0.86	34	0	0	0	1	3	29	0	3	0	0	0.00	0.00	0.30	1.05	74.28	0.00	5.45	0.00	0.00	21.81	0.00	60.96	0.00	67	0	67	130.93	93.44	0.00	0.00	0.00	0.00	0.00	0.00	0.00	0.00	0.00	0.00	0.00	23.46	20.58	0.00	1.01	0.00	0.00
756	15.63	4088	3663	0.90	33	0	0	0	1	6	30	0	1	0	0	0.00	0.00	0.16	1.00	93.71	0.00	3.45	0.00	0.00	23.63	0.00	60.73	0.00	67	0	67	144.98	103.00	0.00	0.00	0.00	0.00	0.00	0.00	0.00	0.00	0.00	0.00	0.00	31.62	27.55	0.00	1.32	0.00	0.00
804	19.45	4090	3127	0.88	34	0	0	0	1	2	23	0	2	0	0	0.00	0.00	0.53	2.27	71.95	0.00	4.94	0.00	0.00	22.49	1.84	56.22	0.00	67	0	67	141.17	93.55	0.00	0.00	0.00	0.00	0.00	0.00	0.00	0.00	0.00	0.00	0.00	25.73	22.63	0.00	1.01	0.00	0.00
789	19.07	4091	3132	0.90	26	0	0	0	2	5	27	0	0	0	0	0.00	0.00	0.43	1.62	78.03	0.00	0.00	0.00	0.00	23.46	0.00	57.47	0.00	67	0	67	143.67	94.65	0.00	0.00	0.00	0.00	0.00	0.00	0.00	0.00	0.00	0.00	0.00	25.70	23.30	0.00	1.01	0.00	0.00
628	23.60	4091	2013	0.93	26	0	0	0	1	2	31	0	0	0	0	0.00	0.00	0.25	1.08	47.27	0.00	0.00	0.00	0.00	16.30	0.97	59.13	0.00	67	0	67	95.84	62.87	0.00	0.00	0.00	0.00	0.00	0.00	0.00	0.00	0.00	0.00	0.00	11.04	9.73	0.00	0.44	0.00	0.00
720	12.31	4087	4431	0.90	49	0	0	0	0	1	38	0	11	0	0	0.00	0.00	0.00	0.43	101.18	0.00	22.82	0.00	0.00	23.23	0.00	62.47	1.99	67	0	68	136.12	107.92	0.00	0.00	0.00	0.00	0.00	0.00	0.00	0.00	0.00	0.00	0.00	39.32	33.59	0.00	1.69	0.00	0.00
693	16.65	4090	3153	0.92	41	0	0	0	0	2	27	0	6	0	0	0.00	0.00	0.00	1.40	70.99	0.00	11.31	0.00	0.00	20.84	2.29	55.52	4.70	67	0	68	132.08	95.52	0.00	0.00	0.00	0.00	0.00	0.00	0.00	0.00	0.00	0.00	0.00	24.65	21.83	0.00	1.02	0.00	0.00
711	17.28	4090	3116	0.92	34	0	0	1	1	5	34	0	1	0	0	0.00	0.05	0.08	1.03	80.44	0.00	0.23	0.00	0.00	22.13	0.00	60.59	0.00	68	0	68	132.87	93.84	0.00	0.00	0.00	0.00	0.00	0.00	0.00	0.00	0.00	0.00	0.00	24.08	21.43	0.00	1.01	0.00	0.00
711	17.48	4089	3079	0.91	33	0	0	0	0	2	30	0	2	0	0	0.00	0.00	0.00	1.17	75.81	0.00	3.75	0.00	0.00	20.67	1.24	60.61	0.00	68	0	68	131.27	93.66	0.00	0.00	0.00	0.00	0.00	0.00	0.00	0.00	0.00	0.00	0.00	25.11	21.62	0.00	1.01	0.00	0.00
712	20.07	4089	2684	0.89	33	0	0	0	2	3	31	0	3	0	0	0.00	0.00	0.27	0.68	59.56	0.00	7.27	0.00	0.00	17.40	0.00	62.52	0.00	68	0	68	126.76	89.78	0.00	0.00	0.00	0.00	0.00	0.00	0.00	0.00	0.00	0.00	0.00	20.06	17.83	0.00	0.83	0.00	0.00
722	15.60	4087	3505	0.90	35	0	0	0	0	1	37	0	3	0	0	0.00	0.00	0.00	0.43	91.05	0.00	2.40	0.00	0.00	23.40	0.00	60.84	0.16	68	0	68	127.53	95.02	0.00	0.00	0.00	0.00	0.00	0.00	0.00	0.00	0.00	0.00	0.00	29.25	24.42	0.00	1.19	0.00	0.00
709	16.73	4090	3209	0.92	41	0	0	0	1	1	32	0	2	0	0	0.00	0.00	0.36	0.66	80.38	0.00	3.77	0.00	0.00	20.88	1.07	61.32	0.00	67	0	68	135.92	98.00	0.00	0.00	0.00	0.00	0.00	0.00	0.00	0.00	0.00	0.00	0.00	24.57	22.88	0.00	1.04	0.00	0.00
710	17.62	4090	3050	0.91	33	0	0	0	1	1	28	0	4	0	0	0.00	0.00	0.30	0.77	71.33	0.00	7.34	0.00	0.00	21.12	1.35	56.42	3.49	68	0	68	130.42	92.56	0.00	0.00	0.00	0.00	0.00	0.00	0.00	0.00	0.00	0.00	0.00	24.44	20.51	0.00	1.00	0.00	0.00
697	19.55	4090	2698	0.91	33	0	0	0	2	5	33	0	2	0	0	0.00	0.00	0.19	0.93	62.71	0.00	4.80	0.00	0.00	17.83	0.00	62.62	0.00	68	0	68	126.81	90.05	0.00	0.00	0.00	0.00	0.00	0.00	0.00	0.00	0.00	0.00	0.00	20.64	18.04	0.00	0.83	0.00	0.00
703	15.30	4088	3479	0.91	33	0	0	0	0	1	33	0	6	0	0	0.00	0.00	0.00	0.43	83.64	0.00	9.82	0.00	0.00	23.30	0.00	59.27	2.13	68	0	68	127.75	95.32	0.00	0.00	0.00	0.00	0.00	0.00	0.00	0.00	0.00	0.00	0.00	28.42	23.54	0.00	1.19	0.00	0.00
709	16.66	4090	3220	0.92	41	0	0	0	1	1	29	0	4	0	0	0.00	0.00	0.36	0.76	74.71	0.00	9.69	0.00	0.00	20.74	1.24	57.40	3.96	68	0	68	135.37	98.00	0.00	0.00	0.00	0.00	0.00	0.00	0.00	0.00	0.00	0.00	0.00	24.76	23.44	0.00	1.03	0.00	0.00
711	17.63	4089	3052	0.91	33	0	0	0	1	1	28	0	4	0	0	0.00	0.00	0.30	0.77	70.19	0.00	8.52	0.00	0.00	20.94	1.33	56.62	3.49	68	0	68	130.44	92.62	0.00	0.00	0.00	0.00	0.00	0.00	0.00	0.00	0.00	0.00	0.00	24.37	20.83	0.00	1.00	0.00	0.00
709	17.23	4089	3114	0.91	33	0	0	0	1	2	28	0	4	0	0	0.00	0.00	0.13	1.25	71.09	0.00	9.53	0.00	0.00	21.14	1.06	56.91	3.67	67	0	68	132.43	94.24	0.00	0.00	0.00	0.00	0.00	0.00	0.00	0.00	0.00	0.00	0.00	24.67	21.69	0.00	1.01	0.00	0.00
758	16.41	4088	3498	0.92	33	0	1	0	0	2	26	0	3	0	0	0.10	0.00	0.00	1.56	82.71	0.00	8.60	0.00	0.00	20.09	1.43	62.07	0.00	67	0	67	147.08	104.63	0.00	0.00	0.00	0.00	0.00	0.00	0.00	0.00	0.00	0.00	0.00	31.40	27.22	0.00	1.26	0.00	0.00
706	19.16	4091	2788	0.92	24	0	0	1	1	2	25	0	2	0	0	0.00	0.03	0.15	1.34	63.45	0.00	6.50	0.00	0.00	23.13	0.00	57.71	0.00	68	0	68	125.32	83.11	0.00	0.00	0.00	0.00	0.00	0.00	0.00	0.00	0.00	0.00	0.00	19.27	17.69	0.00	0.77	0.00	0.00
775	16.25	4090	3611	0.90	33	0	0	0	2	1	22	0	6	0	0	0.00	0.00	0.64	1.15	74.53	0.00	19.85	0.00	0.00	20.40	1.66	56.95	4.73	68	0	68	150.80	107.58	0.00	0.00	0.00	0.00	0.00	0.00	0.00	0.00	0.00	0.00	0.00	33.99	28.67	0.00	1.38	0.00	0.00
634	20.72	4090	2315	0.94	26	0	0	0	3	3	33	0	4	0	0	0.00	0.00	0.46	0.85	51.82	0.00	4.88	0.00	0.00	26.38	1.52	51.39	0.00	68	0	68	95.14	62.28	0.00	0.00	0.00	0.00	0.00	0.00	0.00	0.00	0.00	0.00	0.00	12.48	11.07	0.00	0.50	0.00	0.00
716	14.03	4086	3867	0.91	53	0	0	0	2	1	32	0	8	0	0	0.00	0.00	0.62	0.87	85.00	0.00	19.12	0.00	0.00	18.64	0.00	61.22	6.11	67	0	68	146.83	112.30	0.00	0.00	0.00	0.00	0.00	0.00	0.00	0.00	0.00	0.00	0.00	35.73	30.85	0.00	1.51	0.00	0.00
713	17.12	4090	3153	0.92	32	0	0	0	2	1	27	0	4	0	0	0.00	0.00	0.51	0.87	69.23	0.00	12.42	0.00	0.00	21.32	0.00	55.62	5.94	68	0	68	134.33	95.57	0.00	0.00	0.00	0.00	0.00	0.00	0.00	0.00	0.00	0.00	0.00	25.59	22.88	0.00	1.03	0.00	0.00
761	16.55	4089	3480	0.91	34	0	0	0	1	2	25	0	4	0	0	0.00	0.00	0.19	1.91	81.04	0.00	8.93	0.00	0.00	20.68	2.89	58.62	1.26	68	0	68	147.43	104.12	0.00	0.00	0.00	0.00	0.00	0.00	0.00	0.00	0.00	0.00	0.00	30.79	26.13	0.00	1.28	0.00	0.00
769	18.40	4091	3162	0.91	25	0	0	0	2	1	22	0	3	0	0	0.00	0.00	0.57	0.80	68.34	0.00	11.95	0.00	0.00	22.94	0.00	58.66	0.00	68	0	68	143.74	95.37	0.00	0.00	0.00	0.00	0.00	0.00	0.00	0.00	0.00	0.00	0.00	26.25	23.68	0.00	1.02	0.00	0.00
771	18.80	4090	3105	0.91	26	0	0	0	2	1	24	0	2	0	0	0.00	0.00	0.68	0.17	71.14	0.00	7.81	0.00	0.00	23.26	0.00	57.95	0.00	68	0	68	142.67	93.48	0.00	0.00	0.00	0.00	0.00	0.00	0.00	0.00	0.00	0.00	0.00	25.67	22.09	0.00	1.03	0.00	0.00
766	18.77	4091	3089	0.91	27	0	0	0	2	1	24	0	2	0	0	0.00	0.00	0.83	0.17	71.47	0.00	6.97	0.00	0.00	23.56	0.00	57.67	0.00	68	0	68	142.70	93.45	0.00	0.00	0.00	0.00	0.00	0.00	0.00	0.00	0.00	0.00	0.00	25.60	22.46	0.00	1.00	0.00	0.00
698	19.58	4091	2696	0.92	27	0	0	0	1	1	26	0	2	0	0	0.00	0.00	0.38	0.63	63.48	0.00	4.45	0.00	0.00	23.03	1.22	51.93	4.24	68	0	68	121.90	79.88	0.00	0.00	0.00	0.00	0.00	0.00	0.00	0.00	0.00	0.00	0.00	19.73	16.90	0.00	0.75	0.00	0.00
708	17.29	4090	3101	0.92	33	0	1	0	1	5	31	0	3	0	0	0.10	0.00	0.10	0.98	71.56	0.00	8.79	0.00	0.00	21.68	0.00	61.03	0.00	68	0	68	132.44	93.85	0.00	0.00	0.00	0.00	0.00	0.00	0.00	0.00	0.00	0.00	0.00	24.32	21.31	0.00	1.01	0.00	0.00
767	16.25	4087	3576	0.90	33	0	0	0	0	2	26	0	3	0	0	0.00	0.00	0.00	1.58	84.52	0.00	8.99	0.00	0.00	20.07	1.40	62.28	0.00	68	0	68	148.88	105.82	0.00	0.00	0.00	0.00	0.00	0.00	0.00	0.00	0.00	0.00	0.00	31.47	27.53	0.00	1.33	0.00	0.00
766	18.71	4091	3099	0.92	25	0	0	1	1	1	23	0	2	0	0	0.00	0.10	0.52	0.72	70.89	0.00	7.65	0.00	0.00	23.16	0.00	58.13	0.00	68	0	68	142.21	93.78	0.00	0.00	0.00	0.00	0.00	0.00	0.00	0.00	0.00	0.00	0.00	25.56	23.28	0.00	1.00	0.00	0.00
772	18.71	4089	3124	0.91	26	0	0	0	2	1	22	0	2	0	0	0.00	0.00	0.87	1.11	70.59	0.00	7.87	0.00	0.00	23.05	0.00	58.24	0.00	68	0	68	143.13	94.56	0.00	0.00	0.00	0.00	0.00	0.00	0.00	0.00	0.00	0.00	0.00	25.54	22.24	0.00	1.01	0.00	0.00
771	18.81	4091	3103	0.91	25	0	0	0	2	0	23	0	2	0	0	0.00	0.00	0.77	0.00	72.66	0.00	6.48	0.00	0.00	23.11	0.00	52.65	5.42	68	0	68	143.59	93.76	0.00	0.00	0.00	0.00	0.00	0.00	0.00	0.00	0.00	0.00	0.00	26.12	22.61	0.00	1.03	0.00	0.00
700	19.61	4091	2701	0.92	27	0	0	0	2	3	27	0	2	0	0	0.00	0.00	0.53	0.48	61.79	0.00	5.76	0.00	0.00	24.18	0.00	56.21	0.00	68	0	68	122.43	80.08	0.00	0.00	0.00	0.00	0.00	0.00	0.00	0.00	0.00	0.00	0.00	19.73	17.35	0.00	0.76	0.00	0.00
706	17.28	4089	3091	0.92	33	0	0	0	1	4	31	0	2	0	0	0.00	0.00	0.22	0.92	74.34	0.00	5.62	0.00	0.00	21.81	0.00	60.91	0.00	68	0	68	131.98	93.52	0.00	0.00	0.00	0.00	0.00	0.00	0.00	0.00	0.00	0.00	0.00	24.20	21.06	0.00	0.99	0.00	0.00
700	17.16	4090	3087	0.92	33	0	0	0	0	2	29	0	3	0	0	0.00	0.00	0.00	1.18	73.24	0.00	6.93	0.00	0.00	20.81	1.20	60.83	0.00	68	0	68	131.04	93.39	0.00	0.00	0.00	0.00	0.00	0.00	0.00	0.00	0.00	0.00	0.00	24.77	21.15	0.00	1.02	0.00	0.00
706	17.22	4090	3102	0.92	34	0	0	1	1	3	30	0	4	0	0	0.00	0.05	0.23	0.80	70.28	0.00	10.25	0.00	0.00	21.94	0.00	60.84	0.00	68	0	68	132.67	94.11	0.00	0.00	0.00	0.00	0.00	0.00	0.00	0.00	0.00	0.00	0.00	23.90	21.50	0.00	0.99	0.00	0.00
702	17.21	4090	3089	0.92	33	0	0	0	0	2	29	0	3	0	0	0.00	0.00	0.00	1.18	73.37	0.00	6.85	0.00	0.00	21.03	1.18	60.59	0.00	68	0	68	130.77	93.17	0.00	0.00	0.00	0.00	0.00	0.00	0.00	0.00	0.00	0.00	0.00	24.97	21.09	0.00	1.02	0.00	0.00
708	17.22	4090	3114	0.92	34	0	0	1	1	3	32	0	2	0	0	0.00	0.05	0.23	0.80	74.35	0.00	6.38	0.00	0.00	21.69	0.00	61.09	0.00	68	0	68	133.14	94.36	0.00	0.00	0.00	0.00	0.00	0.00	0.00	0.00	0.00	0.00	0.00	24.33	21.76	0.00	1.01	0.00	0.00
702	17.27	4090	3079	0.92	33	0	0	0	0	2	29	0	3	0	0	0.00	0.00	0.00	1.25	73.10	0.00	6.70	0.00	0.00	20.85	1.34	60.55	0.00	68	0	68	130.79	93.32	0.00	0.00	0.00	0.00	0.00	0.00	0.00	0.00	0.00	0.00	0.00	24.58	21.10	0.00	0.99	0.00	0.00
705	17.18	4090	3108	0.93	34	0	0	0	1	2	30	0	2	0	0	0.00	0.00	0.12	1.30	74.86	0.00	5.55	0.00	0.00	20.94	1.13	60.76	0.00	68	0	68	132.48	94.50	0.00	0.00	0.00	0.00	0.00	0.00	0.00	0.00	0.00	0.00	0.00	23.86	20.85	0.00	1.01	0.00	0.00
656	20.74	4091	2394	0.91	34	0	0	1	0	2	27	0	7	0	0	0.00	0.02	0.00	0.94	48.93	0.00	10.38	0.00	0.00	15.73	1.21	61.06	1.27	68	0	68	115.26	82.31	0.00	0.00	0.00	0.00	0.00	0.00	0.00	0.00	0.00	0.00	0.00	17.14	14.96	0.00	0.68	0.00	0.00
785	12.49	4086	4763	0.89	42	0	0	0	1	1	30	0	11	0	0	0.00	0.00	0.22	0.81	98.47	0.00	33.06	0.00	0.00	23.30	0.00	56.79	7.42	68	0	68	145.30	112.45	0.00	0.00	0.00	0.00	0.00	0.00	0.00	0.00	0.00	0.00	0.00	44.39	37.30	0.00	1.88	0.00	0.00
638	23.40	4092	2064	0.93	34	0	0	0	2	4	35	0	0	0	0	0.00	0.00	0.28	0.35	49.37	0.00	0.00	0.00	0.00	17.27	0.00	59.33	0.00	68	0	68	97.99	65.76	0.00	0.00	0.00	0.00	0.00	0.00	0.00	0.00	0.00	0.00	0.00	11.32	10.68	0.00	0.45	0.00	0.00
720	12.32	4086	4428	0.90	50	0	0	0	1	0	38	0	9	0	0	0.00	0.00	0.38	0.00	104.48	0.00	19.42	0.00	0.00	21.50	0.00	60.00	6.19	68	0	68	141.88	112.41	0.00	0.00	0.00	0.00	0.00	0.00	0.00	0.00	0.00	0.00	0.00	40.53	33.83	0.00	1.76	0.00	0.00
712	17.44	4088	3091	0.91	33	0	0	0	0	1	28	0	6	0	0	0.00	0.00	0.00	0.62	69.28	0.00	11.29	0.00	0.00	22.78	1.05	56.58	2.17	68	0	69	124.15	88.50	0.00	0.00	0.00	0.00	0.00	0.00	0.00	0.00	0.00	0.00	0.00	24.14	20.48	0.00	0.96	0.00	0.00
712	16.65	4086	3240	0.91	43	0	0	0	1	2	30	0	6	0	0	0.00	0.00	0.28	0.98	71.13	0.00	12.91	0.00	0.00	22.11	1.41	59.77	0.06	68	0	68	135.22	97.10	0.00	0.00	0.00	0.00	0.00	0.00	0.00	0.00	0.00	0.00	0.00	23.74	22.55	0.00	1.03	0.00	0.00
623	22.07	4090	2135	0.92	34	0	0	0	1	2	31	0	6	0	1	0.00	0.00	0.09	0.80	44.68	0.00	6.74	0.00	0.32	16.18	2.03	54.51	5.20	68	0	68	95.84	67.74	0.00	0.00	0.00	0.00	0.00	0.00	0.00	0.00	0.00	0.00	0.00	12.40	10.44	0.00	0.52	0.00	0.00
756	11.96	4084	4791	0.90	56	0	0	2	1	1	32	0	12	0	4	0.00	0.05	0.30	0.52	86.82	0.00	31.66	0.00	15.09	20.70	0.00	47.87	19.47	68	0	68	146.41	117.88	0.00	0.00	0.00	0.00	0.00	0.00	0.00	0.00	0.00	0.00	0.00	46.19	38.71	0.00	1.98	0.00	0.00
707	17.17	4090	3116	0.91	31	0	0	1	0	0	25	0	10	0	0	0.00	0.00	0.00	0.00	52.64	0.00	29.43	0.00	0.00	23.04	0.00	43.07	16.72	68	0	68	124.45	89.46	0.00	0.00	0.00	0.00	0.00	0.00	0.00	0.00	0.00	0.00	0.00	24.03	20.93	0.00	0.97	0.00	0.00
710	16.71	4090	3218	0.91	41	0	0	0	1	3	31	0	4	0	0	0.00	0.00	0.15	1.11	75.07	0.00	8.75	0.00	0.00	21.18	1.41	56.90	3.80	68	0	68	134.56	97.27	0.00	0.00	0.00	0.00	0.00	0.00	0.00	0.00	0.00	0.00	0.00	23.54	22.59	0.00	1.00	0.00	0.00
621	21.93	4090	2143	0.92	33	0	0	0	1	1	30	0	9	0	0	0.00	0.00	0.19	0.37	43.31	0.00	9.04	0.00	0.00	16.30	0.91	56.54	4.32	68	0	68	96.27	68.32	0.00	0.00	0.00	0.00	0.00	0.00	0.00	0.00	0.00	0.00	0.00	12.76	10.82	0.00	0.52	0.00	0.00
749	11.86	4086	4786	0.90	57	0	0	1	1	1	29	0	18	0	3	0.00	0.05	0.07	0.54	76.13	0.00	50.36	0.00	7.72	20.18	0.00	47.85	20.11	68	0	68	145.71	118.09	0.00	0.00	0.00	0.00	0.00	0.00	0.00	0.00	0.00	0.00	0.00	46.48	38.82	0.00	1.99	0.00	0.00
711	17.25	4089	3119	0.91	32	0	0	0	0	0	24	0	11	0	0	0.00	0.00	0.00	0.00	56.18	0.00	25.92	0.00	0.00	22.94	0.00	57.69	2.12	68	0	68	124.50	89.40	0.00	0.00	0.00	0.00	0.00	0.00	0.00	0.00	0.00	0.00	0.00	23.03	20.04	0.00	0.96	0.00	0.00
619	21.10	4091	2220	0.93	41	0	0	0	1	2	35	0	6	0	0	0.00	0.00	0.14	0.52	47.07	0.00	7.77	0.00	0.00	16.64	1.08	58.36	2.82	68	0	68	100.20	72.50	0.00	0.00	0.00	0.00	0.00	0.00	0.00	0.00	0.00	0.00	0.00	12.43	11.72	0.00	0.52	0.00	0.00
820	10.63	4082	5851	0.88	57	0	0	0	2	0	30	0	18	0	1	0.00	0.00	0.61	0.00	102.17	0.00	62.86	0.00	1.33	21.32	0.00	50.58	17.47	68	0	68	153.29	124.08	0.00	0.00	0.00	0.00	0.00	0.00	0.00	0.00	0.00	0.00	0.00	60.17	49.31	0.00	2.61	0.00	0.00
667	20.99	4091	2405	0.92	26	0	0	0	1	0	21	0	10	0	0	0.00	0.00	0.08	0.00	40.93	0.00	19.30	0.00	0.00	19.32	0.00	56.70	2.99	69	0	69	116.78	77.65	0.00	0.00	0.00	0.00	0.00	0.00	0.00	0.00	0.00	0.00	0.00	15.97	14.83	0.00	0.62	0.00	0.00
789	14.04	4088	4255	0.89	41	0	0	0	2	3	31	0	5	0	0	0.00	0.00	0.53	0.60	99.87	0.00	15.90	0.00	0.00	23.46	0.00	62.50	0.00	68	0	68	148.06	110.44	0.00	0.00	0.00	0.00	0.00	0.00	0.00	0.00	0.00	0.00	0.00	39.73	33.36	0.00	1.66	0.00	0.00
663	21.40	4091	2343	0.94	25	0	0	1	1	0	27	0	3	0	0	0.00	0.06	0.12	0.00	52.63	0.00	5.76	0.00	0.00	18.94	0.00	59.66	0.00	68	0	68	114.85	76.00	0.00	0.00	0.00	0.00	0.00	0.00	0.00	0.00	0.00	0.00	0.00	16.01	14.30	0.00	0.61	0.00	0.00
770	13.65	4088	4272	0.91	41	0	0	1	1	1	30	0	5	0	0	0.00	0.03	0.16	1.16	99.55	0.00	16.82	0.00	0.00	22.91	1.47	61.97	0.00	68	0	68	146.21	110.34	0.00	0.00	0.00	0.00	0.00	0.00	0.00	0.00	0.00	0.00	0.00	37.46	32.01	0.00	1.62	0.00	0.00
708	19.82	4089	2704	0.92	26	0	0	0	1	0	27	0	3	0	0	0.00	0.00	0.13	0.00	62.97	0.00	5.56	0.00	0.00	21.02	0.00	59.16	0.00	68	0	68	128.53	85.10	0.00	0.00	0.00	0.00	0.00	0.00	0.00	0.00	0.00	0.00	0.00	19.34	17.95	0.00	0.76	0.00	0.00
762	15.85	4090	3640	0.91	34	0	0	1	1	3	28	0	3	0	0	0.00	0.00	0.23	0.59	85.19	0.00	11.32	0.00	0.00	23.29	0.00	60.86	0.00	68	0	68	144.85	102.87	0.00	0.00	0.00	0.00	0.00	0.00	0.00	0.00	0.00	0.00	0.00	34.19	29.00	0.00	1.33	0.00	0.00
721	20.17	4090	2704	0.90	26	0	0	0	0	1	25	0	5	0	0	0.00	0.00	0.00	0.82	57.74	0.00	9.82	0.00	0.00	22.80	1.66	55.37	0.00	69	0	68	120.26	79.55	0.00	0.00	0.00	0.00	0.00	0.00	0.00	0.00	0.00	0.00	0.00	18.25	16.33	0.00	0.74	0.00	0.00
708	17.08	4089	3138	0.92	42	0	0	0	1	6	33	0	1	0	0	0.00	0.00	0.10	1.42	80.36	0.00	0.65	0.00	0.00	21.58	1.30	60.04	0.00	68	0	68	132.38	95.19	0.00	0.00	0.00	0.00	0.00	0.00	0.00	0.00	0.00	0.00	0.00	23.88	21.85	0.00	1.00	0.00	0.00
635	21.34	4091	2253	0.92	34	0	0	0	2	5	37	0	0	0	1	0.00	0.00	0.13	0.64	54.78	0.00	0.00	0.00	0.47	16.10	0.00	62.56	0.00	68	0	69	107.65	76.72	0.00	0.00	0.00	0.00	0.00	0.00	0.00	0.00	0.00	0.00	0.00	14.43	12.67	0.00	0.59	0.00	0.00
718	12.30	4086	4423	0.90	50	0	0	0	0	1	40	0	9	0	0	0.00	0.00	0.00	0.41	105.34	0.00	18.25	0.00	0.00	23.46	0.00	60.20	4.04	68	0	68	135.92	107.80	0.00	0.00	0.00	0.00	0.00	0.00	0.00	0.00	0.00	0.00	0.00	39.58	33.17	0.00	1.69	0.00	0.00
713	17.08	4089	3162	0.92	41	0	0	0	1	4	32	0	4	0	0	0.00	0.00	0.10	1.14	75.45	0.00	6.66	0.00	0.00	21.16	1.22	55.56	4.98	68	0	68	133.31	96.03	0.00	0.00	0.00	0.00	0.00	0.00	0.00	0.00	0.00	0.00	0.00	23.51	21.77	0.00	1.00	0.00	0.00
625	21.76	4091	2175	0.93	34	0	0	0	0	2	37	0	2	0	0	0.00	0.00	0.00	0.58	50.36	0.00	2.91	0.00	0.00	16.50	0.78	60.96	0.00	68	0	68	96.59	68.96	0.00	0.00	0.00	0.00	0.00	0.00	0.00	0.00	0.00	0.00	0.00	12.50	10.95	0.00	0.52	0.00	0.00
737	11.66	4085	4787	0.90	58	0	0	1	0	1	30	0	18	0	2	0.00	0.00	0.00	0.43	79.57	0.00	51.14	0.00	4.06	19.96	0.00	51.91	16.46	68	0	68	146.36	118.31	0.00	0.00	0.00	0.00	0.00	0.00	0.00	0.00	0.00	0.00	0.00	46.52	38.32	0.00	2.00	0.00	0.00
578	30.50	4093	1434	0.95	34	0	0	1	1	0	19	0	16	0	0	0.00	0.01	0.04	0.00	16.43	0.00	14.90	0.00	0.00	24.95	0.00	34.45	10.11	68	0	68	97.05	69.09	0.00	0.00	0.00	0.00	0.00	0.00	0.00	0.00	0.00	0.00	0.00	8.74	7.58	0.00	0.35	0.00	0.00
755	7.46	4074	7690	0.88	94	0	0	0	1	0	34	0	41	0	1	0.00	0.00	0.13	0.00	94.42	0.00	121.30	0.00	12.42	15.85	0.00	36.74	39.95	65	0	64	126.71	111.08	0.00	0.00	0.00	0.00	0.00	0.00	0.00	0.00	0.00	0.00	0.00	59.92	54.36	0.00	2.77	0.00	0.00
596	19.52	4088	2313	0.93	32	0	0	0	2	1	11	0	24	0	0	0.00	0.00	0.13	0.40	15.62	0.00	42.91	0.00	0.00	26.12	0.00	16.50	37.85	66	0	65	105.96	79.85	0.00	0.00	0.00	0.00	0.00	0.00	0.00	0.00	0.00	0.00	0.00	15.34	12.89	0.00	0.66	0.00	0.00
645	19.15	4088	2550	0.88	49	0	0	0	1	1	27	0	19	0	1	0.00	0.00	0.13	0.37	38.99	0.00	26.02	0.00	0.09	12.85	0.00	48.37	19.63	67	0	66	117.83	96.76	0.00	0.00	0.00	0.00	0.00	0.00	0.00	0.00	0.00	0.00	0.00	20.84	16.97	0.00	0.91	0.00	0.00
679	9.80	4066	5275	0.89	65	0	0	0	0	1	24	0	31	0	0	0.00	0.00	0.00	0.59	67.30	0.00	84.81	0.00	0.00	17.49	0.61	35.48	36.62	67	0	68	121.63	102.57	0.00	0.00	0.00	0.00	0.00	0.00	0.00	0.00	0.00	0.00	0.00	38.94	35.97	0.00	1.73	0.00	0.00
744	17.55	4013	3271	0.85	33	0	0	0	2	2	28	0	7	0	0	0.00	0.00	0.47	1.07	68.12	0.00	16.40	0.00	0.00	20.13	0.00	59.00	3.32	67	0	67	119.92	92.25	0.00	0.00	0.00	0.00	0.00	0.00	0.00	0.00	0.00	0.00	0.00	28.01	21.15	0.00	1.20	0.00	0.00
620	26.71	3880	1853	0.90	36	0	0	0	2	2	26	0	8	0	0	0.00	0.00	0.21	0.60	35.51	0.00	7.13	0.00	0.00	16.35	0.98	53.35	2.61	68	0	67	115.98	87.75	0.00	0.00	0.00	0.00	0.00	0.00	0.00	0.00	0.00	0.00	0.00	11.74	10.66	0.00	0.52	0.00	0.00
680	10.35	3758	5417	0.89	65	0	0	0	0	1	30	0	25	0	0	0.00	0.00	0.00	0.68	87.18	0.00	68.93	0.00	0.00	16.98	0.64	55.46	16.58	66	0	66	126.19	106.19	0.00	0.00	0.00	0.00	0.00	0.00	0.00	0.00	0.00	0.00	0.00	33.48	29.34	0.00	1.76	0.00	0.00
712	15.44	3700	3860	0.88	34	0	0	1	0	2	23	0	8	0	0	0.00	0.03	0.00	1.85	80.65	0.00	23.02	0.00	0.00	18.72	1.56	62.41	1.88	66	0	66	137.80	103.10	0.00	0.00	0.00	0.00	0.00	0.00	0.00	0.00	0.00	0.00	0.00	25.19	21.52	0.00	1.31	0.00	0.00
798	20.97	3700	3183	0.81	27	0	0	0	2	1	23	0	4	0	0	0.00	0.00	0.62	0.86	73.49	0.00	6.43	0.00	0.00	16.29	0.00	62.74	0.00	66	0	66	139.43	100.54	0.00	0.00	0.00	0.00	0.00	0.00	0.00	0.00	0.00	0.00	0.00	23.96	16.76	0.00	1.24	0.00	0.00
762	20.58	3700	3099	0.84	26	0	0	0	1	0	23	0	4	0	0	0.00	0.00	0.41	0.00	70.73	0.00	8.47	0.00	0.00	16.99	0.00	62.42	0.00	66	0	66	138.84	99.79	0.00	0.00	0.00	0.00	0.00	0.00	0.00	0.00	0.00	0.00	0.00	18.51	16.74	0.00	0.95	0.00	0.00
788	21.30	3700	3098	0.83	34	0	0	0	1	1	23	0	3	0	0	0.00	0.00	0.43	0.86	69.43	0.00	8.10	0.00	0.00	16.92	0.00	61.78	0.00	65	0	66	138.33	99.84	0.00	0.00	0.00	0.00	0.00	0.00	0.00	0.00	0.00	0.00	0.00	17.98	16.20	0.00	0.92	0.00	0.00
768	20.78	3700	3092	0.84	25	0	0	0	2	1	22	0	3	0	0	0.00	0.00	0.25	1.07	69.63	0.00	8.28	0.00	0.00	16.47	1.91	60.85	0.00	66	0	66	138.17	99.73	0.00	0.00	0.00	0.00	0.00	0.00	0.00	0.00	0.00	0.00	0.00	19.04	17.43	0.00	0.94	0.00	0.00
765	20.70	3700	3090	0.83	27	0	0	0	0	3	22	0	4	0	0	0.00	0.00	0.00	2.14	68.24	0.00	8.88	0.00	0.00	16.67	1.70	60.93	0.00	66	0	66	139.50	99.99	0.00	0.00	0.00	0.00	0.00	0.00	0.00	0.00	0.00	0.00	0.00	18.30	15.81	0.00	0.92	0.00	0.00
711	22.42	3700	2656	0.86	26	0	0	0	0	1	25	0	3	0	0	0.00	0.00	0.00	0.43	62.83	0.00	3.38	0.00	0.00	18.80	0.00	58.78	0.00	66	0	66	132.02	94.29	0.00	0.00	0.00	0.00	0.00	0.00	0.00	0.00	0.00	0.00	0.00	18.88	13.66	0.00	1.02	0.00	0.00
769	17.67	3700	3639	0.83	33	0	0	0	1	3	31	0	2	0	0	0.00	0.00	0.22	0.52	92.53	0.00	3.66	0.00	0.00	15.72	0.00	66.60	0.00	66	0	65	138.60	104.75	0.00	0.00	0.00	0.00	0.00	0.00	0.00	0.00	0.00	0.00	0.00	24.35	19.90	0.00	1.26	0.00	0.00
608	32.26	3700	1576	0.90	34	0	0	0	1	1	24	0	2	0	0	0.00	0.00	0.20	0.49	32.08	0.00	1.76	0.00	0.00	16.26	0.00	51.49	0.00	66	0	66	116.86	83.76	0.00	0.00	0.00	0.00	0.00	0.00	0.00	0.00	0.00	0.00	0.00	7.74	6.96	0.00	0.41	0.00	0.00
711	11.24	3700	5296	0.88	57	0	0	0	1	0	39	0	12	0	3	0.00	0.00	0.30	0.00	113.17	0.00	32.71	0.00	5.90	16.75	0.00	62.05	9.96	65	0	65	128.73	106.89	0.00	0.00	0.00	0.00	0.00	0.00	0.00	0.00	0.00	0.00	0.00	31.30	26.86	0.00	1.76	0.00	0.00
654	18.17	3700	3013	0.91	33	0	0	1	0	2	12	0	18	0	0	0.00	0.02	0.00	1.40	32.84	0.00	45.48	0.00	0.00	17.99	1.51	33.80	28.53	65	0	65	132.45	99.46	0.00	0.00	0.00	0.00	0.00	0.00	0.00	0.00	0.00	0.00	0.00	18.47	14.87	0.00	0.99	0.00	0.00
653	16.91	3700	3229	0.91	35	0	0	1	1	1	25	0	8	0	0	0.00	0.00	0.15	0.71	66.96	0.00	18.90	0.00	0.00	18.81	0.00	61.88	2.40	66	0	65	132.57	100.43	0.00	0.00	0.00	0.00	0.00	0.00	0.00	0.00	0.00	0.00	0.00	19.70	17.28	0.00	1.03	0.00	0.00
643	18.06	3700	2980	0.91	34	0	0	0	1	1	24	0	6	0	0	0.00	0.00	0.34	0.62	66.02	0.00	12.00	0.00	0.00	18.16	1.09	62.69	0.00	66	0	65	132.75	99.37	0.00	0.00	0.00	0.00	0.00	0.00	0.00	0.00	0.00	0.00	0.00	18.59	14.77	0.00	0.98	0.00	0.00
649	17.28	3700	3141	0.91	34	0	0	1	1	1	24	0	8	0	0	0.00	0.02	0.15	0.70	65.44	0.00	17.70	0.00	0.00	18.57	0.00	62.03	2.11	65	0	66	133.04	100.50	0.00	0.00	0.00	0.00	0.00	0.00	0.00	0.00	0.00	0.00	0.00	19.17	16.99	0.00	1.01	0.00	0.00
647	17.80	3700	3039	0.91	35	0	0	0	0	2	24	0	6	0	0	0.00	0.00	0.00	1.20	63.94	0.00	15.68	0.00	0.00	18.17	1.39	62.64	0.00	65	0	65	131.61	99.13	0.00	0.00	0.00	0.00	0.00	0.00	0.00	0.00	0.00	0.00	0.00	19.24	15.95	0.00	1.00	0.00	0.00
651	16.92	3700	3218	0.91	34	0	0	0	0	2	23	0	8	0	0	0.00	0.00	0.00	1.30	65.89	0.00	19.28	0.00	0.00	18.37	1.32	60.62	2.76	66	0	66	132.36	100.49	0.00	0.00	0.00	0.00	0.00	0.00	0.00	0.00	0.00	0.00	0.00	19.50	16.30	0.00	1.02	0.00	0.00
652	17.74	3700	3074	0.91	34	0	0	0	2	0	24	0	6	0	0	0.00	0.00	0.51	0.00	65.57	0.00	15.72	0.00	0.00	18.83	0.00	63.43	0.00	65	0	65	133.58	99.94	0.00	0.00	0.00	0.00	0.00	0.00	0.00	0.00	0.00	0.00	0.00	18.96	15.99	0.00	1.01	0.00	0.00
646	17.61	3700	3068	0.91	34	0	0	0	0	2	22	0	8	0	0	0.00	0.00	0.00	1.27	59.68	0.00	20.81	0.00	0.00	18.26	1.40	62.74	0.00	66	0	65	132.50	99.60	0.00	0.00	0.00	0.00	0.00	0.00	0.00	0.00	0.00	0.00	0.00	19.38	15.51	0.00	1.01	0.00	0.00
643	17.81	3700	3021	0.92	34	0	0	1	0	1	23	0	9	0	0	0.00	0.07	0.00	0.59	59.12	0.00	20.56	0.00	0.00	18.42	0.00	62.01	1.76	66	0	65	132.22	99.46	0.00	0.00	0.00	0.00	0.00	0.00	0.00	0.00	0.00	0.00	0.00	18.15	15.48	0.00	1.00	0.00	0.00
653	16.89	3700	3235	0.91	34	0	0	1	1	1	23	0	9	0	0	0.00	0.03	0.15	0.72	62.61	0.00	23.43	0.00	0.00	18.78	0.00	64.33	0.00	65	0	65	132.64	100.53	0.00	0.00	0.00	0.00	0.00	0.00	0.00	0.00	0.00	0.00	0.00	19.83	16.28	0.00	1.03	0.00	0.00
697	15.64	3700	3730	0.90	34	0	0	0	1	1	24	0	6	0	0	0.00	0.00	0.41	0.79	84.32	0.00	16.22	0.00	0.00	18.84	1.11	64.41	0.00	65	0	65	136.45	102.20	0.00	0.00	0.00	0.00	0.00	0.00	0.00	0.00	0.00	0.00	0.00	23.83	19.78	0.00	1.28	0.00	0.00
656	20.40	3911	2544	0.92	26	0	0	1	1	1	22	0	4	0	0	0.00	0.00	0.15	0.71	57.77	0.00	5.98	0.00	0.00	19.59	0.00	60.01	0.00	66	0	65	135.11	96.14	0.00	0.00	0.00	0.00	0.00	0.00	0.00	0.00	0.00	0.00	0.00	14.78	13.27	0.00	0.76	0.00	0.00
626	19.17	4089	2473	0.93	34	0	0	0	1	1	25	0	5	0	0	0.00	0.00	0.24	0.51	54.73	0.00	7.85	0.00	0.00	19.27	1.06	58.47	2.03	67	0	67	119.81	90.52	0.00	0.00	0.00	0.00	0.00	0.00	0.00	0.00	0.00	0.00	0.00	18.74	16.18	0.00	0.80	0.00	0.00
679	13.01	4087	3951	0.90	42	0	0	0	2	1	24	0	15	0	0	0.00	0.00	0.18	0.59	71.28	0.00	38.05	0.00	0.00	19.66	0.00	61.63	5.69	68	0	68	122.15	96.95	0.00	0.00	0.00	0.00	0.00	0.00	0.00	0.00	0.00	0.00	0.00	29.59	25.67	0.00	1.31	0.00	0.00
664	17.24	4086	2919	0.92	34	0	0	0	1	1	23	0	7	0	0	0.00	0.00	0.29	0.63	62.16	0.00	13.62	0.00	0.00	20.03	1.12	58.53	3.09	68	0	68	124.61	93.61	0.00	0.00	0.00	0.00	0.00	0.00	0.00	0.00	0.00	0.00	0.00	23.17	19.96	0.00	0.97	0.00	0.00
652	15.83	4088	3121	0.91	34	0	0	0	2	1	24	0	8	0	0	0.00	0.00	0.56	0.75	64.93	0.00	17.66	0.00	0.00	20.17	0.00	61.52	2.48	68	0	68	122.92	94.03	0.00	0.00	0.00	0.00	0.00	0.00	0.00	0.00	0.00	0.00	0.00	23.29	20.86	0.00	0.98	0.00	0.00
837	15.42	4088	4110	0.81	34	0	0	0	2	1	26	0	7	0	0	0.00	0.00	0.64	0.90	87.81	0.00	21.38	0.00	0.00	18.02	1.12	54.38	11.06	70	0	69	127.98	98.15	0.00	0.00	0.00	0.00	0.00	0.00	0.00	0.00	0.00	0.00	0.00	37.50	28.87	0.00	1.62	0.00	0.00
745	21.27	4088	2654	0.85	29	0	0	0	1	0	21	0	7	0	0	0.00	0.00	0.18	0.00	49.16	0.00	16.77	0.00	0.00	20.26	0.00	58.47	0.00	69	0	69	122.91	88.46	0.00	0.00	0.00	0.00	0.00	0.00	0.00	0.00	0.00	0.00	0.00	19.94	18.22	0.00	0.76	0.00	0.00
632	27.47	4092	1741	0.90	31	0	0	1	1	1	27	0	3	0	0	0.00	0.01	0.15	0.41	34.44	0.00	4.86	0.00	0.00	16.69	0.00	55.84	0.00	69	0	69	110.51	83.58	0.00	0.00	0.00	0.00	0.00	0.00	0.00	0.00	0.00	0.00	0.00	12.35	10.22	0.00	0.52	0.00	0.00
704	9.82	4082	5435	0.89	65	0	0	0	1	1	29	0	26	0	0	0.00	0.00	0.08	0.73	83.48	0.00	72.56	0.00	0.00	17.56	0.76	52.01	19.84	69	0	69	120.97	102.15	0.00	0.00	0.00	0.00	0.00	0.00	0.00	0.00	0.00	0.00	0.00	40.04	37.26	0.00	1.76	0.00	0.00
664	16.37	4088	3072	0.91	33	0	0	0	2	1	19	0	12	0	0	0.00	0.00	0.27	0.62	52.19	0.00	28.85	0.00	0.00	20.04	0.00	61.91	1.68	69	0	69	124.03	94.48	0.00	0.00	0.00	0.00	0.00	0.00	0.00	0.00	0.00	0.00	0.00	24.26	21.22	0.00	1.02	0.00	0.00
713	14.83	4086	3642	0.90	33	0	0	0	2	1	27	0	5	0	0	0.00	0.00	0.56	0.86	85.04	0.00	12.55	0.00	0.00	20.14	0.00	63.01	2.02	69	0	70	126.27	96.31	0.00	0.00	0.00	0.00	0.00	0.00	0.00	0.00	0.00	0.00	0.00	28.33	24.77	0.00	1.20	0.00	0.00
610	29.13	4091	1584	0.92	28	0	0	0	2	1	24	0	6	0	0	0.00	0.00	0.10	0.28	29.25	0.00	5.69	0.00	0.00	20.18	0.00	50.69	0.00	69	0	70	103.32	76.13	0.00	0.00	0.00	0.00	0.00	0.00	0.00	0.00	0.00	0.00	0.00	11.06	8.49	0.00	0.47	0.00	0.00
684	8.87	4080	5854	0.90	71	0	0	0	1	0	31	0	30	0	0	0.00	0.00	0.32	0.00	88.33	0.00	82.58	0.00	0.00	16.92	0.00	53.15	21.06	69	0	69	122.21	104.31	0.00	0.00	0.00	0.00	0.00	0.00	0.00	0.00	0.00	0.00	0.00	45.16	40.86	0.00	1.99	0.00	0.00
729	13.56	4089	4070	0.89	34	0	0	0	2	1	22	0	9	0	0	0.00	0.00	0.41	0.85	83.70	0.00	27.89	0.00	0.00	20.27	0.00	64.17	2.01	70	0	69	128.19	97.84	0.00	0.00	0.00	0.00	0.00	0.00	0.00	0.00	0.00	0.00	0.00	31.77	28.11	0.00	1.34	0.00	0.00
739	18.09	4088	3092	0.90	25	0	0	0	2	1	24	0	1	0	0	0.00	0.00	0.23	0.74	75.05	0.00	4.33	0.00	0.00	20.61	0.00	61.30	0.00	70	0	69	132.00	93.57	0.00	0.00	0.00	0.00	0.00	0.00	0.00	0.00	0.00	0.00	0.00	25.52	21.78	0.00	1.02	0.00	0.00
600	26.42	4091	1719	0.95	25	0	0	0	2	1	20	0	4	0	0	0.00	0.00	0.22	0.42	31.95	0.00	7.40	0.00	0.00	19.36	0.00	54.22	0.00	69	0	69	116.79	83.15	0.00	0.00	0.00	0.00	0.00	0.00	0.00	0.00	0.00	0.00	0.00	12.71	11.19	0.00	0.51	0.00	0.00
676	11.59	4084	4421	0.91	49	0	0	0	2	1	30	0	15	0	0	0.00	0.00	0.57	0.76	84.68	0.00	39.09	0.00	0.00	19.61	0.00	61.26	7.54	70	0	70	120.86	98.65	0.00	0.00	0.00	0.00	0.00	0.00	0.00	0.00	0.00	0.00	0.00	33.67	28.76	0.00	1.49	0.00	0.00
668	16.03	4089	3156	0.91	33	0	0	0	2	1	24	0	7	0	0	0.00	0.00	0.33	0.66	66.71	0.00	17.08	0.00	0.00	19.93	0.00	62.06	1.98	70	0	69	124.16	94.71	0.00	0.00	0.00	0.00	0.00	0.00	0.00	0.00	0.00	0.00	0.00	24.24	21.34	0.00	1.01	0.00	0.00
666	16.92	4087	2981	0.93	34	0	0	2	0	1	24	0	7	0	0	0.00	0.12	0.00	0.53	62.43	0.00	16.00	0.00	0.00	19.68	0.00	61.58	1.83	70	0	70	123.92	93.71	0.00	0.00	0.00	0.00	0.00	0.00	0.00	0.00	0.00	0.00	0.00	22.66	19.50	0.00	0.97	0.00	0.00
675	15.44	4089	3310	0.91	33	0	0	0	2	1	24	0	8	0	0	0.00	0.00	0.26	0.65	69.23	0.00	19.28	0.00	0.00	19.98	0.00	61.93	2.65	70	0	70	124.34	95.10	0.00	0.00	0.00	0.00	0.00	0.00	0.00	0.00	0.00	0.00	0.00	25.58	23.14	0.00	1.05	0.00	0.00
665	16.91	4088	2978	0.92	33	0	0	0	2	5	24	0	7	0	0	0.00	0.00	0.37	0.62	59.20	0.00	18.56	0.00	0.00	20.78	0.00	59.07	3.23	70	0	70	124.54	93.67	0.00	0.00	0.00	0.00	0.00	0.00	0.00	0.00	0.00	0.00	0.00	24.16	20.39	0.00	1.00	0.00	0.00
722	13.73	4086	3983	0.90	33	0	0	0	2	1	24	0	7	0	0	0.00	0.00	0.57	0.93	85.86	0.00	22.66	0.00	0.00	20.35	0.00	65.92	0.00	70	0	70	127.79	97.40	0.00	0.00	0.00	0.00	0.00	0.00	0.00	0.00	0.00	0.00	0.00	31.46	26.95	0.00	1.34	0.00	0.00
712	17.70	4086	3049	0.91	25	0	0	0	2	1	22	0	2	0	0	0.00	0.00	0.65	0.94	69.80	0.00	8.21	0.00	0.00	21.12	0.00	61.18	0.00	70	0	70	130.56	93.20	0.00	0.00	0.00	0.00	0.00	0.00	0.00	0.00	0.00	0.00	0.00	23.98	21.69	0.00	0.97	0.00	0.00
596	25.47	4092	1772	0.94	25	0	0	0	2	1	23	0	3	0	0	0.00	0.00	0.20	0.42	37.34	0.00	3.85	0.00	0.00	19.41	0.00	55.12	0.00	70	0	70	117.59	84.03	0.00	0.00	0.00	0.00	0.00	0.00	0.00	0.00	0.00	0.00	0.00	12.52	10.68	0.00	0.51	0.00	0.00
759	12.63	4087	4550	0.83	49	0	0	0	0	3	34	0	14	0	0	0.00	0.00	0.00	1.59	93.37	0.00	32.20	0.00	0.00	19.32	0.93	66.08	1.04	69	0	70	118.08	96.75	0.00	0.00	0.00	0.00	0.00	0.00	0.00	0.00	0.00	0.00	0.00	38.56	30.34	0.00	1.69	0.00	0.00
724	17.31	4090	3164	0.86	33	0	0	1	0	1	26	0	6	0	0	0.00	0.00	0.00	0.42	66.83	0.00	16.02	0.00	0.00	18.06	0.00	64.62	0.00	69	0	70	122.95	94.38	0.00	0.00	0.00	0.00	0.00	0.00	0.00	0.00	0.00	0.00	0.00	23.62	21.10	0.00	1.01	0.00	0.00
628	26.50	4089	1793	0.90	33	0	0	1	0	1	29	0	4	0	0	0.00	0.04	0.00	0.40	37.77	0.00	3.28	0.00	0.00	16.54	1.14	55.82	0.00	70	0	70	110.06	83.71	0.00	0.00	0.00	0.00	0.00	0.00	0.00	0.00	0.00	0.00	0.00	12.31	11.12	0.00	0.51	0.00	0.00
647	16.00	4088	3063	0.88	65	0	0	0	0	6	43	0	18	0	0	0.00	0.00	0.00	0.57	56.14	0.00	25.52	0.00	0.00	17.45	0.00	50.17	16.37	71	0	70	111.49	94.05	0.00	0.00	0.00	0.00	0.00	0.00	0.00	0.00	0.00	0.00	0.00	23.02	19.15	0.00	1.02	0.00	0.00
769	8.63	4083	6761	0.84	67	0	0	0	1	2	33	0	26	0	0	0.00	0.00	0.09	1.51	108.03	0.00	88.55	0.00	0.00	17.38	0.00	49.59	24.40	71	0	70	122.29	103.98	0.00	0.00	0.00	0.00	0.00	0.00	0.00	0.00	0.00	0.00	0.00	48.41	46.91	0.00	2.12	0.00	0.00
633	30.06	4091	1592	0.90	25	0	0	1	1	1	20	0	7	0	0	0.00	0.00	0.12	0.38	27.17	0.00	7.24	0.00	0.00	18.33	0.00	51.14	0.47	70	0	71	108.73	78.60	0.00	0.00	0.00	0.00	0.00	0.00	0.00	0.00	0.00	0.00	0.00	12.68	9.72	0.00	0.53	0.00	0.00
707	10.24	4082	5235	0.87	65	0	0	0	1	4	43	0	14	0	2	0.00	0.00	0.09	1.00	108.80	0.00	37.47	0.00	3.32	19.36	0.00	58.97	11.43	70	0	70	118.50	99.81	0.00	0.00	0.00	0.00	0.00	0.00	0.00	0.00	0.00	0.00	0.00	37.92	34.99	0.00	1.63	0.00	0.00
694	18.74	4089	2805	0.87	32	0	0	1	1	0	26	0	10	0	0	0.00	0.00	0.26	0.00	53.49	0.00	18.91	0.00	0.00	19.48	0.00	56.15	5.63	70	0	70	118.62	91.40	0.00	0.00	0.00	0.00	0.00	0.00	0.00	0.00	0.00	0.00	0.00	23.72	18.35	0.00	1.02	0.00	0.00
627	22.99	4088	2066	0.89	42	0	0	0	1	4	34	0	6	0	0	0.00	0.00	0.01	0.26	43.91	0.00	6.22	0.00	0.00	15.38	0.00	61.62	0.00	70	0	70	113.57	90.10	0.00	0.00	0.00	0.00	0.00	0.00	0.00	0.00	0.00	0.00	0.00	15.06	12.84	0.00	0.64	0.00	0.00
749	10.57	4082	5372	0.84	67	0	0	0	2	4	40	0	18	0	2	0.00	0.00	0.42	1.04	97.79	0.00	47.94	0.00	6.48	19.49	0.00	55.21	14.73	70	0	69	118.75	99.33	0.00	0.00	0.00	0.00	0.00	0.00	0.00	0.00	0.00	0.00	0.00	38.02	35.90	0.00	1.67	0.00	0.00
745	17.11	4088	3298	0.85	32	0	0	0	1	1	27	0	7	0	0	0.00	0.00	0.08	0.58	69.72	0.00	16.68	0.00	0.00	17.05	0.00	65.84	0.00	70	0	70	124.18	95.90	0.00	0.00	0.00	0.00	0.00	0.00	0.00	0.00	0.00	0.00	0.00	29.06	22.27	0.00	1.27	0.00	0.00
622	27.04	4092	1742	0.89	33	0	0	0	1	1	26	0	3	0	0	0.00	0.00	0.15	0.41	35.34	0.00	4.17	0.00	0.00	17.20	0.00	55.77	0.00	70	0	70	110.44	83.73	0.00	0.00	0.00	0.00	0.00	0.00	0.00	0.00	0.00	0.00	0.00	12.24	10.38	0.00	0.52	0.00	0.00
765	10.60	4083	5471	0.84	63	0	1	0	1	1	26	0	28	0	4	0.07	0.00	0.36	0.69	64.09	0.00	76.88	0.00	14.51	18.12	0.69	37.25	33.33	70	0	70	118.76	100.17	0.00	0.00	0.00	0.00	0.00	0.00	0.00	0.00	0.00	0.00	0.00	43.05	36.14	0.00	1.92	0.00	0.00
730	17.20	4086	3215	0.85	31	0	0	0	0	1	25	0	9	0	0	0.00	0.00	0.00	0.43	64.74	0.00	19.70	0.00	0.00	17.84	0.00	60.37	4.59	70	0	70	123.93	94.82	0.00	0.00	0.00	0.00	0.00	0.00	0.00	0.00	0.00	0.00	0.00	24.45	22.17	0.00	1.02	0.00	0.00
741	18.25	4086	3077	0.85	33	0	0	0	0	5	32	0	2	0	0	0.00	0.00	0.00	0.65	73.71	0.00	5.48	0.00	0.00	18.90	0.00	62.85	0.00	70	0	70	123.75	93.94	0.00	0.00	0.00	0.00	0.00	0.00	0.00	0.00	0.00	0.00	0.00	23.69	20.56	0.00	1.01	0.00	0.00
624	26.74	4092	1765	0.90	33	0	0	2	0	1	25	0	5	0	0	0.00	0.03	0.00	0.34	34.09	0.00	6.27	0.00	0.00	16.49	1.09	50.40	5.29	70	0	70	109.69	83.64	0.00	0.00	0.00	0.00	0.00	0.00	0.00	0.00	0.00	0.00	0.00	12.26	10.55	0.00	0.51	0.00	0.00
757	10.35	4085	5542	0.83	65	0	0	0	2	1	30	0	29	0	0	0.00	0.00	0.43	0.77	81.91	0.00	76.16	0.00	0.00	17.85	0.73	49.37	21.69	70	0	70	118.85	100.66	0.00	0.00	0.00	0.00	0.00	0.00	0.00	0.00	0.00	0.00	0.00	43.88	37.66	0.00	1.93	0.00	0.00
722	17.65	4088	3097	0.86	33	0	0	1	0	1	29	0	3	0	0	0.00	0.02	0.00	0.36	71.63	0.00	8.85	0.00	0.00	18.45	0.00	63.91	0.00	70	0	70	122.38	93.84	0.00	0.00	0.00	0.00	0.00	0.00	0.00	0.00	0.00	0.00	0.00	23.83	20.95	0.00	0.99	0.00	0.00
738	17.15	4088	3261	0.85	41	0	0	1	0	1	27	0	7	0	0	0.00	0.08	0.00	0.80	68.49	0.00	16.89	0.00	0.00	17.67	1.28	58.54	5.36	71	0	71	124.84	95.44	0.00	0.00	0.00	0.00	0.00	0.00	0.00	0.00	0.00	0.00	0.00	24.08	21.65	0.00	1.02	0.00	0.00
764	15.80	4084	3662	0.79	25	0	0	1	1	2	28	0	3	0	0	0.00	0.03	0.26	0.87	86.59	0.00	10.23	0.00	0.00	16.03	0.00	68.16	0.00	68	0	71	129.74	97.84	0.00	0.00	0.00	0.00	0.00	0.00	0.00	0.00	0.00	0.00	0.00	31.89	26.90	0.00	1.29	0.00	0.00
691	18.96	4055	2781	0.69	36	0	1	2	9	6	44	0	3	0	0	0.08	0.08	2.18	2.59	59.60	0.00	4.04	0.00	0.00	37.68	4.50	38.86	0.00	64	0	66	135.99	78.35	0.00	0.00	0.00	0.00	0.00	0.00	0.00	0.00	0.00	0.00	0.00	20.07	19.44	0.00	1.04	0.00	0.00
853	19.76	4046	3300	0.71	26	0	0	1	20	1	42	0	2	0	0	0.00	0.06	6.67	0.19	69.36	0.00	5.00	0.00	0.00	31.80	0.22	48.21	0.00	62	0	64	155.22	86.45	0.00	0.00	0.00	0.00	0.00	0.00	0.00	0.00	0.00	0.00	0.00	31.99	25.60	0.00	1.51	0.00	0.00
813	19.59	4023	3192	0.62	33	0	1	5	56	15	40	0	0	0	0	0.06	0.28	14.30	7.07	58.18	0.00	0.00	0.00	0.00	43.59	5.43	31.39	0.00	61	0	63	151.04	82.48	0.00	0.00	0.00	0.00	0.00	0.00	0.00	0.00	0.00	0.00	0.00	23.66	23.45	0.00	1.14	0.00	0.00
997	24.41	3944	3206	0.65	28	0	0	10	50	16	20	0	0	0	0	0.00	2.96	31.47	9.97	32.60	0.00	0.00	0.00	0.00	66.07	4.78	4.74	0.00	62	0	62	175.56	97.13	0.00	0.00	0.00	0.00	0.00	0.00	0.00	0.00	0.00	0.00	0.00	28.66	26.81	0.00	1.16	0.00	0.00
513	12.90	3975	3099	0.79	25	0	0	2	2	5	24	0	0	0	0	0.00	4.05	0.95	8.47	73.36	0.00	0.00	0.00	0.00	25.41	3.63	58.05	0.00	60	0	61	118.49	65.06	0.00	0.00	2.05	25.96	0.00	0.00	0.00	0.00	0.00	0.00	0.00	22.67	17.23	0.00	1.22	0.00	0.00
320	8.00	3993	3096	0.85	24	0	1	0	2	2	26	0	0	0	0	0.13	0.00	1.18	2.59	87.74	0.00	0.00	0.00	0.00	16.03	0.00	75.96	0.00	59	0	60	64.68	59.24	0.00	0.00	2.01	27.29	0.00	0.00	0.00	0.00	0.00	0.00	0.00	14.60	11.17	0.00	1.09	0.00	0.00
330	8.24	3988	3107	0.87	24	0	0	0	2	1	28	0	0	0	0	0.00	0.00	0.57	1.18	89.88	0.00	0.00	0.00	0.00	14.54	2.04	75.18	0.00	59	0	59	65.82	59.97	0.00	0.00	2.18	27.32	0.00	0.00	0.00	0.00	0.00	0.00	0.00	15.24	12.49	0.00	1.03	0.00	0.00
362	9.09	3992	3093	0.80	25	0	0	0	2	2	32	0	0	0	0	0.00	0.00	0.61	1.39	88.61	0.00	0.00	0.00	0.00	16.54	2.10	72.28	0.00	58	0	59	73.96	59.28	0.00	0.00	2.86	24.95	0.00	0.00	0.00	0.00	0.00	0.00	0.00	14.59	12.62	0.00	1.03	0.00	0.00
311	7.81	3991	3089	0.87	25	0	0	0	2	3	30	0	0	0	0	0.00	0.00	0.77	0.67	90.24	0.00	0.00	0.00	0.00	14.41	0.00	77.77	0.00	57	0	59	63.37	58.96	0.00	0.00	2.35	24.49	0.00	0.00	0.00	0.00	0.00	0.00	0.00	15.58	11.24	0.00	1.06	0.00	0.00
323	8.04	3989	3120	0.86	25	0	0	0	1	1	27	0	1	0	0	0.00	0.00	0.51	1.20	87.39	0.00	3.36	0.00	0.00	14.26	1.74	75.96	0.00	57	0	58	64.16	59.20	0.00	0.00	3.92	26.93	0.00	0.00	0.00	0.00	0.00	0.00	0.00	13.19	9.83	0.00	1.05	0.00	0.00
314	7.94	3992	3069	0.87	25	0	0	1	0	2	26	0	2	0	0	0.00	0.00	0.00	2.04	81.60	0.00	7.54	0.00	0.00	14.16	2.17	75.73	0.00	58	0	58	63.57	59.12	0.00	0.00	3.96	27.05	0.00	0.00	0.00	0.00	0.00	0.00	0.00	14.75	11.78	0.00	1.02	0.00	0.00
723	18.61	3989	3016	0.79	45	0	0	0	2	4	55	0	1	0	0	0.00	0.00	0.99	4.67	67.84	0.00	4.43	0.00	0.00	30.60	5.74	45.06	0.00	59	0	58	102.81	77.51	0.00	0.00	2.09	7.40	0.00	0.00	0.00	0.00	0.00	0.00	0.00	19.17	15.67	0.00	1.11	0.00	0.00
656	21.61	3994	2351	0.90	34	0	0	1	5	5	45	0	0	0	0	0.00	0.01	1.84	2.46	54.44	0.00	0.00	0.00	0.00	25.96	4.73	47.69	0.00	59	0	60	101.49	53.14	0.00	0.00	0.00	0.00	0.00	0.00	0.00	0.00	0.00	0.00	0.00	12.17	11.27	0.00	0.58	0.00	0.00
420	6.61	3991	4932	0.68	57	0	0	0	4	5	46	0	0	0	0	0.00	0.00	1.98	3.57	142.77	0.00	0.00	0.00	0.00	17.24	1.04	75.12	0.00	57	0	57	147.08	121.68	0.00	0.00	1.72	17.12	0.00	0.00	0.00	0.00	0.00	0.00	0.00	45.65	38.46	0.00	2.93	0.00	0.00
357	8.87	3988	3121	0.81	27	0	0	1	0	2	27	0	0	0	0	0.00	0.10	0.00	2.03	89.27	0.00	0.00	0.00	0.00	14.39	1.76	74.98	0.00	57	0	56	69.69	61.27	0.00	0.00	2.00	28.98	0.00	0.00	0.00	0.00	0.00	0.00	0.00	14.90	11.78	0.00	1.07	0.00	0.00
313	7.83	3991	3099	0.86	24	0	0	1	1	1	27	0	1	0	0	0.00	0.07	0.48	1.09	86.71	0.00	3.67	0.00	0.00	14.02	1.89	76.26	0.00	57	0	57	63.53	58.61	0.00	0.00	2.02	26.96	0.00	0.00	0.00	0.00	0.00	0.00	0.00	14.75	12.12	0.00	1.08	0.00	0.00
313	8.06	3943	3049	0.87	25	0	0	0	2	1	29	0	1	0	0	0.00	0.00	0.71	0.16	85.59	0.00	3.75	0.00	0.00	14.72	0.00	77.22	0.00	56	0	57	65.24	58.89	0.00	0.00	2.21	25.13	0.00	0.00	0.00	0.00	0.00	0.00	0.00	14.95	11.17	0.00	1.01	0.00	0.00
308	8.32	3700	3094	0.86	24	0	0	1	1	2	26	0	1	0	0	0.00	0.07	0.26	2.18	85.49	0.00	3.77	0.00	0.00	13.72	1.92	76.04	0.00	56	0	56	65.97	61.71	0.00	0.00	2.53	27.52	0.00	0.00	0.00	0.00	0.00	0.00	0.00	11.68	7.99	0.00	1.01	0.00	0.00
315	8.49	3701	3099	0.86	24	0	1	1	0	2	26	0	2	0	0	0.10	0.03	0.00	1.99	85.87	0.00	3.87	0.00	0.00	13.25	1.77	76.49	0.00	56	0	56	67.75	62.80	0.00	0.00	2.49	28.46	0.00	0.00	0.00	0.00	0.00	0.00	0.00	11.75	9.23	0.00	0.99	0.00	0.00
299	8.42	3627	3027	0.86	24	0	0	1	0	2	26	0	2	0	0	0.00	0.06	0.00	1.70	83.48	0.00	4.40	0.00	0.00	13.46	1.52	76.60	0.00	56	0	56	65.69	61.74	0.00	0.00	2.67	27.24	0.00	0.00	0.00	0.00	0.00	0.00	0.00	10.91	8.09	0.00	0.96	0.00	0.00
311	9.17	3400	3089	0.85	25	0	0	0	3	4	30	0	2	0	0	0.00	0.00	0.67	1.38	80.51	0.00	8.21	0.00	0.00	15.61	1.47	73.74	0.00	56	0	56	73.30	65.95	0.00	0.00	2.39	23.09	0.00	0.00	0.00	0.00	0.00	0.00	0.00	10.45	7.01	0.00	0.96	0.00	0.00
